=== Experiment: mixed_basic_d512l2r8_seed0 ===
Time: 2026-07-09T14:36:48.395876
Task type: mixed_ab

=== Merged Config ===
--------------------------------------------------
Network Config
--------------------------------------------------
D_MODEL                   512
N_HEAD                    1
N_LAYER                   2
MLP_RATIO                 8
DROPOUT                   0.0
USE_LEARNABLE_PE          False
--------------------------------------------------
Dataset Config
--------------------------------------------------
P                         53
TASK                      mixed_ab
TRAIN_LEN                 16
OOD_LEN                   32
MAX_UNIQUE_RATIO          0.5
MIXED_AB_MAX_UNIQUE_RATIOS [0.7, 0.7]
AB_PAIRS                  [[1, 1], [1, 2]]
A                         1
B                         1
NUM_MASK                  0
--------------------------------------------------
Training Config
--------------------------------------------------
OPTIMIZER                 AdamW
SCHEDULER                 CosineAnnealingLR(T_max=EPOCHS)
BATCH_SIZE                128
LR                        0.0003
WEIGHT_DECAY              1
EPOCHS                    10000
RANDOM_SEED               0
FIRST_TASK_WEIGHT         1.0
ENTROPY_PENALTY_WEIGHT    0.0
EVAL_INTERVAL             20
EARLY_STOP_ACCURACY       0.99
EARLY_STOP_NO_IMPROVE     3000
USE_GREEDY_GENERATE       True
--------------------------------------------------

--- output ---
Using device: cuda

[Dataset] Mixed mode: generated 4032 + 1586 samples, length 16
AB parameter pairs: [(1, 1), (1, 2)]
  - AB=(1,1): train 2052 | test 757 | exposed ~73.1%
  - AB=(1,2): train 1980 | test 829 | exposed ~70.5%
--------------------------------------------------
[Model config] block_size: 32, train length: 16
[Number theory] AB parameter pairs: [(1, 1), (1, 2)]


Model parameters: 10.66M

Start training...
Epoch   0 | Train: Loss=4.1720 Acc=6.4% | Test: Acc=0.4% | Best=0.4%(@0)
  from x3: 0.01 0.01 0.01 0.00 0.00 0.01 0.00 0.00 0.00 0.00 0.00 0.00 0.00
  per-rule acc: 0.00 0.00
Epoch  20 | Train: Loss=0.0246 Acc=99.7% | Test: Acc=2.3% | Best=2.3%(@20)
  from x3: 0.03 0.03 0.03 0.02 0.02 0.02 0.02 0.02 0.02 0.02 0.02 0.02 0.02
  per-rule acc: 0.03 0.01
Epoch  40 | Train: Loss=0.0049 Acc=99.9% | Test: Acc=2.5% | Best=2.5%(@40)
  from x3: 0.03 0.03 0.03 0.03 0.03 0.02 0.02 0.02 0.02 0.02 0.02 0.02 0.02
  per-rule acc: 0.03 0.02
Epoch  60 | Train: Loss=0.0332 Acc=99.5% | Test: Acc=4.5% | Best=4.5%(@60)
  from x3: 0.05 0.05 0.04 0.05 0.05 0.04 0.04 0.05 0.04 0.04 0.05 0.04 0.04
  per-rule acc: 0.08 0.02
Epoch  80 | Train: Loss=0.0040 Acc=99.9% | Test: Acc=5.0% | Best=5.0%(@80)
  from x3: 0.05 0.05 0.05 0.05 0.05 0.05 0.05 0.05 0.05 0.05 0.05 0.05 0.05
  per-rule acc: 0.06 0.04
Epoch 100 | Train: Loss=0.0270 Acc=99.6% | Test: Acc=10.7% | Best=10.7%(@100)
  from x3: 0.11 0.11 0.11 0.10 0.11 0.10 0.11 0.11 0.11 0.11 0.11 0.11 0.11
  per-rule acc: 0.17 0.05
Epoch 120 | Train: Loss=0.0037 Acc=99.9% | Test: Acc=10.9% | Best=10.9%(@120)
  from x3: 0.11 0.11 0.10 0.11 0.11 0.11 0.11 0.11 0.11 0.11 0.11 0.11 0.11
  per-rule acc: 0.15 0.07
Epoch 140 | Train: Loss=0.0451 Acc=99.3% | Test: Acc=17.6% | Best=17.6%(@140)
  from x3: 0.18 0.19 0.17 0.17 0.18 0.17 0.17 0.18 0.18 0.17 0.18 0.18 0.18
  per-rule acc: 0.29 0.07
Epoch 160 | Train: Loss=0.0034 Acc=99.9% | Test: Acc=23.2% | Best=23.2%(@160)
  from x3: 0.25 0.24 0.23 0.23 0.24 0.24 0.24 0.23 0.23 0.23 0.22 0.22 0.22
  per-rule acc: 0.34 0.14
Epoch 180 | Train: Loss=0.0135 Acc=99.7% | Test: Acc=34.2% | Best=34.2%(@180)
  from x3: 0.34 0.34 0.34 0.34 0.34 0.34 0.34 0.34 0.34 0.34 0.34 0.34 0.34
  per-rule acc: 0.54 0.16
Epoch 200 | Train: Loss=0.0031 Acc=99.9% | Test: Acc=41.9% | Best=41.9%(@200)
  from x3: 0.45 0.44 0.43 0.42 0.42 0.42 0.42 0.42 0.41 0.41 0.41 0.41 0.40
  per-rule acc: 0.57 0.28
Epoch 220 | Train: Loss=0.0034 Acc=99.9% | Test: Acc=53.5% | Best=53.5%(@220)
  from x3: 0.53 0.54 0.53 0.53 0.53 0.53 0.54 0.54 0.54 0.54 0.54 0.54 0.54
  per-rule acc: 0.71 0.37
Epoch 240 | Train: Loss=0.0032 Acc=99.9% | Test: Acc=60.0% | Best=60.0%(@240)
  from x3: 0.62 0.61 0.61 0.61 0.60 0.60 0.60 0.60 0.59 0.60 0.59 0.59 0.58
  per-rule acc: 0.74 0.47
Epoch 260 | Train: Loss=0.0034 Acc=99.9% | Test: Acc=68.6% | Best=68.6%(@260)
  from x3: 0.68 0.68 0.69 0.69 0.69 0.69 0.69 0.69 0.69 0.69 0.69 0.69 0.68
  per-rule acc: 0.82 0.56
Epoch 280 | Train: Loss=0.0033 Acc=99.9% | Test: Acc=73.1% | Best=73.1%(@280)
  from x3: 0.77 0.74 0.73 0.73 0.73 0.73 0.73 0.73 0.72 0.72 0.72 0.72 0.72
  per-rule acc: 0.82 0.65
Epoch 300 | Train: Loss=0.0029 Acc=99.9% | Test: Acc=78.7% | Best=78.7%(@300)
  from x3: 0.81 0.80 0.79 0.79 0.79 0.79 0.78 0.78 0.78 0.78 0.78 0.78 0.78
  per-rule acc: 0.86 0.72
Epoch 320 | Train: Loss=0.0026 Acc=99.9% | Test: Acc=81.3% | Best=81.3%(@320)
  from x3: 0.82 0.81 0.81 0.81 0.81 0.81 0.81 0.81 0.81 0.81 0.81 0.81 0.81
  per-rule acc: 0.90 0.73
Epoch 340 | Train: Loss=0.0034 Acc=99.9% | Test: Acc=84.8% | Best=84.8%(@340)
  from x3: 0.86 0.85 0.85 0.85 0.84 0.85 0.85 0.84 0.84 0.84 0.84 0.84 0.84
  per-rule acc: 0.91 0.79
Epoch 360 | Train: Loss=0.0027 Acc=99.9% | Test: Acc=87.4% | Best=87.4%(@360)
  from x3: 0.88 0.87 0.87 0.87 0.88 0.87 0.87 0.87 0.87 0.87 0.87 0.87 0.87
  per-rule acc: 0.93 0.82
Epoch 380 | Train: Loss=0.0047 Acc=99.9% | Test: Acc=87.6% | Best=87.6%(@380)
  from x3: 0.88 0.88 0.88 0.88 0.88 0.88 0.88 0.88 0.88 0.88 0.88 0.88 0.88
  per-rule acc: 0.92 0.83
Epoch 400 | Train: Loss=0.0035 Acc=99.9% | Test: Acc=92.0% | Best=92.0%(@400)
  from x3: 0.92 0.92 0.92 0.92 0.92 0.92 0.92 0.92 0.92 0.92 0.92 0.92 0.92
  per-rule acc: 0.95 0.89
Epoch 420 | Train: Loss=0.0028 Acc=99.9% | Test: Acc=92.8% | Best=92.8%(@420)
  from x3: 0.94 0.93 0.93 0.93 0.93 0.93 0.93 0.93 0.93 0.93 0.93 0.93 0.93
  per-rule acc: 0.96 0.90
Epoch 440 | Train: Loss=0.0098 Acc=99.9% | Test: Acc=88.9% | Best=92.8%(@420)
  from x3: 0.89 0.89 0.89 0.89 0.89 0.89 0.89 0.89 0.89 0.89 0.89 0.89 0.89
  per-rule acc: 0.93 0.85
Epoch 460 | Train: Loss=0.0031 Acc=99.9% | Test: Acc=94.8% | Best=94.8%(@460)
  from x3: 0.95 0.95 0.95 0.95 0.95 0.95 0.95 0.95 0.95 0.95 0.95 0.95 0.95
  per-rule acc: 0.98 0.92
Epoch 480 | Train: Loss=0.0025 Acc=99.9% | Test: Acc=95.7% | Best=95.7%(@480)
  from x3: 0.96 0.96 0.96 0.96 0.96 0.96 0.96 0.96 0.96 0.96 0.96 0.96 0.96
  per-rule acc: 0.98 0.94
Epoch 500 | Train: Loss=0.0035 Acc=99.9% | Test: Acc=95.9% | Best=95.9%(@500)
  from x3: 0.96 0.96 0.96 0.96 0.96 0.96 0.96 0.96 0.96 0.96 0.96 0.96 0.96
  per-rule acc: 0.98 0.94
Epoch 520 | Train: Loss=0.0028 Acc=99.9% | Test: Acc=96.6% | Best=96.6%(@520)
  from x3: 0.97 0.96 0.96 0.96 0.96 0.96 0.97 0.97 0.97 0.97 0.97 0.97 0.97
  per-rule acc: 0.98 0.95
Epoch 540 | Train: Loss=0.0024 Acc=99.9% | Test: Acc=96.5% | Best=96.6%(@520)
  from x3: 0.97 0.96 0.96 0.96 0.96 0.96 0.96 0.96 0.96 0.96 0.97 0.97 0.97
  per-rule acc: 0.98 0.95
Epoch 560 | Train: Loss=0.0034 Acc=99.9% | Test: Acc=96.8% | Best=96.8%(@560)
  from x3: 0.97 0.97 0.97 0.97 0.97 0.97 0.97 0.97 0.97 0.97 0.97 0.97 0.97
  per-rule acc: 0.98 0.96
Epoch 580 | Train: Loss=0.0027 Acc=99.9% | Test: Acc=96.8% | Best=96.8%(@560)
  from x3: 0.97 0.97 0.97 0.97 0.97 0.97 0.97 0.97 0.97 0.97 0.97 0.97 0.97
  per-rule acc: 0.98 0.95
Epoch 600 | Train: Loss=0.0507 Acc=99.6% | Test: Acc=92.0% | Best=96.8%(@560)
  from x3: 0.91 0.92 0.92 0.92 0.92 0.92 0.92 0.92 0.92 0.92 0.92 0.92 0.92
  per-rule acc: 0.95 0.89
Epoch 620 | Train: Loss=0.0030 Acc=99.9% | Test: Acc=97.3% | Best=97.3%(@620)
  from x3: 0.97 0.97 0.97 0.97 0.97 0.97 0.97 0.97 0.97 0.97 0.97 0.97 0.97
  per-rule acc: 0.98 0.97
Epoch 640 | Train: Loss=0.0025 Acc=99.9% | Test: Acc=96.7% | Best=97.3%(@620)
  from x3: 0.97 0.97 0.97 0.97 0.97 0.97 0.97 0.97 0.97 0.97 0.97 0.97 0.97
  per-rule acc: 0.98 0.96
Epoch 660 | Train: Loss=0.0034 Acc=99.9% | Test: Acc=97.1% | Best=97.3%(@620)
  from x3: 0.97 0.97 0.97 0.97 0.97 0.97 0.97 0.97 0.97 0.97 0.97 0.97 0.97
  per-rule acc: 0.98 0.96
Epoch 680 | Train: Loss=0.0024 Acc=99.9% | Test: Acc=97.2% | Best=97.3%(@620)
  from x3: 0.97 0.97 0.97 0.97 0.97 0.97 0.97 0.97 0.97 0.97 0.97 0.97 0.97
  per-rule acc: 0.98 0.96
Epoch 700 | Train: Loss=0.0218 Acc=99.5% | Test: Acc=86.0% | Best=97.3%(@620)
  from x3: 0.83 0.86 0.86 0.86 0.86 0.86 0.86 0.86 0.86 0.86 0.86 0.86 0.86
  per-rule acc: 0.92 0.80
Epoch 720 | Train: Loss=0.0028 Acc=99.9% | Test: Acc=97.3% | Best=97.3%(@620)
  from x3: 0.97 0.97 0.97 0.97 0.97 0.97 0.97 0.97 0.97 0.97 0.97 0.97 0.97
  per-rule acc: 0.98 0.97
Epoch 740 | Train: Loss=0.0370 Acc=99.6% | Test: Acc=90.1% | Best=97.3%(@620)
  from x3: 0.88 0.90 0.90 0.90 0.90 0.90 0.90 0.90 0.90 0.90 0.90 0.90 0.90
  per-rule acc: 0.93 0.87
Epoch 760 | Train: Loss=0.0029 Acc=99.9% | Test: Acc=97.5% | Best=97.5%(@760)
  from x3: 0.97 0.97 0.98 0.98 0.98 0.98 0.98 0.98 0.98 0.98 0.98 0.98 0.98
  per-rule acc: 0.98 0.97
Epoch 780 | Train: Loss=0.0449 Acc=99.5% | Test: Acc=92.2% | Best=97.5%(@760)
  from x3: 0.91 0.92 0.92 0.92 0.92 0.92 0.92 0.92 0.92 0.92 0.92 0.92 0.92
  per-rule acc: 0.95 0.90
Epoch 800 | Train: Loss=0.0027 Acc=99.9% | Test: Acc=97.4% | Best=97.5%(@760)
  from x3: 0.97 0.97 0.97 0.97 0.97 0.97 0.97 0.97 0.97 0.97 0.97 0.97 0.97
  per-rule acc: 0.98 0.97
Epoch 820 | Train: Loss=0.0410 Acc=99.7% | Test: Acc=93.2% | Best=97.5%(@760)
  from x3: 0.92 0.93 0.93 0.93 0.93 0.93 0.93 0.93 0.93 0.93 0.93 0.93 0.93
  per-rule acc: 0.97 0.90
Epoch 840 | Train: Loss=0.0028 Acc=99.9% | Test: Acc=97.5% | Best=97.5%(@760)
  from x3: 0.98 0.97 0.97 0.97 0.97 0.97 0.97 0.98 0.97 0.97 0.97 0.97 0.97
  per-rule acc: 0.98 0.97
Epoch 860 | Train: Loss=0.0492 Acc=99.6% | Test: Acc=92.3% | Best=97.5%(@760)
  from x3: 0.91 0.92 0.92 0.92 0.92 0.92 0.92 0.92 0.92 0.92 0.92 0.92 0.92
  per-rule acc: 0.95 0.90
Epoch 880 | Train: Loss=0.0028 Acc=99.9% | Test: Acc=97.3% | Best=97.5%(@760)
  from x3: 0.98 0.97 0.97 0.97 0.97 0.97 0.97 0.97 0.97 0.97 0.97 0.97 0.97
  per-rule acc: 0.98 0.97
Epoch 900 | Train: Loss=0.0303 Acc=99.7% | Test: Acc=92.6% | Best=97.5%(@760)
  from x3: 0.90 0.93 0.93 0.93 0.93 0.93 0.93 0.93 0.93 0.93 0.93 0.93 0.93
  per-rule acc: 0.96 0.90
Epoch 920 | Train: Loss=0.0029 Acc=99.9% | Test: Acc=97.3% | Best=97.5%(@760)
  from x3: 0.97 0.97 0.97 0.97 0.97 0.97 0.97 0.97 0.97 0.97 0.97 0.97 0.97
  per-rule acc: 0.98 0.97
Epoch 940 | Train: Loss=0.0068 Acc=99.9% | Test: Acc=96.9% | Best=97.5%(@760)
  from x3: 0.96 0.97 0.97 0.97 0.97 0.97 0.97 0.97 0.97 0.97 0.97 0.97 0.97
  per-rule acc: 0.98 0.96
Epoch 960 | Train: Loss=0.0031 Acc=99.9% | Test: Acc=97.3% | Best=97.5%(@760)
  from x3: 0.97 0.97 0.97 0.97 0.97 0.97 0.97 0.97 0.97 0.97 0.97 0.97 0.97
  per-rule acc: 0.98 0.97
Epoch 980 | Train: Loss=0.0553 Acc=99.5% | Test: Acc=92.2% | Best=97.5%(@760)
  from x3: 0.91 0.92 0.92 0.92 0.92 0.92 0.92 0.92 0.92 0.92 0.92 0.92 0.92
  per-rule acc: 0.94 0.90
Epoch 1000 | Train: Loss=0.0027 Acc=99.9% | Test: Acc=97.5% | Best=97.5%(@760)
  from x3: 0.97 0.98 0.98 0.98 0.98 0.98 0.97 0.97 0.97 0.97 0.97 0.97 0.97
  per-rule acc: 0.98 0.97
Epoch 1020 | Train: Loss=0.0687 Acc=99.6% | Test: Acc=91.2% | Best=97.5%(@760)
  from x3: 0.89 0.91 0.91 0.91 0.91 0.91 0.91 0.91 0.91 0.91 0.91 0.91 0.91
  per-rule acc: 0.95 0.88
Epoch 1040 | Train: Loss=0.0026 Acc=99.9% | Test: Acc=97.7% | Best=97.7%(@1040)
  from x3: 0.98 0.98 0.98 0.98 0.98 0.98 0.98 0.98 0.98 0.98 0.98 0.98 0.98
  per-rule acc: 0.98 0.97
Epoch 1060 | Train: Loss=0.0033 Acc=99.9% | Test: Acc=97.3% | Best=97.7%(@1040)
  from x3: 0.97 0.97 0.97 0.97 0.97 0.97 0.97 0.97 0.97 0.97 0.97 0.97 0.97
  per-rule acc: 0.98 0.97
Epoch 1080 | Train: Loss=0.0020 Acc=99.9% | Test: Acc=97.2% | Best=97.7%(@1040)
  from x3: 0.98 0.97 0.97 0.97 0.97 0.97 0.97 0.97 0.97 0.97 0.97 0.97 0.97
  per-rule acc: 0.98 0.96
Epoch 1100 | Train: Loss=0.0031 Acc=99.9% | Test: Acc=97.3% | Best=97.7%(@1040)
  from x3: 0.97 0.97 0.97 0.97 0.97 0.97 0.97 0.97 0.97 0.97 0.97 0.97 0.97
  per-rule acc: 0.98 0.97
Epoch 1120 | Train: Loss=0.0032 Acc=99.9% | Test: Acc=97.0% | Best=97.7%(@1040)
  from x3: 0.97 0.97 0.97 0.97 0.97 0.97 0.97 0.97 0.97 0.97 0.97 0.97 0.97
  per-rule acc: 0.98 0.97
Epoch 1140 | Train: Loss=0.0022 Acc=99.9% | Test: Acc=97.6% | Best=97.7%(@1040)
  from x3: 0.98 0.98 0.98 0.98 0.98 0.98 0.98 0.98 0.98 0.98 0.97 0.97 0.97
  per-rule acc: 0.98 0.97
Epoch 1160 | Train: Loss=0.0031 Acc=99.9% | Test: Acc=97.5% | Best=97.7%(@1040)
  from x3: 0.97 0.97 0.98 0.98 0.98 0.98 0.98 0.98 0.98 0.98 0.98 0.98 0.98
  per-rule acc: 0.98 0.97
Epoch 1180 | Train: Loss=0.0031 Acc=99.9% | Test: Acc=97.1% | Best=97.7%(@1040)
  from x3: 0.97 0.97 0.97 0.97 0.97 0.97 0.97 0.97 0.97 0.97 0.97 0.97 0.97
  per-rule acc: 0.98 0.97
Epoch 1200 | Train: Loss=0.0021 Acc=99.9% | Test: Acc=97.5% | Best=97.7%(@1040)
  from x3: 0.97 0.97 0.97 0.97 0.97 0.97 0.97 0.97 0.98 0.98 0.98 0.98 0.98
  per-rule acc: 0.98 0.97
Epoch 1220 | Train: Loss=0.0031 Acc=99.9% | Test: Acc=97.3% | Best=97.7%(@1040)
  from x3: 0.97 0.97 0.97 0.97 0.97 0.97 0.97 0.97 0.97 0.97 0.97 0.97 0.97
  per-rule acc: 0.98 0.97
Epoch 1240 | Train: Loss=0.0030 Acc=99.9% | Test: Acc=97.3% | Best=97.7%(@1040)
  from x3: 0.97 0.97 0.97 0.97 0.97 0.97 0.97 0.97 0.97 0.97 0.97 0.97 0.97
  per-rule acc: 0.98 0.97
Epoch 1260 | Train: Loss=0.0021 Acc=99.9% | Test: Acc=97.3% | Best=97.7%(@1040)
  from x3: 0.98 0.97 0.97 0.97 0.97 0.97 0.97 0.97 0.97 0.97 0.97 0.97 0.97
  per-rule acc: 0.98 0.96
Epoch 1280 | Train: Loss=0.0030 Acc=99.9% | Test: Acc=97.2% | Best=97.7%(@1040)
  from x3: 0.97 0.97 0.97 0.97 0.97 0.97 0.97 0.97 0.97 0.97 0.97 0.97 0.97
  per-rule acc: 0.98 0.97
Epoch 1300 | Train: Loss=0.0030 Acc=99.9% | Test: Acc=97.2% | Best=97.7%(@1040)
  from x3: 0.97 0.97 0.97 0.97 0.97 0.97 0.97 0.97 0.97 0.97 0.97 0.97 0.97
  per-rule acc: 0.98 0.97
Epoch 1320 | Train: Loss=0.0021 Acc=99.9% | Test: Acc=97.8% | Best=97.8%(@1320)
  from x3: 0.98 0.98 0.98 0.98 0.98 0.98 0.98 0.98 0.98 0.98 0.98 0.98 0.98
  per-rule acc: 0.99 0.97
Epoch 1340 | Train: Loss=0.0030 Acc=99.9% | Test: Acc=97.4% | Best=97.8%(@1320)
  from x3: 0.97 0.97 0.97 0.97 0.97 0.97 0.97 0.97 0.97 0.97 0.97 0.97 0.97
  per-rule acc: 0.98 0.97
Epoch 1360 | Train: Loss=0.0029 Acc=99.9% | Test: Acc=97.1% | Best=97.8%(@1320)
  from x3: 0.97 0.97 0.97 0.97 0.97 0.97 0.97 0.97 0.97 0.97 0.97 0.97 0.97
  per-rule acc: 0.98 0.97
Epoch 1380 | Train: Loss=0.0018 Acc=99.9% | Test: Acc=97.8% | Best=97.8%(@1380)
  from x3: 0.98 0.98 0.98 0.98 0.98 0.98 0.98 0.98 0.98 0.98 0.98 0.98 0.98
  per-rule acc: 0.99 0.97
Epoch 1400 | Train: Loss=0.0028 Acc=99.9% | Test: Acc=97.6% | Best=97.8%(@1380)
  from x3: 0.98 0.97 0.98 0.98 0.98 0.98 0.98 0.98 0.98 0.98 0.98 0.98 0.98
  per-rule acc: 0.98 0.97
Epoch 1420 | Train: Loss=0.0030 Acc=99.9% | Test: Acc=97.0% | Best=97.8%(@1380)
  from x3: 0.97 0.97 0.97 0.97 0.97 0.97 0.97 0.97 0.97 0.97 0.97 0.97 0.97
  per-rule acc: 0.98 0.96
Epoch 1440 | Train: Loss=0.0023 Acc=99.9% | Test: Acc=97.7% | Best=97.8%(@1380)
  from x3: 0.98 0.98 0.98 0.98 0.98 0.98 0.98 0.98 0.98 0.98 0.98 0.98 0.98
  per-rule acc: 0.99 0.97
Epoch 1460 | Train: Loss=0.0026 Acc=99.9% | Test: Acc=97.5% | Best=97.8%(@1380)
  from x3: 0.98 0.98 0.98 0.98 0.98 0.98 0.98 0.97 0.97 0.97 0.97 0.97 0.97
  per-rule acc: 0.98 0.97
Epoch 1480 | Train: Loss=0.0029 Acc=99.9% | Test: Acc=97.2% | Best=97.8%(@1380)
  from x3: 0.97 0.97 0.97 0.97 0.97 0.97 0.97 0.97 0.97 0.97 0.97 0.97 0.97
  per-rule acc: 0.98 0.97
Epoch 1500 | Train: Loss=0.0044 Acc=99.9% | Test: Acc=97.2% | Best=97.8%(@1380)
  from x3: 0.97 0.97 0.97 0.97 0.97 0.97 0.97 0.97 0.97 0.97 0.97 0.97 0.97
  per-rule acc: 0.98 0.96
Epoch 1520 | Train: Loss=0.0025 Acc=99.9% | Test: Acc=97.4% | Best=97.8%(@1380)
  from x3: 0.98 0.97 0.97 0.97 0.97 0.97 0.97 0.97 0.97 0.97 0.97 0.97 0.97
  per-rule acc: 0.98 0.97
Epoch 1540 | Train: Loss=0.0030 Acc=99.9% | Test: Acc=97.2% | Best=97.8%(@1380)
  from x3: 0.97 0.97 0.97 0.97 0.97 0.97 0.97 0.97 0.97 0.97 0.97 0.97 0.97
  per-rule acc: 0.98 0.97
Epoch 1560 | Train: Loss=0.0196 Acc=99.8% | Test: Acc=94.4% | Best=97.8%(@1380)
  from x3: 0.93 0.95 0.95 0.95 0.95 0.95 0.95 0.95 0.94 0.94 0.94 0.94 0.94
  per-rule acc: 0.97 0.92
Epoch 1580 | Train: Loss=0.0024 Acc=99.9% | Test: Acc=97.3% | Best=97.8%(@1380)
  from x3: 0.97 0.97 0.97 0.97 0.97 0.97 0.97 0.97 0.97 0.97 0.97 0.97 0.97
  per-rule acc: 0.98 0.96
Epoch 1600 | Train: Loss=0.0029 Acc=99.9% | Test: Acc=97.3% | Best=97.8%(@1380)
  from x3: 0.97 0.97 0.97 0.97 0.97 0.97 0.97 0.97 0.97 0.97 0.97 0.97 0.97
  per-rule acc: 0.98 0.97
Epoch 1620 | Train: Loss=0.0349 Acc=99.6% | Test: Acc=92.3% | Best=97.8%(@1380)
  from x3: 0.91 0.92 0.92 0.92 0.92 0.92 0.92 0.92 0.92 0.92 0.92 0.92 0.92
  per-rule acc: 0.94 0.90
Epoch 1640 | Train: Loss=0.0023 Acc=99.9% | Test: Acc=97.6% | Best=97.8%(@1380)
  from x3: 0.98 0.98 0.98 0.98 0.98 0.98 0.98 0.98 0.98 0.98 0.98 0.98 0.98
  per-rule acc: 0.98 0.97
Epoch 1660 | Train: Loss=0.0030 Acc=99.9% | Test: Acc=97.4% | Best=97.8%(@1380)
  from x3: 0.97 0.97 0.97 0.97 0.97 0.97 0.97 0.97 0.97 0.97 0.97 0.97 0.97
  per-rule acc: 0.98 0.97
Epoch 1680 | Train: Loss=0.0030 Acc=99.9% | Test: Acc=97.1% | Best=97.8%(@1380)
  from x3: 0.97 0.97 0.97 0.97 0.97 0.97 0.97 0.97 0.97 0.97 0.97 0.97 0.97
  per-rule acc: 0.98 0.97
Epoch 1700 | Train: Loss=0.0021 Acc=99.9% | Test: Acc=97.7% | Best=97.8%(@1380)
  from x3: 0.98 0.98 0.98 0.98 0.98 0.98 0.98 0.98 0.98 0.98 0.98 0.98 0.98
  per-rule acc: 0.98 0.97
Epoch 1720 | Train: Loss=0.0029 Acc=99.9% | Test: Acc=97.4% | Best=97.8%(@1380)
  from x3: 0.97 0.97 0.97 0.97 0.97 0.97 0.97 0.97 0.97 0.97 0.97 0.97 0.97
  per-rule acc: 0.98 0.97
Epoch 1740 | Train: Loss=0.1788 Acc=99.2% | Test: Acc=87.2% | Best=97.8%(@1380)
  from x3: 0.85 0.87 0.88 0.87 0.88 0.87 0.87 0.87 0.87 0.87 0.87 0.87 0.87
  per-rule acc: 0.95 0.80
Epoch 1760 | Train: Loss=0.0021 Acc=99.9% | Test: Acc=97.6% | Best=97.8%(@1380)
  from x3: 0.98 0.98 0.98 0.98 0.98 0.98 0.98 0.97 0.98 0.98 0.98 0.98 0.98
  per-rule acc: 0.98 0.97
Epoch 1780 | Train: Loss=0.0029 Acc=99.9% | Test: Acc=97.6% | Best=97.8%(@1380)
  from x3: 0.97 0.98 0.98 0.98 0.98 0.98 0.98 0.98 0.98 0.98 0.98 0.98 0.98
  per-rule acc: 0.98 0.97
Epoch 1800 | Train: Loss=0.0029 Acc=99.9% | Test: Acc=97.2% | Best=97.8%(@1380)
  from x3: 0.97 0.97 0.97 0.97 0.97 0.97 0.97 0.97 0.97 0.97 0.97 0.97 0.97
  per-rule acc: 0.98 0.97
Epoch 1820 | Train: Loss=0.0021 Acc=99.9% | Test: Acc=97.7% | Best=97.8%(@1380)
  from x3: 0.98 0.98 0.98 0.98 0.98 0.98 0.98 0.98 0.98 0.98 0.98 0.98 0.98
  per-rule acc: 0.98 0.97
Epoch 1840 | Train: Loss=0.0029 Acc=99.9% | Test: Acc=97.5% | Best=97.8%(@1380)
  from x3: 0.97 0.98 0.97 0.97 0.97 0.97 0.97 0.97 0.97 0.97 0.97 0.97 0.97
  per-rule acc: 0.98 0.97
Epoch 1860 | Train: Loss=0.0028 Acc=99.9% | Test: Acc=97.1% | Best=97.8%(@1380)
  from x3: 0.97 0.97 0.97 0.97 0.97 0.97 0.97 0.97 0.97 0.97 0.97 0.97 0.97
  per-rule acc: 0.98 0.97
Epoch 1880 | Train: Loss=0.0020 Acc=99.9% | Test: Acc=97.4% | Best=97.8%(@1380)
  from x3: 0.98 0.97 0.97 0.97 0.97 0.97 0.97 0.97 0.97 0.97 0.97 0.97 0.97
  per-rule acc: 0.98 0.97
Epoch 1900 | Train: Loss=0.0029 Acc=99.9% | Test: Acc=97.5% | Best=97.8%(@1380)
  from x3: 0.97 0.98 0.97 0.97 0.97 0.97 0.97 0.97 0.97 0.97 0.97 0.97 0.97
  per-rule acc: 0.98 0.97
Epoch 1920 | Train: Loss=0.0028 Acc=99.9% | Test: Acc=97.0% | Best=97.8%(@1380)
  from x3: 0.97 0.97 0.97 0.97 0.97 0.97 0.97 0.97 0.97 0.97 0.97 0.97 0.97
  per-rule acc: 0.98 0.96
Epoch 1940 | Train: Loss=0.0027 Acc=99.9% | Test: Acc=97.8% | Best=97.8%(@1380)
  from x3: 0.98 0.98 0.98 0.98 0.98 0.98 0.98 0.98 0.98 0.98 0.98 0.98 0.98
  per-rule acc: 0.99 0.97
Epoch 1960 | Train: Loss=0.0027 Acc=99.9% | Test: Acc=97.5% | Best=97.8%(@1380)
  from x3: 0.98 0.97 0.97 0.98 0.98 0.98 0.97 0.97 0.98 0.97 0.97 0.97 0.97
  per-rule acc: 0.98 0.97
Epoch 1980 | Train: Loss=0.0030 Acc=99.9% | Test: Acc=97.2% | Best=97.8%(@1380)
  from x3: 0.97 0.97 0.97 0.97 0.97 0.97 0.97 0.97 0.97 0.97 0.97 0.97 0.97
  per-rule acc: 0.98 0.97
Epoch 2000 | Train: Loss=0.0022 Acc=99.9% | Test: Acc=97.4% | Best=97.8%(@1380)
  from x3: 0.97 0.97 0.97 0.97 0.97 0.97 0.97 0.97 0.97 0.97 0.97 0.97 0.97
  per-rule acc: 0.98 0.97
Epoch 2020 | Train: Loss=0.0027 Acc=99.9% | Test: Acc=97.4% | Best=97.8%(@1380)
  from x3: 0.97 0.97 0.97 0.97 0.97 0.97 0.97 0.97 0.97 0.97 0.97 0.97 0.97
  per-rule acc: 0.98 0.97
Epoch 2040 | Train: Loss=0.0029 Acc=99.9% | Test: Acc=97.2% | Best=97.8%(@1380)
  from x3: 0.97 0.97 0.97 0.97 0.97 0.97 0.97 0.97 0.97 0.97 0.97 0.97 0.97
  per-rule acc: 0.98 0.97
Epoch 2060 | Train: Loss=0.0020 Acc=99.9% | Test: Acc=97.9% | Best=97.9%(@2060)
  from x3: 0.98 0.98 0.98 0.98 0.98 0.98 0.98 0.98 0.98 0.98 0.98 0.98 0.98
  per-rule acc: 0.99 0.97
Epoch 2080 | Train: Loss=0.0027 Acc=99.9% | Test: Acc=97.7% | Best=97.9%(@2060)
  from x3: 0.97 0.98 0.98 0.98 0.98 0.98 0.98 0.98 0.98 0.98 0.98 0.98 0.98
  per-rule acc: 0.98 0.97
Epoch 2100 | Train: Loss=0.0030 Acc=99.9% | Test: Acc=97.3% | Best=97.9%(@2060)
  from x3: 0.97 0.97 0.97 0.97 0.97 0.97 0.97 0.97 0.97 0.97 0.97 0.97 0.97
  per-rule acc: 0.98 0.97
Epoch 2120 | Train: Loss=0.0268 Acc=99.7% | Test: Acc=95.2% | Best=97.9%(@2060)
  from x3: 0.95 0.95 0.95 0.95 0.95 0.95 0.95 0.95 0.95 0.95 0.95 0.95 0.95
  per-rule acc: 0.96 0.94
Epoch 2140 | Train: Loss=0.0024 Acc=99.9% | Test: Acc=97.7% | Best=97.9%(@2060)
  from x3: 0.98 0.98 0.98 0.98 0.98 0.98 0.98 0.98 0.98 0.98 0.98 0.98 0.98
  per-rule acc: 0.98 0.97
Epoch 2160 | Train: Loss=0.0030 Acc=99.9% | Test: Acc=97.4% | Best=97.9%(@2060)
  from x3: 0.97 0.97 0.97 0.97 0.97 0.97 0.97 0.97 0.97 0.97 0.97 0.97 0.97
  per-rule acc: 0.98 0.97
Epoch 2180 | Train: Loss=0.0619 Acc=99.3% | Test: Acc=93.2% | Best=97.9%(@2060)
  from x3: 0.91 0.93 0.93 0.93 0.93 0.93 0.93 0.93 0.93 0.93 0.93 0.93 0.93
  per-rule acc: 0.95 0.92
Epoch 2200 | Train: Loss=0.0022 Acc=99.9% | Test: Acc=97.7% | Best=97.9%(@2060)
  from x3: 0.98 0.98 0.98 0.98 0.98 0.98 0.98 0.98 0.98 0.98 0.98 0.98 0.98
  per-rule acc: 0.98 0.97
Epoch 2220 | Train: Loss=0.0029 Acc=99.9% | Test: Acc=97.4% | Best=97.9%(@2060)
  from x3: 0.97 0.97 0.97 0.97 0.97 0.97 0.97 0.97 0.97 0.97 0.97 0.97 0.97
  per-rule acc: 0.98 0.97
Epoch 2240 | Train: Loss=0.1606 Acc=98.5% | Test: Acc=86.4% | Best=97.9%(@2060)
  from x3: 0.84 0.87 0.87 0.87 0.87 0.87 0.87 0.87 0.87 0.87 0.87 0.87 0.87
  per-rule acc: 0.94 0.79
Epoch 2260 | Train: Loss=0.0020 Acc=99.9% | Test: Acc=97.7% | Best=97.9%(@2060)
  from x3: 0.98 0.98 0.98 0.98 0.98 0.98 0.98 0.98 0.98 0.98 0.98 0.98 0.98
  per-rule acc: 0.98 0.97
Epoch 2280 | Train: Loss=0.0029 Acc=99.9% | Test: Acc=97.6% | Best=97.9%(@2060)
  from x3: 0.97 0.98 0.98 0.98 0.98 0.98 0.98 0.98 0.98 0.98 0.98 0.98 0.98
  per-rule acc: 0.98 0.97
Epoch 2300 | Train: Loss=0.0029 Acc=99.9% | Test: Acc=97.1% | Best=97.9%(@2060)
  from x3: 0.97 0.97 0.97 0.97 0.97 0.97 0.97 0.97 0.97 0.97 0.97 0.97 0.97
  per-rule acc: 0.98 0.97
Epoch 2320 | Train: Loss=0.0019 Acc=99.9% | Test: Acc=97.7% | Best=97.9%(@2060)
  from x3: 0.98 0.98 0.98 0.98 0.98 0.98 0.98 0.98 0.98 0.98 0.98 0.98 0.98
  per-rule acc: 0.98 0.97
Epoch 2340 | Train: Loss=0.0027 Acc=99.9% | Test: Acc=97.5% | Best=97.9%(@2060)
  from x3: 0.97 0.97 0.98 0.98 0.98 0.98 0.98 0.98 0.98 0.98 0.98 0.98 0.98
  per-rule acc: 0.98 0.97
Epoch 2360 | Train: Loss=0.0029 Acc=99.9% | Test: Acc=97.1% | Best=97.9%(@2060)
  from x3: 0.97 0.97 0.97 0.97 0.97 0.97 0.97 0.97 0.97 0.97 0.97 0.97 0.97
  per-rule acc: 0.98 0.97
Epoch 2380 | Train: Loss=0.0020 Acc=99.9% | Test: Acc=97.7% | Best=97.9%(@2060)
  from x3: 0.98 0.98 0.98 0.98 0.98 0.98 0.98 0.98 0.98 0.98 0.98 0.98 0.98
  per-rule acc: 0.98 0.97
Epoch 2400 | Train: Loss=0.0027 Acc=99.9% | Test: Acc=97.6% | Best=97.9%(@2060)
  from x3: 0.98 0.98 0.98 0.98 0.98 0.98 0.98 0.98 0.98 0.98 0.98 0.98 0.98
  per-rule acc: 0.98 0.97
Epoch 2420 | Train: Loss=0.0030 Acc=99.9% | Test: Acc=97.3% | Best=97.9%(@2060)
  from x3: 0.97 0.97 0.97 0.97 0.97 0.97 0.97 0.97 0.97 0.97 0.97 0.97 0.97
  per-rule acc: 0.98 0.97
Epoch 2440 | Train: Loss=0.0111 Acc=99.8% | Test: Acc=94.0% | Best=97.9%(@2060)
  from x3: 0.92 0.94 0.94 0.94 0.94 0.94 0.94 0.94 0.94 0.94 0.94 0.94 0.94
  per-rule acc: 0.97 0.91
Epoch 2460 | Train: Loss=0.0024 Acc=99.9% | Test: Acc=97.6% | Best=97.9%(@2060)
  from x3: 0.98 0.98 0.98 0.98 0.98 0.98 0.98 0.98 0.98 0.98 0.98 0.98 0.98
  per-rule acc: 0.98 0.97
Epoch 2480 | Train: Loss=0.0030 Acc=99.9% | Test: Acc=97.4% | Best=97.9%(@2060)
  from x3: 0.97 0.97 0.97 0.97 0.97 0.97 0.97 0.97 0.97 0.97 0.97 0.97 0.97
  per-rule acc: 0.98 0.97
Epoch 2500 | Train: Loss=0.0302 Acc=99.6% | Test: Acc=92.8% | Best=97.9%(@2060)
  from x3: 0.91 0.93 0.93 0.93 0.93 0.93 0.93 0.93 0.93 0.93 0.93 0.93 0.93
  per-rule acc: 0.95 0.91
Epoch 2520 | Train: Loss=0.0023 Acc=99.9% | Test: Acc=97.4% | Best=97.9%(@2060)
  from x3: 0.98 0.97 0.97 0.97 0.97 0.97 0.97 0.97 0.97 0.97 0.97 0.97 0.97
  per-rule acc: 0.98 0.97
Epoch 2540 | Train: Loss=0.0030 Acc=99.9% | Test: Acc=97.4% | Best=97.9%(@2060)
  from x3: 0.97 0.97 0.97 0.97 0.97 0.97 0.97 0.97 0.97 0.97 0.97 0.97 0.97
  per-rule acc: 0.98 0.97
Epoch 2560 | Train: Loss=0.0029 Acc=99.9% | Test: Acc=97.1% | Best=97.9%(@2060)
  from x3: 0.97 0.97 0.97 0.97 0.97 0.97 0.97 0.97 0.97 0.97 0.97 0.97 0.97
  per-rule acc: 0.98 0.97
Epoch 2580 | Train: Loss=0.0020 Acc=99.9% | Test: Acc=97.7% | Best=97.9%(@2060)
  from x3: 0.98 0.98 0.98 0.98 0.98 0.98 0.98 0.98 0.98 0.98 0.98 0.98 0.98
  per-rule acc: 0.98 0.97
Epoch 2600 | Train: Loss=0.0028 Acc=99.9% | Test: Acc=97.5% | Best=97.9%(@2060)
  from x3: 0.97 0.98 0.98 0.98 0.98 0.98 0.98 0.98 0.98 0.98 0.98 0.98 0.98
  per-rule acc: 0.98 0.97
Epoch 2620 | Train: Loss=0.0028 Acc=99.9% | Test: Acc=97.2% | Best=97.9%(@2060)
  from x3: 0.97 0.97 0.97 0.97 0.97 0.97 0.97 0.97 0.97 0.97 0.97 0.97 0.97
  per-rule acc: 0.98 0.97
Epoch 2640 | Train: Loss=0.0018 Acc=99.9% | Test: Acc=97.6% | Best=97.9%(@2060)
  from x3: 0.98 0.98 0.98 0.98 0.98 0.98 0.98 0.98 0.98 0.98 0.98 0.98 0.98
  per-rule acc: 0.98 0.97
Epoch 2660 | Train: Loss=0.0027 Acc=99.9% | Test: Acc=97.5% | Best=97.9%(@2060)
  from x3: 0.97 0.97 0.98 0.98 0.98 0.98 0.98 0.98 0.98 0.98 0.98 0.98 0.98
  per-rule acc: 0.98 0.97
Epoch 2680 | Train: Loss=0.0028 Acc=99.9% | Test: Acc=97.3% | Best=97.9%(@2060)
  from x3: 0.97 0.97 0.97 0.97 0.97 0.97 0.97 0.97 0.97 0.97 0.97 0.97 0.97
  per-rule acc: 0.98 0.97
Epoch 2700 | Train: Loss=0.0019 Acc=99.9% | Test: Acc=98.0% | Best=98.0%(@2700)
  from x3: 0.98 0.98 0.98 0.98 0.98 0.98 0.98 0.98 0.98 0.98 0.98 0.98 0.98
  per-rule acc: 0.99 0.98
Epoch 2720 | Train: Loss=0.0025 Acc=99.9% | Test: Acc=97.7% | Best=98.0%(@2700)
  from x3: 0.98 0.98 0.98 0.98 0.98 0.98 0.98 0.98 0.98 0.98 0.98 0.98 0.98
  per-rule acc: 0.98 0.97
Epoch 2740 | Train: Loss=0.0028 Acc=99.9% | Test: Acc=97.3% | Best=98.0%(@2700)
  from x3: 0.97 0.97 0.97 0.97 0.97 0.97 0.97 0.97 0.97 0.97 0.97 0.97 0.97
  per-rule acc: 0.98 0.97
Epoch 2760 | Train: Loss=0.0261 Acc=99.7% | Test: Acc=94.1% | Best=98.0%(@2700)
  from x3: 0.93 0.94 0.94 0.94 0.94 0.94 0.94 0.94 0.94 0.94 0.94 0.94 0.94
  per-rule acc: 0.96 0.92
Epoch 2780 | Train: Loss=0.0023 Acc=99.9% | Test: Acc=97.5% | Best=98.0%(@2700)
  from x3: 0.98 0.97 0.97 0.97 0.97 0.97 0.97 0.97 0.97 0.97 0.97 0.97 0.97
  per-rule acc: 0.98 0.97
Epoch 2800 | Train: Loss=0.0028 Acc=99.9% | Test: Acc=97.4% | Best=98.0%(@2700)
  from x3: 0.97 0.97 0.97 0.97 0.97 0.97 0.97 0.97 0.97 0.97 0.97 0.97 0.97
  per-rule acc: 0.98 0.97
Epoch 2820 | Train: Loss=0.0355 Acc=99.6% | Test: Acc=94.3% | Best=98.0%(@2700)
  from x3: 0.92 0.95 0.95 0.95 0.95 0.95 0.95 0.95 0.95 0.95 0.95 0.95 0.95
  per-rule acc: 0.96 0.93
Epoch 2840 | Train: Loss=0.0022 Acc=99.9% | Test: Acc=97.5% | Best=98.0%(@2700)
  from x3: 0.97 0.97 0.98 0.98 0.98 0.98 0.98 0.97 0.97 0.97 0.97 0.97 0.97
  per-rule acc: 0.98 0.97
Epoch 2860 | Train: Loss=0.0029 Acc=99.9% | Test: Acc=97.4% | Best=98.0%(@2700)
  from x3: 0.97 0.97 0.97 0.97 0.97 0.97 0.97 0.97 0.97 0.97 0.97 0.97 0.97
  per-rule acc: 0.98 0.97
Epoch 2880 | Train: Loss=0.1224 Acc=98.9% | Test: Acc=91.7% | Best=98.0%(@2700)
  from x3: 0.89 0.92 0.92 0.92 0.92 0.92 0.92 0.92 0.92 0.92 0.92 0.92 0.92
  per-rule acc: 0.93 0.90
Epoch 2900 | Train: Loss=0.0021 Acc=99.9% | Test: Acc=97.4% | Best=98.0%(@2700)
  from x3: 0.98 0.97 0.97 0.97 0.97 0.97 0.97 0.97 0.97 0.97 0.97 0.97 0.97
  per-rule acc: 0.98 0.97
Epoch 2920 | Train: Loss=0.0028 Acc=99.9% | Test: Acc=97.5% | Best=98.0%(@2700)
  from x3: 0.97 0.98 0.98 0.98 0.98 0.98 0.98 0.98 0.98 0.98 0.98 0.98 0.98
  per-rule acc: 0.98 0.97
Epoch 2940 | Train: Loss=0.0029 Acc=99.9% | Test: Acc=97.2% | Best=98.0%(@2700)
  from x3: 0.97 0.97 0.97 0.97 0.97 0.97 0.97 0.97 0.97 0.97 0.97 0.97 0.97
  per-rule acc: 0.98 0.97
Epoch 2960 | Train: Loss=0.0020 Acc=99.9% | Test: Acc=97.6% | Best=98.0%(@2700)
  from x3: 0.98 0.98 0.98 0.98 0.98 0.98 0.98 0.98 0.98 0.98 0.98 0.98 0.98
  per-rule acc: 0.98 0.97
Epoch 2980 | Train: Loss=0.0028 Acc=99.9% | Test: Acc=97.5% | Best=98.0%(@2700)
  from x3: 0.97 0.98 0.98 0.98 0.98 0.98 0.98 0.98 0.98 0.98 0.98 0.98 0.98
  per-rule acc: 0.98 0.97
Epoch 3000 | Train: Loss=0.0028 Acc=99.9% | Test: Acc=97.3% | Best=98.0%(@2700)
  from x3: 0.97 0.97 0.97 0.97 0.97 0.97 0.97 0.97 0.97 0.97 0.97 0.97 0.97
  per-rule acc: 0.98 0.97
Epoch 3020 | Train: Loss=0.0019 Acc=99.9% | Test: Acc=98.0% | Best=98.0%(@2700)
  from x3: 0.98 0.98 0.98 0.98 0.98 0.98 0.98 0.98 0.98 0.98 0.98 0.98 0.98
  per-rule acc: 0.99 0.98
Epoch 3040 | Train: Loss=0.0025 Acc=99.9% | Test: Acc=97.5% | Best=98.0%(@2700)
  from x3: 0.98 0.98 0.98 0.98 0.98 0.98 0.98 0.98 0.98 0.98 0.98 0.98 0.98
  per-rule acc: 0.98 0.97
Epoch 3060 | Train: Loss=0.0028 Acc=99.9% | Test: Acc=97.3% | Best=98.0%(@2700)
  from x3: 0.97 0.97 0.97 0.97 0.97 0.97 0.97 0.97 0.97 0.97 0.97 0.97 0.97
  per-rule acc: 0.98 0.97
Epoch 3080 | Train: Loss=0.0127 Acc=99.8% | Test: Acc=95.8% | Best=98.0%(@2700)
  from x3: 0.94 0.96 0.96 0.96 0.96 0.96 0.96 0.96 0.96 0.96 0.96 0.96 0.96
  per-rule acc: 0.97 0.95
Epoch 3100 | Train: Loss=0.0023 Acc=99.9% | Test: Acc=97.6% | Best=98.0%(@2700)
  from x3: 0.98 0.98 0.98 0.98 0.98 0.98 0.98 0.98 0.98 0.98 0.98 0.98 0.98
  per-rule acc: 0.98 0.97
Epoch 3120 | Train: Loss=0.0028 Acc=99.9% | Test: Acc=97.5% | Best=98.0%(@2700)
  from x3: 0.97 0.97 0.98 0.98 0.98 0.98 0.98 0.98 0.98 0.98 0.98 0.98 0.98
  per-rule acc: 0.98 0.97
Epoch 3140 | Train: Loss=0.1226 Acc=99.0% | Test: Acc=87.7% | Best=98.0%(@2700)
  from x3: 0.85 0.88 0.88 0.88 0.88 0.88 0.88 0.88 0.88 0.88 0.88 0.88 0.88
  per-rule acc: 0.91 0.85
Epoch 3160 | Train: Loss=0.0019 Acc=99.9% | Test: Acc=97.5% | Best=98.0%(@2700)
  from x3: 0.98 0.97 0.98 0.98 0.98 0.98 0.98 0.98 0.98 0.98 0.98 0.98 0.98
  per-rule acc: 0.98 0.97
Epoch 3180 | Train: Loss=0.0027 Acc=99.9% | Test: Acc=97.6% | Best=98.0%(@2700)
  from x3: 0.97 0.98 0.98 0.98 0.98 0.98 0.98 0.98 0.98 0.98 0.98 0.98 0.98
  per-rule acc: 0.98 0.97
Epoch 3200 | Train: Loss=0.0028 Acc=99.9% | Test: Acc=97.3% | Best=98.0%(@2700)
  from x3: 0.96 0.97 0.97 0.97 0.97 0.97 0.97 0.97 0.97 0.97 0.97 0.97 0.97
  per-rule acc: 0.98 0.97
Epoch 3220 | Train: Loss=0.0018 Acc=99.9% | Test: Acc=97.8% | Best=98.0%(@2700)
  from x3: 0.98 0.98 0.98 0.98 0.98 0.98 0.98 0.98 0.98 0.98 0.98 0.98 0.98
  per-rule acc: 0.98 0.97
Epoch 3240 | Train: Loss=0.0027 Acc=99.9% | Test: Acc=97.4% | Best=98.0%(@2700)
  from x3: 0.97 0.97 0.97 0.97 0.97 0.97 0.97 0.97 0.97 0.97 0.97 0.97 0.97
  per-rule acc: 0.98 0.97
Epoch 3260 | Train: Loss=0.0028 Acc=99.9% | Test: Acc=97.3% | Best=98.0%(@2700)
  from x3: 0.97 0.97 0.97 0.97 0.97 0.97 0.97 0.97 0.97 0.97 0.97 0.97 0.97
  per-rule acc: 0.98 0.97
Epoch 3280 | Train: Loss=0.0020 Acc=99.9% | Test: Acc=97.8% | Best=98.0%(@2700)
  from x3: 0.98 0.98 0.98 0.98 0.98 0.98 0.98 0.98 0.98 0.98 0.98 0.98 0.98
  per-rule acc: 0.99 0.97
Epoch 3300 | Train: Loss=0.0025 Acc=99.9% | Test: Acc=97.4% | Best=98.0%(@2700)
  from x3: 0.98 0.97 0.97 0.97 0.97 0.97 0.97 0.97 0.97 0.97 0.97 0.97 0.97
  per-rule acc: 0.98 0.97
Epoch 3320 | Train: Loss=0.0028 Acc=99.9% | Test: Acc=97.4% | Best=98.0%(@2700)
  from x3: 0.97 0.97 0.98 0.98 0.98 0.98 0.98 0.97 0.97 0.97 0.97 0.97 0.97
  per-rule acc: 0.98 0.97
Epoch 3340 | Train: Loss=0.0789 Acc=99.3% | Test: Acc=91.5% | Best=98.0%(@2700)
  from x3: 0.88 0.92 0.92 0.92 0.92 0.92 0.92 0.92 0.92 0.92 0.92 0.92 0.92
  per-rule acc: 0.93 0.90
Epoch 3360 | Train: Loss=0.0020 Acc=99.9% | Test: Acc=97.6% | Best=98.0%(@2700)
  from x3: 0.98 0.97 0.98 0.98 0.98 0.98 0.98 0.98 0.98 0.98 0.98 0.98 0.98
  per-rule acc: 0.98 0.97
Epoch 3380 | Train: Loss=0.0027 Acc=99.9% | Test: Acc=97.5% | Best=98.0%(@2700)
  from x3: 0.97 0.97 0.97 0.97 0.97 0.97 0.97 0.97 0.97 0.97 0.97 0.97 0.97
  per-rule acc: 0.98 0.97
Epoch 3400 | Train: Loss=0.0029 Acc=99.9% | Test: Acc=97.2% | Best=98.0%(@2700)
  from x3: 0.97 0.97 0.97 0.97 0.97 0.97 0.97 0.97 0.97 0.97 0.97 0.97 0.97
  per-rule acc: 0.98 0.97
Epoch 3420 | Train: Loss=0.0019 Acc=99.9% | Test: Acc=97.5% | Best=98.0%(@2700)
  from x3: 0.97 0.97 0.97 0.97 0.97 0.97 0.97 0.97 0.97 0.97 0.97 0.97 0.97
  per-rule acc: 0.98 0.97
Epoch 3440 | Train: Loss=0.0027 Acc=99.9% | Test: Acc=97.6% | Best=98.0%(@2700)
  from x3: 0.97 0.98 0.98 0.98 0.98 0.98 0.98 0.98 0.98 0.98 0.98 0.98 0.98
  per-rule acc: 0.98 0.97
Epoch 3460 | Train: Loss=0.0028 Acc=99.9% | Test: Acc=97.4% | Best=98.0%(@2700)
  from x3: 0.97 0.97 0.97 0.97 0.97 0.97 0.97 0.97 0.97 0.97 0.97 0.97 0.97
  per-rule acc: 0.98 0.97
Epoch 3480 | Train: Loss=0.0083 Acc=99.9% | Test: Acc=96.4% | Best=98.0%(@2700)
  from x3: 0.95 0.96 0.97 0.97 0.97 0.97 0.97 0.97 0.97 0.97 0.97 0.97 0.97
  per-rule acc: 0.97 0.96
Epoch 3500 | Train: Loss=0.0023 Acc=99.9% | Test: Acc=97.5% | Best=98.0%(@2700)
  from x3: 0.98 0.97 0.98 0.97 0.98 0.98 0.98 0.98 0.98 0.98 0.98 0.98 0.98
  per-rule acc: 0.98 0.97
Epoch 3520 | Train: Loss=0.0028 Acc=99.9% | Test: Acc=97.6% | Best=98.0%(@2700)
  from x3: 0.97 0.98 0.98 0.98 0.98 0.98 0.98 0.98 0.98 0.98 0.98 0.98 0.98
  per-rule acc: 0.98 0.97
Epoch 3540 | Train: Loss=0.0027 Acc=99.9% | Test: Acc=97.2% | Best=98.0%(@2700)
  from x3: 0.96 0.97 0.97 0.97 0.97 0.97 0.97 0.97 0.97 0.97 0.97 0.97 0.97
  per-rule acc: 0.98 0.97
Epoch 3560 | Train: Loss=0.0017 Acc=99.9% | Test: Acc=97.9% | Best=98.0%(@2700)
  from x3: 0.98 0.98 0.98 0.98 0.98 0.98 0.98 0.98 0.98 0.98 0.98 0.98 0.98
  per-rule acc: 0.99 0.97
Epoch 3580 | Train: Loss=0.0024 Acc=99.9% | Test: Acc=97.4% | Best=98.0%(@2700)
  from x3: 0.98 0.97 0.97 0.97 0.97 0.97 0.97 0.97 0.97 0.97 0.97 0.97 0.97
  per-rule acc: 0.98 0.97
Epoch 3600 | Train: Loss=0.0027 Acc=99.9% | Test: Acc=97.5% | Best=98.0%(@2700)
  from x3: 0.97 0.97 0.98 0.98 0.98 0.98 0.98 0.98 0.98 0.98 0.98 0.98 0.98
  per-rule acc: 0.98 0.97
Epoch 3620 | Train: Loss=0.0026 Acc=99.9% | Test: Acc=97.2% | Best=98.0%(@2700)
  from x3: 0.97 0.97 0.97 0.97 0.97 0.97 0.97 0.97 0.97 0.97 0.97 0.97 0.97
  per-rule acc: 0.98 0.97
Epoch 3640 | Train: Loss=0.0018 Acc=99.9% | Test: Acc=97.8% | Best=98.0%(@2700)
  from x3: 0.98 0.98 0.98 0.98 0.98 0.98 0.98 0.98 0.98 0.98 0.98 0.98 0.98
  per-rule acc: 0.98 0.97
Epoch 3660 | Train: Loss=0.0025 Acc=99.9% | Test: Acc=97.5% | Best=98.0%(@2700)
  from x3: 0.97 0.98 0.98 0.98 0.98 0.98 0.98 0.98 0.98 0.98 0.98 0.98 0.97
  per-rule acc: 0.98 0.97
Epoch 3680 | Train: Loss=0.0026 Acc=99.9% | Test: Acc=97.3% | Best=98.0%(@2700)
  from x3: 0.97 0.97 0.97 0.97 0.97 0.97 0.97 0.97 0.97 0.97 0.97 0.97 0.97
  per-rule acc: 0.98 0.97
Epoch 3700 | Train: Loss=0.0020 Acc=99.9% | Test: Acc=97.9% | Best=98.0%(@2700)
  from x3: 0.98 0.98 0.98 0.98 0.98 0.98 0.98 0.98 0.98 0.98 0.98 0.98 0.98
  per-rule acc: 0.99 0.97
Epoch 3720 | Train: Loss=0.0024 Acc=99.9% | Test: Acc=97.6% | Best=98.0%(@2700)
  from x3: 0.97 0.98 0.98 0.98 0.98 0.98 0.98 0.98 0.98 0.98 0.98 0.98 0.98
  per-rule acc: 0.98 0.97
Epoch 3740 | Train: Loss=0.0027 Acc=99.9% | Test: Acc=97.5% | Best=98.0%(@2700)
  from x3: 0.97 0.97 0.98 0.98 0.98 0.98 0.98 0.98 0.98 0.98 0.98 0.98 0.98
  per-rule acc: 0.98 0.97
Epoch 3760 | Train: Loss=0.0026 Acc=99.9% | Test: Acc=97.0% | Best=98.0%(@2700)
  from x3: 0.96 0.97 0.97 0.97 0.97 0.97 0.97 0.97 0.97 0.97 0.97 0.97 0.97
  per-rule acc: 0.97 0.97
Epoch 3780 | Train: Loss=0.0017 Acc=99.9% | Test: Acc=97.5% | Best=98.0%(@2700)
  from x3: 0.97 0.97 0.98 0.98 0.98 0.98 0.98 0.98 0.97 0.97 0.97 0.98 0.98
  per-rule acc: 0.98 0.97
Epoch 3800 | Train: Loss=0.0024 Acc=99.9% | Test: Acc=97.5% | Best=98.0%(@2700)
  from x3: 0.97 0.97 0.97 0.97 0.97 0.97 0.97 0.97 0.97 0.97 0.97 0.97 0.97
  per-rule acc: 0.98 0.97
Epoch 3820 | Train: Loss=0.0027 Acc=99.9% | Test: Acc=97.4% | Best=98.0%(@2700)
  from x3: 0.97 0.97 0.97 0.97 0.97 0.97 0.97 0.97 0.97 0.97 0.97 0.97 0.97
  per-rule acc: 0.98 0.97
Epoch 3840 | Train: Loss=0.0866 Acc=99.0% | Test: Acc=93.3% | Best=98.0%(@2700)
  from x3: 0.91 0.93 0.93 0.93 0.93 0.93 0.93 0.94 0.94 0.94 0.94 0.94 0.94
  per-rule acc: 0.95 0.92
Epoch 3860 | Train: Loss=0.0019 Acc=99.9% | Test: Acc=97.4% | Best=98.0%(@2700)
  from x3: 0.97 0.97 0.97 0.97 0.97 0.97 0.97 0.97 0.97 0.97 0.97 0.97 0.97
  per-rule acc: 0.98 0.97
Epoch 3880 | Train: Loss=0.0026 Acc=99.9% | Test: Acc=97.6% | Best=98.0%(@2700)
  from x3: 0.97 0.98 0.98 0.98 0.98 0.98 0.98 0.98 0.98 0.98 0.98 0.98 0.97
  per-rule acc: 0.98 0.97
Epoch 3900 | Train: Loss=0.0026 Acc=99.9% | Test: Acc=97.3% | Best=98.0%(@2700)
  from x3: 0.97 0.97 0.97 0.97 0.97 0.97 0.97 0.97 0.97 0.97 0.97 0.97 0.97
  per-rule acc: 0.98 0.97
Epoch 3920 | Train: Loss=0.0407 Acc=99.6% | Test: Acc=93.7% | Best=98.0%(@2700)
  from x3: 0.92 0.94 0.94 0.94 0.94 0.94 0.94 0.94 0.94 0.94 0.94 0.94 0.94
  per-rule acc: 0.95 0.92
Epoch 3940 | Train: Loss=0.0020 Acc=99.9% | Test: Acc=97.5% | Best=98.0%(@2700)
  from x3: 0.98 0.97 0.97 0.97 0.97 0.97 0.97 0.97 0.97 0.97 0.97 0.97 0.97
  per-rule acc: 0.98 0.97
Epoch 3960 | Train: Loss=0.0026 Acc=99.9% | Test: Acc=97.6% | Best=98.0%(@2700)
  from x3: 0.97 0.98 0.98 0.98 0.98 0.98 0.98 0.98 0.98 0.98 0.98 0.98 0.98
  per-rule acc: 0.98 0.97
Epoch 3980 | Train: Loss=0.0026 Acc=99.9% | Test: Acc=97.1% | Best=98.0%(@2700)
  from x3: 0.97 0.97 0.97 0.97 0.97 0.97 0.97 0.97 0.97 0.97 0.97 0.97 0.97
  per-rule acc: 0.98 0.97
Epoch 4000 | Train: Loss=0.0019 Acc=99.9% | Test: Acc=97.9% | Best=98.0%(@2700)
  from x3: 0.98 0.98 0.98 0.98 0.98 0.98 0.98 0.98 0.98 0.98 0.98 0.98 0.98
  per-rule acc: 0.98 0.97
Epoch 4020 | Train: Loss=0.0024 Acc=99.9% | Test: Acc=97.5% | Best=98.0%(@2700)
  from x3: 0.97 0.97 0.98 0.97 0.97 0.97 0.97 0.97 0.97 0.97 0.97 0.97 0.97
  per-rule acc: 0.98 0.97
Epoch 4040 | Train: Loss=0.0026 Acc=99.9% | Test: Acc=97.4% | Best=98.0%(@2700)
  from x3: 0.97 0.97 0.97 0.97 0.97 0.97 0.97 0.97 0.97 0.97 0.97 0.97 0.97
  per-rule acc: 0.98 0.97
Epoch 4060 | Train: Loss=0.0575 Acc=99.4% | Test: Acc=93.3% | Best=98.0%(@2700)
  from x3: 0.91 0.93 0.93 0.93 0.93 0.93 0.93 0.93 0.93 0.93 0.93 0.93 0.93
  per-rule acc: 0.94 0.93
Epoch 4080 | Train: Loss=0.0019 Acc=99.9% | Test: Acc=97.5% | Best=98.0%(@2700)
  from x3: 0.97 0.97 0.97 0.97 0.97 0.97 0.97 0.97 0.97 0.97 0.97 0.97 0.97
  per-rule acc: 0.98 0.97
Epoch 4100 | Train: Loss=0.0025 Acc=99.9% | Test: Acc=97.4% | Best=98.0%(@2700)
  from x3: 0.97 0.97 0.97 0.97 0.97 0.97 0.97 0.97 0.97 0.97 0.97 0.97 0.97
  per-rule acc: 0.98 0.97
Epoch 4120 | Train: Loss=0.0026 Acc=99.9% | Test: Acc=97.4% | Best=98.0%(@2700)
  from x3: 0.97 0.97 0.97 0.97 0.97 0.97 0.97 0.97 0.97 0.97 0.97 0.97 0.97
  per-rule acc: 0.98 0.97
Epoch 4140 | Train: Loss=0.0017 Acc=99.9% | Test: Acc=97.7% | Best=98.0%(@2700)
  from x3: 0.98 0.98 0.98 0.98 0.98 0.98 0.98 0.98 0.98 0.98 0.98 0.98 0.98
  per-rule acc: 0.98 0.97
Epoch 4160 | Train: Loss=0.0024 Acc=99.9% | Test: Acc=97.4% | Best=98.0%(@2700)
  from x3: 0.97 0.97 0.97 0.97 0.97 0.97 0.97 0.97 0.97 0.97 0.97 0.97 0.97
  per-rule acc: 0.98 0.97
Epoch 4180 | Train: Loss=0.0026 Acc=99.9% | Test: Acc=97.4% | Best=98.0%(@2700)
  from x3: 0.97 0.97 0.97 0.97 0.97 0.97 0.97 0.97 0.97 0.97 0.97 0.97 0.97
  per-rule acc: 0.98 0.97
Epoch 4200 | Train: Loss=0.0107 Acc=99.9% | Test: Acc=96.0% | Best=98.0%(@2700)
  from x3: 0.94 0.96 0.96 0.96 0.96 0.96 0.96 0.96 0.96 0.96 0.96 0.96 0.96
  per-rule acc: 0.97 0.95
Epoch 4220 | Train: Loss=0.0022 Acc=99.9% | Test: Acc=97.5% | Best=98.0%(@2700)
  from x3: 0.97 0.97 0.98 0.97 0.97 0.97 0.98 0.97 0.97 0.97 0.97 0.97 0.97
  per-rule acc: 0.98 0.97
Epoch 4240 | Train: Loss=0.0026 Acc=99.9% | Test: Acc=97.5% | Best=98.0%(@2700)
  from x3: 0.97 0.98 0.98 0.98 0.98 0.98 0.98 0.98 0.98 0.98 0.98 0.98 0.98
  per-rule acc: 0.98 0.97
Epoch 4260 | Train: Loss=0.0025 Acc=99.9% | Test: Acc=97.1% | Best=98.0%(@2700)
  from x3: 0.97 0.97 0.97 0.97 0.97 0.97 0.97 0.97 0.97 0.97 0.97 0.97 0.97
  per-rule acc: 0.98 0.97
Epoch 4280 | Train: Loss=0.0017 Acc=99.9% | Test: Acc=97.6% | Best=98.0%(@2700)
  from x3: 0.97 0.98 0.98 0.98 0.98 0.98 0.98 0.98 0.98 0.98 0.98 0.98 0.98
  per-rule acc: 0.98 0.97
Epoch 4300 | Train: Loss=0.0023 Acc=99.9% | Test: Acc=97.4% | Best=98.0%(@2700)
  from x3: 0.97 0.97 0.97 0.97 0.97 0.97 0.97 0.97 0.97 0.97 0.97 0.97 0.97
  per-rule acc: 0.98 0.97
Epoch 4320 | Train: Loss=0.0025 Acc=99.9% | Test: Acc=97.5% | Best=98.0%(@2700)
  from x3: 0.97 0.97 0.98 0.98 0.98 0.98 0.98 0.98 0.98 0.97 0.98 0.98 0.98
  per-rule acc: 0.98 0.97
Epoch 4340 | Train: Loss=0.0024 Acc=99.9% | Test: Acc=97.0% | Best=98.0%(@2700)
  from x3: 0.96 0.97 0.97 0.97 0.97 0.97 0.97 0.97 0.97 0.97 0.97 0.97 0.97
  per-rule acc: 0.98 0.96
Epoch 4360 | Train: Loss=0.0018 Acc=99.9% | Test: Acc=97.5% | Best=98.0%(@2700)
  from x3: 0.98 0.97 0.97 0.97 0.97 0.97 0.97 0.97 0.98 0.98 0.98 0.98 0.98
  per-rule acc: 0.98 0.97
Epoch 4380 | Train: Loss=0.0024 Acc=99.9% | Test: Acc=97.4% | Best=98.0%(@2700)
  from x3: 0.97 0.97 0.97 0.97 0.97 0.97 0.97 0.97 0.97 0.97 0.97 0.97 0.97
  per-rule acc: 0.98 0.97
Epoch 4400 | Train: Loss=0.0025 Acc=99.9% | Test: Acc=97.4% | Best=98.0%(@2700)
  from x3: 0.97 0.97 0.98 0.98 0.98 0.98 0.98 0.97 0.97 0.97 0.97 0.97 0.97
  per-rule acc: 0.98 0.97
Epoch 4420 | Train: Loss=0.0024 Acc=99.9% | Test: Acc=97.1% | Best=98.0%(@2700)
  from x3: 0.96 0.97 0.97 0.97 0.97 0.97 0.97 0.97 0.97 0.97 0.97 0.97 0.97
  per-rule acc: 0.98 0.97
Epoch 4440 | Train: Loss=0.0018 Acc=99.9% | Test: Acc=97.4% | Best=98.0%(@2700)
  from x3: 0.97 0.97 0.97 0.97 0.97 0.97 0.97 0.97 0.97 0.97 0.97 0.97 0.97
  per-rule acc: 0.98 0.97
Epoch 4460 | Train: Loss=0.0024 Acc=99.9% | Test: Acc=97.5% | Best=98.0%(@2700)
  from x3: 0.97 0.97 0.97 0.97 0.97 0.97 0.97 0.97 0.97 0.97 0.97 0.97 0.97
  per-rule acc: 0.98 0.97
Epoch 4480 | Train: Loss=0.0025 Acc=99.9% | Test: Acc=97.4% | Best=98.0%(@2700)
  from x3: 0.97 0.97 0.98 0.97 0.97 0.97 0.97 0.97 0.97 0.97 0.97 0.97 0.97
  per-rule acc: 0.98 0.97
Epoch 4500 | Train: Loss=0.0570 Acc=99.5% | Test: Acc=93.6% | Best=98.0%(@2700)
  from x3: 0.91 0.94 0.94 0.94 0.94 0.94 0.94 0.94 0.94 0.94 0.94 0.94 0.94
  per-rule acc: 0.95 0.92
Epoch 4520 | Train: Loss=0.0019 Acc=99.9% | Test: Acc=97.7% | Best=98.0%(@2700)
  from x3: 0.98 0.98 0.98 0.98 0.98 0.98 0.98 0.98 0.98 0.98 0.98 0.98 0.98
  per-rule acc: 0.98 0.97
Epoch 4540 | Train: Loss=0.0024 Acc=99.9% | Test: Acc=97.6% | Best=98.0%(@2700)
  from x3: 0.97 0.98 0.98 0.98 0.98 0.98 0.98 0.98 0.98 0.98 0.98 0.98 0.98
  per-rule acc: 0.98 0.97
Epoch 4560 | Train: Loss=0.0024 Acc=99.9% | Test: Acc=97.4% | Best=98.0%(@2700)
  from x3: 0.97 0.97 0.97 0.97 0.97 0.97 0.97 0.97 0.97 0.97 0.97 0.97 0.97
  per-rule acc: 0.98 0.97
Epoch 4580 | Train: Loss=0.0019 Acc=99.9% | Test: Acc=97.7% | Best=98.0%(@2700)
  from x3: 0.98 0.98 0.98 0.98 0.98 0.98 0.98 0.98 0.98 0.98 0.98 0.98 0.98
  per-rule acc: 0.98 0.97
Epoch 4600 | Train: Loss=0.0022 Acc=99.9% | Test: Acc=97.4% | Best=98.0%(@2700)
  from x3: 0.97 0.97 0.97 0.97 0.97 0.97 0.97 0.97 0.97 0.97 0.97 0.97 0.97
  per-rule acc: 0.98 0.97
Epoch 4620 | Train: Loss=0.0025 Acc=99.9% | Test: Acc=97.4% | Best=98.0%(@2700)
  from x3: 0.97 0.97 0.97 0.97 0.97 0.97 0.97 0.97 0.97 0.97 0.97 0.97 0.97
  per-rule acc: 0.98 0.97
Epoch 4640 | Train: Loss=0.0025 Acc=99.9% | Test: Acc=96.9% | Best=98.0%(@2700)
  from x3: 0.96 0.97 0.97 0.97 0.97 0.97 0.97 0.97 0.97 0.97 0.97 0.97 0.97
  per-rule acc: 0.98 0.96
Epoch 4660 | Train: Loss=0.0018 Acc=99.9% | Test: Acc=97.7% | Best=98.0%(@2700)
  from x3: 0.97 0.98 0.98 0.98 0.98 0.98 0.98 0.98 0.98 0.98 0.98 0.98 0.98
  per-rule acc: 0.98 0.97
Epoch 4680 | Train: Loss=0.0022 Acc=99.9% | Test: Acc=97.4% | Best=98.0%(@2700)
  from x3: 0.97 0.97 0.97 0.97 0.97 0.97 0.97 0.97 0.97 0.97 0.97 0.97 0.97
  per-rule acc: 0.98 0.97
Epoch 4700 | Train: Loss=0.0025 Acc=99.9% | Test: Acc=97.4% | Best=98.0%(@2700)
  from x3: 0.97 0.97 0.98 0.98 0.98 0.97 0.97 0.97 0.97 0.97 0.97 0.97 0.97
  per-rule acc: 0.98 0.97
Epoch 4720 | Train: Loss=0.0024 Acc=99.9% | Test: Acc=97.2% | Best=98.0%(@2700)
  from x3: 0.96 0.97 0.97 0.97 0.97 0.97 0.97 0.97 0.97 0.97 0.97 0.97 0.97
  per-rule acc: 0.98 0.97
Epoch 4740 | Train: Loss=0.0086 Acc=99.9% | Test: Acc=95.5% | Best=98.0%(@2700)
  from x3: 0.94 0.96 0.96 0.96 0.96 0.96 0.96 0.96 0.96 0.96 0.96 0.96 0.96
  per-rule acc: 0.97 0.94
Epoch 4760 | Train: Loss=0.0020 Acc=99.9% | Test: Acc=97.7% | Best=98.0%(@2700)
  from x3: 0.97 0.98 0.98 0.98 0.98 0.98 0.98 0.98 0.98 0.98 0.98 0.98 0.98
  per-rule acc: 0.98 0.97
Epoch 4780 | Train: Loss=0.0024 Acc=99.9% | Test: Acc=97.5% | Best=98.0%(@2700)
  from x3: 0.97 0.97 0.98 0.98 0.98 0.98 0.98 0.98 0.97 0.97 0.97 0.97 0.97
  per-rule acc: 0.98 0.97
Epoch 4800 | Train: Loss=0.0025 Acc=99.9% | Test: Acc=97.1% | Best=98.0%(@2700)
  from x3: 0.97 0.97 0.97 0.97 0.97 0.97 0.97 0.97 0.97 0.97 0.97 0.97 0.97
  per-rule acc: 0.98 0.97
Epoch 4820 | Train: Loss=0.0148 Acc=99.8% | Test: Acc=94.4% | Best=98.0%(@2700)
  from x3: 0.93 0.95 0.95 0.95 0.95 0.95 0.95 0.95 0.95 0.95 0.95 0.95 0.95
  per-rule acc: 0.96 0.93
Epoch 4840 | Train: Loss=0.0020 Acc=99.9% | Test: Acc=97.6% | Best=98.0%(@2700)
  from x3: 0.98 0.98 0.98 0.98 0.98 0.98 0.98 0.98 0.98 0.98 0.98 0.98 0.98
  per-rule acc: 0.98 0.97
Epoch 4860 | Train: Loss=0.0023 Acc=99.9% | Test: Acc=97.4% | Best=98.0%(@2700)
  from x3: 0.97 0.97 0.97 0.97 0.97 0.97 0.97 0.97 0.97 0.97 0.97 0.97 0.97
  per-rule acc: 0.98 0.97
Epoch 4880 | Train: Loss=0.0023 Acc=99.9% | Test: Acc=97.0% | Best=98.0%(@2700)
  from x3: 0.96 0.97 0.97 0.97 0.97 0.97 0.97 0.97 0.97 0.97 0.97 0.97 0.97
  per-rule acc: 0.98 0.96
Epoch 4900 | Train: Loss=0.0017 Acc=99.9% | Test: Acc=97.7% | Best=98.0%(@2700)
  from x3: 0.98 0.98 0.98 0.98 0.98 0.98 0.98 0.98 0.98 0.98 0.98 0.98 0.98
  per-rule acc: 0.98 0.97
Epoch 4920 | Train: Loss=0.0022 Acc=99.9% | Test: Acc=97.2% | Best=98.0%(@2700)
  from x3: 0.97 0.97 0.97 0.97 0.97 0.97 0.97 0.97 0.97 0.97 0.97 0.97 0.97
  per-rule acc: 0.98 0.97
Epoch 4940 | Train: Loss=0.0024 Acc=99.9% | Test: Acc=97.3% | Best=98.0%(@2700)
  from x3: 0.97 0.97 0.97 0.97 0.97 0.97 0.97 0.97 0.97 0.97 0.97 0.97 0.97
  per-rule acc: 0.98 0.97
Epoch 4960 | Train: Loss=0.0024 Acc=99.9% | Test: Acc=97.0% | Best=98.0%(@2700)
  from x3: 0.97 0.97 0.97 0.97 0.97 0.97 0.97 0.97 0.97 0.97 0.97 0.97 0.97
  per-rule acc: 0.98 0.96
Epoch 4980 | Train: Loss=0.0025 Acc=99.9% | Test: Acc=97.4% | Best=98.0%(@2700)
  from x3: 0.97 0.97 0.97 0.97 0.97 0.97 0.97 0.97 0.97 0.97 0.97 0.97 0.97
  per-rule acc: 0.98 0.97
Epoch 5000 | Train: Loss=0.0021 Acc=99.9% | Test: Acc=97.4% | Best=98.0%(@2700)
  from x3: 0.97 0.97 0.97 0.97 0.97 0.97 0.97 0.97 0.97 0.97 0.97 0.97 0.97
  per-rule acc: 0.98 0.97
Epoch 5020 | Train: Loss=0.0024 Acc=99.9% | Test: Acc=97.5% | Best=98.0%(@2700)
  from x3: 0.97 0.97 0.98 0.98 0.98 0.98 0.98 0.98 0.98 0.98 0.98 0.98 0.98
  per-rule acc: 0.98 0.97
Epoch 5040 | Train: Loss=0.0025 Acc=99.9% | Test: Acc=97.1% | Best=98.0%(@2700)
  from x3: 0.97 0.97 0.97 0.97 0.97 0.97 0.97 0.97 0.97 0.97 0.97 0.97 0.97
  per-rule acc: 0.98 0.96
Epoch 5060 | Train: Loss=0.0017 Acc=99.9% | Test: Acc=97.5% | Best=98.0%(@2700)
  from x3: 0.98 0.98 0.98 0.98 0.98 0.98 0.98 0.98 0.98 0.98 0.98 0.98 0.98
  per-rule acc: 0.98 0.97
Epoch 5080 | Train: Loss=0.0022 Acc=99.9% | Test: Acc=97.3% | Best=98.0%(@2700)
  from x3: 0.97 0.97 0.97 0.97 0.97 0.97 0.97 0.97 0.97 0.97 0.97 0.97 0.97
  per-rule acc: 0.98 0.97
Epoch 5100 | Train: Loss=0.0024 Acc=99.9% | Test: Acc=97.4% | Best=98.0%(@2700)
  from x3: 0.97 0.97 0.97 0.97 0.97 0.97 0.97 0.97 0.97 0.97 0.97 0.97 0.97
  per-rule acc: 0.98 0.97
Epoch 5120 | Train: Loss=0.0023 Acc=99.9% | Test: Acc=97.1% | Best=98.0%(@2700)
  from x3: 0.97 0.97 0.97 0.97 0.97 0.97 0.97 0.97 0.97 0.97 0.97 0.97 0.97
  per-rule acc: 0.98 0.97
Epoch 5140 | Train: Loss=0.0022 Acc=99.9% | Test: Acc=97.7% | Best=98.0%(@2700)
  from x3: 0.97 0.98 0.98 0.98 0.98 0.98 0.98 0.98 0.98 0.98 0.98 0.98 0.98
  per-rule acc: 0.98 0.97
Epoch 5160 | Train: Loss=0.0021 Acc=99.9% | Test: Acc=97.5% | Best=98.0%(@2700)
  from x3: 0.97 0.97 0.98 0.98 0.98 0.98 0.98 0.98 0.98 0.98 0.98 0.98 0.98
  per-rule acc: 0.98 0.97
Epoch 5180 | Train: Loss=0.0024 Acc=99.9% | Test: Acc=97.5% | Best=98.0%(@2700)
  from x3: 0.97 0.97 0.98 0.98 0.98 0.98 0.98 0.98 0.97 0.97 0.97 0.97 0.97
  per-rule acc: 0.98 0.97
Epoch 5200 | Train: Loss=0.0024 Acc=99.9% | Test: Acc=97.2% | Best=98.0%(@2700)
  from x3: 0.97 0.97 0.97 0.97 0.97 0.97 0.97 0.97 0.97 0.97 0.97 0.97 0.97
  per-rule acc: 0.98 0.97
Epoch 5220 | Train: Loss=0.0022 Acc=99.9% | Test: Acc=97.1% | Best=98.0%(@2700)
  from x3: 0.97 0.97 0.97 0.97 0.97 0.97 0.97 0.97 0.97 0.97 0.97 0.97 0.97
  per-rule acc: 0.98 0.97
Epoch 5240 | Train: Loss=0.0017 Acc=99.9% | Test: Acc=97.5% | Best=98.0%(@2700)
  from x3: 0.97 0.97 0.97 0.97 0.97 0.97 0.97 0.97 0.97 0.97 0.97 0.97 0.97
  per-rule acc: 0.98 0.97
Epoch 5260 | Train: Loss=0.0020 Acc=99.9% | Test: Acc=97.3% | Best=98.0%(@2700)
  from x3: 0.97 0.97 0.97 0.97 0.97 0.97 0.97 0.97 0.97 0.97 0.97 0.97 0.97
  per-rule acc: 0.98 0.97
Epoch 5280 | Train: Loss=0.0023 Acc=99.9% | Test: Acc=97.4% | Best=98.0%(@2700)
  from x3: 0.97 0.97 0.97 0.97 0.97 0.97 0.97 0.97 0.97 0.97 0.97 0.97 0.97
  per-rule acc: 0.98 0.97
Epoch 5300 | Train: Loss=0.0023 Acc=99.9% | Test: Acc=97.1% | Best=98.0%(@2700)
  from x3: 0.97 0.97 0.97 0.97 0.97 0.97 0.97 0.97 0.97 0.97 0.97 0.97 0.97
  per-rule acc: 0.98 0.97
Epoch 5320 | Train: Loss=0.0021 Acc=99.9% | Test: Acc=96.9% | Best=98.0%(@2700)
  from x3: 0.96 0.97 0.97 0.97 0.97 0.97 0.97 0.97 0.97 0.97 0.97 0.97 0.97
  per-rule acc: 0.98 0.96
Epoch 5340 | Train: Loss=0.0020 Acc=99.9% | Test: Acc=97.4% | Best=98.0%(@2700)
  from x3: 0.97 0.97 0.97 0.97 0.97 0.97 0.97 0.97 0.97 0.97 0.97 0.97 0.97
  per-rule acc: 0.98 0.97
Epoch 5360 | Train: Loss=0.0020 Acc=99.9% | Test: Acc=97.5% | Best=98.0%(@2700)
  from x3: 0.98 0.97 0.97 0.97 0.97 0.97 0.97 0.97 0.97 0.97 0.97 0.97 0.97
  per-rule acc: 0.98 0.97
Epoch 5380 | Train: Loss=0.0023 Acc=99.9% | Test: Acc=97.4% | Best=98.0%(@2700)
  from x3: 0.97 0.98 0.97 0.97 0.97 0.97 0.97 0.97 0.97 0.97 0.97 0.97 0.97
  per-rule acc: 0.98 0.97
Epoch 5400 | Train: Loss=0.0023 Acc=99.9% | Test: Acc=97.0% | Best=98.0%(@2700)
  from x3: 0.97 0.97 0.97 0.97 0.97 0.97 0.97 0.97 0.97 0.97 0.97 0.97 0.97
  per-rule acc: 0.98 0.96
Epoch 5420 | Train: Loss=0.0497 Acc=99.4% | Test: Acc=92.4% | Best=98.0%(@2700)
  from x3: 0.88 0.93 0.93 0.93 0.93 0.93 0.93 0.93 0.93 0.93 0.93 0.93 0.93
  per-rule acc: 0.95 0.90
Epoch 5440 | Train: Loss=0.0018 Acc=99.9% | Test: Acc=97.4% | Best=98.0%(@2700)
  from x3: 0.98 0.97 0.97 0.97 0.97 0.97 0.97 0.97 0.97 0.97 0.97 0.97 0.97
  per-rule acc: 0.98 0.97
Epoch 5460 | Train: Loss=0.0022 Acc=99.9% | Test: Acc=97.4% | Best=98.0%(@2700)
  from x3: 0.97 0.97 0.97 0.97 0.97 0.97 0.97 0.97 0.97 0.97 0.97 0.97 0.97
  per-rule acc: 0.98 0.97
Epoch 5480 | Train: Loss=0.0022 Acc=99.9% | Test: Acc=97.4% | Best=98.0%(@2700)
  from x3: 0.97 0.97 0.97 0.97 0.97 0.97 0.97 0.97 0.97 0.97 0.97 0.97 0.97
  per-rule acc: 0.98 0.97
Epoch 5500 | Train: Loss=0.0022 Acc=99.9% | Test: Acc=97.0% | Best=98.0%(@2700)
  from x3: 0.96 0.97 0.97 0.97 0.97 0.97 0.97 0.97 0.97 0.97 0.97 0.97 0.97
  per-rule acc: 0.98 0.96
Epoch 5520 | Train: Loss=0.0836 Acc=98.4% | Test: Acc=81.0% | Best=98.0%(@2700)
  from x3: 0.77 0.81 0.81 0.81 0.81 0.81 0.81 0.81 0.81 0.81 0.81 0.81 0.81
  per-rule acc: 0.89 0.74
Epoch 5540 | Train: Loss=0.0017 Acc=99.9% | Test: Acc=97.5% | Best=98.0%(@2700)
  from x3: 0.98 0.98 0.98 0.98 0.98 0.98 0.98 0.98 0.97 0.97 0.97 0.97 0.97
  per-rule acc: 0.98 0.97
Epoch 5560 | Train: Loss=0.0020 Acc=99.9% | Test: Acc=97.6% | Best=98.0%(@2700)
  from x3: 0.97 0.98 0.98 0.98 0.98 0.98 0.98 0.98 0.98 0.98 0.98 0.98 0.98
  per-rule acc: 0.98 0.97
Epoch 5580 | Train: Loss=0.0022 Acc=99.9% | Test: Acc=97.4% | Best=98.0%(@2700)
  from x3: 0.97 0.97 0.97 0.97 0.97 0.97 0.97 0.97 0.97 0.97 0.97 0.97 0.98
  per-rule acc: 0.98 0.97
Epoch 5600 | Train: Loss=0.0021 Acc=99.9% | Test: Acc=97.1% | Best=98.0%(@2700)
  from x3: 0.96 0.97 0.97 0.97 0.97 0.97 0.97 0.97 0.97 0.97 0.97 0.97 0.97
  per-rule acc: 0.98 0.97
Epoch 5620 | Train: Loss=0.0113 Acc=99.9% | Test: Acc=95.5% | Best=98.0%(@2700)
  from x3: 0.94 0.96 0.96 0.96 0.96 0.96 0.96 0.96 0.96 0.96 0.96 0.96 0.96
  per-rule acc: 0.97 0.94
Epoch 5640 | Train: Loss=0.0018 Acc=99.9% | Test: Acc=97.4% | Best=98.0%(@2700)
  from x3: 0.97 0.97 0.97 0.97 0.97 0.97 0.97 0.97 0.97 0.97 0.97 0.97 0.97
  per-rule acc: 0.98 0.97
Epoch 5660 | Train: Loss=0.0021 Acc=99.9% | Test: Acc=97.3% | Best=98.0%(@2700)
  from x3: 0.97 0.97 0.97 0.97 0.97 0.97 0.97 0.97 0.97 0.97 0.97 0.97 0.97
  per-rule acc: 0.98 0.97
Epoch 5680 | Train: Loss=0.0022 Acc=99.9% | Test: Acc=97.2% | Best=98.0%(@2700)
  from x3: 0.97 0.97 0.97 0.97 0.97 0.97 0.97 0.97 0.97 0.97 0.97 0.97 0.97
  per-rule acc: 0.98 0.97
Epoch 5700 | Train: Loss=0.0021 Acc=99.9% | Test: Acc=96.9% | Best=98.0%(@2700)
  from x3: 0.97 0.97 0.97 0.97 0.97 0.97 0.97 0.97 0.97 0.97 0.97 0.97 0.97
  per-rule acc: 0.98 0.96
[Early stop] No improvement for 3000 consecutive epochs

==================================================
Saving model...
[OK] Model saved to: /home/cxm/ai/test0709/models/mixed_basic_d512l2r8_seed0.pth
  File size: 41682.3 KB
  Best test accuracy: 98.03%

==================================================
Final generation test (batched teacher forcing, validate from position 3)
==================================================

--- AB pair 1: (1, 1) ---

--- Statistics for AB=(1,1) ---
Exposed    samples:  2052 | In-dist: 26663/26676 (100.0%) | OOD: 32832/32832 (100.0%)
Unexposed  samples:   757 | In-dist:  9613/ 9841 ( 97.7%) | OOD: 11867/12112 ( 98.0%)

--- Per-position accuracy for AB=(1,1) ---
  Position   3: Exposed-ID: 2039.0/2052 ( 99.4%) | Unexposed-ID: 733.0/757 ( 96.8%)
  Position   4: Exposed-ID: 2052.0/2052 (100.0%) | Unexposed-ID: 740.0/757 ( 97.8%)
  Position   5: Exposed-ID: 2052.0/2052 (100.0%) | Unexposed-ID: 740.0/757 ( 97.8%)
  Position   6: Exposed-ID: 2052.0/2052 (100.0%) | Unexposed-ID: 740.0/757 ( 97.8%)
  Position   7: Exposed-ID: 2052.0/2052 (100.0%) | Unexposed-ID: 740.0/757 ( 97.8%)
  Position   8: Exposed-ID: 2052.0/2052 (100.0%) | Unexposed-ID: 740.0/757 ( 97.8%)
  Position   9: Exposed-ID: 2052.0/2052 (100.0%) | Unexposed-ID: 740.0/757 ( 97.8%)
  Position  10: Exposed-ID: 2052.0/2052 (100.0%) | Unexposed-ID: 740.0/757 ( 97.8%)
  Position  11: Exposed-ID: 2052.0/2052 (100.0%) | Unexposed-ID: 740.0/757 ( 97.8%)
  Position  12: Exposed-ID: 2052.0/2052 (100.0%) | Unexposed-ID: 740.0/757 ( 97.8%)
  Position  13: Exposed-ID: 2052.0/2052 (100.0%) | Unexposed-ID: 740.0/757 ( 97.8%)
  Position  14: Exposed-ID: 2052.0/2052 (100.0%) | Unexposed-ID: 740.0/757 ( 97.8%)
  Position  15: Exposed-ID: 2052.0/2052 (100.0%) | Unexposed-ID: 740.0/757 ( 97.8%)
  Position  16: Exposed-OOD: 2052.0/2052 (100.0%) | Unexposed-OOD: 740.0/757 ( 97.8%)
  Position  17: Exposed-OOD: 2052.0/2052 (100.0%) | Unexposed-OOD: 740.0/757 ( 97.8%)
  Position  18: Exposed-OOD: 2052.0/2052 (100.0%) | Unexposed-OOD: 740.0/757 ( 97.8%)
  Position  19: Exposed-OOD: 2052.0/2052 (100.0%) | Unexposed-OOD: 740.0/757 ( 97.8%)
  Position  20: Exposed-OOD: 2052.0/2052 (100.0%) | Unexposed-OOD: 741.0/757 ( 97.9%)
  Position  21: Exposed-OOD: 2052.0/2052 (100.0%) | Unexposed-OOD: 741.0/757 ( 97.9%)
  Position  22: Exposed-OOD: 2052.0/2052 (100.0%) | Unexposed-OOD: 741.0/757 ( 97.9%)
  Position  23: Exposed-OOD: 2052.0/2052 (100.0%) | Unexposed-OOD: 743.0/757 ( 98.2%)
  Position  24: Exposed-OOD: 2052.0/2052 (100.0%) | Unexposed-OOD: 743.0/757 ( 98.2%)
  Position  25: Exposed-OOD: 2052.0/2052 (100.0%) | Unexposed-OOD: 743.0/757 ( 98.2%)
  Position  26: Exposed-OOD: 2052.0/2052 (100.0%) | Unexposed-OOD: 743.0/757 ( 98.2%)
  Position  27: Exposed-OOD: 2052.0/2052 (100.0%) | Unexposed-OOD: 743.0/757 ( 98.2%)
  Position  28: Exposed-OOD: 2052.0/2052 (100.0%) | Unexposed-OOD: 743.0/757 ( 98.2%)
  Position  29: Exposed-OOD: 2052.0/2052 (100.0%) | Unexposed-OOD: 742.0/757 ( 98.0%)
  Position  30: Exposed-OOD: 2052.0/2052 (100.0%) | Unexposed-OOD: 742.0/757 ( 98.0%)
  Position  31: Exposed-OOD: 2052.0/2052 (100.0%) | Unexposed-OOD: 742.0/757 ( 98.0%)

--- AB pair 2: (1, 2) ---

--- Statistics for AB=(1,2) ---
Exposed    samples:  1980 | In-dist: 25725/25740 ( 99.9%) | OOD: 31680/31680 (100.0%)
Unexposed  samples:   829 | In-dist: 10375/10777 ( 96.3%) | OOD: 12750/13264 ( 96.1%)

--- Per-position accuracy for AB=(1,2) ---
  Position   3: Exposed-ID: 1965.0/1980 ( 99.2%) | Unexposed-ID: 799.0/829 ( 96.4%)
  Position   4: Exposed-ID: 1980.0/1980 (100.0%) | Unexposed-ID: 798.0/829 ( 96.3%)
  Position   5: Exposed-ID: 1980.0/1980 (100.0%) | Unexposed-ID: 798.0/829 ( 96.3%)
  Position   6: Exposed-ID: 1980.0/1980 (100.0%) | Unexposed-ID: 798.0/829 ( 96.3%)
  Position   7: Exposed-ID: 1980.0/1980 (100.0%) | Unexposed-ID: 798.0/829 ( 96.3%)
  Position   8: Exposed-ID: 1980.0/1980 (100.0%) | Unexposed-ID: 798.0/829 ( 96.3%)
  Position   9: Exposed-ID: 1980.0/1980 (100.0%) | Unexposed-ID: 798.0/829 ( 96.3%)
  Position  10: Exposed-ID: 1980.0/1980 (100.0%) | Unexposed-ID: 798.0/829 ( 96.3%)
  Position  11: Exposed-ID: 1980.0/1980 (100.0%) | Unexposed-ID: 798.0/829 ( 96.3%)
  Position  12: Exposed-ID: 1980.0/1980 (100.0%) | Unexposed-ID: 798.0/829 ( 96.3%)
  Position  13: Exposed-ID: 1980.0/1980 (100.0%) | Unexposed-ID: 798.0/829 ( 96.3%)
  Position  14: Exposed-ID: 1980.0/1980 (100.0%) | Unexposed-ID: 798.0/829 ( 96.3%)
  Position  15: Exposed-ID: 1980.0/1980 (100.0%) | Unexposed-ID: 798.0/829 ( 96.3%)
  Position  16: Exposed-OOD: 1980.0/1980 (100.0%) | Unexposed-OOD: 798.0/829 ( 96.3%)
  Position  17: Exposed-OOD: 1980.0/1980 (100.0%) | Unexposed-OOD: 798.0/829 ( 96.3%)
  Position  18: Exposed-OOD: 1980.0/1980 (100.0%) | Unexposed-OOD: 798.0/829 ( 96.3%)
  Position  19: Exposed-OOD: 1980.0/1980 (100.0%) | Unexposed-OOD: 798.0/829 ( 96.3%)
  Position  20: Exposed-OOD: 1980.0/1980 (100.0%) | Unexposed-OOD: 798.0/829 ( 96.3%)
  Position  21: Exposed-OOD: 1980.0/1980 (100.0%) | Unexposed-OOD: 798.0/829 ( 96.3%)
  Position  22: Exposed-OOD: 1980.0/1980 (100.0%) | Unexposed-OOD: 797.0/829 ( 96.1%)
  Position  23: Exposed-OOD: 1980.0/1980 (100.0%) | Unexposed-OOD: 797.0/829 ( 96.1%)
  Position  24: Exposed-OOD: 1980.0/1980 (100.0%) | Unexposed-OOD: 797.0/829 ( 96.1%)
  Position  25: Exposed-OOD: 1980.0/1980 (100.0%) | Unexposed-OOD: 797.0/829 ( 96.1%)
  Position  26: Exposed-OOD: 1980.0/1980 (100.0%) | Unexposed-OOD: 797.0/829 ( 96.1%)
  Position  27: Exposed-OOD: 1980.0/1980 (100.0%) | Unexposed-OOD: 797.0/829 ( 96.1%)
  Position  28: Exposed-OOD: 1980.0/1980 (100.0%) | Unexposed-OOD: 795.0/829 ( 95.9%)
  Position  29: Exposed-OOD: 1980.0/1980 (100.0%) | Unexposed-OOD: 795.0/829 ( 95.9%)
  Position  30: Exposed-OOD: 1980.0/1980 (100.0%) | Unexposed-OOD: 795.0/829 ( 95.9%)
  Position  31: Exposed-OOD: 1980.0/1980 (100.0%) | Unexposed-OOD: 795.0/829 ( 95.9%)

--- Return code: 0 ---

======================================================================
Attention Analysis
======================================================================
Model config: addition (default), p=53
Best test accuracy: 0.9803084683286448
Training epochs: 5700

Random test sequence 1/5 (length 32): [17, 3, 20, 23, 43, 13, 3, 16, 19, 35, 1, 36, 37, 20, 4, 24, 28, 52, 27, 26]...

======================================================================
Attention Layer Training Result Summary
======================================================================
Input sequence: [17, 3, 20, 23, 43, 13, 3, 16, 19, 35, 1, 36, 37, 20, 4, 24, 28, 52, 27, 26, 0, 26, 26, 52, 25, 24, 49, 20, 16, 36, 52, 35]

--- Layer 0 ---
  Head 0: Entropy=0.221
    Attention coefficients from each query position to previous positions:
      i= 0 -> j=0:1.000
      i= 1 -> j=0:0.975, j=1:0.025
      i= 2 -> j=0:0.025, j=1:0.952, j=2:0.023
      i= 3 -> j=0:0.000, j=1:0.033, j=2:0.938, j=3:0.029
      i= 4 -> j=0:0.000, j=1:0.000, j=2:0.023, j=3:0.947, j=4:0.030
      i= 5 -> j=0:0.000, j=1:0.000, j=2:0.000, j=3:0.024, j=4:0.945, j=5:0.031
      i= 6 -> j=0:0.000, j=1:0.000, j=2:0.000, j=3:0.000, j=4:0.022, j=5:0.951, j=6:0.027
      i= 7 -> j=0:0.000, j=1:0.000, j=2:0.000, j=3:0.000, j=4:0.000, j=5:0.017, j=6:0.959, j=7:0.024
      i= 8 -> j=0:0.000, j=1:0.000, j=2:0.000, j=3:0.000, j=4:0.000, j=5:0.000, j=6:0.034, j=7:0.937, j=8:0.030
      i= 9 -> j=0:0.000, j=1:0.000, j=2:0.000, j=3:0.000, j=4:0.000, j=5:0.000, j=6:0.000, j=7:0.015, j=8:0.962, j=9:0.023
      i=10 -> j=0:0.000, j=1:0.000, j=2:0.000, j=3:0.000, j=4:0.000, j=5:0.000, j=6:0.000, j=7:0.000, j=8:0.025, j=9:0.946, j=10:0.029
      i=11 -> j=0:0.000, j=1:0.000, j=2:0.000, j=3:0.000, j=4:0.000, j=5:0.000, j=6:0.000, j=7:0.000, j=8:0.000, j=9:0.018, j=10:0.960, j=11:0.022
      i=12 -> j=0:0.000, j=1:0.000, j=2:0.000, j=3:0.000, j=4:0.000, j=5:0.000, j=6:0.000, j=7:0.000, j=8:0.000, j=9:0.000, j=10:0.028, j=11:0.946, j=12:0.026
      i=13 -> j=0:0.000, j=1:0.000, j=2:0.000, j=3:0.000, j=4:0.000, j=5:0.000, j=6:0.000, j=7:0.000, j=8:0.000, j=9:0.000, j=10:0.000, j=11:0.035, j=12:0.932, j=13:0.033
      i=14 -> j=0:0.000, j=1:0.000, j=2:0.000, j=3:0.000, j=4:0.000, j=5:0.000, j=6:0.000, j=7:0.000, j=8:0.000, j=9:0.000, j=10:0.000, j=11:0.000, j=12:0.019, j=13:0.949, j=14:0.032
      i=15 -> j=0:0.000, j=1:0.000, j=2:0.000, j=3:0.000, j=4:0.000, j=5:0.000, j=6:0.000, j=7:0.000, j=8:0.000, j=9:0.000, j=10:0.000, j=11:0.000, j=12:0.000, j=13:0.016, j=14:0.953, j=15:0.031
      i=16 -> j=0:0.000, j=1:0.000, j=2:0.000, j=3:0.000, j=4:0.000, j=5:0.000, j=6:0.000, j=7:0.000, j=8:0.000, j=9:0.000, j=10:0.000, j=11:0.000, j=12:0.000, j=13:0.000, j=14:0.019, j=15:0.950, j=16:0.031
      i=17 -> j=0:0.000, j=1:0.000, j=2:0.000, j=3:0.000, j=4:0.000, j=5:0.000, j=6:0.000, j=7:0.000, j=8:0.000, j=9:0.000, j=10:0.000, j=11:0.000, j=12:0.000, j=13:0.000, j=14:0.000, j=15:0.019, j=16:0.961, j=17:0.020
      i=18 -> j=0:0.000, j=1:0.000, j=2:0.000, j=3:0.000, j=4:0.000, j=5:0.000, j=6:0.000, j=7:0.000, j=8:0.000, j=9:0.000, j=10:0.000, j=11:0.000, j=12:0.000, j=13:0.000, j=14:0.000, j=15:0.000, j=16:0.026, j=17:0.951, j=18:0.023
      i=19 -> j=0:0.000, j=1:0.000, j=2:0.000, j=3:0.000, j=4:0.000, j=5:0.000, j=6:0.000, j=7:0.000, j=8:0.000, j=9:0.000, j=10:0.000, j=11:0.000, j=12:0.000, j=13:0.000, j=14:0.000, j=15:0.000, j=16:0.000, j=17:0.026, j=18:0.949, j=19:0.025
      i=20 -> j=0:0.000, j=1:0.000, j=2:0.000, j=3:0.000, j=4:0.000, j=5:0.000, j=6:0.000, j=7:0.000, j=8:0.000, j=9:0.000, j=10:0.000, j=11:0.000, j=12:0.000, j=13:0.000, j=14:0.000, j=15:0.000, j=16:0.000, j=17:0.000, j=18:0.017, j=19:0.967, j=20:0.016
      i=21 -> j=0:0.000, j=1:0.000, j=2:0.000, j=3:0.000, j=4:0.000, j=5:0.000, j=6:0.000, j=7:0.000, j=8:0.000, j=9:0.000, j=10:0.000, j=11:0.000, j=12:0.000, j=13:0.000, j=14:0.000, j=15:0.000, j=16:0.000, j=17:0.000, j=18:0.000, j=19:0.032, j=20:0.937, j=21:0.032
      i=22 -> j=0:0.000, j=1:0.000, j=2:0.000, j=3:0.000, j=4:0.000, j=5:0.000, j=6:0.000, j=7:0.000, j=8:0.000, j=9:0.000, j=10:0.000, j=11:0.000, j=12:0.000, j=13:0.000, j=14:0.000, j=15:0.000, j=16:0.000, j=17:0.000, j=18:0.000, j=19:0.000, j=20:0.019, j=21:0.956, j=22:0.025
      i=23 -> j=0:0.000, j=1:0.000, j=2:0.000, j=3:0.000, j=4:0.000, j=5:0.000, j=6:0.000, j=7:0.000, j=8:0.000, j=9:0.000, j=10:0.000, j=11:0.000, j=12:0.000, j=13:0.000, j=14:0.000, j=15:0.000, j=16:0.000, j=17:0.000, j=18:0.000, j=19:0.000, j=20:0.000, j=21:0.025, j=22:0.954, j=23:0.021
      i=24 -> j=0:0.000, j=1:0.000, j=2:0.000, j=3:0.000, j=4:0.000, j=5:0.000, j=6:0.000, j=7:0.000, j=8:0.000, j=9:0.000, j=10:0.000, j=11:0.000, j=12:0.000, j=13:0.000, j=14:0.000, j=15:0.000, j=16:0.000, j=17:0.000, j=18:0.000, j=19:0.000, j=20:0.000, j=21:0.000, j=22:0.027, j=23:0.945, j=24:0.028
      i=25 -> j=0:0.000, j=1:0.000, j=2:0.000, j=3:0.000, j=4:0.000, j=5:0.000, j=6:0.000, j=7:0.000, j=8:0.000, j=9:0.000, j=10:0.000, j=11:0.000, j=12:0.000, j=13:0.000, j=14:0.000, j=15:0.000, j=16:0.000, j=17:0.000, j=18:0.000, j=19:0.000, j=20:0.000, j=21:0.000, j=22:0.000, j=23:0.018, j=24:0.958, j=25:0.025
      i=26 -> j=0:0.000, j=1:0.000, j=2:0.000, j=3:0.000, j=4:0.000, j=5:0.000, j=6:0.000, j=7:0.000, j=8:0.000, j=9:0.000, j=10:0.000, j=11:0.000, j=12:0.000, j=13:0.000, j=14:0.000, j=15:0.000, j=16:0.000, j=17:0.000, j=18:0.000, j=19:0.000, j=20:0.000, j=21:0.000, j=22:0.000, j=23:0.000, j=24:0.029, j=25:0.943, j=26:0.027
      i=27 -> j=0:0.000, j=1:0.000, j=2:0.000, j=3:0.000, j=4:0.000, j=5:0.000, j=6:0.000, j=7:0.000, j=8:0.000, j=9:0.000, j=10:0.000, j=11:0.000, j=12:0.000, j=13:0.000, j=14:0.000, j=15:0.000, j=16:0.000, j=17:0.000, j=18:0.000, j=19:0.000, j=20:0.000, j=21:0.000, j=22:0.000, j=23:0.000, j=24:0.000, j=25:0.026, j=26:0.945, j=27:0.029
      i=28 -> j=0:0.000, j=1:0.000, j=2:0.000, j=3:0.000, j=4:0.000, j=5:0.000, j=6:0.000, j=7:0.000, j=8:0.000, j=9:0.000, j=10:0.000, j=11:0.000, j=12:0.000, j=13:0.000, j=14:0.000, j=15:0.000, j=16:0.000, j=17:0.000, j=18:0.000, j=19:0.000, j=20:0.000, j=21:0.000, j=22:0.000, j=23:0.000, j=24:0.000, j=25:0.000, j=26:0.022, j=27:0.940, j=28:0.037
      i=29 -> j=0:0.000, j=1:0.000, j=2:0.000, j=3:0.000, j=4:0.000, j=5:0.000, j=6:0.000, j=7:0.000, j=8:0.000, j=9:0.000, j=10:0.000, j=11:0.000, j=12:0.000, j=13:0.000, j=14:0.000, j=15:0.000, j=16:0.000, j=17:0.000, j=18:0.000, j=19:0.000, j=20:0.000, j=21:0.000, j=22:0.000, j=23:0.000, j=24:0.000, j=25:0.000, j=26:0.000, j=27:0.017, j=28:0.953, j=29:0.030
      i=30 -> j=0:0.000, j=1:0.000, j=2:0.000, j=3:0.000, j=4:0.000, j=5:0.000, j=6:0.000, j=7:0.000, j=8:0.000, j=9:0.000, j=10:0.000, j=11:0.000, j=12:0.000, j=13:0.000, j=14:0.000, j=15:0.000, j=16:0.000, j=17:0.000, j=18:0.000, j=19:0.000, j=20:0.000, j=21:0.000, j=22:0.000, j=23:0.000, j=24:0.000, j=25:0.000, j=26:0.000, j=27:0.000, j=28:0.016, j=29:0.963, j=30:0.021
      i=31 -> j=0:0.000, j=1:0.000, j=2:0.000, j=3:0.000, j=4:0.000, j=5:0.000, j=6:0.000, j=7:0.000, j=8:0.000, j=9:0.000, j=10:0.000, j=11:0.000, j=12:0.000, j=13:0.000, j=14:0.000, j=15:0.000, j=16:0.000, j=17:0.000, j=18:0.000, j=19:0.000, j=20:0.000, j=21:0.000, j=22:0.000, j=23:0.000, j=24:0.000, j=25:0.000, j=26:0.000, j=27:0.000, j=28:0.000, j=29:0.022, j=30:0.954, j=31:0.024
    Average attention per distance:
      d=0:0.057, d=1:0.951, d=2:0.023

--- Layer 1 ---
  Head 0: Entropy=1.151
    Attention coefficients from each query position to previous positions:
      i= 0 -> j=0:1.000
      i= 1 -> j=0:0.703, j=1:0.297
      i= 2 -> j=0:0.153, j=1:0.788, j=2:0.059
      i= 3 -> j=0:0.014, j=1:0.344, j=2:0.404, j=3:0.238
      i= 4 -> j=0:0.000, j=1:0.006, j=2:0.187, j=3:0.552, j=4:0.255
      i= 5 -> j=0:0.000, j=1:0.000, j=2:0.008, j=3:0.198, j=4:0.706, j=5:0.089
      i= 6 -> j=0:0.000, j=1:0.000, j=2:0.000, j=3:0.005, j=4:0.261, j=5:0.659, j=6:0.075
      i= 7 -> j=0:0.000, j=1:0.000, j=2:0.000, j=3:0.001, j=4:0.014, j=5:0.209, j=6:0.651, j=7:0.125
      i= 8 -> j=0:0.001, j=1:0.000, j=2:0.000, j=3:0.000, j=4:0.000, j=5:0.011, j=6:0.273, j=7:0.539, j=8:0.175
      i= 9 -> j=0:0.001, j=1:0.001, j=2:0.000, j=3:0.000, j=4:0.000, j=5:0.000, j=6:0.008, j=7:0.106, j=8:0.812, j=9:0.071
      i=10 -> j=0:0.001, j=1:0.002, j=2:0.001, j=3:0.000, j=4:0.000, j=5:0.000, j=6:0.000, j=7:0.017, j=8:0.431, j=9:0.446, j=10:0.101
      i=11 -> j=0:0.002, j=1:0.003, j=2:0.009, j=3:0.005, j=4:0.001, j=5:0.000, j=6:0.000, j=7:0.003, j=8:0.033, j=9:0.282, j=10:0.559, j=11:0.102
      i=12 -> j=0:0.001, j=1:0.001, j=2:0.003, j=3:0.005, j=4:0.002, j=5:0.000, j=6:0.000, j=7:0.000, j=8:0.000, j=9:0.006, j=10:0.212, j=11:0.456, j=12:0.313
      i=13 -> j=0:0.001, j=1:0.000, j=2:0.000, j=3:0.001, j=4:0.002, j=5:0.001, j=6:0.000, j=7:0.000, j=8:0.000, j=9:0.000, j=10:0.007, j=11:0.164, j=12:0.659, j=13:0.164
      i=14 -> j=0:0.002, j=1:0.001, j=2:0.001, j=3:0.001, j=4:0.001, j=5:0.002, j=6:0.001, j=7:0.000, j=8:0.000, j=9:0.000, j=10:0.000, j=11:0.004, j=12:0.206, j=13:0.685, j=14:0.096
      i=15 -> j=0:0.005, j=1:0.003, j=2:0.002, j=3:0.001, j=4:0.001, j=5:0.002, j=6:0.003, j=7:0.003, j=8:0.000, j=9:0.000, j=10:0.000, j=11:0.000, j=12:0.014, j=13:0.279, j=14:0.552, j=15:0.136
      i=16 -> j=0:0.005, j=1:0.005, j=2:0.004, j=3:0.003, j=4:0.001, j=5:0.001, j=6:0.002, j=7:0.004, j=8:0.003, j=9:0.000, j=10:0.000, j=11:0.000, j=12:0.000, j=13:0.011, j=14:0.302, j=15:0.477, j=16:0.182
      i=17 -> j=0:0.005, j=1:0.006, j=2:0.011, j=3:0.006, j=4:0.002, j=5:0.001, j=6:0.001, j=7:0.006, j=8:0.005, j=9:0.002, j=10:0.000, j=11:0.000, j=12:0.000, j=13:0.000, j=14:0.022, j=15:0.162, j=16:0.648, j=17:0.124
      i=18 -> j=0:0.003, j=1:0.003, j=2:0.008, j=3:0.008, j=4:0.004, j=5:0.002, j=6:0.001, j=7:0.003, j=8:0.003, j=9:0.003, j=10:0.001, j=11:0.000, j=12:0.000, j=13:0.000, j=14:0.001, j=15:0.008, j=16:0.342, j=17:0.553, j=18:0.057
      i=19 -> j=0:0.006, j=1:0.005, j=2:0.009, j=3:0.010, j=4:0.010, j=5:0.008, j=6:0.002, j=7:0.004, j=8:0.002, j=9:0.003, j=10:0.004, j=11:0.002, j=12:0.001, j=13:0.000, j=14:0.000, j=15:0.001, j=16:0.019, j=17:0.203, j=18:0.509, j=19:0.202
      i=20 -> j=0:0.008, j=1:0.006, j=2:0.005, j=3:0.006, j=4:0.009, j=5:0.010, j=6:0.008, j=7:0.003, j=8:0.002, j=9:0.002, j=10:0.004, j=11:0.007, j=12:0.004, j=13:0.001, j=14:0.000, j=15:0.000, j=16:0.001, j=17:0.018, j=18:0.356, j=19:0.490, j=20:0.059
      i=21 -> j=0:0.031, j=1:0.031, j=2:0.020, j=3:0.020, j=4:0.027, j=5:0.032, j=6:0.050, j=7:0.020, j=8:0.018, j=9:0.018, j=10:0.020, j=11:0.034, j=12:0.022, j=13:0.026, j=14:0.009, j=15:0.009, j=16:0.005, j=17:0.017, j=18:0.107, j=19:0.174, j=20:0.177, j=21:0.132
      i=22 -> j=0:0.015, j=1:0.021, j=2:0.015, j=3:0.009, j=4:0.010, j=5:0.013, j=6:0.022, j=7:0.017, j=8:0.012, j=9:0.009, j=10:0.005, j=11:0.007, j=12:0.008, j=13:0.015, j=14:0.007, j=15:0.004, j=16:0.001, j=17:0.001, j=18:0.004, j=19:0.032, j=20:0.203, j=21:0.343, j=22:0.229
      i=23 -> j=0:0.008, j=1:0.012, j=2:0.011, j=3:0.013, j=4:0.010, j=5:0.007, j=6:0.011, j=7:0.010, j=8:0.016, j=9:0.011, j=10:0.007, j=11:0.004, j=12:0.003, j=13:0.007, j=14:0.009, j=15:0.008, j=16:0.002, j=17:0.001, j=18:0.000, j=19:0.002, j=20:0.026, j=21:0.117, j=22:0.580, j=23:0.128
      i=24 -> j=0:0.002, j=1:0.002, j=2:0.003, j=3:0.006, j=4:0.005, j=5:0.003, j=6:0.003, j=7:0.002, j=8:0.006, j=9:0.006, j=10:0.006, j=11:0.002, j=12:0.001, j=13:0.001, j=14:0.002, j=15:0.005, j=16:0.003, j=17:0.001, j=18:0.000, j=19:0.000, j=20:0.001, j=21:0.006, j=22:0.191, j=23:0.459, j=24:0.284
      i=25 -> j=0:0.002, j=1:0.001, j=2:0.002, j=3:0.006, j=4:0.005, j=5:0.004, j=6:0.001, j=7:0.003, j=8:0.004, j=9:0.002, j=10:0.004, j=11:0.002, j=12:0.001, j=13:0.001, j=14:0.001, j=15:0.001, j=16:0.006, j=17:0.002, j=18:0.000, j=19:0.000, j=20:0.001, j=21:0.000, j=22:0.012, j=23:0.486, j=24:0.391, j=25:0.062
      i=26 -> j=0:0.004, j=1:0.002, j=2:0.004, j=3:0.005, j=4:0.006, j=5:0.009, j=6:0.004, j=7:0.009, j=8:0.004, j=9:0.003, j=10:0.004, j=11:0.004, j=12:0.007, j=13:0.002, j=14:0.002, j=15:0.001, j=16:0.004, j=17:0.003, j=18:0.001, j=19:0.001, j=20:0.001, j=21:0.000, j=22:0.001, j=23:0.036, j=24:0.219, j=25:0.505, j=26:0.161
      i=27 -> j=0:0.003, j=1:0.002, j=2:0.003, j=3:0.001, j=4:0.002, j=5:0.005, j=6:0.003, j=7:0.009, j=8:0.002, j=9:0.002, j=10:0.001, j=11:0.003, j=12:0.008, j=13:0.003, j=14:0.001, j=15:0.001, j=16:0.001, j=17:0.001, j=18:0.002, j=19:0.002, j=20:0.000, j=21:0.000, j=22:0.000, j=23:0.001, j=24:0.013, j=25:0.293, j=26:0.477, j=27:0.158
      i=28 -> j=0:0.001, j=1:0.001, j=2:0.001, j=3:0.001, j=4:0.001, j=5:0.001, j=6:0.001, j=7:0.004, j=8:0.003, j=9:0.001, j=10:0.001, j=11:0.001, j=12:0.003, j=13:0.003, j=14:0.002, j=15:0.000, j=16:0.001, j=17:0.000, j=18:0.000, j=19:0.002, j=20:0.002, j=21:0.000, j=22:0.000, j=23:0.000, j=24:0.000, j=25:0.003, j=26:0.151, j=27:0.630, j=28:0.186
      i=29 -> j=0:0.001, j=1:0.002, j=2:0.003, j=3:0.001, j=4:0.001, j=5:0.001, j=6:0.001, j=7:0.005, j=8:0.003, j=9:0.003, j=10:0.001, j=11:0.001, j=12:0.002, j=13:0.003, j=14:0.003, j=15:0.002, j=16:0.001, j=17:0.001, j=18:0.001, j=19:0.001, j=20:0.002, j=21:0.001, j=22:0.000, j=23:0.000, j=24:0.000, j=25:0.000, j=26:0.005, j=27:0.145, j=28:0.720, j=29:0.087
      i=30 -> j=0:0.002, j=1:0.002, j=2:0.004, j=3:0.002, j=4:0.002, j=5:0.002, j=6:0.002, j=7:0.004, j=8:0.004, j=9:0.007, j=10:0.003, j=11:0.003, j=12:0.003, j=13:0.003, j=14:0.004, j=15:0.005, j=16:0.002, j=17:0.001, j=18:0.001, j=19:0.001, j=20:0.002, j=21:0.003, j=22:0.002, j=23:0.001, j=24:0.000, j=25:0.000, j=26:0.000, j=27:0.007, j=28:0.258, j=29:0.526, j=30:0.146
      i=31 -> j=0:0.001, j=1:0.001, j=2:0.001, j=3:0.002, j=4:0.002, j=5:0.001, j=6:0.001, j=7:0.001, j=8:0.002, j=9:0.002, j=10:0.004, j=11:0.002, j=12:0.001, j=13:0.001, j=14:0.002, j=15:0.003, j=16:0.006, j=17:0.003, j=18:0.001, j=19:0.001, j=20:0.001, j=21:0.001, j=22:0.002, j=23:0.001, j=24:0.000, j=25:0.000, j=26:0.000, j=27:0.000, j=28:0.013, j=29:0.453, j=30:0.412, j=31:0.079
    Average attention per distance:
      d=0:0.174, d=1:0.551, d=2:0.245, d=3:0.017, d=15:0.010


======================================================================
QK Property Verification (Raw Scores, before Softmax)
======================================================================
Recurrence order init_len=2, num test sequences=1

--- [P1] Long-distance Orthogonality Verification ---
Ideal: raw_score mean ≈ 0 and small std when d > init_len

  Layer 0, Head 0:
    d= 1 (effective): mean= 24.737, std= 0.437, n=31
    d= 2 (effective): mean= 20.989, std= 0.364, n=30
    d>2 (long-distance): mean= -1.481, std= 4.393, n=435

  Layer 1, Head 0:
    d= 1 (effective): mean=  5.228, std= 0.920, n=31
    d= 2 (effective): mean=  4.389, std= 0.825, n=30
    d>2 (long-distance): mean= -0.618, std= 1.376, n=435

--- [P2] Time-homogeneous Verification ---
Ideal: CV of raw_score across positions i ≈ 0 for fixed distance d
(CV = std / |mean|, smaller = more constant)

  Layer 0, Head 0:
    d= 1: mean= 24.737, std= 0.437, CV=0.018, n=31
    d= 2: mean= 20.989, std= 0.364, CV=0.017, n=30

  Layer 1, Head 0:
    d= 1: mean=  5.228, std= 0.920, CV=0.176, n=31
    d= 2: mean=  4.389, std= 0.825, CV=0.188, n=30

======================================================================
QK Property Verification Completed
======================================================================
