=== Experiment: mixed_basic_d512l2r8_seed3 ===
Time: 2026-07-09T14:36:48.404445
Task type: mixed_ab

=== Merged Config ===
--------------------------------------------------
Network Config
--------------------------------------------------
D_MODEL                   512
N_HEAD                    1
N_LAYER                   2
MLP_RATIO                 8
DROPOUT                   0.0
USE_LEARNABLE_PE          False
--------------------------------------------------
Dataset Config
--------------------------------------------------
P                         53
TASK                      mixed_ab
TRAIN_LEN                 16
OOD_LEN                   32
MAX_UNIQUE_RATIO          0.5
MIXED_AB_MAX_UNIQUE_RATIOS [0.7, 0.7]
AB_PAIRS                  [[1, 1], [1, 2]]
A                         1
B                         1
NUM_MASK                  0
--------------------------------------------------
Training Config
--------------------------------------------------
OPTIMIZER                 AdamW
SCHEDULER                 CosineAnnealingLR(T_max=EPOCHS)
BATCH_SIZE                128
LR                        0.0003
WEIGHT_DECAY              1
EPOCHS                    10000
RANDOM_SEED               3
FIRST_TASK_WEIGHT         1.0
ENTROPY_PENALTY_WEIGHT    0.0
EVAL_INTERVAL             20
EARLY_STOP_ACCURACY       0.99
EARLY_STOP_NO_IMPROVE     3000
USE_GREEDY_GENERATE       True
--------------------------------------------------

--- output ---
Using device: cuda

[Dataset] Mixed mode: generated 4030 + 1588 samples, length 16
AB parameter pairs: [(1, 1), (1, 2)]
  - AB=(1,1): train 2052 | test 757 | exposed ~73.1%
  - AB=(1,2): train 1978 | test 831 | exposed ~70.4%
--------------------------------------------------
[Model config] block_size: 32, train length: 16
[Number theory] AB parameter pairs: [(1, 1), (1, 2)]


Model parameters: 10.66M

Start training...
Epoch   0 | Train: Loss=4.1707 Acc=6.5% | Test: Acc=0.3% | Best=0.3%(@0)
  from x3: 0.00 0.01 0.01 0.00 0.00 0.00 0.00 0.00 0.00 0.00 0.00 0.00 0.00
  per-rule acc: 0.01 0.00
Epoch  20 | Train: Loss=0.0200 Acc=99.7% | Test: Acc=2.6% | Best=2.6%(@20)
  from x3: 0.03 0.03 0.03 0.02 0.03 0.03 0.03 0.03 0.03 0.03 0.03 0.03 0.02
  per-rule acc: 0.03 0.03
Epoch  40 | Train: Loss=0.0040 Acc=99.9% | Test: Acc=2.5% | Best=2.6%(@20)
  from x3: 0.03 0.03 0.03 0.02 0.02 0.02 0.03 0.02 0.03 0.03 0.03 0.03 0.03
  per-rule acc: 0.03 0.02
Epoch  60 | Train: Loss=0.0276 Acc=99.5% | Test: Acc=4.7% | Best=4.7%(@60)
  from x3: 0.06 0.05 0.05 0.05 0.05 0.05 0.04 0.04 0.04 0.04 0.04 0.05 0.04
  per-rule acc: 0.06 0.03
Epoch  80 | Train: Loss=0.0038 Acc=99.9% | Test: Acc=4.9% | Best=4.9%(@80)
  from x3: 0.05 0.06 0.05 0.05 0.05 0.05 0.05 0.05 0.05 0.05 0.05 0.05 0.05
  per-rule acc: 0.05 0.05
Epoch 100 | Train: Loss=0.0300 Acc=99.5% | Test: Acc=8.6% | Best=8.6%(@100)
  from x3: 0.09 0.10 0.09 0.09 0.09 0.09 0.08 0.08 0.08 0.08 0.08 0.09 0.09
  per-rule acc: 0.13 0.04
Epoch 120 | Train: Loss=0.0035 Acc=99.9% | Test: Acc=10.0% | Best=10.0%(@120)
  from x3: 0.11 0.11 0.10 0.10 0.09 0.10 0.10 0.10 0.10 0.10 0.10 0.10 0.10
  per-rule acc: 0.12 0.08
Epoch 140 | Train: Loss=0.0885 Acc=99.1% | Test: Acc=15.7% | Best=15.7%(@140)
  from x3: 0.17 0.16 0.15 0.15 0.15 0.15 0.16 0.15 0.16 0.16 0.16 0.16 0.16
  per-rule acc: 0.26 0.06
Epoch 160 | Train: Loss=0.0031 Acc=99.9% | Test: Acc=21.8% | Best=21.8%(@160)
  from x3: 0.24 0.23 0.22 0.22 0.22 0.22 0.22 0.21 0.22 0.21 0.21 0.21 0.21
  per-rule acc: 0.30 0.14
Epoch 180 | Train: Loss=0.0372 Acc=99.6% | Test: Acc=34.3% | Best=34.3%(@180)
  from x3: 0.32 0.34 0.34 0.35 0.34 0.35 0.35 0.35 0.35 0.35 0.34 0.34 0.34
  per-rule acc: 0.53 0.17
Epoch 200 | Train: Loss=0.0032 Acc=99.9% | Test: Acc=39.8% | Best=39.8%(@200)
  from x3: 0.42 0.41 0.39 0.39 0.40 0.40 0.40 0.40 0.40 0.40 0.39 0.39 0.39
  per-rule acc: 0.55 0.26
Epoch 220 | Train: Loss=0.0023 Acc=99.9% | Test: Acc=52.6% | Best=52.6%(@220)
  from x3: 0.53 0.52 0.53 0.53 0.53 0.53 0.52 0.53 0.53 0.53 0.52 0.52 0.52
  per-rule acc: 0.68 0.38
Epoch 240 | Train: Loss=0.0037 Acc=99.9% | Test: Acc=48.4% | Best=52.6%(@220)
  from x3: 0.52 0.51 0.51 0.49 0.50 0.49 0.49 0.48 0.47 0.47 0.46 0.46 0.45
  per-rule acc: 0.62 0.37
Epoch 260 | Train: Loss=0.0030 Acc=99.9% | Test: Acc=67.2% | Best=67.2%(@260)
  from x3: 0.68 0.68 0.68 0.67 0.68 0.68 0.67 0.67 0.67 0.67 0.67 0.67 0.66
  per-rule acc: 0.78 0.57
Epoch 280 | Train: Loss=0.0086 Acc=99.9% | Test: Acc=65.0% | Best=67.2%(@260)
  from x3: 0.65 0.64 0.65 0.65 0.65 0.65 0.65 0.65 0.65 0.65 0.65 0.65 0.65
  per-rule acc: 0.80 0.51
Epoch 300 | Train: Loss=0.0034 Acc=99.9% | Test: Acc=75.9% | Best=75.9%(@300)
  from x3: 0.78 0.76 0.76 0.76 0.76 0.76 0.76 0.76 0.76 0.76 0.76 0.76 0.75
  per-rule acc: 0.83 0.70
Epoch 320 | Train: Loss=0.0029 Acc=99.9% | Test: Acc=80.1% | Best=80.1%(@320)
  from x3: 0.81 0.80 0.80 0.80 0.80 0.80 0.80 0.80 0.80 0.80 0.80 0.80 0.79
  per-rule acc: 0.85 0.76
Epoch 340 | Train: Loss=0.0024 Acc=99.9% | Test: Acc=81.6% | Best=81.6%(@340)
  from x3: 0.82 0.82 0.81 0.81 0.81 0.81 0.82 0.81 0.82 0.82 0.82 0.82 0.82
  per-rule acc: 0.86 0.78
Epoch 360 | Train: Loss=0.0036 Acc=99.9% | Test: Acc=86.3% | Best=86.3%(@360)
  from x3: 0.87 0.87 0.86 0.86 0.86 0.86 0.86 0.86 0.86 0.86 0.86 0.86 0.86
  per-rule acc: 0.90 0.83
Epoch 380 | Train: Loss=0.0029 Acc=99.9% | Test: Acc=88.2% | Best=88.2%(@380)
  from x3: 0.89 0.89 0.88 0.88 0.88 0.88 0.88 0.88 0.88 0.88 0.88 0.88 0.88
  per-rule acc: 0.91 0.85
Epoch 400 | Train: Loss=0.0027 Acc=99.9% | Test: Acc=89.9% | Best=89.9%(@400)
  from x3: 0.92 0.90 0.90 0.90 0.90 0.90 0.90 0.90 0.90 0.90 0.90 0.90 0.90
  per-rule acc: 0.93 0.87
Epoch 420 | Train: Loss=0.0024 Acc=99.9% | Test: Acc=90.3% | Best=90.3%(@420)
  from x3: 0.92 0.90 0.90 0.90 0.90 0.90 0.90 0.90 0.90 0.90 0.90 0.90 0.90
  per-rule acc: 0.92 0.88
Epoch 440 | Train: Loss=0.0497 Acc=99.5% | Test: Acc=83.9% | Best=90.3%(@420)
  from x3: 0.83 0.84 0.84 0.84 0.84 0.84 0.84 0.84 0.84 0.84 0.84 0.84 0.84
  per-rule acc: 0.89 0.80
Epoch 460 | Train: Loss=0.0031 Acc=99.9% | Test: Acc=93.7% | Best=93.7%(@460)
  from x3: 0.94 0.94 0.94 0.94 0.94 0.94 0.94 0.94 0.94 0.94 0.94 0.94 0.94
  per-rule acc: 0.95 0.92
Epoch 480 | Train: Loss=0.0027 Acc=99.9% | Test: Acc=94.0% | Best=94.0%(@480)
  from x3: 0.95 0.94 0.94 0.94 0.94 0.94 0.94 0.94 0.94 0.94 0.94 0.94 0.94
  per-rule acc: 0.96 0.93
Epoch 500 | Train: Loss=0.0034 Acc=99.9% | Test: Acc=94.3% | Best=94.3%(@500)
  from x3: 0.94 0.94 0.94 0.94 0.94 0.94 0.94 0.94 0.94 0.94 0.94 0.94 0.94
  per-rule acc: 0.94 0.95
Epoch 520 | Train: Loss=0.0034 Acc=99.9% | Test: Acc=96.1% | Best=96.1%(@520)
  from x3: 0.97 0.96 0.96 0.96 0.96 0.96 0.96 0.96 0.96 0.96 0.96 0.96 0.96
  per-rule acc: 0.97 0.95
Epoch 540 | Train: Loss=0.0029 Acc=99.9% | Test: Acc=96.4% | Best=96.4%(@540)
  from x3: 0.97 0.96 0.96 0.96 0.96 0.96 0.96 0.96 0.96 0.96 0.96 0.96 0.96
  per-rule acc: 0.97 0.96
Epoch 560 | Train: Loss=0.0159 Acc=99.9% | Test: Acc=91.8% | Best=96.4%(@540)
  from x3: 0.91 0.92 0.92 0.92 0.92 0.92 0.92 0.92 0.92 0.92 0.92 0.92 0.92
  per-rule acc: 0.94 0.89
Epoch 580 | Train: Loss=0.0031 Acc=99.9% | Test: Acc=96.7% | Best=96.7%(@580)
  from x3: 0.97 0.97 0.97 0.97 0.97 0.97 0.97 0.97 0.97 0.97 0.97 0.97 0.97
  per-rule acc: 0.97 0.96
Epoch 600 | Train: Loss=0.0025 Acc=99.9% | Test: Acc=96.6% | Best=96.7%(@580)
  from x3: 0.96 0.97 0.97 0.97 0.97 0.97 0.97 0.97 0.97 0.97 0.97 0.97 0.97
  per-rule acc: 0.97 0.96
Epoch 620 | Train: Loss=0.0033 Acc=99.9% | Test: Acc=96.8% | Best=96.8%(@620)
  from x3: 0.97 0.97 0.97 0.97 0.97 0.97 0.97 0.97 0.97 0.97 0.97 0.97 0.97
  per-rule acc: 0.97 0.96
Epoch 640 | Train: Loss=0.0026 Acc=99.9% | Test: Acc=97.3% | Best=97.3%(@640)
  from x3: 0.97 0.97 0.97 0.97 0.97 0.97 0.97 0.97 0.97 0.97 0.97 0.97 0.97
  per-rule acc: 0.98 0.97
Epoch 660 | Train: Loss=0.0549 Acc=99.5% | Test: Acc=90.4% | Best=97.3%(@640)
  from x3: 0.89 0.91 0.91 0.91 0.91 0.91 0.91 0.90 0.91 0.90 0.90 0.90 0.90
  per-rule acc: 0.94 0.87
Epoch 680 | Train: Loss=0.0029 Acc=99.9% | Test: Acc=97.4% | Best=97.4%(@680)
  from x3: 0.97 0.97 0.97 0.97 0.97 0.97 0.97 0.97 0.97 0.97 0.97 0.97 0.97
  per-rule acc: 0.98 0.97
Epoch 700 | Train: Loss=0.0246 Acc=99.6% | Test: Acc=92.9% | Best=97.4%(@680)
  from x3: 0.91 0.93 0.93 0.93 0.93 0.93 0.93 0.93 0.93 0.93 0.93 0.93 0.93
  per-rule acc: 0.95 0.91
Epoch 720 | Train: Loss=0.0028 Acc=99.9% | Test: Acc=97.5% | Best=97.5%(@720)
  from x3: 0.97 0.97 0.98 0.98 0.98 0.98 0.98 0.98 0.98 0.98 0.98 0.98 0.98
  per-rule acc: 0.98 0.97
Epoch 740 | Train: Loss=0.0328 Acc=99.6% | Test: Acc=91.1% | Best=97.5%(@720)
  from x3: 0.91 0.91 0.91 0.91 0.91 0.91 0.91 0.91 0.91 0.91 0.91 0.91 0.91
  per-rule acc: 0.93 0.89
Epoch 760 | Train: Loss=0.0028 Acc=99.9% | Test: Acc=97.5% | Best=97.5%(@720)
  from x3: 0.97 0.98 0.98 0.98 0.98 0.98 0.98 0.98 0.97 0.97 0.97 0.97 0.97
  per-rule acc: 0.98 0.97
Epoch 780 | Train: Loss=0.0034 Acc=99.9% | Test: Acc=97.3% | Best=97.5%(@720)
  from x3: 0.97 0.97 0.97 0.97 0.97 0.97 0.97 0.97 0.97 0.97 0.97 0.97 0.97
  per-rule acc: 0.98 0.97
Epoch 800 | Train: Loss=0.0024 Acc=99.9% | Test: Acc=97.6% | Best=97.6%(@800)
  from x3: 0.98 0.98 0.97 0.97 0.97 0.97 0.97 0.97 0.98 0.98 0.98 0.98 0.98
  per-rule acc: 0.98 0.97
Epoch 820 | Train: Loss=0.0032 Acc=99.9% | Test: Acc=97.2% | Best=97.6%(@800)
  from x3: 0.97 0.97 0.97 0.97 0.97 0.97 0.97 0.97 0.97 0.97 0.97 0.97 0.97
  per-rule acc: 0.98 0.97
Epoch 840 | Train: Loss=0.0020 Acc=99.9% | Test: Acc=97.8% | Best=97.8%(@840)
  from x3: 0.98 0.98 0.98 0.98 0.98 0.98 0.98 0.98 0.98 0.98 0.98 0.98 0.98
  per-rule acc: 0.98 0.97
Epoch 860 | Train: Loss=0.0031 Acc=99.9% | Test: Acc=97.6% | Best=97.8%(@840)
  from x3: 0.98 0.98 0.98 0.98 0.98 0.98 0.98 0.98 0.98 0.98 0.98 0.98 0.98
  per-rule acc: 0.98 0.97
Epoch 880 | Train: Loss=0.0453 Acc=99.5% | Test: Acc=90.4% | Best=97.8%(@840)
  from x3: 0.89 0.90 0.91 0.91 0.91 0.91 0.90 0.90 0.91 0.91 0.91 0.91 0.91
  per-rule acc: 0.94 0.87
Epoch 900 | Train: Loss=0.0026 Acc=99.9% | Test: Acc=97.8% | Best=97.8%(@840)
  from x3: 0.98 0.98 0.98 0.98 0.98 0.98 0.98 0.98 0.98 0.98 0.98 0.98 0.98
  per-rule acc: 0.98 0.97
Epoch 920 | Train: Loss=0.0032 Acc=99.9% | Test: Acc=97.6% | Best=97.8%(@840)
  from x3: 0.97 0.98 0.98 0.98 0.98 0.98 0.98 0.98 0.98 0.98 0.98 0.98 0.98
  per-rule acc: 0.98 0.97
Epoch 940 | Train: Loss=0.0021 Acc=99.9% | Test: Acc=97.9% | Best=97.9%(@940)
  from x3: 0.97 0.98 0.98 0.98 0.98 0.98 0.98 0.98 0.98 0.98 0.98 0.98 0.98
  per-rule acc: 0.99 0.97
Epoch 960 | Train: Loss=0.0031 Acc=99.9% | Test: Acc=97.5% | Best=97.9%(@940)
  from x3: 0.97 0.97 0.98 0.98 0.98 0.98 0.98 0.98 0.98 0.98 0.98 0.98 0.98
  per-rule acc: 0.98 0.97
Epoch 980 | Train: Loss=0.0486 Acc=99.5% | Test: Acc=89.8% | Best=97.9%(@940)
  from x3: 0.88 0.90 0.90 0.90 0.90 0.90 0.90 0.90 0.90 0.90 0.90 0.90 0.90
  per-rule acc: 0.94 0.86
Epoch 1000 | Train: Loss=0.0024 Acc=99.9% | Test: Acc=97.9% | Best=97.9%(@940)
  from x3: 0.98 0.98 0.98 0.98 0.98 0.98 0.98 0.98 0.98 0.98 0.98 0.98 0.98
  per-rule acc: 0.98 0.97
Epoch 1020 | Train: Loss=0.0031 Acc=99.9% | Test: Acc=97.3% | Best=97.9%(@940)
  from x3: 0.97 0.97 0.97 0.97 0.97 0.97 0.97 0.97 0.97 0.97 0.97 0.97 0.97
  per-rule acc: 0.98 0.97
Epoch 1040 | Train: Loss=0.0040 Acc=99.9% | Test: Acc=97.0% | Best=97.9%(@940)
  from x3: 0.97 0.97 0.97 0.97 0.97 0.97 0.97 0.97 0.97 0.97 0.97 0.97 0.97
  per-rule acc: 0.98 0.96
Epoch 1060 | Train: Loss=0.0028 Acc=99.9% | Test: Acc=97.8% | Best=97.9%(@940)
  from x3: 0.98 0.98 0.98 0.98 0.98 0.98 0.98 0.98 0.98 0.98 0.98 0.98 0.98
  per-rule acc: 0.98 0.97
Epoch 1080 | Train: Loss=0.0031 Acc=99.9% | Test: Acc=97.2% | Best=97.9%(@940)
  from x3: 0.97 0.97 0.97 0.97 0.97 0.97 0.97 0.97 0.97 0.97 0.97 0.97 0.97
  per-rule acc: 0.98 0.97
Epoch 1100 | Train: Loss=0.0021 Acc=99.9% | Test: Acc=97.8% | Best=97.9%(@940)
  from x3: 0.98 0.98 0.98 0.98 0.98 0.98 0.98 0.98 0.98 0.98 0.98 0.98 0.98
  per-rule acc: 0.99 0.97
Epoch 1120 | Train: Loss=0.0031 Acc=99.9% | Test: Acc=97.6% | Best=97.9%(@940)
  from x3: 0.97 0.98 0.98 0.98 0.98 0.98 0.98 0.98 0.98 0.98 0.98 0.98 0.98
  per-rule acc: 0.98 0.97
Epoch 1140 | Train: Loss=0.0137 Acc=99.9% | Test: Acc=95.7% | Best=97.9%(@940)
  from x3: 0.94 0.96 0.96 0.96 0.96 0.96 0.96 0.96 0.96 0.96 0.96 0.96 0.96
  per-rule acc: 0.97 0.95
Epoch 1160 | Train: Loss=0.0026 Acc=99.9% | Test: Acc=97.6% | Best=97.9%(@940)
  from x3: 0.98 0.97 0.98 0.98 0.98 0.98 0.98 0.98 0.98 0.98 0.98 0.98 0.98
  per-rule acc: 0.98 0.97
Epoch 1180 | Train: Loss=0.0031 Acc=99.9% | Test: Acc=97.5% | Best=97.9%(@940)
  from x3: 0.97 0.97 0.98 0.98 0.98 0.98 0.98 0.97 0.97 0.97 0.97 0.97 0.97
  per-rule acc: 0.98 0.97
Epoch 1200 | Train: Loss=0.0019 Acc=99.9% | Test: Acc=97.8% | Best=97.9%(@940)
  from x3: 0.97 0.98 0.98 0.98 0.98 0.98 0.98 0.98 0.98 0.98 0.98 0.98 0.98
  per-rule acc: 0.98 0.97
Epoch 1220 | Train: Loss=0.0029 Acc=99.9% | Test: Acc=97.6% | Best=97.9%(@940)
  from x3: 0.97 0.98 0.98 0.98 0.98 0.98 0.98 0.98 0.98 0.98 0.98 0.98 0.98
  per-rule acc: 0.98 0.97
Epoch 1240 | Train: Loss=0.0030 Acc=99.9% | Test: Acc=97.0% | Best=97.9%(@940)
  from x3: 0.97 0.97 0.97 0.97 0.97 0.97 0.97 0.97 0.97 0.97 0.97 0.97 0.97
  per-rule acc: 0.98 0.97
Epoch 1260 | Train: Loss=0.0019 Acc=99.9% | Test: Acc=98.1% | Best=98.1%(@1260)
  from x3: 0.98 0.98 0.98 0.98 0.98 0.98 0.98 0.98 0.98 0.98 0.98 0.98 0.98
  per-rule acc: 0.99 0.98
Epoch 1280 | Train: Loss=0.0029 Acc=99.9% | Test: Acc=97.6% | Best=98.1%(@1260)
  from x3: 0.97 0.98 0.98 0.98 0.98 0.98 0.98 0.98 0.98 0.98 0.98 0.98 0.98
  per-rule acc: 0.98 0.97
Epoch 1300 | Train: Loss=0.0470 Acc=99.5% | Test: Acc=90.7% | Best=98.1%(@1260)
  from x3: 0.89 0.91 0.91 0.91 0.91 0.91 0.91 0.91 0.91 0.91 0.91 0.91 0.91
  per-rule acc: 0.91 0.90
Epoch 1320 | Train: Loss=0.0024 Acc=99.9% | Test: Acc=97.9% | Best=98.1%(@1260)
  from x3: 0.98 0.98 0.98 0.98 0.98 0.98 0.98 0.98 0.98 0.98 0.98 0.98 0.98
  per-rule acc: 0.98 0.98
Epoch 1340 | Train: Loss=0.0031 Acc=99.9% | Test: Acc=97.6% | Best=98.1%(@1260)
  from x3: 0.97 0.98 0.98 0.98 0.98 0.98 0.98 0.98 0.98 0.98 0.98 0.98 0.98
  per-rule acc: 0.98 0.97
Epoch 1360 | Train: Loss=0.0019 Acc=99.9% | Test: Acc=98.1% | Best=98.1%(@1260)
  from x3: 0.98 0.98 0.98 0.98 0.98 0.98 0.98 0.98 0.98 0.98 0.98 0.98 0.98
  per-rule acc: 0.99 0.97
Epoch 1380 | Train: Loss=0.0029 Acc=99.9% | Test: Acc=97.8% | Best=98.1%(@1260)
  from x3: 0.98 0.98 0.98 0.98 0.98 0.98 0.98 0.98 0.98 0.98 0.98 0.98 0.98
  per-rule acc: 0.98 0.97
Epoch 1400 | Train: Loss=0.0030 Acc=99.9% | Test: Acc=97.1% | Best=98.1%(@1260)
  from x3: 0.97 0.97 0.97 0.97 0.97 0.97 0.97 0.97 0.97 0.97 0.97 0.97 0.97
  per-rule acc: 0.97 0.97
Epoch 1420 | Train: Loss=0.0019 Acc=99.9% | Test: Acc=97.9% | Best=98.1%(@1260)
  from x3: 0.97 0.98 0.98 0.98 0.98 0.98 0.98 0.98 0.98 0.98 0.98 0.98 0.98
  per-rule acc: 0.98 0.97
Epoch 1440 | Train: Loss=0.0029 Acc=99.9% | Test: Acc=97.4% | Best=98.1%(@1260)
  from x3: 0.97 0.97 0.97 0.97 0.97 0.97 0.97 0.97 0.97 0.97 0.97 0.97 0.97
  per-rule acc: 0.98 0.97
Epoch 1460 | Train: Loss=0.0727 Acc=99.3% | Test: Acc=91.0% | Best=98.1%(@1260)
  from x3: 0.89 0.91 0.91 0.91 0.91 0.91 0.91 0.91 0.91 0.91 0.91 0.91 0.91
  per-rule acc: 0.93 0.89
Epoch 1480 | Train: Loss=0.0022 Acc=99.9% | Test: Acc=97.7% | Best=98.1%(@1260)
  from x3: 0.98 0.98 0.98 0.98 0.98 0.98 0.98 0.98 0.98 0.98 0.98 0.98 0.98
  per-rule acc: 0.98 0.97
Epoch 1500 | Train: Loss=0.0030 Acc=99.9% | Test: Acc=97.6% | Best=98.1%(@1260)
  from x3: 0.97 0.97 0.98 0.98 0.98 0.98 0.98 0.98 0.98 0.98 0.98 0.98 0.98
  per-rule acc: 0.98 0.97
Epoch 1520 | Train: Loss=0.0138 Acc=99.8% | Test: Acc=95.4% | Best=98.1%(@1260)
  from x3: 0.94 0.96 0.96 0.96 0.96 0.96 0.96 0.95 0.95 0.95 0.95 0.95 0.95
  per-rule acc: 0.97 0.93
Epoch 1540 | Train: Loss=0.0025 Acc=99.9% | Test: Acc=97.8% | Best=98.1%(@1260)
  from x3: 0.98 0.98 0.98 0.98 0.98 0.98 0.98 0.98 0.98 0.98 0.98 0.98 0.98
  per-rule acc: 0.98 0.98
Epoch 1560 | Train: Loss=0.0031 Acc=99.9% | Test: Acc=97.5% | Best=98.1%(@1260)
  from x3: 0.97 0.98 0.98 0.98 0.98 0.98 0.98 0.97 0.97 0.97 0.97 0.97 0.97
  per-rule acc: 0.98 0.97
Epoch 1580 | Train: Loss=0.0023 Acc=99.9% | Test: Acc=97.0% | Best=98.1%(@1260)
  from x3: 0.96 0.97 0.97 0.97 0.97 0.97 0.97 0.97 0.97 0.97 0.97 0.97 0.97
  per-rule acc: 0.98 0.96
Epoch 1600 | Train: Loss=0.0028 Acc=99.9% | Test: Acc=97.9% | Best=98.1%(@1260)
  from x3: 0.98 0.98 0.98 0.98 0.98 0.98 0.98 0.98 0.98 0.98 0.98 0.98 0.98
  per-rule acc: 0.98 0.98
Epoch 1620 | Train: Loss=0.0031 Acc=99.9% | Test: Acc=97.3% | Best=98.1%(@1260)
  from x3: 0.97 0.97 0.97 0.97 0.97 0.97 0.97 0.97 0.97 0.97 0.97 0.97 0.97
  per-rule acc: 0.98 0.97
Epoch 1640 | Train: Loss=0.0033 Acc=99.9% | Test: Acc=97.8% | Best=98.1%(@1260)
  from x3: 0.97 0.98 0.98 0.98 0.98 0.98 0.98 0.98 0.98 0.98 0.98 0.98 0.98
  per-rule acc: 0.98 0.97
Epoch 1660 | Train: Loss=0.0030 Acc=99.9% | Test: Acc=97.6% | Best=98.1%(@1260)
  from x3: 0.97 0.98 0.98 0.98 0.98 0.98 0.98 0.98 0.98 0.98 0.98 0.98 0.98
  per-rule acc: 0.98 0.97
Epoch 1680 | Train: Loss=0.0393 Acc=99.5% | Test: Acc=92.0% | Best=98.1%(@1260)
  from x3: 0.89 0.92 0.92 0.92 0.92 0.92 0.92 0.92 0.92 0.92 0.92 0.92 0.92
  per-rule acc: 0.93 0.91
Epoch 1700 | Train: Loss=0.0023 Acc=99.9% | Test: Acc=97.7% | Best=98.1%(@1260)
  from x3: 0.97 0.98 0.98 0.98 0.98 0.98 0.98 0.98 0.98 0.98 0.98 0.98 0.98
  per-rule acc: 0.98 0.97
Epoch 1720 | Train: Loss=0.0032 Acc=99.9% | Test: Acc=97.5% | Best=98.1%(@1260)
  from x3: 0.97 0.98 0.98 0.98 0.98 0.98 0.98 0.98 0.98 0.98 0.98 0.98 0.98
  per-rule acc: 0.98 0.97
Epoch 1740 | Train: Loss=0.0018 Acc=99.9% | Test: Acc=98.0% | Best=98.1%(@1260)
  from x3: 0.98 0.98 0.98 0.98 0.98 0.98 0.98 0.98 0.98 0.98 0.98 0.98 0.98
  per-rule acc: 0.99 0.98
Epoch 1760 | Train: Loss=0.0029 Acc=99.9% | Test: Acc=97.8% | Best=98.1%(@1260)
  from x3: 0.98 0.98 0.98 0.98 0.98 0.98 0.98 0.98 0.98 0.98 0.98 0.98 0.98
  per-rule acc: 0.98 0.98
Epoch 1780 | Train: Loss=0.0226 Acc=99.7% | Test: Acc=93.2% | Best=98.1%(@1260)
  from x3: 0.91 0.93 0.93 0.93 0.93 0.93 0.93 0.93 0.93 0.93 0.93 0.93 0.93
  per-rule acc: 0.95 0.92
Epoch 1800 | Train: Loss=0.0025 Acc=99.9% | Test: Acc=97.5% | Best=98.1%(@1260)
  from x3: 0.98 0.98 0.98 0.98 0.98 0.98 0.97 0.97 0.97 0.97 0.97 0.97 0.97
  per-rule acc: 0.98 0.97
Epoch 1820 | Train: Loss=0.0032 Acc=99.9% | Test: Acc=97.3% | Best=98.1%(@1260)
  from x3: 0.97 0.97 0.97 0.97 0.97 0.97 0.97 0.97 0.97 0.97 0.97 0.97 0.97
  per-rule acc: 0.98 0.97
Epoch 1840 | Train: Loss=0.0057 Acc=99.9% | Test: Acc=97.6% | Best=98.1%(@1260)
  from x3: 0.97 0.98 0.98 0.98 0.98 0.98 0.98 0.98 0.98 0.98 0.98 0.98 0.98
  per-rule acc: 0.98 0.97
Epoch 1860 | Train: Loss=0.0029 Acc=99.9% | Test: Acc=97.8% | Best=98.1%(@1260)
  from x3: 0.97 0.98 0.98 0.98 0.98 0.98 0.98 0.98 0.98 0.98 0.98 0.98 0.98
  per-rule acc: 0.98 0.98
Epoch 1880 | Train: Loss=0.0031 Acc=99.9% | Test: Acc=97.2% | Best=98.1%(@1260)
  from x3: 0.97 0.97 0.97 0.97 0.97 0.97 0.97 0.97 0.97 0.97 0.97 0.97 0.97
  per-rule acc: 0.97 0.97
Epoch 1900 | Train: Loss=0.0020 Acc=99.9% | Test: Acc=97.7% | Best=98.1%(@1260)
  from x3: 0.98 0.98 0.98 0.98 0.98 0.98 0.98 0.98 0.98 0.98 0.98 0.98 0.98
  per-rule acc: 0.98 0.97
Epoch 1920 | Train: Loss=0.0030 Acc=99.9% | Test: Acc=97.7% | Best=98.1%(@1260)
  from x3: 0.98 0.98 0.98 0.98 0.98 0.98 0.98 0.98 0.98 0.98 0.98 0.98 0.98
  per-rule acc: 0.98 0.97
Epoch 1940 | Train: Loss=0.0129 Acc=99.8% | Test: Acc=95.2% | Best=98.1%(@1260)
  from x3: 0.94 0.95 0.95 0.95 0.95 0.95 0.95 0.95 0.95 0.95 0.95 0.95 0.95
  per-rule acc: 0.96 0.94
Epoch 1960 | Train: Loss=0.0027 Acc=99.9% | Test: Acc=97.6% | Best=98.1%(@1260)
  from x3: 0.98 0.98 0.98 0.98 0.98 0.98 0.98 0.98 0.98 0.98 0.98 0.98 0.98
  per-rule acc: 0.98 0.97
Epoch 1980 | Train: Loss=0.0032 Acc=99.9% | Test: Acc=97.5% | Best=98.1%(@1260)
  from x3: 0.97 0.97 0.98 0.98 0.98 0.98 0.98 0.98 0.98 0.98 0.98 0.98 0.98
  per-rule acc: 0.98 0.97
Epoch 2000 | Train: Loss=0.0018 Acc=99.9% | Test: Acc=98.0% | Best=98.1%(@1260)
  from x3: 0.98 0.98 0.98 0.98 0.98 0.98 0.98 0.98 0.98 0.98 0.98 0.98 0.98
  per-rule acc: 0.99 0.97
Epoch 2020 | Train: Loss=0.0028 Acc=99.9% | Test: Acc=97.7% | Best=98.1%(@1260)
  from x3: 0.97 0.98 0.98 0.98 0.98 0.98 0.98 0.98 0.98 0.98 0.98 0.98 0.98
  per-rule acc: 0.98 0.97
Epoch 2040 | Train: Loss=0.0222 Acc=99.8% | Test: Acc=93.5% | Best=98.1%(@1260)
  from x3: 0.93 0.94 0.94 0.94 0.94 0.94 0.94 0.94 0.94 0.94 0.94 0.94 0.94
  per-rule acc: 0.95 0.92
Epoch 2060 | Train: Loss=0.0026 Acc=99.9% | Test: Acc=97.7% | Best=98.1%(@1260)
  from x3: 0.98 0.98 0.98 0.98 0.98 0.98 0.98 0.98 0.98 0.98 0.98 0.98 0.98
  per-rule acc: 0.98 0.97
Epoch 2080 | Train: Loss=0.0031 Acc=99.9% | Test: Acc=97.5% | Best=98.1%(@1260)
  from x3: 0.97 0.98 0.97 0.97 0.97 0.97 0.98 0.98 0.98 0.98 0.98 0.98 0.98
  per-rule acc: 0.98 0.97
Epoch 2100 | Train: Loss=0.0028 Acc=99.9% | Test: Acc=96.9% | Best=98.1%(@1260)
  from x3: 0.97 0.97 0.97 0.97 0.97 0.97 0.97 0.97 0.97 0.97 0.97 0.97 0.97
  per-rule acc: 0.97 0.97
Epoch 2120 | Train: Loss=0.0029 Acc=99.9% | Test: Acc=97.8% | Best=98.1%(@1260)
  from x3: 0.98 0.98 0.98 0.98 0.98 0.98 0.98 0.98 0.98 0.98 0.98 0.98 0.98
  per-rule acc: 0.98 0.98
Epoch 2140 | Train: Loss=0.0617 Acc=99.4% | Test: Acc=90.4% | Best=98.1%(@1260)
  from x3: 0.88 0.91 0.91 0.91 0.91 0.91 0.91 0.91 0.91 0.91 0.91 0.91 0.91
  per-rule acc: 0.92 0.89
Epoch 2160 | Train: Loss=0.0021 Acc=99.9% | Test: Acc=97.6% | Best=98.1%(@1260)
  from x3: 0.97 0.97 0.98 0.98 0.98 0.98 0.98 0.98 0.98 0.98 0.98 0.98 0.98
  per-rule acc: 0.98 0.97
Epoch 2180 | Train: Loss=0.0030 Acc=99.9% | Test: Acc=97.6% | Best=98.1%(@1260)
  from x3: 0.97 0.98 0.98 0.98 0.98 0.98 0.98 0.98 0.98 0.98 0.98 0.98 0.98
  per-rule acc: 0.98 0.97
Epoch 2200 | Train: Loss=0.0196 Acc=99.8% | Test: Acc=93.8% | Best=98.1%(@1260)
  from x3: 0.92 0.94 0.94 0.94 0.94 0.94 0.94 0.94 0.94 0.94 0.94 0.94 0.94
  per-rule acc: 0.96 0.92
Epoch 2220 | Train: Loss=0.0026 Acc=99.9% | Test: Acc=97.5% | Best=98.1%(@1260)
  from x3: 0.97 0.98 0.98 0.98 0.98 0.98 0.98 0.98 0.98 0.98 0.98 0.98 0.98
  per-rule acc: 0.98 0.97
Epoch 2240 | Train: Loss=0.0030 Acc=99.9% | Test: Acc=97.5% | Best=98.1%(@1260)
  from x3: 0.97 0.98 0.97 0.97 0.97 0.97 0.97 0.97 0.97 0.97 0.97 0.97 0.97
  per-rule acc: 0.98 0.97
Epoch 2260 | Train: Loss=0.0021 Acc=99.9% | Test: Acc=97.7% | Best=98.1%(@1260)
  from x3: 0.98 0.98 0.98 0.98 0.98 0.98 0.98 0.98 0.98 0.98 0.98 0.98 0.98
  per-rule acc: 0.98 0.97
Epoch 2280 | Train: Loss=0.0030 Acc=99.9% | Test: Acc=97.7% | Best=98.1%(@1260)
  from x3: 0.98 0.98 0.98 0.98 0.98 0.98 0.98 0.98 0.98 0.98 0.98 0.98 0.98
  per-rule acc: 0.98 0.97
Epoch 2300 | Train: Loss=0.0490 Acc=99.5% | Test: Acc=93.6% | Best=98.1%(@1260)
  from x3: 0.91 0.94 0.94 0.94 0.94 0.94 0.94 0.94 0.94 0.94 0.94 0.94 0.94
  per-rule acc: 0.95 0.92
Epoch 2320 | Train: Loss=0.0022 Acc=99.9% | Test: Acc=97.8% | Best=98.1%(@1260)
  from x3: 0.98 0.98 0.98 0.98 0.98 0.98 0.98 0.98 0.98 0.98 0.98 0.98 0.98
  per-rule acc: 0.98 0.97
Epoch 2340 | Train: Loss=0.0030 Acc=99.9% | Test: Acc=97.9% | Best=98.1%(@1260)
  from x3: 0.98 0.98 0.98 0.98 0.98 0.98 0.98 0.98 0.98 0.98 0.98 0.98 0.98
  per-rule acc: 0.98 0.98
Epoch 2360 | Train: Loss=0.0118 Acc=99.9% | Test: Acc=95.6% | Best=98.1%(@1260)
  from x3: 0.94 0.96 0.96 0.96 0.96 0.96 0.96 0.96 0.96 0.96 0.96 0.96 0.96
  per-rule acc: 0.97 0.94
Epoch 2380 | Train: Loss=0.0025 Acc=99.9% | Test: Acc=97.6% | Best=98.1%(@1260)
  from x3: 0.98 0.98 0.98 0.98 0.98 0.98 0.98 0.98 0.98 0.98 0.98 0.98 0.98
  per-rule acc: 0.98 0.97
Epoch 2400 | Train: Loss=0.0030 Acc=99.9% | Test: Acc=97.6% | Best=98.1%(@1260)
  from x3: 0.97 0.98 0.98 0.98 0.98 0.98 0.98 0.98 0.98 0.98 0.98 0.98 0.98
  per-rule acc: 0.98 0.97
Epoch 2420 | Train: Loss=0.0020 Acc=99.9% | Test: Acc=97.8% | Best=98.1%(@1260)
  from x3: 0.98 0.98 0.98 0.98 0.98 0.98 0.98 0.98 0.98 0.98 0.98 0.98 0.98
  per-rule acc: 0.99 0.97
Epoch 2440 | Train: Loss=0.0029 Acc=99.9% | Test: Acc=97.7% | Best=98.1%(@1260)
  from x3: 0.97 0.98 0.98 0.98 0.98 0.98 0.98 0.98 0.98 0.98 0.98 0.98 0.98
  per-rule acc: 0.98 0.97
Epoch 2460 | Train: Loss=0.0030 Acc=99.9% | Test: Acc=97.4% | Best=98.1%(@1260)
  from x3: 0.97 0.97 0.97 0.97 0.97 0.97 0.97 0.97 0.97 0.97 0.97 0.97 0.97
  per-rule acc: 0.98 0.97
Epoch 2480 | Train: Loss=0.0019 Acc=99.9% | Test: Acc=97.6% | Best=98.1%(@1260)
  from x3: 0.97 0.98 0.98 0.98 0.98 0.98 0.98 0.98 0.98 0.98 0.98 0.98 0.98
  per-rule acc: 0.98 0.97
Epoch 2500 | Train: Loss=0.0029 Acc=99.9% | Test: Acc=97.8% | Best=98.1%(@1260)
  from x3: 0.98 0.98 0.98 0.98 0.98 0.98 0.98 0.98 0.98 0.98 0.98 0.98 0.98
  per-rule acc: 0.98 0.97
Epoch 2520 | Train: Loss=0.0571 Acc=99.1% | Test: Acc=87.6% | Best=98.1%(@1260)
  from x3: 0.84 0.88 0.88 0.88 0.88 0.88 0.88 0.88 0.88 0.88 0.88 0.88 0.88
  per-rule acc: 0.92 0.84
Epoch 2540 | Train: Loss=0.0020 Acc=99.9% | Test: Acc=97.7% | Best=98.1%(@1260)
  from x3: 0.98 0.98 0.98 0.98 0.98 0.98 0.98 0.98 0.98 0.98 0.98 0.98 0.98
  per-rule acc: 0.99 0.97
Epoch 2560 | Train: Loss=0.0029 Acc=99.9% | Test: Acc=97.7% | Best=98.1%(@1260)
  from x3: 0.97 0.98 0.98 0.98 0.98 0.98 0.98 0.98 0.98 0.98 0.98 0.98 0.98
  per-rule acc: 0.98 0.97
Epoch 2580 | Train: Loss=0.0218 Acc=99.6% | Test: Acc=94.0% | Best=98.1%(@1260)
  from x3: 0.92 0.94 0.94 0.94 0.94 0.94 0.94 0.94 0.94 0.94 0.94 0.94 0.94
  per-rule acc: 0.94 0.94
Epoch 2600 | Train: Loss=0.0023 Acc=99.9% | Test: Acc=97.4% | Best=98.1%(@1260)
  from x3: 0.97 0.97 0.97 0.97 0.97 0.97 0.97 0.97 0.97 0.97 0.97 0.97 0.97
  per-rule acc: 0.98 0.97
Epoch 2620 | Train: Loss=0.0030 Acc=99.9% | Test: Acc=97.6% | Best=98.1%(@1260)
  from x3: 0.97 0.98 0.98 0.98 0.98 0.98 0.98 0.98 0.98 0.98 0.98 0.98 0.98
  per-rule acc: 0.98 0.97
Epoch 2640 | Train: Loss=0.0446 Acc=99.5% | Test: Acc=93.0% | Best=98.1%(@1260)
  from x3: 0.92 0.93 0.93 0.93 0.93 0.93 0.93 0.93 0.93 0.93 0.93 0.93 0.93
  per-rule acc: 0.94 0.92
Epoch 2660 | Train: Loss=0.0022 Acc=99.9% | Test: Acc=97.5% | Best=98.1%(@1260)
  from x3: 0.98 0.98 0.97 0.97 0.97 0.97 0.97 0.97 0.97 0.97 0.97 0.97 0.97
  per-rule acc: 0.98 0.97
Epoch 2680 | Train: Loss=0.0029 Acc=99.9% | Test: Acc=97.8% | Best=98.1%(@1260)
  from x3: 0.97 0.98 0.98 0.98 0.98 0.98 0.98 0.98 0.98 0.98 0.98 0.98 0.98
  per-rule acc: 0.98 0.98
Epoch 2700 | Train: Loss=0.0392 Acc=99.5% | Test: Acc=92.9% | Best=98.1%(@1260)
  from x3: 0.90 0.93 0.93 0.93 0.93 0.93 0.93 0.93 0.93 0.93 0.93 0.93 0.93
  per-rule acc: 0.94 0.92
Epoch 2720 | Train: Loss=0.0021 Acc=99.9% | Test: Acc=97.0% | Best=98.1%(@1260)
  from x3: 0.97 0.97 0.97 0.97 0.97 0.97 0.97 0.97 0.97 0.97 0.97 0.97 0.97
  per-rule acc: 0.98 0.96
Epoch 2740 | Train: Loss=0.0029 Acc=99.9% | Test: Acc=97.6% | Best=98.1%(@1260)
  from x3: 0.97 0.98 0.98 0.98 0.98 0.98 0.98 0.98 0.98 0.98 0.98 0.98 0.98
  per-rule acc: 0.98 0.97
Epoch 2760 | Train: Loss=0.0028 Acc=99.9% | Test: Acc=97.3% | Best=98.1%(@1260)
  from x3: 0.97 0.97 0.97 0.97 0.97 0.97 0.97 0.97 0.97 0.97 0.97 0.97 0.97
  per-rule acc: 0.98 0.97
Epoch 2780 | Train: Loss=0.0017 Acc=99.9% | Test: Acc=97.9% | Best=98.1%(@1260)
  from x3: 0.97 0.98 0.98 0.98 0.98 0.98 0.98 0.98 0.98 0.98 0.98 0.98 0.98
  per-rule acc: 0.99 0.97
Epoch 2800 | Train: Loss=0.0027 Acc=99.9% | Test: Acc=97.8% | Best=98.1%(@1260)
  from x3: 0.98 0.98 0.98 0.98 0.98 0.98 0.98 0.98 0.98 0.98 0.98 0.98 0.98
  per-rule acc: 0.98 0.97
Epoch 2820 | Train: Loss=0.0028 Acc=99.9% | Test: Acc=97.6% | Best=98.1%(@1260)
  from x3: 0.97 0.98 0.98 0.98 0.98 0.98 0.98 0.98 0.98 0.98 0.98 0.98 0.98
  per-rule acc: 0.98 0.97
Epoch 2840 | Train: Loss=0.0228 Acc=99.8% | Test: Acc=93.7% | Best=98.1%(@1260)
  from x3: 0.92 0.94 0.94 0.94 0.94 0.94 0.94 0.94 0.94 0.94 0.94 0.94 0.94
  per-rule acc: 0.96 0.91
Epoch 2860 | Train: Loss=0.0022 Acc=99.9% | Test: Acc=97.7% | Best=98.1%(@1260)
  from x3: 0.98 0.98 0.98 0.98 0.98 0.98 0.98 0.98 0.98 0.98 0.98 0.98 0.98
  per-rule acc: 0.98 0.97
Epoch 2880 | Train: Loss=0.0028 Acc=99.9% | Test: Acc=97.8% | Best=98.1%(@1260)
  from x3: 0.97 0.98 0.98 0.98 0.98 0.98 0.98 0.98 0.98 0.98 0.98 0.98 0.98
  per-rule acc: 0.98 0.97
Epoch 2900 | Train: Loss=0.0121 Acc=99.9% | Test: Acc=95.9% | Best=98.1%(@1260)
  from x3: 0.95 0.96 0.96 0.96 0.96 0.96 0.96 0.96 0.96 0.96 0.96 0.96 0.96
  per-rule acc: 0.97 0.95
Epoch 2920 | Train: Loss=0.0024 Acc=99.9% | Test: Acc=97.6% | Best=98.1%(@1260)
  from x3: 0.98 0.98 0.98 0.98 0.98 0.98 0.98 0.98 0.98 0.98 0.98 0.98 0.98
  per-rule acc: 0.98 0.97
Epoch 2940 | Train: Loss=0.0028 Acc=99.9% | Test: Acc=97.7% | Best=98.1%(@1260)
  from x3: 0.97 0.98 0.98 0.98 0.98 0.98 0.98 0.98 0.98 0.98 0.98 0.98 0.98
  per-rule acc: 0.98 0.97
Epoch 2960 | Train: Loss=0.0110 Acc=99.9% | Test: Acc=96.1% | Best=98.1%(@1260)
  from x3: 0.95 0.96 0.96 0.96 0.96 0.96 0.96 0.96 0.96 0.96 0.96 0.96 0.96
  per-rule acc: 0.97 0.95
Epoch 2980 | Train: Loss=0.0024 Acc=99.9% | Test: Acc=97.5% | Best=98.1%(@1260)
  from x3: 0.97 0.98 0.98 0.98 0.98 0.98 0.98 0.98 0.98 0.98 0.98 0.98 0.98
  per-rule acc: 0.98 0.97
Epoch 3000 | Train: Loss=0.0028 Acc=99.9% | Test: Acc=97.6% | Best=98.1%(@1260)
  from x3: 0.97 0.98 0.98 0.98 0.98 0.98 0.98 0.98 0.98 0.98 0.98 0.98 0.98
  per-rule acc: 0.98 0.97
Epoch 3020 | Train: Loss=0.0026 Acc=99.9% | Test: Acc=97.4% | Best=98.1%(@1260)
  from x3: 0.97 0.97 0.98 0.98 0.98 0.98 0.98 0.97 0.97 0.97 0.97 0.97 0.97
  per-rule acc: 0.98 0.97
Epoch 3040 | Train: Loss=0.0020 Acc=99.9% | Test: Acc=97.6% | Best=98.1%(@1260)
  from x3: 0.97 0.98 0.98 0.98 0.98 0.98 0.98 0.98 0.98 0.98 0.98 0.98 0.98
  per-rule acc: 0.98 0.97
Epoch 3060 | Train: Loss=0.0026 Acc=99.9% | Test: Acc=97.7% | Best=98.1%(@1260)
  from x3: 0.98 0.98 0.98 0.98 0.98 0.98 0.98 0.98 0.98 0.98 0.98 0.98 0.98
  per-rule acc: 0.98 0.97
Epoch 3080 | Train: Loss=0.0312 Acc=99.5% | Test: Acc=92.1% | Best=98.1%(@1260)
  from x3: 0.89 0.92 0.92 0.92 0.92 0.92 0.92 0.92 0.92 0.92 0.92 0.92 0.92
  per-rule acc: 0.94 0.90
Epoch 3100 | Train: Loss=0.0021 Acc=99.9% | Test: Acc=97.7% | Best=98.1%(@1260)
  from x3: 0.97 0.98 0.98 0.98 0.98 0.98 0.98 0.98 0.98 0.98 0.98 0.98 0.98
  per-rule acc: 0.98 0.97
Epoch 3120 | Train: Loss=0.0027 Acc=99.9% | Test: Acc=97.7% | Best=98.1%(@1260)
  from x3: 0.97 0.98 0.98 0.98 0.98 0.98 0.98 0.98 0.98 0.98 0.98 0.98 0.98
  per-rule acc: 0.98 0.97
Epoch 3140 | Train: Loss=0.0396 Acc=99.6% | Test: Acc=92.8% | Best=98.1%(@1260)
  from x3: 0.90 0.93 0.93 0.93 0.93 0.93 0.93 0.93 0.93 0.93 0.93 0.93 0.93
  per-rule acc: 0.94 0.91
Epoch 3160 | Train: Loss=0.0020 Acc=99.9% | Test: Acc=97.7% | Best=98.1%(@1260)
  from x3: 0.98 0.98 0.98 0.98 0.98 0.98 0.98 0.98 0.98 0.98 0.98 0.98 0.98
  per-rule acc: 0.98 0.97
Epoch 3180 | Train: Loss=0.0027 Acc=99.9% | Test: Acc=97.6% | Best=98.1%(@1260)
  from x3: 0.97 0.98 0.98 0.98 0.98 0.98 0.98 0.98 0.98 0.98 0.98 0.98 0.98
  per-rule acc: 0.98 0.97
Epoch 3200 | Train: Loss=0.0027 Acc=99.9% | Test: Acc=97.5% | Best=98.1%(@1260)
  from x3: 0.97 0.97 0.97 0.98 0.98 0.98 0.97 0.98 0.97 0.97 0.97 0.97 0.97
  per-rule acc: 0.98 0.97
Epoch 3220 | Train: Loss=0.0016 Acc=99.9% | Test: Acc=98.1% | Best=98.1%(@1260)
  from x3: 0.98 0.98 0.98 0.98 0.98 0.98 0.98 0.98 0.98 0.98 0.98 0.98 0.98
  per-rule acc: 0.99 0.98
Epoch 3240 | Train: Loss=0.0024 Acc=99.9% | Test: Acc=97.8% | Best=98.1%(@1260)
  from x3: 0.97 0.98 0.98 0.98 0.98 0.98 0.98 0.98 0.98 0.98 0.98 0.98 0.98
  per-rule acc: 0.98 0.97
Epoch 3260 | Train: Loss=0.0026 Acc=99.9% | Test: Acc=97.7% | Best=98.1%(@1260)
  from x3: 0.98 0.98 0.98 0.98 0.98 0.98 0.98 0.98 0.98 0.98 0.98 0.98 0.98
  per-rule acc: 0.98 0.97
Epoch 3280 | Train: Loss=0.0209 Acc=99.8% | Test: Acc=93.3% | Best=98.1%(@1260)
  from x3: 0.92 0.93 0.93 0.93 0.93 0.93 0.93 0.93 0.93 0.93 0.93 0.93 0.93
  per-rule acc: 0.96 0.91
Epoch 3300 | Train: Loss=0.0021 Acc=99.9% | Test: Acc=97.6% | Best=98.1%(@1260)
  from x3: 0.97 0.98 0.98 0.98 0.98 0.98 0.98 0.98 0.98 0.98 0.98 0.98 0.98
  per-rule acc: 0.98 0.97
Epoch 3320 | Train: Loss=0.0026 Acc=99.9% | Test: Acc=97.8% | Best=98.1%(@1260)
  from x3: 0.97 0.98 0.98 0.98 0.98 0.98 0.98 0.98 0.98 0.98 0.98 0.98 0.98
  per-rule acc: 0.98 0.97
Epoch 3340 | Train: Loss=0.0025 Acc=99.9% | Test: Acc=97.4% | Best=98.1%(@1260)
  from x3: 0.97 0.97 0.97 0.97 0.97 0.97 0.97 0.97 0.97 0.97 0.97 0.97 0.97
  per-rule acc: 0.98 0.97
Epoch 3360 | Train: Loss=0.0017 Acc=99.9% | Test: Acc=97.7% | Best=98.1%(@1260)
  from x3: 0.97 0.98 0.98 0.98 0.98 0.98 0.98 0.98 0.98 0.98 0.98 0.98 0.98
  per-rule acc: 0.98 0.97
Epoch 3380 | Train: Loss=0.0025 Acc=99.9% | Test: Acc=97.7% | Best=98.1%(@1260)
  from x3: 0.97 0.98 0.98 0.98 0.98 0.98 0.98 0.98 0.98 0.98 0.98 0.98 0.98
  per-rule acc: 0.98 0.97
Epoch 3400 | Train: Loss=0.0026 Acc=99.9% | Test: Acc=97.3% | Best=98.1%(@1260)
  from x3: 0.97 0.97 0.97 0.97 0.97 0.97 0.97 0.97 0.97 0.97 0.97 0.97 0.97
  per-rule acc: 0.98 0.97
Epoch 3420 | Train: Loss=0.0554 Acc=99.3% | Test: Acc=92.2% | Best=98.1%(@1260)
  from x3: 0.89 0.93 0.93 0.93 0.93 0.93 0.93 0.93 0.93 0.93 0.93 0.93 0.93
  per-rule acc: 0.95 0.90
Epoch 3440 | Train: Loss=0.0019 Acc=99.9% | Test: Acc=97.5% | Best=98.1%(@1260)
  from x3: 0.98 0.98 0.97 0.97 0.97 0.97 0.97 0.97 0.97 0.97 0.97 0.97 0.98
  per-rule acc: 0.98 0.97
Epoch 3460 | Train: Loss=0.0025 Acc=99.9% | Test: Acc=97.7% | Best=98.1%(@1260)
  from x3: 0.97 0.98 0.98 0.98 0.98 0.98 0.98 0.98 0.98 0.98 0.98 0.98 0.98
  per-rule acc: 0.98 0.97
Epoch 3480 | Train: Loss=0.0025 Acc=99.9% | Test: Acc=97.3% | Best=98.1%(@1260)
  from x3: 0.97 0.97 0.97 0.97 0.97 0.97 0.97 0.97 0.97 0.97 0.97 0.97 0.97
  per-rule acc: 0.98 0.97
Epoch 3500 | Train: Loss=0.0016 Acc=99.9% | Test: Acc=97.4% | Best=98.1%(@1260)
  from x3: 0.97 0.97 0.97 0.97 0.97 0.97 0.97 0.97 0.97 0.97 0.97 0.97 0.97
  per-rule acc: 0.98 0.97
Epoch 3520 | Train: Loss=0.0023 Acc=99.9% | Test: Acc=97.6% | Best=98.1%(@1260)
  from x3: 0.97 0.97 0.98 0.98 0.98 0.98 0.98 0.98 0.98 0.98 0.98 0.98 0.98
  per-rule acc: 0.98 0.97
Epoch 3540 | Train: Loss=0.0026 Acc=99.9% | Test: Acc=97.6% | Best=98.1%(@1260)
  from x3: 0.97 0.98 0.98 0.98 0.98 0.98 0.98 0.98 0.98 0.98 0.98 0.98 0.98
  per-rule acc: 0.98 0.97
Epoch 3560 | Train: Loss=0.1231 Acc=97.7% | Test: Acc=86.6% | Best=98.1%(@1260)
  from x3: 0.83 0.87 0.87 0.87 0.87 0.87 0.87 0.87 0.87 0.87 0.87 0.87 0.87
  per-rule acc: 0.90 0.84
Epoch 3580 | Train: Loss=0.0018 Acc=99.9% | Test: Acc=97.4% | Best=98.1%(@1260)
  from x3: 0.97 0.97 0.97 0.97 0.97 0.97 0.97 0.97 0.97 0.97 0.97 0.97 0.97
  per-rule acc: 0.98 0.97
Epoch 3600 | Train: Loss=0.0025 Acc=99.9% | Test: Acc=97.6% | Best=98.1%(@1260)
  from x3: 0.97 0.98 0.98 0.98 0.98 0.98 0.98 0.98 0.98 0.98 0.98 0.98 0.98
  per-rule acc: 0.98 0.97
Epoch 3620 | Train: Loss=0.0025 Acc=99.9% | Test: Acc=97.5% | Best=98.1%(@1260)
  from x3: 0.97 0.98 0.98 0.98 0.98 0.98 0.98 0.98 0.98 0.98 0.98 0.98 0.98
  per-rule acc: 0.98 0.97
Epoch 3640 | Train: Loss=0.0165 Acc=99.8% | Test: Acc=94.1% | Best=98.1%(@1260)
  from x3: 0.92 0.94 0.94 0.94 0.94 0.94 0.94 0.94 0.94 0.94 0.94 0.94 0.94
  per-rule acc: 0.95 0.93
Epoch 3660 | Train: Loss=0.0019 Acc=99.9% | Test: Acc=97.7% | Best=98.1%(@1260)
  from x3: 0.97 0.98 0.98 0.98 0.98 0.98 0.98 0.98 0.98 0.98 0.98 0.98 0.98
  per-rule acc: 0.98 0.97
Epoch 3680 | Train: Loss=0.0026 Acc=99.9% | Test: Acc=97.7% | Best=98.1%(@1260)
  from x3: 0.97 0.98 0.98 0.98 0.98 0.98 0.98 0.98 0.98 0.98 0.98 0.98 0.98
  per-rule acc: 0.98 0.97
Epoch 3700 | Train: Loss=0.0025 Acc=99.9% | Test: Acc=97.6% | Best=98.1%(@1260)
  from x3: 0.97 0.98 0.98 0.98 0.98 0.98 0.98 0.98 0.98 0.98 0.98 0.98 0.98
  per-rule acc: 0.98 0.97
Epoch 3720 | Train: Loss=0.0102 Acc=99.9% | Test: Acc=96.8% | Best=98.1%(@1260)
  from x3: 0.96 0.97 0.97 0.97 0.97 0.97 0.97 0.97 0.97 0.97 0.97 0.97 0.97
  per-rule acc: 0.98 0.96
Epoch 3740 | Train: Loss=0.0022 Acc=99.9% | Test: Acc=97.7% | Best=98.1%(@1260)
  from x3: 0.98 0.98 0.98 0.98 0.98 0.98 0.98 0.98 0.98 0.98 0.98 0.98 0.98
  per-rule acc: 0.98 0.97
Epoch 3760 | Train: Loss=0.0026 Acc=99.9% | Test: Acc=97.6% | Best=98.1%(@1260)
  from x3: 0.97 0.97 0.98 0.98 0.98 0.98 0.98 0.98 0.98 0.98 0.98 0.98 0.98
  per-rule acc: 0.98 0.97
Epoch 3780 | Train: Loss=0.0024 Acc=99.9% | Test: Acc=97.4% | Best=98.1%(@1260)
  from x3: 0.97 0.98 0.97 0.97 0.97 0.97 0.97 0.97 0.97 0.97 0.97 0.97 0.97
  per-rule acc: 0.98 0.97
Epoch 3800 | Train: Loss=0.0017 Acc=99.9% | Test: Acc=97.8% | Best=98.1%(@1260)
  from x3: 0.98 0.98 0.98 0.98 0.98 0.98 0.98 0.98 0.98 0.98 0.98 0.98 0.98
  per-rule acc: 0.98 0.97
Epoch 3820 | Train: Loss=0.0024 Acc=99.9% | Test: Acc=97.7% | Best=98.1%(@1260)
  from x3: 0.97 0.98 0.98 0.98 0.98 0.98 0.98 0.98 0.98 0.98 0.98 0.98 0.98
  per-rule acc: 0.98 0.97
Epoch 3840 | Train: Loss=0.0026 Acc=99.9% | Test: Acc=97.7% | Best=98.1%(@1260)
  from x3: 0.97 0.98 0.98 0.98 0.98 0.98 0.98 0.98 0.98 0.98 0.98 0.98 0.98
  per-rule acc: 0.98 0.97
Epoch 3860 | Train: Loss=0.0024 Acc=99.9% | Test: Acc=97.4% | Best=98.1%(@1260)
  from x3: 0.97 0.97 0.97 0.97 0.97 0.97 0.97 0.97 0.97 0.97 0.97 0.97 0.97
  per-rule acc: 0.98 0.97
Epoch 3880 | Train: Loss=0.0017 Acc=99.9% | Test: Acc=98.1% | Best=98.1%(@1260)
  from x3: 0.98 0.98 0.98 0.98 0.98 0.98 0.98 0.98 0.98 0.98 0.98 0.98 0.98
  per-rule acc: 0.98 0.98
Epoch 3900 | Train: Loss=0.0022 Acc=99.9% | Test: Acc=97.6% | Best=98.1%(@1260)
  from x3: 0.97 0.98 0.98 0.98 0.98 0.98 0.98 0.98 0.98 0.98 0.98 0.98 0.98
  per-rule acc: 0.98 0.97
Epoch 3920 | Train: Loss=0.0025 Acc=99.9% | Test: Acc=97.6% | Best=98.1%(@1260)
  from x3: 0.97 0.98 0.98 0.98 0.98 0.98 0.98 0.98 0.98 0.98 0.98 0.98 0.98
  per-rule acc: 0.98 0.97
Epoch 3940 | Train: Loss=0.0024 Acc=99.9% | Test: Acc=97.4% | Best=98.1%(@1260)
  from x3: 0.97 0.97 0.97 0.97 0.97 0.97 0.97 0.97 0.97 0.97 0.97 0.97 0.97
  per-rule acc: 0.98 0.97
Epoch 3960 | Train: Loss=0.0017 Acc=99.9% | Test: Acc=97.6% | Best=98.1%(@1260)
  from x3: 0.97 0.98 0.98 0.98 0.98 0.98 0.98 0.98 0.98 0.98 0.98 0.98 0.98
  per-rule acc: 0.98 0.97
Epoch 3980 | Train: Loss=0.0023 Acc=99.9% | Test: Acc=97.6% | Best=98.1%(@1260)
  from x3: 0.97 0.98 0.98 0.98 0.98 0.98 0.98 0.98 0.98 0.98 0.98 0.98 0.98
  per-rule acc: 0.98 0.97
Epoch 4000 | Train: Loss=0.0025 Acc=99.9% | Test: Acc=97.5% | Best=98.1%(@1260)
  from x3: 0.97 0.97 0.98 0.98 0.98 0.98 0.98 0.98 0.98 0.98 0.98 0.98 0.98
  per-rule acc: 0.98 0.97
Epoch 4020 | Train: Loss=0.0024 Acc=99.9% | Test: Acc=97.2% | Best=98.1%(@1260)
  from x3: 0.97 0.97 0.97 0.97 0.97 0.97 0.97 0.97 0.97 0.97 0.97 0.97 0.97
  per-rule acc: 0.98 0.96
Epoch 4040 | Train: Loss=0.0016 Acc=99.9% | Test: Acc=97.7% | Best=98.1%(@1260)
  from x3: 0.97 0.98 0.98 0.98 0.98 0.98 0.98 0.98 0.98 0.98 0.98 0.98 0.98
  per-rule acc: 0.98 0.97
Epoch 4060 | Train: Loss=0.0023 Acc=99.9% | Test: Acc=97.6% | Best=98.1%(@1260)
  from x3: 0.97 0.98 0.98 0.98 0.98 0.98 0.98 0.98 0.98 0.98 0.98 0.98 0.98
  per-rule acc: 0.98 0.97
Epoch 4080 | Train: Loss=0.0025 Acc=99.9% | Test: Acc=97.5% | Best=98.1%(@1260)
  from x3: 0.97 0.98 0.98 0.98 0.98 0.98 0.98 0.98 0.98 0.98 0.98 0.98 0.98
  per-rule acc: 0.98 0.97
Epoch 4100 | Train: Loss=0.0023 Acc=99.9% | Test: Acc=97.4% | Best=98.1%(@1260)
  from x3: 0.97 0.97 0.97 0.97 0.97 0.97 0.97 0.97 0.97 0.97 0.97 0.97 0.97
  per-rule acc: 0.98 0.97
Epoch 4120 | Train: Loss=0.0039 Acc=99.9% | Test: Acc=97.2% | Best=98.1%(@1260)
  from x3: 0.96 0.97 0.97 0.97 0.97 0.97 0.97 0.97 0.97 0.97 0.97 0.97 0.97
  per-rule acc: 0.98 0.97
Epoch 4140 | Train: Loss=0.0021 Acc=99.9% | Test: Acc=97.5% | Best=98.1%(@1260)
  from x3: 0.97 0.97 0.98 0.98 0.98 0.98 0.98 0.98 0.98 0.98 0.98 0.98 0.98
  per-rule acc: 0.98 0.97
Epoch 4160 | Train: Loss=0.0024 Acc=99.9% | Test: Acc=97.6% | Best=98.1%(@1260)
  from x3: 0.97 0.98 0.98 0.98 0.98 0.98 0.98 0.98 0.98 0.98 0.98 0.98 0.98
  per-rule acc: 0.98 0.97
Epoch 4180 | Train: Loss=0.0023 Acc=99.9% | Test: Acc=97.4% | Best=98.1%(@1260)
  from x3: 0.97 0.98 0.97 0.97 0.97 0.97 0.97 0.97 0.97 0.97 0.97 0.97 0.97
  per-rule acc: 0.98 0.97
Epoch 4200 | Train: Loss=0.0016 Acc=99.9% | Test: Acc=97.8% | Best=98.1%(@1260)
  from x3: 0.98 0.98 0.98 0.98 0.98 0.98 0.98 0.98 0.98 0.98 0.98 0.98 0.98
  per-rule acc: 0.98 0.97
Epoch 4220 | Train: Loss=0.0022 Acc=99.9% | Test: Acc=97.8% | Best=98.1%(@1260)
  from x3: 0.97 0.98 0.98 0.98 0.98 0.98 0.98 0.98 0.98 0.98 0.98 0.98 0.98
  per-rule acc: 0.98 0.97
Epoch 4240 | Train: Loss=0.0024 Acc=99.9% | Test: Acc=97.5% | Best=98.1%(@1260)
  from x3: 0.97 0.98 0.98 0.98 0.98 0.98 0.98 0.98 0.98 0.98 0.98 0.98 0.98
  per-rule acc: 0.98 0.97
Epoch 4260 | Train: Loss=0.0022 Acc=99.9% | Test: Acc=97.1% | Best=98.1%(@1260)
  from x3: 0.97 0.97 0.97 0.97 0.97 0.97 0.97 0.97 0.97 0.97 0.97 0.97 0.97
  per-rule acc: 0.98 0.96
[Early stop] No improvement for 3000 consecutive epochs

==================================================
Saving model...
[OK] Model saved to: /home/cxm/ai/test0709/models/mixed_basic_d512l2r8_seed3.pth
  File size: 41682.3 KB
  Best test accuracy: 98.14%

==================================================
Final generation test (batched teacher forcing, validate from position 3)
==================================================

--- AB pair 1: (1, 1) ---

--- Statistics for AB=(1,1) ---
Exposed    samples:  2052 | In-dist: 26660/26676 ( 99.9%) | OOD: 32832/32832 (100.0%)
Unexposed  samples:   757 | In-dist:  9647/ 9841 ( 98.0%) | OOD: 11903/12112 ( 98.3%)

--- Per-position accuracy for AB=(1,1) ---
  Position   3: Exposed-ID: 2036.0/2052 ( 99.2%) | Unexposed-ID: 731.0/757 ( 96.6%)
  Position   4: Exposed-ID: 2052.0/2052 (100.0%) | Unexposed-ID: 743.0/757 ( 98.2%)
  Position   5: Exposed-ID: 2052.0/2052 (100.0%) | Unexposed-ID: 743.0/757 ( 98.2%)
  Position   6: Exposed-ID: 2052.0/2052 (100.0%) | Unexposed-ID: 743.0/757 ( 98.2%)
  Position   7: Exposed-ID: 2052.0/2052 (100.0%) | Unexposed-ID: 743.0/757 ( 98.2%)
  Position   8: Exposed-ID: 2052.0/2052 (100.0%) | Unexposed-ID: 743.0/757 ( 98.2%)
  Position   9: Exposed-ID: 2052.0/2052 (100.0%) | Unexposed-ID: 743.0/757 ( 98.2%)
  Position  10: Exposed-ID: 2052.0/2052 (100.0%) | Unexposed-ID: 743.0/757 ( 98.2%)
  Position  11: Exposed-ID: 2052.0/2052 (100.0%) | Unexposed-ID: 743.0/757 ( 98.2%)
  Position  12: Exposed-ID: 2052.0/2052 (100.0%) | Unexposed-ID: 743.0/757 ( 98.2%)
  Position  13: Exposed-ID: 2052.0/2052 (100.0%) | Unexposed-ID: 743.0/757 ( 98.2%)
  Position  14: Exposed-ID: 2052.0/2052 (100.0%) | Unexposed-ID: 743.0/757 ( 98.2%)
  Position  15: Exposed-ID: 2052.0/2052 (100.0%) | Unexposed-ID: 743.0/757 ( 98.2%)
  Position  16: Exposed-OOD: 2052.0/2052 (100.0%) | Unexposed-OOD: 743.0/757 ( 98.2%)
  Position  17: Exposed-OOD: 2052.0/2052 (100.0%) | Unexposed-OOD: 744.0/757 ( 98.3%)
  Position  18: Exposed-OOD: 2052.0/2052 (100.0%) | Unexposed-OOD: 744.0/757 ( 98.3%)
  Position  19: Exposed-OOD: 2052.0/2052 (100.0%) | Unexposed-OOD: 744.0/757 ( 98.3%)
  Position  20: Exposed-OOD: 2052.0/2052 (100.0%) | Unexposed-OOD: 744.0/757 ( 98.3%)
  Position  21: Exposed-OOD: 2052.0/2052 (100.0%) | Unexposed-OOD: 744.0/757 ( 98.3%)
  Position  22: Exposed-OOD: 2052.0/2052 (100.0%) | Unexposed-OOD: 744.0/757 ( 98.3%)
  Position  23: Exposed-OOD: 2052.0/2052 (100.0%) | Unexposed-OOD: 744.0/757 ( 98.3%)
  Position  24: Exposed-OOD: 2052.0/2052 (100.0%) | Unexposed-OOD: 744.0/757 ( 98.3%)
  Position  25: Exposed-OOD: 2052.0/2052 (100.0%) | Unexposed-OOD: 744.0/757 ( 98.3%)
  Position  26: Exposed-OOD: 2052.0/2052 (100.0%) | Unexposed-OOD: 744.0/757 ( 98.3%)
  Position  27: Exposed-OOD: 2052.0/2052 (100.0%) | Unexposed-OOD: 744.0/757 ( 98.3%)
  Position  28: Exposed-OOD: 2052.0/2052 (100.0%) | Unexposed-OOD: 744.0/757 ( 98.3%)
  Position  29: Exposed-OOD: 2052.0/2052 (100.0%) | Unexposed-OOD: 744.0/757 ( 98.3%)
  Position  30: Exposed-OOD: 2052.0/2052 (100.0%) | Unexposed-OOD: 744.0/757 ( 98.3%)
  Position  31: Exposed-OOD: 2052.0/2052 (100.0%) | Unexposed-OOD: 744.0/757 ( 98.3%)

--- AB pair 2: (1, 2) ---

--- Statistics for AB=(1,2) ---
Exposed    samples:  1978 | In-dist: 25702/25714 (100.0%) | OOD: 31648/31648 (100.0%)
Unexposed  samples:   831 | In-dist: 10403/10803 ( 96.3%) | OOD: 12800/13296 ( 96.3%)

--- Per-position accuracy for AB=(1,2) ---
  Position   3: Exposed-ID: 1966.0/1978 ( 99.4%) | Unexposed-ID: 802.0/831 ( 96.5%)
  Position   4: Exposed-ID: 1978.0/1978 (100.0%) | Unexposed-ID: 801.0/831 ( 96.4%)
  Position   5: Exposed-ID: 1978.0/1978 (100.0%) | Unexposed-ID: 800.0/831 ( 96.3%)
  Position   6: Exposed-ID: 1978.0/1978 (100.0%) | Unexposed-ID: 800.0/831 ( 96.3%)
  Position   7: Exposed-ID: 1978.0/1978 (100.0%) | Unexposed-ID: 800.0/831 ( 96.3%)
  Position   8: Exposed-ID: 1978.0/1978 (100.0%) | Unexposed-ID: 800.0/831 ( 96.3%)
  Position   9: Exposed-ID: 1978.0/1978 (100.0%) | Unexposed-ID: 800.0/831 ( 96.3%)
  Position  10: Exposed-ID: 1978.0/1978 (100.0%) | Unexposed-ID: 800.0/831 ( 96.3%)
  Position  11: Exposed-ID: 1978.0/1978 (100.0%) | Unexposed-ID: 800.0/831 ( 96.3%)
  Position  12: Exposed-ID: 1978.0/1978 (100.0%) | Unexposed-ID: 800.0/831 ( 96.3%)
  Position  13: Exposed-ID: 1978.0/1978 (100.0%) | Unexposed-ID: 800.0/831 ( 96.3%)
  Position  14: Exposed-ID: 1978.0/1978 (100.0%) | Unexposed-ID: 800.0/831 ( 96.3%)
  Position  15: Exposed-ID: 1978.0/1978 (100.0%) | Unexposed-ID: 800.0/831 ( 96.3%)
  Position  16: Exposed-OOD: 1978.0/1978 (100.0%) | Unexposed-OOD: 800.0/831 ( 96.3%)
  Position  17: Exposed-OOD: 1978.0/1978 (100.0%) | Unexposed-OOD: 800.0/831 ( 96.3%)
  Position  18: Exposed-OOD: 1978.0/1978 (100.0%) | Unexposed-OOD: 800.0/831 ( 96.3%)
  Position  19: Exposed-OOD: 1978.0/1978 (100.0%) | Unexposed-OOD: 800.0/831 ( 96.3%)
  Position  20: Exposed-OOD: 1978.0/1978 (100.0%) | Unexposed-OOD: 800.0/831 ( 96.3%)
  Position  21: Exposed-OOD: 1978.0/1978 (100.0%) | Unexposed-OOD: 800.0/831 ( 96.3%)
  Position  22: Exposed-OOD: 1978.0/1978 (100.0%) | Unexposed-OOD: 800.0/831 ( 96.3%)
  Position  23: Exposed-OOD: 1978.0/1978 (100.0%) | Unexposed-OOD: 800.0/831 ( 96.3%)
  Position  24: Exposed-OOD: 1978.0/1978 (100.0%) | Unexposed-OOD: 800.0/831 ( 96.3%)
  Position  25: Exposed-OOD: 1978.0/1978 (100.0%) | Unexposed-OOD: 800.0/831 ( 96.3%)
  Position  26: Exposed-OOD: 1978.0/1978 (100.0%) | Unexposed-OOD: 800.0/831 ( 96.3%)
  Position  27: Exposed-OOD: 1978.0/1978 (100.0%) | Unexposed-OOD: 800.0/831 ( 96.3%)
  Position  28: Exposed-OOD: 1978.0/1978 (100.0%) | Unexposed-OOD: 800.0/831 ( 96.3%)
  Position  29: Exposed-OOD: 1978.0/1978 (100.0%) | Unexposed-OOD: 800.0/831 ( 96.3%)
  Position  30: Exposed-OOD: 1978.0/1978 (100.0%) | Unexposed-OOD: 800.0/831 ( 96.3%)
  Position  31: Exposed-OOD: 1978.0/1978 (100.0%) | Unexposed-OOD: 800.0/831 ( 96.3%)

--- Return code: 0 ---

======================================================================
Attention Analysis
======================================================================
Model config: addition (default), p=53
Best test accuracy: 0.9813989536911452
Training epochs: 4260

Random test sequence 1/5 (length 32): [33, 12, 45, 4, 49, 0, 49, 49, 45, 41, 33, 21, 1, 22, 23, 45, 15, 7, 22, 29]...

======================================================================
Attention Layer Training Result Summary
======================================================================
Input sequence: [33, 12, 45, 4, 49, 0, 49, 49, 45, 41, 33, 21, 1, 22, 23, 45, 15, 7, 22, 29, 51, 27, 25, 52, 24, 23, 47, 17, 11, 28, 39, 14]

--- Layer 0 ---
  Head 0: Entropy=0.284
    Attention coefficients from each query position to previous positions:
      i= 0 -> j=0:1.000
      i= 1 -> j=0:0.948, j=1:0.052
      i= 2 -> j=0:0.022, j=1:0.940, j=2:0.038
      i= 3 -> j=0:0.000, j=1:0.026, j=2:0.934, j=3:0.040
      i= 4 -> j=0:0.000, j=1:0.000, j=2:0.025, j=3:0.936, j=4:0.039
      i= 5 -> j=0:0.000, j=1:0.000, j=2:0.000, j=3:0.020, j=4:0.967, j=5:0.013
      i= 6 -> j=0:0.000, j=1:0.000, j=2:0.000, j=3:0.000, j=4:0.048, j=5:0.891, j=6:0.061
      i= 7 -> j=0:0.000, j=1:0.000, j=2:0.000, j=3:0.000, j=4:0.000, j=5:0.013, j=6:0.949, j=7:0.038
      i= 8 -> j=0:0.000, j=1:0.000, j=2:0.000, j=3:0.000, j=4:0.000, j=5:0.000, j=6:0.029, j=7:0.936, j=8:0.034
      i= 9 -> j=0:0.000, j=1:0.000, j=2:0.000, j=3:0.000, j=4:0.000, j=5:0.000, j=6:0.000, j=7:0.036, j=8:0.919, j=9:0.044
      i=10 -> j=0:0.000, j=1:0.000, j=2:0.000, j=3:0.000, j=4:0.000, j=5:0.000, j=6:0.000, j=7:0.000, j=8:0.032, j=9:0.927, j=10:0.041
      i=11 -> j=0:0.000, j=1:0.000, j=2:0.000, j=3:0.000, j=4:0.000, j=5:0.000, j=6:0.000, j=7:0.000, j=8:0.000, j=9:0.029, j=10:0.932, j=11:0.040
      i=12 -> j=0:0.000, j=1:0.000, j=2:0.000, j=3:0.000, j=4:0.000, j=5:0.000, j=6:0.000, j=7:0.000, j=8:0.000, j=9:0.000, j=10:0.024, j=11:0.933, j=12:0.042
      i=13 -> j=0:0.000, j=1:0.000, j=2:0.000, j=3:0.000, j=4:0.000, j=5:0.000, j=6:0.000, j=7:0.000, j=8:0.000, j=9:0.000, j=10:0.000, j=11:0.036, j=12:0.920, j=13:0.044
      i=14 -> j=0:0.000, j=1:0.000, j=2:0.000, j=3:0.000, j=4:0.000, j=5:0.000, j=6:0.000, j=7:0.000, j=8:0.000, j=9:0.000, j=10:0.000, j=11:0.000, j=12:0.019, j=13:0.939, j=14:0.041
      i=15 -> j=0:0.000, j=1:0.000, j=2:0.000, j=3:0.000, j=4:0.000, j=5:0.000, j=6:0.000, j=7:0.000, j=8:0.000, j=9:0.000, j=10:0.000, j=11:0.000, j=12:0.000, j=13:0.026, j=14:0.938, j=15:0.036
      i=16 -> j=0:0.000, j=1:0.000, j=2:0.000, j=3:0.000, j=4:0.000, j=5:0.000, j=6:0.000, j=7:0.000, j=8:0.000, j=9:0.000, j=10:0.000, j=11:0.000, j=12:0.000, j=13:0.000, j=14:0.032, j=15:0.931, j=16:0.037
      i=17 -> j=0:0.000, j=1:0.000, j=2:0.000, j=3:0.000, j=4:0.000, j=5:0.000, j=6:0.000, j=7:0.000, j=8:0.000, j=9:0.000, j=10:0.000, j=11:0.000, j=12:0.000, j=13:0.000, j=14:0.000, j=15:0.026, j=16:0.943, j=17:0.032
      i=18 -> j=0:0.000, j=1:0.000, j=2:0.000, j=3:0.000, j=4:0.000, j=5:0.000, j=6:0.000, j=7:0.000, j=8:0.000, j=9:0.000, j=10:0.000, j=11:0.000, j=12:0.000, j=13:0.000, j=14:0.000, j=15:0.000, j=16:0.032, j=17:0.931, j=18:0.037
      i=19 -> j=0:0.000, j=1:0.000, j=2:0.000, j=3:0.000, j=4:0.000, j=5:0.000, j=6:0.000, j=7:0.000, j=8:0.000, j=9:0.000, j=10:0.000, j=11:0.000, j=12:0.000, j=13:0.000, j=14:0.000, j=15:0.000, j=16:0.000, j=17:0.034, j=18:0.922, j=19:0.044
      i=20 -> j=0:0.000, j=1:0.000, j=2:0.000, j=3:0.000, j=4:0.000, j=5:0.000, j=6:0.000, j=7:0.000, j=8:0.000, j=9:0.000, j=10:0.000, j=11:0.000, j=12:0.000, j=13:0.000, j=14:0.000, j=15:0.000, j=16:0.000, j=17:0.000, j=18:0.031, j=19:0.927, j=20:0.042
      i=21 -> j=0:0.000, j=1:0.000, j=2:0.000, j=3:0.000, j=4:0.000, j=5:0.000, j=6:0.000, j=7:0.000, j=8:0.000, j=9:0.000, j=10:0.000, j=11:0.000, j=12:0.000, j=13:0.000, j=14:0.000, j=15:0.000, j=16:0.000, j=17:0.000, j=18:0.000, j=19:0.028, j=20:0.937, j=21:0.035
      i=22 -> j=0:0.000, j=1:0.000, j=2:0.000, j=3:0.000, j=4:0.000, j=5:0.000, j=6:0.000, j=7:0.000, j=8:0.000, j=9:0.000, j=10:0.000, j=11:0.000, j=12:0.000, j=13:0.000, j=14:0.000, j=15:0.000, j=16:0.000, j=17:0.000, j=18:0.000, j=19:0.000, j=20:0.037, j=21:0.918, j=22:0.046
      i=23 -> j=0:0.000, j=1:0.000, j=2:0.000, j=3:0.000, j=4:0.000, j=5:0.000, j=6:0.000, j=7:0.000, j=8:0.000, j=9:0.000, j=10:0.000, j=11:0.000, j=12:0.000, j=13:0.000, j=14:0.000, j=15:0.000, j=16:0.000, j=17:0.000, j=18:0.000, j=19:0.000, j=20:0.000, j=21:0.028, j=22:0.932, j=23:0.040
      i=24 -> j=0:0.000, j=1:0.000, j=2:0.000, j=3:0.000, j=4:0.000, j=5:0.000, j=6:0.000, j=7:0.000, j=8:0.000, j=9:0.000, j=10:0.000, j=11:0.000, j=12:0.000, j=13:0.000, j=14:0.000, j=15:0.000, j=16:0.000, j=17:0.000, j=18:0.000, j=19:0.000, j=20:0.000, j=21:0.000, j=22:0.036, j=23:0.921, j=24:0.044
      i=25 -> j=0:0.000, j=1:0.000, j=2:0.000, j=3:0.000, j=4:0.000, j=5:0.000, j=6:0.000, j=7:0.000, j=8:0.000, j=9:0.000, j=10:0.000, j=11:0.000, j=12:0.000, j=13:0.000, j=14:0.000, j=15:0.000, j=16:0.000, j=17:0.000, j=18:0.000, j=19:0.000, j=20:0.000, j=21:0.000, j=22:0.000, j=23:0.022, j=24:0.932, j=25:0.045
      i=26 -> j=0:0.000, j=1:0.000, j=2:0.000, j=3:0.000, j=4:0.000, j=5:0.000, j=6:0.000, j=7:0.000, j=8:0.000, j=9:0.000, j=10:0.000, j=11:0.000, j=12:0.000, j=13:0.000, j=14:0.000, j=15:0.000, j=16:0.000, j=17:0.000, j=18:0.000, j=19:0.000, j=20:0.000, j=21:0.000, j=22:0.000, j=23:0.000, j=24:0.024, j=25:0.933, j=26:0.043
      i=27 -> j=0:0.000, j=1:0.000, j=2:0.000, j=3:0.000, j=4:0.000, j=5:0.000, j=6:0.000, j=7:0.000, j=8:0.000, j=9:0.000, j=10:0.000, j=11:0.000, j=12:0.000, j=13:0.000, j=14:0.000, j=15:0.000, j=16:0.000, j=17:0.000, j=18:0.000, j=19:0.000, j=20:0.000, j=21:0.000, j=22:0.000, j=23:0.000, j=24:0.000, j=25:0.036, j=26:0.924, j=27:0.039
      i=28 -> j=0:0.000, j=1:0.000, j=2:0.000, j=3:0.000, j=4:0.000, j=5:0.000, j=6:0.000, j=7:0.000, j=8:0.000, j=9:0.000, j=10:0.000, j=11:0.000, j=12:0.000, j=13:0.000, j=14:0.000, j=15:0.000, j=16:0.000, j=17:0.000, j=18:0.000, j=19:0.000, j=20:0.000, j=21:0.000, j=22:0.000, j=23:0.000, j=24:0.000, j=25:0.000, j=26:0.021, j=27:0.947, j=28:0.032
      i=29 -> j=0:0.000, j=1:0.000, j=2:0.000, j=3:0.000, j=4:0.000, j=5:0.000, j=6:0.000, j=7:0.000, j=8:0.000, j=9:0.000, j=10:0.000, j=11:0.000, j=12:0.000, j=13:0.000, j=14:0.000, j=15:0.000, j=16:0.000, j=17:0.000, j=18:0.000, j=19:0.000, j=20:0.000, j=21:0.000, j=22:0.000, j=23:0.000, j=24:0.000, j=25:0.000, j=26:0.000, j=27:0.039, j=28:0.925, j=29:0.036
      i=30 -> j=0:0.000, j=1:0.000, j=2:0.000, j=3:0.000, j=4:0.000, j=5:0.000, j=6:0.000, j=7:0.000, j=8:0.000, j=9:0.000, j=10:0.000, j=11:0.000, j=12:0.000, j=13:0.000, j=14:0.000, j=15:0.000, j=16:0.000, j=17:0.000, j=18:0.000, j=19:0.000, j=20:0.000, j=21:0.000, j=22:0.000, j=23:0.000, j=24:0.000, j=25:0.000, j=26:0.000, j=27:0.000, j=28:0.039, j=29:0.921, j=30:0.040
      i=31 -> j=0:0.000, j=1:0.000, j=2:0.000, j=3:0.000, j=4:0.000, j=5:0.000, j=6:0.000, j=7:0.000, j=8:0.000, j=9:0.000, j=10:0.000, j=11:0.000, j=12:0.000, j=13:0.000, j=14:0.000, j=15:0.000, j=16:0.000, j=17:0.000, j=18:0.000, j=19:0.000, j=20:0.000, j=21:0.000, j=22:0.000, j=23:0.000, j=24:0.000, j=25:0.000, j=26:0.000, j=27:0.000, j=28:0.000, j=29:0.029, j=30:0.932, j=31:0.039
    Average attention per distance:
      d=0:0.070, d=1:0.932, d=2:0.029

--- Layer 1 ---
  Head 0: Entropy=0.988
    Attention coefficients from each query position to previous positions:
      i= 0 -> j=0:1.000
      i= 1 -> j=0:0.814, j=1:0.186
      i= 2 -> j=0:0.155, j=1:0.753, j=2:0.092
      i= 3 -> j=0:0.006, j=1:0.283, j=2:0.517, j=3:0.193
      i= 4 -> j=0:0.000, j=1:0.009, j=2:0.275, j=3:0.581, j=4:0.134
      i= 5 -> j=0:0.000, j=1:0.001, j=2:0.018, j=3:0.270, j=4:0.529, j=5:0.182
      i= 6 -> j=0:0.007, j=1:0.006, j=2:0.014, j=3:0.068, j=4:0.222, j=5:0.581, j=6:0.102
      i= 7 -> j=0:0.001, j=1:0.000, j=2:0.000, j=3:0.001, j=4:0.012, j=5:0.773, j=6:0.070, j=7:0.143
      i= 8 -> j=0:0.005, j=1:0.001, j=2:0.000, j=3:0.000, j=4:0.001, j=5:0.069, j=6:0.049, j=7:0.709, j=8:0.167
      i= 9 -> j=0:0.004, j=1:0.003, j=2:0.001, j=3:0.000, j=4:0.000, j=5:0.001, j=6:0.006, j=7:0.158, j=8:0.627, j=9:0.200
      i=10 -> j=0:0.001, j=1:0.003, j=2:0.002, j=3:0.000, j=4:0.000, j=5:0.000, j=6:0.000, j=7:0.004, j=8:0.156, j=9:0.666, j=10:0.168
      i=11 -> j=0:0.000, j=1:0.001, j=2:0.001, j=3:0.001, j=4:0.000, j=5:0.000, j=6:0.000, j=7:0.000, j=8:0.002, j=9:0.240, j=10:0.669, j=11:0.084
      i=12 -> j=0:0.000, j=1:0.000, j=2:0.001, j=3:0.004, j=4:0.001, j=5:0.000, j=6:0.000, j=7:0.000, j=8:0.000, j=9:0.009, j=10:0.176, j=11:0.634, j=12:0.174
      i=13 -> j=0:0.001, j=1:0.000, j=2:0.001, j=3:0.001, j=4:0.002, j=5:0.002, j=6:0.000, j=7:0.000, j=8:0.000, j=9:0.000, j=10:0.006, j=11:0.270, j=12:0.570, j=13:0.149
      i=14 -> j=0:0.001, j=1:0.000, j=2:0.000, j=3:0.000, j=4:0.001, j=5:0.003, j=6:0.001, j=7:0.000, j=8:0.000, j=9:0.000, j=10:0.000, j=11:0.004, j=12:0.117, j=13:0.772, j=14:0.100
      i=15 -> j=0:0.005, j=1:0.003, j=2:0.002, j=3:0.001, j=4:0.001, j=5:0.005, j=6:0.002, j=7:0.003, j=8:0.001, j=9:0.000, j=10:0.000, j=11:0.000, j=12:0.008, j=13:0.240, j=14:0.616, j=15:0.115
      i=16 -> j=0:0.002, j=1:0.003, j=2:0.002, j=3:0.001, j=4:0.000, j=5:0.001, j=6:0.001, j=7:0.002, j=8:0.001, j=9:0.000, j=10:0.000, j=11:0.000, j=12:0.000, j=13:0.007, j=14:0.283, j=15:0.545, j=16:0.152
      i=17 -> j=0:0.002, j=1:0.003, j=2:0.006, j=3:0.002, j=4:0.001, j=5:0.001, j=6:0.001, j=7:0.001, j=8:0.003, j=9:0.001, j=10:0.000, j=11:0.000, j=12:0.000, j=13:0.000, j=14:0.006, j=15:0.261, j=16:0.594, j=17:0.116
      i=18 -> j=0:0.002, j=1:0.002, j=2:0.007, j=3:0.003, j=4:0.003, j=5:0.003, j=6:0.001, j=7:0.001, j=8:0.001, j=9:0.002, j=10:0.003, j=11:0.000, j=12:0.000, j=13:0.000, j=14:0.000, j=15:0.020, j=16:0.172, j=17:0.628, j=18:0.151
      i=19 -> j=0:0.002, j=1:0.001, j=2:0.003, j=3:0.002, j=4:0.003, j=5:0.005, j=6:0.001, j=7:0.000, j=8:0.000, j=9:0.001, j=10:0.003, j=11:0.001, j=12:0.000, j=13:0.000, j=14:0.000, j=15:0.001, j=16:0.004, j=17:0.222, j=18:0.612, j=19:0.139
      i=20 -> j=0:0.001, j=1:0.001, j=2:0.001, j=3:0.001, j=4:0.001, j=5:0.004, j=6:0.001, j=7:0.000, j=8:0.000, j=9:0.000, j=10:0.001, j=11:0.001, j=12:0.001, j=13:0.000, j=14:0.000, j=15:0.000, j=16:0.000, j=17:0.003, j=18:0.142, j=19:0.760, j=20:0.083
      i=21 -> j=0:0.004, j=1:0.003, j=2:0.003, j=3:0.001, j=4:0.002, j=5:0.006, j=6:0.002, j=7:0.002, j=8:0.001, j=9:0.000, j=10:0.001, j=11:0.002, j=12:0.003, j=13:0.002, j=14:0.000, j=15:0.000, j=16:0.000, j=17:0.000, j=18:0.007, j=19:0.246, j=20:0.628, j=21:0.087
      i=22 -> j=0:0.002, j=1:0.002, j=2:0.002, j=3:0.001, j=4:0.001, j=5:0.001, j=6:0.001, j=7:0.002, j=8:0.001, j=9:0.000, j=10:0.000, j=11:0.000, j=12:0.001, j=13:0.001, j=14:0.001, j=15:0.000, j=16:0.000, j=17:0.000, j=18:0.000, j=19:0.004, j=20:0.180, j=21:0.629, j=22:0.171
      i=23 -> j=0:0.001, j=1:0.002, j=2:0.002, j=3:0.003, j=4:0.001, j=5:0.001, j=6:0.001, j=7:0.001, j=8:0.001, j=9:0.002, j=10:0.000, j=11:0.000, j=12:0.001, j=13:0.001, j=14:0.002, j=15:0.001, j=16:0.000, j=17:0.000, j=18:0.000, j=19:0.000, j=20:0.004, j=21:0.228, j=22:0.644, j=23:0.102
      i=24 -> j=0:0.001, j=1:0.001, j=2:0.002, j=3:0.002, j=4:0.001, j=5:0.001, j=6:0.001, j=7:0.001, j=8:0.001, j=9:0.002, j=10:0.001, j=11:0.000, j=12:0.000, j=13:0.000, j=14:0.001, j=15:0.002, j=16:0.001, j=17:0.000, j=18:0.000, j=19:0.000, j=20:0.000, j=21:0.008, j=22:0.249, j=23:0.584, j=24:0.141
      i=25 -> j=0:0.001, j=1:0.001, j=2:0.002, j=3:0.001, j=4:0.002, j=5:0.003, j=6:0.001, j=7:0.001, j=8:0.001, j=9:0.001, j=10:0.002, j=11:0.001, j=12:0.001, j=13:0.000, j=14:0.000, j=15:0.001, j=16:0.001, j=17:0.001, j=18:0.000, j=19:0.000, j=20:0.000, j=21:0.000, j=22:0.006, j=23:0.152, j=24:0.758, j=25:0.063
      i=26 -> j=0:0.003, j=1:0.002, j=2:0.003, j=3:0.002, j=4:0.004, j=5:0.011, j=6:0.003, j=7:0.002, j=8:0.002, j=9:0.002, j=10:0.004, j=11:0.005, j=12:0.004, j=13:0.001, j=14:0.000, j=15:0.002, j=16:0.001, j=17:0.003, j=18:0.002, j=19:0.000, j=20:0.000, j=21:0.000, j=22:0.000, j=23:0.011, j=24:0.345, j=25:0.398, j=26:0.189
      i=27 -> j=0:0.002, j=1:0.002, j=2:0.001, j=3:0.001, j=4:0.001, j=5:0.004, j=6:0.002, j=7:0.002, j=8:0.001, j=9:0.001, j=10:0.001, j=11:0.002, j=12:0.003, j=13:0.002, j=14:0.000, j=15:0.001, j=16:0.000, j=17:0.001, j=18:0.002, j=19:0.001, j=20:0.000, j=21:0.000, j=22:0.000, j=23:0.000, j=24:0.007, j=25:0.157, j=26:0.664, j=27:0.142
      i=28 -> j=0:0.003, j=1:0.003, j=2:0.003, j=3:0.001, j=4:0.002, j=5:0.004, j=6:0.002, j=7:0.004, j=8:0.004, j=9:0.001, j=10:0.002, j=11:0.002, j=12:0.003, j=13:0.004, j=14:0.002, j=15:0.001, j=16:0.000, j=17:0.000, j=18:0.001, j=19:0.003, j=20:0.001, j=21:0.000, j=22:0.000, j=23:0.000, j=24:0.000, j=25:0.004, j=26:0.203, j=27:0.688, j=28:0.056
      i=29 -> j=0:0.003, j=1:0.005, j=2:0.007, j=3:0.003, j=4:0.002, j=5:0.004, j=6:0.003, j=7:0.004, j=8:0.006, j=9:0.003, j=10:0.003, j=11:0.002, j=12:0.003, j=13:0.004, j=14:0.004, j=15:0.007, j=16:0.001, j=17:0.001, j=18:0.001, j=19:0.002, j=20:0.002, j=21:0.004, j=22:0.001, j=23:0.000, j=24:0.000, j=25:0.000, j=26:0.014, j=27:0.317, j=28:0.404, j=29:0.190
      i=30 -> j=0:0.002, j=1:0.003, j=2:0.004, j=3:0.004, j=4:0.002, j=5:0.003, j=6:0.002, j=7:0.002, j=8:0.003, j=9:0.004, j=10:0.004, j=11:0.002, j=12:0.003, j=13:0.002, j=14:0.003, j=15:0.007, j=16:0.002, j=17:0.001, j=18:0.000, j=19:0.000, j=20:0.001, j=21:0.007, j=22:0.002, j=23:0.000, j=24:0.000, j=25:0.000, j=26:0.000, j=27:0.010, j=28:0.231, j=29:0.564, j=30:0.130
      i=31 -> j=0:0.001, j=1:0.001, j=2:0.002, j=3:0.002, j=4:0.002, j=5:0.004, j=6:0.002, j=7:0.001, j=8:0.001, j=9:0.003, j=10:0.004, j=11:0.003, j=12:0.002, j=13:0.001, j=14:0.001, j=15:0.005, j=16:0.003, j=17:0.002, j=18:0.000, j=19:0.000, j=20:0.000, j=21:0.002, j=22:0.003, j=23:0.002, j=24:0.000, j=25:0.000, j=26:0.000, j=27:0.000, j=28:0.007, j=29:0.183, j=30:0.609, j=31:0.151
    Average attention per distance:
      d=0:0.164, d=1:0.607, d=2:0.232, d=3:0.012


======================================================================
QK Property Verification (Raw Scores, before Softmax)
======================================================================
Recurrence order init_len=2, num test sequences=1

--- [P1] Long-distance Orthogonality Verification ---
Ideal: raw_score mean ≈ 0 and small std when d > init_len

  Layer 0, Head 0:
    d= 1 (effective): mean= 22.419, std= 0.311, n=31
    d= 2 (effective): mean= 18.940, std= 0.290, n=30
    d>2 (long-distance): mean= -1.220, std= 4.084, n=435

  Layer 1, Head 0:
    d= 1 (effective): mean=  5.054, std= 0.999, n=31
    d= 2 (effective): mean=  4.032, std= 0.878, n=30
    d>2 (long-distance): mean= -1.327, std= 1.545, n=435

--- [P2] Time-homogeneous Verification ---
Ideal: CV of raw_score across positions i ≈ 0 for fixed distance d
(CV = std / |mean|, smaller = more constant)

  Layer 0, Head 0:
    d= 1: mean= 22.419, std= 0.311, CV=0.014, n=31
    d= 2: mean= 18.940, std= 0.290, CV=0.015, n=30

  Layer 1, Head 0:
    d= 1: mean=  5.054, std= 0.999, CV=0.198, n=31
    d= 2: mean=  4.032, std= 0.878, CV=0.218, n=30

======================================================================
QK Property Verification Completed
======================================================================
