=== Experiment: mixed_basic_d512l2r8_seed2 ===
Time: 2026-07-09T14:36:48.401184
Task type: mixed_ab

=== Merged Config ===
--------------------------------------------------
Network Config
--------------------------------------------------
D_MODEL                   512
N_HEAD                    1
N_LAYER                   2
MLP_RATIO                 8
DROPOUT                   0.0
USE_LEARNABLE_PE          False
--------------------------------------------------
Dataset Config
--------------------------------------------------
P                         53
TASK                      mixed_ab
TRAIN_LEN                 16
OOD_LEN                   32
MAX_UNIQUE_RATIO          0.5
MIXED_AB_MAX_UNIQUE_RATIOS [0.7, 0.7]
AB_PAIRS                  [[1, 1], [1, 2]]
A                         1
B                         1
NUM_MASK                  0
--------------------------------------------------
Training Config
--------------------------------------------------
OPTIMIZER                 AdamW
SCHEDULER                 CosineAnnealingLR(T_max=EPOCHS)
BATCH_SIZE                128
LR                        0.0003
WEIGHT_DECAY              1
EPOCHS                    10000
RANDOM_SEED               2
FIRST_TASK_WEIGHT         1.0
ENTROPY_PENALTY_WEIGHT    0.0
EVAL_INTERVAL             20
EARLY_STOP_ACCURACY       0.99
EARLY_STOP_NO_IMPROVE     3000
USE_GREEDY_GENERATE       True
--------------------------------------------------

--- output ---
Using device: cuda

[Dataset] Mixed mode: generated 4030 + 1588 samples, length 16
AB parameter pairs: [(1, 1), (1, 2)]
  - AB=(1,1): train 2052 | test 757 | exposed ~73.1%
  - AB=(1,2): train 1978 | test 831 | exposed ~70.4%
--------------------------------------------------
[Model config] block_size: 32, train length: 16
[Number theory] AB parameter pairs: [(1, 1), (1, 2)]


Model parameters: 10.66M

Start training...
Epoch   0 | Train: Loss=4.1798 Acc=6.3% | Test: Acc=0.3% | Best=0.3%(@0)
  from x3: 0.01 0.00 0.00 0.00 0.00 0.00 0.00 0.00 0.00 0.00 0.00 0.00 0.00
  per-rule acc: 0.00 0.00
Epoch  20 | Train: Loss=0.0198 Acc=99.8% | Test: Acc=2.7% | Best=2.7%(@20)
  from x3: 0.03 0.03 0.02 0.02 0.03 0.03 0.03 0.03 0.03 0.03 0.03 0.03 0.03
  per-rule acc: 0.03 0.02
Epoch  40 | Train: Loss=0.0398 Acc=99.5% | Test: Acc=3.3% | Best=3.3%(@40)
  from x3: 0.04 0.04 0.03 0.03 0.03 0.03 0.03 0.03 0.03 0.03 0.03 0.03 0.03
  per-rule acc: 0.05 0.02
Epoch  60 | Train: Loss=0.0056 Acc=99.9% | Test: Acc=4.0% | Best=4.0%(@60)
  from x3: 0.04 0.04 0.04 0.04 0.04 0.04 0.04 0.04 0.04 0.04 0.04 0.04 0.04
  per-rule acc: 0.05 0.03
Epoch  80 | Train: Loss=0.0155 Acc=99.8% | Test: Acc=6.4% | Best=6.4%(@80)
  from x3: 0.06 0.07 0.06 0.06 0.06 0.07 0.07 0.06 0.06 0.06 0.06 0.06 0.06
  per-rule acc: 0.09 0.04
Epoch 100 | Train: Loss=0.0070 Acc=99.8% | Test: Acc=8.9% | Best=8.9%(@100)
  from x3: 0.10 0.10 0.09 0.09 0.09 0.09 0.09 0.09 0.09 0.09 0.09 0.09 0.08
  per-rule acc: 0.13 0.05
Epoch 120 | Train: Loss=0.0037 Acc=99.9% | Test: Acc=7.3% | Best=8.9%(@100)
  from x3: 0.08 0.09 0.07 0.07 0.08 0.08 0.07 0.07 0.07 0.07 0.07 0.07 0.07
  per-rule acc: 0.09 0.06
Epoch 140 | Train: Loss=4.2768 Acc=3.6% | Test: Acc=0.4% | Best=8.9%(@100)
  from x3: 0.01 0.01 0.01 0.01 0.00 0.00 0.00 0.00 0.00 0.00 0.00 0.00 0.00
  per-rule acc: 0.01 0.00
Epoch 160 | Train: Loss=0.0047 Acc=99.9% | Test: Acc=26.6% | Best=26.6%(@160)
  from x3: 0.27 0.28 0.26 0.27 0.27 0.27 0.27 0.27 0.26 0.26 0.26 0.26 0.25
  per-rule acc: 0.41 0.13
Epoch 180 | Train: Loss=0.0031 Acc=99.9% | Test: Acc=37.6% | Best=37.6%(@180)
  from x3: 0.38 0.39 0.38 0.37 0.37 0.37 0.38 0.38 0.38 0.38 0.38 0.38 0.37
  per-rule acc: 0.59 0.18
Epoch 200 | Train: Loss=0.0039 Acc=99.9% | Test: Acc=39.6% | Best=39.6%(@200)
  from x3: 0.41 0.41 0.40 0.40 0.40 0.40 0.40 0.39 0.39 0.39 0.39 0.39 0.37
  per-rule acc: 0.58 0.23
Epoch 220 | Train: Loss=0.0033 Acc=99.9% | Test: Acc=51.4% | Best=51.4%(@220)
  from x3: 0.54 0.52 0.52 0.51 0.52 0.52 0.52 0.51 0.51 0.51 0.51 0.50 0.50
  per-rule acc: 0.70 0.35
Epoch 240 | Train: Loss=0.0026 Acc=99.9% | Test: Acc=59.1% | Best=59.1%(@240)
  from x3: 0.61 0.59 0.59 0.59 0.59 0.59 0.59 0.59 0.59 0.59 0.59 0.59 0.59
  per-rule acc: 0.76 0.44
Epoch 260 | Train: Loss=0.0035 Acc=99.9% | Test: Acc=64.2% | Best=64.2%(@260)
  from x3: 0.66 0.65 0.64 0.65 0.65 0.64 0.64 0.64 0.64 0.64 0.64 0.63 0.63
  per-rule acc: 0.77 0.53
Epoch 280 | Train: Loss=0.0030 Acc=99.9% | Test: Acc=69.2% | Best=69.2%(@280)
  from x3: 0.71 0.70 0.69 0.69 0.69 0.69 0.69 0.69 0.69 0.69 0.69 0.69 0.68
  per-rule acc: 0.81 0.59
Epoch 300 | Train: Loss=0.0052 Acc=99.9% | Test: Acc=71.1% | Best=71.1%(@300)
  from x3: 0.72 0.71 0.71 0.71 0.71 0.71 0.71 0.71 0.71 0.71 0.71 0.71 0.71
  per-rule acc: 0.84 0.60
Epoch 320 | Train: Loss=0.0034 Acc=99.9% | Test: Acc=78.9% | Best=78.9%(@320)
  from x3: 0.81 0.79 0.79 0.79 0.79 0.79 0.79 0.78 0.79 0.79 0.79 0.79 0.78
  per-rule acc: 0.86 0.73
Epoch 340 | Train: Loss=0.0026 Acc=99.9% | Test: Acc=81.7% | Best=81.7%(@340)
  from x3: 0.84 0.82 0.81 0.82 0.82 0.82 0.82 0.82 0.81 0.81 0.81 0.81 0.81
  per-rule acc: 0.89 0.75
Epoch 360 | Train: Loss=0.0091 Acc=99.9% | Test: Acc=80.9% | Best=81.7%(@340)
  from x3: 0.80 0.81 0.81 0.81 0.81 0.81 0.81 0.81 0.81 0.81 0.81 0.81 0.81
  per-rule acc: 0.89 0.74
Epoch 380 | Train: Loss=0.0034 Acc=99.9% | Test: Acc=88.4% | Best=88.4%(@380)
  from x3: 0.89 0.88 0.88 0.88 0.88 0.88 0.88 0.88 0.88 0.88 0.88 0.88 0.88
  per-rule acc: 0.92 0.85
Epoch 400 | Train: Loss=0.0025 Acc=99.9% | Test: Acc=89.9% | Best=89.9%(@400)
  from x3: 0.90 0.90 0.90 0.90 0.90 0.90 0.90 0.90 0.90 0.90 0.90 0.90 0.90
  per-rule acc: 0.93 0.87
Epoch 420 | Train: Loss=0.0025 Acc=99.9% | Test: Acc=91.8% | Best=91.8%(@420)
  from x3: 0.92 0.92 0.92 0.92 0.92 0.92 0.92 0.92 0.92 0.92 0.92 0.92 0.92
  per-rule acc: 0.94 0.90
Epoch 440 | Train: Loss=0.0554 Acc=99.5% | Test: Acc=85.0% | Best=91.8%(@420)
  from x3: 0.84 0.85 0.85 0.85 0.85 0.85 0.85 0.85 0.85 0.85 0.85 0.85 0.85
  per-rule acc: 0.90 0.80
Epoch 460 | Train: Loss=0.0033 Acc=99.9% | Test: Acc=93.8% | Best=93.8%(@460)
  from x3: 0.94 0.94 0.94 0.94 0.94 0.94 0.94 0.94 0.94 0.94 0.94 0.94 0.94
  per-rule acc: 0.96 0.92
Epoch 480 | Train: Loss=0.0027 Acc=99.9% | Test: Acc=94.7% | Best=94.7%(@480)
  from x3: 0.95 0.95 0.95 0.95 0.95 0.95 0.95 0.95 0.95 0.95 0.95 0.95 0.95
  per-rule acc: 0.96 0.93
Epoch 500 | Train: Loss=0.0356 Acc=99.7% | Test: Acc=88.5% | Best=94.7%(@480)
  from x3: 0.88 0.88 0.89 0.89 0.89 0.89 0.89 0.89 0.89 0.89 0.89 0.88 0.89
  per-rule acc: 0.93 0.84
Epoch 520 | Train: Loss=0.0032 Acc=99.9% | Test: Acc=95.8% | Best=95.8%(@520)
  from x3: 0.96 0.96 0.96 0.96 0.96 0.96 0.96 0.96 0.96 0.96 0.96 0.96 0.96
  per-rule acc: 0.97 0.94
Epoch 540 | Train: Loss=0.0024 Acc=99.9% | Test: Acc=95.9% | Best=95.9%(@540)
  from x3: 0.96 0.96 0.96 0.96 0.96 0.96 0.96 0.96 0.96 0.96 0.96 0.96 0.96
  per-rule acc: 0.97 0.95
Epoch 560 | Train: Loss=0.0327 Acc=99.7% | Test: Acc=89.8% | Best=95.9%(@540)
  from x3: 0.89 0.90 0.90 0.90 0.90 0.90 0.90 0.90 0.90 0.90 0.90 0.90 0.90
  per-rule acc: 0.93 0.86
Epoch 580 | Train: Loss=0.0031 Acc=99.9% | Test: Acc=96.1% | Best=96.1%(@580)
  from x3: 0.97 0.96 0.96 0.96 0.96 0.96 0.96 0.96 0.96 0.96 0.96 0.96 0.96
  per-rule acc: 0.97 0.96
Epoch 600 | Train: Loss=0.0026 Acc=99.9% | Test: Acc=97.1% | Best=97.1%(@600)
  from x3: 0.97 0.97 0.97 0.97 0.97 0.97 0.97 0.97 0.97 0.97 0.97 0.97 0.97
  per-rule acc: 0.98 0.96
Epoch 620 | Train: Loss=0.0034 Acc=99.9% | Test: Acc=96.9% | Best=97.1%(@600)
  from x3: 0.97 0.97 0.97 0.97 0.97 0.97 0.97 0.97 0.97 0.97 0.97 0.97 0.97
  per-rule acc: 0.98 0.96
Epoch 640 | Train: Loss=0.0028 Acc=99.9% | Test: Acc=96.9% | Best=97.1%(@600)
  from x3: 0.97 0.97 0.97 0.97 0.97 0.97 0.97 0.97 0.97 0.97 0.97 0.97 0.97
  per-rule acc: 0.98 0.96
Epoch 660 | Train: Loss=0.0059 Acc=99.9% | Test: Acc=90.1% | Best=97.1%(@600)
  from x3: 0.90 0.90 0.90 0.90 0.90 0.90 0.90 0.90 0.90 0.90 0.90 0.90 0.90
  per-rule acc: 0.95 0.86
Epoch 680 | Train: Loss=0.0025 Acc=99.9% | Test: Acc=97.1% | Best=97.1%(@680)
  from x3: 0.97 0.97 0.97 0.97 0.97 0.97 0.97 0.97 0.97 0.97 0.97 0.97 0.97
  per-rule acc: 0.98 0.96
Epoch 700 | Train: Loss=0.0036 Acc=99.9% | Test: Acc=96.7% | Best=97.1%(@680)
  from x3: 0.97 0.97 0.97 0.97 0.97 0.97 0.97 0.97 0.97 0.97 0.97 0.97 0.97
  per-rule acc: 0.97 0.96
Epoch 720 | Train: Loss=0.0025 Acc=99.9% | Test: Acc=97.5% | Best=97.5%(@720)
  from x3: 0.98 0.98 0.97 0.97 0.97 0.97 0.97 0.97 0.97 0.97 0.97 0.97 0.97
  per-rule acc: 0.98 0.97
Epoch 740 | Train: Loss=0.0035 Acc=99.9% | Test: Acc=97.6% | Best=97.6%(@740)
  from x3: 0.98 0.98 0.97 0.98 0.98 0.98 0.98 0.98 0.98 0.98 0.98 0.98 0.98
  per-rule acc: 0.98 0.97
Epoch 760 | Train: Loss=0.0024 Acc=99.9% | Test: Acc=97.3% | Best=97.6%(@740)
  from x3: 0.97 0.97 0.97 0.97 0.97 0.97 0.97 0.97 0.97 0.97 0.97 0.97 0.97
  per-rule acc: 0.98 0.97
Epoch 780 | Train: Loss=0.0034 Acc=99.9% | Test: Acc=97.3% | Best=97.6%(@740)
  from x3: 0.97 0.97 0.97 0.97 0.97 0.97 0.97 0.97 0.97 0.97 0.97 0.97 0.97
  per-rule acc: 0.98 0.97
Epoch 800 | Train: Loss=0.0026 Acc=99.9% | Test: Acc=97.5% | Best=97.6%(@740)
  from x3: 0.98 0.98 0.97 0.97 0.97 0.97 0.97 0.97 0.97 0.97 0.97 0.97 0.97
  per-rule acc: 0.98 0.97
Epoch 820 | Train: Loss=0.0082 Acc=99.9% | Test: Acc=96.1% | Best=97.6%(@740)
  from x3: 0.96 0.96 0.96 0.96 0.96 0.96 0.96 0.96 0.96 0.96 0.96 0.96 0.96
  per-rule acc: 0.97 0.95
Epoch 840 | Train: Loss=0.0028 Acc=99.9% | Test: Acc=97.6% | Best=97.6%(@740)
  from x3: 0.97 0.98 0.98 0.98 0.98 0.98 0.98 0.98 0.98 0.98 0.98 0.98 0.98
  per-rule acc: 0.98 0.97
Epoch 860 | Train: Loss=0.0682 Acc=99.5% | Test: Acc=93.0% | Best=97.6%(@740)
  from x3: 0.92 0.93 0.93 0.93 0.93 0.93 0.93 0.93 0.93 0.93 0.93 0.93 0.93
  per-rule acc: 0.95 0.91
Epoch 880 | Train: Loss=0.0026 Acc=99.9% | Test: Acc=97.7% | Best=97.7%(@880)
  from x3: 0.98 0.98 0.98 0.98 0.98 0.98 0.98 0.98 0.98 0.98 0.98 0.98 0.98
  per-rule acc: 0.98 0.98
Epoch 900 | Train: Loss=0.0035 Acc=99.9% | Test: Acc=97.4% | Best=97.7%(@880)
  from x3: 0.97 0.97 0.97 0.97 0.97 0.97 0.97 0.97 0.97 0.97 0.97 0.97 0.97
  per-rule acc: 0.98 0.97
Epoch 920 | Train: Loss=0.0024 Acc=99.9% | Test: Acc=97.5% | Best=97.7%(@880)
  from x3: 0.98 0.98 0.97 0.97 0.97 0.97 0.97 0.97 0.97 0.97 0.97 0.97 0.97
  per-rule acc: 0.98 0.97
Epoch 940 | Train: Loss=0.0033 Acc=99.9% | Test: Acc=97.6% | Best=97.7%(@880)
  from x3: 0.98 0.98 0.98 0.98 0.98 0.98 0.98 0.98 0.98 0.98 0.98 0.98 0.98
  per-rule acc: 0.98 0.97
Epoch 960 | Train: Loss=0.0022 Acc=99.9% | Test: Acc=97.5% | Best=97.7%(@880)
  from x3: 0.98 0.97 0.98 0.97 0.97 0.97 0.97 0.97 0.97 0.97 0.97 0.97 0.97
  per-rule acc: 0.98 0.97
Epoch 980 | Train: Loss=0.0033 Acc=99.9% | Test: Acc=97.6% | Best=97.7%(@880)
  from x3: 0.98 0.98 0.98 0.98 0.98 0.98 0.98 0.98 0.98 0.98 0.98 0.98 0.98
  per-rule acc: 0.98 0.97
Epoch 1000 | Train: Loss=0.0026 Acc=99.9% | Test: Acc=97.7% | Best=97.7%(@880)
  from x3: 0.98 0.98 0.98 0.98 0.98 0.98 0.98 0.98 0.98 0.98 0.98 0.98 0.98
  per-rule acc: 0.98 0.98
Epoch 1020 | Train: Loss=0.0030 Acc=99.9% | Test: Acc=97.6% | Best=97.7%(@880)
  from x3: 0.98 0.98 0.98 0.98 0.98 0.98 0.98 0.98 0.98 0.98 0.98 0.98 0.98
  per-rule acc: 0.98 0.97
Epoch 1040 | Train: Loss=0.0201 Acc=99.9% | Test: Acc=94.9% | Best=97.7%(@880)
  from x3: 0.94 0.95 0.95 0.95 0.95 0.95 0.95 0.95 0.95 0.95 0.95 0.95 0.95
  per-rule acc: 0.97 0.93
Epoch 1060 | Train: Loss=0.0028 Acc=99.9% | Test: Acc=97.6% | Best=97.7%(@880)
  from x3: 0.98 0.98 0.98 0.98 0.98 0.98 0.98 0.98 0.98 0.98 0.98 0.98 0.98
  per-rule acc: 0.98 0.97
Epoch 1080 | Train: Loss=0.0033 Acc=99.9% | Test: Acc=97.4% | Best=97.7%(@880)
  from x3: 0.97 0.97 0.97 0.97 0.97 0.97 0.97 0.97 0.97 0.97 0.97 0.97 0.97
  per-rule acc: 0.98 0.97
Epoch 1100 | Train: Loss=0.0021 Acc=99.9% | Test: Acc=97.7% | Best=97.7%(@880)
  from x3: 0.98 0.98 0.98 0.98 0.98 0.98 0.98 0.98 0.98 0.98 0.98 0.98 0.98
  per-rule acc: 0.98 0.98
Epoch 1120 | Train: Loss=0.0031 Acc=99.9% | Test: Acc=97.7% | Best=97.7%(@880)
  from x3: 0.98 0.98 0.98 0.98 0.98 0.98 0.98 0.98 0.98 0.98 0.98 0.98 0.98
  per-rule acc: 0.98 0.98
Epoch 1140 | Train: Loss=0.0503 Acc=99.5% | Test: Acc=93.0% | Best=97.7%(@880)
  from x3: 0.91 0.93 0.93 0.93 0.93 0.93 0.93 0.93 0.93 0.93 0.93 0.93 0.93
  per-rule acc: 0.95 0.91
Epoch 1160 | Train: Loss=0.0023 Acc=99.9% | Test: Acc=97.7% | Best=97.7%(@880)
  from x3: 0.98 0.98 0.98 0.98 0.98 0.98 0.98 0.98 0.98 0.98 0.98 0.98 0.98
  per-rule acc: 0.98 0.98
Epoch 1180 | Train: Loss=0.0032 Acc=99.9% | Test: Acc=97.5% | Best=97.7%(@880)
  from x3: 0.97 0.98 0.98 0.98 0.98 0.98 0.98 0.98 0.98 0.98 0.98 0.98 0.98
  per-rule acc: 0.98 0.98
Epoch 1200 | Train: Loss=0.0125 Acc=99.9% | Test: Acc=94.8% | Best=97.7%(@880)
  from x3: 0.94 0.95 0.95 0.95 0.95 0.95 0.95 0.95 0.95 0.95 0.95 0.95 0.95
  per-rule acc: 0.96 0.94
Epoch 1220 | Train: Loss=0.0027 Acc=99.9% | Test: Acc=97.5% | Best=97.7%(@880)
  from x3: 0.97 0.98 0.98 0.98 0.98 0.98 0.98 0.97 0.97 0.97 0.97 0.97 0.98
  per-rule acc: 0.98 0.97
Epoch 1240 | Train: Loss=0.0032 Acc=99.9% | Test: Acc=97.2% | Best=97.7%(@880)
  from x3: 0.97 0.97 0.97 0.97 0.97 0.97 0.97 0.97 0.97 0.97 0.97 0.97 0.97
  per-rule acc: 0.97 0.97
Epoch 1260 | Train: Loss=0.0019 Acc=99.9% | Test: Acc=98.0% | Best=98.0%(@1260)
  from x3: 0.98 0.98 0.98 0.98 0.98 0.98 0.98 0.98 0.98 0.98 0.98 0.98 0.98
  per-rule acc: 0.98 0.98
Epoch 1280 | Train: Loss=0.0030 Acc=99.9% | Test: Acc=97.7% | Best=98.0%(@1260)
  from x3: 0.98 0.98 0.98 0.98 0.98 0.98 0.98 0.98 0.98 0.98 0.98 0.98 0.98
  per-rule acc: 0.98 0.98
Epoch 1300 | Train: Loss=0.2138 Acc=98.9% | Test: Acc=92.2% | Best=98.0%(@1260)
  from x3: 0.90 0.92 0.92 0.92 0.92 0.92 0.92 0.92 0.92 0.92 0.92 0.92 0.92
  per-rule acc: 0.94 0.90
Epoch 1320 | Train: Loss=0.0021 Acc=99.9% | Test: Acc=97.6% | Best=98.0%(@1260)
  from x3: 0.98 0.98 0.98 0.98 0.98 0.98 0.98 0.98 0.98 0.98 0.98 0.98 0.98
  per-rule acc: 0.98 0.97
Epoch 1340 | Train: Loss=0.0031 Acc=99.9% | Test: Acc=97.6% | Best=98.0%(@1260)
  from x3: 0.97 0.98 0.98 0.98 0.98 0.98 0.98 0.98 0.98 0.98 0.98 0.98 0.98
  per-rule acc: 0.98 0.98
Epoch 1360 | Train: Loss=0.0030 Acc=99.9% | Test: Acc=97.1% | Best=98.0%(@1260)
  from x3: 0.97 0.97 0.97 0.97 0.97 0.97 0.97 0.97 0.97 0.97 0.97 0.97 0.97
  per-rule acc: 0.97 0.97
Epoch 1380 | Train: Loss=0.0019 Acc=99.9% | Test: Acc=97.8% | Best=98.0%(@1260)
  from x3: 0.98 0.98 0.98 0.98 0.98 0.98 0.98 0.98 0.98 0.98 0.98 0.98 0.98
  per-rule acc: 0.98 0.98
Epoch 1400 | Train: Loss=0.0029 Acc=99.9% | Test: Acc=97.7% | Best=98.0%(@1260)
  from x3: 0.97 0.98 0.98 0.98 0.98 0.98 0.98 0.98 0.98 0.98 0.98 0.98 0.98
  per-rule acc: 0.98 0.98
Epoch 1420 | Train: Loss=0.0789 Acc=99.2% | Test: Acc=77.2% | Best=98.0%(@1260)
  from x3: 0.72 0.78 0.78 0.78 0.78 0.78 0.78 0.78 0.78 0.78 0.78 0.78 0.78
  per-rule acc: 0.86 0.69
Epoch 1440 | Train: Loss=0.0022 Acc=99.9% | Test: Acc=97.6% | Best=98.0%(@1260)
  from x3: 0.98 0.98 0.98 0.98 0.98 0.98 0.98 0.98 0.98 0.98 0.98 0.98 0.98
  per-rule acc: 0.98 0.98
Epoch 1460 | Train: Loss=0.0030 Acc=99.9% | Test: Acc=97.5% | Best=98.0%(@1260)
  from x3: 0.97 0.98 0.97 0.97 0.97 0.97 0.97 0.97 0.97 0.98 0.98 0.98 0.98
  per-rule acc: 0.97 0.98
Epoch 1480 | Train: Loss=0.0673 Acc=99.5% | Test: Acc=92.9% | Best=98.0%(@1260)
  from x3: 0.91 0.93 0.93 0.93 0.93 0.93 0.93 0.93 0.93 0.93 0.93 0.93 0.93
  per-rule acc: 0.95 0.91
Epoch 1500 | Train: Loss=0.0022 Acc=99.9% | Test: Acc=97.7% | Best=98.0%(@1260)
  from x3: 0.98 0.98 0.98 0.98 0.98 0.98 0.98 0.98 0.98 0.98 0.98 0.98 0.98
  per-rule acc: 0.98 0.98
Epoch 1520 | Train: Loss=0.0030 Acc=99.9% | Test: Acc=97.4% | Best=98.0%(@1260)
  from x3: 0.97 0.97 0.97 0.97 0.97 0.97 0.97 0.97 0.97 0.97 0.97 0.97 0.97
  per-rule acc: 0.97 0.98
Epoch 1540 | Train: Loss=0.0431 Acc=99.4% | Test: Acc=92.4% | Best=98.0%(@1260)
  from x3: 0.90 0.93 0.93 0.93 0.93 0.93 0.93 0.93 0.93 0.93 0.93 0.93 0.93
  per-rule acc: 0.95 0.90
Epoch 1560 | Train: Loss=0.0023 Acc=99.9% | Test: Acc=97.7% | Best=98.0%(@1260)
  from x3: 0.98 0.98 0.98 0.98 0.98 0.98 0.98 0.98 0.98 0.98 0.98 0.98 0.98
  per-rule acc: 0.98 0.98
Epoch 1580 | Train: Loss=0.0029 Acc=99.9% | Test: Acc=97.5% | Best=98.0%(@1260)
  from x3: 0.97 0.97 0.98 0.98 0.98 0.98 0.98 0.98 0.98 0.98 0.98 0.98 0.98
  per-rule acc: 0.97 0.98
Epoch 1600 | Train: Loss=0.0214 Acc=99.7% | Test: Acc=95.6% | Best=98.0%(@1260)
  from x3: 0.95 0.96 0.96 0.96 0.96 0.96 0.96 0.96 0.96 0.96 0.96 0.96 0.96
  per-rule acc: 0.97 0.95
Epoch 1620 | Train: Loss=0.0023 Acc=99.9% | Test: Acc=97.8% | Best=98.0%(@1260)
  from x3: 0.98 0.98 0.98 0.98 0.98 0.98 0.98 0.98 0.98 0.98 0.98 0.98 0.98
  per-rule acc: 0.98 0.98
Epoch 1640 | Train: Loss=0.0030 Acc=99.9% | Test: Acc=97.6% | Best=98.0%(@1260)
  from x3: 0.97 0.98 0.98 0.98 0.98 0.98 0.98 0.98 0.98 0.98 0.98 0.98 0.98
  per-rule acc: 0.98 0.98
Epoch 1660 | Train: Loss=0.0690 Acc=99.2% | Test: Acc=91.7% | Best=98.0%(@1260)
  from x3: 0.89 0.92 0.92 0.92 0.92 0.92 0.92 0.92 0.92 0.92 0.92 0.92 0.92
  per-rule acc: 0.94 0.90
Epoch 1680 | Train: Loss=0.0022 Acc=99.9% | Test: Acc=97.5% | Best=98.0%(@1260)
  from x3: 0.98 0.98 0.97 0.97 0.97 0.97 0.97 0.97 0.97 0.97 0.97 0.97 0.97
  per-rule acc: 0.98 0.97
Epoch 1700 | Train: Loss=0.0030 Acc=99.9% | Test: Acc=97.5% | Best=98.0%(@1260)
  from x3: 0.97 0.97 0.97 0.97 0.97 0.97 0.97 0.98 0.97 0.98 0.98 0.98 0.98
  per-rule acc: 0.97 0.98
Epoch 1720 | Train: Loss=0.0363 Acc=99.6% | Test: Acc=94.4% | Best=98.0%(@1260)
  from x3: 0.93 0.95 0.94 0.94 0.94 0.94 0.94 0.95 0.94 0.94 0.94 0.94 0.94
  per-rule acc: 0.95 0.94
Epoch 1740 | Train: Loss=0.0023 Acc=99.9% | Test: Acc=97.6% | Best=98.0%(@1260)
  from x3: 0.98 0.98 0.98 0.98 0.98 0.98 0.98 0.98 0.97 0.97 0.98 0.98 0.97
  per-rule acc: 0.98 0.97
Epoch 1760 | Train: Loss=0.0030 Acc=99.9% | Test: Acc=97.6% | Best=98.0%(@1260)
  from x3: 0.97 0.98 0.98 0.98 0.98 0.98 0.98 0.98 0.98 0.98 0.98 0.98 0.98
  per-rule acc: 0.97 0.98
Epoch 1780 | Train: Loss=0.0095 Acc=99.9% | Test: Acc=95.8% | Best=98.0%(@1260)
  from x3: 0.95 0.96 0.96 0.96 0.96 0.96 0.96 0.96 0.96 0.96 0.96 0.96 0.96
  per-rule acc: 0.97 0.95
Epoch 1800 | Train: Loss=0.0024 Acc=99.9% | Test: Acc=97.7% | Best=98.0%(@1260)
  from x3: 0.98 0.98 0.98 0.98 0.98 0.98 0.98 0.98 0.98 0.98 0.98 0.98 0.98
  per-rule acc: 0.98 0.98
Epoch 1820 | Train: Loss=0.0030 Acc=99.9% | Test: Acc=97.6% | Best=98.0%(@1260)
  from x3: 0.97 0.98 0.98 0.98 0.98 0.98 0.98 0.98 0.98 0.98 0.98 0.98 0.98
  per-rule acc: 0.98 0.98
Epoch 1840 | Train: Loss=0.0463 Acc=99.5% | Test: Acc=93.1% | Best=98.0%(@1260)
  from x3: 0.92 0.93 0.93 0.93 0.93 0.93 0.93 0.93 0.93 0.93 0.93 0.93 0.93
  per-rule acc: 0.95 0.91
Epoch 1860 | Train: Loss=0.0023 Acc=99.9% | Test: Acc=97.8% | Best=98.0%(@1260)
  from x3: 0.98 0.98 0.98 0.98 0.98 0.98 0.98 0.98 0.98 0.98 0.98 0.98 0.98
  per-rule acc: 0.98 0.98
Epoch 1880 | Train: Loss=0.0029 Acc=99.9% | Test: Acc=97.6% | Best=98.0%(@1260)
  from x3: 0.97 0.97 0.98 0.98 0.98 0.98 0.98 0.98 0.98 0.98 0.98 0.98 0.98
  per-rule acc: 0.97 0.98
Epoch 1900 | Train: Loss=0.0166 Acc=99.8% | Test: Acc=94.8% | Best=98.0%(@1260)
  from x3: 0.94 0.95 0.95 0.95 0.95 0.95 0.95 0.95 0.95 0.95 0.95 0.95 0.95
  per-rule acc: 0.96 0.93
Epoch 1920 | Train: Loss=0.0025 Acc=99.9% | Test: Acc=97.6% | Best=98.0%(@1260)
  from x3: 0.98 0.98 0.98 0.98 0.98 0.98 0.98 0.98 0.98 0.98 0.98 0.98 0.98
  per-rule acc: 0.98 0.97
Epoch 1940 | Train: Loss=0.0030 Acc=99.9% | Test: Acc=97.7% | Best=98.0%(@1260)
  from x3: 0.97 0.98 0.98 0.98 0.98 0.98 0.98 0.98 0.98 0.98 0.98 0.98 0.98
  per-rule acc: 0.98 0.98
Epoch 1960 | Train: Loss=0.0127 Acc=99.9% | Test: Acc=95.7% | Best=98.0%(@1260)
  from x3: 0.95 0.96 0.96 0.96 0.96 0.96 0.96 0.96 0.96 0.96 0.96 0.96 0.96
  per-rule acc: 0.97 0.94
Epoch 1980 | Train: Loss=0.0025 Acc=99.9% | Test: Acc=97.8% | Best=98.0%(@1260)
  from x3: 0.98 0.98 0.98 0.98 0.98 0.98 0.98 0.98 0.98 0.98 0.98 0.98 0.98
  per-rule acc: 0.98 0.98
Epoch 2000 | Train: Loss=0.0029 Acc=99.9% | Test: Acc=97.7% | Best=98.0%(@1260)
  from x3: 0.97 0.98 0.98 0.98 0.98 0.98 0.98 0.98 0.98 0.98 0.98 0.98 0.98
  per-rule acc: 0.98 0.98
Epoch 2020 | Train: Loss=0.0285 Acc=99.7% | Test: Acc=94.5% | Best=98.0%(@1260)
  from x3: 0.93 0.95 0.95 0.95 0.95 0.95 0.95 0.95 0.95 0.95 0.95 0.95 0.95
  per-rule acc: 0.96 0.93
Epoch 2040 | Train: Loss=0.0023 Acc=99.9% | Test: Acc=97.7% | Best=98.0%(@1260)
  from x3: 0.98 0.98 0.98 0.98 0.98 0.98 0.98 0.98 0.98 0.98 0.98 0.98 0.98
  per-rule acc: 0.98 0.98
Epoch 2060 | Train: Loss=0.0028 Acc=99.9% | Test: Acc=97.7% | Best=98.0%(@1260)
  from x3: 0.97 0.98 0.98 0.98 0.98 0.98 0.98 0.98 0.98 0.98 0.98 0.98 0.98
  per-rule acc: 0.98 0.98
Epoch 2080 | Train: Loss=0.0018 Acc=99.9% | Test: Acc=97.8% | Best=98.0%(@1260)
  from x3: 0.97 0.98 0.98 0.98 0.98 0.98 0.98 0.98 0.98 0.98 0.98 0.98 0.98
  per-rule acc: 0.98 0.98
Epoch 2100 | Train: Loss=0.0026 Acc=99.9% | Test: Acc=97.6% | Best=98.0%(@1260)
  from x3: 0.97 0.98 0.98 0.98 0.98 0.98 0.98 0.98 0.98 0.98 0.98 0.98 0.98
  per-rule acc: 0.98 0.98
Epoch 2120 | Train: Loss=0.0029 Acc=99.9% | Test: Acc=97.5% | Best=98.0%(@1260)
  from x3: 0.97 0.97 0.98 0.98 0.98 0.98 0.98 0.98 0.98 0.98 0.98 0.98 0.98
  per-rule acc: 0.98 0.98
Epoch 2140 | Train: Loss=0.0018 Acc=99.9% | Test: Acc=97.6% | Best=98.0%(@1260)
  from x3: 0.98 0.98 0.98 0.98 0.98 0.98 0.98 0.98 0.98 0.98 0.98 0.98 0.98
  per-rule acc: 0.98 0.98
Epoch 2160 | Train: Loss=0.0027 Acc=99.9% | Test: Acc=97.6% | Best=98.0%(@1260)
  from x3: 0.97 0.98 0.98 0.98 0.98 0.98 0.98 0.98 0.98 0.98 0.98 0.98 0.98
  per-rule acc: 0.98 0.97
Epoch 2180 | Train: Loss=0.0029 Acc=99.9% | Test: Acc=97.5% | Best=98.0%(@1260)
  from x3: 0.97 0.97 0.98 0.98 0.98 0.98 0.98 0.98 0.98 0.98 0.98 0.98 0.98
  per-rule acc: 0.97 0.98
Epoch 2200 | Train: Loss=0.0019 Acc=99.9% | Test: Acc=97.9% | Best=98.0%(@1260)
  from x3: 0.98 0.98 0.98 0.98 0.98 0.98 0.98 0.98 0.98 0.98 0.98 0.98 0.98
  per-rule acc: 0.98 0.98
Epoch 2220 | Train: Loss=0.0026 Acc=99.9% | Test: Acc=97.8% | Best=98.0%(@1260)
  from x3: 0.97 0.98 0.98 0.98 0.98 0.98 0.98 0.98 0.98 0.98 0.98 0.98 0.98
  per-rule acc: 0.98 0.98
Epoch 2240 | Train: Loss=0.0029 Acc=99.9% | Test: Acc=97.6% | Best=98.0%(@1260)
  from x3: 0.97 0.97 0.98 0.98 0.98 0.98 0.98 0.98 0.98 0.98 0.98 0.98 0.98
  per-rule acc: 0.97 0.98
Epoch 2260 | Train: Loss=0.0138 Acc=99.8% | Test: Acc=96.7% | Best=98.0%(@1260)
  from x3: 0.96 0.97 0.97 0.97 0.97 0.97 0.97 0.97 0.97 0.97 0.97 0.97 0.97
  per-rule acc: 0.97 0.96
Epoch 2280 | Train: Loss=0.0024 Acc=99.9% | Test: Acc=97.8% | Best=98.0%(@1260)
  from x3: 0.98 0.98 0.98 0.98 0.98 0.98 0.98 0.98 0.98 0.98 0.98 0.98 0.98
  per-rule acc: 0.98 0.98
Epoch 2300 | Train: Loss=0.0028 Acc=99.9% | Test: Acc=97.6% | Best=98.0%(@1260)
  from x3: 0.97 0.97 0.98 0.98 0.98 0.98 0.98 0.98 0.98 0.98 0.98 0.98 0.98
  per-rule acc: 0.97 0.98
Epoch 2320 | Train: Loss=0.0549 Acc=99.3% | Test: Acc=92.7% | Best=98.0%(@1260)
  from x3: 0.90 0.93 0.93 0.93 0.93 0.93 0.93 0.93 0.93 0.93 0.93 0.93 0.93
  per-rule acc: 0.95 0.91
Epoch 2340 | Train: Loss=0.0022 Acc=99.9% | Test: Acc=97.7% | Best=98.0%(@1260)
  from x3: 0.98 0.98 0.98 0.98 0.98 0.98 0.98 0.98 0.98 0.98 0.98 0.98 0.98
  per-rule acc: 0.98 0.98
Epoch 2360 | Train: Loss=0.0028 Acc=99.9% | Test: Acc=97.6% | Best=98.0%(@1260)
  from x3: 0.97 0.97 0.98 0.98 0.98 0.98 0.98 0.98 0.98 0.98 0.98 0.98 0.98
  per-rule acc: 0.98 0.98
Epoch 2380 | Train: Loss=0.1477 Acc=98.0% | Test: Acc=68.6% | Best=98.0%(@1260)
  from x3: 0.64 0.69 0.69 0.69 0.69 0.69 0.69 0.69 0.69 0.69 0.69 0.69 0.69
  per-rule acc: 0.81 0.58
Epoch 2400 | Train: Loss=0.0019 Acc=99.9% | Test: Acc=97.6% | Best=98.0%(@1260)
  from x3: 0.98 0.98 0.98 0.98 0.98 0.98 0.98 0.98 0.98 0.98 0.98 0.98 0.98
  per-rule acc: 0.98 0.97
Epoch 2420 | Train: Loss=0.0027 Acc=99.9% | Test: Acc=97.5% | Best=98.0%(@1260)
  from x3: 0.97 0.97 0.98 0.98 0.98 0.98 0.98 0.98 0.98 0.98 0.98 0.98 0.98
  per-rule acc: 0.98 0.98
Epoch 2440 | Train: Loss=0.0027 Acc=99.9% | Test: Acc=96.7% | Best=98.0%(@1260)
  from x3: 0.96 0.97 0.97 0.97 0.97 0.97 0.97 0.97 0.97 0.97 0.97 0.97 0.97
  per-rule acc: 0.97 0.97
Epoch 2460 | Train: Loss=0.0020 Acc=99.9% | Test: Acc=97.6% | Best=98.0%(@1260)
  from x3: 0.98 0.98 0.98 0.98 0.98 0.98 0.98 0.98 0.98 0.98 0.98 0.98 0.98
  per-rule acc: 0.98 0.97
Epoch 2480 | Train: Loss=0.0028 Acc=99.9% | Test: Acc=97.6% | Best=98.0%(@1260)
  from x3: 0.97 0.97 0.98 0.98 0.98 0.98 0.98 0.98 0.98 0.98 0.98 0.98 0.98
  per-rule acc: 0.98 0.98
Epoch 2500 | Train: Loss=0.0027 Acc=99.9% | Test: Acc=97.2% | Best=98.0%(@1260)
  from x3: 0.97 0.97 0.97 0.97 0.97 0.97 0.97 0.97 0.97 0.97 0.97 0.97 0.97
  per-rule acc: 0.97 0.97
Epoch 2520 | Train: Loss=0.0018 Acc=99.9% | Test: Acc=97.8% | Best=98.0%(@1260)
  from x3: 0.98 0.98 0.98 0.98 0.98 0.98 0.98 0.98 0.98 0.98 0.98 0.98 0.98
  per-rule acc: 0.98 0.98
Epoch 2540 | Train: Loss=0.0027 Acc=99.9% | Test: Acc=97.5% | Best=98.0%(@1260)
  from x3: 0.97 0.97 0.98 0.98 0.98 0.98 0.98 0.98 0.98 0.98 0.98 0.98 0.98
  per-rule acc: 0.98 0.97
Epoch 2560 | Train: Loss=0.0027 Acc=99.9% | Test: Acc=97.3% | Best=98.0%(@1260)
  from x3: 0.97 0.97 0.97 0.97 0.97 0.97 0.97 0.97 0.97 0.97 0.97 0.97 0.97
  per-rule acc: 0.97 0.97
Epoch 2580 | Train: Loss=0.0025 Acc=99.9% | Test: Acc=97.4% | Best=98.0%(@1260)
  from x3: 0.97 0.97 0.97 0.97 0.97 0.97 0.97 0.97 0.97 0.97 0.97 0.97 0.97
  per-rule acc: 0.98 0.97
Epoch 2600 | Train: Loss=0.0024 Acc=99.9% | Test: Acc=97.7% | Best=98.0%(@1260)
  from x3: 0.98 0.98 0.98 0.98 0.98 0.98 0.98 0.98 0.98 0.98 0.98 0.98 0.98
  per-rule acc: 0.98 0.98
Epoch 2620 | Train: Loss=0.0028 Acc=99.9% | Test: Acc=97.6% | Best=98.0%(@1260)
  from x3: 0.97 0.97 0.98 0.98 0.98 0.98 0.98 0.98 0.98 0.98 0.98 0.98 0.98
  per-rule acc: 0.98 0.98
Epoch 2640 | Train: Loss=0.0026 Acc=99.9% | Test: Acc=97.2% | Best=98.0%(@1260)
  from x3: 0.96 0.97 0.97 0.97 0.97 0.97 0.97 0.97 0.97 0.97 0.97 0.97 0.97
  per-rule acc: 0.97 0.97
Epoch 2660 | Train: Loss=0.0018 Acc=99.9% | Test: Acc=97.4% | Best=98.0%(@1260)
  from x3: 0.98 0.97 0.97 0.97 0.97 0.97 0.97 0.97 0.97 0.97 0.97 0.97 0.97
  per-rule acc: 0.98 0.97
Epoch 2680 | Train: Loss=0.0027 Acc=99.9% | Test: Acc=97.6% | Best=98.0%(@1260)
  from x3: 0.97 0.97 0.98 0.98 0.98 0.98 0.98 0.98 0.98 0.98 0.98 0.98 0.98
  per-rule acc: 0.97 0.98
Epoch 2700 | Train: Loss=0.0027 Acc=99.9% | Test: Acc=97.5% | Best=98.0%(@1260)
  from x3: 0.97 0.97 0.98 0.98 0.98 0.98 0.98 0.98 0.98 0.98 0.98 0.98 0.98
  per-rule acc: 0.97 0.97
Epoch 2720 | Train: Loss=0.0172 Acc=99.8% | Test: Acc=95.0% | Best=98.0%(@1260)
  from x3: 0.94 0.95 0.95 0.95 0.95 0.95 0.95 0.95 0.95 0.95 0.95 0.95 0.95
  per-rule acc: 0.95 0.95
Epoch 2740 | Train: Loss=0.0021 Acc=99.9% | Test: Acc=97.7% | Best=98.0%(@1260)
  from x3: 0.98 0.97 0.98 0.98 0.98 0.98 0.98 0.98 0.98 0.98 0.98 0.98 0.98
  per-rule acc: 0.98 0.98
Epoch 2760 | Train: Loss=0.0027 Acc=99.9% | Test: Acc=97.6% | Best=98.0%(@1260)
  from x3: 0.97 0.98 0.98 0.98 0.98 0.98 0.98 0.98 0.98 0.98 0.98 0.98 0.98
  per-rule acc: 0.98 0.98
Epoch 2780 | Train: Loss=0.0026 Acc=99.9% | Test: Acc=97.3% | Best=98.0%(@1260)
  from x3: 0.97 0.97 0.97 0.97 0.97 0.97 0.97 0.97 0.97 0.97 0.97 0.97 0.97
  per-rule acc: 0.97 0.97
Epoch 2800 | Train: Loss=0.0019 Acc=99.9% | Test: Acc=97.7% | Best=98.0%(@1260)
  from x3: 0.98 0.98 0.98 0.98 0.98 0.98 0.98 0.98 0.98 0.98 0.98 0.98 0.98
  per-rule acc: 0.98 0.98
Epoch 2820 | Train: Loss=0.0027 Acc=99.9% | Test: Acc=97.6% | Best=98.0%(@1260)
  from x3: 0.97 0.97 0.98 0.98 0.98 0.98 0.98 0.98 0.98 0.98 0.98 0.98 0.98
  per-rule acc: 0.97 0.98
Epoch 2840 | Train: Loss=0.0026 Acc=99.9% | Test: Acc=97.4% | Best=98.0%(@1260)
  from x3: 0.97 0.97 0.97 0.97 0.97 0.97 0.97 0.97 0.97 0.97 0.97 0.97 0.97
  per-rule acc: 0.97 0.97
Epoch 2860 | Train: Loss=0.0016 Acc=99.9% | Test: Acc=97.5% | Best=98.0%(@1260)
  from x3: 0.98 0.97 0.98 0.98 0.98 0.98 0.98 0.98 0.98 0.98 0.98 0.98 0.98
  per-rule acc: 0.98 0.97
Epoch 2880 | Train: Loss=0.0025 Acc=99.9% | Test: Acc=97.7% | Best=98.0%(@1260)
  from x3: 0.97 0.98 0.98 0.98 0.98 0.98 0.98 0.98 0.98 0.98 0.98 0.98 0.98
  per-rule acc: 0.98 0.98
Epoch 2900 | Train: Loss=0.0027 Acc=99.9% | Test: Acc=97.5% | Best=98.0%(@1260)
  from x3: 0.97 0.98 0.98 0.98 0.98 0.98 0.98 0.98 0.98 0.98 0.98 0.98 0.98
  per-rule acc: 0.98 0.98
Epoch 2920 | Train: Loss=0.0129 Acc=99.8% | Test: Acc=95.2% | Best=98.0%(@1260)
  from x3: 0.94 0.95 0.95 0.95 0.95 0.95 0.95 0.95 0.95 0.95 0.95 0.95 0.95
  per-rule acc: 0.96 0.94
Epoch 2940 | Train: Loss=0.0023 Acc=99.9% | Test: Acc=97.5% | Best=98.0%(@1260)
  from x3: 0.97 0.98 0.97 0.97 0.97 0.97 0.98 0.97 0.98 0.98 0.98 0.98 0.98
  per-rule acc: 0.98 0.97
Epoch 2960 | Train: Loss=0.0027 Acc=99.9% | Test: Acc=97.6% | Best=98.0%(@1260)
  from x3: 0.97 0.98 0.98 0.98 0.98 0.98 0.98 0.98 0.98 0.98 0.98 0.98 0.98
  per-rule acc: 0.98 0.98
Epoch 2980 | Train: Loss=0.0025 Acc=99.9% | Test: Acc=97.4% | Best=98.0%(@1260)
  from x3: 0.96 0.97 0.97 0.97 0.97 0.97 0.97 0.97 0.97 0.97 0.97 0.97 0.97
  per-rule acc: 0.97 0.97
Epoch 3000 | Train: Loss=0.0017 Acc=99.9% | Test: Acc=97.7% | Best=98.0%(@1260)
  from x3: 0.98 0.98 0.98 0.98 0.98 0.98 0.98 0.98 0.98 0.98 0.98 0.98 0.98
  per-rule acc: 0.98 0.98
Epoch 3020 | Train: Loss=0.0026 Acc=99.9% | Test: Acc=97.6% | Best=98.0%(@1260)
  from x3: 0.97 0.98 0.98 0.98 0.98 0.98 0.98 0.98 0.98 0.98 0.98 0.98 0.98
  per-rule acc: 0.98 0.98
Epoch 3040 | Train: Loss=0.0026 Acc=99.9% | Test: Acc=97.3% | Best=98.0%(@1260)
  from x3: 0.96 0.97 0.97 0.97 0.97 0.97 0.97 0.97 0.97 0.97 0.97 0.97 0.97
  per-rule acc: 0.97 0.97
Epoch 3060 | Train: Loss=0.0017 Acc=99.9% | Test: Acc=97.6% | Best=98.0%(@1260)
  from x3: 0.97 0.98 0.98 0.98 0.98 0.98 0.98 0.98 0.98 0.98 0.98 0.98 0.98
  per-rule acc: 0.98 0.97
Epoch 3080 | Train: Loss=0.0026 Acc=99.9% | Test: Acc=97.6% | Best=98.0%(@1260)
  from x3: 0.97 0.98 0.98 0.98 0.98 0.98 0.98 0.98 0.98 0.98 0.98 0.98 0.98
  per-rule acc: 0.98 0.98
Epoch 3100 | Train: Loss=0.0026 Acc=99.9% | Test: Acc=97.6% | Best=98.0%(@1260)
  from x3: 0.97 0.98 0.98 0.98 0.98 0.98 0.98 0.98 0.98 0.98 0.98 0.98 0.98
  per-rule acc: 0.97 0.98
Epoch 3120 | Train: Loss=0.0184 Acc=99.8% | Test: Acc=94.6% | Best=98.0%(@1260)
  from x3: 0.94 0.95 0.95 0.95 0.95 0.95 0.95 0.95 0.95 0.95 0.95 0.95 0.95
  per-rule acc: 0.96 0.93
Epoch 3140 | Train: Loss=0.0021 Acc=99.9% | Test: Acc=97.6% | Best=98.0%(@1260)
  from x3: 0.97 0.98 0.98 0.98 0.98 0.98 0.98 0.98 0.98 0.98 0.98 0.98 0.98
  per-rule acc: 0.98 0.97
Epoch 3160 | Train: Loss=0.0026 Acc=99.9% | Test: Acc=97.6% | Best=98.0%(@1260)
  from x3: 0.97 0.98 0.98 0.98 0.98 0.98 0.98 0.98 0.98 0.98 0.98 0.98 0.98
  per-rule acc: 0.98 0.98
Epoch 3180 | Train: Loss=0.0025 Acc=99.9% | Test: Acc=97.5% | Best=98.0%(@1260)
  from x3: 0.97 0.97 0.98 0.98 0.98 0.98 0.98 0.97 0.98 0.98 0.98 0.98 0.97
  per-rule acc: 0.97 0.98
Epoch 3200 | Train: Loss=0.0017 Acc=99.9% | Test: Acc=97.7% | Best=98.0%(@1260)
  from x3: 0.98 0.98 0.98 0.98 0.98 0.98 0.98 0.98 0.98 0.98 0.98 0.98 0.98
  per-rule acc: 0.98 0.98
Epoch 3220 | Train: Loss=0.0025 Acc=99.9% | Test: Acc=97.6% | Best=98.0%(@1260)
  from x3: 0.97 0.98 0.98 0.98 0.98 0.98 0.98 0.98 0.98 0.98 0.98 0.98 0.98
  per-rule acc: 0.98 0.98
Epoch 3240 | Train: Loss=0.0027 Acc=99.9% | Test: Acc=97.5% | Best=98.0%(@1260)
  from x3: 0.97 0.97 0.98 0.98 0.98 0.98 0.98 0.98 0.98 0.97 0.97 0.97 0.97
  per-rule acc: 0.97 0.98
Epoch 3260 | Train: Loss=0.0422 Acc=99.6% | Test: Acc=93.6% | Best=98.0%(@1260)
  from x3: 0.91 0.94 0.94 0.94 0.94 0.94 0.94 0.94 0.94 0.94 0.94 0.94 0.94
  per-rule acc: 0.95 0.93
Epoch 3280 | Train: Loss=0.0020 Acc=99.9% | Test: Acc=97.6% | Best=98.0%(@1260)
  from x3: 0.98 0.98 0.98 0.98 0.98 0.98 0.98 0.98 0.98 0.98 0.98 0.98 0.98
  per-rule acc: 0.98 0.97
Epoch 3300 | Train: Loss=0.0026 Acc=99.9% | Test: Acc=97.6% | Best=98.0%(@1260)
  from x3: 0.97 0.98 0.98 0.98 0.98 0.98 0.98 0.98 0.98 0.98 0.98 0.98 0.98
  per-rule acc: 0.98 0.98
Epoch 3320 | Train: Loss=0.0025 Acc=99.9% | Test: Acc=97.4% | Best=98.0%(@1260)
  from x3: 0.97 0.97 0.97 0.97 0.97 0.97 0.97 0.97 0.97 0.97 0.97 0.97 0.97
  per-rule acc: 0.97 0.97
Epoch 3340 | Train: Loss=0.0017 Acc=99.9% | Test: Acc=97.7% | Best=98.0%(@1260)
  from x3: 0.97 0.98 0.98 0.98 0.98 0.98 0.98 0.98 0.98 0.98 0.98 0.98 0.98
  per-rule acc: 0.98 0.98
Epoch 3360 | Train: Loss=0.0024 Acc=99.9% | Test: Acc=97.6% | Best=98.0%(@1260)
  from x3: 0.97 0.98 0.98 0.98 0.98 0.98 0.98 0.98 0.98 0.98 0.98 0.98 0.98
  per-rule acc: 0.98 0.98
Epoch 3380 | Train: Loss=0.0026 Acc=99.9% | Test: Acc=97.5% | Best=98.0%(@1260)
  from x3: 0.97 0.98 0.98 0.98 0.98 0.98 0.98 0.98 0.98 0.98 0.98 0.98 0.98
  per-rule acc: 0.98 0.97
Epoch 3400 | Train: Loss=0.0319 Acc=99.6% | Test: Acc=94.4% | Best=98.0%(@1260)
  from x3: 0.93 0.94 0.95 0.95 0.95 0.95 0.95 0.95 0.95 0.95 0.95 0.95 0.95
  per-rule acc: 0.95 0.94
Epoch 3420 | Train: Loss=0.0020 Acc=99.9% | Test: Acc=97.5% | Best=98.0%(@1260)
  from x3: 0.98 0.97 0.98 0.98 0.98 0.98 0.98 0.98 0.98 0.98 0.98 0.98 0.97
  per-rule acc: 0.98 0.97
Epoch 3440 | Train: Loss=0.0026 Acc=99.9% | Test: Acc=97.5% | Best=98.0%(@1260)
  from x3: 0.97 0.98 0.98 0.98 0.98 0.98 0.98 0.98 0.98 0.98 0.98 0.98 0.98
  per-rule acc: 0.98 0.97
Epoch 3460 | Train: Loss=0.0025 Acc=99.9% | Test: Acc=97.4% | Best=98.0%(@1260)
  from x3: 0.96 0.97 0.97 0.97 0.97 0.97 0.97 0.97 0.97 0.97 0.97 0.97 0.97
  per-rule acc: 0.97 0.97
Epoch 3480 | Train: Loss=0.0017 Acc=99.9% | Test: Acc=97.4% | Best=98.0%(@1260)
  from x3: 0.97 0.97 0.97 0.97 0.97 0.97 0.97 0.97 0.97 0.97 0.97 0.97 0.97
  per-rule acc: 0.97 0.97
Epoch 3500 | Train: Loss=0.0026 Acc=99.9% | Test: Acc=97.4% | Best=98.0%(@1260)
  from x3: 0.97 0.98 0.97 0.97 0.97 0.97 0.97 0.97 0.97 0.97 0.97 0.97 0.97
  per-rule acc: 0.98 0.97
Epoch 3520 | Train: Loss=0.0026 Acc=99.9% | Test: Acc=97.3% | Best=98.0%(@1260)
  from x3: 0.97 0.97 0.97 0.97 0.97 0.97 0.97 0.97 0.97 0.97 0.97 0.97 0.97
  per-rule acc: 0.97 0.97
Epoch 3540 | Train: Loss=0.0111 Acc=99.9% | Test: Acc=95.8% | Best=98.0%(@1260)
  from x3: 0.95 0.96 0.96 0.96 0.96 0.96 0.96 0.96 0.96 0.96 0.96 0.96 0.96
  per-rule acc: 0.96 0.95
Epoch 3560 | Train: Loss=0.0023 Acc=99.9% | Test: Acc=97.7% | Best=98.0%(@1260)
  from x3: 0.98 0.98 0.98 0.98 0.98 0.98 0.98 0.98 0.98 0.98 0.98 0.98 0.98
  per-rule acc: 0.98 0.98
Epoch 3580 | Train: Loss=0.0026 Acc=99.9% | Test: Acc=97.4% | Best=98.0%(@1260)
  from x3: 0.97 0.97 0.97 0.97 0.97 0.97 0.97 0.97 0.97 0.97 0.97 0.97 0.97
  per-rule acc: 0.98 0.97
Epoch 3600 | Train: Loss=0.0864 Acc=98.5% | Test: Acc=88.7% | Best=98.0%(@1260)
  from x3: 0.85 0.89 0.89 0.89 0.89 0.89 0.89 0.89 0.89 0.89 0.89 0.89 0.89
  per-rule acc: 0.91 0.87
Epoch 3620 | Train: Loss=0.0018 Acc=99.9% | Test: Acc=97.5% | Best=98.0%(@1260)
  from x3: 0.98 0.97 0.98 0.98 0.98 0.98 0.98 0.98 0.98 0.98 0.98 0.98 0.97
  per-rule acc: 0.98 0.97
Epoch 3640 | Train: Loss=0.0025 Acc=99.9% | Test: Acc=97.6% | Best=98.0%(@1260)
  from x3: 0.97 0.98 0.98 0.98 0.98 0.98 0.98 0.98 0.98 0.98 0.98 0.98 0.98
  per-rule acc: 0.98 0.98
Epoch 3660 | Train: Loss=0.0025 Acc=99.9% | Test: Acc=97.4% | Best=98.0%(@1260)
  from x3: 0.97 0.97 0.97 0.97 0.97 0.97 0.98 0.97 0.97 0.97 0.97 0.97 0.97
  per-rule acc: 0.97 0.97
Epoch 3680 | Train: Loss=0.0072 Acc=99.9% | Test: Acc=95.7% | Best=98.0%(@1260)
  from x3: 0.95 0.96 0.96 0.96 0.96 0.96 0.96 0.96 0.96 0.96 0.96 0.96 0.96
  per-rule acc: 0.97 0.94
Epoch 3700 | Train: Loss=0.0022 Acc=99.9% | Test: Acc=97.5% | Best=98.0%(@1260)
  from x3: 0.97 0.97 0.98 0.98 0.98 0.98 0.98 0.98 0.98 0.98 0.98 0.98 0.98
  per-rule acc: 0.98 0.97
Epoch 3720 | Train: Loss=0.0025 Acc=99.9% | Test: Acc=97.4% | Best=98.0%(@1260)
  from x3: 0.97 0.97 0.97 0.97 0.97 0.97 0.97 0.97 0.97 0.97 0.97 0.97 0.97
  per-rule acc: 0.98 0.97
Epoch 3740 | Train: Loss=0.1179 Acc=98.1% | Test: Acc=88.7% | Best=98.0%(@1260)
  from x3: 0.85 0.89 0.89 0.89 0.89 0.89 0.89 0.89 0.89 0.89 0.89 0.89 0.89
  per-rule acc: 0.90 0.88
Epoch 3760 | Train: Loss=0.0024 Acc=99.9% | Test: Acc=97.7% | Best=98.0%(@1260)
  from x3: 0.97 0.98 0.98 0.98 0.98 0.98 0.98 0.98 0.98 0.98 0.98 0.98 0.98
  per-rule acc: 0.97 0.98
Epoch 3780 | Train: Loss=0.0024 Acc=99.9% | Test: Acc=97.5% | Best=98.0%(@1260)
  from x3: 0.97 0.97 0.98 0.98 0.98 0.98 0.98 0.98 0.98 0.98 0.98 0.98 0.98
  per-rule acc: 0.98 0.97
Epoch 3800 | Train: Loss=0.0026 Acc=99.9% | Test: Acc=97.4% | Best=98.0%(@1260)
  from x3: 0.97 0.97 0.97 0.97 0.97 0.97 0.97 0.97 0.97 0.97 0.97 0.97 0.97
  per-rule acc: 0.98 0.97
Epoch 3820 | Train: Loss=0.0025 Acc=99.9% | Test: Acc=97.4% | Best=98.0%(@1260)
  from x3: 0.96 0.97 0.97 0.97 0.97 0.97 0.97 0.97 0.97 0.97 0.97 0.97 0.97
  per-rule acc: 0.98 0.97
Epoch 3840 | Train: Loss=0.0017 Acc=99.9% | Test: Acc=97.5% | Best=98.0%(@1260)
  from x3: 0.98 0.97 0.98 0.98 0.98 0.98 0.98 0.98 0.98 0.98 0.98 0.98 0.97
  per-rule acc: 0.98 0.97
Epoch 3860 | Train: Loss=0.0024 Acc=99.9% | Test: Acc=97.5% | Best=98.0%(@1260)
  from x3: 0.97 0.98 0.98 0.98 0.98 0.98 0.98 0.98 0.98 0.98 0.98 0.98 0.98
  per-rule acc: 0.98 0.97
Epoch 3880 | Train: Loss=0.0025 Acc=99.9% | Test: Acc=97.4% | Best=98.0%(@1260)
  from x3: 0.97 0.98 0.97 0.98 0.97 0.97 0.98 0.97 0.97 0.97 0.97 0.97 0.97
  per-rule acc: 0.98 0.97
Epoch 3900 | Train: Loss=0.0282 Acc=99.7% | Test: Acc=95.0% | Best=98.0%(@1260)
  from x3: 0.93 0.95 0.95 0.95 0.95 0.95 0.95 0.95 0.95 0.95 0.95 0.95 0.95
  per-rule acc: 0.96 0.94
Epoch 3920 | Train: Loss=0.0019 Acc=99.9% | Test: Acc=97.5% | Best=98.0%(@1260)
  from x3: 0.98 0.98 0.98 0.98 0.98 0.98 0.98 0.98 0.98 0.98 0.98 0.98 0.98
  per-rule acc: 0.98 0.97
Epoch 3940 | Train: Loss=0.0025 Acc=99.9% | Test: Acc=97.6% | Best=98.0%(@1260)
  from x3: 0.97 0.98 0.98 0.98 0.98 0.98 0.98 0.98 0.98 0.98 0.98 0.98 0.98
  per-rule acc: 0.98 0.98
Epoch 3960 | Train: Loss=0.0024 Acc=99.9% | Test: Acc=97.5% | Best=98.0%(@1260)
  from x3: 0.97 0.98 0.97 0.97 0.97 0.97 0.97 0.97 0.97 0.98 0.98 0.98 0.98
  per-rule acc: 0.98 0.97
Epoch 3980 | Train: Loss=0.0058 Acc=99.9% | Test: Acc=96.4% | Best=98.0%(@1260)
  from x3: 0.96 0.96 0.96 0.96 0.96 0.96 0.96 0.96 0.96 0.96 0.96 0.96 0.96
  per-rule acc: 0.97 0.96
Epoch 4000 | Train: Loss=0.0022 Acc=99.9% | Test: Acc=97.7% | Best=98.0%(@1260)
  from x3: 0.97 0.98 0.98 0.98 0.98 0.98 0.98 0.98 0.98 0.98 0.98 0.98 0.98
  per-rule acc: 0.98 0.98
Epoch 4020 | Train: Loss=0.0025 Acc=99.9% | Test: Acc=97.5% | Best=98.0%(@1260)
  from x3: 0.97 0.98 0.98 0.98 0.98 0.98 0.98 0.98 0.98 0.98 0.98 0.98 0.98
  per-rule acc: 0.98 0.97
Epoch 4040 | Train: Loss=0.0024 Acc=99.9% | Test: Acc=97.4% | Best=98.0%(@1260)
  from x3: 0.97 0.97 0.97 0.97 0.97 0.97 0.97 0.97 0.97 0.97 0.97 0.97 0.97
  per-rule acc: 0.97 0.97
Epoch 4060 | Train: Loss=0.0018 Acc=99.9% | Test: Acc=97.5% | Best=98.0%(@1260)
  from x3: 0.97 0.97 0.97 0.97 0.97 0.97 0.97 0.97 0.97 0.97 0.97 0.97 0.97
  per-rule acc: 0.98 0.97
Epoch 4080 | Train: Loss=0.0024 Acc=99.9% | Test: Acc=97.5% | Best=98.0%(@1260)
  from x3: 0.97 0.98 0.98 0.98 0.98 0.98 0.98 0.98 0.98 0.98 0.98 0.98 0.98
  per-rule acc: 0.98 0.97
Epoch 4100 | Train: Loss=0.0024 Acc=99.9% | Test: Acc=97.6% | Best=98.0%(@1260)
  from x3: 0.97 0.98 0.98 0.98 0.98 0.98 0.98 0.98 0.98 0.98 0.98 0.98 0.98
  per-rule acc: 0.98 0.98
Epoch 4120 | Train: Loss=0.0017 Acc=99.9% | Test: Acc=97.7% | Best=98.0%(@1260)
  from x3: 0.98 0.98 0.98 0.98 0.98 0.98 0.98 0.98 0.98 0.98 0.98 0.98 0.98
  per-rule acc: 0.98 0.98
Epoch 4140 | Train: Loss=0.0023 Acc=99.9% | Test: Acc=97.6% | Best=98.0%(@1260)
  from x3: 0.98 0.98 0.98 0.98 0.98 0.98 0.98 0.98 0.98 0.98 0.98 0.98 0.98
  per-rule acc: 0.98 0.98
Epoch 4160 | Train: Loss=0.0025 Acc=99.9% | Test: Acc=97.6% | Best=98.0%(@1260)
  from x3: 0.97 0.98 0.98 0.98 0.98 0.98 0.98 0.98 0.98 0.98 0.98 0.98 0.98
  per-rule acc: 0.98 0.98
Epoch 4180 | Train: Loss=0.0188 Acc=99.9% | Test: Acc=96.1% | Best=98.0%(@1260)
  from x3: 0.95 0.96 0.96 0.96 0.96 0.96 0.96 0.96 0.96 0.96 0.96 0.96 0.96
  per-rule acc: 0.97 0.95
Epoch 4200 | Train: Loss=0.0018 Acc=99.9% | Test: Acc=97.6% | Best=98.0%(@1260)
  from x3: 0.98 0.98 0.98 0.98 0.98 0.98 0.98 0.98 0.98 0.98 0.98 0.98 0.98
  per-rule acc: 0.98 0.97
Epoch 4220 | Train: Loss=0.0025 Acc=99.9% | Test: Acc=97.5% | Best=98.0%(@1260)
  from x3: 0.97 0.98 0.98 0.98 0.98 0.98 0.98 0.98 0.98 0.98 0.98 0.98 0.98
  per-rule acc: 0.98 0.98
Epoch 4240 | Train: Loss=0.0025 Acc=99.9% | Test: Acc=97.6% | Best=98.0%(@1260)
  from x3: 0.97 0.98 0.98 0.98 0.98 0.98 0.98 0.98 0.98 0.98 0.98 0.98 0.98
  per-rule acc: 0.98 0.97
Epoch 4260 | Train: Loss=0.0186 Acc=99.9% | Test: Acc=95.5% | Best=98.0%(@1260)
  from x3: 0.94 0.96 0.96 0.96 0.96 0.96 0.96 0.96 0.96 0.96 0.96 0.96 0.96
  per-rule acc: 0.97 0.94
[Early stop] No improvement for 3000 consecutive epochs

==================================================
Saving model...
[OK] Model saved to: /home/cxm/ai/test0709/models/mixed_basic_d512l2r8_seed2.pth
  File size: 41682.3 KB
  Best test accuracy: 97.96%

==================================================
Final generation test (batched teacher forcing, validate from position 3)
==================================================

--- AB pair 1: (1, 1) ---

--- Statistics for AB=(1,1) ---
Exposed    samples:  2052 | In-dist: 26671/26676 (100.0%) | OOD: 32832/32832 (100.0%)
Unexposed  samples:   757 | In-dist:  9534/ 9841 ( 96.9%) | OOD: 11744/12112 ( 97.0%)

--- Per-position accuracy for AB=(1,1) ---
  Position   3: Exposed-ID: 2047.0/2052 ( 99.8%) | Unexposed-ID: 726.0/757 ( 95.9%)
  Position   4: Exposed-ID: 2052.0/2052 (100.0%) | Unexposed-ID: 734.0/757 ( 97.0%)
  Position   5: Exposed-ID: 2052.0/2052 (100.0%) | Unexposed-ID: 734.0/757 ( 97.0%)
  Position   6: Exposed-ID: 2052.0/2052 (100.0%) | Unexposed-ID: 734.0/757 ( 97.0%)
  Position   7: Exposed-ID: 2052.0/2052 (100.0%) | Unexposed-ID: 734.0/757 ( 97.0%)
  Position   8: Exposed-ID: 2052.0/2052 (100.0%) | Unexposed-ID: 734.0/757 ( 97.0%)
  Position   9: Exposed-ID: 2052.0/2052 (100.0%) | Unexposed-ID: 734.0/757 ( 97.0%)
  Position  10: Exposed-ID: 2052.0/2052 (100.0%) | Unexposed-ID: 734.0/757 ( 97.0%)
  Position  11: Exposed-ID: 2052.0/2052 (100.0%) | Unexposed-ID: 734.0/757 ( 97.0%)
  Position  12: Exposed-ID: 2052.0/2052 (100.0%) | Unexposed-ID: 734.0/757 ( 97.0%)
  Position  13: Exposed-ID: 2052.0/2052 (100.0%) | Unexposed-ID: 734.0/757 ( 97.0%)
  Position  14: Exposed-ID: 2052.0/2052 (100.0%) | Unexposed-ID: 734.0/757 ( 97.0%)
  Position  15: Exposed-ID: 2052.0/2052 (100.0%) | Unexposed-ID: 734.0/757 ( 97.0%)
  Position  16: Exposed-OOD: 2052.0/2052 (100.0%) | Unexposed-OOD: 734.0/757 ( 97.0%)
  Position  17: Exposed-OOD: 2052.0/2052 (100.0%) | Unexposed-OOD: 734.0/757 ( 97.0%)
  Position  18: Exposed-OOD: 2052.0/2052 (100.0%) | Unexposed-OOD: 734.0/757 ( 97.0%)
  Position  19: Exposed-OOD: 2052.0/2052 (100.0%) | Unexposed-OOD: 734.0/757 ( 97.0%)
  Position  20: Exposed-OOD: 2052.0/2052 (100.0%) | Unexposed-OOD: 734.0/757 ( 97.0%)
  Position  21: Exposed-OOD: 2052.0/2052 (100.0%) | Unexposed-OOD: 734.0/757 ( 97.0%)
  Position  22: Exposed-OOD: 2052.0/2052 (100.0%) | Unexposed-OOD: 734.0/757 ( 97.0%)
  Position  23: Exposed-OOD: 2052.0/2052 (100.0%) | Unexposed-OOD: 734.0/757 ( 97.0%)
  Position  24: Exposed-OOD: 2052.0/2052 (100.0%) | Unexposed-OOD: 734.0/757 ( 97.0%)
  Position  25: Exposed-OOD: 2052.0/2052 (100.0%) | Unexposed-OOD: 734.0/757 ( 97.0%)
  Position  26: Exposed-OOD: 2052.0/2052 (100.0%) | Unexposed-OOD: 734.0/757 ( 97.0%)
  Position  27: Exposed-OOD: 2052.0/2052 (100.0%) | Unexposed-OOD: 734.0/757 ( 97.0%)
  Position  28: Exposed-OOD: 2052.0/2052 (100.0%) | Unexposed-OOD: 734.0/757 ( 97.0%)
  Position  29: Exposed-OOD: 2052.0/2052 (100.0%) | Unexposed-OOD: 734.0/757 ( 97.0%)
  Position  30: Exposed-OOD: 2052.0/2052 (100.0%) | Unexposed-OOD: 734.0/757 ( 97.0%)
  Position  31: Exposed-OOD: 2052.0/2052 (100.0%) | Unexposed-OOD: 734.0/757 ( 97.0%)

--- AB pair 2: (1, 2) ---

--- Statistics for AB=(1,2) ---
Exposed    samples:  1978 | In-dist: 25677/25714 ( 99.9%) | OOD: 31632/31648 ( 99.9%)
Unexposed  samples:   831 | In-dist: 10187/10803 ( 94.3%) | OOD: 12554/13296 ( 94.4%)

--- Per-position accuracy for AB=(1,2) ---
  Position   3: Exposed-ID: 1953.0/1978 ( 98.7%) | Unexposed-ID: 767.0/831 ( 92.3%)
  Position   4: Exposed-ID: 1977.0/1978 ( 99.9%) | Unexposed-ID: 785.0/831 ( 94.5%)
  Position   5: Exposed-ID: 1977.0/1978 ( 99.9%) | Unexposed-ID: 785.0/831 ( 94.5%)
  Position   6: Exposed-ID: 1977.0/1978 ( 99.9%) | Unexposed-ID: 785.0/831 ( 94.5%)
  Position   7: Exposed-ID: 1977.0/1978 ( 99.9%) | Unexposed-ID: 785.0/831 ( 94.5%)
  Position   8: Exposed-ID: 1977.0/1978 ( 99.9%) | Unexposed-ID: 785.0/831 ( 94.5%)
  Position   9: Exposed-ID: 1977.0/1978 ( 99.9%) | Unexposed-ID: 785.0/831 ( 94.5%)
  Position  10: Exposed-ID: 1977.0/1978 ( 99.9%) | Unexposed-ID: 785.0/831 ( 94.5%)
  Position  11: Exposed-ID: 1977.0/1978 ( 99.9%) | Unexposed-ID: 785.0/831 ( 94.5%)
  Position  12: Exposed-ID: 1977.0/1978 ( 99.9%) | Unexposed-ID: 785.0/831 ( 94.5%)
  Position  13: Exposed-ID: 1977.0/1978 ( 99.9%) | Unexposed-ID: 785.0/831 ( 94.5%)
  Position  14: Exposed-ID: 1977.0/1978 ( 99.9%) | Unexposed-ID: 785.0/831 ( 94.5%)
  Position  15: Exposed-ID: 1977.0/1978 ( 99.9%) | Unexposed-ID: 785.0/831 ( 94.5%)
  Position  16: Exposed-OOD: 1977.0/1978 ( 99.9%) | Unexposed-OOD: 785.0/831 ( 94.5%)
  Position  17: Exposed-OOD: 1977.0/1978 ( 99.9%) | Unexposed-OOD: 785.0/831 ( 94.5%)
  Position  18: Exposed-OOD: 1977.0/1978 ( 99.9%) | Unexposed-OOD: 785.0/831 ( 94.5%)
  Position  19: Exposed-OOD: 1977.0/1978 ( 99.9%) | Unexposed-OOD: 785.0/831 ( 94.5%)
  Position  20: Exposed-OOD: 1977.0/1978 ( 99.9%) | Unexposed-OOD: 785.0/831 ( 94.5%)
  Position  21: Exposed-OOD: 1977.0/1978 ( 99.9%) | Unexposed-OOD: 785.0/831 ( 94.5%)
  Position  22: Exposed-OOD: 1977.0/1978 ( 99.9%) | Unexposed-OOD: 785.0/831 ( 94.5%)
  Position  23: Exposed-OOD: 1977.0/1978 ( 99.9%) | Unexposed-OOD: 785.0/831 ( 94.5%)
  Position  24: Exposed-OOD: 1977.0/1978 ( 99.9%) | Unexposed-OOD: 785.0/831 ( 94.5%)
  Position  25: Exposed-OOD: 1977.0/1978 ( 99.9%) | Unexposed-OOD: 785.0/831 ( 94.5%)
  Position  26: Exposed-OOD: 1977.0/1978 ( 99.9%) | Unexposed-OOD: 784.0/831 ( 94.3%)
  Position  27: Exposed-OOD: 1977.0/1978 ( 99.9%) | Unexposed-OOD: 784.0/831 ( 94.3%)
  Position  28: Exposed-OOD: 1977.0/1978 ( 99.9%) | Unexposed-OOD: 784.0/831 ( 94.3%)
  Position  29: Exposed-OOD: 1977.0/1978 ( 99.9%) | Unexposed-OOD: 784.0/831 ( 94.3%)
  Position  30: Exposed-OOD: 1977.0/1978 ( 99.9%) | Unexposed-OOD: 784.0/831 ( 94.3%)
  Position  31: Exposed-OOD: 1977.0/1978 ( 99.9%) | Unexposed-OOD: 784.0/831 ( 94.3%)

--- Return code: 0 ---

======================================================================
Attention Analysis
======================================================================
Model config: addition (default), p=53
Best test accuracy: 0.9795582251501647
Training epochs: 4260

Random test sequence 1/5 (length 32): [51, 22, 20, 42, 9, 51, 7, 5, 12, 17, 29, 46, 22, 15, 37, 52, 36, 35, 18, 0]...

======================================================================
Attention Layer Training Result Summary
======================================================================
Input sequence: [51, 22, 20, 42, 9, 51, 7, 5, 12, 17, 29, 46, 22, 15, 37, 52, 36, 35, 18, 0, 18, 18, 36, 1, 37, 38, 22, 7, 29, 36, 12, 48]

--- Layer 0 ---
  Head 0: Entropy=0.427
    Attention coefficients from each query position to previous positions:
      i= 0 -> j=0:1.000
      i= 1 -> j=0:0.910, j=1:0.090
      i= 2 -> j=0:0.030, j=1:0.868, j=2:0.102
      i= 3 -> j=0:0.000, j=1:0.026, j=2:0.839, j=3:0.136
      i= 4 -> j=0:0.000, j=1:0.000, j=2:0.029, j=3:0.865, j=4:0.106
      i= 5 -> j=0:0.000, j=1:0.000, j=2:0.000, j=3:0.016, j=4:0.896, j=5:0.089
      i= 6 -> j=0:0.000, j=1:0.000, j=2:0.000, j=3:0.000, j=4:0.034, j=5:0.861, j=6:0.106
      i= 7 -> j=0:0.000, j=1:0.000, j=2:0.000, j=3:0.000, j=4:0.000, j=5:0.036, j=6:0.868, j=7:0.095
      i= 8 -> j=0:0.000, j=1:0.000, j=2:0.000, j=3:0.000, j=4:0.000, j=5:0.000, j=6:0.022, j=7:0.858, j=8:0.121
      i= 9 -> j=0:0.000, j=1:0.000, j=2:0.000, j=3:0.000, j=4:0.000, j=5:0.000, j=6:0.000, j=7:0.025, j=8:0.871, j=9:0.104
      i=10 -> j=0:0.000, j=1:0.000, j=2:0.000, j=3:0.000, j=4:0.000, j=5:0.000, j=6:0.000, j=7:0.000, j=8:0.026, j=9:0.873, j=10:0.101
      i=11 -> j=0:0.000, j=1:0.000, j=2:0.000, j=3:0.000, j=4:0.000, j=5:0.000, j=6:0.000, j=7:0.000, j=8:0.000, j=9:0.033, j=10:0.843, j=11:0.124
      i=12 -> j=0:0.000, j=1:0.000, j=2:0.000, j=3:0.000, j=4:0.000, j=5:0.000, j=6:0.000, j=7:0.000, j=8:0.000, j=9:0.000, j=10:0.025, j=11:0.875, j=12:0.100
      i=13 -> j=0:0.000, j=1:0.000, j=2:0.000, j=3:0.000, j=4:0.000, j=5:0.000, j=6:0.000, j=7:0.000, j=8:0.000, j=9:0.000, j=10:0.000, j=11:0.028, j=12:0.881, j=13:0.091
      i=14 -> j=0:0.000, j=1:0.000, j=2:0.000, j=3:0.000, j=4:0.000, j=5:0.000, j=6:0.000, j=7:0.000, j=8:0.000, j=9:0.000, j=10:0.000, j=11:0.000, j=12:0.036, j=13:0.867, j=14:0.097
      i=15 -> j=0:0.000, j=1:0.000, j=2:0.000, j=3:0.000, j=4:0.000, j=5:0.000, j=6:0.000, j=7:0.000, j=8:0.000, j=9:0.000, j=10:0.000, j=11:0.000, j=12:0.000, j=13:0.017, j=14:0.901, j=15:0.082
      i=16 -> j=0:0.000, j=1:0.000, j=2:0.000, j=3:0.000, j=4:0.000, j=5:0.000, j=6:0.000, j=7:0.000, j=8:0.000, j=9:0.000, j=10:0.000, j=11:0.000, j=12:0.000, j=13:0.000, j=14:0.029, j=15:0.848, j=16:0.123
      i=17 -> j=0:0.000, j=1:0.000, j=2:0.000, j=3:0.000, j=4:0.000, j=5:0.000, j=6:0.000, j=7:0.000, j=8:0.000, j=9:0.000, j=10:0.000, j=11:0.000, j=12:0.000, j=13:0.000, j=14:0.000, j=15:0.025, j=16:0.893, j=17:0.082
      i=18 -> j=0:0.000, j=1:0.000, j=2:0.000, j=3:0.000, j=4:0.000, j=5:0.000, j=6:0.000, j=7:0.000, j=8:0.000, j=9:0.000, j=10:0.000, j=11:0.000, j=12:0.000, j=13:0.000, j=14:0.000, j=15:0.000, j=16:0.027, j=17:0.890, j=18:0.083
      i=19 -> j=0:0.000, j=1:0.000, j=2:0.000, j=3:0.000, j=4:0.000, j=5:0.000, j=6:0.000, j=7:0.000, j=8:0.000, j=9:0.000, j=10:0.000, j=11:0.000, j=12:0.000, j=13:0.000, j=14:0.000, j=15:0.000, j=16:0.000, j=17:0.015, j=18:0.959, j=19:0.025
      i=20 -> j=0:0.000, j=1:0.000, j=2:0.000, j=3:0.000, j=4:0.000, j=5:0.000, j=6:0.000, j=7:0.000, j=8:0.000, j=9:0.000, j=10:0.000, j=11:0.000, j=12:0.000, j=13:0.000, j=14:0.000, j=15:0.000, j=16:0.000, j=17:0.000, j=18:0.036, j=19:0.850, j=20:0.113
      i=21 -> j=0:0.000, j=1:0.000, j=2:0.000, j=3:0.000, j=4:0.000, j=5:0.000, j=6:0.000, j=7:0.000, j=8:0.000, j=9:0.000, j=10:0.000, j=11:0.000, j=12:0.000, j=13:0.000, j=14:0.000, j=15:0.000, j=16:0.000, j=17:0.000, j=18:0.000, j=19:0.022, j=20:0.889, j=21:0.090
      i=22 -> j=0:0.000, j=1:0.000, j=2:0.000, j=3:0.000, j=4:0.000, j=5:0.000, j=6:0.000, j=7:0.000, j=8:0.000, j=9:0.000, j=10:0.000, j=11:0.000, j=12:0.000, j=13:0.000, j=14:0.000, j=15:0.000, j=16:0.000, j=17:0.000, j=18:0.000, j=19:0.000, j=20:0.030, j=21:0.854, j=22:0.115
      i=23 -> j=0:0.000, j=1:0.000, j=2:0.000, j=3:0.000, j=4:0.000, j=5:0.000, j=6:0.000, j=7:0.000, j=8:0.000, j=9:0.000, j=10:0.000, j=11:0.000, j=12:0.000, j=13:0.000, j=14:0.000, j=15:0.000, j=16:0.000, j=17:0.000, j=18:0.000, j=19:0.000, j=20:0.000, j=21:0.024, j=22:0.892, j=23:0.084
      i=24 -> j=0:0.000, j=1:0.000, j=2:0.000, j=3:0.000, j=4:0.000, j=5:0.000, j=6:0.000, j=7:0.000, j=8:0.000, j=9:0.000, j=10:0.000, j=11:0.000, j=12:0.000, j=13:0.000, j=14:0.000, j=15:0.000, j=16:0.000, j=17:0.000, j=18:0.000, j=19:0.000, j=20:0.000, j=21:0.000, j=22:0.024, j=23:0.893, j=24:0.083
      i=25 -> j=0:0.000, j=1:0.000, j=2:0.000, j=3:0.000, j=4:0.000, j=5:0.000, j=6:0.000, j=7:0.000, j=8:0.000, j=9:0.000, j=10:0.000, j=11:0.000, j=12:0.000, j=13:0.000, j=14:0.000, j=15:0.000, j=16:0.000, j=17:0.000, j=18:0.000, j=19:0.000, j=20:0.000, j=21:0.000, j=22:0.000, j=23:0.038, j=24:0.816, j=25:0.145
      i=26 -> j=0:0.000, j=1:0.000, j=2:0.000, j=3:0.000, j=4:0.000, j=5:0.000, j=6:0.000, j=7:0.000, j=8:0.000, j=9:0.000, j=10:0.000, j=11:0.000, j=12:0.000, j=13:0.000, j=14:0.000, j=15:0.000, j=16:0.000, j=17:0.000, j=18:0.000, j=19:0.000, j=20:0.000, j=21:0.000, j=22:0.000, j=23:0.000, j=24:0.025, j=25:0.869, j=26:0.105
      i=27 -> j=0:0.000, j=1:0.000, j=2:0.000, j=3:0.000, j=4:0.000, j=5:0.000, j=6:0.000, j=7:0.000, j=8:0.000, j=9:0.000, j=10:0.000, j=11:0.000, j=12:0.000, j=13:0.000, j=14:0.000, j=15:0.000, j=16:0.000, j=17:0.000, j=18:0.000, j=19:0.000, j=20:0.000, j=21:0.000, j=22:0.000, j=23:0.000, j=24:0.000, j=25:0.026, j=26:0.862, j=27:0.113
      i=28 -> j=0:0.000, j=1:0.000, j=2:0.000, j=3:0.000, j=4:0.000, j=5:0.000, j=6:0.000, j=7:0.000, j=8:0.000, j=9:0.000, j=10:0.000, j=11:0.000, j=12:0.000, j=13:0.000, j=14:0.000, j=15:0.000, j=16:0.000, j=17:0.000, j=18:0.000, j=19:0.000, j=20:0.000, j=21:0.000, j=22:0.000, j=23:0.000, j=24:0.000, j=25:0.000, j=26:0.034, j=27:0.866, j=28:0.100
      i=29 -> j=0:0.000, j=1:0.000, j=2:0.000, j=3:0.000, j=4:0.000, j=5:0.000, j=6:0.000, j=7:0.000, j=8:0.000, j=9:0.000, j=10:0.000, j=11:0.000, j=12:0.000, j=13:0.000, j=14:0.000, j=15:0.000, j=16:0.000, j=17:0.000, j=18:0.000, j=19:0.000, j=20:0.000, j=21:0.000, j=22:0.000, j=23:0.000, j=24:0.000, j=25:0.000, j=26:0.000, j=27:0.021, j=28:0.875, j=29:0.104
      i=30 -> j=0:0.000, j=1:0.000, j=2:0.000, j=3:0.000, j=4:0.000, j=5:0.000, j=6:0.000, j=7:0.000, j=8:0.000, j=9:0.000, j=10:0.000, j=11:0.000, j=12:0.000, j=13:0.000, j=14:0.000, j=15:0.000, j=16:0.000, j=17:0.000, j=18:0.000, j=19:0.000, j=20:0.000, j=21:0.000, j=22:0.000, j=23:0.000, j=24:0.000, j=25:0.000, j=26:0.000, j=27:0.000, j=28:0.023, j=29:0.871, j=30:0.105
      i=31 -> j=0:0.000, j=1:0.000, j=2:0.000, j=3:0.000, j=4:0.000, j=5:0.000, j=6:0.000, j=7:0.000, j=8:0.000, j=9:0.000, j=10:0.000, j=11:0.000, j=12:0.000, j=13:0.000, j=14:0.000, j=15:0.000, j=16:0.000, j=17:0.000, j=18:0.000, j=19:0.000, j=20:0.000, j=21:0.000, j=22:0.000, j=23:0.000, j=24:0.000, j=25:0.000, j=26:0.000, j=27:0.000, j=28:0.000, j=29:0.031, j=30:0.860, j=31:0.109
    Average attention per distance:
      d=0:0.129, d=1:0.873, d=2:0.027

--- Layer 1 ---
  Head 0: Entropy=0.791
    Attention coefficients from each query position to previous positions:
      i= 0 -> j=0:1.000
      i= 1 -> j=0:0.935, j=1:0.065
      i= 2 -> j=0:0.199, j=1:0.633, j=2:0.168
      i= 3 -> j=0:0.002, j=1:0.121, j=2:0.817, j=3:0.059
      i= 4 -> j=0:0.000, j=1:0.002, j=2:0.158, j=3:0.680, j=4:0.160
      i= 5 -> j=0:0.000, j=1:0.000, j=2:0.002, j=3:0.181, j=4:0.726, j=5:0.091
      i= 6 -> j=0:0.000, j=1:0.000, j=2:0.000, j=3:0.010, j=4:0.218, j=5:0.674, j=6:0.097
      i= 7 -> j=0:0.000, j=1:0.000, j=2:0.000, j=3:0.000, j=4:0.002, j=5:0.171, j=6:0.590, j=7:0.236
      i= 8 -> j=0:0.001, j=1:0.000, j=2:0.000, j=3:0.000, j=4:0.000, j=5:0.002, j=6:0.102, j=7:0.820, j=8:0.074
      i= 9 -> j=0:0.001, j=1:0.002, j=2:0.000, j=3:0.000, j=4:0.000, j=5:0.000, j=6:0.004, j=7:0.205, j=8:0.672, j=9:0.117
      i=10 -> j=0:0.000, j=1:0.001, j=2:0.000, j=3:0.000, j=4:0.000, j=5:0.000, j=6:0.000, j=7:0.001, j=8:0.100, j=9:0.861, j=10:0.038
      i=11 -> j=0:0.000, j=1:0.001, j=2:0.001, j=3:0.001, j=4:0.000, j=5:0.000, j=6:0.000, j=7:0.000, j=8:0.002, j=9:0.183, j=10:0.687, j=11:0.125
      i=12 -> j=0:0.000, j=1:0.000, j=2:0.000, j=3:0.002, j=4:0.001, j=5:0.000, j=6:0.000, j=7:0.000, j=8:0.000, j=9:0.001, j=10:0.143, j=11:0.809, j=12:0.043
      i=13 -> j=0:0.000, j=1:0.000, j=2:0.000, j=3:0.000, j=4:0.001, j=5:0.002, j=6:0.000, j=7:0.000, j=8:0.000, j=9:0.000, j=10:0.002, j=11:0.332, j=12:0.573, j=13:0.089
      i=14 -> j=0:0.002, j=1:0.001, j=2:0.000, j=3:0.000, j=4:0.001, j=5:0.005, j=6:0.004, j=7:0.000, j=8:0.000, j=9:0.000, j=10:0.000, j=11:0.002, j=12:0.203, j=13:0.669, j=14:0.112
      i=15 -> j=0:0.001, j=1:0.001, j=2:0.000, j=3:0.000, j=4:0.000, j=5:0.000, j=6:0.001, j=7:0.001, j=8:0.000, j=9:0.000, j=10:0.000, j=11:0.000, j=12:0.001, j=13:0.100, j=14:0.842, j=15:0.053
      i=16 -> j=0:0.001, j=1:0.002, j=2:0.001, j=3:0.000, j=4:0.000, j=5:0.000, j=6:0.001, j=7:0.002, j=8:0.001, j=9:0.000, j=10:0.000, j=11:0.000, j=12:0.000, j=13:0.001, j=14:0.203, j=15:0.722, j=16:0.065
      i=17 -> j=0:0.000, j=1:0.001, j=2:0.001, j=3:0.000, j=4:0.000, j=5:0.000, j=6:0.000, j=7:0.000, j=8:0.001, j=9:0.000, j=10:0.000, j=11:0.000, j=12:0.000, j=13:0.000, j=14:0.001, j=15:0.329, j=16:0.558, j=17:0.109
      i=18 -> j=0:0.000, j=1:0.001, j=2:0.001, j=3:0.003, j=4:0.002, j=5:0.001, j=6:0.001, j=7:0.000, j=8:0.001, j=9:0.003, j=10:0.001, j=11:0.000, j=12:0.000, j=13:0.000, j=14:0.000, j=15:0.007, j=16:0.082, j=17:0.770, j=18:0.127
      i=19 -> j=0:0.000, j=1:0.001, j=2:0.000, j=3:0.001, j=4:0.003, j=5:0.002, j=6:0.001, j=7:0.000, j=8:0.000, j=9:0.001, j=10:0.002, j=11:0.002, j=12:0.000, j=13:0.000, j=14:0.000, j=15:0.000, j=16:0.002, j=17:0.205, j=18:0.642, j=19:0.136
      i=20 -> j=0:0.011, j=1:0.009, j=2:0.005, j=3:0.007, j=4:0.014, j=5:0.025, j=6:0.023, j=7:0.009, j=8:0.004, j=9:0.004, j=10:0.009, j=11:0.021, j=12:0.018, j=13:0.003, j=14:0.001, j=15:0.001, j=16:0.003, j=17:0.020, j=18:0.183, j=19:0.574, j=20:0.059
      i=21 -> j=0:0.001, j=1:0.001, j=2:0.000, j=3:0.000, j=4:0.001, j=5:0.002, j=6:0.004, j=7:0.002, j=8:0.000, j=9:0.000, j=10:0.000, j=11:0.001, j=12:0.004, j=13:0.001, j=14:0.000, j=15:0.000, j=16:0.000, j=17:0.000, j=18:0.003, j=19:0.839, j=20:0.070, j=21:0.071
      i=22 -> j=0:0.001, j=1:0.002, j=2:0.001, j=3:0.000, j=4:0.000, j=5:0.002, j=6:0.005, j=7:0.005, j=8:0.002, j=9:0.000, j=10:0.000, j=11:0.000, j=12:0.002, j=13:0.002, j=14:0.002, j=15:0.000, j=16:0.000, j=17:0.000, j=18:0.000, j=19:0.030, j=20:0.053, j=21:0.820, j=22:0.073
      i=23 -> j=0:0.000, j=1:0.001, j=2:0.001, j=3:0.001, j=4:0.000, j=5:0.001, j=6:0.001, j=7:0.002, j=8:0.002, j=9:0.001, j=10:0.000, j=11:0.000, j=12:0.000, j=13:0.000, j=14:0.002, j=15:0.001, j=16:0.000, j=17:0.000, j=18:0.000, j=19:0.000, j=20:0.003, j=21:0.131, j=22:0.688, j=23:0.163
      i=24 -> j=0:0.000, j=1:0.000, j=2:0.000, j=3:0.000, j=4:0.000, j=5:0.000, j=6:0.000, j=7:0.000, j=8:0.000, j=9:0.001, j=10:0.000, j=11:0.000, j=12:0.000, j=13:0.000, j=14:0.000, j=15:0.002, j=16:0.000, j=17:0.000, j=18:0.000, j=19:0.000, j=20:0.000, j=21:0.001, j=22:0.162, j=23:0.768, j=24:0.062
      i=25 -> j=0:0.000, j=1:0.000, j=2:0.000, j=3:0.000, j=4:0.001, j=5:0.000, j=6:0.001, j=7:0.000, j=8:0.000, j=9:0.001, j=10:0.001, j=11:0.001, j=12:0.000, j=13:0.000, j=14:0.000, j=15:0.001, j=16:0.001, j=17:0.001, j=18:0.000, j=19:0.000, j=20:0.000, j=21:0.000, j=22:0.003, j=23:0.124, j=24:0.765, j=25:0.099
      i=26 -> j=0:0.000, j=1:0.000, j=2:0.000, j=3:0.000, j=4:0.001, j=5:0.001, j=6:0.001, j=7:0.000, j=8:0.000, j=9:0.000, j=10:0.001, j=11:0.002, j=12:0.001, j=13:0.000, j=14:0.000, j=15:0.000, j=16:0.001, j=17:0.002, j=18:0.001, j=19:0.000, j=20:0.000, j=21:0.000, j=22:0.000, j=23:0.001, j=24:0.141, j=25:0.780, j=26:0.065
      i=27 -> j=0:0.001, j=1:0.001, j=2:0.000, j=3:0.000, j=4:0.000, j=5:0.001, j=6:0.002, j=7:0.001, j=8:0.000, j=9:0.000, j=10:0.000, j=11:0.001, j=12:0.003, j=13:0.001, j=14:0.001, j=15:0.000, j=16:0.000, j=17:0.000, j=18:0.003, j=19:0.004, j=20:0.001, j=21:0.000, j=22:0.000, j=23:0.000, j=24:0.001, j=25:0.149, j=26:0.614, j=27:0.214
      i=28 -> j=0:0.000, j=1:0.001, j=2:0.000, j=3:0.000, j=4:0.000, j=5:0.000, j=6:0.001, j=7:0.001, j=8:0.000, j=9:0.000, j=10:0.000, j=11:0.000, j=12:0.002, j=13:0.001, j=14:0.001, j=15:0.000, j=16:0.000, j=17:0.000, j=18:0.001, j=19:0.009, j=20:0.001, j=21:0.000, j=22:0.000, j=23:0.000, j=24:0.000, j=25:0.001, j=26:0.355, j=27:0.570, j=28:0.054
      i=29 -> j=0:0.000, j=1:0.000, j=2:0.000, j=3:0.000, j=4:0.000, j=5:0.000, j=6:0.000, j=7:0.000, j=8:0.000, j=9:0.000, j=10:0.000, j=11:0.000, j=12:0.000, j=13:0.000, j=14:0.001, j=15:0.000, j=16:0.000, j=17:0.000, j=18:0.000, j=19:0.001, j=20:0.001, j=21:0.001, j=22:0.000, j=23:0.000, j=24:0.000, j=25:0.000, j=26:0.001, j=27:0.080, j=28:0.829, j=29:0.084
      i=30 -> j=0:0.000, j=1:0.000, j=2:0.001, j=3:0.001, j=4:0.001, j=5:0.001, j=6:0.001, j=7:0.000, j=8:0.001, j=9:0.001, j=10:0.001, j=11:0.001, j=12:0.000, j=13:0.001, j=14:0.001, j=15:0.002, j=16:0.002, j=17:0.001, j=18:0.000, j=19:0.001, j=20:0.001, j=21:0.003, j=22:0.001, j=23:0.000, j=24:0.000, j=25:0.000, j=26:0.000, j=27:0.003, j=28:0.163, j=29:0.735, j=30:0.076
      i=31 -> j=0:0.000, j=1:0.000, j=2:0.000, j=3:0.000, j=4:0.000, j=5:0.000, j=6:0.000, j=7:0.000, j=8:0.000, j=9:0.000, j=10:0.000, j=11:0.000, j=12:0.000, j=13:0.000, j=14:0.000, j=15:0.001, j=16:0.001, j=17:0.000, j=18:0.000, j=19:0.000, j=20:0.000, j=21:0.000, j=22:0.001, j=23:0.000, j=24:0.000, j=25:0.000, j=26:0.000, j=27:0.000, j=28:0.001, j=29:0.264, j=30:0.657, j=31:0.071
    Average attention per distance:
      d=0:0.127, d=1:0.695, d=2:0.196


======================================================================
QK Property Verification (Raw Scores, before Softmax)
======================================================================
Recurrence order init_len=2, num test sequences=1

--- [P1] Long-distance Orthogonality Verification ---
Ideal: raw_score mean ≈ 0 and small std when d > init_len

  Layer 0, Head 0:
    d= 1 (effective): mean= 18.198, std= 0.573, n=31
    d= 2 (effective): mean= 14.698, std= 0.439, n=30
    d>2 (long-distance): mean= -1.132, std= 3.223, n=435

  Layer 1, Head 0:
    d= 1 (effective): mean=  5.279, std= 1.052, n=31
    d= 2 (effective): mean=  3.919, std= 0.999, n=30
    d>2 (long-distance): mean= -2.506, std= 2.091, n=435

--- [P2] Time-homogeneous Verification ---
Ideal: CV of raw_score across positions i ≈ 0 for fixed distance d
(CV = std / |mean|, smaller = more constant)

  Layer 0, Head 0:
    d= 1: mean= 18.198, std= 0.573, CV=0.031, n=31
    d= 2: mean= 14.698, std= 0.439, CV=0.030, n=30

  Layer 1, Head 0:
    d= 1: mean=  5.279, std= 1.052, CV=0.199, n=31
    d= 2: mean=  3.919, std= 0.999, CV=0.255, n=30

======================================================================
QK Property Verification Completed
======================================================================
