=== Experiment: mixed_basic_d512l2r8_seed4 ===
Time: 2026-07-09T14:36:48.403570
Task type: mixed_ab

=== Merged Config ===
--------------------------------------------------
Network Config
--------------------------------------------------
D_MODEL                   512
N_HEAD                    1
N_LAYER                   2
MLP_RATIO                 8
DROPOUT                   0.0
USE_LEARNABLE_PE          False
--------------------------------------------------
Dataset Config
--------------------------------------------------
P                         53
TASK                      mixed_ab
TRAIN_LEN                 16
OOD_LEN                   32
MAX_UNIQUE_RATIO          0.5
MIXED_AB_MAX_UNIQUE_RATIOS [0.7, 0.7]
AB_PAIRS                  [[1, 1], [1, 2]]
A                         1
B                         1
NUM_MASK                  0
--------------------------------------------------
Training Config
--------------------------------------------------
OPTIMIZER                 AdamW
SCHEDULER                 CosineAnnealingLR(T_max=EPOCHS)
BATCH_SIZE                128
LR                        0.0003
WEIGHT_DECAY              1
EPOCHS                    10000
RANDOM_SEED               4
FIRST_TASK_WEIGHT         1.0
ENTROPY_PENALTY_WEIGHT    0.0
EVAL_INTERVAL             20
EARLY_STOP_ACCURACY       0.99
EARLY_STOP_NO_IMPROVE     3000
USE_GREEDY_GENERATE       True
--------------------------------------------------

--- output ---
Using device: cuda

[Dataset] Mixed mode: generated 4032 + 1586 samples, length 16
AB parameter pairs: [(1, 1), (1, 2)]
  - AB=(1,1): train 2052 | test 757 | exposed ~73.1%
  - AB=(1,2): train 1980 | test 829 | exposed ~70.5%
--------------------------------------------------
[Model config] block_size: 32, train length: 16
[Number theory] AB parameter pairs: [(1, 1), (1, 2)]


Model parameters: 10.66M

Start training...
Epoch   0 | Train: Loss=4.1774 Acc=6.4% | Test: Acc=0.3% | Best=0.3%(@0)
  from x3: 0.00 0.00 0.01 0.00 0.00 0.00 0.00 0.00 0.00 0.00 0.00 0.00 0.00
  per-rule acc: 0.00 0.00
Epoch  20 | Train: Loss=0.0084 Acc=99.9% | Test: Acc=2.4% | Best=2.4%(@20)
  from x3: 0.03 0.03 0.02 0.02 0.03 0.02 0.02 0.03 0.02 0.02 0.02 0.02 0.02
  per-rule acc: 0.03 0.02
Epoch  40 | Train: Loss=0.0055 Acc=99.9% | Test: Acc=3.1% | Best=3.1%(@40)
  from x3: 0.03 0.03 0.03 0.03 0.03 0.03 0.03 0.03 0.03 0.03 0.03 0.03 0.03
  per-rule acc: 0.03 0.03
Epoch  60 | Train: Loss=0.0038 Acc=99.9% | Test: Acc=4.8% | Best=4.8%(@60)
  from x3: 0.05 0.05 0.05 0.05 0.05 0.05 0.05 0.05 0.05 0.05 0.05 0.05 0.05
  per-rule acc: 0.05 0.04
Epoch  80 | Train: Loss=0.0046 Acc=99.9% | Test: Acc=5.7% | Best=5.7%(@80)
  from x3: 0.06 0.06 0.06 0.05 0.06 0.05 0.06 0.06 0.06 0.06 0.06 0.06 0.05
  per-rule acc: 0.04 0.07
Epoch 100 | Train: Loss=0.0032 Acc=99.9% | Test: Acc=10.8% | Best=10.8%(@100)
  from x3: 0.10 0.12 0.11 0.11 0.11 0.10 0.10 0.11 0.11 0.11 0.11 0.11 0.11
  per-rule acc: 0.14 0.07
Epoch 120 | Train: Loss=0.0041 Acc=99.9% | Test: Acc=10.6% | Best=10.8%(@100)
  from x3: 0.10 0.12 0.11 0.11 0.11 0.10 0.10 0.10 0.10 0.11 0.11 0.11 0.10
  per-rule acc: 0.13 0.08
Epoch 140 | Train: Loss=0.0032 Acc=99.9% | Test: Acc=22.6% | Best=22.6%(@140)
  from x3: 0.23 0.25 0.23 0.23 0.23 0.22 0.23 0.22 0.22 0.22 0.22 0.22 0.22
  per-rule acc: 0.34 0.13
Epoch 160 | Train: Loss=0.1868 Acc=98.3% | Test: Acc=25.3% | Best=25.3%(@160)
  from x3: 0.26 0.25 0.25 0.25 0.25 0.25 0.25 0.25 0.25 0.25 0.25 0.25 0.25
  per-rule acc: 0.40 0.11
Epoch 180 | Train: Loss=0.0031 Acc=99.9% | Test: Acc=39.1% | Best=39.1%(@180)
  from x3: 0.38 0.40 0.39 0.40 0.40 0.40 0.39 0.39 0.39 0.39 0.39 0.39 0.38
  per-rule acc: 0.56 0.24
Epoch 200 | Train: Loss=0.0370 Acc=99.6% | Test: Acc=44.4% | Best=44.4%(@200)
  from x3: 0.43 0.44 0.44 0.44 0.44 0.44 0.44 0.45 0.45 0.45 0.45 0.45 0.45
  per-rule acc: 0.66 0.25
Epoch 220 | Train: Loss=0.0033 Acc=99.9% | Test: Acc=55.9% | Best=55.9%(@220)
  from x3: 0.55 0.57 0.56 0.56 0.56 0.56 0.56 0.56 0.56 0.56 0.56 0.55 0.55
  per-rule acc: 0.72 0.42
Epoch 240 | Train: Loss=0.0045 Acc=99.9% | Test: Acc=64.4% | Best=64.4%(@240)
  from x3: 0.64 0.64 0.64 0.64 0.64 0.64 0.64 0.64 0.65 0.65 0.65 0.65 0.65
  per-rule acc: 0.81 0.49
Epoch 260 | Train: Loss=0.0035 Acc=99.9% | Test: Acc=72.2% | Best=72.2%(@260)
  from x3: 0.73 0.73 0.73 0.73 0.73 0.73 0.72 0.72 0.72 0.72 0.72 0.71 0.71
  per-rule acc: 0.84 0.62
Epoch 280 | Train: Loss=0.0028 Acc=99.9% | Test: Acc=76.6% | Best=76.6%(@280)
  from x3: 0.77 0.77 0.77 0.77 0.77 0.77 0.77 0.77 0.76 0.77 0.77 0.77 0.76
  per-rule acc: 0.86 0.68
Epoch 300 | Train: Loss=0.0224 Acc=99.8% | Test: Acc=69.8% | Best=76.6%(@280)
  from x3: 0.67 0.70 0.70 0.70 0.70 0.70 0.70 0.70 0.70 0.70 0.70 0.70 0.70
  per-rule acc: 0.84 0.56
Epoch 320 | Train: Loss=0.0036 Acc=99.9% | Test: Acc=84.8% | Best=84.8%(@320)
  from x3: 0.85 0.85 0.85 0.85 0.85 0.85 0.85 0.85 0.85 0.85 0.85 0.85 0.84
  per-rule acc: 0.90 0.80
Epoch 340 | Train: Loss=0.0032 Acc=99.9% | Test: Acc=87.8% | Best=87.8%(@340)
  from x3: 0.87 0.88 0.88 0.88 0.88 0.88 0.88 0.88 0.88 0.88 0.88 0.88 0.88
  per-rule acc: 0.92 0.84
Epoch 360 | Train: Loss=0.0032 Acc=99.9% | Test: Acc=89.0% | Best=89.0%(@360)
  from x3: 0.89 0.89 0.89 0.89 0.89 0.89 0.89 0.89 0.89 0.89 0.89 0.89 0.89
  per-rule acc: 0.93 0.86
Epoch 380 | Train: Loss=0.0081 Acc=99.9% | Test: Acc=86.8% | Best=89.0%(@360)
  from x3: 0.86 0.87 0.87 0.87 0.87 0.87 0.87 0.87 0.87 0.87 0.87 0.87 0.87
  per-rule acc: 0.94 0.80
Epoch 400 | Train: Loss=0.0036 Acc=99.9% | Test: Acc=91.9% | Best=91.9%(@400)
  from x3: 0.91 0.92 0.92 0.92 0.92 0.92 0.92 0.92 0.92 0.92 0.92 0.92 0.92
  per-rule acc: 0.96 0.88
Epoch 420 | Train: Loss=0.0032 Acc=99.9% | Test: Acc=92.9% | Best=92.9%(@420)
  from x3: 0.92 0.93 0.93 0.93 0.93 0.93 0.93 0.93 0.93 0.93 0.93 0.93 0.93
  per-rule acc: 0.96 0.90
Epoch 440 | Train: Loss=0.0027 Acc=99.9% | Test: Acc=93.1% | Best=93.1%(@440)
  from x3: 0.92 0.93 0.93 0.93 0.93 0.93 0.93 0.93 0.93 0.93 0.93 0.93 0.93
  per-rule acc: 0.96 0.91
Epoch 460 | Train: Loss=0.0090 Acc=99.9% | Test: Acc=89.4% | Best=93.1%(@440)
  from x3: 0.89 0.89 0.89 0.89 0.89 0.89 0.89 0.89 0.89 0.89 0.89 0.89 0.89
  per-rule acc: 0.94 0.85
Epoch 480 | Train: Loss=0.0622 Acc=99.2% | Test: Acc=85.8% | Best=93.1%(@440)
  from x3: 0.84 0.86 0.86 0.86 0.86 0.86 0.86 0.86 0.86 0.86 0.86 0.86 0.86
  per-rule acc: 0.93 0.80
Epoch 500 | Train: Loss=0.0033 Acc=99.9% | Test: Acc=94.9% | Best=94.9%(@500)
  from x3: 0.94 0.95 0.95 0.95 0.95 0.95 0.95 0.95 0.95 0.95 0.95 0.95 0.95
  per-rule acc: 0.98 0.92
Epoch 520 | Train: Loss=0.0030 Acc=99.9% | Test: Acc=95.3% | Best=95.3%(@520)
  from x3: 0.95 0.95 0.95 0.95 0.95 0.95 0.95 0.95 0.95 0.95 0.95 0.95 0.96
  per-rule acc: 0.97 0.93
Epoch 540 | Train: Loss=0.0177 Acc=99.8% | Test: Acc=90.2% | Best=95.3%(@520)
  from x3: 0.90 0.90 0.90 0.90 0.90 0.90 0.90 0.90 0.90 0.90 0.90 0.90 0.90
  per-rule acc: 0.96 0.85
Epoch 560 | Train: Loss=0.0037 Acc=99.9% | Test: Acc=94.9% | Best=95.3%(@520)
  from x3: 0.94 0.95 0.95 0.95 0.95 0.95 0.95 0.95 0.95 0.95 0.95 0.95 0.95
  per-rule acc: 0.98 0.92
Epoch 580 | Train: Loss=0.0030 Acc=99.9% | Test: Acc=95.4% | Best=95.4%(@580)
  from x3: 0.95 0.95 0.96 0.96 0.96 0.95 0.95 0.95 0.95 0.95 0.95 0.95 0.95
  per-rule acc: 0.98 0.93
Epoch 600 | Train: Loss=0.0026 Acc=99.9% | Test: Acc=95.0% | Best=95.4%(@580)
  from x3: 0.95 0.95 0.95 0.95 0.95 0.95 0.95 0.95 0.95 0.95 0.95 0.95 0.95
  per-rule acc: 0.97 0.93
Epoch 620 | Train: Loss=0.0556 Acc=99.0% | Test: Acc=86.2% | Best=95.4%(@580)
  from x3: 0.84 0.86 0.86 0.86 0.86 0.86 0.86 0.86 0.86 0.86 0.86 0.86 0.86
  per-rule acc: 0.92 0.81
Epoch 640 | Train: Loss=0.0032 Acc=99.9% | Test: Acc=95.6% | Best=95.6%(@640)
  from x3: 0.95 0.96 0.96 0.96 0.96 0.96 0.96 0.96 0.96 0.96 0.96 0.96 0.96
  per-rule acc: 0.98 0.93
Epoch 660 | Train: Loss=0.0026 Acc=99.9% | Test: Acc=95.9% | Best=95.9%(@660)
  from x3: 0.95 0.96 0.96 0.96 0.96 0.96 0.96 0.96 0.96 0.96 0.96 0.96 0.96
  per-rule acc: 0.98 0.94
Epoch 680 | Train: Loss=0.0038 Acc=99.9% | Test: Acc=95.2% | Best=95.9%(@660)
  from x3: 0.95 0.95 0.95 0.95 0.95 0.95 0.95 0.95 0.95 0.95 0.95 0.95 0.95
  per-rule acc: 0.98 0.93
Epoch 700 | Train: Loss=0.0027 Acc=99.9% | Test: Acc=96.1% | Best=96.1%(@700)
  from x3: 0.95 0.96 0.96 0.96 0.96 0.96 0.96 0.96 0.96 0.96 0.96 0.96 0.96
  per-rule acc: 0.98 0.94
Epoch 720 | Train: Loss=0.0236 Acc=99.7% | Test: Acc=90.2% | Best=96.1%(@700)
  from x3: 0.89 0.90 0.90 0.90 0.90 0.90 0.90 0.90 0.90 0.90 0.90 0.90 0.90
  per-rule acc: 0.95 0.86
Epoch 740 | Train: Loss=0.0032 Acc=99.9% | Test: Acc=95.6% | Best=96.1%(@700)
  from x3: 0.95 0.96 0.96 0.96 0.96 0.96 0.96 0.96 0.96 0.96 0.96 0.96 0.96
  per-rule acc: 0.98 0.94
Epoch 760 | Train: Loss=0.0182 Acc=99.8% | Test: Acc=90.0% | Best=96.1%(@700)
  from x3: 0.89 0.90 0.90 0.90 0.90 0.90 0.90 0.90 0.90 0.90 0.90 0.90 0.90
  per-rule acc: 0.96 0.85
Epoch 780 | Train: Loss=0.0031 Acc=99.9% | Test: Acc=95.8% | Best=96.1%(@700)
  from x3: 0.95 0.96 0.96 0.96 0.96 0.96 0.96 0.96 0.96 0.96 0.96 0.96 0.96
  per-rule acc: 0.98 0.94
Epoch 800 | Train: Loss=0.0197 Acc=99.8% | Test: Acc=91.3% | Best=96.1%(@700)
  from x3: 0.90 0.91 0.91 0.91 0.91 0.91 0.91 0.91 0.91 0.91 0.91 0.91 0.91
  per-rule acc: 0.96 0.87
Epoch 820 | Train: Loss=0.0031 Acc=99.9% | Test: Acc=96.3% | Best=96.3%(@820)
  from x3: 0.96 0.96 0.96 0.96 0.96 0.96 0.96 0.96 0.96 0.96 0.96 0.96 0.96
  per-rule acc: 0.98 0.95
Epoch 840 | Train: Loss=0.0024 Acc=99.9% | Test: Acc=96.4% | Best=96.4%(@840)
  from x3: 0.96 0.96 0.96 0.96 0.96 0.96 0.96 0.96 0.96 0.96 0.96 0.96 0.96
  per-rule acc: 0.98 0.95
Epoch 860 | Train: Loss=0.0034 Acc=99.9% | Test: Acc=95.8% | Best=96.4%(@840)
  from x3: 0.96 0.96 0.96 0.96 0.96 0.96 0.96 0.96 0.96 0.96 0.96 0.96 0.96
  per-rule acc: 0.98 0.94
Epoch 880 | Train: Loss=0.0024 Acc=99.9% | Test: Acc=96.2% | Best=96.4%(@840)
  from x3: 0.96 0.96 0.96 0.96 0.96 0.96 0.96 0.96 0.96 0.96 0.96 0.96 0.96
  per-rule acc: 0.98 0.95
Epoch 900 | Train: Loss=0.0034 Acc=99.9% | Test: Acc=95.9% | Best=96.4%(@840)
  from x3: 0.96 0.96 0.96 0.96 0.96 0.96 0.96 0.96 0.96 0.96 0.96 0.96 0.96
  per-rule acc: 0.98 0.94
Epoch 920 | Train: Loss=0.0024 Acc=99.9% | Test: Acc=96.0% | Best=96.4%(@840)
  from x3: 0.96 0.96 0.96 0.96 0.96 0.96 0.96 0.96 0.96 0.96 0.96 0.96 0.96
  per-rule acc: 0.98 0.95
Epoch 940 | Train: Loss=0.0032 Acc=99.9% | Test: Acc=96.1% | Best=96.4%(@840)
  from x3: 0.96 0.96 0.96 0.96 0.96 0.96 0.96 0.96 0.96 0.96 0.96 0.96 0.96
  per-rule acc: 0.98 0.94
Epoch 960 | Train: Loss=0.0051 Acc=99.9% | Test: Acc=95.4% | Best=96.4%(@840)
  from x3: 0.94 0.95 0.95 0.95 0.95 0.95 0.95 0.95 0.95 0.95 0.95 0.95 0.95
  per-rule acc: 0.97 0.94
Epoch 980 | Train: Loss=0.0032 Acc=99.9% | Test: Acc=96.4% | Best=96.4%(@840)
  from x3: 0.96 0.96 0.96 0.96 0.96 0.96 0.96 0.96 0.96 0.96 0.96 0.96 0.96
  per-rule acc: 0.98 0.95
Epoch 1000 | Train: Loss=0.0068 Acc=99.9% | Test: Acc=93.7% | Best=96.4%(@840)
  from x3: 0.93 0.94 0.94 0.94 0.94 0.94 0.94 0.94 0.94 0.94 0.94 0.94 0.94
  per-rule acc: 0.97 0.90
Epoch 1020 | Train: Loss=0.0031 Acc=99.9% | Test: Acc=96.5% | Best=96.5%(@1020)
  from x3: 0.96 0.97 0.97 0.97 0.97 0.97 0.97 0.97 0.97 0.97 0.97 0.97 0.97
  per-rule acc: 0.98 0.95
Epoch 1040 | Train: Loss=0.0024 Acc=99.9% | Test: Acc=96.4% | Best=96.5%(@1020)
  from x3: 0.96 0.96 0.96 0.96 0.96 0.96 0.96 0.96 0.96 0.96 0.96 0.96 0.96
  per-rule acc: 0.98 0.95
Epoch 1060 | Train: Loss=0.0035 Acc=99.9% | Test: Acc=96.2% | Best=96.5%(@1020)
  from x3: 0.96 0.96 0.96 0.96 0.96 0.96 0.96 0.96 0.96 0.96 0.96 0.96 0.96
  per-rule acc: 0.98 0.95
Epoch 1080 | Train: Loss=0.0026 Acc=99.9% | Test: Acc=96.6% | Best=96.6%(@1080)
  from x3: 0.96 0.97 0.97 0.97 0.97 0.97 0.97 0.97 0.97 0.97 0.97 0.97 0.97
  per-rule acc: 0.98 0.95
Epoch 1100 | Train: Loss=0.0488 Acc=99.6% | Test: Acc=88.8% | Best=96.6%(@1080)
  from x3: 0.88 0.89 0.89 0.89 0.89 0.89 0.89 0.89 0.89 0.89 0.89 0.89 0.89
  per-rule acc: 0.94 0.84
Epoch 1120 | Train: Loss=0.0027 Acc=99.9% | Test: Acc=96.8% | Best=96.8%(@1120)
  from x3: 0.97 0.97 0.97 0.97 0.97 0.97 0.97 0.97 0.97 0.97 0.97 0.97 0.97
  per-rule acc: 0.98 0.96
Epoch 1140 | Train: Loss=0.0167 Acc=99.8% | Test: Acc=92.8% | Best=96.8%(@1120)
  from x3: 0.92 0.93 0.93 0.93 0.93 0.93 0.93 0.93 0.93 0.93 0.93 0.93 0.93
  per-rule acc: 0.97 0.89
Epoch 1160 | Train: Loss=0.0031 Acc=99.9% | Test: Acc=96.7% | Best=96.8%(@1120)
  from x3: 0.96 0.97 0.97 0.97 0.97 0.97 0.97 0.97 0.97 0.97 0.97 0.97 0.97
  per-rule acc: 0.98 0.95
Epoch 1180 | Train: Loss=0.0051 Acc=99.9% | Test: Acc=95.6% | Best=96.8%(@1120)
  from x3: 0.95 0.96 0.96 0.96 0.96 0.96 0.96 0.96 0.96 0.96 0.96 0.96 0.96
  per-rule acc: 0.98 0.94
Epoch 1200 | Train: Loss=0.0033 Acc=99.9% | Test: Acc=96.6% | Best=96.8%(@1120)
  from x3: 0.96 0.97 0.97 0.97 0.97 0.97 0.97 0.97 0.97 0.97 0.97 0.97 0.97
  per-rule acc: 0.98 0.95
Epoch 1220 | Train: Loss=0.0025 Acc=99.9% | Test: Acc=96.7% | Best=96.8%(@1120)
  from x3: 0.97 0.97 0.97 0.97 0.97 0.97 0.97 0.97 0.97 0.97 0.97 0.97 0.97
  per-rule acc: 0.98 0.95
Epoch 1240 | Train: Loss=0.0418 Acc=99.4% | Test: Acc=88.2% | Best=96.8%(@1120)
  from x3: 0.86 0.88 0.88 0.88 0.88 0.88 0.89 0.89 0.88 0.88 0.88 0.88 0.88
  per-rule acc: 0.94 0.83
Epoch 1260 | Train: Loss=0.0029 Acc=99.9% | Test: Acc=96.9% | Best=96.9%(@1260)
  from x3: 0.96 0.97 0.97 0.97 0.97 0.97 0.97 0.97 0.97 0.97 0.97 0.97 0.97
  per-rule acc: 0.98 0.96
Epoch 1280 | Train: Loss=0.0035 Acc=99.9% | Test: Acc=95.8% | Best=96.9%(@1260)
  from x3: 0.96 0.96 0.96 0.96 0.96 0.96 0.96 0.96 0.96 0.96 0.96 0.96 0.96
  per-rule acc: 0.97 0.95
Epoch 1300 | Train: Loss=0.0023 Acc=99.9% | Test: Acc=96.6% | Best=96.9%(@1260)
  from x3: 0.97 0.97 0.97 0.97 0.97 0.97 0.97 0.97 0.97 0.97 0.97 0.97 0.97
  per-rule acc: 0.98 0.95
Epoch 1320 | Train: Loss=0.0034 Acc=99.9% | Test: Acc=96.2% | Best=96.9%(@1260)
  from x3: 0.95 0.96 0.96 0.96 0.96 0.96 0.96 0.96 0.96 0.96 0.96 0.96 0.96
  per-rule acc: 0.98 0.95
Epoch 1340 | Train: Loss=0.0025 Acc=99.9% | Test: Acc=97.2% | Best=97.2%(@1340)
  from x3: 0.96 0.97 0.97 0.97 0.97 0.97 0.97 0.97 0.97 0.97 0.97 0.97 0.97
  per-rule acc: 0.98 0.97
Epoch 1360 | Train: Loss=0.0035 Acc=99.9% | Test: Acc=96.2% | Best=97.2%(@1340)
  from x3: 0.96 0.96 0.96 0.96 0.96 0.96 0.96 0.96 0.96 0.96 0.96 0.96 0.96
  per-rule acc: 0.97 0.95
Epoch 1380 | Train: Loss=0.0026 Acc=99.9% | Test: Acc=97.1% | Best=97.2%(@1340)
  from x3: 0.97 0.97 0.97 0.97 0.97 0.97 0.97 0.97 0.97 0.97 0.97 0.97 0.97
  per-rule acc: 0.98 0.96
Epoch 1400 | Train: Loss=0.0036 Acc=99.9% | Test: Acc=96.1% | Best=97.2%(@1340)
  from x3: 0.96 0.96 0.96 0.96 0.96 0.96 0.96 0.96 0.96 0.96 0.96 0.96 0.96
  per-rule acc: 0.97 0.95
Epoch 1420 | Train: Loss=0.0025 Acc=99.9% | Test: Acc=96.8% | Best=97.2%(@1340)
  from x3: 0.96 0.97 0.97 0.97 0.97 0.97 0.97 0.97 0.97 0.97 0.97 0.97 0.97
  per-rule acc: 0.98 0.96
Epoch 1440 | Train: Loss=0.0449 Acc=99.6% | Test: Acc=89.9% | Best=97.2%(@1340)
  from x3: 0.89 0.90 0.90 0.90 0.90 0.90 0.90 0.90 0.90 0.90 0.90 0.90 0.90
  per-rule acc: 0.95 0.85
Epoch 1460 | Train: Loss=0.0029 Acc=99.9% | Test: Acc=96.7% | Best=97.2%(@1340)
  from x3: 0.96 0.97 0.97 0.97 0.97 0.97 0.97 0.97 0.97 0.97 0.97 0.97 0.97
  per-rule acc: 0.98 0.95
Epoch 1480 | Train: Loss=0.0036 Acc=99.9% | Test: Acc=95.7% | Best=97.2%(@1340)
  from x3: 0.95 0.96 0.96 0.96 0.96 0.96 0.96 0.96 0.96 0.96 0.96 0.96 0.96
  per-rule acc: 0.97 0.94
Epoch 1500 | Train: Loss=0.0024 Acc=99.9% | Test: Acc=96.7% | Best=97.2%(@1340)
  from x3: 0.96 0.97 0.97 0.97 0.97 0.97 0.97 0.97 0.97 0.97 0.97 0.97 0.97
  per-rule acc: 0.98 0.96
Epoch 1520 | Train: Loss=0.0035 Acc=99.9% | Test: Acc=95.9% | Best=97.2%(@1340)
  from x3: 0.96 0.96 0.96 0.96 0.96 0.96 0.96 0.96 0.96 0.96 0.96 0.96 0.96
  per-rule acc: 0.97 0.95
Epoch 1540 | Train: Loss=0.0023 Acc=99.9% | Test: Acc=96.9% | Best=97.2%(@1340)
  from x3: 0.97 0.97 0.97 0.97 0.97 0.97 0.97 0.97 0.97 0.97 0.97 0.97 0.97
  per-rule acc: 0.98 0.96
Epoch 1560 | Train: Loss=0.0034 Acc=99.9% | Test: Acc=95.8% | Best=97.2%(@1340)
  from x3: 0.96 0.96 0.96 0.96 0.96 0.96 0.96 0.96 0.96 0.96 0.96 0.96 0.96
  per-rule acc: 0.97 0.94
Epoch 1580 | Train: Loss=0.0024 Acc=99.9% | Test: Acc=96.7% | Best=97.2%(@1340)
  from x3: 0.96 0.97 0.97 0.97 0.97 0.97 0.97 0.97 0.97 0.97 0.97 0.97 0.97
  per-rule acc: 0.98 0.95
Epoch 1600 | Train: Loss=0.0035 Acc=99.9% | Test: Acc=95.9% | Best=97.2%(@1340)
  from x3: 0.96 0.96 0.96 0.96 0.96 0.96 0.96 0.96 0.96 0.96 0.96 0.96 0.96
  per-rule acc: 0.97 0.95
Epoch 1620 | Train: Loss=0.0023 Acc=99.9% | Test: Acc=96.9% | Best=97.2%(@1340)
  from x3: 0.97 0.97 0.97 0.97 0.97 0.97 0.97 0.97 0.97 0.97 0.97 0.97 0.97
  per-rule acc: 0.98 0.96
Epoch 1640 | Train: Loss=0.0035 Acc=99.9% | Test: Acc=95.6% | Best=97.2%(@1340)
  from x3: 0.95 0.96 0.96 0.96 0.96 0.96 0.96 0.96 0.96 0.96 0.96 0.96 0.96
  per-rule acc: 0.98 0.94
Epoch 1660 | Train: Loss=0.0022 Acc=99.9% | Test: Acc=97.0% | Best=97.2%(@1340)
  from x3: 0.96 0.97 0.97 0.97 0.97 0.97 0.97 0.97 0.97 0.97 0.97 0.97 0.97
  per-rule acc: 0.98 0.96
Epoch 1680 | Train: Loss=0.0035 Acc=99.9% | Test: Acc=96.4% | Best=97.2%(@1340)
  from x3: 0.96 0.97 0.96 0.96 0.96 0.96 0.96 0.96 0.96 0.96 0.96 0.96 0.96
  per-rule acc: 0.98 0.95
Epoch 1700 | Train: Loss=0.0025 Acc=99.9% | Test: Acc=96.9% | Best=97.2%(@1340)
  from x3: 0.97 0.97 0.97 0.97 0.97 0.97 0.97 0.97 0.97 0.97 0.97 0.97 0.97
  per-rule acc: 0.98 0.96
Epoch 1720 | Train: Loss=0.0035 Acc=99.9% | Test: Acc=95.6% | Best=97.2%(@1340)
  from x3: 0.96 0.96 0.96 0.96 0.96 0.96 0.96 0.96 0.96 0.96 0.96 0.96 0.96
  per-rule acc: 0.97 0.94
Epoch 1740 | Train: Loss=0.0022 Acc=99.9% | Test: Acc=96.5% | Best=97.2%(@1340)
  from x3: 0.96 0.97 0.97 0.97 0.97 0.97 0.97 0.97 0.97 0.97 0.97 0.97 0.97
  per-rule acc: 0.98 0.95
Epoch 1760 | Train: Loss=0.0034 Acc=99.9% | Test: Acc=96.1% | Best=97.2%(@1340)
  from x3: 0.96 0.96 0.96 0.96 0.96 0.96 0.96 0.96 0.96 0.96 0.96 0.96 0.96
  per-rule acc: 0.98 0.95
Epoch 1780 | Train: Loss=0.0024 Acc=99.9% | Test: Acc=96.5% | Best=97.2%(@1340)
  from x3: 0.96 0.97 0.97 0.97 0.97 0.97 0.97 0.97 0.97 0.97 0.97 0.97 0.97
  per-rule acc: 0.98 0.95
Epoch 1800 | Train: Loss=0.0035 Acc=99.9% | Test: Acc=95.8% | Best=97.2%(@1340)
  from x3: 0.96 0.96 0.96 0.96 0.96 0.96 0.96 0.96 0.96 0.96 0.96 0.96 0.96
  per-rule acc: 0.97 0.94
Epoch 1820 | Train: Loss=0.0025 Acc=99.9% | Test: Acc=96.8% | Best=97.2%(@1340)
  from x3: 0.96 0.97 0.97 0.97 0.97 0.97 0.97 0.97 0.97 0.97 0.97 0.97 0.97
  per-rule acc: 0.98 0.96
Epoch 1840 | Train: Loss=0.0035 Acc=99.9% | Test: Acc=95.8% | Best=97.2%(@1340)
  from x3: 0.95 0.96 0.96 0.96 0.96 0.96 0.96 0.96 0.96 0.96 0.96 0.96 0.96
  per-rule acc: 0.97 0.94
Epoch 1860 | Train: Loss=0.0021 Acc=99.9% | Test: Acc=96.9% | Best=97.2%(@1340)
  from x3: 0.97 0.97 0.97 0.97 0.97 0.97 0.97 0.97 0.97 0.97 0.97 0.97 0.97
  per-rule acc: 0.98 0.96
Epoch 1880 | Train: Loss=0.0032 Acc=99.9% | Test: Acc=96.0% | Best=97.2%(@1340)
  from x3: 0.96 0.96 0.96 0.96 0.96 0.96 0.96 0.96 0.96 0.96 0.96 0.96 0.96
  per-rule acc: 0.98 0.94
Epoch 1900 | Train: Loss=0.0153 Acc=99.8% | Test: Acc=92.2% | Best=97.2%(@1340)
  from x3: 0.92 0.92 0.92 0.92 0.92 0.92 0.92 0.92 0.92 0.92 0.92 0.92 0.92
  per-rule acc: 0.97 0.88
Epoch 1920 | Train: Loss=0.0029 Acc=99.9% | Test: Acc=96.4% | Best=97.2%(@1340)
  from x3: 0.96 0.96 0.96 0.96 0.96 0.96 0.96 0.96 0.96 0.96 0.96 0.96 0.96
  per-rule acc: 0.98 0.95
Epoch 1940 | Train: Loss=0.0371 Acc=99.5% | Test: Acc=91.0% | Best=97.2%(@1340)
  from x3: 0.89 0.91 0.91 0.91 0.91 0.91 0.91 0.91 0.91 0.91 0.91 0.91 0.91
  per-rule acc: 0.96 0.87
Epoch 1960 | Train: Loss=0.0026 Acc=99.9% | Test: Acc=96.6% | Best=97.2%(@1340)
  from x3: 0.96 0.97 0.97 0.97 0.97 0.97 0.97 0.97 0.97 0.97 0.97 0.97 0.97
  per-rule acc: 0.98 0.95
Epoch 1980 | Train: Loss=0.0034 Acc=99.9% | Test: Acc=95.7% | Best=97.2%(@1340)
  from x3: 0.95 0.96 0.96 0.96 0.96 0.96 0.96 0.96 0.96 0.96 0.96 0.96 0.96
  per-rule acc: 0.97 0.94
Epoch 2000 | Train: Loss=0.0023 Acc=99.9% | Test: Acc=97.1% | Best=97.2%(@1340)
  from x3: 0.97 0.97 0.97 0.97 0.97 0.97 0.97 0.97 0.97 0.97 0.97 0.97 0.97
  per-rule acc: 0.98 0.96
Epoch 2020 | Train: Loss=0.0033 Acc=99.9% | Test: Acc=96.0% | Best=97.2%(@1340)
  from x3: 0.95 0.96 0.96 0.96 0.96 0.96 0.96 0.96 0.96 0.96 0.96 0.96 0.96
  per-rule acc: 0.98 0.94
Epoch 2040 | Train: Loss=0.0021 Acc=99.9% | Test: Acc=96.8% | Best=97.2%(@1340)
  from x3: 0.96 0.97 0.97 0.97 0.97 0.97 0.97 0.97 0.97 0.97 0.97 0.97 0.97
  per-rule acc: 0.98 0.96
Epoch 2060 | Train: Loss=0.0032 Acc=99.9% | Test: Acc=96.6% | Best=97.2%(@1340)
  from x3: 0.96 0.97 0.97 0.97 0.97 0.97 0.97 0.97 0.97 0.97 0.97 0.97 0.97
  per-rule acc: 0.98 0.96
Epoch 2080 | Train: Loss=0.0022 Acc=99.9% | Test: Acc=96.9% | Best=97.2%(@1340)
  from x3: 0.96 0.97 0.97 0.97 0.97 0.97 0.97 0.97 0.97 0.97 0.97 0.97 0.97
  per-rule acc: 0.98 0.96
Epoch 2100 | Train: Loss=0.0032 Acc=99.9% | Test: Acc=95.9% | Best=97.2%(@1340)
  from x3: 0.96 0.96 0.96 0.96 0.96 0.96 0.96 0.96 0.96 0.96 0.96 0.96 0.96
  per-rule acc: 0.98 0.94
Epoch 2120 | Train: Loss=0.0147 Acc=99.8% | Test: Acc=93.4% | Best=97.2%(@1340)
  from x3: 0.93 0.93 0.93 0.93 0.93 0.93 0.93 0.93 0.93 0.93 0.93 0.93 0.93
  per-rule acc: 0.97 0.90
Epoch 2140 | Train: Loss=0.0030 Acc=99.9% | Test: Acc=96.8% | Best=97.2%(@1340)
  from x3: 0.96 0.97 0.97 0.97 0.97 0.97 0.97 0.97 0.97 0.97 0.97 0.97 0.97
  per-rule acc: 0.98 0.96
Epoch 2160 | Train: Loss=0.0563 Acc=99.5% | Test: Acc=87.8% | Best=97.2%(@1340)
  from x3: 0.86 0.88 0.88 0.88 0.88 0.88 0.88 0.88 0.88 0.88 0.88 0.88 0.88
  per-rule acc: 0.93 0.83
Epoch 2180 | Train: Loss=0.0024 Acc=99.9% | Test: Acc=96.9% | Best=97.2%(@1340)
  from x3: 0.97 0.97 0.97 0.97 0.97 0.97 0.97 0.97 0.97 0.97 0.97 0.97 0.97
  per-rule acc: 0.98 0.96
Epoch 2200 | Train: Loss=0.0034 Acc=99.9% | Test: Acc=95.9% | Best=97.2%(@1340)
  from x3: 0.96 0.96 0.96 0.96 0.96 0.96 0.96 0.96 0.96 0.96 0.96 0.96 0.96
  per-rule acc: 0.98 0.94
Epoch 2220 | Train: Loss=0.0022 Acc=99.9% | Test: Acc=97.0% | Best=97.2%(@1340)
  from x3: 0.96 0.97 0.97 0.97 0.97 0.97 0.97 0.97 0.97 0.97 0.97 0.97 0.97
  per-rule acc: 0.98 0.96
Epoch 2240 | Train: Loss=0.0034 Acc=99.9% | Test: Acc=96.3% | Best=97.2%(@1340)
  from x3: 0.96 0.96 0.96 0.96 0.96 0.96 0.96 0.96 0.96 0.96 0.96 0.96 0.96
  per-rule acc: 0.98 0.95
Epoch 2260 | Train: Loss=0.0021 Acc=99.9% | Test: Acc=96.9% | Best=97.2%(@1340)
  from x3: 0.97 0.97 0.97 0.97 0.97 0.97 0.97 0.97 0.97 0.97 0.97 0.97 0.97
  per-rule acc: 0.98 0.96
Epoch 2280 | Train: Loss=0.0032 Acc=99.9% | Test: Acc=96.5% | Best=97.2%(@1340)
  from x3: 0.96 0.97 0.97 0.97 0.97 0.97 0.97 0.97 0.97 0.97 0.97 0.97 0.97
  per-rule acc: 0.98 0.95
Epoch 2300 | Train: Loss=0.0161 Acc=99.8% | Test: Acc=92.2% | Best=97.2%(@1340)
  from x3: 0.90 0.92 0.92 0.92 0.92 0.92 0.92 0.92 0.92 0.92 0.92 0.92 0.92
  per-rule acc: 0.96 0.89
Epoch 2320 | Train: Loss=0.0029 Acc=99.9% | Test: Acc=96.6% | Best=97.2%(@1340)
  from x3: 0.96 0.97 0.97 0.97 0.97 0.97 0.97 0.97 0.97 0.97 0.97 0.97 0.97
  per-rule acc: 0.98 0.95
Epoch 2340 | Train: Loss=0.0390 Acc=99.4% | Test: Acc=89.2% | Best=97.2%(@1340)
  from x3: 0.87 0.90 0.89 0.89 0.89 0.89 0.89 0.89 0.89 0.89 0.89 0.89 0.89
  per-rule acc: 0.93 0.85
Epoch 2360 | Train: Loss=0.0024 Acc=99.9% | Test: Acc=96.9% | Best=97.2%(@1340)
  from x3: 0.97 0.97 0.97 0.97 0.97 0.97 0.97 0.97 0.97 0.97 0.97 0.97 0.97
  per-rule acc: 0.98 0.96
Epoch 2380 | Train: Loss=0.0034 Acc=99.9% | Test: Acc=96.2% | Best=97.2%(@1340)
  from x3: 0.96 0.96 0.96 0.96 0.96 0.96 0.96 0.96 0.96 0.96 0.96 0.96 0.96
  per-rule acc: 0.98 0.95
Epoch 2400 | Train: Loss=0.0021 Acc=99.9% | Test: Acc=97.0% | Best=97.2%(@1340)
  from x3: 0.96 0.97 0.97 0.97 0.97 0.97 0.97 0.97 0.97 0.97 0.97 0.97 0.97
  per-rule acc: 0.98 0.96
Epoch 2420 | Train: Loss=0.0032 Acc=99.9% | Test: Acc=96.4% | Best=97.2%(@1340)
  from x3: 0.96 0.96 0.96 0.96 0.96 0.96 0.97 0.96 0.96 0.96 0.96 0.96 0.96
  per-rule acc: 0.98 0.95
Epoch 2440 | Train: Loss=0.0254 Acc=99.6% | Test: Acc=92.1% | Best=97.2%(@1340)
  from x3: 0.91 0.92 0.92 0.92 0.92 0.92 0.92 0.92 0.92 0.92 0.92 0.92 0.92
  per-rule acc: 0.96 0.89
Epoch 2460 | Train: Loss=0.0027 Acc=99.9% | Test: Acc=96.4% | Best=97.2%(@1340)
  from x3: 0.96 0.96 0.96 0.96 0.96 0.96 0.96 0.96 0.96 0.96 0.96 0.96 0.96
  per-rule acc: 0.98 0.95
Epoch 2480 | Train: Loss=0.0034 Acc=99.9% | Test: Acc=95.9% | Best=97.2%(@1340)
  from x3: 0.95 0.96 0.96 0.96 0.96 0.96 0.96 0.96 0.96 0.96 0.96 0.96 0.96
  per-rule acc: 0.98 0.94
Epoch 2500 | Train: Loss=0.0021 Acc=99.9% | Test: Acc=97.2% | Best=97.2%(@1340)
  from x3: 0.97 0.97 0.97 0.97 0.97 0.97 0.97 0.97 0.97 0.97 0.97 0.97 0.97
  per-rule acc: 0.98 0.96
Epoch 2520 | Train: Loss=0.0032 Acc=99.9% | Test: Acc=96.4% | Best=97.2%(@1340)
  from x3: 0.96 0.96 0.96 0.96 0.96 0.96 0.96 0.96 0.96 0.96 0.96 0.96 0.96
  per-rule acc: 0.98 0.95
Epoch 2540 | Train: Loss=0.0262 Acc=99.7% | Test: Acc=91.2% | Best=97.2%(@1340)
  from x3: 0.90 0.91 0.91 0.91 0.91 0.91 0.91 0.91 0.91 0.91 0.91 0.91 0.91
  per-rule acc: 0.95 0.88
Epoch 2560 | Train: Loss=0.0026 Acc=99.9% | Test: Acc=96.6% | Best=97.2%(@1340)
  from x3: 0.96 0.97 0.97 0.97 0.97 0.97 0.97 0.97 0.97 0.97 0.97 0.97 0.97
  per-rule acc: 0.98 0.95
Epoch 2580 | Train: Loss=0.0033 Acc=99.9% | Test: Acc=95.7% | Best=97.2%(@1340)
  from x3: 0.95 0.96 0.96 0.96 0.96 0.96 0.96 0.96 0.96 0.96 0.96 0.96 0.96
  per-rule acc: 0.97 0.94
Epoch 2600 | Train: Loss=0.0022 Acc=99.9% | Test: Acc=96.6% | Best=97.2%(@1340)
  from x3: 0.96 0.97 0.97 0.97 0.97 0.97 0.97 0.97 0.97 0.97 0.97 0.97 0.97
  per-rule acc: 0.98 0.95
Epoch 2620 | Train: Loss=0.0032 Acc=99.9% | Test: Acc=95.9% | Best=97.2%(@1340)
  from x3: 0.96 0.96 0.96 0.96 0.96 0.96 0.96 0.96 0.96 0.96 0.96 0.96 0.96
  per-rule acc: 0.97 0.95
Epoch 2640 | Train: Loss=0.0033 Acc=99.9% | Test: Acc=96.4% | Best=97.2%(@1340)
  from x3: 0.96 0.96 0.96 0.96 0.96 0.96 0.96 0.96 0.96 0.96 0.96 0.96 0.96
  per-rule acc: 0.98 0.95
Epoch 2660 | Train: Loss=0.0030 Acc=99.9% | Test: Acc=96.4% | Best=97.2%(@1340)
  from x3: 0.96 0.96 0.96 0.96 0.96 0.96 0.96 0.96 0.96 0.96 0.96 0.96 0.96
  per-rule acc: 0.98 0.95
Epoch 2680 | Train: Loss=0.0597 Acc=99.5% | Test: Acc=90.5% | Best=97.2%(@1340)
  from x3: 0.88 0.91 0.91 0.91 0.91 0.91 0.91 0.91 0.91 0.91 0.91 0.91 0.91
  per-rule acc: 0.95 0.87
Epoch 2700 | Train: Loss=0.0024 Acc=99.9% | Test: Acc=96.6% | Best=97.2%(@1340)
  from x3: 0.96 0.97 0.97 0.97 0.97 0.97 0.97 0.97 0.97 0.97 0.97 0.97 0.97
  per-rule acc: 0.98 0.96
Epoch 2720 | Train: Loss=0.0032 Acc=99.9% | Test: Acc=96.1% | Best=97.2%(@1340)
  from x3: 0.96 0.96 0.96 0.96 0.96 0.96 0.96 0.96 0.96 0.96 0.96 0.96 0.96
  per-rule acc: 0.98 0.95
Epoch 2740 | Train: Loss=0.0021 Acc=99.9% | Test: Acc=97.0% | Best=97.2%(@1340)
  from x3: 0.97 0.97 0.97 0.97 0.97 0.97 0.97 0.97 0.97 0.97 0.97 0.97 0.97
  per-rule acc: 0.98 0.96
Epoch 2760 | Train: Loss=0.0030 Acc=99.9% | Test: Acc=96.6% | Best=97.2%(@1340)
  from x3: 0.96 0.97 0.97 0.97 0.97 0.97 0.97 0.97 0.97 0.97 0.97 0.97 0.97
  per-rule acc: 0.98 0.96
Epoch 2780 | Train: Loss=0.0032 Acc=99.9% | Test: Acc=95.5% | Best=97.2%(@1340)
  from x3: 0.95 0.96 0.96 0.96 0.96 0.96 0.96 0.96 0.96 0.96 0.96 0.96 0.96
  per-rule acc: 0.97 0.94
Epoch 2800 | Train: Loss=0.0022 Acc=99.9% | Test: Acc=97.0% | Best=97.2%(@1340)
  from x3: 0.97 0.97 0.97 0.97 0.97 0.97 0.97 0.97 0.97 0.97 0.97 0.97 0.97
  per-rule acc: 0.98 0.96
Epoch 2820 | Train: Loss=0.0031 Acc=99.9% | Test: Acc=96.2% | Best=97.2%(@1340)
  from x3: 0.96 0.96 0.96 0.96 0.96 0.96 0.96 0.96 0.96 0.96 0.96 0.96 0.96
  per-rule acc: 0.98 0.95
Epoch 2840 | Train: Loss=0.0030 Acc=99.9% | Test: Acc=96.8% | Best=97.2%(@1340)
  from x3: 0.96 0.97 0.97 0.97 0.97 0.97 0.97 0.97 0.97 0.97 0.97 0.97 0.97
  per-rule acc: 0.98 0.96
Epoch 2860 | Train: Loss=0.0029 Acc=99.9% | Test: Acc=96.4% | Best=97.2%(@1340)
  from x3: 0.96 0.96 0.96 0.96 0.96 0.96 0.96 0.96 0.96 0.96 0.96 0.96 0.96
  per-rule acc: 0.98 0.95
Epoch 2880 | Train: Loss=0.0032 Acc=99.9% | Test: Acc=96.0% | Best=97.2%(@1340)
  from x3: 0.95 0.96 0.96 0.96 0.96 0.96 0.96 0.96 0.96 0.96 0.96 0.96 0.96
  per-rule acc: 0.98 0.95
Epoch 2900 | Train: Loss=0.0021 Acc=99.9% | Test: Acc=97.0% | Best=97.2%(@1340)
  from x3: 0.96 0.97 0.97 0.97 0.97 0.97 0.97 0.97 0.97 0.97 0.97 0.97 0.97
  per-rule acc: 0.98 0.96
Epoch 2920 | Train: Loss=0.0030 Acc=99.9% | Test: Acc=96.5% | Best=97.2%(@1340)
  from x3: 0.96 0.97 0.97 0.97 0.97 0.97 0.97 0.97 0.97 0.97 0.97 0.97 0.97
  per-rule acc: 0.98 0.95
Epoch 2940 | Train: Loss=0.0186 Acc=99.8% | Test: Acc=93.0% | Best=97.2%(@1340)
  from x3: 0.92 0.93 0.93 0.93 0.93 0.93 0.93 0.93 0.93 0.93 0.93 0.93 0.93
  per-rule acc: 0.97 0.89
Epoch 2960 | Train: Loss=0.0027 Acc=99.9% | Test: Acc=96.4% | Best=97.2%(@1340)
  from x3: 0.96 0.96 0.96 0.96 0.96 0.96 0.96 0.96 0.96 0.96 0.96 0.96 0.96
  per-rule acc: 0.98 0.95
Epoch 2980 | Train: Loss=0.0032 Acc=99.9% | Test: Acc=96.3% | Best=97.2%(@1340)
  from x3: 0.96 0.96 0.96 0.96 0.96 0.96 0.96 0.96 0.96 0.96 0.96 0.96 0.96
  per-rule acc: 0.98 0.95
Epoch 3000 | Train: Loss=0.0020 Acc=99.9% | Test: Acc=96.8% | Best=97.2%(@1340)
  from x3: 0.96 0.97 0.97 0.97 0.97 0.97 0.97 0.97 0.97 0.97 0.97 0.97 0.97
  per-rule acc: 0.98 0.96
Epoch 3020 | Train: Loss=0.0031 Acc=99.9% | Test: Acc=96.3% | Best=97.2%(@1340)
  from x3: 0.96 0.96 0.96 0.96 0.96 0.96 0.96 0.96 0.96 0.96 0.96 0.96 0.96
  per-rule acc: 0.98 0.95
Epoch 3040 | Train: Loss=0.0188 Acc=99.8% | Test: Acc=92.7% | Best=97.2%(@1340)
  from x3: 0.91 0.93 0.93 0.93 0.93 0.93 0.93 0.93 0.93 0.93 0.93 0.93 0.93
  per-rule acc: 0.97 0.89
Epoch 3060 | Train: Loss=0.0025 Acc=99.9% | Test: Acc=96.8% | Best=97.2%(@1340)
  from x3: 0.96 0.97 0.97 0.97 0.97 0.97 0.97 0.97 0.97 0.97 0.97 0.97 0.97
  per-rule acc: 0.98 0.96
Epoch 3080 | Train: Loss=0.0031 Acc=99.9% | Test: Acc=96.1% | Best=97.2%(@1340)
  from x3: 0.96 0.96 0.96 0.96 0.96 0.96 0.96 0.96 0.96 0.96 0.96 0.96 0.96
  per-rule acc: 0.98 0.95
Epoch 3100 | Train: Loss=0.0020 Acc=99.9% | Test: Acc=97.0% | Best=97.2%(@1340)
  from x3: 0.97 0.97 0.97 0.97 0.97 0.97 0.97 0.97 0.97 0.97 0.97 0.97 0.97
  per-rule acc: 0.98 0.96
Epoch 3120 | Train: Loss=0.0029 Acc=99.9% | Test: Acc=96.4% | Best=97.2%(@1340)
  from x3: 0.96 0.96 0.96 0.96 0.96 0.96 0.96 0.96 0.96 0.96 0.96 0.96 0.96
  per-rule acc: 0.98 0.95
Epoch 3140 | Train: Loss=0.0306 Acc=99.7% | Test: Acc=91.8% | Best=97.2%(@1340)
  from x3: 0.90 0.92 0.92 0.92 0.92 0.92 0.92 0.92 0.92 0.92 0.92 0.92 0.92
  per-rule acc: 0.96 0.88
Epoch 3160 | Train: Loss=0.0023 Acc=99.9% | Test: Acc=97.0% | Best=97.2%(@1340)
  from x3: 0.97 0.97 0.97 0.97 0.97 0.97 0.97 0.97 0.97 0.97 0.97 0.97 0.97
  per-rule acc: 0.98 0.96
Epoch 3180 | Train: Loss=0.0031 Acc=99.9% | Test: Acc=96.0% | Best=97.2%(@1340)
  from x3: 0.96 0.96 0.96 0.96 0.96 0.96 0.96 0.96 0.96 0.96 0.96 0.96 0.96
  per-rule acc: 0.98 0.95
Epoch 3200 | Train: Loss=0.0059 Acc=99.9% | Test: Acc=93.8% | Best=97.2%(@1340)
  from x3: 0.93 0.94 0.94 0.94 0.94 0.94 0.94 0.94 0.94 0.94 0.94 0.94 0.94
  per-rule acc: 0.97 0.91
Epoch 3220 | Train: Loss=0.0027 Acc=99.9% | Test: Acc=96.5% | Best=97.2%(@1340)
  from x3: 0.96 0.96 0.97 0.97 0.97 0.97 0.97 0.97 0.97 0.97 0.97 0.97 0.97
  per-rule acc: 0.98 0.95
Epoch 3240 | Train: Loss=0.0031 Acc=99.9% | Test: Acc=96.1% | Best=97.2%(@1340)
  from x3: 0.96 0.96 0.96 0.96 0.96 0.96 0.96 0.96 0.96 0.96 0.96 0.96 0.96
  per-rule acc: 0.98 0.95
Epoch 3260 | Train: Loss=0.0022 Acc=99.9% | Test: Acc=97.0% | Best=97.2%(@1340)
  from x3: 0.97 0.97 0.97 0.97 0.97 0.97 0.97 0.97 0.97 0.97 0.97 0.97 0.97
  per-rule acc: 0.98 0.96
Epoch 3280 | Train: Loss=0.0030 Acc=99.9% | Test: Acc=96.3% | Best=97.2%(@1340)
  from x3: 0.96 0.96 0.96 0.96 0.96 0.96 0.96 0.96 0.96 0.96 0.96 0.96 0.96
  per-rule acc: 0.98 0.95
Epoch 3300 | Train: Loss=0.0100 Acc=99.9% | Test: Acc=93.8% | Best=97.2%(@1340)
  from x3: 0.93 0.94 0.94 0.94 0.94 0.94 0.94 0.94 0.94 0.94 0.94 0.94 0.94
  per-rule acc: 0.97 0.91
Epoch 3320 | Train: Loss=0.0027 Acc=99.9% | Test: Acc=96.7% | Best=97.2%(@1340)
  from x3: 0.96 0.97 0.97 0.97 0.97 0.97 0.97 0.97 0.97 0.97 0.97 0.97 0.97
  per-rule acc: 0.98 0.96
Epoch 3340 | Train: Loss=0.0031 Acc=99.9% | Test: Acc=96.1% | Best=97.2%(@1340)
  from x3: 0.96 0.96 0.96 0.96 0.96 0.96 0.96 0.96 0.96 0.96 0.96 0.96 0.96
  per-rule acc: 0.97 0.95
Epoch 3360 | Train: Loss=0.0019 Acc=99.9% | Test: Acc=96.8% | Best=97.2%(@1340)
  from x3: 0.96 0.97 0.97 0.97 0.97 0.97 0.97 0.97 0.97 0.97 0.97 0.97 0.97
  per-rule acc: 0.98 0.95
Epoch 3380 | Train: Loss=0.0029 Acc=99.9% | Test: Acc=96.3% | Best=97.2%(@1340)
  from x3: 0.96 0.96 0.96 0.96 0.96 0.96 0.96 0.96 0.96 0.96 0.96 0.96 0.96
  per-rule acc: 0.98 0.95
Epoch 3400 | Train: Loss=0.0031 Acc=99.9% | Test: Acc=95.7% | Best=97.2%(@1340)
  from x3: 0.95 0.96 0.96 0.96 0.96 0.96 0.96 0.96 0.96 0.96 0.96 0.96 0.96
  per-rule acc: 0.97 0.94
Epoch 3420 | Train: Loss=0.0021 Acc=99.9% | Test: Acc=96.8% | Best=97.2%(@1340)
  from x3: 0.97 0.97 0.97 0.97 0.97 0.97 0.97 0.97 0.97 0.97 0.97 0.97 0.97
  per-rule acc: 0.98 0.96
Epoch 3440 | Train: Loss=0.0030 Acc=99.9% | Test: Acc=96.4% | Best=97.2%(@1340)
  from x3: 0.96 0.96 0.96 0.96 0.96 0.96 0.96 0.96 0.96 0.96 0.96 0.96 0.96
  per-rule acc: 0.98 0.95
Epoch 3460 | Train: Loss=0.0248 Acc=99.7% | Test: Acc=90.9% | Best=97.2%(@1340)
  from x3: 0.89 0.91 0.91 0.91 0.91 0.91 0.91 0.91 0.91 0.91 0.91 0.91 0.91
  per-rule acc: 0.95 0.88
Epoch 3480 | Train: Loss=0.0020 Acc=99.9% | Test: Acc=97.0% | Best=97.2%(@1340)
  from x3: 0.96 0.97 0.97 0.97 0.97 0.97 0.97 0.97 0.97 0.97 0.97 0.97 0.97
  per-rule acc: 0.98 0.96
Epoch 3500 | Train: Loss=0.0030 Acc=99.9% | Test: Acc=96.4% | Best=97.2%(@1340)
  from x3: 0.96 0.96 0.96 0.96 0.96 0.96 0.96 0.96 0.96 0.96 0.96 0.96 0.96
  per-rule acc: 0.98 0.95
Epoch 3520 | Train: Loss=0.0098 Acc=99.9% | Test: Acc=94.8% | Best=97.2%(@1340)
  from x3: 0.94 0.95 0.95 0.95 0.95 0.95 0.95 0.95 0.95 0.95 0.95 0.95 0.95
  per-rule acc: 0.98 0.92
Epoch 3540 | Train: Loss=0.0024 Acc=99.9% | Test: Acc=96.9% | Best=97.2%(@1340)
  from x3: 0.96 0.97 0.97 0.97 0.97 0.97 0.97 0.97 0.97 0.97 0.97 0.97 0.97
  per-rule acc: 0.98 0.96
Epoch 3560 | Train: Loss=0.0031 Acc=99.9% | Test: Acc=96.1% | Best=97.2%(@1340)
  from x3: 0.96 0.96 0.96 0.96 0.96 0.96 0.96 0.96 0.96 0.96 0.96 0.96 0.96
  per-rule acc: 0.98 0.95
Epoch 3580 | Train: Loss=0.0021 Acc=99.9% | Test: Acc=96.7% | Best=97.2%(@1340)
  from x3: 0.96 0.97 0.97 0.97 0.97 0.97 0.97 0.97 0.97 0.97 0.97 0.97 0.97
  per-rule acc: 0.98 0.96
Epoch 3600 | Train: Loss=0.0028 Acc=99.9% | Test: Acc=96.6% | Best=97.2%(@1340)
  from x3: 0.96 0.97 0.97 0.97 0.97 0.97 0.97 0.97 0.97 0.97 0.97 0.97 0.97
  per-rule acc: 0.98 0.96
Epoch 3620 | Train: Loss=0.0031 Acc=99.9% | Test: Acc=95.7% | Best=97.2%(@1340)
  from x3: 0.96 0.96 0.96 0.96 0.96 0.96 0.96 0.96 0.96 0.96 0.96 0.96 0.96
  per-rule acc: 0.97 0.94
Epoch 3640 | Train: Loss=0.0023 Acc=99.9% | Test: Acc=97.1% | Best=97.2%(@1340)
  from x3: 0.96 0.97 0.97 0.97 0.97 0.97 0.97 0.97 0.97 0.97 0.97 0.97 0.97
  per-rule acc: 0.98 0.96
Epoch 3660 | Train: Loss=0.0028 Acc=99.9% | Test: Acc=96.4% | Best=97.2%(@1340)
  from x3: 0.96 0.96 0.96 0.96 0.96 0.96 0.96 0.96 0.96 0.96 0.96 0.96 0.96
  per-rule acc: 0.98 0.95
Epoch 3680 | Train: Loss=0.0380 Acc=99.8% | Test: Acc=91.6% | Best=97.2%(@1340)
  from x3: 0.90 0.92 0.92 0.92 0.92 0.92 0.92 0.92 0.92 0.92 0.92 0.92 0.92
  per-rule acc: 0.96 0.87
Epoch 3700 | Train: Loss=0.0023 Acc=99.9% | Test: Acc=97.3% | Best=97.3%(@3700)
  from x3: 0.97 0.97 0.97 0.97 0.97 0.97 0.97 0.97 0.97 0.97 0.97 0.97 0.97
  per-rule acc: 0.98 0.96
Epoch 3720 | Train: Loss=0.0031 Acc=99.9% | Test: Acc=96.4% | Best=97.3%(@3700)
  from x3: 0.96 0.97 0.96 0.96 0.96 0.96 0.96 0.96 0.96 0.96 0.96 0.96 0.96
  per-rule acc: 0.98 0.95
Epoch 3740 | Train: Loss=0.0089 Acc=99.9% | Test: Acc=93.5% | Best=97.3%(@3700)
  from x3: 0.93 0.94 0.94 0.94 0.94 0.94 0.94 0.94 0.94 0.94 0.94 0.94 0.94
  per-rule acc: 0.97 0.90
Epoch 3760 | Train: Loss=0.0025 Acc=99.9% | Test: Acc=96.8% | Best=97.3%(@3700)
  from x3: 0.97 0.97 0.97 0.97 0.97 0.97 0.97 0.97 0.97 0.97 0.97 0.97 0.97
  per-rule acc: 0.98 0.96
Epoch 3780 | Train: Loss=0.0030 Acc=99.9% | Test: Acc=96.2% | Best=97.3%(@3700)
  from x3: 0.96 0.96 0.96 0.96 0.96 0.96 0.96 0.96 0.96 0.96 0.96 0.96 0.96
  per-rule acc: 0.98 0.95
Epoch 3800 | Train: Loss=0.0020 Acc=99.9% | Test: Acc=97.1% | Best=97.3%(@3700)
  from x3: 0.97 0.97 0.97 0.97 0.97 0.97 0.97 0.97 0.97 0.97 0.97 0.97 0.97
  per-rule acc: 0.99 0.96
Epoch 3820 | Train: Loss=0.0028 Acc=99.9% | Test: Acc=96.6% | Best=97.3%(@3700)
  from x3: 0.96 0.97 0.97 0.97 0.97 0.97 0.97 0.97 0.97 0.97 0.97 0.97 0.97
  per-rule acc: 0.98 0.95
Epoch 3840 | Train: Loss=0.0030 Acc=99.9% | Test: Acc=96.3% | Best=97.3%(@3700)
  from x3: 0.96 0.96 0.96 0.96 0.96 0.96 0.96 0.96 0.96 0.96 0.96 0.96 0.96
  per-rule acc: 0.98 0.95
Epoch 3860 | Train: Loss=0.0019 Acc=99.9% | Test: Acc=97.0% | Best=97.3%(@3700)
  from x3: 0.97 0.97 0.97 0.97 0.97 0.97 0.97 0.97 0.97 0.97 0.97 0.97 0.97
  per-rule acc: 0.98 0.96
Epoch 3880 | Train: Loss=0.0028 Acc=99.9% | Test: Acc=96.5% | Best=97.3%(@3700)
  from x3: 0.96 0.96 0.96 0.96 0.96 0.96 0.96 0.97 0.97 0.97 0.97 0.97 0.97
  per-rule acc: 0.98 0.95
Epoch 3900 | Train: Loss=0.0029 Acc=99.9% | Test: Acc=95.9% | Best=97.3%(@3700)
  from x3: 0.96 0.96 0.96 0.96 0.96 0.96 0.96 0.96 0.96 0.96 0.96 0.96 0.96
  per-rule acc: 0.98 0.94
Epoch 3920 | Train: Loss=0.0019 Acc=99.9% | Test: Acc=97.1% | Best=97.3%(@3700)
  from x3: 0.97 0.97 0.97 0.97 0.97 0.97 0.97 0.97 0.97 0.97 0.97 0.97 0.97
  per-rule acc: 0.98 0.96
Epoch 3940 | Train: Loss=0.0027 Acc=99.9% | Test: Acc=96.5% | Best=97.3%(@3700)
  from x3: 0.96 0.97 0.96 0.97 0.97 0.97 0.97 0.97 0.97 0.97 0.97 0.97 0.97
  per-rule acc: 0.98 0.95
Epoch 3960 | Train: Loss=0.0029 Acc=99.9% | Test: Acc=96.3% | Best=97.3%(@3700)
  from x3: 0.96 0.96 0.96 0.96 0.96 0.96 0.96 0.96 0.96 0.96 0.96 0.96 0.96
  per-rule acc: 0.98 0.95
Epoch 3980 | Train: Loss=0.0020 Acc=99.9% | Test: Acc=96.8% | Best=97.3%(@3700)
  from x3: 0.97 0.97 0.97 0.97 0.97 0.97 0.97 0.97 0.97 0.97 0.97 0.97 0.97
  per-rule acc: 0.98 0.96
Epoch 4000 | Train: Loss=0.0028 Acc=99.9% | Test: Acc=96.6% | Best=97.3%(@3700)
  from x3: 0.96 0.97 0.97 0.97 0.97 0.97 0.97 0.97 0.97 0.97 0.97 0.97 0.97
  per-rule acc: 0.98 0.95
Epoch 4020 | Train: Loss=0.0469 Acc=99.6% | Test: Acc=91.0% | Best=97.3%(@3700)
  from x3: 0.90 0.91 0.91 0.91 0.91 0.91 0.91 0.91 0.91 0.91 0.91 0.91 0.91
  per-rule acc: 0.95 0.87
Epoch 4040 | Train: Loss=0.0021 Acc=99.9% | Test: Acc=96.9% | Best=97.3%(@3700)
  from x3: 0.96 0.97 0.97 0.97 0.97 0.97 0.97 0.97 0.97 0.97 0.97 0.97 0.97
  per-rule acc: 0.98 0.96
Epoch 4060 | Train: Loss=0.0028 Acc=99.9% | Test: Acc=96.4% | Best=97.3%(@3700)
  from x3: 0.96 0.96 0.96 0.96 0.96 0.96 0.96 0.96 0.96 0.96 0.96 0.96 0.96
  per-rule acc: 0.98 0.95
Epoch 4080 | Train: Loss=0.0028 Acc=99.9% | Test: Acc=95.8% | Best=97.3%(@3700)
  from x3: 0.95 0.96 0.96 0.96 0.96 0.96 0.96 0.96 0.96 0.96 0.96 0.96 0.96
  per-rule acc: 0.97 0.94
Epoch 4100 | Train: Loss=0.0020 Acc=99.9% | Test: Acc=97.0% | Best=97.3%(@3700)
  from x3: 0.97 0.97 0.97 0.97 0.97 0.97 0.97 0.97 0.97 0.97 0.97 0.97 0.97
  per-rule acc: 0.98 0.96
Epoch 4120 | Train: Loss=0.0028 Acc=99.9% | Test: Acc=96.5% | Best=97.3%(@3700)
  from x3: 0.96 0.97 0.97 0.97 0.97 0.97 0.97 0.97 0.97 0.97 0.97 0.97 0.97
  per-rule acc: 0.98 0.95
Epoch 4140 | Train: Loss=0.0625 Acc=99.0% | Test: Acc=87.0% | Best=97.3%(@3700)
  from x3: 0.84 0.87 0.87 0.87 0.87 0.87 0.87 0.87 0.87 0.87 0.87 0.87 0.87
  per-rule acc: 0.91 0.84
Epoch 4160 | Train: Loss=0.0021 Acc=99.9% | Test: Acc=96.6% | Best=97.3%(@3700)
  from x3: 0.97 0.97 0.97 0.97 0.97 0.97 0.97 0.97 0.97 0.97 0.97 0.97 0.97
  per-rule acc: 0.98 0.95
Epoch 4180 | Train: Loss=0.0028 Acc=99.9% | Test: Acc=96.3% | Best=97.3%(@3700)
  from x3: 0.96 0.96 0.96 0.96 0.96 0.96 0.96 0.96 0.96 0.96 0.96 0.96 0.96
  per-rule acc: 0.98 0.95
Epoch 4200 | Train: Loss=0.0454 Acc=99.7% | Test: Acc=91.7% | Best=97.3%(@3700)
  from x3: 0.91 0.92 0.92 0.92 0.92 0.92 0.92 0.92 0.92 0.92 0.92 0.92 0.92
  per-rule acc: 0.97 0.87
Epoch 4220 | Train: Loss=0.0021 Acc=99.9% | Test: Acc=97.1% | Best=97.3%(@3700)
  from x3: 0.97 0.97 0.97 0.97 0.97 0.97 0.97 0.97 0.97 0.97 0.97 0.97 0.97
  per-rule acc: 0.98 0.96
Epoch 4240 | Train: Loss=0.0028 Acc=99.9% | Test: Acc=96.4% | Best=97.3%(@3700)
  from x3: 0.96 0.97 0.96 0.96 0.96 0.96 0.96 0.96 0.96 0.96 0.96 0.96 0.96
  per-rule acc: 0.98 0.95
Epoch 4260 | Train: Loss=0.0417 Acc=99.3% | Test: Acc=87.0% | Best=97.3%(@3700)
  from x3: 0.85 0.87 0.87 0.87 0.87 0.87 0.87 0.87 0.87 0.87 0.87 0.87 0.87
  per-rule acc: 0.92 0.83
Epoch 4280 | Train: Loss=0.0019 Acc=99.9% | Test: Acc=97.0% | Best=97.3%(@3700)
  from x3: 0.96 0.97 0.97 0.97 0.97 0.97 0.97 0.97 0.97 0.97 0.97 0.97 0.97
  per-rule acc: 0.98 0.96
Epoch 4300 | Train: Loss=0.0026 Acc=99.9% | Test: Acc=96.8% | Best=97.3%(@3700)
  from x3: 0.97 0.97 0.97 0.97 0.97 0.97 0.97 0.97 0.97 0.97 0.97 0.97 0.97
  per-rule acc: 0.98 0.96
Epoch 4320 | Train: Loss=0.0028 Acc=99.9% | Test: Acc=96.3% | Best=97.3%(@3700)
  from x3: 0.96 0.96 0.96 0.96 0.96 0.96 0.96 0.96 0.96 0.96 0.96 0.96 0.96
  per-rule acc: 0.98 0.95
Epoch 4340 | Train: Loss=0.0021 Acc=99.9% | Test: Acc=97.0% | Best=97.3%(@3700)
  from x3: 0.96 0.97 0.97 0.97 0.97 0.97 0.97 0.97 0.97 0.97 0.97 0.97 0.97
  per-rule acc: 0.98 0.96
Epoch 4360 | Train: Loss=0.0026 Acc=99.9% | Test: Acc=96.7% | Best=97.3%(@3700)
  from x3: 0.96 0.97 0.97 0.97 0.97 0.97 0.97 0.97 0.97 0.97 0.97 0.97 0.97
  per-rule acc: 0.98 0.95
Epoch 4380 | Train: Loss=0.0028 Acc=99.9% | Test: Acc=96.3% | Best=97.3%(@3700)
  from x3: 0.96 0.96 0.96 0.96 0.96 0.96 0.96 0.96 0.96 0.96 0.96 0.96 0.96
  per-rule acc: 0.98 0.95
Epoch 4400 | Train: Loss=0.0019 Acc=99.9% | Test: Acc=97.3% | Best=97.3%(@4400)
  from x3: 0.97 0.97 0.97 0.97 0.97 0.97 0.97 0.97 0.97 0.97 0.97 0.97 0.97
  per-rule acc: 0.98 0.96
Epoch 4420 | Train: Loss=0.0026 Acc=99.9% | Test: Acc=96.6% | Best=97.3%(@4400)
  from x3: 0.96 0.97 0.97 0.97 0.97 0.97 0.97 0.97 0.97 0.97 0.97 0.97 0.97
  per-rule acc: 0.98 0.95
Epoch 4440 | Train: Loss=0.0027 Acc=99.9% | Test: Acc=96.3% | Best=97.3%(@4400)
  from x3: 0.96 0.96 0.96 0.96 0.96 0.96 0.96 0.96 0.96 0.96 0.96 0.96 0.96
  per-rule acc: 0.98 0.95
Epoch 4460 | Train: Loss=0.0020 Acc=99.9% | Test: Acc=97.1% | Best=97.3%(@4400)
  from x3: 0.97 0.97 0.97 0.97 0.97 0.97 0.97 0.97 0.97 0.97 0.97 0.97 0.97
  per-rule acc: 0.98 0.96
Epoch 4480 | Train: Loss=0.0026 Acc=99.9% | Test: Acc=96.3% | Best=97.3%(@4400)
  from x3: 0.96 0.96 0.96 0.96 0.96 0.96 0.96 0.96 0.96 0.96 0.96 0.96 0.96
  per-rule acc: 0.98 0.95
Epoch 4500 | Train: Loss=0.0512 Acc=99.4% | Test: Acc=89.2% | Best=97.3%(@4400)
  from x3: 0.87 0.89 0.89 0.89 0.89 0.89 0.89 0.89 0.89 0.89 0.89 0.89 0.89
  per-rule acc: 0.95 0.84
Epoch 4520 | Train: Loss=0.0020 Acc=99.9% | Test: Acc=96.9% | Best=97.3%(@4400)
  from x3: 0.96 0.97 0.97 0.97 0.97 0.97 0.97 0.97 0.97 0.97 0.97 0.97 0.97
  per-rule acc: 0.98 0.96
Epoch 4540 | Train: Loss=0.0027 Acc=99.9% | Test: Acc=96.5% | Best=97.3%(@4400)
  from x3: 0.96 0.97 0.97 0.97 0.97 0.97 0.97 0.97 0.97 0.97 0.97 0.97 0.97
  per-rule acc: 0.98 0.95
Epoch 4560 | Train: Loss=0.0410 Acc=99.3% | Test: Acc=89.6% | Best=97.3%(@4400)
  from x3: 0.88 0.90 0.90 0.90 0.90 0.90 0.90 0.90 0.90 0.90 0.90 0.90 0.90
  per-rule acc: 0.92 0.87
Epoch 4580 | Train: Loss=0.0020 Acc=99.9% | Test: Acc=96.7% | Best=97.3%(@4400)
  from x3: 0.96 0.97 0.97 0.97 0.97 0.97 0.97 0.97 0.97 0.97 0.97 0.97 0.97
  per-rule acc: 0.98 0.95
Epoch 4600 | Train: Loss=0.0027 Acc=99.9% | Test: Acc=96.4% | Best=97.3%(@4400)
  from x3: 0.96 0.97 0.96 0.96 0.96 0.96 0.96 0.96 0.96 0.96 0.96 0.96 0.96
  per-rule acc: 0.98 0.95
Epoch 4620 | Train: Loss=0.0254 Acc=99.8% | Test: Acc=93.3% | Best=97.3%(@4400)
  from x3: 0.91 0.93 0.93 0.93 0.93 0.93 0.93 0.93 0.94 0.94 0.94 0.94 0.94
  per-rule acc: 0.96 0.90
Epoch 4640 | Train: Loss=0.0021 Acc=99.9% | Test: Acc=96.9% | Best=97.3%(@4400)
  from x3: 0.96 0.97 0.97 0.97 0.97 0.97 0.97 0.97 0.97 0.97 0.97 0.97 0.97
  per-rule acc: 0.98 0.96
Epoch 4660 | Train: Loss=0.0027 Acc=99.9% | Test: Acc=96.5% | Best=97.3%(@4400)
  from x3: 0.96 0.97 0.97 0.97 0.97 0.97 0.97 0.97 0.97 0.97 0.97 0.97 0.97
  per-rule acc: 0.98 0.95
Epoch 4680 | Train: Loss=0.0027 Acc=99.9% | Test: Acc=95.8% | Best=97.3%(@4400)
  from x3: 0.95 0.96 0.96 0.96 0.96 0.96 0.96 0.96 0.96 0.96 0.96 0.96 0.96
  per-rule acc: 0.97 0.94
Epoch 4700 | Train: Loss=0.0021 Acc=99.9% | Test: Acc=97.0% | Best=97.3%(@4400)
  from x3: 0.97 0.97 0.97 0.97 0.97 0.97 0.97 0.97 0.97 0.97 0.97 0.97 0.97
  per-rule acc: 0.98 0.96
Epoch 4720 | Train: Loss=0.0026 Acc=99.9% | Test: Acc=96.3% | Best=97.3%(@4400)
  from x3: 0.96 0.96 0.96 0.96 0.96 0.96 0.96 0.96 0.96 0.96 0.96 0.96 0.96
  per-rule acc: 0.98 0.95
Epoch 4740 | Train: Loss=0.0026 Acc=99.9% | Test: Acc=96.1% | Best=97.3%(@4400)
  from x3: 0.95 0.96 0.96 0.96 0.96 0.96 0.96 0.96 0.96 0.96 0.96 0.96 0.96
  per-rule acc: 0.97 0.95
Epoch 4760 | Train: Loss=0.0018 Acc=99.9% | Test: Acc=97.0% | Best=97.3%(@4400)
  from x3: 0.96 0.97 0.97 0.97 0.97 0.97 0.97 0.97 0.97 0.97 0.97 0.97 0.97
  per-rule acc: 0.98 0.96
Epoch 4780 | Train: Loss=0.0024 Acc=99.9% | Test: Acc=96.6% | Best=97.3%(@4400)
  from x3: 0.96 0.97 0.97 0.97 0.97 0.97 0.97 0.97 0.97 0.97 0.97 0.97 0.97
  per-rule acc: 0.98 0.96
Epoch 4800 | Train: Loss=0.0026 Acc=99.9% | Test: Acc=96.5% | Best=97.3%(@4400)
  from x3: 0.96 0.97 0.97 0.97 0.97 0.97 0.97 0.97 0.97 0.97 0.97 0.97 0.97
  per-rule acc: 0.98 0.95
Epoch 4820 | Train: Loss=0.0224 Acc=99.8% | Test: Acc=90.0% | Best=97.3%(@4400)
  from x3: 0.88 0.90 0.90 0.90 0.90 0.90 0.90 0.90 0.90 0.90 0.90 0.90 0.90
  per-rule acc: 0.94 0.86
Epoch 4840 | Train: Loss=0.0019 Acc=99.9% | Test: Acc=97.0% | Best=97.3%(@4400)
  from x3: 0.97 0.97 0.97 0.97 0.97 0.97 0.97 0.97 0.97 0.97 0.97 0.97 0.97
  per-rule acc: 0.98 0.96
Epoch 4860 | Train: Loss=0.0025 Acc=99.9% | Test: Acc=96.5% | Best=97.3%(@4400)
  from x3: 0.96 0.97 0.97 0.97 0.97 0.97 0.97 0.97 0.97 0.97 0.97 0.97 0.97
  per-rule acc: 0.98 0.95
Epoch 4880 | Train: Loss=0.0026 Acc=99.9% | Test: Acc=96.4% | Best=97.3%(@4400)
  from x3: 0.96 0.96 0.96 0.96 0.96 0.96 0.96 0.96 0.96 0.96 0.96 0.96 0.96
  per-rule acc: 0.98 0.95
Epoch 4900 | Train: Loss=0.0097 Acc=99.9% | Test: Acc=93.2% | Best=97.3%(@4400)
  from x3: 0.92 0.93 0.93 0.93 0.93 0.93 0.93 0.93 0.93 0.93 0.93 0.93 0.93
  per-rule acc: 0.97 0.90
Epoch 4920 | Train: Loss=0.0022 Acc=99.9% | Test: Acc=96.9% | Best=97.3%(@4400)
  from x3: 0.96 0.97 0.97 0.97 0.97 0.97 0.97 0.97 0.97 0.97 0.97 0.97 0.97
  per-rule acc: 0.98 0.96
Epoch 4940 | Train: Loss=0.0026 Acc=99.9% | Test: Acc=96.6% | Best=97.3%(@4400)
  from x3: 0.96 0.97 0.97 0.97 0.97 0.97 0.97 0.97 0.97 0.97 0.97 0.97 0.97
  per-rule acc: 0.98 0.95
Epoch 4960 | Train: Loss=0.0025 Acc=99.9% | Test: Acc=96.2% | Best=97.3%(@4400)
  from x3: 0.96 0.96 0.96 0.96 0.96 0.96 0.96 0.96 0.96 0.96 0.96 0.96 0.96
  per-rule acc: 0.97 0.95
Epoch 4980 | Train: Loss=0.0018 Acc=99.9% | Test: Acc=96.9% | Best=97.3%(@4400)
  from x3: 0.97 0.97 0.97 0.97 0.97 0.97 0.97 0.97 0.97 0.97 0.97 0.97 0.97
  per-rule acc: 0.98 0.96
Epoch 5000 | Train: Loss=0.0024 Acc=99.9% | Test: Acc=96.4% | Best=97.3%(@4400)
  from x3: 0.96 0.97 0.96 0.96 0.96 0.96 0.96 0.96 0.96 0.96 0.96 0.96 0.96
  per-rule acc: 0.98 0.95
Epoch 5020 | Train: Loss=0.0024 Acc=99.9% | Test: Acc=96.3% | Best=97.3%(@4400)
  from x3: 0.96 0.96 0.96 0.96 0.96 0.96 0.96 0.96 0.96 0.96 0.96 0.96 0.96
  per-rule acc: 0.98 0.95
Epoch 5040 | Train: Loss=0.0209 Acc=99.8% | Test: Acc=92.8% | Best=97.3%(@4400)
  from x3: 0.91 0.93 0.93 0.93 0.93 0.93 0.93 0.93 0.93 0.93 0.93 0.93 0.93
  per-rule acc: 0.96 0.90
Epoch 5060 | Train: Loss=0.0018 Acc=99.9% | Test: Acc=96.7% | Best=97.3%(@4400)
  from x3: 0.96 0.97 0.97 0.97 0.97 0.97 0.97 0.97 0.97 0.97 0.97 0.97 0.97
  per-rule acc: 0.98 0.95
Epoch 5080 | Train: Loss=0.0024 Acc=99.9% | Test: Acc=96.7% | Best=97.3%(@4400)
  from x3: 0.96 0.97 0.97 0.97 0.97 0.97 0.97 0.97 0.97 0.97 0.97 0.97 0.97
  per-rule acc: 0.98 0.95
Epoch 5100 | Train: Loss=0.0025 Acc=99.9% | Test: Acc=96.5% | Best=97.3%(@4400)
  from x3: 0.96 0.97 0.97 0.97 0.97 0.97 0.97 0.97 0.97 0.97 0.97 0.97 0.97
  per-rule acc: 0.98 0.95
Epoch 5120 | Train: Loss=0.0510 Acc=99.5% | Test: Acc=89.3% | Best=97.3%(@4400)
  from x3: 0.88 0.90 0.89 0.89 0.89 0.89 0.89 0.89 0.89 0.89 0.89 0.89 0.89
  per-rule acc: 0.95 0.84
Epoch 5140 | Train: Loss=0.0018 Acc=99.9% | Test: Acc=96.9% | Best=97.3%(@4400)
  from x3: 0.96 0.97 0.97 0.97 0.97 0.97 0.97 0.97 0.97 0.97 0.97 0.97 0.97
  per-rule acc: 0.98 0.96
Epoch 5160 | Train: Loss=0.0024 Acc=99.9% | Test: Acc=96.4% | Best=97.3%(@4400)
  from x3: 0.96 0.96 0.96 0.96 0.96 0.96 0.96 0.96 0.96 0.96 0.96 0.96 0.96
  per-rule acc: 0.98 0.95
Epoch 5180 | Train: Loss=0.0025 Acc=99.9% | Test: Acc=96.3% | Best=97.3%(@4400)
  from x3: 0.96 0.96 0.96 0.96 0.96 0.96 0.96 0.96 0.96 0.96 0.96 0.96 0.96
  per-rule acc: 0.98 0.95
Epoch 5200 | Train: Loss=0.0122 Acc=99.8% | Test: Acc=92.1% | Best=97.3%(@4400)
  from x3: 0.91 0.92 0.92 0.92 0.92 0.92 0.92 0.92 0.92 0.92 0.92 0.92 0.92
  per-rule acc: 0.96 0.89
Epoch 5220 | Train: Loss=0.0019 Acc=99.9% | Test: Acc=96.5% | Best=97.3%(@4400)
  from x3: 0.96 0.96 0.97 0.97 0.97 0.97 0.97 0.97 0.97 0.97 0.97 0.97 0.97
  per-rule acc: 0.98 0.95
Epoch 5240 | Train: Loss=0.0024 Acc=99.9% | Test: Acc=96.4% | Best=97.3%(@4400)
  from x3: 0.96 0.96 0.96 0.96 0.96 0.96 0.96 0.96 0.96 0.96 0.96 0.96 0.96
  per-rule acc: 0.98 0.95
Epoch 5260 | Train: Loss=0.0025 Acc=99.9% | Test: Acc=96.3% | Best=97.3%(@4400)
  from x3: 0.96 0.96 0.96 0.96 0.96 0.96 0.96 0.96 0.96 0.96 0.96 0.96 0.96
  per-rule acc: 0.98 0.95
Epoch 5280 | Train: Loss=0.0331 Acc=99.8% | Test: Acc=91.6% | Best=97.3%(@4400)
  from x3: 0.89 0.92 0.92 0.92 0.92 0.92 0.92 0.92 0.92 0.92 0.92 0.92 0.92
  per-rule acc: 0.95 0.88
Epoch 5300 | Train: Loss=0.0019 Acc=99.9% | Test: Acc=96.9% | Best=97.3%(@4400)
  from x3: 0.96 0.97 0.97 0.97 0.97 0.97 0.97 0.97 0.97 0.97 0.97 0.97 0.97
  per-rule acc: 0.98 0.96
Epoch 5320 | Train: Loss=0.0024 Acc=99.9% | Test: Acc=96.6% | Best=97.3%(@4400)
  from x3: 0.96 0.97 0.97 0.97 0.97 0.97 0.97 0.97 0.97 0.97 0.97 0.97 0.97
  per-rule acc: 0.98 0.95
Epoch 5340 | Train: Loss=0.0025 Acc=99.9% | Test: Acc=96.4% | Best=97.3%(@4400)
  from x3: 0.96 0.97 0.96 0.96 0.96 0.96 0.96 0.96 0.96 0.96 0.96 0.96 0.96
  per-rule acc: 0.98 0.95
Epoch 5360 | Train: Loss=0.0024 Acc=99.9% | Test: Acc=96.0% | Best=97.3%(@4400)
  from x3: 0.95 0.96 0.96 0.96 0.96 0.96 0.96 0.96 0.96 0.96 0.96 0.96 0.96
  per-rule acc: 0.98 0.94
Epoch 5380 | Train: Loss=0.0018 Acc=99.9% | Test: Acc=96.8% | Best=97.3%(@4400)
  from x3: 0.97 0.97 0.97 0.97 0.97 0.97 0.97 0.97 0.97 0.97 0.97 0.97 0.97
  per-rule acc: 0.98 0.96
Epoch 5400 | Train: Loss=0.0022 Acc=99.9% | Test: Acc=96.6% | Best=97.3%(@4400)
  from x3: 0.96 0.97 0.97 0.97 0.97 0.97 0.97 0.97 0.97 0.97 0.97 0.97 0.97
  per-rule acc: 0.98 0.95
Epoch 5420 | Train: Loss=0.0024 Acc=99.9% | Test: Acc=96.4% | Best=97.3%(@4400)
  from x3: 0.96 0.96 0.96 0.96 0.96 0.96 0.96 0.96 0.96 0.96 0.96 0.96 0.96
  per-rule acc: 0.98 0.95
Epoch 5440 | Train: Loss=0.0429 Acc=99.6% | Test: Acc=88.3% | Best=97.3%(@4400)
  from x3: 0.86 0.89 0.89 0.89 0.89 0.89 0.89 0.89 0.89 0.89 0.89 0.89 0.89
  per-rule acc: 0.94 0.83
Epoch 5460 | Train: Loss=0.0018 Acc=99.9% | Test: Acc=96.8% | Best=97.3%(@4400)
  from x3: 0.97 0.97 0.97 0.97 0.97 0.97 0.97 0.97 0.97 0.97 0.97 0.97 0.97
  per-rule acc: 0.98 0.95
Epoch 5480 | Train: Loss=0.0023 Acc=99.9% | Test: Acc=96.3% | Best=97.3%(@4400)
  from x3: 0.96 0.96 0.96 0.96 0.96 0.96 0.96 0.96 0.96 0.96 0.96 0.96 0.96
  per-rule acc: 0.98 0.95
Epoch 5500 | Train: Loss=0.0024 Acc=99.9% | Test: Acc=96.4% | Best=97.3%(@4400)
  from x3: 0.96 0.97 0.96 0.96 0.96 0.96 0.96 0.96 0.96 0.96 0.96 0.96 0.96
  per-rule acc: 0.98 0.95
Epoch 5520 | Train: Loss=0.0023 Acc=99.9% | Test: Acc=95.8% | Best=97.3%(@4400)
  from x3: 0.95 0.96 0.96 0.96 0.96 0.96 0.96 0.96 0.96 0.96 0.96 0.96 0.96
  per-rule acc: 0.97 0.94
Epoch 5540 | Train: Loss=0.0018 Acc=99.9% | Test: Acc=96.9% | Best=97.3%(@4400)
  from x3: 0.97 0.97 0.97 0.97 0.97 0.97 0.97 0.97 0.97 0.97 0.97 0.97 0.97
  per-rule acc: 0.98 0.96
Epoch 5560 | Train: Loss=0.0022 Acc=99.9% | Test: Acc=96.5% | Best=97.3%(@4400)
  from x3: 0.96 0.97 0.97 0.97 0.97 0.97 0.97 0.97 0.96 0.96 0.96 0.96 0.96
  per-rule acc: 0.98 0.95
Epoch 5580 | Train: Loss=0.0024 Acc=99.9% | Test: Acc=96.4% | Best=97.3%(@4400)
  from x3: 0.96 0.96 0.96 0.96 0.96 0.96 0.96 0.96 0.96 0.96 0.96 0.96 0.96
  per-rule acc: 0.98 0.95
Epoch 5600 | Train: Loss=0.0023 Acc=99.9% | Test: Acc=96.2% | Best=97.3%(@4400)
  from x3: 0.95 0.96 0.96 0.96 0.96 0.96 0.96 0.96 0.96 0.96 0.96 0.96 0.96
  per-rule acc: 0.98 0.95
Epoch 5620 | Train: Loss=0.0090 Acc=99.8% | Test: Acc=91.9% | Best=97.3%(@4400)
  from x3: 0.90 0.92 0.92 0.92 0.92 0.92 0.92 0.92 0.92 0.92 0.92 0.92 0.92
  per-rule acc: 0.96 0.89
Epoch 5640 | Train: Loss=0.0019 Acc=99.9% | Test: Acc=96.6% | Best=97.3%(@4400)
  from x3: 0.96 0.97 0.97 0.97 0.97 0.97 0.97 0.97 0.97 0.97 0.97 0.97 0.97
  per-rule acc: 0.98 0.95
Epoch 5660 | Train: Loss=0.0022 Acc=99.9% | Test: Acc=96.4% | Best=97.3%(@4400)
  from x3: 0.96 0.97 0.96 0.96 0.96 0.96 0.96 0.96 0.96 0.96 0.96 0.96 0.96
  per-rule acc: 0.98 0.95
Epoch 5680 | Train: Loss=0.0022 Acc=99.9% | Test: Acc=96.3% | Best=97.3%(@4400)
  from x3: 0.96 0.96 0.96 0.96 0.96 0.96 0.96 0.96 0.96 0.96 0.96 0.96 0.96
  per-rule acc: 0.98 0.95
Epoch 5700 | Train: Loss=0.0153 Acc=99.9% | Test: Acc=93.2% | Best=97.3%(@4400)
  from x3: 0.92 0.93 0.93 0.93 0.93 0.93 0.93 0.93 0.93 0.93 0.93 0.93 0.93
  per-rule acc: 0.96 0.91
Epoch 5720 | Train: Loss=0.0019 Acc=99.9% | Test: Acc=96.7% | Best=97.3%(@4400)
  from x3: 0.96 0.97 0.97 0.97 0.97 0.97 0.97 0.97 0.97 0.97 0.97 0.97 0.97
  per-rule acc: 0.98 0.96
Epoch 5740 | Train: Loss=0.0022 Acc=99.9% | Test: Acc=96.5% | Best=97.3%(@4400)
  from x3: 0.96 0.97 0.97 0.97 0.97 0.97 0.97 0.97 0.97 0.97 0.97 0.97 0.97
  per-rule acc: 0.98 0.95
Epoch 5760 | Train: Loss=0.0022 Acc=99.9% | Test: Acc=96.4% | Best=97.3%(@4400)
  from x3: 0.96 0.97 0.96 0.96 0.96 0.96 0.96 0.96 0.96 0.96 0.96 0.96 0.96
  per-rule acc: 0.97 0.95
Epoch 5780 | Train: Loss=0.0021 Acc=99.9% | Test: Acc=96.1% | Best=97.3%(@4400)
  from x3: 0.95 0.96 0.96 0.96 0.96 0.96 0.96 0.96 0.96 0.96 0.96 0.96 0.96
  per-rule acc: 0.97 0.95
Epoch 5800 | Train: Loss=0.0018 Acc=99.9% | Test: Acc=96.6% | Best=97.3%(@4400)
  from x3: 0.96 0.97 0.97 0.97 0.97 0.97 0.97 0.97 0.97 0.97 0.97 0.97 0.97
  per-rule acc: 0.98 0.95
Epoch 5820 | Train: Loss=0.0020 Acc=99.9% | Test: Acc=96.4% | Best=97.3%(@4400)
  from x3: 0.96 0.96 0.97 0.97 0.97 0.97 0.96 0.96 0.96 0.96 0.96 0.96 0.96
  per-rule acc: 0.98 0.95
Epoch 5840 | Train: Loss=0.0022 Acc=99.9% | Test: Acc=96.3% | Best=97.3%(@4400)
  from x3: 0.96 0.96 0.96 0.96 0.96 0.96 0.96 0.96 0.96 0.96 0.96 0.96 0.96
  per-rule acc: 0.98 0.95
Epoch 5860 | Train: Loss=0.0022 Acc=99.9% | Test: Acc=96.3% | Best=97.3%(@4400)
  from x3: 0.96 0.96 0.96 0.96 0.96 0.96 0.96 0.96 0.96 0.96 0.96 0.96 0.96
  per-rule acc: 0.98 0.95
Epoch 5880 | Train: Loss=0.0026 Acc=99.9% | Test: Acc=96.3% | Best=97.3%(@4400)
  from x3: 0.96 0.96 0.96 0.96 0.96 0.96 0.96 0.96 0.96 0.96 0.96 0.96 0.96
  per-rule acc: 0.98 0.95
Epoch 5900 | Train: Loss=0.0020 Acc=99.9% | Test: Acc=96.4% | Best=97.3%(@4400)
  from x3: 0.96 0.96 0.96 0.96 0.96 0.96 0.96 0.96 0.96 0.96 0.96 0.96 0.96
  per-rule acc: 0.98 0.95
Epoch 5920 | Train: Loss=0.0022 Acc=99.9% | Test: Acc=96.2% | Best=97.3%(@4400)
  from x3: 0.96 0.96 0.96 0.96 0.96 0.96 0.96 0.96 0.96 0.96 0.96 0.96 0.96
  per-rule acc: 0.98 0.95
Epoch 5940 | Train: Loss=0.0022 Acc=99.9% | Test: Acc=96.1% | Best=97.3%(@4400)
  from x3: 0.95 0.96 0.96 0.96 0.96 0.96 0.96 0.96 0.96 0.96 0.96 0.96 0.96
  per-rule acc: 0.98 0.95
Epoch 5960 | Train: Loss=0.0021 Acc=99.9% | Test: Acc=96.0% | Best=97.3%(@4400)
  from x3: 0.95 0.96 0.96 0.96 0.96 0.96 0.96 0.96 0.96 0.96 0.96 0.96 0.96
  per-rule acc: 0.98 0.94
Epoch 5980 | Train: Loss=0.0018 Acc=99.9% | Test: Acc=96.8% | Best=97.3%(@4400)
  from x3: 0.96 0.97 0.97 0.97 0.97 0.97 0.97 0.97 0.97 0.97 0.97 0.97 0.97
  per-rule acc: 0.98 0.95
Epoch 6000 | Train: Loss=0.0020 Acc=99.9% | Test: Acc=96.6% | Best=97.3%(@4400)
  from x3: 0.96 0.97 0.97 0.97 0.97 0.97 0.97 0.97 0.97 0.97 0.97 0.97 0.97
  per-rule acc: 0.98 0.95
Epoch 6020 | Train: Loss=0.0022 Acc=99.9% | Test: Acc=96.1% | Best=97.3%(@4400)
  from x3: 0.96 0.96 0.96 0.96 0.96 0.96 0.96 0.96 0.96 0.96 0.96 0.96 0.96
  per-rule acc: 0.98 0.95
Epoch 6040 | Train: Loss=0.0022 Acc=99.9% | Test: Acc=96.1% | Best=97.3%(@4400)
  from x3: 0.96 0.96 0.96 0.96 0.96 0.96 0.96 0.96 0.96 0.96 0.96 0.96 0.96
  per-rule acc: 0.98 0.95
Epoch 6060 | Train: Loss=0.0119 Acc=99.8% | Test: Acc=92.5% | Best=97.3%(@4400)
  from x3: 0.91 0.93 0.93 0.93 0.93 0.93 0.93 0.93 0.93 0.93 0.93 0.93 0.93
  per-rule acc: 0.95 0.90
Epoch 6080 | Train: Loss=0.0019 Acc=99.9% | Test: Acc=96.4% | Best=97.3%(@4400)
  from x3: 0.96 0.97 0.96 0.96 0.96 0.96 0.96 0.96 0.96 0.96 0.96 0.96 0.96
  per-rule acc: 0.98 0.95
Epoch 6100 | Train: Loss=0.0022 Acc=99.9% | Test: Acc=96.3% | Best=97.3%(@4400)
  from x3: 0.96 0.96 0.96 0.96 0.96 0.96 0.96 0.96 0.96 0.96 0.96 0.96 0.96
  per-rule acc: 0.98 0.95
Epoch 6120 | Train: Loss=0.0022 Acc=99.9% | Test: Acc=96.1% | Best=97.3%(@4400)
  from x3: 0.95 0.96 0.96 0.96 0.96 0.96 0.96 0.96 0.96 0.96 0.96 0.96 0.96
  per-rule acc: 0.98 0.95
Epoch 6140 | Train: Loss=0.0021 Acc=99.9% | Test: Acc=95.7% | Best=97.3%(@4400)
  from x3: 0.95 0.96 0.96 0.96 0.96 0.96 0.96 0.96 0.96 0.96 0.96 0.96 0.96
  per-rule acc: 0.97 0.94
Epoch 6160 | Train: Loss=0.0017 Acc=99.9% | Test: Acc=96.6% | Best=97.3%(@4400)
  from x3: 0.96 0.97 0.97 0.97 0.97 0.97 0.97 0.97 0.97 0.97 0.97 0.97 0.97
  per-rule acc: 0.98 0.95
Epoch 6180 | Train: Loss=0.0020 Acc=99.9% | Test: Acc=96.4% | Best=97.3%(@4400)
  from x3: 0.96 0.96 0.96 0.96 0.96 0.96 0.96 0.96 0.96 0.96 0.96 0.96 0.96
  per-rule acc: 0.98 0.95
Epoch 6200 | Train: Loss=0.0022 Acc=99.9% | Test: Acc=96.0% | Best=97.3%(@4400)
  from x3: 0.96 0.96 0.96 0.96 0.96 0.96 0.96 0.96 0.96 0.96 0.96 0.96 0.96
  per-rule acc: 0.98 0.94
Epoch 6220 | Train: Loss=0.0021 Acc=99.9% | Test: Acc=96.1% | Best=97.3%(@4400)
  from x3: 0.95 0.96 0.96 0.96 0.96 0.96 0.96 0.96 0.96 0.96 0.96 0.96 0.96
  per-rule acc: 0.98 0.95
Epoch 6240 | Train: Loss=0.0057 Acc=99.9% | Test: Acc=93.9% | Best=97.3%(@4400)
  from x3: 0.92 0.94 0.94 0.94 0.94 0.94 0.94 0.94 0.94 0.94 0.94 0.94 0.94
  per-rule acc: 0.97 0.91
Epoch 6260 | Train: Loss=0.0019 Acc=99.9% | Test: Acc=96.5% | Best=97.3%(@4400)
  from x3: 0.96 0.97 0.97 0.97 0.97 0.97 0.97 0.97 0.97 0.97 0.97 0.97 0.97
  per-rule acc: 0.98 0.95
Epoch 6280 | Train: Loss=0.0022 Acc=99.9% | Test: Acc=96.4% | Best=97.3%(@4400)
  from x3: 0.96 0.96 0.96 0.96 0.96 0.96 0.96 0.96 0.96 0.96 0.96 0.96 0.96
  per-rule acc: 0.98 0.95
Epoch 6300 | Train: Loss=0.0022 Acc=99.9% | Test: Acc=96.1% | Best=97.3%(@4400)
  from x3: 0.96 0.96 0.96 0.96 0.96 0.96 0.96 0.96 0.96 0.96 0.96 0.96 0.96
  per-rule acc: 0.97 0.95
Epoch 6320 | Train: Loss=0.0022 Acc=99.9% | Test: Acc=95.8% | Best=97.3%(@4400)
  from x3: 0.95 0.96 0.96 0.96 0.96 0.96 0.96 0.96 0.96 0.96 0.96 0.96 0.96
  per-rule acc: 0.97 0.94
Epoch 6340 | Train: Loss=0.0075 Acc=99.9% | Test: Acc=95.5% | Best=97.3%(@4400)
  from x3: 0.95 0.96 0.96 0.96 0.96 0.96 0.96 0.96 0.95 0.96 0.96 0.96 0.96
  per-rule acc: 0.98 0.93
Epoch 6360 | Train: Loss=0.0017 Acc=99.9% | Test: Acc=96.3% | Best=97.3%(@4400)
  from x3: 0.96 0.96 0.96 0.96 0.96 0.96 0.96 0.96 0.96 0.96 0.96 0.96 0.96
  per-rule acc: 0.98 0.95
Epoch 6380 | Train: Loss=0.0021 Acc=99.9% | Test: Acc=95.9% | Best=97.3%(@4400)
  from x3: 0.95 0.96 0.96 0.96 0.96 0.96 0.96 0.96 0.96 0.96 0.96 0.96 0.96
  per-rule acc: 0.98 0.94
Epoch 6400 | Train: Loss=0.0022 Acc=99.9% | Test: Acc=95.9% | Best=97.3%(@4400)
  from x3: 0.95 0.96 0.96 0.96 0.96 0.96 0.96 0.96 0.96 0.96 0.96 0.96 0.96
  per-rule acc: 0.98 0.94
Epoch 6420 | Train: Loss=0.0021 Acc=99.9% | Test: Acc=95.9% | Best=97.3%(@4400)
  from x3: 0.95 0.96 0.96 0.96 0.96 0.96 0.96 0.96 0.96 0.96 0.96 0.96 0.96
  per-rule acc: 0.98 0.94
Epoch 6440 | Train: Loss=0.0020 Acc=99.9% | Test: Acc=95.5% | Best=97.3%(@4400)
  from x3: 0.95 0.96 0.96 0.96 0.96 0.96 0.96 0.95 0.96 0.95 0.95 0.95 0.95
  per-rule acc: 0.97 0.94
Epoch 6460 | Train: Loss=0.0027 Acc=99.9% | Test: Acc=95.4% | Best=97.3%(@4400)
  from x3: 0.95 0.96 0.95 0.95 0.95 0.95 0.95 0.95 0.95 0.95 0.95 0.95 0.95
  per-rule acc: 0.98 0.93
Epoch 6480 | Train: Loss=0.0018 Acc=99.9% | Test: Acc=96.4% | Best=97.3%(@4400)
  from x3: 0.96 0.96 0.96 0.96 0.96 0.96 0.96 0.96 0.96 0.96 0.96 0.96 0.96
  per-rule acc: 0.98 0.95
Epoch 6500 | Train: Loss=0.0020 Acc=99.9% | Test: Acc=96.1% | Best=97.3%(@4400)
  from x3: 0.96 0.96 0.96 0.96 0.96 0.96 0.96 0.96 0.96 0.96 0.96 0.96 0.96
  per-rule acc: 0.98 0.95
Epoch 6520 | Train: Loss=0.0021 Acc=99.9% | Test: Acc=96.1% | Best=97.3%(@4400)
  from x3: 0.95 0.96 0.96 0.96 0.96 0.96 0.96 0.96 0.96 0.96 0.96 0.96 0.96
  per-rule acc: 0.98 0.95
Epoch 6540 | Train: Loss=0.0021 Acc=99.9% | Test: Acc=95.7% | Best=97.3%(@4400)
  from x3: 0.95 0.96 0.96 0.96 0.96 0.96 0.96 0.96 0.96 0.96 0.96 0.96 0.96
  per-rule acc: 0.97 0.94
Epoch 6560 | Train: Loss=0.0019 Acc=99.9% | Test: Acc=95.4% | Best=97.3%(@4400)
  from x3: 0.95 0.95 0.95 0.95 0.95 0.95 0.95 0.95 0.95 0.95 0.95 0.95 0.95
  per-rule acc: 0.97 0.94
Epoch 6580 | Train: Loss=0.0138 Acc=99.8% | Test: Acc=92.6% | Best=97.3%(@4400)
  from x3: 0.90 0.93 0.93 0.93 0.93 0.93 0.93 0.93 0.93 0.93 0.93 0.93 0.93
  per-rule acc: 0.96 0.90
Epoch 6600 | Train: Loss=0.0017 Acc=99.9% | Test: Acc=96.4% | Best=97.3%(@4400)
  from x3: 0.96 0.96 0.96 0.96 0.96 0.96 0.96 0.96 0.96 0.96 0.96 0.96 0.96
  per-rule acc: 0.98 0.95
Epoch 6620 | Train: Loss=0.0019 Acc=99.9% | Test: Acc=96.0% | Best=97.3%(@4400)
  from x3: 0.95 0.96 0.96 0.96 0.96 0.96 0.96 0.96 0.96 0.96 0.96 0.96 0.96
  per-rule acc: 0.98 0.95
Epoch 6640 | Train: Loss=0.0020 Acc=99.9% | Test: Acc=95.8% | Best=97.3%(@4400)
  from x3: 0.95 0.96 0.96 0.96 0.96 0.96 0.96 0.96 0.96 0.96 0.96 0.96 0.96
  per-rule acc: 0.98 0.94
Epoch 6660 | Train: Loss=0.0020 Acc=99.9% | Test: Acc=95.5% | Best=97.3%(@4400)
  from x3: 0.95 0.96 0.96 0.96 0.96 0.96 0.96 0.96 0.96 0.96 0.96 0.96 0.96
  per-rule acc: 0.97 0.94
Epoch 6680 | Train: Loss=0.0019 Acc=99.9% | Test: Acc=95.3% | Best=97.3%(@4400)
  from x3: 0.95 0.95 0.95 0.95 0.95 0.95 0.95 0.95 0.95 0.95 0.95 0.95 0.95
  per-rule acc: 0.97 0.94
Epoch 6700 | Train: Loss=0.0075 Acc=99.9% | Test: Acc=92.9% | Best=97.3%(@4400)
  from x3: 0.90 0.93 0.93 0.93 0.93 0.93 0.93 0.93 0.93 0.93 0.93 0.93 0.93
  per-rule acc: 0.95 0.91
Epoch 6720 | Train: Loss=0.0016 Acc=99.9% | Test: Acc=95.9% | Best=97.3%(@4400)
  from x3: 0.95 0.96 0.96 0.96 0.96 0.96 0.96 0.96 0.96 0.96 0.96 0.96 0.96
  per-rule acc: 0.98 0.94
Epoch 6740 | Train: Loss=0.0019 Acc=99.9% | Test: Acc=95.6% | Best=97.3%(@4400)
  from x3: 0.95 0.96 0.96 0.96 0.96 0.96 0.96 0.96 0.96 0.96 0.96 0.96 0.96
  per-rule acc: 0.98 0.94
Epoch 6760 | Train: Loss=0.0020 Acc=99.9% | Test: Acc=95.6% | Best=97.3%(@4400)
  from x3: 0.95 0.96 0.96 0.96 0.96 0.96 0.96 0.96 0.96 0.96 0.96 0.96 0.96
  per-rule acc: 0.97 0.94
Epoch 6780 | Train: Loss=0.0020 Acc=99.9% | Test: Acc=95.5% | Best=97.3%(@4400)
  from x3: 0.95 0.96 0.96 0.96 0.96 0.96 0.96 0.96 0.96 0.96 0.96 0.96 0.96
  per-rule acc: 0.97 0.94
Epoch 6800 | Train: Loss=0.0019 Acc=99.9% | Test: Acc=95.3% | Best=97.3%(@4400)
  from x3: 0.94 0.95 0.95 0.95 0.95 0.95 0.95 0.95 0.95 0.95 0.95 0.95 0.95
  per-rule acc: 0.97 0.93
Epoch 6820 | Train: Loss=0.0018 Acc=99.9% | Test: Acc=95.0% | Best=97.3%(@4400)
  from x3: 0.94 0.95 0.95 0.95 0.95 0.95 0.95 0.95 0.95 0.95 0.95 0.95 0.95
  per-rule acc: 0.97 0.93
Epoch 6840 | Train: Loss=0.0055 Acc=99.9% | Test: Acc=94.4% | Best=97.3%(@4400)
  from x3: 0.93 0.94 0.94 0.94 0.94 0.94 0.94 0.94 0.94 0.94 0.94 0.94 0.94
  per-rule acc: 0.97 0.92
Epoch 6860 | Train: Loss=0.0016 Acc=99.9% | Test: Acc=96.0% | Best=97.3%(@4400)
  from x3: 0.95 0.96 0.96 0.96 0.96 0.96 0.96 0.96 0.96 0.96 0.96 0.96 0.96
  per-rule acc: 0.98 0.95
Epoch 6880 | Train: Loss=0.0018 Acc=99.9% | Test: Acc=96.1% | Best=97.3%(@4400)
  from x3: 0.95 0.96 0.96 0.96 0.96 0.96 0.96 0.96 0.96 0.96 0.96 0.96 0.96
  per-rule acc: 0.98 0.95
Epoch 6900 | Train: Loss=0.0019 Acc=99.9% | Test: Acc=95.4% | Best=97.3%(@4400)
  from x3: 0.95 0.95 0.95 0.95 0.95 0.95 0.95 0.95 0.96 0.95 0.95 0.95 0.96
  per-rule acc: 0.97 0.94
Epoch 6920 | Train: Loss=0.0018 Acc=99.9% | Test: Acc=95.5% | Best=97.3%(@4400)
  from x3: 0.95 0.95 0.96 0.96 0.96 0.96 0.96 0.96 0.96 0.96 0.96 0.96 0.96
  per-rule acc: 0.97 0.94
Epoch 6940 | Train: Loss=0.0018 Acc=99.9% | Test: Acc=95.3% | Best=97.3%(@4400)
  from x3: 0.94 0.95 0.95 0.95 0.95 0.95 0.95 0.95 0.95 0.95 0.95 0.95 0.95
  per-rule acc: 0.97 0.93
Epoch 6960 | Train: Loss=0.0017 Acc=99.9% | Test: Acc=94.7% | Best=97.3%(@4400)
  from x3: 0.94 0.95 0.95 0.95 0.95 0.95 0.95 0.95 0.95 0.95 0.95 0.95 0.95
  per-rule acc: 0.97 0.93
Epoch 6980 | Train: Loss=0.0028 Acc=99.9% | Test: Acc=95.2% | Best=97.3%(@4400)
  from x3: 0.94 0.95 0.95 0.95 0.95 0.95 0.95 0.95 0.95 0.95 0.95 0.95 0.95
  per-rule acc: 0.98 0.93
Epoch 7000 | Train: Loss=0.0016 Acc=99.9% | Test: Acc=96.0% | Best=97.3%(@4400)
  from x3: 0.95 0.96 0.96 0.96 0.96 0.96 0.96 0.96 0.96 0.96 0.96 0.96 0.96
  per-rule acc: 0.98 0.94
Epoch 7020 | Train: Loss=0.0018 Acc=99.9% | Test: Acc=95.8% | Best=97.3%(@4400)
  from x3: 0.95 0.96 0.96 0.96 0.96 0.96 0.96 0.96 0.96 0.96 0.96 0.96 0.96
  per-rule acc: 0.98 0.94
Epoch 7040 | Train: Loss=0.0018 Acc=99.9% | Test: Acc=95.5% | Best=97.3%(@4400)
  from x3: 0.95 0.96 0.96 0.96 0.96 0.96 0.96 0.96 0.96 0.96 0.96 0.96 0.96
  per-rule acc: 0.98 0.94
Epoch 7060 | Train: Loss=0.0018 Acc=99.9% | Test: Acc=95.2% | Best=97.3%(@4400)
  from x3: 0.94 0.95 0.95 0.95 0.95 0.95 0.95 0.95 0.95 0.95 0.95 0.95 0.95
  per-rule acc: 0.97 0.93
Epoch 7080 | Train: Loss=0.0018 Acc=99.9% | Test: Acc=95.2% | Best=97.3%(@4400)
  from x3: 0.94 0.95 0.95 0.95 0.95 0.95 0.95 0.95 0.95 0.95 0.95 0.95 0.95
  per-rule acc: 0.97 0.93
Epoch 7100 | Train: Loss=0.0016 Acc=99.9% | Test: Acc=95.9% | Best=97.3%(@4400)
  from x3: 0.95 0.96 0.96 0.96 0.96 0.96 0.96 0.96 0.96 0.96 0.96 0.96 0.96
  per-rule acc: 0.98 0.94
Epoch 7120 | Train: Loss=0.0017 Acc=99.9% | Test: Acc=95.6% | Best=97.3%(@4400)
  from x3: 0.95 0.96 0.96 0.96 0.96 0.96 0.96 0.96 0.96 0.96 0.96 0.96 0.96
  per-rule acc: 0.98 0.94
Epoch 7140 | Train: Loss=0.0018 Acc=99.9% | Test: Acc=95.5% | Best=97.3%(@4400)
  from x3: 0.95 0.96 0.96 0.96 0.95 0.96 0.96 0.96 0.96 0.95 0.96 0.96 0.96
  per-rule acc: 0.98 0.94
Epoch 7160 | Train: Loss=0.0018 Acc=99.9% | Test: Acc=95.4% | Best=97.3%(@4400)
  from x3: 0.95 0.96 0.95 0.95 0.95 0.95 0.95 0.95 0.95 0.95 0.95 0.95 0.95
  per-rule acc: 0.97 0.94
Epoch 7180 | Train: Loss=0.0018 Acc=99.9% | Test: Acc=95.4% | Best=97.3%(@4400)
  from x3: 0.94 0.95 0.96 0.96 0.96 0.96 0.95 0.95 0.95 0.95 0.95 0.95 0.95
  per-rule acc: 0.97 0.94
Epoch 7200 | Train: Loss=0.0017 Acc=99.9% | Test: Acc=94.9% | Best=97.3%(@4400)
  from x3: 0.94 0.95 0.95 0.95 0.95 0.95 0.95 0.95 0.95 0.95 0.95 0.95 0.95
  per-rule acc: 0.97 0.93
Epoch 7220 | Train: Loss=0.0016 Acc=99.9% | Test: Acc=95.0% | Best=97.3%(@4400)
  from x3: 0.93 0.95 0.95 0.95 0.95 0.95 0.95 0.95 0.95 0.95 0.95 0.95 0.95
  per-rule acc: 0.97 0.93
Epoch 7240 | Train: Loss=0.0087 Acc=99.8% | Test: Acc=91.3% | Best=97.3%(@4400)
  from x3: 0.89 0.92 0.92 0.92 0.92 0.92 0.92 0.92 0.92 0.92 0.92 0.92 0.92
  per-rule acc: 0.94 0.88
Epoch 7260 | Train: Loss=0.0015 Acc=99.9% | Test: Acc=96.0% | Best=97.3%(@4400)
  from x3: 0.95 0.96 0.96 0.96 0.96 0.96 0.96 0.96 0.96 0.96 0.96 0.96 0.96
  per-rule acc: 0.98 0.95
Epoch 7280 | Train: Loss=0.0017 Acc=99.9% | Test: Acc=95.7% | Best=97.3%(@4400)
  from x3: 0.95 0.96 0.96 0.96 0.96 0.96 0.96 0.96 0.96 0.96 0.96 0.96 0.96
  per-rule acc: 0.98 0.94
Epoch 7300 | Train: Loss=0.0017 Acc=99.9% | Test: Acc=95.4% | Best=97.3%(@4400)
  from x3: 0.95 0.96 0.96 0.96 0.96 0.96 0.96 0.95 0.95 0.95 0.95 0.95 0.95
  per-rule acc: 0.98 0.93
Epoch 7320 | Train: Loss=0.0017 Acc=99.9% | Test: Acc=95.3% | Best=97.3%(@4400)
  from x3: 0.94 0.95 0.95 0.95 0.95 0.95 0.95 0.95 0.95 0.95 0.95 0.95 0.95
  per-rule acc: 0.98 0.93
Epoch 7340 | Train: Loss=0.0017 Acc=99.9% | Test: Acc=94.9% | Best=97.3%(@4400)
  from x3: 0.94 0.95 0.95 0.95 0.95 0.95 0.95 0.95 0.95 0.95 0.95 0.95 0.95
  per-rule acc: 0.97 0.93
Epoch 7360 | Train: Loss=0.0017 Acc=99.9% | Test: Acc=94.9% | Best=97.3%(@4400)
  from x3: 0.93 0.95 0.95 0.95 0.95 0.95 0.95 0.95 0.95 0.95 0.95 0.95 0.95
  per-rule acc: 0.97 0.93
Epoch 7380 | Train: Loss=0.0016 Acc=99.9% | Test: Acc=94.9% | Best=97.3%(@4400)
  from x3: 0.93 0.95 0.95 0.95 0.95 0.95 0.95 0.95 0.95 0.95 0.95 0.95 0.95
  per-rule acc: 0.97 0.93
Epoch 7400 | Train: Loss=0.0015 Acc=99.9% | Test: Acc=94.8% | Best=97.3%(@4400)
  from x3: 0.93 0.95 0.95 0.95 0.95 0.95 0.95 0.95 0.95 0.95 0.95 0.95 0.95
  per-rule acc: 0.97 0.93
[Early stop] No improvement for 3000 consecutive epochs

==================================================
Saving model...
[OK] Model saved to: /home/cxm/ai/test0709/models/mixed_basic_d512l2r8_seed4.pth
  File size: 41682.3 KB
  Best test accuracy: 97.32%

==================================================
Final generation test (batched teacher forcing, validate from position 3)
==================================================

--- AB pair 1: (1, 1) ---

--- Statistics for AB=(1,1) ---
Exposed    samples:  2052 | In-dist: 26663/26676 (100.0%) | OOD: 32832/32832 (100.0%)
Unexposed  samples:   757 | In-dist:  9554/ 9841 ( 97.1%) | OOD: 11816/12112 ( 97.6%)

--- Per-position accuracy for AB=(1,1) ---
  Position   3: Exposed-ID: 2039.0/2052 ( 99.4%) | Unexposed-ID: 699.0/757 ( 92.3%)
  Position   4: Exposed-ID: 2052.0/2052 (100.0%) | Unexposed-ID: 737.0/757 ( 97.4%)
  Position   5: Exposed-ID: 2052.0/2052 (100.0%) | Unexposed-ID: 738.0/757 ( 97.5%)
  Position   6: Exposed-ID: 2052.0/2052 (100.0%) | Unexposed-ID: 738.0/757 ( 97.5%)
  Position   7: Exposed-ID: 2052.0/2052 (100.0%) | Unexposed-ID: 738.0/757 ( 97.5%)
  Position   8: Exposed-ID: 2052.0/2052 (100.0%) | Unexposed-ID: 738.0/757 ( 97.5%)
  Position   9: Exposed-ID: 2052.0/2052 (100.0%) | Unexposed-ID: 738.0/757 ( 97.5%)
  Position  10: Exposed-ID: 2052.0/2052 (100.0%) | Unexposed-ID: 738.0/757 ( 97.5%)
  Position  11: Exposed-ID: 2052.0/2052 (100.0%) | Unexposed-ID: 738.0/757 ( 97.5%)
  Position  12: Exposed-ID: 2052.0/2052 (100.0%) | Unexposed-ID: 738.0/757 ( 97.5%)
  Position  13: Exposed-ID: 2052.0/2052 (100.0%) | Unexposed-ID: 738.0/757 ( 97.5%)
  Position  14: Exposed-ID: 2052.0/2052 (100.0%) | Unexposed-ID: 738.0/757 ( 97.5%)
  Position  15: Exposed-ID: 2052.0/2052 (100.0%) | Unexposed-ID: 738.0/757 ( 97.5%)
  Position  16: Exposed-OOD: 2052.0/2052 (100.0%) | Unexposed-OOD: 738.0/757 ( 97.5%)
  Position  17: Exposed-OOD: 2052.0/2052 (100.0%) | Unexposed-OOD: 738.0/757 ( 97.5%)
  Position  18: Exposed-OOD: 2052.0/2052 (100.0%) | Unexposed-OOD: 738.0/757 ( 97.5%)
  Position  19: Exposed-OOD: 2052.0/2052 (100.0%) | Unexposed-OOD: 738.0/757 ( 97.5%)
  Position  20: Exposed-OOD: 2052.0/2052 (100.0%) | Unexposed-OOD: 739.0/757 ( 97.6%)
  Position  21: Exposed-OOD: 2052.0/2052 (100.0%) | Unexposed-OOD: 739.0/757 ( 97.6%)
  Position  22: Exposed-OOD: 2052.0/2052 (100.0%) | Unexposed-OOD: 739.0/757 ( 97.6%)
  Position  23: Exposed-OOD: 2052.0/2052 (100.0%) | Unexposed-OOD: 739.0/757 ( 97.6%)
  Position  24: Exposed-OOD: 2052.0/2052 (100.0%) | Unexposed-OOD: 739.0/757 ( 97.6%)
  Position  25: Exposed-OOD: 2052.0/2052 (100.0%) | Unexposed-OOD: 739.0/757 ( 97.6%)
  Position  26: Exposed-OOD: 2052.0/2052 (100.0%) | Unexposed-OOD: 739.0/757 ( 97.6%)
  Position  27: Exposed-OOD: 2052.0/2052 (100.0%) | Unexposed-OOD: 738.0/757 ( 97.5%)
  Position  28: Exposed-OOD: 2052.0/2052 (100.0%) | Unexposed-OOD: 738.0/757 ( 97.5%)
  Position  29: Exposed-OOD: 2052.0/2052 (100.0%) | Unexposed-OOD: 738.0/757 ( 97.5%)
  Position  30: Exposed-OOD: 2052.0/2052 (100.0%) | Unexposed-OOD: 738.0/757 ( 97.5%)
  Position  31: Exposed-OOD: 2052.0/2052 (100.0%) | Unexposed-OOD: 739.0/757 ( 97.6%)

--- AB pair 2: (1, 2) ---

--- Statistics for AB=(1,2) ---
Exposed    samples:  1980 | In-dist: 25722/25740 ( 99.9%) | OOD: 31680/31680 (100.0%)
Unexposed  samples:   829 | In-dist:  9990/10777 ( 92.7%) | OOD: 12253/13264 ( 92.4%)

--- Per-position accuracy for AB=(1,2) ---
  Position   3: Exposed-ID: 1962.0/1980 ( 99.1%) | Unexposed-ID: 773.0/829 ( 93.2%)
  Position   4: Exposed-ID: 1980.0/1980 (100.0%) | Unexposed-ID: 769.0/829 ( 92.8%)
  Position   5: Exposed-ID: 1980.0/1980 (100.0%) | Unexposed-ID: 768.0/829 ( 92.6%)
  Position   6: Exposed-ID: 1980.0/1980 (100.0%) | Unexposed-ID: 768.0/829 ( 92.6%)
  Position   7: Exposed-ID: 1980.0/1980 (100.0%) | Unexposed-ID: 768.0/829 ( 92.6%)
  Position   8: Exposed-ID: 1980.0/1980 (100.0%) | Unexposed-ID: 768.0/829 ( 92.6%)
  Position   9: Exposed-ID: 1980.0/1980 (100.0%) | Unexposed-ID: 768.0/829 ( 92.6%)
  Position  10: Exposed-ID: 1980.0/1980 (100.0%) | Unexposed-ID: 768.0/829 ( 92.6%)
  Position  11: Exposed-ID: 1980.0/1980 (100.0%) | Unexposed-ID: 768.0/829 ( 92.6%)
  Position  12: Exposed-ID: 1980.0/1980 (100.0%) | Unexposed-ID: 768.0/829 ( 92.6%)
  Position  13: Exposed-ID: 1980.0/1980 (100.0%) | Unexposed-ID: 768.0/829 ( 92.6%)
  Position  14: Exposed-ID: 1980.0/1980 (100.0%) | Unexposed-ID: 768.0/829 ( 92.6%)
  Position  15: Exposed-ID: 1980.0/1980 (100.0%) | Unexposed-ID: 768.0/829 ( 92.6%)
  Position  16: Exposed-OOD: 1980.0/1980 (100.0%) | Unexposed-OOD: 768.0/829 ( 92.6%)
  Position  17: Exposed-OOD: 1980.0/1980 (100.0%) | Unexposed-OOD: 768.0/829 ( 92.6%)
  Position  18: Exposed-OOD: 1980.0/1980 (100.0%) | Unexposed-OOD: 768.0/829 ( 92.6%)
  Position  19: Exposed-OOD: 1980.0/1980 (100.0%) | Unexposed-OOD: 768.0/829 ( 92.6%)
  Position  20: Exposed-OOD: 1980.0/1980 (100.0%) | Unexposed-OOD: 767.0/829 ( 92.5%)
  Position  21: Exposed-OOD: 1980.0/1980 (100.0%) | Unexposed-OOD: 767.0/829 ( 92.5%)
  Position  22: Exposed-OOD: 1980.0/1980 (100.0%) | Unexposed-OOD: 766.0/829 ( 92.4%)
  Position  23: Exposed-OOD: 1980.0/1980 (100.0%) | Unexposed-OOD: 766.0/829 ( 92.4%)
  Position  24: Exposed-OOD: 1980.0/1980 (100.0%) | Unexposed-OOD: 766.0/829 ( 92.4%)
  Position  25: Exposed-OOD: 1980.0/1980 (100.0%) | Unexposed-OOD: 765.0/829 ( 92.3%)
  Position  26: Exposed-OOD: 1980.0/1980 (100.0%) | Unexposed-OOD: 764.0/829 ( 92.2%)
  Position  27: Exposed-OOD: 1980.0/1980 (100.0%) | Unexposed-OOD: 764.0/829 ( 92.2%)
  Position  28: Exposed-OOD: 1980.0/1980 (100.0%) | Unexposed-OOD: 764.0/829 ( 92.2%)
  Position  29: Exposed-OOD: 1980.0/1980 (100.0%) | Unexposed-OOD: 764.0/829 ( 92.2%)
  Position  30: Exposed-OOD: 1980.0/1980 (100.0%) | Unexposed-OOD: 764.0/829 ( 92.2%)
  Position  31: Exposed-OOD: 1980.0/1980 (100.0%) | Unexposed-OOD: 764.0/829 ( 92.2%)

--- Return code: 0 ---

======================================================================
Attention Analysis
======================================================================
Model config: addition (default), p=53
Best test accuracy: 0.9731787758269473
Training epochs: 7400

Random test sequence 1/5 (length 32): [43, 17, 7, 24, 31, 2, 33, 35, 15, 50, 12, 9, 21, 30, 51, 28, 26, 1, 27, 28]...

======================================================================
Attention Layer Training Result Summary
======================================================================
Input sequence: [43, 17, 7, 24, 31, 2, 33, 35, 15, 50, 12, 9, 21, 30, 51, 28, 26, 1, 27, 28, 2, 30, 32, 9, 41, 50, 38, 35, 20, 2, 22, 24]

--- Layer 0 ---
  Head 0: Entropy=0.175
    Attention coefficients from each query position to previous positions:
      i= 0 -> j=0:1.000
      i= 1 -> j=0:0.983, j=1:0.017
      i= 2 -> j=0:0.016, j=1:0.974, j=2:0.009
      i= 3 -> j=0:0.000, j=1:0.048, j=2:0.935, j=3:0.017
      i= 4 -> j=0:0.000, j=1:0.000, j=2:0.014, j=3:0.965, j=4:0.021
      i= 5 -> j=0:0.000, j=1:0.000, j=2:0.000, j=3:0.016, j=4:0.974, j=5:0.010
      i= 6 -> j=0:0.000, j=1:0.000, j=2:0.000, j=3:0.000, j=4:0.044, j=5:0.935, j=6:0.020
      i= 7 -> j=0:0.000, j=1:0.000, j=2:0.000, j=3:0.000, j=4:0.000, j=5:0.012, j=6:0.972, j=7:0.016
      i= 8 -> j=0:0.000, j=1:0.000, j=2:0.000, j=3:0.000, j=4:0.000, j=5:0.000, j=6:0.014, j=7:0.977, j=8:0.010
      i= 9 -> j=0:0.000, j=1:0.000, j=2:0.000, j=3:0.000, j=4:0.000, j=5:0.000, j=6:0.000, j=7:0.038, j=8:0.943, j=9:0.019
      i=10 -> j=0:0.000, j=1:0.000, j=2:0.000, j=3:0.000, j=4:0.000, j=5:0.000, j=6:0.000, j=7:0.000, j=8:0.014, j=9:0.972, j=10:0.014
      i=11 -> j=0:0.000, j=1:0.000, j=2:0.000, j=3:0.000, j=4:0.000, j=5:0.000, j=6:0.000, j=7:0.000, j=8:0.000, j=9:0.015, j=10:0.969, j=11:0.016
      i=12 -> j=0:0.000, j=1:0.000, j=2:0.000, j=3:0.000, j=4:0.000, j=5:0.000, j=6:0.000, j=7:0.000, j=8:0.000, j=9:0.000, j=10:0.018, j=11:0.970, j=12:0.011
      i=13 -> j=0:0.000, j=1:0.000, j=2:0.000, j=3:0.000, j=4:0.000, j=5:0.000, j=6:0.000, j=7:0.000, j=8:0.000, j=9:0.000, j=10:0.000, j=11:0.023, j=12:0.964, j=13:0.013
      i=14 -> j=0:0.000, j=1:0.000, j=2:0.000, j=3:0.000, j=4:0.000, j=5:0.000, j=6:0.000, j=7:0.000, j=8:0.000, j=9:0.000, j=10:0.000, j=11:0.000, j=12:0.040, j=13:0.946, j=14:0.014
      i=15 -> j=0:0.000, j=1:0.000, j=2:0.000, j=3:0.000, j=4:0.000, j=5:0.000, j=6:0.000, j=7:0.000, j=8:0.000, j=9:0.000, j=10:0.000, j=11:0.000, j=12:0.000, j=13:0.025, j=14:0.960, j=15:0.016
      i=16 -> j=0:0.000, j=1:0.000, j=2:0.000, j=3:0.000, j=4:0.000, j=5:0.000, j=6:0.000, j=7:0.000, j=8:0.000, j=9:0.000, j=10:0.000, j=11:0.000, j=12:0.000, j=13:0.000, j=14:0.015, j=15:0.968, j=16:0.018
      i=17 -> j=0:0.000, j=1:0.000, j=2:0.000, j=3:0.000, j=4:0.000, j=5:0.000, j=6:0.000, j=7:0.000, j=8:0.000, j=9:0.000, j=10:0.000, j=11:0.000, j=12:0.000, j=13:0.000, j=14:0.000, j=15:0.023, j=16:0.958, j=17:0.020
      i=18 -> j=0:0.000, j=1:0.000, j=2:0.000, j=3:0.000, j=4:0.000, j=5:0.000, j=6:0.000, j=7:0.000, j=8:0.000, j=9:0.000, j=10:0.000, j=11:0.000, j=12:0.000, j=13:0.000, j=14:0.000, j=15:0.000, j=16:0.019, j=17:0.959, j=18:0.023
      i=19 -> j=0:0.000, j=1:0.000, j=2:0.000, j=3:0.000, j=4:0.000, j=5:0.000, j=6:0.000, j=7:0.000, j=8:0.000, j=9:0.000, j=10:0.000, j=11:0.000, j=12:0.000, j=13:0.000, j=14:0.000, j=15:0.000, j=16:0.000, j=17:0.016, j=18:0.972, j=19:0.012
      i=20 -> j=0:0.000, j=1:0.000, j=2:0.000, j=3:0.000, j=4:0.000, j=5:0.000, j=6:0.000, j=7:0.000, j=8:0.000, j=9:0.000, j=10:0.000, j=11:0.000, j=12:0.000, j=13:0.000, j=14:0.000, j=15:0.000, j=16:0.000, j=17:0.000, j=18:0.029, j=19:0.954, j=20:0.017
      i=21 -> j=0:0.000, j=1:0.000, j=2:0.000, j=3:0.000, j=4:0.000, j=5:0.000, j=6:0.000, j=7:0.000, j=8:0.000, j=9:0.000, j=10:0.000, j=11:0.000, j=12:0.000, j=13:0.000, j=14:0.000, j=15:0.000, j=16:0.000, j=17:0.000, j=18:0.000, j=19:0.024, j=20:0.951, j=21:0.025
      i=22 -> j=0:0.000, j=1:0.000, j=2:0.000, j=3:0.000, j=4:0.000, j=5:0.000, j=6:0.000, j=7:0.000, j=8:0.000, j=9:0.000, j=10:0.000, j=11:0.000, j=12:0.000, j=13:0.000, j=14:0.000, j=15:0.000, j=16:0.000, j=17:0.000, j=18:0.000, j=19:0.000, j=20:0.012, j=21:0.972, j=22:0.016
      i=23 -> j=0:0.000, j=1:0.000, j=2:0.000, j=3:0.000, j=4:0.000, j=5:0.000, j=6:0.000, j=7:0.000, j=8:0.000, j=9:0.000, j=10:0.000, j=11:0.000, j=12:0.000, j=13:0.000, j=14:0.000, j=15:0.000, j=16:0.000, j=17:0.000, j=18:0.000, j=19:0.000, j=20:0.000, j=21:0.009, j=22:0.974, j=23:0.017
      i=24 -> j=0:0.000, j=1:0.000, j=2:0.000, j=3:0.000, j=4:0.000, j=5:0.000, j=6:0.000, j=7:0.000, j=8:0.000, j=9:0.000, j=10:0.000, j=11:0.000, j=12:0.000, j=13:0.000, j=14:0.000, j=15:0.000, j=16:0.000, j=17:0.000, j=18:0.000, j=19:0.000, j=20:0.000, j=21:0.000, j=22:0.022, j=23:0.965, j=24:0.013
      i=25 -> j=0:0.000, j=1:0.000, j=2:0.000, j=3:0.000, j=4:0.000, j=5:0.000, j=6:0.000, j=7:0.000, j=8:0.000, j=9:0.000, j=10:0.000, j=11:0.000, j=12:0.000, j=13:0.000, j=14:0.000, j=15:0.000, j=16:0.000, j=17:0.000, j=18:0.000, j=19:0.000, j=20:0.000, j=21:0.000, j=22:0.000, j=23:0.017, j=24:0.970, j=25:0.014
      i=26 -> j=0:0.000, j=1:0.000, j=2:0.000, j=3:0.000, j=4:0.000, j=5:0.000, j=6:0.000, j=7:0.000, j=8:0.000, j=9:0.000, j=10:0.000, j=11:0.000, j=12:0.000, j=13:0.000, j=14:0.000, j=15:0.000, j=16:0.000, j=17:0.000, j=18:0.000, j=19:0.000, j=20:0.000, j=21:0.000, j=22:0.000, j=23:0.000, j=24:0.026, j=25:0.961, j=26:0.013
      i=27 -> j=0:0.000, j=1:0.000, j=2:0.000, j=3:0.000, j=4:0.000, j=5:0.000, j=6:0.000, j=7:0.000, j=8:0.000, j=9:0.000, j=10:0.000, j=11:0.000, j=12:0.000, j=13:0.000, j=14:0.000, j=15:0.000, j=16:0.000, j=17:0.000, j=18:0.000, j=19:0.000, j=20:0.000, j=21:0.000, j=22:0.000, j=23:0.000, j=24:0.000, j=25:0.026, j=26:0.958, j=27:0.016
      i=28 -> j=0:0.000, j=1:0.000, j=2:0.000, j=3:0.000, j=4:0.000, j=5:0.000, j=6:0.000, j=7:0.000, j=8:0.000, j=9:0.000, j=10:0.000, j=11:0.000, j=12:0.000, j=13:0.000, j=14:0.000, j=15:0.000, j=16:0.000, j=17:0.000, j=18:0.000, j=19:0.000, j=20:0.000, j=21:0.000, j=22:0.000, j=23:0.000, j=24:0.000, j=25:0.000, j=26:0.013, j=27:0.976, j=28:0.010
      i=29 -> j=0:0.000, j=1:0.000, j=2:0.000, j=3:0.000, j=4:0.000, j=5:0.000, j=6:0.000, j=7:0.000, j=8:0.000, j=9:0.000, j=10:0.000, j=11:0.000, j=12:0.000, j=13:0.000, j=14:0.000, j=15:0.000, j=16:0.000, j=17:0.000, j=18:0.000, j=19:0.000, j=20:0.000, j=21:0.000, j=22:0.000, j=23:0.000, j=24:0.000, j=25:0.000, j=26:0.000, j=27:0.050, j=28:0.936, j=29:0.014
      i=30 -> j=0:0.000, j=1:0.000, j=2:0.000, j=3:0.000, j=4:0.000, j=5:0.000, j=6:0.000, j=7:0.000, j=8:0.000, j=9:0.000, j=10:0.000, j=11:0.000, j=12:0.000, j=13:0.000, j=14:0.000, j=15:0.000, j=16:0.000, j=17:0.000, j=18:0.000, j=19:0.000, j=20:0.000, j=21:0.000, j=22:0.000, j=23:0.000, j=24:0.000, j=25:0.000, j=26:0.000, j=27:0.000, j=28:0.027, j=29:0.951, j=30:0.022
      i=31 -> j=0:0.000, j=1:0.000, j=2:0.000, j=3:0.000, j=4:0.000, j=5:0.000, j=6:0.000, j=7:0.000, j=8:0.000, j=9:0.000, j=10:0.000, j=11:0.000, j=12:0.000, j=13:0.000, j=14:0.000, j=15:0.000, j=16:0.000, j=17:0.000, j=18:0.000, j=19:0.000, j=20:0.000, j=21:0.000, j=22:0.000, j=23:0.000, j=24:0.000, j=25:0.000, j=26:0.000, j=27:0.000, j=28:0.000, j=29:0.010, j=30:0.980, j=31:0.010
    Average attention per distance:
      d=0:0.046, d=1:0.963, d=2:0.023

--- Layer 1 ---
  Head 0: Entropy=0.925
    Attention coefficients from each query position to previous positions:
      i= 0 -> j=0:1.000
      i= 1 -> j=0:0.747, j=1:0.253
      i= 2 -> j=0:0.115, j=1:0.778, j=2:0.107
      i= 3 -> j=0:0.005, j=1:0.268, j=2:0.655, j=3:0.072
      i= 4 -> j=0:0.000, j=1:0.006, j=2:0.366, j=3:0.528, j=4:0.100
      i= 5 -> j=0:0.000, j=1:0.000, j=2:0.013, j=3:0.381, j=4:0.358, j=5:0.248
      i= 6 -> j=0:0.000, j=1:0.000, j=2:0.000, j=3:0.006, j=4:0.115, j=5:0.789, j=6:0.089
      i= 7 -> j=0:0.000, j=1:0.000, j=2:0.000, j=3:0.000, j=4:0.002, j=5:0.187, j=6:0.736, j=7:0.075
      i= 8 -> j=0:0.001, j=1:0.000, j=2:0.000, j=3:0.000, j=4:0.000, j=5:0.007, j=6:0.286, j=7:0.610, j=8:0.095
      i= 9 -> j=0:0.001, j=1:0.001, j=2:0.000, j=3:0.000, j=4:0.000, j=5:0.000, j=6:0.007, j=7:0.299, j=8:0.593, j=9:0.099
      i=10 -> j=0:0.001, j=1:0.002, j=2:0.000, j=3:0.000, j=4:0.000, j=5:0.000, j=6:0.000, j=7:0.004, j=8:0.304, j=9:0.640, j=10:0.049
      i=11 -> j=0:0.001, j=1:0.002, j=2:0.001, j=3:0.002, j=4:0.000, j=5:0.000, j=6:0.000, j=7:0.000, j=8:0.016, j=9:0.432, j=10:0.352, j=11:0.193
      i=12 -> j=0:0.000, j=1:0.001, j=2:0.000, j=3:0.002, j=4:0.001, j=5:0.000, j=6:0.000, j=7:0.000, j=8:0.001, j=9:0.010, j=10:0.201, j=11:0.687, j=12:0.097
      i=13 -> j=0:0.001, j=1:0.000, j=2:0.000, j=3:0.001, j=4:0.001, j=5:0.001, j=6:0.000, j=7:0.000, j=8:0.000, j=9:0.000, j=10:0.004, j=11:0.197, j=12:0.739, j=13:0.055
      i=14 -> j=0:0.001, j=1:0.000, j=2:0.000, j=3:0.000, j=4:0.000, j=5:0.001, j=6:0.001, j=7:0.000, j=8:0.000, j=9:0.000, j=10:0.000, j=11:0.005, j=12:0.209, j=13:0.510, j=14:0.272
      i=15 -> j=0:0.001, j=1:0.001, j=2:0.000, j=3:0.000, j=4:0.000, j=5:0.000, j=6:0.000, j=7:0.000, j=8:0.000, j=9:0.000, j=10:0.000, j=11:0.000, j=12:0.003, j=13:0.172, j=14:0.778, j=15:0.044
      i=16 -> j=0:0.002, j=1:0.002, j=2:0.001, j=3:0.000, j=4:0.000, j=5:0.000, j=6:0.000, j=7:0.002, j=8:0.000, j=9:0.000, j=10:0.000, j=11:0.000, j=12:0.000, j=13:0.010, j=14:0.321, j=15:0.605, j=16:0.056
      i=17 -> j=0:0.001, j=1:0.002, j=2:0.003, j=3:0.001, j=4:0.001, j=5:0.000, j=6:0.000, j=7:0.001, j=8:0.001, j=9:0.001, j=10:0.000, j=11:0.000, j=12:0.000, j=13:0.000, j=14:0.007, j=15:0.370, j=16:0.501, j=17:0.110
      i=18 -> j=0:0.001, j=1:0.002, j=2:0.001, j=3:0.002, j=4:0.001, j=5:0.000, j=6:0.000, j=7:0.000, j=8:0.001, j=9:0.001, j=10:0.001, j=11:0.000, j=12:0.000, j=13:0.000, j=14:0.000, j=15:0.005, j=16:0.279, j=17:0.609, j=18:0.098
      i=19 -> j=0:0.000, j=1:0.001, j=2:0.000, j=3:0.001, j=4:0.001, j=5:0.001, j=6:0.000, j=7:0.000, j=8:0.000, j=9:0.000, j=10:0.001, j=11:0.000, j=12:0.000, j=13:0.000, j=14:0.000, j=15:0.000, j=16:0.005, j=17:0.264, j=18:0.597, j=19:0.127
      i=20 -> j=0:0.001, j=1:0.001, j=2:0.000, j=3:0.000, j=4:0.001, j=5:0.001, j=6:0.001, j=7:0.000, j=8:0.000, j=9:0.000, j=10:0.000, j=11:0.000, j=12:0.000, j=13:0.000, j=14:0.000, j=15:0.000, j=16:0.000, j=17:0.007, j=18:0.187, j=19:0.732, j=20:0.067
      i=21 -> j=0:0.001, j=1:0.001, j=2:0.001, j=3:0.000, j=4:0.001, j=5:0.001, j=6:0.001, j=7:0.001, j=8:0.000, j=9:0.000, j=10:0.000, j=11:0.000, j=12:0.001, j=13:0.001, j=14:0.000, j=15:0.000, j=16:0.000, j=17:0.000, j=18:0.003, j=19:0.349, j=20:0.577, j=21:0.062
      i=22 -> j=0:0.002, j=1:0.003, j=2:0.002, j=3:0.002, j=4:0.001, j=5:0.001, j=6:0.002, j=7:0.004, j=8:0.001, j=9:0.001, j=10:0.000, j=11:0.000, j=12:0.001, j=13:0.003, j=14:0.001, j=15:0.000, j=16:0.000, j=17:0.000, j=18:0.000, j=19:0.007, j=20:0.275, j=21:0.619, j=22:0.075
      i=23 -> j=0:0.001, j=1:0.001, j=2:0.001, j=3:0.001, j=4:0.001, j=5:0.000, j=6:0.001, j=7:0.001, j=8:0.001, j=9:0.001, j=10:0.000, j=11:0.000, j=12:0.000, j=13:0.000, j=14:0.001, j=15:0.000, j=16:0.000, j=17:0.000, j=18:0.000, j=19:0.000, j=20:0.005, j=21:0.333, j=22:0.527, j=23:0.125
      i=24 -> j=0:0.001, j=1:0.002, j=2:0.001, j=3:0.002, j=4:0.001, j=5:0.001, j=6:0.001, j=7:0.000, j=8:0.004, j=9:0.002, j=10:0.001, j=11:0.000, j=12:0.000, j=13:0.000, j=14:0.000, j=15:0.001, j=16:0.002, j=17:0.000, j=18:0.000, j=19:0.000, j=20:0.000, j=21:0.016, j=22:0.209, j=23:0.719, j=24:0.036
      i=25 -> j=0:0.001, j=1:0.002, j=2:0.000, j=3:0.003, j=4:0.003, j=5:0.003, j=6:0.003, j=7:0.000, j=8:0.004, j=9:0.002, j=10:0.003, j=11:0.001, j=12:0.000, j=13:0.000, j=14:0.000, j=15:0.001, j=16:0.005, j=17:0.001, j=18:0.000, j=19:0.000, j=20:0.000, j=21:0.001, j=22:0.010, j=23:0.480, j=24:0.410, j=25:0.066
      i=26 -> j=0:0.002, j=1:0.002, j=2:0.001, j=3:0.002, j=4:0.003, j=5:0.005, j=6:0.006, j=7:0.001, j=8:0.003, j=9:0.002, j=10:0.003, j=11:0.003, j=12:0.002, j=13:0.001, j=14:0.000, j=15:0.001, j=16:0.003, j=17:0.003, j=18:0.002, j=19:0.000, j=20:0.000, j=21:0.000, j=22:0.000, j=23:0.013, j=24:0.194, j=25:0.622, j=26:0.128
      i=27 -> j=0:0.002, j=1:0.002, j=2:0.001, j=3:0.001, j=4:0.001, j=5:0.003, j=6:0.004, j=7:0.002, j=8:0.002, j=9:0.001, j=10:0.001, j=11:0.002, j=12:0.003, j=13:0.002, j=14:0.000, j=15:0.000, j=16:0.001, j=17:0.001, j=18:0.003, j=19:0.001, j=20:0.000, j=21:0.000, j=22:0.000, j=23:0.000, j=24:0.004, j=25:0.330, j=26:0.554, j=27:0.079
      i=28 -> j=0:0.003, j=1:0.004, j=2:0.002, j=3:0.002, j=4:0.001, j=5:0.003, j=6:0.006, j=7:0.005, j=8:0.006, j=9:0.003, j=10:0.001, j=11:0.003, j=12:0.004, j=13:0.003, j=14:0.004, j=15:0.001, j=16:0.001, j=17:0.001, j=18:0.003, j=19:0.002, j=20:0.003, j=21:0.000, j=22:0.000, j=23:0.000, j=24:0.000, j=25:0.019, j=26:0.204, j=27:0.556, j=28:0.158
      i=29 -> j=0:0.001, j=1:0.001, j=2:0.001, j=3:0.001, j=4:0.000, j=5:0.001, j=6:0.001, j=7:0.001, j=8:0.002, j=9:0.001, j=10:0.001, j=11:0.001, j=12:0.001, j=13:0.001, j=14:0.002, j=15:0.001, j=16:0.000, j=17:0.000, j=18:0.000, j=19:0.000, j=20:0.001, j=21:0.001, j=22:0.000, j=23:0.000, j=24:0.000, j=25:0.000, j=26:0.005, j=27:0.197, j=28:0.555, j=29:0.225
      i=30 -> j=0:0.000, j=1:0.001, j=2:0.000, j=3:0.001, j=4:0.000, j=5:0.000, j=6:0.000, j=7:0.000, j=8:0.001, j=9:0.001, j=10:0.001, j=11:0.000, j=12:0.000, j=13:0.000, j=14:0.001, j=15:0.001, j=16:0.001, j=17:0.000, j=18:0.000, j=19:0.000, j=20:0.000, j=21:0.001, j=22:0.000, j=23:0.000, j=24:0.000, j=25:0.000, j=26:0.000, j=27:0.002, j=28:0.185, j=29:0.741, j=30:0.059
      i=31 -> j=0:0.001, j=1:0.001, j=2:0.001, j=3:0.002, j=4:0.001, j=5:0.001, j=6:0.001, j=7:0.001, j=8:0.001, j=9:0.002, j=10:0.002, j=11:0.002, j=12:0.001, j=13:0.001, j=14:0.001, j=15:0.001, j=16:0.003, j=17:0.001, j=18:0.001, j=19:0.000, j=20:0.000, j=21:0.001, j=22:0.001, j=23:0.001, j=24:0.000, j=25:0.000, j=26:0.000, j=27:0.000, j=28:0.004, j=29:0.309, j=30:0.509, j=31:0.149
    Average attention per distance:
      d=0:0.140, d=1:0.611, d=2:0.267


======================================================================
QK Property Verification (Raw Scores, before Softmax)
======================================================================
Recurrence order init_len=2, num test sequences=1

--- [P1] Long-distance Orthogonality Verification ---
Ideal: raw_score mean ≈ 0 and small std when d > init_len

  Layer 0, Head 0:
    d= 1 (effective): mean= 26.752, std= 0.401, n=31
    d= 2 (effective): mean= 22.895, std= 0.430, n=30
    d>2 (long-distance): mean= -2.186, std= 5.100, n=435

  Layer 1, Head 0:
    d= 1 (effective): mean=  6.521, std= 0.633, n=31
    d= 2 (effective): mean=  5.686, std= 0.468, n=30
    d>2 (long-distance): mean= -0.694, std= 1.686, n=435

--- [P2] Time-homogeneous Verification ---
Ideal: CV of raw_score across positions i ≈ 0 for fixed distance d
(CV = std / |mean|, smaller = more constant)

  Layer 0, Head 0:
    d= 1: mean= 26.752, std= 0.401, CV=0.015, n=31
    d= 2: mean= 22.895, std= 0.430, CV=0.019, n=30

  Layer 1, Head 0:
    d= 1: mean=  6.521, std= 0.633, CV=0.097, n=31
    d= 2: mean=  5.686, std= 0.468, CV=0.082, n=30

======================================================================
QK Property Verification Completed
======================================================================
