=== Experiment: mixed_label_d128l1_r8_e55 ===
Time: 2026-06-25T12:38:48.179981
Task type: mixed_ab
Merged config: {
  "P": 53,
  "TASK": "mixed_ab",
  "NUM_MASK": 0,
  "A": 1,
  "B": 1,
  "AB_PAIRS": [
    [
      1,
      1
    ],
    [
      1,
      2
    ]
  ],
  "D_MODEL": 128,
  "N_HEAD": 1,
  "N_LAYER": 1,
  "BATCH_SIZE": 128,
  "EPOCHS": 10000,
  "LR": 0.0003,
  "SAVE_PATH": "models/mixed_label_d128l1_r8_e55.pth",
  "USE_GREEDY_GENERATE": true,
  "USE_LEARNABLE_PE": false,
  "MLP_RATIO": 8,
  "TRAIN_LEN": 16,
  "OOD_LEN": 32,
  "DROPOUT": 0.0,
  "TARGET_INIT_COVERAGE": 0.5,
  "MAX_UNIQUE_RATIO": 0.5,
  "WEIGHT_DECAY": 1,
  "ENTROPY_PENALTY_WEIGHT": 0.0,
  "FIRST_TASK_WEIGHT": 1.0,
  "RANDOM_SEED": 42,
  "EVAL_INTERVAL": 20,
  "EARLY_STOP_NO_IMPROVE": 1000,
  "EARLY_STOP_ACCURACY": 0.99,
  "USE_AB_TAG": true,
  "USE_CONDITIONAL_WTE": false,
  "COND_WTE_SHARED_RATIO": 0.0,
  "MIXED_AB_MAX_UNIQUE_RATIOS": [
    0.55,
    0.55
  ]
}
--- output ---
Using device: cuda

[Dataset] Mixed mode: generated 3180 + 2438 samples, length 16
AB parameter pairs: [(1, 1), (1, 2)]
  - AB=(1,1): train 1620 | test 1189 | exposed ~57.7%
  - AB=(1,2): train 1560 | test 1249 | exposed ~55.5%
--------------------------------------------------
[Model config] block_size: 32, train length: 16
[Number theory] AB parameter pairs: [(1, 1), (1, 2)]


Model parameters: 0.35M

Start training...
Epoch   0 | Train: Loss=4.2454 Acc=3.2% | Test: Acc=0.3% | Best=0.3%(@0)
  from x2: 0.01 0.00 0.00 0.00 0.00 0.00 0.00 0.00 0.00 0.00 0.00 0.00 0.00 0.00
  per-rule acc: 0.00 0.00
Epoch  20 | Train: Loss=0.9506 Acc=94.2% | Test: Acc=2.5% | Best=2.5%(@20)
  from x2: 0.03 0.03 0.02 0.03 0.03 0.03 0.03 0.02 0.02 0.02 0.02 0.02 0.02 0.02
  per-rule acc: 0.03 0.02
Epoch  40 | Train: Loss=0.2072 Acc=98.5% | Test: Acc=2.5% | Best=2.5%(@20)
  from x2: 0.02 0.03 0.02 0.03 0.02 0.03 0.03 0.03 0.03 0.03 0.03 0.03 0.03 0.03
  per-rule acc: 0.03 0.02
Epoch  60 | Train: Loss=0.1038 Acc=99.2% | Test: Acc=2.5% | Best=2.5%(@20)
  from x2: 0.02 0.02 0.02 0.02 0.02 0.03 0.02 0.03 0.02 0.02 0.02 0.03 0.02 0.03
  per-rule acc: 0.03 0.02
Epoch  80 | Train: Loss=0.0719 Acc=99.5% | Test: Acc=2.5% | Best=2.5%(@20)
  from x2: 0.02 0.03 0.03 0.03 0.02 0.02 0.02 0.03 0.03 0.03 0.02 0.02 0.02 0.03
  per-rule acc: 0.03 0.02
Epoch 100 | Train: Loss=0.0828 Acc=99.7% | Test: Acc=2.6% | Best=2.6%(@100)
  from x2: 0.03 0.03 0.03 0.03 0.03 0.03 0.03 0.03 0.03 0.03 0.03 0.03 0.03 0.03
  per-rule acc: 0.03 0.02
Epoch 120 | Train: Loss=0.0759 Acc=99.6% | Test: Acc=2.9% | Best=2.9%(@120)
  from x2: 0.03 0.03 0.03 0.03 0.03 0.03 0.03 0.03 0.03 0.03 0.03 0.03 0.03 0.03
  per-rule acc: 0.03 0.03
Epoch 140 | Train: Loss=0.0719 Acc=99.7% | Test: Acc=3.0% | Best=3.0%(@140)
  from x2: 0.03 0.03 0.03 0.03 0.03 0.03 0.03 0.03 0.03 0.03 0.03 0.03 0.03 0.03
  per-rule acc: 0.04 0.03
Epoch 160 | Train: Loss=0.0472 Acc=99.8% | Test: Acc=3.1% | Best=3.1%(@160)
  from x2: 0.03 0.03 0.03 0.03 0.03 0.03 0.03 0.03 0.03 0.03 0.03 0.03 0.03 0.03
  per-rule acc: 0.04 0.03
Epoch 180 | Train: Loss=0.0597 Acc=99.9% | Test: Acc=3.3% | Best=3.3%(@180)
  from x2: 0.03 0.03 0.03 0.03 0.03 0.03 0.03 0.03 0.03 0.03 0.03 0.03 0.03 0.03
  per-rule acc: 0.04 0.03
Epoch 200 | Train: Loss=0.0628 Acc=99.7% | Test: Acc=3.4% | Best=3.4%(@200)
  from x2: 0.03 0.04 0.03 0.03 0.03 0.03 0.03 0.03 0.03 0.03 0.03 0.03 0.03 0.03
  per-rule acc: 0.04 0.03
Epoch 220 | Train: Loss=0.0579 Acc=99.8% | Test: Acc=3.8% | Best=3.8%(@220)
  from x2: 0.04 0.04 0.04 0.04 0.04 0.04 0.04 0.04 0.04 0.04 0.04 0.04 0.04 0.04
  per-rule acc: 0.05 0.03
Epoch 240 | Train: Loss=0.0400 Acc=99.8% | Test: Acc=4.1% | Best=4.1%(@240)
  from x2: 0.04 0.04 0.04 0.04 0.04 0.04 0.04 0.04 0.04 0.04 0.04 0.04 0.04 0.04
  per-rule acc: 0.05 0.04
Epoch 260 | Train: Loss=0.0542 Acc=99.8% | Test: Acc=3.8% | Best=4.1%(@240)
  from x2: 0.04 0.04 0.04 0.04 0.04 0.04 0.04 0.04 0.04 0.04 0.04 0.04 0.04 0.04
  per-rule acc: 0.05 0.03
Epoch 280 | Train: Loss=0.0550 Acc=99.8% | Test: Acc=4.1% | Best=4.1%(@240)
  from x2: 0.04 0.04 0.04 0.04 0.04 0.04 0.04 0.04 0.04 0.04 0.04 0.04 0.04 0.04
  per-rule acc: 0.05 0.03
Epoch 300 | Train: Loss=0.0391 Acc=99.8% | Test: Acc=4.5% | Best=4.5%(@300)
  from x2: 0.04 0.04 0.04 0.04 0.05 0.05 0.05 0.05 0.04 0.05 0.05 0.05 0.05 0.05
  per-rule acc: 0.05 0.04
Epoch 320 | Train: Loss=0.0506 Acc=99.8% | Test: Acc=4.4% | Best=4.5%(@300)
  from x2: 0.04 0.04 0.04 0.04 0.04 0.05 0.04 0.04 0.04 0.04 0.05 0.05 0.05 0.04
  per-rule acc: 0.05 0.04
Epoch 340 | Train: Loss=0.0479 Acc=99.8% | Test: Acc=4.9% | Best=4.9%(@340)
  from x2: 0.05 0.05 0.05 0.05 0.05 0.05 0.05 0.05 0.05 0.05 0.05 0.05 0.05 0.05
  per-rule acc: 0.06 0.04
Epoch 360 | Train: Loss=0.0474 Acc=99.7% | Test: Acc=4.8% | Best=4.9%(@340)
  from x2: 0.05 0.05 0.05 0.05 0.05 0.05 0.05 0.05 0.05 0.05 0.05 0.05 0.05 0.05
  per-rule acc: 0.06 0.04
Epoch 380 | Train: Loss=0.0362 Acc=99.8% | Test: Acc=5.8% | Best=5.8%(@380)
  from x2: 0.05 0.06 0.06 0.06 0.06 0.06 0.06 0.06 0.06 0.06 0.06 0.06 0.06 0.06
  per-rule acc: 0.07 0.04
Epoch 400 | Train: Loss=0.0514 Acc=99.8% | Test: Acc=5.9% | Best=5.9%(@400)
  from x2: 0.06 0.06 0.06 0.06 0.06 0.06 0.06 0.06 0.06 0.06 0.06 0.06 0.06 0.06
  per-rule acc: 0.07 0.04
Epoch 420 | Train: Loss=0.0443 Acc=99.8% | Test: Acc=6.6% | Best=6.6%(@420)
  from x2: 0.06 0.06 0.06 0.06 0.07 0.07 0.07 0.07 0.07 0.07 0.07 0.07 0.07 0.06
  per-rule acc: 0.08 0.05
Epoch 440 | Train: Loss=0.0337 Acc=99.9% | Test: Acc=7.4% | Best=7.4%(@440)
  from x2: 0.08 0.07 0.07 0.07 0.07 0.07 0.07 0.08 0.08 0.08 0.08 0.08 0.08 0.08
  per-rule acc: 0.09 0.06
Epoch 460 | Train: Loss=0.0417 Acc=99.9% | Test: Acc=8.8% | Best=8.8%(@460)
  from x2: 0.09 0.09 0.09 0.09 0.09 0.09 0.09 0.09 0.09 0.09 0.09 0.09 0.09 0.08
  per-rule acc: 0.11 0.07
Epoch 480 | Train: Loss=0.0287 Acc=99.9% | Test: Acc=11.9% | Best=11.9%(@480)
  from x2: 0.12 0.12 0.12 0.12 0.12 0.12 0.12 0.12 0.12 0.12 0.12 0.12 0.12 0.12
  per-rule acc: 0.14 0.10
Epoch 500 | Train: Loss=0.0151 Acc=100.0% | Test: Acc=16.7% | Best=16.7%(@500)
  from x2: 0.17 0.16 0.16 0.17 0.17 0.17 0.17 0.17 0.17 0.17 0.17 0.17 0.17 0.16
  per-rule acc: 0.19 0.15
Epoch 520 | Train: Loss=0.0219 Acc=100.0% | Test: Acc=24.6% | Best=24.6%(@520)
  from x2: 0.25 0.24 0.25 0.25 0.25 0.25 0.25 0.25 0.25 0.25 0.25 0.24 0.24 0.24
  per-rule acc: 0.28 0.22
Epoch 540 | Train: Loss=0.0127 Acc=100.0% | Test: Acc=35.3% | Best=35.3%(@540)
  from x2: 0.34 0.36 0.36 0.36 0.36 0.36 0.36 0.36 0.35 0.35 0.35 0.35 0.34 0.34
  per-rule acc: 0.38 0.32
Epoch 560 | Train: Loss=0.0100 Acc=100.0% | Test: Acc=50.4% | Best=50.4%(@560)
  from x2: 0.48 0.52 0.51 0.51 0.51 0.51 0.51 0.50 0.50 0.50 0.50 0.50 0.50 0.49
  per-rule acc: 0.55 0.46
Epoch 580 | Train: Loss=0.0080 Acc=100.0% | Test: Acc=68.7% | Best=68.7%(@580)
  from x2: 0.68 0.71 0.70 0.70 0.70 0.69 0.69 0.69 0.69 0.69 0.68 0.68 0.67 0.67
  per-rule acc: 0.75 0.63
Epoch 600 | Train: Loss=0.0065 Acc=100.0% | Test: Acc=83.4% | Best=83.4%(@600)
  from x2: 0.84 0.85 0.84 0.84 0.84 0.84 0.84 0.84 0.83 0.83 0.83 0.83 0.82 0.82
  per-rule acc: 0.89 0.78
Epoch 620 | Train: Loss=0.0052 Acc=100.0% | Test: Acc=93.0% | Best=93.0%(@620)
  from x2: 0.93 0.94 0.94 0.93 0.94 0.93 0.93 0.93 0.93 0.93 0.93 0.92 0.92 0.91
  per-rule acc: 0.96 0.90
Epoch 640 | Train: Loss=0.0043 Acc=100.0% | Test: Acc=97.3% | Best=97.3%(@640)
  from x2: 0.98 0.98 0.98 0.98 0.98 0.98 0.98 0.97 0.97 0.97 0.97 0.97 0.97 0.96
  per-rule acc: 0.98 0.97
Epoch 660 | Train: Loss=0.0035 Acc=100.0% | Test: Acc=99.2% | Best=99.2%(@660)
  from x2: 0.99 0.99 0.99 0.99 0.99 0.99 0.99 0.99 0.99 0.99 0.99 0.99 0.99 0.99
  per-rule acc: 0.99 0.99
[Early stop] Epoch 660: test set reached high accuracy

==================================================
Saving model...
[OK] Model saved to: /home/cxm/ai/test0625-exposure/models/mixed_label_d128l1_r8_e55.pth
  File size: 1364.7 KB
  Best test accuracy: 99.25%

==================================================
Final generation test (given first two items, AB generates 3rd as prompt, validate from 4th)
==================================================

--- AB pair 1: (1, 1) ---

--- Statistics for AB=(1,1) ---
Exposed    samples:  1620 | In-dist: 21060/21060 (100.0%) | OOD: 19877/25920 ( 76.7%)
Unexposed  samples:  1189 | In-dist: 15221/15457 ( 98.5%) | OOD: 13097/19024 ( 68.8%)

--- AB pair 2: (1, 2) ---

--- Statistics for AB=(1,2) ---
Exposed    samples:  1560 | In-dist: 20280/20280 (100.0%) | OOD: 11880/24960 ( 47.6%)
Unexposed  samples:  1249 | In-dist: 16199/16237 ( 99.8%) | OOD:  8093/19984 ( 40.5%)

--- Return code: 0 ---

======================================================================
Attention Analysis
======================================================================
Model config: addition (default), p=53
Best test accuracy: 0.9924997070198055
Training epochs: 660

Random test sequence 1/5 (length 32): [42, 28, 17, 45, 9, 1, 10, 11, 21, 32, 0, 32, 32, 11, 43, 1, 44, 45, 36, 28]...

======================================================================
Attention Layer Training Result Summary
======================================================================
Input sequence: [42, 28, 17, 45, 9, 1, 10, 11, 21, 32, 0, 32, 32, 11, 43, 1, 44, 45, 36, 28, 11, 39, 50, 36, 33, 16, 49, 12, 8, 20, 28, 48]

--- Layer 0 ---
  Head 0: Entropy=0.637
    Attention coefficients from each query position to previous positions:
      i= 0 -> j=0:1.000
      i= 1 -> j=0:0.090, j=1:0.910
      i= 2 -> j=0:0.008, j=1:0.094, j=2:0.897
      i= 3 -> j=0:0.001, j=1:0.007, j=2:0.086, j=3:0.906
      i= 4 -> j=0:0.001, j=1:0.002, j=2:0.009, j=3:0.094, j=4:0.895
      i= 5 -> j=0:0.001, j=1:0.001, j=2:0.001, j=3:0.007, j=4:0.090, j=5:0.900
      i= 6 -> j=0:0.001, j=1:0.001, j=2:0.001, j=3:0.001, j=4:0.007, j=5:0.095, j=6:0.894
      i= 7 -> j=0:0.001, j=1:0.001, j=2:0.001, j=3:0.001, j=4:0.001, j=5:0.008, j=6:0.088, j=7:0.899
      i= 8 -> j=0:0.000, j=1:0.001, j=2:0.001, j=3:0.001, j=4:0.001, j=5:0.001, j=6:0.006, j=7:0.090, j=8:0.900
      i= 9 -> j=0:0.000, j=1:0.000, j=2:0.001, j=3:0.001, j=4:0.001, j=5:0.001, j=6:0.001, j=7:0.007, j=8:0.088, j=9:0.899
      i=10 -> j=0:0.000, j=1:0.000, j=2:0.001, j=3:0.001, j=4:0.001, j=5:0.001, j=6:0.000, j=7:0.001, j=8:0.007, j=9:0.075, j=10:0.913
      i=11 -> j=0:0.000, j=1:0.000, j=2:0.000, j=3:0.000, j=4:0.001, j=5:0.001, j=6:0.001, j=7:0.000, j=8:0.001, j=9:0.008, j=10:0.171, j=11:0.816
      i=12 -> j=0:0.001, j=1:0.000, j=2:0.000, j=3:0.000, j=4:0.001, j=5:0.001, j=6:0.001, j=7:0.001, j=8:0.001, j=9:0.001, j=10:0.017, j=11:0.097, j=12:0.881
      i=13 -> j=0:0.001, j=1:0.001, j=2:0.001, j=3:0.000, j=4:0.000, j=5:0.001, j=6:0.001, j=7:0.001, j=8:0.001, j=9:0.001, j=10:0.003, j=11:0.008, j=12:0.090, j=13:0.893
      i=14 -> j=0:0.001, j=1:0.001, j=2:0.001, j=3:0.000, j=4:0.000, j=5:0.000, j=6:0.000, j=7:0.001, j=8:0.001, j=9:0.001, j=10:0.001, j=11:0.001, j=12:0.007, j=13:0.094, j=14:0.890
      i=15 -> j=0:0.001, j=1:0.001, j=2:0.001, j=3:0.000, j=4:0.000, j=5:0.000, j=6:0.000, j=7:0.000, j=8:0.001, j=9:0.001, j=10:0.001, j=11:0.001, j=12:0.001, j=13:0.007, j=14:0.090, j=15:0.895
      i=16 -> j=0:0.002, j=1:0.001, j=2:0.001, j=3:0.001, j=4:0.001, j=5:0.000, j=6:0.000, j=7:0.000, j=8:0.001, j=9:0.001, j=10:0.001, j=11:0.001, j=12:0.001, j=13:0.001, j=14:0.008, j=15:0.089, j=16:0.891
      i=17 -> j=0:0.002, j=1:0.001, j=2:0.001, j=3:0.001, j=4:0.001, j=5:0.001, j=6:0.000, j=7:0.000, j=8:0.000, j=9:0.000, j=10:0.001, j=11:0.001, j=12:0.001, j=13:0.000, j=14:0.001, j=15:0.007, j=16:0.085, j=17:0.895
      i=18 -> j=0:0.005, j=1:0.003, j=2:0.002, j=3:0.001, j=4:0.001, j=5:0.001, j=6:0.001, j=7:0.000, j=8:0.000, j=9:0.000, j=10:0.001, j=11:0.001, j=12:0.001, j=13:0.001, j=14:0.001, j=15:0.001, j=16:0.008, j=17:0.092, j=18:0.879
      i=19 -> j=0:0.008, j=1:0.005, j=2:0.003, j=3:0.001, j=4:0.001, j=5:0.001, j=6:0.001, j=7:0.001, j=8:0.000, j=9:0.000, j=10:0.000, j=11:0.001, j=12:0.001, j=13:0.001, j=14:0.001, j=15:0.001, j=16:0.001, j=17:0.007, j=18:0.084, j=19:0.883
      i=20 -> j=0:0.011, j=1:0.008, j=2:0.006, j=3:0.003, j=4:0.002, j=5:0.001, j=6:0.001, j=7:0.001, j=8:0.001, j=9:0.000, j=10:0.000, j=11:0.000, j=12:0.001, j=13:0.001, j=14:0.001, j=15:0.001, j=16:0.001, j=17:0.001, j=18:0.008, j=19:0.090, j=20:0.863
      i=21 -> j=0:0.012, j=1:0.010, j=2:0.009, j=3:0.005, j=4:0.003, j=5:0.001, j=6:0.001, j=7:0.001, j=8:0.001, j=9:0.001, j=10:0.000, j=11:0.000, j=12:0.000, j=13:0.001, j=14:0.001, j=15:0.001, j=16:0.001, j=17:0.001, j=18:0.001, j=19:0.008, j=20:0.094, j=21:0.849
      i=22 -> j=0:0.012, j=1:0.010, j=2:0.010, j=3:0.007, j=4:0.005, j=5:0.002, j=6:0.001, j=7:0.001, j=8:0.001, j=9:0.001, j=10:0.001, j=11:0.000, j=12:0.000, j=13:0.000, j=14:0.001, j=15:0.001, j=16:0.001, j=17:0.001, j=18:0.001, j=19:0.001, j=20:0.007, j=21:0.085, j=22:0.851
      i=23 -> j=0:0.016, j=1:0.013, j=2:0.011, j=3:0.010, j=4:0.008, j=5:0.005, j=6:0.002, j=7:0.001, j=8:0.001, j=9:0.001, j=10:0.001, j=11:0.001, j=12:0.000, j=13:0.000, j=14:0.000, j=15:0.001, j=16:0.001, j=17:0.001, j=18:0.001, j=19:0.001, j=20:0.001, j=21:0.007, j=22:0.085, j=23:0.831
      i=24 -> j=0:0.022, j=1:0.017, j=2:0.013, j=3:0.010, j=4:0.010, j=5:0.008, j=6:0.005, j=7:0.003, j=8:0.002, j=9:0.001, j=10:0.001, j=11:0.001, j=12:0.001, j=13:0.000, j=14:0.000, j=15:0.000, j=16:0.001, j=17:0.001, j=18:0.001, j=19:0.001, j=20:0.001, j=21:0.001, j=22:0.007, j=23:0.081, j=24:0.816
      i=25 -> j=0:0.024, j=1:0.022, j=2:0.018, j=3:0.013, j=4:0.011, j=5:0.010, j=6:0.007, j=7:0.005, j=8:0.003, j=9:0.001, j=10:0.001, j=11:0.001, j=12:0.001, j=13:0.001, j=14:0.000, j=15:0.000, j=16:0.000, j=17:0.001, j=18:0.001, j=19:0.001, j=20:0.001, j=21:0.001, j=22:0.001, j=23:0.007, j=24:0.074, j=25:0.795
      i=26 -> j=0:0.027, j=1:0.028, j=2:0.024, j=3:0.017, j=4:0.014, j=5:0.011, j=6:0.009, j=7:0.008, j=8:0.005, j=9:0.002, j=10:0.002, j=11:0.001, j=12:0.001, j=13:0.001, j=14:0.001, j=15:0.000, j=16:0.000, j=17:0.000, j=18:0.001, j=19:0.001, j=20:0.001, j=21:0.001, j=22:0.001, j=23:0.001, j=24:0.007, j=25:0.078, j=26:0.760
      i=27 -> j=0:0.029, j=1:0.029, j=2:0.028, j=3:0.023, j=4:0.018, j=5:0.012, j=6:0.010, j=7:0.010, j=8:0.008, j=9:0.005, j=10:0.003, j=11:0.001, j=12:0.001, j=13:0.001, j=14:0.001, j=15:0.001, j=16:0.000, j=17:0.000, j=18:0.000, j=19:0.001, j=20:0.001, j=21:0.001, j=22:0.001, j=23:0.001, j=24:0.001, j=25:0.007, j=26:0.077, j=27:0.732
      i=28 -> j=0:0.028, j=1:0.027, j=2:0.025, j=3:0.023, j=4:0.021, j=5:0.015, j=6:0.011, j=7:0.009, j=8:0.008, j=9:0.006, j=10:0.004, j=11:0.002, j=12:0.001, j=13:0.001, j=14:0.001, j=15:0.001, j=16:0.001, j=17:0.000, j=18:0.000, j=19:0.000, j=20:0.000, j=21:0.001, j=22:0.001, j=23:0.001, j=24:0.000, j=25:0.001, j=26:0.006, j=27:0.067, j=28:0.741
      i=29 -> j=0:0.045, j=1:0.036, j=2:0.027, j=3:0.024, j=4:0.025, j=5:0.020, j=6:0.015, j=7:0.011, j=8:0.009, j=9:0.008, j=10:0.006, j=11:0.004, j=12:0.002, j=13:0.001, j=14:0.001, j=15:0.001, j=16:0.001, j=17:0.000, j=18:0.000, j=19:0.000, j=20:0.000, j=21:0.000, j=22:0.001, j=23:0.001, j=24:0.000, j=25:0.001, j=26:0.001, j=27:0.006, j=28:0.070, j=29:0.683
      i=30 -> j=0:0.051, j=1:0.049, j=2:0.033, j=3:0.023, j=4:0.022, j=5:0.019, j=6:0.018, j=7:0.012, j=8:0.010, j=9:0.008, j=10:0.007, j=11:0.005, j=12:0.003, j=13:0.002, j=14:0.001, j=15:0.001, j=16:0.001, j=17:0.000, j=18:0.000, j=19:0.000, j=20:0.000, j=21:0.000, j=22:0.000, j=23:0.001, j=24:0.001, j=25:0.001, j=26:0.000, j=27:0.001, j=28:0.006, j=29:0.064, j=30:0.661
      i=31 -> j=0:0.052, j=1:0.060, j=2:0.046, j=3:0.030, j=4:0.026, j=5:0.022, j=6:0.022, j=7:0.017, j=8:0.014, j=9:0.010, j=10:0.008, j=11:0.007, j=12:0.005, j=13:0.003, j=14:0.002, j=15:0.001, j=16:0.001, j=17:0.001, j=18:0.001, j=19:0.000, j=20:0.000, j=21:0.000, j=22:0.000, j=23:0.000, j=24:0.000, j=25:0.001, j=26:0.001, j=27:0.001, j=28:0.001, j=29:0.005, j=30:0.065, j=31:0.599
    Average attention per distance:
      d=0:0.847, d=1:0.088, d=22:0.012, d=23:0.016, d=24:0.021, d=25:0.024, d=26:0.025, d=27:0.026
      d=28:0.032, d=29:0.047, d=30:0.056, d=31:0.052


======================================================================
QK Property Verification (Raw Scores, before Softmax)
======================================================================
Recurrence order init_len=2, num test sequences=1

--- [P1] Long-distance Orthogonality Verification ---
Ideal: raw_score mean ≈ 0 and small std when d > init_len

  Layer 0, Head 0:
    d= 1 (effective): mean=  1.120, std= 0.160, n=31
    d= 2 (effective): mean= -1.342, std= 0.166, n=30
    d>2 (long-distance): mean= -2.985, std= 1.405, n=435

--- [P2] Time-homogeneous Verification ---
Ideal: CV of raw_score across positions i ≈ 0 for fixed distance d
(CV = std / |mean|, smaller = more constant)

  Layer 0, Head 0:
    d= 1: mean=  1.120, std= 0.160, CV=0.143, n=31
    d= 2: mean= -1.342, std= 0.166, CV=0.123, n=30

======================================================================
QK Property Verification Completed
======================================================================
