=== Experiment: mixed_cond_d128l1_r8_e70 ===
Time: 2026-06-25T11:35:19.704345
Task type: mixed_ab
Merged config: {
  "P": 53,
  "TASK": "mixed_ab",
  "NUM_MASK": 0,
  "A": 1,
  "B": 1,
  "AB_PAIRS": [
    [
      1,
      1
    ],
    [
      1,
      2
    ]
  ],
  "D_MODEL": 128,
  "N_HEAD": 1,
  "N_LAYER": 1,
  "BATCH_SIZE": 128,
  "EPOCHS": 10000,
  "LR": 0.0003,
  "SAVE_PATH": "models/mixed_cond_d128l1_r8_e70.pth",
  "USE_GREEDY_GENERATE": true,
  "USE_LEARNABLE_PE": false,
  "MLP_RATIO": 8,
  "TRAIN_LEN": 16,
  "OOD_LEN": 32,
  "DROPOUT": 0.0,
  "TARGET_INIT_COVERAGE": 0.5,
  "MAX_UNIQUE_RATIO": 0.5,
  "WEIGHT_DECAY": 1,
  "ENTROPY_PENALTY_WEIGHT": 0.0,
  "FIRST_TASK_WEIGHT": 1.0,
  "RANDOM_SEED": 42,
  "EVAL_INTERVAL": 20,
  "EARLY_STOP_NO_IMPROVE": 1000,
  "EARLY_STOP_ACCURACY": 0.99,
  "USE_AB_TAG": false,
  "USE_CONDITIONAL_WTE": true,
  "COND_WTE_SHARED_RATIO": 0.0,
  "MIXED_AB_MAX_UNIQUE_RATIOS": [
    0.7,
    0.7
  ]
}
--- output ---
Using device: cuda

[Dataset] Mixed mode: generated 4030 + 1588 samples, length 16
AB parameter pairs: [(1, 1), (1, 2)]
  - AB=(1,1): train 2052 | test 757 | exposed ~73.1%
  - AB=(1,2): train 1978 | test 831 | exposed ~70.4%
--------------------------------------------------
[Model config] block_size: 32, train length: 16
[Number theory] AB parameter pairs: [(1, 1), (1, 2)]


Model parameters: 0.36M

Start training...
Epoch   0 | Train: Loss=4.1801 Acc=2.4% | Test: Acc=0.1% | Best=0.1%(@0)
  from x3: 0.00 0.00 0.00 0.00 0.00 0.00 0.00 0.00 0.00 0.00 0.00 0.00 0.00
  per-rule acc: 0.00 0.00
Epoch  20 | Train: Loss=0.7887 Acc=96.3% | Test: Acc=0.7% | Best=0.7%(@20)
  from x3: 0.01 0.01 0.01 0.01 0.01 0.01 0.01 0.01 0.01 0.00 0.00 0.01 0.00
  per-rule acc: 0.01 0.00
Epoch  40 | Train: Loss=0.1680 Acc=98.6% | Test: Acc=1.4% | Best=1.4%(@40)
  from x3: 0.02 0.01 0.01 0.01 0.01 0.01 0.01 0.01 0.01 0.01 0.01 0.01 0.01
  per-rule acc: 0.02 0.01
Epoch  60 | Train: Loss=0.0957 Acc=98.9% | Test: Acc=1.7% | Best=1.7%(@60)
  from x3: 0.02 0.02 0.02 0.02 0.02 0.02 0.02 0.02 0.02 0.02 0.02 0.02 0.02
  per-rule acc: 0.02 0.02
Epoch  80 | Train: Loss=0.0681 Acc=99.2% | Test: Acc=1.9% | Best=1.9%(@80)
  from x3: 0.02 0.02 0.02 0.02 0.02 0.02 0.02 0.02 0.02 0.02 0.02 0.02 0.02
  per-rule acc: 0.02 0.02
Epoch 100 | Train: Loss=0.0514 Acc=99.5% | Test: Acc=2.1% | Best=2.1%(@100)
  from x3: 0.02 0.02 0.02 0.02 0.02 0.02 0.02 0.02 0.02 0.02 0.02 0.02 0.02
  per-rule acc: 0.02 0.02
Epoch 120 | Train: Loss=0.0418 Acc=99.6% | Test: Acc=2.4% | Best=2.4%(@120)
  from x3: 0.02 0.02 0.02 0.02 0.02 0.02 0.02 0.02 0.02 0.02 0.02 0.02 0.02
  per-rule acc: 0.02 0.03
Epoch 140 | Train: Loss=0.0361 Acc=99.7% | Test: Acc=2.6% | Best=2.6%(@140)
  from x3: 0.03 0.03 0.03 0.03 0.03 0.03 0.03 0.03 0.03 0.03 0.03 0.03 0.03
  per-rule acc: 0.02 0.03
Epoch 160 | Train: Loss=0.0315 Acc=99.8% | Test: Acc=3.2% | Best=3.2%(@160)
  from x3: 0.04 0.03 0.03 0.03 0.03 0.03 0.03 0.03 0.03 0.03 0.03 0.03 0.03
  per-rule acc: 0.02 0.04
Epoch 180 | Train: Loss=0.0278 Acc=99.8% | Test: Acc=5.9% | Best=5.9%(@180)
  from x3: 0.06 0.06 0.06 0.06 0.06 0.06 0.06 0.06 0.06 0.06 0.06 0.06 0.06
  per-rule acc: 0.03 0.09
Epoch 200 | Train: Loss=0.0323 Acc=99.8% | Test: Acc=10.7% | Best=10.7%(@200)
  from x3: 0.11 0.10 0.11 0.11 0.11 0.11 0.11 0.11 0.11 0.11 0.11 0.11 0.11
  per-rule acc: 0.04 0.16
Epoch 220 | Train: Loss=0.0237 Acc=99.9% | Test: Acc=18.6% | Best=18.6%(@220)
  from x3: 0.20 0.18 0.18 0.18 0.18 0.18 0.18 0.18 0.18 0.18 0.19 0.19 0.19
  per-rule acc: 0.05 0.31
Epoch 240 | Train: Loss=0.1126 Acc=99.8% | Test: Acc=29.4% | Best=29.4%(@240)
  from x3: 0.31 0.30 0.29 0.29 0.29 0.29 0.29 0.29 0.29 0.29 0.29 0.29 0.29
  per-rule acc: 0.06 0.51
Epoch 260 | Train: Loss=0.0225 Acc=99.9% | Test: Acc=50.0% | Best=50.0%(@260)
  from x3: 0.51 0.50 0.50 0.50 0.50 0.50 0.50 0.50 0.50 0.50 0.50 0.50 0.50
  per-rule acc: 0.11 0.85
Epoch 280 | Train: Loss=0.0225 Acc=99.9% | Test: Acc=56.6% | Best=56.6%(@280)
  from x3: 0.57 0.57 0.57 0.57 0.57 0.57 0.56 0.56 0.56 0.56 0.57 0.57 0.57
  per-rule acc: 0.16 0.93
Epoch 300 | Train: Loss=0.0211 Acc=99.9% | Test: Acc=62.6% | Best=62.6%(@300)
  from x3: 0.62 0.63 0.62 0.63 0.63 0.63 0.63 0.63 0.63 0.63 0.63 0.63 0.63
  per-rule acc: 0.23 0.98
Epoch 320 | Train: Loss=0.0202 Acc=99.9% | Test: Acc=65.7% | Best=65.7%(@320)
  from x3: 0.66 0.66 0.66 0.66 0.66 0.66 0.66 0.66 0.65 0.66 0.65 0.65 0.65
  per-rule acc: 0.28 1.00
Epoch 340 | Train: Loss=0.0166 Acc=99.9% | Test: Acc=69.6% | Best=69.6%(@340)
  from x3: 0.69 0.70 0.70 0.70 0.70 0.70 0.70 0.70 0.70 0.70 0.69 0.69 0.69
  per-rule acc: 0.36 1.00
Epoch 360 | Train: Loss=0.0168 Acc=99.9% | Test: Acc=73.2% | Best=73.2%(@360)
  from x3: 0.73 0.73 0.73 0.73 0.73 0.73 0.73 0.73 0.73 0.73 0.73 0.73 0.73
  per-rule acc: 0.44 1.00
Epoch 380 | Train: Loss=0.0154 Acc=99.9% | Test: Acc=77.1% | Best=77.1%(@380)
  from x3: 0.76 0.77 0.77 0.77 0.77 0.77 0.77 0.77 0.77 0.77 0.77 0.77 0.77
  per-rule acc: 0.52 1.00
Epoch 400 | Train: Loss=0.0149 Acc=99.9% | Test: Acc=79.5% | Best=79.5%(@400)
  from x3: 0.79 0.80 0.79 0.79 0.79 0.79 0.80 0.80 0.80 0.79 0.79 0.79 0.79
  per-rule acc: 0.57 1.00
Epoch 420 | Train: Loss=0.0138 Acc=99.9% | Test: Acc=82.8% | Best=82.8%(@420)
  from x3: 0.82 0.83 0.83 0.83 0.83 0.83 0.83 0.83 0.83 0.83 0.83 0.83 0.83
  per-rule acc: 0.64 1.00
Epoch 440 | Train: Loss=0.0117 Acc=100.0% | Test: Acc=86.0% | Best=86.0%(@440)
  from x3: 0.85 0.86 0.86 0.86 0.86 0.86 0.86 0.86 0.86 0.86 0.86 0.86 0.86
  per-rule acc: 0.71 1.00
Epoch 460 | Train: Loss=0.0113 Acc=99.9% | Test: Acc=87.3% | Best=87.3%(@460)
  from x3: 0.87 0.87 0.87 0.87 0.87 0.87 0.87 0.87 0.87 0.87 0.87 0.87 0.87
  per-rule acc: 0.73 1.00
Epoch 480 | Train: Loss=0.0114 Acc=100.0% | Test: Acc=88.9% | Best=88.9%(@480)
  from x3: 0.89 0.89 0.89 0.89 0.89 0.89 0.89 0.89 0.89 0.89 0.89 0.89 0.89
  per-rule acc: 0.77 1.00
Epoch 500 | Train: Loss=0.0103 Acc=99.9% | Test: Acc=90.6% | Best=90.6%(@500)
  from x3: 0.90 0.91 0.91 0.91 0.91 0.91 0.91 0.91 0.91 0.91 0.91 0.91 0.91
  per-rule acc: 0.80 1.00
Epoch 520 | Train: Loss=0.0074 Acc=100.0% | Test: Acc=91.3% | Best=91.3%(@520)
  from x3: 0.91 0.91 0.91 0.91 0.91 0.91 0.91 0.91 0.91 0.91 0.91 0.91 0.91
  per-rule acc: 0.82 1.00
Epoch 540 | Train: Loss=0.0260 Acc=100.0% | Test: Acc=92.8% | Best=92.8%(@540)
  from x3: 0.92 0.93 0.93 0.93 0.93 0.93 0.93 0.93 0.93 0.93 0.93 0.93 0.93
  per-rule acc: 0.85 1.00
Epoch 560 | Train: Loss=0.0096 Acc=100.0% | Test: Acc=92.7% | Best=92.8%(@540)
  from x3: 0.93 0.93 0.93 0.93 0.93 0.93 0.93 0.93 0.93 0.93 0.93 0.93 0.93
  per-rule acc: 0.85 1.00
Epoch 580 | Train: Loss=0.0063 Acc=100.0% | Test: Acc=93.3% | Best=93.3%(@580)
  from x3: 0.94 0.93 0.93 0.93 0.93 0.93 0.93 0.93 0.93 0.93 0.93 0.93 0.93
  per-rule acc: 0.86 1.00
Epoch 600 | Train: Loss=0.0057 Acc=100.0% | Test: Acc=94.3% | Best=94.3%(@600)
  from x3: 0.95 0.95 0.94 0.94 0.94 0.94 0.94 0.94 0.94 0.94 0.94 0.94 0.94
  per-rule acc: 0.88 1.00
Epoch 620 | Train: Loss=0.0093 Acc=100.0% | Test: Acc=95.3% | Best=95.3%(@620)
  from x3: 0.96 0.95 0.95 0.95 0.95 0.95 0.95 0.95 0.95 0.95 0.95 0.95 0.95
  per-rule acc: 0.90 1.00
Epoch 640 | Train: Loss=0.0032 Acc=100.0% | Test: Acc=96.3% | Best=96.3%(@640)
  from x3: 0.96 0.96 0.96 0.96 0.96 0.96 0.96 0.96 0.96 0.96 0.96 0.96 0.96
  per-rule acc: 0.92 1.00
Epoch 660 | Train: Loss=0.0051 Acc=100.0% | Test: Acc=96.1% | Best=96.3%(@640)
  from x3: 0.97 0.96 0.96 0.96 0.96 0.96 0.96 0.96 0.96 0.96 0.96 0.96 0.96
  per-rule acc: 0.92 1.00
Epoch 680 | Train: Loss=0.0033 Acc=100.0% | Test: Acc=96.8% | Best=96.8%(@680)
  from x3: 0.97 0.97 0.97 0.97 0.97 0.97 0.97 0.97 0.97 0.97 0.97 0.97 0.97
  per-rule acc: 0.93 1.00
Epoch 700 | Train: Loss=0.0041 Acc=100.0% | Test: Acc=97.0% | Best=97.0%(@700)
  from x3: 0.97 0.97 0.97 0.97 0.97 0.97 0.97 0.97 0.97 0.97 0.97 0.97 0.97
  per-rule acc: 0.94 1.00
Epoch 720 | Train: Loss=0.0033 Acc=100.0% | Test: Acc=97.2% | Best=97.2%(@720)
  from x3: 0.97 0.97 0.97 0.97 0.97 0.97 0.97 0.97 0.97 0.97 0.97 0.97 0.97
  per-rule acc: 0.94 1.00
Epoch 740 | Train: Loss=0.0026 Acc=100.0% | Test: Acc=97.4% | Best=97.4%(@740)
  from x3: 0.98 0.97 0.97 0.97 0.97 0.97 0.97 0.97 0.97 0.97 0.97 0.97 0.97
  per-rule acc: 0.95 1.00
Epoch 760 | Train: Loss=0.0021 Acc=100.0% | Test: Acc=97.7% | Best=97.7%(@760)
  from x3: 0.98 0.98 0.98 0.98 0.98 0.98 0.98 0.98 0.98 0.98 0.98 0.98 0.98
  per-rule acc: 0.95 1.00
Epoch 780 | Train: Loss=0.0016 Acc=100.0% | Test: Acc=97.8% | Best=97.8%(@780)
  from x3: 0.98 0.98 0.98 0.98 0.98 0.98 0.98 0.98 0.98 0.98 0.98 0.98 0.98
  per-rule acc: 0.95 1.00
Epoch 800 | Train: Loss=0.0013 Acc=100.0% | Test: Acc=97.9% | Best=97.9%(@800)
  from x3: 0.98 0.98 0.98 0.98 0.98 0.98 0.98 0.98 0.98 0.98 0.98 0.98 0.98
  per-rule acc: 0.96 1.00
Epoch 820 | Train: Loss=0.0010 Acc=100.0% | Test: Acc=98.1% | Best=98.1%(@820)
  from x3: 0.98 0.98 0.98 0.98 0.98 0.98 0.98 0.98 0.98 0.98 0.98 0.98 0.98
  per-rule acc: 0.96 1.00
Epoch 840 | Train: Loss=0.0008 Acc=100.0% | Test: Acc=98.2% | Best=98.2%(@840)
  from x3: 0.98 0.98 0.98 0.98 0.98 0.98 0.98 0.98 0.98 0.98 0.98 0.98 0.98
  per-rule acc: 0.96 1.00
Epoch 860 | Train: Loss=0.0006 Acc=100.0% | Test: Acc=98.3% | Best=98.3%(@860)
  from x3: 0.99 0.98 0.98 0.98 0.98 0.98 0.98 0.98 0.98 0.98 0.98 0.98 0.98
  per-rule acc: 0.96 1.00
Epoch 880 | Train: Loss=0.0005 Acc=100.0% | Test: Acc=98.3% | Best=98.3%(@880)
  from x3: 0.99 0.98 0.98 0.98 0.98 0.98 0.98 0.98 0.98 0.98 0.98 0.98 0.98
  per-rule acc: 0.96 1.00
Epoch 900 | Train: Loss=0.0004 Acc=100.0% | Test: Acc=98.4% | Best=98.4%(@900)
  from x3: 0.99 0.98 0.98 0.98 0.98 0.98 0.98 0.98 0.98 0.98 0.98 0.98 0.98
  per-rule acc: 0.97 1.00
Epoch 920 | Train: Loss=0.0003 Acc=100.0% | Test: Acc=98.5% | Best=98.5%(@920)
  from x3: 0.99 0.98 0.98 0.98 0.98 0.98 0.98 0.98 0.98 0.98 0.98 0.98 0.98
  per-rule acc: 0.97 1.00
Epoch 940 | Train: Loss=0.0003 Acc=100.0% | Test: Acc=98.6% | Best=98.6%(@940)
  from x3: 0.99 0.99 0.99 0.99 0.99 0.99 0.99 0.99 0.99 0.99 0.99 0.99 0.99
  per-rule acc: 0.97 1.00
Epoch 960 | Train: Loss=0.0002 Acc=100.0% | Test: Acc=98.7% | Best=98.7%(@960)
  from x3: 0.99 0.99 0.99 0.99 0.99 0.99 0.99 0.99 0.99 0.99 0.99 0.99 0.99
  per-rule acc: 0.97 1.00
Epoch 980 | Train: Loss=0.0002 Acc=100.0% | Test: Acc=98.8% | Best=98.8%(@980)
  from x3: 0.99 0.99 0.99 0.99 0.99 0.99 0.99 0.99 0.99 0.99 0.99 0.99 0.99
  per-rule acc: 0.98 1.00
Epoch 1000 | Train: Loss=0.0001 Acc=100.0% | Test: Acc=98.9% | Best=98.9%(@1000)
  from x3: 0.99 0.99 0.99 0.99 0.99 0.99 0.99 0.99 0.99 0.99 0.99 0.99 0.99
  per-rule acc: 0.98 1.00
Epoch 1020 | Train: Loss=0.0001 Acc=100.0% | Test: Acc=98.9% | Best=98.9%(@1000)
  from x3: 0.99 0.99 0.99 0.99 0.99 0.99 0.99 0.99 0.99 0.99 0.99 0.99 0.99
  per-rule acc: 0.98 1.00
Epoch 1040 | Train: Loss=0.0001 Acc=100.0% | Test: Acc=98.9% | Best=98.9%(@1000)
  from x3: 0.99 0.99 0.99 0.99 0.99 0.99 0.99 0.99 0.99 0.99 0.99 0.99 0.99
  per-rule acc: 0.98 1.00
Epoch 1060 | Train: Loss=0.0001 Acc=100.0% | Test: Acc=98.9% | Best=98.9%(@1000)
  from x3: 0.99 0.99 0.99 0.99 0.99 0.99 0.99 0.99 0.99 0.99 0.99 0.99 0.99
  per-rule acc: 0.98 1.00
Epoch 1080 | Train: Loss=0.0001 Acc=100.0% | Test: Acc=98.9% | Best=98.9%(@1080)
  from x3: 0.99 0.99 0.99 0.99 0.99 0.99 0.99 0.99 0.99 0.99 0.99 0.99 0.99
  per-rule acc: 0.98 1.00
Epoch 1100 | Train: Loss=0.0000 Acc=100.0% | Test: Acc=98.9% | Best=98.9%(@1080)
  from x3: 0.99 0.99 0.99 0.99 0.99 0.99 0.99 0.99 0.99 0.99 0.99 0.99 0.99
  per-rule acc: 0.98 1.00
Epoch 1120 | Train: Loss=0.0000 Acc=100.0% | Test: Acc=99.0% | Best=99.0%(@1120)
  from x3: 0.99 0.99 0.99 0.99 0.99 0.99 0.99 0.99 0.99 0.99 0.99 0.99 0.99
  per-rule acc: 0.98 1.00
Epoch 1140 | Train: Loss=0.0000 Acc=100.0% | Test: Acc=99.0% | Best=99.0%(@1140)
  from x3: 0.99 0.99 0.99 0.99 0.99 0.99 0.99 0.99 0.99 0.99 0.99 0.99 0.99
  per-rule acc: 0.98 1.00
Epoch 1160 | Train: Loss=0.0005 Acc=100.0% | Test: Acc=98.3% | Best=99.0%(@1140)
  from x3: 0.98 0.98 0.98 0.98 0.98 0.98 0.98 0.98 0.98 0.98 0.98 0.98 0.98
  per-rule acc: 0.96 1.00
Epoch 1180 | Train: Loss=0.0012 Acc=100.0% | Test: Acc=98.1% | Best=99.0%(@1140)
  from x3: 0.98 0.98 0.98 0.98 0.98 0.98 0.98 0.98 0.98 0.98 0.98 0.98 0.98
  per-rule acc: 0.96 1.00
Epoch 1200 | Train: Loss=0.0019 Acc=100.0% | Test: Acc=98.4% | Best=99.0%(@1140)
  from x3: 0.99 0.98 0.98 0.98 0.98 0.98 0.98 0.98 0.98 0.98 0.98 0.98 0.98
  per-rule acc: 0.97 1.00
Epoch 1220 | Train: Loss=0.0017 Acc=100.0% | Test: Acc=98.5% | Best=99.0%(@1140)
  from x3: 0.98 0.98 0.98 0.98 0.98 0.98 0.98 0.98 0.98 0.98 0.98 0.98 0.98
  per-rule acc: 0.97 1.00
Epoch 1240 | Train: Loss=0.0014 Acc=100.0% | Test: Acc=98.8% | Best=99.0%(@1140)
  from x3: 0.99 0.99 0.99 0.99 0.99 0.99 0.99 0.99 0.99 0.99 0.99 0.99 0.99
  per-rule acc: 0.97 1.00
Epoch 1260 | Train: Loss=0.0012 Acc=100.0% | Test: Acc=98.9% | Best=99.0%(@1140)
  from x3: 0.99 0.99 0.99 0.99 0.99 0.99 0.99 0.99 0.99 0.99 0.99 0.99 0.99
  per-rule acc: 0.98 1.00
Epoch 1280 | Train: Loss=0.0009 Acc=100.0% | Test: Acc=99.0% | Best=99.0%(@1140)
  from x3: 0.99 0.99 0.99 0.99 0.99 0.99 0.99 0.99 0.99 0.99 0.99 0.99 0.99
  per-rule acc: 0.98 1.00
Epoch 1300 | Train: Loss=0.0007 Acc=100.0% | Test: Acc=99.0% | Best=99.0%(@1300)
  from x3: 0.99 0.99 0.99 0.99 0.99 0.99 0.99 0.99 0.99 0.99 0.99 0.99 0.99
  per-rule acc: 0.98 1.00
Epoch 1320 | Train: Loss=0.0006 Acc=100.0% | Test: Acc=99.0% | Best=99.0%(@1300)
  from x3: 0.99 0.99 0.99 0.99 0.99 0.99 0.99 0.99 0.99 0.99 0.99 0.99 0.99
  per-rule acc: 0.98 1.00
Epoch 1340 | Train: Loss=0.0005 Acc=100.0% | Test: Acc=99.1% | Best=99.1%(@1340)
  from x3: 0.99 0.99 0.99 0.99 0.99 0.99 0.99 0.99 0.99 0.99 0.99 0.99 0.99
  per-rule acc: 0.98 1.00
[Early stop] Epoch 1340: test set reached high accuracy

==================================================
Saving model...
[OK] Model saved to: /home/cxm/ai/test0625-exposure/models/mixed_cond_d128l1_r8_e70.pth
  File size: 1418.0 KB
  Best test accuracy: 99.06%

==================================================
Final generation test (given first two items, AB generates 3rd as prompt, validate from 4th)
==================================================

--- AB pair 1: (1, 1) ---

--- Statistics for AB=(1,1) ---
Exposed    samples:  2052 | In-dist: 26676/26676 (100.0%) | OOD: 32831/32832 (100.0%)
Unexposed  samples:   757 | In-dist:  9644/ 9841 ( 98.0%) | OOD: 11889/12112 ( 98.2%)

--- AB pair 2: (1, 2) ---

--- Statistics for AB=(1,2) ---
Exposed    samples:  1978 | In-dist: 25714/25714 (100.0%) | OOD: 31648/31648 (100.0%)
Unexposed  samples:   831 | In-dist: 10803/10803 (100.0%) | OOD: 13296/13296 (100.0%)

--- Return code: 0 ---

======================================================================
Attention Analysis
======================================================================
Model config: addition (default), p=53
Best test accuracy: 0.9905541561712846
Training epochs: 1340

Random test sequence 1/5 (length 32): [29, 29, 5, 34, 39, 20, 6, 26, 32, 5, 37, 42, 26, 15, 41, 3, 44, 47, 38, 32]...

======================================================================
Attention Layer Training Result Summary
======================================================================
Input sequence: [29, 29, 5, 34, 39, 20, 6, 26, 32, 5, 37, 42, 26, 15, 41, 3, 44, 47, 38, 32, 17, 49, 13, 9, 22, 31, 0, 31, 31, 9, 40, 49]

--- Layer 0 ---
  Head 0: Entropy=0.760
    Attention coefficients from each query position to previous positions:
      i= 0 -> j=0:1.000
      i= 1 -> j=0:0.075, j=1:0.925
      i= 2 -> j=0:0.010, j=1:0.159, j=2:0.832
      i= 3 -> j=0:0.009, j=1:0.086, j=2:0.136, j=3:0.768
      i= 4 -> j=0:0.000, j=1:0.002, j=2:0.023, j=3:0.234, j=4:0.741
      i= 5 -> j=0:0.000, j=1:0.000, j=2:0.001, j=3:0.015, j=4:0.163, j=5:0.820
      i= 6 -> j=0:0.000, j=1:0.000, j=2:0.000, j=3:0.005, j=4:0.035, j=5:0.140, j=6:0.819
      i= 7 -> j=0:0.000, j=1:0.000, j=2:0.000, j=3:0.001, j=4:0.007, j=5:0.041, j=6:0.288, j=7:0.662
      i= 8 -> j=0:0.001, j=1:0.001, j=2:0.001, j=3:0.003, j=4:0.005, j=5:0.020, j=6:0.116, j=7:0.317, j=8:0.536
      i= 9 -> j=0:0.001, j=1:0.001, j=2:0.000, j=3:0.000, j=4:0.000, j=5:0.000, j=6:0.001, j=7:0.012, j=8:0.112, j=9:0.872
      i=10 -> j=0:0.001, j=1:0.001, j=2:0.001, j=3:0.001, j=4:0.000, j=5:0.000, j=6:0.001, j=7:0.003, j=8:0.025, j=9:0.169, j=10:0.798
      i=11 -> j=0:0.001, j=1:0.001, j=2:0.001, j=3:0.001, j=4:0.000, j=5:0.000, j=6:0.000, j=7:0.001, j=8:0.011, j=9:0.056, j=10:0.206, j=11:0.723
      i=12 -> j=0:0.000, j=1:0.000, j=2:0.001, j=3:0.001, j=4:0.000, j=5:0.000, j=6:0.000, j=7:0.000, j=8:0.002, j=9:0.006, j=10:0.049, j=11:0.301, j=12:0.639
      i=13 -> j=0:0.000, j=1:0.000, j=2:0.001, j=3:0.001, j=4:0.001, j=5:0.000, j=6:0.000, j=7:0.000, j=8:0.001, j=9:0.001, j=10:0.008, j=11:0.068, j=12:0.247, j=13:0.672
      i=14 -> j=0:0.001, j=1:0.000, j=2:0.001, j=3:0.001, j=4:0.001, j=5:0.001, j=6:0.000, j=7:0.000, j=8:0.000, j=9:0.000, j=10:0.000, j=11:0.001, j=12:0.014, j=13:0.152, j=14:0.828
      i=15 -> j=0:0.000, j=1:0.000, j=2:0.000, j=3:0.000, j=4:0.000, j=5:0.000, j=6:0.000, j=7:0.000, j=8:0.000, j=9:0.000, j=10:0.000, j=11:0.000, j=12:0.001, j=13:0.012, j=14:0.075, j=15:0.910
      i=16 -> j=0:0.000, j=1:0.000, j=2:0.000, j=3:0.000, j=4:0.000, j=5:0.000, j=6:0.000, j=7:0.000, j=8:0.000, j=9:0.000, j=10:0.000, j=11:0.000, j=12:0.000, j=13:0.000, j=14:0.001, j=15:0.032, j=16:0.967
      i=17 -> j=0:0.001, j=1:0.001, j=2:0.001, j=3:0.001, j=4:0.000, j=5:0.000, j=6:0.000, j=7:0.000, j=8:0.000, j=9:0.000, j=10:0.000, j=11:0.000, j=12:0.000, j=13:0.000, j=14:0.001, j=15:0.007, j=16:0.097, j=17:0.891
      i=18 -> j=0:0.001, j=1:0.001, j=2:0.001, j=3:0.001, j=4:0.000, j=5:0.000, j=6:0.000, j=7:0.000, j=8:0.000, j=9:0.000, j=10:0.000, j=11:0.000, j=12:0.000, j=13:0.000, j=14:0.000, j=15:0.001, j=16:0.013, j=17:0.184, j=18:0.796
      i=19 -> j=0:0.006, j=1:0.006, j=2:0.008, j=3:0.012, j=4:0.006, j=5:0.003, j=6:0.003, j=7:0.004, j=8:0.006, j=9:0.004, j=10:0.003, j=11:0.002, j=12:0.001, j=13:0.001, j=14:0.001, j=15:0.003, j=16:0.017, j=17:0.118, j=18:0.300, j=19:0.496
      i=20 -> j=0:0.009, j=1:0.010, j=2:0.009, j=3:0.008, j=4:0.005, j=5:0.004, j=6:0.003, j=7:0.003, j=8:0.003, j=9:0.002, j=10:0.002, j=11:0.002, j=12:0.002, j=13:0.001, j=14:0.000, j=15:0.000, j=16:0.000, j=17:0.002, j=18:0.020, j=19:0.183, j=20:0.731
      i=21 -> j=0:0.006, j=1:0.007, j=2:0.007, j=3:0.009, j=4:0.007, j=5:0.005, j=6:0.004, j=7:0.003, j=8:0.004, j=9:0.002, j=10:0.002, j=11:0.003, j=12:0.003, j=13:0.002, j=14:0.001, j=15:0.000, j=16:0.000, j=17:0.001, j=18:0.004, j=19:0.050, j=20:0.166, j=21:0.715
      i=22 -> j=0:0.000, j=1:0.000, j=2:0.000, j=3:0.000, j=4:0.000, j=5:0.000, j=6:0.000, j=7:0.000, j=8:0.000, j=9:0.000, j=10:0.000, j=11:0.000, j=12:0.000, j=13:0.000, j=14:0.000, j=15:0.000, j=16:0.000, j=17:0.000, j=18:0.000, j=19:0.003, j=20:0.015, j=21:0.067, j=22:0.912
      i=23 -> j=0:0.002, j=1:0.002, j=2:0.003, j=3:0.004, j=4:0.003, j=5:0.003, j=6:0.003, j=7:0.003, j=8:0.003, j=9:0.001, j=10:0.001, j=11:0.001, j=12:0.001, j=13:0.001, j=14:0.001, j=15:0.000, j=16:0.000, j=17:0.000, j=18:0.000, j=19:0.002, j=20:0.004, j=21:0.029, j=22:0.332, j=23:0.599
      i=24 -> j=0:0.001, j=1:0.001, j=2:0.001, j=3:0.002, j=4:0.001, j=5:0.001, j=6:0.001, j=7:0.002, j=8:0.002, j=9:0.001, j=10:0.000, j=11:0.000, j=12:0.000, j=13:0.000, j=14:0.000, j=15:0.000, j=16:0.000, j=17:0.000, j=18:0.000, j=19:0.000, j=20:0.000, j=21:0.003, j=22:0.046, j=23:0.163, j=24:0.774
      i=25 -> j=0:0.004, j=1:0.003, j=2:0.004, j=3:0.006, j=4:0.005, j=5:0.005, j=6:0.004, j=7:0.005, j=8:0.005, j=9:0.003, j=10:0.002, j=11:0.002, j=12:0.001, j=13:0.001, j=14:0.001, j=15:0.001, j=16:0.001, j=17:0.001, j=18:0.000, j=19:0.001, j=20:0.000, j=21:0.001, j=22:0.004, j=23:0.028, j=24:0.219, j=25:0.694
      i=26 -> j=0:0.002, j=1:0.001, j=2:0.001, j=3:0.002, j=4:0.001, j=5:0.001, j=6:0.001, j=7:0.002, j=8:0.002, j=9:0.001, j=10:0.001, j=11:0.001, j=12:0.001, j=13:0.000, j=14:0.000, j=15:0.000, j=16:0.000, j=17:0.000, j=18:0.000, j=19:0.000, j=20:0.000, j=21:0.000, j=22:0.000, j=23:0.003, j=24:0.029, j=25:0.152, j=26:0.797
      i=27 -> j=0:0.009, j=1:0.006, j=2:0.004, j=3:0.006, j=4:0.004, j=5:0.004, j=6:0.004, j=7:0.005, j=8:0.005, j=9:0.004, j=10:0.004, j=11:0.003, j=12:0.003, j=13:0.002, j=14:0.001, j=15:0.001, j=16:0.001, j=17:0.001, j=18:0.001, j=19:0.001, j=20:0.000, j=21:0.000, j=22:0.000, j=23:0.001, j=24:0.004, j=25:0.029, j=26:0.208, j=27:0.687
      i=28 -> j=0:0.012, j=1:0.009, j=2:0.006, j=3:0.007, j=4:0.004, j=5:0.004, j=6:0.004, j=7:0.005, j=8:0.006, j=9:0.004, j=10:0.004, j=11:0.004, j=12:0.004, j=13:0.003, j=14:0.001, j=15:0.001, j=16:0.001, j=17:0.001, j=18:0.001, j=19:0.002, j=20:0.001, j=21:0.000, j=22:0.000, j=23:0.000, j=24:0.001, j=25:0.004, j=26:0.028, j=27:0.188, j=28:0.694
      i=29 -> j=0:0.010, j=1:0.011, j=2:0.008, j=3:0.007, j=4:0.004, j=5:0.003, j=6:0.003, j=7:0.004, j=8:0.005, j=9:0.004, j=10:0.003, j=11:0.004, j=12:0.004, j=13:0.004, j=14:0.002, j=15:0.001, j=16:0.000, j=17:0.001, j=18:0.001, j=19:0.002, j=20:0.001, j=21:0.001, j=22:0.000, j=23:0.000, j=24:0.000, j=25:0.001, j=26:0.005, j=27:0.044, j=28:0.219, j=29:0.649
      i=30 -> j=0:0.006, j=1:0.008, j=2:0.008, j=3:0.007, j=4:0.005, j=5:0.003, j=6:0.003, j=7:0.004, j=8:0.005, j=9:0.003, j=10:0.003, j=11:0.003, j=12:0.004, j=13:0.003, j=14:0.002, j=15:0.001, j=16:0.000, j=17:0.000, j=18:0.001, j=19:0.001, j=20:0.001, j=21:0.001, j=22:0.000, j=23:0.000, j=24:0.000, j=25:0.000, j=26:0.001, j=27:0.006, j=28:0.040, j=29:0.195, j=30:0.685
      i=31 -> j=0:0.010, j=1:0.012, j=2:0.016, j=3:0.018, j=4:0.013, j=5:0.009, j=6:0.006, j=7:0.007, j=8:0.008, j=9:0.005, j=10:0.006, j=11:0.006, j=12:0.007, j=13:0.007, j=14:0.005, j=15:0.004, j=16:0.002, j=17:0.002, j=18:0.001, j=19:0.003, j=20:0.002, j=21:0.002, j=22:0.002, j=23:0.001, j=24:0.001, j=25:0.000, j=26:0.000, j=27:0.001, j=28:0.005, j=29:0.035, j=30:0.236, j=31:0.566
    Average attention per distance:
      d=0:0.756, d=1:0.184, d=2:0.036, d=28:0.012, d=29:0.011, d=31:0.010


======================================================================
QK Property Verification (Raw Scores, before Softmax)
======================================================================
Recurrence order init_len=2, num test sequences=1

--- [P1] Long-distance Orthogonality Verification ---
Ideal: raw_score mean ≈ 0 and small std when d > init_len

  Layer 0, Head 0:
    d= 1 (effective): mean=  2.376, std= 0.414, n=31
    d= 2 (effective): mean=  0.477, std= 0.752, n=30
    d>2 (long-distance): mean= -2.924, std= 1.308, n=435

--- [P2] Time-homogeneous Verification ---
Ideal: CV of raw_score across positions i ≈ 0 for fixed distance d
(CV = std / |mean|, smaller = more constant)

  Layer 0, Head 0:
    d= 1: mean=  2.376, std= 0.414, CV=0.174, n=31
    d= 2: mean=  0.477, std= 0.752, CV=1.576, n=30

======================================================================
QK Property Verification Completed
======================================================================
