=== Experiment: mixed_cond_d128l1_r8_e65 ===
Time: 2026-06-25T11:27:25.754378
Task type: mixed_ab
Merged config: {
  "P": 53,
  "TASK": "mixed_ab",
  "NUM_MASK": 0,
  "A": 1,
  "B": 1,
  "AB_PAIRS": [
    [
      1,
      1
    ],
    [
      1,
      2
    ]
  ],
  "D_MODEL": 128,
  "N_HEAD": 1,
  "N_LAYER": 1,
  "BATCH_SIZE": 128,
  "EPOCHS": 10000,
  "LR": 0.0003,
  "SAVE_PATH": "models/mixed_cond_d128l1_r8_e65.pth",
  "USE_GREEDY_GENERATE": true,
  "USE_LEARNABLE_PE": false,
  "MLP_RATIO": 8,
  "TRAIN_LEN": 16,
  "OOD_LEN": 32,
  "DROPOUT": 0.0,
  "TARGET_INIT_COVERAGE": 0.5,
  "MAX_UNIQUE_RATIO": 0.5,
  "WEIGHT_DECAY": 1,
  "ENTROPY_PENALTY_WEIGHT": 0.0,
  "FIRST_TASK_WEIGHT": 1.0,
  "RANDOM_SEED": 42,
  "EVAL_INTERVAL": 20,
  "EARLY_STOP_NO_IMPROVE": 1000,
  "EARLY_STOP_ACCURACY": 0.99,
  "USE_AB_TAG": false,
  "USE_CONDITIONAL_WTE": true,
  "COND_WTE_SHARED_RATIO": 0.0,
  "MIXED_AB_MAX_UNIQUE_RATIOS": [
    0.65,
    0.65
  ]
}
--- output ---
Using device: cuda

[Dataset] Mixed mode: generated 3662 + 1956 samples, length 16
AB parameter pairs: [(1, 1), (1, 2)]
  - AB=(1,1): train 1836 | test 973 | exposed ~65.4%
  - AB=(1,2): train 1826 | test 983 | exposed ~65.0%
--------------------------------------------------
[Model config] block_size: 32, train length: 16
[Number theory] AB parameter pairs: [(1, 1), (1, 2)]


Model parameters: 0.36M

Start training...
Epoch   0 | Train: Loss=4.1832 Acc=2.8% | Test: Acc=0.1% | Best=0.1%(@0)
  from x3: 0.00 0.00 0.00 0.00 0.00 0.00 0.00 0.00 0.00 0.00 0.00 0.00 0.00
  per-rule acc: 0.00 0.00
Epoch  20 | Train: Loss=0.8551 Acc=96.4% | Test: Acc=0.7% | Best=0.7%(@20)
  from x3: 0.02 0.01 0.01 0.01 0.01 0.01 0.01 0.01 0.01 0.01 0.01 0.01 0.01
  per-rule acc: 0.00 0.01
Epoch  40 | Train: Loss=0.1632 Acc=98.7% | Test: Acc=1.6% | Best=1.6%(@40)
  from x3: 0.02 0.02 0.01 0.02 0.01 0.02 0.02 0.02 0.02 0.01 0.01 0.01 0.01
  per-rule acc: 0.01 0.02
Epoch  60 | Train: Loss=0.0900 Acc=99.0% | Test: Acc=1.8% | Best=1.8%(@60)
  from x3: 0.02 0.02 0.02 0.02 0.02 0.02 0.02 0.02 0.02 0.02 0.02 0.02 0.02
  per-rule acc: 0.02 0.02
Epoch  80 | Train: Loss=0.0645 Acc=99.3% | Test: Acc=2.1% | Best=2.1%(@80)
  from x3: 0.02 0.02 0.02 0.02 0.02 0.02 0.02 0.02 0.02 0.02 0.02 0.02 0.02
  per-rule acc: 0.02 0.02
Epoch 100 | Train: Loss=0.0494 Acc=99.5% | Test: Acc=2.2% | Best=2.2%(@100)
  from x3: 0.03 0.02 0.02 0.02 0.02 0.02 0.02 0.02 0.02 0.02 0.02 0.02 0.02
  per-rule acc: 0.02 0.03
Epoch 120 | Train: Loss=0.0411 Acc=99.7% | Test: Acc=3.0% | Best=3.0%(@120)
  from x3: 0.03 0.03 0.03 0.03 0.03 0.03 0.03 0.03 0.03 0.03 0.03 0.03 0.03
  per-rule acc: 0.02 0.04
Epoch 140 | Train: Loss=0.0348 Acc=99.8% | Test: Acc=4.4% | Best=4.4%(@140)
  from x3: 0.05 0.04 0.04 0.04 0.04 0.04 0.04 0.04 0.04 0.04 0.04 0.04 0.04
  per-rule acc: 0.02 0.07
Epoch 160 | Train: Loss=0.0295 Acc=99.9% | Test: Acc=8.0% | Best=8.0%(@160)
  from x3: 0.08 0.08 0.08 0.08 0.08 0.08 0.08 0.08 0.08 0.08 0.08 0.08 0.08
  per-rule acc: 0.02 0.14
Epoch 180 | Train: Loss=0.0259 Acc=99.9% | Test: Acc=16.1% | Best=16.1%(@180)
  from x3: 0.16 0.15 0.16 0.16 0.16 0.16 0.16 0.16 0.16 0.16 0.16 0.16 0.16
  per-rule acc: 0.02 0.30
Epoch 200 | Train: Loss=0.0221 Acc=99.9% | Test: Acc=27.2% | Best=27.2%(@200)
  from x3: 0.27 0.27 0.27 0.27 0.27 0.27 0.27 0.27 0.27 0.27 0.27 0.27 0.27
  per-rule acc: 0.02 0.52
Epoch 220 | Train: Loss=0.0259 Acc=99.9% | Test: Acc=38.2% | Best=38.2%(@220)
  from x3: 0.37 0.38 0.38 0.38 0.38 0.38 0.38 0.38 0.38 0.38 0.38 0.38 0.38
  per-rule acc: 0.02 0.74
Epoch 240 | Train: Loss=0.0229 Acc=99.9% | Test: Acc=46.6% | Best=46.6%(@240)
  from x3: 0.47 0.47 0.47 0.47 0.47 0.47 0.47 0.47 0.47 0.47 0.47 0.47 0.47
  per-rule acc: 0.03 0.90
Epoch 260 | Train: Loss=0.0211 Acc=99.9% | Test: Acc=49.2% | Best=49.2%(@260)
  from x3: 0.50 0.49 0.49 0.49 0.49 0.49 0.49 0.49 0.49 0.49 0.49 0.49 0.49
  per-rule acc: 0.03 0.95
Epoch 280 | Train: Loss=0.0170 Acc=99.9% | Test: Acc=51.5% | Best=51.5%(@280)
  from x3: 0.52 0.51 0.51 0.51 0.51 0.51 0.51 0.51 0.51 0.51 0.51 0.51 0.51
  per-rule acc: 0.04 0.98
Epoch 300 | Train: Loss=0.0241 Acc=99.9% | Test: Acc=52.9% | Best=52.9%(@300)
  from x3: 0.53 0.53 0.53 0.53 0.53 0.53 0.53 0.53 0.53 0.53 0.53 0.53 0.53
  per-rule acc: 0.06 1.00
Epoch 320 | Train: Loss=0.0182 Acc=99.9% | Test: Acc=53.8% | Best=53.8%(@320)
  from x3: 0.54 0.53 0.54 0.54 0.54 0.54 0.54 0.54 0.54 0.54 0.54 0.54 0.54
  per-rule acc: 0.07 1.00
Epoch 340 | Train: Loss=0.0225 Acc=99.9% | Test: Acc=54.4% | Best=54.4%(@340)
  from x3: 0.54 0.54 0.54 0.54 0.54 0.54 0.54 0.54 0.54 0.54 0.54 0.54 0.55
  per-rule acc: 0.08 1.00
Epoch 360 | Train: Loss=0.0198 Acc=99.9% | Test: Acc=55.9% | Best=55.9%(@360)
  from x3: 0.56 0.56 0.56 0.56 0.56 0.56 0.56 0.56 0.56 0.56 0.56 0.56 0.56
  per-rule acc: 0.11 1.00
Epoch 380 | Train: Loss=0.0178 Acc=99.9% | Test: Acc=57.5% | Best=57.5%(@380)
  from x3: 0.58 0.58 0.57 0.57 0.57 0.57 0.58 0.58 0.58 0.58 0.58 0.57 0.57
  per-rule acc: 0.15 1.00
Epoch 400 | Train: Loss=0.0164 Acc=99.9% | Test: Acc=59.3% | Best=59.3%(@400)
  from x3: 0.59 0.59 0.59 0.59 0.59 0.59 0.59 0.59 0.59 0.59 0.59 0.59 0.59
  per-rule acc: 0.18 1.00
Epoch 420 | Train: Loss=0.0143 Acc=99.9% | Test: Acc=62.4% | Best=62.4%(@420)
  from x3: 0.62 0.62 0.62 0.62 0.62 0.62 0.62 0.62 0.62 0.62 0.62 0.62 0.62
  per-rule acc: 0.24 1.00
Epoch 440 | Train: Loss=0.0143 Acc=99.9% | Test: Acc=64.0% | Best=64.0%(@440)
  from x3: 0.64 0.64 0.64 0.64 0.64 0.64 0.64 0.64 0.64 0.64 0.64 0.64 0.64
  per-rule acc: 0.28 1.00
Epoch 460 | Train: Loss=0.0188 Acc=99.9% | Test: Acc=65.7% | Best=65.7%(@460)
  from x3: 0.65 0.66 0.66 0.66 0.66 0.66 0.66 0.66 0.66 0.66 0.66 0.66 0.66
  per-rule acc: 0.31 1.00
Epoch 480 | Train: Loss=0.0112 Acc=100.0% | Test: Acc=70.2% | Best=70.2%(@480)
  from x3: 0.70 0.70 0.70 0.70 0.70 0.70 0.70 0.70 0.70 0.70 0.70 0.70 0.70
  per-rule acc: 0.40 1.00
Epoch 500 | Train: Loss=0.0187 Acc=99.9% | Test: Acc=71.8% | Best=71.8%(@500)
  from x3: 0.72 0.72 0.72 0.72 0.72 0.72 0.72 0.72 0.72 0.72 0.72 0.72 0.72
  per-rule acc: 0.43 1.00
Epoch 520 | Train: Loss=0.0113 Acc=99.9% | Test: Acc=74.7% | Best=74.7%(@520)
  from x3: 0.75 0.75 0.75 0.75 0.75 0.75 0.75 0.75 0.75 0.75 0.75 0.75 0.75
  per-rule acc: 0.49 1.00
Epoch 540 | Train: Loss=0.0112 Acc=100.0% | Test: Acc=77.2% | Best=77.2%(@540)
  from x3: 0.77 0.77 0.77 0.77 0.77 0.77 0.77 0.77 0.77 0.77 0.77 0.77 0.77
  per-rule acc: 0.54 1.00
Epoch 560 | Train: Loss=0.0174 Acc=99.9% | Test: Acc=79.4% | Best=79.4%(@560)
  from x3: 0.79 0.79 0.79 0.79 0.79 0.80 0.80 0.80 0.80 0.80 0.79 0.79 0.79
  per-rule acc: 0.59 1.00
Epoch 580 | Train: Loss=0.0141 Acc=99.9% | Test: Acc=80.4% | Best=80.4%(@580)
  from x3: 0.80 0.80 0.81 0.80 0.80 0.80 0.80 0.80 0.80 0.80 0.81 0.80 0.80
  per-rule acc: 0.61 1.00
Epoch 600 | Train: Loss=0.0106 Acc=99.9% | Test: Acc=81.0% | Best=81.0%(@600)
  from x3: 0.80 0.81 0.81 0.81 0.81 0.81 0.81 0.81 0.81 0.81 0.81 0.81 0.81
  per-rule acc: 0.62 1.00
Epoch 620 | Train: Loss=0.0630 Acc=100.0% | Test: Acc=81.4% | Best=81.4%(@620)
  from x3: 0.81 0.81 0.81 0.81 0.81 0.81 0.81 0.81 0.81 0.81 0.81 0.81 0.82
  per-rule acc: 0.63 1.00
Epoch 640 | Train: Loss=0.0111 Acc=99.9% | Test: Acc=82.8% | Best=82.8%(@640)
  from x3: 0.82 0.83 0.83 0.83 0.83 0.83 0.83 0.83 0.83 0.83 0.83 0.83 0.83
  per-rule acc: 0.65 1.00
Epoch 660 | Train: Loss=0.0095 Acc=100.0% | Test: Acc=84.7% | Best=84.7%(@660)
  from x3: 0.84 0.84 0.85 0.85 0.85 0.85 0.85 0.85 0.85 0.85 0.85 0.85 0.85
  per-rule acc: 0.69 1.00
Epoch 680 | Train: Loss=0.0087 Acc=100.0% | Test: Acc=85.5% | Best=85.5%(@680)
  from x3: 0.85 0.85 0.85 0.85 0.85 0.85 0.85 0.85 0.86 0.86 0.86 0.86 0.86
  per-rule acc: 0.71 1.00
Epoch 700 | Train: Loss=0.0091 Acc=100.0% | Test: Acc=85.6% | Best=85.6%(@700)
  from x3: 0.85 0.86 0.86 0.86 0.86 0.86 0.86 0.86 0.86 0.86 0.86 0.86 0.86
  per-rule acc: 0.71 1.00
Epoch 720 | Train: Loss=0.0082 Acc=100.0% | Test: Acc=86.7% | Best=86.7%(@720)
  from x3: 0.86 0.87 0.87 0.87 0.87 0.87 0.87 0.87 0.87 0.87 0.87 0.87 0.87
  per-rule acc: 0.73 1.00
Epoch 740 | Train: Loss=0.0075 Acc=100.0% | Test: Acc=86.7% | Best=86.7%(@740)
  from x3: 0.86 0.87 0.87 0.87 0.87 0.87 0.87 0.87 0.87 0.87 0.87 0.87 0.87
  per-rule acc: 0.73 1.00
Epoch 760 | Train: Loss=0.0070 Acc=100.0% | Test: Acc=88.2% | Best=88.2%(@760)
  from x3: 0.88 0.88 0.88 0.88 0.88 0.88 0.88 0.88 0.88 0.88 0.88 0.88 0.88
  per-rule acc: 0.76 1.00
Epoch 780 | Train: Loss=0.0074 Acc=100.0% | Test: Acc=88.3% | Best=88.3%(@780)
  from x3: 0.88 0.89 0.88 0.88 0.88 0.88 0.88 0.88 0.88 0.88 0.88 0.88 0.88
  per-rule acc: 0.76 1.00
Epoch 800 | Train: Loss=0.0049 Acc=100.0% | Test: Acc=89.3% | Best=89.3%(@800)
  from x3: 0.89 0.89 0.89 0.89 0.89 0.89 0.89 0.89 0.89 0.89 0.89 0.89 0.89
  per-rule acc: 0.78 1.00
Epoch 820 | Train: Loss=0.0072 Acc=100.0% | Test: Acc=88.9% | Best=89.3%(@800)
  from x3: 0.88 0.89 0.89 0.89 0.89 0.89 0.89 0.89 0.89 0.89 0.89 0.89 0.89
  per-rule acc: 0.78 1.00
Epoch 840 | Train: Loss=0.0067 Acc=100.0% | Test: Acc=89.0% | Best=89.3%(@800)
  from x3: 0.89 0.89 0.89 0.89 0.89 0.89 0.89 0.89 0.89 0.89 0.89 0.89 0.89
  per-rule acc: 0.78 1.00
Epoch 860 | Train: Loss=0.0052 Acc=100.0% | Test: Acc=89.4% | Best=89.4%(@860)
  from x3: 0.89 0.90 0.89 0.89 0.89 0.89 0.89 0.89 0.89 0.89 0.89 0.89 0.90
  per-rule acc: 0.79 1.00
Epoch 880 | Train: Loss=0.0050 Acc=100.0% | Test: Acc=89.5% | Best=89.5%(@880)
  from x3: 0.89 0.89 0.89 0.90 0.90 0.90 0.90 0.90 0.90 0.90 0.90 0.90 0.90
  per-rule acc: 0.79 1.00
Epoch 900 | Train: Loss=0.0053 Acc=100.0% | Test: Acc=89.4% | Best=89.5%(@880)
  from x3: 0.89 0.89 0.89 0.89 0.89 0.89 0.89 0.89 0.90 0.89 0.89 0.89 0.89
  per-rule acc: 0.79 1.00
Epoch 920 | Train: Loss=0.0047 Acc=100.0% | Test: Acc=89.4% | Best=89.5%(@880)
  from x3: 0.89 0.90 0.89 0.89 0.89 0.89 0.89 0.89 0.89 0.89 0.89 0.89 0.89
  per-rule acc: 0.79 1.00
Epoch 940 | Train: Loss=0.0058 Acc=100.0% | Test: Acc=90.0% | Best=90.0%(@940)
  from x3: 0.89 0.90 0.90 0.90 0.90 0.90 0.90 0.90 0.90 0.90 0.90 0.90 0.90
  per-rule acc: 0.80 1.00
Epoch 960 | Train: Loss=0.0042 Acc=100.0% | Test: Acc=90.3% | Best=90.3%(@960)
  from x3: 0.90 0.90 0.90 0.90 0.90 0.90 0.90 0.90 0.90 0.90 0.90 0.91 0.91
  per-rule acc: 0.81 1.00
Epoch 980 | Train: Loss=0.0067 Acc=100.0% | Test: Acc=90.8% | Best=90.8%(@980)
  from x3: 0.90 0.90 0.91 0.91 0.91 0.91 0.91 0.91 0.91 0.91 0.91 0.91 0.91
  per-rule acc: 0.81 1.00
Epoch 1000 | Train: Loss=0.0071 Acc=100.0% | Test: Acc=90.7% | Best=90.8%(@980)
  from x3: 0.90 0.91 0.91 0.91 0.91 0.91 0.91 0.91 0.91 0.91 0.91 0.91 0.91
  per-rule acc: 0.81 1.00
Epoch 1020 | Train: Loss=0.0056 Acc=100.0% | Test: Acc=90.6% | Best=90.8%(@980)
  from x3: 0.90 0.90 0.91 0.91 0.91 0.91 0.91 0.91 0.91 0.91 0.91 0.91 0.91
  per-rule acc: 0.81 1.00
Epoch 1040 | Train: Loss=0.0101 Acc=99.9% | Test: Acc=90.8% | Best=90.8%(@1040)
  from x3: 0.90 0.91 0.91 0.91 0.91 0.91 0.91 0.91 0.91 0.91 0.91 0.91 0.91
  per-rule acc: 0.81 1.00
Epoch 1060 | Train: Loss=0.0042 Acc=100.0% | Test: Acc=91.5% | Best=91.5%(@1060)
  from x3: 0.91 0.91 0.91 0.92 0.92 0.92 0.92 0.92 0.92 0.92 0.92 0.92 0.92
  per-rule acc: 0.83 1.00
Epoch 1080 | Train: Loss=0.0048 Acc=100.0% | Test: Acc=92.1% | Best=92.1%(@1080)
  from x3: 0.92 0.92 0.92 0.92 0.92 0.92 0.92 0.92 0.92 0.92 0.92 0.92 0.92
  per-rule acc: 0.84 1.00
Epoch 1100 | Train: Loss=0.0093 Acc=99.9% | Test: Acc=91.8% | Best=92.1%(@1080)
  from x3: 0.92 0.92 0.92 0.92 0.92 0.92 0.92 0.92 0.92 0.92 0.92 0.92 0.92
  per-rule acc: 0.83 1.00
Epoch 1120 | Train: Loss=0.0039 Acc=100.0% | Test: Acc=92.7% | Best=92.7%(@1120)
  from x3: 0.92 0.93 0.93 0.93 0.93 0.93 0.93 0.93 0.93 0.93 0.93 0.93 0.93
  per-rule acc: 0.85 1.00
Epoch 1140 | Train: Loss=0.0047 Acc=100.0% | Test: Acc=92.8% | Best=92.8%(@1140)
  from x3: 0.93 0.93 0.93 0.93 0.93 0.93 0.93 0.93 0.93 0.93 0.93 0.93 0.93
  per-rule acc: 0.86 1.00
Epoch 1160 | Train: Loss=0.0054 Acc=100.0% | Test: Acc=94.0% | Best=94.0%(@1160)
  from x3: 0.94 0.94 0.94 0.94 0.94 0.94 0.94 0.94 0.94 0.94 0.94 0.94 0.94
  per-rule acc: 0.88 1.00
Epoch 1180 | Train: Loss=0.0040 Acc=100.0% | Test: Acc=94.8% | Best=94.8%(@1180)
  from x3: 0.95 0.95 0.95 0.95 0.95 0.95 0.95 0.95 0.95 0.95 0.95 0.95 0.95
  per-rule acc: 0.90 1.00
Epoch 1200 | Train: Loss=0.0045 Acc=100.0% | Test: Acc=95.4% | Best=95.4%(@1200)
  from x3: 0.95 0.95 0.95 0.95 0.95 0.95 0.95 0.95 0.95 0.95 0.95 0.95 0.96
  per-rule acc: 0.91 1.00
Epoch 1220 | Train: Loss=0.0038 Acc=100.0% | Test: Acc=95.8% | Best=95.8%(@1220)
  from x3: 0.96 0.96 0.96 0.96 0.96 0.96 0.96 0.96 0.96 0.96 0.96 0.96 0.96
  per-rule acc: 0.92 1.00
Epoch 1240 | Train: Loss=0.0046 Acc=100.0% | Test: Acc=96.0% | Best=96.0%(@1240)
  from x3: 0.96 0.96 0.96 0.96 0.96 0.96 0.96 0.96 0.96 0.96 0.96 0.96 0.96
  per-rule acc: 0.92 1.00
Epoch 1260 | Train: Loss=0.0032 Acc=100.0% | Test: Acc=96.3% | Best=96.3%(@1260)
  from x3: 0.96 0.96 0.96 0.96 0.96 0.96 0.96 0.96 0.96 0.96 0.96 0.96 0.96
  per-rule acc: 0.92 1.00
Epoch 1280 | Train: Loss=0.0078 Acc=99.9% | Test: Acc=95.8% | Best=96.3%(@1260)
  from x3: 0.95 0.96 0.96 0.96 0.96 0.96 0.96 0.96 0.96 0.96 0.96 0.96 0.96
  per-rule acc: 0.92 1.00
Epoch 1300 | Train: Loss=0.0032 Acc=100.0% | Test: Acc=96.5% | Best=96.5%(@1300)
  from x3: 0.97 0.96 0.96 0.96 0.96 0.96 0.97 0.97 0.97 0.97 0.97 0.97 0.97
  per-rule acc: 0.93 1.00
Epoch 1320 | Train: Loss=0.0029 Acc=100.0% | Test: Acc=96.6% | Best=96.6%(@1320)
  from x3: 0.97 0.97 0.97 0.97 0.97 0.97 0.97 0.97 0.97 0.97 0.97 0.97 0.97
  per-rule acc: 0.93 1.00
Epoch 1340 | Train: Loss=0.0070 Acc=100.0% | Test: Acc=96.3% | Best=96.6%(@1320)
  from x3: 0.96 0.96 0.96 0.96 0.96 0.96 0.96 0.96 0.96 0.96 0.96 0.96 0.96
  per-rule acc: 0.93 1.00
Epoch 1360 | Train: Loss=0.0028 Acc=100.0% | Test: Acc=96.9% | Best=96.9%(@1360)
  from x3: 0.97 0.97 0.97 0.97 0.97 0.97 0.97 0.97 0.97 0.97 0.97 0.97 0.97
  per-rule acc: 0.94 1.00
Epoch 1380 | Train: Loss=0.0053 Acc=100.0% | Test: Acc=96.6% | Best=96.9%(@1360)
  from x3: 0.97 0.97 0.97 0.97 0.97 0.97 0.97 0.97 0.97 0.97 0.97 0.97 0.97
  per-rule acc: 0.93 1.00
Epoch 1400 | Train: Loss=0.0037 Acc=100.0% | Test: Acc=97.1% | Best=97.1%(@1400)
  from x3: 0.98 0.97 0.97 0.97 0.97 0.97 0.97 0.97 0.97 0.97 0.97 0.97 0.97
  per-rule acc: 0.94 1.00
Epoch 1420 | Train: Loss=0.0032 Acc=100.0% | Test: Acc=97.1% | Best=97.1%(@1420)
  from x3: 0.98 0.97 0.97 0.97 0.97 0.97 0.97 0.97 0.97 0.97 0.97 0.97 0.97
  per-rule acc: 0.94 1.00
Epoch 1440 | Train: Loss=0.0030 Acc=100.0% | Test: Acc=97.3% | Best=97.3%(@1440)
  from x3: 0.98 0.97 0.97 0.97 0.97 0.97 0.97 0.97 0.97 0.97 0.97 0.97 0.97
  per-rule acc: 0.95 1.00
Epoch 1460 | Train: Loss=0.0048 Acc=100.0% | Test: Acc=97.4% | Best=97.4%(@1460)
  from x3: 0.98 0.97 0.97 0.97 0.97 0.97 0.97 0.97 0.97 0.97 0.97 0.97 0.97
  per-rule acc: 0.95 1.00
Epoch 1480 | Train: Loss=0.0032 Acc=100.0% | Test: Acc=97.8% | Best=97.8%(@1480)
  from x3: 0.98 0.98 0.98 0.98 0.98 0.98 0.98 0.98 0.98 0.98 0.98 0.98 0.98
  per-rule acc: 0.96 1.00
Epoch 1500 | Train: Loss=0.0032 Acc=100.0% | Test: Acc=98.2% | Best=98.2%(@1500)
  from x3: 0.98 0.98 0.98 0.98 0.98 0.98 0.98 0.98 0.98 0.98 0.98 0.98 0.98
  per-rule acc: 0.96 1.00
Epoch 1520 | Train: Loss=0.0023 Acc=100.0% | Test: Acc=98.2% | Best=98.2%(@1520)
  from x3: 0.99 0.98 0.98 0.98 0.98 0.98 0.98 0.98 0.98 0.98 0.98 0.98 0.98
  per-rule acc: 0.96 1.00
Epoch 1540 | Train: Loss=0.0024 Acc=100.0% | Test: Acc=98.3% | Best=98.3%(@1540)
  from x3: 0.99 0.98 0.98 0.98 0.98 0.98 0.98 0.98 0.98 0.98 0.98 0.98 0.98
  per-rule acc: 0.97 1.00
Epoch 1560 | Train: Loss=0.0022 Acc=100.0% | Test: Acc=98.4% | Best=98.4%(@1560)
  from x3: 0.99 0.98 0.98 0.98 0.98 0.98 0.98 0.98 0.98 0.98 0.98 0.98 0.98
  per-rule acc: 0.97 1.00
Epoch 1580 | Train: Loss=0.0021 Acc=100.0% | Test: Acc=98.3% | Best=98.4%(@1560)
  from x3: 0.99 0.98 0.98 0.98 0.98 0.98 0.98 0.98 0.98 0.98 0.98 0.98 0.98
  per-rule acc: 0.97 1.00
Epoch 1600 | Train: Loss=0.0018 Acc=100.0% | Test: Acc=98.3% | Best=98.4%(@1560)
  from x3: 0.99 0.98 0.98 0.98 0.98 0.98 0.98 0.98 0.98 0.98 0.98 0.98 0.98
  per-rule acc: 0.97 1.00
Epoch 1620 | Train: Loss=0.0018 Acc=100.0% | Test: Acc=98.5% | Best=98.5%(@1620)
  from x3: 0.99 0.98 0.98 0.98 0.98 0.98 0.98 0.98 0.98 0.98 0.98 0.98 0.98
  per-rule acc: 0.97 1.00
Epoch 1640 | Train: Loss=0.0017 Acc=100.0% | Test: Acc=98.4% | Best=98.5%(@1620)
  from x3: 0.99 0.98 0.98 0.98 0.98 0.98 0.98 0.98 0.98 0.98 0.98 0.98 0.98
  per-rule acc: 0.97 1.00
Epoch 1660 | Train: Loss=0.0010 Acc=100.0% | Test: Acc=98.5% | Best=98.5%(@1620)
  from x3: 0.99 0.98 0.98 0.98 0.98 0.98 0.98 0.98 0.98 0.98 0.98 0.98 0.98
  per-rule acc: 0.97 1.00
Epoch 1680 | Train: Loss=0.0021 Acc=100.0% | Test: Acc=98.4% | Best=98.5%(@1620)
  from x3: 0.99 0.98 0.98 0.98 0.98 0.98 0.98 0.98 0.98 0.98 0.98 0.98 0.98
  per-rule acc: 0.97 1.00
Epoch 1700 | Train: Loss=0.0018 Acc=100.0% | Test: Acc=98.3% | Best=98.5%(@1620)
  from x3: 0.99 0.98 0.98 0.98 0.98 0.98 0.98 0.98 0.98 0.98 0.98 0.98 0.98
  per-rule acc: 0.97 1.00
Epoch 1720 | Train: Loss=0.0015 Acc=100.0% | Test: Acc=98.3% | Best=98.5%(@1620)
  from x3: 0.99 0.98 0.98 0.98 0.98 0.98 0.98 0.98 0.98 0.98 0.98 0.98 0.98
  per-rule acc: 0.97 1.00
Epoch 1740 | Train: Loss=0.0012 Acc=100.0% | Test: Acc=98.3% | Best=98.5%(@1620)
  from x3: 0.99 0.98 0.98 0.98 0.98 0.98 0.98 0.98 0.98 0.98 0.98 0.98 0.98
  per-rule acc: 0.97 1.00
Epoch 1760 | Train: Loss=0.0009 Acc=100.0% | Test: Acc=98.3% | Best=98.5%(@1620)
  from x3: 0.99 0.98 0.98 0.98 0.98 0.98 0.98 0.98 0.98 0.98 0.98 0.98 0.98
  per-rule acc: 0.97 1.00
Epoch 1780 | Train: Loss=0.0008 Acc=100.0% | Test: Acc=98.4% | Best=98.5%(@1620)
  from x3: 0.99 0.98 0.98 0.98 0.98 0.98 0.98 0.98 0.98 0.98 0.98 0.98 0.98
  per-rule acc: 0.97 1.00
Epoch 1800 | Train: Loss=0.0006 Acc=100.0% | Test: Acc=98.5% | Best=98.5%(@1620)
  from x3: 0.99 0.98 0.98 0.98 0.98 0.98 0.98 0.98 0.98 0.98 0.98 0.98 0.98
  per-rule acc: 0.97 1.00
Epoch 1820 | Train: Loss=0.0005 Acc=100.0% | Test: Acc=98.6% | Best=98.6%(@1820)
  from x3: 0.99 0.98 0.99 0.99 0.99 0.99 0.99 0.99 0.99 0.99 0.99 0.99 0.99
  per-rule acc: 0.97 1.00
Epoch 1840 | Train: Loss=0.0004 Acc=100.0% | Test: Acc=98.7% | Best=98.7%(@1840)
  from x3: 0.99 0.99 0.99 0.99 0.99 0.99 0.99 0.99 0.99 0.99 0.99 0.99 0.99
  per-rule acc: 0.97 1.00
Epoch 1860 | Train: Loss=0.0003 Acc=100.0% | Test: Acc=98.9% | Best=98.9%(@1860)
  from x3: 0.99 0.99 0.99 0.99 0.99 0.99 0.99 0.99 0.99 0.99 0.99 0.99 0.99
  per-rule acc: 0.98 1.00
Epoch 1880 | Train: Loss=0.0003 Acc=100.0% | Test: Acc=99.0% | Best=99.0%(@1880)
  from x3: 0.99 0.99 0.99 0.99 0.99 0.99 0.99 0.99 0.99 0.99 0.99 0.99 0.99
  per-rule acc: 0.98 1.00
[Early stop] Epoch 1880: test set reached high accuracy

==================================================
Saving model...
[OK] Model saved to: /home/cxm/ai/test0625-exposure/models/mixed_cond_d128l1_r8_e65.pth
  File size: 1418.0 KB
  Best test accuracy: 99.04%

==================================================
Final generation test (given first two items, AB generates 3rd as prompt, validate from 4th)
==================================================

--- AB pair 1: (1, 1) ---

--- Statistics for AB=(1,1) ---
Exposed    samples:  1836 | In-dist: 23868/23868 (100.0%) | OOD: 29366/29376 (100.0%)
Unexposed  samples:   973 | In-dist: 12404/12649 ( 98.1%) | OOD: 15249/15568 ( 98.0%)

--- AB pair 2: (1, 2) ---

--- Statistics for AB=(1,2) ---
Exposed    samples:  1826 | In-dist: 23738/23738 (100.0%) | OOD: 29216/29216 (100.0%)
Unexposed  samples:   983 | In-dist: 12779/12779 (100.0%) | OOD: 15728/15728 (100.0%)

--- Return code: 0 ---

======================================================================
Attention Analysis
======================================================================
Model config: addition (default), p=53
Best test accuracy: 0.990404278747837
Training epochs: 1880

Random test sequence 1/5 (length 32): [35, 45, 27, 19, 46, 12, 5, 17, 22, 39, 8, 47, 2, 49, 51, 47, 45, 39, 31, 17]...

======================================================================
Attention Layer Training Result Summary
======================================================================
Input sequence: [35, 45, 27, 19, 46, 12, 5, 17, 22, 39, 8, 47, 2, 49, 51, 47, 45, 39, 31, 17, 48, 12, 7, 19, 26, 45, 18, 10, 28, 38, 13, 51]

--- Layer 0 ---
  Head 0: Entropy=0.720
    Attention coefficients from each query position to previous positions:
      i= 0 -> j=0:1.000
      i= 1 -> j=0:0.222, j=1:0.778
      i= 2 -> j=0:0.033, j=1:0.158, j=2:0.810
      i= 3 -> j=0:0.003, j=1:0.018, j=2:0.179, j=3:0.799
      i= 4 -> j=0:0.000, j=1:0.001, j=2:0.013, j=3:0.094, j=4:0.892
      i= 5 -> j=0:0.000, j=1:0.000, j=2:0.001, j=3:0.013, j=4:0.189, j=5:0.796
      i= 6 -> j=0:0.000, j=1:0.000, j=2:0.000, j=3:0.001, j=4:0.012, j=5:0.141, j=6:0.845
      i= 7 -> j=0:0.002, j=1:0.001, j=2:0.001, j=3:0.002, j=4:0.007, j=5:0.049, j=6:0.256, j=7:0.682
      i= 8 -> j=0:0.001, j=1:0.001, j=2:0.000, j=3:0.000, j=4:0.000, j=5:0.002, j=6:0.015, j=7:0.130, j=8:0.850
      i= 9 -> j=0:0.000, j=1:0.000, j=2:0.000, j=3:0.000, j=4:0.000, j=5:0.000, j=6:0.001, j=7:0.013, j=8:0.145, j=9:0.839
      i=10 -> j=0:0.000, j=1:0.000, j=2:0.000, j=3:0.000, j=4:0.000, j=5:0.000, j=6:0.000, j=7:0.000, j=8:0.005, j=9:0.086, j=10:0.908
      i=11 -> j=0:0.000, j=1:0.000, j=2:0.000, j=3:0.000, j=4:0.000, j=5:0.000, j=6:0.000, j=7:0.000, j=8:0.000, j=9:0.006, j=10:0.107, j=11:0.885
      i=12 -> j=0:0.002, j=1:0.001, j=2:0.001, j=3:0.001, j=4:0.001, j=5:0.001, j=6:0.000, j=7:0.001, j=8:0.001, j=9:0.004, j=10:0.026, j=11:0.214, j=12:0.748
      i=13 -> j=0:0.000, j=1:0.000, j=2:0.000, j=3:0.000, j=4:0.000, j=5:0.000, j=6:0.000, j=7:0.000, j=8:0.000, j=9:0.000, j=10:0.000, j=11:0.002, j=12:0.062, j=13:0.934
      i=14 -> j=0:0.006, j=1:0.004, j=2:0.003, j=3:0.002, j=4:0.002, j=5:0.002, j=6:0.002, j=7:0.002, j=8:0.001, j=9:0.001, j=10:0.002, j=11:0.007, j=12:0.058, j=13:0.228, j=14:0.679
      i=15 -> j=0:0.000, j=1:0.000, j=2:0.000, j=3:0.000, j=4:0.000, j=5:0.000, j=6:0.000, j=7:0.000, j=8:0.000, j=9:0.000, j=10:0.000, j=11:0.000, j=12:0.001, j=13:0.005, j=14:0.069, j=15:0.923
      i=16 -> j=0:0.003, j=1:0.003, j=2:0.002, j=3:0.001, j=4:0.001, j=5:0.001, j=6:0.001, j=7:0.001, j=8:0.001, j=9:0.001, j=10:0.000, j=11:0.000, j=12:0.001, j=13:0.003, j=14:0.027, j=15:0.225, j=16:0.730
      i=17 -> j=0:0.002, j=1:0.001, j=2:0.001, j=3:0.001, j=4:0.000, j=5:0.000, j=6:0.000, j=7:0.000, j=8:0.000, j=9:0.000, j=10:0.000, j=11:0.000, j=12:0.000, j=13:0.000, j=14:0.002, j=15:0.012, j=16:0.109, j=17:0.871
      i=18 -> j=0:0.002, j=1:0.002, j=2:0.001, j=3:0.001, j=4:0.001, j=5:0.001, j=6:0.000, j=7:0.000, j=8:0.000, j=9:0.000, j=10:0.000, j=11:0.000, j=12:0.000, j=13:0.000, j=14:0.000, j=15:0.001, j=16:0.009, j=17:0.132, j=18:0.849
      i=19 -> j=0:0.012, j=1:0.008, j=2:0.006, j=3:0.005, j=4:0.004, j=5:0.004, j=6:0.003, j=7:0.003, j=8:0.001, j=9:0.002, j=10:0.001, j=11:0.001, j=12:0.002, j=13:0.001, j=14:0.002, j=15:0.002, j=16:0.008, j=17:0.047, j=18:0.231, j=19:0.659
      i=20 -> j=0:0.008, j=1:0.006, j=2:0.004, j=3:0.003, j=4:0.002, j=5:0.002, j=6:0.002, j=7:0.002, j=8:0.001, j=9:0.001, j=10:0.001, j=11:0.001, j=12:0.001, j=13:0.000, j=14:0.001, j=15:0.000, j=16:0.001, j=17:0.004, j=18:0.028, j=19:0.163, j=20:0.770
      i=21 -> j=0:0.004, j=1:0.003, j=2:0.003, j=3:0.002, j=4:0.001, j=5:0.001, j=6:0.001, j=7:0.001, j=8:0.000, j=9:0.000, j=10:0.000, j=11:0.000, j=12:0.000, j=13:0.000, j=14:0.000, j=15:0.000, j=16:0.000, j=17:0.000, j=18:0.001, j=19:0.013, j=20:0.150, j=21:0.819
      i=22 -> j=0:0.007, j=1:0.007, j=2:0.007, j=3:0.005, j=4:0.003, j=5:0.003, j=6:0.002, j=7:0.002, j=8:0.001, j=9:0.001, j=10:0.001, j=11:0.001, j=12:0.001, j=13:0.001, j=14:0.001, j=15:0.000, j=16:0.001, j=17:0.000, j=18:0.001, j=19:0.003, j=20:0.021, j=21:0.185, j=22:0.747
      i=23 -> j=0:0.008, j=1:0.007, j=2:0.008, j=3:0.008, j=4:0.006, j=5:0.005, j=6:0.003, j=7:0.003, j=8:0.002, j=9:0.002, j=10:0.002, j=11:0.001, j=12:0.001, j=13:0.001, j=14:0.001, j=15:0.001, j=16:0.001, j=17:0.001, j=18:0.000, j=19:0.001, j=20:0.003, j=21:0.020, j=22:0.153, j=23:0.762
      i=24 -> j=0:0.012, j=1:0.010, j=2:0.010, j=3:0.011, j=4:0.010, j=5:0.010, j=6:0.007, j=7:0.006, j=8:0.004, j=9:0.004, j=10:0.003, j=11:0.003, j=12:0.003, j=13:0.002, j=14:0.002, j=15:0.001, j=16:0.002, j=17:0.001, j=18:0.001, j=19:0.001, j=20:0.002, j=21:0.006, j=22:0.041, j=23:0.247, j=24:0.599
      i=25 -> j=0:0.009, j=1:0.007, j=2:0.006, j=3:0.006, j=4:0.006, j=5:0.007, j=6:0.005, j=7:0.005, j=8:0.003, j=9:0.002, j=10:0.002, j=11:0.002, j=12:0.002, j=13:0.001, j=14:0.001, j=15:0.001, j=16:0.001, j=17:0.001, j=18:0.000, j=19:0.001, j=20:0.000, j=21:0.001, j=22:0.004, j=23:0.029, j=24:0.173, j=25:0.727
      i=26 -> j=0:0.008, j=1:0.006, j=2:0.005, j=3:0.004, j=4:0.004, j=5:0.005, j=6:0.004, j=7:0.005, j=8:0.003, j=9:0.002, j=10:0.001, j=11:0.001, j=12:0.001, j=13:0.001, j=14:0.001, j=15:0.000, j=16:0.001, j=17:0.000, j=18:0.000, j=19:0.000, j=20:0.000, j=21:0.000, j=22:0.000, j=23:0.001, j=24:0.013, j=25:0.088, j=26:0.843
      i=27 -> j=0:0.007, j=1:0.006, j=2:0.004, j=3:0.003, j=4:0.003, j=5:0.003, j=6:0.003, j=7:0.004, j=8:0.003, j=9:0.002, j=10:0.001, j=11:0.001, j=12:0.001, j=13:0.001, j=14:0.001, j=15:0.000, j=16:0.000, j=17:0.000, j=18:0.000, j=19:0.000, j=20:0.000, j=21:0.000, j=22:0.000, j=23:0.000, j=24:0.003, j=25:0.012, j=26:0.138, j=27:0.802
      i=28 -> j=0:0.011, j=1:0.010, j=2:0.009, j=3:0.007, j=4:0.005, j=5:0.005, j=6:0.005, j=7:0.006, j=8:0.006, j=9:0.006, j=10:0.003, j=11:0.002, j=12:0.002, j=13:0.002, j=14:0.002, j=15:0.001, j=16:0.001, j=17:0.001, j=18:0.001, j=19:0.001, j=20:0.001, j=21:0.001, j=22:0.001, j=23:0.000, j=24:0.001, j=25:0.002, j=26:0.017, j=27:0.190, j=28:0.702
      i=29 -> j=0:0.014, j=1:0.013, j=2:0.012, j=3:0.010, j=4:0.007, j=5:0.006, j=6:0.005, j=7:0.007, j=8:0.006, j=9:0.007, j=10:0.005, j=11:0.004, j=12:0.004, j=13:0.002, j=14:0.003, j=15:0.002, j=16:0.002, j=17:0.001, j=18:0.001, j=19:0.001, j=20:0.001, j=21:0.001, j=22:0.001, j=23:0.000, j=24:0.001, j=25:0.001, j=26:0.004, j=27:0.026, j=28:0.135, j=29:0.721
      i=30 -> j=0:0.008, j=1:0.008, j=2:0.008, j=3:0.007, j=4:0.005, j=5:0.004, j=6:0.003, j=7:0.004, j=8:0.004, j=9:0.004, j=10:0.004, j=11:0.003, j=12:0.003, j=13:0.001, j=14:0.002, j=15:0.001, j=16:0.001, j=17:0.001, j=18:0.000, j=19:0.001, j=20:0.000, j=21:0.000, j=22:0.001, j=23:0.000, j=24:0.000, j=25:0.000, j=26:0.000, j=27:0.002, j=28:0.018, j=29:0.159, j=30:0.746
      i=31 -> j=0:0.017, j=1:0.016, j=2:0.016, j=3:0.016, j=4:0.015, j=5:0.013, j=6:0.010, j=7:0.010, j=8:0.008, j=9:0.009, j=10:0.009, j=11:0.010, j=12:0.010, j=13:0.005, j=14:0.006, j=15:0.004, j=16:0.005, j=17:0.003, j=18:0.002, j=19:0.003, j=20:0.002, j=21:0.002, j=22:0.002, j=23:0.002, j=24:0.002, j=25:0.001, j=26:0.001, j=27:0.002, j=28:0.007, j=29:0.044, j=30:0.241, j=31:0.508
    Average attention per distance:
      d=0:0.788, d=1:0.161, d=2:0.021, d=27:0.010, d=28:0.012, d=29:0.013, d=30:0.012, d=31:0.017


======================================================================
QK Property Verification (Raw Scores, before Softmax)
======================================================================
Recurrence order init_len=2, num test sequences=1

--- [P1] Long-distance Orthogonality Verification ---
Ideal: raw_score mean ≈ 0 and small std when d > init_len

  Layer 0, Head 0:
    d= 1 (effective): mean=  2.331, std= 0.391, n=31
    d= 2 (effective): mean=  0.159, std= 0.261, n=30
    d>2 (long-distance): mean= -2.577, std= 1.064, n=435

--- [P2] Time-homogeneous Verification ---
Ideal: CV of raw_score across positions i ≈ 0 for fixed distance d
(CV = std / |mean|, smaller = more constant)

  Layer 0, Head 0:
    d= 1: mean=  2.331, std= 0.391, CV=0.168, n=31
    d= 2: mean=  0.159, std= 0.261, CV=1.642, n=30

======================================================================
QK Property Verification Completed
======================================================================
