=== Experiment: mixed_label_d128l1_r8_e50 ===
Time: 2026-06-25T12:31:15.267661
Task type: mixed_ab
Merged config: {
  "P": 53,
  "TASK": "mixed_ab",
  "NUM_MASK": 0,
  "A": 1,
  "B": 1,
  "AB_PAIRS": [
    [
      1,
      1
    ],
    [
      1,
      2
    ]
  ],
  "D_MODEL": 128,
  "N_HEAD": 1,
  "N_LAYER": 1,
  "BATCH_SIZE": 128,
  "EPOCHS": 10000,
  "LR": 0.0003,
  "SAVE_PATH": "models/mixed_label_d128l1_r8_e50.pth",
  "USE_GREEDY_GENERATE": true,
  "USE_LEARNABLE_PE": false,
  "MLP_RATIO": 8,
  "TRAIN_LEN": 16,
  "OOD_LEN": 32,
  "DROPOUT": 0.0,
  "TARGET_INIT_COVERAGE": 0.5,
  "MAX_UNIQUE_RATIO": 0.5,
  "WEIGHT_DECAY": 1,
  "ENTROPY_PENALTY_WEIGHT": 0.0,
  "FIRST_TASK_WEIGHT": 1.0,
  "RANDOM_SEED": 42,
  "EVAL_INTERVAL": 20,
  "EARLY_STOP_NO_IMPROVE": 1000,
  "EARLY_STOP_ACCURACY": 0.99,
  "USE_AB_TAG": true,
  "USE_CONDITIONAL_WTE": false,
  "COND_WTE_SHARED_RATIO": 0.0,
  "MIXED_AB_MAX_UNIQUE_RATIOS": [
    0.5,
    0.5
  ]
}
--- output ---
Using device: cuda

[Dataset] Mixed mode: generated 2808 + 2810 samples, length 16
AB parameter pairs: [(1, 1), (1, 2)]
  - AB=(1,1): train 1404 | test 1405 | exposed ~50.0%
  - AB=(1,2): train 1404 | test 1405 | exposed ~50.0%
--------------------------------------------------
[Model config] block_size: 32, train length: 16
[Number theory] AB parameter pairs: [(1, 1), (1, 2)]


Model parameters: 0.35M

Start training...
Epoch   0 | Train: Loss=4.2537 Acc=3.2% | Test: Acc=0.4% | Best=0.4%(@0)
  from x2: 0.01 0.01 0.00 0.00 0.00 0.00 0.00 0.00 0.00 0.00 0.00 0.00 0.00 0.00
  per-rule acc: 0.00 0.00
Epoch  20 | Train: Loss=0.9618 Acc=94.1% | Test: Acc=2.3% | Best=2.3%(@20)
  from x2: 0.02 0.02 0.02 0.02 0.02 0.02 0.02 0.02 0.02 0.02 0.02 0.02 0.02 0.02
  per-rule acc: 0.03 0.02
Epoch  40 | Train: Loss=0.2044 Acc=98.6% | Test: Acc=2.5% | Best=2.5%(@40)
  from x2: 0.02 0.02 0.02 0.02 0.03 0.03 0.02 0.03 0.03 0.03 0.03 0.03 0.03 0.02
  per-rule acc: 0.03 0.02
Epoch  60 | Train: Loss=0.0907 Acc=99.4% | Test: Acc=2.4% | Best=2.5%(@40)
  from x2: 0.02 0.02 0.02 0.02 0.02 0.02 0.02 0.02 0.02 0.02 0.02 0.02 0.02 0.02
  per-rule acc: 0.03 0.02
Epoch  80 | Train: Loss=0.0558 Acc=99.7% | Test: Acc=2.3% | Best=2.5%(@40)
  from x2: 0.02 0.02 0.02 0.02 0.02 0.02 0.02 0.02 0.02 0.02 0.02 0.02 0.02 0.02
  per-rule acc: 0.03 0.02
Epoch 100 | Train: Loss=0.0413 Acc=99.9% | Test: Acc=2.3% | Best=2.5%(@40)
  from x2: 0.02 0.02 0.02 0.02 0.02 0.02 0.02 0.02 0.02 0.02 0.02 0.02 0.02 0.02
  per-rule acc: 0.03 0.02
Epoch 120 | Train: Loss=0.0668 Acc=99.9% | Test: Acc=2.5% | Best=2.5%(@120)
  from x2: 0.02 0.02 0.02 0.02 0.02 0.03 0.03 0.03 0.03 0.03 0.02 0.02 0.02 0.02
  per-rule acc: 0.03 0.02
Epoch 140 | Train: Loss=0.0600 Acc=99.9% | Test: Acc=2.6% | Best=2.6%(@140)
  from x2: 0.02 0.03 0.03 0.03 0.03 0.03 0.03 0.03 0.03 0.03 0.03 0.03 0.03 0.03
  per-rule acc: 0.03 0.02
Epoch 160 | Train: Loss=0.0367 Acc=99.9% | Test: Acc=2.7% | Best=2.7%(@160)
  from x2: 0.02 0.02 0.03 0.03 0.03 0.03 0.03 0.03 0.03 0.03 0.03 0.03 0.03 0.03
  per-rule acc: 0.03 0.02
Epoch 180 | Train: Loss=0.0587 Acc=99.9% | Test: Acc=2.6% | Best=2.7%(@160)
  from x2: 0.03 0.03 0.03 0.03 0.03 0.03 0.03 0.03 0.03 0.03 0.03 0.03 0.03 0.03
  per-rule acc: 0.03 0.02
Epoch 200 | Train: Loss=0.0508 Acc=99.9% | Test: Acc=2.9% | Best=2.9%(@200)
  from x2: 0.03 0.03 0.03 0.03 0.03 0.03 0.03 0.03 0.03 0.03 0.03 0.03 0.03 0.03
  per-rule acc: 0.03 0.02
Epoch 220 | Train: Loss=0.0449 Acc=99.8% | Test: Acc=2.8% | Best=2.9%(@200)
  from x2: 0.03 0.03 0.03 0.03 0.03 0.03 0.03 0.03 0.03 0.03 0.03 0.03 0.03 0.03
  per-rule acc: 0.03 0.02
Epoch 240 | Train: Loss=0.0407 Acc=99.9% | Test: Acc=2.9% | Best=2.9%(@240)
  from x2: 0.03 0.03 0.03 0.03 0.03 0.03 0.03 0.03 0.03 0.03 0.03 0.03 0.03 0.03
  per-rule acc: 0.03 0.03
Epoch 260 | Train: Loss=0.0363 Acc=99.9% | Test: Acc=2.9% | Best=2.9%(@240)
  from x2: 0.03 0.03 0.03 0.03 0.03 0.03 0.03 0.03 0.03 0.03 0.03 0.03 0.03 0.03
  per-rule acc: 0.04 0.02
Epoch 280 | Train: Loss=0.0438 Acc=99.8% | Test: Acc=3.2% | Best=3.2%(@280)
  from x2: 0.03 0.03 0.03 0.03 0.03 0.03 0.03 0.03 0.03 0.03 0.03 0.03 0.03 0.03
  per-rule acc: 0.04 0.03
Epoch 300 | Train: Loss=0.0342 Acc=99.9% | Test: Acc=3.4% | Best=3.4%(@300)
  from x2: 0.04 0.03 0.03 0.03 0.03 0.03 0.03 0.03 0.03 0.03 0.03 0.03 0.03 0.03
  per-rule acc: 0.04 0.03
Epoch 320 | Train: Loss=0.0442 Acc=99.8% | Test: Acc=3.2% | Best=3.4%(@300)
  from x2: 0.04 0.03 0.03 0.03 0.03 0.03 0.03 0.03 0.03 0.03 0.03 0.03 0.03 0.03
  per-rule acc: 0.04 0.03
Epoch 340 | Train: Loss=0.0314 Acc=99.9% | Test: Acc=3.5% | Best=3.5%(@340)
  from x2: 0.04 0.03 0.03 0.03 0.03 0.04 0.04 0.03 0.03 0.04 0.03 0.03 0.03 0.04
  per-rule acc: 0.04 0.03
Epoch 360 | Train: Loss=0.0290 Acc=99.9% | Test: Acc=3.5% | Best=3.5%(@360)
  from x2: 0.04 0.04 0.03 0.04 0.04 0.04 0.03 0.04 0.04 0.03 0.03 0.03 0.03 0.03
  per-rule acc: 0.04 0.03
Epoch 380 | Train: Loss=0.0377 Acc=99.8% | Test: Acc=3.7% | Best=3.7%(@380)
  from x2: 0.04 0.04 0.04 0.04 0.04 0.04 0.04 0.04 0.04 0.04 0.04 0.04 0.04 0.04
  per-rule acc: 0.04 0.03
Epoch 400 | Train: Loss=0.0328 Acc=99.9% | Test: Acc=3.7% | Best=3.7%(@400)
  from x2: 0.04 0.04 0.04 0.04 0.04 0.04 0.04 0.04 0.04 0.04 0.04 0.04 0.04 0.04
  per-rule acc: 0.04 0.03
Epoch 420 | Train: Loss=0.0395 Acc=99.8% | Test: Acc=4.0% | Best=4.0%(@420)
  from x2: 0.04 0.04 0.04 0.04 0.04 0.04 0.04 0.04 0.04 0.04 0.04 0.04 0.04 0.04
  per-rule acc: 0.05 0.03
Epoch 440 | Train: Loss=0.0331 Acc=99.9% | Test: Acc=4.2% | Best=4.2%(@440)
  from x2: 0.05 0.05 0.04 0.04 0.04 0.04 0.04 0.04 0.04 0.04 0.04 0.04 0.04 0.04
  per-rule acc: 0.05 0.04
Epoch 460 | Train: Loss=0.0295 Acc=99.8% | Test: Acc=4.5% | Best=4.5%(@460)
  from x2: 0.05 0.05 0.05 0.05 0.05 0.05 0.05 0.04 0.04 0.04 0.04 0.04 0.04 0.04
  per-rule acc: 0.05 0.04
Epoch 480 | Train: Loss=0.0313 Acc=99.9% | Test: Acc=4.9% | Best=4.9%(@480)
  from x2: 0.05 0.05 0.05 0.05 0.05 0.05 0.05 0.05 0.05 0.05 0.05 0.05 0.05 0.05
  per-rule acc: 0.05 0.04
Epoch 500 | Train: Loss=0.0242 Acc=99.9% | Test: Acc=5.5% | Best=5.5%(@500)
  from x2: 0.06 0.06 0.06 0.06 0.06 0.05 0.05 0.05 0.05 0.05 0.05 0.05 0.05 0.05
  per-rule acc: 0.06 0.05
Epoch 520 | Train: Loss=0.0235 Acc=99.9% | Test: Acc=6.5% | Best=6.5%(@520)
  from x2: 0.07 0.07 0.07 0.07 0.07 0.07 0.06 0.07 0.06 0.06 0.07 0.07 0.06 0.06
  per-rule acc: 0.07 0.06
Epoch 540 | Train: Loss=0.0152 Acc=100.0% | Test: Acc=8.5% | Best=8.5%(@540)
  from x2: 0.09 0.08 0.09 0.09 0.08 0.08 0.08 0.08 0.08 0.08 0.09 0.08 0.08 0.09
  per-rule acc: 0.09 0.08
Epoch 560 | Train: Loss=0.0148 Acc=100.0% | Test: Acc=11.6% | Best=11.6%(@560)
  from x2: 0.12 0.12 0.12 0.12 0.12 0.12 0.11 0.12 0.12 0.12 0.12 0.12 0.12 0.12
  per-rule acc: 0.13 0.11
Epoch 580 | Train: Loss=0.0153 Acc=100.0% | Test: Acc=17.7% | Best=17.7%(@580)
  from x2: 0.18 0.18 0.17 0.17 0.18 0.18 0.18 0.18 0.18 0.18 0.18 0.18 0.17 0.17
  per-rule acc: 0.20 0.15
Epoch 600 | Train: Loss=0.0106 Acc=100.0% | Test: Acc=24.2% | Best=24.2%(@600)
  from x2: 0.26 0.25 0.25 0.24 0.24 0.24 0.24 0.24 0.24 0.24 0.24 0.24 0.24 0.23
  per-rule acc: 0.27 0.21
Epoch 620 | Train: Loss=0.0086 Acc=100.0% | Test: Acc=34.9% | Best=34.9%(@620)
  from x2: 0.36 0.36 0.35 0.35 0.35 0.35 0.35 0.35 0.35 0.35 0.35 0.34 0.34 0.34
  per-rule acc: 0.39 0.31
Epoch 640 | Train: Loss=0.0071 Acc=100.0% | Test: Acc=49.8% | Best=49.8%(@640)
  from x2: 0.50 0.51 0.51 0.50 0.50 0.50 0.50 0.50 0.50 0.50 0.49 0.49 0.49 0.49
  per-rule acc: 0.57 0.43
Epoch 660 | Train: Loss=0.0058 Acc=100.0% | Test: Acc=67.2% | Best=67.2%(@660)
  from x2: 0.67 0.69 0.69 0.68 0.68 0.67 0.67 0.67 0.67 0.67 0.67 0.66 0.66 0.65
  per-rule acc: 0.74 0.60
Epoch 680 | Train: Loss=0.0048 Acc=100.0% | Test: Acc=81.8% | Best=81.8%(@680)
  from x2: 0.82 0.84 0.84 0.83 0.82 0.82 0.82 0.82 0.82 0.82 0.81 0.81 0.80 0.80
  per-rule acc: 0.88 0.76
Epoch 700 | Train: Loss=0.0040 Acc=100.0% | Test: Acc=92.3% | Best=92.3%(@700)
  from x2: 0.93 0.93 0.93 0.93 0.93 0.93 0.93 0.92 0.92 0.92 0.92 0.92 0.91 0.91
  per-rule acc: 0.96 0.89
Epoch 720 | Train: Loss=0.0034 Acc=100.0% | Test: Acc=97.3% | Best=97.3%(@720)
  from x2: 0.97 0.98 0.98 0.98 0.98 0.97 0.97 0.97 0.97 0.97 0.97 0.97 0.97 0.96
  per-rule acc: 0.99 0.96
Epoch 740 | Train: Loss=0.0029 Acc=100.0% | Test: Acc=99.0% | Best=99.0%(@740)
  from x2: 0.99 0.99 0.99 0.99 0.99 0.99 0.99 0.99 0.99 0.99 0.99 0.99 0.99 0.99
  per-rule acc: 0.99 0.98
Epoch 760 | Train: Loss=0.0024 Acc=100.0% | Test: Acc=99.7% | Best=99.7%(@760)
  from x2: 1.00 1.00 1.00 1.00 1.00 1.00 1.00 1.00 1.00 1.00 1.00 1.00 1.00 1.00
  per-rule acc: 1.00 1.00
[Early stop] Epoch 760: test set reached high accuracy

==================================================
Saving model...
[OK] Model saved to: /home/cxm/ai/test0625-exposure/models/mixed_label_d128l1_r8_e50.pth
  File size: 1364.7 KB
  Best test accuracy: 99.75%

==================================================
Final generation test (given first two items, AB generates 3rd as prompt, validate from 4th)
==================================================

--- AB pair 1: (1, 1) ---

--- Statistics for AB=(1,1) ---
Exposed    samples:  1404 | In-dist: 18252/18252 (100.0%) | OOD: 20171/22464 ( 89.8%)
Unexposed  samples:  1405 | In-dist: 18231/18265 ( 99.8%) | OOD: 18160/22480 ( 80.8%)

--- AB pair 2: (1, 2) ---

--- Statistics for AB=(1,2) ---
Exposed    samples:  1404 | In-dist: 18252/18252 (100.0%) | OOD: 13214/22464 ( 58.8%)
Unexposed  samples:  1405 | In-dist: 18209/18265 ( 99.7%) | OOD: 11572/22480 ( 51.5%)

--- Return code: 0 ---

======================================================================
Attention Analysis
======================================================================
Model config: addition (default), p=53
Best test accuracy: 0.9974580579562786
Training epochs: 760

Random test sequence 1/5 (length 32): [3, 12, 15, 27, 42, 16, 5, 21, 26, 47, 20, 14, 34, 48, 29, 24, 0, 24, 24, 48]...

======================================================================
Attention Layer Training Result Summary
======================================================================
Input sequence: [3, 12, 15, 27, 42, 16, 5, 21, 26, 47, 20, 14, 34, 48, 29, 24, 0, 24, 24, 48, 19, 14, 33, 47, 27, 21, 48, 16, 11, 27, 38, 12]

--- Layer 0 ---
  Head 0: Entropy=0.521
    Attention coefficients from each query position to previous positions:
      i= 0 -> j=0:1.000
      i= 1 -> j=0:0.078, j=1:0.922
      i= 2 -> j=0:0.005, j=1:0.074, j=2:0.920
      i= 3 -> j=0:0.001, j=1:0.006, j=2:0.076, j=3:0.917
      i= 4 -> j=0:0.001, j=1:0.001, j=2:0.006, j=3:0.078, j=4:0.915
      i= 5 -> j=0:0.001, j=1:0.001, j=2:0.001, j=3:0.006, j=4:0.076, j=5:0.915
      i= 6 -> j=0:0.001, j=1:0.001, j=2:0.001, j=3:0.001, j=4:0.007, j=5:0.081, j=6:0.909
      i= 7 -> j=0:0.001, j=1:0.001, j=2:0.001, j=3:0.001, j=4:0.001, j=5:0.005, j=6:0.073, j=7:0.918
      i= 8 -> j=0:0.001, j=1:0.001, j=2:0.001, j=3:0.001, j=4:0.001, j=5:0.001, j=6:0.006, j=7:0.076, j=8:0.913
      i= 9 -> j=0:0.000, j=1:0.001, j=2:0.001, j=3:0.001, j=4:0.001, j=5:0.001, j=6:0.001, j=7:0.006, j=8:0.081, j=9:0.908
      i=10 -> j=0:0.000, j=1:0.000, j=2:0.000, j=3:0.001, j=4:0.001, j=5:0.001, j=6:0.001, j=7:0.001, j=8:0.006, j=9:0.071, j=10:0.918
      i=11 -> j=0:0.001, j=1:0.000, j=2:0.000, j=3:0.000, j=4:0.001, j=5:0.001, j=6:0.001, j=7:0.001, j=8:0.001, j=9:0.006, j=10:0.078, j=11:0.909
      i=12 -> j=0:0.001, j=1:0.000, j=2:0.000, j=3:0.000, j=4:0.000, j=5:0.001, j=6:0.001, j=7:0.001, j=8:0.000, j=9:0.001, j=10:0.005, j=11:0.075, j=12:0.914
      i=13 -> j=0:0.001, j=1:0.001, j=2:0.000, j=3:0.000, j=4:0.000, j=5:0.000, j=6:0.001, j=7:0.001, j=8:0.001, j=9:0.001, j=10:0.001, j=11:0.006, j=12:0.078, j=13:0.907
      i=14 -> j=0:0.001, j=1:0.001, j=2:0.001, j=3:0.001, j=4:0.000, j=5:0.000, j=6:0.001, j=7:0.001, j=8:0.001, j=9:0.001, j=10:0.001, j=11:0.001, j=12:0.006, j=13:0.081, j=14:0.904
      i=15 -> j=0:0.001, j=1:0.001, j=2:0.001, j=3:0.001, j=4:0.000, j=5:0.000, j=6:0.000, j=7:0.000, j=8:0.001, j=9:0.001, j=10:0.001, j=11:0.001, j=12:0.001, j=13:0.006, j=14:0.079, j=15:0.906
      i=16 -> j=0:0.001, j=1:0.000, j=2:0.000, j=3:0.001, j=4:0.000, j=5:0.000, j=6:0.000, j=7:0.000, j=8:0.000, j=9:0.001, j=10:0.001, j=11:0.001, j=12:0.000, j=13:0.001, j=14:0.005, j=15:0.055, j=16:0.933
      i=17 -> j=0:0.002, j=1:0.001, j=2:0.000, j=3:0.001, j=4:0.001, j=5:0.001, j=6:0.000, j=7:0.000, j=8:0.000, j=9:0.000, j=10:0.001, j=11:0.001, j=12:0.001, j=13:0.001, j=14:0.001, j=15:0.006, j=16:0.160, j=17:0.824
      i=18 -> j=0:0.003, j=1:0.001, j=2:0.001, j=3:0.000, j=4:0.001, j=5:0.001, j=6:0.001, j=7:0.000, j=8:0.000, j=9:0.000, j=10:0.000, j=11:0.001, j=12:0.001, j=13:0.001, j=14:0.001, j=15:0.001, j=16:0.012, j=17:0.082, j=18:0.892
      i=19 -> j=0:0.006, j=1:0.003, j=2:0.001, j=3:0.001, j=4:0.001, j=5:0.001, j=6:0.001, j=7:0.001, j=8:0.000, j=9:0.000, j=10:0.000, j=11:0.000, j=12:0.001, j=13:0.002, j=14:0.001, j=15:0.001, j=16:0.002, j=17:0.006, j=18:0.067, j=19:0.905
      i=20 -> j=0:0.005, j=1:0.004, j=2:0.002, j=3:0.001, j=4:0.001, j=5:0.000, j=6:0.000, j=7:0.001, j=8:0.001, j=9:0.000, j=10:0.000, j=11:0.000, j=12:0.000, j=13:0.001, j=14:0.001, j=15:0.001, j=16:0.001, j=17:0.001, j=18:0.006, j=19:0.072, j=20:0.902
      i=21 -> j=0:0.006, j=1:0.005, j=2:0.004, j=3:0.002, j=4:0.001, j=5:0.001, j=6:0.000, j=7:0.001, j=8:0.001, j=9:0.001, j=10:0.000, j=11:0.000, j=12:0.000, j=13:0.000, j=14:0.001, j=15:0.001, j=16:0.001, j=17:0.001, j=18:0.001, j=19:0.006, j=20:0.076, j=21:0.890
      i=22 -> j=0:0.006, j=1:0.005, j=2:0.004, j=3:0.003, j=4:0.002, j=5:0.001, j=6:0.000, j=7:0.000, j=8:0.000, j=9:0.001, j=10:0.000, j=11:0.000, j=12:0.000, j=13:0.000, j=14:0.000, j=15:0.001, j=16:0.001, j=17:0.001, j=18:0.001, j=19:0.001, j=20:0.005, j=21:0.076, j=22:0.891
      i=23 -> j=0:0.011, j=1:0.007, j=2:0.005, j=3:0.004, j=4:0.003, j=5:0.002, j=6:0.001, j=7:0.001, j=8:0.000, j=9:0.001, j=10:0.001, j=11:0.000, j=12:0.000, j=13:0.000, j=14:0.000, j=15:0.000, j=16:0.001, j=17:0.001, j=18:0.001, j=19:0.001, j=20:0.001, j=21:0.006, j=22:0.076, j=23:0.876
      i=24 -> j=0:0.017, j=1:0.010, j=2:0.006, j=3:0.005, j=4:0.004, j=5:0.004, j=6:0.003, j=7:0.001, j=8:0.001, j=9:0.001, j=10:0.000, j=11:0.001, j=12:0.001, j=13:0.000, j=14:0.000, j=15:0.000, j=16:0.001, j=17:0.001, j=18:0.001, j=19:0.001, j=20:0.001, j=21:0.001, j=22:0.006, j=23:0.072, j=24:0.864
      i=25 -> j=0:0.017, j=1:0.014, j=2:0.008, j=3:0.005, j=4:0.003, j=5:0.003, j=6:0.003, j=7:0.002, j=8:0.001, j=9:0.000, j=10:0.000, j=11:0.000, j=12:0.001, j=13:0.000, j=14:0.000, j=15:0.000, j=16:0.000, j=17:0.000, j=18:0.001, j=19:0.001, j=20:0.001, j=21:0.000, j=22:0.001, j=23:0.005, j=24:0.071, j=25:0.862
      i=26 -> j=0:0.021, j=1:0.021, j=2:0.015, j=3:0.010, j=4:0.006, j=5:0.004, j=6:0.004, j=7:0.005, j=8:0.003, j=9:0.001, j=10:0.001, j=11:0.000, j=12:0.001, j=13:0.001, j=14:0.001, j=15:0.000, j=16:0.000, j=17:0.000, j=18:0.000, j=19:0.001, j=20:0.001, j=21:0.001, j=22:0.001, j=23:0.001, j=24:0.006, j=25:0.073, j=26:0.821
      i=27 -> j=0:0.019, j=1:0.017, j=2:0.016, j=3:0.013, j=4:0.007, j=5:0.006, j=6:0.004, j=7:0.004, j=8:0.004, j=9:0.002, j=10:0.001, j=11:0.000, j=12:0.000, j=13:0.000, j=14:0.001, j=15:0.001, j=16:0.000, j=17:0.000, j=18:0.000, j=19:0.000, j=20:0.001, j=21:0.001, j=22:0.001, j=23:0.001, j=24:0.001, j=25:0.005, j=26:0.068, j=27:0.825
      i=28 -> j=0:0.024, j=1:0.017, j=2:0.015, j=3:0.015, j=4:0.012, j=5:0.008, j=6:0.005, j=7:0.004, j=8:0.004, j=9:0.003, j=10:0.002, j=11:0.001, j=12:0.000, j=13:0.000, j=14:0.001, j=15:0.000, j=16:0.001, j=17:0.000, j=18:0.000, j=19:0.000, j=20:0.000, j=21:0.001, j=22:0.001, j=23:0.001, j=24:0.001, j=25:0.001, j=26:0.005, j=27:0.067, j=28:0.813
      i=29 -> j=0:0.046, j=1:0.027, j=2:0.020, j=3:0.019, j=4:0.016, j=5:0.014, j=6:0.009, j=7:0.006, j=8:0.005, j=9:0.004, j=10:0.003, j=11:0.002, j=12:0.001, j=13:0.001, j=14:0.001, j=15:0.000, j=16:0.001, j=17:0.001, j=18:0.000, j=19:0.000, j=20:0.000, j=21:0.000, j=22:0.001, j=23:0.001, j=24:0.001, j=25:0.001, j=26:0.001, j=27:0.005, j=28:0.064, j=29:0.752
      i=30 -> j=0:0.063, j=1:0.039, j=2:0.025, j=3:0.017, j=4:0.016, j=5:0.017, j=6:0.013, j=7:0.008, j=8:0.005, j=9:0.004, j=10:0.003, j=11:0.003, j=12:0.002, j=13:0.001, j=14:0.001, j=15:0.000, j=16:0.001, j=17:0.001, j=18:0.001, j=19:0.000, j=20:0.000, j=21:0.000, j=22:0.000, j=23:0.001, j=24:0.001, j=25:0.001, j=26:0.001, j=27:0.001, j=28:0.005, j=29:0.064, j=30:0.707
      i=31 -> j=0:0.065, j=1:0.063, j=2:0.039, j=3:0.020, j=4:0.015, j=5:0.015, j=6:0.015, j=7:0.012, j=8:0.008, j=9:0.005, j=10:0.003, j=11:0.003, j=12:0.003, j=13:0.002, j=14:0.001, j=15:0.000, j=16:0.000, j=17:0.000, j=18:0.000, j=19:0.000, j=20:0.000, j=21:0.000, j=22:0.000, j=23:0.000, j=24:0.001, j=25:0.001, j=26:0.001, j=27:0.000, j=28:0.001, j=29:0.004, j=30:0.055, j=31:0.666
    Average attention per distance:
      d=0:0.879, d=1:0.076, d=24:0.014, d=25:0.017, d=26:0.017, d=27:0.017, d=28:0.024, d=29:0.042
      d=30:0.063, d=31:0.065


======================================================================
QK Property Verification (Raw Scores, before Softmax)
======================================================================
Recurrence order init_len=2, num test sequences=1

--- [P1] Long-distance Orthogonality Verification ---
Ideal: raw_score mean ≈ 0 and small std when d > init_len

  Layer 0, Head 0:
    d= 1 (effective): mean=  0.985, std= 0.151, n=31
    d= 2 (effective): mean= -1.568, std= 0.135, n=30
    d>2 (long-distance): mean= -3.240, std= 1.258, n=435

--- [P2] Time-homogeneous Verification ---
Ideal: CV of raw_score across positions i ≈ 0 for fixed distance d
(CV = std / |mean|, smaller = more constant)

  Layer 0, Head 0:
    d= 1: mean=  0.985, std= 0.151, CV=0.153, n=31
    d= 2: mean= -1.568, std= 0.135, CV=0.086, n=30

======================================================================
QK Property Verification Completed
======================================================================
