=== Experiment: mixed_basic_d1024l4_r16_t16_e35 ===
Time: 2026-06-25T09:51:01.245107
Task type: mixed_ab
Merged config: {
  "P": 53,
  "TASK": "mixed_ab",
  "NUM_MASK": 0,
  "A": 1,
  "B": 1,
  "AB_PAIRS": [
    [
      1,
      1
    ],
    [
      1,
      2
    ]
  ],
  "D_MODEL": 1024,
  "N_HEAD": 1,
  "N_LAYER": 4,
  "BATCH_SIZE": 128,
  "EPOCHS": 10000,
  "LR": 0.0003,
  "SAVE_PATH": "models/mixed_basic_d1024l4_r16_t16_e35.pth",
  "USE_GREEDY_GENERATE": true,
  "USE_LEARNABLE_PE": false,
  "MLP_RATIO": 16,
  "TRAIN_LEN": 16,
  "OOD_LEN": 32,
  "DROPOUT": 0.0,
  "TARGET_INIT_COVERAGE": 0.5,
  "MAX_UNIQUE_RATIO": 0.5,
  "WEIGHT_DECAY": 1,
  "ENTROPY_PENALTY_WEIGHT": 0.0,
  "FIRST_TASK_WEIGHT": 1.0,
  "RANDOM_SEED": 42,
  "EVAL_INTERVAL": 20,
  "EARLY_STOP_NO_IMPROVE": 1000,
  "EARLY_STOP_ACCURACY": 0.99,
  "USE_AB_TAG": false,
  "USE_CONDITIONAL_WTE": false,
  "COND_WTE_SHARED_RATIO": 0.0,
  "MIXED_AB_MAX_UNIQUE_RATIOS": [
    0.35,
    0.35
  ]
}
--- output ---
Using device: cuda

[Dataset] Mixed mode: generated 2070 + 3548 samples, length 16
AB parameter pairs: [(1, 1), (1, 2)]
  - AB=(1,1): train 1080 | test 1729 | exposed ~38.4%
  - AB=(1,2): train 990 | test 1819 | exposed ~35.2%
--------------------------------------------------
[Model config] block_size: 32, train length: 16
[Number theory] AB parameter pairs: [(1, 1), (1, 2)]


Model parameters: 151.68M

Start training...
Epoch   0 | Train: Loss=4.3466 Acc=6.5% | Test: Acc=1.0% | Best=1.0%(@0)
  from x3: 0.01 0.01 0.01 0.01 0.01 0.01 0.01 0.01 0.01 0.01 0.01 0.01 0.01
  per-rule acc: 0.01 0.01
Epoch  20 | Train: Loss=0.0231 Acc=99.6% | Test: Acc=2.2% | Best=2.2%(@20)
  from x3: 0.03 0.03 0.02 0.02 0.02 0.02 0.02 0.02 0.02 0.02 0.02 0.02 0.02
  per-rule acc: 0.03 0.02
Epoch  40 | Train: Loss=0.0105 Acc=99.8% | Test: Acc=2.9% | Best=2.9%(@40)
  from x3: 0.03 0.03 0.03 0.03 0.03 0.03 0.03 0.03 0.03 0.03 0.03 0.03 0.03
  per-rule acc: 0.04 0.02
Epoch  60 | Train: Loss=0.0053 Acc=99.9% | Test: Acc=2.9% | Best=2.9%(@40)
  from x3: 0.04 0.03 0.03 0.03 0.03 0.03 0.03 0.03 0.03 0.03 0.03 0.03 0.03
  per-rule acc: 0.04 0.02
Epoch  80 | Train: Loss=0.0012 Acc=100.0% | Test: Acc=3.1% | Best=3.1%(@80)
  from x3: 0.04 0.03 0.03 0.03 0.03 0.03 0.03 0.03 0.03 0.03 0.03 0.03 0.03
  per-rule acc: 0.04 0.02
Epoch 100 | Train: Loss=0.0018 Acc=100.0% | Test: Acc=3.1% | Best=3.1%(@80)
  from x3: 0.04 0.03 0.03 0.03 0.03 0.03 0.03 0.03 0.03 0.03 0.03 0.03 0.03
  per-rule acc: 0.04 0.02
Epoch 120 | Train: Loss=0.0019 Acc=100.0% | Test: Acc=2.9% | Best=3.1%(@80)
  from x3: 0.04 0.03 0.03 0.03 0.03 0.03 0.03 0.03 0.03 0.03 0.03 0.03 0.03
  per-rule acc: 0.04 0.02
Epoch 140 | Train: Loss=4.3160 Acc=2.4% | Test: Acc=1.9% | Best=3.1%(@80)
  from x3: 0.02 0.02 0.02 0.02 0.02 0.02 0.02 0.02 0.02 0.02 0.02 0.02 0.02
  per-rule acc: 0.02 0.02
Epoch 160 | Train: Loss=4.2962 Acc=2.5% | Test: Acc=1.6% | Best=3.1%(@80)
  from x3: 0.02 0.02 0.01 0.01 0.01 0.02 0.01 0.02 0.02 0.02 0.02 0.02 0.02
  per-rule acc: 0.02 0.02
Epoch 180 | Train: Loss=4.2566 Acc=3.5% | Test: Acc=1.5% | Best=3.1%(@80)
  from x3: 0.02 0.02 0.02 0.01 0.01 0.01 0.01 0.02 0.01 0.01 0.01 0.01 0.01
  per-rule acc: 0.02 0.01
Epoch 200 | Train: Loss=3.5085 Acc=17.7% | Test: Acc=1.7% | Best=3.1%(@80)
  from x3: 0.02 0.02 0.02 0.01 0.01 0.02 0.02 0.02 0.02 0.02 0.02 0.02 0.02
  per-rule acc: 0.02 0.02
Epoch 220 | Train: Loss=0.3359 Acc=93.3% | Test: Acc=1.7% | Best=3.1%(@80)
  from x3: 0.01 0.01 0.02 0.02 0.02 0.02 0.02 0.02 0.02 0.02 0.02 0.02 0.02
  per-rule acc: 0.02 0.02
Epoch 240 | Train: Loss=0.0574 Acc=98.7% | Test: Acc=1.6% | Best=3.1%(@80)
  from x3: 0.02 0.02 0.02 0.02 0.02 0.02 0.02 0.02 0.02 0.02 0.02 0.02 0.02
  per-rule acc: 0.01 0.02
Epoch 260 | Train: Loss=0.0263 Acc=99.3% | Test: Acc=1.8% | Best=3.1%(@80)
  from x3: 0.01 0.02 0.02 0.02 0.02 0.02 0.02 0.02 0.02 0.02 0.02 0.02 0.02
  per-rule acc: 0.02 0.02
Epoch 280 | Train: Loss=0.0360 Acc=99.3% | Test: Acc=1.6% | Best=3.1%(@80)
  from x3: 0.01 0.02 0.02 0.02 0.02 0.02 0.02 0.02 0.02 0.02 0.02 0.01 0.01
  per-rule acc: 0.02 0.02
Epoch 300 | Train: Loss=0.0300 Acc=99.4% | Test: Acc=1.6% | Best=3.1%(@80)
  from x3: 0.01 0.02 0.02 0.02 0.02 0.02 0.02 0.02 0.01 0.02 0.02 0.02 0.02
  per-rule acc: 0.02 0.02
Epoch 320 | Train: Loss=0.0111 Acc=99.6% | Test: Acc=1.5% | Best=3.1%(@80)
  from x3: 0.02 0.02 0.02 0.02 0.01 0.01 0.01 0.01 0.01 0.01 0.02 0.01 0.01
  per-rule acc: 0.01 0.02
Epoch 340 | Train: Loss=0.0088 Acc=99.8% | Test: Acc=1.7% | Best=3.1%(@80)
  from x3: 0.02 0.02 0.02 0.02 0.02 0.02 0.02 0.02 0.02 0.02 0.02 0.02 0.02
  per-rule acc: 0.02 0.02
Epoch 360 | Train: Loss=0.0071 Acc=99.8% | Test: Acc=1.5% | Best=3.1%(@80)
  from x3: 0.01 0.02 0.02 0.02 0.01 0.02 0.02 0.01 0.02 0.01 0.01 0.01 0.01
  per-rule acc: 0.02 0.02
Epoch 380 | Train: Loss=0.3403 Acc=98.3% | Test: Acc=1.5% | Best=3.1%(@80)
  from x3: 0.01 0.02 0.01 0.02 0.01 0.02 0.02 0.02 0.02 0.02 0.02 0.01 0.02
  per-rule acc: 0.01 0.02
Epoch 400 | Train: Loss=0.0050 Acc=99.9% | Test: Acc=1.5% | Best=3.1%(@80)
  from x3: 0.02 0.02 0.02 0.02 0.02 0.01 0.02 0.01 0.02 0.01 0.02 0.02 0.01
  per-rule acc: 0.01 0.02
Epoch 420 | Train: Loss=0.0544 Acc=99.3% | Test: Acc=1.5% | Best=3.1%(@80)
  from x3: 0.01 0.02 0.02 0.01 0.01 0.02 0.01 0.02 0.02 0.02 0.01 0.01 0.01
  per-rule acc: 0.01 0.02
Epoch 440 | Train: Loss=0.0030 Acc=99.9% | Test: Acc=1.6% | Best=3.1%(@80)
  from x3: 0.02 0.02 0.02 0.02 0.02 0.01 0.02 0.02 0.02 0.01 0.01 0.01 0.01
  per-rule acc: 0.02 0.02
Epoch 460 | Train: Loss=0.0065 Acc=99.8% | Test: Acc=1.8% | Best=3.1%(@80)
  from x3: 0.02 0.02 0.02 0.02 0.02 0.02 0.02 0.02 0.02 0.02 0.02 0.02 0.02
  per-rule acc: 0.02 0.02
Epoch 480 | Train: Loss=0.0026 Acc=99.9% | Test: Acc=1.7% | Best=3.1%(@80)
  from x3: 0.01 0.02 0.02 0.02 0.02 0.02 0.02 0.02 0.02 0.02 0.02 0.02 0.02
  per-rule acc: 0.02 0.02
Epoch 500 | Train: Loss=0.0038 Acc=99.9% | Test: Acc=1.7% | Best=3.1%(@80)
  from x3: 0.02 0.02 0.02 0.02 0.02 0.02 0.02 0.02 0.02 0.02 0.02 0.02 0.02
  per-rule acc: 0.02 0.02
Epoch 520 | Train: Loss=0.0024 Acc=100.0% | Test: Acc=1.8% | Best=3.1%(@80)
  from x3: 0.02 0.02 0.02 0.02 0.02 0.02 0.02 0.02 0.02 0.02 0.02 0.02 0.02
  per-rule acc: 0.02 0.02
Epoch 540 | Train: Loss=3.8612 Acc=11.0% | Test: Acc=1.4% | Best=3.1%(@80)
  from x3: 0.01 0.01 0.01 0.01 0.01 0.01 0.01 0.01 0.02 0.01 0.01 0.01 0.01
  per-rule acc: 0.01 0.01
Epoch 560 | Train: Loss=0.0026 Acc=99.9% | Test: Acc=1.7% | Best=3.1%(@80)
  from x3: 0.01 0.02 0.02 0.02 0.02 0.02 0.02 0.02 0.02 0.02 0.02 0.02 0.02
  per-rule acc: 0.02 0.02
Epoch 580 | Train: Loss=0.0031 Acc=99.9% | Test: Acc=1.7% | Best=3.1%(@80)
  from x3: 0.01 0.02 0.02 0.02 0.02 0.02 0.02 0.02 0.02 0.02 0.02 0.02 0.02
  per-rule acc: 0.02 0.02
Epoch 600 | Train: Loss=4.3197 Acc=2.2% | Test: Acc=1.5% | Best=3.1%(@80)
  from x3: 0.01 0.01 0.01 0.01 0.01 0.01 0.02 0.02 0.01 0.01 0.01 0.01 0.02
  per-rule acc: 0.02 0.01
Epoch 620 | Train: Loss=4.0413 Acc=6.9% | Test: Acc=1.4% | Best=3.1%(@80)
  from x3: 0.01 0.01 0.01 0.01 0.02 0.01 0.02 0.01 0.01 0.01 0.01 0.01 0.01
  per-rule acc: 0.02 0.01
Epoch 640 | Train: Loss=0.0536 Acc=99.1% | Test: Acc=1.5% | Best=3.1%(@80)
  from x3: 0.02 0.02 0.01 0.02 0.01 0.01 0.01 0.01 0.01 0.01 0.01 0.01 0.01
  per-rule acc: 0.01 0.02
Epoch 660 | Train: Loss=0.0085 Acc=99.8% | Test: Acc=1.7% | Best=3.1%(@80)
  from x3: 0.02 0.02 0.02 0.02 0.02 0.02 0.02 0.02 0.02 0.02 0.02 0.02 0.02
  per-rule acc: 0.02 0.02
Epoch 680 | Train: Loss=0.0082 Acc=99.9% | Test: Acc=1.6% | Best=3.1%(@80)
  from x3: 0.02 0.02 0.02 0.02 0.01 0.01 0.02 0.02 0.01 0.02 0.02 0.02 0.02
  per-rule acc: 0.02 0.01
Epoch 700 | Train: Loss=0.0044 Acc=100.0% | Test: Acc=1.7% | Best=3.1%(@80)
  from x3: 0.02 0.02 0.02 0.02 0.02 0.02 0.01 0.02 0.02 0.02 0.02 0.02 0.02
  per-rule acc: 0.02 0.02
Epoch 720 | Train: Loss=0.0070 Acc=99.9% | Test: Acc=1.7% | Best=3.1%(@80)
  from x3: 0.01 0.02 0.02 0.02 0.02 0.02 0.02 0.02 0.02 0.02 0.02 0.02 0.02
  per-rule acc: 0.02 0.02
Epoch 740 | Train: Loss=0.0036 Acc=100.0% | Test: Acc=1.8% | Best=3.1%(@80)
  from x3: 0.02 0.02 0.02 0.02 0.02 0.02 0.02 0.02 0.02 0.02 0.02 0.02 0.02
  per-rule acc: 0.02 0.02
Epoch 760 | Train: Loss=0.0279 Acc=99.8% | Test: Acc=1.6% | Best=3.1%(@80)
  from x3: 0.01 0.02 0.02 0.02 0.02 0.02 0.02 0.02 0.02 0.02 0.02 0.02 0.02
  per-rule acc: 0.02 0.02
Epoch 780 | Train: Loss=0.0028 Acc=100.0% | Test: Acc=1.7% | Best=3.1%(@80)
  from x3: 0.02 0.02 0.02 0.02 0.02 0.02 0.02 0.02 0.02 0.02 0.02 0.02 0.02
  per-rule acc: 0.01 0.02
Epoch 800 | Train: Loss=0.0033 Acc=100.0% | Test: Acc=1.8% | Best=3.1%(@80)
  from x3: 0.02 0.02 0.02 0.02 0.02 0.02 0.02 0.02 0.02 0.02 0.02 0.02 0.02
  per-rule acc: 0.02 0.02
Epoch 820 | Train: Loss=0.0022 Acc=100.0% | Test: Acc=1.8% | Best=3.1%(@80)
  from x3: 0.02 0.02 0.02 0.02 0.02 0.02 0.02 0.02 0.02 0.02 0.02 0.02 0.02
  per-rule acc: 0.02 0.02
Epoch 840 | Train: Loss=0.0026 Acc=100.0% | Test: Acc=1.9% | Best=3.1%(@80)
  from x3: 0.02 0.02 0.02 0.02 0.02 0.02 0.02 0.02 0.02 0.02 0.02 0.02 0.02
  per-rule acc: 0.02 0.02
Epoch 860 | Train: Loss=0.0021 Acc=100.0% | Test: Acc=1.7% | Best=3.1%(@80)
  from x3: 0.01 0.02 0.02 0.02 0.02 0.02 0.02 0.02 0.02 0.02 0.02 0.02 0.02
  per-rule acc: 0.02 0.02
Epoch 880 | Train: Loss=0.0019 Acc=100.0% | Test: Acc=1.8% | Best=3.1%(@80)
  from x3: 0.02 0.02 0.02 0.02 0.02 0.02 0.02 0.02 0.02 0.02 0.02 0.02 0.02
  per-rule acc: 0.02 0.02
Epoch 900 | Train: Loss=0.0027 Acc=100.0% | Test: Acc=1.9% | Best=3.1%(@80)
  from x3: 0.02 0.02 0.02 0.02 0.02 0.02 0.02 0.02 0.02 0.02 0.02 0.02 0.02
  per-rule acc: 0.02 0.02
Epoch 920 | Train: Loss=0.0015 Acc=100.0% | Test: Acc=1.5% | Best=3.1%(@80)
  from x3: 0.02 0.01 0.01 0.02 0.02 0.02 0.02 0.02 0.02 0.01 0.02 0.02 0.02
  per-rule acc: 0.02 0.02
Epoch 940 | Train: Loss=0.0020 Acc=100.0% | Test: Acc=1.6% | Best=3.1%(@80)
  from x3: 0.02 0.02 0.02 0.02 0.02 0.02 0.02 0.02 0.02 0.02 0.02 0.02 0.02
  per-rule acc: 0.02 0.02
Epoch 960 | Train: Loss=0.0025 Acc=100.0% | Test: Acc=1.6% | Best=3.1%(@80)
  from x3: 0.02 0.02 0.01 0.02 0.02 0.02 0.02 0.02 0.02 0.02 0.02 0.02 0.01
  per-rule acc: 0.02 0.02
Epoch 980 | Train: Loss=0.0012 Acc=100.0% | Test: Acc=1.8% | Best=3.1%(@80)
  from x3: 0.02 0.02 0.02 0.02 0.02 0.02 0.02 0.02 0.02 0.02 0.02 0.02 0.02
  per-rule acc: 0.02 0.02
Epoch 1000 | Train: Loss=0.0017 Acc=100.0% | Test: Acc=1.9% | Best=3.1%(@80)
  from x3: 0.02 0.02 0.02 0.02 0.02 0.02 0.02 0.02 0.02 0.02 0.02 0.02 0.02
  per-rule acc: 0.02 0.02
Epoch 1020 | Train: Loss=0.0687 Acc=99.7% | Test: Acc=1.7% | Best=3.1%(@80)
  from x3: 0.01 0.02 0.02 0.02 0.02 0.02 0.02 0.02 0.02 0.02 0.02 0.02 0.02
  per-rule acc: 0.02 0.02
Epoch 1040 | Train: Loss=0.0013 Acc=99.9% | Test: Acc=1.7% | Best=3.1%(@80)
  from x3: 0.02 0.02 0.02 0.02 0.02 0.02 0.02 0.02 0.02 0.02 0.02 0.02 0.02
  per-rule acc: 0.02 0.02
Epoch 1060 | Train: Loss=0.0017 Acc=100.0% | Test: Acc=1.9% | Best=3.1%(@80)
  from x3: 0.02 0.02 0.02 0.02 0.02 0.02 0.02 0.02 0.02 0.02 0.02 0.02 0.02
  per-rule acc: 0.02 0.02
Epoch 1080 | Train: Loss=0.0020 Acc=100.0% | Test: Acc=1.8% | Best=3.1%(@80)
  from x3: 0.02 0.02 0.02 0.02 0.02 0.02 0.02 0.02 0.02 0.02 0.02 0.02 0.02
  per-rule acc: 0.02 0.02
[Early stop] No improvement for 1000 consecutive epochs

==================================================
Saving model...
[OK] Model saved to: /home/cxm/ai/test0625-exposure/models/mixed_basic_d1024l4_r16_t16_e35.pth
  File size: 592552.7 KB
  Best test accuracy: 3.14%

==================================================
Final generation test (given first two items, AB generates 3rd as prompt, validate from 4th)
==================================================

--- AB pair 1: (1, 1) ---

--- Statistics for AB=(1,1) ---
Exposed    samples:  1080 | In-dist: 14014/14040 ( 99.8%) | OOD: 17170/17280 ( 99.4%)
Unexposed  samples:  1729 | In-dist:  9649/22477 ( 42.9%) | OOD: 13523/27664 ( 48.9%)

--- AB pair 2: (1, 2) ---

--- Statistics for AB=(1,2) ---
Exposed    samples:   990 | In-dist: 12805/12870 ( 99.5%) | OOD: 15764/15840 ( 99.5%)
Unexposed  samples:  1819 | In-dist:  7796/23647 ( 33.0%) | OOD: 11097/29104 ( 38.1%)

--- Return code: 0 ---

======================================================================
Attention Analysis
======================================================================
Model config: addition (default), p=53
Best test accuracy: 0.031436995924030875
Training epochs: 1080

Random test sequence 1/5 (length 32): [31, 43, 21, 11, 32, 43, 22, 12, 34, 46, 27, 20, 47, 14, 8, 22, 30, 52, 29, 28]...

======================================================================
Attention Layer Training Result Summary
======================================================================
Input sequence: [31, 43, 21, 11, 32, 43, 22, 12, 34, 46, 27, 20, 47, 14, 8, 22, 30, 52, 29, 28, 4, 32, 36, 15, 51, 13, 11, 24, 35, 6, 41, 47]

--- Layer 0 ---
  Head 0: Entropy=1.752
    Attention coefficients from each query position to previous positions:
      i= 0 -> j=0:1.000
      i= 1 -> j=0:0.357, j=1:0.643
      i= 2 -> j=0:0.310, j=1:0.382, j=2:0.308
      i= 3 -> j=0:0.055, j=1:0.124, j=2:0.426, j=3:0.395
      i= 4 -> j=0:0.028, j=1:0.065, j=2:0.142, j=3:0.253, j=4:0.512
      i= 5 -> j=0:0.015, j=1:0.032, j=2:0.133, j=3:0.103, j=4:0.374, j=5:0.343
      i= 6 -> j=0:0.019, j=1:0.023, j=2:0.020, j=3:0.182, j=4:0.129, j=5:0.459, j=6:0.168
      i= 7 -> j=0:0.005, j=1:0.007, j=2:0.011, j=3:0.017, j=4:0.037, j=5:0.086, j=6:0.520, j=7:0.317
      i= 8 -> j=0:0.010, j=1:0.008, j=2:0.008, j=3:0.020, j=4:0.017, j=5:0.043, j=6:0.161, j=7:0.303, j=8:0.431
      i= 9 -> j=0:0.009, j=1:0.006, j=2:0.004, j=3:0.011, j=4:0.008, j=5:0.023, j=6:0.041, j=7:0.193, j=8:0.499, j=9:0.206
      i=10 -> j=0:0.005, j=1:0.008, j=2:0.008, j=3:0.007, j=4:0.012, j=5:0.015, j=6:0.053, j=7:0.055, j=8:0.076, j=9:0.482, j=10:0.280
      i=11 -> j=0:0.010, j=1:0.008, j=2:0.005, j=3:0.012, j=4:0.011, j=5:0.013, j=6:0.008, j=7:0.034, j=8:0.160, j=9:0.109, j=10:0.282, j=11:0.348
      i=12 -> j=0:0.002, j=1:0.003, j=2:0.004, j=3:0.004, j=4:0.006, j=5:0.004, j=6:0.013, j=7:0.009, j=8:0.018, j=9:0.181, j=10:0.110, j=11:0.559, j=12:0.086
      i=13 -> j=0:0.006, j=1:0.007, j=2:0.008, j=3:0.007, j=4:0.009, j=5:0.009, j=6:0.019, j=7:0.014, j=8:0.020, j=9:0.104, j=10:0.084, j=11:0.393, j=12:0.095, j=13:0.224
      i=14 -> j=0:0.010, j=1:0.009, j=2:0.011, j=3:0.006, j=4:0.008, j=5:0.009, j=6:0.022, j=7:0.012, j=8:0.013, j=9:0.043, j=10:0.049, j=11:0.212, j=12:0.049, j=13:0.268, j=14:0.277
      i=15 -> j=0:0.015, j=1:0.009, j=2:0.003, j=3:0.006, j=4:0.002, j=5:0.005, j=6:0.002, j=7:0.005, j=8:0.007, j=9:0.002, j=10:0.008, j=11:0.010, j=12:0.251, j=13:0.241, j=14:0.355, j=15:0.079
      i=16 -> j=0:0.010, j=1:0.011, j=2:0.010, j=3:0.004, j=4:0.006, j=5:0.004, j=6:0.005, j=7:0.004, j=8:0.004, j=9:0.008, j=10:0.007, j=11:0.023, j=12:0.008, j=13:0.032, j=14:0.066, j=15:0.482, j=16:0.317
      i=17 -> j=0:0.020, j=1:0.013, j=2:0.006, j=3:0.015, j=4:0.004, j=5:0.005, j=6:0.002, j=7:0.006, j=8:0.014, j=9:0.002, j=10:0.006, j=11:0.004, j=12:0.048, j=13:0.052, j=14:0.169, j=15:0.058, j=16:0.411, j=17:0.166
      i=18 -> j=0:0.015, j=1:0.017, j=2:0.019, j=3:0.009, j=4:0.010, j=5:0.007, j=6:0.009, j=7:0.005, j=8:0.004, j=9:0.007, j=10:0.008, j=11:0.012, j=12:0.003, j=13:0.010, j=14:0.013, j=15:0.142, j=16:0.087, j=17:0.378, j=18:0.245
      i=19 -> j=0:0.033, j=1:0.021, j=2:0.012, j=3:0.030, j=4:0.008, j=5:0.011, j=6:0.007, j=7:0.009, j=8:0.012, j=9:0.002, j=10:0.007, j=11:0.003, j=12:0.015, j=13:0.015, j=14:0.019, j=15:0.026, j=16:0.078, j=17:0.173, j=18:0.188, j=19:0.328
      i=20 -> j=0:0.030, j=1:0.031, j=2:0.023, j=3:0.014, j=4:0.023, j=5:0.019, j=6:0.007, j=7:0.005, j=8:0.003, j=9:0.003, j=10:0.005, j=11:0.010, j=12:0.006, j=13:0.007, j=14:0.008, j=15:0.010, j=16:0.041, j=17:0.080, j=18:0.173, j=19:0.330, j=20:0.173
      i=21 -> j=0:0.036, j=1:0.028, j=2:0.018, j=3:0.016, j=4:0.021, j=5:0.017, j=6:0.007, j=7:0.007, j=8:0.006, j=9:0.003, j=10:0.004, j=11:0.005, j=12:0.011, j=13:0.007, j=14:0.008, j=15:0.004, j=16:0.017, j=17:0.017, j=18:0.050, j=19:0.158, j=20:0.092, j=21:0.469
      i=22 -> j=0:0.027, j=1:0.023, j=2:0.020, j=3:0.024, j=4:0.015, j=5:0.012, j=6:0.014, j=7:0.015, j=8:0.016, j=9:0.008, j=10:0.005, j=11:0.003, j=12:0.007, j=13:0.007, j=14:0.009, j=15:0.008, j=16:0.007, j=17:0.011, j=18:0.020, j=19:0.062, j=20:0.166, j=21:0.221, j=22:0.300
      i=23 -> j=0:0.032, j=1:0.029, j=2:0.028, j=3:0.028, j=4:0.018, j=5:0.015, j=6:0.016, j=7:0.016, j=8:0.017, j=9:0.009, j=10:0.007, j=11:0.004, j=12:0.005, j=13:0.006, j=14:0.007, j=15:0.007, j=16:0.006, j=17:0.009, j=18:0.011, j=19:0.024, j=20:0.066, j=21:0.117, j=22:0.269, j=23:0.254
      i=24 -> j=0:0.034, j=1:0.041, j=2:0.049, j=3:0.032, j=4:0.040, j=5:0.025, j=6:0.035, j=7:0.021, j=8:0.017, j=9:0.023, j=10:0.011, j=11:0.011, j=12:0.003, j=13:0.005, j=14:0.006, j=15:0.011, j=16:0.007, j=17:0.011, j=18:0.015, j=19:0.019, j=20:0.085, j=21:0.090, j=22:0.101, j=23:0.150, j=24:0.162
      i=25 -> j=0:0.039, j=1:0.041, j=2:0.046, j=3:0.035, j=4:0.027, j=5:0.029, j=6:0.039, j=7:0.023, j=8:0.014, j=9:0.014, j=10:0.015, j=11:0.008, j=12:0.003, j=13:0.005, j=14:0.003, j=15:0.009, j=16:0.004, j=17:0.009, j=18:0.009, j=19:0.008, j=20:0.027, j=21:0.024, j=22:0.045, j=23:0.081, j=24:0.131, j=25:0.311
      i=26 -> j=0:0.033, j=1:0.031, j=2:0.038, j=3:0.040, j=4:0.028, j=5:0.027, j=6:0.049, j=7:0.030, j=8:0.024, j=9:0.022, j=10:0.016, j=11:0.010, j=12:0.005, j=13:0.007, j=14:0.005, j=15:0.010, j=16:0.004, j=17:0.007, j=18:0.008, j=19:0.008, j=20:0.024, j=21:0.012, j=22:0.017, j=23:0.030, j=24:0.070, j=25:0.193, j=26:0.254
      i=27 -> j=0:0.029, j=1:0.022, j=2:0.017, j=3:0.028, j=4:0.019, j=5:0.022, j=6:0.012, j=7:0.016, j=8:0.016, j=9:0.006, j=10:0.010, j=11:0.006, j=12:0.019, j=13:0.010, j=14:0.006, j=15:0.002, j=16:0.004, j=17:0.002, j=18:0.003, j=19:0.003, j=20:0.003, j=21:0.004, j=22:0.011, j=23:0.027, j=24:0.114, j=25:0.129, j=26:0.255, j=27:0.208
      i=28 -> j=0:0.024, j=1:0.021, j=2:0.024, j=3:0.022, j=4:0.021, j=5:0.018, j=6:0.020, j=7:0.018, j=8:0.016, j=9:0.012, j=10:0.010, j=11:0.008, j=12:0.008, j=13:0.007, j=14:0.004, j=15:0.004, j=16:0.002, j=17:0.002, j=18:0.003, j=19:0.003, j=20:0.004, j=21:0.004, j=22:0.005, j=23:0.007, j=24:0.016, j=25:0.033, j=26:0.091, j=27:0.250, j=28:0.340
      i=29 -> j=0:0.028, j=1:0.027, j=2:0.039, j=3:0.029, j=4:0.025, j=5:0.021, j=6:0.044, j=7:0.031, j=8:0.028, j=9:0.031, j=10:0.016, j=11:0.012, j=12:0.006, j=13:0.008, j=14:0.006, j=15:0.012, j=16:0.003, j=17:0.004, j=18:0.003, j=19:0.003, j=20:0.008, j=21:0.004, j=22:0.004, j=23:0.004, j=24:0.006, j=25:0.014, j=26:0.039, j=27:0.194, j=28:0.203, j=29:0.148
      i=30 -> j=0:0.030, j=1:0.028, j=2:0.020, j=3:0.019, j=4:0.021, j=5:0.024, j=6:0.010, j=7:0.015, j=8:0.014, j=9:0.008, j=10:0.013, j=11:0.010, j=12:0.014, j=13:0.010, j=14:0.009, j=15:0.003, j=16:0.006, j=17:0.003, j=18:0.003, j=19:0.002, j=20:0.001, j=21:0.002, j=22:0.004, j=23:0.005, j=24:0.006, j=25:0.006, j=26:0.016, j=27:0.027, j=28:0.166, j=29:0.455, j=30:0.047
      i=31 -> j=0:0.012, j=1:0.016, j=2:0.029, j=3:0.014, j=4:0.025, j=5:0.013, j=6:0.026, j=7:0.013, j=8:0.012, j=9:0.027, j=10:0.011, j=11:0.015, j=12:0.003, j=13:0.004, j=14:0.004, j=15:0.009, j=16:0.003, j=17:0.004, j=18:0.003, j=19:0.002, j=20:0.004, j=21:0.002, j=22:0.001, j=23:0.002, j=24:0.002, j=25:0.003, j=26:0.004, j=27:0.013, j=28:0.010, j=29:0.013, j=30:0.659, j=31:0.044
    Average attention per distance:
      d=0:0.293, d=1:0.332, d=2:0.136, d=3:0.089, d=4:0.029, d=5:0.016, d=15:0.011, d=16:0.014
      d=17:0.014, d=18:0.017, d=19:0.021, d=20:0.026, d=21:0.023, d=22:0.028, d=23:0.030, d=24:0.026
      d=25:0.026, d=26:0.024, d=27:0.026, d=28:0.022, d=29:0.028, d=30:0.023, d=31:0.012

--- Layer 1 ---
  Head 0: Entropy=1.333
    Attention coefficients from each query position to previous positions:
      i= 0 -> j=0:1.000
      i= 1 -> j=0:0.783, j=1:0.217
      i= 2 -> j=0:0.486, j=1:0.391, j=2:0.123
      i= 3 -> j=0:0.108, j=1:0.356, j=2:0.452, j=3:0.084
      i= 4 -> j=0:0.015, j=1:0.099, j=2:0.449, j=3:0.342, j=4:0.095
      i= 5 -> j=0:0.004, j=1:0.019, j=2:0.137, j=3:0.388, j=4:0.351, j=5:0.101
      i= 6 -> j=0:0.003, j=1:0.005, j=2:0.025, j=3:0.140, j=4:0.422, j=5:0.331, j=6:0.074
      i= 7 -> j=0:0.003, j=1:0.002, j=2:0.003, j=3:0.016, j=4:0.127, j=5:0.459, j=6:0.266, j=7:0.124
      i= 8 -> j=0:0.003, j=1:0.001, j=2:0.001, j=3:0.001, j=4:0.009, j=5:0.117, j=6:0.302, j=7:0.468, j=8:0.099
      i= 9 -> j=0:0.004, j=1:0.003, j=2:0.001, j=3:0.000, j=4:0.001, j=5:0.008, j=6:0.056, j=7:0.359, j=8:0.497, j=9:0.072
      i=10 -> j=0:0.004, j=1:0.004, j=2:0.002, j=3:0.001, j=4:0.001, j=5:0.001, j=6:0.007, j=7:0.075, j=8:0.516, j=9:0.339, j=10:0.049
      i=11 -> j=0:0.003, j=1:0.006, j=2:0.006, j=3:0.004, j=4:0.002, j=5:0.001, j=6:0.003, j=7:0.011, j=8:0.119, j=9:0.415, j=10:0.354, j=11:0.075
      i=12 -> j=0:0.002, j=1:0.003, j=2:0.004, j=3:0.005, j=4:0.004, j=5:0.002, j=6:0.001, j=7:0.002, j=8:0.010, j=9:0.102, j=10:0.502, j=11:0.270, j=12:0.095
      i=13 -> j=0:0.003, j=1:0.003, j=2:0.003, j=3:0.006, j=4:0.008, j=5:0.005, j=6:0.002, j=7:0.001, j=8:0.002, j=9:0.015, j=10:0.147, j=11:0.328, j=12:0.387, j=13:0.090
      i=14 -> j=0:0.005, j=1:0.003, j=2:0.002, j=3:0.003, j=4:0.005, j=5:0.006, j=6:0.004, j=7:0.002, j=8:0.001, j=9:0.002, j=10:0.013, j=11:0.079, j=12:0.373, j=13:0.410, j=14:0.092
      i=15 -> j=0:0.011, j=1:0.007, j=2:0.004, j=3:0.003, j=4:0.004, j=5:0.007, j=6:0.007, j=7:0.005, j=8:0.001, j=9:0.001, j=10:0.003, j=11:0.017, j=12:0.122, j=13:0.475, j=14:0.279, j=15:0.054
      i=16 -> j=0:0.010, j=1:0.009, j=2:0.004, j=3:0.002, j=4:0.002, j=5:0.003, j=6:0.005, j=7:0.006, j=8:0.002, j=9:0.001, j=10:0.001, j=11:0.002, j=12:0.013, j=13:0.154, j=14:0.425, j=15:0.241, j=16:0.121
      i=17 -> j=0:0.008, j=1:0.010, j=2:0.008, j=3:0.004, j=4:0.002, j=5:0.002, j=6:0.003, j=7:0.005, j=8:0.005, j=9:0.003, j=10:0.001, j=11:0.001, j=12:0.002, j=13:0.014, j=14:0.082, j=15:0.242, j=16:0.538, j=17:0.070
      i=18 -> j=0:0.005, j=1:0.006, j=2:0.007, j=3:0.006, j=4:0.003, j=5:0.002, j=6:0.002, j=7:0.002, j=8:0.003, j=9:0.004, j=10:0.002, j=11:0.001, j=12:0.001, j=13:0.001, j=14:0.007, j=15:0.050, j=16:0.503, j=17:0.306, j=18:0.087
      i=19 -> j=0:0.003, j=1:0.003, j=2:0.004, j=3:0.005, j=4:0.004, j=5:0.003, j=6:0.001, j=7:0.001, j=8:0.001, j=9:0.002, j=10:0.003, j=11:0.002, j=12:0.001, j=13:0.000, j=14:0.001, j=15:0.005, j=16:0.102, j=17:0.382, j=18:0.337, j=19:0.137
      i=20 -> j=0:0.005, j=1:0.004, j=2:0.004, j=3:0.005, j=4:0.007, j=5:0.006, j=6:0.003, j=7:0.002, j=8:0.001, j=9:0.002, j=10:0.003, j=11:0.004, j=12:0.003, j=13:0.001, j=14:0.001, j=15:0.001, j=16:0.008, j=17:0.069, j=18:0.232, j=19:0.538, j=20:0.100
      i=21 -> j=0:0.006, j=1:0.005, j=2:0.003, j=3:0.004, j=4:0.005, j=5:0.006, j=6:0.005, j=7:0.003, j=8:0.001, j=9:0.001, j=10:0.002, j=11:0.003, j=12:0.003, j=13:0.002, j=14:0.001, j=15:0.001, j=16:0.001, j=17:0.009, j=18:0.057, j=19:0.513, j=20:0.299, j=21:0.071
      i=22 -> j=0:0.007, j=1:0.006, j=2:0.004, j=3:0.003, j=4:0.004, j=5:0.006, j=6:0.006, j=7:0.005, j=8:0.002, j=9:0.001, j=10:0.001, j=11:0.002, j=12:0.003, j=13:0.003, j=14:0.002, j=15:0.001, j=16:0.000, j=17:0.001, j=18:0.006, j=19:0.101, j=20:0.374, j=21:0.403, j=22:0.060
      i=23 -> j=0:0.006, j=1:0.007, j=2:0.005, j=3:0.004, j=4:0.003, j=5:0.004, j=6:0.005, j=7:0.006, j=8:0.005, j=9:0.002, j=10:0.001, j=11:0.001, j=12:0.002, j=13:0.003, j=14:0.004, j=15:0.002, j=16:0.001, j=17:0.001, j=18:0.001, j=19:0.008, j=20:0.079, j=21:0.435, j=22:0.379, j=23:0.036
      i=24 -> j=0:0.005, j=1:0.007, j=2:0.007, j=3:0.006, j=4:0.004, j=5:0.004, j=6:0.004, j=7:0.005, j=8:0.006, j=9:0.005, j=10:0.003, j=11:0.002, j=12:0.001, j=13:0.002, j=14:0.003, j=15:0.004, j=16:0.002, j=17:0.001, j=18:0.001, j=19:0.001, j=20:0.007, j=21:0.075, j=22:0.478, j=23:0.322, j=24:0.045
      i=25 -> j=0:0.002, j=1:0.003, j=2:0.003, j=3:0.004, j=4:0.003, j=5:0.002, j=6:0.002, j=7:0.002, j=8:0.003, j=9:0.004, j=10:0.002, j=11:0.001, j=12:0.001, j=13:0.001, j=14:0.001, j=15:0.002, j=16:0.002, j=17:0.001, j=18:0.000, j=19:0.000, j=20:0.001, j=21:0.004, j=22:0.094, j=23:0.593, j=24:0.222, j=25:0.048
      i=26 -> j=0:0.003, j=1:0.003, j=2:0.003, j=3:0.003, j=4:0.003, j=5:0.003, j=6:0.002, j=7:0.002, j=8:0.002, j=9:0.003, j=10:0.003, j=11:0.003, j=12:0.002, j=13:0.001, j=14:0.001, j=15:0.001, j=16:0.002, j=17:0.002, j=18:0.001, j=19:0.001, j=20:0.000, j=21:0.000, j=22:0.007, j=23:0.155, j=24:0.313, j=25:0.443, j=26:0.037
      i=27 -> j=0:0.003, j=1:0.003, j=2:0.003, j=3:0.003, j=4:0.003, j=5:0.003, j=6:0.003, j=7:0.002, j=8:0.002, j=9:0.002, j=10:0.003, j=11:0.004, j=12:0.003, j=13:0.002, j=14:0.001, j=15:0.001, j=16:0.001, j=17:0.002, j=18:0.002, j=19:0.001, j=20:0.000, j=21:0.000, j=22:0.001, j=23:0.012, j=24:0.086, j=25:0.621, j=26:0.197, j=27:0.036
      i=28 -> j=0:0.006, j=1:0.006, j=2:0.005, j=3:0.004, j=4:0.003, j=5:0.005, j=6:0.005, j=7:0.005, j=8:0.003, j=9:0.003, j=10:0.003, j=11:0.005, j=12:0.006, j=13:0.005, j=14:0.002, j=15:0.001, j=16:0.001, j=17:0.002, j=18:0.003, j=19:0.005, j=20:0.002, j=21:0.000, j=22:0.000, j=23:0.002, j=24:0.011, j=25:0.203, j=26:0.346, j=27:0.320, j=28:0.038
      i=29 -> j=0:0.005, j=1:0.006, j=2:0.005, j=3:0.004, j=4:0.003, j=5:0.004, j=6:0.005, j=7:0.006, j=8:0.004, j=9:0.003, j=10:0.002, j=11:0.003, j=12:0.004, j=13:0.006, j=14:0.004, j=15:0.002, j=16:0.001, j=17:0.001, j=18:0.002, j=19:0.003, j=20:0.003, j=21:0.001, j=22:0.001, j=23:0.000, j=24:0.001, j=25:0.013, j=26:0.085, j=27:0.522, j=28:0.255, j=29:0.047
      i=30 -> j=0:0.005, j=1:0.006, j=2:0.006, j=3:0.005, j=4:0.003, j=5:0.004, j=6:0.004, j=7:0.006, j=8:0.006, j=9:0.006, j=10:0.003, j=11:0.003, j=12:0.003, j=13:0.005, j=14:0.005, j=15:0.005, j=16:0.003, j=17:0.002, j=18:0.001, j=19:0.002, j=20:0.003, j=21:0.002, j=22:0.002, j=23:0.001, j=24:0.000, j=25:0.001, j=26:0.008, j=27:0.124, j=28:0.392, j=29:0.340, j=30:0.044
      i=31 -> j=0:0.010, j=1:0.011, j=2:0.012, j=3:0.013, j=4:0.013, j=5:0.011, j=6:0.010, j=7:0.010, j=8:0.012, j=9:0.012, j=10:0.011, j=11:0.009, j=12:0.007, j=13:0.008, j=14:0.010, j=15:0.011, j=16:0.010, j=17:0.006, j=18:0.004, j=19:0.002, j=20:0.004, j=21:0.006, j=22:0.007, j=23:0.004, j=24:0.002, j=25:0.001, j=26:0.002, j=27:0.012, j=28:0.076, j=29:0.341, j=30:0.286, j=31:0.068
    Average attention per distance:
      d=0:0.109, d=1:0.366, d=2:0.418, d=3:0.104, d=4:0.011

--- Layer 2 ---
  Head 0: Entropy=0.719
    Attention coefficients from each query position to previous positions:
      i= 0 -> j=0:1.000
      i= 1 -> j=0:0.845, j=1:0.155
      i= 2 -> j=0:0.092, j=1:0.683, j=2:0.225
      i= 3 -> j=0:0.001, j=1:0.059, j=2:0.856, j=3:0.084
      i= 4 -> j=0:0.000, j=1:0.001, j=2:0.090, j=3:0.738, j=4:0.171
      i= 5 -> j=0:0.000, j=1:0.000, j=2:0.000, j=3:0.072, j=4:0.751, j=5:0.176
      i= 6 -> j=0:0.000, j=1:0.000, j=2:0.000, j=3:0.001, j=4:0.087, j=5:0.779, j=6:0.133
      i= 7 -> j=0:0.000, j=1:0.000, j=2:0.000, j=3:0.000, j=4:0.001, j=5:0.089, j=6:0.666, j=7:0.244
      i= 8 -> j=0:0.000, j=1:0.000, j=2:0.000, j=3:0.000, j=4:0.000, j=5:0.000, j=6:0.052, j=7:0.812, j=8:0.135
      i= 9 -> j=0:0.001, j=1:0.001, j=2:0.000, j=3:0.000, j=4:0.000, j=5:0.000, j=6:0.001, j=7:0.063, j=8:0.866, j=9:0.068
      i=10 -> j=0:0.001, j=1:0.003, j=2:0.002, j=3:0.000, j=4:0.000, j=5:0.000, j=6:0.000, j=7:0.001, j=8:0.140, j=9:0.713, j=10:0.138
      i=11 -> j=0:0.000, j=1:0.001, j=2:0.003, j=3:0.002, j=4:0.000, j=5:0.000, j=6:0.000, j=7:0.000, j=8:0.001, j=9:0.089, j=10:0.606, j=11:0.297
      i=12 -> j=0:0.000, j=1:0.000, j=2:0.001, j=3:0.002, j=4:0.002, j=5:0.000, j=6:0.000, j=7:0.000, j=8:0.000, j=9:0.001, j=10:0.063, j=11:0.730, j=12:0.200
      i=13 -> j=0:0.000, j=1:0.000, j=2:0.000, j=3:0.001, j=4:0.002, j=5:0.001, j=6:0.000, j=7:0.000, j=8:0.000, j=9:0.000, j=10:0.001, j=11:0.085, j=12:0.660, j=13:0.249
      i=14 -> j=0:0.001, j=1:0.000, j=2:0.000, j=3:0.000, j=4:0.001, j=5:0.002, j=6:0.002, j=7:0.000, j=8:0.000, j=9:0.000, j=10:0.000, j=11:0.001, j=12:0.056, j=13:0.778, j=14:0.159
      i=15 -> j=0:0.002, j=1:0.002, j=2:0.000, j=3:0.000, j=4:0.000, j=5:0.001, j=6:0.003, j=7:0.002, j=8:0.000, j=9:0.000, j=10:0.000, j=11:0.000, j=12:0.001, j=13:0.140, j=14:0.715, j=15:0.133
      i=16 -> j=0:0.001, j=1:0.001, j=2:0.001, j=3:0.000, j=4:0.000, j=5:0.000, j=6:0.000, j=7:0.002, j=8:0.001, j=9:0.000, j=10:0.000, j=11:0.000, j=12:0.000, j=13:0.001, j=14:0.066, j=15:0.591, j=16:0.336
      i=17 -> j=0:0.000, j=1:0.001, j=2:0.001, j=3:0.001, j=4:0.000, j=5:0.000, j=6:0.000, j=7:0.000, j=8:0.001, j=9:0.001, j=10:0.000, j=11:0.000, j=12:0.000, j=13:0.000, j=14:0.001, j=15:0.049, j=16:0.819, j=17:0.127
      i=18 -> j=0:0.000, j=1:0.001, j=2:0.001, j=3:0.002, j=4:0.001, j=5:0.000, j=6:0.000, j=7:0.000, j=8:0.001, j=9:0.002, j=10:0.002, j=11:0.000, j=12:0.000, j=13:0.000, j=14:0.000, j=15:0.001, j=16:0.068, j=17:0.713, j=18:0.208
      i=19 -> j=0:0.000, j=1:0.000, j=2:0.000, j=3:0.001, j=4:0.001, j=5:0.001, j=6:0.000, j=7:0.000, j=8:0.000, j=9:0.000, j=10:0.002, j=11:0.002, j=12:0.000, j=13:0.000, j=14:0.000, j=15:0.000, j=16:0.001, j=17:0.097, j=18:0.646, j=19:0.248
      i=20 -> j=0:0.001, j=1:0.001, j=2:0.000, j=3:0.000, j=4:0.001, j=5:0.002, j=6:0.001, j=7:0.000, j=8:0.000, j=9:0.000, j=10:0.001, j=11:0.003, j=12:0.002, j=13:0.000, j=14:0.000, j=15:0.000, j=16:0.000, j=17:0.001, j=18:0.043, j=19:0.733, j=20:0.210
      i=21 -> j=0:0.001, j=1:0.001, j=2:0.000, j=3:0.000, j=4:0.001, j=5:0.001, j=6:0.002, j=7:0.001, j=8:0.000, j=9:0.000, j=10:0.000, j=11:0.001, j=12:0.003, j=13:0.002, j=14:0.000, j=15:0.000, j=16:0.000, j=17:0.000, j=18:0.001, j=19:0.102, j=20:0.678, j=21:0.206
      i=22 -> j=0:0.000, j=1:0.000, j=2:0.000, j=3:0.000, j=4:0.000, j=5:0.000, j=6:0.000, j=7:0.001, j=8:0.000, j=9:0.000, j=10:0.000, j=11:0.000, j=12:0.000, j=13:0.001, j=14:0.001, j=15:0.000, j=16:0.000, j=17:0.000, j=18:0.000, j=19:0.000, j=20:0.050, j=21:0.705, j=22:0.240
      i=23 -> j=0:0.000, j=1:0.000, j=2:0.000, j=3:0.000, j=4:0.000, j=5:0.000, j=6:0.000, j=7:0.000, j=8:0.000, j=9:0.000, j=10:0.000, j=11:0.000, j=12:0.000, j=13:0.000, j=14:0.001, j=15:0.000, j=16:0.000, j=17:0.000, j=18:0.000, j=19:0.000, j=20:0.000, j=21:0.036, j=22:0.855, j=23:0.107
      i=24 -> j=0:0.000, j=1:0.000, j=2:0.000, j=3:0.000, j=4:0.000, j=5:0.000, j=6:0.000, j=7:0.000, j=8:0.000, j=9:0.001, j=10:0.000, j=11:0.000, j=12:0.000, j=13:0.000, j=14:0.000, j=15:0.001, j=16:0.001, j=17:0.000, j=18:0.000, j=19:0.000, j=20:0.000, j=21:0.000, j=22:0.055, j=23:0.826, j=24:0.114
      i=25 -> j=0:0.000, j=1:0.000, j=2:0.000, j=3:0.000, j=4:0.000, j=5:0.000, j=6:0.000, j=7:0.000, j=8:0.000, j=9:0.000, j=10:0.000, j=11:0.000, j=12:0.000, j=13:0.000, j=14:0.000, j=15:0.000, j=16:0.001, j=17:0.001, j=18:0.000, j=19:0.000, j=20:0.000, j=21:0.000, j=22:0.000, j=23:0.067, j=24:0.732, j=25:0.196
      i=26 -> j=0:0.000, j=1:0.000, j=2:0.000, j=3:0.000, j=4:0.000, j=5:0.000, j=6:0.000, j=7:0.000, j=8:0.000, j=9:0.000, j=10:0.000, j=11:0.001, j=12:0.000, j=13:0.000, j=14:0.000, j=15:0.000, j=16:0.000, j=17:0.001, j=18:0.001, j=19:0.000, j=20:0.000, j=21:0.000, j=22:0.000, j=23:0.000, j=24:0.062, j=25:0.839, j=26:0.093
      i=27 -> j=0:0.000, j=1:0.000, j=2:0.000, j=3:0.000, j=4:0.000, j=5:0.000, j=6:0.000, j=7:0.000, j=8:0.000, j=9:0.000, j=10:0.000, j=11:0.001, j=12:0.001, j=13:0.000, j=14:0.000, j=15:0.000, j=16:0.000, j=17:0.000, j=18:0.001, j=19:0.001, j=20:0.000, j=21:0.000, j=22:0.000, j=23:0.000, j=24:0.000, j=25:0.089, j=26:0.799, j=27:0.106
      i=28 -> j=0:0.000, j=1:0.000, j=2:0.000, j=3:0.000, j=4:0.000, j=5:0.000, j=6:0.000, j=7:0.000, j=8:0.000, j=9:0.000, j=10:0.000, j=11:0.000, j=12:0.000, j=13:0.001, j=14:0.000, j=15:0.000, j=16:0.000, j=17:0.000, j=18:0.000, j=19:0.001, j=20:0.001, j=21:0.000, j=22:0.000, j=23:0.000, j=24:0.000, j=25:0.000, j=26:0.084, j=27:0.820, j=28:0.090
      i=29 -> j=0:0.000, j=1:0.000, j=2:0.000, j=3:0.000, j=4:0.000, j=5:0.000, j=6:0.000, j=7:0.000, j=8:0.000, j=9:0.000, j=10:0.000, j=11:0.000, j=12:0.000, j=13:0.000, j=14:0.001, j=15:0.000, j=16:0.000, j=17:0.000, j=18:0.000, j=19:0.000, j=20:0.001, j=21:0.001, j=22:0.000, j=23:0.000, j=24:0.000, j=25:0.000, j=26:0.001, j=27:0.091, j=28:0.791, j=29:0.111
      i=30 -> j=0:0.000, j=1:0.000, j=2:0.000, j=3:0.000, j=4:0.000, j=5:0.000, j=6:0.000, j=7:0.000, j=8:0.000, j=9:0.000, j=10:0.000, j=11:0.000, j=12:0.000, j=13:0.000, j=14:0.000, j=15:0.001, j=16:0.000, j=17:0.000, j=18:0.000, j=19:0.000, j=20:0.000, j=21:0.001, j=22:0.001, j=23:0.000, j=24:0.000, j=25:0.000, j=26:0.000, j=27:0.000, j=28:0.088, j=29:0.814, j=30:0.092
      i=31 -> j=0:0.003, j=1:0.003, j=2:0.003, j=3:0.004, j=4:0.005, j=5:0.004, j=6:0.002, j=7:0.002, j=8:0.002, j=9:0.003, j=10:0.005, j=11:0.005, j=12:0.003, j=13:0.002, j=14:0.003, j=15:0.004, j=16:0.006, j=17:0.005, j=18:0.003, j=19:0.001, j=20:0.002, j=21:0.003, j=22:0.007, j=23:0.006, j=24:0.001, j=25:0.000, j=26:0.000, j=27:0.000, j=28:0.002, j=29:0.087, j=30:0.660, j=31:0.164
    Average attention per distance:
      d=0:0.194, d=1:0.749, d=2:0.077

--- Layer 3 ---
  Head 0: Entropy=1.384
    Attention coefficients from each query position to previous positions:
      i= 0 -> j=0:1.000
      i= 1 -> j=0:0.753, j=1:0.247
      i= 2 -> j=0:0.429, j=1:0.528, j=2:0.043
      i= 3 -> j=0:0.130, j=1:0.622, j=2:0.204, j=3:0.044
      i= 4 -> j=0:0.022, j=1:0.234, j=2:0.439, j=3:0.240, j=4:0.065
      i= 5 -> j=0:0.002, j=1:0.017, j=2:0.141, j=3:0.381, j=4:0.426, j=5:0.032
      i= 6 -> j=0:0.001, j=1:0.002, j=2:0.014, j=3:0.107, j=4:0.614, j=5:0.229, j=6:0.032
      i= 7 -> j=0:0.001, j=1:0.001, j=2:0.003, j=3:0.020, j=4:0.215, j=5:0.459, j=6:0.167, j=7:0.134
      i= 8 -> j=0:0.001, j=1:0.001, j=2:0.000, j=3:0.001, j=4:0.008, j=5:0.120, j=6:0.214, j=7:0.626, j=8:0.030
      i= 9 -> j=0:0.003, j=1:0.002, j=2:0.001, j=3:0.000, j=4:0.002, j=5:0.018, j=6:0.079, j=7:0.649, j=8:0.190, j=9:0.057
      i=10 -> j=0:0.005, j=1:0.005, j=2:0.003, j=3:0.001, j=4:0.001, j=5:0.004, j=6:0.022, j=7:0.255, j=8:0.385, j=9:0.182, j=10:0.137
      i=11 -> j=0:0.002, j=1:0.003, j=2:0.003, j=3:0.001, j=4:0.001, j=5:0.001, j=6:0.002, j=7:0.018, j=8:0.120, j=9:0.272, j=10:0.511, j=11:0.067
      i=12 -> j=0:0.001, j=1:0.002, j=2:0.003, j=3:0.003, j=4:0.002, j=5:0.001, j=6:0.001, j=7:0.002, j=8:0.010, j=9:0.078, j=10:0.475, j=11:0.360, j=12:0.063
      i=13 -> j=0:0.002, j=1:0.001, j=2:0.002, j=3:0.003, j=4:0.003, j=5:0.001, j=6:0.001, j=7:0.001, j=8:0.001, j=9:0.011, j=10:0.117, j=11:0.489, j=12:0.326, j=13:0.041
      i=14 -> j=0:0.005, j=1:0.003, j=2:0.003, j=3:0.005, j=4:0.006, j=5:0.004, j=6:0.003, j=7:0.002, j=8:0.001, j=9:0.004, j=10:0.025, j=11:0.173, j=12:0.494, j=13:0.205, j=14:0.066
      i=15 -> j=0:0.006, j=1:0.005, j=2:0.002, j=3:0.002, j=4:0.003, j=5:0.005, j=6:0.004, j=7:0.003, j=8:0.001, j=9:0.001, j=10:0.002, j=11:0.014, j=12:0.117, j=13:0.414, j=14:0.377, j=15:0.042
      i=16 -> j=0:0.007, j=1:0.007, j=2:0.003, j=3:0.002, j=4:0.002, j=5:0.003, j=6:0.004, j=7:0.005, j=8:0.001, j=9:0.001, j=10:0.001, j=11:0.003, j=12:0.016, j=13:0.160, j=14:0.502, j=15:0.164, j=16:0.119
      i=17 -> j=0:0.007, j=1:0.010, j=2:0.006, j=3:0.004, j=4:0.003, j=5:0.003, j=6:0.003, j=7:0.007, j=8:0.003, j=9:0.002, j=10:0.002, j=11:0.001, j=12:0.002, j=13:0.018, j=14:0.130, j=15:0.233, j=16:0.510, j=17:0.056
      i=18 -> j=0:0.006, j=1:0.008, j=2:0.009, j=3:0.008, j=4:0.004, j=5:0.002, j=6:0.002, j=7:0.005, j=8:0.004, j=9:0.004, j=10:0.004, j=11:0.001, j=12:0.001, j=13:0.003, j=14:0.026, j=15:0.113, j=16:0.442, j=17:0.160, j=18:0.198
      i=19 -> j=0:0.004, j=1:0.005, j=2:0.005, j=3:0.007, j=4:0.006, j=5:0.003, j=6:0.002, j=7:0.003, j=8:0.002, j=9:0.003, j=10:0.004, j=11:0.002, j=12:0.001, j=13:0.001, j=14:0.002, j=15:0.010, j=16:0.096, j=17:0.178, j=18:0.625, j=19:0.042
      i=20 -> j=0:0.005, j=1:0.004, j=2:0.005, j=3:0.008, j=4:0.007, j=5:0.004, j=6:0.003, j=7:0.003, j=8:0.002, j=9:0.002, j=10:0.004, j=11:0.003, j=12:0.002, j=13:0.001, j=14:0.001, j=15:0.002, j=16:0.014, j=17:0.093, j=18:0.603, j=19:0.160, j=20:0.075
      i=21 -> j=0:0.006, j=1:0.005, j=2:0.004, j=3:0.005, j=4:0.005, j=5:0.004, j=6:0.005, j=7:0.004, j=8:0.002, j=9:0.001, j=10:0.003, j=11:0.002, j=12:0.003, j=13:0.001, j=14:0.001, j=15:0.001, j=16:0.001, j=17:0.012, j=18:0.143, j=19:0.259, j=20:0.490, j=21:0.044
      i=22 -> j=0:0.007, j=1:0.006, j=2:0.004, j=3:0.003, j=4:0.004, j=5:0.004, j=6:0.005, j=7:0.005, j=8:0.002, j=9:0.002, j=10:0.001, j=11:0.002, j=12:0.003, j=13:0.002, j=14:0.001, j=15:0.001, j=16:0.001, j=17:0.001, j=18:0.007, j=19:0.057, j=20:0.604, j=21:0.250, j=22:0.028
      i=23 -> j=0:0.012, j=1:0.014, j=2:0.011, j=3:0.008, j=4:0.007, j=5:0.007, j=6:0.008, j=7:0.012, j=8:0.007, j=9:0.005, j=10:0.004, j=11:0.003, j=12:0.003, j=13:0.005, j=14:0.005, j=15:0.002, j=16:0.002, j=17:0.001, j=18:0.002, j=19:0.010, j=20:0.171, j=21:0.393, j=22:0.241, j=23:0.067
      i=24 -> j=0:0.012, j=1:0.015, j=2:0.017, j=3:0.016, j=4:0.011, j=5:0.006, j=6:0.008, j=7:0.014, j=8:0.013, j=9:0.009, j=10:0.007, j=11:0.003, j=12:0.003, j=13:0.004, j=14:0.006, j=15:0.005, j=16:0.003, j=17:0.001, j=18:0.002, j=19:0.003, j=20:0.031, j=21:0.201, j=22:0.284, j=23:0.189, j=24:0.136
      i=25 -> j=0:0.007, j=1:0.009, j=2:0.010, j=3:0.010, j=4:0.011, j=5:0.007, j=6:0.005, j=7:0.008, j=8:0.007, j=9:0.008, j=10:0.009, j=11:0.005, j=12:0.003, j=13:0.002, j=14:0.003, j=15:0.004, j=16:0.005, j=17:0.002, j=18:0.002, j=19:0.001, j=20:0.003, j=21:0.013, j=22:0.101, j=23:0.193, j=24:0.506, j=25:0.067
      i=26 -> j=0:0.008, j=1:0.010, j=2:0.009, j=3:0.013, j=4:0.013, j=5:0.009, j=6:0.007, j=7:0.011, j=8:0.006, j=9:0.005, j=10:0.012, j=11:0.005, j=12:0.004, j=13:0.002, j=14:0.003, j=15:0.002, j=16:0.004, j=17:0.003, j=18:0.004, j=19:0.001, j=20:0.001, j=21:0.002, j=22:0.008, j=23:0.050, j=24:0.508, j=25:0.179, j=26:0.122
      i=27 -> j=0:0.007, j=1:0.008, j=2:0.005, j=3:0.007, j=4:0.009, j=5:0.010, j=6:0.007, j=7:0.009, j=8:0.004, j=9:0.004, j=10:0.009, j=11:0.006, j=12:0.005, j=13:0.003, j=14:0.002, j=15:0.002, j=16:0.003, j=17:0.003, j=18:0.005, j=19:0.001, j=20:0.001, j=21:0.001, j=22:0.002, j=23:0.009, j=24:0.172, j=25:0.339, j=26:0.310, j=27:0.057
      i=28 -> j=0:0.008, j=1:0.009, j=2:0.006, j=3:0.006, j=4:0.008, j=5:0.008, j=6:0.008, j=7:0.011, j=8:0.005, j=9:0.004, j=10:0.007, j=11:0.006, j=12:0.007, j=13:0.005, j=14:0.003, j=15:0.002, j=16:0.002, j=17:0.002, j=18:0.005, j=19:0.003, j=20:0.002, j=21:0.001, j=22:0.000, j=23:0.001, j=24:0.020, j=25:0.117, j=26:0.418, j=27:0.279, j=28:0.047
      i=29 -> j=0:0.008, j=1:0.009, j=2:0.007, j=3:0.005, j=4:0.006, j=5:0.006, j=6:0.007, j=7:0.012, j=8:0.006, j=9:0.005, j=10:0.006, j=11:0.004, j=12:0.005, j=13:0.006, j=14:0.005, j=15:0.002, j=16:0.002, j=17:0.001, j=18:0.003, j=19:0.002, j=20:0.003, j=21:0.001, j=22:0.000, j=23:0.000, j=24:0.002, j=25:0.015, j=26:0.142, j=27:0.446, j=28:0.220, j=29:0.061
      i=30 -> j=0:0.008, j=1:0.012, j=2:0.009, j=3:0.008, j=4:0.008, j=5:0.007, j=6:0.007, j=7:0.013, j=8:0.009, j=9:0.008, j=10:0.010, j=11:0.006, j=12:0.006, j=13:0.007, j=14:0.008, j=15:0.005, j=16:0.004, j=17:0.002, j=18:0.003, j=19:0.002, j=20:0.005, j=21:0.003, j=22:0.001, j=23:0.001, j=24:0.001, j=25:0.002, j=26:0.013, j=27:0.110, j=28:0.313, j=29:0.374, j=30:0.034
      i=31 -> j=0:0.008, j=1:0.009, j=2:0.011, j=3:0.013, j=4:0.010, j=5:0.006, j=6:0.007, j=7:0.010, j=8:0.012, j=9:0.010, j=10:0.012, j=11:0.006, j=12:0.005, j=13:0.005, j=14:0.008, j=15:0.007, j=16:0.005, j=17:0.004, j=18:0.003, j=19:0.003, j=20:0.003, j=21:0.005, j=22:0.002, j=23:0.002, j=24:0.001, j=25:0.001, j=26:0.006, j=27:0.024, j=28:0.117, j=29:0.434, j=30:0.090, j=31:0.161
    Average attention per distance:
      d=0:0.107, d=1:0.325, d=2:0.416, d=3:0.133, d=4:0.016, d=22:0.011, d=23:0.011, d=28:0.010
      d=29:0.010


======================================================================
QK Property Verification (Raw Scores, before Softmax)
======================================================================
Recurrence order init_len=2, num test sequences=1

--- [P1] Long-distance Orthogonality Verification ---
Ideal: raw_score mean ≈ 0 and small std when d > init_len

  Layer 0, Head 0:
    d= 1 (effective): mean=  2.154, std= 0.695, n=31
    d= 2 (effective): mean=  1.232, std= 0.627, n=30
    d>2 (long-distance): mean= -0.945, std= 0.921, n=435

  Layer 1, Head 0:
    d= 1 (effective): mean=  3.469, std= 0.526, n=31
    d= 2 (effective): mean=  3.670, std= 0.585, n=30
    d>2 (long-distance): mean= -0.809, std= 1.139, n=435

  Layer 2, Head 0:
    d= 1 (effective): mean=  6.554, std= 0.800, n=31
    d= 2 (effective): mean=  4.243, std= 0.680, n=30
    d>2 (long-distance): mean= -1.821, std= 2.008, n=435

  Layer 3, Head 0:
    d= 1 (effective): mean=  3.010, std= 0.606, n=31
    d= 2 (effective): mean=  3.368, std= 0.447, n=30
    d>2 (long-distance): mean= -1.056, std= 1.205, n=435

--- [P2] Time-homogeneous Verification ---
Ideal: CV of raw_score across positions i ≈ 0 for fixed distance d
(CV = std / |mean|, smaller = more constant)

  Layer 0, Head 0:
    d= 1: mean=  2.154, std= 0.695, CV=0.323, n=31
    d= 2: mean=  1.232, std= 0.627, CV=0.509, n=30

  Layer 1, Head 0:
    d= 1: mean=  3.469, std= 0.526, CV=0.152, n=31
    d= 2: mean=  3.670, std= 0.585, CV=0.159, n=30

  Layer 2, Head 0:
    d= 1: mean=  6.554, std= 0.800, CV=0.122, n=31
    d= 2: mean=  4.243, std= 0.680, CV=0.160, n=30

  Layer 3, Head 0:
    d= 1: mean=  3.010, std= 0.606, CV=0.201, n=31
    d= 2: mean=  3.368, std= 0.447, CV=0.133, n=30

======================================================================
QK Property Verification Completed
======================================================================
