=== Experiment: mixed_basic_d1024l4_r16_t16_e60 ===
Time: 2026-06-25T09:51:01.250897
Task type: mixed_ab
Merged config: {
  "P": 53,
  "TASK": "mixed_ab",
  "NUM_MASK": 0,
  "A": 1,
  "B": 1,
  "AB_PAIRS": [
    [
      1,
      1
    ],
    [
      1,
      2
    ]
  ],
  "D_MODEL": 1024,
  "N_HEAD": 1,
  "N_LAYER": 4,
  "BATCH_SIZE": 128,
  "EPOCHS": 10000,
  "LR": 0.0003,
  "SAVE_PATH": "models/mixed_basic_d1024l4_r16_t16_e60.pth",
  "USE_GREEDY_GENERATE": true,
  "USE_LEARNABLE_PE": false,
  "MLP_RATIO": 16,
  "TRAIN_LEN": 16,
  "OOD_LEN": 32,
  "DROPOUT": 0.0,
  "TARGET_INIT_COVERAGE": 0.5,
  "MAX_UNIQUE_RATIO": 0.5,
  "WEIGHT_DECAY": 1,
  "ENTROPY_PENALTY_WEIGHT": 0.0,
  "FIRST_TASK_WEIGHT": 1.0,
  "RANDOM_SEED": 42,
  "EVAL_INTERVAL": 20,
  "EARLY_STOP_NO_IMPROVE": 1000,
  "EARLY_STOP_ACCURACY": 0.99,
  "USE_AB_TAG": false,
  "USE_CONDITIONAL_WTE": false,
  "COND_WTE_SHARED_RATIO": 0.0,
  "MIXED_AB_MAX_UNIQUE_RATIOS": [
    0.6,
    0.6
  ]
}
--- output ---
Using device: cuda

[Dataset] Mixed mode: generated 3444 + 2174 samples, length 16
AB parameter pairs: [(1, 1), (1, 2)]
  - AB=(1,1): train 1728 | test 1081 | exposed ~61.5%
  - AB=(1,2): train 1716 | test 1093 | exposed ~61.1%
--------------------------------------------------
[Model config] block_size: 32, train length: 16
[Number theory] AB parameter pairs: [(1, 1), (1, 2)]


Model parameters: 151.68M

Start training...
Epoch   0 | Train: Loss=4.3649 Acc=4.3% | Test: Acc=1.0% | Best=1.0%(@0)
  from x3: 0.01 0.01 0.01 0.01 0.01 0.01 0.01 0.01 0.01 0.01 0.01 0.01 0.01
  per-rule acc: 0.01 0.01
Epoch  20 | Train: Loss=0.0140 Acc=99.7% | Test: Acc=2.9% | Best=2.9%(@20)
  from x3: 0.03 0.03 0.03 0.03 0.03 0.03 0.03 0.03 0.03 0.03 0.03 0.03 0.03
  per-rule acc: 0.04 0.02
Epoch  40 | Train: Loss=0.0020 Acc=99.9% | Test: Acc=2.8% | Best=2.9%(@20)
  from x3: 0.03 0.03 0.03 0.03 0.03 0.03 0.03 0.03 0.03 0.03 0.03 0.03 0.03
  per-rule acc: 0.04 0.02
Epoch  60 | Train: Loss=0.0027 Acc=99.9% | Test: Acc=2.5% | Best=2.9%(@20)
  from x3: 0.03 0.02 0.02 0.02 0.02 0.02 0.03 0.03 0.03 0.02 0.02 0.02 0.02
  per-rule acc: 0.03 0.02
Epoch  80 | Train: Loss=4.3184 Acc=2.2% | Test: Acc=1.6% | Best=2.9%(@20)
  from x3: 0.02 0.02 0.02 0.02 0.02 0.02 0.01 0.01 0.01 0.01 0.02 0.02 0.01
  per-rule acc: 0.02 0.01
Epoch 100 | Train: Loss=4.3126 Acc=2.3% | Test: Acc=1.8% | Best=2.9%(@20)
  from x3: 0.01 0.02 0.02 0.02 0.02 0.02 0.02 0.02 0.02 0.02 0.02 0.02 0.02
  per-rule acc: 0.02 0.02
Epoch 120 | Train: Loss=3.4769 Acc=20.7% | Test: Acc=1.6% | Best=2.9%(@20)
  from x3: 0.02 0.02 0.01 0.02 0.02 0.02 0.02 0.01 0.02 0.02 0.02 0.02 0.02
  per-rule acc: 0.02 0.02
Epoch 140 | Train: Loss=0.1734 Acc=96.3% | Test: Acc=2.0% | Best=2.9%(@20)
  from x3: 0.02 0.03 0.02 0.02 0.02 0.02 0.02 0.02 0.02 0.02 0.02 0.02 0.02
  per-rule acc: 0.02 0.02
Epoch 160 | Train: Loss=0.0262 Acc=99.4% | Test: Acc=1.8% | Best=2.9%(@20)
  from x3: 0.02 0.03 0.02 0.02 0.02 0.02 0.02 0.02 0.02 0.02 0.02 0.02 0.02
  per-rule acc: 0.02 0.01
Epoch 180 | Train: Loss=0.0164 Acc=99.7% | Test: Acc=1.9% | Best=2.9%(@20)
  from x3: 0.02 0.03 0.02 0.02 0.02 0.02 0.02 0.02 0.02 0.02 0.02 0.02 0.02
  per-rule acc: 0.03 0.01
Epoch 200 | Train: Loss=0.0076 Acc=99.8% | Test: Acc=1.8% | Best=2.9%(@20)
  from x3: 0.02 0.03 0.02 0.02 0.02 0.02 0.02 0.02 0.02 0.02 0.01 0.01 0.01
  per-rule acc: 0.03 0.01
Epoch 220 | Train: Loss=0.0053 Acc=99.9% | Test: Acc=1.8% | Best=2.9%(@20)
  from x3: 0.02 0.02 0.02 0.02 0.02 0.02 0.02 0.02 0.02 0.02 0.01 0.01 0.01
  per-rule acc: 0.02 0.01
Epoch 240 | Train: Loss=0.0036 Acc=99.9% | Test: Acc=1.8% | Best=2.9%(@20)
  from x3: 0.02 0.02 0.02 0.02 0.02 0.02 0.02 0.02 0.02 0.02 0.02 0.02 0.02
  per-rule acc: 0.02 0.01
Epoch 260 | Train: Loss=4.3140 Acc=2.2% | Test: Acc=1.8% | Best=2.9%(@20)
  from x3: 0.02 0.02 0.02 0.02 0.02 0.02 0.02 0.02 0.02 0.02 0.02 0.02 0.02
  per-rule acc: 0.02 0.02
Epoch 280 | Train: Loss=0.0553 Acc=99.3% | Test: Acc=2.3% | Best=2.9%(@20)
  from x3: 0.01 0.02 0.02 0.02 0.02 0.02 0.02 0.02 0.03 0.02 0.02 0.02 0.02
  per-rule acc: 0.03 0.02
Epoch 300 | Train: Loss=0.0063 Acc=99.9% | Test: Acc=2.6% | Best=2.9%(@20)
  from x3: 0.01 0.02 0.02 0.02 0.03 0.03 0.03 0.03 0.03 0.03 0.03 0.03 0.03
  per-rule acc: 0.03 0.02
Epoch 320 | Train: Loss=0.0048 Acc=99.9% | Test: Acc=2.2% | Best=2.9%(@20)
  from x3: 0.01 0.02 0.02 0.02 0.02 0.02 0.02 0.02 0.02 0.02 0.02 0.02 0.02
  per-rule acc: 0.03 0.02
Epoch 340 | Train: Loss=0.0134 Acc=99.9% | Test: Acc=2.0% | Best=2.9%(@20)
  from x3: 0.01 0.02 0.02 0.02 0.02 0.02 0.02 0.02 0.02 0.02 0.02 0.02 0.02
  per-rule acc: 0.03 0.02
Epoch 360 | Train: Loss=0.0046 Acc=99.9% | Test: Acc=2.1% | Best=2.9%(@20)
  from x3: 0.01 0.02 0.02 0.02 0.02 0.02 0.02 0.02 0.02 0.02 0.02 0.02 0.02
  per-rule acc: 0.03 0.01
Epoch 380 | Train: Loss=0.0038 Acc=99.9% | Test: Acc=1.9% | Best=2.9%(@20)
  from x3: 0.01 0.02 0.02 0.02 0.02 0.02 0.02 0.02 0.02 0.02 0.02 0.02 0.02
  per-rule acc: 0.02 0.01
Epoch 400 | Train: Loss=0.0029 Acc=99.9% | Test: Acc=1.8% | Best=2.9%(@20)
  from x3: 0.01 0.02 0.02 0.02 0.02 0.02 0.02 0.02 0.02 0.02 0.02 0.02 0.02
  per-rule acc: 0.02 0.01
Epoch 420 | Train: Loss=0.0039 Acc=99.9% | Test: Acc=1.8% | Best=2.9%(@20)
  from x3: 0.01 0.02 0.02 0.02 0.02 0.02 0.02 0.02 0.02 0.02 0.02 0.02 0.02
  per-rule acc: 0.02 0.01
Epoch 440 | Train: Loss=0.0031 Acc=99.9% | Test: Acc=1.7% | Best=2.9%(@20)
  from x3: 0.01 0.02 0.02 0.02 0.02 0.02 0.02 0.02 0.02 0.02 0.02 0.02 0.02
  per-rule acc: 0.02 0.02
Epoch 460 | Train: Loss=0.0024 Acc=99.9% | Test: Acc=1.6% | Best=2.9%(@20)
  from x3: 0.01 0.02 0.02 0.01 0.02 0.02 0.02 0.02 0.02 0.02 0.02 0.02 0.02
  per-rule acc: 0.02 0.01
Epoch 480 | Train: Loss=0.0034 Acc=99.9% | Test: Acc=1.7% | Best=2.9%(@20)
  from x3: 0.01 0.02 0.02 0.02 0.02 0.02 0.02 0.02 0.02 0.02 0.02 0.02 0.02
  per-rule acc: 0.02 0.01
Epoch 500 | Train: Loss=0.0026 Acc=99.9% | Test: Acc=1.8% | Best=2.9%(@20)
  from x3: 0.01 0.02 0.02 0.02 0.02 0.02 0.02 0.02 0.02 0.02 0.02 0.02 0.02
  per-rule acc: 0.02 0.02
Epoch 520 | Train: Loss=0.0051 Acc=99.9% | Test: Acc=1.6% | Best=2.9%(@20)
  from x3: 0.01 0.01 0.02 0.01 0.02 0.02 0.02 0.02 0.02 0.02 0.02 0.02 0.02
  per-rule acc: 0.02 0.01
Epoch 540 | Train: Loss=0.0027 Acc=99.9% | Test: Acc=2.0% | Best=2.9%(@20)
  from x3: 0.02 0.02 0.02 0.02 0.02 0.02 0.02 0.02 0.02 0.02 0.02 0.02 0.02
  per-rule acc: 0.02 0.02
Epoch 560 | Train: Loss=0.0019 Acc=99.9% | Test: Acc=1.6% | Best=2.9%(@20)
  from x3: 0.01 0.02 0.02 0.02 0.02 0.02 0.02 0.02 0.02 0.02 0.02 0.02 0.02
  per-rule acc: 0.02 0.01
Epoch 580 | Train: Loss=0.0027 Acc=99.9% | Test: Acc=2.0% | Best=2.9%(@20)
  from x3: 0.02 0.02 0.02 0.02 0.02 0.02 0.02 0.02 0.02 0.02 0.02 0.02 0.02
  per-rule acc: 0.02 0.02
Epoch 600 | Train: Loss=0.0019 Acc=99.9% | Test: Acc=1.9% | Best=2.9%(@20)
  from x3: 0.02 0.02 0.02 0.02 0.02 0.02 0.02 0.02 0.02 0.02 0.02 0.02 0.02
  per-rule acc: 0.02 0.02
Epoch 620 | Train: Loss=0.0026 Acc=99.9% | Test: Acc=2.1% | Best=2.9%(@20)
  from x3: 0.02 0.02 0.02 0.02 0.02 0.02 0.02 0.02 0.02 0.02 0.02 0.02 0.02
  per-rule acc: 0.02 0.02
Epoch 640 | Train: Loss=0.0018 Acc=99.9% | Test: Acc=1.9% | Best=2.9%(@20)
  from x3: 0.02 0.02 0.02 0.02 0.02 0.02 0.02 0.02 0.02 0.02 0.02 0.02 0.02
  per-rule acc: 0.02 0.02
Epoch 660 | Train: Loss=0.0025 Acc=99.9% | Test: Acc=2.3% | Best=2.9%(@20)
  from x3: 0.02 0.02 0.02 0.02 0.02 0.02 0.02 0.02 0.02 0.02 0.02 0.02 0.02
  per-rule acc: 0.02 0.02
Epoch 680 | Train: Loss=0.0018 Acc=99.9% | Test: Acc=1.8% | Best=2.9%(@20)
  from x3: 0.02 0.02 0.02 0.02 0.02 0.02 0.02 0.02 0.02 0.02 0.02 0.02 0.02
  per-rule acc: 0.02 0.01
Epoch 700 | Train: Loss=0.0024 Acc=99.9% | Test: Acc=2.1% | Best=2.9%(@20)
  from x3: 0.02 0.02 0.02 0.02 0.02 0.02 0.02 0.02 0.02 0.02 0.02 0.02 0.02
  per-rule acc: 0.02 0.02
Epoch 720 | Train: Loss=0.0017 Acc=99.9% | Test: Acc=1.8% | Best=2.9%(@20)
  from x3: 0.02 0.02 0.02 0.02 0.02 0.02 0.02 0.02 0.02 0.02 0.02 0.02 0.02
  per-rule acc: 0.02 0.01
Epoch 740 | Train: Loss=0.0023 Acc=99.9% | Test: Acc=2.3% | Best=2.9%(@20)
  from x3: 0.02 0.02 0.02 0.02 0.02 0.02 0.02 0.02 0.02 0.02 0.02 0.02 0.02
  per-rule acc: 0.03 0.02
Epoch 760 | Train: Loss=0.0017 Acc=99.9% | Test: Acc=2.0% | Best=2.9%(@20)
  from x3: 0.02 0.02 0.02 0.02 0.02 0.02 0.02 0.02 0.02 0.02 0.02 0.02 0.02
  per-rule acc: 0.03 0.02
Epoch 780 | Train: Loss=0.0023 Acc=99.9% | Test: Acc=2.5% | Best=2.9%(@20)
  from x3: 0.02 0.02 0.03 0.03 0.02 0.02 0.02 0.02 0.02 0.02 0.02 0.02 0.03
  per-rule acc: 0.03 0.02
Epoch 800 | Train: Loss=0.0015 Acc=99.9% | Test: Acc=2.1% | Best=2.9%(@20)
  from x3: 0.02 0.02 0.02 0.02 0.02 0.02 0.02 0.02 0.02 0.02 0.02 0.02 0.02
  per-rule acc: 0.03 0.02
Epoch 820 | Train: Loss=0.0021 Acc=99.9% | Test: Acc=2.5% | Best=2.9%(@20)
  from x3: 0.02 0.02 0.02 0.02 0.02 0.02 0.03 0.02 0.03 0.03 0.03 0.03 0.03
  per-rule acc: 0.03 0.02
Epoch 840 | Train: Loss=0.0015 Acc=99.9% | Test: Acc=2.0% | Best=2.9%(@20)
  from x3: 0.02 0.02 0.02 0.02 0.02 0.02 0.02 0.02 0.02 0.02 0.02 0.02 0.02
  per-rule acc: 0.02 0.01
Epoch 860 | Train: Loss=0.0020 Acc=99.9% | Test: Acc=2.5% | Best=2.9%(@20)
  from x3: 0.02 0.02 0.02 0.02 0.03 0.03 0.03 0.03 0.03 0.03 0.03 0.03 0.03
  per-rule acc: 0.03 0.02
Epoch 880 | Train: Loss=0.0051 Acc=99.9% | Test: Acc=1.8% | Best=2.9%(@20)
  from x3: 0.02 0.02 0.02 0.02 0.02 0.02 0.02 0.02 0.02 0.02 0.02 0.02 0.02
  per-rule acc: 0.02 0.02
Epoch 900 | Train: Loss=0.0019 Acc=99.9% | Test: Acc=3.0% | Best=3.0%(@900)
  from x3: 0.03 0.03 0.03 0.03 0.03 0.03 0.03 0.03 0.03 0.03 0.03 0.03 0.03
  per-rule acc: 0.03 0.03
Epoch 920 | Train: Loss=0.7053 Acc=97.1% | Test: Acc=2.5% | Best=3.0%(@900)
  from x3: 0.02 0.03 0.03 0.03 0.02 0.02 0.02 0.02 0.02 0.02 0.02 0.02 0.02
  per-rule acc: 0.04 0.01
Epoch 940 | Train: Loss=0.0018 Acc=99.9% | Test: Acc=3.0% | Best=3.0%(@940)
  from x3: 0.03 0.03 0.03 0.03 0.03 0.03 0.03 0.03 0.03 0.03 0.03 0.03 0.03
  per-rule acc: 0.03 0.03
Epoch 960 | Train: Loss=0.0022 Acc=99.9% | Test: Acc=2.9% | Best=3.0%(@940)
  from x3: 0.03 0.03 0.03 0.03 0.03 0.03 0.03 0.03 0.03 0.03 0.03 0.03 0.03
  per-rule acc: 0.03 0.02
Epoch 980 | Train: Loss=0.0017 Acc=99.9% | Test: Acc=3.7% | Best=3.7%(@980)
  from x3: 0.03 0.04 0.04 0.04 0.04 0.04 0.04 0.04 0.04 0.04 0.04 0.04 0.04
  per-rule acc: 0.05 0.03
Epoch 1000 | Train: Loss=0.0021 Acc=99.9% | Test: Acc=3.4% | Best=3.7%(@980)
  from x3: 0.03 0.03 0.04 0.03 0.03 0.03 0.03 0.03 0.03 0.03 0.03 0.03 0.03
  per-rule acc: 0.04 0.03
Epoch 1020 | Train: Loss=0.0015 Acc=99.9% | Test: Acc=3.8% | Best=3.8%(@1020)
  from x3: 0.03 0.04 0.04 0.04 0.04 0.04 0.04 0.04 0.04 0.04 0.04 0.04 0.04
  per-rule acc: 0.05 0.02
Epoch 1040 | Train: Loss=0.0020 Acc=99.9% | Test: Acc=4.4% | Best=4.4%(@1040)
  from x3: 0.03 0.04 0.04 0.05 0.04 0.05 0.05 0.04 0.04 0.04 0.05 0.05 0.04
  per-rule acc: 0.05 0.03
Epoch 1060 | Train: Loss=0.0015 Acc=99.9% | Test: Acc=4.8% | Best=4.8%(@1060)
  from x3: 0.04 0.05 0.05 0.05 0.05 0.05 0.05 0.05 0.05 0.05 0.05 0.05 0.05
  per-rule acc: 0.07 0.03
Epoch 1080 | Train: Loss=0.0020 Acc=99.9% | Test: Acc=5.1% | Best=5.1%(@1080)
  from x3: 0.04 0.05 0.05 0.05 0.05 0.05 0.05 0.05 0.05 0.05 0.05 0.05 0.05
  per-rule acc: 0.06 0.04
Epoch 1100 | Train: Loss=0.0293 Acc=99.9% | Test: Acc=6.4% | Best=6.4%(@1100)
  from x3: 0.07 0.07 0.06 0.07 0.07 0.06 0.06 0.06 0.06 0.06 0.06 0.06 0.06
  per-rule acc: 0.09 0.03
Epoch 1120 | Train: Loss=0.0019 Acc=99.9% | Test: Acc=6.1% | Best=6.4%(@1100)
  from x3: 0.05 0.06 0.06 0.06 0.06 0.06 0.06 0.06 0.06 0.06 0.06 0.06 0.06
  per-rule acc: 0.08 0.04
Epoch 1140 | Train: Loss=0.0021 Acc=99.9% | Test: Acc=6.3% | Best=6.4%(@1100)
  from x3: 0.05 0.06 0.06 0.06 0.06 0.06 0.06 0.06 0.07 0.07 0.07 0.06 0.06
  per-rule acc: 0.08 0.05
Epoch 1160 | Train: Loss=0.0016 Acc=99.9% | Test: Acc=8.0% | Best=8.0%(@1160)
  from x3: 0.08 0.08 0.08 0.08 0.08 0.08 0.08 0.08 0.08 0.08 0.08 0.08 0.08
  per-rule acc: 0.11 0.05
Epoch 1180 | Train: Loss=0.0021 Acc=99.9% | Test: Acc=8.3% | Best=8.3%(@1180)
  from x3: 0.07 0.08 0.08 0.09 0.08 0.08 0.09 0.09 0.08 0.08 0.08 0.08 0.08
  per-rule acc: 0.10 0.06
Epoch 1200 | Train: Loss=0.0015 Acc=99.9% | Test: Acc=12.6% | Best=12.6%(@1200)
  from x3: 0.12 0.13 0.13 0.12 0.13 0.13 0.13 0.13 0.13 0.13 0.13 0.13 0.12
  per-rule acc: 0.17 0.08
Epoch 1220 | Train: Loss=0.0020 Acc=99.9% | Test: Acc=12.1% | Best=12.6%(@1200)
  from x3: 0.12 0.12 0.12 0.12 0.12 0.12 0.12 0.12 0.12 0.12 0.12 0.12 0.12
  per-rule acc: 0.16 0.09
Epoch 1240 | Train: Loss=0.0016 Acc=99.9% | Test: Acc=21.1% | Best=21.1%(@1240)
  from x3: 0.19 0.22 0.21 0.21 0.21 0.21 0.21 0.21 0.21 0.21 0.21 0.21 0.21
  per-rule acc: 0.30 0.12
Epoch 1260 | Train: Loss=0.0020 Acc=99.9% | Test: Acc=20.4% | Best=21.1%(@1240)
  from x3: 0.19 0.20 0.21 0.21 0.20 0.20 0.21 0.21 0.21 0.20 0.21 0.20 0.20
  per-rule acc: 0.27 0.14
Epoch 1280 | Train: Loss=0.5724 Acc=98.0% | Test: Acc=24.1% | Best=24.1%(@1280)
  from x3: 0.23 0.26 0.24 0.24 0.24 0.24 0.24 0.24 0.24 0.24 0.24 0.24 0.24
  per-rule acc: 0.35 0.14
Epoch 1300 | Train: Loss=0.0018 Acc=99.9% | Test: Acc=32.9% | Best=32.9%(@1300)
  from x3: 0.31 0.33 0.33 0.33 0.33 0.33 0.33 0.33 0.33 0.33 0.33 0.33 0.33
  per-rule acc: 0.45 0.21
Epoch 1320 | Train: Loss=0.0021 Acc=99.9% | Test: Acc=34.1% | Best=34.1%(@1320)
  from x3: 0.31 0.35 0.34 0.34 0.34 0.34 0.34 0.34 0.34 0.34 0.34 0.34 0.35
  per-rule acc: 0.45 0.24
Epoch 1340 | Train: Loss=0.0016 Acc=99.9% | Test: Acc=51.0% | Best=51.0%(@1340)
  from x3: 0.47 0.51 0.51 0.51 0.51 0.51 0.52 0.52 0.51 0.51 0.51 0.51 0.51
  per-rule acc: 0.65 0.37
Epoch 1360 | Train: Loss=0.0020 Acc=99.9% | Test: Acc=52.3% | Best=52.3%(@1360)
  from x3: 0.49 0.53 0.52 0.52 0.53 0.53 0.53 0.53 0.53 0.53 0.53 0.53 0.53
  per-rule acc: 0.65 0.40
Epoch 1380 | Train: Loss=0.0015 Acc=99.9% | Test: Acc=65.9% | Best=65.9%(@1380)
  from x3: 0.63 0.67 0.66 0.66 0.66 0.66 0.66 0.66 0.66 0.66 0.66 0.66 0.66
  per-rule acc: 0.81 0.51
Epoch 1400 | Train: Loss=0.0020 Acc=99.9% | Test: Acc=68.0% | Best=68.0%(@1400)
  from x3: 0.65 0.69 0.68 0.68 0.68 0.68 0.68 0.68 0.68 0.68 0.68 0.68 0.68
  per-rule acc: 0.80 0.56
Epoch 1420 | Train: Loss=1.0322 Acc=93.6% | Test: Acc=51.7% | Best=68.0%(@1400)
  from x3: 0.49 0.52 0.52 0.51 0.52 0.52 0.52 0.52 0.52 0.52 0.52 0.52 0.52
  per-rule acc: 0.66 0.38
Epoch 1440 | Train: Loss=0.0018 Acc=99.9% | Test: Acc=81.5% | Best=81.5%(@1440)
  from x3: 0.80 0.82 0.82 0.81 0.81 0.82 0.82 0.82 0.81 0.82 0.82 0.82 0.82
  per-rule acc: 0.91 0.72
Epoch 1460 | Train: Loss=0.0021 Acc=99.9% | Test: Acc=81.7% | Best=81.7%(@1460)
  from x3: 0.79 0.83 0.82 0.82 0.82 0.82 0.82 0.82 0.82 0.82 0.82 0.82 0.82
  per-rule acc: 0.90 0.74
Epoch 1480 | Train: Loss=0.0017 Acc=99.9% | Test: Acc=88.8% | Best=88.8%(@1480)
  from x3: 0.88 0.90 0.89 0.89 0.89 0.89 0.89 0.89 0.89 0.89 0.89 0.89 0.89
  per-rule acc: 0.94 0.84
Epoch 1500 | Train: Loss=0.0021 Acc=99.9% | Test: Acc=89.7% | Best=89.7%(@1500)
  from x3: 0.88 0.90 0.90 0.90 0.90 0.90 0.90 0.90 0.90 0.90 0.90 0.90 0.90
  per-rule acc: 0.94 0.85
Epoch 1520 | Train: Loss=0.0015 Acc=99.9% | Test: Acc=93.0% | Best=93.0%(@1520)
  from x3: 0.92 0.94 0.93 0.93 0.93 0.93 0.93 0.93 0.93 0.93 0.93 0.93 0.93
  per-rule acc: 0.96 0.90
Epoch 1540 | Train: Loss=0.0020 Acc=99.9% | Test: Acc=94.5% | Best=94.5%(@1540)
  from x3: 0.93 0.95 0.94 0.94 0.95 0.95 0.95 0.95 0.95 0.95 0.95 0.95 0.95
  per-rule acc: 0.97 0.92
Epoch 1560 | Train: Loss=0.1754 Acc=99.6% | Test: Acc=83.2% | Best=94.5%(@1540)
  from x3: 0.84 0.84 0.83 0.83 0.83 0.83 0.83 0.83 0.83 0.83 0.83 0.83 0.83
  per-rule acc: 0.92 0.75
Epoch 1580 | Train: Loss=0.0018 Acc=99.9% | Test: Acc=95.8% | Best=95.8%(@1580)
  from x3: 0.95 0.96 0.96 0.96 0.96 0.96 0.96 0.96 0.96 0.96 0.96 0.96 0.96
  per-rule acc: 0.98 0.94
Epoch 1600 | Train: Loss=0.0021 Acc=99.9% | Test: Acc=96.2% | Best=96.2%(@1600)
  from x3: 0.95 0.96 0.96 0.96 0.96 0.96 0.96 0.96 0.96 0.96 0.96 0.96 0.96
  per-rule acc: 0.98 0.94
Epoch 1620 | Train: Loss=0.0017 Acc=99.9% | Test: Acc=96.8% | Best=96.8%(@1620)
  from x3: 0.96 0.97 0.97 0.97 0.97 0.97 0.97 0.97 0.97 0.97 0.97 0.97 0.97
  per-rule acc: 0.98 0.96
Epoch 1640 | Train: Loss=0.0021 Acc=99.9% | Test: Acc=97.5% | Best=97.5%(@1640)
  from x3: 0.96 0.98 0.97 0.97 0.97 0.98 0.98 0.98 0.98 0.98 0.98 0.98 0.98
  per-rule acc: 0.98 0.97
Epoch 1660 | Train: Loss=0.0186 Acc=99.9% | Test: Acc=93.4% | Best=97.5%(@1640)
  from x3: 0.92 0.94 0.93 0.93 0.93 0.94 0.94 0.94 0.94 0.94 0.94 0.94 0.94
  per-rule acc: 0.96 0.91
Epoch 1680 | Train: Loss=0.0019 Acc=99.9% | Test: Acc=97.6% | Best=97.6%(@1680)
  from x3: 0.97 0.98 0.98 0.98 0.98 0.98 0.98 0.98 0.98 0.98 0.98 0.98 0.98
  per-rule acc: 0.98 0.97
Epoch 1700 | Train: Loss=0.0021 Acc=99.9% | Test: Acc=97.9% | Best=97.9%(@1700)
  from x3: 0.97 0.98 0.98 0.98 0.98 0.98 0.98 0.98 0.98 0.98 0.98 0.98 0.98
  per-rule acc: 0.99 0.97
Epoch 1720 | Train: Loss=0.0017 Acc=99.9% | Test: Acc=97.4% | Best=97.9%(@1700)
  from x3: 0.97 0.98 0.97 0.97 0.97 0.97 0.97 0.97 0.97 0.97 0.97 0.97 0.97
  per-rule acc: 0.98 0.97
Epoch 1740 | Train: Loss=0.0021 Acc=99.9% | Test: Acc=98.2% | Best=98.2%(@1740)
  from x3: 0.97 0.98 0.98 0.98 0.98 0.98 0.98 0.98 0.98 0.98 0.98 0.98 0.98
  per-rule acc: 0.99 0.98
Epoch 1760 | Train: Loss=0.0886 Acc=99.7% | Test: Acc=81.5% | Best=98.2%(@1740)
  from x3: 0.80 0.82 0.82 0.82 0.82 0.81 0.82 0.82 0.82 0.82 0.82 0.82 0.82
  per-rule acc: 0.91 0.72
Epoch 1780 | Train: Loss=0.0019 Acc=99.9% | Test: Acc=98.4% | Best=98.4%(@1780)
  from x3: 0.98 0.98 0.98 0.98 0.98 0.98 0.98 0.98 0.98 0.98 0.98 0.98 0.98
  per-rule acc: 0.99 0.98
Epoch 1800 | Train: Loss=0.0022 Acc=99.9% | Test: Acc=98.3% | Best=98.4%(@1780)
  from x3: 0.98 0.99 0.98 0.98 0.98 0.98 0.98 0.98 0.98 0.98 0.98 0.98 0.98
  per-rule acc: 0.99 0.98
Epoch 1820 | Train: Loss=0.0016 Acc=99.9% | Test: Acc=98.3% | Best=98.4%(@1780)
  from x3: 0.98 0.99 0.98 0.98 0.98 0.98 0.98 0.98 0.98 0.98 0.98 0.98 0.98
  per-rule acc: 0.99 0.98
Epoch 1840 | Train: Loss=0.0021 Acc=99.9% | Test: Acc=98.4% | Best=98.4%(@1780)
  from x3: 0.98 0.98 0.98 0.98 0.98 0.98 0.98 0.98 0.98 0.98 0.98 0.98 0.98
  per-rule acc: 0.99 0.98
Epoch 1860 | Train: Loss=0.0023 Acc=99.9% | Test: Acc=98.4% | Best=98.4%(@1780)
  from x3: 0.98 0.99 0.98 0.98 0.98 0.98 0.98 0.98 0.98 0.98 0.98 0.98 0.98
  per-rule acc: 0.99 0.98
Epoch 1880 | Train: Loss=0.0019 Acc=99.9% | Test: Acc=98.3% | Best=98.4%(@1780)
  from x3: 0.98 0.98 0.98 0.98 0.98 0.98 0.98 0.98 0.98 0.98 0.98 0.98 0.98
  per-rule acc: 0.99 0.98
Epoch 1900 | Train: Loss=0.0022 Acc=99.9% | Test: Acc=98.4% | Best=98.4%(@1780)
  from x3: 0.98 0.99 0.98 0.98 0.98 0.98 0.98 0.98 0.98 0.98 0.98 0.98 0.98
  per-rule acc: 0.99 0.98
Epoch 1920 | Train: Loss=0.0017 Acc=99.9% | Test: Acc=98.3% | Best=98.4%(@1780)
  from x3: 0.98 0.98 0.98 0.98 0.98 0.98 0.98 0.98 0.98 0.98 0.98 0.98 0.98
  per-rule acc: 0.99 0.98
Epoch 1940 | Train: Loss=0.0020 Acc=99.9% | Test: Acc=98.5% | Best=98.5%(@1940)
  from x3: 0.98 0.99 0.99 0.99 0.99 0.99 0.99 0.99 0.99 0.99 0.99 0.99 0.99
  per-rule acc: 0.99 0.98
Epoch 1960 | Train: Loss=0.0026 Acc=99.9% | Test: Acc=98.4% | Best=98.5%(@1940)
  from x3: 0.98 0.98 0.98 0.98 0.98 0.98 0.98 0.98 0.98 0.98 0.98 0.98 0.98
  per-rule acc: 0.99 0.98
Epoch 1980 | Train: Loss=0.0017 Acc=99.9% | Test: Acc=98.4% | Best=98.5%(@1940)
  from x3: 0.98 0.98 0.98 0.98 0.98 0.98 0.98 0.98 0.98 0.98 0.98 0.98 0.98
  per-rule acc: 0.99 0.98
Epoch 2000 | Train: Loss=0.0022 Acc=99.9% | Test: Acc=98.4% | Best=98.5%(@1940)
  from x3: 0.98 0.99 0.98 0.98 0.98 0.98 0.98 0.98 0.98 0.98 0.98 0.98 0.98
  per-rule acc: 0.99 0.98
Epoch 2020 | Train: Loss=0.0207 Acc=99.9% | Test: Acc=95.0% | Best=98.5%(@1940)
  from x3: 0.93 0.96 0.95 0.95 0.95 0.95 0.95 0.95 0.95 0.95 0.95 0.95 0.95
  per-rule acc: 0.98 0.92
Epoch 2040 | Train: Loss=0.0018 Acc=99.9% | Test: Acc=98.5% | Best=98.5%(@1940)
  from x3: 0.98 0.99 0.99 0.99 0.99 0.99 0.99 0.99 0.99 0.99 0.99 0.99 0.99
  per-rule acc: 0.99 0.98
Epoch 2060 | Train: Loss=0.0022 Acc=99.9% | Test: Acc=98.5% | Best=98.5%(@2060)
  from x3: 0.98 0.99 0.99 0.99 0.99 0.99 0.99 0.99 0.99 0.99 0.99 0.99 0.99
  per-rule acc: 0.99 0.98
Epoch 2080 | Train: Loss=0.0048 Acc=99.9% | Test: Acc=97.8% | Best=98.5%(@2060)
  from x3: 0.96 0.98 0.98 0.98 0.98 0.98 0.98 0.98 0.98 0.98 0.98 0.98 0.98
  per-rule acc: 0.98 0.97
Epoch 2100 | Train: Loss=0.0018 Acc=99.9% | Test: Acc=98.5% | Best=98.5%(@2060)
  from x3: 0.98 0.99 0.98 0.98 0.98 0.98 0.98 0.98 0.98 0.99 0.99 0.99 0.99
  per-rule acc: 0.99 0.98
Epoch 2120 | Train: Loss=0.0021 Acc=99.9% | Test: Acc=98.6% | Best=98.6%(@2120)
  from x3: 0.98 0.99 0.99 0.99 0.99 0.99 0.99 0.99 0.99 0.99 0.99 0.99 0.99
  per-rule acc: 0.99 0.98
Epoch 2140 | Train: Loss=0.0015 Acc=99.9% | Test: Acc=98.5% | Best=98.6%(@2120)
  from x3: 0.98 0.99 0.99 0.99 0.98 0.99 0.99 0.99 0.99 0.99 0.99 0.99 0.99
  per-rule acc: 0.99 0.98
Epoch 2160 | Train: Loss=0.0019 Acc=99.9% | Test: Acc=98.6% | Best=98.6%(@2160)
  from x3: 0.98 0.99 0.99 0.99 0.99 0.99 0.99 0.99 0.99 0.99 0.99 0.99 0.99
  per-rule acc: 0.99 0.98
Epoch 2180 | Train: Loss=0.0021 Acc=99.9% | Test: Acc=98.6% | Best=98.6%(@2160)
  from x3: 0.98 0.99 0.99 0.99 0.99 0.99 0.99 0.99 0.99 0.99 0.99 0.99 0.99
  per-rule acc: 0.99 0.98
Epoch 2200 | Train: Loss=0.0016 Acc=99.9% | Test: Acc=98.4% | Best=98.6%(@2160)
  from x3: 0.98 0.99 0.98 0.98 0.98 0.98 0.98 0.98 0.98 0.98 0.98 0.98 0.98
  per-rule acc: 0.99 0.98
Epoch 2220 | Train: Loss=0.0020 Acc=99.9% | Test: Acc=98.5% | Best=98.6%(@2160)
  from x3: 0.98 0.99 0.99 0.99 0.99 0.99 0.98 0.98 0.98 0.99 0.99 0.99 0.99
  per-rule acc: 0.99 0.98
Epoch 2240 | Train: Loss=0.0021 Acc=99.9% | Test: Acc=98.5% | Best=98.6%(@2160)
  from x3: 0.98 0.99 0.99 0.99 0.99 0.99 0.99 0.99 0.99 0.99 0.99 0.99 0.99
  per-rule acc: 0.99 0.98
Epoch 2260 | Train: Loss=0.0017 Acc=99.9% | Test: Acc=98.5% | Best=98.6%(@2160)
  from x3: 0.98 0.99 0.99 0.99 0.99 0.99 0.99 0.99 0.99 0.99 0.99 0.99 0.99
  per-rule acc: 0.99 0.98
Epoch 2280 | Train: Loss=0.0021 Acc=99.9% | Test: Acc=98.6% | Best=98.6%(@2160)
  from x3: 0.98 0.99 0.99 0.99 0.99 0.99 0.99 0.99 0.99 0.99 0.99 0.99 0.99
  per-rule acc: 0.99 0.98
Epoch 2300 | Train: Loss=0.0022 Acc=99.9% | Test: Acc=98.5% | Best=98.6%(@2160)
  from x3: 0.98 0.99 0.98 0.99 0.99 0.99 0.98 0.99 0.98 0.99 0.99 0.99 0.99
  per-rule acc: 0.99 0.98
Epoch 2320 | Train: Loss=0.0015 Acc=99.9% | Test: Acc=98.5% | Best=98.6%(@2160)
  from x3: 0.98 0.99 0.99 0.99 0.99 0.99 0.99 0.99 0.98 0.99 0.99 0.99 0.98
  per-rule acc: 0.99 0.98
Epoch 2340 | Train: Loss=0.0020 Acc=99.9% | Test: Acc=98.6% | Best=98.6%(@2160)
  from x3: 0.98 0.99 0.99 0.99 0.99 0.99 0.99 0.99 0.99 0.99 0.99 0.99 0.99
  per-rule acc: 0.99 0.98
Epoch 2360 | Train: Loss=0.0021 Acc=99.9% | Test: Acc=98.7% | Best=98.7%(@2360)
  from x3: 0.98 0.99 0.99 0.99 0.99 0.99 0.99 0.99 0.99 0.99 0.99 0.99 0.99
  per-rule acc: 0.99 0.98
Epoch 2380 | Train: Loss=0.0015 Acc=99.9% | Test: Acc=98.5% | Best=98.7%(@2360)
  from x3: 0.98 0.99 0.99 0.99 0.99 0.99 0.99 0.99 0.99 0.99 0.99 0.99 0.99
  per-rule acc: 0.99 0.98
Epoch 2400 | Train: Loss=0.0020 Acc=99.9% | Test: Acc=98.6% | Best=98.7%(@2360)
  from x3: 0.98 0.99 0.99 0.99 0.99 0.99 0.99 0.99 0.99 0.99 0.99 0.99 0.99
  per-rule acc: 0.99 0.98
Epoch 2420 | Train: Loss=0.0021 Acc=99.9% | Test: Acc=98.8% | Best=98.8%(@2420)
  from x3: 0.98 0.99 0.99 0.99 0.99 0.99 0.99 0.99 0.99 0.99 0.99 0.99 0.99
  per-rule acc: 0.99 0.99
Epoch 2440 | Train: Loss=0.0015 Acc=99.9% | Test: Acc=98.6% | Best=98.8%(@2420)
  from x3: 0.98 0.99 0.99 0.99 0.99 0.99 0.99 0.99 0.99 0.99 0.99 0.99 0.99
  per-rule acc: 0.99 0.98
Epoch 2460 | Train: Loss=0.0020 Acc=99.9% | Test: Acc=98.7% | Best=98.8%(@2420)
  from x3: 0.98 0.99 0.99 0.99 0.99 0.99 0.99 0.99 0.99 0.99 0.99 0.99 0.99
  per-rule acc: 0.99 0.98
Epoch 2480 | Train: Loss=0.2384 Acc=99.1% | Test: Acc=89.7% | Best=98.8%(@2420)
  from x3: 0.86 0.90 0.90 0.90 0.90 0.90 0.90 0.90 0.90 0.90 0.90 0.90 0.90
  per-rule acc: 0.96 0.84
Epoch 2500 | Train: Loss=0.0018 Acc=99.9% | Test: Acc=98.8% | Best=98.8%(@2500)
  from x3: 0.98 0.99 0.99 0.99 0.99 0.99 0.99 0.99 0.99 0.99 0.99 0.99 0.99
  per-rule acc: 0.99 0.98
Epoch 2520 | Train: Loss=0.0022 Acc=99.9% | Test: Acc=98.7% | Best=98.8%(@2500)
  from x3: 0.98 0.99 0.99 0.99 0.99 0.99 0.99 0.99 0.99 0.99 0.99 0.99 0.99
  per-rule acc: 0.99 0.98
Epoch 2540 | Train: Loss=0.0022 Acc=99.9% | Test: Acc=98.8% | Best=98.8%(@2500)
  from x3: 0.98 0.99 0.99 0.99 0.99 0.99 0.99 0.99 0.99 0.99 0.99 0.99 0.99
  per-rule acc: 0.99 0.98
Epoch 2560 | Train: Loss=0.0016 Acc=99.9% | Test: Acc=98.7% | Best=98.8%(@2500)
  from x3: 0.98 0.99 0.99 0.99 0.99 0.99 0.99 0.99 0.99 0.99 0.99 0.99 0.99
  per-rule acc: 0.99 0.98
Epoch 2580 | Train: Loss=0.0021 Acc=99.9% | Test: Acc=98.5% | Best=98.8%(@2500)
  from x3: 0.98 0.99 0.99 0.99 0.99 0.99 0.99 0.99 0.99 0.99 0.99 0.99 0.99
  per-rule acc: 0.99 0.98
Epoch 2600 | Train: Loss=0.0062 Acc=99.9% | Test: Acc=98.1% | Best=98.8%(@2500)
  from x3: 0.97 0.98 0.98 0.98 0.98 0.98 0.98 0.98 0.98 0.98 0.98 0.98 0.98
  per-rule acc: 0.99 0.98
Epoch 2620 | Train: Loss=0.0018 Acc=99.9% | Test: Acc=98.7% | Best=98.8%(@2500)
  from x3: 0.98 0.99 0.99 0.99 0.99 0.99 0.99 0.99 0.99 0.99 0.99 0.99 0.99
  per-rule acc: 0.99 0.98
Epoch 2640 | Train: Loss=0.0021 Acc=99.9% | Test: Acc=98.7% | Best=98.8%(@2500)
  from x3: 0.98 0.99 0.99 0.99 0.99 0.99 0.99 0.99 0.99 0.99 0.99 0.99 0.99
  per-rule acc: 0.99 0.98
Epoch 2660 | Train: Loss=0.0015 Acc=99.9% | Test: Acc=98.7% | Best=98.8%(@2500)
  from x3: 0.98 0.99 0.99 0.99 0.99 0.99 0.99 0.99 0.99 0.99 0.99 0.99 0.99
  per-rule acc: 0.99 0.98
Epoch 2680 | Train: Loss=0.0020 Acc=99.9% | Test: Acc=98.7% | Best=98.8%(@2500)
  from x3: 0.98 0.99 0.99 0.99 0.99 0.99 0.99 0.99 0.99 0.99 0.99 0.99 0.99
  per-rule acc: 0.99 0.98
Epoch 2700 | Train: Loss=0.1212 Acc=99.6% | Test: Acc=95.9% | Best=98.8%(@2500)
  from x3: 0.93 0.96 0.96 0.96 0.96 0.96 0.96 0.96 0.96 0.96 0.96 0.96 0.96
  per-rule acc: 0.98 0.94
Epoch 2720 | Train: Loss=0.0018 Acc=99.9% | Test: Acc=98.8% | Best=98.8%(@2720)
  from x3: 0.98 0.99 0.99 0.99 0.99 0.99 0.99 0.99 0.99 0.99 0.99 0.99 0.99
  per-rule acc: 0.99 0.98
Epoch 2740 | Train: Loss=0.0022 Acc=99.9% | Test: Acc=98.8% | Best=98.8%(@2720)
  from x3: 0.98 0.99 0.99 0.99 0.99 0.99 0.99 0.99 0.99 0.99 0.99 0.99 0.99
  per-rule acc: 0.99 0.99
Epoch 2760 | Train: Loss=0.0728 Acc=99.8% | Test: Acc=97.6% | Best=98.8%(@2720)
  from x3: 0.95 0.98 0.98 0.98 0.98 0.98 0.98 0.98 0.98 0.98 0.98 0.98 0.98
  per-rule acc: 0.99 0.96
Epoch 2780 | Train: Loss=0.0018 Acc=99.9% | Test: Acc=98.8% | Best=98.8%(@2780)
  from x3: 0.98 0.99 0.99 0.99 0.99 0.99 0.99 0.99 0.99 0.99 0.99 0.99 0.99
  per-rule acc: 0.99 0.98
Epoch 2800 | Train: Loss=0.0022 Acc=99.9% | Test: Acc=99.0% | Best=99.0%(@2800)
  from x3: 0.98 0.99 0.99 0.99 0.99 0.99 0.99 0.99 0.99 0.99 0.99 0.99 0.99
  per-rule acc: 0.99 0.99
Epoch 2820 | Train: Loss=0.0016 Acc=99.9% | Test: Acc=98.7% | Best=99.0%(@2800)
  from x3: 0.98 0.99 0.99 0.99 0.99 0.99 0.99 0.99 0.99 0.99 0.99 0.99 0.99
  per-rule acc: 0.99 0.98
Epoch 2840 | Train: Loss=0.0021 Acc=99.9% | Test: Acc=98.8% | Best=99.0%(@2800)
  from x3: 0.98 0.99 0.99 0.99 0.99 0.99 0.99 0.99 0.99 0.99 0.99 0.99 0.99
  per-rule acc: 0.99 0.99
Epoch 2860 | Train: Loss=0.0768 Acc=99.7% | Test: Acc=79.8% | Best=99.0%(@2800)
  from x3: 0.76 0.80 0.80 0.80 0.80 0.80 0.80 0.80 0.80 0.80 0.80 0.80 0.80
  per-rule acc: 0.90 0.70
Epoch 2880 | Train: Loss=0.0018 Acc=99.9% | Test: Acc=98.8% | Best=99.0%(@2800)
  from x3: 0.98 0.99 0.99 0.99 0.99 0.99 0.99 0.99 0.99 0.99 0.99 0.99 0.99
  per-rule acc: 0.99 0.98
Epoch 2900 | Train: Loss=0.0021 Acc=99.9% | Test: Acc=98.9% | Best=99.0%(@2800)
  from x3: 0.98 0.99 0.99 0.99 0.99 0.99 0.99 0.99 0.99 0.99 0.99 0.99 0.99
  per-rule acc: 0.99 0.99
Epoch 2920 | Train: Loss=0.0015 Acc=99.9% | Test: Acc=98.7% | Best=99.0%(@2800)
  from x3: 0.98 0.99 0.99 0.99 0.99 0.99 0.99 0.99 0.99 0.99 0.99 0.99 0.99
  per-rule acc: 0.99 0.98
Epoch 2940 | Train: Loss=0.0019 Acc=99.9% | Test: Acc=98.8% | Best=99.0%(@2800)
  from x3: 0.98 0.99 0.99 0.99 0.99 0.99 0.99 0.99 0.99 0.99 0.99 0.99 0.99
  per-rule acc: 0.99 0.98
Epoch 2960 | Train: Loss=0.0021 Acc=99.9% | Test: Acc=98.9% | Best=99.0%(@2800)
  from x3: 0.98 0.99 0.99 0.99 0.99 0.99 0.99 0.99 0.99 0.99 0.99 0.99 0.99
  per-rule acc: 0.99 0.99
Epoch 2980 | Train: Loss=0.0015 Acc=99.9% | Test: Acc=98.7% | Best=99.0%(@2800)
  from x3: 0.98 0.99 0.99 0.99 0.99 0.99 0.99 0.99 0.99 0.99 0.99 0.99 0.99
  per-rule acc: 0.99 0.98
Epoch 3000 | Train: Loss=0.0020 Acc=99.9% | Test: Acc=99.0% | Best=99.0%(@2800)
  from x3: 0.98 0.99 0.99 0.99 0.99 0.99 0.99 0.99 0.99 0.99 0.99 0.99 0.99
  per-rule acc: 0.99 0.99
Epoch 3020 | Train: Loss=0.0148 Acc=99.9% | Test: Acc=97.9% | Best=99.0%(@2800)
  from x3: 0.96 0.98 0.98 0.98 0.98 0.98 0.98 0.98 0.98 0.98 0.98 0.98 0.98
  per-rule acc: 0.99 0.97
Epoch 3040 | Train: Loss=0.0018 Acc=99.9% | Test: Acc=98.9% | Best=99.0%(@2800)
  from x3: 0.98 0.99 0.99 0.99 0.99 0.99 0.99 0.99 0.99 0.99 0.99 0.99 0.99
  per-rule acc: 0.99 0.99
Epoch 3060 | Train: Loss=0.0021 Acc=99.9% | Test: Acc=99.1% | Best=99.1%(@3060)
  from x3: 0.98 0.99 0.99 0.99 0.99 0.99 0.99 0.99 0.99 0.99 0.99 0.99 0.99
  per-rule acc: 0.99 0.99
[Early stop] Epoch 3060: test set reached high accuracy

==================================================
Saving model...
[OK] Model saved to: /home/cxm/ai/test0625-exposure/models/mixed_basic_d1024l4_r16_t16_e60.pth
  File size: 592552.7 KB
  Best test accuracy: 99.14%

==================================================
Final generation test (given first two items, AB generates 3rd as prompt, validate from 4th)
==================================================

--- AB pair 1: (1, 1) ---

--- Statistics for AB=(1,1) ---
Exposed    samples:  1728 | In-dist: 22334/22464 ( 99.4%) | OOD: 27488/27648 ( 99.4%)
Unexposed  samples:  1081 | In-dist: 13284/14053 ( 94.5%) | OOD: 14729/17296 ( 85.2%)

--- AB pair 2: (1, 2) ---

--- Statistics for AB=(1,2) ---
Exposed    samples:  1716 | In-dist: 22178/22308 ( 99.4%) | OOD: 27306/27456 ( 99.5%)
Unexposed  samples:  1093 | In-dist: 13178/14209 ( 92.7%) | OOD: 13877/17488 ( 79.4%)

--- Return code: 0 ---

======================================================================
Attention Analysis
======================================================================
Model config: addition (default), p=53
Best test accuracy: 0.9914372655862996
Training epochs: 3060

Random test sequence 1/5 (length 32): [24, 22, 46, 15, 8, 23, 31, 1, 32, 33, 12, 45, 4, 49, 0, 49, 49, 45, 41, 33]...

======================================================================
Attention Layer Training Result Summary
======================================================================
Input sequence: [24, 22, 46, 15, 8, 23, 31, 1, 32, 33, 12, 45, 4, 49, 0, 49, 49, 45, 41, 33, 21, 1, 22, 23, 45, 15, 7, 22, 29, 51, 27, 25]

--- Layer 0 ---
  Head 0: Entropy=0.739
    Attention coefficients from each query position to previous positions:
      i= 0 -> j=0:1.000
      i= 1 -> j=0:0.835, j=1:0.165
      i= 2 -> j=0:0.093, j=1:0.761, j=2:0.146
      i= 3 -> j=0:0.001, j=1:0.125, j=2:0.694, j=3:0.179
      i= 4 -> j=0:0.000, j=1:0.002, j=2:0.133, j=3:0.723, j=4:0.142
      i= 5 -> j=0:0.000, j=1:0.000, j=2:0.002, j=3:0.114, j=4:0.739, j=5:0.146
      i= 6 -> j=0:0.000, j=1:0.000, j=2:0.000, j=3:0.001, j=4:0.102, j=5:0.783, j=6:0.114
      i= 7 -> j=0:0.000, j=1:0.000, j=2:0.000, j=3:0.000, j=4:0.002, j=5:0.167, j=6:0.672, j=7:0.159
      i= 8 -> j=0:0.000, j=1:0.000, j=2:0.000, j=3:0.000, j=4:0.000, j=5:0.002, j=6:0.124, j=7:0.731, j=8:0.142
      i= 9 -> j=0:0.000, j=1:0.000, j=2:0.000, j=3:0.000, j=4:0.000, j=5:0.000, j=6:0.002, j=7:0.135, j=8:0.771, j=9:0.092
      i=10 -> j=0:0.000, j=1:0.000, j=2:0.000, j=3:0.000, j=4:0.000, j=5:0.000, j=6:0.000, j=7:0.002, j=8:0.132, j=9:0.689, j=10:0.176
      i=11 -> j=0:0.000, j=1:0.000, j=2:0.000, j=3:0.000, j=4:0.000, j=5:0.000, j=6:0.000, j=7:0.000, j=8:0.001, j=9:0.134, j=10:0.722, j=11:0.142
      i=12 -> j=0:0.000, j=1:0.000, j=2:0.000, j=3:0.000, j=4:0.000, j=5:0.000, j=6:0.000, j=7:0.000, j=8:0.000, j=9:0.002, j=10:0.116, j=11:0.750, j=12:0.132
      i=13 -> j=0:0.000, j=1:0.000, j=2:0.000, j=3:0.000, j=4:0.000, j=5:0.000, j=6:0.000, j=7:0.000, j=8:0.000, j=9:0.000, j=10:0.002, j=11:0.147, j=12:0.723, j=13:0.128
      i=14 -> j=0:0.000, j=1:0.000, j=2:0.000, j=3:0.000, j=4:0.000, j=5:0.000, j=6:0.000, j=7:0.000, j=8:0.000, j=9:0.000, j=10:0.000, j=11:0.001, j=12:0.126, j=13:0.762, j=14:0.111
      i=15 -> j=0:0.000, j=1:0.000, j=2:0.000, j=3:0.000, j=4:0.000, j=5:0.000, j=6:0.000, j=7:0.000, j=8:0.000, j=9:0.000, j=10:0.000, j=11:0.000, j=12:0.001, j=13:0.052, j=14:0.884, j=15:0.062
      i=16 -> j=0:0.000, j=1:0.000, j=2:0.000, j=3:0.000, j=4:0.000, j=5:0.000, j=6:0.000, j=7:0.000, j=8:0.000, j=9:0.000, j=10:0.000, j=11:0.000, j=12:0.000, j=13:0.001, j=14:0.459, j=15:0.443, j=16:0.097
      i=17 -> j=0:0.000, j=1:0.000, j=2:0.000, j=3:0.000, j=4:0.000, j=5:0.000, j=6:0.000, j=7:0.000, j=8:0.000, j=9:0.000, j=10:0.000, j=11:0.000, j=12:0.000, j=13:0.000, j=14:0.010, j=15:0.116, j=16:0.679, j=17:0.195
      i=18 -> j=0:0.000, j=1:0.000, j=2:0.000, j=3:0.000, j=4:0.000, j=5:0.000, j=6:0.000, j=7:0.000, j=8:0.000, j=9:0.000, j=10:0.000, j=11:0.000, j=12:0.000, j=13:0.000, j=14:0.000, j=15:0.001, j=16:0.095, j=17:0.728, j=18:0.176
      i=19 -> j=0:0.000, j=1:0.000, j=2:0.000, j=3:0.000, j=4:0.000, j=5:0.000, j=6:0.000, j=7:0.000, j=8:0.000, j=9:0.000, j=10:0.000, j=11:0.000, j=12:0.000, j=13:0.000, j=14:0.000, j=15:0.000, j=16:0.001, j=17:0.129, j=18:0.781, j=19:0.089
      i=20 -> j=0:0.000, j=1:0.000, j=2:0.000, j=3:0.000, j=4:0.000, j=5:0.000, j=6:0.000, j=7:0.000, j=8:0.000, j=9:0.000, j=10:0.000, j=11:0.000, j=12:0.000, j=13:0.000, j=14:0.000, j=15:0.000, j=16:0.000, j=17:0.002, j=18:0.121, j=19:0.709, j=20:0.168
      i=21 -> j=0:0.000, j=1:0.000, j=2:0.000, j=3:0.000, j=4:0.000, j=5:0.000, j=6:0.000, j=7:0.000, j=8:0.000, j=9:0.000, j=10:0.000, j=11:0.000, j=12:0.000, j=13:0.000, j=14:0.000, j=15:0.000, j=16:0.000, j=17:0.000, j=18:0.002, j=19:0.140, j=20:0.703, j=21:0.155
      i=22 -> j=0:0.000, j=1:0.000, j=2:0.000, j=3:0.000, j=4:0.000, j=5:0.000, j=6:0.000, j=7:0.000, j=8:0.000, j=9:0.000, j=10:0.000, j=11:0.000, j=12:0.000, j=13:0.000, j=14:0.000, j=15:0.000, j=16:0.000, j=17:0.000, j=18:0.000, j=19:0.002, j=20:0.114, j=21:0.754, j=22:0.130
      i=23 -> j=0:0.000, j=1:0.000, j=2:0.000, j=3:0.000, j=4:0.000, j=5:0.000, j=6:0.000, j=7:0.000, j=8:0.000, j=9:0.000, j=10:0.000, j=11:0.000, j=12:0.000, j=13:0.000, j=14:0.000, j=15:0.000, j=16:0.000, j=17:0.000, j=18:0.000, j=19:0.000, j=20:0.001, j=21:0.126, j=22:0.730, j=23:0.142
      i=24 -> j=0:0.000, j=1:0.000, j=2:0.000, j=3:0.000, j=4:0.000, j=5:0.000, j=6:0.000, j=7:0.000, j=8:0.000, j=9:0.000, j=10:0.000, j=11:0.000, j=12:0.000, j=13:0.000, j=14:0.000, j=15:0.000, j=16:0.000, j=17:0.000, j=18:0.000, j=19:0.000, j=20:0.000, j=21:0.002, j=22:0.116, j=23:0.738, j=24:0.144
      i=25 -> j=0:0.000, j=1:0.000, j=2:0.000, j=3:0.000, j=4:0.000, j=5:0.000, j=6:0.000, j=7:0.000, j=8:0.000, j=9:0.000, j=10:0.000, j=11:0.000, j=12:0.000, j=13:0.000, j=14:0.000, j=15:0.000, j=16:0.000, j=17:0.000, j=18:0.000, j=19:0.000, j=20:0.000, j=21:0.000, j=22:0.002, j=23:0.147, j=24:0.691, j=25:0.160
      i=26 -> j=0:0.000, j=1:0.000, j=2:0.000, j=3:0.000, j=4:0.000, j=5:0.000, j=6:0.000, j=7:0.000, j=8:0.000, j=9:0.000, j=10:0.000, j=11:0.000, j=12:0.000, j=13:0.000, j=14:0.000, j=15:0.000, j=16:0.000, j=17:0.000, j=18:0.000, j=19:0.000, j=20:0.000, j=21:0.000, j=22:0.000, j=23:0.002, j=24:0.124, j=25:0.740, j=26:0.134
      i=27 -> j=0:0.000, j=1:0.000, j=2:0.000, j=3:0.000, j=4:0.000, j=5:0.000, j=6:0.000, j=7:0.000, j=8:0.000, j=9:0.000, j=10:0.000, j=11:0.000, j=12:0.000, j=13:0.000, j=14:0.000, j=15:0.000, j=16:0.000, j=17:0.000, j=18:0.000, j=19:0.000, j=20:0.000, j=21:0.000, j=22:0.000, j=23:0.000, j=24:0.002, j=25:0.108, j=26:0.761, j=27:0.129
      i=28 -> j=0:0.000, j=1:0.000, j=2:0.000, j=3:0.000, j=4:0.000, j=5:0.000, j=6:0.000, j=7:0.000, j=8:0.000, j=9:0.000, j=10:0.000, j=11:0.000, j=12:0.000, j=13:0.000, j=14:0.000, j=15:0.000, j=16:0.000, j=17:0.000, j=18:0.000, j=19:0.000, j=20:0.000, j=21:0.000, j=22:0.000, j=23:0.000, j=24:0.000, j=25:0.002, j=26:0.136, j=27:0.712, j=28:0.149
      i=29 -> j=0:0.000, j=1:0.000, j=2:0.000, j=3:0.000, j=4:0.000, j=5:0.000, j=6:0.000, j=7:0.000, j=8:0.000, j=9:0.000, j=10:0.000, j=11:0.000, j=12:0.000, j=13:0.000, j=14:0.000, j=15:0.000, j=16:0.000, j=17:0.000, j=18:0.000, j=19:0.000, j=20:0.000, j=21:0.000, j=22:0.000, j=23:0.000, j=24:0.000, j=25:0.000, j=26:0.002, j=27:0.137, j=28:0.691, j=29:0.171
      i=30 -> j=0:0.000, j=1:0.000, j=2:0.000, j=3:0.000, j=4:0.000, j=5:0.000, j=6:0.000, j=7:0.000, j=8:0.000, j=9:0.000, j=10:0.000, j=11:0.000, j=12:0.000, j=13:0.000, j=14:0.000, j=15:0.000, j=16:0.000, j=17:0.000, j=18:0.000, j=19:0.000, j=20:0.000, j=21:0.000, j=22:0.000, j=23:0.000, j=24:0.000, j=25:0.000, j=26:0.000, j=27:0.002, j=28:0.109, j=29:0.759, j=30:0.129
      i=31 -> j=0:0.000, j=1:0.000, j=2:0.000, j=3:0.000, j=4:0.000, j=5:0.000, j=6:0.000, j=7:0.000, j=8:0.000, j=9:0.000, j=10:0.000, j=11:0.000, j=12:0.000, j=13:0.000, j=14:0.000, j=15:0.000, j=16:0.000, j=17:0.000, j=18:0.000, j=19:0.000, j=20:0.000, j=21:0.000, j=22:0.000, j=23:0.000, j=24:0.000, j=25:0.000, j=26:0.000, j=27:0.000, j=28:0.001, j=29:0.110, j=30:0.714, j=31:0.174
    Average attention per distance:
      d=0:0.168, d=1:0.728, d=2:0.133

--- Layer 1 ---
  Head 0: Entropy=0.432
    Attention coefficients from each query position to previous positions:
      i= 0 -> j=0:1.000
      i= 1 -> j=0:0.999, j=1:0.001
      i= 2 -> j=0:0.910, j=1:0.090, j=2:0.000
      i= 3 -> j=0:0.037, j=1:0.917, j=2:0.046, j=3:0.000
      i= 4 -> j=0:0.000, j=1:0.048, j=2:0.899, j=3:0.053, j=4:0.000
      i= 5 -> j=0:0.000, j=1:0.000, j=2:0.047, j=3:0.843, j=4:0.109, j=5:0.000
      i= 6 -> j=0:0.000, j=1:0.000, j=2:0.000, j=3:0.041, j=4:0.928, j=5:0.031, j=6:0.000
      i= 7 -> j=0:0.000, j=1:0.000, j=2:0.000, j=3:0.000, j=4:0.065, j=5:0.878, j=6:0.057, j=7:0.000
      i= 8 -> j=0:0.000, j=1:0.000, j=2:0.000, j=3:0.000, j=4:0.000, j=5:0.030, j=6:0.873, j=7:0.097, j=8:0.000
      i= 9 -> j=0:0.000, j=1:0.000, j=2:0.000, j=3:0.000, j=4:0.000, j=5:0.000, j=6:0.065, j=7:0.868, j=8:0.067, j=9:0.000
      i=10 -> j=0:0.000, j=1:0.000, j=2:0.000, j=3:0.000, j=4:0.000, j=5:0.000, j=6:0.000, j=7:0.052, j=8:0.931, j=9:0.017, j=10:0.000
      i=11 -> j=0:0.000, j=1:0.000, j=2:0.000, j=3:0.000, j=4:0.000, j=5:0.000, j=6:0.000, j=7:0.000, j=8:0.067, j=9:0.863, j=10:0.070, j=11:0.000
      i=12 -> j=0:0.000, j=1:0.000, j=2:0.000, j=3:0.000, j=4:0.000, j=5:0.000, j=6:0.000, j=7:0.000, j=8:0.000, j=9:0.103, j=10:0.763, j=11:0.134, j=12:0.000
      i=13 -> j=0:0.000, j=1:0.000, j=2:0.000, j=3:0.000, j=4:0.000, j=5:0.000, j=6:0.000, j=7:0.000, j=8:0.000, j=9:0.000, j=10:0.049, j=11:0.921, j=12:0.029, j=13:0.000
      i=14 -> j=0:0.000, j=1:0.000, j=2:0.000, j=3:0.000, j=4:0.000, j=5:0.000, j=6:0.000, j=7:0.000, j=8:0.000, j=9:0.000, j=10:0.001, j=11:0.110, j=12:0.773, j=13:0.114, j=14:0.001
      i=15 -> j=0:0.000, j=1:0.000, j=2:0.000, j=3:0.000, j=4:0.000, j=5:0.000, j=6:0.000, j=7:0.000, j=8:0.000, j=9:0.000, j=10:0.000, j=11:0.000, j=12:0.098, j=13:0.888, j=14:0.013, j=15:0.000
      i=16 -> j=0:0.000, j=1:0.000, j=2:0.000, j=3:0.000, j=4:0.000, j=5:0.000, j=6:0.000, j=7:0.000, j=8:0.000, j=9:0.000, j=10:0.000, j=11:0.000, j=12:0.001, j=13:0.405, j=14:0.569, j=15:0.024, j=16:0.000
      i=17 -> j=0:0.000, j=1:0.000, j=2:0.000, j=3:0.000, j=4:0.000, j=5:0.000, j=6:0.000, j=7:0.000, j=8:0.000, j=9:0.000, j=10:0.000, j=11:0.000, j=12:0.000, j=13:0.000, j=14:0.030, j=15:0.889, j=16:0.080, j=17:0.001
      i=18 -> j=0:0.000, j=1:0.000, j=2:0.000, j=3:0.000, j=4:0.000, j=5:0.000, j=6:0.000, j=7:0.000, j=8:0.000, j=9:0.000, j=10:0.000, j=11:0.000, j=12:0.000, j=13:0.000, j=14:0.000, j=15:0.060, j=16:0.745, j=17:0.194, j=18:0.000
      i=19 -> j=0:0.000, j=1:0.000, j=2:0.000, j=3:0.000, j=4:0.000, j=5:0.000, j=6:0.000, j=7:0.000, j=8:0.000, j=9:0.000, j=10:0.000, j=11:0.000, j=12:0.000, j=13:0.000, j=14:0.000, j=15:0.000, j=16:0.033, j=17:0.923, j=18:0.043, j=19:0.000
      i=20 -> j=0:0.000, j=1:0.000, j=2:0.000, j=3:0.000, j=4:0.000, j=5:0.000, j=6:0.000, j=7:0.000, j=8:0.000, j=9:0.000, j=10:0.000, j=11:0.000, j=12:0.000, j=13:0.000, j=14:0.000, j=15:0.000, j=16:0.000, j=17:0.059, j=18:0.886, j=19:0.055, j=20:0.000
      i=21 -> j=0:0.000, j=1:0.000, j=2:0.000, j=3:0.000, j=4:0.000, j=5:0.000, j=6:0.000, j=7:0.000, j=8:0.000, j=9:0.000, j=10:0.000, j=11:0.000, j=12:0.000, j=13:0.000, j=14:0.000, j=15:0.000, j=16:0.000, j=17:0.000, j=18:0.056, j=19:0.876, j=20:0.068, j=21:0.000
      i=22 -> j=0:0.000, j=1:0.000, j=2:0.000, j=3:0.000, j=4:0.000, j=5:0.000, j=6:0.000, j=7:0.000, j=8:0.000, j=9:0.000, j=10:0.000, j=11:0.000, j=12:0.000, j=13:0.000, j=14:0.000, j=15:0.000, j=16:0.000, j=17:0.000, j=18:0.000, j=19:0.079, j=20:0.860, j=21:0.060, j=22:0.000
      i=23 -> j=0:0.000, j=1:0.000, j=2:0.000, j=3:0.000, j=4:0.000, j=5:0.000, j=6:0.000, j=7:0.000, j=8:0.000, j=9:0.000, j=10:0.000, j=11:0.000, j=12:0.000, j=13:0.000, j=14:0.000, j=15:0.000, j=16:0.000, j=17:0.000, j=18:0.000, j=19:0.000, j=20:0.059, j=21:0.882, j=22:0.059, j=23:0.000
      i=24 -> j=0:0.000, j=1:0.000, j=2:0.000, j=3:0.000, j=4:0.000, j=5:0.000, j=6:0.000, j=7:0.000, j=8:0.000, j=9:0.000, j=10:0.000, j=11:0.000, j=12:0.000, j=13:0.000, j=14:0.000, j=15:0.000, j=16:0.000, j=17:0.000, j=18:0.000, j=19:0.000, j=20:0.000, j=21:0.054, j=22:0.876, j=23:0.070, j=24:0.000
      i=25 -> j=0:0.000, j=1:0.000, j=2:0.000, j=3:0.000, j=4:0.000, j=5:0.000, j=6:0.000, j=7:0.000, j=8:0.000, j=9:0.000, j=10:0.000, j=11:0.000, j=12:0.000, j=13:0.000, j=14:0.000, j=15:0.000, j=16:0.000, j=17:0.000, j=18:0.000, j=19:0.000, j=20:0.000, j=21:0.000, j=22:0.063, j=23:0.807, j=24:0.129, j=25:0.000
      i=26 -> j=0:0.000, j=1:0.000, j=2:0.000, j=3:0.000, j=4:0.000, j=5:0.000, j=6:0.000, j=7:0.000, j=8:0.000, j=9:0.000, j=10:0.000, j=11:0.000, j=12:0.000, j=13:0.000, j=14:0.000, j=15:0.000, j=16:0.000, j=17:0.000, j=18:0.000, j=19:0.000, j=20:0.000, j=21:0.000, j=22:0.000, j=23:0.019, j=24:0.934, j=25:0.047, j=26:0.000
      i=27 -> j=0:0.000, j=1:0.000, j=2:0.000, j=3:0.000, j=4:0.000, j=5:0.000, j=6:0.000, j=7:0.000, j=8:0.000, j=9:0.000, j=10:0.000, j=11:0.000, j=12:0.000, j=13:0.000, j=14:0.000, j=15:0.000, j=16:0.000, j=17:0.000, j=18:0.000, j=19:0.000, j=20:0.000, j=21:0.000, j=22:0.000, j=23:0.000, j=24:0.052, j=25:0.874, j=26:0.074, j=27:0.000
      i=28 -> j=0:0.000, j=1:0.000, j=2:0.000, j=3:0.000, j=4:0.000, j=5:0.000, j=6:0.000, j=7:0.000, j=8:0.000, j=9:0.000, j=10:0.000, j=11:0.000, j=12:0.000, j=13:0.000, j=14:0.000, j=15:0.000, j=16:0.000, j=17:0.000, j=18:0.000, j=19:0.000, j=20:0.000, j=21:0.000, j=22:0.000, j=23:0.000, j=24:0.000, j=25:0.044, j=26:0.933, j=27:0.023, j=28:0.000
      i=29 -> j=0:0.000, j=1:0.000, j=2:0.000, j=3:0.000, j=4:0.000, j=5:0.000, j=6:0.000, j=7:0.000, j=8:0.000, j=9:0.000, j=10:0.000, j=11:0.000, j=12:0.000, j=13:0.000, j=14:0.000, j=15:0.000, j=16:0.000, j=17:0.000, j=18:0.000, j=19:0.000, j=20:0.000, j=21:0.000, j=22:0.000, j=23:0.000, j=24:0.000, j=25:0.000, j=26:0.055, j=27:0.917, j=28:0.028, j=29:0.000
      i=30 -> j=0:0.000, j=1:0.000, j=2:0.000, j=3:0.000, j=4:0.000, j=5:0.000, j=6:0.000, j=7:0.000, j=8:0.000, j=9:0.000, j=10:0.000, j=11:0.000, j=12:0.000, j=13:0.000, j=14:0.000, j=15:0.000, j=16:0.000, j=17:0.000, j=18:0.000, j=19:0.000, j=20:0.000, j=21:0.000, j=22:0.000, j=23:0.000, j=24:0.000, j=25:0.000, j=26:0.000, j=27:0.051, j=28:0.805, j=29:0.144, j=30:0.000
      i=31 -> j=0:0.000, j=1:0.000, j=2:0.000, j=3:0.000, j=4:0.000, j=5:0.000, j=6:0.000, j=7:0.000, j=8:0.000, j=9:0.000, j=10:0.000, j=11:0.000, j=12:0.000, j=13:0.000, j=14:0.000, j=15:0.000, j=16:0.000, j=17:0.000, j=18:0.000, j=19:0.000, j=20:0.000, j=21:0.000, j=22:0.000, j=23:0.000, j=24:0.000, j=25:0.000, j=26:0.000, j=27:0.000, j=28:0.031, j=29:0.874, j=30:0.095, j=31:0.000
    Average attention per distance:
      d=0:0.031, d=1:0.101, d=2:0.864, d=3:0.068

--- Layer 2 ---
  Head 0: Entropy=1.189
    Attention coefficients from each query position to previous positions:
      i= 0 -> j=0:1.000
      i= 1 -> j=0:0.653, j=1:0.347
      i= 2 -> j=0:0.151, j=1:0.605, j=2:0.244
      i= 3 -> j=0:0.006, j=1:0.163, j=2:0.658, j=3:0.173
      i= 4 -> j=0:0.001, j=1:0.010, j=2:0.180, j=3:0.630, j=4:0.179
      i= 5 -> j=0:0.000, j=1:0.001, j=2:0.020, j=3:0.201, j=4:0.502, j=5:0.275
      i= 6 -> j=0:0.000, j=1:0.000, j=2:0.001, j=3:0.008, j=4:0.130, j=5:0.559, j=6:0.301
      i= 7 -> j=0:0.000, j=1:0.000, j=2:0.000, j=3:0.000, j=4:0.004, j=5:0.123, j=6:0.709, j=7:0.163
      i= 8 -> j=0:0.003, j=1:0.001, j=2:0.000, j=3:0.000, j=4:0.001, j=5:0.013, j=6:0.229, j=7:0.535, j=8:0.219
      i= 9 -> j=0:0.009, j=1:0.007, j=2:0.004, j=3:0.000, j=4:0.001, j=5:0.003, j=6:0.030, j=7:0.192, j=8:0.477, j=9:0.278
      i=10 -> j=0:0.003, j=1:0.005, j=2:0.005, j=3:0.001, j=4:0.000, j=5:0.000, j=6:0.002, j=7:0.012, j=8:0.175, j=9:0.584, j=10:0.214
      i=11 -> j=0:0.001, j=1:0.001, j=2:0.003, j=3:0.001, j=4:0.000, j=5:0.000, j=6:0.000, j=7:0.000, j=8:0.011, j=9:0.212, j=10:0.535, j=11:0.234
      i=12 -> j=0:0.002, j=1:0.002, j=2:0.005, j=3:0.004, j=4:0.003, j=5:0.003, j=6:0.001, j=7:0.000, j=8:0.002, j=9:0.031, j=10:0.153, j=11:0.511, j=12:0.283
      i=13 -> j=0:0.003, j=1:0.002, j=2:0.003, j=3:0.002, j=4:0.004, j=5:0.007, j=6:0.002, j=7:0.000, j=8:0.001, j=9:0.005, j=10:0.017, j=11:0.149, j=12:0.530, j=13:0.275
      i=14 -> j=0:0.006, j=1:0.003, j=2:0.003, j=3:0.001, j=4:0.003, j=5:0.008, j=6:0.006, j=7:0.001, j=8:0.001, j=9:0.002, j=10:0.002, j=11:0.011, j=12:0.182, j=13:0.507, j=14:0.267
      i=15 -> j=0:0.006, j=1:0.004, j=2:0.003, j=3:0.001, j=4:0.001, j=5:0.004, j=6:0.006, j=7:0.003, j=8:0.002, j=9:0.001, j=10:0.000, j=11:0.001, j=12:0.022, j=13:0.188, j=14:0.483, j=15:0.274
      i=16 -> j=0:0.001, j=1:0.002, j=2:0.002, j=3:0.000, j=4:0.000, j=5:0.001, j=6:0.001, j=7:0.001, j=8:0.001, j=9:0.001, j=10:0.000, j=11:0.000, j=12:0.000, j=13:0.005, j=14:0.089, j=15:0.797, j=16:0.098
      i=17 -> j=0:0.004, j=1:0.005, j=2:0.007, j=3:0.003, j=4:0.002, j=5:0.002, j=6:0.002, j=7:0.002, j=8:0.005, j=9:0.007, j=10:0.001, j=11:0.000, j=12:0.001, j=13:0.001, j=14:0.012, j=15:0.295, j=16:0.449, j=17:0.201
      i=18 -> j=0:0.003, j=1:0.003, j=2:0.006, j=3:0.003, j=4:0.003, j=5:0.003, j=6:0.002, j=7:0.001, j=8:0.003, j=9:0.009, j=10:0.003, j=11:0.001, j=12:0.001, j=13:0.000, j=14:0.001, j=15:0.034, j=16:0.169, j=17:0.559, j=18:0.195
      i=19 -> j=0:0.004, j=1:0.003, j=2:0.005, j=3:0.003, j=4:0.005, j=5:0.007, j=6:0.003, j=7:0.001, j=8:0.002, j=9:0.007, j=10:0.005, j=11:0.002, j=12:0.002, j=13:0.000, j=14:0.000, j=15:0.002, j=16:0.009, j=17:0.177, j=18:0.508, j=19:0.256
      i=20 -> j=0:0.006, j=1:0.004, j=2:0.005, j=3:0.002, j=4:0.005, j=5:0.010, j=6:0.007, j=7:0.002, j=8:0.002, j=9:0.005, j=10:0.003, j=11:0.003, j=12:0.006, j=13:0.002, j=14:0.001, j=15:0.001, j=16:0.001, j=17:0.018, j=18:0.171, j=19:0.523, j=20:0.224
      i=21 -> j=0:0.005, j=1:0.004, j=2:0.003, j=3:0.001, j=4:0.002, j=5:0.005, j=6:0.006, j=7:0.002, j=8:0.002, j=9:0.003, j=10:0.001, j=11:0.001, j=12:0.004, j=13:0.003, j=14:0.001, j=15:0.000, j=16:0.000, j=17:0.001, j=18:0.012, j=19:0.194, j=20:0.537, j=21:0.214
      i=22 -> j=0:0.008, j=1:0.009, j=2:0.009, j=3:0.003, j=4:0.003, j=5:0.007, j=6:0.009, j=7:0.007, j=8:0.007, j=9:0.008, j=10:0.002, j=11:0.002, j=12:0.006, j=13:0.007, j=14:0.006, j=15:0.003, j=16:0.000, j=17:0.001, j=18:0.002, j=19:0.017, j=20:0.131, j=21:0.469, j=22:0.285
      i=23 -> j=0:0.008, j=1:0.010, j=2:0.012, j=3:0.005, j=4:0.005, j=5:0.007, j=6:0.007, j=7:0.007, j=8:0.011, j=9:0.014, j=10:0.005, j=11:0.002, j=12:0.004, j=13:0.006, j=14:0.009, j=15:0.010, j=16:0.001, j=17:0.001, j=18:0.001, j=19:0.002, j=20:0.015, j=21:0.144, j=22:0.497, j=23:0.218
      i=24 -> j=0:0.002, j=1:0.003, j=2:0.005, j=3:0.002, j=4:0.002, j=5:0.003, j=6:0.002, j=7:0.002, j=8:0.004, j=9:0.008, j=10:0.003, j=11:0.001, j=12:0.001, j=13:0.001, j=14:0.002, j=15:0.005, j=16:0.001, j=17:0.001, j=18:0.000, j=19:0.000, j=20:0.001, j=21:0.007, j=22:0.240, j=23:0.462, j=24:0.240
      i=25 -> j=0:0.002, j=1:0.002, j=2:0.003, j=3:0.002, j=4:0.003, j=5:0.004, j=6:0.002, j=7:0.001, j=8:0.002, j=9:0.006, j=10:0.003, j=11:0.001, j=12:0.002, j=13:0.001, j=14:0.001, j=15:0.003, j=16:0.001, j=17:0.002, j=18:0.000, j=19:0.000, j=20:0.000, j=21:0.000, j=22:0.014, j=23:0.123, j=24:0.697, j=25:0.124
      i=26 -> j=0:0.008, j=1:0.006, j=2:0.007, j=3:0.004, j=4:0.006, j=5:0.012, j=6:0.009, j=7:0.004, j=8:0.005, j=9:0.011, j=10:0.007, j=11:0.006, j=12:0.008, j=13:0.004, j=14:0.003, j=15:0.004, j=16:0.002, j=17:0.008, j=18:0.004, j=19:0.002, j=20:0.001, j=21:0.000, j=22:0.003, j=23:0.023, j=24:0.231, j=25:0.393, j=26:0.229
      i=27 -> j=0:0.009, j=1:0.007, j=2:0.007, j=3:0.003, j=4:0.005, j=5:0.011, j=6:0.011, j=7:0.006, j=8:0.006, j=9:0.009, j=10:0.005, j=11:0.005, j=12:0.011, j=13:0.007, j=14:0.004, j=15:0.004, j=16:0.001, j=17:0.005, j=18:0.006, j=19:0.005, j=20:0.002, j=21:0.000, j=22:0.001, j=23:0.003, j=24:0.020, j=25:0.144, j=26:0.432, j=27:0.269
      i=28 -> j=0:0.005, j=1:0.005, j=2:0.004, j=3:0.001, j=4:0.002, j=5:0.004, j=6:0.005, j=7:0.004, j=8:0.004, j=9:0.005, j=10:0.002, j=11:0.001, j=12:0.005, j=13:0.005, j=14:0.004, j=15:0.002, j=16:0.000, j=17:0.001, j=18:0.002, j=19:0.003, j=20:0.002, j=21:0.000, j=22:0.000, j=23:0.000, j=24:0.000, j=25:0.005, j=26:0.113, j=27:0.637, j=28:0.177
      i=29 -> j=0:0.003, j=1:0.004, j=2:0.006, j=3:0.002, j=4:0.002, j=5:0.003, j=6:0.004, j=7:0.003, j=8:0.005, j=9:0.007, j=10:0.002, j=11:0.001, j=12:0.003, j=13:0.004, j=14:0.005, j=15:0.005, j=16:0.001, j=17:0.001, j=18:0.001, j=19:0.002, j=20:0.003, j=21:0.001, j=22:0.001, j=23:0.000, j=24:0.000, j=25:0.000, j=26:0.006, j=27:0.167, j=28:0.573, j=29:0.187
      i=30 -> j=0:0.004, j=1:0.005, j=2:0.007, j=3:0.004, j=4:0.003, j=5:0.005, j=6:0.004, j=7:0.003, j=8:0.006, j=9:0.011, j=10:0.004, j=11:0.002, j=12:0.003, j=13:0.003, j=14:0.005, j=15:0.009, j=16:0.002, j=17:0.003, j=18:0.001, j=19:0.001, j=20:0.002, j=21:0.002, j=22:0.005, j=23:0.002, j=24:0.000, j=25:0.000, j=26:0.001, j=27:0.012, j=28:0.159, j=29:0.548, j=30:0.182
      i=31 -> j=0:0.004, j=1:0.004, j=2:0.006, j=3:0.004, j=4:0.005, j=5:0.006, j=6:0.004, j=7:0.003, j=8:0.005, j=9:0.011, j=10:0.006, j=11:0.003, j=12:0.004, j=13:0.003, j=14:0.004, j=15:0.007, j=16:0.003, j=17:0.005, j=18:0.002, j=19:0.001, j=20:0.001, j=21:0.001, j=22:0.006, j=23:0.005, j=24:0.001, j=25:0.000, j=26:0.000, j=27:0.001, j=28:0.008, j=29:0.142, j=30:0.522, j=31:0.223
    Average attention per distance:
      d=0:0.252, d=1:0.551, d=2:0.170, d=3:0.014

--- Layer 3 ---
  Head 0: Entropy=2.547
    Attention coefficients from each query position to previous positions:
      i= 0 -> j=0:1.000
      i= 1 -> j=0:0.497, j=1:0.503
      i= 2 -> j=0:0.332, j=1:0.339, j=2:0.329
      i= 3 -> j=0:0.251, j=1:0.259, j=2:0.252, j=3:0.238
      i= 4 -> j=0:0.198, j=1:0.207, j=2:0.204, j=3:0.194, j=4:0.197
      i= 5 -> j=0:0.163, j=1:0.171, j=2:0.171, j=3:0.164, j=4:0.167, j=5:0.164
      i= 6 -> j=0:0.136, j=1:0.144, j=2:0.146, j=3:0.142, j=4:0.147, j=5:0.144, j=6:0.141
      i= 7 -> j=0:0.116, j=1:0.123, j=2:0.126, j=3:0.125, j=4:0.130, j=5:0.130, j=6:0.127, j=7:0.122
      i= 8 -> j=0:0.102, j=1:0.107, j=2:0.110, j=3:0.110, j=4:0.116, j=5:0.117, j=6:0.116, j=7:0.111, j=8:0.111
      i= 9 -> j=0:0.090, j=1:0.094, j=2:0.096, j=3:0.097, j=4:0.102, j=5:0.105, j=6:0.105, j=7:0.103, j=8:0.103, j=9:0.105
      i=10 -> j=0:0.081, j=1:0.084, j=2:0.086, j=3:0.086, j=4:0.091, j=5:0.095, j=6:0.096, j=7:0.095, j=8:0.096, j=9:0.098, j=10:0.092
      i=11 -> j=0:0.074, j=1:0.077, j=2:0.077, j=3:0.077, j=4:0.082, j=5:0.085, j=6:0.087, j=7:0.087, j=8:0.089, j=9:0.092, j=10:0.087, j=11:0.086
      i=12 -> j=0:0.068, j=1:0.070, j=2:0.071, j=3:0.070, j=4:0.074, j=5:0.076, j=6:0.078, j=7:0.079, j=8:0.082, j=9:0.086, j=10:0.082, j=11:0.081, j=12:0.081
      i=13 -> j=0:0.064, j=1:0.066, j=2:0.065, j=3:0.065, j=4:0.067, j=5:0.069, j=6:0.071, j=7:0.072, j=8:0.075, j=9:0.080, j=10:0.077, j=11:0.078, j=12:0.078, j=13:0.073
      i=14 -> j=0:0.060, j=1:0.061, j=2:0.061, j=3:0.060, j=4:0.062, j=5:0.063, j=6:0.064, j=7:0.065, j=8:0.068, j=9:0.073, j=10:0.072, j=11:0.073, j=12:0.074, j=13:0.069, j=14:0.075
      i=15 -> j=0:0.057, j=1:0.058, j=2:0.057, j=3:0.056, j=4:0.058, j=5:0.059, j=6:0.059, j=7:0.060, j=8:0.062, j=9:0.067, j=10:0.066, j=11:0.068, j=12:0.070, j=13:0.066, j=14:0.072, j=15:0.064
      i=16 -> j=0:0.054, j=1:0.055, j=2:0.054, j=3:0.053, j=4:0.054, j=5:0.055, j=6:0.055, j=7:0.055, j=8:0.057, j=9:0.061, j=10:0.061, j=11:0.063, j=12:0.066, j=13:0.063, j=14:0.070, j=15:0.062, j=16:0.060
      i=17 -> j=0:0.052, j=1:0.053, j=2:0.052, j=3:0.051, j=4:0.052, j=5:0.052, j=6:0.052, j=7:0.052, j=8:0.053, j=9:0.056, j=10:0.056, j=11:0.058, j=12:0.061, j=13:0.060, j=14:0.066, j=15:0.060, j=16:0.058, j=17:0.060
      i=18 -> j=0:0.049, j=1:0.050, j=2:0.050, j=3:0.048, j=4:0.049, j=5:0.049, j=6:0.049, j=7:0.048, j=8:0.050, j=9:0.052, j=10:0.052, j=11:0.053, j=12:0.056, j=13:0.055, j=14:0.062, j=15:0.057, j=16:0.056, j=17:0.058, j=18:0.057
      i=19 -> j=0:0.047, j=1:0.048, j=2:0.047, j=3:0.046, j=4:0.047, j=5:0.047, j=6:0.046, j=7:0.046, j=8:0.047, j=9:0.048, j=10:0.048, j=11:0.049, j=12:0.051, j=13:0.051, j=14:0.057, j=15:0.054, j=16:0.054, j=17:0.055, j=18:0.055, j=19:0.056
      i=20 -> j=0:0.045, j=1:0.046, j=2:0.045, j=3:0.044, j=4:0.045, j=5:0.045, j=6:0.044, j=7:0.044, j=8:0.044, j=9:0.045, j=10:0.045, j=11:0.046, j=12:0.048, j=13:0.047, j=14:0.053, j=15:0.050, j=16:0.051, j=17:0.053, j=18:0.054, j=19:0.055, j=20:0.052
      i=21 -> j=0:0.043, j=1:0.044, j=2:0.043, j=3:0.042, j=4:0.043, j=5:0.043, j=6:0.043, j=7:0.042, j=8:0.042, j=9:0.043, j=10:0.042, j=11:0.043, j=12:0.044, j=13:0.044, j=14:0.049, j=15:0.047, j=16:0.048, j=17:0.050, j=18:0.051, j=19:0.053, j=20:0.051, j=21:0.049
      i=22 -> j=0:0.041, j=1:0.042, j=2:0.042, j=3:0.041, j=4:0.041, j=5:0.041, j=6:0.041, j=7:0.040, j=8:0.040, j=9:0.041, j=10:0.040, j=11:0.041, j=12:0.042, j=13:0.041, j=14:0.045, j=15:0.043, j=16:0.044, j=17:0.047, j=18:0.049, j=19:0.051, j=20:0.049, j=21:0.048, j=22:0.048
      i=23 -> j=0:0.040, j=1:0.040, j=2:0.040, j=3:0.039, j=4:0.040, j=5:0.040, j=6:0.039, j=7:0.039, j=8:0.039, j=9:0.040, j=10:0.039, j=11:0.039, j=12:0.039, j=13:0.039, j=14:0.042, j=15:0.041, j=16:0.041, j=17:0.044, j=18:0.046, j=19:0.049, j=20:0.047, j=21:0.046, j=22:0.047, j=23:0.045
      i=24 -> j=0:0.038, j=1:0.039, j=2:0.039, j=3:0.038, j=4:0.038, j=5:0.038, j=6:0.038, j=7:0.037, j=8:0.038, j=9:0.038, j=10:0.037, j=11:0.037, j=12:0.038, j=13:0.037, j=14:0.040, j=15:0.038, j=16:0.039, j=17:0.041, j=18:0.043, j=19:0.046, j=20:0.045, j=21:0.045, j=22:0.046, j=23:0.044, j=24:0.043
      i=25 -> j=0:0.037, j=1:0.038, j=2:0.037, j=3:0.036, j=4:0.037, j=5:0.037, j=6:0.037, j=7:0.036, j=8:0.036, j=9:0.037, j=10:0.036, j=11:0.036, j=12:0.036, j=13:0.035, j=14:0.038, j=15:0.036, j=16:0.036, j=17:0.038, j=18:0.040, j=19:0.042, j=20:0.042, j=21:0.043, j=22:0.044, j=23:0.043, j=24:0.042, j=25:0.042
      i=26 -> j=0:0.036, j=1:0.036, j=2:0.036, j=3:0.035, j=4:0.036, j=5:0.036, j=6:0.035, j=7:0.035, j=8:0.035, j=9:0.036, j=10:0.035, j=11:0.035, j=12:0.035, j=13:0.034, j=14:0.036, j=15:0.034, j=16:0.034, j=17:0.036, j=18:0.037, j=19:0.039, j=20:0.039, j=21:0.040, j=22:0.042, j=23:0.042, j=24:0.041, j=25:0.041, j=26:0.042
      i=27 -> j=0:0.034, j=1:0.035, j=2:0.035, j=3:0.034, j=4:0.035, j=5:0.035, j=6:0.034, j=7:0.034, j=8:0.034, j=9:0.035, j=10:0.034, j=11:0.034, j=12:0.034, j=13:0.033, j=14:0.035, j=15:0.033, j=16:0.033, j=17:0.034, j=18:0.035, j=19:0.037, j=20:0.037, j=21:0.038, j=22:0.040, j=23:0.040, j=24:0.040, j=25:0.040, j=26:0.041, j=27:0.039
      i=28 -> j=0:0.033, j=1:0.034, j=2:0.034, j=3:0.033, j=4:0.034, j=5:0.034, j=6:0.033, j=7:0.033, j=8:0.033, j=9:0.034, j=10:0.033, j=11:0.033, j=12:0.033, j=13:0.032, j=14:0.034, j=15:0.032, j=16:0.032, j=17:0.032, j=18:0.033, j=19:0.035, j=20:0.035, j=21:0.035, j=22:0.037, j=23:0.038, j=24:0.038, j=25:0.039, j=26:0.041, j=27:0.039, j=28:0.037
      i=29 -> j=0:0.032, j=1:0.033, j=2:0.033, j=3:0.032, j=4:0.032, j=5:0.032, j=6:0.032, j=7:0.032, j=8:0.032, j=9:0.033, j=10:0.032, j=11:0.032, j=12:0.032, j=13:0.031, j=14:0.033, j=15:0.031, j=16:0.031, j=17:0.031, j=18:0.032, j=19:0.033, j=20:0.033, j=21:0.033, j=22:0.035, j=23:0.035, j=24:0.036, j=25:0.037, j=26:0.039, j=27:0.038, j=28:0.036, j=29:0.036
      i=30 -> j=0:0.031, j=1:0.032, j=2:0.032, j=3:0.031, j=4:0.031, j=5:0.031, j=6:0.031, j=7:0.031, j=8:0.031, j=9:0.032, j=10:0.031, j=11:0.031, j=12:0.031, j=13:0.030, j=14:0.032, j=15:0.030, j=16:0.030, j=17:0.030, j=18:0.031, j=19:0.032, j=20:0.031, j=21:0.031, j=22:0.033, j=23:0.033, j=24:0.034, j=25:0.035, j=26:0.038, j=27:0.037, j=28:0.035, j=29:0.036, j=30:0.036
      i=31 -> j=0:0.030, j=1:0.031, j=2:0.031, j=3:0.030, j=4:0.031, j=5:0.031, j=6:0.030, j=7:0.030, j=8:0.030, j=9:0.031, j=10:0.030, j=11:0.030, j=12:0.030, j=13:0.029, j=14:0.031, j=15:0.029, j=16:0.029, j=17:0.029, j=18:0.030, j=19:0.030, j=20:0.030, j=21:0.030, j=22:0.031, j=23:0.031, j=24:0.032, j=25:0.033, j=26:0.036, j=27:0.036, j=28:0.035, j=29:0.035, j=30:0.036, j=31:0.034
    Average attention per distance:
      d=0:0.129, d=1:0.102, d=2:0.090, d=3:0.082, d=4:0.075, d=5:0.069, d=6:0.063, d=7:0.058
      d=8:0.054, d=9:0.051, d=10:0.048, d=11:0.046, d=12:0.044, d=13:0.043, d=14:0.042, d=15:0.041
      d=16:0.040, d=17:0.039, d=18:0.038, d=19:0.037, d=20:0.037, d=21:0.036, d=22:0.035, d=23:0.035
      d=24:0.034, d=25:0.034, d=26:0.033, d=27:0.033, d=28:0.032, d=29:0.032, d=30:0.031, d=31:0.030


======================================================================
QK Property Verification (Raw Scores, before Softmax)
======================================================================
Recurrence order init_len=2, num test sequences=1

--- [P1] Long-distance Orthogonality Verification ---
Ideal: raw_score mean ≈ 0 and small std when d > init_len

  Layer 0, Head 0:
    d= 1 (effective): mean= 10.756, std= 0.282, n=31
    d= 2 (effective): mean=  9.003, std= 0.346, n=30
    d>2 (long-distance): mean= -0.842, std= 2.124, n=435

  Layer 1, Head 0:
    d= 1 (effective): mean=  6.408, std= 0.957, n=31
    d= 2 (effective): mean=  9.098, std= 0.786, n=30
    d>2 (long-distance): mean= -2.990, std= 3.624, n=435

  Layer 2, Head 0:
    d= 1 (effective): mean=  1.637, std= 0.322, n=31
    d= 2 (effective): mean=  0.462, std= 0.305, n=30
    d>2 (long-distance): mean= -3.787, std= 1.185, n=435

  Layer 3, Head 0:
    d= 1 (effective): mean=  0.096, std= 0.024, n=31
    d= 2 (effective): mean=  0.110, std= 0.025, n=30
    d>2 (long-distance): mean= -0.016, std= 0.068, n=435

--- [P2] Time-homogeneous Verification ---
Ideal: CV of raw_score across positions i ≈ 0 for fixed distance d
(CV = std / |mean|, smaller = more constant)

  Layer 0, Head 0:
    d= 1: mean= 10.756, std= 0.282, CV=0.026, n=31
    d= 2: mean=  9.003, std= 0.346, CV=0.038, n=30

  Layer 1, Head 0:
    d= 1: mean=  6.408, std= 0.957, CV=0.149, n=31
    d= 2: mean=  9.098, std= 0.786, CV=0.086, n=30

  Layer 2, Head 0:
    d= 1: mean=  1.637, std= 0.322, CV=0.197, n=31
    d= 2: mean=  0.462, std= 0.305, CV=0.662, n=30

  Layer 3, Head 0:
    d= 1: mean=  0.096, std= 0.024, CV=0.253, n=31
    d= 2: mean=  0.110, std= 0.025, CV=0.231, n=30

======================================================================
QK Property Verification Completed
======================================================================
