=== Experiment: mixed_basic_d1024l4_r16_t16_e45 ===
Time: 2026-06-25T09:51:01.249274
Task type: mixed_ab
Merged config: {
  "P": 53,
  "TASK": "mixed_ab",
  "NUM_MASK": 0,
  "A": 1,
  "B": 1,
  "AB_PAIRS": [
    [
      1,
      1
    ],
    [
      1,
      2
    ]
  ],
  "D_MODEL": 1024,
  "N_HEAD": 1,
  "N_LAYER": 4,
  "BATCH_SIZE": 128,
  "EPOCHS": 10000,
  "LR": 0.0003,
  "SAVE_PATH": "models/mixed_basic_d1024l4_r16_t16_e45.pth",
  "USE_GREEDY_GENERATE": true,
  "USE_LEARNABLE_PE": false,
  "MLP_RATIO": 16,
  "TRAIN_LEN": 16,
  "OOD_LEN": 32,
  "DROPOUT": 0.0,
  "TARGET_INIT_COVERAGE": 0.5,
  "MAX_UNIQUE_RATIO": 0.5,
  "WEIGHT_DECAY": 1,
  "ENTROPY_PENALTY_WEIGHT": 0.0,
  "FIRST_TASK_WEIGHT": 1.0,
  "RANDOM_SEED": 42,
  "EVAL_INTERVAL": 20,
  "EARLY_STOP_NO_IMPROVE": 1000,
  "EARLY_STOP_ACCURACY": 0.99,
  "USE_AB_TAG": false,
  "USE_CONDITIONAL_WTE": false,
  "COND_WTE_SHARED_RATIO": 0.0,
  "MIXED_AB_MAX_UNIQUE_RATIOS": [
    0.45,
    0.45
  ]
}
--- output ---
Using device: cuda

[Dataset] Mixed mode: generated 2596 + 3022 samples, length 16
AB parameter pairs: [(1, 1), (1, 2)]
  - AB=(1,1): train 1296 | test 1513 | exposed ~46.1%
  - AB=(1,2): train 1300 | test 1509 | exposed ~46.3%
--------------------------------------------------
[Model config] block_size: 32, train length: 16
[Number theory] AB parameter pairs: [(1, 1), (1, 2)]


Model parameters: 151.68M

Start training...
Epoch   0 | Train: Loss=4.2886 Acc=6.3% | Test: Acc=0.8% | Best=0.8%(@0)
  from x3: 0.01 0.01 0.01 0.01 0.01 0.01 0.01 0.01 0.01 0.01 0.01 0.01 0.01
  per-rule acc: 0.01 0.01
Epoch  20 | Train: Loss=0.0215 Acc=99.6% | Test: Acc=2.3% | Best=2.3%(@20)
  from x3: 0.03 0.03 0.02 0.02 0.02 0.02 0.02 0.02 0.02 0.02 0.02 0.02 0.02
  per-rule acc: 0.03 0.02
Epoch  40 | Train: Loss=0.0202 Acc=99.6% | Test: Acc=2.7% | Best=2.7%(@40)
  from x3: 0.03 0.03 0.03 0.03 0.02 0.03 0.03 0.03 0.03 0.03 0.03 0.03 0.03
  per-rule acc: 0.03 0.02
Epoch  60 | Train: Loss=0.0015 Acc=99.9% | Test: Acc=2.3% | Best=2.7%(@40)
  from x3: 0.03 0.03 0.02 0.02 0.02 0.02 0.02 0.02 0.02 0.02 0.02 0.02 0.02
  per-rule acc: 0.03 0.02
Epoch  80 | Train: Loss=0.0022 Acc=99.9% | Test: Acc=2.2% | Best=2.7%(@40)
  from x3: 0.03 0.02 0.02 0.02 0.02 0.02 0.02 0.02 0.02 0.02 0.02 0.02 0.02
  per-rule acc: 0.03 0.01
Epoch 100 | Train: Loss=4.3209 Acc=2.2% | Test: Acc=1.8% | Best=2.7%(@40)
  from x3: 0.02 0.02 0.02 0.02 0.02 0.02 0.02 0.02 0.02 0.02 0.02 0.02 0.02
  per-rule acc: 0.02 0.02
Epoch 120 | Train: Loss=4.3000 Acc=2.9% | Test: Acc=1.5% | Best=2.7%(@40)
  from x3: 0.01 0.02 0.02 0.01 0.01 0.01 0.01 0.02 0.01 0.01 0.01 0.02 0.02
  per-rule acc: 0.01 0.02
Epoch 140 | Train: Loss=3.9907 Acc=8.2% | Test: Acc=1.4% | Best=2.7%(@40)
  from x3: 0.01 0.01 0.02 0.01 0.01 0.01 0.01 0.01 0.01 0.01 0.02 0.01 0.01
  per-rule acc: 0.02 0.01
Epoch 160 | Train: Loss=0.1392 Acc=97.4% | Test: Acc=1.3% | Best=2.7%(@40)
  from x3: 0.01 0.02 0.01 0.01 0.01 0.01 0.01 0.01 0.01 0.01 0.01 0.01 0.01
  per-rule acc: 0.01 0.01
Epoch 180 | Train: Loss=0.0079 Acc=99.8% | Test: Acc=1.3% | Best=2.7%(@40)
  from x3: 0.01 0.01 0.01 0.01 0.01 0.01 0.01 0.01 0.01 0.01 0.01 0.01 0.01
  per-rule acc: 0.01 0.01
Epoch 200 | Train: Loss=0.0068 Acc=99.9% | Test: Acc=1.3% | Best=2.7%(@40)
  from x3: 0.01 0.01 0.01 0.01 0.01 0.01 0.01 0.01 0.01 0.01 0.01 0.01 0.02
  per-rule acc: 0.01 0.01
Epoch 220 | Train: Loss=0.0048 Acc=99.9% | Test: Acc=1.2% | Best=2.7%(@40)
  from x3: 0.01 0.02 0.01 0.01 0.01 0.01 0.01 0.01 0.01 0.01 0.01 0.01 0.01
  per-rule acc: 0.01 0.01
Epoch 240 | Train: Loss=0.0056 Acc=99.9% | Test: Acc=1.3% | Best=2.7%(@40)
  from x3: 0.01 0.01 0.01 0.01 0.01 0.01 0.01 0.01 0.01 0.01 0.01 0.01 0.01
  per-rule acc: 0.01 0.01
Epoch 260 | Train: Loss=0.0034 Acc=99.9% | Test: Acc=1.1% | Best=2.7%(@40)
  from x3: 0.01 0.01 0.01 0.01 0.01 0.01 0.01 0.01 0.01 0.01 0.01 0.01 0.01
  per-rule acc: 0.01 0.01
Epoch 280 | Train: Loss=0.6226 Acc=94.7% | Test: Acc=1.2% | Best=2.7%(@40)
  from x3: 0.01 0.01 0.01 0.01 0.01 0.01 0.01 0.01 0.01 0.01 0.01 0.01 0.01
  per-rule acc: 0.01 0.01
Epoch 300 | Train: Loss=0.0033 Acc=99.9% | Test: Acc=1.2% | Best=2.7%(@40)
  from x3: 0.01 0.01 0.01 0.01 0.01 0.01 0.01 0.01 0.01 0.01 0.01 0.01 0.01
  per-rule acc: 0.01 0.01
Epoch 320 | Train: Loss=0.0038 Acc=99.9% | Test: Acc=1.1% | Best=2.7%(@40)
  from x3: 0.01 0.01 0.01 0.01 0.01 0.01 0.01 0.01 0.01 0.01 0.01 0.01 0.01
  per-rule acc: 0.01 0.01
Epoch 340 | Train: Loss=0.0027 Acc=99.9% | Test: Acc=1.2% | Best=2.7%(@40)
  from x3: 0.01 0.01 0.01 0.01 0.01 0.01 0.01 0.01 0.01 0.01 0.01 0.01 0.01
  per-rule acc: 0.01 0.01
Epoch 360 | Train: Loss=0.0033 Acc=99.9% | Test: Acc=1.1% | Best=2.7%(@40)
  from x3: 0.01 0.01 0.01 0.01 0.01 0.01 0.01 0.01 0.01 0.01 0.01 0.01 0.01
  per-rule acc: 0.01 0.01
Epoch 380 | Train: Loss=0.0031 Acc=99.9% | Test: Acc=1.2% | Best=2.7%(@40)
  from x3: 0.01 0.01 0.01 0.01 0.01 0.01 0.01 0.01 0.01 0.01 0.01 0.01 0.01
  per-rule acc: 0.01 0.01
Epoch 400 | Train: Loss=0.0036 Acc=99.9% | Test: Acc=1.2% | Best=2.7%(@40)
  from x3: 0.01 0.01 0.01 0.01 0.01 0.01 0.01 0.01 0.01 0.01 0.01 0.01 0.01
  per-rule acc: 0.01 0.01
Epoch 420 | Train: Loss=0.0027 Acc=99.9% | Test: Acc=1.4% | Best=2.7%(@40)
  from x3: 0.01 0.01 0.01 0.02 0.01 0.01 0.01 0.01 0.01 0.02 0.01 0.01 0.01
  per-rule acc: 0.02 0.01
Epoch 440 | Train: Loss=0.0034 Acc=99.9% | Test: Acc=1.4% | Best=2.7%(@40)
  from x3: 0.01 0.01 0.01 0.02 0.01 0.01 0.01 0.01 0.01 0.01 0.01 0.01 0.01
  per-rule acc: 0.02 0.01
Epoch 460 | Train: Loss=0.0025 Acc=99.9% | Test: Acc=1.5% | Best=2.7%(@40)
  from x3: 0.01 0.02 0.01 0.01 0.01 0.01 0.01 0.02 0.01 0.01 0.01 0.01 0.01
  per-rule acc: 0.02 0.01
Epoch 480 | Train: Loss=0.0032 Acc=99.9% | Test: Acc=1.5% | Best=2.7%(@40)
  from x3: 0.01 0.01 0.01 0.02 0.01 0.01 0.01 0.01 0.01 0.02 0.02 0.01 0.01
  per-rule acc: 0.02 0.01
Epoch 500 | Train: Loss=0.0023 Acc=99.9% | Test: Acc=1.4% | Best=2.7%(@40)
  from x3: 0.01 0.01 0.01 0.02 0.01 0.01 0.01 0.01 0.01 0.01 0.01 0.01 0.01
  per-rule acc: 0.02 0.01
Epoch 520 | Train: Loss=0.0031 Acc=99.9% | Test: Acc=1.2% | Best=2.7%(@40)
  from x3: 0.01 0.02 0.01 0.01 0.01 0.01 0.01 0.01 0.01 0.01 0.01 0.01 0.01
  per-rule acc: 0.02 0.01
Epoch 540 | Train: Loss=0.0022 Acc=99.9% | Test: Acc=1.4% | Best=2.7%(@40)
  from x3: 0.01 0.02 0.01 0.01 0.01 0.01 0.01 0.01 0.02 0.01 0.01 0.01 0.02
  per-rule acc: 0.02 0.01
Epoch 560 | Train: Loss=0.0029 Acc=99.9% | Test: Acc=1.4% | Best=2.7%(@40)
  from x3: 0.01 0.02 0.01 0.01 0.01 0.01 0.01 0.01 0.01 0.01 0.01 0.01 0.01
  per-rule acc: 0.02 0.01
Epoch 580 | Train: Loss=0.0018 Acc=99.9% | Test: Acc=1.3% | Best=2.7%(@40)
  from x3: 0.01 0.01 0.01 0.01 0.01 0.01 0.01 0.01 0.01 0.01 0.01 0.01 0.01
  per-rule acc: 0.02 0.01
Epoch 600 | Train: Loss=0.0026 Acc=99.9% | Test: Acc=1.3% | Best=2.7%(@40)
  from x3: 0.01 0.01 0.01 0.02 0.01 0.01 0.01 0.01 0.01 0.01 0.01 0.01 0.01
  per-rule acc: 0.01 0.01
Epoch 620 | Train: Loss=0.0018 Acc=99.9% | Test: Acc=1.3% | Best=2.7%(@40)
  from x3: 0.01 0.02 0.01 0.01 0.01 0.01 0.01 0.01 0.01 0.01 0.01 0.01 0.01
  per-rule acc: 0.02 0.01
Epoch 640 | Train: Loss=0.0025 Acc=99.9% | Test: Acc=1.3% | Best=2.7%(@40)
  from x3: 0.01 0.02 0.01 0.01 0.01 0.01 0.01 0.01 0.01 0.01 0.01 0.01 0.01
  per-rule acc: 0.02 0.01
Epoch 660 | Train: Loss=0.0361 Acc=99.8% | Test: Acc=1.7% | Best=2.7%(@40)
  from x3: 0.01 0.02 0.02 0.02 0.02 0.02 0.02 0.02 0.02 0.02 0.02 0.02 0.02
  per-rule acc: 0.02 0.01
Epoch 680 | Train: Loss=0.0020 Acc=99.9% | Test: Acc=1.3% | Best=2.7%(@40)
  from x3: 0.01 0.01 0.01 0.01 0.01 0.01 0.01 0.01 0.01 0.01 0.01 0.01 0.01
  per-rule acc: 0.01 0.01
Epoch 700 | Train: Loss=0.0026 Acc=99.9% | Test: Acc=1.3% | Best=2.7%(@40)
  from x3: 0.01 0.01 0.01 0.01 0.01 0.01 0.01 0.01 0.01 0.01 0.01 0.01 0.01
  per-rule acc: 0.02 0.01
Epoch 720 | Train: Loss=0.0016 Acc=99.9% | Test: Acc=1.3% | Best=2.7%(@40)
  from x3: 0.01 0.01 0.01 0.01 0.01 0.01 0.01 0.01 0.01 0.01 0.01 0.01 0.01
  per-rule acc: 0.02 0.01
Epoch 740 | Train: Loss=0.0022 Acc=99.9% | Test: Acc=1.3% | Best=2.7%(@40)
  from x3: 0.01 0.01 0.01 0.01 0.01 0.01 0.01 0.01 0.01 0.01 0.01 0.01 0.01
  per-rule acc: 0.02 0.01
Epoch 760 | Train: Loss=0.2358 Acc=99.1% | Test: Acc=1.3% | Best=2.7%(@40)
  from x3: 0.01 0.01 0.01 0.01 0.01 0.01 0.01 0.01 0.01 0.01 0.01 0.01 0.01
  per-rule acc: 0.02 0.01
Epoch 780 | Train: Loss=0.0018 Acc=99.9% | Test: Acc=1.3% | Best=2.7%(@40)
  from x3: 0.01 0.01 0.01 0.01 0.01 0.01 0.01 0.01 0.01 0.01 0.01 0.01 0.01
  per-rule acc: 0.02 0.01
Epoch 800 | Train: Loss=0.0022 Acc=99.9% | Test: Acc=1.4% | Best=2.7%(@40)
  from x3: 0.01 0.01 0.01 0.01 0.01 0.01 0.01 0.01 0.01 0.01 0.01 0.01 0.01
  per-rule acc: 0.02 0.01
Epoch 820 | Train: Loss=0.0014 Acc=99.9% | Test: Acc=1.3% | Best=2.7%(@40)
  from x3: 0.01 0.02 0.01 0.01 0.01 0.01 0.01 0.01 0.01 0.01 0.01 0.01 0.01
  per-rule acc: 0.02 0.01
Epoch 840 | Train: Loss=0.0019 Acc=99.9% | Test: Acc=1.5% | Best=2.7%(@40)
  from x3: 0.01 0.02 0.01 0.01 0.01 0.01 0.01 0.01 0.01 0.01 0.01 0.02 0.01
  per-rule acc: 0.02 0.01
Epoch 860 | Train: Loss=2.3356 Acc=80.8% | Test: Acc=1.1% | Best=2.7%(@40)
  from x3: 0.01 0.01 0.01 0.01 0.01 0.01 0.01 0.01 0.01 0.01 0.01 0.01 0.01
  per-rule acc: 0.01 0.01
Epoch 880 | Train: Loss=0.0016 Acc=99.9% | Test: Acc=1.3% | Best=2.7%(@40)
  from x3: 0.01 0.02 0.02 0.01 0.01 0.01 0.01 0.01 0.01 0.01 0.01 0.01 0.01
  per-rule acc: 0.02 0.01
Epoch 900 | Train: Loss=0.0020 Acc=99.9% | Test: Acc=1.6% | Best=2.7%(@40)
  from x3: 0.01 0.02 0.02 0.02 0.02 0.02 0.02 0.02 0.02 0.02 0.02 0.02 0.02
  per-rule acc: 0.02 0.01
Epoch 920 | Train: Loss=0.0208 Acc=99.8% | Test: Acc=1.4% | Best=2.7%(@40)
  from x3: 0.01 0.01 0.01 0.01 0.01 0.01 0.01 0.01 0.01 0.01 0.01 0.01 0.01
  per-rule acc: 0.02 0.01
Epoch 940 | Train: Loss=0.0017 Acc=99.9% | Test: Acc=1.5% | Best=2.7%(@40)
  from x3: 0.01 0.02 0.02 0.02 0.01 0.01 0.02 0.02 0.02 0.02 0.02 0.02 0.02
  per-rule acc: 0.02 0.01
Epoch 960 | Train: Loss=0.0020 Acc=99.9% | Test: Acc=1.5% | Best=2.7%(@40)
  from x3: 0.01 0.01 0.02 0.02 0.02 0.02 0.02 0.02 0.02 0.01 0.01 0.01 0.01
  per-rule acc: 0.02 0.01
Epoch 980 | Train: Loss=0.3025 Acc=98.4% | Test: Acc=1.9% | Best=2.7%(@40)
  from x3: 0.01 0.02 0.02 0.02 0.02 0.02 0.02 0.02 0.02 0.02 0.02 0.02 0.02
  per-rule acc: 0.02 0.01
Epoch 1000 | Train: Loss=0.0015 Acc=99.9% | Test: Acc=1.5% | Best=2.7%(@40)
  from x3: 0.01 0.01 0.02 0.02 0.02 0.02 0.02 0.02 0.02 0.02 0.01 0.01 0.02
  per-rule acc: 0.02 0.01
Epoch 1020 | Train: Loss=0.0019 Acc=99.9% | Test: Acc=1.6% | Best=2.7%(@40)
  from x3: 0.01 0.02 0.02 0.02 0.02 0.02 0.02 0.02 0.02 0.02 0.02 0.02 0.02
  per-rule acc: 0.02 0.01
Epoch 1040 | Train: Loss=0.0012 Acc=99.9% | Test: Acc=1.4% | Best=2.7%(@40)
  from x3: 0.01 0.01 0.01 0.01 0.01 0.02 0.01 0.01 0.01 0.01 0.01 0.01 0.01
  per-rule acc: 0.02 0.01
[Early stop] No improvement for 1000 consecutive epochs

==================================================
Saving model...
[OK] Model saved to: /home/cxm/ai/test0625-exposure/models/mixed_basic_d1024l4_r16_t16_e45.pth
  File size: 592552.7 KB
  Best test accuracy: 2.68%

==================================================
Final generation test (given first two items, AB generates 3rd as prompt, validate from 4th)
==================================================

--- AB pair 1: (1, 1) ---

--- Statistics for AB=(1,1) ---
Exposed    samples:  1296 | In-dist: 16770/16848 ( 99.5%) | OOD: 20639/20736 ( 99.5%)
Unexposed  samples:  1513 | In-dist:  8614/19669 ( 43.8%) | OOD: 12035/24208 ( 49.7%)

--- AB pair 2: (1, 2) ---

--- Statistics for AB=(1,2) ---
Exposed    samples:  1300 | In-dist: 16822/16900 ( 99.5%) | OOD: 20710/20800 ( 99.6%)
Unexposed  samples:  1509 | In-dist:  7131/19617 ( 36.4%) | OOD: 10306/24144 ( 42.7%)

--- Return code: 0 ---

======================================================================
Attention Analysis
======================================================================
Model config: addition (default), p=53
Best test accuracy: 0.0268288957898488
Training epochs: 1040

Random test sequence 1/5 (length 32): [23, 5, 28, 33, 8, 41, 49, 37, 33, 17, 50, 14, 11, 25, 36, 8, 44, 52, 43, 42]...

======================================================================
Attention Layer Training Result Summary
======================================================================
Input sequence: [23, 5, 28, 33, 8, 41, 49, 37, 33, 17, 50, 14, 11, 25, 36, 8, 44, 52, 43, 42, 32, 21, 0, 21, 21, 42, 10, 52, 9, 8, 17, 25]

--- Layer 0 ---
  Head 0: Entropy=1.609
    Attention coefficients from each query position to previous positions:
      i= 0 -> j=0:1.000
      i= 1 -> j=0:0.410, j=1:0.590
      i= 2 -> j=0:0.035, j=1:0.051, j=2:0.914
      i= 3 -> j=0:0.096, j=1:0.161, j=2:0.095, j=3:0.648
      i= 4 -> j=0:0.027, j=1:0.087, j=2:0.029, j=3:0.475, j=4:0.382
      i= 5 -> j=0:0.005, j=1:0.008, j=2:0.192, j=3:0.081, j=4:0.439, j=5:0.275
      i= 6 -> j=0:0.006, j=1:0.011, j=2:0.054, j=3:0.017, j=4:0.037, j=5:0.120, j=6:0.755
      i= 7 -> j=0:0.006, j=1:0.008, j=2:0.036, j=3:0.040, j=4:0.037, j=5:0.045, j=6:0.574, j=7:0.254
      i= 8 -> j=0:0.015, j=1:0.026, j=2:0.011, j=3:0.036, j=4:0.021, j=5:0.042, j=6:0.067, j=7:0.155, j=8:0.627
      i= 9 -> j=0:0.004, j=1:0.009, j=2:0.019, j=3:0.003, j=4:0.017, j=5:0.092, j=6:0.173, j=7:0.086, j=8:0.028, j=9:0.567
      i=10 -> j=0:0.004, j=1:0.007, j=2:0.011, j=3:0.003, j=4:0.009, j=5:0.034, j=6:0.065, j=7:0.038, j=8:0.023, j=9:0.314, j=10:0.492
      i=11 -> j=0:0.001, j=1:0.002, j=2:0.006, j=3:0.002, j=4:0.008, j=5:0.009, j=6:0.028, j=7:0.027, j=8:0.037, j=9:0.170, j=10:0.535, j=11:0.173
      i=12 -> j=0:0.004, j=1:0.005, j=2:0.003, j=3:0.010, j=4:0.003, j=5:0.002, j=6:0.005, j=7:0.010, j=8:0.069, j=9:0.012, j=10:0.031, j=11:0.464, j=12:0.384
      i=13 -> j=0:0.008, j=1:0.018, j=2:0.004, j=3:0.002, j=4:0.004, j=5:0.017, j=6:0.014, j=7:0.010, j=8:0.006, j=9:0.105, j=10:0.169, j=11:0.101, j=12:0.262, j=13:0.281
      i=14 -> j=0:0.002, j=1:0.002, j=2:0.008, j=3:0.002, j=4:0.006, j=5:0.004, j=6:0.012, j=7:0.009, j=8:0.008, j=9:0.025, j=10:0.061, j=11:0.035, j=12:0.015, j=13:0.498, j=14:0.312
      i=15 -> j=0:0.015, j=1:0.018, j=2:0.005, j=3:0.009, j=4:0.009, j=5:0.005, j=6:0.002, j=7:0.006, j=8:0.012, j=9:0.006, j=10:0.009, j=11:0.053, j=12:0.223, j=13:0.087, j=14:0.111, j=15:0.429
      i=16 -> j=0:0.019, j=1:0.016, j=2:0.009, j=3:0.011, j=4:0.004, j=5:0.004, j=6:0.009, j=7:0.009, j=8:0.017, j=9:0.012, j=10:0.011, j=11:0.041, j=12:0.096, j=13:0.091, j=14:0.217, j=15:0.161, j=16:0.273
      i=17 -> j=0:0.010, j=1:0.009, j=2:0.019, j=3:0.006, j=4:0.008, j=5:0.007, j=6:0.016, j=7:0.008, j=8:0.005, j=9:0.024, j=10:0.025, j=11:0.009, j=12:0.007, j=13:0.072, j=14:0.115, j=15:0.106, j=16:0.059, j=17:0.495
      i=18 -> j=0:0.013, j=1:0.009, j=2:0.014, j=3:0.017, j=4:0.008, j=5:0.002, j=6:0.003, j=7:0.004, j=8:0.008, j=9:0.004, j=10:0.004, j=11:0.010, j=12:0.012, j=13:0.014, j=14:0.047, j=15:0.146, j=16:0.080, j=17:0.197, j=18:0.407
      i=19 -> j=0:0.023, j=1:0.019, j=2:0.011, j=3:0.021, j=4:0.008, j=5:0.004, j=6:0.003, j=7:0.004, j=8:0.008, j=9:0.003, j=10:0.003, j=11:0.010, j=12:0.011, j=13:0.004, j=14:0.011, j=15:0.016, j=16:0.036, j=17:0.038, j=18:0.285, j=19:0.483
      i=20 -> j=0:0.018, j=1:0.018, j=2:0.005, j=3:0.011, j=4:0.007, j=5:0.003, j=6:0.001, j=7:0.002, j=8:0.003, j=9:0.001, j=10:0.001, j=11:0.004, j=12:0.008, j=13:0.001, j=14:0.002, j=15:0.004, j=16:0.013, j=17:0.007, j=18:0.198, j=19:0.570, j=20:0.124
      i=21 -> j=0:0.016, j=1:0.017, j=2:0.018, j=3:0.006, j=4:0.018, j=5:0.027, j=6:0.017, j=7:0.009, j=8:0.003, j=9:0.021, j=10:0.016, j=11:0.002, j=12:0.003, j=13:0.010, j=14:0.008, j=15:0.014, j=16:0.023, j=17:0.035, j=18:0.033, j=19:0.036, j=20:0.126, j=21:0.541
      i=22 -> j=0:0.024, j=1:0.025, j=2:0.031, j=3:0.021, j=4:0.023, j=5:0.016, j=6:0.015, j=7:0.013, j=8:0.008, j=9:0.009, j=10:0.008, j=11:0.005, j=12:0.008, j=13:0.008, j=14:0.011, j=15:0.012, j=16:0.009, j=17:0.029, j=18:0.024, j=19:0.103, j=20:0.192, j=21:0.185, j=22:0.220
      i=23 -> j=0:0.014, j=1:0.015, j=2:0.016, j=3:0.006, j=4:0.018, j=5:0.025, j=6:0.015, j=7:0.009, j=8:0.003, j=9:0.019, j=10:0.014, j=11:0.002, j=12:0.002, j=13:0.006, j=14:0.004, j=15:0.007, j=16:0.011, j=17:0.015, j=18:0.011, j=19:0.011, j=20:0.040, j=21:0.260, j=22:0.062, j=23:0.417
      i=24 -> j=0:0.011, j=1:0.013, j=2:0.013, j=3:0.005, j=4:0.016, j=5:0.023, j=6:0.013, j=7:0.008, j=8:0.003, j=9:0.017, j=10:0.013, j=11:0.002, j=12:0.002, j=13:0.005, j=14:0.003, j=15:0.005, j=16:0.007, j=17:0.009, j=18:0.006, j=19:0.006, j=20:0.020, j=21:0.145, j=22:0.033, j=23:0.283, j=24:0.339
      i=25 -> j=0:0.044, j=1:0.037, j=2:0.020, j=3:0.056, j=4:0.023, j=5:0.013, j=6:0.011, j=7:0.015, j=8:0.027, j=9:0.006, j=10:0.005, j=11:0.014, j=12:0.012, j=13:0.003, j=14:0.004, j=15:0.004, j=16:0.004, j=17:0.005, j=18:0.006, j=19:0.010, j=20:0.008, j=21:0.012, j=22:0.051, j=23:0.032, j=24:0.043, j=25:0.535
      i=26 -> j=0:0.008, j=1:0.006, j=2:0.014, j=3:0.014, j=4:0.035, j=5:0.006, j=6:0.005, j=7:0.008, j=8:0.008, j=9:0.004, j=10:0.005, j=11:0.004, j=12:0.002, j=13:0.005, j=14:0.003, j=15:0.007, j=16:0.001, j=17:0.004, j=18:0.001, j=19:0.005, j=20:0.006, j=21:0.014, j=22:0.030, j=23:0.052, j=24:0.085, j=25:0.454, j=26:0.214
      i=27 -> j=0:0.014, j=1:0.013, j=2:0.021, j=3:0.012, j=4:0.017, j=5:0.017, j=6:0.025, j=7:0.016, j=8:0.009, j=9:0.019, j=10:0.015, j=11:0.006, j=12:0.004, j=13:0.011, j=14:0.009, j=15:0.005, j=16:0.004, j=17:0.011, j=18:0.003, j=19:0.004, j=20:0.012, j=21:0.029, j=22:0.027, j=23:0.069, j=24:0.112, j=25:0.047, j=26:0.066, j=27:0.403
      i=28 -> j=0:0.030, j=1:0.029, j=2:0.015, j=3:0.046, j=4:0.017, j=5:0.008, j=6:0.009, j=7:0.015, j=8:0.036, j=9:0.006, j=10:0.005, j=11:0.020, j=12:0.018, j=13:0.006, j=14:0.008, j=15:0.005, j=16:0.004, j=17:0.004, j=18:0.004, j=19:0.007, j=20:0.005, j=21:0.002, j=22:0.011, j=23:0.004, j=24:0.005, j=25:0.045, j=26:0.109, j=27:0.034, j=28:0.493
      i=29 -> j=0:0.027, j=1:0.027, j=2:0.014, j=3:0.034, j=4:0.030, j=5:0.015, j=6:0.005, j=7:0.012, j=8:0.025, j=9:0.005, j=10:0.006, j=11:0.017, j=12:0.021, j=13:0.005, j=14:0.004, j=15:0.006, j=16:0.003, j=17:0.002, j=18:0.003, j=19:0.005, j=20:0.002, j=21:0.003, j=22:0.003, j=23:0.004, j=24:0.006, j=25:0.025, j=26:0.074, j=27:0.012, j=28:0.406, j=29:0.197
      i=30 -> j=0:0.011, j=1:0.014, j=2:0.023, j=3:0.006, j=4:0.017, j=5:0.039, j=6:0.028, j=7:0.016, j=8:0.005, j=9:0.039, j=10:0.030, j=11:0.004, j=12:0.005, j=13:0.013, j=14:0.007, j=15:0.008, j=16:0.011, j=17:0.010, j=18:0.004, j=19:0.002, j=20:0.006, j=21:0.034, j=22:0.005, j=23:0.054, j=24:0.074, j=25:0.006, j=26:0.006, j=27:0.072, j=28:0.005, j=29:0.070, j=30:0.377
      i=31 -> j=0:0.036, j=1:0.053, j=2:0.019, j=3:0.013, j=4:0.019, j=5:0.062, j=6:0.027, j=7:0.022, j=8:0.012, j=9:0.037, j=10:0.027, j=11:0.011, j=12:0.017, j=13:0.008, j=14:0.006, j=15:0.006, j=16:0.024, j=17:0.006, j=18:0.007, j=19:0.002, j=20:0.003, j=21:0.015, j=22:0.002, j=23:0.022, j=24:0.030, j=25:0.003, j=26:0.006, j=27:0.023, j=28:0.007, j=29:0.062, j=30:0.238, j=31:0.175
    Average attention per distance:
      d=0:0.430, d=1:0.251, d=2:0.083, d=3:0.079, d=4:0.040, d=5:0.016, d=6:0.011, d=7:0.012
      d=15:0.011, d=16:0.011, d=17:0.014, d=18:0.013, d=19:0.014, d=20:0.017, d=21:0.020, d=22:0.022
      d=23:0.013, d=24:0.019, d=25:0.030, d=26:0.025, d=27:0.017, d=28:0.023, d=29:0.020, d=30:0.032
      d=31:0.036

--- Layer 1 ---
  Head 0: Entropy=1.173
    Attention coefficients from each query position to previous positions:
      i= 0 -> j=0:1.000
      i= 1 -> j=0:0.916, j=1:0.084
      i= 2 -> j=0:0.456, j=1:0.508, j=2:0.036
      i= 3 -> j=0:0.122, j=1:0.641, j=2:0.157, j=3:0.080
      i= 4 -> j=0:0.009, j=1:0.152, j=2:0.324, j=3:0.434, j=4:0.080
      i= 5 -> j=0:0.000, j=1:0.003, j=2:0.064, j=3:0.450, j=4:0.382, j=5:0.101
      i= 6 -> j=0:0.000, j=1:0.000, j=2:0.004, j=3:0.044, j=4:0.306, j=5:0.582, j=6:0.063
      i= 7 -> j=0:0.001, j=1:0.000, j=2:0.001, j=3:0.003, j=4:0.049, j=5:0.555, j=6:0.291, j=7:0.100
      i= 8 -> j=0:0.004, j=1:0.001, j=2:0.001, j=3:0.002, j=4:0.008, j=5:0.113, j=6:0.296, j=7:0.414, j=8:0.161
      i= 9 -> j=0:0.003, j=1:0.001, j=2:0.001, j=3:0.000, j=4:0.000, j=5:0.003, j=6:0.028, j=7:0.235, j=8:0.659, j=9:0.069
      i=10 -> j=0:0.002, j=1:0.003, j=2:0.001, j=3:0.001, j=4:0.000, j=5:0.000, j=6:0.002, j=7:0.037, j=8:0.494, j=9:0.419, j=10:0.041
      i=11 -> j=0:0.003, j=1:0.006, j=2:0.004, j=3:0.003, j=4:0.001, j=5:0.000, j=6:0.001, j=7:0.006, j=8:0.114, j=9:0.577, j=10:0.210, j=11:0.073
      i=12 -> j=0:0.001, j=1:0.003, j=2:0.003, j=3:0.003, j=4:0.002, j=5:0.000, j=6:0.000, j=7:0.001, j=8:0.009, j=9:0.189, j=10:0.398, j=11:0.183, j=12:0.206
      i=13 -> j=0:0.000, j=1:0.000, j=2:0.001, j=3:0.001, j=4:0.001, j=5:0.000, j=6:0.000, j=7:0.000, j=8:0.000, j=9:0.005, j=10:0.044, j=11:0.199, j=12:0.664, j=13:0.083
      i=14 -> j=0:0.001, j=1:0.000, j=2:0.000, j=3:0.000, j=4:0.001, j=5:0.001, j=6:0.000, j=7:0.000, j=8:0.000, j=9:0.000, j=10:0.001, j=11:0.009, j=12:0.339, j=13:0.624, j=14:0.023
      i=15 -> j=0:0.002, j=1:0.002, j=2:0.001, j=3:0.001, j=4:0.001, j=5:0.002, j=6:0.002, j=7:0.001, j=8:0.001, j=9:0.001, j=10:0.001, j=11:0.009, j=12:0.073, j=13:0.658, j=14:0.199, j=15:0.047
      i=16 -> j=0:0.005, j=1:0.005, j=2:0.002, j=3:0.001, j=4:0.001, j=5:0.002, j=6:0.004, j=7:0.003, j=8:0.001, j=9:0.001, j=10:0.000, j=11:0.001, j=12:0.008, j=13:0.175, j=14:0.297, j=15:0.421, j=16:0.071
      i=17 -> j=0:0.001, j=1:0.000, j=2:0.000, j=3:0.000, j=4:0.000, j=5:0.000, j=6:0.000, j=7:0.000, j=8:0.000, j=9:0.000, j=10:0.000, j=11:0.000, j=12:0.000, j=13:0.000, j=14:0.001, j=15:0.043, j=16:0.948, j=17:0.005
      i=18 -> j=0:0.003, j=1:0.004, j=2:0.002, j=3:0.002, j=4:0.001, j=5:0.000, j=6:0.000, j=7:0.001, j=8:0.001, j=9:0.003, j=10:0.000, j=11:0.000, j=12:0.000, j=13:0.000, j=14:0.004, j=15:0.054, j=16:0.773, j=17:0.115, j=18:0.033
      i=19 -> j=0:0.007, j=1:0.013, j=2:0.007, j=3:0.016, j=4:0.015, j=5:0.003, j=6:0.002, j=7:0.002, j=8:0.003, j=9:0.015, j=10:0.005, j=11:0.001, j=12:0.001, j=13:0.001, j=14:0.004, j=15:0.035, j=16:0.233, j=17:0.430, j=18:0.175, j=19:0.033
      i=20 -> j=0:0.010, j=1:0.012, j=2:0.008, j=3:0.019, j=4:0.024, j=5:0.011, j=6:0.005, j=7:0.003, j=8:0.004, j=9:0.010, j=10:0.009, j=11:0.007, j=12:0.003, j=13:0.001, j=14:0.002, j=15:0.003, j=16:0.011, j=17:0.178, j=18:0.342, j=19:0.301, j=20:0.036
      i=21 -> j=0:0.004, j=1:0.002, j=2:0.001, j=3:0.001, j=4:0.001, j=5:0.001, j=6:0.001, j=7:0.000, j=8:0.000, j=9:0.000, j=10:0.000, j=11:0.000, j=12:0.001, j=13:0.000, j=14:0.000, j=15:0.000, j=16:0.000, j=17:0.001, j=18:0.006, j=19:0.359, j=20:0.602, j=21:0.019
      i=22 -> j=0:0.032, j=1:0.021, j=2:0.008, j=3:0.009, j=4:0.008, j=5:0.007, j=6:0.006, j=7:0.006, j=8:0.005, j=9:0.005, j=10:0.001, j=11:0.002, j=12:0.004, j=13:0.008, j=14:0.006, j=15:0.002, j=16:0.002, j=17:0.003, j=18:0.004, j=19:0.109, j=20:0.471, j=21:0.237, j=22:0.043
      i=23 -> j=0:0.033, j=1:0.023, j=2:0.011, j=3:0.010, j=4:0.007, j=5:0.005, j=6:0.005, j=7:0.006, j=8:0.006, j=9:0.005, j=10:0.001, j=11:0.001, j=12:0.002, j=13:0.003, j=14:0.005, j=15:0.003, j=16:0.002, j=17:0.001, j=18:0.000, j=19:0.007, j=20:0.087, j=21:0.394, j=22:0.278, j=23:0.103
      i=24 -> j=0:0.028, j=1:0.021, j=2:0.014, j=3:0.016, j=4:0.012, j=5:0.007, j=6:0.005, j=7:0.006, j=8:0.007, j=9:0.010, j=10:0.003, j=11:0.001, j=12:0.002, j=13:0.002, j=14:0.004, j=15:0.005, j=16:0.004, j=17:0.001, j=18:0.000, j=19:0.001, j=20:0.006, j=21:0.060, j=22:0.237, j=23:0.432, j=24:0.116
      i=25 -> j=0:0.006, j=1:0.008, j=2:0.004, j=3:0.009, j=4:0.010, j=5:0.004, j=6:0.003, j=7:0.004, j=8:0.007, j=9:0.015, j=10:0.005, j=11:0.002, j=12:0.001, j=13:0.002, j=14:0.005, j=15:0.006, j=16:0.005, j=17:0.002, j=18:0.000, j=19:0.000, j=20:0.001, j=21:0.019, j=22:0.208, j=23:0.505, j=24:0.124, j=25:0.047
      i=26 -> j=0:0.007, j=1:0.005, j=2:0.002, j=3:0.004, j=4:0.006, j=5:0.003, j=6:0.002, j=7:0.002, j=8:0.002, j=9:0.005, j=10:0.002, j=11:0.001, j=12:0.002, j=13:0.001, j=14:0.001, j=15:0.001, j=16:0.002, j=17:0.002, j=18:0.000, j=19:0.000, j=20:0.000, j=21:0.000, j=22:0.003, j=23:0.032, j=24:0.112, j=25:0.784, j=26:0.017
      i=27 -> j=0:0.007, j=1:0.002, j=2:0.001, j=3:0.001, j=4:0.001, j=5:0.001, j=6:0.001, j=7:0.001, j=8:0.000, j=9:0.001, j=10:0.000, j=11:0.000, j=12:0.001, j=13:0.000, j=14:0.000, j=15:0.000, j=16:0.000, j=17:0.000, j=18:0.001, j=19:0.001, j=20:0.000, j=21:0.000, j=22:0.000, j=23:0.000, j=24:0.004, j=25:0.873, j=26:0.091, j=27:0.011
      i=28 -> j=0:0.017, j=1:0.007, j=2:0.005, j=3:0.004, j=4:0.004, j=5:0.006, j=6:0.005, j=7:0.005, j=8:0.004, j=9:0.003, j=10:0.002, j=11:0.002, j=12:0.005, j=13:0.003, j=14:0.001, j=15:0.001, j=16:0.001, j=17:0.001, j=18:0.001, j=19:0.003, j=20:0.002, j=21:0.000, j=22:0.000, j=23:0.001, j=24:0.005, j=25:0.304, j=26:0.276, j=27:0.237, j=28:0.095
      i=29 -> j=0:0.016, j=1:0.013, j=2:0.011, j=3:0.010, j=4:0.006, j=5:0.007, j=6:0.007, j=7:0.012, j=8:0.013, j=9:0.009, j=10:0.005, j=11:0.006, j=12:0.008, j=13:0.009, j=14:0.007, j=15:0.002, j=16:0.001, j=17:0.002, j=18:0.001, j=19:0.002, j=20:0.002, j=21:0.002, j=22:0.001, j=23:0.001, j=24:0.003, j=25:0.015, j=26:0.068, j=27:0.384, j=28:0.295, j=29:0.080
      i=30 -> j=0:0.020, j=1:0.009, j=2:0.007, j=3:0.009, j=4:0.006, j=5:0.005, j=6:0.004, j=7:0.005, j=8:0.008, j=9:0.006, j=10:0.003, j=11:0.002, j=12:0.004, j=13:0.004, j=14:0.004, j=15:0.003, j=16:0.004, j=17:0.001, j=18:0.001, j=19:0.001, j=20:0.002, j=21:0.002, j=22:0.001, j=23:0.000, j=24:0.000, j=25:0.001, j=26:0.002, j=27:0.026, j=28:0.221, j=29:0.569, j=30:0.068
      i=31 -> j=0:0.010, j=1:0.005, j=2:0.005, j=3:0.006, j=4:0.005, j=5:0.003, j=6:0.002, j=7:0.002, j=8:0.004, j=9:0.004, j=10:0.003, j=11:0.002, j=12:0.003, j=13:0.002, j=14:0.002, j=15:0.003, j=16:0.003, j=17:0.001, j=18:0.001, j=19:0.001, j=20:0.001, j=21:0.001, j=22:0.001, j=23:0.000, j=24:0.000, j=25:0.000, j=26:0.000, j=27:0.004, j=28:0.070, j=29:0.594, j=30:0.134, j=31:0.124
    Average attention per distance:
      d=0:0.098, d=1:0.400, d=2:0.408, d=3:0.092, d=22:0.011, d=28:0.011, d=29:0.010, d=30:0.012
      

--- Layer 2 ---
  Head 0: Entropy=0.889
    Attention coefficients from each query position to previous positions:
      i= 0 -> j=0:1.000
      i= 1 -> j=0:0.632, j=1:0.368
      i= 2 -> j=0:0.039, j=1:0.773, j=2:0.188
      i= 3 -> j=0:0.001, j=1:0.031, j=2:0.792, j=3:0.177
      i= 4 -> j=0:0.000, j=1:0.000, j=2:0.057, j=3:0.838, j=4:0.104
      i= 5 -> j=0:0.000, j=1:0.000, j=2:0.001, j=3:0.084, j=4:0.843, j=5:0.072
      i= 6 -> j=0:0.000, j=1:0.000, j=2:0.000, j=3:0.000, j=4:0.063, j=5:0.890, j=6:0.046
      i= 7 -> j=0:0.000, j=1:0.000, j=2:0.000, j=3:0.000, j=4:0.001, j=5:0.333, j=6:0.532, j=7:0.133
      i= 8 -> j=0:0.001, j=1:0.000, j=2:0.000, j=3:0.000, j=4:0.000, j=5:0.000, j=6:0.034, j=7:0.754, j=8:0.211
      i= 9 -> j=0:0.001, j=1:0.001, j=2:0.000, j=3:0.000, j=4:0.000, j=5:0.000, j=6:0.001, j=7:0.072, j=8:0.866, j=9:0.059
      i=10 -> j=0:0.000, j=1:0.000, j=2:0.000, j=3:0.000, j=4:0.000, j=5:0.000, j=6:0.000, j=7:0.000, j=8:0.087, j=9:0.844, j=10:0.067
      i=11 -> j=0:0.000, j=1:0.000, j=2:0.000, j=3:0.000, j=4:0.000, j=5:0.000, j=6:0.000, j=7:0.000, j=8:0.000, j=9:0.082, j=10:0.880, j=11:0.037
      i=12 -> j=0:0.002, j=1:0.001, j=2:0.003, j=3:0.004, j=4:0.004, j=5:0.001, j=6:0.001, j=7:0.000, j=8:0.001, j=9:0.038, j=10:0.406, j=11:0.422, j=12:0.115
      i=13 -> j=0:0.003, j=1:0.001, j=2:0.001, j=3:0.001, j=4:0.004, j=5:0.003, j=6:0.001, j=7:0.000, j=8:0.000, j=9:0.001, j=10:0.018, j=11:0.354, j=12:0.462, j=13:0.152
      i=14 -> j=0:0.002, j=1:0.000, j=2:0.000, j=3:0.000, j=4:0.001, j=5:0.002, j=6:0.001, j=7:0.000, j=8:0.000, j=9:0.000, j=10:0.000, j=11:0.004, j=12:0.069, j=13:0.645, j=14:0.274
      i=15 -> j=0:0.002, j=1:0.001, j=2:0.000, j=3:0.000, j=4:0.000, j=5:0.001, j=6:0.002, j=7:0.002, j=8:0.000, j=9:0.000, j=10:0.000, j=11:0.000, j=12:0.004, j=13:0.059, j=14:0.887, j=15:0.041
      i=16 -> j=0:0.018, j=1:0.008, j=2:0.007, j=3:0.003, j=4:0.002, j=5:0.005, j=6:0.007, j=7:0.010, j=8:0.005, j=9:0.007, j=10:0.002, j=11:0.004, j=12:0.037, j=13:0.055, j=14:0.522, j=15:0.151, j=16:0.157
      i=17 -> j=0:0.005, j=1:0.005, j=2:0.006, j=3:0.003, j=4:0.001, j=5:0.000, j=6:0.001, j=7:0.002, j=8:0.005, j=9:0.006, j=10:0.001, j=11:0.000, j=12:0.000, j=13:0.000, j=14:0.009, j=15:0.326, j=16:0.244, j=17:0.386
      i=18 -> j=0:0.004, j=1:0.002, j=2:0.003, j=3:0.004, j=4:0.002, j=5:0.001, j=6:0.001, j=7:0.001, j=8:0.001, j=9:0.004, j=10:0.002, j=11:0.001, j=12:0.001, j=13:0.000, j=14:0.000, j=15:0.007, j=16:0.059, j=17:0.817, j=18:0.092
      i=19 -> j=0:0.029, j=1:0.020, j=2:0.022, j=3:0.018, j=4:0.012, j=5:0.011, j=6:0.011, j=7:0.011, j=8:0.008, j=9:0.013, j=10:0.005, j=11:0.004, j=12:0.010, j=13:0.010, j=14:0.036, j=15:0.085, j=16:0.177, j=17:0.366, j=18:0.072, j=19:0.080
      i=20 -> j=0:0.025, j=1:0.015, j=2:0.015, j=3:0.015, j=4:0.011, j=5:0.013, j=6:0.013, j=7:0.009, j=8:0.005, j=9:0.011, j=10:0.006, j=11:0.006, j=12:0.011, j=13:0.006, j=14:0.008, j=15:0.015, j=16:0.079, j=17:0.343, j=18:0.154, j=19:0.145, j=20:0.096
      i=21 -> j=0:0.008, j=1:0.006, j=2:0.002, j=3:0.001, j=4:0.002, j=5:0.003, j=6:0.005, j=7:0.003, j=8:0.001, j=9:0.000, j=10:0.000, j=11:0.001, j=12:0.003, j=13:0.007, j=14:0.000, j=15:0.000, j=16:0.000, j=17:0.000, j=18:0.004, j=19:0.027, j=20:0.188, j=21:0.736
      i=22 -> j=0:0.001, j=1:0.001, j=2:0.001, j=3:0.000, j=4:0.000, j=5:0.000, j=6:0.001, j=7:0.001, j=8:0.000, j=9:0.000, j=10:0.000, j=11:0.000, j=12:0.000, j=13:0.001, j=14:0.001, j=15:0.000, j=16:0.000, j=17:0.000, j=18:0.000, j=19:0.000, j=20:0.006, j=21:0.823, j=22:0.162
      i=23 -> j=0:0.000, j=1:0.000, j=2:0.001, j=3:0.000, j=4:0.000, j=5:0.000, j=6:0.000, j=7:0.000, j=8:0.000, j=9:0.000, j=10:0.000, j=11:0.000, j=12:0.000, j=13:0.000, j=14:0.000, j=15:0.001, j=16:0.000, j=17:0.000, j=18:0.000, j=19:0.000, j=20:0.000, j=21:0.036, j=22:0.890, j=23:0.069
      i=24 -> j=0:0.001, j=1:0.001, j=2:0.001, j=3:0.001, j=4:0.001, j=5:0.000, j=6:0.000, j=7:0.000, j=8:0.001, j=9:0.001, j=10:0.000, j=11:0.000, j=12:0.000, j=13:0.000, j=14:0.000, j=15:0.002, j=16:0.001, j=17:0.000, j=18:0.000, j=19:0.000, j=20:0.000, j=21:0.000, j=22:0.106, j=23:0.771, j=24:0.112
      i=25 -> j=0:0.028, j=1:0.019, j=2:0.023, j=3:0.023, j=4:0.019, j=5:0.023, j=6:0.019, j=7:0.018, j=8:0.016, j=9:0.024, j=10:0.014, j=11:0.009, j=12:0.011, j=13:0.007, j=14:0.007, j=15:0.011, j=16:0.014, j=17:0.009, j=18:0.007, j=19:0.013, j=20:0.019, j=21:0.028, j=22:0.134, j=23:0.264, j=24:0.166, j=25:0.075
      i=26 -> j=0:0.008, j=1:0.004, j=2:0.003, j=3:0.004, j=4:0.006, j=5:0.008, j=6:0.007, j=7:0.004, j=8:0.002, j=9:0.003, j=10:0.004, j=11:0.006, j=12:0.004, j=13:0.002, j=14:0.000, j=15:0.001, j=16:0.003, j=17:0.004, j=18:0.005, j=19:0.005, j=20:0.002, j=21:0.000, j=22:0.001, j=23:0.021, j=24:0.513, j=25:0.173, j=26:0.208
      i=27 -> j=0:0.003, j=1:0.002, j=2:0.001, j=3:0.001, j=4:0.001, j=5:0.002, j=6:0.003, j=7:0.002, j=8:0.001, j=9:0.000, j=10:0.000, j=11:0.001, j=12:0.002, j=13:0.001, j=14:0.000, j=15:0.000, j=16:0.000, j=17:0.000, j=18:0.002, j=19:0.004, j=20:0.002, j=21:0.000, j=22:0.000, j=23:0.000, j=24:0.002, j=25:0.021, j=26:0.764, j=27:0.184
      i=28 -> j=0:0.000, j=1:0.001, j=2:0.000, j=3:0.000, j=4:0.000, j=5:0.000, j=6:0.000, j=7:0.001, j=8:0.000, j=9:0.000, j=10:0.000, j=11:0.000, j=12:0.000, j=13:0.000, j=14:0.000, j=15:0.000, j=16:0.000, j=17:0.000, j=18:0.000, j=19:0.000, j=20:0.001, j=21:0.000, j=22:0.000, j=23:0.000, j=24:0.000, j=25:0.000, j=26:0.031, j=27:0.861, j=28:0.101
      i=29 -> j=0:0.000, j=1:0.000, j=2:0.000, j=3:0.000, j=4:0.000, j=5:0.000, j=6:0.000, j=7:0.001, j=8:0.001, j=9:0.000, j=10:0.000, j=11:0.000, j=12:0.000, j=13:0.000, j=14:0.000, j=15:0.000, j=16:0.000, j=17:0.000, j=18:0.000, j=19:0.000, j=20:0.000, j=21:0.001, j=22:0.000, j=23:0.000, j=24:0.000, j=25:0.000, j=26:0.000, j=27:0.063, j=28:0.860, j=29:0.071
      i=30 -> j=0:0.001, j=1:0.001, j=2:0.001, j=3:0.001, j=4:0.001, j=5:0.000, j=6:0.000, j=7:0.000, j=8:0.001, j=9:0.001, j=10:0.001, j=11:0.000, j=12:0.000, j=13:0.000, j=14:0.000, j=15:0.001, j=16:0.001, j=17:0.000, j=18:0.000, j=19:0.000, j=20:0.001, j=21:0.001, j=22:0.002, j=23:0.000, j=24:0.000, j=25:0.000, j=26:0.000, j=27:0.001, j=28:0.087, j=29:0.775, j=30:0.123
      i=31 -> j=0:0.001, j=1:0.001, j=2:0.001, j=3:0.002, j=4:0.001, j=5:0.001, j=6:0.001, j=7:0.001, j=8:0.001, j=9:0.002, j=10:0.002, j=11:0.001, j=12:0.001, j=13:0.000, j=14:0.000, j=15:0.001, j=16:0.001, j=17:0.001, j=18:0.000, j=19:0.001, j=20:0.001, j=21:0.000, j=22:0.002, j=23:0.001, j=24:0.000, j=25:0.000, j=26:0.000, j=27:0.000, j=28:0.002, j=29:0.104, j=30:0.799, j=31:0.070
    Average attention per distance:
      d=0:0.180, d=1:0.631, d=2:0.148, d=3:0.028

--- Layer 3 ---
  Head 0: Entropy=1.025
    Attention coefficients from each query position to previous positions:
      i= 0 -> j=0:1.000
      i= 1 -> j=0:0.789, j=1:0.211
      i= 2 -> j=0:0.506, j=1:0.469, j=2:0.025
      i= 3 -> j=0:0.134, j=1:0.590, j=2:0.268, j=3:0.008
      i= 4 -> j=0:0.012, j=1:0.125, j=2:0.780, j=3:0.078, j=4:0.005
      i= 5 -> j=0:0.001, j=1:0.006, j=2:0.266, j=3:0.502, j=4:0.213, j=5:0.013
      i= 6 -> j=0:0.000, j=1:0.000, j=2:0.005, j=3:0.197, j=4:0.670, j=5:0.122, j=6:0.005
      i= 7 -> j=0:0.000, j=1:0.000, j=2:0.000, j=3:0.006, j=4:0.234, j=5:0.533, j=6:0.218, j=7:0.009
      i= 8 -> j=0:0.000, j=1:0.000, j=2:0.000, j=3:0.000, j=4:0.007, j=5:0.113, j=6:0.734, j=7:0.142, j=8:0.003
      i= 9 -> j=0:0.001, j=1:0.000, j=2:0.000, j=3:0.000, j=4:0.000, j=5:0.004, j=6:0.138, j=7:0.735, j=8:0.109, j=9:0.012
      i=10 -> j=0:0.001, j=1:0.001, j=2:0.000, j=3:0.000, j=4:0.000, j=5:0.000, j=6:0.007, j=7:0.263, j=8:0.665, j=9:0.059, j=10:0.003
      i=11 -> j=0:0.001, j=1:0.002, j=2:0.001, j=3:0.000, j=4:0.000, j=5:0.000, j=6:0.000, j=7:0.014, j=8:0.346, j=9:0.428, j=10:0.197, j=11:0.009
      i=12 -> j=0:0.001, j=1:0.001, j=2:0.001, j=3:0.002, j=4:0.001, j=5:0.000, j=6:0.000, j=7:0.000, j=8:0.004, j=9:0.050, j=10:0.438, j=11:0.448, j=12:0.053
      i=13 -> j=0:0.000, j=1:0.000, j=2:0.000, j=3:0.001, j=4:0.002, j=5:0.001, j=6:0.000, j=7:0.000, j=8:0.000, j=9:0.007, j=10:0.134, j=11:0.633, j=12:0.181, j=13:0.041
      i=14 -> j=0:0.000, j=1:0.000, j=2:0.000, j=3:0.000, j=4:0.002, j=5:0.002, j=6:0.000, j=7:0.000, j=8:0.000, j=9:0.001, j=10:0.013, j=11:0.372, j=12:0.472, j=13:0.126, j=14:0.011
      i=15 -> j=0:0.003, j=1:0.001, j=2:0.001, j=3:0.000, j=4:0.001, j=5:0.002, j=6:0.001, j=7:0.000, j=8:0.000, j=9:0.000, j=10:0.000, j=11:0.003, j=12:0.045, j=13:0.276, j=14:0.597, j=15:0.067
      i=16 -> j=0:0.002, j=1:0.001, j=2:0.001, j=3:0.000, j=4:0.000, j=5:0.000, j=6:0.000, j=7:0.000, j=8:0.000, j=9:0.000, j=10:0.000, j=11:0.000, j=12:0.000, j=13:0.011, j=14:0.200, j=15:0.668, j=16:0.115
      i=17 -> j=0:0.001, j=1:0.002, j=2:0.001, j=3:0.000, j=4:0.000, j=5:0.000, j=6:0.000, j=7:0.001, j=8:0.001, j=9:0.000, j=10:0.000, j=11:0.000, j=12:0.000, j=13:0.007, j=14:0.338, j=15:0.606, j=16:0.027, j=17:0.015
      i=18 -> j=0:0.004, j=1:0.005, j=2:0.006, j=3:0.003, j=4:0.003, j=5:0.002, j=6:0.001, j=7:0.001, j=8:0.002, j=9:0.004, j=10:0.001, j=11:0.000, j=12:0.000, j=13:0.001, j=14:0.007, j=15:0.222, j=16:0.251, j=17:0.426, j=18:0.059
      i=19 -> j=0:0.003, j=1:0.002, j=2:0.003, j=3:0.003, j=4:0.004, j=5:0.004, j=6:0.001, j=7:0.000, j=8:0.000, j=9:0.001, j=10:0.002, j=11:0.002, j=12:0.001, j=13:0.001, j=14:0.000, j=15:0.001, j=16:0.016, j=17:0.131, j=18:0.601, j=19:0.223
      i=20 -> j=0:0.004, j=1:0.003, j=2:0.003, j=3:0.002, j=4:0.004, j=5:0.005, j=6:0.002, j=7:0.001, j=8:0.001, j=9:0.001, j=10:0.001, j=11:0.002, j=12:0.002, j=13:0.001, j=14:0.000, j=15:0.000, j=16:0.002, j=17:0.009, j=18:0.166, j=19:0.280, j=20:0.511
      i=21 -> j=0:0.005, j=1:0.003, j=2:0.003, j=3:0.004, j=4:0.005, j=5:0.005, j=6:0.004, j=7:0.002, j=8:0.001, j=9:0.001, j=10:0.001, j=11:0.003, j=12:0.003, j=13:0.001, j=14:0.000, j=15:0.000, j=16:0.002, j=17:0.031, j=18:0.492, j=19:0.296, j=20:0.098, j=21:0.041
      i=22 -> j=0:0.004, j=1:0.004, j=2:0.002, j=3:0.001, j=4:0.002, j=5:0.003, j=6:0.005, j=7:0.002, j=8:0.001, j=9:0.001, j=10:0.000, j=11:0.001, j=12:0.001, j=13:0.001, j=14:0.000, j=15:0.000, j=16:0.000, j=17:0.000, j=18:0.013, j=19:0.081, j=20:0.260, j=21:0.592, j=22:0.025
      i=23 -> j=0:0.002, j=1:0.003, j=2:0.002, j=3:0.002, j=4:0.001, j=5:0.001, j=6:0.002, j=7:0.003, j=8:0.002, j=9:0.001, j=10:0.000, j=11:0.000, j=12:0.001, j=13:0.001, j=14:0.001, j=15:0.000, j=16:0.000, j=17:0.000, j=18:0.001, j=19:0.011, j=20:0.086, j=21:0.763, j=22:0.108, j=23:0.008
      i=24 -> j=0:0.003, j=1:0.004, j=2:0.004, j=3:0.003, j=4:0.002, j=5:0.001, j=6:0.002, j=7:0.003, j=8:0.003, j=9:0.001, j=10:0.001, j=11:0.000, j=12:0.001, j=13:0.001, j=14:0.002, j=15:0.001, j=16:0.000, j=17:0.000, j=18:0.000, j=19:0.002, j=20:0.014, j=21:0.293, j=22:0.540, j=23:0.112, j=24:0.006
      i=25 -> j=0:0.004, j=1:0.004, j=2:0.005, j=3:0.005, j=4:0.006, j=5:0.005, j=6:0.003, j=7:0.002, j=8:0.003, j=9:0.004, j=10:0.004, j=11:0.002, j=12:0.001, j=13:0.001, j=14:0.001, j=15:0.002, j=16:0.003, j=17:0.001, j=18:0.001, j=19:0.001, j=20:0.001, j=21:0.001, j=22:0.019, j=23:0.115, j=24:0.696, j=25:0.109
      i=26 -> j=0:0.002, j=1:0.002, j=2:0.003, j=3:0.003, j=4:0.005, j=5:0.004, j=6:0.002, j=7:0.001, j=8:0.002, j=9:0.002, j=10:0.003, j=11:0.002, j=12:0.001, j=13:0.001, j=14:0.000, j=15:0.001, j=16:0.001, j=17:0.001, j=18:0.001, j=19:0.000, j=20:0.000, j=21:0.000, j=22:0.010, j=23:0.064, j=24:0.792, j=25:0.061, j=26:0.034
      i=27 -> j=0:0.001, j=1:0.001, j=2:0.001, j=3:0.002, j=4:0.002, j=5:0.003, j=6:0.002, j=7:0.001, j=8:0.001, j=9:0.001, j=10:0.001, j=11:0.003, j=12:0.001, j=13:0.000, j=14:0.000, j=15:0.000, j=16:0.001, j=17:0.002, j=18:0.001, j=19:0.000, j=20:0.000, j=21:0.000, j=22:0.000, j=23:0.009, j=24:0.596, j=25:0.193, j=26:0.164, j=27:0.012
      i=28 -> j=0:0.006, j=1:0.006, j=2:0.002, j=3:0.003, j=4:0.003, j=5:0.005, j=6:0.008, j=7:0.005, j=8:0.002, j=9:0.001, j=10:0.002, j=11:0.004, j=12:0.004, j=13:0.002, j=14:0.001, j=15:0.001, j=16:0.001, j=17:0.000, j=18:0.002, j=19:0.002, j=20:0.001, j=21:0.000, j=22:0.000, j=23:0.000, j=24:0.005, j=25:0.101, j=26:0.604, j=27:0.223, j=28:0.007
      i=29 -> j=0:0.002, j=1:0.002, j=2:0.001, j=3:0.001, j=4:0.001, j=5:0.002, j=6:0.002, j=7:0.002, j=8:0.001, j=9:0.001, j=10:0.001, j=11:0.001, j=12:0.001, j=13:0.001, j=14:0.001, j=15:0.001, j=16:0.000, j=17:0.000, j=18:0.001, j=19:0.001, j=20:0.001, j=21:0.000, j=22:0.000, j=23:0.000, j=24:0.000, j=25:0.004, j=26:0.118, j=27:0.753, j=28:0.097, j=29:0.004
      i=30 -> j=0:0.002, j=1:0.003, j=2:0.003, j=3:0.002, j=4:0.001, j=5:0.001, j=6:0.001, j=7:0.002, j=8:0.003, j=9:0.003, j=10:0.001, j=11:0.001, j=12:0.001, j=13:0.001, j=14:0.002, j=15:0.001, j=16:0.000, j=17:0.000, j=18:0.000, j=19:0.001, j=20:0.001, j=21:0.001, j=22:0.000, j=23:0.000, j=24:0.000, j=25:0.001, j=26:0.008, j=27:0.289, j=28:0.526, j=29:0.133, j=30:0.009
      i=31 -> j=0:0.003, j=1:0.004, j=2:0.005, j=3:0.004, j=4:0.006, j=5:0.004, j=6:0.002, j=7:0.002, j=8:0.004, j=9:0.006, j=10:0.005, j=11:0.003, j=12:0.002, j=13:0.002, j=14:0.004, j=15:0.005, j=16:0.002, j=17:0.001, j=18:0.001, j=19:0.001, j=20:0.002, j=21:0.003, j=22:0.002, j=23:0.001, j=24:0.000, j=25:0.001, j=26:0.001, j=27:0.006, j=28:0.161, j=29:0.533, j=30:0.207, j=31:0.014
    Average attention per distance:
      d=0:0.083, d=1:0.275, d=2:0.490, d=3:0.183


======================================================================
QK Property Verification (Raw Scores, before Softmax)
======================================================================
Recurrence order init_len=2, num test sequences=1

--- [P1] Long-distance Orthogonality Verification ---
Ideal: raw_score mean ≈ 0 and small std when d > init_len

  Layer 0, Head 0:
    d= 1 (effective): mean=  2.039, std= 1.136, n=31
    d= 2 (effective): mean=  0.953, std= 0.933, n=30
    d>2 (long-distance): mean= -0.689, std= 0.989, n=435

  Layer 1, Head 0:
    d= 1 (effective): mean=  3.719, std= 1.059, n=31
    d= 2 (effective): mean=  3.786, std= 0.796, n=30
    d>2 (long-distance): mean= -1.254, std= 1.424, n=435

  Layer 2, Head 0:
    d= 1 (effective): mean=  5.107, std= 2.121, n=31
    d= 2 (effective): mean=  3.370, std= 1.226, n=30
    d>2 (long-distance): mean= -1.787, std= 1.739, n=435

  Layer 3, Head 0:
    d= 1 (effective): mean=  4.134, std= 0.663, n=31
    d= 2 (effective): mean=  4.988, std= 1.038, n=30
    d>2 (long-distance): mean= -0.835, std= 1.796, n=435

--- [P2] Time-homogeneous Verification ---
Ideal: CV of raw_score across positions i ≈ 0 for fixed distance d
(CV = std / |mean|, smaller = more constant)

  Layer 0, Head 0:
    d= 1: mean=  2.039, std= 1.136, CV=0.557, n=31
    d= 2: mean=  0.953, std= 0.933, CV=0.979, n=30

  Layer 1, Head 0:
    d= 1: mean=  3.719, std= 1.059, CV=0.285, n=31
    d= 2: mean=  3.786, std= 0.796, CV=0.210, n=30

  Layer 2, Head 0:
    d= 1: mean=  5.107, std= 2.121, CV=0.415, n=31
    d= 2: mean=  3.370, std= 1.226, CV=0.364, n=30

  Layer 3, Head 0:
    d= 1: mean=  4.134, std= 0.663, CV=0.160, n=31
    d= 2: mean=  4.988, std= 1.038, CV=0.208, n=30

======================================================================
QK Property Verification Completed
======================================================================
