=== Experiment: mixed_label_d128l1_r8_e30 ===
Time: 2026-06-25T11:37:23.956089
Task type: mixed_ab
Merged config: {
  "P": 53,
  "TASK": "mixed_ab",
  "NUM_MASK": 0,
  "A": 1,
  "B": 1,
  "AB_PAIRS": [
    [
      1,
      1
    ],
    [
      1,
      2
    ]
  ],
  "D_MODEL": 128,
  "N_HEAD": 1,
  "N_LAYER": 1,
  "BATCH_SIZE": 128,
  "EPOCHS": 10000,
  "LR": 0.0003,
  "SAVE_PATH": "models/mixed_label_d128l1_r8_e30.pth",
  "USE_GREEDY_GENERATE": true,
  "USE_LEARNABLE_PE": false,
  "MLP_RATIO": 8,
  "TRAIN_LEN": 16,
  "OOD_LEN": 32,
  "DROPOUT": 0.0,
  "TARGET_INIT_COVERAGE": 0.5,
  "MAX_UNIQUE_RATIO": 0.5,
  "WEIGHT_DECAY": 1,
  "ENTROPY_PENALTY_WEIGHT": 0.0,
  "FIRST_TASK_WEIGHT": 1.0,
  "RANDOM_SEED": 42,
  "EVAL_INTERVAL": 20,
  "EARLY_STOP_NO_IMPROVE": 1000,
  "EARLY_STOP_ACCURACY": 0.99,
  "USE_AB_TAG": true,
  "USE_CONDITIONAL_WTE": false,
  "COND_WTE_SHARED_RATIO": 0.0,
  "MIXED_AB_MAX_UNIQUE_RATIOS": [
    0.3,
    0.3
  ]
}
--- output ---
Using device: cuda

[Dataset] Mixed mode: generated 1750 + 3868 samples, length 16
AB parameter pairs: [(1, 1), (1, 2)]
  - AB=(1,1): train 864 | test 1945 | exposed ~30.8%
  - AB=(1,2): train 886 | test 1923 | exposed ~31.5%
--------------------------------------------------
[Model config] block_size: 32, train length: 16
[Number theory] AB parameter pairs: [(1, 1), (1, 2)]


Model parameters: 0.35M

Start training...
Epoch   0 | Train: Loss=4.2505 Acc=4.0% | Test: Acc=0.5% | Best=0.5%(@0)
  from x2: 0.01 0.01 0.01 0.01 0.00 0.00 0.01 0.00 0.01 0.00 0.01 0.00 0.00 0.00
  per-rule acc: 0.01 0.01
Epoch  20 | Train: Loss=1.2199 Acc=93.5% | Test: Acc=1.4% | Best=1.4%(@20)
  from x2: 0.02 0.02 0.02 0.01 0.01 0.01 0.01 0.01 0.01 0.01 0.01 0.01 0.01 0.01
  per-rule acc: 0.01 0.02
Epoch  40 | Train: Loss=0.2296 Acc=98.7% | Test: Acc=1.8% | Best=1.8%(@40)
  from x2: 0.02 0.02 0.02 0.02 0.02 0.02 0.02 0.02 0.02 0.02 0.02 0.02 0.02 0.02
  per-rule acc: 0.02 0.02
Epoch  60 | Train: Loss=0.0821 Acc=99.6% | Test: Acc=1.8% | Best=1.8%(@60)
  from x2: 0.02 0.02 0.02 0.02 0.02 0.02 0.02 0.02 0.02 0.02 0.02 0.02 0.02 0.02
  per-rule acc: 0.02 0.02
Epoch  80 | Train: Loss=0.0442 Acc=99.9% | Test: Acc=1.7% | Best=1.8%(@60)
  from x2: 0.02 0.02 0.02 0.02 0.02 0.02 0.02 0.02 0.02 0.02 0.02 0.02 0.02 0.02
  per-rule acc: 0.01 0.02
Epoch 100 | Train: Loss=0.0347 Acc=100.0% | Test: Acc=1.7% | Best=1.8%(@60)
  from x2: 0.02 0.02 0.02 0.02 0.02 0.02 0.02 0.02 0.02 0.02 0.02 0.02 0.02 0.02
  per-rule acc: 0.02 0.02
Epoch 120 | Train: Loss=0.0301 Acc=100.0% | Test: Acc=1.8% | Best=1.8%(@120)
  from x2: 0.02 0.02 0.02 0.02 0.02 0.02 0.02 0.02 0.02 0.02 0.02 0.02 0.02 0.02
  per-rule acc: 0.02 0.02
Epoch 140 | Train: Loss=0.0271 Acc=100.0% | Test: Acc=1.8% | Best=1.8%(@140)
  from x2: 0.02 0.02 0.02 0.02 0.02 0.02 0.02 0.02 0.02 0.02 0.02 0.02 0.02 0.02
  per-rule acc: 0.02 0.02
Epoch 160 | Train: Loss=0.0243 Acc=100.0% | Test: Acc=1.9% | Best=1.9%(@160)
  from x2: 0.02 0.02 0.02 0.02 0.02 0.02 0.02 0.02 0.02 0.02 0.02 0.02 0.02 0.02
  per-rule acc: 0.02 0.02
Epoch 180 | Train: Loss=0.0219 Acc=100.0% | Test: Acc=1.9% | Best=1.9%(@160)
  from x2: 0.02 0.02 0.02 0.02 0.02 0.02 0.02 0.02 0.02 0.02 0.02 0.02 0.02 0.02
  per-rule acc: 0.02 0.02
Epoch 200 | Train: Loss=0.0561 Acc=100.0% | Test: Acc=1.9% | Best=1.9%(@200)
  from x2: 0.02 0.02 0.02 0.02 0.02 0.02 0.02 0.02 0.02 0.02 0.02 0.02 0.02 0.02
  per-rule acc: 0.02 0.02
Epoch 220 | Train: Loss=0.0338 Acc=100.0% | Test: Acc=2.0% | Best=2.0%(@220)
  from x2: 0.02 0.02 0.02 0.02 0.02 0.02 0.02 0.02 0.02 0.02 0.02 0.02 0.02 0.02
  per-rule acc: 0.02 0.02
Epoch 240 | Train: Loss=0.0197 Acc=100.0% | Test: Acc=1.9% | Best=2.0%(@220)
  from x2: 0.02 0.02 0.02 0.02 0.02 0.02 0.02 0.02 0.02 0.02 0.02 0.02 0.02 0.02
  per-rule acc: 0.02 0.02
Epoch 260 | Train: Loss=0.0193 Acc=100.0% | Test: Acc=1.9% | Best=2.0%(@220)
  from x2: 0.02 0.02 0.02 0.02 0.02 0.02 0.02 0.02 0.02 0.02 0.02 0.02 0.02 0.02
  per-rule acc: 0.02 0.02
Epoch 280 | Train: Loss=0.0177 Acc=100.0% | Test: Acc=2.0% | Best=2.0%(@220)
  from x2: 0.02 0.02 0.02 0.02 0.02 0.02 0.02 0.02 0.02 0.02 0.02 0.02 0.02 0.02
  per-rule acc: 0.02 0.02
Epoch 300 | Train: Loss=0.0163 Acc=100.0% | Test: Acc=2.1% | Best=2.1%(@300)
  from x2: 0.02 0.02 0.02 0.02 0.02 0.02 0.02 0.02 0.02 0.02 0.02 0.02 0.02 0.02
  per-rule acc: 0.02 0.03
Epoch 320 | Train: Loss=0.0142 Acc=100.0% | Test: Acc=2.0% | Best=2.1%(@300)
  from x2: 0.02 0.02 0.02 0.02 0.02 0.02 0.02 0.02 0.02 0.02 0.02 0.02 0.02 0.02
  per-rule acc: 0.02 0.02
Epoch 340 | Train: Loss=0.0135 Acc=100.0% | Test: Acc=2.0% | Best=2.1%(@300)
  from x2: 0.02 0.02 0.02 0.02 0.02 0.02 0.02 0.02 0.02 0.02 0.02 0.02 0.02 0.02
  per-rule acc: 0.02 0.02
Epoch 360 | Train: Loss=0.0290 Acc=99.9% | Test: Acc=2.0% | Best=2.1%(@300)
  from x2: 0.02 0.02 0.02 0.02 0.02 0.02 0.02 0.02 0.02 0.02 0.02 0.02 0.02 0.02
  per-rule acc: 0.02 0.02
Epoch 380 | Train: Loss=0.0124 Acc=100.0% | Test: Acc=1.9% | Best=2.1%(@300)
  from x2: 0.02 0.02 0.02 0.02 0.02 0.02 0.02 0.02 0.02 0.02 0.02 0.02 0.02 0.02
  per-rule acc: 0.02 0.02
Epoch 400 | Train: Loss=0.0123 Acc=100.0% | Test: Acc=2.0% | Best=2.1%(@300)
  from x2: 0.02 0.02 0.02 0.02 0.02 0.02 0.02 0.02 0.02 0.02 0.02 0.02 0.02 0.02
  per-rule acc: 0.02 0.02
Epoch 420 | Train: Loss=0.0118 Acc=100.0% | Test: Acc=2.0% | Best=2.1%(@300)
  from x2: 0.02 0.02 0.02 0.02 0.02 0.02 0.02 0.02 0.02 0.02 0.02 0.02 0.02 0.02
  per-rule acc: 0.02 0.02
Epoch 440 | Train: Loss=0.0234 Acc=99.9% | Test: Acc=2.0% | Best=2.1%(@300)
  from x2: 0.02 0.02 0.02 0.02 0.02 0.02 0.02 0.02 0.02 0.02 0.02 0.02 0.02 0.02
  per-rule acc: 0.02 0.02
Epoch 460 | Train: Loss=0.0115 Acc=100.0% | Test: Acc=2.1% | Best=2.1%(@460)
  from x2: 0.02 0.02 0.02 0.02 0.02 0.02 0.02 0.02 0.02 0.02 0.02 0.02 0.02 0.02
  per-rule acc: 0.02 0.02
Epoch 480 | Train: Loss=0.0338 Acc=99.8% | Test: Acc=2.0% | Best=2.1%(@460)
  from x2: 0.02 0.02 0.02 0.02 0.02 0.02 0.02 0.02 0.02 0.02 0.02 0.02 0.02 0.02
  per-rule acc: 0.02 0.02
Epoch 500 | Train: Loss=0.0192 Acc=99.9% | Test: Acc=2.2% | Best=2.2%(@500)
  from x2: 0.02 0.02 0.02 0.02 0.02 0.02 0.02 0.02 0.02 0.02 0.02 0.02 0.02 0.02
  per-rule acc: 0.02 0.02
Epoch 520 | Train: Loss=0.0105 Acc=100.0% | Test: Acc=2.2% | Best=2.2%(@520)
  from x2: 0.02 0.02 0.02 0.02 0.02 0.02 0.02 0.02 0.02 0.02 0.02 0.02 0.02 0.02
  per-rule acc: 0.02 0.02
Epoch 540 | Train: Loss=0.0104 Acc=100.0% | Test: Acc=2.1% | Best=2.2%(@520)
  from x2: 0.02 0.02 0.02 0.02 0.02 0.02 0.02 0.02 0.02 0.02 0.02 0.02 0.02 0.02
  per-rule acc: 0.02 0.02
Epoch 560 | Train: Loss=0.0285 Acc=99.8% | Test: Acc=2.2% | Best=2.2%(@520)
  from x2: 0.02 0.02 0.02 0.02 0.02 0.02 0.02 0.02 0.02 0.02 0.02 0.02 0.02 0.02
  per-rule acc: 0.02 0.02
Epoch 580 | Train: Loss=0.0069 Acc=100.0% | Test: Acc=2.2% | Best=2.2%(@520)
  from x2: 0.02 0.02 0.02 0.02 0.02 0.02 0.02 0.02 0.02 0.02 0.02 0.02 0.02 0.02
  per-rule acc: 0.02 0.02
Epoch 600 | Train: Loss=0.0294 Acc=99.8% | Test: Acc=2.2% | Best=2.2%(@600)
  from x2: 0.02 0.02 0.02 0.02 0.02 0.02 0.02 0.02 0.02 0.02 0.02 0.02 0.02 0.02
  per-rule acc: 0.02 0.02
Epoch 620 | Train: Loss=0.0128 Acc=100.0% | Test: Acc=2.4% | Best=2.4%(@620)
  from x2: 0.02 0.02 0.02 0.02 0.02 0.02 0.02 0.02 0.02 0.02 0.02 0.02 0.02 0.02
  per-rule acc: 0.02 0.02
Epoch 640 | Train: Loss=0.0088 Acc=100.0% | Test: Acc=2.4% | Best=2.4%(@640)
  from x2: 0.02 0.02 0.02 0.02 0.02 0.02 0.02 0.02 0.02 0.02 0.02 0.02 0.02 0.02
  per-rule acc: 0.02 0.02
Epoch 660 | Train: Loss=0.0137 Acc=99.9% | Test: Acc=2.4% | Best=2.4%(@660)
  from x2: 0.02 0.02 0.02 0.02 0.02 0.02 0.02 0.02 0.02 0.02 0.02 0.02 0.02 0.02
  per-rule acc: 0.03 0.02
Epoch 680 | Train: Loss=0.0092 Acc=100.0% | Test: Acc=2.5% | Best=2.5%(@680)
  from x2: 0.02 0.02 0.03 0.03 0.03 0.03 0.03 0.03 0.03 0.02 0.02 0.02 0.03 0.02
  per-rule acc: 0.03 0.02
Epoch 700 | Train: Loss=0.0160 Acc=99.9% | Test: Acc=2.5% | Best=2.5%(@680)
  from x2: 0.02 0.02 0.03 0.03 0.03 0.03 0.03 0.03 0.03 0.02 0.03 0.03 0.02 0.02
  per-rule acc: 0.03 0.02
Epoch 720 | Train: Loss=0.0141 Acc=100.0% | Test: Acc=2.5% | Best=2.5%(@680)
  from x2: 0.03 0.02 0.02 0.02 0.02 0.02 0.02 0.02 0.03 0.03 0.03 0.03 0.03 0.02
  per-rule acc: 0.03 0.02
Epoch 740 | Train: Loss=0.0197 Acc=99.9% | Test: Acc=2.6% | Best=2.6%(@740)
  from x2: 0.03 0.03 0.03 0.03 0.03 0.03 0.03 0.03 0.03 0.03 0.03 0.03 0.03 0.03
  per-rule acc: 0.03 0.03
Epoch 760 | Train: Loss=0.0084 Acc=100.0% | Test: Acc=2.6% | Best=2.6%(@740)
  from x2: 0.02 0.03 0.03 0.03 0.03 0.03 0.03 0.03 0.03 0.03 0.03 0.03 0.03 0.03
  per-rule acc: 0.03 0.02
Epoch 780 | Train: Loss=0.0097 Acc=100.0% | Test: Acc=2.6% | Best=2.6%(@740)
  from x2: 0.02 0.03 0.03 0.03 0.03 0.03 0.03 0.03 0.03 0.03 0.03 0.03 0.03 0.03
  per-rule acc: 0.03 0.02
Epoch 800 | Train: Loss=0.0172 Acc=99.9% | Test: Acc=2.7% | Best=2.7%(@800)
  from x2: 0.03 0.03 0.03 0.03 0.03 0.03 0.03 0.03 0.03 0.03 0.03 0.03 0.03 0.03
  per-rule acc: 0.03 0.03
Epoch 820 | Train: Loss=0.0187 Acc=99.9% | Test: Acc=2.7% | Best=2.7%(@820)
  from x2: 0.03 0.03 0.03 0.03 0.03 0.03 0.03 0.03 0.03 0.03 0.03 0.03 0.03 0.03
  per-rule acc: 0.03 0.03
Epoch 840 | Train: Loss=0.0080 Acc=100.0% | Test: Acc=2.7% | Best=2.7%(@820)
  from x2: 0.03 0.03 0.03 0.03 0.03 0.03 0.03 0.03 0.03 0.03 0.03 0.03 0.03 0.03
  per-rule acc: 0.03 0.02
Epoch 860 | Train: Loss=0.0086 Acc=100.0% | Test: Acc=2.7% | Best=2.7%(@820)
  from x2: 0.03 0.03 0.03 0.03 0.03 0.03 0.03 0.03 0.03 0.03 0.03 0.03 0.03 0.03
  per-rule acc: 0.03 0.02
Epoch 880 | Train: Loss=0.0079 Acc=100.0% | Test: Acc=2.8% | Best=2.8%(@880)
  from x2: 0.03 0.03 0.03 0.03 0.03 0.03 0.03 0.03 0.03 0.03 0.03 0.03 0.03 0.03
  per-rule acc: 0.03 0.03
Epoch 900 | Train: Loss=0.0071 Acc=100.0% | Test: Acc=2.8% | Best=2.8%(@900)
  from x2: 0.03 0.03 0.03 0.03 0.03 0.03 0.03 0.03 0.03 0.03 0.03 0.03 0.03 0.03
  per-rule acc: 0.03 0.03
Epoch 920 | Train: Loss=0.0065 Acc=100.0% | Test: Acc=2.8% | Best=2.8%(@920)
  from x2: 0.03 0.03 0.03 0.03 0.03 0.03 0.03 0.03 0.03 0.03 0.03 0.03 0.03 0.03
  per-rule acc: 0.03 0.03
Epoch 940 | Train: Loss=0.0057 Acc=100.0% | Test: Acc=2.8% | Best=2.8%(@920)
  from x2: 0.03 0.03 0.03 0.03 0.03 0.03 0.03 0.03 0.03 0.03 0.03 0.03 0.03 0.03
  per-rule acc: 0.03 0.03
Epoch 960 | Train: Loss=0.0051 Acc=100.0% | Test: Acc=2.9% | Best=2.9%(@960)
  from x2: 0.03 0.03 0.03 0.03 0.03 0.03 0.03 0.03 0.03 0.03 0.03 0.03 0.03 0.03
  per-rule acc: 0.03 0.03
Epoch 980 | Train: Loss=0.0046 Acc=100.0% | Test: Acc=3.0% | Best=3.0%(@980)
  from x2: 0.03 0.03 0.03 0.03 0.03 0.03 0.03 0.03 0.03 0.03 0.03 0.03 0.03 0.03
  per-rule acc: 0.03 0.03
Epoch 1000 | Train: Loss=0.0041 Acc=100.0% | Test: Acc=3.0% | Best=3.0%(@1000)
  from x2: 0.03 0.03 0.03 0.03 0.03 0.03 0.03 0.03 0.03 0.03 0.03 0.03 0.03 0.03
  per-rule acc: 0.03 0.03
Epoch 1020 | Train: Loss=0.0037 Acc=100.0% | Test: Acc=3.2% | Best=3.2%(@1020)
  from x2: 0.03 0.03 0.03 0.03 0.03 0.03 0.03 0.03 0.03 0.03 0.03 0.03 0.03 0.03
  per-rule acc: 0.03 0.03
Epoch 1040 | Train: Loss=0.0033 Acc=100.0% | Test: Acc=3.3% | Best=3.3%(@1040)
  from x2: 0.03 0.03 0.03 0.03 0.03 0.03 0.03 0.03 0.03 0.03 0.03 0.03 0.03 0.03
  per-rule acc: 0.04 0.03
Epoch 1060 | Train: Loss=0.0029 Acc=100.0% | Test: Acc=3.3% | Best=3.3%(@1060)
  from x2: 0.03 0.03 0.03 0.03 0.03 0.03 0.03 0.03 0.03 0.03 0.03 0.03 0.03 0.03
  per-rule acc: 0.04 0.03
Epoch 1080 | Train: Loss=0.0026 Acc=100.0% | Test: Acc=3.5% | Best=3.5%(@1080)
  from x2: 0.03 0.03 0.03 0.04 0.03 0.03 0.03 0.03 0.03 0.04 0.03 0.04 0.04 0.03
  per-rule acc: 0.04 0.03
Epoch 1100 | Train: Loss=0.0024 Acc=100.0% | Test: Acc=3.6% | Best=3.6%(@1100)
  from x2: 0.03 0.03 0.03 0.04 0.04 0.04 0.04 0.04 0.04 0.04 0.04 0.04 0.04 0.04
  per-rule acc: 0.04 0.03
Epoch 1120 | Train: Loss=0.0021 Acc=100.0% | Test: Acc=3.7% | Best=3.7%(@1120)
  from x2: 0.03 0.04 0.04 0.04 0.04 0.04 0.04 0.04 0.04 0.04 0.04 0.04 0.04 0.04
  per-rule acc: 0.04 0.03
Epoch 1140 | Train: Loss=0.0019 Acc=100.0% | Test: Acc=3.8% | Best=3.8%(@1140)
  from x2: 0.04 0.04 0.04 0.04 0.04 0.04 0.04 0.04 0.04 0.04 0.04 0.04 0.04 0.04
  per-rule acc: 0.05 0.03
Epoch 1160 | Train: Loss=0.0017 Acc=100.0% | Test: Acc=3.9% | Best=3.9%(@1160)
  from x2: 0.04 0.04 0.04 0.04 0.04 0.04 0.04 0.04 0.04 0.04 0.04 0.04 0.04 0.04
  per-rule acc: 0.05 0.03
Epoch 1180 | Train: Loss=0.0015 Acc=100.0% | Test: Acc=4.0% | Best=4.0%(@1180)
  from x2: 0.04 0.04 0.04 0.04 0.04 0.04 0.04 0.04 0.04 0.04 0.04 0.04 0.04 0.04
  per-rule acc: 0.05 0.03
Epoch 1200 | Train: Loss=0.0014 Acc=100.0% | Test: Acc=4.3% | Best=4.3%(@1200)
  from x2: 0.04 0.04 0.04 0.04 0.04 0.04 0.04 0.04 0.04 0.04 0.04 0.04 0.04 0.04
  per-rule acc: 0.06 0.03
Epoch 1220 | Train: Loss=0.0012 Acc=100.0% | Test: Acc=4.4% | Best=4.4%(@1220)
  from x2: 0.04 0.04 0.04 0.04 0.04 0.04 0.04 0.04 0.04 0.04 0.04 0.04 0.04 0.04
  per-rule acc: 0.06 0.03
Epoch 1240 | Train: Loss=0.0431 Acc=99.8% | Test: Acc=4.0% | Best=4.4%(@1220)
  from x2: 0.04 0.04 0.04 0.04 0.04 0.04 0.04 0.04 0.04 0.04 0.04 0.04 0.04 0.04
  per-rule acc: 0.05 0.03
Epoch 1260 | Train: Loss=0.0010 Acc=100.0% | Test: Acc=5.0% | Best=5.0%(@1260)
  from x2: 0.05 0.05 0.05 0.05 0.05 0.05 0.05 0.05 0.05 0.05 0.05 0.05 0.05 0.05
  per-rule acc: 0.07 0.03
Epoch 1280 | Train: Loss=0.0021 Acc=100.0% | Test: Acc=4.9% | Best=5.0%(@1260)
  from x2: 0.05 0.05 0.05 0.05 0.05 0.05 0.05 0.05 0.05 0.05 0.05 0.05 0.05 0.05
  per-rule acc: 0.07 0.03
Epoch 1300 | Train: Loss=0.0027 Acc=100.0% | Test: Acc=5.0% | Best=5.0%(@1300)
  from x2: 0.05 0.05 0.05 0.05 0.05 0.05 0.05 0.05 0.05 0.05 0.05 0.05 0.05 0.05
  per-rule acc: 0.07 0.03
Epoch 1320 | Train: Loss=0.0026 Acc=100.0% | Test: Acc=5.3% | Best=5.3%(@1320)
  from x2: 0.05 0.05 0.05 0.05 0.05 0.05 0.05 0.05 0.05 0.05 0.05 0.05 0.05 0.05
  per-rule acc: 0.07 0.03
Epoch 1340 | Train: Loss=0.0024 Acc=100.0% | Test: Acc=5.5% | Best=5.5%(@1340)
  from x2: 0.06 0.05 0.05 0.05 0.06 0.05 0.05 0.06 0.06 0.06 0.06 0.06 0.06 0.06
  per-rule acc: 0.08 0.03
Epoch 1360 | Train: Loss=0.0021 Acc=100.0% | Test: Acc=5.7% | Best=5.7%(@1360)
  from x2: 0.06 0.06 0.05 0.05 0.06 0.06 0.06 0.06 0.06 0.06 0.06 0.06 0.06 0.06
  per-rule acc: 0.08 0.03
Epoch 1380 | Train: Loss=0.0019 Acc=100.0% | Test: Acc=6.1% | Best=6.1%(@1380)
  from x2: 0.06 0.06 0.06 0.06 0.06 0.06 0.06 0.06 0.06 0.06 0.06 0.06 0.06 0.06
  per-rule acc: 0.09 0.03
Epoch 1400 | Train: Loss=0.0017 Acc=100.0% | Test: Acc=6.3% | Best=6.3%(@1400)
  from x2: 0.06 0.06 0.06 0.06 0.06 0.06 0.06 0.06 0.06 0.06 0.06 0.06 0.07 0.07
  per-rule acc: 0.10 0.03
Epoch 1420 | Train: Loss=0.0016 Acc=100.0% | Test: Acc=6.7% | Best=6.7%(@1420)
  from x2: 0.07 0.07 0.07 0.07 0.07 0.07 0.07 0.07 0.07 0.07 0.07 0.07 0.07 0.07
  per-rule acc: 0.10 0.03
Epoch 1440 | Train: Loss=0.0014 Acc=100.0% | Test: Acc=7.0% | Best=7.0%(@1440)
  from x2: 0.07 0.07 0.07 0.07 0.07 0.07 0.07 0.07 0.07 0.07 0.07 0.07 0.07 0.07
  per-rule acc: 0.11 0.03
Epoch 1460 | Train: Loss=0.0013 Acc=100.0% | Test: Acc=7.3% | Best=7.3%(@1460)
  from x2: 0.07 0.07 0.07 0.07 0.07 0.07 0.07 0.07 0.07 0.07 0.07 0.07 0.07 0.07
  per-rule acc: 0.11 0.03
Epoch 1480 | Train: Loss=0.0011 Acc=100.0% | Test: Acc=7.6% | Best=7.6%(@1480)
  from x2: 0.08 0.07 0.07 0.07 0.07 0.08 0.08 0.08 0.08 0.08 0.08 0.08 0.08 0.08
  per-rule acc: 0.12 0.03
Epoch 1500 | Train: Loss=0.0010 Acc=100.0% | Test: Acc=7.8% | Best=7.8%(@1500)
  from x2: 0.08 0.08 0.08 0.08 0.08 0.08 0.08 0.08 0.08 0.08 0.08 0.08 0.08 0.08
  per-rule acc: 0.12 0.03
Epoch 1520 | Train: Loss=0.0009 Acc=100.0% | Test: Acc=8.2% | Best=8.2%(@1520)
  from x2: 0.08 0.08 0.08 0.08 0.08 0.08 0.08 0.08 0.08 0.08 0.08 0.08 0.08 0.08
  per-rule acc: 0.13 0.03
Epoch 1540 | Train: Loss=0.0008 Acc=100.0% | Test: Acc=8.5% | Best=8.5%(@1540)
  from x2: 0.08 0.08 0.08 0.08 0.08 0.08 0.08 0.09 0.08 0.08 0.09 0.09 0.09 0.09
  per-rule acc: 0.13 0.03
Epoch 1560 | Train: Loss=0.0007 Acc=100.0% | Test: Acc=8.8% | Best=8.8%(@1560)
  from x2: 0.09 0.09 0.09 0.09 0.09 0.09 0.09 0.09 0.09 0.09 0.09 0.09 0.09 0.09
  per-rule acc: 0.14 0.03
Epoch 1580 | Train: Loss=0.0007 Acc=100.0% | Test: Acc=9.1% | Best=9.1%(@1580)
  from x2: 0.09 0.09 0.09 0.09 0.09 0.09 0.09 0.09 0.09 0.09 0.09 0.09 0.09 0.09
  per-rule acc: 0.15 0.03
Epoch 1600 | Train: Loss=0.0085 Acc=100.0% | Test: Acc=6.8% | Best=9.1%(@1580)
  from x2: 0.07 0.07 0.07 0.07 0.07 0.07 0.07 0.07 0.07 0.07 0.07 0.07 0.07 0.07
  per-rule acc: 0.10 0.03
Epoch 1620 | Train: Loss=0.0008 Acc=100.0% | Test: Acc=8.5% | Best=9.1%(@1580)
  from x2: 0.08 0.08 0.08 0.08 0.08 0.08 0.09 0.08 0.08 0.09 0.09 0.09 0.09 0.09
  per-rule acc: 0.14 0.03
Epoch 1640 | Train: Loss=0.0016 Acc=100.0% | Test: Acc=8.4% | Best=9.1%(@1580)
  from x2: 0.08 0.08 0.08 0.08 0.08 0.08 0.08 0.08 0.08 0.08 0.08 0.09 0.09 0.09
  per-rule acc: 0.13 0.03
Epoch 1660 | Train: Loss=0.0019 Acc=100.0% | Test: Acc=8.7% | Best=9.1%(@1580)
  from x2: 0.09 0.09 0.08 0.09 0.09 0.09 0.09 0.09 0.09 0.09 0.09 0.09 0.09 0.09
  per-rule acc: 0.14 0.03
Epoch 1680 | Train: Loss=0.0018 Acc=100.0% | Test: Acc=9.1% | Best=9.1%(@1580)
  from x2: 0.09 0.09 0.09 0.09 0.09 0.09 0.09 0.09 0.09 0.09 0.09 0.09 0.09 0.09
  per-rule acc: 0.15 0.03
Epoch 1700 | Train: Loss=0.0017 Acc=100.0% | Test: Acc=9.5% | Best=9.5%(@1700)
  from x2: 0.09 0.10 0.09 0.09 0.09 0.10 0.09 0.09 0.10 0.10 0.10 0.10 0.10 0.10
  per-rule acc: 0.16 0.03
Epoch 1720 | Train: Loss=0.0015 Acc=100.0% | Test: Acc=9.9% | Best=9.9%(@1720)
  from x2: 0.09 0.10 0.10 0.10 0.10 0.10 0.10 0.10 0.10 0.10 0.10 0.10 0.10 0.10
  per-rule acc: 0.16 0.03
Epoch 1740 | Train: Loss=0.0014 Acc=100.0% | Test: Acc=10.1% | Best=10.1%(@1740)
  from x2: 0.10 0.10 0.10 0.10 0.10 0.10 0.10 0.10 0.10 0.10 0.10 0.10 0.10 0.10
  per-rule acc: 0.17 0.03
Epoch 1760 | Train: Loss=0.0012 Acc=100.0% | Test: Acc=10.3% | Best=10.3%(@1760)
  from x2: 0.10 0.10 0.10 0.10 0.10 0.10 0.10 0.10 0.10 0.10 0.10 0.10 0.10 0.11
  per-rule acc: 0.17 0.03
Epoch 1780 | Train: Loss=0.0011 Acc=100.0% | Test: Acc=10.6% | Best=10.6%(@1780)
  from x2: 0.10 0.11 0.10 0.10 0.10 0.11 0.11 0.11 0.11 0.11 0.11 0.11 0.11 0.11
  per-rule acc: 0.18 0.03
Epoch 1800 | Train: Loss=0.0010 Acc=100.0% | Test: Acc=10.8% | Best=10.8%(@1800)
  from x2: 0.10 0.11 0.11 0.10 0.11 0.11 0.11 0.11 0.11 0.11 0.11 0.11 0.11 0.11
  per-rule acc: 0.18 0.03
Epoch 1820 | Train: Loss=0.0009 Acc=100.0% | Test: Acc=11.0% | Best=11.0%(@1820)
  from x2: 0.11 0.11 0.11 0.11 0.11 0.11 0.11 0.11 0.11 0.11 0.11 0.11 0.11 0.11
  per-rule acc: 0.18 0.03
Epoch 1840 | Train: Loss=0.0008 Acc=100.0% | Test: Acc=11.1% | Best=11.1%(@1840)
  from x2: 0.11 0.11 0.11 0.11 0.11 0.11 0.11 0.11 0.11 0.11 0.11 0.11 0.11 0.11
  per-rule acc: 0.19 0.03
Epoch 1860 | Train: Loss=0.0007 Acc=100.0% | Test: Acc=11.2% | Best=11.2%(@1860)
  from x2: 0.11 0.11 0.11 0.11 0.11 0.11 0.11 0.11 0.11 0.11 0.11 0.11 0.11 0.12
  per-rule acc: 0.19 0.03
Epoch 1880 | Train: Loss=0.0007 Acc=100.0% | Test: Acc=11.3% | Best=11.3%(@1880)
  from x2: 0.11 0.11 0.11 0.11 0.11 0.11 0.11 0.11 0.11 0.11 0.11 0.11 0.11 0.12
  per-rule acc: 0.19 0.03
Epoch 1900 | Train: Loss=0.0006 Acc=100.0% | Test: Acc=11.4% | Best=11.4%(@1900)
  from x2: 0.11 0.11 0.11 0.11 0.11 0.11 0.11 0.11 0.11 0.11 0.11 0.11 0.11 0.12
  per-rule acc: 0.19 0.03
Epoch 1920 | Train: Loss=0.0005 Acc=100.0% | Test: Acc=11.5% | Best=11.5%(@1920)
  from x2: 0.11 0.12 0.11 0.11 0.12 0.12 0.11 0.12 0.12 0.12 0.12 0.12 0.12 0.12
  per-rule acc: 0.20 0.03
Epoch 1940 | Train: Loss=0.0005 Acc=100.0% | Test: Acc=11.6% | Best=11.6%(@1940)
  from x2: 0.12 0.12 0.12 0.12 0.12 0.12 0.12 0.12 0.12 0.12 0.12 0.12 0.12 0.12
  per-rule acc: 0.20 0.03
Epoch 1960 | Train: Loss=0.0007 Acc=100.0% | Test: Acc=10.6% | Best=11.6%(@1940)
  from x2: 0.10 0.10 0.10 0.10 0.10 0.11 0.10 0.11 0.11 0.11 0.11 0.11 0.11 0.11
  per-rule acc: 0.18 0.03
Epoch 1980 | Train: Loss=0.0013 Acc=100.0% | Test: Acc=10.9% | Best=11.6%(@1940)
  from x2: 0.11 0.11 0.11 0.11 0.11 0.11 0.11 0.11 0.11 0.11 0.11 0.11 0.11 0.11
  per-rule acc: 0.18 0.04
Epoch 2000 | Train: Loss=0.0018 Acc=100.0% | Test: Acc=11.3% | Best=11.6%(@1940)
  from x2: 0.11 0.11 0.11 0.11 0.11 0.11 0.11 0.11 0.11 0.11 0.11 0.11 0.11 0.11
  per-rule acc: 0.19 0.04
Epoch 2020 | Train: Loss=0.0018 Acc=100.0% | Test: Acc=11.5% | Best=11.6%(@1940)
  from x2: 0.11 0.11 0.11 0.11 0.12 0.12 0.12 0.12 0.12 0.12 0.12 0.12 0.12 0.12
  per-rule acc: 0.19 0.04
Epoch 2040 | Train: Loss=0.0017 Acc=100.0% | Test: Acc=11.7% | Best=11.7%(@2040)
  from x2: 0.11 0.12 0.12 0.12 0.12 0.12 0.12 0.12 0.12 0.12 0.12 0.12 0.12 0.12
  per-rule acc: 0.20 0.04
Epoch 2060 | Train: Loss=0.0015 Acc=100.0% | Test: Acc=11.9% | Best=11.9%(@2060)
  from x2: 0.12 0.12 0.12 0.12 0.12 0.12 0.12 0.12 0.12 0.12 0.12 0.12 0.12 0.12
  per-rule acc: 0.20 0.04
Epoch 2080 | Train: Loss=0.0014 Acc=100.0% | Test: Acc=12.1% | Best=12.1%(@2080)
  from x2: 0.12 0.12 0.12 0.12 0.12 0.12 0.12 0.12 0.12 0.12 0.12 0.12 0.12 0.13
  per-rule acc: 0.21 0.04
Epoch 2100 | Train: Loss=0.0012 Acc=100.0% | Test: Acc=12.3% | Best=12.3%(@2100)
  from x2: 0.12 0.12 0.12 0.12 0.12 0.12 0.12 0.12 0.12 0.12 0.12 0.12 0.13 0.13
  per-rule acc: 0.21 0.04
Epoch 2120 | Train: Loss=0.0011 Acc=100.0% | Test: Acc=12.5% | Best=12.5%(@2120)
  from x2: 0.12 0.13 0.12 0.12 0.12 0.13 0.13 0.12 0.12 0.12 0.13 0.13 0.13 0.13
  per-rule acc: 0.21 0.04
Epoch 2140 | Train: Loss=0.0010 Acc=100.0% | Test: Acc=12.6% | Best=12.6%(@2140)
  from x2: 0.12 0.13 0.13 0.13 0.13 0.13 0.13 0.13 0.13 0.13 0.13 0.13 0.13 0.13
  per-rule acc: 0.22 0.04
Epoch 2160 | Train: Loss=0.0009 Acc=100.0% | Test: Acc=12.7% | Best=12.7%(@2160)
  from x2: 0.13 0.13 0.13 0.13 0.13 0.13 0.13 0.13 0.13 0.13 0.13 0.13 0.13 0.13
  per-rule acc: 0.22 0.04
Epoch 2180 | Train: Loss=0.0008 Acc=100.0% | Test: Acc=12.8% | Best=12.8%(@2180)
  from x2: 0.13 0.13 0.13 0.13 0.13 0.13 0.13 0.13 0.13 0.13 0.13 0.13 0.13 0.13
  per-rule acc: 0.22 0.04
Epoch 2200 | Train: Loss=0.0007 Acc=100.0% | Test: Acc=12.9% | Best=12.9%(@2200)
  from x2: 0.13 0.13 0.13 0.13 0.13 0.13 0.13 0.13 0.13 0.13 0.13 0.13 0.13 0.13
  per-rule acc: 0.22 0.04
Epoch 2220 | Train: Loss=0.0007 Acc=100.0% | Test: Acc=13.1% | Best=13.1%(@2220)
  from x2: 0.13 0.13 0.13 0.13 0.13 0.13 0.13 0.13 0.13 0.13 0.13 0.13 0.13 0.13
  per-rule acc: 0.22 0.04
Epoch 2240 | Train: Loss=0.0006 Acc=100.0% | Test: Acc=13.2% | Best=13.2%(@2240)
  from x2: 0.13 0.13 0.13 0.13 0.13 0.13 0.13 0.13 0.13 0.13 0.13 0.13 0.13 0.13
  per-rule acc: 0.23 0.04
Epoch 2260 | Train: Loss=0.0005 Acc=100.0% | Test: Acc=13.2% | Best=13.2%(@2260)
  from x2: 0.13 0.13 0.13 0.13 0.13 0.13 0.13 0.13 0.13 0.13 0.13 0.13 0.13 0.13
  per-rule acc: 0.23 0.04
Epoch 2280 | Train: Loss=0.0005 Acc=100.0% | Test: Acc=13.3% | Best=13.3%(@2280)
  from x2: 0.13 0.13 0.13 0.13 0.13 0.13 0.13 0.13 0.13 0.13 0.13 0.13 0.13 0.13
  per-rule acc: 0.23 0.04
Epoch 2300 | Train: Loss=0.0004 Acc=100.0% | Test: Acc=13.3% | Best=13.3%(@2300)
  from x2: 0.13 0.13 0.13 0.13 0.13 0.13 0.13 0.13 0.13 0.13 0.13 0.13 0.13 0.14
  per-rule acc: 0.23 0.04
Epoch 2320 | Train: Loss=0.0004 Acc=100.0% | Test: Acc=13.4% | Best=13.4%(@2320)
  from x2: 0.13 0.13 0.13 0.13 0.13 0.13 0.13 0.13 0.13 0.13 0.13 0.13 0.13 0.14
  per-rule acc: 0.23 0.04
Epoch 2340 | Train: Loss=0.0003 Acc=100.0% | Test: Acc=13.4% | Best=13.4%(@2340)
  from x2: 0.13 0.13 0.13 0.13 0.13 0.13 0.13 0.13 0.13 0.13 0.13 0.13 0.14 0.14
  per-rule acc: 0.23 0.04
Epoch 2360 | Train: Loss=0.0003 Acc=100.0% | Test: Acc=13.5% | Best=13.5%(@2360)
  from x2: 0.14 0.14 0.13 0.13 0.13 0.13 0.13 0.13 0.13 0.13 0.14 0.13 0.13 0.14
  per-rule acc: 0.23 0.04
Epoch 2380 | Train: Loss=3.5638 Acc=13.8% | Test: Acc=1.2% | Best=13.5%(@2360)
  from x2: 0.01 0.01 0.01 0.01 0.01 0.01 0.01 0.01 0.01 0.01 0.01 0.01 0.01 0.01
  per-rule acc: 0.01 0.01
Epoch 2400 | Train: Loss=0.0007 Acc=100.0% | Test: Acc=12.6% | Best=13.5%(@2360)
  from x2: 0.13 0.12 0.12 0.12 0.12 0.12 0.12 0.12 0.13 0.13 0.13 0.13 0.13 0.13
  per-rule acc: 0.21 0.04
Epoch 2420 | Train: Loss=0.0013 Acc=100.0% | Test: Acc=12.9% | Best=13.5%(@2360)
  from x2: 0.13 0.13 0.13 0.13 0.13 0.13 0.13 0.13 0.13 0.13 0.13 0.13 0.13 0.13
  per-rule acc: 0.21 0.04
Epoch 2440 | Train: Loss=0.0018 Acc=100.0% | Test: Acc=13.4% | Best=13.5%(@2360)
  from x2: 0.13 0.13 0.13 0.13 0.13 0.13 0.13 0.13 0.13 0.13 0.13 0.13 0.14 0.14
  per-rule acc: 0.22 0.04
Epoch 2460 | Train: Loss=0.0020 Acc=100.0% | Test: Acc=13.8% | Best=13.8%(@2460)
  from x2: 0.13 0.14 0.14 0.13 0.14 0.14 0.14 0.14 0.14 0.14 0.14 0.14 0.14 0.14
  per-rule acc: 0.23 0.04
Epoch 2480 | Train: Loss=0.0019 Acc=100.0% | Test: Acc=14.1% | Best=14.1%(@2480)
  from x2: 0.14 0.14 0.14 0.14 0.14 0.14 0.14 0.14 0.14 0.14 0.14 0.14 0.14 0.14
  per-rule acc: 0.24 0.04
Epoch 2500 | Train: Loss=0.0017 Acc=100.0% | Test: Acc=14.2% | Best=14.2%(@2500)
  from x2: 0.14 0.14 0.14 0.14 0.14 0.14 0.14 0.14 0.14 0.14 0.14 0.14 0.14 0.14
  per-rule acc: 0.24 0.04
Epoch 2520 | Train: Loss=0.0016 Acc=100.0% | Test: Acc=14.3% | Best=14.3%(@2520)
  from x2: 0.14 0.14 0.14 0.14 0.14 0.14 0.14 0.14 0.14 0.14 0.14 0.14 0.14 0.15
  per-rule acc: 0.25 0.04
Epoch 2540 | Train: Loss=0.0014 Acc=100.0% | Test: Acc=14.5% | Best=14.5%(@2540)
  from x2: 0.14 0.15 0.14 0.14 0.14 0.14 0.14 0.14 0.14 0.14 0.15 0.15 0.15 0.15
  per-rule acc: 0.25 0.04
Epoch 2560 | Train: Loss=0.0013 Acc=100.0% | Test: Acc=14.6% | Best=14.6%(@2560)
  from x2: 0.14 0.15 0.14 0.14 0.14 0.14 0.14 0.14 0.15 0.15 0.15 0.15 0.15 0.15
  per-rule acc: 0.25 0.04
Epoch 2580 | Train: Loss=0.0011 Acc=100.0% | Test: Acc=14.7% | Best=14.7%(@2580)
  from x2: 0.15 0.15 0.15 0.14 0.14 0.15 0.15 0.15 0.15 0.15 0.15 0.15 0.15 0.15
  per-rule acc: 0.25 0.04
Epoch 2600 | Train: Loss=0.0010 Acc=100.0% | Test: Acc=14.8% | Best=14.8%(@2600)
  from x2: 0.15 0.15 0.15 0.15 0.15 0.15 0.15 0.15 0.15 0.15 0.15 0.15 0.15 0.15
  per-rule acc: 0.26 0.04
Epoch 2620 | Train: Loss=0.0009 Acc=100.0% | Test: Acc=14.9% | Best=14.9%(@2620)
  from x2: 0.15 0.15 0.15 0.15 0.15 0.15 0.15 0.15 0.15 0.15 0.15 0.15 0.15 0.15
  per-rule acc: 0.26 0.04
Epoch 2640 | Train: Loss=0.0008 Acc=100.0% | Test: Acc=14.9% | Best=14.9%(@2640)
  from x2: 0.15 0.15 0.15 0.15 0.15 0.15 0.15 0.15 0.15 0.15 0.15 0.15 0.15 0.15
  per-rule acc: 0.26 0.04
Epoch 2660 | Train: Loss=0.0007 Acc=100.0% | Test: Acc=15.0% | Best=15.0%(@2660)
  from x2: 0.15 0.15 0.15 0.15 0.15 0.15 0.15 0.15 0.15 0.15 0.15 0.15 0.15 0.15
  per-rule acc: 0.26 0.04
Epoch 2680 | Train: Loss=0.0007 Acc=100.0% | Test: Acc=15.0% | Best=15.0%(@2680)
  from x2: 0.15 0.15 0.15 0.15 0.15 0.15 0.15 0.15 0.15 0.15 0.15 0.15 0.15 0.15
  per-rule acc: 0.26 0.04
Epoch 2700 | Train: Loss=0.0006 Acc=100.0% | Test: Acc=15.1% | Best=15.1%(@2700)
  from x2: 0.15 0.15 0.15 0.15 0.15 0.15 0.15 0.15 0.15 0.15 0.15 0.15 0.15 0.15
  per-rule acc: 0.26 0.04
Epoch 2720 | Train: Loss=0.0005 Acc=100.0% | Test: Acc=15.2% | Best=15.2%(@2720)
  from x2: 0.15 0.15 0.15 0.15 0.15 0.15 0.15 0.15 0.15 0.15 0.15 0.15 0.15 0.15
  per-rule acc: 0.27 0.04
Epoch 2740 | Train: Loss=0.0005 Acc=100.0% | Test: Acc=15.4% | Best=15.4%(@2740)
  from x2: 0.15 0.15 0.15 0.15 0.15 0.15 0.15 0.15 0.15 0.15 0.15 0.15 0.15 0.16
  per-rule acc: 0.27 0.04
Epoch 2760 | Train: Loss=0.0004 Acc=100.0% | Test: Acc=15.5% | Best=15.5%(@2760)
  from x2: 0.15 0.15 0.15 0.15 0.15 0.15 0.15 0.15 0.15 0.16 0.16 0.16 0.16 0.16
  per-rule acc: 0.27 0.04
Epoch 2780 | Train: Loss=0.0004 Acc=100.0% | Test: Acc=15.5% | Best=15.5%(@2780)
  from x2: 0.15 0.15 0.15 0.15 0.15 0.16 0.16 0.15 0.15 0.16 0.16 0.16 0.16 0.16
  per-rule acc: 0.27 0.04
Epoch 2800 | Train: Loss=0.0003 Acc=100.0% | Test: Acc=15.6% | Best=15.6%(@2800)
  from x2: 0.16 0.15 0.16 0.16 0.16 0.16 0.16 0.16 0.16 0.16 0.16 0.16 0.16 0.16
  per-rule acc: 0.27 0.04
Epoch 2820 | Train: Loss=0.0003 Acc=100.0% | Test: Acc=15.7% | Best=15.7%(@2820)
  from x2: 0.16 0.16 0.16 0.16 0.16 0.16 0.16 0.16 0.16 0.16 0.16 0.16 0.16 0.16
  per-rule acc: 0.28 0.04
Epoch 2840 | Train: Loss=0.0003 Acc=100.0% | Test: Acc=15.7% | Best=15.7%(@2820)
  from x2: 0.16 0.16 0.16 0.16 0.16 0.16 0.16 0.16 0.16 0.16 0.16 0.16 0.16 0.16
  per-rule acc: 0.28 0.04
Epoch 2860 | Train: Loss=0.0003 Acc=100.0% | Test: Acc=15.7% | Best=15.7%(@2860)
  from x2: 0.16 0.16 0.16 0.16 0.16 0.16 0.16 0.16 0.16 0.16 0.16 0.16 0.16 0.16
  per-rule acc: 0.28 0.04
Epoch 2880 | Train: Loss=0.0002 Acc=100.0% | Test: Acc=15.7% | Best=15.7%(@2880)
  from x2: 0.16 0.16 0.16 0.16 0.16 0.16 0.16 0.16 0.16 0.16 0.16 0.16 0.16 0.16
  per-rule acc: 0.28 0.04
Epoch 2900 | Train: Loss=0.0018 Acc=100.0% | Test: Acc=13.8% | Best=15.7%(@2880)
  from x2: 0.13 0.14 0.14 0.14 0.14 0.14 0.14 0.14 0.14 0.14 0.14 0.14 0.14 0.14
  per-rule acc: 0.24 0.04
Epoch 2920 | Train: Loss=0.0012 Acc=100.0% | Test: Acc=15.6% | Best=15.7%(@2880)
  from x2: 0.15 0.15 0.15 0.15 0.15 0.15 0.16 0.16 0.16 0.16 0.16 0.16 0.16 0.16
  per-rule acc: 0.26 0.05
Epoch 2940 | Train: Loss=0.0018 Acc=100.0% | Test: Acc=16.0% | Best=16.0%(@2940)
  from x2: 0.16 0.16 0.16 0.16 0.16 0.16 0.16 0.16 0.16 0.16 0.16 0.16 0.16 0.16
  per-rule acc: 0.27 0.05
Epoch 2960 | Train: Loss=0.0022 Acc=100.0% | Test: Acc=16.2% | Best=16.2%(@2960)
  from x2: 0.16 0.16 0.16 0.16 0.16 0.16 0.16 0.16 0.16 0.16 0.16 0.16 0.16 0.16
  per-rule acc: 0.27 0.05
Epoch 2980 | Train: Loss=0.0023 Acc=100.0% | Test: Acc=16.2% | Best=16.2%(@2980)
  from x2: 0.16 0.16 0.16 0.16 0.16 0.16 0.16 0.16 0.16 0.16 0.16 0.16 0.16 0.16
  per-rule acc: 0.28 0.05
Epoch 3000 | Train: Loss=0.0022 Acc=100.0% | Test: Acc=16.3% | Best=16.3%(@3000)
  from x2: 0.16 0.16 0.16 0.16 0.16 0.16 0.16 0.16 0.16 0.16 0.16 0.17 0.17 0.17
  per-rule acc: 0.28 0.04
Epoch 3020 | Train: Loss=0.0020 Acc=100.0% | Test: Acc=16.6% | Best=16.6%(@3020)
  from x2: 0.16 0.16 0.16 0.16 0.16 0.17 0.17 0.17 0.17 0.17 0.17 0.17 0.17 0.17
  per-rule acc: 0.29 0.05
Epoch 3040 | Train: Loss=0.0018 Acc=100.0% | Test: Acc=16.9% | Best=16.9%(@3040)
  from x2: 0.16 0.17 0.17 0.17 0.17 0.17 0.17 0.17 0.17 0.17 0.17 0.17 0.17 0.17
  per-rule acc: 0.29 0.05
Epoch 3060 | Train: Loss=0.0016 Acc=100.0% | Test: Acc=17.0% | Best=17.0%(@3060)
  from x2: 0.17 0.17 0.17 0.17 0.17 0.17 0.17 0.17 0.17 0.17 0.17 0.17 0.17 0.17
  per-rule acc: 0.29 0.04
Epoch 3080 | Train: Loss=0.0015 Acc=100.0% | Test: Acc=17.1% | Best=17.1%(@3080)
  from x2: 0.17 0.17 0.17 0.17 0.17 0.17 0.17 0.17 0.17 0.17 0.17 0.17 0.17 0.18
  per-rule acc: 0.30 0.04
Epoch 3100 | Train: Loss=0.0013 Acc=100.0% | Test: Acc=17.3% | Best=17.3%(@3100)
  from x2: 0.17 0.17 0.17 0.17 0.17 0.17 0.17 0.17 0.17 0.17 0.17 0.17 0.18 0.18
  per-rule acc: 0.30 0.04
Epoch 3120 | Train: Loss=0.0012 Acc=100.0% | Test: Acc=17.3% | Best=17.3%(@3120)
  from x2: 0.17 0.17 0.17 0.17 0.17 0.17 0.17 0.17 0.17 0.17 0.17 0.18 0.18 0.18
  per-rule acc: 0.30 0.04
Epoch 3140 | Train: Loss=0.0011 Acc=100.0% | Test: Acc=17.3% | Best=17.3%(@3120)
  from x2: 0.17 0.17 0.17 0.17 0.17 0.17 0.17 0.17 0.17 0.17 0.17 0.17 0.17 0.18
  per-rule acc: 0.30 0.04
Epoch 3160 | Train: Loss=0.0010 Acc=100.0% | Test: Acc=17.3% | Best=17.3%(@3120)
  from x2: 0.17 0.17 0.17 0.17 0.17 0.17 0.17 0.17 0.17 0.17 0.17 0.17 0.17 0.18
  per-rule acc: 0.30 0.04
Epoch 3180 | Train: Loss=0.0009 Acc=100.0% | Test: Acc=17.3% | Best=17.3%(@3120)
  from x2: 0.17 0.17 0.17 0.17 0.17 0.17 0.17 0.17 0.17 0.17 0.17 0.17 0.18 0.18
  per-rule acc: 0.30 0.04
Epoch 3200 | Train: Loss=0.0008 Acc=100.0% | Test: Acc=17.3% | Best=17.3%(@3120)
  from x2: 0.17 0.17 0.17 0.17 0.17 0.17 0.17 0.17 0.17 0.17 0.17 0.17 0.18 0.18
  per-rule acc: 0.30 0.04
Epoch 3220 | Train: Loss=0.0007 Acc=100.0% | Test: Acc=17.4% | Best=17.4%(@3220)
  from x2: 0.17 0.17 0.17 0.17 0.17 0.17 0.17 0.17 0.17 0.17 0.17 0.17 0.18 0.18
  per-rule acc: 0.30 0.04
Epoch 3240 | Train: Loss=0.0006 Acc=100.0% | Test: Acc=17.4% | Best=17.4%(@3240)
  from x2: 0.17 0.17 0.17 0.17 0.17 0.17 0.17 0.18 0.18 0.18 0.17 0.18 0.18 0.18
  per-rule acc: 0.30 0.04
Epoch 3260 | Train: Loss=0.0006 Acc=100.0% | Test: Acc=17.5% | Best=17.5%(@3260)
  from x2: 0.17 0.17 0.17 0.17 0.17 0.18 0.18 0.18 0.18 0.18 0.18 0.18 0.18 0.18
  per-rule acc: 0.31 0.04
Epoch 3280 | Train: Loss=0.0005 Acc=100.0% | Test: Acc=17.5% | Best=17.5%(@3280)
  from x2: 0.17 0.18 0.17 0.17 0.17 0.17 0.18 0.18 0.18 0.18 0.18 0.18 0.18 0.18
  per-rule acc: 0.31 0.04
Epoch 3300 | Train: Loss=0.0004 Acc=100.0% | Test: Acc=17.5% | Best=17.5%(@3300)
  from x2: 0.17 0.17 0.17 0.17 0.17 0.17 0.18 0.18 0.18 0.18 0.18 0.18 0.18 0.18
  per-rule acc: 0.31 0.04
Epoch 3320 | Train: Loss=0.0004 Acc=100.0% | Test: Acc=17.6% | Best=17.6%(@3320)
  from x2: 0.17 0.17 0.17 0.17 0.17 0.18 0.18 0.18 0.18 0.18 0.18 0.18 0.18 0.18
  per-rule acc: 0.31 0.04
Epoch 3340 | Train: Loss=0.0004 Acc=100.0% | Test: Acc=17.6% | Best=17.6%(@3340)
  from x2: 0.17 0.18 0.17 0.17 0.17 0.18 0.18 0.18 0.18 0.18 0.18 0.18 0.18 0.18
  per-rule acc: 0.31 0.04
Epoch 3360 | Train: Loss=0.0003 Acc=100.0% | Test: Acc=17.7% | Best=17.7%(@3360)
  from x2: 0.17 0.18 0.17 0.17 0.18 0.18 0.18 0.18 0.18 0.18 0.18 0.18 0.18 0.18
  per-rule acc: 0.31 0.04
Epoch 3380 | Train: Loss=0.0003 Acc=100.0% | Test: Acc=17.8% | Best=17.8%(@3380)
  from x2: 0.17 0.18 0.17 0.18 0.18 0.18 0.18 0.18 0.18 0.18 0.18 0.18 0.18 0.18
  per-rule acc: 0.31 0.04
Epoch 3400 | Train: Loss=0.0003 Acc=100.0% | Test: Acc=17.9% | Best=17.9%(@3400)
  from x2: 0.17 0.18 0.18 0.18 0.18 0.18 0.18 0.18 0.18 0.18 0.18 0.18 0.18 0.18
  per-rule acc: 0.31 0.04
Epoch 3420 | Train: Loss=0.0002 Acc=100.0% | Test: Acc=17.9% | Best=17.9%(@3420)
  from x2: 0.17 0.18 0.18 0.18 0.18 0.18 0.18 0.18 0.18 0.18 0.18 0.18 0.18 0.18
  per-rule acc: 0.31 0.05
Epoch 3440 | Train: Loss=0.0008 Acc=100.0% | Test: Acc=16.1% | Best=17.9%(@3420)
  from x2: 0.16 0.16 0.16 0.16 0.16 0.16 0.16 0.16 0.16 0.16 0.16 0.16 0.16 0.17
  per-rule acc: 0.28 0.04
Epoch 3460 | Train: Loss=0.0011 Acc=100.0% | Test: Acc=16.9% | Best=17.9%(@3420)
  from x2: 0.17 0.17 0.17 0.17 0.17 0.17 0.17 0.17 0.17 0.17 0.17 0.17 0.17 0.17
  per-rule acc: 0.29 0.05
Epoch 3480 | Train: Loss=0.0016 Acc=100.0% | Test: Acc=17.5% | Best=17.9%(@3420)
  from x2: 0.17 0.17 0.17 0.17 0.17 0.17 0.18 0.18 0.18 0.18 0.18 0.18 0.18 0.18
  per-rule acc: 0.30 0.05
Epoch 3500 | Train: Loss=0.0019 Acc=100.0% | Test: Acc=17.8% | Best=17.9%(@3420)
  from x2: 0.18 0.18 0.18 0.17 0.18 0.18 0.18 0.18 0.18 0.18 0.18 0.18 0.18 0.18
  per-rule acc: 0.31 0.05
Epoch 3520 | Train: Loss=0.0019 Acc=100.0% | Test: Acc=18.2% | Best=18.2%(@3520)
  from x2: 0.18 0.18 0.18 0.18 0.18 0.18 0.18 0.18 0.18 0.18 0.18 0.18 0.19 0.19
  per-rule acc: 0.32 0.04
Epoch 3540 | Train: Loss=0.0018 Acc=100.0% | Test: Acc=18.6% | Best=18.6%(@3540)
  from x2: 0.18 0.19 0.18 0.18 0.18 0.19 0.19 0.19 0.19 0.19 0.19 0.19 0.19 0.19
  per-rule acc: 0.33 0.04
Epoch 3560 | Train: Loss=0.0017 Acc=100.0% | Test: Acc=18.9% | Best=18.9%(@3560)
  from x2: 0.19 0.19 0.19 0.19 0.19 0.19 0.19 0.19 0.19 0.19 0.19 0.19 0.19 0.19
  per-rule acc: 0.33 0.04
Epoch 3580 | Train: Loss=0.0015 Acc=100.0% | Test: Acc=19.1% | Best=19.1%(@3580)
  from x2: 0.19 0.19 0.19 0.19 0.19 0.19 0.19 0.19 0.19 0.19 0.19 0.19 0.19 0.19
  per-rule acc: 0.33 0.05
Epoch 3600 | Train: Loss=0.0014 Acc=100.0% | Test: Acc=19.3% | Best=19.3%(@3600)
  from x2: 0.19 0.19 0.19 0.19 0.19 0.19 0.19 0.19 0.19 0.19 0.19 0.19 0.19 0.20
  per-rule acc: 0.34 0.05
Epoch 3620 | Train: Loss=0.0012 Acc=100.0% | Test: Acc=19.3% | Best=19.3%(@3620)
  from x2: 0.19 0.19 0.19 0.19 0.19 0.19 0.19 0.19 0.19 0.19 0.19 0.19 0.20 0.20
  per-rule acc: 0.34 0.05
Epoch 3640 | Train: Loss=0.0011 Acc=100.0% | Test: Acc=19.4% | Best=19.4%(@3640)
  from x2: 0.19 0.19 0.19 0.19 0.19 0.19 0.19 0.19 0.19 0.19 0.19 0.20 0.20 0.20
  per-rule acc: 0.34 0.05
Epoch 3660 | Train: Loss=0.0010 Acc=100.0% | Test: Acc=19.5% | Best=19.5%(@3660)
  from x2: 0.19 0.19 0.19 0.19 0.19 0.19 0.19 0.19 0.19 0.19 0.19 0.20 0.20 0.20
  per-rule acc: 0.34 0.05
Epoch 3680 | Train: Loss=0.0009 Acc=100.0% | Test: Acc=19.5% | Best=19.5%(@3680)
  from x2: 0.19 0.20 0.19 0.19 0.19 0.20 0.19 0.19 0.19 0.20 0.20 0.20 0.20 0.20
  per-rule acc: 0.34 0.05
Epoch 3700 | Train: Loss=0.0008 Acc=100.0% | Test: Acc=19.6% | Best=19.6%(@3700)
  from x2: 0.20 0.20 0.19 0.19 0.19 0.20 0.20 0.20 0.20 0.20 0.20 0.20 0.20 0.20
  per-rule acc: 0.34 0.05
Epoch 3720 | Train: Loss=0.0007 Acc=100.0% | Test: Acc=19.7% | Best=19.7%(@3720)
  from x2: 0.20 0.20 0.20 0.20 0.20 0.20 0.20 0.20 0.20 0.20 0.20 0.20 0.20 0.20
  per-rule acc: 0.34 0.05
Epoch 3740 | Train: Loss=0.0007 Acc=100.0% | Test: Acc=19.8% | Best=19.8%(@3740)
  from x2: 0.20 0.20 0.20 0.20 0.20 0.20 0.20 0.20 0.20 0.20 0.20 0.20 0.20 0.20
  per-rule acc: 0.35 0.05
Epoch 3760 | Train: Loss=0.0006 Acc=100.0% | Test: Acc=19.9% | Best=19.9%(@3760)
  from x2: 0.20 0.20 0.20 0.20 0.20 0.20 0.20 0.20 0.20 0.20 0.20 0.20 0.20 0.20
  per-rule acc: 0.35 0.05
Epoch 3780 | Train: Loss=0.0005 Acc=100.0% | Test: Acc=20.0% | Best=20.0%(@3780)
  from x2: 0.20 0.20 0.20 0.20 0.20 0.20 0.20 0.20 0.20 0.20 0.20 0.20 0.20 0.20
  per-rule acc: 0.35 0.05
Epoch 3800 | Train: Loss=0.0005 Acc=100.0% | Test: Acc=20.1% | Best=20.1%(@3800)
  from x2: 0.20 0.20 0.20 0.20 0.20 0.20 0.20 0.20 0.20 0.20 0.20 0.20 0.20 0.20
  per-rule acc: 0.35 0.05
Epoch 3820 | Train: Loss=0.0004 Acc=100.0% | Test: Acc=20.1% | Best=20.1%(@3820)
  from x2: 0.20 0.20 0.20 0.20 0.20 0.20 0.20 0.20 0.20 0.20 0.20 0.20 0.20 0.20
  per-rule acc: 0.35 0.05
Epoch 3840 | Train: Loss=0.0004 Acc=100.0% | Test: Acc=20.2% | Best=20.2%(@3840)
  from x2: 0.20 0.20 0.20 0.20 0.20 0.20 0.20 0.20 0.20 0.20 0.20 0.20 0.20 0.20
  per-rule acc: 0.35 0.05
Epoch 3860 | Train: Loss=0.0003 Acc=100.0% | Test: Acc=20.2% | Best=20.2%(@3860)
  from x2: 0.20 0.20 0.20 0.20 0.20 0.20 0.20 0.20 0.20 0.20 0.20 0.20 0.20 0.20
  per-rule acc: 0.35 0.05
Epoch 3880 | Train: Loss=0.0003 Acc=100.0% | Test: Acc=20.2% | Best=20.2%(@3880)
  from x2: 0.20 0.20 0.20 0.20 0.20 0.20 0.20 0.20 0.20 0.20 0.20 0.20 0.20 0.20
  per-rule acc: 0.35 0.05
Epoch 3900 | Train: Loss=0.0003 Acc=100.0% | Test: Acc=20.3% | Best=20.3%(@3900)
  from x2: 0.20 0.20 0.20 0.20 0.20 0.20 0.20 0.20 0.20 0.20 0.20 0.20 0.20 0.20
  per-rule acc: 0.35 0.05
Epoch 3920 | Train: Loss=0.0002 Acc=100.0% | Test: Acc=20.3% | Best=20.3%(@3920)
  from x2: 0.20 0.20 0.20 0.20 0.20 0.20 0.20 0.20 0.20 0.20 0.20 0.20 0.20 0.21
  per-rule acc: 0.35 0.05
Epoch 3940 | Train: Loss=0.0002 Acc=100.0% | Test: Acc=20.4% | Best=20.4%(@3940)
  from x2: 0.20 0.20 0.20 0.20 0.20 0.21 0.20 0.20 0.20 0.20 0.20 0.20 0.20 0.21
  per-rule acc: 0.35 0.05
Epoch 3960 | Train: Loss=0.0002 Acc=100.0% | Test: Acc=20.4% | Best=20.4%(@3960)
  from x2: 0.20 0.21 0.20 0.20 0.21 0.20 0.20 0.20 0.21 0.20 0.20 0.20 0.20 0.21
  per-rule acc: 0.35 0.05
Epoch 3980 | Train: Loss=0.0002 Acc=100.0% | Test: Acc=20.4% | Best=20.4%(@3980)
  from x2: 0.20 0.21 0.20 0.20 0.20 0.21 0.21 0.20 0.20 0.20 0.20 0.20 0.20 0.21
  per-rule acc: 0.35 0.05
Epoch 4000 | Train: Loss=0.0002 Acc=100.0% | Test: Acc=20.5% | Best=20.5%(@4000)
  from x2: 0.20 0.20 0.20 0.20 0.20 0.21 0.21 0.21 0.21 0.21 0.21 0.21 0.21 0.21
  per-rule acc: 0.35 0.05
Epoch 4020 | Train: Loss=0.0001 Acc=100.0% | Test: Acc=20.6% | Best=20.6%(@4020)
  from x2: 0.20 0.20 0.21 0.20 0.21 0.21 0.21 0.21 0.21 0.21 0.21 0.21 0.21 0.21
  per-rule acc: 0.36 0.05
Epoch 4040 | Train: Loss=0.0001 Acc=100.0% | Test: Acc=20.6% | Best=20.6%(@4040)
  from x2: 0.20 0.20 0.21 0.21 0.21 0.21 0.21 0.21 0.21 0.21 0.21 0.21 0.21 0.21
  per-rule acc: 0.36 0.05
Epoch 4060 | Train: Loss=0.0001 Acc=100.0% | Test: Acc=20.6% | Best=20.6%(@4060)
  from x2: 0.20 0.20 0.21 0.21 0.21 0.21 0.21 0.21 0.21 0.21 0.21 0.21 0.21 0.21
  per-rule acc: 0.36 0.05
Epoch 4080 | Train: Loss=0.0001 Acc=100.0% | Test: Acc=20.6% | Best=20.6%(@4080)
  from x2: 0.20 0.21 0.21 0.21 0.21 0.21 0.21 0.21 0.21 0.21 0.21 0.21 0.21 0.21
  per-rule acc: 0.36 0.05
Epoch 4100 | Train: Loss=0.0001 Acc=100.0% | Test: Acc=20.6% | Best=20.6%(@4080)
  from x2: 0.20 0.21 0.21 0.20 0.21 0.21 0.21 0.21 0.21 0.21 0.21 0.21 0.21 0.21
  per-rule acc: 0.36 0.06
Epoch 4120 | Train: Loss=0.0001 Acc=100.0% | Test: Acc=20.6% | Best=20.6%(@4080)
  from x2: 0.20 0.20 0.20 0.20 0.21 0.21 0.21 0.21 0.21 0.21 0.21 0.21 0.21 0.21
  per-rule acc: 0.35 0.05
Epoch 4140 | Train: Loss=0.0001 Acc=100.0% | Test: Acc=20.6% | Best=20.6%(@4080)
  from x2: 0.20 0.21 0.21 0.20 0.21 0.21 0.21 0.21 0.21 0.21 0.21 0.21 0.21 0.21
  per-rule acc: 0.36 0.05
Epoch 4160 | Train: Loss=0.0001 Acc=100.0% | Test: Acc=20.6% | Best=20.6%(@4080)
  from x2: 0.20 0.21 0.21 0.20 0.21 0.21 0.21 0.21 0.21 0.21 0.21 0.21 0.21 0.21
  per-rule acc: 0.36 0.05
Epoch 4180 | Train: Loss=0.0001 Acc=100.0% | Test: Acc=20.6% | Best=20.6%(@4080)
  from x2: 0.20 0.20 0.20 0.20 0.21 0.21 0.21 0.21 0.21 0.21 0.21 0.21 0.21 0.21
  per-rule acc: 0.36 0.05
Epoch 4200 | Train: Loss=0.0001 Acc=100.0% | Test: Acc=20.6% | Best=20.6%(@4080)
  from x2: 0.20 0.20 0.20 0.20 0.20 0.21 0.21 0.21 0.21 0.21 0.21 0.21 0.21 0.21
  per-rule acc: 0.36 0.05
Epoch 4220 | Train: Loss=0.0001 Acc=100.0% | Test: Acc=20.5% | Best=20.6%(@4080)
  from x2: 0.20 0.20 0.20 0.20 0.20 0.20 0.21 0.21 0.21 0.21 0.21 0.21 0.21 0.21
  per-rule acc: 0.36 0.05
Epoch 4240 | Train: Loss=0.0000 Acc=100.0% | Test: Acc=20.5% | Best=20.6%(@4080)
  from x2: 0.20 0.20 0.20 0.20 0.20 0.21 0.21 0.21 0.21 0.21 0.21 0.21 0.21 0.21
  per-rule acc: 0.36 0.05
Epoch 4260 | Train: Loss=0.0000 Acc=100.0% | Test: Acc=20.5% | Best=20.6%(@4080)
  from x2: 0.20 0.20 0.20 0.20 0.21 0.21 0.21 0.21 0.21 0.21 0.21 0.21 0.21 0.21
  per-rule acc: 0.36 0.05
Epoch 4280 | Train: Loss=0.0000 Acc=100.0% | Test: Acc=20.5% | Best=20.6%(@4080)
  from x2: 0.20 0.20 0.20 0.20 0.20 0.21 0.21 0.20 0.21 0.21 0.21 0.21 0.21 0.21
  per-rule acc: 0.36 0.05
Epoch 4300 | Train: Loss=0.0000 Acc=100.0% | Test: Acc=20.4% | Best=20.6%(@4080)
  from x2: 0.20 0.20 0.20 0.20 0.20 0.20 0.20 0.20 0.21 0.21 0.21 0.21 0.21 0.21
  per-rule acc: 0.36 0.05
Epoch 4320 | Train: Loss=0.0000 Acc=100.0% | Test: Acc=20.4% | Best=20.6%(@4080)
  from x2: 0.20 0.20 0.20 0.20 0.20 0.20 0.20 0.20 0.20 0.21 0.21 0.20 0.21 0.21
  per-rule acc: 0.36 0.05
Epoch 4340 | Train: Loss=0.0000 Acc=100.0% | Test: Acc=20.4% | Best=20.6%(@4080)
  from x2: 0.20 0.20 0.20 0.20 0.20 0.20 0.20 0.20 0.20 0.21 0.21 0.20 0.21 0.21
  per-rule acc: 0.35 0.05
Epoch 4360 | Train: Loss=0.0000 Acc=100.0% | Test: Acc=20.4% | Best=20.6%(@4080)
  from x2: 0.20 0.20 0.20 0.20 0.20 0.20 0.20 0.20 0.20 0.21 0.21 0.21 0.21 0.21
  per-rule acc: 0.36 0.05
Epoch 4380 | Train: Loss=0.0000 Acc=100.0% | Test: Acc=20.4% | Best=20.6%(@4080)
  from x2: 0.20 0.20 0.20 0.20 0.20 0.20 0.20 0.20 0.21 0.21 0.21 0.21 0.20 0.21
  per-rule acc: 0.36 0.05
Epoch 4400 | Train: Loss=0.0000 Acc=100.0% | Test: Acc=20.4% | Best=20.6%(@4080)
  from x2: 0.20 0.20 0.20 0.20 0.20 0.20 0.20 0.20 0.20 0.21 0.21 0.21 0.21 0.21
  per-rule acc: 0.36 0.05
Epoch 4420 | Train: Loss=0.0000 Acc=100.0% | Test: Acc=20.4% | Best=20.6%(@4080)
  from x2: 0.20 0.20 0.20 0.20 0.20 0.20 0.20 0.20 0.20 0.21 0.21 0.21 0.21 0.21
  per-rule acc: 0.36 0.05
Epoch 4440 | Train: Loss=0.0000 Acc=100.0% | Test: Acc=20.4% | Best=20.6%(@4080)
  from x2: 0.20 0.20 0.20 0.20 0.20 0.20 0.20 0.20 0.20 0.21 0.21 0.21 0.21 0.21
  per-rule acc: 0.36 0.05
Epoch 4460 | Train: Loss=0.0000 Acc=100.0% | Test: Acc=20.4% | Best=20.6%(@4080)
  from x2: 0.20 0.20 0.20 0.20 0.20 0.20 0.20 0.20 0.20 0.21 0.21 0.21 0.21 0.21
  per-rule acc: 0.36 0.05
Epoch 4480 | Train: Loss=0.0146 Acc=99.9% | Test: Acc=14.5% | Best=20.6%(@4080)
  from x2: 0.14 0.14 0.15 0.15 0.15 0.15 0.15 0.15 0.15 0.15 0.15 0.14 0.14 0.14
  per-rule acc: 0.26 0.03
Epoch 4500 | Train: Loss=0.0002 Acc=100.0% | Test: Acc=19.2% | Best=20.6%(@4080)
  from x2: 0.19 0.19 0.19 0.19 0.19 0.19 0.19 0.19 0.19 0.19 0.20 0.20 0.20 0.20
  per-rule acc: 0.34 0.05
Epoch 4520 | Train: Loss=0.0003 Acc=100.0% | Test: Acc=19.0% | Best=20.6%(@4080)
  from x2: 0.18 0.19 0.19 0.19 0.19 0.19 0.19 0.19 0.19 0.19 0.19 0.19 0.19 0.20
  per-rule acc: 0.33 0.05
Epoch 4540 | Train: Loss=0.0005 Acc=100.0% | Test: Acc=18.9% | Best=20.6%(@4080)
  from x2: 0.18 0.19 0.19 0.19 0.19 0.19 0.19 0.19 0.19 0.19 0.19 0.19 0.19 0.19
  per-rule acc: 0.33 0.05
Epoch 4560 | Train: Loss=0.0007 Acc=100.0% | Test: Acc=19.3% | Best=20.6%(@4080)
  from x2: 0.18 0.18 0.19 0.19 0.19 0.19 0.20 0.20 0.20 0.20 0.20 0.20 0.20 0.20
  per-rule acc: 0.33 0.05
Epoch 4580 | Train: Loss=0.0008 Acc=100.0% | Test: Acc=19.8% | Best=20.6%(@4080)
  from x2: 0.19 0.19 0.19 0.20 0.20 0.20 0.20 0.20 0.20 0.20 0.20 0.20 0.20 0.20
  per-rule acc: 0.34 0.05
Epoch 4600 | Train: Loss=0.0009 Acc=100.0% | Test: Acc=20.2% | Best=20.6%(@4080)
  from x2: 0.19 0.20 0.20 0.20 0.20 0.20 0.20 0.20 0.20 0.20 0.20 0.20 0.20 0.21
  per-rule acc: 0.35 0.05
Epoch 4620 | Train: Loss=0.0009 Acc=100.0% | Test: Acc=20.6% | Best=20.6%(@4080)
  from x2: 0.20 0.20 0.20 0.21 0.21 0.21 0.21 0.21 0.21 0.21 0.21 0.21 0.21 0.21
  per-rule acc: 0.36 0.05
Epoch 4640 | Train: Loss=0.0009 Acc=100.0% | Test: Acc=21.0% | Best=21.0%(@4640)
  from x2: 0.20 0.21 0.21 0.21 0.21 0.21 0.21 0.21 0.21 0.21 0.21 0.21 0.21 0.21
  per-rule acc: 0.37 0.05
Epoch 4660 | Train: Loss=0.0008 Acc=100.0% | Test: Acc=21.3% | Best=21.3%(@4660)
  from x2: 0.21 0.21 0.21 0.21 0.21 0.21 0.21 0.21 0.21 0.21 0.21 0.21 0.22 0.22
  per-rule acc: 0.37 0.05
Epoch 4680 | Train: Loss=0.0008 Acc=100.0% | Test: Acc=21.5% | Best=21.5%(@4680)
  from x2: 0.21 0.21 0.21 0.21 0.21 0.22 0.22 0.22 0.22 0.22 0.22 0.22 0.22 0.22
  per-rule acc: 0.38 0.05
Epoch 4700 | Train: Loss=0.0007 Acc=100.0% | Test: Acc=21.8% | Best=21.8%(@4700)
  from x2: 0.21 0.22 0.22 0.22 0.22 0.22 0.22 0.22 0.22 0.22 0.22 0.22 0.22 0.22
  per-rule acc: 0.38 0.05
Epoch 4720 | Train: Loss=0.0007 Acc=100.0% | Test: Acc=22.0% | Best=22.0%(@4720)
  from x2: 0.21 0.22 0.22 0.22 0.22 0.22 0.22 0.22 0.22 0.22 0.22 0.22 0.22 0.23
  per-rule acc: 0.39 0.05
Epoch 4740 | Train: Loss=0.0006 Acc=100.0% | Test: Acc=22.3% | Best=22.3%(@4740)
  from x2: 0.21 0.22 0.22 0.22 0.22 0.22 0.22 0.22 0.22 0.22 0.22 0.23 0.23 0.23
  per-rule acc: 0.39 0.05
Epoch 4760 | Train: Loss=0.0006 Acc=100.0% | Test: Acc=22.5% | Best=22.5%(@4760)
  from x2: 0.22 0.22 0.22 0.22 0.22 0.22 0.23 0.22 0.23 0.23 0.23 0.23 0.23 0.23
  per-rule acc: 0.39 0.05
Epoch 4780 | Train: Loss=0.0005 Acc=100.0% | Test: Acc=22.7% | Best=22.7%(@4780)
  from x2: 0.22 0.23 0.23 0.23 0.23 0.23 0.23 0.23 0.23 0.23 0.23 0.23 0.23 0.23
  per-rule acc: 0.40 0.05
Epoch 4800 | Train: Loss=0.0005 Acc=100.0% | Test: Acc=22.8% | Best=22.8%(@4800)
  from x2: 0.22 0.23 0.23 0.23 0.23 0.23 0.23 0.23 0.23 0.23 0.23 0.23 0.23 0.23
  per-rule acc: 0.40 0.05
Epoch 4820 | Train: Loss=0.0004 Acc=100.0% | Test: Acc=23.0% | Best=23.0%(@4820)
  from x2: 0.22 0.23 0.23 0.23 0.23 0.23 0.23 0.23 0.23 0.23 0.23 0.23 0.23 0.23
  per-rule acc: 0.40 0.05
Epoch 4840 | Train: Loss=0.0004 Acc=100.0% | Test: Acc=23.2% | Best=23.2%(@4840)
  from x2: 0.23 0.23 0.23 0.23 0.23 0.23 0.23 0.23 0.23 0.23 0.23 0.23 0.23 0.24
  per-rule acc: 0.41 0.05
Epoch 4860 | Train: Loss=0.0003 Acc=100.0% | Test: Acc=23.4% | Best=23.4%(@4860)
  from x2: 0.23 0.23 0.23 0.23 0.23 0.23 0.23 0.23 0.23 0.23 0.23 0.23 0.24 0.24
  per-rule acc: 0.41 0.05
Epoch 4880 | Train: Loss=0.0003 Acc=100.0% | Test: Acc=23.5% | Best=23.5%(@4880)
  from x2: 0.23 0.24 0.23 0.23 0.23 0.23 0.24 0.23 0.24 0.24 0.24 0.24 0.24 0.24
  per-rule acc: 0.41 0.06
Epoch 4900 | Train: Loss=0.0003 Acc=100.0% | Test: Acc=23.5% | Best=23.5%(@4900)
  from x2: 0.23 0.24 0.24 0.23 0.23 0.24 0.24 0.23 0.24 0.23 0.24 0.24 0.24 0.24
  per-rule acc: 0.41 0.06
Epoch 4920 | Train: Loss=0.0002 Acc=100.0% | Test: Acc=23.6% | Best=23.6%(@4920)
  from x2: 0.23 0.24 0.24 0.24 0.24 0.23 0.24 0.24 0.24 0.24 0.24 0.24 0.24 0.24
  per-rule acc: 0.41 0.06
Epoch 4940 | Train: Loss=0.0002 Acc=100.0% | Test: Acc=23.6% | Best=23.6%(@4940)
  from x2: 0.23 0.24 0.24 0.24 0.24 0.24 0.24 0.24 0.24 0.24 0.24 0.24 0.24 0.24
  per-rule acc: 0.42 0.06
Epoch 4960 | Train: Loss=0.0002 Acc=100.0% | Test: Acc=23.7% | Best=23.7%(@4960)
  from x2: 0.23 0.24 0.24 0.24 0.24 0.24 0.24 0.24 0.24 0.24 0.24 0.24 0.24 0.24
  per-rule acc: 0.42 0.06
Epoch 4980 | Train: Loss=0.0002 Acc=100.0% | Test: Acc=23.8% | Best=23.8%(@4980)
  from x2: 0.23 0.24 0.24 0.24 0.24 0.24 0.24 0.24 0.24 0.24 0.24 0.24 0.24 0.24
  per-rule acc: 0.42 0.06
Epoch 5000 | Train: Loss=0.0002 Acc=100.0% | Test: Acc=23.9% | Best=23.9%(@5000)
  from x2: 0.24 0.24 0.24 0.24 0.24 0.24 0.24 0.24 0.24 0.24 0.24 0.24 0.24 0.24
  per-rule acc: 0.42 0.06
Epoch 5020 | Train: Loss=0.0001 Acc=100.0% | Test: Acc=23.9% | Best=23.9%(@5020)
  from x2: 0.23 0.24 0.24 0.24 0.24 0.24 0.24 0.24 0.24 0.24 0.24 0.24 0.24 0.24
  per-rule acc: 0.42 0.06
Epoch 5040 | Train: Loss=0.0001 Acc=100.0% | Test: Acc=24.0% | Best=24.0%(@5040)
  from x2: 0.24 0.24 0.24 0.24 0.24 0.24 0.24 0.24 0.24 0.24 0.24 0.24 0.24 0.24
  per-rule acc: 0.42 0.06
Epoch 5060 | Train: Loss=0.0001 Acc=100.0% | Test: Acc=24.0% | Best=24.0%(@5060)
  from x2: 0.24 0.24 0.24 0.24 0.24 0.24 0.24 0.24 0.24 0.24 0.24 0.24 0.24 0.24
  per-rule acc: 0.42 0.06
Epoch 5080 | Train: Loss=0.0001 Acc=100.0% | Test: Acc=24.1% | Best=24.1%(@5080)
  from x2: 0.24 0.24 0.24 0.24 0.24 0.24 0.24 0.24 0.24 0.24 0.24 0.24 0.24 0.24
  per-rule acc: 0.42 0.06
Epoch 5100 | Train: Loss=0.0001 Acc=100.0% | Test: Acc=24.2% | Best=24.2%(@5100)
  from x2: 0.24 0.24 0.24 0.24 0.24 0.24 0.24 0.24 0.24 0.24 0.24 0.24 0.24 0.24
  per-rule acc: 0.42 0.06
Epoch 5120 | Train: Loss=0.0001 Acc=100.0% | Test: Acc=24.2% | Best=24.2%(@5120)
  from x2: 0.24 0.24 0.24 0.24 0.24 0.24 0.24 0.24 0.24 0.24 0.24 0.24 0.24 0.25
  per-rule acc: 0.42 0.06
Epoch 5140 | Train: Loss=0.0001 Acc=100.0% | Test: Acc=24.2% | Best=24.2%(@5120)
  from x2: 0.24 0.24 0.24 0.24 0.24 0.24 0.24 0.24 0.24 0.24 0.24 0.24 0.24 0.24
  per-rule acc: 0.42 0.06
Epoch 5160 | Train: Loss=0.0001 Acc=100.0% | Test: Acc=24.2% | Best=24.2%(@5160)
  from x2: 0.24 0.24 0.24 0.24 0.24 0.24 0.24 0.24 0.24 0.24 0.24 0.24 0.24 0.25
  per-rule acc: 0.42 0.06
Epoch 5180 | Train: Loss=0.0001 Acc=100.0% | Test: Acc=24.2% | Best=24.2%(@5160)
  from x2: 0.24 0.24 0.24 0.24 0.24 0.24 0.24 0.24 0.24 0.24 0.24 0.24 0.24 0.25
  per-rule acc: 0.42 0.06
Epoch 5200 | Train: Loss=0.0001 Acc=100.0% | Test: Acc=24.2% | Best=24.2%(@5160)
  from x2: 0.24 0.24 0.24 0.24 0.24 0.24 0.24 0.24 0.24 0.24 0.24 0.24 0.24 0.24
  per-rule acc: 0.42 0.06
Epoch 5220 | Train: Loss=0.0000 Acc=100.0% | Test: Acc=24.2% | Best=24.2%(@5160)
  from x2: 0.24 0.24 0.24 0.24 0.24 0.24 0.24 0.24 0.24 0.24 0.24 0.24 0.24 0.24
  per-rule acc: 0.42 0.06
Epoch 5240 | Train: Loss=0.0000 Acc=100.0% | Test: Acc=24.2% | Best=24.2%(@5240)
  from x2: 0.24 0.24 0.24 0.24 0.24 0.24 0.24 0.24 0.24 0.24 0.24 0.24 0.24 0.25
  per-rule acc: 0.42 0.06
Epoch 5260 | Train: Loss=0.0000 Acc=100.0% | Test: Acc=24.3% | Best=24.3%(@5260)
  from x2: 0.24 0.24 0.24 0.24 0.24 0.24 0.24 0.24 0.24 0.24 0.24 0.24 0.24 0.25
  per-rule acc: 0.42 0.06
Epoch 5280 | Train: Loss=0.0000 Acc=100.0% | Test: Acc=24.2% | Best=24.3%(@5260)
  from x2: 0.24 0.24 0.24 0.24 0.24 0.24 0.24 0.24 0.24 0.24 0.24 0.24 0.24 0.24
  per-rule acc: 0.42 0.06
Epoch 5300 | Train: Loss=0.0000 Acc=100.0% | Test: Acc=24.2% | Best=24.3%(@5260)
  from x2: 0.24 0.24 0.24 0.24 0.24 0.24 0.24 0.24 0.24 0.24 0.24 0.24 0.24 0.24
  per-rule acc: 0.42 0.06
Epoch 5320 | Train: Loss=0.0000 Acc=100.0% | Test: Acc=24.2% | Best=24.3%(@5260)
  from x2: 0.24 0.24 0.24 0.24 0.24 0.24 0.24 0.24 0.24 0.24 0.24 0.24 0.24 0.25
  per-rule acc: 0.42 0.06
Epoch 5340 | Train: Loss=0.0000 Acc=100.0% | Test: Acc=24.2% | Best=24.3%(@5260)
  from x2: 0.24 0.24 0.24 0.24 0.24 0.24 0.24 0.24 0.24 0.24 0.24 0.24 0.24 0.25
  per-rule acc: 0.42 0.06
Epoch 5360 | Train: Loss=0.0000 Acc=100.0% | Test: Acc=24.2% | Best=24.3%(@5260)
  from x2: 0.24 0.24 0.24 0.24 0.24 0.24 0.24 0.24 0.24 0.24 0.24 0.24 0.24 0.24
  per-rule acc: 0.42 0.06
Epoch 5380 | Train: Loss=0.0000 Acc=100.0% | Test: Acc=24.2% | Best=24.3%(@5260)
  from x2: 0.24 0.24 0.24 0.24 0.24 0.24 0.24 0.24 0.24 0.24 0.24 0.24 0.24 0.24
  per-rule acc: 0.42 0.06
Epoch 5400 | Train: Loss=0.0000 Acc=100.0% | Test: Acc=24.2% | Best=24.3%(@5260)
  from x2: 0.24 0.24 0.24 0.24 0.24 0.24 0.24 0.24 0.24 0.24 0.24 0.24 0.24 0.24
  per-rule acc: 0.42 0.06
Epoch 5420 | Train: Loss=0.0000 Acc=100.0% | Test: Acc=24.1% | Best=24.3%(@5260)
  from x2: 0.24 0.24 0.24 0.24 0.24 0.24 0.24 0.24 0.24 0.24 0.24 0.24 0.24 0.24
  per-rule acc: 0.42 0.06
Epoch 5440 | Train: Loss=0.0000 Acc=100.0% | Test: Acc=24.1% | Best=24.3%(@5260)
  from x2: 0.24 0.24 0.24 0.24 0.24 0.24 0.24 0.24 0.24 0.24 0.24 0.24 0.24 0.24
  per-rule acc: 0.42 0.06
Epoch 5460 | Train: Loss=0.0000 Acc=100.0% | Test: Acc=24.1% | Best=24.3%(@5260)
  from x2: 0.24 0.24 0.24 0.24 0.24 0.24 0.24 0.24 0.24 0.24 0.24 0.24 0.24 0.24
  per-rule acc: 0.42 0.06
Epoch 5480 | Train: Loss=0.0000 Acc=100.0% | Test: Acc=24.1% | Best=24.3%(@5260)
  from x2: 0.24 0.24 0.24 0.24 0.24 0.24 0.24 0.24 0.24 0.24 0.24 0.24 0.24 0.24
  per-rule acc: 0.42 0.06
Epoch 5500 | Train: Loss=0.0000 Acc=100.0% | Test: Acc=24.1% | Best=24.3%(@5260)
  from x2: 0.24 0.24 0.24 0.24 0.24 0.24 0.24 0.24 0.24 0.24 0.24 0.24 0.24 0.24
  per-rule acc: 0.42 0.06
Epoch 5520 | Train: Loss=0.0000 Acc=100.0% | Test: Acc=24.1% | Best=24.3%(@5260)
  from x2: 0.24 0.24 0.24 0.24 0.24 0.24 0.24 0.24 0.24 0.24 0.24 0.24 0.24 0.24
  per-rule acc: 0.42 0.06
Epoch 5540 | Train: Loss=0.0000 Acc=100.0% | Test: Acc=24.0% | Best=24.3%(@5260)
  from x2: 0.24 0.24 0.24 0.24 0.24 0.24 0.24 0.24 0.24 0.24 0.24 0.24 0.24 0.24
  per-rule acc: 0.42 0.06
Epoch 5560 | Train: Loss=0.0000 Acc=100.0% | Test: Acc=24.0% | Best=24.3%(@5260)
  from x2: 0.24 0.24 0.24 0.24 0.24 0.24 0.24 0.24 0.24 0.24 0.24 0.24 0.24 0.24
  per-rule acc: 0.42 0.05
Epoch 5580 | Train: Loss=0.0000 Acc=100.0% | Test: Acc=23.9% | Best=24.3%(@5260)
  from x2: 0.23 0.24 0.24 0.24 0.24 0.24 0.24 0.24 0.24 0.24 0.24 0.24 0.24 0.24
  per-rule acc: 0.42 0.05
Epoch 5600 | Train: Loss=0.0000 Acc=100.0% | Test: Acc=23.9% | Best=24.3%(@5260)
  from x2: 0.23 0.24 0.24 0.24 0.24 0.24 0.24 0.24 0.24 0.24 0.24 0.24 0.24 0.24
  per-rule acc: 0.42 0.06
Epoch 5620 | Train: Loss=0.0000 Acc=100.0% | Test: Acc=23.9% | Best=24.3%(@5260)
  from x2: 0.23 0.24 0.24 0.24 0.24 0.24 0.24 0.24 0.24 0.24 0.24 0.24 0.24 0.24
  per-rule acc: 0.42 0.06
Epoch 5640 | Train: Loss=0.0013 Acc=100.0% | Test: Acc=22.0% | Best=24.3%(@5260)
  from x2: 0.20 0.23 0.23 0.23 0.23 0.22 0.22 0.22 0.22 0.22 0.22 0.22 0.22 0.21
  per-rule acc: 0.40 0.04
Epoch 5660 | Train: Loss=0.0001 Acc=100.0% | Test: Acc=23.4% | Best=24.3%(@5260)
  from x2: 0.22 0.23 0.23 0.23 0.23 0.24 0.24 0.23 0.23 0.24 0.24 0.24 0.24 0.24
  per-rule acc: 0.42 0.05
Epoch 5680 | Train: Loss=0.0002 Acc=100.0% | Test: Acc=23.1% | Best=24.3%(@5260)
  from x2: 0.22 0.23 0.23 0.23 0.23 0.23 0.23 0.23 0.23 0.23 0.24 0.24 0.24 0.24
  per-rule acc: 0.41 0.06
Epoch 5700 | Train: Loss=0.0003 Acc=100.0% | Test: Acc=23.0% | Best=24.3%(@5260)
  from x2: 0.22 0.23 0.23 0.23 0.23 0.23 0.23 0.23 0.23 0.23 0.23 0.23 0.23 0.23
  per-rule acc: 0.40 0.06
Epoch 5720 | Train: Loss=0.0004 Acc=100.0% | Test: Acc=23.1% | Best=24.3%(@5260)
  from x2: 0.22 0.23 0.23 0.23 0.23 0.23 0.23 0.23 0.23 0.23 0.24 0.23 0.23 0.23
  per-rule acc: 0.40 0.06
Epoch 5740 | Train: Loss=0.0004 Acc=100.0% | Test: Acc=23.2% | Best=24.3%(@5260)
  from x2: 0.22 0.23 0.23 0.23 0.23 0.23 0.23 0.23 0.23 0.23 0.23 0.24 0.24 0.24
  per-rule acc: 0.41 0.06
Epoch 5760 | Train: Loss=0.0005 Acc=100.0% | Test: Acc=23.4% | Best=24.3%(@5260)
  from x2: 0.23 0.24 0.23 0.23 0.23 0.23 0.23 0.23 0.23 0.23 0.24 0.24 0.24 0.24
  per-rule acc: 0.41 0.06
Epoch 5780 | Train: Loss=0.0005 Acc=100.0% | Test: Acc=23.8% | Best=24.3%(@5260)
  from x2: 0.23 0.24 0.24 0.24 0.24 0.24 0.24 0.24 0.24 0.24 0.24 0.24 0.24 0.24
  per-rule acc: 0.42 0.06
Epoch 5800 | Train: Loss=0.0005 Acc=100.0% | Test: Acc=24.0% | Best=24.3%(@5260)
  from x2: 0.23 0.24 0.24 0.24 0.24 0.24 0.24 0.24 0.24 0.24 0.24 0.24 0.24 0.24
  per-rule acc: 0.42 0.06
Epoch 5820 | Train: Loss=0.0005 Acc=100.0% | Test: Acc=24.2% | Best=24.3%(@5260)
  from x2: 0.24 0.24 0.24 0.24 0.24 0.24 0.24 0.24 0.24 0.24 0.24 0.24 0.24 0.25
  per-rule acc: 0.42 0.06
Epoch 5840 | Train: Loss=0.0005 Acc=100.0% | Test: Acc=24.5% | Best=24.5%(@5840)
  from x2: 0.24 0.25 0.24 0.24 0.24 0.24 0.25 0.25 0.25 0.25 0.25 0.25 0.25 0.25
  per-rule acc: 0.43 0.06
Epoch 5860 | Train: Loss=0.0005 Acc=100.0% | Test: Acc=24.6% | Best=24.6%(@5860)
  from x2: 0.24 0.25 0.25 0.25 0.24 0.25 0.25 0.25 0.25 0.25 0.25 0.25 0.25 0.25
  per-rule acc: 0.43 0.06
Epoch 5880 | Train: Loss=0.0005 Acc=100.0% | Test: Acc=24.8% | Best=24.8%(@5880)
  from x2: 0.24 0.25 0.25 0.25 0.25 0.25 0.25 0.25 0.25 0.25 0.25 0.25 0.25 0.25
  per-rule acc: 0.43 0.06
Epoch 5900 | Train: Loss=0.0004 Acc=100.0% | Test: Acc=25.0% | Best=25.0%(@5900)
  from x2: 0.24 0.25 0.25 0.25 0.25 0.25 0.25 0.25 0.25 0.25 0.25 0.25 0.25 0.26
  per-rule acc: 0.44 0.06
Epoch 5920 | Train: Loss=0.0004 Acc=100.0% | Test: Acc=25.2% | Best=25.2%(@5920)
  from x2: 0.25 0.25 0.25 0.25 0.25 0.25 0.25 0.25 0.25 0.25 0.25 0.25 0.26 0.26
  per-rule acc: 0.44 0.06
Epoch 5940 | Train: Loss=0.0004 Acc=100.0% | Test: Acc=25.4% | Best=25.4%(@5940)
  from x2: 0.25 0.25 0.25 0.25 0.25 0.25 0.25 0.25 0.25 0.25 0.25 0.26 0.26 0.26
  per-rule acc: 0.44 0.06
Epoch 5960 | Train: Loss=0.0003 Acc=100.0% | Test: Acc=25.5% | Best=25.5%(@5960)
  from x2: 0.25 0.25 0.25 0.25 0.25 0.26 0.25 0.26 0.25 0.25 0.25 0.26 0.26 0.26
  per-rule acc: 0.44 0.07
Epoch 5980 | Train: Loss=0.0003 Acc=100.0% | Test: Acc=25.6% | Best=25.6%(@5980)
  from x2: 0.25 0.26 0.26 0.25 0.26 0.26 0.26 0.26 0.26 0.26 0.26 0.26 0.26 0.26
  per-rule acc: 0.44 0.07
Epoch 6000 | Train: Loss=0.0003 Acc=100.0% | Test: Acc=25.7% | Best=25.7%(@6000)
  from x2: 0.25 0.26 0.26 0.25 0.26 0.26 0.26 0.26 0.26 0.26 0.26 0.26 0.26 0.26
  per-rule acc: 0.45 0.07
Epoch 6020 | Train: Loss=0.0003 Acc=100.0% | Test: Acc=25.8% | Best=25.8%(@6020)
  from x2: 0.25 0.26 0.26 0.26 0.26 0.26 0.26 0.26 0.26 0.26 0.26 0.26 0.26 0.26
  per-rule acc: 0.45 0.07
Epoch 6040 | Train: Loss=0.0002 Acc=100.0% | Test: Acc=25.9% | Best=25.9%(@6040)
  from x2: 0.25 0.26 0.26 0.26 0.26 0.26 0.26 0.26 0.26 0.26 0.26 0.26 0.26 0.26
  per-rule acc: 0.45 0.07
Epoch 6060 | Train: Loss=0.0002 Acc=100.0% | Test: Acc=25.9% | Best=25.9%(@6060)
  from x2: 0.25 0.26 0.26 0.26 0.26 0.26 0.26 0.26 0.26 0.26 0.26 0.26 0.26 0.27
  per-rule acc: 0.45 0.07
Epoch 6080 | Train: Loss=0.0002 Acc=100.0% | Test: Acc=26.0% | Best=26.0%(@6080)
  from x2: 0.25 0.26 0.26 0.26 0.26 0.26 0.26 0.26 0.26 0.26 0.26 0.26 0.26 0.27
  per-rule acc: 0.45 0.07
Epoch 6100 | Train: Loss=0.0002 Acc=100.0% | Test: Acc=26.0% | Best=26.0%(@6100)
  from x2: 0.25 0.26 0.26 0.26 0.26 0.26 0.26 0.26 0.26 0.26 0.26 0.26 0.26 0.27
  per-rule acc: 0.45 0.07
Epoch 6120 | Train: Loss=0.0002 Acc=100.0% | Test: Acc=26.0% | Best=26.0%(@6120)
  from x2: 0.25 0.26 0.26 0.26 0.26 0.26 0.26 0.26 0.26 0.26 0.26 0.26 0.26 0.27
  per-rule acc: 0.45 0.07
Epoch 6140 | Train: Loss=0.0001 Acc=100.0% | Test: Acc=26.0% | Best=26.0%(@6120)
  from x2: 0.25 0.26 0.26 0.26 0.26 0.26 0.26 0.26 0.26 0.26 0.26 0.26 0.26 0.26
  per-rule acc: 0.45 0.07
Epoch 6160 | Train: Loss=0.0001 Acc=100.0% | Test: Acc=26.0% | Best=26.0%(@6120)
  from x2: 0.25 0.26 0.26 0.26 0.26 0.26 0.26 0.26 0.26 0.26 0.26 0.26 0.26 0.26
  per-rule acc: 0.45 0.07
Epoch 6180 | Train: Loss=0.0001 Acc=100.0% | Test: Acc=26.0% | Best=26.0%(@6180)
  from x2: 0.25 0.26 0.26 0.26 0.26 0.26 0.26 0.26 0.26 0.26 0.26 0.26 0.26 0.26
  per-rule acc: 0.45 0.07
Epoch 6200 | Train: Loss=0.0001 Acc=100.0% | Test: Acc=26.0% | Best=26.0%(@6200)
  from x2: 0.25 0.26 0.26 0.26 0.26 0.26 0.26 0.26 0.26 0.26 0.26 0.26 0.26 0.26
  per-rule acc: 0.45 0.07
Epoch 6220 | Train: Loss=0.0001 Acc=100.0% | Test: Acc=26.0% | Best=26.0%(@6200)
  from x2: 0.25 0.26 0.26 0.26 0.26 0.26 0.26 0.26 0.26 0.26 0.26 0.26 0.26 0.26
  per-rule acc: 0.45 0.07
Epoch 6240 | Train: Loss=0.0001 Acc=100.0% | Test: Acc=26.0% | Best=26.0%(@6200)
  from x2: 0.25 0.26 0.26 0.26 0.26 0.26 0.26 0.26 0.26 0.26 0.26 0.26 0.26 0.26
  per-rule acc: 0.45 0.07
Epoch 6260 | Train: Loss=0.0001 Acc=100.0% | Test: Acc=25.9% | Best=26.0%(@6200)
  from x2: 0.25 0.26 0.26 0.26 0.26 0.26 0.26 0.26 0.26 0.26 0.26 0.26 0.26 0.26
  per-rule acc: 0.45 0.07
Epoch 6280 | Train: Loss=0.0001 Acc=100.0% | Test: Acc=25.9% | Best=26.0%(@6200)
  from x2: 0.25 0.26 0.26 0.26 0.26 0.26 0.26 0.26 0.26 0.26 0.26 0.26 0.26 0.26
  per-rule acc: 0.45 0.07
Epoch 6300 | Train: Loss=0.0001 Acc=100.0% | Test: Acc=25.9% | Best=26.0%(@6200)
  from x2: 0.25 0.26 0.26 0.26 0.26 0.26 0.26 0.26 0.26 0.26 0.26 0.26 0.26 0.26
  per-rule acc: 0.45 0.07
Epoch 6320 | Train: Loss=0.0001 Acc=100.0% | Test: Acc=25.8% | Best=26.0%(@6200)
  from x2: 0.25 0.26 0.26 0.26 0.26 0.26 0.26 0.26 0.26 0.26 0.26 0.26 0.26 0.26
  per-rule acc: 0.45 0.07
Epoch 6340 | Train: Loss=0.0000 Acc=100.0% | Test: Acc=25.8% | Best=26.0%(@6200)
  from x2: 0.25 0.26 0.26 0.26 0.26 0.26 0.26 0.26 0.26 0.26 0.26 0.26 0.26 0.26
  per-rule acc: 0.44 0.07
Epoch 6360 | Train: Loss=0.0000 Acc=100.0% | Test: Acc=25.8% | Best=26.0%(@6200)
  from x2: 0.25 0.26 0.26 0.26 0.26 0.26 0.26 0.26 0.26 0.26 0.26 0.26 0.26 0.26
  per-rule acc: 0.44 0.07
Epoch 6380 | Train: Loss=0.0000 Acc=100.0% | Test: Acc=25.7% | Best=26.0%(@6200)
  from x2: 0.25 0.26 0.26 0.26 0.26 0.26 0.26 0.26 0.26 0.26 0.26 0.26 0.26 0.26
  per-rule acc: 0.44 0.07
Epoch 6400 | Train: Loss=0.0000 Acc=100.0% | Test: Acc=25.7% | Best=26.0%(@6200)
  from x2: 0.25 0.26 0.26 0.26 0.26 0.26 0.26 0.26 0.26 0.26 0.26 0.26 0.26 0.26
  per-rule acc: 0.44 0.07
Epoch 6420 | Train: Loss=0.0000 Acc=100.0% | Test: Acc=25.7% | Best=26.0%(@6200)
  from x2: 0.25 0.26 0.26 0.26 0.26 0.26 0.26 0.26 0.26 0.26 0.26 0.26 0.26 0.26
  per-rule acc: 0.44 0.07
Epoch 6440 | Train: Loss=0.0000 Acc=100.0% | Test: Acc=25.7% | Best=26.0%(@6200)
  from x2: 0.25 0.26 0.26 0.26 0.26 0.26 0.26 0.26 0.26 0.26 0.26 0.26 0.26 0.26
  per-rule acc: 0.44 0.07
Epoch 6460 | Train: Loss=0.0000 Acc=100.0% | Test: Acc=25.7% | Best=26.0%(@6200)
  from x2: 0.25 0.26 0.26 0.26 0.26 0.26 0.26 0.26 0.26 0.26 0.26 0.26 0.26 0.26
  per-rule acc: 0.44 0.07
Epoch 6480 | Train: Loss=0.0000 Acc=100.0% | Test: Acc=25.7% | Best=26.0%(@6200)
  from x2: 0.25 0.26 0.26 0.26 0.26 0.26 0.26 0.26 0.26 0.26 0.26 0.26 0.26 0.26
  per-rule acc: 0.44 0.07
Epoch 6500 | Train: Loss=0.0000 Acc=100.0% | Test: Acc=25.7% | Best=26.0%(@6200)
  from x2: 0.25 0.26 0.26 0.26 0.26 0.26 0.26 0.26 0.26 0.26 0.26 0.26 0.26 0.26
  per-rule acc: 0.44 0.07
Epoch 6520 | Train: Loss=0.0000 Acc=100.0% | Test: Acc=25.7% | Best=26.0%(@6200)
  from x2: 0.25 0.26 0.26 0.25 0.26 0.26 0.26 0.26 0.26 0.26 0.26 0.26 0.26 0.26
  per-rule acc: 0.44 0.07
Epoch 6540 | Train: Loss=0.0000 Acc=100.0% | Test: Acc=25.6% | Best=26.0%(@6200)
  from x2: 0.25 0.26 0.26 0.25 0.26 0.26 0.26 0.26 0.26 0.26 0.26 0.26 0.26 0.26
  per-rule acc: 0.44 0.07
Epoch 6560 | Train: Loss=0.0000 Acc=100.0% | Test: Acc=25.6% | Best=26.0%(@6200)
  from x2: 0.25 0.26 0.25 0.25 0.25 0.26 0.26 0.26 0.26 0.26 0.26 0.26 0.26 0.26
  per-rule acc: 0.44 0.07
Epoch 6580 | Train: Loss=0.0000 Acc=100.0% | Test: Acc=25.5% | Best=26.0%(@6200)
  from x2: 0.25 0.26 0.25 0.25 0.25 0.26 0.25 0.25 0.25 0.26 0.26 0.26 0.26 0.26
  per-rule acc: 0.44 0.06
Epoch 6600 | Train: Loss=0.0000 Acc=100.0% | Test: Acc=25.5% | Best=26.0%(@6200)
  from x2: 0.25 0.26 0.25 0.25 0.26 0.25 0.25 0.25 0.25 0.26 0.26 0.26 0.26 0.26
  per-rule acc: 0.44 0.06
Epoch 6620 | Train: Loss=0.0000 Acc=100.0% | Test: Acc=25.5% | Best=26.0%(@6200)
  from x2: 0.25 0.26 0.25 0.25 0.25 0.25 0.25 0.25 0.25 0.26 0.26 0.26 0.26 0.26
  per-rule acc: 0.44 0.06
Epoch 6640 | Train: Loss=0.0000 Acc=100.0% | Test: Acc=25.4% | Best=26.0%(@6200)
  from x2: 0.25 0.25 0.25 0.25 0.25 0.26 0.25 0.25 0.25 0.26 0.26 0.25 0.25 0.26
  per-rule acc: 0.44 0.06
Epoch 6660 | Train: Loss=0.0000 Acc=100.0% | Test: Acc=25.4% | Best=26.0%(@6200)
  from x2: 0.25 0.26 0.25 0.25 0.25 0.25 0.25 0.25 0.25 0.26 0.26 0.26 0.26 0.26
  per-rule acc: 0.44 0.06
Epoch 6680 | Train: Loss=0.0000 Acc=100.0% | Test: Acc=25.4% | Best=26.0%(@6200)
  from x2: 0.25 0.25 0.25 0.25 0.25 0.25 0.25 0.25 0.25 0.25 0.25 0.25 0.26 0.26
  per-rule acc: 0.44 0.06
Epoch 6700 | Train: Loss=0.0000 Acc=100.0% | Test: Acc=25.4% | Best=26.0%(@6200)
  from x2: 0.25 0.25 0.25 0.25 0.25 0.25 0.25 0.25 0.25 0.25 0.25 0.25 0.26 0.26
  per-rule acc: 0.44 0.06
Epoch 6720 | Train: Loss=0.0000 Acc=100.0% | Test: Acc=25.3% | Best=26.0%(@6200)
  from x2: 0.25 0.25 0.25 0.25 0.25 0.25 0.25 0.25 0.25 0.25 0.25 0.25 0.25 0.26
  per-rule acc: 0.44 0.06
Epoch 6740 | Train: Loss=0.0000 Acc=100.0% | Test: Acc=25.3% | Best=26.0%(@6200)
  from x2: 0.25 0.25 0.25 0.25 0.25 0.25 0.25 0.25 0.25 0.25 0.25 0.25 0.25 0.26
  per-rule acc: 0.44 0.06
Epoch 6760 | Train: Loss=0.0000 Acc=100.0% | Test: Acc=25.3% | Best=26.0%(@6200)
  from x2: 0.25 0.25 0.25 0.25 0.25 0.25 0.25 0.25 0.25 0.25 0.25 0.25 0.25 0.26
  per-rule acc: 0.44 0.06
Epoch 6780 | Train: Loss=0.0000 Acc=100.0% | Test: Acc=25.2% | Best=26.0%(@6200)
  from x2: 0.25 0.25 0.25 0.25 0.25 0.25 0.25 0.25 0.25 0.25 0.25 0.25 0.25 0.26
  per-rule acc: 0.44 0.06
Epoch 6800 | Train: Loss=0.0000 Acc=100.0% | Test: Acc=25.2% | Best=26.0%(@6200)
  from x2: 0.25 0.25 0.25 0.25 0.25 0.25 0.25 0.25 0.25 0.25 0.25 0.25 0.25 0.26
  per-rule acc: 0.44 0.06
Epoch 6820 | Train: Loss=0.0000 Acc=100.0% | Test: Acc=25.1% | Best=26.0%(@6200)
  from x2: 0.25 0.25 0.25 0.25 0.25 0.25 0.25 0.25 0.25 0.25 0.25 0.25 0.25 0.26
  per-rule acc: 0.44 0.06
Epoch 6840 | Train: Loss=0.0000 Acc=100.0% | Test: Acc=25.1% | Best=26.0%(@6200)
  from x2: 0.25 0.25 0.25 0.25 0.25 0.25 0.25 0.25 0.25 0.25 0.25 0.25 0.25 0.25
  per-rule acc: 0.44 0.06
Epoch 6860 | Train: Loss=0.0000 Acc=100.0% | Test: Acc=25.1% | Best=26.0%(@6200)
  from x2: 0.24 0.25 0.25 0.25 0.25 0.25 0.25 0.25 0.25 0.25 0.25 0.25 0.25 0.25
  per-rule acc: 0.44 0.06
Epoch 6880 | Train: Loss=0.0000 Acc=100.0% | Test: Acc=25.0% | Best=26.0%(@6200)
  from x2: 0.24 0.25 0.25 0.25 0.25 0.25 0.25 0.25 0.25 0.25 0.25 0.25 0.25 0.25
  per-rule acc: 0.44 0.06
Epoch 6900 | Train: Loss=0.0000 Acc=100.0% | Test: Acc=25.0% | Best=26.0%(@6200)
  from x2: 0.24 0.25 0.25 0.25 0.25 0.25 0.25 0.25 0.25 0.25 0.25 0.25 0.25 0.25
  per-rule acc: 0.44 0.06
Epoch 6920 | Train: Loss=0.0000 Acc=100.0% | Test: Acc=24.9% | Best=26.0%(@6200)
  from x2: 0.24 0.25 0.25 0.25 0.25 0.25 0.25 0.25 0.25 0.25 0.25 0.25 0.25 0.25
  per-rule acc: 0.44 0.06
Epoch 6940 | Train: Loss=0.0000 Acc=100.0% | Test: Acc=24.9% | Best=26.0%(@6200)
  from x2: 0.24 0.25 0.25 0.25 0.25 0.25 0.25 0.25 0.25 0.25 0.25 0.25 0.25 0.25
  per-rule acc: 0.44 0.06
Epoch 6960 | Train: Loss=0.0000 Acc=100.0% | Test: Acc=24.9% | Best=26.0%(@6200)
  from x2: 0.24 0.25 0.25 0.25 0.25 0.25 0.25 0.25 0.25 0.25 0.25 0.25 0.25 0.25
  per-rule acc: 0.44 0.06
Epoch 6980 | Train: Loss=0.0000 Acc=100.0% | Test: Acc=24.8% | Best=26.0%(@6200)
  from x2: 0.24 0.25 0.25 0.25 0.25 0.25 0.25 0.25 0.25 0.25 0.25 0.25 0.25 0.25
  per-rule acc: 0.43 0.06
Epoch 7000 | Train: Loss=0.0000 Acc=100.0% | Test: Acc=24.8% | Best=26.0%(@6200)
  from x2: 0.24 0.25 0.25 0.25 0.25 0.25 0.25 0.25 0.25 0.25 0.25 0.25 0.25 0.25
  per-rule acc: 0.43 0.06
Epoch 7020 | Train: Loss=0.0000 Acc=100.0% | Test: Acc=24.7% | Best=26.0%(@6200)
  from x2: 0.24 0.25 0.25 0.25 0.25 0.25 0.25 0.25 0.25 0.25 0.25 0.25 0.25 0.25
  per-rule acc: 0.43 0.06
Epoch 7040 | Train: Loss=0.0000 Acc=100.0% | Test: Acc=24.7% | Best=26.0%(@6200)
  from x2: 0.24 0.25 0.25 0.25 0.25 0.25 0.25 0.25 0.25 0.25 0.25 0.25 0.25 0.25
  per-rule acc: 0.43 0.06
Epoch 7060 | Train: Loss=0.0000 Acc=100.0% | Test: Acc=24.7% | Best=26.0%(@6200)
  from x2: 0.24 0.25 0.25 0.25 0.25 0.25 0.25 0.25 0.25 0.25 0.25 0.25 0.25 0.25
  per-rule acc: 0.43 0.06
Epoch 7080 | Train: Loss=0.0000 Acc=100.0% | Test: Acc=24.7% | Best=26.0%(@6200)
  from x2: 0.24 0.25 0.25 0.25 0.25 0.25 0.25 0.25 0.25 0.25 0.25 0.25 0.25 0.25
  per-rule acc: 0.43 0.06
Epoch 7100 | Train: Loss=0.0000 Acc=100.0% | Test: Acc=24.7% | Best=26.0%(@6200)
  from x2: 0.24 0.25 0.25 0.25 0.25 0.25 0.25 0.25 0.25 0.25 0.25 0.25 0.25 0.25
  per-rule acc: 0.43 0.06
Epoch 7120 | Train: Loss=0.0000 Acc=100.0% | Test: Acc=24.7% | Best=26.0%(@6200)
  from x2: 0.24 0.25 0.25 0.25 0.25 0.25 0.25 0.25 0.25 0.25 0.25 0.25 0.25 0.25
  per-rule acc: 0.43 0.06
Epoch 7140 | Train: Loss=0.0000 Acc=100.0% | Test: Acc=24.6% | Best=26.0%(@6200)
  from x2: 0.24 0.25 0.25 0.24 0.25 0.25 0.25 0.25 0.25 0.25 0.25 0.25 0.25 0.25
  per-rule acc: 0.43 0.06
Epoch 7160 | Train: Loss=0.0000 Acc=100.0% | Test: Acc=24.6% | Best=26.0%(@6200)
  from x2: 0.24 0.25 0.25 0.24 0.24 0.25 0.25 0.25 0.25 0.25 0.25 0.25 0.25 0.25
  per-rule acc: 0.43 0.06
Epoch 7180 | Train: Loss=0.0000 Acc=100.0% | Test: Acc=24.6% | Best=26.0%(@6200)
  from x2: 0.24 0.25 0.24 0.24 0.24 0.25 0.25 0.25 0.25 0.25 0.25 0.25 0.25 0.25
  per-rule acc: 0.43 0.06
Epoch 7200 | Train: Loss=0.0000 Acc=100.0% | Test: Acc=24.6% | Best=26.0%(@6200)
  from x2: 0.24 0.25 0.24 0.24 0.25 0.25 0.25 0.25 0.25 0.25 0.25 0.25 0.25 0.25
  per-rule acc: 0.43 0.06
[Early stop] No improvement for 1000 consecutive epochs

==================================================
Saving model...
[OK] Model saved to: /home/cxm/ai/test0625-exposure/models/mixed_label_d128l1_r8_e30.pth
  File size: 1364.7 KB
  Best test accuracy: 26.01%

==================================================
Final generation test (given first two items, AB generates 3rd as prompt, validate from 4th)
==================================================

--- AB pair 1: (1, 1) ---

--- Statistics for AB=(1,1) ---
Exposed    samples:   864 | In-dist: 11232/11232 (100.0%) | OOD: 11497/13824 ( 83.2%)
Unexposed  samples:  1945 | In-dist: 21355/25285 ( 84.5%) | OOD: 25936/31120 ( 83.3%)

--- AB pair 2: (1, 2) ---

--- Statistics for AB=(1,2) ---
Exposed    samples:   886 | In-dist: 11518/11518 (100.0%) | OOD:  6446/14176 ( 45.5%)
Unexposed  samples:  1923 | In-dist: 21619/24999 ( 86.5%) | OOD: 13994/30768 ( 45.5%)

--- Return code: 0 ---

======================================================================
Attention Analysis
======================================================================
Model config: addition (default), p=53
Best test accuracy: 0.26010119663170334
Training epochs: 7200

Random test sequence 1/5 (length 32): [47, 37, 31, 15, 46, 8, 1, 9, 10, 19, 29, 48, 24, 19, 43, 9, 52, 8, 7, 15]...

======================================================================
Attention Layer Training Result Summary
======================================================================
Input sequence: [47, 37, 31, 15, 46, 8, 1, 9, 10, 19, 29, 48, 24, 19, 43, 9, 52, 8, 7, 15, 22, 37, 6, 43, 49, 39, 35, 21, 3, 24, 27, 51]

--- Layer 0 ---
  Head 0: Entropy=0.353
    Attention coefficients from each query position to previous positions:
      i= 0 -> j=0:1.000
      i= 1 -> j=0:0.038, j=1:0.962
      i= 2 -> j=0:0.001, j=1:0.037, j=2:0.961
      i= 3 -> j=0:0.000, j=1:0.002, j=2:0.043, j=3:0.956
      i= 4 -> j=0:0.000, j=1:0.000, j=2:0.002, j=3:0.044, j=4:0.954
      i= 5 -> j=0:0.000, j=1:0.000, j=2:0.000, j=3:0.002, j=4:0.040, j=5:0.958
      i= 6 -> j=0:0.000, j=1:0.000, j=2:0.000, j=3:0.000, j=4:0.002, j=5:0.044, j=6:0.953
      i= 7 -> j=0:0.000, j=1:0.000, j=2:0.000, j=3:0.000, j=4:0.000, j=5:0.002, j=6:0.039, j=7:0.958
      i= 8 -> j=0:0.000, j=1:0.000, j=2:0.000, j=3:0.000, j=4:0.000, j=5:0.000, j=6:0.002, j=7:0.041, j=8:0.956
      i= 9 -> j=0:0.000, j=1:0.000, j=2:0.000, j=3:0.000, j=4:0.000, j=5:0.000, j=6:0.000, j=7:0.002, j=8:0.043, j=9:0.955
      i=10 -> j=0:0.000, j=1:0.000, j=2:0.000, j=3:0.000, j=4:0.000, j=5:0.000, j=6:0.000, j=7:0.000, j=8:0.002, j=9:0.040, j=10:0.958
      i=11 -> j=0:0.000, j=1:0.000, j=2:0.000, j=3:0.000, j=4:0.000, j=5:0.000, j=6:0.000, j=7:0.000, j=8:0.000, j=9:0.002, j=10:0.040, j=11:0.957
      i=12 -> j=0:0.000, j=1:0.000, j=2:0.000, j=3:0.000, j=4:0.000, j=5:0.000, j=6:0.000, j=7:0.000, j=8:0.000, j=9:0.000, j=10:0.001, j=11:0.040, j=12:0.957
      i=13 -> j=0:0.000, j=1:0.000, j=2:0.000, j=3:0.000, j=4:0.000, j=5:0.000, j=6:0.000, j=7:0.000, j=8:0.000, j=9:0.000, j=10:0.000, j=11:0.002, j=12:0.041, j=13:0.956
      i=14 -> j=0:0.000, j=1:0.000, j=2:0.000, j=3:0.000, j=4:0.000, j=5:0.000, j=6:0.000, j=7:0.000, j=8:0.000, j=9:0.000, j=10:0.000, j=11:0.000, j=12:0.002, j=13:0.043, j=14:0.952
      i=15 -> j=0:0.000, j=1:0.000, j=2:0.000, j=3:0.000, j=4:0.000, j=5:0.000, j=6:0.000, j=7:0.000, j=8:0.000, j=9:0.000, j=10:0.000, j=11:0.000, j=12:0.000, j=13:0.002, j=14:0.042, j=15:0.954
      i=16 -> j=0:0.001, j=1:0.000, j=2:0.000, j=3:0.000, j=4:0.000, j=5:0.000, j=6:0.000, j=7:0.000, j=8:0.000, j=9:0.000, j=10:0.000, j=11:0.000, j=12:0.000, j=13:0.000, j=14:0.002, j=15:0.040, j=16:0.955
      i=17 -> j=0:0.002, j=1:0.001, j=2:0.000, j=3:0.000, j=4:0.000, j=5:0.000, j=6:0.000, j=7:0.000, j=8:0.000, j=9:0.000, j=10:0.000, j=11:0.000, j=12:0.000, j=13:0.000, j=14:0.000, j=15:0.002, j=16:0.042, j=17:0.952
      i=18 -> j=0:0.004, j=1:0.002, j=2:0.001, j=3:0.000, j=4:0.000, j=5:0.000, j=6:0.000, j=7:0.000, j=8:0.000, j=9:0.000, j=10:0.000, j=11:0.000, j=12:0.000, j=13:0.000, j=14:0.000, j=15:0.000, j=16:0.002, j=17:0.040, j=18:0.949
      i=19 -> j=0:0.006, j=1:0.004, j=2:0.002, j=3:0.001, j=4:0.000, j=5:0.000, j=6:0.000, j=7:0.000, j=8:0.000, j=9:0.000, j=10:0.000, j=11:0.000, j=12:0.000, j=13:0.000, j=14:0.000, j=15:0.000, j=16:0.000, j=17:0.002, j=18:0.041, j=19:0.942
      i=20 -> j=0:0.005, j=1:0.005, j=2:0.004, j=3:0.002, j=4:0.001, j=5:0.000, j=6:0.000, j=7:0.000, j=8:0.000, j=9:0.000, j=10:0.000, j=11:0.000, j=12:0.000, j=13:0.000, j=14:0.000, j=15:0.000, j=16:0.000, j=17:0.000, j=18:0.001, j=19:0.039, j=20:0.941
      i=21 -> j=0:0.005, j=1:0.005, j=2:0.006, j=3:0.004, j=4:0.002, j=5:0.001, j=6:0.000, j=7:0.000, j=8:0.000, j=9:0.000, j=10:0.000, j=11:0.000, j=12:0.000, j=13:0.000, j=14:0.000, j=15:0.000, j=16:0.000, j=17:0.000, j=18:0.000, j=19:0.002, j=20:0.041, j=21:0.933
      i=22 -> j=0:0.006, j=1:0.005, j=2:0.005, j=3:0.006, j=4:0.004, j=5:0.002, j=6:0.001, j=7:0.000, j=8:0.000, j=9:0.000, j=10:0.000, j=11:0.000, j=12:0.000, j=13:0.000, j=14:0.000, j=15:0.000, j=16:0.000, j=17:0.000, j=18:0.000, j=19:0.000, j=20:0.002, j=21:0.040, j=22:0.926
      i=23 -> j=0:0.012, j=1:0.007, j=2:0.005, j=3:0.006, j=4:0.006, j=5:0.005, j=6:0.002, j=7:0.001, j=8:0.000, j=9:0.000, j=10:0.000, j=11:0.000, j=12:0.000, j=13:0.000, j=14:0.000, j=15:0.000, j=16:0.000, j=17:0.000, j=18:0.000, j=19:0.000, j=20:0.000, j=21:0.002, j=22:0.039, j=23:0.913
      i=24 -> j=0:0.018, j=1:0.012, j=2:0.007, j=3:0.005, j=4:0.006, j=5:0.006, j=6:0.005, j=7:0.002, j=8:0.001, j=9:0.000, j=10:0.000, j=11:0.000, j=12:0.000, j=13:0.000, j=14:0.000, j=15:0.000, j=16:0.000, j=17:0.000, j=18:0.000, j=19:0.000, j=20:0.000, j=21:0.000, j=22:0.002, j=23:0.041, j=24:0.893
      i=25 -> j=0:0.016, j=1:0.017, j=2:0.011, j=3:0.006, j=4:0.005, j=5:0.005, j=6:0.005, j=7:0.004, j=8:0.002, j=9:0.001, j=10:0.000, j=11:0.000, j=12:0.000, j=13:0.000, j=14:0.000, j=15:0.000, j=16:0.000, j=17:0.000, j=18:0.000, j=19:0.000, j=20:0.000, j=21:0.000, j=22:0.000, j=23:0.002, j=24:0.041, j=25:0.883
      i=26 -> j=0:0.013, j=1:0.018, j=2:0.017, j=3:0.011, j=4:0.006, j=5:0.005, j=6:0.005, j=7:0.006, j=8:0.004, j=9:0.002, j=10:0.001, j=11:0.000, j=12:0.000, j=13:0.000, j=14:0.000, j=15:0.000, j=16:0.000, j=17:0.000, j=18:0.000, j=19:0.000, j=20:0.000, j=21:0.000, j=22:0.000, j=23:0.000, j=24:0.002, j=25:0.038, j=26:0.871
      i=27 -> j=0:0.008, j=1:0.012, j=2:0.015, j=3:0.014, j=4:0.009, j=5:0.005, j=6:0.004, j=7:0.005, j=8:0.005, j=9:0.003, j=10:0.002, j=11:0.001, j=12:0.000, j=13:0.000, j=14:0.000, j=15:0.000, j=16:0.000, j=17:0.000, j=18:0.000, j=19:0.000, j=20:0.000, j=21:0.000, j=22:0.000, j=23:0.000, j=24:0.000, j=25:0.001, j=26:0.037, j=27:0.876
      i=28 -> j=0:0.010, j=1:0.010, j=2:0.012, j=3:0.016, j=4:0.015, j=5:0.010, j=6:0.006, j=7:0.005, j=8:0.005, j=9:0.005, j=10:0.004, j=11:0.002, j=12:0.001, j=13:0.000, j=14:0.000, j=15:0.000, j=16:0.000, j=17:0.000, j=18:0.000, j=19:0.000, j=20:0.000, j=21:0.000, j=22:0.000, j=23:0.000, j=24:0.000, j=25:0.000, j=26:0.001, j=27:0.038, j=28:0.857
      i=29 -> j=0:0.015, j=1:0.011, j=2:0.010, j=3:0.012, j=4:0.016, j=5:0.016, j=6:0.011, j=7:0.006, j=8:0.004, j=9:0.004, j=10:0.005, j=11:0.004, j=12:0.002, j=13:0.001, j=14:0.000, j=15:0.000, j=16:0.000, j=17:0.000, j=18:0.000, j=19:0.000, j=20:0.000, j=21:0.000, j=22:0.000, j=23:0.000, j=24:0.000, j=25:0.000, j=26:0.000, j=27:0.001, j=28:0.032, j=29:0.847
      i=30 -> j=0:0.019, j=1:0.016, j=2:0.010, j=3:0.009, j=4:0.011, j=5:0.016, j=6:0.016, j=7:0.011, j=8:0.006, j=9:0.004, j=10:0.005, j=11:0.005, j=12:0.004, j=13:0.002, j=14:0.001, j=15:0.000, j=16:0.000, j=17:0.000, j=18:0.000, j=19:0.000, j=20:0.000, j=21:0.000, j=22:0.000, j=23:0.000, j=24:0.000, j=25:0.000, j=26:0.000, j=27:0.000, j=28:0.001, j=29:0.037, j=30:0.825
      i=31 -> j=0:0.014, j=1:0.018, j=2:0.013, j=3:0.009, j=4:0.008, j=5:0.011, j=6:0.014, j=7:0.015, j=8:0.009, j=9:0.005, j=10:0.004, j=11:0.004, j=12:0.005, j=13:0.003, j=14:0.002, j=15:0.001, j=16:0.000, j=17:0.000, j=18:0.000, j=19:0.000, j=20:0.000, j=21:0.000, j=22:0.000, j=23:0.000, j=24:0.000, j=25:0.000, j=26:0.000, j=27:0.000, j=28:0.000, j=29:0.001, j=30:0.033, j=31:0.828
    Average attention per distance:
      d=0:0.929, d=1:0.040, d=23:0.011, d=24:0.016, d=25:0.016, d=26:0.012, d=28:0.010, d=29:0.015
      d=30:0.019, d=31:0.014


======================================================================
QK Property Verification (Raw Scores, before Softmax)
======================================================================
Recurrence order init_len=2, num test sequences=1

--- [P1] Long-distance Orthogonality Verification ---
Ideal: raw_score mean ≈ 0 and small std when d > init_len

  Layer 0, Head 0:
    d= 1 (effective): mean=  1.516, std= 0.074, n=31
    d= 2 (effective): mean= -1.740, std= 0.094, n=30
    d>2 (long-distance): mean= -2.788, std= 1.640, n=435

--- [P2] Time-homogeneous Verification ---
Ideal: CV of raw_score across positions i ≈ 0 for fixed distance d
(CV = std / |mean|, smaller = more constant)

  Layer 0, Head 0:
    d= 1: mean=  1.516, std= 0.074, CV=0.049, n=31
    d= 2: mean= -1.740, std= 0.094, CV=0.054, n=30

======================================================================
QK Property Verification Completed
======================================================================
