=== Experiment: mixed_label_d128l1_r8_e60 ===
Time: 2026-06-25T12:41:24.613061
Task type: mixed_ab
Merged config: {
  "P": 53,
  "TASK": "mixed_ab",
  "NUM_MASK": 0,
  "A": 1,
  "B": 1,
  "AB_PAIRS": [
    [
      1,
      1
    ],
    [
      1,
      2
    ]
  ],
  "D_MODEL": 128,
  "N_HEAD": 1,
  "N_LAYER": 1,
  "BATCH_SIZE": 128,
  "EPOCHS": 10000,
  "LR": 0.0003,
  "SAVE_PATH": "models/mixed_label_d128l1_r8_e60.pth",
  "USE_GREEDY_GENERATE": true,
  "USE_LEARNABLE_PE": false,
  "MLP_RATIO": 8,
  "TRAIN_LEN": 16,
  "OOD_LEN": 32,
  "DROPOUT": 0.0,
  "TARGET_INIT_COVERAGE": 0.5,
  "MAX_UNIQUE_RATIO": 0.5,
  "WEIGHT_DECAY": 1,
  "ENTROPY_PENALTY_WEIGHT": 0.0,
  "FIRST_TASK_WEIGHT": 1.0,
  "RANDOM_SEED": 42,
  "EVAL_INTERVAL": 20,
  "EARLY_STOP_NO_IMPROVE": 1000,
  "EARLY_STOP_ACCURACY": 0.99,
  "USE_AB_TAG": true,
  "USE_CONDITIONAL_WTE": false,
  "COND_WTE_SHARED_RATIO": 0.0,
  "MIXED_AB_MAX_UNIQUE_RATIOS": [
    0.6,
    0.6
  ]
}
--- output ---
Using device: cuda

[Dataset] Mixed mode: generated 3444 + 2174 samples, length 16
AB parameter pairs: [(1, 1), (1, 2)]
  - AB=(1,1): train 1728 | test 1081 | exposed ~61.5%
  - AB=(1,2): train 1716 | test 1093 | exposed ~61.1%
--------------------------------------------------
[Model config] block_size: 32, train length: 16
[Number theory] AB parameter pairs: [(1, 1), (1, 2)]


Model parameters: 0.35M

Start training...
Epoch   0 | Train: Loss=4.2424 Acc=2.9% | Test: Acc=0.3% | Best=0.3%(@0)
  from x2: 0.01 0.00 0.00 0.01 0.00 0.00 0.00 0.00 0.00 0.00 0.00 0.00 0.00 0.00
  per-rule acc: 0.00 0.00
Epoch  20 | Train: Loss=0.8409 Acc=95.2% | Test: Acc=3.1% | Best=3.1%(@20)
  from x2: 0.04 0.03 0.03 0.03 0.03 0.03 0.03 0.03 0.03 0.03 0.03 0.03 0.03 0.03
  per-rule acc: 0.04 0.03
Epoch  40 | Train: Loss=0.1896 Acc=98.5% | Test: Acc=3.3% | Best=3.3%(@40)
  from x2: 0.03 0.03 0.03 0.03 0.03 0.03 0.03 0.03 0.03 0.03 0.03 0.03 0.03 0.03
  per-rule acc: 0.04 0.03
Epoch  60 | Train: Loss=0.1049 Acc=99.0% | Test: Acc=3.7% | Best=3.7%(@60)
  from x2: 0.04 0.03 0.04 0.04 0.04 0.04 0.04 0.04 0.04 0.04 0.04 0.04 0.04 0.04
  per-rule acc: 0.04 0.03
Epoch  80 | Train: Loss=0.0777 Acc=99.3% | Test: Acc=4.1% | Best=4.1%(@80)
  from x2: 0.04 0.04 0.04 0.04 0.04 0.04 0.04 0.04 0.04 0.04 0.04 0.04 0.04 0.04
  per-rule acc: 0.04 0.04
Epoch 100 | Train: Loss=0.0638 Acc=99.5% | Test: Acc=4.6% | Best=4.6%(@100)
  from x2: 0.04 0.04 0.04 0.05 0.05 0.05 0.05 0.05 0.05 0.05 0.05 0.05 0.05 0.05
  per-rule acc: 0.05 0.04
Epoch 120 | Train: Loss=0.0881 Acc=99.6% | Test: Acc=5.0% | Best=5.0%(@120)
  from x2: 0.05 0.05 0.05 0.05 0.05 0.05 0.05 0.05 0.05 0.05 0.05 0.05 0.05 0.05
  per-rule acc: 0.05 0.05
Epoch 140 | Train: Loss=0.0792 Acc=99.5% | Test: Acc=5.7% | Best=5.7%(@140)
  from x2: 0.05 0.05 0.06 0.06 0.06 0.06 0.06 0.06 0.06 0.06 0.06 0.06 0.06 0.06
  per-rule acc: 0.06 0.05
Epoch 160 | Train: Loss=0.0697 Acc=99.6% | Test: Acc=6.2% | Best=6.2%(@160)
  from x2: 0.06 0.06 0.06 0.06 0.06 0.06 0.06 0.06 0.06 0.06 0.06 0.06 0.06 0.06
  per-rule acc: 0.07 0.06
Epoch 180 | Train: Loss=0.0484 Acc=99.8% | Test: Acc=7.1% | Best=7.1%(@180)
  from x2: 0.06 0.07 0.07 0.07 0.07 0.07 0.07 0.07 0.07 0.07 0.07 0.07 0.07 0.07
  per-rule acc: 0.07 0.07
Epoch 200 | Train: Loss=0.0406 Acc=99.8% | Test: Acc=7.5% | Best=7.5%(@200)
  from x2: 0.06 0.07 0.07 0.07 0.07 0.07 0.07 0.08 0.08 0.08 0.07 0.08 0.08 0.08
  per-rule acc: 0.08 0.07
Epoch 220 | Train: Loss=0.0375 Acc=99.9% | Test: Acc=8.5% | Best=8.5%(@220)
  from x2: 0.07 0.08 0.09 0.09 0.09 0.08 0.09 0.09 0.09 0.09 0.09 0.09 0.09 0.09
  per-rule acc: 0.09 0.08
Epoch 240 | Train: Loss=0.0676 Acc=99.8% | Test: Acc=10.3% | Best=10.3%(@240)
  from x2: 0.10 0.10 0.10 0.10 0.10 0.10 0.10 0.10 0.10 0.10 0.10 0.10 0.10 0.10
  per-rule acc: 0.11 0.10
Epoch 260 | Train: Loss=0.0548 Acc=99.8% | Test: Acc=11.2% | Best=11.2%(@260)
  from x2: 0.10 0.12 0.11 0.11 0.11 0.11 0.11 0.11 0.11 0.11 0.11 0.11 0.11 0.11
  per-rule acc: 0.11 0.11
Epoch 280 | Train: Loss=0.0369 Acc=99.9% | Test: Acc=12.6% | Best=12.6%(@280)
  from x2: 0.11 0.13 0.13 0.13 0.13 0.13 0.13 0.13 0.13 0.13 0.13 0.13 0.13 0.13
  per-rule acc: 0.12 0.13
Epoch 300 | Train: Loss=0.0324 Acc=99.9% | Test: Acc=13.7% | Best=13.7%(@300)
  from x2: 0.12 0.14 0.14 0.14 0.14 0.14 0.14 0.14 0.14 0.14 0.14 0.14 0.14 0.14
  per-rule acc: 0.13 0.14
Epoch 320 | Train: Loss=0.0541 Acc=99.9% | Test: Acc=16.3% | Best=16.3%(@320)
  from x2: 0.14 0.17 0.17 0.17 0.17 0.17 0.16 0.17 0.16 0.16 0.16 0.16 0.16 0.16
  per-rule acc: 0.16 0.16
Epoch 340 | Train: Loss=0.0359 Acc=99.9% | Test: Acc=20.4% | Best=20.4%(@340)
  from x2: 0.19 0.21 0.21 0.20 0.20 0.20 0.21 0.21 0.21 0.21 0.20 0.21 0.20 0.20
  per-rule acc: 0.21 0.20
Epoch 360 | Train: Loss=0.0349 Acc=100.0% | Test: Acc=27.2% | Best=27.2%(@360)
  from x2: 0.24 0.28 0.28 0.28 0.27 0.27 0.27 0.27 0.27 0.27 0.27 0.28 0.27 0.27
  per-rule acc: 0.29 0.26
Epoch 380 | Train: Loss=0.0190 Acc=100.0% | Test: Acc=41.2% | Best=41.2%(@380)
  from x2: 0.38 0.42 0.42 0.42 0.41 0.41 0.41 0.41 0.41 0.41 0.41 0.41 0.41 0.41
  per-rule acc: 0.44 0.39
Epoch 400 | Train: Loss=0.0137 Acc=100.0% | Test: Acc=66.1% | Best=66.1%(@400)
  from x2: 0.65 0.68 0.67 0.66 0.67 0.67 0.67 0.66 0.66 0.66 0.66 0.66 0.65 0.65
  per-rule acc: 0.68 0.65
Epoch 420 | Train: Loss=0.0101 Acc=100.0% | Test: Acc=91.1% | Best=91.1%(@420)
  from x2: 0.91 0.92 0.92 0.92 0.91 0.91 0.91 0.91 0.91 0.91 0.91 0.91 0.90 0.90
  per-rule acc: 0.93 0.90
Epoch 440 | Train: Loss=0.0078 Acc=100.0% | Test: Acc=99.4% | Best=99.4%(@440)
  from x2: 0.99 1.00 1.00 1.00 0.99 0.99 0.99 0.99 0.99 0.99 0.99 0.99 0.99 0.99
  per-rule acc: 1.00 0.99
[Early stop] Epoch 440: test set reached high accuracy

==================================================
Saving model...
[OK] Model saved to: /home/cxm/ai/test0625-exposure/models/mixed_label_d128l1_r8_e60.pth
  File size: 1364.7 KB
  Best test accuracy: 99.42%

==================================================
Final generation test (given first two items, AB generates 3rd as prompt, validate from 4th)
==================================================

--- AB pair 1: (1, 1) ---

--- Statistics for AB=(1,1) ---
Exposed    samples:  1728 | In-dist: 22464/22464 (100.0%) | OOD: 17919/27648 ( 64.8%)
Unexposed  samples:  1081 | In-dist: 14017/14053 ( 99.7%) | OOD:  9991/17296 ( 57.8%)

--- AB pair 2: (1, 2) ---

--- Statistics for AB=(1,2) ---
Exposed    samples:  1716 | In-dist: 22308/22308 (100.0%) | OOD: 12691/27456 ( 46.2%)
Unexposed  samples:  1093 | In-dist: 14126/14209 ( 99.4%) | OOD:  7036/17488 ( 40.2%)

--- Return code: 0 ---

======================================================================
Attention Analysis
======================================================================
Model config: addition (default), p=53
Best test accuracy: 0.9942173741621764
Training epochs: 440

Random test sequence 1/5 (length 32): [42, 51, 40, 38, 25, 10, 35, 45, 27, 19, 46, 12, 5, 17, 22, 39, 8, 47, 2, 49]...

======================================================================
Attention Layer Training Result Summary
======================================================================
Input sequence: [42, 51, 40, 38, 25, 10, 35, 45, 27, 19, 46, 12, 5, 17, 22, 39, 8, 47, 2, 49, 51, 47, 45, 39, 31, 17, 48, 12, 7, 19, 26, 45]

--- Layer 0 ---
  Head 0: Entropy=1.006
    Attention coefficients from each query position to previous positions:
      i= 0 -> j=0:1.000
      i= 1 -> j=0:0.181, j=1:0.819
      i= 2 -> j=0:0.020, j=1:0.174, j=2:0.806
      i= 3 -> j=0:0.002, j=1:0.019, j=2:0.181, j=3:0.797
      i= 4 -> j=0:0.001, j=1:0.002, j=2:0.022, j=3:0.167, j=4:0.808
      i= 5 -> j=0:0.000, j=1:0.000, j=2:0.002, j=3:0.017, j=4:0.163, j=5:0.818
      i= 6 -> j=0:0.000, j=1:0.000, j=2:0.001, j=3:0.002, j=4:0.020, j=5:0.176, j=6:0.801
      i= 7 -> j=0:0.001, j=1:0.000, j=2:0.001, j=3:0.001, j=4:0.003, j=5:0.022, j=6:0.185, j=7:0.787
      i= 8 -> j=0:0.000, j=1:0.000, j=2:0.000, j=3:0.000, j=4:0.000, j=5:0.002, j=6:0.016, j=7:0.158, j=8:0.823
      i= 9 -> j=0:0.001, j=1:0.001, j=2:0.001, j=3:0.001, j=4:0.000, j=5:0.001, j=6:0.003, j=7:0.020, j=8:0.178, j=9:0.795
      i=10 -> j=0:0.000, j=1:0.000, j=2:0.001, j=3:0.001, j=4:0.000, j=5:0.000, j=6:0.000, j=7:0.002, j=8:0.021, j=9:0.170, j=10:0.805
      i=11 -> j=0:0.001, j=1:0.001, j=2:0.001, j=3:0.001, j=4:0.001, j=5:0.001, j=6:0.000, j=7:0.001, j=8:0.003, j=9:0.019, j=10:0.176, j=11:0.797
      i=12 -> j=0:0.001, j=1:0.000, j=2:0.001, j=3:0.001, j=4:0.001, j=5:0.001, j=6:0.000, j=7:0.000, j=8:0.001, j=9:0.003, j=10:0.018, j=11:0.167, j=12:0.806
      i=13 -> j=0:0.001, j=1:0.001, j=2:0.001, j=3:0.001, j=4:0.001, j=5:0.001, j=6:0.001, j=7:0.000, j=8:0.000, j=9:0.001, j=10:0.002, j=11:0.022, j=12:0.161, j=13:0.808
      i=14 -> j=0:0.003, j=1:0.002, j=2:0.001, j=3:0.001, j=4:0.001, j=5:0.001, j=6:0.001, j=7:0.001, j=8:0.001, j=9:0.000, j=10:0.000, j=11:0.003, j=12:0.021, j=13:0.174, j=14:0.791
      i=15 -> j=0:0.005, j=1:0.003, j=2:0.002, j=3:0.001, j=4:0.001, j=5:0.001, j=6:0.001, j=7:0.001, j=8:0.001, j=9:0.001, j=10:0.000, j=11:0.001, j=12:0.002, j=13:0.020, j=14:0.178, j=15:0.783
      i=16 -> j=0:0.004, j=1:0.003, j=2:0.002, j=3:0.001, j=4:0.001, j=5:0.000, j=6:0.000, j=7:0.000, j=8:0.001, j=9:0.000, j=10:0.000, j=11:0.000, j=12:0.000, j=13:0.002, j=14:0.020, j=15:0.164, j=16:0.801
      i=17 -> j=0:0.010, j=1:0.006, j=2:0.005, j=3:0.004, j=4:0.002, j=5:0.001, j=6:0.001, j=7:0.001, j=8:0.001, j=9:0.001, j=10:0.001, j=11:0.001, j=12:0.000, j=13:0.001, j=14:0.003, j=15:0.021, j=16:0.170, j=17:0.772
      i=18 -> j=0:0.013, j=1:0.007, j=2:0.004, j=3:0.003, j=4:0.002, j=5:0.002, j=6:0.001, j=7:0.001, j=8:0.001, j=9:0.001, j=10:0.001, j=11:0.001, j=12:0.000, j=13:0.000, j=14:0.001, j=15:0.002, j=16:0.018, j=17:0.162, j=18:0.781
      i=19 -> j=0:0.016, j=1:0.010, j=2:0.006, j=3:0.003, j=4:0.002, j=5:0.002, j=6:0.001, j=7:0.000, j=8:0.000, j=9:0.000, j=10:0.000, j=11:0.001, j=12:0.000, j=13:0.000, j=14:0.000, j=15:0.000, j=16:0.002, j=17:0.018, j=18:0.169, j=19:0.769
      i=20 -> j=0:0.023, j=1:0.019, j=2:0.012, j=3:0.006, j=4:0.003, j=5:0.002, j=6:0.001, j=7:0.001, j=8:0.001, j=9:0.000, j=10:0.000, j=11:0.001, j=12:0.001, j=13:0.001, j=14:0.000, j=15:0.000, j=16:0.000, j=17:0.002, j=18:0.019, j=19:0.157, j=20:0.750
      i=21 -> j=0:0.037, j=1:0.036, j=2:0.027, j=3:0.016, j=4:0.009, j=5:0.006, j=6:0.004, j=7:0.003, j=8:0.002, j=9:0.001, j=10:0.001, j=11:0.001, j=12:0.001, j=13:0.001, j=14:0.001, j=15:0.001, j=16:0.000, j=17:0.001, j=18:0.003, j=19:0.017, j=20:0.142, j=21:0.692
      i=22 -> j=0:0.050, j=1:0.051, j=2:0.037, j=3:0.027, j=4:0.015, j=5:0.009, j=6:0.005, j=7:0.004, j=8:0.003, j=9:0.002, j=10:0.001, j=11:0.001, j=12:0.001, j=13:0.001, j=14:0.001, j=15:0.001, j=16:0.000, j=17:0.000, j=18:0.001, j=19:0.002, j=20:0.017, j=21:0.143, j=22:0.630
      i=23 -> j=0:0.053, j=1:0.053, j=2:0.042, j=3:0.037, j=4:0.024, j=5:0.016, j=6:0.008, j=7:0.005, j=8:0.004, j=9:0.003, j=10:0.001, j=11:0.001, j=12:0.001, j=13:0.001, j=14:0.001, j=15:0.001, j=16:0.001, j=17:0.001, j=18:0.000, j=19:0.000, j=20:0.002, j=21:0.016, j=22:0.126, j=23:0.606
      i=24 -> j=0:0.057, j=1:0.053, j=2:0.037, j=3:0.035, j=4:0.030, j=5:0.023, j=6:0.013, j=7:0.007, j=8:0.004, j=9:0.003, j=10:0.002, j=11:0.002, j=12:0.001, j=13:0.001, j=14:0.001, j=15:0.001, j=16:0.001, j=17:0.001, j=18:0.000, j=19:0.000, j=20:0.000, j=21:0.002, j=22:0.014, j=23:0.128, j=24:0.584
      i=25 -> j=0:0.064, j=1:0.053, j=2:0.031, j=3:0.029, j=4:0.027, j=5:0.027, j=6:0.020, j=7:0.012, j=8:0.006, j=9:0.004, j=10:0.002, j=11:0.002, j=12:0.001, j=13:0.001, j=14:0.001, j=15:0.000, j=16:0.000, j=17:0.001, j=18:0.001, j=19:0.000, j=20:0.000, j=21:0.001, j=22:0.002, j=23:0.016, j=24:0.126, j=25:0.573
      i=26 -> j=0:0.073, j=1:0.073, j=2:0.047, j=3:0.036, j=4:0.031, j=5:0.028, j=6:0.026, j=7:0.018, j=8:0.010, j=9:0.006, j=10:0.003, j=11:0.003, j=12:0.002, j=13:0.001, j=14:0.001, j=15:0.001, j=16:0.000, j=17:0.001, j=18:0.001, j=19:0.000, j=20:0.000, j=21:0.000, j=22:0.000, j=23:0.002, j=24:0.013, j=25:0.115, j=26:0.509
      i=27 -> j=0:0.066, j=1:0.082, j=2:0.068, j=3:0.057, j=4:0.047, j=5:0.035, j=6:0.032, j=7:0.027, j=8:0.017, j=9:0.011, j=10:0.005, j=11:0.005, j=12:0.002, j=13:0.002, j=14:0.001, j=15:0.001, j=16:0.000, j=17:0.000, j=18:0.000, j=19:0.000, j=20:0.000, j=21:0.000, j=22:0.000, j=23:0.000, j=24:0.001, j=25:0.011, j=26:0.089, j=27:0.438
      i=28 -> j=0:0.037, j=1:0.049, j=2:0.043, j=3:0.041, j=4:0.036, j=5:0.023, j=6:0.021, j=7:0.017, j=8:0.016, j=9:0.012, j=10:0.006, j=11:0.004, j=12:0.002, j=13:0.002, j=14:0.001, j=15:0.001, j=16:0.000, j=17:0.000, j=18:0.000, j=19:0.000, j=20:0.000, j=21:0.000, j=22:0.000, j=23:0.000, j=24:0.000, j=25:0.001, j=26:0.011, j=27:0.109, j=28:0.566
      i=29 -> j=0:0.045, j=1:0.053, j=2:0.047, j=3:0.048, j=4:0.052, j=5:0.042, j=6:0.036, j=7:0.026, j=8:0.023, j=9:0.025, j=10:0.014, j=11:0.011, j=12:0.006, j=13:0.004, j=14:0.003, j=15:0.002, j=16:0.001, j=17:0.001, j=18:0.001, j=19:0.000, j=20:0.000, j=21:0.001, j=22:0.000, j=23:0.000, j=24:0.000, j=25:0.000, j=26:0.001, j=27:0.013, j=28:0.102, j=29:0.442
      i=30 -> j=0:0.034, j=1:0.035, j=2:0.027, j=3:0.027, j=4:0.036, j=5:0.041, j=6:0.037, j=7:0.022, j=8:0.018, j=9:0.017, j=10:0.012, j=11:0.013, j=12:0.006, j=13:0.003, j=14:0.002, j=15:0.001, j=16:0.001, j=17:0.001, j=18:0.000, j=19:0.000, j=20:0.000, j=21:0.000, j=22:0.000, j=23:0.000, j=24:0.000, j=25:0.000, j=26:0.000, j=27:0.001, j=28:0.012, j=29:0.107, j=30:0.546
      i=31 -> j=0:0.060, j=1:0.058, j=2:0.038, j=3:0.033, j=4:0.041, j=5:0.051, j=6:0.056, j=7:0.043, j=8:0.032, j=9:0.030, j=10:0.025, j=11:0.026, j=12:0.016, j=13:0.008, j=14:0.005, j=15:0.003, j=16:0.002, j=17:0.002, j=18:0.001, j=19:0.001, j=20:0.000, j=21:0.000, j=22:0.000, j=23:0.000, j=24:0.000, j=25:0.000, j=26:0.000, j=27:0.000, j=28:0.001, j=29:0.010, j=30:0.086, j=31:0.369
    Average attention per distance:
      d=0:0.715, d=1:0.151, d=2:0.017, d=18:0.011, d=19:0.019, d=20:0.027, d=21:0.030, d=22:0.033
      d=23:0.037, d=24:0.046, d=25:0.056, d=26:0.056, d=27:0.046, d=28:0.038, d=29:0.040, d=30:0.046
      d=31:0.060


======================================================================
QK Property Verification (Raw Scores, before Softmax)
======================================================================
Recurrence order init_len=2, num test sequences=1

--- [P1] Long-distance Orthogonality Verification ---
Ideal: raw_score mean ≈ 0 and small std when d > init_len

  Layer 0, Head 0:
    d= 1 (effective): mean=  1.453, std= 0.294, n=31
    d= 2 (effective): mean= -0.711, std= 0.261, n=30
    d>2 (long-distance): mean= -2.780, std= 1.803, n=435

--- [P2] Time-homogeneous Verification ---
Ideal: CV of raw_score across positions i ≈ 0 for fixed distance d
(CV = std / |mean|, smaller = more constant)

  Layer 0, Head 0:
    d= 1: mean=  1.453, std= 0.294, CV=0.202, n=31
    d= 2: mean= -0.711, std= 0.261, CV=0.368, n=30

======================================================================
QK Property Verification Completed
======================================================================
