=== Experiment: mixed_cond_d128l1_r8_e45 ===
Time: 2026-06-25T10:46:28.788089
Task type: mixed_ab
Merged config: {
  "P": 53,
  "TASK": "mixed_ab",
  "NUM_MASK": 0,
  "A": 1,
  "B": 1,
  "AB_PAIRS": [
    [
      1,
      1
    ],
    [
      1,
      2
    ]
  ],
  "D_MODEL": 128,
  "N_HEAD": 1,
  "N_LAYER": 1,
  "BATCH_SIZE": 128,
  "EPOCHS": 10000,
  "LR": 0.0003,
  "SAVE_PATH": "models/mixed_cond_d128l1_r8_e45.pth",
  "USE_GREEDY_GENERATE": true,
  "USE_LEARNABLE_PE": false,
  "MLP_RATIO": 8,
  "TRAIN_LEN": 16,
  "OOD_LEN": 32,
  "DROPOUT": 0.0,
  "TARGET_INIT_COVERAGE": 0.5,
  "MAX_UNIQUE_RATIO": 0.5,
  "WEIGHT_DECAY": 1,
  "ENTROPY_PENALTY_WEIGHT": 0.0,
  "FIRST_TASK_WEIGHT": 1.0,
  "RANDOM_SEED": 42,
  "EVAL_INTERVAL": 20,
  "EARLY_STOP_NO_IMPROVE": 1000,
  "EARLY_STOP_ACCURACY": 0.99,
  "USE_AB_TAG": false,
  "USE_CONDITIONAL_WTE": true,
  "COND_WTE_SHARED_RATIO": 0.0,
  "MIXED_AB_MAX_UNIQUE_RATIOS": [
    0.45,
    0.45
  ]
}
--- output ---
Using device: cuda

[Dataset] Mixed mode: generated 2596 + 3022 samples, length 16
AB parameter pairs: [(1, 1), (1, 2)]
  - AB=(1,1): train 1296 | test 1513 | exposed ~46.1%
  - AB=(1,2): train 1300 | test 1509 | exposed ~46.3%
--------------------------------------------------
[Model config] block_size: 32, train length: 16
[Number theory] AB parameter pairs: [(1, 1), (1, 2)]


Model parameters: 0.36M

Start training...
Epoch   0 | Train: Loss=4.1916 Acc=3.8% | Test: Acc=0.2% | Best=0.2%(@0)
  from x3: 0.00 0.00 0.00 0.00 0.00 0.00 0.00 0.00 0.00 0.00 0.00 0.00 0.00
  per-rule acc: 0.00 0.00
Epoch  20 | Train: Loss=0.9861 Acc=95.9% | Test: Acc=0.2% | Best=0.2%(@0)
  from x3: 0.01 0.00 0.00 0.00 0.00 0.00 0.00 0.00 0.00 0.00 0.00 0.00 0.00
  per-rule acc: 0.00 0.00
Epoch  40 | Train: Loss=0.1608 Acc=99.0% | Test: Acc=0.7% | Best=0.7%(@40)
  from x3: 0.01 0.01 0.01 0.01 0.01 0.01 0.01 0.01 0.01 0.01 0.00 0.00 0.00
  per-rule acc: 0.01 0.01
Epoch  60 | Train: Loss=0.0717 Acc=99.3% | Test: Acc=1.0% | Best=1.0%(@60)
  from x3: 0.01 0.01 0.01 0.01 0.01 0.01 0.01 0.01 0.01 0.01 0.01 0.01 0.01
  per-rule acc: 0.01 0.01
Epoch  80 | Train: Loss=0.0506 Acc=99.5% | Test: Acc=1.3% | Best=1.3%(@80)
  from x3: 0.02 0.01 0.01 0.01 0.01 0.01 0.01 0.01 0.01 0.01 0.01 0.01 0.01
  per-rule acc: 0.01 0.01
Epoch 100 | Train: Loss=0.0408 Acc=99.7% | Test: Acc=1.5% | Best=1.5%(@100)
  from x3: 0.02 0.02 0.01 0.01 0.01 0.01 0.01 0.01 0.01 0.01 0.01 0.01 0.01
  per-rule acc: 0.02 0.01
Epoch 120 | Train: Loss=0.0337 Acc=99.8% | Test: Acc=1.6% | Best=1.6%(@120)
  from x3: 0.02 0.02 0.02 0.02 0.01 0.02 0.02 0.01 0.01 0.01 0.01 0.01 0.01
  per-rule acc: 0.02 0.01
Epoch 140 | Train: Loss=0.0281 Acc=99.9% | Test: Acc=1.7% | Best=1.7%(@140)
  from x3: 0.02 0.02 0.02 0.02 0.02 0.02 0.02 0.02 0.02 0.02 0.02 0.02 0.02
  per-rule acc: 0.02 0.02
Epoch 160 | Train: Loss=0.0236 Acc=100.0% | Test: Acc=1.7% | Best=1.7%(@160)
  from x3: 0.02 0.02 0.02 0.02 0.02 0.02 0.02 0.02 0.02 0.02 0.02 0.02 0.02
  per-rule acc: 0.01 0.02
Epoch 180 | Train: Loss=0.0199 Acc=100.0% | Test: Acc=1.9% | Best=1.9%(@180)
  from x3: 0.02 0.02 0.02 0.02 0.02 0.02 0.02 0.02 0.02 0.02 0.02 0.02 0.02
  per-rule acc: 0.02 0.02
Epoch 200 | Train: Loss=0.0168 Acc=100.0% | Test: Acc=1.9% | Best=1.9%(@200)
  from x3: 0.02 0.02 0.02 0.02 0.02 0.02 0.02 0.02 0.02 0.02 0.02 0.02 0.02
  per-rule acc: 0.02 0.02
Epoch 220 | Train: Loss=0.0261 Acc=100.0% | Test: Acc=1.9% | Best=1.9%(@220)
  from x3: 0.02 0.02 0.02 0.02 0.02 0.02 0.02 0.02 0.02 0.02 0.02 0.02 0.02
  per-rule acc: 0.02 0.02
Epoch 240 | Train: Loss=0.0151 Acc=100.0% | Test: Acc=2.0% | Best=2.0%(@240)
  from x3: 0.02 0.02 0.02 0.02 0.02 0.02 0.02 0.02 0.02 0.02 0.02 0.02 0.02
  per-rule acc: 0.02 0.02
Epoch 260 | Train: Loss=0.0141 Acc=100.0% | Test: Acc=2.0% | Best=2.0%(@260)
  from x3: 0.02 0.02 0.02 0.02 0.02 0.02 0.02 0.02 0.02 0.02 0.02 0.02 0.02
  per-rule acc: 0.02 0.02
Epoch 280 | Train: Loss=0.0123 Acc=100.0% | Test: Acc=2.1% | Best=2.1%(@280)
  from x3: 0.02 0.02 0.02 0.02 0.02 0.02 0.02 0.02 0.02 0.02 0.02 0.02 0.02
  per-rule acc: 0.02 0.02
Epoch 300 | Train: Loss=0.0105 Acc=100.0% | Test: Acc=2.1% | Best=2.1%(@280)
  from x3: 0.02 0.02 0.02 0.02 0.02 0.02 0.02 0.02 0.02 0.02 0.02 0.02 0.02
  per-rule acc: 0.02 0.02
Epoch 320 | Train: Loss=0.0105 Acc=100.0% | Test: Acc=2.1% | Best=2.1%(@280)
  from x3: 0.02 0.02 0.02 0.02 0.02 0.02 0.02 0.02 0.02 0.02 0.02 0.02 0.02
  per-rule acc: 0.02 0.02
Epoch 340 | Train: Loss=0.0086 Acc=100.0% | Test: Acc=2.1% | Best=2.1%(@280)
  from x3: 0.02 0.02 0.02 0.02 0.02 0.02 0.02 0.02 0.02 0.02 0.02 0.02 0.02
  per-rule acc: 0.02 0.02
Epoch 360 | Train: Loss=0.0162 Acc=99.9% | Test: Acc=2.1% | Best=2.1%(@360)
  from x3: 0.02 0.02 0.02 0.02 0.02 0.02 0.02 0.02 0.02 0.02 0.02 0.02 0.02
  per-rule acc: 0.02 0.02
Epoch 380 | Train: Loss=0.0086 Acc=100.0% | Test: Acc=2.2% | Best=2.2%(@380)
  from x3: 0.02 0.02 0.02 0.02 0.02 0.02 0.02 0.02 0.02 0.02 0.02 0.02 0.02
  per-rule acc: 0.02 0.02
Epoch 400 | Train: Loss=0.0101 Acc=100.0% | Test: Acc=2.2% | Best=2.2%(@400)
  from x3: 0.02 0.02 0.02 0.02 0.02 0.02 0.02 0.02 0.02 0.02 0.02 0.02 0.02
  per-rule acc: 0.02 0.02
Epoch 420 | Train: Loss=0.0146 Acc=99.9% | Test: Acc=2.3% | Best=2.3%(@420)
  from x3: 0.02 0.02 0.02 0.02 0.02 0.02 0.02 0.02 0.02 0.02 0.02 0.02 0.02
  per-rule acc: 0.02 0.02
Epoch 440 | Train: Loss=0.0248 Acc=100.0% | Test: Acc=2.2% | Best=2.3%(@420)
  from x3: 0.02 0.02 0.02 0.02 0.02 0.02 0.02 0.02 0.02 0.02 0.02 0.02 0.02
  per-rule acc: 0.02 0.02
Epoch 460 | Train: Loss=0.0103 Acc=100.0% | Test: Acc=2.4% | Best=2.4%(@460)
  from x3: 0.02 0.02 0.02 0.02 0.02 0.02 0.02 0.02 0.02 0.02 0.02 0.02 0.02
  per-rule acc: 0.02 0.02
Epoch 480 | Train: Loss=0.0107 Acc=100.0% | Test: Acc=2.6% | Best=2.6%(@480)
  from x3: 0.03 0.03 0.03 0.03 0.03 0.03 0.03 0.03 0.03 0.03 0.03 0.03 0.03
  per-rule acc: 0.03 0.03
Epoch 500 | Train: Loss=0.0124 Acc=100.0% | Test: Acc=2.5% | Best=2.6%(@480)
  from x3: 0.03 0.02 0.03 0.02 0.02 0.02 0.02 0.02 0.02 0.02 0.02 0.02 0.02
  per-rule acc: 0.02 0.03
Epoch 520 | Train: Loss=0.0154 Acc=99.9% | Test: Acc=2.8% | Best=2.8%(@520)
  from x3: 0.03 0.03 0.03 0.03 0.03 0.03 0.03 0.03 0.03 0.03 0.03 0.03 0.03
  per-rule acc: 0.03 0.03
Epoch 540 | Train: Loss=0.0130 Acc=99.9% | Test: Acc=2.6% | Best=2.8%(@520)
  from x3: 0.03 0.02 0.03 0.03 0.03 0.03 0.03 0.03 0.03 0.03 0.03 0.03 0.03
  per-rule acc: 0.02 0.03
Epoch 560 | Train: Loss=0.0127 Acc=100.0% | Test: Acc=2.8% | Best=2.8%(@520)
  from x3: 0.03 0.03 0.03 0.03 0.03 0.03 0.03 0.03 0.03 0.03 0.03 0.03 0.03
  per-rule acc: 0.02 0.03
Epoch 580 | Train: Loss=0.0110 Acc=99.9% | Test: Acc=2.9% | Best=2.9%(@580)
  from x3: 0.03 0.03 0.03 0.03 0.03 0.03 0.03 0.03 0.03 0.03 0.03 0.03 0.03
  per-rule acc: 0.03 0.03
Epoch 600 | Train: Loss=0.0100 Acc=100.0% | Test: Acc=3.1% | Best=3.1%(@600)
  from x3: 0.03 0.03 0.03 0.03 0.03 0.03 0.03 0.03 0.03 0.03 0.03 0.03 0.03
  per-rule acc: 0.03 0.03
Epoch 620 | Train: Loss=0.0103 Acc=100.0% | Test: Acc=3.4% | Best=3.4%(@620)
  from x3: 0.04 0.03 0.03 0.03 0.03 0.03 0.03 0.03 0.03 0.03 0.03 0.03 0.03
  per-rule acc: 0.03 0.04
Epoch 640 | Train: Loss=0.0122 Acc=99.9% | Test: Acc=3.2% | Best=3.4%(@620)
  from x3: 0.04 0.03 0.03 0.03 0.03 0.03 0.03 0.03 0.03 0.03 0.03 0.03 0.03
  per-rule acc: 0.03 0.04
Epoch 660 | Train: Loss=0.0071 Acc=100.0% | Test: Acc=3.5% | Best=3.5%(@660)
  from x3: 0.04 0.03 0.03 0.03 0.03 0.03 0.03 0.03 0.03 0.03 0.03 0.03 0.03
  per-rule acc: 0.03 0.04
Epoch 680 | Train: Loss=0.0124 Acc=100.0% | Test: Acc=3.7% | Best=3.7%(@680)
  from x3: 0.04 0.04 0.04 0.04 0.04 0.04 0.04 0.04 0.04 0.04 0.04 0.04 0.04
  per-rule acc: 0.03 0.04
Epoch 700 | Train: Loss=0.0083 Acc=100.0% | Test: Acc=4.0% | Best=4.0%(@700)
  from x3: 0.05 0.04 0.04 0.04 0.04 0.04 0.04 0.04 0.04 0.04 0.04 0.04 0.04
  per-rule acc: 0.03 0.05
Epoch 720 | Train: Loss=0.0084 Acc=100.0% | Test: Acc=4.7% | Best=4.7%(@720)
  from x3: 0.05 0.05 0.05 0.05 0.05 0.05 0.05 0.05 0.05 0.05 0.05 0.05 0.05
  per-rule acc: 0.03 0.06
Epoch 740 | Train: Loss=0.0090 Acc=99.9% | Test: Acc=5.1% | Best=5.1%(@740)
  from x3: 0.06 0.05 0.05 0.05 0.05 0.05 0.05 0.05 0.05 0.05 0.05 0.05 0.05
  per-rule acc: 0.03 0.07
Epoch 760 | Train: Loss=0.0130 Acc=99.9% | Test: Acc=5.6% | Best=5.6%(@760)
  from x3: 0.06 0.06 0.06 0.06 0.06 0.05 0.05 0.05 0.05 0.05 0.05 0.05 0.06
  per-rule acc: 0.03 0.08
Epoch 780 | Train: Loss=0.0084 Acc=100.0% | Test: Acc=6.9% | Best=6.9%(@780)
  from x3: 0.07 0.07 0.07 0.07 0.07 0.07 0.07 0.07 0.07 0.07 0.07 0.07 0.07
  per-rule acc: 0.03 0.10
Epoch 800 | Train: Loss=0.0069 Acc=100.0% | Test: Acc=8.1% | Best=8.1%(@800)
  from x3: 0.09 0.08 0.08 0.08 0.08 0.08 0.08 0.08 0.08 0.08 0.08 0.08 0.08
  per-rule acc: 0.04 0.13
Epoch 820 | Train: Loss=0.0076 Acc=100.0% | Test: Acc=8.9% | Best=8.9%(@820)
  from x3: 0.10 0.09 0.09 0.09 0.09 0.09 0.09 0.09 0.09 0.09 0.09 0.09 0.09
  per-rule acc: 0.04 0.14
Epoch 840 | Train: Loss=0.0092 Acc=99.9% | Test: Acc=10.8% | Best=10.8%(@840)
  from x3: 0.12 0.11 0.11 0.11 0.11 0.11 0.11 0.11 0.11 0.11 0.11 0.10 0.11
  per-rule acc: 0.04 0.18
Epoch 860 | Train: Loss=0.0094 Acc=100.0% | Test: Acc=13.1% | Best=13.1%(@860)
  from x3: 0.14 0.13 0.13 0.13 0.13 0.13 0.13 0.13 0.13 0.13 0.13 0.13 0.13
  per-rule acc: 0.04 0.22
Epoch 880 | Train: Loss=0.0077 Acc=100.0% | Test: Acc=15.0% | Best=15.0%(@880)
  from x3: 0.16 0.15 0.15 0.15 0.15 0.15 0.15 0.15 0.15 0.15 0.15 0.15 0.15
  per-rule acc: 0.04 0.26
Epoch 900 | Train: Loss=0.0135 Acc=99.9% | Test: Acc=18.7% | Best=18.7%(@900)
  from x3: 0.19 0.19 0.19 0.19 0.19 0.19 0.19 0.19 0.19 0.19 0.19 0.18 0.19
  per-rule acc: 0.05 0.32
Epoch 920 | Train: Loss=0.0072 Acc=100.0% | Test: Acc=22.8% | Best=22.8%(@920)
  from x3: 0.24 0.23 0.23 0.23 0.23 0.23 0.23 0.23 0.23 0.23 0.22 0.22 0.22
  per-rule acc: 0.05 0.40
Epoch 940 | Train: Loss=0.0154 Acc=99.9% | Test: Acc=25.0% | Best=25.0%(@940)
  from x3: 0.26 0.25 0.25 0.25 0.25 0.25 0.25 0.25 0.25 0.25 0.25 0.25 0.25
  per-rule acc: 0.06 0.45
Epoch 960 | Train: Loss=0.0079 Acc=100.0% | Test: Acc=31.4% | Best=31.4%(@960)
  from x3: 0.33 0.32 0.32 0.31 0.31 0.31 0.31 0.31 0.31 0.31 0.31 0.31 0.31
  per-rule acc: 0.07 0.56
Epoch 980 | Train: Loss=0.0073 Acc=100.0% | Test: Acc=39.0% | Best=39.0%(@980)
  from x3: 0.40 0.39 0.39 0.39 0.39 0.39 0.39 0.39 0.39 0.39 0.38 0.38 0.38
  per-rule acc: 0.08 0.70
Epoch 1000 | Train: Loss=0.0155 Acc=99.9% | Test: Acc=39.7% | Best=39.7%(@1000)
  from x3: 0.41 0.40 0.40 0.40 0.40 0.40 0.40 0.40 0.40 0.40 0.40 0.39 0.40
  per-rule acc: 0.08 0.72
Epoch 1020 | Train: Loss=0.0063 Acc=100.0% | Test: Acc=47.0% | Best=47.0%(@1020)
  from x3: 0.48 0.47 0.47 0.47 0.47 0.47 0.47 0.47 0.47 0.47 0.47 0.47 0.47
  per-rule acc: 0.10 0.85
Epoch 1040 | Train: Loss=0.0077 Acc=100.0% | Test: Acc=50.0% | Best=50.0%(@1040)
  from x3: 0.51 0.50 0.50 0.50 0.50 0.50 0.50 0.50 0.50 0.50 0.50 0.50 0.50
  per-rule acc: 0.10 0.90
Epoch 1060 | Train: Loss=0.0074 Acc=99.9% | Test: Acc=51.4% | Best=51.4%(@1060)
  from x3: 0.51 0.51 0.51 0.51 0.51 0.51 0.51 0.51 0.51 0.51 0.51 0.51 0.51
  per-rule acc: 0.11 0.92
Epoch 1080 | Train: Loss=0.0060 Acc=100.0% | Test: Acc=55.0% | Best=55.0%(@1080)
  from x3: 0.55 0.55 0.55 0.55 0.55 0.55 0.55 0.55 0.55 0.55 0.55 0.55 0.55
  per-rule acc: 0.13 0.97
Epoch 1100 | Train: Loss=0.0060 Acc=100.0% | Test: Acc=56.7% | Best=56.7%(@1100)
  from x3: 0.57 0.56 0.57 0.57 0.57 0.57 0.57 0.57 0.57 0.57 0.57 0.57 0.57
  per-rule acc: 0.15 0.98
Epoch 1120 | Train: Loss=0.0100 Acc=99.9% | Test: Acc=56.4% | Best=56.7%(@1100)
  from x3: 0.56 0.56 0.56 0.56 0.56 0.56 0.56 0.56 0.56 0.56 0.56 0.56 0.56
  per-rule acc: 0.15 0.98
Epoch 1140 | Train: Loss=0.0060 Acc=100.0% | Test: Acc=59.9% | Best=59.9%(@1140)
  from x3: 0.59 0.60 0.60 0.60 0.60 0.60 0.60 0.60 0.60 0.60 0.60 0.60 0.60
  per-rule acc: 0.20 1.00
Epoch 1160 | Train: Loss=0.0053 Acc=100.0% | Test: Acc=61.2% | Best=61.2%(@1160)
  from x3: 0.61 0.61 0.61 0.61 0.61 0.61 0.61 0.61 0.61 0.61 0.61 0.61 0.61
  per-rule acc: 0.23 1.00
Epoch 1180 | Train: Loss=0.0074 Acc=100.0% | Test: Acc=62.4% | Best=62.4%(@1180)
  from x3: 0.62 0.62 0.62 0.62 0.62 0.62 0.62 0.62 0.63 0.63 0.63 0.63 0.63
  per-rule acc: 0.25 1.00
Epoch 1200 | Train: Loss=0.0050 Acc=100.0% | Test: Acc=64.7% | Best=64.7%(@1200)
  from x3: 0.64 0.65 0.65 0.65 0.65 0.65 0.65 0.65 0.65 0.65 0.65 0.65 0.65
  per-rule acc: 0.29 1.00
Epoch 1220 | Train: Loss=0.0303 Acc=100.0% | Test: Acc=62.2% | Best=64.7%(@1200)
  from x3: 0.62 0.62 0.62 0.62 0.62 0.62 0.62 0.62 0.62 0.62 0.62 0.62 0.62
  per-rule acc: 0.25 1.00
Epoch 1240 | Train: Loss=0.0064 Acc=100.0% | Test: Acc=68.8% | Best=68.8%(@1240)
  from x3: 0.68 0.69 0.69 0.69 0.69 0.69 0.69 0.69 0.69 0.69 0.69 0.69 0.69
  per-rule acc: 0.38 1.00
Epoch 1260 | Train: Loss=0.0052 Acc=100.0% | Test: Acc=71.2% | Best=71.2%(@1260)
  from x3: 0.71 0.71 0.71 0.71 0.71 0.71 0.71 0.71 0.71 0.71 0.71 0.71 0.71
  per-rule acc: 0.42 1.00
Epoch 1280 | Train: Loss=0.0041 Acc=100.0% | Test: Acc=74.2% | Best=74.2%(@1280)
  from x3: 0.74 0.74 0.74 0.74 0.74 0.74 0.74 0.74 0.74 0.74 0.74 0.74 0.75
  per-rule acc: 0.48 1.00
Epoch 1300 | Train: Loss=0.0065 Acc=100.0% | Test: Acc=74.7% | Best=74.7%(@1300)
  from x3: 0.74 0.75 0.75 0.75 0.75 0.75 0.75 0.75 0.75 0.75 0.75 0.75 0.75
  per-rule acc: 0.49 1.00
Epoch 1320 | Train: Loss=0.0129 Acc=99.9% | Test: Acc=72.9% | Best=74.7%(@1300)
  from x3: 0.72 0.72 0.73 0.73 0.73 0.73 0.73 0.73 0.73 0.73 0.73 0.73 0.73
  per-rule acc: 0.46 1.00
Epoch 1340 | Train: Loss=0.0037 Acc=100.0% | Test: Acc=80.3% | Best=80.3%(@1340)
  from x3: 0.80 0.80 0.80 0.80 0.80 0.80 0.80 0.80 0.80 0.80 0.80 0.80 0.80
  per-rule acc: 0.61 1.00
Epoch 1360 | Train: Loss=0.0047 Acc=100.0% | Test: Acc=80.4% | Best=80.4%(@1360)
  from x3: 0.80 0.81 0.80 0.80 0.80 0.80 0.81 0.80 0.80 0.80 0.81 0.80 0.81
  per-rule acc: 0.61 1.00
Epoch 1380 | Train: Loss=0.0039 Acc=100.0% | Test: Acc=82.9% | Best=82.9%(@1380)
  from x3: 0.83 0.83 0.83 0.83 0.83 0.83 0.83 0.83 0.83 0.83 0.83 0.83 0.83
  per-rule acc: 0.66 1.00
Epoch 1400 | Train: Loss=0.0046 Acc=100.0% | Test: Acc=82.9% | Best=82.9%(@1400)
  from x3: 0.83 0.83 0.83 0.83 0.83 0.83 0.83 0.83 0.83 0.83 0.83 0.83 0.83
  per-rule acc: 0.66 1.00
Epoch 1420 | Train: Loss=0.0044 Acc=100.0% | Test: Acc=85.1% | Best=85.1%(@1420)
  from x3: 0.85 0.85 0.85 0.85 0.85 0.85 0.85 0.85 0.85 0.85 0.85 0.85 0.85
  per-rule acc: 0.70 1.00
Epoch 1440 | Train: Loss=0.0050 Acc=100.0% | Test: Acc=85.7% | Best=85.7%(@1440)
  from x3: 0.86 0.86 0.86 0.86 0.86 0.86 0.86 0.86 0.86 0.86 0.86 0.86 0.86
  per-rule acc: 0.71 1.00
Epoch 1460 | Train: Loss=0.0050 Acc=100.0% | Test: Acc=85.5% | Best=85.7%(@1440)
  from x3: 0.86 0.86 0.86 0.86 0.86 0.86 0.86 0.86 0.86 0.86 0.85 0.85 0.85
  per-rule acc: 0.71 1.00
Epoch 1480 | Train: Loss=0.0047 Acc=100.0% | Test: Acc=87.2% | Best=87.2%(@1480)
  from x3: 0.87 0.87 0.87 0.87 0.87 0.87 0.87 0.87 0.87 0.87 0.87 0.87 0.87
  per-rule acc: 0.75 1.00
Epoch 1500 | Train: Loss=0.0043 Acc=100.0% | Test: Acc=87.1% | Best=87.2%(@1480)
  from x3: 0.87 0.87 0.87 0.87 0.87 0.87 0.87 0.87 0.87 0.87 0.87 0.87 0.87
  per-rule acc: 0.74 1.00
Epoch 1520 | Train: Loss=0.0046 Acc=100.0% | Test: Acc=87.9% | Best=87.9%(@1520)
  from x3: 0.88 0.88 0.88 0.88 0.88 0.88 0.88 0.88 0.88 0.88 0.88 0.88 0.88
  per-rule acc: 0.76 1.00
Epoch 1540 | Train: Loss=0.0066 Acc=100.0% | Test: Acc=88.1% | Best=88.1%(@1540)
  from x3: 0.88 0.88 0.88 0.88 0.88 0.88 0.88 0.88 0.88 0.88 0.88 0.88 0.88
  per-rule acc: 0.76 1.00
Epoch 1560 | Train: Loss=0.0055 Acc=100.0% | Test: Acc=88.7% | Best=88.7%(@1560)
  from x3: 0.89 0.89 0.89 0.89 0.89 0.89 0.89 0.89 0.89 0.89 0.89 0.89 0.89
  per-rule acc: 0.77 1.00
Epoch 1580 | Train: Loss=0.0044 Acc=100.0% | Test: Acc=89.5% | Best=89.5%(@1580)
  from x3: 0.90 0.90 0.89 0.89 0.89 0.89 0.89 0.89 0.89 0.89 0.89 0.89 0.89
  per-rule acc: 0.79 1.00
Epoch 1600 | Train: Loss=0.0055 Acc=100.0% | Test: Acc=89.6% | Best=89.6%(@1600)
  from x3: 0.90 0.89 0.89 0.90 0.90 0.90 0.90 0.90 0.90 0.90 0.90 0.90 0.90
  per-rule acc: 0.79 1.00
Epoch 1620 | Train: Loss=0.0047 Acc=100.0% | Test: Acc=90.0% | Best=90.0%(@1620)
  from x3: 0.90 0.90 0.90 0.90 0.90 0.90 0.90 0.90 0.90 0.90 0.90 0.90 0.90
  per-rule acc: 0.80 1.00
Epoch 1640 | Train: Loss=0.0054 Acc=100.0% | Test: Acc=89.8% | Best=90.0%(@1620)
  from x3: 0.90 0.90 0.90 0.90 0.90 0.90 0.90 0.90 0.90 0.90 0.90 0.90 0.90
  per-rule acc: 0.80 1.00
Epoch 1660 | Train: Loss=0.0047 Acc=100.0% | Test: Acc=90.4% | Best=90.4%(@1660)
  from x3: 0.91 0.90 0.90 0.90 0.90 0.90 0.90 0.90 0.90 0.90 0.90 0.90 0.90
  per-rule acc: 0.81 1.00
Epoch 1680 | Train: Loss=0.0036 Acc=100.0% | Test: Acc=90.3% | Best=90.4%(@1660)
  from x3: 0.91 0.90 0.90 0.90 0.90 0.90 0.90 0.90 0.90 0.90 0.90 0.90 0.90
  per-rule acc: 0.81 1.00
Epoch 1700 | Train: Loss=0.0034 Acc=100.0% | Test: Acc=91.1% | Best=91.1%(@1700)
  from x3: 0.91 0.91 0.91 0.91 0.91 0.91 0.91 0.91 0.91 0.91 0.91 0.91 0.91
  per-rule acc: 0.82 1.00
Epoch 1720 | Train: Loss=0.0053 Acc=100.0% | Test: Acc=91.1% | Best=91.1%(@1720)
  from x3: 0.91 0.91 0.91 0.91 0.91 0.91 0.91 0.91 0.91 0.91 0.91 0.91 0.91
  per-rule acc: 0.82 1.00
Epoch 1740 | Train: Loss=0.0042 Acc=100.0% | Test: Acc=91.6% | Best=91.6%(@1740)
  from x3: 0.92 0.92 0.92 0.92 0.92 0.92 0.92 0.92 0.92 0.92 0.92 0.92 0.91
  per-rule acc: 0.83 1.00
Epoch 1760 | Train: Loss=0.0057 Acc=100.0% | Test: Acc=91.5% | Best=91.6%(@1740)
  from x3: 0.91 0.91 0.92 0.92 0.92 0.92 0.92 0.92 0.92 0.91 0.91 0.91 0.92
  per-rule acc: 0.83 1.00
Epoch 1780 | Train: Loss=0.0041 Acc=100.0% | Test: Acc=92.0% | Best=92.0%(@1780)
  from x3: 0.92 0.92 0.92 0.92 0.92 0.92 0.92 0.92 0.92 0.92 0.92 0.92 0.92
  per-rule acc: 0.84 1.00
Epoch 1800 | Train: Loss=0.0049 Acc=100.0% | Test: Acc=92.3% | Best=92.3%(@1800)
  from x3: 0.93 0.92 0.92 0.92 0.92 0.92 0.92 0.92 0.92 0.92 0.92 0.92 0.92
  per-rule acc: 0.85 1.00
Epoch 1820 | Train: Loss=0.0032 Acc=100.0% | Test: Acc=92.6% | Best=92.6%(@1820)
  from x3: 0.93 0.93 0.93 0.93 0.93 0.93 0.93 0.93 0.93 0.93 0.92 0.92 0.92
  per-rule acc: 0.85 1.00
Epoch 1840 | Train: Loss=0.0037 Acc=100.0% | Test: Acc=92.6% | Best=92.6%(@1840)
  from x3: 0.93 0.93 0.93 0.93 0.93 0.93 0.93 0.93 0.93 0.93 0.93 0.93 0.93
  per-rule acc: 0.85 1.00
Epoch 1860 | Train: Loss=0.0036 Acc=100.0% | Test: Acc=92.9% | Best=92.9%(@1860)
  from x3: 0.93 0.93 0.93 0.93 0.93 0.93 0.93 0.93 0.93 0.93 0.93 0.93 0.93
  per-rule acc: 0.86 1.00
Epoch 1880 | Train: Loss=0.0033 Acc=100.0% | Test: Acc=93.0% | Best=93.0%(@1880)
  from x3: 0.93 0.93 0.93 0.93 0.93 0.93 0.93 0.93 0.93 0.93 0.93 0.93 0.93
  per-rule acc: 0.86 1.00
Epoch 1900 | Train: Loss=0.0140 Acc=99.9% | Test: Acc=92.1% | Best=93.0%(@1880)
  from x3: 0.92 0.92 0.92 0.92 0.92 0.92 0.92 0.92 0.92 0.92 0.92 0.92 0.92
  per-rule acc: 0.84 1.00
Epoch 1920 | Train: Loss=0.0033 Acc=100.0% | Test: Acc=93.1% | Best=93.1%(@1920)
  from x3: 0.93 0.93 0.93 0.93 0.93 0.93 0.93 0.93 0.93 0.93 0.93 0.93 0.93
  per-rule acc: 0.86 1.00
Epoch 1940 | Train: Loss=0.0029 Acc=100.0% | Test: Acc=93.4% | Best=93.4%(@1940)
  from x3: 0.93 0.93 0.94 0.93 0.93 0.93 0.93 0.93 0.93 0.93 0.93 0.93 0.93
  per-rule acc: 0.87 1.00
Epoch 1960 | Train: Loss=0.0024 Acc=100.0% | Test: Acc=93.4% | Best=93.4%(@1960)
  from x3: 0.94 0.93 0.93 0.93 0.93 0.93 0.93 0.93 0.93 0.93 0.93 0.93 0.93
  per-rule acc: 0.87 1.00
Epoch 1980 | Train: Loss=0.0025 Acc=100.0% | Test: Acc=93.5% | Best=93.5%(@1980)
  from x3: 0.94 0.94 0.94 0.94 0.94 0.93 0.94 0.93 0.93 0.93 0.93 0.93 0.93
  per-rule acc: 0.87 1.00
Epoch 2000 | Train: Loss=0.0031 Acc=100.0% | Test: Acc=93.7% | Best=93.7%(@2000)
  from x3: 0.93 0.94 0.94 0.94 0.94 0.94 0.94 0.94 0.94 0.94 0.94 0.94 0.94
  per-rule acc: 0.87 1.00
Epoch 2020 | Train: Loss=0.0055 Acc=100.0% | Test: Acc=93.8% | Best=93.8%(@2020)
  from x3: 0.94 0.94 0.94 0.94 0.94 0.94 0.94 0.94 0.94 0.94 0.94 0.94 0.94
  per-rule acc: 0.88 1.00
Epoch 2040 | Train: Loss=0.0026 Acc=100.0% | Test: Acc=94.0% | Best=94.0%(@2040)
  from x3: 0.94 0.94 0.94 0.94 0.94 0.94 0.94 0.94 0.94 0.94 0.94 0.94 0.94
  per-rule acc: 0.88 1.00
Epoch 2060 | Train: Loss=0.0022 Acc=100.0% | Test: Acc=94.4% | Best=94.4%(@2060)
  from x3: 0.94 0.94 0.95 0.95 0.95 0.95 0.95 0.94 0.94 0.94 0.94 0.94 0.94
  per-rule acc: 0.89 1.00
Epoch 2080 | Train: Loss=0.0025 Acc=100.0% | Test: Acc=94.2% | Best=94.4%(@2060)
  from x3: 0.94 0.94 0.94 0.94 0.94 0.94 0.94 0.94 0.94 0.94 0.94 0.94 0.94
  per-rule acc: 0.88 1.00
Epoch 2100 | Train: Loss=0.0027 Acc=100.0% | Test: Acc=94.2% | Best=94.4%(@2060)
  from x3: 0.95 0.94 0.94 0.94 0.94 0.94 0.94 0.94 0.94 0.94 0.94 0.94 0.94
  per-rule acc: 0.88 1.00
Epoch 2120 | Train: Loss=0.0041 Acc=100.0% | Test: Acc=94.3% | Best=94.4%(@2060)
  from x3: 0.94 0.94 0.94 0.94 0.94 0.94 0.94 0.94 0.94 0.94 0.94 0.94 0.94
  per-rule acc: 0.89 1.00
Epoch 2140 | Train: Loss=0.0025 Acc=100.0% | Test: Acc=94.6% | Best=94.6%(@2140)
  from x3: 0.95 0.94 0.95 0.95 0.95 0.95 0.95 0.95 0.95 0.95 0.94 0.95 0.95
  per-rule acc: 0.89 1.00
Epoch 2160 | Train: Loss=0.0028 Acc=100.0% | Test: Acc=94.5% | Best=94.6%(@2140)
  from x3: 0.95 0.94 0.94 0.95 0.95 0.95 0.94 0.94 0.94 0.94 0.94 0.94 0.94
  per-rule acc: 0.89 1.00
Epoch 2180 | Train: Loss=0.0030 Acc=100.0% | Test: Acc=94.8% | Best=94.8%(@2180)
  from x3: 0.95 0.95 0.95 0.95 0.95 0.95 0.95 0.95 0.95 0.95 0.95 0.95 0.95
  per-rule acc: 0.90 1.00
Epoch 2200 | Train: Loss=0.0027 Acc=100.0% | Test: Acc=94.7% | Best=94.8%(@2180)
  from x3: 0.95 0.95 0.95 0.95 0.95 0.95 0.95 0.95 0.95 0.95 0.95 0.95 0.95
  per-rule acc: 0.89 1.00
Epoch 2220 | Train: Loss=0.0023 Acc=100.0% | Test: Acc=94.7% | Best=94.8%(@2180)
  from x3: 0.95 0.95 0.95 0.95 0.95 0.95 0.95 0.95 0.95 0.95 0.95 0.95 0.95
  per-rule acc: 0.89 1.00
Epoch 2240 | Train: Loss=0.0023 Acc=100.0% | Test: Acc=94.7% | Best=94.8%(@2180)
  from x3: 0.95 0.95 0.95 0.95 0.95 0.95 0.95 0.95 0.95 0.95 0.95 0.95 0.95
  per-rule acc: 0.89 1.00
Epoch 2260 | Train: Loss=0.0027 Acc=100.0% | Test: Acc=94.7% | Best=94.8%(@2180)
  from x3: 0.95 0.95 0.95 0.95 0.95 0.95 0.95 0.95 0.95 0.95 0.95 0.95 0.95
  per-rule acc: 0.89 1.00
Epoch 2280 | Train: Loss=0.0025 Acc=100.0% | Test: Acc=94.6% | Best=94.8%(@2180)
  from x3: 0.95 0.95 0.95 0.95 0.95 0.95 0.95 0.95 0.95 0.95 0.95 0.95 0.95
  per-rule acc: 0.89 1.00
Epoch 2300 | Train: Loss=0.0019 Acc=100.0% | Test: Acc=94.9% | Best=94.9%(@2300)
  from x3: 0.95 0.95 0.95 0.95 0.95 0.95 0.95 0.95 0.95 0.95 0.95 0.95 0.95
  per-rule acc: 0.90 1.00
Epoch 2320 | Train: Loss=0.0024 Acc=100.0% | Test: Acc=94.9% | Best=94.9%(@2300)
  from x3: 0.95 0.95 0.95 0.95 0.95 0.95 0.95 0.95 0.95 0.95 0.95 0.95 0.95
  per-rule acc: 0.90 1.00
Epoch 2340 | Train: Loss=0.0035 Acc=100.0% | Test: Acc=94.8% | Best=94.9%(@2300)
  from x3: 0.95 0.95 0.95 0.95 0.95 0.95 0.95 0.95 0.95 0.95 0.95 0.95 0.95
  per-rule acc: 0.90 1.00
Epoch 2360 | Train: Loss=0.0063 Acc=100.0% | Test: Acc=93.9% | Best=94.9%(@2300)
  from x3: 0.94 0.94 0.94 0.94 0.94 0.94 0.94 0.94 0.94 0.94 0.94 0.94 0.94
  per-rule acc: 0.88 1.00
Epoch 2380 | Train: Loss=0.0023 Acc=100.0% | Test: Acc=94.8% | Best=94.9%(@2300)
  from x3: 0.95 0.95 0.95 0.95 0.95 0.95 0.95 0.95 0.95 0.95 0.95 0.95 0.95
  per-rule acc: 0.90 1.00
Epoch 2400 | Train: Loss=0.0018 Acc=100.0% | Test: Acc=95.0% | Best=95.0%(@2400)
  from x3: 0.95 0.95 0.95 0.95 0.95 0.95 0.95 0.95 0.95 0.95 0.95 0.95 0.95
  per-rule acc: 0.90 1.00
Epoch 2420 | Train: Loss=0.0037 Acc=100.0% | Test: Acc=94.9% | Best=95.0%(@2400)
  from x3: 0.95 0.95 0.95 0.95 0.95 0.95 0.95 0.95 0.95 0.95 0.95 0.95 0.95
  per-rule acc: 0.90 1.00
Epoch 2440 | Train: Loss=0.0025 Acc=100.0% | Test: Acc=94.9% | Best=95.0%(@2400)
  from x3: 0.95 0.95 0.95 0.95 0.95 0.95 0.95 0.95 0.95 0.95 0.95 0.95 0.95
  per-rule acc: 0.90 1.00
Epoch 2460 | Train: Loss=0.0046 Acc=100.0% | Test: Acc=94.7% | Best=95.0%(@2400)
  from x3: 0.95 0.95 0.95 0.95 0.95 0.95 0.95 0.95 0.95 0.95 0.95 0.95 0.95
  per-rule acc: 0.89 1.00
Epoch 2480 | Train: Loss=0.0049 Acc=100.0% | Test: Acc=94.5% | Best=95.0%(@2400)
  from x3: 0.95 0.94 0.94 0.95 0.95 0.95 0.95 0.94 0.94 0.94 0.94 0.94 0.94
  per-rule acc: 0.89 1.00
Epoch 2500 | Train: Loss=0.0021 Acc=100.0% | Test: Acc=95.0% | Best=95.0%(@2400)
  from x3: 0.95 0.95 0.95 0.95 0.95 0.95 0.95 0.95 0.95 0.95 0.95 0.95 0.95
  per-rule acc: 0.90 1.00
Epoch 2520 | Train: Loss=0.0038 Acc=100.0% | Test: Acc=94.8% | Best=95.0%(@2400)
  from x3: 0.95 0.95 0.95 0.95 0.95 0.95 0.95 0.95 0.95 0.95 0.95 0.95 0.95
  per-rule acc: 0.90 1.00
Epoch 2540 | Train: Loss=0.0043 Acc=100.0% | Test: Acc=94.5% | Best=95.0%(@2400)
  from x3: 0.95 0.94 0.95 0.95 0.95 0.95 0.95 0.95 0.95 0.94 0.94 0.94 0.94
  per-rule acc: 0.89 1.00
Epoch 2560 | Train: Loss=0.0019 Acc=100.0% | Test: Acc=94.7% | Best=95.0%(@2400)
  from x3: 0.95 0.95 0.95 0.95 0.95 0.95 0.95 0.95 0.95 0.95 0.95 0.95 0.95
  per-rule acc: 0.90 1.00
Epoch 2580 | Train: Loss=0.0039 Acc=100.0% | Test: Acc=94.8% | Best=95.0%(@2400)
  from x3: 0.95 0.95 0.95 0.95 0.95 0.95 0.95 0.95 0.95 0.95 0.95 0.95 0.95
  per-rule acc: 0.90 1.00
Epoch 2600 | Train: Loss=0.0034 Acc=100.0% | Test: Acc=93.7% | Best=95.0%(@2400)
  from x3: 0.94 0.94 0.94 0.94 0.94 0.94 0.94 0.94 0.94 0.94 0.94 0.94 0.94
  per-rule acc: 0.87 1.00
Epoch 2620 | Train: Loss=0.0020 Acc=100.0% | Test: Acc=94.6% | Best=95.0%(@2400)
  from x3: 0.95 0.94 0.95 0.95 0.95 0.95 0.95 0.95 0.95 0.95 0.95 0.95 0.94
  per-rule acc: 0.89 1.00
Epoch 2640 | Train: Loss=0.0023 Acc=100.0% | Test: Acc=94.6% | Best=95.0%(@2400)
  from x3: 0.95 0.94 0.95 0.95 0.95 0.95 0.95 0.95 0.95 0.95 0.95 0.95 0.94
  per-rule acc: 0.89 1.00
Epoch 2660 | Train: Loss=0.0016 Acc=100.0% | Test: Acc=94.6% | Best=95.0%(@2400)
  from x3: 0.95 0.94 0.95 0.95 0.95 0.95 0.95 0.95 0.95 0.95 0.95 0.95 0.95
  per-rule acc: 0.89 1.00
Epoch 2680 | Train: Loss=0.0019 Acc=100.0% | Test: Acc=94.5% | Best=95.0%(@2400)
  from x3: 0.95 0.94 0.95 0.95 0.95 0.95 0.95 0.94 0.95 0.95 0.95 0.94 0.94
  per-rule acc: 0.89 1.00
Epoch 2700 | Train: Loss=0.0024 Acc=100.0% | Test: Acc=94.5% | Best=95.0%(@2400)
  from x3: 0.95 0.94 0.94 0.94 0.94 0.94 0.94 0.94 0.94 0.94 0.95 0.95 0.95
  per-rule acc: 0.89 1.00
Epoch 2720 | Train: Loss=0.0015 Acc=100.0% | Test: Acc=94.8% | Best=95.0%(@2400)
  from x3: 0.95 0.95 0.95 0.95 0.95 0.95 0.95 0.95 0.95 0.95 0.95 0.95 0.95
  per-rule acc: 0.90 1.00
Epoch 2740 | Train: Loss=0.0023 Acc=100.0% | Test: Acc=94.6% | Best=95.0%(@2400)
  from x3: 0.95 0.95 0.95 0.95 0.95 0.95 0.95 0.95 0.95 0.95 0.95 0.95 0.95
  per-rule acc: 0.89 1.00
Epoch 2760 | Train: Loss=0.0031 Acc=100.0% | Test: Acc=94.6% | Best=95.0%(@2400)
  from x3: 0.95 0.95 0.95 0.95 0.95 0.95 0.95 0.95 0.95 0.95 0.95 0.94 0.94
  per-rule acc: 0.89 1.00
Epoch 2780 | Train: Loss=0.0021 Acc=100.0% | Test: Acc=94.7% | Best=95.0%(@2400)
  from x3: 0.95 0.95 0.95 0.95 0.95 0.95 0.95 0.95 0.95 0.95 0.95 0.95 0.95
  per-rule acc: 0.90 1.00
Epoch 2800 | Train: Loss=0.0019 Acc=100.0% | Test: Acc=94.8% | Best=95.0%(@2400)
  from x3: 0.95 0.95 0.95 0.95 0.95 0.95 0.95 0.95 0.95 0.95 0.95 0.95 0.95
  per-rule acc: 0.90 1.00
Epoch 2820 | Train: Loss=0.0021 Acc=100.0% | Test: Acc=94.7% | Best=95.0%(@2400)
  from x3: 0.95 0.95 0.95 0.95 0.95 0.95 0.95 0.95 0.95 0.95 0.95 0.95 0.95
  per-rule acc: 0.89 1.00
Epoch 2840 | Train: Loss=0.0023 Acc=100.0% | Test: Acc=94.7% | Best=95.0%(@2400)
  from x3: 0.95 0.95 0.95 0.95 0.95 0.95 0.95 0.95 0.95 0.95 0.95 0.95 0.95
  per-rule acc: 0.89 1.00
Epoch 2860 | Train: Loss=0.0030 Acc=100.0% | Test: Acc=94.4% | Best=95.0%(@2400)
  from x3: 0.95 0.94 0.94 0.94 0.94 0.94 0.94 0.94 0.94 0.94 0.94 0.94 0.94
  per-rule acc: 0.89 1.00
Epoch 2880 | Train: Loss=0.0037 Acc=100.0% | Test: Acc=94.6% | Best=95.0%(@2400)
  from x3: 0.95 0.95 0.95 0.95 0.95 0.95 0.95 0.95 0.95 0.95 0.95 0.95 0.94
  per-rule acc: 0.89 1.00
Epoch 2900 | Train: Loss=0.0028 Acc=100.0% | Test: Acc=94.4% | Best=95.0%(@2400)
  from x3: 0.95 0.94 0.94 0.95 0.95 0.95 0.94 0.94 0.94 0.94 0.94 0.94 0.94
  per-rule acc: 0.89 1.00
Epoch 2920 | Train: Loss=0.0044 Acc=100.0% | Test: Acc=94.5% | Best=95.0%(@2400)
  from x3: 0.95 0.94 0.94 0.94 0.94 0.94 0.94 0.94 0.94 0.94 0.94 0.94 0.95
  per-rule acc: 0.89 1.00
Epoch 2940 | Train: Loss=0.0027 Acc=100.0% | Test: Acc=94.6% | Best=95.0%(@2400)
  from x3: 0.95 0.94 0.95 0.95 0.95 0.95 0.95 0.95 0.95 0.95 0.95 0.95 0.95
  per-rule acc: 0.89 1.00
Epoch 2960 | Train: Loss=0.0019 Acc=100.0% | Test: Acc=94.7% | Best=95.0%(@2400)
  from x3: 0.95 0.95 0.95 0.95 0.95 0.95 0.95 0.95 0.95 0.95 0.95 0.95 0.95
  per-rule acc: 0.89 1.00
Epoch 2980 | Train: Loss=0.0018 Acc=100.0% | Test: Acc=94.9% | Best=95.0%(@2400)
  from x3: 0.95 0.95 0.95 0.95 0.95 0.95 0.95 0.95 0.95 0.95 0.95 0.95 0.95
  per-rule acc: 0.90 1.00
Epoch 3000 | Train: Loss=0.0024 Acc=100.0% | Test: Acc=94.7% | Best=95.0%(@2400)
  from x3: 0.95 0.95 0.95 0.95 0.95 0.95 0.95 0.95 0.95 0.95 0.95 0.95 0.95
  per-rule acc: 0.89 1.00
Epoch 3020 | Train: Loss=0.0022 Acc=100.0% | Test: Acc=94.8% | Best=95.0%(@2400)
  from x3: 0.95 0.95 0.95 0.95 0.95 0.95 0.95 0.95 0.95 0.95 0.95 0.95 0.95
  per-rule acc: 0.90 1.00
Epoch 3040 | Train: Loss=0.0017 Acc=100.0% | Test: Acc=95.0% | Best=95.0%(@3040)
  from x3: 0.95 0.95 0.95 0.95 0.95 0.95 0.95 0.95 0.95 0.95 0.95 0.95 0.95
  per-rule acc: 0.90 1.00
Epoch 3060 | Train: Loss=0.0018 Acc=100.0% | Test: Acc=95.0% | Best=95.0%(@3060)
  from x3: 0.95 0.95 0.95 0.95 0.95 0.95 0.95 0.95 0.95 0.95 0.95 0.95 0.95
  per-rule acc: 0.90 1.00
Epoch 3080 | Train: Loss=0.0021 Acc=100.0% | Test: Acc=94.8% | Best=95.0%(@3060)
  from x3: 0.95 0.95 0.95 0.95 0.95 0.95 0.95 0.95 0.95 0.95 0.95 0.95 0.95
  per-rule acc: 0.90 1.00
Epoch 3100 | Train: Loss=0.0013 Acc=100.0% | Test: Acc=95.0% | Best=95.0%(@3060)
  from x3: 0.96 0.95 0.95 0.95 0.95 0.95 0.95 0.95 0.95 0.95 0.95 0.95 0.95
  per-rule acc: 0.90 1.00
Epoch 3120 | Train: Loss=0.0021 Acc=100.0% | Test: Acc=94.9% | Best=95.0%(@3060)
  from x3: 0.95 0.95 0.95 0.95 0.95 0.95 0.95 0.95 0.95 0.95 0.95 0.95 0.95
  per-rule acc: 0.90 1.00
Epoch 3140 | Train: Loss=0.0029 Acc=100.0% | Test: Acc=94.6% | Best=95.0%(@3060)
  from x3: 0.95 0.95 0.95 0.95 0.95 0.95 0.95 0.95 0.95 0.95 0.95 0.95 0.94
  per-rule acc: 0.89 1.00
Epoch 3160 | Train: Loss=0.0018 Acc=100.0% | Test: Acc=95.0% | Best=95.0%(@3060)
  from x3: 0.95 0.95 0.95 0.95 0.95 0.95 0.95 0.95 0.95 0.95 0.95 0.95 0.95
  per-rule acc: 0.90 1.00
Epoch 3180 | Train: Loss=0.0014 Acc=100.0% | Test: Acc=94.9% | Best=95.0%(@3060)
  from x3: 0.95 0.95 0.95 0.95 0.95 0.95 0.95 0.95 0.95 0.95 0.95 0.95 0.95
  per-rule acc: 0.90 1.00
Epoch 3200 | Train: Loss=0.0016 Acc=100.0% | Test: Acc=94.9% | Best=95.0%(@3060)
  from x3: 0.95 0.95 0.95 0.95 0.95 0.95 0.95 0.95 0.95 0.95 0.95 0.95 0.95
  per-rule acc: 0.90 1.00
Epoch 3220 | Train: Loss=0.0042 Acc=99.9% | Test: Acc=94.5% | Best=95.0%(@3060)
  from x3: 0.95 0.95 0.95 0.95 0.95 0.95 0.95 0.95 0.95 0.95 0.95 0.94 0.94
  per-rule acc: 0.89 1.00
Epoch 3240 | Train: Loss=0.0021 Acc=100.0% | Test: Acc=94.9% | Best=95.0%(@3060)
  from x3: 0.95 0.95 0.95 0.95 0.95 0.95 0.95 0.95 0.95 0.95 0.95 0.95 0.95
  per-rule acc: 0.90 1.00
Epoch 3260 | Train: Loss=0.0021 Acc=100.0% | Test: Acc=94.9% | Best=95.0%(@3060)
  from x3: 0.95 0.95 0.95 0.95 0.95 0.95 0.95 0.95 0.95 0.95 0.95 0.95 0.95
  per-rule acc: 0.90 1.00
Epoch 3280 | Train: Loss=0.0018 Acc=100.0% | Test: Acc=94.9% | Best=95.0%(@3060)
  from x3: 0.95 0.95 0.95 0.95 0.95 0.95 0.95 0.95 0.95 0.95 0.95 0.95 0.95
  per-rule acc: 0.90 1.00
Epoch 3300 | Train: Loss=0.0015 Acc=100.0% | Test: Acc=95.0% | Best=95.0%(@3060)
  from x3: 0.95 0.95 0.95 0.95 0.95 0.95 0.95 0.95 0.95 0.95 0.95 0.95 0.95
  per-rule acc: 0.90 1.00
Epoch 3320 | Train: Loss=0.0028 Acc=100.0% | Test: Acc=95.0% | Best=95.0%(@3060)
  from x3: 0.95 0.95 0.95 0.95 0.95 0.95 0.95 0.95 0.95 0.95 0.95 0.95 0.95
  per-rule acc: 0.90 1.00
Epoch 3340 | Train: Loss=0.0025 Acc=100.0% | Test: Acc=94.9% | Best=95.0%(@3060)
  from x3: 0.95 0.95 0.95 0.95 0.95 0.95 0.95 0.95 0.95 0.95 0.95 0.95 0.95
  per-rule acc: 0.90 1.00
Epoch 3360 | Train: Loss=0.0020 Acc=100.0% | Test: Acc=95.1% | Best=95.1%(@3360)
  from x3: 0.95 0.95 0.95 0.95 0.95 0.95 0.95 0.95 0.95 0.95 0.95 0.95 0.95
  per-rule acc: 0.90 1.00
Epoch 3380 | Train: Loss=0.0021 Acc=100.0% | Test: Acc=95.2% | Best=95.2%(@3380)
  from x3: 0.95 0.95 0.95 0.95 0.95 0.95 0.95 0.95 0.95 0.95 0.95 0.95 0.95
  per-rule acc: 0.90 1.00
Epoch 3400 | Train: Loss=0.0044 Acc=100.0% | Test: Acc=94.9% | Best=95.2%(@3380)
  from x3: 0.95 0.95 0.95 0.95 0.95 0.95 0.95 0.95 0.95 0.95 0.95 0.95 0.95
  per-rule acc: 0.90 1.00
Epoch 3420 | Train: Loss=0.0019 Acc=100.0% | Test: Acc=95.2% | Best=95.2%(@3420)
  from x3: 0.95 0.95 0.95 0.95 0.95 0.95 0.95 0.95 0.95 0.95 0.95 0.95 0.95
  per-rule acc: 0.90 1.00
Epoch 3440 | Train: Loss=0.0019 Acc=100.0% | Test: Acc=95.3% | Best=95.3%(@3440)
  from x3: 0.95 0.95 0.95 0.95 0.95 0.95 0.95 0.95 0.95 0.95 0.95 0.95 0.95
  per-rule acc: 0.91 1.00
Epoch 3460 | Train: Loss=0.0019 Acc=100.0% | Test: Acc=95.2% | Best=95.3%(@3440)
  from x3: 0.95 0.95 0.95 0.95 0.95 0.95 0.95 0.95 0.95 0.95 0.95 0.95 0.95
  per-rule acc: 0.90 1.00
Epoch 3480 | Train: Loss=0.0018 Acc=100.0% | Test: Acc=95.1% | Best=95.3%(@3440)
  from x3: 0.95 0.95 0.95 0.95 0.95 0.95 0.95 0.95 0.95 0.95 0.95 0.95 0.95
  per-rule acc: 0.90 1.00
Epoch 3500 | Train: Loss=0.0018 Acc=100.0% | Test: Acc=95.1% | Best=95.3%(@3440)
  from x3: 0.95 0.95 0.95 0.95 0.95 0.95 0.95 0.95 0.95 0.95 0.95 0.95 0.95
  per-rule acc: 0.90 1.00
Epoch 3520 | Train: Loss=0.0023 Acc=100.0% | Test: Acc=95.1% | Best=95.3%(@3440)
  from x3: 0.95 0.95 0.95 0.95 0.95 0.95 0.95 0.95 0.95 0.95 0.95 0.95 0.95
  per-rule acc: 0.90 1.00
Epoch 3540 | Train: Loss=0.0028 Acc=100.0% | Test: Acc=95.0% | Best=95.3%(@3440)
  from x3: 0.95 0.95 0.95 0.95 0.95 0.95 0.95 0.95 0.95 0.95 0.95 0.95 0.95
  per-rule acc: 0.90 1.00
Epoch 3560 | Train: Loss=0.0018 Acc=100.0% | Test: Acc=95.2% | Best=95.3%(@3440)
  from x3: 0.95 0.95 0.95 0.95 0.95 0.95 0.95 0.95 0.95 0.95 0.95 0.95 0.95
  per-rule acc: 0.90 1.00
Epoch 3580 | Train: Loss=0.0014 Acc=100.0% | Test: Acc=95.4% | Best=95.4%(@3580)
  from x3: 0.96 0.95 0.95 0.95 0.95 0.95 0.95 0.95 0.95 0.95 0.95 0.95 0.95
  per-rule acc: 0.91 1.00
Epoch 3600 | Train: Loss=0.0022 Acc=100.0% | Test: Acc=94.8% | Best=95.4%(@3580)
  from x3: 0.95 0.95 0.95 0.95 0.95 0.95 0.95 0.95 0.95 0.95 0.95 0.95 0.95
  per-rule acc: 0.90 1.00
Epoch 3620 | Train: Loss=0.0015 Acc=100.0% | Test: Acc=95.1% | Best=95.4%(@3580)
  from x3: 0.95 0.95 0.95 0.95 0.95 0.95 0.95 0.95 0.95 0.95 0.95 0.95 0.95
  per-rule acc: 0.90 1.00
Epoch 3640 | Train: Loss=0.0015 Acc=100.0% | Test: Acc=95.2% | Best=95.4%(@3580)
  from x3: 0.95 0.95 0.95 0.95 0.95 0.95 0.95 0.95 0.95 0.95 0.95 0.95 0.95
  per-rule acc: 0.90 1.00
Epoch 3660 | Train: Loss=0.0016 Acc=100.0% | Test: Acc=95.0% | Best=95.4%(@3580)
  from x3: 0.95 0.95 0.95 0.95 0.95 0.95 0.95 0.95 0.95 0.95 0.95 0.95 0.95
  per-rule acc: 0.90 1.00
Epoch 3680 | Train: Loss=0.0014 Acc=100.0% | Test: Acc=95.5% | Best=95.5%(@3680)
  from x3: 0.96 0.95 0.96 0.95 0.96 0.96 0.96 0.95 0.95 0.95 0.95 0.95 0.95
  per-rule acc: 0.91 1.00
Epoch 3700 | Train: Loss=0.0026 Acc=100.0% | Test: Acc=95.1% | Best=95.5%(@3680)
  from x3: 0.95 0.95 0.95 0.95 0.95 0.95 0.95 0.95 0.95 0.95 0.95 0.95 0.95
  per-rule acc: 0.90 1.00
Epoch 3720 | Train: Loss=0.0023 Acc=100.0% | Test: Acc=95.2% | Best=95.5%(@3680)
  from x3: 0.95 0.95 0.95 0.95 0.95 0.95 0.95 0.95 0.95 0.95 0.95 0.95 0.95
  per-rule acc: 0.90 1.00
Epoch 3740 | Train: Loss=0.0018 Acc=100.0% | Test: Acc=95.4% | Best=95.5%(@3680)
  from x3: 0.96 0.95 0.95 0.95 0.95 0.95 0.95 0.95 0.95 0.95 0.95 0.95 0.95
  per-rule acc: 0.91 1.00
Epoch 3760 | Train: Loss=0.0038 Acc=100.0% | Test: Acc=95.1% | Best=95.5%(@3680)
  from x3: 0.95 0.95 0.95 0.95 0.95 0.95 0.95 0.95 0.95 0.95 0.95 0.95 0.95
  per-rule acc: 0.90 1.00
Epoch 3780 | Train: Loss=0.0018 Acc=100.0% | Test: Acc=95.4% | Best=95.5%(@3680)
  from x3: 0.95 0.95 0.95 0.95 0.95 0.95 0.95 0.95 0.95 0.95 0.95 0.95 0.95
  per-rule acc: 0.91 1.00
Epoch 3800 | Train: Loss=0.0017 Acc=100.0% | Test: Acc=95.5% | Best=95.5%(@3680)
  from x3: 0.96 0.95 0.95 0.95 0.96 0.96 0.95 0.95 0.96 0.96 0.95 0.95 0.95
  per-rule acc: 0.91 1.00
Epoch 3820 | Train: Loss=0.0020 Acc=100.0% | Test: Acc=95.4% | Best=95.5%(@3680)
  from x3: 0.95 0.95 0.95 0.95 0.95 0.95 0.95 0.95 0.95 0.95 0.95 0.95 0.95
  per-rule acc: 0.91 1.00
Epoch 3840 | Train: Loss=0.0017 Acc=100.0% | Test: Acc=95.5% | Best=95.5%(@3680)
  from x3: 0.96 0.95 0.95 0.95 0.95 0.95 0.95 0.95 0.95 0.95 0.95 0.95 0.96
  per-rule acc: 0.91 1.00
Epoch 3860 | Train: Loss=0.0026 Acc=100.0% | Test: Acc=95.5% | Best=95.5%(@3860)
  from x3: 0.96 0.95 0.95 0.95 0.95 0.96 0.96 0.95 0.95 0.95 0.95 0.95 0.95
  per-rule acc: 0.91 1.00
Epoch 3880 | Train: Loss=0.0018 Acc=100.0% | Test: Acc=95.5% | Best=95.5%(@3860)
  from x3: 0.96 0.95 0.96 0.96 0.96 0.95 0.96 0.95 0.95 0.95 0.95 0.95 0.95
  per-rule acc: 0.91 1.00
Epoch 3900 | Train: Loss=0.0022 Acc=100.0% | Test: Acc=95.4% | Best=95.5%(@3860)
  from x3: 0.96 0.95 0.95 0.95 0.95 0.95 0.95 0.95 0.95 0.95 0.95 0.95 0.95
  per-rule acc: 0.91 1.00
Epoch 3920 | Train: Loss=0.0016 Acc=100.0% | Test: Acc=95.6% | Best=95.6%(@3920)
  from x3: 0.96 0.96 0.96 0.96 0.96 0.96 0.96 0.96 0.96 0.96 0.96 0.96 0.96
  per-rule acc: 0.91 1.00
Epoch 3940 | Train: Loss=0.0016 Acc=100.0% | Test: Acc=95.4% | Best=95.6%(@3920)
  from x3: 0.96 0.95 0.95 0.95 0.95 0.95 0.95 0.95 0.95 0.95 0.95 0.95 0.95
  per-rule acc: 0.91 1.00
Epoch 3960 | Train: Loss=0.0023 Acc=100.0% | Test: Acc=95.4% | Best=95.6%(@3920)
  from x3: 0.96 0.95 0.95 0.95 0.95 0.95 0.95 0.95 0.95 0.95 0.95 0.95 0.95
  per-rule acc: 0.91 1.00
Epoch 3980 | Train: Loss=0.0015 Acc=100.0% | Test: Acc=95.5% | Best=95.6%(@3920)
  from x3: 0.96 0.95 0.95 0.96 0.96 0.96 0.96 0.96 0.96 0.96 0.96 0.96 0.96
  per-rule acc: 0.91 1.00
Epoch 4000 | Train: Loss=0.0017 Acc=100.0% | Test: Acc=95.4% | Best=95.6%(@3920)
  from x3: 0.96 0.95 0.95 0.95 0.95 0.95 0.95 0.95 0.95 0.95 0.95 0.95 0.95
  per-rule acc: 0.91 1.00
Epoch 4020 | Train: Loss=0.0016 Acc=100.0% | Test: Acc=95.7% | Best=95.7%(@4020)
  from x3: 0.96 0.96 0.96 0.96 0.96 0.96 0.96 0.96 0.96 0.96 0.96 0.96 0.96
  per-rule acc: 0.91 1.00
Epoch 4040 | Train: Loss=0.0023 Acc=100.0% | Test: Acc=95.5% | Best=95.7%(@4020)
  from x3: 0.96 0.96 0.95 0.95 0.95 0.96 0.96 0.96 0.95 0.95 0.95 0.95 0.95
  per-rule acc: 0.91 1.00
Epoch 4060 | Train: Loss=0.0020 Acc=100.0% | Test: Acc=95.6% | Best=95.7%(@4020)
  from x3: 0.96 0.96 0.95 0.96 0.96 0.96 0.96 0.96 0.96 0.96 0.95 0.95 0.95
  per-rule acc: 0.91 1.00
Epoch 4080 | Train: Loss=0.0017 Acc=100.0% | Test: Acc=95.7% | Best=95.7%(@4020)
  from x3: 0.96 0.96 0.96 0.96 0.96 0.96 0.96 0.96 0.96 0.96 0.96 0.96 0.96
  per-rule acc: 0.91 1.00
Epoch 4100 | Train: Loss=0.0014 Acc=100.0% | Test: Acc=95.7% | Best=95.7%(@4100)
  from x3: 0.96 0.96 0.96 0.96 0.96 0.96 0.96 0.96 0.96 0.96 0.96 0.96 0.96
  per-rule acc: 0.91 1.00
Epoch 4120 | Train: Loss=0.0019 Acc=100.0% | Test: Acc=95.4% | Best=95.7%(@4100)
  from x3: 0.96 0.96 0.95 0.95 0.95 0.95 0.95 0.95 0.95 0.95 0.95 0.95 0.95
  per-rule acc: 0.91 1.00
Epoch 4140 | Train: Loss=0.0015 Acc=100.0% | Test: Acc=95.8% | Best=95.8%(@4140)
  from x3: 0.96 0.96 0.96 0.96 0.96 0.96 0.96 0.96 0.96 0.96 0.96 0.96 0.96
  per-rule acc: 0.92 1.00
Epoch 4160 | Train: Loss=0.0018 Acc=100.0% | Test: Acc=95.6% | Best=95.8%(@4140)
  from x3: 0.96 0.96 0.96 0.96 0.96 0.96 0.96 0.96 0.96 0.96 0.96 0.96 0.96
  per-rule acc: 0.91 1.00
Epoch 4180 | Train: Loss=0.0018 Acc=100.0% | Test: Acc=95.5% | Best=95.8%(@4140)
  from x3: 0.96 0.96 0.96 0.96 0.96 0.96 0.96 0.95 0.95 0.95 0.95 0.95 0.95
  per-rule acc: 0.91 1.00
Epoch 4200 | Train: Loss=0.0015 Acc=100.0% | Test: Acc=95.6% | Best=95.8%(@4140)
  from x3: 0.96 0.96 0.96 0.96 0.96 0.96 0.96 0.96 0.96 0.95 0.95 0.96 0.95
  per-rule acc: 0.91 1.00
Epoch 4220 | Train: Loss=0.0020 Acc=100.0% | Test: Acc=95.5% | Best=95.8%(@4140)
  from x3: 0.96 0.96 0.95 0.96 0.96 0.96 0.96 0.96 0.95 0.95 0.95 0.95 0.95
  per-rule acc: 0.91 1.00
Epoch 4240 | Train: Loss=0.0016 Acc=100.0% | Test: Acc=95.6% | Best=95.8%(@4140)
  from x3: 0.96 0.95 0.96 0.96 0.96 0.96 0.96 0.96 0.95 0.96 0.96 0.96 0.96
  per-rule acc: 0.91 1.00
Epoch 4260 | Train: Loss=0.0051 Acc=100.0% | Test: Acc=95.4% | Best=95.8%(@4140)
  from x3: 0.95 0.96 0.95 0.95 0.95 0.95 0.95 0.95 0.95 0.95 0.95 0.95 0.95
  per-rule acc: 0.91 1.00
Epoch 4280 | Train: Loss=0.0014 Acc=100.0% | Test: Acc=95.5% | Best=95.8%(@4140)
  from x3: 0.96 0.96 0.95 0.95 0.95 0.95 0.96 0.96 0.95 0.95 0.95 0.95 0.95
  per-rule acc: 0.91 1.00
Epoch 4300 | Train: Loss=0.0016 Acc=100.0% | Test: Acc=95.4% | Best=95.8%(@4140)
  from x3: 0.96 0.95 0.95 0.95 0.95 0.95 0.95 0.95 0.95 0.95 0.95 0.95 0.95
  per-rule acc: 0.91 1.00
Epoch 4320 | Train: Loss=0.0016 Acc=100.0% | Test: Acc=95.4% | Best=95.8%(@4140)
  from x3: 0.95 0.95 0.95 0.95 0.95 0.95 0.95 0.95 0.95 0.95 0.95 0.95 0.95
  per-rule acc: 0.91 1.00
Epoch 4340 | Train: Loss=0.0015 Acc=100.0% | Test: Acc=95.4% | Best=95.8%(@4140)
  from x3: 0.95 0.95 0.95 0.95 0.95 0.95 0.95 0.95 0.95 0.95 0.95 0.95 0.95
  per-rule acc: 0.91 1.00
Epoch 4360 | Train: Loss=0.0014 Acc=100.0% | Test: Acc=95.7% | Best=95.8%(@4140)
  from x3: 0.96 0.96 0.96 0.96 0.96 0.96 0.96 0.96 0.96 0.96 0.96 0.96 0.96
  per-rule acc: 0.91 1.00
Epoch 4380 | Train: Loss=0.0017 Acc=100.0% | Test: Acc=95.5% | Best=95.8%(@4140)
  from x3: 0.96 0.95 0.95 0.95 0.95 0.95 0.95 0.95 0.95 0.96 0.95 0.95 0.95
  per-rule acc: 0.91 1.00
Epoch 4400 | Train: Loss=0.0017 Acc=100.0% | Test: Acc=95.4% | Best=95.8%(@4140)
  from x3: 0.96 0.95 0.95 0.95 0.95 0.95 0.95 0.95 0.95 0.95 0.95 0.95 0.95
  per-rule acc: 0.91 1.00
Epoch 4420 | Train: Loss=0.0017 Acc=100.0% | Test: Acc=95.4% | Best=95.8%(@4140)
  from x3: 0.96 0.95 0.95 0.95 0.95 0.96 0.95 0.95 0.95 0.95 0.95 0.95 0.95
  per-rule acc: 0.91 1.00
Epoch 4440 | Train: Loss=0.0013 Acc=100.0% | Test: Acc=95.5% | Best=95.8%(@4140)
  from x3: 0.96 0.96 0.95 0.95 0.95 0.95 0.95 0.95 0.95 0.95 0.95 0.95 0.95
  per-rule acc: 0.91 1.00
Epoch 4460 | Train: Loss=0.0017 Acc=100.0% | Test: Acc=95.4% | Best=95.8%(@4140)
  from x3: 0.96 0.95 0.95 0.95 0.95 0.95 0.95 0.95 0.95 0.95 0.95 0.95 0.95
  per-rule acc: 0.91 1.00
Epoch 4480 | Train: Loss=0.0018 Acc=100.0% | Test: Acc=95.4% | Best=95.8%(@4140)
  from x3: 0.96 0.95 0.95 0.95 0.95 0.95 0.95 0.95 0.95 0.95 0.95 0.95 0.95
  per-rule acc: 0.91 1.00
Epoch 4500 | Train: Loss=0.0021 Acc=100.0% | Test: Acc=95.2% | Best=95.8%(@4140)
  from x3: 0.96 0.95 0.95 0.95 0.95 0.95 0.95 0.95 0.95 0.95 0.95 0.95 0.95
  per-rule acc: 0.90 1.00
Epoch 4520 | Train: Loss=0.0016 Acc=100.0% | Test: Acc=95.4% | Best=95.8%(@4140)
  from x3: 0.96 0.95 0.95 0.95 0.95 0.95 0.95 0.95 0.95 0.95 0.95 0.95 0.95
  per-rule acc: 0.91 1.00
Epoch 4540 | Train: Loss=0.0015 Acc=100.0% | Test: Acc=95.4% | Best=95.8%(@4140)
  from x3: 0.96 0.95 0.95 0.95 0.95 0.95 0.95 0.95 0.95 0.95 0.95 0.95 0.95
  per-rule acc: 0.91 1.00
Epoch 4560 | Train: Loss=0.0015 Acc=100.0% | Test: Acc=95.4% | Best=95.8%(@4140)
  from x3: 0.96 0.95 0.95 0.95 0.95 0.95 0.95 0.95 0.95 0.95 0.95 0.95 0.95
  per-rule acc: 0.91 1.00
Epoch 4580 | Train: Loss=0.0014 Acc=100.0% | Test: Acc=95.4% | Best=95.8%(@4140)
  from x3: 0.96 0.95 0.95 0.95 0.95 0.95 0.95 0.95 0.95 0.95 0.95 0.95 0.95
  per-rule acc: 0.91 1.00
Epoch 4600 | Train: Loss=0.0012 Acc=100.0% | Test: Acc=95.5% | Best=95.8%(@4140)
  from x3: 0.96 0.95 0.95 0.95 0.95 0.96 0.95 0.95 0.95 0.95 0.95 0.95 0.95
  per-rule acc: 0.91 1.00
Epoch 4620 | Train: Loss=0.0015 Acc=100.0% | Test: Acc=95.4% | Best=95.8%(@4140)
  from x3: 0.96 0.95 0.95 0.95 0.95 0.95 0.95 0.95 0.95 0.95 0.95 0.95 0.95
  per-rule acc: 0.91 1.00
Epoch 4640 | Train: Loss=0.0021 Acc=100.0% | Test: Acc=95.3% | Best=95.8%(@4140)
  from x3: 0.96 0.95 0.95 0.95 0.95 0.95 0.95 0.95 0.95 0.95 0.95 0.95 0.95
  per-rule acc: 0.91 1.00
Epoch 4660 | Train: Loss=0.0013 Acc=100.0% | Test: Acc=95.4% | Best=95.8%(@4140)
  from x3: 0.96 0.95 0.95 0.95 0.95 0.95 0.95 0.95 0.95 0.95 0.95 0.95 0.95
  per-rule acc: 0.91 1.00
Epoch 4680 | Train: Loss=0.0015 Acc=100.0% | Test: Acc=95.1% | Best=95.8%(@4140)
  from x3: 0.96 0.95 0.95 0.95 0.95 0.95 0.95 0.95 0.95 0.95 0.95 0.95 0.95
  per-rule acc: 0.90 1.00
Epoch 4700 | Train: Loss=0.0013 Acc=100.0% | Test: Acc=95.3% | Best=95.8%(@4140)
  from x3: 0.96 0.95 0.95 0.95 0.95 0.95 0.95 0.95 0.95 0.95 0.95 0.95 0.95
  per-rule acc: 0.91 1.00
Epoch 4720 | Train: Loss=0.0024 Acc=100.0% | Test: Acc=95.3% | Best=95.8%(@4140)
  from x3: 0.96 0.95 0.95 0.95 0.95 0.95 0.95 0.95 0.95 0.95 0.95 0.95 0.95
  per-rule acc: 0.91 1.00
Epoch 4740 | Train: Loss=0.0030 Acc=100.0% | Test: Acc=95.1% | Best=95.8%(@4140)
  from x3: 0.96 0.95 0.95 0.95 0.95 0.95 0.95 0.95 0.95 0.95 0.95 0.95 0.95
  per-rule acc: 0.90 1.00
Epoch 4760 | Train: Loss=0.0020 Acc=100.0% | Test: Acc=95.4% | Best=95.8%(@4140)
  from x3: 0.96 0.95 0.95 0.95 0.95 0.95 0.95 0.95 0.95 0.95 0.95 0.95 0.95
  per-rule acc: 0.91 1.00
Epoch 4780 | Train: Loss=0.0017 Acc=100.0% | Test: Acc=95.4% | Best=95.8%(@4140)
  from x3: 0.96 0.95 0.95 0.95 0.95 0.96 0.95 0.95 0.95 0.95 0.95 0.95 0.95
  per-rule acc: 0.91 1.00
Epoch 4800 | Train: Loss=0.0015 Acc=100.0% | Test: Acc=95.6% | Best=95.8%(@4140)
  from x3: 0.96 0.96 0.96 0.96 0.96 0.96 0.96 0.96 0.96 0.96 0.96 0.95 0.95
  per-rule acc: 0.91 1.00
Epoch 4820 | Train: Loss=0.0019 Acc=100.0% | Test: Acc=95.4% | Best=95.8%(@4140)
  from x3: 0.96 0.95 0.95 0.95 0.95 0.95 0.95 0.95 0.95 0.95 0.95 0.95 0.95
  per-rule acc: 0.91 1.00
Epoch 4840 | Train: Loss=0.0017 Acc=100.0% | Test: Acc=95.4% | Best=95.8%(@4140)
  from x3: 0.96 0.95 0.96 0.95 0.95 0.95 0.95 0.95 0.95 0.95 0.95 0.95 0.95
  per-rule acc: 0.91 1.00
Epoch 4860 | Train: Loss=0.0021 Acc=100.0% | Test: Acc=95.4% | Best=95.8%(@4140)
  from x3: 0.96 0.95 0.95 0.95 0.95 0.95 0.95 0.95 0.95 0.95 0.95 0.95 0.95
  per-rule acc: 0.91 1.00
Epoch 4880 | Train: Loss=0.0016 Acc=100.0% | Test: Acc=95.4% | Best=95.8%(@4140)
  from x3: 0.96 0.95 0.95 0.95 0.95 0.95 0.95 0.95 0.95 0.95 0.95 0.95 0.95
  per-rule acc: 0.91 1.00
Epoch 4900 | Train: Loss=0.0020 Acc=100.0% | Test: Acc=95.3% | Best=95.8%(@4140)
  from x3: 0.96 0.95 0.95 0.95 0.95 0.95 0.95 0.95 0.95 0.95 0.95 0.95 0.95
  per-rule acc: 0.91 1.00
Epoch 4920 | Train: Loss=0.0014 Acc=100.0% | Test: Acc=95.4% | Best=95.8%(@4140)
  from x3: 0.96 0.95 0.95 0.95 0.95 0.95 0.95 0.95 0.95 0.95 0.95 0.95 0.95
  per-rule acc: 0.91 1.00
Epoch 4940 | Train: Loss=0.0017 Acc=100.0% | Test: Acc=95.3% | Best=95.8%(@4140)
  from x3: 0.95 0.95 0.95 0.95 0.95 0.95 0.95 0.95 0.95 0.95 0.95 0.95 0.95
  per-rule acc: 0.91 1.00
Epoch 4960 | Train: Loss=0.0015 Acc=100.0% | Test: Acc=95.3% | Best=95.8%(@4140)
  from x3: 0.96 0.95 0.95 0.95 0.95 0.95 0.95 0.95 0.95 0.95 0.95 0.95 0.95
  per-rule acc: 0.91 1.00
Epoch 4980 | Train: Loss=0.0019 Acc=100.0% | Test: Acc=95.3% | Best=95.8%(@4140)
  from x3: 0.96 0.95 0.95 0.95 0.95 0.95 0.95 0.95 0.95 0.95 0.95 0.95 0.95
  per-rule acc: 0.91 1.00
Epoch 5000 | Train: Loss=0.0027 Acc=100.0% | Test: Acc=95.4% | Best=95.8%(@4140)
  from x3: 0.95 0.95 0.95 0.95 0.95 0.95 0.95 0.95 0.95 0.95 0.95 0.95 0.95
  per-rule acc: 0.91 1.00
Epoch 5020 | Train: Loss=0.0013 Acc=100.0% | Test: Acc=95.5% | Best=95.8%(@4140)
  from x3: 0.96 0.95 0.96 0.96 0.96 0.96 0.96 0.96 0.95 0.95 0.95 0.95 0.95
  per-rule acc: 0.91 1.00
Epoch 5040 | Train: Loss=0.0043 Acc=100.0% | Test: Acc=95.6% | Best=95.8%(@4140)
  from x3: 0.96 0.96 0.96 0.96 0.96 0.96 0.96 0.96 0.96 0.96 0.96 0.96 0.96
  per-rule acc: 0.91 1.00
Epoch 5060 | Train: Loss=0.0018 Acc=100.0% | Test: Acc=95.8% | Best=95.8%(@5060)
  from x3: 0.96 0.96 0.96 0.96 0.96 0.96 0.96 0.96 0.96 0.96 0.96 0.96 0.96
  per-rule acc: 0.92 1.00
Epoch 5080 | Train: Loss=0.0017 Acc=100.0% | Test: Acc=95.8% | Best=95.8%(@5080)
  from x3: 0.96 0.96 0.96 0.96 0.96 0.96 0.96 0.96 0.96 0.96 0.96 0.96 0.96
  per-rule acc: 0.92 1.00
Epoch 5100 | Train: Loss=0.0016 Acc=100.0% | Test: Acc=95.8% | Best=95.8%(@5080)
  from x3: 0.96 0.96 0.96 0.96 0.96 0.96 0.96 0.96 0.96 0.96 0.96 0.96 0.96
  per-rule acc: 0.92 1.00
Epoch 5120 | Train: Loss=0.0015 Acc=100.0% | Test: Acc=95.8% | Best=95.8%(@5080)
  from x3: 0.96 0.96 0.96 0.96 0.96 0.96 0.96 0.96 0.96 0.96 0.96 0.96 0.96
  per-rule acc: 0.92 1.00
Epoch 5140 | Train: Loss=0.0014 Acc=100.0% | Test: Acc=95.8% | Best=95.8%(@5140)
  from x3: 0.96 0.96 0.96 0.96 0.96 0.96 0.96 0.96 0.96 0.96 0.96 0.96 0.96
  per-rule acc: 0.92 1.00
Epoch 5160 | Train: Loss=0.0012 Acc=100.0% | Test: Acc=96.0% | Best=96.0%(@5160)
  from x3: 0.96 0.96 0.96 0.96 0.96 0.96 0.96 0.96 0.96 0.96 0.96 0.96 0.96
  per-rule acc: 0.92 1.00
Epoch 5180 | Train: Loss=0.0015 Acc=100.0% | Test: Acc=95.9% | Best=96.0%(@5160)
  from x3: 0.96 0.96 0.96 0.96 0.96 0.96 0.96 0.96 0.96 0.96 0.96 0.96 0.96
  per-rule acc: 0.92 1.00
Epoch 5200 | Train: Loss=0.0013 Acc=100.0% | Test: Acc=95.9% | Best=96.0%(@5160)
  from x3: 0.96 0.96 0.96 0.96 0.96 0.96 0.96 0.96 0.96 0.96 0.96 0.96 0.96
  per-rule acc: 0.92 1.00
Epoch 5220 | Train: Loss=0.0018 Acc=100.0% | Test: Acc=96.1% | Best=96.1%(@5220)
  from x3: 0.96 0.96 0.96 0.96 0.96 0.96 0.96 0.96 0.96 0.96 0.96 0.96 0.96
  per-rule acc: 0.92 1.00
Epoch 5240 | Train: Loss=0.0014 Acc=100.0% | Test: Acc=95.9% | Best=96.1%(@5220)
  from x3: 0.96 0.96 0.96 0.96 0.96 0.96 0.96 0.96 0.96 0.96 0.96 0.96 0.96
  per-rule acc: 0.92 1.00
Epoch 5260 | Train: Loss=0.0012 Acc=100.0% | Test: Acc=95.9% | Best=96.1%(@5220)
  from x3: 0.96 0.96 0.96 0.96 0.96 0.96 0.96 0.96 0.96 0.96 0.96 0.96 0.96
  per-rule acc: 0.92 1.00
Epoch 5280 | Train: Loss=0.0021 Acc=100.0% | Test: Acc=96.0% | Best=96.1%(@5220)
  from x3: 0.96 0.96 0.96 0.96 0.96 0.96 0.96 0.96 0.96 0.96 0.96 0.96 0.96
  per-rule acc: 0.92 1.00
Epoch 5300 | Train: Loss=0.0022 Acc=100.0% | Test: Acc=95.9% | Best=96.1%(@5220)
  from x3: 0.96 0.96 0.96 0.96 0.96 0.96 0.96 0.96 0.96 0.96 0.96 0.96 0.96
  per-rule acc: 0.92 1.00
Epoch 5320 | Train: Loss=0.0017 Acc=100.0% | Test: Acc=95.8% | Best=96.1%(@5220)
  from x3: 0.96 0.96 0.96 0.96 0.96 0.96 0.96 0.96 0.96 0.96 0.96 0.96 0.96
  per-rule acc: 0.92 1.00
Epoch 5340 | Train: Loss=0.0012 Acc=100.0% | Test: Acc=95.8% | Best=96.1%(@5220)
  from x3: 0.96 0.96 0.96 0.96 0.96 0.96 0.96 0.96 0.96 0.96 0.96 0.96 0.96
  per-rule acc: 0.92 1.00
Epoch 5360 | Train: Loss=0.0035 Acc=100.0% | Test: Acc=96.0% | Best=96.1%(@5220)
  from x3: 0.96 0.96 0.96 0.96 0.96 0.96 0.96 0.96 0.96 0.96 0.96 0.96 0.96
  per-rule acc: 0.92 1.00
Epoch 5380 | Train: Loss=0.0017 Acc=100.0% | Test: Acc=95.8% | Best=96.1%(@5220)
  from x3: 0.96 0.96 0.96 0.96 0.96 0.96 0.96 0.96 0.96 0.96 0.96 0.96 0.96
  per-rule acc: 0.92 1.00
Epoch 5400 | Train: Loss=0.0013 Acc=100.0% | Test: Acc=95.9% | Best=96.1%(@5220)
  from x3: 0.96 0.96 0.96 0.96 0.96 0.96 0.96 0.96 0.96 0.96 0.96 0.96 0.96
  per-rule acc: 0.92 1.00
Epoch 5420 | Train: Loss=0.0012 Acc=100.0% | Test: Acc=95.9% | Best=96.1%(@5220)
  from x3: 0.96 0.96 0.96 0.96 0.96 0.96 0.96 0.96 0.96 0.96 0.96 0.96 0.96
  per-rule acc: 0.92 1.00
Epoch 5440 | Train: Loss=0.0012 Acc=100.0% | Test: Acc=96.0% | Best=96.1%(@5220)
  from x3: 0.96 0.96 0.96 0.96 0.96 0.96 0.96 0.96 0.96 0.96 0.96 0.96 0.96
  per-rule acc: 0.92 1.00
Epoch 5460 | Train: Loss=0.0011 Acc=100.0% | Test: Acc=96.1% | Best=96.1%(@5460)
  from x3: 0.96 0.96 0.96 0.96 0.96 0.96 0.96 0.96 0.96 0.96 0.96 0.96 0.96
  per-rule acc: 0.92 1.00
Epoch 5480 | Train: Loss=0.0013 Acc=100.0% | Test: Acc=96.0% | Best=96.1%(@5460)
  from x3: 0.96 0.96 0.96 0.96 0.96 0.96 0.96 0.96 0.96 0.96 0.96 0.96 0.96
  per-rule acc: 0.92 1.00
Epoch 5500 | Train: Loss=0.0014 Acc=100.0% | Test: Acc=95.9% | Best=96.1%(@5460)
  from x3: 0.96 0.96 0.96 0.96 0.96 0.96 0.96 0.96 0.96 0.96 0.96 0.96 0.96
  per-rule acc: 0.92 1.00
Epoch 5520 | Train: Loss=0.0013 Acc=100.0% | Test: Acc=95.9% | Best=96.1%(@5460)
  from x3: 0.96 0.96 0.96 0.96 0.96 0.96 0.96 0.96 0.96 0.96 0.96 0.96 0.96
  per-rule acc: 0.92 1.00
Epoch 5540 | Train: Loss=0.0015 Acc=100.0% | Test: Acc=95.9% | Best=96.1%(@5460)
  from x3: 0.96 0.96 0.96 0.96 0.96 0.96 0.96 0.96 0.96 0.96 0.96 0.96 0.96
  per-rule acc: 0.92 1.00
Epoch 5560 | Train: Loss=0.0012 Acc=100.0% | Test: Acc=96.0% | Best=96.1%(@5460)
  from x3: 0.96 0.96 0.96 0.96 0.96 0.96 0.96 0.96 0.96 0.96 0.96 0.96 0.96
  per-rule acc: 0.92 1.00
Epoch 5580 | Train: Loss=0.0010 Acc=100.0% | Test: Acc=95.9% | Best=96.1%(@5460)
  from x3: 0.96 0.96 0.96 0.96 0.96 0.96 0.96 0.96 0.96 0.96 0.96 0.96 0.96
  per-rule acc: 0.92 1.00
Epoch 5600 | Train: Loss=0.0032 Acc=100.0% | Test: Acc=95.9% | Best=96.1%(@5460)
  from x3: 0.96 0.96 0.96 0.96 0.96 0.96 0.96 0.96 0.96 0.96 0.96 0.96 0.96
  per-rule acc: 0.92 1.00
Epoch 5620 | Train: Loss=0.0011 Acc=100.0% | Test: Acc=96.0% | Best=96.1%(@5460)
  from x3: 0.96 0.96 0.96 0.96 0.96 0.96 0.96 0.96 0.96 0.96 0.96 0.96 0.96
  per-rule acc: 0.92 1.00
Epoch 5640 | Train: Loss=0.0021 Acc=100.0% | Test: Acc=95.8% | Best=96.1%(@5460)
  from x3: 0.96 0.96 0.96 0.96 0.96 0.96 0.96 0.96 0.96 0.96 0.96 0.96 0.96
  per-rule acc: 0.92 1.00
Epoch 5660 | Train: Loss=0.0012 Acc=100.0% | Test: Acc=95.9% | Best=96.1%(@5460)
  from x3: 0.96 0.96 0.96 0.96 0.96 0.96 0.96 0.96 0.96 0.96 0.96 0.96 0.96
  per-rule acc: 0.92 1.00
Epoch 5680 | Train: Loss=0.0029 Acc=100.0% | Test: Acc=96.0% | Best=96.1%(@5460)
  from x3: 0.96 0.96 0.96 0.96 0.96 0.96 0.96 0.96 0.96 0.96 0.96 0.96 0.96
  per-rule acc: 0.92 1.00
Epoch 5700 | Train: Loss=0.0015 Acc=100.0% | Test: Acc=95.8% | Best=96.1%(@5460)
  from x3: 0.96 0.96 0.96 0.96 0.96 0.96 0.96 0.96 0.96 0.96 0.96 0.96 0.96
  per-rule acc: 0.92 1.00
Epoch 5720 | Train: Loss=0.0014 Acc=100.0% | Test: Acc=95.9% | Best=96.1%(@5460)
  from x3: 0.96 0.96 0.96 0.96 0.96 0.96 0.96 0.96 0.96 0.96 0.96 0.96 0.96
  per-rule acc: 0.92 1.00
Epoch 5740 | Train: Loss=0.0014 Acc=100.0% | Test: Acc=95.9% | Best=96.1%(@5460)
  from x3: 0.96 0.96 0.96 0.96 0.96 0.96 0.96 0.96 0.96 0.96 0.96 0.96 0.96
  per-rule acc: 0.92 1.00
Epoch 5760 | Train: Loss=0.0013 Acc=100.0% | Test: Acc=95.8% | Best=96.1%(@5460)
  from x3: 0.96 0.96 0.96 0.96 0.96 0.96 0.96 0.96 0.96 0.96 0.96 0.96 0.96
  per-rule acc: 0.92 1.00
Epoch 5780 | Train: Loss=0.0020 Acc=100.0% | Test: Acc=95.9% | Best=96.1%(@5460)
  from x3: 0.96 0.96 0.96 0.96 0.96 0.96 0.96 0.96 0.96 0.96 0.96 0.96 0.96
  per-rule acc: 0.92 1.00
Epoch 5800 | Train: Loss=0.0012 Acc=100.0% | Test: Acc=96.0% | Best=96.1%(@5460)
  from x3: 0.96 0.96 0.96 0.96 0.96 0.96 0.96 0.96 0.96 0.96 0.96 0.96 0.96
  per-rule acc: 0.92 1.00
Epoch 5820 | Train: Loss=0.0016 Acc=100.0% | Test: Acc=95.8% | Best=96.1%(@5460)
  from x3: 0.96 0.96 0.96 0.96 0.96 0.96 0.96 0.96 0.96 0.96 0.96 0.96 0.96
  per-rule acc: 0.92 1.00
Epoch 5840 | Train: Loss=0.0011 Acc=100.0% | Test: Acc=96.0% | Best=96.1%(@5460)
  from x3: 0.96 0.96 0.96 0.96 0.96 0.96 0.96 0.96 0.96 0.96 0.96 0.96 0.96
  per-rule acc: 0.92 1.00
Epoch 5860 | Train: Loss=0.0011 Acc=100.0% | Test: Acc=96.0% | Best=96.1%(@5460)
  from x3: 0.96 0.96 0.96 0.96 0.96 0.96 0.96 0.96 0.96 0.96 0.96 0.96 0.96
  per-rule acc: 0.92 1.00
Epoch 5880 | Train: Loss=0.0012 Acc=100.0% | Test: Acc=95.9% | Best=96.1%(@5460)
  from x3: 0.96 0.96 0.96 0.96 0.96 0.96 0.96 0.96 0.96 0.96 0.96 0.96 0.96
  per-rule acc: 0.92 1.00
Epoch 5900 | Train: Loss=0.0015 Acc=100.0% | Test: Acc=95.9% | Best=96.1%(@5460)
  from x3: 0.96 0.96 0.96 0.96 0.96 0.96 0.96 0.96 0.96 0.96 0.96 0.96 0.96
  per-rule acc: 0.92 1.00
Epoch 5920 | Train: Loss=0.0012 Acc=100.0% | Test: Acc=95.9% | Best=96.1%(@5460)
  from x3: 0.96 0.96 0.96 0.96 0.96 0.96 0.96 0.96 0.96 0.96 0.96 0.96 0.96
  per-rule acc: 0.92 1.00
Epoch 5940 | Train: Loss=0.0009 Acc=100.0% | Test: Acc=95.9% | Best=96.1%(@5460)
  from x3: 0.96 0.96 0.96 0.96 0.96 0.96 0.96 0.96 0.96 0.96 0.96 0.96 0.96
  per-rule acc: 0.92 1.00
Epoch 5960 | Train: Loss=0.0017 Acc=100.0% | Test: Acc=95.8% | Best=96.1%(@5460)
  from x3: 0.96 0.96 0.96 0.96 0.96 0.96 0.96 0.96 0.96 0.96 0.96 0.96 0.96
  per-rule acc: 0.92 1.00
Epoch 5980 | Train: Loss=0.0014 Acc=100.0% | Test: Acc=95.9% | Best=96.1%(@5460)
  from x3: 0.96 0.96 0.96 0.96 0.96 0.96 0.96 0.96 0.96 0.96 0.96 0.96 0.96
  per-rule acc: 0.92 1.00
Epoch 6000 | Train: Loss=0.0009 Acc=100.0% | Test: Acc=95.9% | Best=96.1%(@5460)
  from x3: 0.96 0.96 0.96 0.96 0.96 0.96 0.96 0.96 0.96 0.96 0.96 0.96 0.96
  per-rule acc: 0.92 1.00
Epoch 6020 | Train: Loss=0.0015 Acc=100.0% | Test: Acc=95.9% | Best=96.1%(@5460)
  from x3: 0.96 0.96 0.96 0.96 0.96 0.96 0.96 0.96 0.96 0.96 0.96 0.96 0.96
  per-rule acc: 0.92 1.00
Epoch 6040 | Train: Loss=0.0010 Acc=100.0% | Test: Acc=95.9% | Best=96.1%(@5460)
  from x3: 0.96 0.96 0.96 0.96 0.96 0.96 0.96 0.96 0.96 0.96 0.96 0.96 0.96
  per-rule acc: 0.92 1.00
Epoch 6060 | Train: Loss=0.0018 Acc=100.0% | Test: Acc=95.8% | Best=96.1%(@5460)
  from x3: 0.96 0.96 0.96 0.96 0.96 0.96 0.96 0.96 0.96 0.96 0.96 0.96 0.96
  per-rule acc: 0.92 1.00
Epoch 6080 | Train: Loss=0.0009 Acc=100.0% | Test: Acc=95.8% | Best=96.1%(@5460)
  from x3: 0.96 0.96 0.96 0.96 0.96 0.96 0.96 0.96 0.96 0.96 0.96 0.96 0.96
  per-rule acc: 0.92 1.00
Epoch 6100 | Train: Loss=0.0011 Acc=100.0% | Test: Acc=95.8% | Best=96.1%(@5460)
  from x3: 0.96 0.96 0.96 0.96 0.96 0.96 0.96 0.96 0.96 0.96 0.96 0.96 0.96
  per-rule acc: 0.92 1.00
Epoch 6120 | Train: Loss=0.0012 Acc=100.0% | Test: Acc=95.9% | Best=96.1%(@5460)
  from x3: 0.96 0.96 0.96 0.96 0.96 0.96 0.96 0.96 0.96 0.96 0.96 0.96 0.96
  per-rule acc: 0.92 1.00
Epoch 6140 | Train: Loss=0.0012 Acc=100.0% | Test: Acc=95.9% | Best=96.1%(@5460)
  from x3: 0.96 0.96 0.96 0.96 0.96 0.96 0.96 0.96 0.96 0.96 0.96 0.96 0.96
  per-rule acc: 0.92 1.00
Epoch 6160 | Train: Loss=0.0012 Acc=100.0% | Test: Acc=95.8% | Best=96.1%(@5460)
  from x3: 0.96 0.96 0.96 0.96 0.96 0.96 0.96 0.96 0.96 0.96 0.96 0.96 0.96
  per-rule acc: 0.92 1.00
Epoch 6180 | Train: Loss=0.0011 Acc=100.0% | Test: Acc=96.0% | Best=96.1%(@5460)
  from x3: 0.96 0.96 0.96 0.96 0.96 0.96 0.96 0.96 0.96 0.96 0.96 0.96 0.96
  per-rule acc: 0.92 1.00
Epoch 6200 | Train: Loss=0.0012 Acc=100.0% | Test: Acc=95.9% | Best=96.1%(@5460)
  from x3: 0.96 0.96 0.96 0.96 0.96 0.96 0.96 0.96 0.96 0.96 0.96 0.96 0.96
  per-rule acc: 0.92 1.00
Epoch 6220 | Train: Loss=0.0012 Acc=100.0% | Test: Acc=95.9% | Best=96.1%(@5460)
  from x3: 0.96 0.96 0.96 0.96 0.96 0.96 0.96 0.96 0.96 0.96 0.96 0.96 0.96
  per-rule acc: 0.92 1.00
Epoch 6240 | Train: Loss=0.0019 Acc=100.0% | Test: Acc=95.8% | Best=96.1%(@5460)
  from x3: 0.96 0.96 0.96 0.96 0.96 0.96 0.96 0.96 0.96 0.96 0.96 0.96 0.96
  per-rule acc: 0.92 1.00
Epoch 6260 | Train: Loss=0.0011 Acc=100.0% | Test: Acc=95.9% | Best=96.1%(@5460)
  from x3: 0.96 0.96 0.96 0.96 0.96 0.96 0.96 0.96 0.96 0.96 0.96 0.96 0.96
  per-rule acc: 0.92 1.00
Epoch 6280 | Train: Loss=0.0010 Acc=100.0% | Test: Acc=95.9% | Best=96.1%(@5460)
  from x3: 0.96 0.96 0.96 0.96 0.96 0.96 0.96 0.96 0.96 0.96 0.96 0.96 0.96
  per-rule acc: 0.92 1.00
Epoch 6300 | Train: Loss=0.0010 Acc=100.0% | Test: Acc=95.9% | Best=96.1%(@5460)
  from x3: 0.96 0.96 0.96 0.96 0.96 0.96 0.96 0.96 0.96 0.96 0.96 0.96 0.96
  per-rule acc: 0.92 1.00
Epoch 6320 | Train: Loss=0.0010 Acc=100.0% | Test: Acc=95.8% | Best=96.1%(@5460)
  from x3: 0.96 0.96 0.96 0.96 0.96 0.96 0.96 0.96 0.96 0.96 0.96 0.96 0.96
  per-rule acc: 0.92 1.00
Epoch 6340 | Train: Loss=0.0009 Acc=100.0% | Test: Acc=95.8% | Best=96.1%(@5460)
  from x3: 0.96 0.96 0.96 0.96 0.96 0.96 0.96 0.96 0.96 0.96 0.96 0.96 0.96
  per-rule acc: 0.92 1.00
Epoch 6360 | Train: Loss=0.0010 Acc=100.0% | Test: Acc=95.8% | Best=96.1%(@5460)
  from x3: 0.96 0.96 0.96 0.96 0.96 0.96 0.96 0.96 0.96 0.96 0.96 0.96 0.96
  per-rule acc: 0.92 1.00
Epoch 6380 | Train: Loss=0.0009 Acc=100.0% | Test: Acc=95.8% | Best=96.1%(@5460)
  from x3: 0.96 0.96 0.96 0.96 0.96 0.96 0.96 0.96 0.96 0.96 0.96 0.96 0.96
  per-rule acc: 0.92 1.00
Epoch 6400 | Train: Loss=0.0029 Acc=100.0% | Test: Acc=95.7% | Best=96.1%(@5460)
  from x3: 0.96 0.96 0.96 0.96 0.96 0.96 0.96 0.96 0.96 0.96 0.95 0.95 0.95
  per-rule acc: 0.91 1.00
Epoch 6420 | Train: Loss=0.0009 Acc=100.0% | Test: Acc=95.7% | Best=96.1%(@5460)
  from x3: 0.96 0.96 0.96 0.96 0.96 0.96 0.96 0.96 0.96 0.96 0.96 0.96 0.96
  per-rule acc: 0.91 1.00
Epoch 6440 | Train: Loss=0.0010 Acc=100.0% | Test: Acc=95.7% | Best=96.1%(@5460)
  from x3: 0.96 0.96 0.96 0.96 0.96 0.96 0.96 0.96 0.96 0.96 0.96 0.96 0.96
  per-rule acc: 0.91 1.00
Epoch 6460 | Train: Loss=0.0009 Acc=100.0% | Test: Acc=95.7% | Best=96.1%(@5460)
  from x3: 0.96 0.96 0.96 0.96 0.96 0.96 0.96 0.96 0.96 0.96 0.96 0.96 0.96
  per-rule acc: 0.91 1.00
[Early stop] No improvement for 1000 consecutive epochs

==================================================
Saving model...
[OK] Model saved to: /home/cxm/ai/test0625-exposure/models/mixed_cond_d128l1_r8_e45.pth
  File size: 1418.0 KB
  Best test accuracy: 96.12%

==================================================
Final generation test (given first two items, AB generates 3rd as prompt, validate from 4th)
==================================================

--- AB pair 1: (1, 1) ---

--- Statistics for AB=(1,1) ---
Exposed    samples:  1296 | In-dist: 16848/16848 (100.0%) | OOD: 20655/20736 ( 99.6%)
Unexposed  samples:  1513 | In-dist: 18427/19669 ( 93.7%) | OOD: 23344/24208 ( 96.4%)

--- AB pair 2: (1, 2) ---

--- Statistics for AB=(1,2) ---
Exposed    samples:  1300 | In-dist: 16900/16900 (100.0%) | OOD: 20800/20800 (100.0%)
Unexposed  samples:  1509 | In-dist: 19617/19617 (100.0%) | OOD: 24132/24144 (100.0%)

--- Return code: 0 ---

======================================================================
Attention Analysis
======================================================================
Model config: addition (default), p=53
Best test accuracy: 0.9612075548541466
Training epochs: 6460

Random test sequence 1/5 (length 32): [39, 25, 11, 36, 47, 30, 24, 1, 25, 26, 51, 24, 22, 46, 15, 8, 23, 31, 1, 32]...

======================================================================
Attention Layer Training Result Summary
======================================================================
Input sequence: [39, 25, 11, 36, 47, 30, 24, 1, 25, 26, 51, 24, 22, 46, 15, 8, 23, 31, 1, 32, 33, 12, 45, 4, 49, 0, 49, 49, 45, 41, 33, 21]

--- Layer 0 ---
  Head 0: Entropy=1.507
    Attention coefficients from each query position to previous positions:
      i= 0 -> j=0:1.000
      i= 1 -> j=0:0.202, j=1:0.798
      i= 2 -> j=0:0.047, j=1:0.220, j=2:0.733
      i= 3 -> j=0:0.086, j=1:0.166, j=2:0.284, j=3:0.465
      i= 4 -> j=0:0.001, j=1:0.003, j=2:0.018, j=3:0.125, j=4:0.853
      i= 5 -> j=0:0.046, j=1:0.093, j=2:0.151, j=3:0.201, j=4:0.247, j=5:0.261
      i= 6 -> j=0:0.008, j=1:0.018, j=2:0.037, j=3:0.072, j=4:0.155, j=5:0.234, j=6:0.477
      i= 7 -> j=0:0.002, j=1:0.003, j=2:0.004, j=3:0.009, j=4:0.020, j=5:0.087, j=6:0.340, j=7:0.535
      i= 8 -> j=0:0.002, j=1:0.002, j=2:0.002, j=3:0.003, j=4:0.003, j=5:0.020, j=6:0.067, j=7:0.154, j=8:0.747
      i= 9 -> j=0:0.001, j=1:0.000, j=2:0.000, j=3:0.000, j=4:0.000, j=5:0.002, j=6:0.005, j=7:0.019, j=8:0.166, j=9:0.806
      i=10 -> j=0:0.005, j=1:0.004, j=2:0.003, j=3:0.003, j=4:0.001, j=5:0.005, j=6:0.008, j=7:0.020, j=8:0.081, j=9:0.265, j=10:0.604
      i=11 -> j=0:0.014, j=1:0.014, j=2:0.012, j=3:0.012, j=4:0.006, j=5:0.015, j=6:0.018, j=7:0.032, j=8:0.076, j=9:0.142, j=10:0.249, j=11:0.410
      i=12 -> j=0:0.006, j=1:0.008, j=2:0.008, j=3:0.007, j=4:0.004, j=5:0.007, j=6:0.004, j=7:0.006, j=8:0.011, j=9:0.024, j=10:0.088, j=11:0.284, j=12:0.542
      i=13 -> j=0:0.010, j=1:0.013, j=2:0.014, j=3:0.014, j=4:0.011, j=5:0.014, j=6:0.008, j=7:0.009, j=8:0.011, j=9:0.017, j=10:0.047, j=11:0.127, j=12:0.235, j=13:0.471
      i=14 -> j=0:0.011, j=1:0.012, j=2:0.014, j=3:0.015, j=4:0.013, j=5:0.015, j=6:0.009, j=7:0.008, j=8:0.007, j=9:0.010, j=10:0.025, j=11:0.066, j=12:0.115, j=13:0.221, j=14:0.461
      i=15 -> j=0:0.007, j=1:0.006, j=2:0.006, j=3:0.008, j=4:0.006, j=5:0.010, j=6:0.006, j=7:0.005, j=8:0.003, j=9:0.002, j=10:0.003, j=11:0.009, j=12:0.019, j=13:0.073, j=14:0.238, j=15:0.599
      i=16 -> j=0:0.021, j=1:0.017, j=2:0.015, j=3:0.018, j=4:0.013, j=5:0.021, j=6:0.018, j=7:0.018, j=8:0.012, j=9:0.009, j=10:0.009, j=11:0.013, j=12:0.018, j=13:0.041, j=14:0.091, j=15:0.205, j=16:0.462
      i=17 -> j=0:0.029, j=1:0.027, j=2:0.025, j=3:0.027, j=4:0.016, j=5:0.026, j=6:0.023, j=7:0.024, j=8:0.018, j=9:0.014, j=10:0.013, j=11:0.017, j=12:0.021, j=13:0.037, j=14:0.064, j=15:0.111, j=16:0.216, j=17:0.292
      i=18 -> j=0:0.015, j=1:0.012, j=2:0.010, j=3:0.009, j=4:0.005, j=5:0.009, j=6:0.006, j=7:0.009, j=8:0.007, j=9:0.005, j=10:0.004, j=11:0.003, j=12:0.003, j=13:0.004, j=14:0.008, j=15:0.020, j=16:0.087, j=17:0.279, j=18:0.504
      i=19 -> j=0:0.032, j=1:0.036, j=2:0.036, j=3:0.032, j=4:0.024, j=5:0.029, j=6:0.024, j=7:0.026, j=8:0.026, j=9:0.024, j=10:0.023, j=11:0.019, j=12:0.017, j=13:0.021, j=14:0.031, j=15:0.042, j=16:0.072, j=17:0.124, j=18:0.133, j=19:0.228
      i=20 -> j=0:0.013, j=1:0.014, j=2:0.014, j=3:0.012, j=4:0.009, j=5:0.010, j=6:0.007, j=7:0.007, j=8:0.006, j=9:0.006, j=10:0.007, j=11:0.006, j=12:0.004, j=13:0.003, j=14:0.004, j=15:0.004, j=16:0.009, j=17:0.031, j=18:0.065, j=19:0.197, j=20:0.572
      i=21 -> j=0:0.004, j=1:0.005, j=2:0.005, j=3:0.005, j=4:0.004, j=5:0.004, j=6:0.002, j=7:0.002, j=8:0.002, j=9:0.002, j=10:0.002, j=11:0.002, j=12:0.002, j=13:0.001, j=14:0.001, j=15:0.001, j=16:0.001, j=17:0.004, j=18:0.009, j=19:0.038, j=20:0.181, j=21:0.723
      i=22 -> j=0:0.020, j=1:0.021, j=2:0.022, j=3:0.023, j=4:0.020, j=5:0.023, j=6:0.017, j=7:0.015, j=8:0.011, j=9:0.010, j=10:0.011, j=11:0.013, j=12:0.013, j=13:0.010, j=14:0.009, j=15:0.006, j=16:0.007, j=17:0.012, j=18:0.017, j=19:0.037, j=20:0.084, j=21:0.213, j=22:0.389
      i=23 -> j=0:0.004, j=1:0.004, j=2:0.004, j=3:0.004, j=4:0.004, j=5:0.005, j=6:0.003, j=7:0.003, j=8:0.001, j=9:0.001, j=10:0.001, j=11:0.001, j=12:0.001, j=13:0.001, j=14:0.001, j=15:0.001, j=16:0.000, j=17:0.001, j=18:0.001, j=19:0.002, j=20:0.004, j=21:0.031, j=22:0.179, j=23:0.744
      i=24 -> j=0:0.023, j=1:0.023, j=2:0.022, j=3:0.023, j=4:0.019, j=5:0.024, j=6:0.021, j=7:0.021, j=8:0.016, j=9:0.012, j=10:0.011, j=11:0.010, j=12:0.011, j=13:0.011, j=14:0.011, j=15:0.009, j=16:0.007, j=17:0.008, j=18:0.006, j=19:0.010, j=20:0.012, j=21:0.031, j=22:0.080, j=23:0.183, j=24:0.395
      i=25 -> j=0:0.006, j=1:0.006, j=2:0.005, j=3:0.005, j=4:0.004, j=5:0.006, j=6:0.004, j=7:0.005, j=8:0.004, j=9:0.002, j=10:0.002, j=11:0.002, j=12:0.001, j=13:0.002, j=14:0.002, j=15:0.002, j=16:0.001, j=17:0.001, j=18:0.001, j=19:0.001, j=20:0.001, j=21:0.002, j=22:0.008, j=23:0.039, j=24:0.174, j=25:0.714
      i=26 -> j=0:0.025, j=1:0.024, j=2:0.024, j=3:0.023, j=4:0.019, j=5:0.023, j=6:0.020, j=7:0.022, j=8:0.020, j=9:0.018, j=10:0.015, j=11:0.012, j=12:0.010, j=13:0.010, j=14:0.012, j=15:0.011, j=16:0.010, j=17:0.011, j=18:0.008, j=19:0.008, j=20:0.005, j=21:0.005, j=22:0.012, j=23:0.027, j=24:0.073, j=25:0.182, j=26:0.372
      i=27 -> j=0:0.026, j=1:0.025, j=2:0.025, j=3:0.023, j=4:0.020, j=5:0.023, j=6:0.020, j=7:0.021, j=8:0.019, j=9:0.019, j=10:0.018, j=11:0.015, j=12:0.012, j=13:0.010, j=14:0.011, j=15:0.010, j=16:0.010, j=17:0.012, j=18:0.011, j=19:0.009, j=20:0.005, j=21:0.004, j=22:0.007, j=23:0.010, j=24:0.028, j=25:0.069, j=26:0.176, j=27:0.363
      i=28 -> j=0:0.025, j=1:0.025, j=2:0.024, j=3:0.023, j=4:0.020, j=5:0.023, j=6:0.020, j=7:0.020, j=8:0.019, j=9:0.019, j=10:0.019, j=11:0.018, j=12:0.015, j=13:0.012, j=14:0.012, j=15:0.009, j=16:0.010, j=17:0.013, j=18:0.013, j=19:0.010, j=20:0.007, j=21:0.004, j=22:0.006, j=23:0.006, j=24:0.015, j=25:0.029, j=26:0.073, j=27:0.163, j=28:0.347
      i=29 -> j=0:0.018, j=1:0.020, j=2:0.021, j=3:0.019, j=4:0.015, j=5:0.018, j=6:0.015, j=7:0.015, j=8:0.013, j=9:0.013, j=10:0.014, j=11:0.014, j=12:0.013, j=13:0.010, j=14:0.009, j=15:0.006, j=16:0.006, j=17:0.008, j=18:0.008, j=19:0.007, j=20:0.005, j=21:0.003, j=22:0.003, j=23:0.002, j=24:0.005, j=25:0.009, j=26:0.027, j=27:0.074, j=28:0.209, j=29:0.401
      i=30 -> j=0:0.016, j=1:0.017, j=2:0.018, j=3:0.016, j=4:0.015, j=5:0.016, j=6:0.014, j=7:0.014, j=8:0.012, j=9:0.011, j=10:0.012, j=11:0.012, j=12:0.012, j=13:0.010, j=14:0.008, j=15:0.006, j=16:0.005, j=17:0.006, j=18:0.006, j=19:0.006, j=20:0.005, j=21:0.004, j=22:0.003, j=23:0.002, j=24:0.003, j=25:0.003, j=26:0.008, j=27:0.020, j=28:0.063, j=29:0.183, j=30:0.472
      i=31 -> j=0:0.013, j=1:0.015, j=2:0.015, j=3:0.014, j=4:0.013, j=5:0.014, j=6:0.012, j=7:0.012, j=8:0.010, j=9:0.009, j=10:0.009, j=11:0.009, j=12:0.010, j=13:0.008, j=14:0.007, j=15:0.006, j=16:0.005, j=17:0.005, j=18:0.004, j=19:0.005, j=20:0.004, j=21:0.004, j=22:0.004, j=23:0.002, j=24:0.002, j=25:0.002, j=26:0.003, j=27:0.007, j=28:0.019, j=29:0.072, j=30:0.229, j=31:0.455
    Average attention per distance:
      d=0:0.537, d=1:0.212, d=2:0.085, d=3:0.037, d=4:0.016, d=10:0.010, d=11:0.011, d=15:0.011
      d=16:0.013, d=17:0.015, d=18:0.015, d=19:0.015, d=20:0.013, d=21:0.014, d=22:0.015, d=23:0.015
      d=24:0.017, d=25:0.017, d=26:0.021, d=27:0.020, d=28:0.019, d=29:0.017, d=30:0.015, d=31:0.013


======================================================================
QK Property Verification (Raw Scores, before Softmax)
======================================================================
Recurrence order init_len=2, num test sequences=1

--- [P1] Long-distance Orthogonality Verification ---
Ideal: raw_score mean ≈ 0 and small std when d > init_len

  Layer 0, Head 0:
    d= 1 (effective): mean=  1.749, std= 0.459, n=31
    d= 2 (effective): mean=  0.726, std= 0.157, n=30
    d>2 (long-distance): mean= -1.395, std= 0.737, n=435

--- [P2] Time-homogeneous Verification ---
Ideal: CV of raw_score across positions i ≈ 0 for fixed distance d
(CV = std / |mean|, smaller = more constant)

  Layer 0, Head 0:
    d= 1: mean=  1.749, std= 0.459, CV=0.263, n=31
    d= 2: mean=  0.726, std= 0.157, CV=0.217, n=30

======================================================================
QK Property Verification Completed
======================================================================
