=== Experiment: mixed_basic_d1024l4_r16_t16_e65 ===
Time: 2026-06-25T09:51:01.252879
Task type: mixed_ab
Merged config: {
  "P": 53,
  "TASK": "mixed_ab",
  "NUM_MASK": 0,
  "A": 1,
  "B": 1,
  "AB_PAIRS": [
    [
      1,
      1
    ],
    [
      1,
      2
    ]
  ],
  "D_MODEL": 1024,
  "N_HEAD": 1,
  "N_LAYER": 4,
  "BATCH_SIZE": 128,
  "EPOCHS": 10000,
  "LR": 0.0003,
  "SAVE_PATH": "models/mixed_basic_d1024l4_r16_t16_e65.pth",
  "USE_GREEDY_GENERATE": true,
  "USE_LEARNABLE_PE": false,
  "MLP_RATIO": 16,
  "TRAIN_LEN": 16,
  "OOD_LEN": 32,
  "DROPOUT": 0.0,
  "TARGET_INIT_COVERAGE": 0.5,
  "MAX_UNIQUE_RATIO": 0.5,
  "WEIGHT_DECAY": 1,
  "ENTROPY_PENALTY_WEIGHT": 0.0,
  "FIRST_TASK_WEIGHT": 1.0,
  "RANDOM_SEED": 42,
  "EVAL_INTERVAL": 20,
  "EARLY_STOP_NO_IMPROVE": 1000,
  "EARLY_STOP_ACCURACY": 0.99,
  "USE_AB_TAG": false,
  "USE_CONDITIONAL_WTE": false,
  "COND_WTE_SHARED_RATIO": 0.0,
  "MIXED_AB_MAX_UNIQUE_RATIOS": [
    0.65,
    0.65
  ]
}
--- output ---
Using device: cuda

[Dataset] Mixed mode: generated 3662 + 1956 samples, length 16
AB parameter pairs: [(1, 1), (1, 2)]
  - AB=(1,1): train 1836 | test 973 | exposed ~65.4%
  - AB=(1,2): train 1826 | test 983 | exposed ~65.0%
--------------------------------------------------
[Model config] block_size: 32, train length: 16
[Number theory] AB parameter pairs: [(1, 1), (1, 2)]


Model parameters: 151.68M

Start training...
Epoch   0 | Train: Loss=4.3433 Acc=4.3% | Test: Acc=0.9% | Best=0.9%(@0)
  from x3: 0.01 0.00 0.01 0.01 0.01 0.01 0.01 0.01 0.01 0.01 0.01 0.01 0.01
  per-rule acc: 0.01 0.01
Epoch  20 | Train: Loss=0.0156 Acc=99.7% | Test: Acc=2.5% | Best=2.5%(@20)
  from x3: 0.02 0.03 0.03 0.02 0.03 0.03 0.03 0.03 0.03 0.03 0.02 0.02 0.03
  per-rule acc: 0.04 0.01
Epoch  40 | Train: Loss=0.0326 Acc=99.3% | Test: Acc=3.4% | Best=3.4%(@40)
  from x3: 0.03 0.03 0.04 0.03 0.04 0.03 0.03 0.04 0.04 0.04 0.03 0.03 0.03
  per-rule acc: 0.05 0.02
Epoch  60 | Train: Loss=0.0304 Acc=99.4% | Test: Acc=3.2% | Best=3.4%(@40)
  from x3: 0.03 0.03 0.03 0.03 0.03 0.03 0.03 0.03 0.03 0.03 0.03 0.03 0.03
  per-rule acc: 0.05 0.01
Epoch  80 | Train: Loss=0.0190 Acc=99.6% | Test: Acc=3.9% | Best=3.9%(@80)
  from x3: 0.04 0.04 0.04 0.04 0.04 0.04 0.04 0.04 0.04 0.04 0.04 0.04 0.04
  per-rule acc: 0.07 0.01
Epoch 100 | Train: Loss=0.0251 Acc=99.6% | Test: Acc=4.6% | Best=4.6%(@100)
  from x3: 0.04 0.05 0.05 0.05 0.05 0.05 0.05 0.05 0.04 0.04 0.04 0.04 0.04
  per-rule acc: 0.08 0.01
Epoch 120 | Train: Loss=0.0034 Acc=99.9% | Test: Acc=4.7% | Best=4.7%(@120)
  from x3: 0.04 0.05 0.05 0.05 0.05 0.05 0.05 0.05 0.05 0.05 0.05 0.05 0.05
  per-rule acc: 0.08 0.01
Epoch 140 | Train: Loss=0.0044 Acc=99.9% | Test: Acc=5.1% | Best=5.1%(@140)
  from x3: 0.04 0.06 0.05 0.06 0.05 0.05 0.05 0.05 0.05 0.05 0.05 0.05 0.05
  per-rule acc: 0.09 0.01
Epoch 160 | Train: Loss=0.0024 Acc=99.9% | Test: Acc=4.2% | Best=5.1%(@140)
  from x3: 0.03 0.04 0.05 0.04 0.04 0.04 0.04 0.04 0.04 0.04 0.04 0.04 0.04
  per-rule acc: 0.07 0.02
Epoch 180 | Train: Loss=4.5534 Acc=2.0% | Test: Acc=1.6% | Best=5.1%(@140)
  from x3: 0.02 0.02 0.02 0.02 0.02 0.02 0.02 0.02 0.02 0.02 0.02 0.02 0.02
  per-rule acc: 0.02 0.02
Epoch 200 | Train: Loss=4.3158 Acc=2.2% | Test: Acc=1.1% | Best=5.1%(@140)
  from x3: 0.01 0.01 0.01 0.01 0.01 0.01 0.01 0.01 0.01 0.01 0.01 0.01 0.01
  per-rule acc: 0.01 0.01
Epoch 220 | Train: Loss=4.2876 Acc=2.8% | Test: Acc=1.2% | Best=5.1%(@140)
  from x3: 0.01 0.01 0.01 0.01 0.01 0.01 0.01 0.01 0.01 0.01 0.01 0.01 0.01
  per-rule acc: 0.01 0.02
Epoch 240 | Train: Loss=0.2085 Acc=96.7% | Test: Acc=2.8% | Best=5.1%(@140)
  from x3: 0.03 0.03 0.03 0.03 0.03 0.03 0.03 0.03 0.03 0.03 0.03 0.03 0.03
  per-rule acc: 0.04 0.02
Epoch 260 | Train: Loss=0.0067 Acc=99.9% | Test: Acc=2.9% | Best=5.1%(@140)
  from x3: 0.03 0.03 0.03 0.03 0.03 0.03 0.03 0.03 0.03 0.03 0.03 0.03 0.03
  per-rule acc: 0.04 0.01
Epoch 280 | Train: Loss=0.0049 Acc=99.9% | Test: Acc=3.2% | Best=5.1%(@140)
  from x3: 0.03 0.03 0.03 0.03 0.03 0.03 0.03 0.03 0.03 0.03 0.03 0.03 0.04
  per-rule acc: 0.05 0.02
Epoch 300 | Train: Loss=0.0051 Acc=99.9% | Test: Acc=2.8% | Best=5.1%(@140)
  from x3: 0.03 0.03 0.03 0.03 0.03 0.03 0.03 0.03 0.03 0.03 0.03 0.03 0.03
  per-rule acc: 0.04 0.02
Epoch 320 | Train: Loss=0.0036 Acc=99.9% | Test: Acc=3.1% | Best=5.1%(@140)
  from x3: 0.03 0.02 0.03 0.03 0.03 0.03 0.03 0.03 0.03 0.03 0.04 0.04 0.04
  per-rule acc: 0.04 0.02
Epoch 340 | Train: Loss=0.0170 Acc=99.8% | Test: Acc=2.9% | Best=5.1%(@140)
  from x3: 0.03 0.03 0.03 0.03 0.03 0.03 0.03 0.03 0.03 0.03 0.03 0.03 0.03
  per-rule acc: 0.04 0.01
Epoch 360 | Train: Loss=0.0035 Acc=99.9% | Test: Acc=2.7% | Best=5.1%(@140)
  from x3: 0.03 0.03 0.03 0.03 0.03 0.03 0.03 0.03 0.03 0.03 0.03 0.03 0.03
  per-rule acc: 0.04 0.02
Epoch 380 | Train: Loss=0.0035 Acc=99.9% | Test: Acc=2.8% | Best=5.1%(@140)
  from x3: 0.03 0.02 0.03 0.03 0.03 0.03 0.03 0.03 0.03 0.03 0.03 0.03 0.03
  per-rule acc: 0.04 0.01
Epoch 400 | Train: Loss=0.0036 Acc=99.9% | Test: Acc=2.6% | Best=5.1%(@140)
  from x3: 0.03 0.03 0.02 0.03 0.02 0.03 0.03 0.03 0.03 0.03 0.03 0.03 0.03
  per-rule acc: 0.03 0.02
Epoch 420 | Train: Loss=0.0026 Acc=99.9% | Test: Acc=2.8% | Best=5.1%(@140)
  from x3: 0.03 0.03 0.03 0.03 0.03 0.03 0.03 0.03 0.03 0.03 0.03 0.03 0.03
  per-rule acc: 0.04 0.02
Epoch 440 | Train: Loss=0.0064 Acc=99.9% | Test: Acc=2.7% | Best=5.1%(@140)
  from x3: 0.03 0.02 0.03 0.03 0.03 0.03 0.03 0.03 0.03 0.03 0.03 0.03 0.03
  per-rule acc: 0.04 0.02
Epoch 460 | Train: Loss=0.0028 Acc=99.9% | Test: Acc=2.8% | Best=5.1%(@140)
  from x3: 0.03 0.02 0.02 0.03 0.03 0.03 0.03 0.03 0.03 0.03 0.03 0.03 0.03
  per-rule acc: 0.04 0.02
Epoch 480 | Train: Loss=0.0020 Acc=99.9% | Test: Acc=2.6% | Best=5.1%(@140)
  from x3: 0.03 0.02 0.02 0.02 0.02 0.03 0.03 0.03 0.03 0.03 0.03 0.03 0.03
  per-rule acc: 0.03 0.02
Epoch 500 | Train: Loss=0.0030 Acc=99.9% | Test: Acc=2.4% | Best=5.1%(@140)
  from x3: 0.02 0.02 0.02 0.03 0.03 0.03 0.03 0.02 0.02 0.02 0.02 0.02 0.02
  per-rule acc: 0.03 0.02
Epoch 520 | Train: Loss=0.0020 Acc=99.9% | Test: Acc=2.5% | Best=5.1%(@140)
  from x3: 0.03 0.02 0.03 0.03 0.03 0.02 0.02 0.03 0.02 0.03 0.03 0.02 0.03
  per-rule acc: 0.03 0.02
Epoch 540 | Train: Loss=1.8576 Acc=73.4% | Test: Acc=2.2% | Best=5.1%(@140)
  from x3: 0.02 0.02 0.02 0.02 0.02 0.02 0.02 0.02 0.02 0.02 0.02 0.02 0.02
  per-rule acc: 0.03 0.01
Epoch 560 | Train: Loss=0.0024 Acc=99.9% | Test: Acc=2.7% | Best=5.1%(@140)
  from x3: 0.02 0.02 0.03 0.03 0.03 0.03 0.03 0.03 0.03 0.03 0.03 0.03 0.03
  per-rule acc: 0.03 0.02
Epoch 580 | Train: Loss=0.0050 Acc=99.9% | Test: Acc=2.9% | Best=5.1%(@140)
  from x3: 0.03 0.03 0.03 0.03 0.03 0.03 0.03 0.03 0.03 0.03 0.03 0.03 0.03
  per-rule acc: 0.04 0.02
Epoch 600 | Train: Loss=0.0024 Acc=99.9% | Test: Acc=2.9% | Best=5.1%(@140)
  from x3: 0.03 0.03 0.03 0.03 0.03 0.03 0.03 0.03 0.03 0.03 0.03 0.03 0.03
  per-rule acc: 0.03 0.02
Epoch 620 | Train: Loss=0.0018 Acc=99.9% | Test: Acc=2.6% | Best=5.1%(@140)
  from x3: 0.03 0.02 0.03 0.03 0.03 0.03 0.03 0.03 0.03 0.03 0.03 0.03 0.03
  per-rule acc: 0.04 0.01
Epoch 640 | Train: Loss=0.0025 Acc=99.9% | Test: Acc=3.1% | Best=5.1%(@140)
  from x3: 0.03 0.03 0.03 0.04 0.03 0.03 0.03 0.03 0.03 0.03 0.03 0.03 0.03
  per-rule acc: 0.04 0.02
Epoch 660 | Train: Loss=0.0017 Acc=99.9% | Test: Acc=2.7% | Best=5.1%(@140)
  from x3: 0.03 0.03 0.03 0.03 0.03 0.03 0.03 0.03 0.03 0.03 0.03 0.03 0.03
  per-rule acc: 0.04 0.02
Epoch 680 | Train: Loss=0.0025 Acc=99.9% | Test: Acc=3.1% | Best=5.1%(@140)
  from x3: 0.03 0.03 0.03 0.03 0.03 0.03 0.03 0.03 0.03 0.03 0.03 0.03 0.03
  per-rule acc: 0.04 0.02
Epoch 700 | Train: Loss=0.0017 Acc=99.9% | Test: Acc=2.8% | Best=5.1%(@140)
  from x3: 0.03 0.02 0.03 0.03 0.03 0.03 0.03 0.03 0.03 0.03 0.03 0.03 0.03
  per-rule acc: 0.04 0.02
Epoch 720 | Train: Loss=0.0024 Acc=99.9% | Test: Acc=3.1% | Best=5.1%(@140)
  from x3: 0.04 0.03 0.03 0.03 0.03 0.03 0.03 0.03 0.03 0.03 0.03 0.03 0.03
  per-rule acc: 0.04 0.02
Epoch 740 | Train: Loss=0.0016 Acc=99.9% | Test: Acc=3.0% | Best=5.1%(@140)
  from x3: 0.03 0.03 0.03 0.03 0.03 0.03 0.03 0.03 0.03 0.03 0.03 0.03 0.03
  per-rule acc: 0.04 0.02
Epoch 760 | Train: Loss=0.0023 Acc=99.9% | Test: Acc=3.4% | Best=5.1%(@140)
  from x3: 0.04 0.03 0.03 0.04 0.03 0.03 0.03 0.03 0.03 0.03 0.03 0.03 0.03
  per-rule acc: 0.04 0.02
Epoch 780 | Train: Loss=0.0016 Acc=99.9% | Test: Acc=3.3% | Best=5.1%(@140)
  from x3: 0.04 0.03 0.03 0.03 0.03 0.03 0.03 0.03 0.03 0.03 0.03 0.03 0.03
  per-rule acc: 0.05 0.02
Epoch 800 | Train: Loss=0.0022 Acc=99.9% | Test: Acc=3.5% | Best=5.1%(@140)
  from x3: 0.04 0.03 0.04 0.04 0.03 0.03 0.03 0.03 0.03 0.03 0.04 0.04 0.03
  per-rule acc: 0.05 0.02
Epoch 820 | Train: Loss=0.0016 Acc=99.9% | Test: Acc=3.5% | Best=5.1%(@140)
  from x3: 0.04 0.04 0.03 0.03 0.04 0.03 0.03 0.03 0.04 0.04 0.03 0.03 0.03
  per-rule acc: 0.05 0.02
Epoch 840 | Train: Loss=0.0024 Acc=99.9% | Test: Acc=3.6% | Best=5.1%(@140)
  from x3: 0.04 0.04 0.03 0.03 0.04 0.04 0.04 0.04 0.04 0.04 0.04 0.04 0.03
  per-rule acc: 0.04 0.03
Epoch 860 | Train: Loss=0.0017 Acc=99.9% | Test: Acc=4.6% | Best=5.1%(@140)
  from x3: 0.05 0.05 0.05 0.04 0.05 0.05 0.05 0.04 0.05 0.05 0.05 0.04 0.04
  per-rule acc: 0.06 0.03
Epoch 880 | Train: Loss=0.0024 Acc=99.9% | Test: Acc=4.4% | Best=5.1%(@140)
  from x3: 0.05 0.05 0.04 0.04 0.04 0.04 0.04 0.04 0.04 0.04 0.04 0.04 0.05
  per-rule acc: 0.06 0.03
Epoch 900 | Train: Loss=0.0019 Acc=99.9% | Test: Acc=5.5% | Best=5.5%(@900)
  from x3: 0.06 0.06 0.05 0.06 0.06 0.05 0.05 0.06 0.05 0.05 0.05 0.05 0.05
  per-rule acc: 0.08 0.03
Epoch 920 | Train: Loss=0.3851 Acc=96.9% | Test: Acc=8.1% | Best=8.1%(@920)
  from x3: 0.07 0.08 0.08 0.08 0.08 0.08 0.08 0.08 0.08 0.08 0.08 0.08 0.08
  per-rule acc: 0.12 0.05
Epoch 940 | Train: Loss=0.0021 Acc=99.9% | Test: Acc=7.1% | Best=8.1%(@920)
  from x3: 0.07 0.07 0.07 0.07 0.07 0.07 0.07 0.07 0.07 0.07 0.07 0.07 0.07
  per-rule acc: 0.10 0.04
Epoch 960 | Train: Loss=0.0164 Acc=99.9% | Test: Acc=11.6% | Best=11.6%(@960)
  from x3: 0.11 0.12 0.12 0.12 0.12 0.12 0.12 0.12 0.12 0.12 0.12 0.12 0.12
  per-rule acc: 0.17 0.06
Epoch 980 | Train: Loss=0.0021 Acc=99.9% | Test: Acc=9.9% | Best=11.6%(@960)
  from x3: 0.09 0.10 0.10 0.10 0.10 0.10 0.10 0.10 0.10 0.10 0.10 0.10 0.10
  per-rule acc: 0.13 0.06
Epoch 1000 | Train: Loss=0.0025 Acc=99.9% | Test: Acc=10.6% | Best=11.6%(@960)
  from x3: 0.10 0.11 0.11 0.11 0.11 0.11 0.11 0.11 0.11 0.11 0.11 0.11 0.10
  per-rule acc: 0.14 0.07
Epoch 1020 | Train: Loss=0.0021 Acc=99.9% | Test: Acc=20.0% | Best=20.0%(@1020)
  from x3: 0.19 0.20 0.20 0.20 0.20 0.20 0.20 0.20 0.20 0.20 0.20 0.20 0.20
  per-rule acc: 0.27 0.13
Epoch 1040 | Train: Loss=0.0024 Acc=99.9% | Test: Acc=19.1% | Best=20.0%(@1020)
  from x3: 0.18 0.19 0.19 0.19 0.19 0.19 0.19 0.19 0.19 0.19 0.19 0.19 0.19
  per-rule acc: 0.27 0.12
Epoch 1060 | Train: Loss=0.0020 Acc=99.9% | Test: Acc=35.9% | Best=35.9%(@1060)
  from x3: 0.35 0.36 0.36 0.36 0.36 0.36 0.36 0.36 0.36 0.36 0.36 0.36 0.36
  per-rule acc: 0.49 0.23
Epoch 1080 | Train: Loss=0.0025 Acc=99.9% | Test: Acc=36.8% | Best=36.8%(@1080)
  from x3: 0.34 0.37 0.37 0.37 0.37 0.37 0.37 0.37 0.37 0.37 0.37 0.37 0.37
  per-rule acc: 0.49 0.25
Epoch 1100 | Train: Loss=0.0018 Acc=99.9% | Test: Acc=64.4% | Best=64.4%(@1100)
  from x3: 0.64 0.65 0.64 0.64 0.64 0.64 0.64 0.64 0.64 0.65 0.64 0.65 0.65
  per-rule acc: 0.79 0.50
Epoch 1120 | Train: Loss=0.0023 Acc=99.9% | Test: Acc=64.1% | Best=64.4%(@1100)
  from x3: 0.61 0.64 0.64 0.64 0.64 0.64 0.64 0.64 0.64 0.65 0.64 0.65 0.65
  per-rule acc: 0.79 0.49
Epoch 1140 | Train: Loss=0.0035 Acc=99.9% | Test: Acc=79.9% | Best=79.9%(@1140)
  from x3: 0.76 0.80 0.80 0.80 0.80 0.80 0.80 0.80 0.80 0.80 0.80 0.80 0.80
  per-rule acc: 0.88 0.71
Epoch 1160 | Train: Loss=0.0022 Acc=99.9% | Test: Acc=82.5% | Best=82.5%(@1160)
  from x3: 0.80 0.83 0.83 0.83 0.83 0.83 0.83 0.83 0.83 0.83 0.83 0.83 0.83
  per-rule acc: 0.92 0.73
Epoch 1180 | Train: Loss=0.0024 Acc=99.9% | Test: Acc=89.2% | Best=89.2%(@1180)
  from x3: 0.87 0.90 0.89 0.89 0.89 0.89 0.89 0.89 0.89 0.89 0.89 0.89 0.89
  per-rule acc: 0.94 0.84
Epoch 1200 | Train: Loss=0.0023 Acc=99.9% | Test: Acc=91.1% | Best=91.1%(@1200)
  from x3: 0.88 0.92 0.91 0.91 0.91 0.91 0.91 0.91 0.92 0.92 0.91 0.91 0.91
  per-rule acc: 0.96 0.86
Epoch 1220 | Train: Loss=0.0020 Acc=99.9% | Test: Acc=93.6% | Best=93.6%(@1220)
  from x3: 0.90 0.94 0.94 0.94 0.94 0.94 0.94 0.94 0.94 0.94 0.94 0.94 0.94
  per-rule acc: 0.97 0.90
Epoch 1240 | Train: Loss=0.0023 Acc=99.9% | Test: Acc=94.5% | Best=94.5%(@1240)
  from x3: 0.91 0.95 0.95 0.95 0.95 0.95 0.95 0.95 0.95 0.95 0.95 0.95 0.95
  per-rule acc: 0.98 0.92
Epoch 1260 | Train: Loss=0.0053 Acc=99.9% | Test: Acc=94.5% | Best=94.5%(@1240)
  from x3: 0.92 0.95 0.95 0.95 0.95 0.95 0.95 0.95 0.95 0.95 0.95 0.95 0.95
  per-rule acc: 0.97 0.92
Epoch 1280 | Train: Loss=0.0022 Acc=99.9% | Test: Acc=96.7% | Best=96.7%(@1280)
  from x3: 0.94 0.97 0.97 0.97 0.97 0.97 0.97 0.97 0.97 0.97 0.97 0.97 0.97
  per-rule acc: 0.98 0.95
Epoch 1300 | Train: Loss=0.0131 Acc=99.9% | Test: Acc=94.2% | Best=96.7%(@1280)
  from x3: 0.90 0.95 0.94 0.94 0.94 0.95 0.95 0.95 0.95 0.95 0.95 0.95 0.94
  per-rule acc: 0.97 0.92
Epoch 1320 | Train: Loss=0.0023 Acc=99.9% | Test: Acc=97.6% | Best=97.6%(@1320)
  from x3: 0.95 0.98 0.98 0.98 0.98 0.98 0.98 0.98 0.98 0.98 0.98 0.98 0.98
  per-rule acc: 0.99 0.96
Epoch 1340 | Train: Loss=0.1143 Acc=99.9% | Test: Acc=89.8% | Best=97.6%(@1320)
  from x3: 0.86 0.90 0.90 0.90 0.90 0.90 0.90 0.90 0.90 0.90 0.90 0.90 0.90
  per-rule acc: 0.95 0.85
Epoch 1360 | Train: Loss=0.0020 Acc=99.9% | Test: Acc=98.5% | Best=98.5%(@1360)
  from x3: 0.97 0.99 0.99 0.99 0.99 0.99 0.99 0.99 0.99 0.99 0.99 0.99 0.99
  per-rule acc: 0.99 0.98
Epoch 1380 | Train: Loss=0.0026 Acc=99.9% | Test: Acc=98.1% | Best=98.5%(@1360)
  from x3: 0.96 0.98 0.98 0.98 0.98 0.98 0.98 0.98 0.98 0.98 0.98 0.98 0.98
  per-rule acc: 0.99 0.97
Epoch 1400 | Train: Loss=0.0019 Acc=99.9% | Test: Acc=98.5% | Best=98.5%(@1400)
  from x3: 0.96 0.99 0.99 0.99 0.99 0.99 0.99 0.99 0.99 0.99 0.99 0.99 0.99
  per-rule acc: 0.99 0.98
Epoch 1420 | Train: Loss=0.0024 Acc=99.9% | Test: Acc=99.1% | Best=99.1%(@1420)
  from x3: 0.97 0.99 0.99 0.99 0.99 0.99 0.99 0.99 0.99 0.99 0.99 0.99 0.99
  per-rule acc: 1.00 0.99
[Early stop] Epoch 1420: test set reached high accuracy

==================================================
Saving model...
[OK] Model saved to: /home/cxm/ai/test0625-exposure/models/mixed_basic_d1024l4_r16_t16_e65.pth
  File size: 592552.7 KB
  Best test accuracy: 99.14%

==================================================
Final generation test (given first two items, AB generates 3rd as prompt, validate from 4th)
==================================================

--- AB pair 1: (1, 1) ---

--- Statistics for AB=(1,1) ---
Exposed    samples:  1836 | In-dist: 23751/23868 ( 99.5%) | OOD: 29232/29376 ( 99.5%)
Unexposed  samples:   973 | In-dist: 12177/12649 ( 96.3%) | OOD: 14514/15568 ( 93.2%)

--- AB pair 2: (1, 2) ---

--- Statistics for AB=(1,2) ---
Exposed    samples:  1826 | In-dist: 23556/23738 ( 99.2%) | OOD: 29006/29216 ( 99.3%)
Unexposed  samples:   983 | In-dist: 11700/12779 ( 91.6%) | OOD: 12899/15728 ( 82.0%)

--- Return code: 0 ---

======================================================================
Attention Analysis
======================================================================
Model config: addition (default), p=53
Best test accuracy: 0.9913874469089193
Training epochs: 1420

Random test sequence 1/5 (length 32): [16, 14, 30, 44, 21, 12, 33, 45, 25, 17, 42, 6, 48, 1, 49, 50, 46, 43, 36, 26]...

======================================================================
Attention Layer Training Result Summary
======================================================================
Input sequence: [16, 14, 30, 44, 21, 12, 33, 45, 25, 17, 42, 6, 48, 1, 49, 50, 46, 43, 36, 26, 9, 35, 44, 26, 17, 43, 7, 50, 4, 1, 5, 6]

--- Layer 0 ---
  Head 0: Entropy=0.737
    Attention coefficients from each query position to previous positions:
      i= 0 -> j=0:1.000
      i= 1 -> j=0:0.791, j=1:0.209
      i= 2 -> j=0:0.096, j=1:0.671, j=2:0.232
      i= 3 -> j=0:0.001, j=1:0.079, j=2:0.710, j=3:0.210
      i= 4 -> j=0:0.000, j=1:0.000, j=2:0.058, j=3:0.700, j=4:0.241
      i= 5 -> j=0:0.000, j=1:0.000, j=2:0.000, j=3:0.065, j=4:0.715, j=5:0.219
      i= 6 -> j=0:0.000, j=1:0.000, j=2:0.000, j=3:0.000, j=4:0.052, j=5:0.720, j=6:0.227
      i= 7 -> j=0:0.000, j=1:0.000, j=2:0.000, j=3:0.000, j=4:0.001, j=5:0.083, j=6:0.706, j=7:0.210
      i= 8 -> j=0:0.000, j=1:0.000, j=2:0.000, j=3:0.000, j=4:0.000, j=5:0.001, j=6:0.072, j=7:0.723, j=8:0.203
      i= 9 -> j=0:0.000, j=1:0.000, j=2:0.000, j=3:0.000, j=4:0.000, j=5:0.000, j=6:0.001, j=7:0.085, j=8:0.687, j=9:0.227
      i=10 -> j=0:0.000, j=1:0.000, j=2:0.000, j=3:0.000, j=4:0.000, j=5:0.000, j=6:0.000, j=7:0.000, j=8:0.062, j=9:0.709, j=10:0.229
      i=11 -> j=0:0.000, j=1:0.000, j=2:0.000, j=3:0.000, j=4:0.000, j=5:0.000, j=6:0.000, j=7:0.000, j=8:0.001, j=9:0.062, j=10:0.719, j=11:0.219
      i=12 -> j=0:0.000, j=1:0.000, j=2:0.000, j=3:0.000, j=4:0.000, j=5:0.000, j=6:0.000, j=7:0.000, j=8:0.000, j=9:0.001, j=10:0.071, j=11:0.691, j=12:0.237
      i=13 -> j=0:0.000, j=1:0.000, j=2:0.000, j=3:0.000, j=4:0.000, j=5:0.000, j=6:0.000, j=7:0.000, j=8:0.000, j=9:0.000, j=10:0.001, j=11:0.066, j=12:0.735, j=13:0.199
      i=14 -> j=0:0.000, j=1:0.000, j=2:0.000, j=3:0.000, j=4:0.000, j=5:0.000, j=6:0.000, j=7:0.000, j=8:0.000, j=9:0.000, j=10:0.000, j=11:0.001, j=12:0.070, j=13:0.708, j=14:0.221
      i=15 -> j=0:0.000, j=1:0.000, j=2:0.000, j=3:0.000, j=4:0.000, j=5:0.000, j=6:0.000, j=7:0.000, j=8:0.000, j=9:0.000, j=10:0.000, j=11:0.000, j=12:0.001, j=13:0.074, j=14:0.710, j=15:0.215
      i=16 -> j=0:0.000, j=1:0.000, j=2:0.000, j=3:0.000, j=4:0.000, j=5:0.000, j=6:0.000, j=7:0.000, j=8:0.000, j=9:0.000, j=10:0.000, j=11:0.000, j=12:0.000, j=13:0.001, j=14:0.074, j=15:0.696, j=16:0.229
      i=17 -> j=0:0.000, j=1:0.000, j=2:0.000, j=3:0.000, j=4:0.000, j=5:0.000, j=6:0.000, j=7:0.000, j=8:0.000, j=9:0.000, j=10:0.000, j=11:0.000, j=12:0.000, j=13:0.000, j=14:0.001, j=15:0.080, j=16:0.702, j=17:0.216
      i=18 -> j=0:0.000, j=1:0.000, j=2:0.000, j=3:0.000, j=4:0.000, j=5:0.000, j=6:0.000, j=7:0.000, j=8:0.000, j=9:0.000, j=10:0.000, j=11:0.000, j=12:0.000, j=13:0.000, j=14:0.000, j=15:0.001, j=16:0.053, j=17:0.714, j=18:0.233
      i=19 -> j=0:0.000, j=1:0.000, j=2:0.000, j=3:0.000, j=4:0.000, j=5:0.000, j=6:0.000, j=7:0.000, j=8:0.000, j=9:0.000, j=10:0.000, j=11:0.000, j=12:0.000, j=13:0.000, j=14:0.000, j=15:0.000, j=16:0.000, j=17:0.074, j=18:0.748, j=19:0.177
      i=20 -> j=0:0.000, j=1:0.000, j=2:0.000, j=3:0.000, j=4:0.000, j=5:0.000, j=6:0.000, j=7:0.000, j=8:0.000, j=9:0.000, j=10:0.000, j=11:0.000, j=12:0.000, j=13:0.000, j=14:0.000, j=15:0.000, j=16:0.000, j=17:0.001, j=18:0.070, j=19:0.691, j=20:0.237
      i=21 -> j=0:0.000, j=1:0.000, j=2:0.000, j=3:0.000, j=4:0.000, j=5:0.000, j=6:0.000, j=7:0.000, j=8:0.000, j=9:0.000, j=10:0.000, j=11:0.000, j=12:0.000, j=13:0.000, j=14:0.000, j=15:0.000, j=16:0.000, j=17:0.000, j=18:0.001, j=19:0.082, j=20:0.668, j=21:0.249
      i=22 -> j=0:0.000, j=1:0.000, j=2:0.000, j=3:0.000, j=4:0.000, j=5:0.000, j=6:0.000, j=7:0.000, j=8:0.000, j=9:0.000, j=10:0.000, j=11:0.000, j=12:0.000, j=13:0.000, j=14:0.000, j=15:0.000, j=16:0.000, j=17:0.000, j=18:0.000, j=19:0.001, j=20:0.072, j=21:0.705, j=22:0.222
      i=23 -> j=0:0.000, j=1:0.000, j=2:0.000, j=3:0.000, j=4:0.000, j=5:0.000, j=6:0.000, j=7:0.000, j=8:0.000, j=9:0.000, j=10:0.000, j=11:0.000, j=12:0.000, j=13:0.000, j=14:0.000, j=15:0.000, j=16:0.000, j=17:0.000, j=18:0.000, j=19:0.000, j=20:0.001, j=21:0.064, j=22:0.748, j=23:0.187
      i=24 -> j=0:0.000, j=1:0.000, j=2:0.000, j=3:0.000, j=4:0.000, j=5:0.000, j=6:0.000, j=7:0.000, j=8:0.000, j=9:0.000, j=10:0.000, j=11:0.000, j=12:0.000, j=13:0.000, j=14:0.000, j=15:0.000, j=16:0.000, j=17:0.000, j=18:0.000, j=19:0.000, j=20:0.000, j=21:0.001, j=22:0.080, j=23:0.708, j=24:0.212
      i=25 -> j=0:0.000, j=1:0.000, j=2:0.000, j=3:0.000, j=4:0.000, j=5:0.000, j=6:0.000, j=7:0.000, j=8:0.000, j=9:0.000, j=10:0.000, j=11:0.000, j=12:0.000, j=13:0.000, j=14:0.000, j=15:0.000, j=16:0.000, j=17:0.000, j=18:0.000, j=19:0.000, j=20:0.000, j=21:0.000, j=22:0.001, j=23:0.080, j=24:0.723, j=25:0.196
      i=26 -> j=0:0.000, j=1:0.000, j=2:0.000, j=3:0.000, j=4:0.000, j=5:0.000, j=6:0.000, j=7:0.000, j=8:0.000, j=9:0.000, j=10:0.000, j=11:0.000, j=12:0.000, j=13:0.000, j=14:0.000, j=15:0.000, j=16:0.000, j=17:0.000, j=18:0.000, j=19:0.000, j=20:0.000, j=21:0.000, j=22:0.000, j=23:0.001, j=24:0.067, j=25:0.684, j=26:0.248
      i=27 -> j=0:0.000, j=1:0.000, j=2:0.000, j=3:0.000, j=4:0.000, j=5:0.000, j=6:0.000, j=7:0.000, j=8:0.000, j=9:0.000, j=10:0.000, j=11:0.000, j=12:0.000, j=13:0.000, j=14:0.000, j=15:0.000, j=16:0.000, j=17:0.000, j=18:0.000, j=19:0.000, j=20:0.000, j=21:0.000, j=22:0.000, j=23:0.000, j=24:0.001, j=25:0.081, j=26:0.714, j=27:0.204
      i=28 -> j=0:0.000, j=1:0.000, j=2:0.000, j=3:0.000, j=4:0.000, j=5:0.000, j=6:0.000, j=7:0.000, j=8:0.000, j=9:0.000, j=10:0.000, j=11:0.000, j=12:0.000, j=13:0.000, j=14:0.000, j=15:0.000, j=16:0.000, j=17:0.000, j=18:0.000, j=19:0.000, j=20:0.000, j=21:0.000, j=22:0.000, j=23:0.000, j=24:0.000, j=25:0.001, j=26:0.068, j=27:0.706, j=28:0.225
      i=29 -> j=0:0.000, j=1:0.000, j=2:0.000, j=3:0.000, j=4:0.000, j=5:0.000, j=6:0.000, j=7:0.000, j=8:0.000, j=9:0.000, j=10:0.000, j=11:0.000, j=12:0.000, j=13:0.000, j=14:0.000, j=15:0.000, j=16:0.000, j=17:0.000, j=18:0.000, j=19:0.000, j=20:0.000, j=21:0.000, j=22:0.000, j=23:0.000, j=24:0.000, j=25:0.000, j=26:0.000, j=27:0.067, j=28:0.748, j=29:0.184
      i=30 -> j=0:0.000, j=1:0.000, j=2:0.000, j=3:0.000, j=4:0.000, j=5:0.000, j=6:0.000, j=7:0.000, j=8:0.000, j=9:0.000, j=10:0.000, j=11:0.000, j=12:0.000, j=13:0.000, j=14:0.000, j=15:0.000, j=16:0.000, j=17:0.000, j=18:0.000, j=19:0.000, j=20:0.000, j=21:0.000, j=22:0.000, j=23:0.000, j=24:0.000, j=25:0.000, j=26:0.000, j=27:0.001, j=28:0.070, j=29:0.679, j=30:0.250
      i=31 -> j=0:0.000, j=1:0.000, j=2:0.000, j=3:0.000, j=4:0.000, j=5:0.000, j=6:0.000, j=7:0.000, j=8:0.000, j=9:0.000, j=10:0.000, j=11:0.000, j=12:0.000, j=13:0.000, j=14:0.000, j=15:0.000, j=16:0.000, j=17:0.000, j=18:0.000, j=19:0.000, j=20:0.000, j=21:0.000, j=22:0.000, j=23:0.000, j=24:0.000, j=25:0.000, j=26:0.000, j=27:0.000, j=28:0.001, j=29:0.058, j=30:0.719, j=31:0.223
    Average attention per distance:
      d=0:0.244, d=1:0.711, d=2:0.071

--- Layer 1 ---
  Head 0: Entropy=0.852
    Attention coefficients from each query position to previous positions:
      i= 0 -> j=0:1.000
      i= 1 -> j=0:0.965, j=1:0.035
      i= 2 -> j=0:0.880, j=1:0.114, j=2:0.006
      i= 3 -> j=0:0.051, j=1:0.350, j=2:0.594, j=3:0.005
      i= 4 -> j=0:0.001, j=1:0.091, j=2:0.799, j=3:0.100, j=4:0.009
      i= 5 -> j=0:0.000, j=1:0.003, j=2:0.092, j=3:0.410, j=4:0.485, j=5:0.010
      i= 6 -> j=0:0.000, j=1:0.000, j=2:0.001, j=3:0.152, j=4:0.670, j=5:0.171, j=6:0.006
      i= 7 -> j=0:0.000, j=1:0.000, j=2:0.000, j=3:0.001, j=4:0.046, j=5:0.527, j=6:0.412, j=7:0.013
      i= 8 -> j=0:0.000, j=1:0.000, j=2:0.000, j=3:0.000, j=4:0.002, j=5:0.200, j=6:0.664, j=7:0.127, j=8:0.007
      i= 9 -> j=0:0.001, j=1:0.000, j=2:0.000, j=3:0.000, j=4:0.000, j=5:0.001, j=6:0.034, j=7:0.406, j=8:0.555, j=9:0.003
      i=10 -> j=0:0.001, j=1:0.001, j=2:0.000, j=3:0.000, j=4:0.000, j=5:0.000, j=6:0.001, j=7:0.054, j=8:0.849, j=9:0.087, j=10:0.006
      i=11 -> j=0:0.001, j=1:0.003, j=2:0.002, j=3:0.000, j=4:0.000, j=5:0.000, j=6:0.000, j=7:0.004, j=8:0.102, j=9:0.698, j=10:0.178, j=11:0.011
      i=12 -> j=0:0.000, j=1:0.001, j=2:0.002, j=3:0.002, j=4:0.000, j=5:0.000, j=6:0.000, j=7:0.000, j=8:0.001, j=9:0.098, j=10:0.549, j=11:0.334, j=12:0.013
      i=13 -> j=0:0.000, j=1:0.000, j=2:0.001, j=3:0.002, j=4:0.001, j=5:0.000, j=6:0.000, j=7:0.000, j=8:0.000, j=9:0.005, j=10:0.169, j=11:0.649, j=12:0.161, j=13:0.011
      i=14 -> j=0:0.001, j=1:0.000, j=2:0.000, j=3:0.001, j=4:0.002, j=5:0.002, j=6:0.000, j=7:0.000, j=8:0.000, j=9:0.000, j=10:0.003, j=11:0.057, j=12:0.508, j=13:0.417, j=14:0.009
      i=15 -> j=0:0.001, j=1:0.000, j=2:0.000, j=3:0.000, j=4:0.001, j=5:0.002, j=6:0.001, j=7:0.000, j=8:0.000, j=9:0.000, j=10:0.000, j=11:0.001, j=12:0.071, j=13:0.757, j=14:0.159, j=15:0.005
      i=16 -> j=0:0.002, j=1:0.001, j=2:0.001, j=3:0.000, j=4:0.000, j=5:0.001, j=6:0.002, j=7:0.002, j=8:0.000, j=9:0.000, j=10:0.000, j=11:0.000, j=12:0.002, j=13:0.090, j=14:0.551, j=15:0.343, j=16:0.005
      i=17 -> j=0:0.001, j=1:0.002, j=2:0.002, j=3:0.000, j=4:0.000, j=5:0.000, j=6:0.001, j=7:0.002, j=8:0.003, j=9:0.000, j=10:0.000, j=11:0.000, j=12:0.000, j=13:0.002, j=14:0.052, j=15:0.772, j=16:0.153, j=17:0.009
      i=18 -> j=0:0.001, j=1:0.002, j=2:0.002, j=3:0.001, j=4:0.001, j=5:0.000, j=6:0.000, j=7:0.001, j=8:0.003, j=9:0.002, j=10:0.000, j=11:0.000, j=12:0.000, j=13:0.000, j=14:0.002, j=15:0.120, j=16:0.642, j=17:0.215, j=18:0.007
      i=19 -> j=0:0.000, j=1:0.001, j=2:0.001, j=3:0.001, j=4:0.001, j=5:0.000, j=6:0.000, j=7:0.000, j=8:0.001, j=9:0.002, j=10:0.001, j=11:0.000, j=12:0.000, j=13:0.000, j=14:0.000, j=15:0.002, j=16:0.128, j=17:0.735, j=18:0.116, j=19:0.011
      i=20 -> j=0:0.001, j=1:0.001, j=2:0.001, j=3:0.001, j=4:0.001, j=5:0.001, j=6:0.000, j=7:0.000, j=8:0.000, j=9:0.001, j=10:0.003, j=11:0.002, j=12:0.000, j=13:0.000, j=14:0.000, j=15:0.000, j=16:0.003, j=17:0.102, j=18:0.439, j=19:0.439, j=20:0.004
      i=21 -> j=0:0.001, j=1:0.001, j=2:0.000, j=3:0.001, j=4:0.001, j=5:0.002, j=6:0.001, j=7:0.000, j=8:0.000, j=9:0.000, j=10:0.001, j=11:0.001, j=12:0.001, j=13:0.000, j=14:0.000, j=15:0.000, j=16:0.000, j=17:0.002, j=18:0.083, j=19:0.802, j=20:0.099, j=21:0.003
      i=22 -> j=0:0.002, j=1:0.002, j=2:0.001, j=3:0.001, j=4:0.001, j=5:0.002, j=6:0.002, j=7:0.002, j=8:0.001, j=9:0.000, j=10:0.000, j=11:0.001, j=12:0.003, j=13:0.004, j=14:0.001, j=15:0.000, j=16:0.000, j=17:0.000, j=18:0.002, j=19:0.143, j=20:0.534, j=21:0.286, j=22:0.012
      i=23 -> j=0:0.001, j=1:0.001, j=2:0.001, j=3:0.000, j=4:0.000, j=5:0.001, j=6:0.001, j=7:0.001, j=8:0.001, j=9:0.000, j=10:0.000, j=11:0.000, j=12:0.001, j=13:0.002, j=14:0.001, j=15:0.000, j=16:0.000, j=17:0.000, j=18:0.000, j=19:0.001, j=20:0.146, j=21:0.723, j=22:0.109, j=23:0.010
      i=24 -> j=0:0.001, j=1:0.001, j=2:0.002, j=3:0.001, j=4:0.001, j=5:0.000, j=6:0.000, j=7:0.001, j=8:0.001, j=9:0.001, j=10:0.000, j=11:0.000, j=12:0.000, j=13:0.001, j=14:0.001, j=15:0.001, j=16:0.000, j=17:0.000, j=18:0.000, j=19:0.000, j=20:0.001, j=21:0.030, j=22:0.312, j=23:0.643, j=24:0.003
      i=25 -> j=0:0.000, j=1:0.001, j=2:0.001, j=3:0.001, j=4:0.001, j=5:0.000, j=6:0.000, j=7:0.000, j=8:0.001, j=9:0.001, j=10:0.001, j=11:0.000, j=12:0.000, j=13:0.000, j=14:0.000, j=15:0.001, j=16:0.001, j=17:0.000, j=18:0.000, j=19:0.000, j=20:0.000, j=21:0.001, j=22:0.053, j=23:0.855, j=24:0.075, j=25:0.005
      i=26 -> j=0:0.001, j=1:0.001, j=2:0.001, j=3:0.002, j=4:0.002, j=5:0.002, j=6:0.001, j=7:0.001, j=8:0.001, j=9:0.002, j=10:0.002, j=11:0.001, j=12:0.000, j=13:0.000, j=14:0.000, j=15:0.001, j=16:0.002, j=17:0.002, j=18:0.000, j=19:0.000, j=20:0.000, j=21:0.000, j=22:0.004, j=23:0.109, j=24:0.679, j=25:0.177, j=26:0.007
      i=27 -> j=0:0.001, j=1:0.001, j=2:0.001, j=3:0.001, j=4:0.001, j=5:0.002, j=6:0.001, j=7:0.001, j=8:0.000, j=9:0.001, j=10:0.001, j=11:0.001, j=12:0.001, j=13:0.000, j=14:0.000, j=15:0.000, j=16:0.001, j=17:0.002, j=18:0.001, j=19:0.000, j=20:0.000, j=21:0.000, j=22:0.000, j=23:0.001, j=24:0.140, j=25:0.662, j=26:0.171, j=27:0.010
      i=28 -> j=0:0.002, j=1:0.002, j=2:0.001, j=3:0.001, j=4:0.001, j=5:0.002, j=6:0.002, j=7:0.001, j=8:0.001, j=9:0.001, j=10:0.001, j=11:0.001, j=12:0.002, j=13:0.001, j=14:0.000, j=15:0.000, j=16:0.000, j=17:0.001, j=18:0.002, j=19:0.002, j=20:0.000, j=21:0.000, j=22:0.000, j=23:0.000, j=24:0.005, j=25:0.142, j=26:0.507, j=27:0.314, j=28:0.007
      i=29 -> j=0:0.002, j=1:0.002, j=2:0.001, j=3:0.001, j=4:0.001, j=5:0.001, j=6:0.001, j=7:0.002, j=8:0.001, j=9:0.001, j=10:0.001, j=11:0.001, j=12:0.001, j=13:0.002, j=14:0.001, j=15:0.000, j=16:0.000, j=17:0.000, j=18:0.001, j=19:0.002, j=20:0.001, j=21:0.000, j=22:0.000, j=23:0.000, j=24:0.000, j=25:0.004, j=26:0.077, j=27:0.713, j=28:0.174, j=29:0.008
      i=30 -> j=0:0.002, j=1:0.003, j=2:0.003, j=3:0.002, j=4:0.001, j=5:0.001, j=6:0.002, j=7:0.002, j=8:0.003, j=9:0.002, j=10:0.001, j=11:0.001, j=12:0.001, j=13:0.002, j=14:0.002, j=15:0.001, j=16:0.001, j=17:0.000, j=18:0.001, j=19:0.001, j=20:0.003, j=21:0.002, j=22:0.000, j=23:0.000, j=24:0.000, j=25:0.000, j=26:0.002, j=27:0.081, j=28:0.559, j=29:0.310, j=30:0.010
      i=31 -> j=0:0.001, j=1:0.002, j=2:0.002, j=3:0.002, j=4:0.002, j=5:0.001, j=6:0.001, j=7:0.001, j=8:0.002, j=9:0.002, j=10:0.002, j=11:0.001, j=12:0.001, j=13:0.001, j=14:0.001, j=15:0.002, j=16:0.001, j=17:0.001, j=18:0.000, j=19:0.000, j=20:0.001, j=21:0.003, j=22:0.002, j=23:0.000, j=24:0.000, j=25:0.000, j=26:0.000, j=27:0.001, j=28:0.063, j=29:0.678, j=30:0.217, j=31:0.008
    Average attention per distance:
      d=0:0.040, d=1:0.281, d=2:0.629, d=3:0.096

--- Layer 2 ---
  Head 0: Entropy=1.220
    Attention coefficients from each query position to previous positions:
      i= 0 -> j=0:1.000
      i= 1 -> j=0:0.914, j=1:0.086
      i= 2 -> j=0:0.335, j=1:0.568, j=2:0.098
      i= 3 -> j=0:0.147, j=1:0.780, j=2:0.053, j=3:0.020
      i= 4 -> j=0:0.008, j=1:0.067, j=2:0.189, j=3:0.588, j=4:0.148
      i= 5 -> j=0:0.000, j=1:0.005, j=2:0.069, j=3:0.774, j=4:0.137, j=5:0.016
      i= 6 -> j=0:0.000, j=1:0.000, j=2:0.003, j=3:0.043, j=4:0.489, j=5:0.419, j=6:0.046
      i= 7 -> j=0:0.000, j=1:0.000, j=2:0.000, j=3:0.004, j=4:0.100, j=5:0.765, j=6:0.103, j=7:0.028
      i= 8 -> j=0:0.004, j=1:0.001, j=2:0.001, j=3:0.001, j=4:0.006, j=5:0.031, j=6:0.192, j=7:0.674, j=8:0.090
      i= 9 -> j=0:0.002, j=1:0.000, j=2:0.000, j=3:0.000, j=4:0.000, j=5:0.003, j=6:0.144, j=7:0.793, j=8:0.049, j=9:0.008
      i=10 -> j=0:0.009, j=1:0.007, j=2:0.003, j=3:0.001, j=4:0.001, j=5:0.001, j=6:0.026, j=7:0.263, j=8:0.297, j=9:0.356, j=10:0.037
      i=11 -> j=0:0.002, j=1:0.003, j=2:0.005, j=3:0.003, j=4:0.003, j=5:0.000, j=6:0.001, j=7:0.004, j=8:0.029, j=9:0.235, j=10:0.593, j=11:0.121
      i=12 -> j=0:0.001, j=1:0.002, j=2:0.004, j=3:0.005, j=4:0.003, j=5:0.001, j=6:0.000, j=7:0.001, j=8:0.007, j=9:0.108, j=10:0.616, j=11:0.165, j=12:0.086
      i=13 -> j=0:0.002, j=1:0.001, j=2:0.004, j=3:0.004, j=4:0.008, j=5:0.003, j=6:0.001, j=7:0.000, j=8:0.001, j=9:0.004, j=10:0.054, j=11:0.322, j=12:0.521, j=13:0.075
      i=14 -> j=0:0.002, j=1:0.001, j=2:0.001, j=3:0.001, j=4:0.006, j=5:0.003, j=6:0.002, j=7:0.001, j=8:0.000, j=9:0.000, j=10:0.003, j=11:0.102, j=12:0.635, j=13:0.182, j=14:0.063
      i=15 -> j=0:0.013, j=1:0.007, j=2:0.006, j=3:0.004, j=4:0.012, j=5:0.011, j=6:0.015, j=7:0.011, j=8:0.005, j=9:0.001, j=10:0.003, j=11:0.026, j=12:0.145, j=13:0.244, j=14:0.400, j=15:0.096
      i=16 -> j=0:0.004, j=1:0.002, j=2:0.001, j=3:0.001, j=4:0.002, j=5:0.001, j=6:0.006, j=7:0.006, j=8:0.002, j=9:0.000, j=10:0.000, j=11:0.001, j=12:0.013, j=13:0.068, j=14:0.704, j=15:0.155, j=16:0.033
      i=17 -> j=0:0.004, j=1:0.005, j=2:0.004, j=3:0.002, j=4:0.002, j=5:0.001, j=6:0.004, j=7:0.007, j=8:0.006, j=9:0.002, j=10:0.000, j=11:0.000, j=12:0.001, j=13:0.009, j=14:0.269, j=15:0.366, j=16:0.295, j=17:0.024
      i=18 -> j=0:0.002, j=1:0.002, j=2:0.003, j=3:0.003, j=4:0.003, j=5:0.000, j=6:0.001, j=7:0.002, j=8:0.004, j=9:0.003, j=10:0.002, j=11:0.001, j=12:0.000, j=13:0.000, j=14:0.005, j=15:0.049, j=16:0.501, j=17:0.384, j=18:0.034
      i=19 -> j=0:0.010, j=1:0.008, j=2:0.013, j=3:0.011, j=4:0.017, j=5:0.006, j=6:0.006, j=7:0.005, j=8:0.008, j=9:0.007, j=10:0.012, j=11:0.011, j=12:0.004, j=13:0.002, j=14:0.002, j=15:0.010, j=16:0.062, j=17:0.295, j=18:0.373, j=19:0.139
      i=20 -> j=0:0.002, j=1:0.001, j=2:0.002, j=3:0.002, j=4:0.006, j=5:0.001, j=6:0.001, j=7:0.001, j=8:0.001, j=9:0.001, j=10:0.002, j=11:0.005, j=12:0.001, j=13:0.000, j=14:0.000, j=15:0.000, j=16:0.005, j=17:0.078, j=18:0.698, j=19:0.156, j=20:0.036
      i=21 -> j=0:0.007, j=1:0.003, j=2:0.003, j=3:0.003, j=4:0.013, j=5:0.005, j=6:0.009, j=7:0.003, j=8:0.002, j=9:0.001, j=10:0.003, j=11:0.015, j=12:0.011, j=13:0.002, j=14:0.001, j=15:0.001, j=16:0.001, j=17:0.008, j=18:0.216, j=19:0.284, j=20:0.379, j=21:0.028
      i=22 -> j=0:0.003, j=1:0.002, j=2:0.001, j=3:0.001, j=4:0.002, j=5:0.002, j=6:0.003, j=7:0.002, j=8:0.001, j=9:0.000, j=10:0.001, j=11:0.002, j=12:0.003, j=13:0.002, j=14:0.001, j=15:0.000, j=16:0.000, j=17:0.000, j=18:0.006, j=19:0.050, j=20:0.721, j=21:0.171, j=22:0.026
      i=23 -> j=0:0.012, j=1:0.012, j=2:0.011, j=3:0.007, j=4:0.008, j=5:0.004, j=6:0.008, j=7:0.008, j=8:0.008, j=9:0.003, j=10:0.002, j=11:0.004, j=12:0.003, j=13:0.005, j=14:0.007, j=15:0.006, j=16:0.002, j=17:0.001, j=18:0.001, j=19:0.004, j=20:0.019, j=21:0.146, j=22:0.572, j=23:0.147
      i=24 -> j=0:0.002, j=1:0.002, j=2:0.003, j=3:0.002, j=4:0.002, j=5:0.001, j=6:0.002, j=7:0.002, j=8:0.003, j=9:0.001, j=10:0.001, j=11:0.001, j=12:0.001, j=13:0.001, j=14:0.003, j=15:0.003, j=16:0.001, j=17:0.000, j=18:0.000, j=19:0.000, j=20:0.006, j=21:0.147, j=22:0.739, j=23:0.069, j=24:0.009
      i=25 -> j=0:0.005, j=1:0.006, j=2:0.009, j=3:0.010, j=4:0.012, j=5:0.003, j=6:0.005, j=7:0.004, j=8:0.008, j=9:0.007, j=10:0.007, j=11:0.005, j=12:0.003, j=13:0.002, j=14:0.006, j=15:0.012, j=16:0.011, j=17:0.003, j=18:0.001, j=19:0.001, j=20:0.001, j=21:0.025, j=22:0.274, j=23:0.297, j=24:0.264, j=25:0.020
      i=26 -> j=0:0.007, j=1:0.005, j=2:0.006, j=3:0.007, j=4:0.013, j=5:0.005, j=6:0.006, j=7:0.004, j=8:0.004, j=9:0.003, j=10:0.005, j=11:0.009, j=12:0.004, j=13:0.002, j=14:0.002, j=15:0.004, j=16:0.006, j=17:0.005, j=18:0.003, j=19:0.002, j=20:0.000, j=21:0.001, j=22:0.005, j=23:0.034, j=24:0.311, j=25:0.481, j=26:0.068
      i=27 -> j=0:0.011, j=1:0.008, j=2:0.006, j=3:0.006, j=4:0.010, j=5:0.008, j=6:0.007, j=7:0.006, j=8:0.004, j=9:0.003, j=10:0.005, j=11:0.009, j=12:0.006, j=13:0.003, j=14:0.002, j=15:0.003, j=16:0.003, j=17:0.005, j=18:0.006, j=19:0.004, j=20:0.001, j=21:0.001, j=22:0.001, j=23:0.006, j=24:0.074, j=25:0.473, j=26:0.232, j=27:0.096
      i=28 -> j=0:0.008, j=1:0.005, j=2:0.003, j=3:0.003, j=4:0.006, j=5:0.004, j=6:0.007, j=7:0.004, j=8:0.003, j=9:0.001, j=10:0.002, j=11:0.006, j=12:0.005, j=13:0.003, j=14:0.001, j=15:0.001, j=16:0.001, j=17:0.001, j=18:0.003, j=19:0.004, j=20:0.001, j=21:0.000, j=22:0.000, j=23:0.000, j=24:0.002, j=25:0.062, j=26:0.497, j=27:0.317, j=28:0.050
      i=29 -> j=0:0.015, j=1:0.014, j=2:0.010, j=3:0.008, j=4:0.009, j=5:0.006, j=6:0.011, j=7:0.010, j=8:0.008, j=9:0.004, j=10:0.003, j=11:0.007, j=12:0.006, j=13:0.006, j=14:0.005, j=15:0.004, j=16:0.002, j=17:0.001, j=18:0.002, j=19:0.005, j=20:0.004, j=21:0.002, j=22:0.001, j=23:0.001, j=24:0.000, j=25:0.003, j=26:0.067, j=27:0.289, j=28:0.404, j=29:0.097
      i=30 -> j=0:0.013, j=1:0.013, j=2:0.011, j=3:0.011, j=4:0.013, j=5:0.004, j=6:0.010, j=7:0.008, j=8:0.009, j=9:0.005, j=10:0.004, j=11:0.006, j=12:0.004, j=13:0.004, j=14:0.006, j=15:0.006, j=16:0.003, j=17:0.001, j=18:0.001, j=19:0.003, j=20:0.003, j=21:0.004, j=22:0.002, j=23:0.001, j=24:0.000, j=25:0.000, j=26:0.006, j=27:0.046, j=28:0.377, j=29:0.347, j=30:0.078
      i=31 -> j=0:0.013, j=1:0.012, j=2:0.013, j=3:0.015, j=4:0.021, j=5:0.006, j=6:0.010, j=7:0.008, j=8:0.011, j=9:0.008, j=10:0.009, j=11:0.011, j=12:0.006, j=13:0.004, j=14:0.007, j=15:0.011, j=16:0.009, j=17:0.003, j=18:0.002, j=19:0.003, j=20:0.003, j=21:0.007, j=22:0.009, j=23:0.006, j=24:0.001, j=25:0.001, j=26:0.003, j=27:0.009, j=28:0.103, j=29:0.313, j=30:0.276, j=31:0.089
    Average attention per distance:
      d=0:0.093, d=1:0.342, d=2:0.456, d=3:0.101, d=27:0.012, d=28:0.012, d=29:0.013, d=30:0.012
      d=31:0.013

--- Layer 3 ---
  Head 0: Entropy=1.610
    Attention coefficients from each query position to previous positions:
      i= 0 -> j=0:1.000
      i= 1 -> j=0:0.432, j=1:0.568
      i= 2 -> j=0:0.031, j=1:0.058, j=2:0.911
      i= 3 -> j=0:0.149, j=1:0.230, j=2:0.400, j=3:0.221
      i= 4 -> j=0:0.021, j=1:0.038, j=2:0.464, j=3:0.032, j=4:0.445
      i= 5 -> j=0:0.056, j=1:0.080, j=2:0.124, j=3:0.145, j=4:0.319, j=5:0.276
      i= 6 -> j=0:0.006, j=1:0.007, j=2:0.040, j=3:0.007, j=4:0.261, j=5:0.045, j=6:0.635
      i= 7 -> j=0:0.027, j=1:0.029, j=2:0.037, j=3:0.036, j=4:0.133, j=5:0.107, j=6:0.394, j=7:0.237
      i= 8 -> j=0:0.013, j=1:0.013, j=2:0.030, j=3:0.009, j=4:0.073, j=5:0.029, j=6:0.359, j=7:0.159, j=8:0.316
      i= 9 -> j=0:0.042, j=1:0.047, j=2:0.042, j=3:0.054, j=4:0.072, j=5:0.088, j=6:0.159, j=7:0.175, j=8:0.224, j=9:0.098
      i=10 -> j=0:0.030, j=1:0.035, j=2:0.024, j=3:0.046, j=4:0.035, j=5:0.060, j=6:0.056, j=7:0.099, j=8:0.171, j=9:0.110, j=10:0.334
      i=11 -> j=0:0.001, j=1:0.001, j=2:0.002, j=3:0.001, j=4:0.003, j=5:0.002, j=6:0.003, j=7:0.004, j=8:0.023, j=9:0.004, j=10:0.048, j=11:0.907
      i=12 -> j=0:0.002, j=1:0.002, j=2:0.004, j=3:0.002, j=4:0.007, j=5:0.003, j=6:0.007, j=7:0.006, j=8:0.021, j=9:0.005, j=10:0.039, j=11:0.717, j=12:0.184
      i=13 -> j=0:0.006, j=1:0.005, j=2:0.011, j=3:0.003, j=4:0.015, j=5:0.005, j=6:0.016, j=7:0.010, j=8:0.030, j=9:0.006, j=10:0.032, j=11:0.605, j=12:0.225, j=13:0.031
      i=14 -> j=0:0.009, j=1:0.007, j=2:0.016, j=3:0.003, j=4:0.018, j=5:0.006, j=6:0.020, j=7:0.013, j=8:0.031, j=9:0.006, j=10:0.026, j=11:0.430, j=12:0.307, j=13:0.065, j=14:0.043
      i=15 -> j=0:0.012, j=1:0.009, j=2:0.026, j=3:0.004, j=4:0.022, j=5:0.006, j=6:0.024, j=7:0.014, j=8:0.038, j=9:0.006, j=10:0.021, j=11:0.300, j=12:0.288, j=13:0.090, j=14:0.070, j=15:0.071
      i=16 -> j=0:0.023, j=1:0.019, j=2:0.039, j=3:0.010, j=4:0.029, j=5:0.012, j=6:0.027, j=7:0.022, j=8:0.045, j=9:0.013, j=10:0.033, j=11:0.151, j=12:0.177, j=13:0.111, j=14:0.105, j=15:0.126, j=16:0.059
      i=17 -> j=0:0.039, j=1:0.037, j=2:0.040, j=3:0.030, j=4:0.034, j=5:0.029, j=6:0.026, j=7:0.031, j=8:0.039, j=9:0.032, j=10:0.045, j=11:0.052, j=12:0.064, j=13:0.078, j=14:0.086, j=15:0.116, j=16:0.094, j=17:0.131
      i=18 -> j=0:0.022, j=1:0.019, j=2:0.032, j=3:0.012, j=4:0.026, j=5:0.012, j=6:0.014, j=7:0.012, j=8:0.021, j=9:0.010, j=10:0.019, j=11:0.031, j=12:0.029, j=13:0.032, j=14:0.038, j=15:0.075, j=16:0.066, j=17:0.113, j=18:0.418
      i=19 -> j=0:0.001, j=1:0.001, j=2:0.004, j=3:0.000, j=4:0.003, j=5:0.000, j=6:0.001, j=7:0.001, j=8:0.002, j=9:0.000, j=10:0.001, j=11:0.004, j=12:0.002, j=13:0.001, j=14:0.002, j=15:0.004, j=16:0.003, j=17:0.006, j=18:0.058, j=19:0.905
      i=20 -> j=0:0.012, j=1:0.010, j=2:0.016, j=3:0.006, j=4:0.014, j=5:0.007, j=6:0.010, j=7:0.007, j=8:0.009, j=9:0.005, j=10:0.007, j=11:0.011, j=12:0.011, j=13:0.010, j=14:0.009, j=15:0.014, j=16:0.016, j=17:0.027, j=18:0.093, j=19:0.637, j=20:0.069
      i=21 -> j=0:0.010, j=1:0.009, j=2:0.020, j=3:0.004, j=4:0.015, j=5:0.005, j=6:0.012, j=7:0.006, j=8:0.010, j=9:0.003, j=10:0.005, j=11:0.011, j=12:0.010, j=13:0.008, j=14:0.007, j=15:0.010, j=16:0.009, j=17:0.014, j=18:0.050, j=19:0.612, j=20:0.054, j=21:0.115
      i=22 -> j=0:0.022, j=1:0.021, j=2:0.029, j=3:0.014, j=4:0.024, j=5:0.014, j=6:0.019, j=7:0.016, j=8:0.019, j=9:0.010, j=10:0.012, j=11:0.013, j=12:0.013, j=13:0.016, j=14:0.013, j=15:0.016, j=16:0.017, j=17:0.024, j=18:0.039, j=19:0.183, j=20:0.072, j=21:0.157, j=22:0.237
      i=23 -> j=0:0.006, j=1:0.006, j=2:0.016, j=3:0.003, j=4:0.010, j=5:0.003, j=6:0.008, j=7:0.004, j=8:0.008, j=9:0.002, j=10:0.003, j=11:0.005, j=12:0.004, j=13:0.004, j=14:0.003, j=15:0.004, j=16:0.003, j=17:0.004, j=18:0.007, j=19:0.040, j=20:0.013, j=21:0.052, j=22:0.115, j=23:0.676
      i=24 -> j=0:0.037, j=1:0.037, j=2:0.030, j=3:0.041, j=4:0.030, j=5:0.037, j=6:0.026, j=7:0.031, j=8:0.027, j=9:0.034, j=10:0.030, j=11:0.018, j=12:0.019, j=13:0.026, j=14:0.023, j=15:0.024, j=16:0.030, j=17:0.037, j=18:0.030, j=19:0.031, j=20:0.047, j=21:0.063, j=22:0.095, j=23:0.126, j=24:0.071
      i=25 -> j=0:0.036, j=1:0.037, j=2:0.028, j=3:0.041, j=4:0.030, j=5:0.039, j=6:0.026, j=7:0.031, j=8:0.027, j=9:0.036, j=10:0.033, j=11:0.019, j=12:0.019, j=13:0.025, j=14:0.022, j=15:0.023, j=16:0.028, j=17:0.034, j=18:0.026, j=19:0.020, j=20:0.035, j=21:0.041, j=22:0.064, j=23:0.094, j=24:0.073, j=25:0.112
      i=26 -> j=0:0.004, j=1:0.003, j=2:0.007, j=3:0.002, j=4:0.006, j=5:0.002, j=6:0.005, j=7:0.003, j=8:0.004, j=9:0.001, j=10:0.002, j=11:0.004, j=12:0.003, j=13:0.002, j=14:0.001, j=15:0.001, j=16:0.001, j=17:0.001, j=18:0.002, j=19:0.004, j=20:0.001, j=21:0.003, j=22:0.007, j=23:0.060, j=24:0.004, j=25:0.024, j=26:0.843
      i=27 -> j=0:0.003, j=1:0.002, j=2:0.007, j=3:0.001, j=4:0.005, j=5:0.001, j=6:0.005, j=7:0.002, j=8:0.004, j=9:0.001, j=10:0.001, j=11:0.005, j=12:0.003, j=13:0.001, j=14:0.001, j=15:0.001, j=16:0.001, j=17:0.001, j=18:0.001, j=19:0.005, j=20:0.001, j=21:0.002, j=22:0.003, j=23:0.024, j=24:0.001, j=25:0.009, j=26:0.615, j=27:0.294
      i=28 -> j=0:0.004, j=1:0.003, j=2:0.014, j=3:0.001, j=4:0.009, j=5:0.002, j=6:0.008, j=7:0.003, j=8:0.007, j=9:0.001, j=10:0.002, j=11:0.009, j=12:0.005, j=13:0.002, j=14:0.002, j=15:0.002, j=16:0.001, j=17:0.001, j=18:0.002, j=19:0.009, j=20:0.002, j=21:0.003, j=22:0.005, j=23:0.029, j=24:0.001, j=25:0.008, j=26:0.463, j=27:0.384, j=28:0.015
      i=29 -> j=0:0.006, j=1:0.005, j=2:0.023, j=3:0.002, j=4:0.014, j=5:0.003, j=6:0.012, j=7:0.005, j=8:0.012, j=9:0.001, j=10:0.003, j=11:0.013, j=12:0.007, j=13:0.004, j=14:0.003, j=15:0.003, j=16:0.002, j=17:0.002, j=18:0.002, j=19:0.010, j=20:0.002, j=21:0.004, j=22:0.006, j=23:0.020, j=24:0.002, j=25:0.006, j=26:0.235, j=27:0.467, j=28:0.033, j=29:0.094
      i=30 -> j=0:0.010, j=1:0.008, j=2:0.039, j=3:0.003, j=4:0.025, j=5:0.004, j=6:0.019, j=7:0.008, j=8:0.020, j=9:0.002, j=10:0.005, j=11:0.025, j=12:0.013, j=13:0.006, j=14:0.005, j=15:0.006, j=16:0.003, j=17:0.003, j=18:0.004, j=19:0.014, j=20:0.002, j=21:0.005, j=22:0.008, j=23:0.028, j=24:0.002, j=25:0.007, j=26:0.113, j=27:0.300, j=28:0.044, j=29:0.187, j=30:0.079
      i=31 -> j=0:0.014, j=1:0.012, j=2:0.046, j=3:0.005, j=4:0.033, j=5:0.007, j=6:0.026, j=7:0.011, j=8:0.025, j=9:0.004, j=10:0.008, j=11:0.035, j=12:0.019, j=13:0.009, j=14:0.008, j=15:0.009, j=16:0.005, j=17:0.005, j=18:0.007, j=19:0.018, j=20:0.003, j=21:0.006, j=22:0.009, j=23:0.030, j=24:0.003, j=25:0.008, j=26:0.056, j=27:0.125, j=28:0.038, j=29:0.181, j=30:0.115, j=31:0.120
    Average attention per distance:
      d=0:0.329, d=1:0.200, d=2:0.182, d=3:0.098, d=4:0.054, d=5:0.029, d=6:0.017, d=7:0.017
      d=8:0.016, d=9:0.014, d=10:0.011, d=14:0.012, d=15:0.013, d=16:0.014, d=17:0.013, d=18:0.012
      d=19:0.013, d=20:0.015, d=21:0.014, d=22:0.014, d=23:0.014, d=24:0.015, d=25:0.013, d=27:0.013
      d=28:0.013, d=29:0.020, d=30:0.011, d=31:0.014


======================================================================
QK Property Verification (Raw Scores, before Softmax)
======================================================================
Recurrence order init_len=2, num test sequences=1

--- [P1] Long-distance Orthogonality Verification ---
Ideal: raw_score mean ≈ 0 and small std when d > init_len

  Layer 0, Head 0:
    d= 1 (effective): mean= 11.642, std= 0.240, n=31
    d= 2 (effective): mean=  9.327, std= 0.169, n=30
    d>2 (long-distance): mean= -1.011, std= 2.364, n=435

  Layer 1, Head 0:
    d= 1 (effective): mean=  4.975, std= 0.489, n=31
    d= 2 (effective): mean=  6.036, std= 0.546, n=30
    d>2 (long-distance): mean= -0.851, std= 2.018, n=435

  Layer 2, Head 0:
    d= 1 (effective): mean=  2.819, std= 0.423, n=31
    d= 2 (effective): mean=  3.240, std= 1.151, n=30
    d>2 (long-distance): mean= -1.647, std= 1.372, n=435

  Layer 3, Head 0:
    d= 1 (effective): mean=  2.247, std= 1.287, n=31
    d= 2 (effective): mean=  1.983, std= 1.374, n=30
    d>2 (long-distance): mean= -0.046, std= 0.837, n=435

--- [P2] Time-homogeneous Verification ---
Ideal: CV of raw_score across positions i ≈ 0 for fixed distance d
(CV = std / |mean|, smaller = more constant)

  Layer 0, Head 0:
    d= 1: mean= 11.642, std= 0.240, CV=0.021, n=31
    d= 2: mean=  9.327, std= 0.169, CV=0.018, n=30

  Layer 1, Head 0:
    d= 1: mean=  4.975, std= 0.489, CV=0.098, n=31
    d= 2: mean=  6.036, std= 0.546, CV=0.090, n=30

  Layer 2, Head 0:
    d= 1: mean=  2.819, std= 0.423, CV=0.150, n=31
    d= 2: mean=  3.240, std= 1.151, CV=0.355, n=30

  Layer 3, Head 0:
    d= 1: mean=  2.247, std= 1.287, CV=0.573, n=31
    d= 2: mean=  1.983, std= 1.374, CV=0.693, n=30

======================================================================
QK Property Verification Completed
======================================================================
