=== Experiment: mixed_label_d128l1_r8_e65 ===
Time: 2026-06-25T12:43:39.117852
Task type: mixed_ab
Merged config: {
  "P": 53,
  "TASK": "mixed_ab",
  "NUM_MASK": 0,
  "A": 1,
  "B": 1,
  "AB_PAIRS": [
    [
      1,
      1
    ],
    [
      1,
      2
    ]
  ],
  "D_MODEL": 128,
  "N_HEAD": 1,
  "N_LAYER": 1,
  "BATCH_SIZE": 128,
  "EPOCHS": 10000,
  "LR": 0.0003,
  "SAVE_PATH": "models/mixed_label_d128l1_r8_e65.pth",
  "USE_GREEDY_GENERATE": true,
  "USE_LEARNABLE_PE": false,
  "MLP_RATIO": 8,
  "TRAIN_LEN": 16,
  "OOD_LEN": 32,
  "DROPOUT": 0.0,
  "TARGET_INIT_COVERAGE": 0.5,
  "MAX_UNIQUE_RATIO": 0.5,
  "WEIGHT_DECAY": 1,
  "ENTROPY_PENALTY_WEIGHT": 0.0,
  "FIRST_TASK_WEIGHT": 1.0,
  "RANDOM_SEED": 42,
  "EVAL_INTERVAL": 20,
  "EARLY_STOP_NO_IMPROVE": 1000,
  "EARLY_STOP_ACCURACY": 0.99,
  "USE_AB_TAG": true,
  "USE_CONDITIONAL_WTE": false,
  "COND_WTE_SHARED_RATIO": 0.0,
  "MIXED_AB_MAX_UNIQUE_RATIOS": [
    0.65,
    0.65
  ]
}
--- output ---
Using device: cuda

[Dataset] Mixed mode: generated 3662 + 1956 samples, length 16
AB parameter pairs: [(1, 1), (1, 2)]
  - AB=(1,1): train 1836 | test 973 | exposed ~65.4%
  - AB=(1,2): train 1826 | test 983 | exposed ~65.0%
--------------------------------------------------
[Model config] block_size: 32, train length: 16
[Number theory] AB parameter pairs: [(1, 1), (1, 2)]


Model parameters: 0.35M

Start training...
Epoch   0 | Train: Loss=4.2374 Acc=2.7% | Test: Acc=0.1% | Best=0.1%(@0)
  from x2: 0.00 0.00 0.00 0.00 0.00 0.00 0.00 0.00 0.00 0.00 0.00 0.00 0.00 0.00
  per-rule acc: 0.00 0.00
Epoch  20 | Train: Loss=0.8045 Acc=95.2% | Test: Acc=2.9% | Best=2.9%(@20)
  from x2: 0.04 0.03 0.03 0.03 0.03 0.03 0.03 0.03 0.03 0.03 0.03 0.03 0.03 0.03
  per-rule acc: 0.03 0.03
Epoch  40 | Train: Loss=0.1868 Acc=98.5% | Test: Acc=3.4% | Best=3.4%(@40)
  from x2: 0.03 0.03 0.03 0.03 0.03 0.04 0.04 0.03 0.03 0.03 0.03 0.03 0.03 0.03
  per-rule acc: 0.04 0.03
Epoch  60 | Train: Loss=0.1090 Acc=98.9% | Test: Acc=3.9% | Best=3.9%(@60)
  from x2: 0.03 0.04 0.04 0.04 0.04 0.04 0.04 0.04 0.04 0.04 0.04 0.04 0.04 0.04
  per-rule acc: 0.04 0.03
Epoch  80 | Train: Loss=0.0827 Acc=99.2% | Test: Acc=4.5% | Best=4.5%(@80)
  from x2: 0.04 0.04 0.04 0.04 0.04 0.05 0.05 0.05 0.05 0.04 0.04 0.04 0.05 0.05
  per-rule acc: 0.05 0.04
Epoch 100 | Train: Loss=0.0688 Acc=99.4% | Test: Acc=5.0% | Best=5.0%(@100)
  from x2: 0.04 0.04 0.05 0.05 0.05 0.05 0.05 0.05 0.05 0.05 0.05 0.05 0.05 0.05
  per-rule acc: 0.06 0.04
Epoch 120 | Train: Loss=0.0602 Acc=99.6% | Test: Acc=5.6% | Best=5.6%(@120)
  from x2: 0.04 0.05 0.06 0.06 0.06 0.06 0.06 0.06 0.06 0.06 0.06 0.06 0.06 0.06
  per-rule acc: 0.06 0.05
Epoch 140 | Train: Loss=0.0542 Acc=99.7% | Test: Acc=6.2% | Best=6.2%(@140)
  from x2: 0.04 0.06 0.07 0.06 0.07 0.06 0.06 0.06 0.06 0.06 0.06 0.06 0.06 0.06
  per-rule acc: 0.07 0.05
Epoch 160 | Train: Loss=0.0770 Acc=99.6% | Test: Acc=7.4% | Best=7.4%(@160)
  from x2: 0.06 0.06 0.07 0.07 0.07 0.08 0.08 0.08 0.08 0.08 0.08 0.08 0.08 0.08
  per-rule acc: 0.08 0.07
Epoch 180 | Train: Loss=0.0736 Acc=99.6% | Test: Acc=8.1% | Best=8.1%(@180)
  from x2: 0.06 0.08 0.08 0.08 0.08 0.08 0.08 0.08 0.08 0.08 0.08 0.08 0.08 0.09
  per-rule acc: 0.09 0.07
Epoch 200 | Train: Loss=0.0610 Acc=99.6% | Test: Acc=9.6% | Best=9.6%(@200)
  from x2: 0.07 0.09 0.10 0.10 0.10 0.10 0.10 0.10 0.10 0.10 0.10 0.10 0.10 0.10
  per-rule acc: 0.11 0.09
Epoch 220 | Train: Loss=0.0481 Acc=99.8% | Test: Acc=10.5% | Best=10.5%(@220)
  from x2: 0.08 0.10 0.11 0.11 0.11 0.11 0.11 0.11 0.11 0.11 0.11 0.11 0.11 0.11
  per-rule acc: 0.11 0.10
Epoch 240 | Train: Loss=0.0616 Acc=99.8% | Test: Acc=12.6% | Best=12.6%(@240)
  from x2: 0.10 0.12 0.13 0.13 0.13 0.13 0.13 0.13 0.13 0.13 0.13 0.13 0.13 0.13
  per-rule acc: 0.14 0.11
Epoch 260 | Train: Loss=0.0634 Acc=99.7% | Test: Acc=15.0% | Best=15.0%(@260)
  from x2: 0.12 0.15 0.16 0.15 0.15 0.15 0.15 0.15 0.15 0.15 0.15 0.15 0.15 0.15
  per-rule acc: 0.16 0.14
Epoch 280 | Train: Loss=0.0495 Acc=99.8% | Test: Acc=17.2% | Best=17.2%(@280)
  from x2: 0.14 0.18 0.17 0.17 0.17 0.17 0.17 0.18 0.18 0.18 0.18 0.18 0.17 0.18
  per-rule acc: 0.20 0.15
Epoch 300 | Train: Loss=0.0404 Acc=99.9% | Test: Acc=19.8% | Best=19.8%(@300)
  from x2: 0.16 0.20 0.20 0.20 0.20 0.20 0.20 0.20 0.20 0.20 0.20 0.20 0.20 0.20
  per-rule acc: 0.22 0.18
Epoch 320 | Train: Loss=0.0422 Acc=99.9% | Test: Acc=24.7% | Best=24.7%(@320)
  from x2: 0.20 0.26 0.25 0.25 0.25 0.25 0.25 0.25 0.25 0.25 0.25 0.25 0.25 0.25
  per-rule acc: 0.27 0.22
Epoch 340 | Train: Loss=0.0227 Acc=100.0% | Test: Acc=35.7% | Best=35.7%(@340)
  from x2: 0.32 0.37 0.36 0.36 0.36 0.36 0.36 0.36 0.36 0.36 0.36 0.36 0.36 0.35
  per-rule acc: 0.38 0.33
Epoch 360 | Train: Loss=0.0297 Acc=100.0% | Test: Acc=56.7% | Best=56.7%(@360)
  from x2: 0.56 0.59 0.57 0.56 0.57 0.57 0.57 0.56 0.56 0.57 0.56 0.57 0.56 0.56
  per-rule acc: 0.59 0.55
Epoch 380 | Train: Loss=0.0133 Acc=100.0% | Test: Acc=85.7% | Best=85.7%(@380)
  from x2: 0.86 0.87 0.86 0.86 0.86 0.86 0.86 0.86 0.86 0.85 0.85 0.85 0.85 0.84
  per-rule acc: 0.87 0.85
Epoch 400 | Train: Loss=0.0098 Acc=100.0% | Test: Acc=98.1% | Best=98.1%(@400)
  from x2: 0.98 0.98 0.98 0.98 0.98 0.98 0.98 0.98 0.98 0.98 0.98 0.98 0.98 0.98
  per-rule acc: 0.99 0.98
Epoch 420 | Train: Loss=0.0074 Acc=100.0% | Test: Acc=99.8% | Best=99.8%(@420)
  from x2: 1.00 1.00 1.00 1.00 1.00 1.00 1.00 1.00 1.00 1.00 1.00 1.00 1.00 1.00
  per-rule acc: 1.00 1.00
[Early stop] Epoch 420: test set reached high accuracy

==================================================
Saving model...
[OK] Model saved to: /home/cxm/ai/test0625-exposure/models/mixed_label_d128l1_r8_e65.pth
  File size: 1364.7 KB
  Best test accuracy: 99.75%

==================================================
Final generation test (given first two items, AB generates 3rd as prompt, validate from 4th)
==================================================

--- AB pair 1: (1, 1) ---

--- Statistics for AB=(1,1) ---
Exposed    samples:  1836 | In-dist: 23868/23868 (100.0%) | OOD: 18141/29376 ( 61.8%)
Unexposed  samples:   973 | In-dist: 12637/12649 ( 99.9%) | OOD:  8741/15568 ( 56.1%)

--- AB pair 2: (1, 2) ---

--- Statistics for AB=(1,2) ---
Exposed    samples:  1826 | In-dist: 23738/23738 (100.0%) | OOD: 12526/29216 ( 42.9%)
Unexposed  samples:   983 | In-dist: 12773/12779 (100.0%) | OOD:  6012/15728 ( 38.2%)

--- Return code: 0 ---

======================================================================
Attention Analysis
======================================================================
Model config: addition (default), p=53
Best test accuracy: 0.997516798130295
Training epochs: 420

Random test sequence 1/5 (length 32): [9, 51, 7, 5, 12, 17, 29, 46, 22, 15, 37, 52, 36, 35, 18, 0, 18, 18, 36, 1]...

======================================================================
Attention Layer Training Result Summary
======================================================================
Input sequence: [9, 51, 7, 5, 12, 17, 29, 46, 22, 15, 37, 52, 36, 35, 18, 0, 18, 18, 36, 1, 37, 38, 22, 7, 29, 36, 12, 48, 7, 2, 9, 11]

--- Layer 0 ---
  Head 0: Entropy=1.035
    Attention coefficients from each query position to previous positions:
      i= 0 -> j=0:1.000
      i= 1 -> j=0:0.201, j=1:0.799
      i= 2 -> j=0:0.018, j=1:0.177, j=2:0.805
      i= 3 -> j=0:0.002, j=1:0.021, j=2:0.176, j=3:0.801
      i= 4 -> j=0:0.000, j=1:0.002, j=2:0.018, j=3:0.173, j=4:0.807
      i= 5 -> j=0:0.000, j=1:0.001, j=2:0.002, j=3:0.021, j=4:0.204, j=5:0.772
      i= 6 -> j=0:0.000, j=1:0.000, j=2:0.000, j=3:0.002, j=4:0.021, j=5:0.178, j=6:0.798
      i= 7 -> j=0:0.001, j=1:0.001, j=2:0.000, j=3:0.001, j=4:0.002, j=5:0.021, j=6:0.188, j=7:0.785
      i= 8 -> j=0:0.001, j=1:0.002, j=2:0.001, j=3:0.001, j=4:0.001, j=5:0.003, j=6:0.020, j=7:0.187, j=8:0.785
      i= 9 -> j=0:0.000, j=1:0.001, j=2:0.001, j=3:0.000, j=4:0.000, j=5:0.000, j=6:0.001, j=7:0.017, j=8:0.183, j=9:0.795
      i=10 -> j=0:0.000, j=1:0.001, j=2:0.001, j=3:0.001, j=4:0.001, j=5:0.000, j=6:0.000, j=7:0.002, j=8:0.023, j=9:0.175, j=10:0.795
      i=11 -> j=0:0.000, j=1:0.000, j=2:0.000, j=3:0.001, j=4:0.001, j=5:0.001, j=6:0.000, j=7:0.000, j=8:0.002, j=9:0.018, j=10:0.185, j=11:0.791
      i=12 -> j=0:0.001, j=1:0.001, j=2:0.000, j=3:0.000, j=4:0.001, j=5:0.001, j=6:0.001, j=7:0.000, j=8:0.001, j=9:0.002, j=10:0.019, j=11:0.188, j=12:0.786
      i=13 -> j=0:0.003, j=1:0.002, j=2:0.001, j=3:0.001, j=4:0.001, j=5:0.001, j=6:0.001, j=7:0.001, j=8:0.001, j=9:0.001, j=10:0.003, j=11:0.020, j=12:0.182, j=13:0.783
      i=14 -> j=0:0.002, j=1:0.002, j=2:0.001, j=3:0.000, j=4:0.000, j=5:0.000, j=6:0.001, j=7:0.001, j=8:0.001, j=9:0.000, j=10:0.000, j=11:0.001, j=12:0.017, j=13:0.176, j=14:0.798
      i=15 -> j=0:0.003, j=1:0.003, j=2:0.001, j=3:0.001, j=4:0.000, j=5:0.000, j=6:0.000, j=7:0.000, j=8:0.001, j=9:0.000, j=10:0.000, j=11:0.000, j=12:0.001, j=13:0.015, j=14:0.142, j=15:0.830
      i=16 -> j=0:0.004, j=1:0.004, j=2:0.002, j=3:0.001, j=4:0.001, j=5:0.000, j=6:0.000, j=7:0.000, j=8:0.001, j=9:0.001, j=10:0.000, j=11:0.000, j=12:0.000, j=13:0.002, j=14:0.016, j=15:0.256, j=16:0.712
      i=17 -> j=0:0.006, j=1:0.006, j=2:0.003, j=3:0.002, j=4:0.002, j=5:0.001, j=6:0.000, j=7:0.000, j=8:0.000, j=9:0.001, j=10:0.001, j=11:0.000, j=12:0.000, j=13:0.000, j=14:0.002, j=15:0.026, j=16:0.179, j=17:0.770
      i=18 -> j=0:0.015, j=1:0.009, j=2:0.005, j=3:0.003, j=4:0.003, j=5:0.002, j=6:0.001, j=7:0.000, j=8:0.001, j=9:0.000, j=10:0.001, j=11:0.001, j=12:0.001, j=13:0.000, j=14:0.000, j=15:0.003, j=16:0.018, j=17:0.169, j=18:0.768
      i=19 -> j=0:0.046, j=1:0.025, j=2:0.012, j=3:0.006, j=4:0.006, j=5:0.004, j=6:0.002, j=7:0.001, j=8:0.001, j=9:0.001, j=10:0.001, j=11:0.001, j=12:0.001, j=13:0.001, j=14:0.000, j=15:0.001, j=16:0.002, j=17:0.018, j=18:0.178, j=19:0.693
      i=20 -> j=0:0.044, j=1:0.030, j=2:0.018, j=3:0.008, j=4:0.006, j=5:0.004, j=6:0.003, j=7:0.002, j=8:0.001, j=9:0.000, j=10:0.000, j=11:0.001, j=12:0.001, j=13:0.001, j=14:0.000, j=15:0.001, j=16:0.000, j=17:0.002, j=18:0.017, j=19:0.151, j=20:0.710
      i=21 -> j=0:0.050, j=1:0.040, j=2:0.034, j=3:0.017, j=4:0.009, j=5:0.005, j=6:0.003, j=7:0.003, j=8:0.003, j=9:0.001, j=10:0.001, j=11:0.000, j=12:0.001, j=13:0.001, j=14:0.001, j=15:0.001, j=16:0.000, j=17:0.000, j=18:0.002, j=19:0.019, j=20:0.161, j=21:0.649
      i=22 -> j=0:0.051, j=1:0.045, j=2:0.048, j=3:0.035, j=4:0.021, j=5:0.010, j=6:0.006, j=7:0.005, j=8:0.005, j=9:0.002, j=10:0.001, j=11:0.001, j=12:0.001, j=13:0.001, j=14:0.001, j=15:0.001, j=16:0.001, j=17:0.000, j=18:0.001, j=19:0.003, j=20:0.017, j=21:0.146, j=22:0.600
      i=23 -> j=0:0.040, j=1:0.031, j=2:0.037, j=3:0.034, j=4:0.022, j=5:0.012, j=6:0.006, j=7:0.003, j=8:0.003, j=9:0.002, j=10:0.001, j=11:0.001, j=12:0.000, j=13:0.000, j=14:0.000, j=15:0.001, j=16:0.001, j=17:0.000, j=18:0.000, j=19:0.001, j=20:0.002, j=21:0.014, j=22:0.149, j=23:0.639
      i=24 -> j=0:0.054, j=1:0.035, j=2:0.034, j=3:0.031, j=4:0.027, j=5:0.021, j=6:0.012, j=7:0.006, j=8:0.004, j=9:0.003, j=10:0.002, j=11:0.001, j=12:0.001, j=13:0.000, j=14:0.000, j=15:0.001, j=16:0.001, j=17:0.001, j=18:0.000, j=19:0.000, j=20:0.000, j=21:0.001, j=22:0.016, j=23:0.135, j=24:0.613
      i=25 -> j=0:0.073, j=1:0.045, j=2:0.039, j=3:0.027, j=4:0.025, j=5:0.026, j=6:0.018, j=7:0.010, j=8:0.006, j=9:0.003, j=10:0.002, j=11:0.002, j=12:0.001, j=13:0.001, j=14:0.000, j=15:0.000, j=16:0.000, j=17:0.001, j=18:0.001, j=19:0.001, j=20:0.000, j=21:0.000, j=22:0.002, j=23:0.013, j=24:0.129, j=25:0.573
      i=26 -> j=0:0.068, j=1:0.050, j=2:0.051, j=3:0.025, j=4:0.023, j=5:0.023, j=6:0.023, j=7:0.017, j=8:0.009, j=9:0.004, j=10:0.002, j=11:0.002, j=12:0.002, j=13:0.001, j=14:0.001, j=15:0.000, j=16:0.000, j=17:0.000, j=18:0.000, j=19:0.001, j=20:0.000, j=21:0.000, j=22:0.000, j=23:0.001, j=24:0.011, j=25:0.130, j=26:0.553
      i=27 -> j=0:0.069, j=1:0.066, j=2:0.084, j=3:0.051, j=4:0.033, j=5:0.028, j=6:0.028, j=7:0.030, j=8:0.022, j=9:0.012, j=10:0.007, j=11:0.005, j=12:0.003, j=13:0.003, j=14:0.002, j=15:0.001, j=16:0.000, j=17:0.000, j=18:0.000, j=19:0.001, j=20:0.001, j=21:0.000, j=22:0.000, j=23:0.000, j=24:0.001, j=25:0.012, j=26:0.104, j=27:0.438
      i=28 -> j=0:0.036, j=1:0.036, j=2:0.066, j=3:0.060, j=4:0.041, j=5:0.028, j=6:0.023, j=7:0.025, j=8:0.024, j=9:0.016, j=10:0.010, j=11:0.005, j=12:0.003, j=13:0.002, j=14:0.002, j=15:0.001, j=16:0.001, j=17:0.000, j=18:0.000, j=19:0.000, j=20:0.000, j=21:0.000, j=22:0.000, j=23:0.000, j=24:0.000, j=25:0.001, j=26:0.012, j=27:0.114, j=28:0.492
      i=29 -> j=0:0.031, j=1:0.027, j=2:0.045, j=3:0.061, j=4:0.057, j=5:0.042, j=6:0.029, j=7:0.024, j=8:0.024, j=9:0.020, j=10:0.018, j=11:0.009, j=12:0.005, j=13:0.003, j=14:0.002, j=15:0.002, j=16:0.001, j=17:0.001, j=18:0.000, j=19:0.000, j=20:0.000, j=21:0.000, j=22:0.001, j=23:0.000, j=24:0.000, j=25:0.000, j=26:0.001, j=27:0.010, j=28:0.107, j=29:0.478
      i=30 -> j=0:0.036, j=1:0.026, j=2:0.034, j=3:0.047, j=4:0.056, j=5:0.057, j=6:0.037, j=7:0.026, j=8:0.022, j=9:0.020, j=10:0.023, j=11:0.017, j=12:0.009, j=13:0.005, j=14:0.003, j=15:0.003, j=16:0.002, j=17:0.001, j=18:0.000, j=19:0.000, j=20:0.000, j=21:0.000, j=22:0.001, j=23:0.000, j=24:0.000, j=25:0.000, j=26:0.000, j=27:0.001, j=28:0.011, j=29:0.102, j=30:0.460
      i=31 -> j=0:0.050, j=1:0.039, j=2:0.038, j=3:0.040, j=4:0.046, j=5:0.067, j=6:0.065, j=7:0.052, j=8:0.034, j=9:0.028, j=10:0.027, j=11:0.027, j=12:0.019, j=13:0.011, j=14:0.006, j=15:0.005, j=16:0.003, j=17:0.002, j=18:0.001, j=19:0.001, j=20:0.000, j=21:0.000, j=22:0.001, j=23:0.000, j=24:0.001, j=25:0.000, j=26:0.000, j=27:0.000, j=28:0.001, j=29:0.009, j=30:0.084, j=31:0.340
    Average attention per distance:
      d=0:0.701, d=1:0.162, d=2:0.017, d=18:0.014, d=19:0.024, d=20:0.030, d=21:0.030, d=22:0.029
      d=23:0.032, d=24:0.047, d=25:0.064, d=26:0.064, d=27:0.049, d=28:0.034, d=29:0.032, d=30:0.037
      d=31:0.050


======================================================================
QK Property Verification (Raw Scores, before Softmax)
======================================================================
Recurrence order init_len=2, num test sequences=1

--- [P1] Long-distance Orthogonality Verification ---
Ideal: raw_score mean ≈ 0 and small std when d > init_len

  Layer 0, Head 0:
    d= 1 (effective): mean=  1.677, std= 0.285, n=31
    d= 2 (effective): mean= -0.564, std= 0.237, n=30
    d>2 (long-distance): mean= -2.536, std= 1.805, n=435

--- [P2] Time-homogeneous Verification ---
Ideal: CV of raw_score across positions i ≈ 0 for fixed distance d
(CV = std / |mean|, smaller = more constant)

  Layer 0, Head 0:
    d= 1: mean=  1.677, std= 0.285, CV=0.170, n=31
    d= 2: mean= -0.564, std= 0.237, CV=0.421, n=30

======================================================================
QK Property Verification Completed
======================================================================
