=== Experiment: mixed_label_d128l1_r8_e70 ===
Time: 2026-06-25T12:45:57.559719
Task type: mixed_ab
Merged config: {
  "P": 53,
  "TASK": "mixed_ab",
  "NUM_MASK": 0,
  "A": 1,
  "B": 1,
  "AB_PAIRS": [
    [
      1,
      1
    ],
    [
      1,
      2
    ]
  ],
  "D_MODEL": 128,
  "N_HEAD": 1,
  "N_LAYER": 1,
  "BATCH_SIZE": 128,
  "EPOCHS": 10000,
  "LR": 0.0003,
  "SAVE_PATH": "models/mixed_label_d128l1_r8_e70.pth",
  "USE_GREEDY_GENERATE": true,
  "USE_LEARNABLE_PE": false,
  "MLP_RATIO": 8,
  "TRAIN_LEN": 16,
  "OOD_LEN": 32,
  "DROPOUT": 0.0,
  "TARGET_INIT_COVERAGE": 0.5,
  "MAX_UNIQUE_RATIO": 0.5,
  "WEIGHT_DECAY": 1,
  "ENTROPY_PENALTY_WEIGHT": 0.0,
  "FIRST_TASK_WEIGHT": 1.0,
  "RANDOM_SEED": 42,
  "EVAL_INTERVAL": 20,
  "EARLY_STOP_NO_IMPROVE": 1000,
  "EARLY_STOP_ACCURACY": 0.99,
  "USE_AB_TAG": true,
  "USE_CONDITIONAL_WTE": false,
  "COND_WTE_SHARED_RATIO": 0.0,
  "MIXED_AB_MAX_UNIQUE_RATIOS": [
    0.7,
    0.7
  ]
}
--- output ---
Using device: cuda

[Dataset] Mixed mode: generated 4030 + 1588 samples, length 16
AB parameter pairs: [(1, 1), (1, 2)]
  - AB=(1,1): train 2052 | test 757 | exposed ~73.1%
  - AB=(1,2): train 1978 | test 831 | exposed ~70.4%
--------------------------------------------------
[Model config] block_size: 32, train length: 16
[Number theory] AB parameter pairs: [(1, 1), (1, 2)]


Model parameters: 0.35M

Start training...
Epoch   0 | Train: Loss=4.2282 Acc=2.4% | Test: Acc=0.3% | Best=0.3%(@0)
  from x2: 0.01 0.01 0.01 0.00 0.00 0.00 0.00 0.00 0.00 0.00 0.00 0.00 0.00 0.00
  per-rule acc: 0.00 0.00
Epoch  20 | Train: Loss=0.7613 Acc=94.2% | Test: Acc=3.6% | Best=3.6%(@20)
  from x2: 0.04 0.04 0.03 0.04 0.04 0.04 0.04 0.04 0.04 0.04 0.04 0.03 0.03 0.03
  per-rule acc: 0.04 0.03
Epoch  40 | Train: Loss=0.1863 Acc=98.0% | Test: Acc=4.7% | Best=4.7%(@40)
  from x2: 0.05 0.05 0.05 0.05 0.05 0.05 0.05 0.05 0.05 0.05 0.05 0.05 0.05 0.05
  per-rule acc: 0.05 0.05
Epoch  60 | Train: Loss=0.1109 Acc=98.7% | Test: Acc=6.8% | Best=6.8%(@60)
  from x2: 0.05 0.07 0.07 0.07 0.07 0.07 0.07 0.07 0.07 0.07 0.07 0.07 0.07 0.07
  per-rule acc: 0.07 0.07
Epoch  80 | Train: Loss=0.0810 Acc=99.2% | Test: Acc=9.6% | Best=9.6%(@80)
  from x2: 0.07 0.10 0.10 0.10 0.10 0.10 0.10 0.10 0.10 0.10 0.10 0.10 0.10 0.10
  per-rule acc: 0.10 0.10
Epoch 100 | Train: Loss=0.0632 Acc=99.5% | Test: Acc=13.7% | Best=13.7%(@100)
  from x2: 0.09 0.14 0.14 0.14 0.14 0.14 0.14 0.14 0.14 0.14 0.14 0.14 0.14 0.14
  per-rule acc: 0.15 0.13
Epoch 120 | Train: Loss=0.0517 Acc=99.7% | Test: Acc=17.7% | Best=17.7%(@120)
  from x2: 0.12 0.18 0.18 0.18 0.18 0.18 0.18 0.18 0.18 0.18 0.18 0.18 0.18 0.18
  per-rule acc: 0.18 0.17
Epoch 140 | Train: Loss=0.0445 Acc=99.8% | Test: Acc=22.3% | Best=22.3%(@140)
  from x2: 0.14 0.23 0.23 0.23 0.23 0.23 0.23 0.23 0.23 0.23 0.23 0.23 0.23 0.23
  per-rule acc: 0.23 0.22
Epoch 160 | Train: Loss=0.0521 Acc=99.8% | Test: Acc=24.9% | Best=24.9%(@160)
  from x2: 0.16 0.25 0.25 0.25 0.25 0.25 0.26 0.26 0.26 0.26 0.26 0.26 0.26 0.26
  per-rule acc: 0.26 0.24
Epoch 180 | Train: Loss=0.0679 Acc=99.8% | Test: Acc=30.4% | Best=30.4%(@180)
  from x2: 0.18 0.31 0.31 0.31 0.31 0.31 0.31 0.31 0.31 0.32 0.32 0.31 0.31 0.31
  per-rule acc: 0.31 0.30
Epoch 200 | Train: Loss=0.0609 Acc=99.8% | Test: Acc=35.8% | Best=35.8%(@200)
  from x2: 0.21 0.37 0.37 0.37 0.37 0.37 0.37 0.37 0.37 0.37 0.37 0.37 0.37 0.37
  per-rule acc: 0.36 0.35
Epoch 220 | Train: Loss=0.0429 Acc=99.9% | Test: Acc=43.4% | Best=43.4%(@220)
  from x2: 0.27 0.44 0.45 0.45 0.45 0.45 0.45 0.45 0.45 0.45 0.45 0.44 0.44 0.44
  per-rule acc: 0.45 0.42
Epoch 240 | Train: Loss=0.0296 Acc=100.0% | Test: Acc=53.2% | Best=53.2%(@240)
  from x2: 0.37 0.55 0.55 0.55 0.55 0.55 0.55 0.55 0.54 0.54 0.54 0.54 0.54 0.54
  per-rule acc: 0.56 0.51
Epoch 260 | Train: Loss=0.0204 Acc=100.0% | Test: Acc=73.1% | Best=73.1%(@260)
  from x2: 0.63 0.75 0.74 0.74 0.74 0.74 0.74 0.74 0.74 0.73 0.73 0.74 0.73 0.73
  per-rule acc: 0.77 0.70
Epoch 280 | Train: Loss=0.0138 Acc=100.0% | Test: Acc=94.8% | Best=94.8%(@280)
  from x2: 0.93 0.96 0.95 0.95 0.95 0.95 0.95 0.95 0.95 0.95 0.95 0.95 0.94 0.94
  per-rule acc: 0.96 0.94
Epoch 300 | Train: Loss=0.0098 Acc=100.0% | Test: Acc=99.9% | Best=99.9%(@300)
  from x2: 1.00 1.00 1.00 1.00 1.00 1.00 1.00 1.00 1.00 1.00 1.00 1.00 1.00 1.00
  per-rule acc: 1.00 1.00
[Early stop] Epoch 300: test set reached high accuracy

==================================================
Saving model...
[OK] Model saved to: /home/cxm/ai/test0625-exposure/models/mixed_label_d128l1_r8_e70.pth
  File size: 1364.7 KB
  Best test accuracy: 99.89%

==================================================
Final generation test (given first two items, AB generates 3rd as prompt, validate from 4th)
==================================================

--- AB pair 1: (1, 1) ---

--- Statistics for AB=(1,1) ---
Exposed    samples:  2052 | In-dist: 26676/26676 (100.0%) | OOD: 22355/32832 ( 68.1%)
Unexposed  samples:   757 | In-dist:  9841/ 9841 (100.0%) | OOD:  7696/12112 ( 63.5%)

--- AB pair 2: (1, 2) ---

--- Statistics for AB=(1,2) ---
Exposed    samples:  1978 | In-dist: 25714/25714 (100.0%) | OOD: 16074/31648 ( 50.8%)
Unexposed  samples:   831 | In-dist: 10787/10803 ( 99.9%) | OOD:  5965/13296 ( 44.9%)

--- Return code: 0 ---

======================================================================
Attention Analysis
======================================================================
Model config: addition (default), p=53
Best test accuracy: 0.998920474991004
Training epochs: 300

Random test sequence 1/5 (length 32): [52, 30, 29, 6, 35, 41, 23, 11, 34, 45, 26, 18, 44, 9, 0, 9, 9, 18, 27, 45]...

======================================================================
Attention Layer Training Result Summary
======================================================================
Input sequence: [52, 30, 29, 6, 35, 41, 23, 11, 34, 45, 26, 18, 44, 9, 0, 9, 9, 18, 27, 45, 19, 11, 30, 41, 18, 6, 24, 30, 1, 31, 32, 10]

--- Layer 0 ---
  Head 0: Entropy=1.142
    Attention coefficients from each query position to previous positions:
      i= 0 -> j=0:1.000
      i= 1 -> j=0:0.294, j=1:0.706
      i= 2 -> j=0:0.036, j=1:0.290, j=2:0.675
      i= 3 -> j=0:0.002, j=1:0.031, j=2:0.249, j=3:0.718
      i= 4 -> j=0:0.000, j=1:0.003, j=2:0.032, j=3:0.286, j=4:0.680
      i= 5 -> j=0:0.000, j=1:0.001, j=2:0.004, j=3:0.041, j=4:0.284, j=5:0.670
      i= 6 -> j=0:0.000, j=1:0.000, j=2:0.000, j=3:0.003, j=4:0.035, j=5:0.272, j=6:0.689
      i= 7 -> j=0:0.001, j=1:0.001, j=2:0.000, j=3:0.001, j=4:0.002, j=5:0.034, j=6:0.273, j=7:0.689
      i= 8 -> j=0:0.001, j=1:0.001, j=2:0.000, j=3:0.000, j=4:0.000, j=5:0.003, j=6:0.028, j=7:0.283, j=8:0.684
      i= 9 -> j=0:0.001, j=1:0.001, j=2:0.001, j=3:0.001, j=4:0.000, j=5:0.001, j=6:0.002, j=7:0.037, j=8:0.289, j=9:0.668
      i=10 -> j=0:0.001, j=1:0.001, j=2:0.001, j=3:0.001, j=4:0.000, j=5:0.000, j=6:0.000, j=7:0.003, j=8:0.033, j=9:0.275, j=10:0.684
      i=11 -> j=0:0.000, j=1:0.000, j=2:0.000, j=3:0.001, j=4:0.000, j=5:0.000, j=6:0.000, j=7:0.000, j=8:0.002, j=9:0.023, j=10:0.270, j=11:0.703
      i=12 -> j=0:0.001, j=1:0.001, j=2:0.001, j=3:0.001, j=4:0.001, j=5:0.002, j=6:0.001, j=7:0.000, j=8:0.001, j=9:0.003, j=10:0.038, j=11:0.277, j=12:0.673
      i=13 -> j=0:0.002, j=1:0.001, j=2:0.000, j=3:0.000, j=4:0.001, j=5:0.001, j=6:0.001, j=7:0.000, j=8:0.000, j=9:0.000, j=10:0.002, j=11:0.033, j=12:0.267, j=13:0.691
      i=14 -> j=0:0.003, j=1:0.002, j=2:0.001, j=3:0.000, j=4:0.000, j=5:0.001, j=6:0.001, j=7:0.001, j=8:0.000, j=9:0.000, j=10:0.000, j=11:0.002, j=12:0.027, j=13:0.235, j=14:0.726
      i=15 -> j=0:0.004, j=1:0.003, j=2:0.001, j=3:0.001, j=4:0.000, j=5:0.000, j=6:0.001, j=7:0.001, j=8:0.001, j=9:0.000, j=10:0.000, j=11:0.000, j=12:0.002, j=13:0.029, j=14:0.340, j=15:0.616
      i=16 -> j=0:0.005, j=1:0.004, j=2:0.003, j=3:0.002, j=4:0.001, j=5:0.001, j=6:0.000, j=7:0.001, j=8:0.001, j=9:0.001, j=10:0.000, j=11:0.000, j=12:0.000, j=13:0.002, j=14:0.041, j=15:0.275, j=16:0.664
      i=17 -> j=0:0.006, j=1:0.004, j=2:0.003, j=3:0.003, j=4:0.001, j=5:0.001, j=6:0.000, j=7:0.000, j=8:0.000, j=9:0.001, j=10:0.000, j=11:0.000, j=12:0.000, j=13:0.000, j=14:0.002, j=15:0.024, j=16:0.259, j=17:0.694
      i=18 -> j=0:0.015, j=1:0.008, j=2:0.004, j=3:0.004, j=4:0.002, j=5:0.002, j=6:0.001, j=7:0.000, j=8:0.000, j=9:0.001, j=10:0.001, j=11:0.001, j=12:0.000, j=13:0.000, j=14:0.000, j=15:0.002, j=16:0.027, j=17:0.256, j=18:0.674
      i=19 -> j=0:0.031, j=1:0.021, j=2:0.009, j=3:0.008, j=4:0.006, j=5:0.005, j=6:0.002, j=7:0.001, j=8:0.000, j=9:0.001, j=10:0.001, j=11:0.001, j=12:0.001, j=13:0.000, j=14:0.000, j=15:0.000, j=16:0.002, j=17:0.032, j=18:0.283, j=19:0.595
      i=20 -> j=0:0.046, j=1:0.043, j=2:0.020, j=3:0.013, j=4:0.007, j=5:0.007, j=6:0.005, j=7:0.003, j=8:0.001, j=9:0.001, j=10:0.000, j=11:0.001, j=12:0.001, j=13:0.001, j=14:0.001, j=15:0.000, j=16:0.000, j=17:0.003, j=18:0.030, j=19:0.225, j=20:0.591
      i=21 -> j=0:0.034, j=1:0.045, j=2:0.031, j=3:0.018, j=4:0.009, j=5:0.007, j=6:0.005, j=7:0.004, j=8:0.002, j=9:0.001, j=10:0.000, j=11:0.001, j=12:0.001, j=13:0.001, j=14:0.001, j=15:0.000, j=16:0.000, j=17:0.000, j=18:0.002, j=19:0.029, j=20:0.217, j=21:0.589
      i=22 -> j=0:0.025, j=1:0.036, j=2:0.032, j=3:0.027, j=4:0.014, j=5:0.010, j=6:0.006, j=7:0.005, j=8:0.003, j=9:0.002, j=10:0.001, j=11:0.000, j=12:0.000, j=13:0.001, j=14:0.001, j=15:0.001, j=16:0.000, j=17:0.000, j=18:0.000, j=19:0.002, j=20:0.030, j=21:0.244, j=22:0.559
      i=23 -> j=0:0.035, j=1:0.040, j=2:0.042, j=3:0.048, j=4:0.035, j=5:0.026, j=6:0.010, j=7:0.009, j=8:0.007, j=9:0.005, j=10:0.002, j=11:0.001, j=12:0.001, j=13:0.001, j=14:0.001, j=15:0.001, j=16:0.001, j=17:0.000, j=18:0.000, j=19:0.000, j=20:0.003, j=21:0.031, j=22:0.215, j=23:0.484
      i=24 -> j=0:0.028, j=1:0.021, j=2:0.019, j=3:0.026, j=4:0.025, j=5:0.024, j=6:0.009, j=7:0.006, j=8:0.004, j=9:0.003, j=10:0.002, j=11:0.001, j=12:0.000, j=13:0.000, j=14:0.000, j=15:0.000, j=16:0.001, j=17:0.000, j=18:0.000, j=19:0.000, j=20:0.000, j=21:0.001, j=22:0.021, j=23:0.206, j=24:0.601
      i=25 -> j=0:0.040, j=1:0.028, j=2:0.017, j=3:0.024, j=4:0.023, j=5:0.035, j=6:0.023, j=7:0.015, j=8:0.007, j=9:0.005, j=10:0.003, j=11:0.003, j=12:0.002, j=13:0.001, j=14:0.000, j=15:0.000, j=16:0.001, j=17:0.001, j=18:0.001, j=19:0.000, j=20:0.000, j=21:0.000, j=22:0.002, j=23:0.023, j=24:0.213, j=25:0.536
      i=26 -> j=0:0.041, j=1:0.042, j=2:0.024, j=3:0.022, j=4:0.014, j=5:0.023, j=6:0.025, j=7:0.021, j=8:0.011, j=9:0.006, j=10:0.003, j=11:0.003, j=12:0.002, j=13:0.001, j=14:0.001, j=15:0.000, j=16:0.000, j=17:0.000, j=18:0.000, j=19:0.001, j=20:0.000, j=21:0.000, j=22:0.000, j=23:0.002, j=24:0.024, j=25:0.216, j=26:0.518
      i=27 -> j=0:0.031, j=1:0.046, j=2:0.038, j=3:0.036, j=4:0.018, j=5:0.022, j=6:0.024, j=7:0.031, j=8:0.023, j=9:0.014, j=10:0.006, j=11:0.006, j=12:0.004, j=13:0.003, j=14:0.002, j=15:0.001, j=16:0.000, j=17:0.000, j=18:0.001, j=19:0.001, j=20:0.001, j=21:0.000, j=22:0.000, j=23:0.001, j=24:0.002, j=25:0.027, j=26:0.190, j=27:0.473
      i=28 -> j=0:0.020, j=1:0.034, j=2:0.053, j=3:0.065, j=4:0.040, j=5:0.029, j=6:0.023, j=7:0.030, j=8:0.034, j=9:0.025, j=10:0.012, j=11:0.009, j=12:0.006, j=13:0.005, j=14:0.005, j=15:0.002, j=16:0.001, j=17:0.000, j=18:0.000, j=19:0.001, j=20:0.001, j=21:0.001, j=22:0.000, j=23:0.000, j=24:0.000, j=25:0.002, j=26:0.020, j=27:0.171, j=28:0.410
      i=29 -> j=0:0.020, j=1:0.023, j=2:0.030, j=3:0.052, j=4:0.037, j=5:0.028, j=6:0.019, j=7:0.026, j=8:0.033, j=9:0.031, j=10:0.021, j=11:0.017, j=12:0.008, j=13:0.006, j=14:0.006, j=15:0.003, j=16:0.002, j=17:0.001, j=18:0.000, j=19:0.000, j=20:0.001, j=21:0.001, j=22:0.001, j=23:0.001, j=24:0.000, j=25:0.000, j=26:0.002, j=27:0.022, j=28:0.162, j=29:0.446
      i=30 -> j=0:0.020, j=1:0.017, j=2:0.021, j=3:0.042, j=4:0.052, j=5:0.046, j=6:0.032, j=7:0.027, j=8:0.025, j=9:0.026, j=10:0.028, j=11:0.030, j=12:0.016, j=13:0.009, j=14:0.008, j=15:0.005, j=16:0.003, j=17:0.002, j=18:0.001, j=19:0.000, j=20:0.000, j=21:0.001, j=22:0.001, j=23:0.001, j=24:0.000, j=25:0.000, j=26:0.000, j=27:0.002, j=28:0.022, j=29:0.151, j=30:0.411
      i=31 -> j=0:0.025, j=1:0.022, j=2:0.017, j=3:0.025, j=4:0.032, j=5:0.043, j=6:0.047, j=7:0.039, j=8:0.024, j=9:0.020, j=10:0.022, j=11:0.034, j=12:0.026, j=13:0.015, j=14:0.010, j=15:0.005, j=16:0.005, j=17:0.003, j=18:0.001, j=19:0.001, j=20:0.000, j=21:0.000, j=22:0.001, j=23:0.001, j=24:0.001, j=25:0.000, j=26:0.000, j=27:0.000, j=28:0.002, j=29:0.022, j=30:0.164, j=31:0.392
    Average attention per distance:
      d=0:0.622, d=1:0.246, d=2:0.029, d=18:0.016, d=19:0.028, d=20:0.035, d=21:0.029, d=22:0.024
      d=23:0.024, d=24:0.032, d=25:0.045, d=26:0.048, d=27:0.034, d=28:0.022, d=29:0.018, d=30:0.021
      d=31:0.025


======================================================================
QK Property Verification (Raw Scores, before Softmax)
======================================================================
Recurrence order init_len=2, num test sequences=1

--- [P1] Long-distance Orthogonality Verification ---
Ideal: raw_score mean ≈ 0 and small std when d > init_len

  Layer 0, Head 0:
    d= 1 (effective): mean=  2.147, std= 0.344, n=31
    d= 2 (effective): mean=  0.019, std= 0.270, n=30
    d>2 (long-distance): mean= -2.474, std= 1.752, n=435

--- [P2] Time-homogeneous Verification ---
Ideal: CV of raw_score across positions i ≈ 0 for fixed distance d
(CV = std / |mean|, smaller = more constant)

  Layer 0, Head 0:
    d= 1: mean=  2.147, std= 0.344, CV=0.160, n=31
    d= 2: mean=  0.019, std= 0.270, CV=14.089, n=30

======================================================================
QK Property Verification Completed
======================================================================
