=== Experiment: mixed_cond_d256l1_r8_n4_e50 ===
Time: 2026-06-27T02:10:07.898934
Task type: mixed_ab
Merged config: {
  "P": 53,
  "TASK": "mixed_ab",
  "NUM_MASK": 0,
  "A": 1,
  "B": 1,
  "AB_PAIRS": [
    [
      1,
      1
    ],
    [
      1,
      2
    ],
    [
      1,
      3
    ],
    [
      1,
      4
    ]
  ],
  "D_MODEL": 256,
  "N_HEAD": 1,
  "N_LAYER": 1,
  "BATCH_SIZE": 128,
  "EPOCHS": 10000,
  "LR": 0.0003,
  "SAVE_PATH": "models/mixed_cond_d256l1_r8_n4_e50.pth",
  "USE_GREEDY_GENERATE": true,
  "USE_LEARNABLE_PE": false,
  "MLP_RATIO": 8,
  "TRAIN_LEN": 16,
  "OOD_LEN": 32,
  "DROPOUT": 0.0,
  "TARGET_INIT_COVERAGE": 0.5,
  "MAX_UNIQUE_RATIO": 0.5,
  "WEIGHT_DECAY": 1,
  "ENTROPY_PENALTY_WEIGHT": 0.0,
  "FIRST_TASK_WEIGHT": 1.0,
  "RANDOM_SEED": 42,
  "EVAL_INTERVAL": 20,
  "EARLY_STOP_NO_IMPROVE": 1000,
  "EARLY_STOP_ACCURACY": 0.99,
  "USE_AB_TAG": false,
  "USE_CONDITIONAL_WTE": true,
  "COND_WTE_SHARED_RATIO": 0.0,
  "MIXED_AB_MAX_UNIQUE_RATIOS": [
    0.5,
    0.5,
    0.5,
    0.5
  ],
  "SKIP_FINAL_GENERATION_TEST": true
}
--- output ---
Using device: cuda

[Dataset] Mixed mode: generated 5616 + 5620 samples, length 16
AB parameter pairs: [(1, 1), (1, 2), (1, 3), (1, 4)]
  - AB=(1,1): train 1404 | test 1405 | exposed ~50.0%
  - AB=(1,2): train 1404 | test 1405 | exposed ~50.0%
  - AB=(1,3): train 1404 | test 1405 | exposed ~50.0%
  - AB=(1,4): train 1404 | test 1405 | exposed ~50.0%
--------------------------------------------------
[Model config] block_size: 32, train length: 16
[Number theory] AB parameter pairs: [(1, 1), (1, 2), (1, 3), (1, 4)]


Model parameters: 1.42M

Start training...
Epoch   0 | Train: Loss=4.1151 Acc=5.2% | Test: Acc=0.2% | Best=0.2%(@0)
  from x3: 0.00 0.00 0.00 0.00 0.00 0.00 0.00 0.00 0.00 0.00 0.00 0.00 0.00
  per-rule acc: 0.00 0.00 0.00 0.00
Epoch  20 | Train: Loss=0.0491 Acc=99.4% | Test: Acc=1.2% | Best=1.2%(@20)
  from x3: 0.02 0.02 0.01 0.01 0.01 0.01 0.01 0.01 0.01 0.01 0.01 0.01 0.01
  per-rule acc: 0.01 0.01 0.01 0.01
Epoch  40 | Train: Loss=0.0267 Acc=99.8% | Test: Acc=1.9% | Best=1.9%(@40)
  from x3: 0.02 0.02 0.02 0.02 0.02 0.02 0.02 0.02 0.02 0.02 0.02 0.02 0.02
  per-rule acc: 0.02 0.02 0.02 0.02
Epoch  60 | Train: Loss=0.0164 Acc=99.9% | Test: Acc=2.0% | Best=2.0%(@60)
  from x3: 0.02 0.02 0.02 0.02 0.02 0.02 0.02 0.02 0.02 0.02 0.02 0.02 0.02
  per-rule acc: 0.02 0.02 0.02 0.02
Epoch  80 | Train: Loss=0.0170 Acc=99.9% | Test: Acc=2.1% | Best=2.1%(@80)
  from x3: 0.02 0.02 0.02 0.02 0.02 0.02 0.02 0.02 0.02 0.02 0.02 0.02 0.02
  per-rule acc: 0.02 0.02 0.02 0.02
Epoch 100 | Train: Loss=0.0072 Acc=100.0% | Test: Acc=2.1% | Best=2.1%(@100)
  from x3: 0.02 0.02 0.02 0.02 0.02 0.02 0.02 0.02 0.02 0.02 0.02 0.02 0.02
  per-rule acc: 0.02 0.02 0.02 0.02
Epoch 120 | Train: Loss=0.0081 Acc=100.0% | Test: Acc=2.1% | Best=2.1%(@120)
  from x3: 0.02 0.02 0.02 0.02 0.02 0.02 0.02 0.02 0.02 0.02 0.02 0.02 0.02
  per-rule acc: 0.02 0.02 0.02 0.02
Epoch 140 | Train: Loss=0.0063 Acc=100.0% | Test: Acc=2.2% | Best=2.2%(@140)
  from x3: 0.02 0.02 0.02 0.02 0.02 0.02 0.02 0.02 0.02 0.02 0.02 0.02 0.02
  per-rule acc: 0.03 0.02 0.02 0.02
Epoch 160 | Train: Loss=0.0081 Acc=100.0% | Test: Acc=2.2% | Best=2.2%(@140)
  from x3: 0.02 0.02 0.02 0.02 0.02 0.02 0.02 0.02 0.02 0.02 0.02 0.02 0.02
  per-rule acc: 0.02 0.02 0.02 0.02
Epoch 180 | Train: Loss=0.0063 Acc=100.0% | Test: Acc=2.4% | Best=2.4%(@180)
  from x3: 0.02 0.02 0.02 0.02 0.02 0.02 0.02 0.02 0.02 0.02 0.02 0.02 0.02
  per-rule acc: 0.03 0.02 0.02 0.02
Epoch 200 | Train: Loss=0.0071 Acc=100.0% | Test: Acc=2.5% | Best=2.5%(@200)
  from x3: 0.03 0.03 0.03 0.03 0.03 0.03 0.03 0.03 0.03 0.03 0.03 0.03 0.03
  per-rule acc: 0.03 0.02 0.02 0.02
Epoch 220 | Train: Loss=0.0121 Acc=100.0% | Test: Acc=2.4% | Best=2.5%(@200)
  from x3: 0.03 0.02 0.02 0.02 0.02 0.02 0.02 0.02 0.02 0.02 0.02 0.02 0.02
  per-rule acc: 0.03 0.02 0.02 0.02
Epoch 240 | Train: Loss=0.0057 Acc=100.0% | Test: Acc=2.7% | Best=2.7%(@240)
  from x3: 0.03 0.03 0.03 0.03 0.03 0.03 0.03 0.03 0.03 0.03 0.03 0.03 0.03
  per-rule acc: 0.04 0.02 0.02 0.03
Epoch 260 | Train: Loss=0.0042 Acc=100.0% | Test: Acc=3.0% | Best=3.0%(@260)
  from x3: 0.03 0.03 0.03 0.03 0.03 0.03 0.03 0.03 0.03 0.03 0.03 0.03 0.03
  per-rule acc: 0.05 0.02 0.02 0.03
Epoch 280 | Train: Loss=0.0065 Acc=100.0% | Test: Acc=3.0% | Best=3.0%(@280)
  from x3: 0.03 0.03 0.03 0.03 0.03 0.03 0.03 0.03 0.03 0.03 0.03 0.03 0.03
  per-rule acc: 0.04 0.02 0.02 0.03
Epoch 300 | Train: Loss=0.0071 Acc=100.0% | Test: Acc=2.8% | Best=3.0%(@280)
  from x3: 0.03 0.03 0.03 0.03 0.03 0.03 0.03 0.03 0.03 0.03 0.03 0.03 0.03
  per-rule acc: 0.04 0.02 0.02 0.03
Epoch 320 | Train: Loss=0.0060 Acc=100.0% | Test: Acc=3.2% | Best=3.2%(@320)
  from x3: 0.03 0.03 0.03 0.03 0.03 0.03 0.03 0.03 0.03 0.03 0.03 0.03 0.03
  per-rule acc: 0.04 0.03 0.02 0.03
Epoch 340 | Train: Loss=0.0056 Acc=100.0% | Test: Acc=3.8% | Best=3.8%(@340)
  from x3: 0.04 0.04 0.04 0.04 0.04 0.04 0.04 0.04 0.04 0.04 0.04 0.04 0.04
  per-rule acc: 0.06 0.03 0.03 0.04
Epoch 360 | Train: Loss=0.0060 Acc=100.0% | Test: Acc=3.7% | Best=3.8%(@340)
  from x3: 0.04 0.04 0.04 0.04 0.04 0.04 0.04 0.04 0.04 0.04 0.04 0.04 0.04
  per-rule acc: 0.05 0.03 0.03 0.04
Epoch 380 | Train: Loss=0.0061 Acc=100.0% | Test: Acc=4.6% | Best=4.6%(@380)
  from x3: 0.05 0.05 0.05 0.05 0.05 0.05 0.05 0.05 0.05 0.05 0.05 0.05 0.05
  per-rule acc: 0.07 0.04 0.03 0.04
Epoch 400 | Train: Loss=0.0040 Acc=100.0% | Test: Acc=6.0% | Best=6.0%(@400)
  from x3: 0.06 0.06 0.06 0.06 0.06 0.06 0.06 0.06 0.06 0.06 0.06 0.06 0.06
  per-rule acc: 0.08 0.06 0.04 0.06
Epoch 420 | Train: Loss=0.0023 Acc=100.0% | Test: Acc=7.7% | Best=7.7%(@420)
  from x3: 0.09 0.08 0.08 0.08 0.08 0.08 0.08 0.08 0.08 0.08 0.08 0.08 0.08
  per-rule acc: 0.09 0.07 0.05 0.10
Epoch 440 | Train: Loss=0.0084 Acc=99.9% | Test: Acc=8.2% | Best=8.2%(@440)
  from x3: 0.08 0.08 0.08 0.08 0.08 0.08 0.08 0.08 0.08 0.08 0.08 0.08 0.08
  per-rule acc: 0.10 0.07 0.05 0.12
Epoch 460 | Train: Loss=0.0134 Acc=99.9% | Test: Acc=10.4% | Best=10.4%(@460)
  from x3: 0.11 0.10 0.10 0.10 0.10 0.10 0.10 0.10 0.10 0.10 0.10 0.10 0.10
  per-rule acc: 0.06 0.10 0.05 0.20
Epoch 480 | Train: Loss=0.0044 Acc=100.0% | Test: Acc=21.0% | Best=21.0%(@480)
  from x3: 0.21 0.21 0.21 0.21 0.21 0.21 0.21 0.21 0.21 0.21 0.21 0.21 0.21
  per-rule acc: 0.13 0.21 0.10 0.41
Epoch 500 | Train: Loss=0.0165 Acc=99.8% | Test: Acc=23.3% | Best=23.3%(@500)
  from x3: 0.24 0.23 0.23 0.23 0.23 0.23 0.23 0.23 0.23 0.23 0.23 0.23 0.23
  per-rule acc: 0.13 0.39 0.11 0.30
Epoch 520 | Train: Loss=0.0069 Acc=100.0% | Test: Acc=36.9% | Best=36.9%(@520)
  from x3: 0.36 0.37 0.37 0.37 0.37 0.37 0.37 0.37 0.37 0.37 0.37 0.37 0.37
  per-rule acc: 0.13 0.43 0.13 0.78
Epoch 540 | Train: Loss=0.0054 Acc=100.0% | Test: Acc=43.3% | Best=43.3%(@540)
  from x3: 0.43 0.43 0.43 0.43 0.43 0.43 0.43 0.43 0.43 0.43 0.43 0.43 0.43
  per-rule acc: 0.14 0.54 0.17 0.88
Epoch 560 | Train: Loss=0.0055 Acc=100.0% | Test: Acc=62.5% | Best=62.5%(@560)
  from x3: 0.63 0.62 0.62 0.62 0.62 0.62 0.62 0.62 0.62 0.62 0.63 0.63 0.63
  per-rule acc: 0.18 0.86 0.48 0.98
Epoch 580 | Train: Loss=0.0075 Acc=99.9% | Test: Acc=65.5% | Best=65.5%(@580)
  from x3: 0.66 0.66 0.65 0.65 0.66 0.66 0.66 0.66 0.66 0.65 0.65 0.65 0.65
  per-rule acc: 0.17 0.93 0.54 0.99
Epoch 600 | Train: Loss=0.0063 Acc=100.0% | Test: Acc=74.1% | Best=74.1%(@600)
  from x3: 0.74 0.74 0.74 0.74 0.74 0.74 0.74 0.74 0.74 0.74 0.74 0.74 0.74
  per-rule acc: 0.23 0.97 0.76 1.00
Epoch 620 | Train: Loss=0.0087 Acc=100.0% | Test: Acc=80.3% | Best=80.3%(@620)
  from x3: 0.80 0.80 0.80 0.80 0.80 0.80 0.80 0.80 0.80 0.80 0.80 0.80 0.80
  per-rule acc: 0.25 0.99 0.97 1.00
Epoch 640 | Train: Loss=0.0060 Acc=100.0% | Test: Acc=80.3% | Best=80.3%(@620)
  from x3: 0.81 0.80 0.80 0.80 0.80 0.80 0.80 0.80 0.80 0.80 0.80 0.80 0.80
  per-rule acc: 0.24 0.99 0.98 1.00
Epoch 660 | Train: Loss=0.0037 Acc=100.0% | Test: Acc=83.1% | Best=83.1%(@660)
  from x3: 0.83 0.83 0.83 0.83 0.83 0.83 0.83 0.83 0.83 0.83 0.83 0.83 0.83
  per-rule acc: 0.33 1.00 1.00 1.00
Epoch 680 | Train: Loss=0.0028 Acc=100.0% | Test: Acc=83.7% | Best=83.7%(@680)
  from x3: 0.84 0.84 0.84 0.84 0.84 0.84 0.84 0.84 0.84 0.84 0.84 0.84 0.84
  per-rule acc: 0.35 1.00 1.00 1.00
Epoch 700 | Train: Loss=0.0030 Acc=100.0% | Test: Acc=83.6% | Best=83.7%(@680)
  from x3: 0.84 0.84 0.84 0.84 0.84 0.84 0.84 0.84 0.84 0.84 0.84 0.84 0.84
  per-rule acc: 0.34 1.00 1.00 1.00
Epoch 720 | Train: Loss=0.0027 Acc=100.0% | Test: Acc=84.2% | Best=84.2%(@720)
  from x3: 0.84 0.84 0.84 0.84 0.84 0.84 0.84 0.84 0.84 0.84 0.84 0.84 0.84
  per-rule acc: 0.37 1.00 1.00 1.00
Epoch 740 | Train: Loss=0.0057 Acc=100.0% | Test: Acc=84.5% | Best=84.5%(@740)
  from x3: 0.84 0.85 0.85 0.85 0.85 0.85 0.85 0.85 0.85 0.85 0.85 0.85 0.85
  per-rule acc: 0.38 1.00 1.00 1.00
Epoch 760 | Train: Loss=0.0085 Acc=99.9% | Test: Acc=83.4% | Best=84.5%(@740)
  from x3: 0.84 0.83 0.83 0.83 0.83 0.83 0.83 0.83 0.83 0.83 0.83 0.83 0.83
  per-rule acc: 0.34 1.00 1.00 1.00
Epoch 780 | Train: Loss=0.0051 Acc=100.0% | Test: Acc=84.4% | Best=84.5%(@740)
  from x3: 0.85 0.85 0.84 0.84 0.84 0.84 0.84 0.84 0.84 0.84 0.84 0.84 0.84
  per-rule acc: 0.38 1.00 1.00 1.00
Epoch 800 | Train: Loss=0.0029 Acc=100.0% | Test: Acc=84.3% | Best=84.5%(@740)
  from x3: 0.85 0.84 0.84 0.84 0.84 0.84 0.84 0.84 0.84 0.84 0.84 0.84 0.84
  per-rule acc: 0.37 1.00 1.00 1.00
Epoch 820 | Train: Loss=0.0024 Acc=100.0% | Test: Acc=85.0% | Best=85.0%(@820)
  from x3: 0.85 0.85 0.85 0.85 0.85 0.85 0.85 0.85 0.85 0.85 0.85 0.85 0.85
  per-rule acc: 0.40 1.00 1.00 1.00
Epoch 840 | Train: Loss=0.0024 Acc=100.0% | Test: Acc=85.0% | Best=85.0%(@820)
  from x3: 0.85 0.85 0.85 0.85 0.85 0.85 0.85 0.85 0.85 0.85 0.85 0.85 0.85
  per-rule acc: 0.40 1.00 1.00 1.00
Epoch 860 | Train: Loss=0.0064 Acc=99.9% | Test: Acc=85.0% | Best=85.0%(@820)
  from x3: 0.85 0.85 0.85 0.85 0.85 0.85 0.85 0.85 0.85 0.85 0.85 0.85 0.85
  per-rule acc: 0.40 1.00 1.00 1.00
Epoch 880 | Train: Loss=0.0035 Acc=100.0% | Test: Acc=85.2% | Best=85.2%(@880)
  from x3: 0.85 0.85 0.85 0.85 0.85 0.85 0.85 0.85 0.85 0.85 0.85 0.85 0.85
  per-rule acc: 0.41 1.00 1.00 1.00
Epoch 900 | Train: Loss=0.0029 Acc=100.0% | Test: Acc=85.6% | Best=85.6%(@900)
  from x3: 0.86 0.86 0.86 0.86 0.86 0.86 0.86 0.86 0.86 0.86 0.86 0.86 0.86
  per-rule acc: 0.43 1.00 1.00 1.00
Epoch 920 | Train: Loss=0.0032 Acc=100.0% | Test: Acc=85.8% | Best=85.8%(@920)
  from x3: 0.86 0.86 0.86 0.86 0.86 0.86 0.86 0.86 0.86 0.86 0.86 0.86 0.86
  per-rule acc: 0.43 1.00 1.00 1.00
Epoch 940 | Train: Loss=0.0024 Acc=100.0% | Test: Acc=86.2% | Best=86.2%(@940)
  from x3: 0.86 0.86 0.86 0.86 0.86 0.86 0.86 0.86 0.86 0.86 0.86 0.86 0.86
  per-rule acc: 0.45 1.00 1.00 1.00
Epoch 960 | Train: Loss=0.0041 Acc=100.0% | Test: Acc=85.8% | Best=86.2%(@940)
  from x3: 0.86 0.86 0.86 0.86 0.86 0.86 0.86 0.86 0.86 0.86 0.86 0.86 0.86
  per-rule acc: 0.43 1.00 1.00 1.00
Epoch 980 | Train: Loss=0.0035 Acc=100.0% | Test: Acc=86.5% | Best=86.5%(@980)
  from x3: 0.87 0.87 0.86 0.86 0.86 0.86 0.86 0.86 0.86 0.86 0.86 0.86 0.86
  per-rule acc: 0.46 1.00 1.00 1.00
Epoch 1000 | Train: Loss=0.0033 Acc=100.0% | Test: Acc=86.4% | Best=86.5%(@980)
  from x3: 0.87 0.86 0.86 0.86 0.86 0.86 0.86 0.86 0.86 0.86 0.86 0.86 0.86
  per-rule acc: 0.46 1.00 1.00 1.00
Epoch 1020 | Train: Loss=0.0023 Acc=100.0% | Test: Acc=87.6% | Best=87.6%(@1020)
  from x3: 0.87 0.88 0.88 0.88 0.88 0.88 0.88 0.88 0.88 0.88 0.88 0.88 0.88
  per-rule acc: 0.50 1.00 1.00 1.00
Epoch 1040 | Train: Loss=0.0045 Acc=100.0% | Test: Acc=86.7% | Best=87.6%(@1020)
  from x3: 0.87 0.87 0.87 0.87 0.87 0.87 0.87 0.87 0.87 0.87 0.87 0.87 0.87
  per-rule acc: 0.47 1.00 1.00 1.00
Epoch 1060 | Train: Loss=0.0070 Acc=99.9% | Test: Acc=86.0% | Best=87.6%(@1020)
  from x3: 0.86 0.86 0.86 0.86 0.86 0.86 0.86 0.86 0.86 0.86 0.86 0.86 0.86
  per-rule acc: 0.44 1.00 1.00 1.00
Epoch 1080 | Train: Loss=0.0041 Acc=100.0% | Test: Acc=87.4% | Best=87.6%(@1020)
  from x3: 0.88 0.87 0.87 0.87 0.87 0.87 0.87 0.87 0.87 0.87 0.87 0.87 0.87
  per-rule acc: 0.50 1.00 1.00 1.00
Epoch 1100 | Train: Loss=0.0062 Acc=99.9% | Test: Acc=87.6% | Best=87.6%(@1100)
  from x3: 0.88 0.88 0.88 0.88 0.88 0.88 0.88 0.88 0.88 0.88 0.88 0.88 0.88
  per-rule acc: 0.50 1.00 1.00 1.00
Epoch 1120 | Train: Loss=0.0024 Acc=100.0% | Test: Acc=88.4% | Best=88.4%(@1120)
  from x3: 0.88 0.88 0.88 0.88 0.88 0.88 0.88 0.88 0.88 0.88 0.88 0.88 0.88
  per-rule acc: 0.54 1.00 1.00 1.00
Epoch 1140 | Train: Loss=0.0021 Acc=100.0% | Test: Acc=87.7% | Best=88.4%(@1120)
  from x3: 0.88 0.88 0.88 0.88 0.88 0.88 0.88 0.88 0.88 0.88 0.88 0.88 0.88
  per-rule acc: 0.51 1.00 1.00 1.00
Epoch 1160 | Train: Loss=0.0046 Acc=100.0% | Test: Acc=87.3% | Best=88.4%(@1120)
  from x3: 0.87 0.87 0.87 0.87 0.87 0.87 0.87 0.87 0.87 0.87 0.87 0.87 0.87
  per-rule acc: 0.49 1.00 1.00 1.00
Epoch 1180 | Train: Loss=0.0043 Acc=100.0% | Test: Acc=87.6% | Best=88.4%(@1120)
  from x3: 0.88 0.88 0.88 0.88 0.88 0.88 0.88 0.88 0.88 0.88 0.88 0.88 0.88
  per-rule acc: 0.51 1.00 1.00 1.00
Epoch 1200 | Train: Loss=0.0056 Acc=100.0% | Test: Acc=87.8% | Best=88.4%(@1120)
  from x3: 0.88 0.88 0.88 0.88 0.88 0.88 0.88 0.88 0.88 0.88 0.88 0.88 0.88
  per-rule acc: 0.51 1.00 1.00 1.00
Epoch 1220 | Train: Loss=0.0027 Acc=100.0% | Test: Acc=88.1% | Best=88.4%(@1120)
  from x3: 0.88 0.88 0.88 0.88 0.88 0.88 0.88 0.88 0.88 0.88 0.88 0.88 0.88
  per-rule acc: 0.52 1.00 1.00 1.00
Epoch 1240 | Train: Loss=0.0060 Acc=100.0% | Test: Acc=87.8% | Best=88.4%(@1120)
  from x3: 0.88 0.88 0.88 0.88 0.88 0.88 0.88 0.88 0.88 0.88 0.88 0.88 0.88
  per-rule acc: 0.51 1.00 1.00 1.00
Epoch 1260 | Train: Loss=0.0023 Acc=100.0% | Test: Acc=88.8% | Best=88.8%(@1260)
  from x3: 0.89 0.89 0.89 0.89 0.89 0.89 0.89 0.89 0.89 0.89 0.89 0.89 0.89
  per-rule acc: 0.55 1.00 1.00 1.00
Epoch 1280 | Train: Loss=0.0020 Acc=100.0% | Test: Acc=89.1% | Best=89.1%(@1280)
  from x3: 0.89 0.89 0.89 0.89 0.89 0.89 0.89 0.89 0.89 0.89 0.89 0.89 0.89
  per-rule acc: 0.56 1.00 1.00 1.00
Epoch 1300 | Train: Loss=0.0027 Acc=100.0% | Test: Acc=88.4% | Best=89.1%(@1280)
  from x3: 0.88 0.89 0.88 0.88 0.88 0.88 0.88 0.88 0.88 0.88 0.88 0.89 0.88
  per-rule acc: 0.54 1.00 1.00 1.00
Epoch 1320 | Train: Loss=0.0025 Acc=100.0% | Test: Acc=88.8% | Best=89.1%(@1280)
  from x3: 0.89 0.89 0.89 0.89 0.89 0.89 0.89 0.89 0.89 0.89 0.89 0.89 0.89
  per-rule acc: 0.55 1.00 1.00 1.00
Epoch 1340 | Train: Loss=0.0033 Acc=100.0% | Test: Acc=88.3% | Best=89.1%(@1280)
  from x3: 0.89 0.88 0.88 0.88 0.88 0.88 0.88 0.88 0.88 0.88 0.88 0.88 0.88
  per-rule acc: 0.53 1.00 1.00 1.00
Epoch 1360 | Train: Loss=0.0054 Acc=99.9% | Test: Acc=87.5% | Best=89.1%(@1280)
  from x3: 0.88 0.88 0.87 0.87 0.87 0.87 0.87 0.87 0.87 0.88 0.88 0.88 0.88
  per-rule acc: 0.50 1.00 1.00 1.00
Epoch 1380 | Train: Loss=0.0038 Acc=100.0% | Test: Acc=89.3% | Best=89.3%(@1380)
  from x3: 0.89 0.89 0.89 0.89 0.89 0.89 0.89 0.89 0.89 0.89 0.89 0.89 0.89
  per-rule acc: 0.57 1.00 1.00 1.00
Epoch 1400 | Train: Loss=0.0072 Acc=99.9% | Test: Acc=88.8% | Best=89.3%(@1380)
  from x3: 0.89 0.89 0.89 0.89 0.89 0.89 0.89 0.89 0.89 0.89 0.89 0.89 0.89
  per-rule acc: 0.55 1.00 1.00 1.00
Epoch 1420 | Train: Loss=0.0033 Acc=100.0% | Test: Acc=89.1% | Best=89.3%(@1380)
  from x3: 0.89 0.89 0.89 0.89 0.89 0.89 0.89 0.89 0.89 0.89 0.89 0.89 0.89
  per-rule acc: 0.56 1.00 1.00 1.00
Epoch 1440 | Train: Loss=0.0017 Acc=100.0% | Test: Acc=89.7% | Best=89.7%(@1440)
  from x3: 0.90 0.90 0.90 0.90 0.90 0.90 0.90 0.90 0.90 0.90 0.90 0.90 0.90
  per-rule acc: 0.59 1.00 1.00 1.00
Epoch 1460 | Train: Loss=0.0047 Acc=100.0% | Test: Acc=88.9% | Best=89.7%(@1440)
  from x3: 0.89 0.89 0.89 0.89 0.89 0.89 0.89 0.89 0.89 0.89 0.89 0.89 0.89
  per-rule acc: 0.56 1.00 1.00 1.00
Epoch 1480 | Train: Loss=0.0020 Acc=100.0% | Test: Acc=90.1% | Best=90.1%(@1480)
  from x3: 0.90 0.90 0.90 0.90 0.90 0.90 0.90 0.90 0.90 0.90 0.90 0.90 0.90
  per-rule acc: 0.60 1.00 1.00 1.00
Epoch 1500 | Train: Loss=0.0027 Acc=100.0% | Test: Acc=90.0% | Best=90.1%(@1480)
  from x3: 0.90 0.90 0.90 0.90 0.90 0.90 0.90 0.90 0.90 0.90 0.90 0.90 0.90
  per-rule acc: 0.60 1.00 1.00 1.00
Epoch 1520 | Train: Loss=0.0021 Acc=100.0% | Test: Acc=89.4% | Best=90.1%(@1480)
  from x3: 0.90 0.90 0.89 0.89 0.89 0.89 0.89 0.89 0.89 0.89 0.89 0.89 0.89
  per-rule acc: 0.58 1.00 1.00 1.00
Epoch 1540 | Train: Loss=0.0019 Acc=100.0% | Test: Acc=89.8% | Best=90.1%(@1480)
  from x3: 0.90 0.90 0.90 0.90 0.90 0.90 0.90 0.90 0.90 0.90 0.90 0.90 0.90
  per-rule acc: 0.59 1.00 1.00 1.00
Epoch 1560 | Train: Loss=0.0026 Acc=100.0% | Test: Acc=89.7% | Best=90.1%(@1480)
  from x3: 0.90 0.90 0.90 0.90 0.90 0.90 0.90 0.90 0.90 0.90 0.90 0.90 0.90
  per-rule acc: 0.59 1.00 1.00 1.00
Epoch 1580 | Train: Loss=0.0096 Acc=99.9% | Test: Acc=89.1% | Best=90.1%(@1480)
  from x3: 0.89 0.89 0.89 0.89 0.89 0.89 0.89 0.89 0.89 0.89 0.89 0.89 0.89
  per-rule acc: 0.56 1.00 1.00 1.00
Epoch 1600 | Train: Loss=0.0031 Acc=100.0% | Test: Acc=89.5% | Best=90.1%(@1480)
  from x3: 0.90 0.90 0.90 0.90 0.90 0.90 0.90 0.90 0.90 0.90 0.90 0.90 0.89
  per-rule acc: 0.58 1.00 1.00 1.00
Epoch 1620 | Train: Loss=0.0030 Acc=100.0% | Test: Acc=89.6% | Best=90.1%(@1480)
  from x3: 0.90 0.90 0.90 0.90 0.90 0.90 0.90 0.90 0.90 0.90 0.90 0.90 0.90
  per-rule acc: 0.58 1.00 1.00 1.00
Epoch 1640 | Train: Loss=0.0019 Acc=100.0% | Test: Acc=89.6% | Best=90.1%(@1480)
  from x3: 0.90 0.90 0.90 0.90 0.90 0.90 0.90 0.90 0.90 0.90 0.90 0.90 0.90
  per-rule acc: 0.58 1.00 1.00 1.00
Epoch 1660 | Train: Loss=0.0018 Acc=100.0% | Test: Acc=89.5% | Best=90.1%(@1480)
  from x3: 0.90 0.90 0.90 0.90 0.90 0.90 0.89 0.90 0.89 0.89 0.89 0.89 0.89
  per-rule acc: 0.58 1.00 1.00 1.00
Epoch 1680 | Train: Loss=0.0034 Acc=100.0% | Test: Acc=89.9% | Best=90.1%(@1480)
  from x3: 0.90 0.90 0.90 0.90 0.90 0.90 0.90 0.90 0.90 0.90 0.90 0.90 0.90
  per-rule acc: 0.60 1.00 1.00 1.00
Epoch 1700 | Train: Loss=0.0029 Acc=100.0% | Test: Acc=89.7% | Best=90.1%(@1480)
  from x3: 0.90 0.90 0.90 0.90 0.90 0.90 0.90 0.90 0.90 0.90 0.90 0.90 0.90
  per-rule acc: 0.59 1.00 1.00 1.00
Epoch 1720 | Train: Loss=0.0030 Acc=100.0% | Test: Acc=89.1% | Best=90.1%(@1480)
  from x3: 0.89 0.89 0.89 0.89 0.89 0.89 0.89 0.89 0.89 0.89 0.89 0.89 0.89
  per-rule acc: 0.56 1.00 1.00 1.00
Epoch 1740 | Train: Loss=0.0031 Acc=100.0% | Test: Acc=89.9% | Best=90.1%(@1480)
  from x3: 0.90 0.90 0.90 0.90 0.90 0.90 0.90 0.90 0.90 0.90 0.90 0.90 0.90
  per-rule acc: 0.60 1.00 1.00 1.00
Epoch 1760 | Train: Loss=0.0015 Acc=100.0% | Test: Acc=90.5% | Best=90.5%(@1760)
  from x3: 0.91 0.91 0.90 0.90 0.90 0.90 0.90 0.90 0.91 0.90 0.91 0.90 0.90
  per-rule acc: 0.62 1.00 1.00 1.00
Epoch 1780 | Train: Loss=0.0021 Acc=100.0% | Test: Acc=90.2% | Best=90.5%(@1760)
  from x3: 0.90 0.90 0.90 0.90 0.90 0.90 0.90 0.90 0.90 0.90 0.90 0.90 0.90
  per-rule acc: 0.61 1.00 1.00 1.00
Epoch 1800 | Train: Loss=0.0026 Acc=100.0% | Test: Acc=90.0% | Best=90.5%(@1760)
  from x3: 0.90 0.90 0.90 0.90 0.90 0.90 0.90 0.90 0.90 0.90 0.90 0.90 0.90
  per-rule acc: 0.60 1.00 1.00 1.00
Epoch 1820 | Train: Loss=0.0016 Acc=100.0% | Test: Acc=90.2% | Best=90.5%(@1760)
  from x3: 0.90 0.90 0.90 0.90 0.90 0.90 0.90 0.90 0.90 0.90 0.90 0.90 0.90
  per-rule acc: 0.61 1.00 1.00 1.00
Epoch 1840 | Train: Loss=0.0026 Acc=100.0% | Test: Acc=90.1% | Best=90.5%(@1760)
  from x3: 0.90 0.90 0.90 0.90 0.90 0.90 0.90 0.90 0.90 0.90 0.90 0.90 0.90
  per-rule acc: 0.60 1.00 1.00 1.00
Epoch 1860 | Train: Loss=0.0021 Acc=100.0% | Test: Acc=89.9% | Best=90.5%(@1760)
  from x3: 0.90 0.90 0.90 0.90 0.90 0.90 0.90 0.90 0.90 0.90 0.90 0.90 0.90
  per-rule acc: 0.60 1.00 1.00 1.00
Epoch 1880 | Train: Loss=0.0024 Acc=100.0% | Test: Acc=89.7% | Best=90.5%(@1760)
  from x3: 0.90 0.90 0.90 0.90 0.90 0.90 0.90 0.90 0.90 0.90 0.90 0.90 0.90
  per-rule acc: 0.59 1.00 1.00 1.00
Epoch 1900 | Train: Loss=0.0021 Acc=100.0% | Test: Acc=90.3% | Best=90.5%(@1760)
  from x3: 0.90 0.90 0.90 0.90 0.90 0.90 0.90 0.90 0.90 0.90 0.90 0.90 0.90
  per-rule acc: 0.61 1.00 1.00 1.00
Epoch 1920 | Train: Loss=0.0020 Acc=100.0% | Test: Acc=90.5% | Best=90.5%(@1920)
  from x3: 0.90 0.91 0.91 0.91 0.91 0.91 0.91 0.91 0.91 0.91 0.91 0.91 0.91
  per-rule acc: 0.62 1.00 1.00 1.00
Epoch 1940 | Train: Loss=0.0083 Acc=99.9% | Test: Acc=89.6% | Best=90.5%(@1920)
  from x3: 0.89 0.90 0.90 0.90 0.90 0.90 0.90 0.90 0.90 0.90 0.90 0.90 0.90
  per-rule acc: 0.59 1.00 1.00 1.00
Epoch 1960 | Train: Loss=0.0049 Acc=100.0% | Test: Acc=89.5% | Best=90.5%(@1920)
  from x3: 0.89 0.90 0.89 0.89 0.89 0.89 0.89 0.89 0.89 0.89 0.89 0.90 0.89
  per-rule acc: 0.58 1.00 1.00 1.00
Epoch 1980 | Train: Loss=0.0033 Acc=100.0% | Test: Acc=90.2% | Best=90.5%(@1920)
  from x3: 0.90 0.90 0.90 0.90 0.90 0.90 0.90 0.90 0.90 0.90 0.90 0.90 0.90
  per-rule acc: 0.61 1.00 1.00 1.00
Epoch 2000 | Train: Loss=0.0019 Acc=100.0% | Test: Acc=90.2% | Best=90.5%(@1920)
  from x3: 0.90 0.90 0.90 0.90 0.90 0.90 0.90 0.90 0.90 0.90 0.90 0.90 0.90
  per-rule acc: 0.61 1.00 1.00 1.00
Epoch 2020 | Train: Loss=0.0016 Acc=100.0% | Test: Acc=90.6% | Best=90.6%(@2020)
  from x3: 0.90 0.91 0.91 0.91 0.91 0.91 0.91 0.91 0.91 0.91 0.91 0.91 0.91
  per-rule acc: 0.63 1.00 1.00 1.00
Epoch 2040 | Train: Loss=0.0067 Acc=100.0% | Test: Acc=89.8% | Best=90.6%(@2020)
  from x3: 0.90 0.90 0.90 0.90 0.90 0.90 0.90 0.90 0.90 0.90 0.90 0.90 0.90
  per-rule acc: 0.59 1.00 1.00 1.00
Epoch 2060 | Train: Loss=0.0036 Acc=100.0% | Test: Acc=89.9% | Best=90.6%(@2020)
  from x3: 0.90 0.90 0.90 0.90 0.90 0.90 0.90 0.90 0.90 0.90 0.90 0.90 0.90
  per-rule acc: 0.60 1.00 1.00 1.00
Epoch 2080 | Train: Loss=0.0016 Acc=100.0% | Test: Acc=90.5% | Best=90.6%(@2020)
  from x3: 0.90 0.91 0.90 0.90 0.90 0.90 0.90 0.90 0.90 0.90 0.90 0.90 0.90
  per-rule acc: 0.62 1.00 1.00 1.00
Epoch 2100 | Train: Loss=0.0033 Acc=100.0% | Test: Acc=90.0% | Best=90.6%(@2020)
  from x3: 0.90 0.90 0.90 0.90 0.90 0.90 0.90 0.90 0.90 0.90 0.90 0.90 0.90
  per-rule acc: 0.60 1.00 1.00 1.00
Epoch 2120 | Train: Loss=0.0015 Acc=100.0% | Test: Acc=90.4% | Best=90.6%(@2020)
  from x3: 0.90 0.91 0.90 0.90 0.90 0.90 0.90 0.90 0.90 0.90 0.90 0.90 0.90
  per-rule acc: 0.62 1.00 1.00 1.00
Epoch 2140 | Train: Loss=0.0027 Acc=100.0% | Test: Acc=90.1% | Best=90.6%(@2020)
  from x3: 0.90 0.90 0.90 0.90 0.90 0.90 0.90 0.90 0.90 0.90 0.90 0.90 0.90
  per-rule acc: 0.60 1.00 1.00 1.00
Epoch 2160 | Train: Loss=0.0036 Acc=100.0% | Test: Acc=89.8% | Best=90.6%(@2020)
  from x3: 0.90 0.90 0.90 0.90 0.90 0.90 0.90 0.90 0.90 0.90 0.90 0.90 0.90
  per-rule acc: 0.59 1.00 1.00 1.00
Epoch 2180 | Train: Loss=0.0024 Acc=100.0% | Test: Acc=90.2% | Best=90.6%(@2020)
  from x3: 0.90 0.90 0.90 0.90 0.90 0.90 0.90 0.90 0.90 0.90 0.90 0.90 0.90
  per-rule acc: 0.61 1.00 1.00 1.00
Epoch 2200 | Train: Loss=0.0043 Acc=100.0% | Test: Acc=89.9% | Best=90.6%(@2020)
  from x3: 0.90 0.90 0.90 0.90 0.90 0.90 0.90 0.90 0.90 0.90 0.90 0.90 0.90
  per-rule acc: 0.60 1.00 1.00 1.00
Epoch 2220 | Train: Loss=0.0027 Acc=100.0% | Test: Acc=90.4% | Best=90.6%(@2020)
  from x3: 0.90 0.90 0.90 0.90 0.90 0.90 0.90 0.90 0.90 0.90 0.90 0.90 0.90
  per-rule acc: 0.62 1.00 1.00 1.00
Epoch 2240 | Train: Loss=0.0054 Acc=100.0% | Test: Acc=89.6% | Best=90.6%(@2020)
  from x3: 0.90 0.90 0.90 0.90 0.90 0.90 0.90 0.90 0.90 0.90 0.90 0.90 0.90
  per-rule acc: 0.58 1.00 1.00 1.00
Epoch 2260 | Train: Loss=0.0014 Acc=100.0% | Test: Acc=90.5% | Best=90.6%(@2020)
  from x3: 0.91 0.91 0.90 0.90 0.90 0.90 0.90 0.90 0.90 0.90 0.90 0.90 0.90
  per-rule acc: 0.62 1.00 1.00 1.00
Epoch 2280 | Train: Loss=0.0013 Acc=100.0% | Test: Acc=90.5% | Best=90.6%(@2020)
  from x3: 0.91 0.91 0.90 0.90 0.91 0.91 0.91 0.90 0.90 0.90 0.90 0.90 0.90
  per-rule acc: 0.62 1.00 1.00 1.00
Epoch 2300 | Train: Loss=0.0042 Acc=100.0% | Test: Acc=89.6% | Best=90.6%(@2020)
  from x3: 0.90 0.89 0.90 0.90 0.90 0.90 0.90 0.90 0.90 0.90 0.90 0.90 0.90
  per-rule acc: 0.58 1.00 1.00 1.00
Epoch 2320 | Train: Loss=0.0015 Acc=100.0% | Test: Acc=90.1% | Best=90.6%(@2020)
  from x3: 0.90 0.90 0.90 0.90 0.90 0.90 0.90 0.90 0.90 0.90 0.90 0.90 0.90
  per-rule acc: 0.60 1.00 1.00 1.00
Epoch 2340 | Train: Loss=0.0012 Acc=100.0% | Test: Acc=90.8% | Best=90.8%(@2340)
  from x3: 0.91 0.91 0.91 0.91 0.91 0.91 0.91 0.91 0.91 0.91 0.91 0.91 0.91
  per-rule acc: 0.63 1.00 1.00 1.00
Epoch 2360 | Train: Loss=0.0021 Acc=100.0% | Test: Acc=90.9% | Best=90.9%(@2360)
  from x3: 0.91 0.91 0.91 0.91 0.91 0.91 0.91 0.91 0.91 0.91 0.91 0.91 0.91
  per-rule acc: 0.63 1.00 1.00 1.00
Epoch 2380 | Train: Loss=0.0026 Acc=100.0% | Test: Acc=90.4% | Best=90.9%(@2360)
  from x3: 0.91 0.90 0.90 0.90 0.90 0.90 0.90 0.90 0.90 0.90 0.90 0.90 0.90
  per-rule acc: 0.62 1.00 1.00 1.00
Epoch 2400 | Train: Loss=0.0030 Acc=100.0% | Test: Acc=90.0% | Best=90.9%(@2360)
  from x3: 0.90 0.90 0.90 0.90 0.90 0.90 0.90 0.90 0.90 0.90 0.90 0.90 0.90
  per-rule acc: 0.60 1.00 1.00 1.00
Epoch 2420 | Train: Loss=0.0021 Acc=100.0% | Test: Acc=90.7% | Best=90.9%(@2360)
  from x3: 0.91 0.91 0.91 0.91 0.91 0.91 0.91 0.91 0.91 0.91 0.91 0.91 0.91
  per-rule acc: 0.63 1.00 1.00 1.00
Epoch 2440 | Train: Loss=0.0030 Acc=100.0% | Test: Acc=90.6% | Best=90.9%(@2360)
  from x3: 0.91 0.91 0.91 0.91 0.91 0.91 0.91 0.91 0.91 0.91 0.91 0.91 0.91
  per-rule acc: 0.62 1.00 1.00 1.00
Epoch 2460 | Train: Loss=0.0013 Acc=100.0% | Test: Acc=90.7% | Best=90.9%(@2360)
  from x3: 0.91 0.91 0.91 0.91 0.91 0.91 0.91 0.91 0.91 0.91 0.91 0.91 0.91
  per-rule acc: 0.63 1.00 1.00 1.00
Epoch 2480 | Train: Loss=0.0015 Acc=100.0% | Test: Acc=90.6% | Best=90.9%(@2360)
  from x3: 0.91 0.91 0.91 0.91 0.91 0.91 0.91 0.91 0.91 0.91 0.91 0.91 0.91
  per-rule acc: 0.63 1.00 1.00 1.00
Epoch 2500 | Train: Loss=0.0014 Acc=100.0% | Test: Acc=91.3% | Best=91.3%(@2500)
  from x3: 0.91 0.91 0.91 0.91 0.91 0.91 0.91 0.91 0.91 0.91 0.91 0.91 0.91
  per-rule acc: 0.65 1.00 1.00 1.00
Epoch 2520 | Train: Loss=0.0023 Acc=100.0% | Test: Acc=90.5% | Best=91.3%(@2500)
  from x3: 0.91 0.91 0.91 0.91 0.91 0.91 0.91 0.91 0.91 0.91 0.91 0.90 0.90
  per-rule acc: 0.62 1.00 1.00 1.00
Epoch 2540 | Train: Loss=0.0015 Acc=100.0% | Test: Acc=91.1% | Best=91.3%(@2500)
  from x3: 0.91 0.91 0.91 0.91 0.91 0.91 0.91 0.91 0.91 0.91 0.91 0.91 0.91
  per-rule acc: 0.64 1.00 1.00 1.00
Epoch 2560 | Train: Loss=0.0023 Acc=100.0% | Test: Acc=91.0% | Best=91.3%(@2500)
  from x3: 0.91 0.91 0.91 0.91 0.91 0.91 0.91 0.91 0.91 0.91 0.91 0.91 0.91
  per-rule acc: 0.64 1.00 1.00 1.00
Epoch 2580 | Train: Loss=0.0053 Acc=100.0% | Test: Acc=90.1% | Best=91.3%(@2500)
  from x3: 0.90 0.90 0.90 0.90 0.90 0.90 0.90 0.90 0.90 0.90 0.90 0.90 0.90
  per-rule acc: 0.60 1.00 1.00 1.00
Epoch 2600 | Train: Loss=0.0021 Acc=100.0% | Test: Acc=91.0% | Best=91.3%(@2500)
  from x3: 0.91 0.91 0.91 0.91 0.91 0.91 0.91 0.91 0.91 0.91 0.91 0.91 0.91
  per-rule acc: 0.64 1.00 1.00 1.00
Epoch 2620 | Train: Loss=0.0023 Acc=100.0% | Test: Acc=90.6% | Best=91.3%(@2500)
  from x3: 0.91 0.91 0.91 0.91 0.91 0.91 0.91 0.91 0.91 0.91 0.91 0.91 0.91
  per-rule acc: 0.62 1.00 1.00 1.00
Epoch 2640 | Train: Loss=0.0039 Acc=100.0% | Test: Acc=90.4% | Best=91.3%(@2500)
  from x3: 0.91 0.90 0.90 0.90 0.90 0.90 0.90 0.90 0.90 0.90 0.90 0.90 0.90
  per-rule acc: 0.62 1.00 1.00 1.00
Epoch 2660 | Train: Loss=0.0067 Acc=99.9% | Test: Acc=90.2% | Best=91.3%(@2500)
  from x3: 0.90 0.90 0.90 0.90 0.90 0.90 0.90 0.90 0.90 0.90 0.90 0.90 0.90
  per-rule acc: 0.61 1.00 1.00 1.00
Epoch 2680 | Train: Loss=0.0016 Acc=100.0% | Test: Acc=90.4% | Best=91.3%(@2500)
  from x3: 0.91 0.90 0.90 0.90 0.90 0.90 0.90 0.90 0.90 0.90 0.90 0.90 0.90
  per-rule acc: 0.62 1.00 1.00 1.00
Epoch 2700 | Train: Loss=0.0014 Acc=100.0% | Test: Acc=91.2% | Best=91.3%(@2500)
  from x3: 0.91 0.91 0.91 0.91 0.91 0.91 0.91 0.91 0.91 0.91 0.91 0.91 0.91
  per-rule acc: 0.65 1.00 1.00 1.00
Epoch 2720 | Train: Loss=0.0028 Acc=100.0% | Test: Acc=90.7% | Best=91.3%(@2500)
  from x3: 0.91 0.91 0.91 0.91 0.91 0.91 0.91 0.91 0.91 0.91 0.91 0.91 0.91
  per-rule acc: 0.63 1.00 1.00 1.00
Epoch 2740 | Train: Loss=0.0031 Acc=100.0% | Test: Acc=90.7% | Best=91.3%(@2500)
  from x3: 0.91 0.91 0.91 0.91 0.91 0.91 0.91 0.91 0.91 0.91 0.91 0.91 0.91
  per-rule acc: 0.63 1.00 1.00 1.00
Epoch 2760 | Train: Loss=0.0015 Acc=100.0% | Test: Acc=90.7% | Best=91.3%(@2500)
  from x3: 0.91 0.91 0.91 0.91 0.91 0.91 0.91 0.91 0.91 0.91 0.91 0.91 0.91
  per-rule acc: 0.63 1.00 1.00 1.00
Epoch 2780 | Train: Loss=0.0020 Acc=100.0% | Test: Acc=90.9% | Best=91.3%(@2500)
  from x3: 0.91 0.91 0.91 0.91 0.91 0.91 0.91 0.91 0.91 0.91 0.91 0.91 0.91
  per-rule acc: 0.63 1.00 1.00 1.00
Epoch 2800 | Train: Loss=0.0014 Acc=100.0% | Test: Acc=90.8% | Best=91.3%(@2500)
  from x3: 0.91 0.91 0.91 0.91 0.91 0.91 0.91 0.91 0.91 0.91 0.91 0.91 0.91
  per-rule acc: 0.63 1.00 1.00 1.00
Epoch 2820 | Train: Loss=0.0020 Acc=100.0% | Test: Acc=90.9% | Best=91.3%(@2500)
  from x3: 0.91 0.91 0.91 0.91 0.91 0.91 0.91 0.91 0.91 0.91 0.91 0.91 0.91
  per-rule acc: 0.63 1.00 1.00 1.00
Epoch 2840 | Train: Loss=0.0019 Acc=100.0% | Test: Acc=91.8% | Best=91.8%(@2840)
  from x3: 0.92 0.92 0.92 0.92 0.92 0.92 0.92 0.92 0.92 0.92 0.92 0.92 0.92
  per-rule acc: 0.67 1.00 1.00 1.00
Epoch 2860 | Train: Loss=0.0016 Acc=100.0% | Test: Acc=91.7% | Best=91.8%(@2840)
  from x3: 0.92 0.92 0.92 0.92 0.92 0.92 0.92 0.92 0.92 0.92 0.92 0.92 0.92
  per-rule acc: 0.67 1.00 1.00 1.00
Epoch 2880 | Train: Loss=0.0025 Acc=100.0% | Test: Acc=90.8% | Best=91.8%(@2840)
  from x3: 0.91 0.91 0.91 0.91 0.91 0.91 0.91 0.91 0.91 0.91 0.91 0.91 0.91
  per-rule acc: 0.63 1.00 1.00 1.00
Epoch 2900 | Train: Loss=0.0017 Acc=100.0% | Test: Acc=91.5% | Best=91.8%(@2840)
  from x3: 0.92 0.92 0.91 0.91 0.91 0.91 0.91 0.91 0.91 0.91 0.91 0.91 0.92
  per-rule acc: 0.66 1.00 1.00 1.00
Epoch 2920 | Train: Loss=0.0026 Acc=100.0% | Test: Acc=90.7% | Best=91.8%(@2840)
  from x3: 0.91 0.91 0.91 0.91 0.91 0.91 0.91 0.91 0.91 0.91 0.91 0.91 0.91
  per-rule acc: 0.63 1.00 1.00 1.00
Epoch 2940 | Train: Loss=0.0021 Acc=100.0% | Test: Acc=90.7% | Best=91.8%(@2840)
  from x3: 0.91 0.91 0.91 0.91 0.91 0.91 0.91 0.91 0.91 0.91 0.91 0.91 0.91
  per-rule acc: 0.63 1.00 1.00 1.00
Epoch 2960 | Train: Loss=0.0019 Acc=100.0% | Test: Acc=91.2% | Best=91.8%(@2840)
  from x3: 0.91 0.91 0.91 0.91 0.91 0.91 0.91 0.91 0.91 0.91 0.91 0.91 0.91
  per-rule acc: 0.65 1.00 1.00 1.00
Epoch 2980 | Train: Loss=0.0053 Acc=100.0% | Test: Acc=90.9% | Best=91.8%(@2840)
  from x3: 0.91 0.91 0.91 0.91 0.91 0.91 0.91 0.91 0.91 0.91 0.91 0.91 0.91
  per-rule acc: 0.64 1.00 1.00 1.00
Epoch 3000 | Train: Loss=0.0062 Acc=99.9% | Test: Acc=90.5% | Best=91.8%(@2840)
  from x3: 0.91 0.91 0.90 0.90 0.90 0.90 0.90 0.90 0.90 0.91 0.91 0.91 0.90
  per-rule acc: 0.62 1.00 1.00 1.00
Epoch 3020 | Train: Loss=0.0022 Acc=100.0% | Test: Acc=90.9% | Best=91.8%(@2840)
  from x3: 0.91 0.91 0.91 0.91 0.91 0.91 0.91 0.91 0.91 0.91 0.91 0.91 0.91
  per-rule acc: 0.64 1.00 1.00 1.00
Epoch 3040 | Train: Loss=0.0012 Acc=100.0% | Test: Acc=91.8% | Best=91.8%(@3040)
  from x3: 0.92 0.92 0.92 0.92 0.92 0.92 0.92 0.92 0.92 0.92 0.92 0.92 0.92
  per-rule acc: 0.67 1.00 1.00 1.00
Epoch 3060 | Train: Loss=0.0044 Acc=100.0% | Test: Acc=91.1% | Best=91.8%(@3040)
  from x3: 0.91 0.91 0.91 0.91 0.91 0.91 0.91 0.91 0.91 0.91 0.91 0.91 0.91
  per-rule acc: 0.64 1.00 1.00 1.00
Epoch 3080 | Train: Loss=0.0036 Acc=100.0% | Test: Acc=90.9% | Best=91.8%(@3040)
  from x3: 0.91 0.91 0.91 0.91 0.91 0.91 0.91 0.91 0.91 0.91 0.91 0.91 0.91
  per-rule acc: 0.64 1.00 1.00 1.00
Epoch 3100 | Train: Loss=0.0020 Acc=100.0% | Test: Acc=91.7% | Best=91.8%(@3040)
  from x3: 0.92 0.92 0.92 0.92 0.92 0.92 0.92 0.92 0.92 0.92 0.92 0.92 0.92
  per-rule acc: 0.67 1.00 1.00 1.00
Epoch 3120 | Train: Loss=0.0027 Acc=100.0% | Test: Acc=91.3% | Best=91.8%(@3040)
  from x3: 0.91 0.91 0.91 0.91 0.91 0.91 0.91 0.91 0.91 0.91 0.91 0.91 0.91
  per-rule acc: 0.65 1.00 1.00 1.00
Epoch 3140 | Train: Loss=0.0026 Acc=100.0% | Test: Acc=91.5% | Best=91.8%(@3040)
  from x3: 0.92 0.91 0.91 0.91 0.91 0.91 0.91 0.91 0.92 0.92 0.92 0.92 0.92
  per-rule acc: 0.66 1.00 1.00 1.00
Epoch 3160 | Train: Loss=0.0026 Acc=100.0% | Test: Acc=91.4% | Best=91.8%(@3040)
  from x3: 0.91 0.91 0.91 0.91 0.91 0.91 0.91 0.91 0.91 0.91 0.91 0.91 0.91
  per-rule acc: 0.66 1.00 1.00 1.00
Epoch 3180 | Train: Loss=0.0011 Acc=100.0% | Test: Acc=91.8% | Best=91.8%(@3040)
  from x3: 0.92 0.92 0.92 0.92 0.92 0.92 0.92 0.92 0.92 0.92 0.92 0.92 0.92
  per-rule acc: 0.67 1.00 1.00 1.00
Epoch 3200 | Train: Loss=0.0014 Acc=100.0% | Test: Acc=91.9% | Best=91.9%(@3200)
  from x3: 0.92 0.92 0.92 0.92 0.92 0.92 0.92 0.92 0.92 0.92 0.92 0.92 0.92
  per-rule acc: 0.68 1.00 1.00 1.00
Epoch 3220 | Train: Loss=0.0028 Acc=100.0% | Test: Acc=91.5% | Best=91.9%(@3200)
  from x3: 0.92 0.91 0.91 0.92 0.92 0.92 0.92 0.92 0.91 0.91 0.92 0.92 0.91
  per-rule acc: 0.66 1.00 1.00 1.00
Epoch 3240 | Train: Loss=0.0033 Acc=100.0% | Test: Acc=91.9% | Best=91.9%(@3200)
  from x3: 0.92 0.92 0.92 0.92 0.92 0.92 0.92 0.92 0.92 0.92 0.92 0.92 0.92
  per-rule acc: 0.67 1.00 1.00 1.00
Epoch 3260 | Train: Loss=0.0012 Acc=100.0% | Test: Acc=92.3% | Best=92.3%(@3260)
  from x3: 0.92 0.92 0.92 0.92 0.92 0.92 0.92 0.92 0.92 0.92 0.92 0.92 0.92
  per-rule acc: 0.69 1.00 1.00 1.00
Epoch 3280 | Train: Loss=0.0028 Acc=100.0% | Test: Acc=92.3% | Best=92.3%(@3260)
  from x3: 0.93 0.92 0.92 0.92 0.92 0.92 0.92 0.92 0.92 0.92 0.92 0.92 0.92
  per-rule acc: 0.69 1.00 1.00 1.00
Epoch 3300 | Train: Loss=0.0012 Acc=100.0% | Test: Acc=92.2% | Best=92.3%(@3260)
  from x3: 0.92 0.92 0.92 0.92 0.92 0.92 0.92 0.92 0.92 0.92 0.92 0.92 0.92
  per-rule acc: 0.69 1.00 1.00 1.00
Epoch 3320 | Train: Loss=0.0010 Acc=100.0% | Test: Acc=92.3% | Best=92.3%(@3320)
  from x3: 0.92 0.92 0.92 0.92 0.92 0.92 0.92 0.92 0.92 0.92 0.92 0.92 0.92
  per-rule acc: 0.69 1.00 1.00 1.00
Epoch 3340 | Train: Loss=0.0011 Acc=100.0% | Test: Acc=92.2% | Best=92.3%(@3320)
  from x3: 0.92 0.92 0.92 0.92 0.92 0.92 0.92 0.92 0.92 0.92 0.92 0.92 0.92
  per-rule acc: 0.69 1.00 1.00 1.00
Epoch 3360 | Train: Loss=0.0017 Acc=100.0% | Test: Acc=92.5% | Best=92.5%(@3360)
  from x3: 0.93 0.93 0.92 0.92 0.92 0.92 0.92 0.92 0.92 0.92 0.92 0.92 0.92
  per-rule acc: 0.70 1.00 1.00 1.00
Epoch 3380 | Train: Loss=0.0018 Acc=100.0% | Test: Acc=92.4% | Best=92.5%(@3360)
  from x3: 0.92 0.92 0.92 0.92 0.92 0.92 0.92 0.92 0.92 0.92 0.92 0.92 0.92
  per-rule acc: 0.69 1.00 1.00 1.00
Epoch 3400 | Train: Loss=0.0018 Acc=100.0% | Test: Acc=92.1% | Best=92.5%(@3360)
  from x3: 0.92 0.92 0.92 0.92 0.92 0.92 0.92 0.92 0.92 0.92 0.92 0.92 0.92
  per-rule acc: 0.68 1.00 1.00 1.00
Epoch 3420 | Train: Loss=0.0014 Acc=100.0% | Test: Acc=92.3% | Best=92.5%(@3360)
  from x3: 0.92 0.92 0.92 0.92 0.92 0.92 0.92 0.92 0.92 0.92 0.92 0.92 0.92
  per-rule acc: 0.69 1.00 1.00 1.00
Epoch 3440 | Train: Loss=0.0048 Acc=100.0% | Test: Acc=92.1% | Best=92.5%(@3360)
  from x3: 0.92 0.92 0.92 0.92 0.92 0.92 0.92 0.92 0.92 0.92 0.92 0.92 0.92
  per-rule acc: 0.68 1.00 1.00 1.00
Epoch 3460 | Train: Loss=0.0015 Acc=100.0% | Test: Acc=92.2% | Best=92.5%(@3360)
  from x3: 0.92 0.92 0.92 0.92 0.92 0.92 0.92 0.92 0.92 0.92 0.92 0.92 0.92
  per-rule acc: 0.69 1.00 1.00 1.00
Epoch 3480 | Train: Loss=0.0010 Acc=100.0% | Test: Acc=92.4% | Best=92.5%(@3360)
  from x3: 0.93 0.92 0.92 0.92 0.92 0.92 0.92 0.92 0.92 0.92 0.92 0.92 0.92
  per-rule acc: 0.70 1.00 1.00 1.00
Epoch 3500 | Train: Loss=0.0012 Acc=100.0% | Test: Acc=92.9% | Best=92.9%(@3500)
  from x3: 0.93 0.93 0.93 0.93 0.93 0.93 0.93 0.93 0.93 0.93 0.93 0.93 0.93
  per-rule acc: 0.72 1.00 1.00 1.00
Epoch 3520 | Train: Loss=0.0022 Acc=100.0% | Test: Acc=92.4% | Best=92.9%(@3500)
  from x3: 0.92 0.92 0.92 0.92 0.92 0.92 0.92 0.92 0.92 0.92 0.92 0.92 0.92
  per-rule acc: 0.70 1.00 1.00 1.00
Epoch 3540 | Train: Loss=0.0017 Acc=100.0% | Test: Acc=92.2% | Best=92.9%(@3500)
  from x3: 0.92 0.92 0.92 0.92 0.92 0.92 0.92 0.92 0.92 0.92 0.92 0.92 0.92
  per-rule acc: 0.69 1.00 1.00 1.00
Epoch 3560 | Train: Loss=0.0034 Acc=100.0% | Test: Acc=91.5% | Best=92.9%(@3500)
  from x3: 0.92 0.92 0.92 0.92 0.92 0.92 0.92 0.92 0.92 0.91 0.92 0.91 0.91
  per-rule acc: 0.66 1.00 1.00 1.00
Epoch 3580 | Train: Loss=0.0016 Acc=100.0% | Test: Acc=92.5% | Best=92.9%(@3500)
  from x3: 0.93 0.93 0.92 0.92 0.92 0.92 0.92 0.92 0.92 0.92 0.92 0.92 0.92
  per-rule acc: 0.70 1.00 1.00 1.00
Epoch 3600 | Train: Loss=0.0038 Acc=100.0% | Test: Acc=91.7% | Best=92.9%(@3500)
  from x3: 0.92 0.92 0.92 0.92 0.92 0.92 0.92 0.92 0.92 0.92 0.92 0.92 0.92
  per-rule acc: 0.67 1.00 1.00 1.00
Epoch 3620 | Train: Loss=0.0011 Acc=100.0% | Test: Acc=92.4% | Best=92.9%(@3500)
  from x3: 0.92 0.92 0.92 0.92 0.92 0.92 0.92 0.92 0.92 0.92 0.92 0.92 0.92
  per-rule acc: 0.70 1.00 1.00 1.00
Epoch 3640 | Train: Loss=0.0016 Acc=100.0% | Test: Acc=92.3% | Best=92.9%(@3500)
  from x3: 0.92 0.92 0.92 0.92 0.92 0.92 0.92 0.92 0.92 0.92 0.92 0.92 0.92
  per-rule acc: 0.69 1.00 1.00 1.00
Epoch 3660 | Train: Loss=0.0014 Acc=100.0% | Test: Acc=92.4% | Best=92.9%(@3500)
  from x3: 0.93 0.92 0.92 0.92 0.92 0.92 0.92 0.92 0.92 0.92 0.92 0.92 0.92
  per-rule acc: 0.69 1.00 1.00 1.00
Epoch 3680 | Train: Loss=0.0011 Acc=100.0% | Test: Acc=92.6% | Best=92.9%(@3500)
  from x3: 0.93 0.93 0.93 0.93 0.93 0.93 0.93 0.93 0.93 0.93 0.93 0.93 0.93
  per-rule acc: 0.70 1.00 1.00 1.00
Epoch 3700 | Train: Loss=0.0018 Acc=100.0% | Test: Acc=92.1% | Best=92.9%(@3500)
  from x3: 0.92 0.92 0.92 0.92 0.92 0.92 0.92 0.92 0.92 0.92 0.92 0.92 0.92
  per-rule acc: 0.68 1.00 1.00 1.00
Epoch 3720 | Train: Loss=0.0012 Acc=100.0% | Test: Acc=92.5% | Best=92.9%(@3500)
  from x3: 0.93 0.92 0.92 0.93 0.93 0.92 0.92 0.92 0.92 0.93 0.93 0.93 0.92
  per-rule acc: 0.70 1.00 1.00 1.00
Epoch 3740 | Train: Loss=0.0013 Acc=100.0% | Test: Acc=92.7% | Best=92.9%(@3500)
  from x3: 0.93 0.93 0.93 0.93 0.93 0.93 0.93 0.93 0.93 0.93 0.93 0.93 0.93
  per-rule acc: 0.71 1.00 1.00 1.00
Epoch 3760 | Train: Loss=0.0015 Acc=100.0% | Test: Acc=92.9% | Best=92.9%(@3760)
  from x3: 0.93 0.93 0.93 0.93 0.93 0.93 0.93 0.93 0.93 0.93 0.93 0.93 0.93
  per-rule acc: 0.72 1.00 1.00 1.00
Epoch 3780 | Train: Loss=0.0061 Acc=100.0% | Test: Acc=92.5% | Best=92.9%(@3760)
  from x3: 0.92 0.93 0.93 0.93 0.93 0.93 0.93 0.93 0.93 0.93 0.93 0.93 0.93
  per-rule acc: 0.70 1.00 1.00 1.00
Epoch 3800 | Train: Loss=0.0012 Acc=100.0% | Test: Acc=92.7% | Best=92.9%(@3760)
  from x3: 0.93 0.93 0.93 0.93 0.93 0.93 0.93 0.93 0.93 0.93 0.93 0.93 0.93
  per-rule acc: 0.71 1.00 1.00 1.00
Epoch 3820 | Train: Loss=0.0009 Acc=100.0% | Test: Acc=92.6% | Best=92.9%(@3760)
  from x3: 0.93 0.93 0.93 0.93 0.93 0.93 0.93 0.93 0.93 0.93 0.93 0.93 0.93
  per-rule acc: 0.70 1.00 1.00 1.00
Epoch 3840 | Train: Loss=0.0015 Acc=100.0% | Test: Acc=92.7% | Best=92.9%(@3760)
  from x3: 0.93 0.93 0.93 0.93 0.93 0.93 0.93 0.93 0.93 0.93 0.93 0.93 0.93
  per-rule acc: 0.71 1.00 1.00 1.00
Epoch 3860 | Train: Loss=0.0034 Acc=100.0% | Test: Acc=92.5% | Best=92.9%(@3760)
  from x3: 0.93 0.92 0.93 0.92 0.92 0.92 0.92 0.92 0.92 0.92 0.92 0.92 0.92
  per-rule acc: 0.70 1.00 1.00 1.00
Epoch 3880 | Train: Loss=0.0014 Acc=100.0% | Test: Acc=93.1% | Best=93.1%(@3880)
  from x3: 0.93 0.93 0.93 0.93 0.93 0.93 0.93 0.93 0.93 0.93 0.93 0.93 0.93
  per-rule acc: 0.72 1.00 1.00 1.00
Epoch 3900 | Train: Loss=0.0013 Acc=100.0% | Test: Acc=93.2% | Best=93.2%(@3900)
  from x3: 0.94 0.93 0.93 0.93 0.93 0.93 0.93 0.93 0.93 0.93 0.93 0.93 0.93
  per-rule acc: 0.73 1.00 1.00 1.00
Epoch 3920 | Train: Loss=0.0013 Acc=100.0% | Test: Acc=93.2% | Best=93.2%(@3900)
  from x3: 0.93 0.93 0.93 0.93 0.93 0.93 0.93 0.93 0.93 0.93 0.93 0.93 0.93
  per-rule acc: 0.73 1.00 1.00 1.00
Epoch 3940 | Train: Loss=0.0028 Acc=100.0% | Test: Acc=92.7% | Best=93.2%(@3900)
  from x3: 0.93 0.93 0.93 0.93 0.93 0.93 0.93 0.93 0.93 0.93 0.93 0.93 0.93
  per-rule acc: 0.71 1.00 1.00 1.00
Epoch 3960 | Train: Loss=0.0010 Acc=100.0% | Test: Acc=93.2% | Best=93.2%(@3960)
  from x3: 0.93 0.93 0.93 0.93 0.93 0.93 0.93 0.93 0.93 0.93 0.93 0.93 0.93
  per-rule acc: 0.73 1.00 1.00 1.00
Epoch 3980 | Train: Loss=0.0016 Acc=100.0% | Test: Acc=93.5% | Best=93.5%(@3980)
  from x3: 0.94 0.94 0.93 0.93 0.93 0.93 0.93 0.93 0.93 0.93 0.93 0.93 0.93
  per-rule acc: 0.74 1.00 1.00 1.00
Epoch 4000 | Train: Loss=0.0016 Acc=100.0% | Test: Acc=93.5% | Best=93.5%(@4000)
  from x3: 0.94 0.94 0.94 0.93 0.94 0.94 0.94 0.94 0.93 0.94 0.94 0.94 0.94
  per-rule acc: 0.74 1.00 1.00 1.00
Epoch 4020 | Train: Loss=0.0016 Acc=100.0% | Test: Acc=93.7% | Best=93.7%(@4020)
  from x3: 0.94 0.94 0.94 0.94 0.94 0.94 0.94 0.94 0.94 0.94 0.94 0.94 0.94
  per-rule acc: 0.75 1.00 1.00 1.00
Epoch 4040 | Train: Loss=0.0011 Acc=100.0% | Test: Acc=93.7% | Best=93.7%(@4020)
  from x3: 0.94 0.94 0.94 0.94 0.94 0.94 0.94 0.94 0.94 0.94 0.94 0.94 0.94
  per-rule acc: 0.75 1.00 1.00 1.00
Epoch 4060 | Train: Loss=0.0011 Acc=100.0% | Test: Acc=93.8% | Best=93.8%(@4060)
  from x3: 0.94 0.94 0.94 0.94 0.94 0.94 0.94 0.94 0.94 0.94 0.94 0.94 0.94
  per-rule acc: 0.75 1.00 1.00 1.00
Epoch 4080 | Train: Loss=0.0029 Acc=100.0% | Test: Acc=92.2% | Best=93.8%(@4060)
  from x3: 0.92 0.92 0.92 0.92 0.92 0.92 0.92 0.92 0.92 0.92 0.92 0.92 0.92
  per-rule acc: 0.69 1.00 1.00 1.00
Epoch 4100 | Train: Loss=0.0014 Acc=100.0% | Test: Acc=94.1% | Best=94.1%(@4100)
  from x3: 0.94 0.94 0.94 0.94 0.94 0.94 0.94 0.94 0.94 0.94 0.94 0.94 0.94
  per-rule acc: 0.76 1.00 1.00 1.00
Epoch 4120 | Train: Loss=0.0014 Acc=100.0% | Test: Acc=94.1% | Best=94.1%(@4120)
  from x3: 0.94 0.94 0.94 0.94 0.94 0.94 0.94 0.94 0.94 0.94 0.94 0.94 0.94
  per-rule acc: 0.76 1.00 1.00 1.00
Epoch 4140 | Train: Loss=0.0009 Acc=100.0% | Test: Acc=94.4% | Best=94.4%(@4140)
  from x3: 0.94 0.94 0.94 0.94 0.94 0.94 0.94 0.94 0.94 0.94 0.94 0.94 0.94
  per-rule acc: 0.78 1.00 1.00 1.00
Epoch 4160 | Train: Loss=0.0010 Acc=100.0% | Test: Acc=94.1% | Best=94.4%(@4140)
  from x3: 0.94 0.94 0.94 0.94 0.94 0.94 0.94 0.94 0.94 0.94 0.94 0.94 0.94
  per-rule acc: 0.77 1.00 1.00 1.00
Epoch 4180 | Train: Loss=0.0006 Acc=100.0% | Test: Acc=94.4% | Best=94.4%(@4140)
  from x3: 0.94 0.95 0.94 0.94 0.94 0.94 0.94 0.94 0.94 0.94 0.94 0.94 0.94
  per-rule acc: 0.78 1.00 1.00 1.00
Epoch 4200 | Train: Loss=0.0010 Acc=100.0% | Test: Acc=94.1% | Best=94.4%(@4140)
  from x3: 0.94 0.94 0.94 0.94 0.94 0.94 0.94 0.94 0.94 0.94 0.94 0.94 0.94
  per-rule acc: 0.77 1.00 1.00 1.00
Epoch 4220 | Train: Loss=0.0014 Acc=100.0% | Test: Acc=94.2% | Best=94.4%(@4140)
  from x3: 0.94 0.94 0.94 0.94 0.94 0.94 0.94 0.94 0.94 0.94 0.94 0.94 0.94
  per-rule acc: 0.77 1.00 1.00 1.00
Epoch 4240 | Train: Loss=0.0007 Acc=100.0% | Test: Acc=94.2% | Best=94.4%(@4140)
  from x3: 0.94 0.94 0.94 0.94 0.94 0.94 0.94 0.94 0.94 0.94 0.94 0.94 0.94
  per-rule acc: 0.77 1.00 1.00 1.00
Epoch 4260 | Train: Loss=0.0014 Acc=100.0% | Test: Acc=94.1% | Best=94.4%(@4140)
  from x3: 0.94 0.94 0.94 0.94 0.94 0.94 0.94 0.94 0.94 0.94 0.94 0.94 0.94
  per-rule acc: 0.76 1.00 1.00 1.00
Epoch 4280 | Train: Loss=0.0011 Acc=100.0% | Test: Acc=94.4% | Best=94.4%(@4140)
  from x3: 0.94 0.94 0.94 0.94 0.94 0.94 0.94 0.94 0.94 0.94 0.94 0.94 0.94
  per-rule acc: 0.78 1.00 1.00 1.00
Epoch 4300 | Train: Loss=0.0019 Acc=100.0% | Test: Acc=94.2% | Best=94.4%(@4140)
  from x3: 0.94 0.94 0.94 0.94 0.94 0.94 0.94 0.94 0.94 0.94 0.94 0.94 0.94
  per-rule acc: 0.77 1.00 1.00 1.00
Epoch 4320 | Train: Loss=0.0013 Acc=100.0% | Test: Acc=94.3% | Best=94.4%(@4140)
  from x3: 0.94 0.94 0.94 0.94 0.94 0.94 0.94 0.94 0.94 0.94 0.94 0.94 0.94
  per-rule acc: 0.77 1.00 1.00 1.00
Epoch 4340 | Train: Loss=0.0015 Acc=100.0% | Test: Acc=94.1% | Best=94.4%(@4140)
  from x3: 0.94 0.94 0.94 0.94 0.94 0.94 0.94 0.94 0.94 0.94 0.94 0.94 0.94
  per-rule acc: 0.77 1.00 1.00 1.00
Epoch 4360 | Train: Loss=0.0010 Acc=100.0% | Test: Acc=94.1% | Best=94.4%(@4140)
  from x3: 0.94 0.94 0.94 0.94 0.94 0.94 0.94 0.94 0.94 0.94 0.94 0.94 0.94
  per-rule acc: 0.76 1.00 1.00 1.00
Epoch 4380 | Train: Loss=0.0015 Acc=100.0% | Test: Acc=94.2% | Best=94.4%(@4140)
  from x3: 0.94 0.94 0.94 0.94 0.94 0.94 0.94 0.94 0.94 0.94 0.94 0.94 0.94
  per-rule acc: 0.77 1.00 1.00 1.00
Epoch 4400 | Train: Loss=0.0009 Acc=100.0% | Test: Acc=94.1% | Best=94.4%(@4140)
  from x3: 0.94 0.94 0.94 0.94 0.94 0.94 0.94 0.94 0.94 0.94 0.94 0.94 0.94
  per-rule acc: 0.77 1.00 1.00 1.00
Epoch 4420 | Train: Loss=0.0013 Acc=100.0% | Test: Acc=94.2% | Best=94.4%(@4140)
  from x3: 0.94 0.94 0.94 0.94 0.94 0.94 0.94 0.94 0.94 0.94 0.94 0.94 0.94
  per-rule acc: 0.77 1.00 1.00 1.00
Epoch 4440 | Train: Loss=0.0014 Acc=100.0% | Test: Acc=94.3% | Best=94.4%(@4140)
  from x3: 0.94 0.94 0.94 0.94 0.94 0.94 0.94 0.94 0.94 0.94 0.94 0.94 0.94
  per-rule acc: 0.77 1.00 1.00 1.00
Epoch 4460 | Train: Loss=0.0012 Acc=100.0% | Test: Acc=94.4% | Best=94.4%(@4140)
  from x3: 0.94 0.94 0.94 0.94 0.94 0.94 0.94 0.94 0.94 0.94 0.94 0.94 0.94
  per-rule acc: 0.77 1.00 1.00 1.00
Epoch 4480 | Train: Loss=0.0106 Acc=99.9% | Test: Acc=93.7% | Best=94.4%(@4140)
  from x3: 0.94 0.94 0.94 0.94 0.94 0.94 0.94 0.94 0.94 0.94 0.94 0.94 0.94
  per-rule acc: 0.75 1.00 1.00 1.00
Epoch 4500 | Train: Loss=0.0020 Acc=100.0% | Test: Acc=93.7% | Best=94.4%(@4140)
  from x3: 0.94 0.94 0.94 0.94 0.94 0.94 0.94 0.94 0.94 0.94 0.94 0.94 0.94
  per-rule acc: 0.75 1.00 1.00 1.00
Epoch 4520 | Train: Loss=0.0015 Acc=100.0% | Test: Acc=94.1% | Best=94.4%(@4140)
  from x3: 0.94 0.94 0.94 0.94 0.94 0.94 0.94 0.94 0.94 0.94 0.94 0.94 0.94
  per-rule acc: 0.76 1.00 1.00 1.00
Epoch 4540 | Train: Loss=0.0008 Acc=100.0% | Test: Acc=94.4% | Best=94.4%(@4140)
  from x3: 0.94 0.94 0.94 0.94 0.94 0.94 0.94 0.94 0.94 0.94 0.94 0.94 0.94
  per-rule acc: 0.77 1.00 1.00 1.00
Epoch 4560 | Train: Loss=0.0009 Acc=100.0% | Test: Acc=94.2% | Best=94.4%(@4140)
  from x3: 0.94 0.94 0.94 0.94 0.94 0.94 0.94 0.94 0.94 0.94 0.94 0.94 0.94
  per-rule acc: 0.77 1.00 1.00 1.00
Epoch 4580 | Train: Loss=0.0021 Acc=100.0% | Test: Acc=94.2% | Best=94.4%(@4140)
  from x3: 0.94 0.94 0.94 0.94 0.94 0.94 0.94 0.94 0.94 0.94 0.94 0.94 0.94
  per-rule acc: 0.77 1.00 1.00 1.00
Epoch 4600 | Train: Loss=0.0016 Acc=100.0% | Test: Acc=94.2% | Best=94.4%(@4140)
  from x3: 0.94 0.94 0.94 0.94 0.94 0.94 0.94 0.94 0.94 0.94 0.94 0.94 0.94
  per-rule acc: 0.77 1.00 1.00 1.00
Epoch 4620 | Train: Loss=0.0014 Acc=100.0% | Test: Acc=94.2% | Best=94.4%(@4140)
  from x3: 0.94 0.94 0.94 0.94 0.94 0.94 0.94 0.94 0.94 0.94 0.94 0.94 0.94
  per-rule acc: 0.77 1.00 1.00 1.00
Epoch 4640 | Train: Loss=0.0019 Acc=100.0% | Test: Acc=94.5% | Best=94.5%(@4640)
  from x3: 0.94 0.95 0.94 0.94 0.95 0.94 0.94 0.94 0.94 0.94 0.94 0.94 0.94
  per-rule acc: 0.78 1.00 1.00 1.00
Epoch 4660 | Train: Loss=0.0011 Acc=100.0% | Test: Acc=94.2% | Best=94.5%(@4640)
  from x3: 0.94 0.94 0.94 0.94 0.94 0.94 0.94 0.94 0.94 0.94 0.94 0.94 0.94
  per-rule acc: 0.77 1.00 1.00 1.00
Epoch 4680 | Train: Loss=0.0010 Acc=100.0% | Test: Acc=94.2% | Best=94.5%(@4640)
  from x3: 0.94 0.94 0.94 0.94 0.94 0.94 0.94 0.94 0.94 0.94 0.94 0.94 0.94
  per-rule acc: 0.77 1.00 1.00 1.00
Epoch 4700 | Train: Loss=0.0011 Acc=100.0% | Test: Acc=94.2% | Best=94.5%(@4640)
  from x3: 0.94 0.94 0.94 0.94 0.94 0.94 0.94 0.94 0.94 0.94 0.94 0.94 0.94
  per-rule acc: 0.77 1.00 1.00 1.00
Epoch 4720 | Train: Loss=0.0009 Acc=100.0% | Test: Acc=94.2% | Best=94.5%(@4640)
  from x3: 0.94 0.94 0.94 0.94 0.94 0.94 0.94 0.94 0.94 0.94 0.94 0.94 0.94
  per-rule acc: 0.77 1.00 1.00 1.00
Epoch 4740 | Train: Loss=0.0023 Acc=100.0% | Test: Acc=94.2% | Best=94.5%(@4640)
  from x3: 0.94 0.94 0.94 0.94 0.94 0.94 0.94 0.94 0.94 0.94 0.94 0.94 0.94
  per-rule acc: 0.77 1.00 1.00 1.00
Epoch 4760 | Train: Loss=0.0013 Acc=100.0% | Test: Acc=94.4% | Best=94.5%(@4640)
  from x3: 0.94 0.94 0.94 0.94 0.94 0.94 0.94 0.94 0.94 0.94 0.94 0.94 0.94
  per-rule acc: 0.78 1.00 1.00 1.00
Epoch 4780 | Train: Loss=0.0010 Acc=100.0% | Test: Acc=94.5% | Best=94.5%(@4780)
  from x3: 0.95 0.95 0.95 0.95 0.95 0.95 0.95 0.95 0.95 0.95 0.95 0.95 0.95
  per-rule acc: 0.78 1.00 1.00 1.00
Epoch 4800 | Train: Loss=0.0010 Acc=100.0% | Test: Acc=94.4% | Best=94.5%(@4780)
  from x3: 0.94 0.94 0.94 0.94 0.94 0.94 0.94 0.94 0.94 0.94 0.94 0.94 0.94
  per-rule acc: 0.78 1.00 1.00 1.00
Epoch 4820 | Train: Loss=0.0011 Acc=100.0% | Test: Acc=94.4% | Best=94.5%(@4780)
  from x3: 0.94 0.95 0.94 0.94 0.94 0.94 0.94 0.94 0.94 0.94 0.94 0.94 0.94
  per-rule acc: 0.78 1.00 1.00 1.00
Epoch 4840 | Train: Loss=0.0009 Acc=100.0% | Test: Acc=94.4% | Best=94.5%(@4780)
  from x3: 0.94 0.94 0.94 0.94 0.94 0.94 0.94 0.94 0.94 0.94 0.94 0.94 0.94
  per-rule acc: 0.78 1.00 1.00 1.00
Epoch 4860 | Train: Loss=0.0011 Acc=100.0% | Test: Acc=94.5% | Best=94.5%(@4780)
  from x3: 0.94 0.95 0.95 0.95 0.95 0.95 0.95 0.95 0.95 0.95 0.95 0.95 0.95
  per-rule acc: 0.78 1.00 1.00 1.00
Epoch 4880 | Train: Loss=0.0012 Acc=100.0% | Test: Acc=94.5% | Best=94.5%(@4780)
  from x3: 0.94 0.95 0.94 0.94 0.94 0.94 0.94 0.94 0.94 0.94 0.94 0.95 0.94
  per-rule acc: 0.78 1.00 1.00 1.00
Epoch 4900 | Train: Loss=0.0009 Acc=100.0% | Test: Acc=94.5% | Best=94.5%(@4780)
  from x3: 0.94 0.95 0.95 0.95 0.95 0.94 0.94 0.94 0.95 0.94 0.94 0.94 0.94
  per-rule acc: 0.78 1.00 1.00 1.00
Epoch 4920 | Train: Loss=0.0010 Acc=100.0% | Test: Acc=94.4% | Best=94.5%(@4780)
  from x3: 0.94 0.94 0.94 0.94 0.94 0.94 0.94 0.94 0.94 0.94 0.94 0.94 0.94
  per-rule acc: 0.78 1.00 1.00 1.00
Epoch 4940 | Train: Loss=0.0009 Acc=100.0% | Test: Acc=94.4% | Best=94.5%(@4780)
  from x3: 0.94 0.94 0.94 0.94 0.94 0.94 0.94 0.94 0.94 0.94 0.94 0.94 0.94
  per-rule acc: 0.77 1.00 1.00 1.00
Epoch 4960 | Train: Loss=0.0011 Acc=100.0% | Test: Acc=94.4% | Best=94.5%(@4780)
  from x3: 0.94 0.94 0.94 0.94 0.94 0.94 0.94 0.94 0.94 0.94 0.94 0.94 0.94
  per-rule acc: 0.78 1.00 1.00 1.00
Epoch 4980 | Train: Loss=0.0010 Acc=100.0% | Test: Acc=94.4% | Best=94.5%(@4780)
  from x3: 0.94 0.94 0.94 0.94 0.94 0.94 0.94 0.94 0.94 0.94 0.94 0.94 0.94
  per-rule acc: 0.78 1.00 1.00 1.00
Epoch 5000 | Train: Loss=0.0007 Acc=100.0% | Test: Acc=94.4% | Best=94.5%(@4780)
  from x3: 0.94 0.94 0.94 0.94 0.94 0.94 0.94 0.94 0.94 0.94 0.94 0.94 0.94
  per-rule acc: 0.77 1.00 1.00 1.00
Epoch 5020 | Train: Loss=0.0013 Acc=100.0% | Test: Acc=94.5% | Best=94.5%(@4780)
  from x3: 0.94 0.94 0.95 0.95 0.95 0.95 0.95 0.95 0.95 0.95 0.95 0.94 0.94
  per-rule acc: 0.78 1.00 1.00 1.00
Epoch 5040 | Train: Loss=0.0010 Acc=100.0% | Test: Acc=94.8% | Best=94.8%(@5040)
  from x3: 0.95 0.95 0.95 0.95 0.95 0.95 0.95 0.95 0.95 0.95 0.95 0.95 0.95
  per-rule acc: 0.79 1.00 1.00 1.00
Epoch 5060 | Train: Loss=0.0011 Acc=100.0% | Test: Acc=94.4% | Best=94.8%(@5040)
  from x3: 0.94 0.94 0.94 0.94 0.94 0.94 0.94 0.94 0.94 0.94 0.94 0.94 0.94
  per-rule acc: 0.77 1.00 1.00 1.00
Epoch 5080 | Train: Loss=0.0006 Acc=100.0% | Test: Acc=94.7% | Best=94.8%(@5040)
  from x3: 0.95 0.95 0.95 0.95 0.95 0.95 0.95 0.95 0.95 0.95 0.95 0.95 0.95
  per-rule acc: 0.79 1.00 1.00 1.00
Epoch 5100 | Train: Loss=0.0010 Acc=100.0% | Test: Acc=94.4% | Best=94.8%(@5040)
  from x3: 0.94 0.94 0.94 0.94 0.94 0.94 0.94 0.94 0.94 0.94 0.94 0.94 0.94
  per-rule acc: 0.78 1.00 1.00 1.00
Epoch 5120 | Train: Loss=0.0008 Acc=100.0% | Test: Acc=94.4% | Best=94.8%(@5040)
  from x3: 0.94 0.94 0.94 0.94 0.94 0.94 0.94 0.94 0.94 0.94 0.94 0.94 0.94
  per-rule acc: 0.78 1.00 1.00 1.00
Epoch 5140 | Train: Loss=0.0008 Acc=100.0% | Test: Acc=94.3% | Best=94.8%(@5040)
  from x3: 0.94 0.94 0.94 0.94 0.94 0.94 0.94 0.94 0.94 0.94 0.94 0.94 0.94
  per-rule acc: 0.77 1.00 1.00 1.00
Epoch 5160 | Train: Loss=0.0009 Acc=100.0% | Test: Acc=94.4% | Best=94.8%(@5040)
  from x3: 0.94 0.94 0.94 0.94 0.94 0.94 0.94 0.94 0.94 0.94 0.94 0.94 0.94
  per-rule acc: 0.77 1.00 1.00 1.00
Epoch 5180 | Train: Loss=0.0009 Acc=100.0% | Test: Acc=94.5% | Best=94.8%(@5040)
  from x3: 0.94 0.95 0.95 0.95 0.95 0.95 0.95 0.95 0.95 0.95 0.95 0.95 0.95
  per-rule acc: 0.78 1.00 1.00 1.00
Epoch 5200 | Train: Loss=0.0012 Acc=100.0% | Test: Acc=94.4% | Best=94.8%(@5040)
  from x3: 0.94 0.94 0.94 0.94 0.94 0.94 0.94 0.94 0.94 0.94 0.94 0.94 0.94
  per-rule acc: 0.77 1.00 1.00 1.00
Epoch 5220 | Train: Loss=0.0081 Acc=99.9% | Test: Acc=93.6% | Best=94.8%(@5040)
  from x3: 0.93 0.94 0.94 0.94 0.94 0.94 0.94 0.94 0.94 0.94 0.94 0.94 0.94
  per-rule acc: 0.74 1.00 1.00 1.00
Epoch 5240 | Train: Loss=0.0010 Acc=100.0% | Test: Acc=94.3% | Best=94.8%(@5040)
  from x3: 0.94 0.94 0.94 0.94 0.94 0.94 0.94 0.94 0.94 0.94 0.94 0.94 0.94
  per-rule acc: 0.77 1.00 1.00 1.00
Epoch 5260 | Train: Loss=0.0058 Acc=99.9% | Test: Acc=93.6% | Best=94.8%(@5040)
  from x3: 0.93 0.94 0.94 0.94 0.94 0.94 0.94 0.94 0.94 0.94 0.94 0.94 0.94
  per-rule acc: 0.74 1.00 1.00 1.00
Epoch 5280 | Train: Loss=0.0009 Acc=100.0% | Test: Acc=94.4% | Best=94.8%(@5040)
  from x3: 0.94 0.94 0.94 0.94 0.94 0.94 0.94 0.94 0.94 0.94 0.94 0.94 0.94
  per-rule acc: 0.78 1.00 1.00 1.00
Epoch 5300 | Train: Loss=0.0071 Acc=100.0% | Test: Acc=94.2% | Best=94.8%(@5040)
  from x3: 0.94 0.94 0.94 0.94 0.94 0.94 0.94 0.94 0.94 0.94 0.94 0.94 0.94
  per-rule acc: 0.77 1.00 1.00 1.00
Epoch 5320 | Train: Loss=0.0011 Acc=100.0% | Test: Acc=94.4% | Best=94.8%(@5040)
  from x3: 0.94 0.95 0.94 0.94 0.94 0.94 0.94 0.94 0.94 0.94 0.94 0.94 0.94
  per-rule acc: 0.78 1.00 1.00 1.00
Epoch 5340 | Train: Loss=0.0010 Acc=100.0% | Test: Acc=94.4% | Best=94.8%(@5040)
  from x3: 0.94 0.94 0.94 0.94 0.94 0.94 0.94 0.94 0.94 0.94 0.94 0.94 0.94
  per-rule acc: 0.78 1.00 1.00 1.00
Epoch 5360 | Train: Loss=0.0011 Acc=100.0% | Test: Acc=94.5% | Best=94.8%(@5040)
  from x3: 0.94 0.95 0.95 0.95 0.95 0.95 0.95 0.95 0.95 0.95 0.95 0.95 0.95
  per-rule acc: 0.78 1.00 1.00 1.00
Epoch 5380 | Train: Loss=0.0011 Acc=100.0% | Test: Acc=94.4% | Best=94.8%(@5040)
  from x3: 0.94 0.94 0.94 0.94 0.94 0.94 0.94 0.94 0.95 0.95 0.95 0.95 0.95
  per-rule acc: 0.78 1.00 1.00 1.00
Epoch 5400 | Train: Loss=0.0010 Acc=100.0% | Test: Acc=94.3% | Best=94.8%(@5040)
  from x3: 0.94 0.94 0.94 0.94 0.94 0.94 0.94 0.94 0.94 0.94 0.94 0.94 0.94
  per-rule acc: 0.77 1.00 1.00 1.00
Epoch 5420 | Train: Loss=0.0021 Acc=100.0% | Test: Acc=94.1% | Best=94.8%(@5040)
  from x3: 0.94 0.94 0.94 0.94 0.94 0.94 0.94 0.94 0.94 0.94 0.94 0.94 0.94
  per-rule acc: 0.76 1.00 1.00 1.00
Epoch 5440 | Train: Loss=0.0008 Acc=100.0% | Test: Acc=94.4% | Best=94.8%(@5040)
  from x3: 0.94 0.94 0.94 0.94 0.94 0.94 0.94 0.94 0.94 0.94 0.94 0.94 0.94
  per-rule acc: 0.77 1.00 1.00 1.00
Epoch 5460 | Train: Loss=0.0092 Acc=100.0% | Test: Acc=94.5% | Best=94.8%(@5040)
  from x3: 0.94 0.95 0.95 0.94 0.94 0.94 0.94 0.94 0.94 0.94 0.94 0.94 0.94
  per-rule acc: 0.78 1.00 1.00 1.00
Epoch 5480 | Train: Loss=0.0010 Acc=100.0% | Test: Acc=94.4% | Best=94.8%(@5040)
  from x3: 0.94 0.94 0.95 0.95 0.95 0.94 0.94 0.94 0.94 0.94 0.94 0.94 0.94
  per-rule acc: 0.78 1.00 1.00 1.00
Epoch 5500 | Train: Loss=0.0010 Acc=100.0% | Test: Acc=94.4% | Best=94.8%(@5040)
  from x3: 0.94 0.94 0.94 0.94 0.94 0.94 0.94 0.94 0.94 0.94 0.94 0.94 0.94
  per-rule acc: 0.78 1.00 1.00 1.00
Epoch 5520 | Train: Loss=0.0009 Acc=100.0% | Test: Acc=94.6% | Best=94.8%(@5040)
  from x3: 0.94 0.95 0.95 0.95 0.95 0.95 0.95 0.95 0.95 0.95 0.95 0.95 0.95
  per-rule acc: 0.78 1.00 1.00 1.00
Epoch 5540 | Train: Loss=0.0009 Acc=100.0% | Test: Acc=94.4% | Best=94.8%(@5040)
  from x3: 0.94 0.94 0.94 0.94 0.94 0.94 0.94 0.94 0.94 0.94 0.94 0.94 0.94
  per-rule acc: 0.78 1.00 1.00 1.00
Epoch 5560 | Train: Loss=0.0016 Acc=100.0% | Test: Acc=94.3% | Best=94.8%(@5040)
  from x3: 0.94 0.94 0.94 0.94 0.94 0.94 0.94 0.94 0.94 0.94 0.94 0.94 0.94
  per-rule acc: 0.77 1.00 1.00 1.00
Epoch 5580 | Train: Loss=0.0009 Acc=100.0% | Test: Acc=94.5% | Best=94.8%(@5040)
  from x3: 0.94 0.95 0.95 0.95 0.95 0.95 0.95 0.95 0.95 0.95 0.95 0.95 0.95
  per-rule acc: 0.78 1.00 1.00 1.00
Epoch 5600 | Train: Loss=0.0342 Acc=99.8% | Test: Acc=93.9% | Best=94.8%(@5040)
  from x3: 0.94 0.94 0.94 0.94 0.94 0.94 0.94 0.94 0.94 0.94 0.94 0.94 0.94
  per-rule acc: 0.75 1.00 1.00 1.00
Epoch 5620 | Train: Loss=0.0010 Acc=100.0% | Test: Acc=94.6% | Best=94.8%(@5040)
  from x3: 0.95 0.95 0.95 0.95 0.95 0.95 0.95 0.95 0.95 0.95 0.95 0.95 0.95
  per-rule acc: 0.78 1.00 1.00 1.00
Epoch 5640 | Train: Loss=0.0009 Acc=100.0% | Test: Acc=94.7% | Best=94.8%(@5040)
  from x3: 0.95 0.95 0.95 0.95 0.95 0.95 0.95 0.95 0.95 0.95 0.95 0.95 0.95
  per-rule acc: 0.79 1.00 1.00 1.00
Epoch 5660 | Train: Loss=0.0029 Acc=100.0% | Test: Acc=94.6% | Best=94.8%(@5040)
  from x3: 0.94 0.95 0.95 0.95 0.95 0.95 0.95 0.95 0.95 0.95 0.95 0.95 0.95
  per-rule acc: 0.78 1.00 1.00 1.00
Epoch 5680 | Train: Loss=0.0030 Acc=100.0% | Test: Acc=94.6% | Best=94.8%(@5040)
  from x3: 0.94 0.95 0.95 0.95 0.95 0.95 0.95 0.95 0.95 0.95 0.95 0.95 0.95
  per-rule acc: 0.78 1.00 1.00 1.00
Epoch 5700 | Train: Loss=0.0009 Acc=100.0% | Test: Acc=94.7% | Best=94.8%(@5040)
  from x3: 0.95 0.95 0.95 0.95 0.95 0.95 0.95 0.95 0.95 0.95 0.95 0.95 0.95
  per-rule acc: 0.79 1.00 1.00 1.00
Epoch 5720 | Train: Loss=0.0006 Acc=100.0% | Test: Acc=94.8% | Best=94.8%(@5720)
  from x3: 0.95 0.95 0.95 0.95 0.95 0.95 0.95 0.95 0.95 0.95 0.95 0.95 0.95
  per-rule acc: 0.79 1.00 1.00 1.00
Epoch 5740 | Train: Loss=0.0023 Acc=100.0% | Test: Acc=94.7% | Best=94.8%(@5720)
  from x3: 0.95 0.95 0.95 0.95 0.95 0.95 0.95 0.95 0.95 0.95 0.95 0.95 0.95
  per-rule acc: 0.79 1.00 1.00 1.00
Epoch 5760 | Train: Loss=0.0007 Acc=100.0% | Test: Acc=94.8% | Best=94.8%(@5720)
  from x3: 0.95 0.95 0.95 0.95 0.95 0.95 0.95 0.95 0.95 0.95 0.95 0.95 0.95
  per-rule acc: 0.79 1.00 1.00 1.00
Epoch 5780 | Train: Loss=0.0007 Acc=100.0% | Test: Acc=94.8% | Best=94.8%(@5720)
  from x3: 0.95 0.95 0.95 0.95 0.95 0.95 0.95 0.95 0.95 0.95 0.95 0.95 0.95
  per-rule acc: 0.79 1.00 1.00 1.00
Epoch 5800 | Train: Loss=0.0006 Acc=100.0% | Test: Acc=94.8% | Best=94.8%(@5800)
  from x3: 0.95 0.95 0.95 0.95 0.95 0.95 0.95 0.95 0.95 0.95 0.95 0.95 0.95
  per-rule acc: 0.79 1.00 1.00 1.00
Epoch 5820 | Train: Loss=0.0021 Acc=100.0% | Test: Acc=94.9% | Best=94.9%(@5820)
  from x3: 0.95 0.95 0.95 0.95 0.95 0.95 0.95 0.95 0.95 0.95 0.95 0.95 0.95
  per-rule acc: 0.80 1.00 1.00 1.00
Epoch 5840 | Train: Loss=0.0008 Acc=100.0% | Test: Acc=95.0% | Best=95.0%(@5840)
  from x3: 0.95 0.95 0.95 0.95 0.95 0.95 0.95 0.95 0.95 0.95 0.95 0.95 0.95
  per-rule acc: 0.80 1.00 1.00 1.00
Epoch 5860 | Train: Loss=0.0009 Acc=100.0% | Test: Acc=95.0% | Best=95.0%(@5840)
  from x3: 0.95 0.95 0.95 0.95 0.95 0.95 0.95 0.95 0.95 0.95 0.95 0.95 0.95
  per-rule acc: 0.80 1.00 1.00 1.00
Epoch 5880 | Train: Loss=0.0009 Acc=100.0% | Test: Acc=95.1% | Best=95.1%(@5880)
  from x3: 0.95 0.95 0.95 0.95 0.95 0.95 0.95 0.95 0.95 0.95 0.95 0.95 0.95
  per-rule acc: 0.80 1.00 1.00 1.00
Epoch 5900 | Train: Loss=0.0010 Acc=100.0% | Test: Acc=95.1% | Best=95.1%(@5880)
  from x3: 0.95 0.95 0.95 0.95 0.95 0.95 0.95 0.95 0.95 0.95 0.95 0.95 0.95
  per-rule acc: 0.80 1.00 1.00 1.00
Epoch 5920 | Train: Loss=0.0009 Acc=100.0% | Test: Acc=95.0% | Best=95.1%(@5880)
  from x3: 0.95 0.95 0.95 0.95 0.95 0.95 0.95 0.95 0.95 0.95 0.95 0.95 0.95
  per-rule acc: 0.80 1.00 1.00 1.00
Epoch 5940 | Train: Loss=0.0018 Acc=100.0% | Test: Acc=94.3% | Best=95.1%(@5880)
  from x3: 0.94 0.94 0.94 0.94 0.94 0.94 0.94 0.94 0.94 0.94 0.94 0.94 0.94
  per-rule acc: 0.77 1.00 1.00 1.00
Epoch 5960 | Train: Loss=0.0007 Acc=100.0% | Test: Acc=95.0% | Best=95.1%(@5880)
  from x3: 0.95 0.95 0.95 0.95 0.95 0.95 0.95 0.95 0.95 0.95 0.95 0.95 0.95
  per-rule acc: 0.80 1.00 1.00 1.00
Epoch 5980 | Train: Loss=0.0007 Acc=100.0% | Test: Acc=95.0% | Best=95.1%(@5880)
  from x3: 0.95 0.95 0.95 0.95 0.95 0.95 0.95 0.95 0.95 0.95 0.95 0.95 0.95
  per-rule acc: 0.80 1.00 1.00 1.00
Epoch 6000 | Train: Loss=0.0005 Acc=100.0% | Test: Acc=95.0% | Best=95.1%(@5880)
  from x3: 0.95 0.95 0.95 0.95 0.95 0.95 0.95 0.95 0.95 0.95 0.95 0.95 0.95
  per-rule acc: 0.80 1.00 1.00 1.00
Epoch 6020 | Train: Loss=0.0006 Acc=100.0% | Test: Acc=95.1% | Best=95.1%(@6020)
  from x3: 0.95 0.95 0.95 0.95 0.95 0.95 0.95 0.95 0.95 0.95 0.95 0.95 0.95
  per-rule acc: 0.80 1.00 1.00 1.00
Epoch 6040 | Train: Loss=0.0008 Acc=100.0% | Test: Acc=95.1% | Best=95.1%(@6040)
  from x3: 0.95 0.95 0.95 0.95 0.95 0.95 0.95 0.95 0.95 0.95 0.95 0.95 0.95
  per-rule acc: 0.81 1.00 1.00 1.00
Epoch 6060 | Train: Loss=0.0007 Acc=100.0% | Test: Acc=95.2% | Best=95.2%(@6060)
  from x3: 0.95 0.95 0.95 0.95 0.95 0.95 0.95 0.95 0.95 0.95 0.95 0.95 0.95
  per-rule acc: 0.81 1.00 1.00 1.00
Epoch 6080 | Train: Loss=0.0005 Acc=100.0% | Test: Acc=95.3% | Best=95.3%(@6080)
  from x3: 0.95 0.95 0.95 0.95 0.95 0.95 0.95 0.95 0.95 0.95 0.95 0.95 0.95
  per-rule acc: 0.81 1.00 1.00 1.00
Epoch 6100 | Train: Loss=0.0004 Acc=100.0% | Test: Acc=95.3% | Best=95.3%(@6100)
  from x3: 0.95 0.95 0.95 0.95 0.95 0.95 0.95 0.95 0.95 0.95 0.95 0.95 0.95
  per-rule acc: 0.81 1.00 1.00 1.00
Epoch 6120 | Train: Loss=0.0003 Acc=100.0% | Test: Acc=95.3% | Best=95.3%(@6120)
  from x3: 0.95 0.95 0.95 0.95 0.95 0.95 0.95 0.95 0.95 0.95 0.95 0.95 0.95
  per-rule acc: 0.81 1.00 1.00 1.00
Epoch 6140 | Train: Loss=0.0002 Acc=100.0% | Test: Acc=95.4% | Best=95.4%(@6140)
  from x3: 0.95 0.95 0.95 0.95 0.95 0.95 0.95 0.95 0.95 0.95 0.95 0.95 0.95
  per-rule acc: 0.82 1.00 1.00 1.00
Epoch 6160 | Train: Loss=0.0001 Acc=100.0% | Test: Acc=95.4% | Best=95.4%(@6140)
  from x3: 0.95 0.95 0.95 0.95 0.95 0.95 0.95 0.95 0.95 0.95 0.95 0.95 0.95
  per-rule acc: 0.82 1.00 1.00 1.00
Epoch 6180 | Train: Loss=0.0001 Acc=100.0% | Test: Acc=95.4% | Best=95.4%(@6140)
  from x3: 0.95 0.95 0.95 0.95 0.95 0.95 0.95 0.95 0.95 0.95 0.95 0.95 0.95
  per-rule acc: 0.82 1.00 1.00 1.00
Epoch 6200 | Train: Loss=0.0001 Acc=100.0% | Test: Acc=95.4% | Best=95.4%(@6140)
  from x3: 0.95 0.95 0.95 0.95 0.95 0.95 0.95 0.95 0.95 0.95 0.95 0.95 0.95
  per-rule acc: 0.82 1.00 1.00 1.00
Epoch 6220 | Train: Loss=0.0001 Acc=100.0% | Test: Acc=95.4% | Best=95.4%(@6140)
  from x3: 0.95 0.95 0.95 0.95 0.95 0.95 0.95 0.95 0.95 0.95 0.95 0.95 0.95
  per-rule acc: 0.82 1.00 1.00 1.00
Epoch 6240 | Train: Loss=0.0000 Acc=100.0% | Test: Acc=95.5% | Best=95.5%(@6240)
  from x3: 0.95 0.95 0.95 0.95 0.95 0.95 0.95 0.95 0.95 0.95 0.95 0.95 0.96
  per-rule acc: 0.82 1.00 1.00 1.00
Epoch 6260 | Train: Loss=0.0000 Acc=100.0% | Test: Acc=95.5% | Best=95.5%(@6260)
  from x3: 0.95 0.96 0.96 0.96 0.96 0.96 0.96 0.96 0.96 0.96 0.96 0.96 0.96
  per-rule acc: 0.82 1.00 1.00 1.00
Epoch 6280 | Train: Loss=0.0000 Acc=100.0% | Test: Acc=95.5% | Best=95.5%(@6280)
  from x3: 0.95 0.96 0.96 0.96 0.96 0.96 0.96 0.96 0.96 0.96 0.96 0.96 0.96
  per-rule acc: 0.82 1.00 1.00 1.00
Epoch 6300 | Train: Loss=0.0000 Acc=100.0% | Test: Acc=95.5% | Best=95.5%(@6280)
  from x3: 0.95 0.96 0.96 0.96 0.96 0.96 0.96 0.96 0.96 0.96 0.96 0.96 0.96
  per-rule acc: 0.82 1.00 1.00 1.00
Epoch 6320 | Train: Loss=0.0000 Acc=100.0% | Test: Acc=95.5% | Best=95.5%(@6280)
  from x3: 0.95 0.96 0.96 0.96 0.96 0.96 0.96 0.96 0.96 0.96 0.96 0.96 0.96
  per-rule acc: 0.82 1.00 1.00 1.00
Epoch 6340 | Train: Loss=0.0000 Acc=100.0% | Test: Acc=95.6% | Best=95.6%(@6340)
  from x3: 0.95 0.96 0.96 0.96 0.96 0.96 0.96 0.96 0.96 0.96 0.96 0.96 0.96
  per-rule acc: 0.82 1.00 1.00 1.00
Epoch 6360 | Train: Loss=0.0000 Acc=100.0% | Test: Acc=95.6% | Best=95.6%(@6360)
  from x3: 0.95 0.96 0.96 0.96 0.96 0.96 0.96 0.96 0.96 0.96 0.96 0.96 0.96
  per-rule acc: 0.82 1.00 1.00 1.00
Epoch 6380 | Train: Loss=0.0000 Acc=100.0% | Test: Acc=95.6% | Best=95.6%(@6380)
  from x3: 0.95 0.96 0.96 0.96 0.96 0.96 0.96 0.96 0.96 0.96 0.96 0.96 0.96
  per-rule acc: 0.82 1.00 1.00 1.00
Epoch 6400 | Train: Loss=0.0000 Acc=100.0% | Test: Acc=95.6% | Best=95.6%(@6380)
  from x3: 0.95 0.96 0.96 0.96 0.96 0.96 0.96 0.96 0.96 0.96 0.96 0.96 0.96
  per-rule acc: 0.82 1.00 1.00 1.00
Epoch 6420 | Train: Loss=0.0000 Acc=100.0% | Test: Acc=95.6% | Best=95.6%(@6380)
  from x3: 0.95 0.96 0.96 0.96 0.96 0.96 0.96 0.96 0.96 0.96 0.96 0.96 0.96
  per-rule acc: 0.82 1.00 1.00 1.00
Epoch 6440 | Train: Loss=0.0000 Acc=100.0% | Test: Acc=95.5% | Best=95.6%(@6380)
  from x3: 0.95 0.96 0.96 0.96 0.96 0.96 0.96 0.96 0.96 0.96 0.96 0.96 0.96
  per-rule acc: 0.82 1.00 1.00 1.00
Epoch 6460 | Train: Loss=0.0000 Acc=100.0% | Test: Acc=95.5% | Best=95.6%(@6380)
  from x3: 0.95 0.96 0.96 0.96 0.96 0.96 0.96 0.96 0.96 0.96 0.96 0.96 0.96
  per-rule acc: 0.82 1.00 1.00 1.00
Epoch 6480 | Train: Loss=0.0000 Acc=100.0% | Test: Acc=95.5% | Best=95.6%(@6380)
  from x3: 0.95 0.96 0.96 0.96 0.96 0.96 0.96 0.96 0.96 0.96 0.96 0.96 0.96
  per-rule acc: 0.82 1.00 1.00 1.00
Epoch 6500 | Train: Loss=0.0000 Acc=100.0% | Test: Acc=95.5% | Best=95.6%(@6380)
  from x3: 0.95 0.96 0.96 0.96 0.96 0.96 0.96 0.96 0.96 0.96 0.96 0.96 0.96
  per-rule acc: 0.82 1.00 1.00 1.00
Epoch 6520 | Train: Loss=0.0000 Acc=100.0% | Test: Acc=95.5% | Best=95.6%(@6380)
  from x3: 0.95 0.96 0.96 0.96 0.96 0.96 0.96 0.96 0.96 0.96 0.96 0.96 0.96
  per-rule acc: 0.82 1.00 1.00 1.00
Epoch 6540 | Train: Loss=0.0000 Acc=100.0% | Test: Acc=95.5% | Best=95.6%(@6380)
  from x3: 0.95 0.96 0.96 0.96 0.96 0.96 0.96 0.96 0.96 0.96 0.96 0.96 0.96
  per-rule acc: 0.82 1.00 1.00 1.00
Epoch 6560 | Train: Loss=0.0000 Acc=100.0% | Test: Acc=95.5% | Best=95.6%(@6380)
  from x3: 0.95 0.96 0.96 0.96 0.96 0.96 0.96 0.96 0.96 0.96 0.96 0.96 0.96
  per-rule acc: 0.82 1.00 1.00 1.00
Epoch 6580 | Train: Loss=0.0000 Acc=100.0% | Test: Acc=95.5% | Best=95.6%(@6380)
  from x3: 0.95 0.96 0.96 0.96 0.96 0.96 0.96 0.96 0.96 0.96 0.96 0.96 0.96
  per-rule acc: 0.82 1.00 1.00 1.00
Epoch 6600 | Train: Loss=0.0000 Acc=100.0% | Test: Acc=95.6% | Best=95.6%(@6380)
  from x3: 0.95 0.96 0.96 0.96 0.96 0.96 0.96 0.96 0.96 0.96 0.96 0.96 0.96
  per-rule acc: 0.82 1.00 1.00 1.00
Epoch 6620 | Train: Loss=0.0000 Acc=100.0% | Test: Acc=95.6% | Best=95.6%(@6380)
  from x3: 0.95 0.96 0.96 0.96 0.96 0.96 0.96 0.96 0.96 0.96 0.96 0.96 0.96
  per-rule acc: 0.82 1.00 1.00 1.00
Epoch 6640 | Train: Loss=0.0000 Acc=100.0% | Test: Acc=95.6% | Best=95.6%(@6380)
  from x3: 0.95 0.96 0.96 0.96 0.96 0.96 0.96 0.96 0.96 0.96 0.96 0.96 0.96
  per-rule acc: 0.82 1.00 1.00 1.00
Epoch 6660 | Train: Loss=0.0000 Acc=100.0% | Test: Acc=95.5% | Best=95.6%(@6380)
  from x3: 0.95 0.95 0.96 0.96 0.96 0.96 0.96 0.96 0.96 0.96 0.96 0.96 0.96
  per-rule acc: 0.82 1.00 1.00 1.00
Epoch 6680 | Train: Loss=0.0001 Acc=100.0% | Test: Acc=95.0% | Best=95.6%(@6380)
  from x3: 0.95 0.95 0.95 0.95 0.95 0.95 0.95 0.95 0.95 0.95 0.95 0.95 0.95
  per-rule acc: 0.80 1.00 1.00 1.00
Epoch 6700 | Train: Loss=0.0004 Acc=100.0% | Test: Acc=94.7% | Best=95.6%(@6380)
  from x3: 0.95 0.95 0.95 0.95 0.95 0.95 0.95 0.95 0.95 0.95 0.95 0.95 0.95
  per-rule acc: 0.79 1.00 1.00 1.00
Epoch 6720 | Train: Loss=0.0002 Acc=100.0% | Test: Acc=95.0% | Best=95.6%(@6380)
  from x3: 0.95 0.95 0.95 0.95 0.95 0.95 0.95 0.95 0.95 0.95 0.95 0.95 0.95
  per-rule acc: 0.80 1.00 1.00 1.00
Epoch 6740 | Train: Loss=0.0003 Acc=100.0% | Test: Acc=94.8% | Best=95.6%(@6380)
  from x3: 0.95 0.95 0.95 0.95 0.95 0.95 0.95 0.95 0.95 0.95 0.95 0.95 0.95
  per-rule acc: 0.79 1.00 1.00 1.00
Epoch 6760 | Train: Loss=0.0005 Acc=100.0% | Test: Acc=94.9% | Best=95.6%(@6380)
  from x3: 0.95 0.95 0.95 0.95 0.95 0.95 0.95 0.95 0.95 0.95 0.95 0.95 0.95
  per-rule acc: 0.80 1.00 1.00 1.00
Epoch 6780 | Train: Loss=0.0005 Acc=100.0% | Test: Acc=94.9% | Best=95.6%(@6380)
  from x3: 0.95 0.95 0.95 0.95 0.95 0.95 0.95 0.95 0.95 0.95 0.95 0.95 0.95
  per-rule acc: 0.80 1.00 1.00 1.00
Epoch 6800 | Train: Loss=0.0006 Acc=100.0% | Test: Acc=94.8% | Best=95.6%(@6380)
  from x3: 0.95 0.95 0.95 0.95 0.95 0.95 0.95 0.95 0.95 0.95 0.95 0.95 0.95
  per-rule acc: 0.79 1.00 1.00 1.00
Epoch 6820 | Train: Loss=0.0030 Acc=100.0% | Test: Acc=94.6% | Best=95.6%(@6380)
  from x3: 0.94 0.95 0.95 0.95 0.95 0.95 0.95 0.95 0.95 0.95 0.95 0.95 0.95
  per-rule acc: 0.78 1.00 1.00 1.00
Epoch 6840 | Train: Loss=0.0006 Acc=100.0% | Test: Acc=95.0% | Best=95.6%(@6380)
  from x3: 0.95 0.95 0.95 0.95 0.95 0.95 0.95 0.95 0.95 0.95 0.95 0.95 0.95
  per-rule acc: 0.80 1.00 1.00 1.00
Epoch 6860 | Train: Loss=0.0006 Acc=100.0% | Test: Acc=95.0% | Best=95.6%(@6380)
  from x3: 0.95 0.95 0.95 0.95 0.95 0.95 0.95 0.95 0.95 0.95 0.95 0.95 0.95
  per-rule acc: 0.80 1.00 1.00 1.00
Epoch 6880 | Train: Loss=0.0005 Acc=100.0% | Test: Acc=95.0% | Best=95.6%(@6380)
  from x3: 0.95 0.95 0.95 0.95 0.95 0.95 0.95 0.95 0.95 0.95 0.95 0.95 0.95
  per-rule acc: 0.80 1.00 1.00 1.00
Epoch 6900 | Train: Loss=0.0004 Acc=100.0% | Test: Acc=95.1% | Best=95.6%(@6380)
  from x3: 0.95 0.95 0.95 0.95 0.95 0.95 0.95 0.95 0.95 0.95 0.95 0.95 0.95
  per-rule acc: 0.80 1.00 1.00 1.00
Epoch 6920 | Train: Loss=0.0005 Acc=100.0% | Test: Acc=95.2% | Best=95.6%(@6380)
  from x3: 0.95 0.95 0.95 0.95 0.95 0.95 0.95 0.95 0.95 0.95 0.95 0.95 0.95
  per-rule acc: 0.81 1.00 1.00 1.00
Epoch 6940 | Train: Loss=0.0007 Acc=100.0% | Test: Acc=95.2% | Best=95.6%(@6380)
  from x3: 0.95 0.95 0.95 0.95 0.95 0.95 0.95 0.95 0.95 0.95 0.95 0.95 0.95
  per-rule acc: 0.81 1.00 1.00 1.00
Epoch 6960 | Train: Loss=0.0006 Acc=100.0% | Test: Acc=95.3% | Best=95.6%(@6380)
  from x3: 0.95 0.95 0.95 0.95 0.95 0.95 0.95 0.95 0.95 0.95 0.95 0.95 0.95
  per-rule acc: 0.81 1.00 1.00 1.00
Epoch 6980 | Train: Loss=0.0008 Acc=100.0% | Test: Acc=95.3% | Best=95.6%(@6380)
  from x3: 0.95 0.95 0.95 0.95 0.95 0.95 0.95 0.95 0.95 0.95 0.95 0.95 0.95
  per-rule acc: 0.81 1.00 1.00 1.00
Epoch 7000 | Train: Loss=0.0007 Acc=100.0% | Test: Acc=95.3% | Best=95.6%(@6380)
  from x3: 0.95 0.95 0.95 0.95 0.95 0.95 0.95 0.95 0.95 0.95 0.95 0.95 0.95
  per-rule acc: 0.81 1.00 1.00 1.00
Epoch 7020 | Train: Loss=0.0007 Acc=100.0% | Test: Acc=95.3% | Best=95.6%(@6380)
  from x3: 0.95 0.95 0.95 0.95 0.95 0.95 0.95 0.95 0.95 0.95 0.95 0.95 0.95
  per-rule acc: 0.81 1.00 1.00 1.00
Epoch 7040 | Train: Loss=0.0007 Acc=100.0% | Test: Acc=95.2% | Best=95.6%(@6380)
  from x3: 0.95 0.95 0.95 0.95 0.95 0.95 0.95 0.95 0.95 0.95 0.95 0.95 0.95
  per-rule acc: 0.81 1.00 1.00 1.00
Epoch 7060 | Train: Loss=0.0006 Acc=100.0% | Test: Acc=95.1% | Best=95.6%(@6380)
  from x3: 0.95 0.95 0.95 0.95 0.95 0.95 0.95 0.95 0.95 0.95 0.95 0.95 0.95
  per-rule acc: 0.80 1.00 1.00 1.00
Epoch 7080 | Train: Loss=0.0006 Acc=100.0% | Test: Acc=95.2% | Best=95.6%(@6380)
  from x3: 0.95 0.95 0.95 0.95 0.95 0.95 0.95 0.95 0.95 0.95 0.95 0.95 0.95
  per-rule acc: 0.81 1.00 1.00 1.00
Epoch 7100 | Train: Loss=0.0004 Acc=100.0% | Test: Acc=95.2% | Best=95.6%(@6380)
  from x3: 0.95 0.95 0.95 0.95 0.95 0.95 0.95 0.95 0.95 0.95 0.95 0.95 0.95
  per-rule acc: 0.81 1.00 1.00 1.00
Epoch 7120 | Train: Loss=0.0150 Acc=100.0% | Test: Acc=95.0% | Best=95.6%(@6380)
  from x3: 0.95 0.95 0.95 0.95 0.95 0.95 0.95 0.95 0.95 0.95 0.95 0.95 0.95
  per-rule acc: 0.80 1.00 1.00 1.00
Epoch 7140 | Train: Loss=0.0005 Acc=100.0% | Test: Acc=95.3% | Best=95.6%(@6380)
  from x3: 0.95 0.95 0.95 0.95 0.95 0.95 0.95 0.95 0.95 0.95 0.95 0.95 0.95
  per-rule acc: 0.81 1.00 1.00 1.00
Epoch 7160 | Train: Loss=0.0006 Acc=100.0% | Test: Acc=95.3% | Best=95.6%(@6380)
  from x3: 0.95 0.95 0.95 0.95 0.95 0.95 0.95 0.95 0.95 0.95 0.95 0.95 0.95
  per-rule acc: 0.81 1.00 1.00 1.00
Epoch 7180 | Train: Loss=0.0006 Acc=100.0% | Test: Acc=95.4% | Best=95.6%(@6380)
  from x3: 0.95 0.95 0.95 0.95 0.95 0.95 0.95 0.95 0.95 0.95 0.95 0.95 0.95
  per-rule acc: 0.81 1.00 1.00 1.00
Epoch 7200 | Train: Loss=0.0005 Acc=100.0% | Test: Acc=95.5% | Best=95.6%(@6380)
  from x3: 0.95 0.95 0.95 0.95 0.95 0.95 0.95 0.95 0.95 0.95 0.96 0.95 0.95
  per-rule acc: 0.82 1.00 1.00 1.00
Epoch 7220 | Train: Loss=0.0004 Acc=100.0% | Test: Acc=95.5% | Best=95.6%(@6380)
  from x3: 0.95 0.96 0.96 0.96 0.96 0.96 0.96 0.96 0.96 0.96 0.96 0.96 0.96
  per-rule acc: 0.82 1.00 1.00 1.00
Epoch 7240 | Train: Loss=0.0003 Acc=100.0% | Test: Acc=95.6% | Best=95.6%(@6380)
  from x3: 0.95 0.96 0.96 0.96 0.96 0.96 0.96 0.96 0.96 0.96 0.96 0.96 0.96
  per-rule acc: 0.82 1.00 1.00 1.00
Epoch 7260 | Train: Loss=0.0002 Acc=100.0% | Test: Acc=95.7% | Best=95.7%(@7260)
  from x3: 0.95 0.96 0.96 0.96 0.96 0.96 0.96 0.96 0.96 0.96 0.96 0.96 0.96
  per-rule acc: 0.83 1.00 1.00 1.00
Epoch 7280 | Train: Loss=0.0002 Acc=100.0% | Test: Acc=95.7% | Best=95.7%(@7280)
  from x3: 0.96 0.96 0.96 0.96 0.96 0.96 0.96 0.96 0.96 0.96 0.96 0.96 0.96
  per-rule acc: 0.83 1.00 1.00 1.00
Epoch 7300 | Train: Loss=0.0001 Acc=100.0% | Test: Acc=95.7% | Best=95.7%(@7280)
  from x3: 0.96 0.96 0.96 0.96 0.96 0.96 0.96 0.96 0.96 0.96 0.96 0.96 0.96
  per-rule acc: 0.83 1.00 1.00 1.00
Epoch 7320 | Train: Loss=0.0001 Acc=100.0% | Test: Acc=95.7% | Best=95.7%(@7280)
  from x3: 0.96 0.96 0.96 0.96 0.96 0.96 0.96 0.96 0.96 0.96 0.96 0.96 0.96
  per-rule acc: 0.83 1.00 1.00 1.00
Epoch 7340 | Train: Loss=0.0001 Acc=100.0% | Test: Acc=95.7% | Best=95.7%(@7280)
  from x3: 0.96 0.96 0.96 0.96 0.96 0.96 0.96 0.96 0.96 0.96 0.96 0.96 0.96
  per-rule acc: 0.83 1.00 1.00 1.00
Epoch 7360 | Train: Loss=0.0000 Acc=100.0% | Test: Acc=95.8% | Best=95.8%(@7360)
  from x3: 0.96 0.96 0.96 0.96 0.96 0.96 0.96 0.96 0.96 0.96 0.96 0.96 0.96
  per-rule acc: 0.83 1.00 1.00 1.00
Epoch 7380 | Train: Loss=0.0000 Acc=100.0% | Test: Acc=95.8% | Best=95.8%(@7360)
  from x3: 0.96 0.96 0.96 0.96 0.96 0.96 0.96 0.96 0.96 0.96 0.96 0.96 0.96
  per-rule acc: 0.83 1.00 1.00 1.00
Epoch 7400 | Train: Loss=0.0000 Acc=100.0% | Test: Acc=95.8% | Best=95.8%(@7400)
  from x3: 0.96 0.96 0.96 0.96 0.96 0.96 0.96 0.96 0.96 0.96 0.96 0.96 0.96
  per-rule acc: 0.83 1.00 1.00 1.00
Epoch 7420 | Train: Loss=0.0000 Acc=100.0% | Test: Acc=95.8% | Best=95.8%(@7420)
  from x3: 0.96 0.96 0.96 0.96 0.96 0.96 0.96 0.96 0.96 0.96 0.96 0.96 0.96
  per-rule acc: 0.83 1.00 1.00 1.00
Epoch 7440 | Train: Loss=0.0000 Acc=100.0% | Test: Acc=95.9% | Best=95.9%(@7440)
  from x3: 0.96 0.96 0.96 0.96 0.96 0.96 0.96 0.96 0.96 0.96 0.96 0.96 0.96
  per-rule acc: 0.83 1.00 1.00 1.00
Epoch 7460 | Train: Loss=0.0000 Acc=100.0% | Test: Acc=95.8% | Best=95.9%(@7440)
  from x3: 0.96 0.96 0.96 0.96 0.96 0.96 0.96 0.96 0.96 0.96 0.96 0.96 0.96
  per-rule acc: 0.83 1.00 1.00 1.00
Epoch 7480 | Train: Loss=0.0000 Acc=100.0% | Test: Acc=95.8% | Best=95.9%(@7440)
  from x3: 0.96 0.96 0.96 0.96 0.96 0.96 0.96 0.96 0.96 0.96 0.96 0.96 0.96
  per-rule acc: 0.83 1.00 1.00 1.00
Epoch 7500 | Train: Loss=0.0000 Acc=100.0% | Test: Acc=95.9% | Best=95.9%(@7440)
  from x3: 0.96 0.96 0.96 0.96 0.96 0.96 0.96 0.96 0.96 0.96 0.96 0.96 0.96
  per-rule acc: 0.83 1.00 1.00 1.00
Epoch 7520 | Train: Loss=0.0000 Acc=100.0% | Test: Acc=95.9% | Best=95.9%(@7520)
  from x3: 0.96 0.96 0.96 0.96 0.96 0.96 0.96 0.96 0.96 0.96 0.96 0.96 0.96
  per-rule acc: 0.83 1.00 1.00 1.00
Epoch 7540 | Train: Loss=0.0000 Acc=100.0% | Test: Acc=95.9% | Best=95.9%(@7540)
  from x3: 0.96 0.96 0.96 0.96 0.96 0.96 0.96 0.96 0.96 0.96 0.96 0.96 0.96
  per-rule acc: 0.84 1.00 1.00 1.00
Epoch 7560 | Train: Loss=0.0000 Acc=100.0% | Test: Acc=95.9% | Best=95.9%(@7540)
  from x3: 0.96 0.96 0.96 0.96 0.96 0.96 0.96 0.96 0.96 0.96 0.96 0.96 0.96
  per-rule acc: 0.83 1.00 1.00 1.00
Epoch 7580 | Train: Loss=0.0000 Acc=100.0% | Test: Acc=95.8% | Best=95.9%(@7540)
  from x3: 0.96 0.96 0.96 0.96 0.96 0.96 0.96 0.96 0.96 0.96 0.96 0.96 0.96
  per-rule acc: 0.83 1.00 1.00 1.00
Epoch 7600 | Train: Loss=0.0000 Acc=100.0% | Test: Acc=95.8% | Best=95.9%(@7540)
  from x3: 0.96 0.96 0.96 0.96 0.96 0.96 0.96 0.96 0.96 0.96 0.96 0.96 0.96
  per-rule acc: 0.83 1.00 1.00 1.00
Epoch 7620 | Train: Loss=0.0000 Acc=100.0% | Test: Acc=95.8% | Best=95.9%(@7540)
  from x3: 0.96 0.96 0.96 0.96 0.96 0.96 0.96 0.96 0.96 0.96 0.96 0.96 0.96
  per-rule acc: 0.83 1.00 1.00 1.00
Epoch 7640 | Train: Loss=0.0000 Acc=100.0% | Test: Acc=95.8% | Best=95.9%(@7540)
  from x3: 0.96 0.96 0.96 0.96 0.96 0.96 0.96 0.96 0.96 0.96 0.96 0.96 0.96
  per-rule acc: 0.83 1.00 1.00 1.00
Epoch 7660 | Train: Loss=0.0000 Acc=100.0% | Test: Acc=95.8% | Best=95.9%(@7540)
  from x3: 0.96 0.96 0.96 0.96 0.96 0.96 0.96 0.96 0.96 0.96 0.96 0.96 0.96
  per-rule acc: 0.83 1.00 1.00 1.00
Epoch 7680 | Train: Loss=0.0000 Acc=100.0% | Test: Acc=95.8% | Best=95.9%(@7540)
  from x3: 0.96 0.96 0.96 0.96 0.96 0.96 0.96 0.96 0.96 0.96 0.96 0.96 0.96
  per-rule acc: 0.83 1.00 1.00 1.00
Epoch 7700 | Train: Loss=0.0000 Acc=100.0% | Test: Acc=95.8% | Best=95.9%(@7540)
  from x3: 0.96 0.96 0.96 0.96 0.96 0.96 0.96 0.96 0.96 0.96 0.96 0.96 0.96
  per-rule acc: 0.83 1.00 1.00 1.00
Epoch 7720 | Train: Loss=0.0000 Acc=100.0% | Test: Acc=95.8% | Best=95.9%(@7540)
  from x3: 0.96 0.96 0.96 0.96 0.96 0.96 0.96 0.96 0.96 0.96 0.96 0.96 0.96
  per-rule acc: 0.83 1.00 1.00 1.00
Epoch 7740 | Train: Loss=0.0000 Acc=100.0% | Test: Acc=95.7% | Best=95.9%(@7540)
  from x3: 0.96 0.96 0.96 0.96 0.96 0.96 0.96 0.96 0.96 0.96 0.96 0.96 0.96
  per-rule acc: 0.83 1.00 1.00 1.00
Epoch 7760 | Train: Loss=0.0000 Acc=100.0% | Test: Acc=95.7% | Best=95.9%(@7540)
  from x3: 0.96 0.96 0.96 0.96 0.96 0.96 0.96 0.96 0.96 0.96 0.96 0.96 0.96
  per-rule acc: 0.83 1.00 1.00 1.00
Epoch 7780 | Train: Loss=0.0000 Acc=100.0% | Test: Acc=95.7% | Best=95.9%(@7540)
  from x3: 0.96 0.96 0.96 0.96 0.96 0.96 0.96 0.96 0.96 0.96 0.96 0.96 0.96
  per-rule acc: 0.83 1.00 1.00 1.00
Epoch 7800 | Train: Loss=0.0000 Acc=100.0% | Test: Acc=95.8% | Best=95.9%(@7540)
  from x3: 0.96 0.96 0.96 0.96 0.96 0.96 0.96 0.96 0.96 0.96 0.96 0.96 0.96
  per-rule acc: 0.83 1.00 1.00 1.00
Epoch 7820 | Train: Loss=0.0000 Acc=100.0% | Test: Acc=95.8% | Best=95.9%(@7540)
  from x3: 0.96 0.96 0.96 0.96 0.96 0.96 0.96 0.96 0.96 0.96 0.96 0.96 0.96
  per-rule acc: 0.83 1.00 1.00 1.00
Epoch 7840 | Train: Loss=0.0000 Acc=100.0% | Test: Acc=95.8% | Best=95.9%(@7540)
  from x3: 0.96 0.96 0.96 0.96 0.96 0.96 0.96 0.96 0.96 0.96 0.96 0.96 0.96
  per-rule acc: 0.83 1.00 1.00 1.00
Epoch 7860 | Train: Loss=0.0000 Acc=100.0% | Test: Acc=95.8% | Best=95.9%(@7540)
  from x3: 0.96 0.96 0.96 0.96 0.96 0.96 0.96 0.96 0.96 0.96 0.96 0.96 0.96
  per-rule acc: 0.83 1.00 1.00 1.00
Epoch 7880 | Train: Loss=0.0000 Acc=100.0% | Test: Acc=95.7% | Best=95.9%(@7540)
  from x3: 0.96 0.96 0.96 0.96 0.96 0.96 0.96 0.96 0.96 0.96 0.96 0.96 0.96
  per-rule acc: 0.83 1.00 1.00 1.00
Epoch 7900 | Train: Loss=0.0000 Acc=100.0% | Test: Acc=95.7% | Best=95.9%(@7540)
  from x3: 0.96 0.96 0.96 0.96 0.96 0.96 0.96 0.96 0.96 0.96 0.96 0.96 0.96
  per-rule acc: 0.83 1.00 1.00 1.00
Epoch 7920 | Train: Loss=0.0000 Acc=100.0% | Test: Acc=95.7% | Best=95.9%(@7540)
  from x3: 0.95 0.96 0.96 0.96 0.96 0.96 0.96 0.96 0.96 0.96 0.96 0.96 0.96
  per-rule acc: 0.83 1.00 1.00 1.00
Epoch 7940 | Train: Loss=0.0000 Acc=100.0% | Test: Acc=95.7% | Best=95.9%(@7540)
  from x3: 0.95 0.96 0.96 0.96 0.96 0.96 0.96 0.96 0.96 0.96 0.96 0.96 0.96
  per-rule acc: 0.83 1.00 1.00 1.00
Epoch 7960 | Train: Loss=0.0000 Acc=100.0% | Test: Acc=95.7% | Best=95.9%(@7540)
  from x3: 0.95 0.96 0.96 0.96 0.96 0.96 0.96 0.96 0.96 0.96 0.96 0.96 0.96
  per-rule acc: 0.83 1.00 1.00 1.00
Epoch 7980 | Train: Loss=0.0000 Acc=100.0% | Test: Acc=95.7% | Best=95.9%(@7540)
  from x3: 0.95 0.96 0.96 0.96 0.96 0.96 0.96 0.96 0.96 0.96 0.96 0.96 0.96
  per-rule acc: 0.83 1.00 1.00 1.00
Epoch 8000 | Train: Loss=0.0000 Acc=100.0% | Test: Acc=95.7% | Best=95.9%(@7540)
  from x3: 0.95 0.96 0.96 0.96 0.96 0.96 0.96 0.96 0.96 0.96 0.96 0.96 0.96
  per-rule acc: 0.83 1.00 1.00 1.00
Epoch 8020 | Train: Loss=0.0000 Acc=100.0% | Test: Acc=95.7% | Best=95.9%(@7540)
  from x3: 0.95 0.96 0.96 0.96 0.96 0.96 0.96 0.96 0.96 0.96 0.96 0.96 0.96
  per-rule acc: 0.83 1.00 1.00 1.00
Epoch 8040 | Train: Loss=0.0000 Acc=100.0% | Test: Acc=95.7% | Best=95.9%(@7540)
  from x3: 0.95 0.96 0.96 0.96 0.96 0.96 0.96 0.96 0.96 0.96 0.96 0.96 0.96
  per-rule acc: 0.83 1.00 1.00 1.00
Epoch 8060 | Train: Loss=0.0000 Acc=100.0% | Test: Acc=95.7% | Best=95.9%(@7540)
  from x3: 0.95 0.96 0.96 0.96 0.96 0.96 0.96 0.96 0.96 0.96 0.96 0.96 0.96
  per-rule acc: 0.83 1.00 1.00 1.00
Epoch 8080 | Train: Loss=0.0042 Acc=99.9% | Test: Acc=94.7% | Best=95.9%(@7540)
  from x3: 0.95 0.95 0.95 0.95 0.95 0.95 0.95 0.95 0.95 0.95 0.95 0.95 0.95
  per-rule acc: 0.79 1.00 1.00 1.00
Epoch 8100 | Train: Loss=0.0000 Acc=100.0% | Test: Acc=95.3% | Best=95.9%(@7540)
  from x3: 0.95 0.95 0.95 0.95 0.95 0.95 0.95 0.95 0.95 0.95 0.95 0.95 0.95
  per-rule acc: 0.81 1.00 1.00 1.00
Epoch 8120 | Train: Loss=0.0000 Acc=100.0% | Test: Acc=95.4% | Best=95.9%(@7540)
  from x3: 0.95 0.95 0.95 0.95 0.95 0.95 0.95 0.95 0.95 0.95 0.95 0.95 0.95
  per-rule acc: 0.81 1.00 1.00 1.00
Epoch 8140 | Train: Loss=0.0000 Acc=100.0% | Test: Acc=95.3% | Best=95.9%(@7540)
  from x3: 0.95 0.95 0.95 0.95 0.95 0.95 0.95 0.95 0.95 0.95 0.95 0.95 0.95
  per-rule acc: 0.81 1.00 1.00 1.00
Epoch 8160 | Train: Loss=0.0000 Acc=100.0% | Test: Acc=94.8% | Best=95.9%(@7540)
  from x3: 0.95 0.95 0.95 0.95 0.95 0.95 0.95 0.95 0.95 0.95 0.95 0.95 0.95
  per-rule acc: 0.79 1.00 1.00 1.00
Epoch 8180 | Train: Loss=0.0001 Acc=100.0% | Test: Acc=95.1% | Best=95.9%(@7540)
  from x3: 0.95 0.95 0.95 0.95 0.95 0.95 0.95 0.95 0.95 0.95 0.95 0.95 0.95
  per-rule acc: 0.80 1.00 1.00 1.00
Epoch 8200 | Train: Loss=0.0001 Acc=100.0% | Test: Acc=95.2% | Best=95.9%(@7540)
  from x3: 0.95 0.95 0.95 0.95 0.95 0.95 0.95 0.95 0.95 0.95 0.95 0.95 0.95
  per-rule acc: 0.81 1.00 1.00 1.00
Epoch 8220 | Train: Loss=0.0001 Acc=100.0% | Test: Acc=95.2% | Best=95.9%(@7540)
  from x3: 0.95 0.95 0.95 0.95 0.95 0.95 0.95 0.95 0.95 0.95 0.95 0.95 0.95
  per-rule acc: 0.81 1.00 1.00 1.00
Epoch 8240 | Train: Loss=0.0001 Acc=100.0% | Test: Acc=95.1% | Best=95.9%(@7540)
  from x3: 0.95 0.95 0.95 0.95 0.95 0.95 0.95 0.95 0.95 0.95 0.95 0.95 0.95
  per-rule acc: 0.80 1.00 1.00 1.00
Epoch 8260 | Train: Loss=0.0001 Acc=100.0% | Test: Acc=95.1% | Best=95.9%(@7540)
  from x3: 0.95 0.95 0.95 0.95 0.95 0.95 0.95 0.95 0.95 0.95 0.95 0.95 0.95
  per-rule acc: 0.80 1.00 1.00 1.00
Epoch 8280 | Train: Loss=0.0001 Acc=100.0% | Test: Acc=95.2% | Best=95.9%(@7540)
  from x3: 0.95 0.95 0.95 0.95 0.95 0.95 0.95 0.95 0.95 0.95 0.95 0.95 0.95
  per-rule acc: 0.81 1.00 1.00 1.00
Epoch 8300 | Train: Loss=0.0001 Acc=100.0% | Test: Acc=95.2% | Best=95.9%(@7540)
  from x3: 0.95 0.95 0.95 0.95 0.95 0.95 0.95 0.95 0.95 0.95 0.95 0.95 0.95
  per-rule acc: 0.81 1.00 1.00 1.00
Epoch 8320 | Train: Loss=0.0001 Acc=100.0% | Test: Acc=95.2% | Best=95.9%(@7540)
  from x3: 0.95 0.95 0.95 0.95 0.95 0.95 0.95 0.95 0.95 0.95 0.95 0.95 0.95
  per-rule acc: 0.81 1.00 1.00 1.00
Epoch 8340 | Train: Loss=0.0001 Acc=100.0% | Test: Acc=95.2% | Best=95.9%(@7540)
  from x3: 0.95 0.95 0.95 0.95 0.95 0.95 0.95 0.95 0.95 0.95 0.95 0.95 0.95
  per-rule acc: 0.81 1.00 1.00 1.00
Epoch 8360 | Train: Loss=0.0001 Acc=100.0% | Test: Acc=95.2% | Best=95.9%(@7540)
  from x3: 0.95 0.95 0.95 0.95 0.95 0.95 0.95 0.95 0.95 0.95 0.95 0.95 0.95
  per-rule acc: 0.81 1.00 1.00 1.00
Epoch 8380 | Train: Loss=0.0001 Acc=100.0% | Test: Acc=95.3% | Best=95.9%(@7540)
  from x3: 0.95 0.95 0.95 0.95 0.95 0.95 0.95 0.95 0.95 0.95 0.95 0.95 0.95
  per-rule acc: 0.81 1.00 1.00 1.00
Epoch 8400 | Train: Loss=0.0000 Acc=100.0% | Test: Acc=95.3% | Best=95.9%(@7540)
  from x3: 0.95 0.95 0.95 0.95 0.95 0.95 0.95 0.95 0.95 0.95 0.95 0.95 0.95
  per-rule acc: 0.81 1.00 1.00 1.00
Epoch 8420 | Train: Loss=0.0000 Acc=100.0% | Test: Acc=95.3% | Best=95.9%(@7540)
  from x3: 0.95 0.95 0.95 0.95 0.95 0.95 0.95 0.95 0.95 0.95 0.95 0.95 0.95
  per-rule acc: 0.81 1.00 1.00 1.00
Epoch 8440 | Train: Loss=0.0000 Acc=100.0% | Test: Acc=95.4% | Best=95.9%(@7540)
  from x3: 0.95 0.95 0.95 0.95 0.95 0.95 0.95 0.95 0.95 0.95 0.95 0.95 0.95
  per-rule acc: 0.82 1.00 1.00 1.00
Epoch 8460 | Train: Loss=0.0000 Acc=100.0% | Test: Acc=95.5% | Best=95.9%(@7540)
  from x3: 0.95 0.96 0.96 0.96 0.96 0.96 0.96 0.96 0.96 0.96 0.96 0.96 0.96
  per-rule acc: 0.82 1.00 1.00 1.00
Epoch 8480 | Train: Loss=0.0000 Acc=100.0% | Test: Acc=95.5% | Best=95.9%(@7540)
  from x3: 0.95 0.96 0.96 0.96 0.96 0.96 0.96 0.96 0.96 0.96 0.96 0.96 0.96
  per-rule acc: 0.82 1.00 1.00 1.00
Epoch 8500 | Train: Loss=0.0000 Acc=100.0% | Test: Acc=95.5% | Best=95.9%(@7540)
  from x3: 0.95 0.96 0.96 0.96 0.96 0.96 0.96 0.96 0.96 0.96 0.96 0.96 0.96
  per-rule acc: 0.82 1.00 1.00 1.00
Epoch 8520 | Train: Loss=0.0000 Acc=100.0% | Test: Acc=95.6% | Best=95.9%(@7540)
  from x3: 0.95 0.96 0.96 0.96 0.96 0.96 0.96 0.96 0.96 0.96 0.96 0.96 0.96
  per-rule acc: 0.82 1.00 1.00 1.00
Epoch 8540 | Train: Loss=0.0000 Acc=100.0% | Test: Acc=95.6% | Best=95.9%(@7540)
  from x3: 0.95 0.96 0.96 0.96 0.96 0.96 0.96 0.96 0.96 0.96 0.96 0.96 0.96
  per-rule acc: 0.82 1.00 1.00 1.00
[Early stop] No improvement for 1000 consecutive epochs

==================================================
Saving model...
[OK] Model saved to: /home/cxm/ai/test0627-multitask-overlap/models/mixed_cond_d256l1_r8_n4_e50.pth
  File size: 5557.6 KB
  Best test accuracy: 95.89%

==================================================
Final generation test (given first two items, AB generates 3rd as prompt, validate from 4th)
==================================================

--- AB pair 1: (1, 1) ---

--- Statistics for AB=(1,1) ---
Exposed    samples:  1404 | In-dist: 18252/18252 (100.0%) | OOD: 22464/22464 (100.0%)
Unexposed  samples:  1405 | In-dist: 16522/18265 ( 90.5%) | OOD: 22066/22480 ( 98.2%)

--- AB pair 2: (1, 2) ---

--- Statistics for AB=(1,2) ---
Exposed    samples:  1404 | In-dist: 18252/18252 (100.0%) | OOD: 22464/22464 (100.0%)
Unexposed  samples:  1405 | In-dist: 18265/18265 (100.0%) | OOD: 22480/22480 (100.0%)

--- AB pair 3: (1, 3) ---

--- Statistics for AB=(1,3) ---
Exposed    samples:  1404 | In-dist: 18252/18252 (100.0%) | OOD: 22464/22464 (100.0%)
Unexposed  samples:  1405 | In-dist: 18265/18265 (100.0%) | OOD: 22480/22480 (100.0%)

--- AB pair 4: (1, 4) ---

--- Statistics for AB=(1,4) ---
Exposed    samples:  1404 | In-dist: 18252/18252 (100.0%) | OOD: 22464/22464 (100.0%)
Unexposed  samples:  1405 | In-dist: 18265/18265 (100.0%) | OOD: 22480/22480 (100.0%)

--- Return code: 0 ---

======================================================================
Attention Analysis
======================================================================
Model config: addition (default), p=53
Best test accuracy: 0.958869422392554
Training epochs: 8540

Random test sequence 1/5 (length 32): [18, 19, 37, 3, 40, 43, 30, 20, 50, 17, 14, 31, 45, 23, 15, 38, 0, 38, 38, 23]...

======================================================================
Attention Layer Training Result Summary
======================================================================
Input sequence: [18, 19, 37, 3, 40, 43, 30, 20, 50, 17, 14, 31, 45, 23, 15, 38, 0, 38, 38, 23, 8, 31, 39, 17, 3, 20, 23, 43, 13, 3, 16, 19]

--- Layer 0 ---
  Head 0: Entropy=0.717
    Attention coefficients from each query position to previous positions:
      i= 0 -> j=0:1.000
      i= 1 -> j=0:0.219, j=1:0.781
      i= 2 -> j=0:0.031, j=1:0.180, j=2:0.790
      i= 3 -> j=0:0.001, j=1:0.010, j=2:0.142, j=3:0.847
      i= 4 -> j=0:0.001, j=1:0.006, j=2:0.050, j=3:0.262, j=4:0.680
      i= 5 -> j=0:0.000, j=1:0.000, j=2:0.002, j=3:0.024, j=4:0.121, j=5:0.852
      i= 6 -> j=0:0.000, j=1:0.000, j=2:0.001, j=3:0.010, j=4:0.052, j=5:0.253, j=6:0.684
      i= 7 -> j=0:0.000, j=1:0.000, j=2:0.000, j=3:0.000, j=4:0.000, j=5:0.005, j=6:0.103, j=7:0.892
      i= 8 -> j=0:0.000, j=1:0.000, j=2:0.000, j=3:0.000, j=4:0.001, j=5:0.003, j=6:0.032, j=7:0.209, j=8:0.754
      i= 9 -> j=0:0.001, j=1:0.001, j=2:0.000, j=3:0.000, j=4:0.000, j=5:0.001, j=6:0.007, j=7:0.060, j=8:0.280, j=9:0.649
      i=10 -> j=0:0.001, j=1:0.000, j=2:0.000, j=3:0.000, j=4:0.000, j=5:0.000, j=6:0.000, j=7:0.001, j=8:0.011, j=9:0.096, j=10:0.890
      i=11 -> j=0:0.001, j=1:0.002, j=2:0.001, j=3:0.000, j=4:0.000, j=5:0.000, j=6:0.000, j=7:0.000, j=8:0.006, j=9:0.040, j=10:0.297, j=11:0.653
      i=12 -> j=0:0.001, j=1:0.002, j=2:0.002, j=3:0.001, j=4:0.000, j=5:0.000, j=6:0.000, j=7:0.000, j=8:0.001, j=9:0.005, j=10:0.047, j=11:0.245, j=12:0.696
      i=13 -> j=0:0.001, j=1:0.002, j=2:0.002, j=3:0.002, j=4:0.002, j=5:0.001, j=6:0.000, j=7:0.000, j=8:0.000, j=9:0.001, j=10:0.006, j=11:0.045, j=12:0.230, j=13:0.708
      i=14 -> j=0:0.000, j=1:0.000, j=2:0.000, j=3:0.000, j=4:0.001, j=5:0.000, j=6:0.000, j=7:0.000, j=8:0.000, j=9:0.000, j=10:0.000, j=11:0.003, j=12:0.027, j=13:0.127, j=14:0.840
      i=15 -> j=0:0.000, j=1:0.000, j=2:0.000, j=3:0.000, j=4:0.000, j=5:0.000, j=6:0.000, j=7:0.000, j=8:0.000, j=9:0.000, j=10:0.000, j=11:0.000, j=12:0.001, j=13:0.010, j=14:0.092, j=15:0.895
      i=16 -> j=0:0.005, j=1:0.002, j=2:0.001, j=3:0.000, j=4:0.001, j=5:0.001, j=6:0.002, j=7:0.001, j=8:0.000, j=9:0.000, j=10:0.000, j=11:0.000, j=12:0.002, j=13:0.013, j=14:0.063, j=15:0.407, j=16:0.501
      i=17 -> j=0:0.002, j=1:0.001, j=2:0.000, j=3:0.000, j=4:0.000, j=5:0.000, j=6:0.000, j=7:0.000, j=8:0.000, j=9:0.000, j=10:0.000, j=11:0.000, j=12:0.000, j=13:0.000, j=14:0.001, j=15:0.008, j=16:0.077, j=17:0.911
      i=18 -> j=0:0.001, j=1:0.002, j=2:0.001, j=3:0.000, j=4:0.000, j=5:0.000, j=6:0.000, j=7:0.000, j=8:0.000, j=9:0.000, j=10:0.000, j=11:0.000, j=12:0.000, j=13:0.000, j=14:0.000, j=15:0.000, j=16:0.010, j=17:0.110, j=18:0.875
      i=19 -> j=0:0.005, j=1:0.009, j=2:0.011, j=3:0.006, j=4:0.003, j=5:0.001, j=6:0.001, j=7:0.001, j=8:0.002, j=9:0.002, j=10:0.001, j=11:0.001, j=12:0.000, j=13:0.000, j=14:0.000, j=15:0.001, j=16:0.006, j=17:0.035, j=18:0.306, j=19:0.606
      i=20 -> j=0:0.002, j=1:0.003, j=2:0.004, j=3:0.005, j=4:0.003, j=5:0.001, j=6:0.001, j=7:0.000, j=8:0.000, j=9:0.001, j=10:0.001, j=11:0.001, j=12:0.000, j=13:0.000, j=14:0.000, j=15:0.000, j=16:0.001, j=17:0.002, j=18:0.028, j=19:0.165, j=20:0.782
      i=21 -> j=0:0.002, j=1:0.002, j=2:0.004, j=3:0.006, j=4:0.008, j=5:0.005, j=6:0.002, j=7:0.000, j=8:0.000, j=9:0.001, j=10:0.001, j=11:0.002, j=12:0.001, j=13:0.000, j=14:0.000, j=15:0.000, j=16:0.000, j=17:0.000, j=18:0.004, j=19:0.046, j=20:0.242, j=21:0.674
      i=22 -> j=0:0.001, j=1:0.001, j=2:0.001, j=3:0.002, j=4:0.003, j=5:0.004, j=6:0.003, j=7:0.001, j=8:0.000, j=9:0.000, j=10:0.000, j=11:0.001, j=12:0.001, j=13:0.000, j=14:0.000, j=15:0.000, j=16:0.000, j=17:0.000, j=18:0.000, j=19:0.004, j=20:0.025, j=21:0.137, j=22:0.814
      i=23 -> j=0:0.004, j=1:0.003, j=2:0.003, j=3:0.002, j=4:0.004, j=5:0.008, j=6:0.009, j=7:0.005, j=8:0.002, j=9:0.001, j=10:0.001, j=11:0.001, j=12:0.001, j=13:0.002, j=14:0.001, j=15:0.000, j=16:0.000, j=17:0.000, j=18:0.000, j=19:0.001, j=20:0.006, j=21:0.048, j=22:0.304, j=23:0.590
      i=24 -> j=0:0.002, j=1:0.001, j=2:0.001, j=3:0.001, j=4:0.001, j=5:0.002, j=6:0.003, j=7:0.003, j=8:0.002, j=9:0.001, j=10:0.000, j=11:0.000, j=12:0.000, j=13:0.000, j=14:0.001, j=15:0.000, j=16:0.000, j=17:0.000, j=18:0.000, j=19:0.000, j=20:0.000, j=21:0.001, j=22:0.010, j=23:0.121, j=24:0.849
      i=25 -> j=0:0.002, j=1:0.001, j=2:0.001, j=3:0.001, j=4:0.001, j=5:0.001, j=6:0.001, j=7:0.002, j=8:0.002, j=9:0.001, j=10:0.001, j=11:0.000, j=12:0.000, j=13:0.000, j=14:0.000, j=15:0.000, j=16:0.000, j=17:0.000, j=18:0.000, j=19:0.000, j=20:0.000, j=21:0.000, j=22:0.000, j=23:0.006, j=24:0.106, j=25:0.872
      i=26 -> j=0:0.006, j=1:0.007, j=2:0.007, j=3:0.004, j=4:0.004, j=5:0.003, j=6:0.004, j=7:0.005, j=8:0.009, j=9:0.010, j=10:0.007, j=11:0.003, j=12:0.001, j=13:0.001, j=14:0.001, j=15:0.002, j=16:0.002, j=17:0.002, j=18:0.001, j=19:0.000, j=20:0.000, j=21:0.000, j=22:0.001, j=23:0.006, j=24:0.045, j=25:0.234, j=26:0.634
      i=27 -> j=0:0.002, j=1:0.002, j=2:0.002, j=3:0.001, j=4:0.001, j=5:0.001, j=6:0.001, j=7:0.001, j=8:0.001, j=9:0.002, j=10:0.003, j=11:0.002, j=12:0.001, j=13:0.000, j=14:0.000, j=15:0.000, j=16:0.000, j=17:0.001, j=18:0.000, j=19:0.000, j=20:0.000, j=21:0.000, j=22:0.000, j=23:0.000, j=24:0.002, j=25:0.023, j=26:0.126, j=27:0.826
      i=28 -> j=0:0.004, j=1:0.004, j=2:0.004, j=3:0.003, j=4:0.004, j=5:0.003, j=6:0.002, j=7:0.001, j=8:0.002, j=9:0.003, j=10:0.005, j=11:0.007, j=12:0.004, j=13:0.002, j=14:0.001, j=15:0.001, j=16:0.001, j=17:0.001, j=18:0.001, j=19:0.001, j=20:0.000, j=21:0.000, j=22:0.000, j=23:0.000, j=24:0.000, j=25:0.004, j=26:0.034, j=27:0.206, j=28:0.701
      i=29 -> j=0:0.002, j=1:0.002, j=2:0.002, j=3:0.002, j=4:0.002, j=5:0.002, j=6:0.001, j=7:0.001, j=8:0.001, j=9:0.001, j=10:0.002, j=11:0.003, j=12:0.003, j=13:0.002, j=14:0.001, j=15:0.000, j=16:0.000, j=17:0.000, j=18:0.000, j=19:0.001, j=20:0.000, j=21:0.000, j=22:0.000, j=23:0.000, j=24:0.000, j=25:0.000, j=26:0.001, j=27:0.009, j=28:0.147, j=29:0.815
      i=30 -> j=0:0.005, j=1:0.005, j=2:0.005, j=3:0.004, j=4:0.004, j=5:0.005, j=6:0.005, j=7:0.003, j=8:0.002, j=9:0.002, j=10:0.002, j=11:0.004, j=12:0.006, j=13:0.008, j=14:0.005, j=15:0.002, j=16:0.001, j=17:0.001, j=18:0.001, j=19:0.001, j=20:0.001, j=21:0.001, j=22:0.000, j=23:0.000, j=24:0.000, j=25:0.000, j=26:0.001, j=27:0.004, j=28:0.047, j=29:0.259, j=30:0.620
      i=31 -> j=0:0.005, j=1:0.006, j=2:0.005, j=3:0.004, j=4:0.004, j=5:0.005, j=6:0.005, j=7:0.004, j=8:0.004, j=9:0.003, j=10:0.002, j=11:0.002, j=12:0.003, j=13:0.007, j=14:0.009, j=15:0.006, j=16:0.002, j=17:0.001, j=18:0.001, j=19:0.001, j=20:0.001, j=21:0.002, j=22:0.001, j=23:0.000, j=24:0.000, j=25:0.000, j=26:0.000, j=27:0.001, j=28:0.009, j=29:0.064, j=30:0.165, j=31:0.679
    Average attention per distance:
      d=0:0.761, d=1:0.193, d=2:0.032


======================================================================
QK Property Verification (Raw Scores, before Softmax)
======================================================================
Recurrence order init_len=2, num test sequences=1

--- [P1] Long-distance Orthogonality Verification ---
Ideal: raw_score mean ≈ 0 and small std when d > init_len

  Layer 0, Head 0:
    d= 1 (effective): mean=  3.475, std= 0.270, n=31
    d= 2 (effective): mean=  1.529, std= 0.390, n=30
    d>2 (long-distance): mean= -2.159, std= 1.494, n=435

--- [P2] Time-homogeneous Verification ---
Ideal: CV of raw_score across positions i ≈ 0 for fixed distance d
(CV = std / |mean|, smaller = more constant)

  Layer 0, Head 0:
    d= 1: mean=  3.475, std= 0.270, CV=0.078, n=31
    d= 2: mean=  1.529, std= 0.390, CV=0.255, n=30

======================================================================
QK Property Verification Completed
======================================================================
