=== Experiment: mixed_label_d256l1_r16_n4_e50 ===
Time: 2026-06-27T04:52:07.984610
Task type: mixed_ab
Merged config: {
  "P": 53,
  "TASK": "mixed_ab",
  "NUM_MASK": 0,
  "A": 1,
  "B": 1,
  "AB_PAIRS": [
    [
      1,
      1
    ],
    [
      1,
      2
    ],
    [
      1,
      3
    ],
    [
      1,
      4
    ]
  ],
  "D_MODEL": 256,
  "N_HEAD": 1,
  "N_LAYER": 1,
  "BATCH_SIZE": 128,
  "EPOCHS": 10000,
  "LR": 0.0003,
  "SAVE_PATH": "models/mixed_label_d256l1_r16_n4_e50.pth",
  "USE_GREEDY_GENERATE": true,
  "USE_LEARNABLE_PE": false,
  "MLP_RATIO": 16,
  "TRAIN_LEN": 16,
  "OOD_LEN": 32,
  "DROPOUT": 0.0,
  "TARGET_INIT_COVERAGE": 0.5,
  "MAX_UNIQUE_RATIO": 0.5,
  "WEIGHT_DECAY": 1,
  "ENTROPY_PENALTY_WEIGHT": 0.0,
  "FIRST_TASK_WEIGHT": 1.0,
  "RANDOM_SEED": 42,
  "EVAL_INTERVAL": 20,
  "EARLY_STOP_NO_IMPROVE": 1000,
  "EARLY_STOP_ACCURACY": 0.99,
  "USE_AB_TAG": true,
  "USE_CONDITIONAL_WTE": false,
  "COND_WTE_SHARED_RATIO": 0.0,
  "MIXED_AB_MAX_UNIQUE_RATIOS": [
    0.5,
    0.5,
    0.5,
    0.5
  ],
  "SKIP_FINAL_GENERATION_TEST": true
}
--- output ---
Using device: cuda

[Dataset] Mixed mode: generated 5616 + 5620 samples, length 16
AB parameter pairs: [(1, 1), (1, 2), (1, 3), (1, 4)]
  - AB=(1,1): train 1404 | test 1405 | exposed ~50.0%
  - AB=(1,2): train 1404 | test 1405 | exposed ~50.0%
  - AB=(1,3): train 1404 | test 1405 | exposed ~50.0%
  - AB=(1,4): train 1404 | test 1405 | exposed ~50.0%
--------------------------------------------------
[Model config] block_size: 32, train length: 16
[Number theory] AB parameter pairs: [(1, 1), (1, 2), (1, 3), (1, 4)]


Model parameters: 2.42M

Start training...
Epoch   0 | Train: Loss=4.2036 Acc=4.1% | Test: Acc=0.4% | Best=0.4%(@0)
  from x2: 0.01 0.01 0.00 0.00 0.00 0.00 0.00 0.00 0.00 0.00 0.00 0.00 0.00 0.00
  per-rule acc: 0.00 0.00 0.01 0.00
Epoch  20 | Train: Loss=0.0807 Acc=98.9% | Test: Acc=1.9% | Best=1.9%(@20)
  from x2: 0.02 0.02 0.02 0.02 0.02 0.02 0.02 0.02 0.02 0.02 0.02 0.02 0.02 0.02
  per-rule acc: 0.02 0.02 0.02 0.02
Epoch  40 | Train: Loss=0.0468 Acc=99.7% | Test: Acc=2.0% | Best=2.0%(@40)
  from x2: 0.02 0.02 0.02 0.02 0.02 0.02 0.02 0.02 0.02 0.02 0.02 0.02 0.02 0.02
  per-rule acc: 0.02 0.02 0.02 0.02
Epoch  60 | Train: Loss=0.0307 Acc=99.9% | Test: Acc=1.9% | Best=2.0%(@40)
  from x2: 0.02 0.02 0.02 0.02 0.02 0.02 0.02 0.02 0.02 0.02 0.02 0.02 0.02 0.02
  per-rule acc: 0.02 0.02 0.02 0.02
Epoch  80 | Train: Loss=0.0388 Acc=99.6% | Test: Acc=2.0% | Best=2.0%(@80)
  from x2: 0.02 0.02 0.02 0.02 0.02 0.02 0.02 0.02 0.02 0.02 0.02 0.02 0.02 0.02
  per-rule acc: 0.02 0.02 0.02 0.02
Epoch 100 | Train: Loss=0.0196 Acc=99.9% | Test: Acc=2.0% | Best=2.0%(@80)
  from x2: 0.02 0.02 0.02 0.02 0.02 0.02 0.02 0.02 0.02 0.02 0.02 0.02 0.02 0.02
  per-rule acc: 0.02 0.02 0.02 0.02
Epoch 120 | Train: Loss=0.0182 Acc=99.9% | Test: Acc=2.0% | Best=2.0%(@120)
  from x2: 0.02 0.02 0.02 0.02 0.02 0.02 0.02 0.02 0.02 0.02 0.02 0.02 0.02 0.02
  per-rule acc: 0.02 0.02 0.02 0.02
Epoch 140 | Train: Loss=0.0247 Acc=99.8% | Test: Acc=2.0% | Best=2.0%(@140)
  from x2: 0.02 0.02 0.02 0.02 0.02 0.02 0.02 0.02 0.02 0.02 0.02 0.02 0.02 0.02
  per-rule acc: 0.02 0.02 0.02 0.02
Epoch 160 | Train: Loss=0.0210 Acc=100.0% | Test: Acc=2.0% | Best=2.0%(@160)
  from x2: 0.02 0.02 0.02 0.02 0.02 0.02 0.02 0.02 0.02 0.02 0.02 0.02 0.02 0.02
  per-rule acc: 0.02 0.02 0.02 0.02
Epoch 180 | Train: Loss=0.0190 Acc=99.8% | Test: Acc=2.2% | Best=2.2%(@180)
  from x2: 0.02 0.02 0.02 0.02 0.02 0.02 0.02 0.02 0.02 0.02 0.02 0.02 0.02 0.02
  per-rule acc: 0.02 0.02 0.02 0.02
Epoch 200 | Train: Loss=0.0083 Acc=100.0% | Test: Acc=2.1% | Best=2.2%(@180)
  from x2: 0.02 0.02 0.02 0.02 0.02 0.02 0.02 0.02 0.02 0.02 0.02 0.02 0.02 0.02
  per-rule acc: 0.02 0.02 0.02 0.02
Epoch 220 | Train: Loss=0.0103 Acc=99.9% | Test: Acc=2.3% | Best=2.3%(@220)
  from x2: 0.02 0.02 0.02 0.02 0.02 0.02 0.02 0.02 0.02 0.02 0.02 0.02 0.02 0.02
  per-rule acc: 0.02 0.02 0.02 0.02
Epoch 240 | Train: Loss=0.0087 Acc=100.0% | Test: Acc=2.4% | Best=2.4%(@240)
  from x2: 0.02 0.02 0.02 0.02 0.02 0.02 0.02 0.02 0.02 0.02 0.02 0.02 0.02 0.02
  per-rule acc: 0.03 0.03 0.02 0.02
Epoch 260 | Train: Loss=0.0143 Acc=99.9% | Test: Acc=2.7% | Best=2.7%(@260)
  from x2: 0.03 0.03 0.03 0.03 0.03 0.03 0.03 0.03 0.03 0.03 0.03 0.03 0.03 0.03
  per-rule acc: 0.03 0.03 0.03 0.02
Epoch 280 | Train: Loss=0.0236 Acc=99.8% | Test: Acc=3.0% | Best=3.0%(@280)
  from x2: 0.03 0.03 0.03 0.03 0.03 0.03 0.03 0.03 0.03 0.03 0.03 0.03 0.03 0.03
  per-rule acc: 0.03 0.03 0.03 0.03
Epoch 300 | Train: Loss=0.0048 Acc=100.0% | Test: Acc=2.9% | Best=3.0%(@280)
  from x2: 0.03 0.03 0.03 0.03 0.03 0.03 0.03 0.03 0.03 0.03 0.03 0.03 0.03 0.03
  per-rule acc: 0.03 0.04 0.03 0.03
Epoch 320 | Train: Loss=0.0047 Acc=100.0% | Test: Acc=3.6% | Best=3.6%(@320)
  from x2: 0.04 0.04 0.04 0.04 0.04 0.04 0.04 0.04 0.04 0.04 0.04 0.04 0.04 0.04
  per-rule acc: 0.04 0.04 0.03 0.04
Epoch 340 | Train: Loss=0.0213 Acc=99.8% | Test: Acc=4.6% | Best=4.6%(@340)
  from x2: 0.05 0.05 0.05 0.05 0.05 0.05 0.05 0.05 0.05 0.05 0.05 0.05 0.04 0.04
  per-rule acc: 0.05 0.04 0.04 0.05
Epoch 360 | Train: Loss=0.0125 Acc=99.9% | Test: Acc=5.1% | Best=5.1%(@360)
  from x2: 0.06 0.05 0.05 0.05 0.05 0.05 0.05 0.05 0.05 0.05 0.05 0.05 0.05 0.05
  per-rule acc: 0.05 0.05 0.05 0.05
Epoch 380 | Train: Loss=0.0263 Acc=100.0% | Test: Acc=6.1% | Best=6.1%(@380)
  from x2: 0.07 0.06 0.06 0.06 0.06 0.06 0.06 0.06 0.06 0.06 0.06 0.06 0.06 0.06
  per-rule acc: 0.06 0.06 0.06 0.07
Epoch 400 | Train: Loss=0.0105 Acc=99.9% | Test: Acc=7.6% | Best=7.6%(@400)
  from x2: 0.09 0.08 0.08 0.08 0.08 0.07 0.07 0.07 0.07 0.07 0.07 0.07 0.07 0.07
  per-rule acc: 0.07 0.06 0.08 0.09
Epoch 420 | Train: Loss=0.0319 Acc=99.9% | Test: Acc=8.7% | Best=8.7%(@420)
  from x2: 0.10 0.09 0.09 0.09 0.09 0.09 0.09 0.09 0.09 0.08 0.08 0.08 0.08 0.08
  per-rule acc: 0.09 0.06 0.08 0.11
Epoch 440 | Train: Loss=0.0220 Acc=99.8% | Test: Acc=11.2% | Best=11.2%(@440)
  from x2: 0.13 0.12 0.12 0.11 0.11 0.11 0.11 0.11 0.11 0.11 0.11 0.11 0.11 0.11
  per-rule acc: 0.12 0.08 0.12 0.13
Epoch 460 | Train: Loss=0.0043 Acc=100.0% | Test: Acc=13.3% | Best=13.3%(@460)
  from x2: 0.15 0.14 0.14 0.13 0.13 0.13 0.13 0.13 0.13 0.13 0.13 0.13 0.13 0.12
  per-rule acc: 0.12 0.09 0.16 0.16
Epoch 480 | Train: Loss=0.0572 Acc=99.8% | Test: Acc=12.9% | Best=13.3%(@460)
  from x2: 0.14 0.14 0.13 0.13 0.13 0.13 0.13 0.13 0.13 0.13 0.13 0.12 0.12 0.12
  per-rule acc: 0.15 0.09 0.13 0.15
Epoch 500 | Train: Loss=0.0044 Acc=100.0% | Test: Acc=17.9% | Best=17.9%(@500)
  from x2: 0.20 0.19 0.18 0.18 0.18 0.18 0.18 0.18 0.18 0.18 0.17 0.17 0.17 0.17
  per-rule acc: 0.17 0.11 0.21 0.23
Epoch 520 | Train: Loss=0.0227 Acc=99.8% | Test: Acc=19.2% | Best=19.2%(@520)
  from x2: 0.21 0.20 0.20 0.19 0.19 0.19 0.19 0.19 0.19 0.19 0.19 0.19 0.19 0.19
  per-rule acc: 0.20 0.14 0.21 0.23
Epoch 540 | Train: Loss=0.0030 Acc=100.0% | Test: Acc=26.1% | Best=26.1%(@540)
  from x2: 0.28 0.28 0.27 0.26 0.26 0.26 0.26 0.26 0.26 0.26 0.26 0.26 0.25 0.24
  per-rule acc: 0.23 0.15 0.32 0.33
Epoch 560 | Train: Loss=0.0288 Acc=99.8% | Test: Acc=25.8% | Best=26.1%(@540)
  from x2: 0.27 0.27 0.26 0.26 0.26 0.26 0.26 0.26 0.26 0.26 0.25 0.25 0.25 0.25
  per-rule acc: 0.28 0.17 0.29 0.31
Epoch 580 | Train: Loss=0.0052 Acc=100.0% | Test: Acc=33.5% | Best=33.5%(@580)
  from x2: 0.35 0.35 0.34 0.34 0.34 0.34 0.34 0.33 0.33 0.33 0.33 0.33 0.32 0.32
  per-rule acc: 0.31 0.20 0.40 0.42
Epoch 600 | Train: Loss=0.0022 Acc=100.0% | Test: Acc=41.3% | Best=41.3%(@600)
  from x2: 0.44 0.43 0.42 0.41 0.41 0.41 0.41 0.41 0.41 0.41 0.41 0.40 0.40 0.39
  per-rule acc: 0.37 0.27 0.52 0.50
Epoch 620 | Train: Loss=0.0410 Acc=99.8% | Test: Acc=37.3% | Best=41.3%(@600)
  from x2: 0.38 0.39 0.38 0.38 0.37 0.37 0.37 0.37 0.37 0.37 0.37 0.37 0.37 0.36
  per-rule acc: 0.41 0.26 0.39 0.43
Epoch 640 | Train: Loss=0.0044 Acc=100.0% | Test: Acc=53.5% | Best=53.5%(@640)
  from x2: 0.55 0.56 0.54 0.54 0.54 0.54 0.54 0.54 0.53 0.53 0.53 0.53 0.52 0.52
  per-rule acc: 0.50 0.38 0.62 0.64
Epoch 660 | Train: Loss=0.0033 Acc=100.0% | Test: Acc=61.5% | Best=61.5%(@660)
  from x2: 0.62 0.63 0.62 0.62 0.62 0.62 0.62 0.61 0.61 0.61 0.61 0.61 0.61 0.60
  per-rule acc: 0.60 0.46 0.69 0.71
Epoch 680 | Train: Loss=0.0023 Acc=100.0% | Test: Acc=70.7% | Best=70.7%(@680)
  from x2: 0.72 0.72 0.71 0.71 0.71 0.71 0.71 0.71 0.70 0.71 0.70 0.70 0.70 0.69
  per-rule acc: 0.71 0.57 0.77 0.78
Epoch 700 | Train: Loss=0.1241 Acc=98.7% | Test: Acc=56.0% | Best=70.7%(@680)
  from x2: 0.57 0.56 0.56 0.56 0.56 0.56 0.56 0.56 0.56 0.56 0.56 0.56 0.55 0.55
  per-rule acc: 0.65 0.50 0.52 0.57
Epoch 720 | Train: Loss=0.0024 Acc=100.0% | Test: Acc=87.6% | Best=87.6%(@720)
  from x2: 0.87 0.88 0.88 0.88 0.88 0.88 0.88 0.88 0.87 0.87 0.87 0.87 0.87 0.86
  per-rule acc: 0.88 0.83 0.90 0.90
Epoch 740 | Train: Loss=0.0022 Acc=100.0% | Test: Acc=92.2% | Best=92.2%(@740)
  from x2: 0.92 0.92 0.92 0.92 0.92 0.92 0.92 0.92 0.92 0.92 0.92 0.92 0.92 0.92
  per-rule acc: 0.94 0.88 0.93 0.94
Epoch 760 | Train: Loss=0.0015 Acc=100.0% | Test: Acc=95.2% | Best=95.2%(@760)
  from x2: 0.95 0.95 0.95 0.95 0.95 0.95 0.95 0.95 0.95 0.95 0.95 0.95 0.95 0.95
  per-rule acc: 0.96 0.93 0.95 0.97
Epoch 780 | Train: Loss=0.0011 Acc=100.0% | Test: Acc=97.4% | Best=97.4%(@780)
  from x2: 0.97 0.98 0.97 0.97 0.98 0.98 0.98 0.97 0.97 0.97 0.97 0.97 0.97 0.97
  per-rule acc: 0.98 0.96 0.97 0.98
Epoch 800 | Train: Loss=0.0017 Acc=100.0% | Test: Acc=98.8% | Best=98.8%(@800)
  from x2: 0.99 0.99 0.99 0.99 0.99 0.99 0.99 0.99 0.99 0.99 0.99 0.99 0.99 0.99
  per-rule acc: 0.99 0.99 0.99 0.99
Epoch 820 | Train: Loss=0.0017 Acc=100.0% | Test: Acc=99.5% | Best=99.5%(@820)
  from x2: 0.99 1.00 1.00 1.00 1.00 1.00 1.00 1.00 1.00 0.99 0.99 0.99 0.99 0.99
  per-rule acc: 1.00 0.99 1.00 1.00
[Early stop] Epoch 820: test set reached high accuracy

==================================================
Saving model...
[OK] Model saved to: /home/cxm/ai/test0627-multitask-overlap/models/mixed_label_d256l1_r16_n4_e50.pth
  File size: 9449.3 KB
  Best test accuracy: 99.50%

==================================================
Final generation test (given first two items, AB generates 3rd as prompt, validate from 4th)
==================================================

--- AB pair 1: (1, 1) ---

--- Statistics for AB=(1,1) ---
Exposed    samples:  1404 | In-dist: 18252/18252 (100.0%) | OOD:  8036/22464 ( 35.8%)
Unexposed  samples:  1405 | In-dist: 18199/18265 ( 99.6%) | OOD:  7569/22480 ( 33.7%)

--- AB pair 2: (1, 2) ---

--- Statistics for AB=(1,2) ---
Exposed    samples:  1404 | In-dist: 18252/18252 (100.0%) | OOD:  9312/22464 ( 41.5%)
Unexposed  samples:  1405 | In-dist: 18165/18265 ( 99.5%) | OOD:  8458/22480 ( 37.6%)

--- AB pair 3: (1, 3) ---

--- Statistics for AB=(1,3) ---
Exposed    samples:  1404 | In-dist: 18252/18252 (100.0%) | OOD: 10996/22464 ( 48.9%)
Unexposed  samples:  1405 | In-dist: 18196/18265 ( 99.6%) | OOD:  9479/22480 ( 42.2%)

--- AB pair 4: (1, 4) ---

--- Statistics for AB=(1,4) ---
Exposed    samples:  1404 | In-dist: 18252/18252 (100.0%) | OOD: 11170/22464 ( 49.7%)
Unexposed  samples:  1405 | In-dist: 18205/18265 ( 99.7%) | OOD:  9834/22480 ( 43.7%)

--- Return code: 0 ---

======================================================================
Attention Analysis
======================================================================
Model config: addition (default), p=53
Best test accuracy: 0.9949923741738689
Training epochs: 820

Random test sequence 1/5 (length 32): [23, 5, 28, 33, 8, 41, 49, 37, 33, 17, 50, 14, 11, 25, 36, 8, 44, 52, 43, 42]...

======================================================================
Attention Layer Training Result Summary
======================================================================
Input sequence: [23, 5, 28, 33, 8, 41, 49, 37, 33, 17, 50, 14, 11, 25, 36, 8, 44, 52, 43, 42, 32, 21, 0, 21, 21, 42, 10, 52, 9, 8, 17, 25]

--- Layer 0 ---
  Head 0: Entropy=1.028
    Attention coefficients from each query position to previous positions:
      i= 0 -> j=0:1.000
      i= 1 -> j=0:0.146, j=1:0.854
      i= 2 -> j=0:0.014, j=1:0.140, j=2:0.847
      i= 3 -> j=0:0.002, j=1:0.014, j=2:0.140, j=3:0.844
      i= 4 -> j=0:0.001, j=1:0.002, j=2:0.013, j=3:0.141, j=4:0.844
      i= 5 -> j=0:0.000, j=1:0.001, j=2:0.002, j=3:0.013, j=4:0.133, j=5:0.851
      i= 6 -> j=0:0.001, j=1:0.000, j=2:0.001, j=3:0.002, j=4:0.013, j=5:0.140, j=6:0.844
      i= 7 -> j=0:0.001, j=1:0.001, j=2:0.001, j=3:0.001, j=4:0.002, j=5:0.015, j=6:0.140, j=7:0.841
      i= 8 -> j=0:0.001, j=1:0.001, j=2:0.001, j=3:0.001, j=4:0.001, j=5:0.002, j=6:0.013, j=7:0.137, j=8:0.844
      i= 9 -> j=0:0.001, j=1:0.001, j=2:0.001, j=3:0.001, j=4:0.001, j=5:0.001, j=6:0.002, j=7:0.014, j=8:0.143, j=9:0.835
      i=10 -> j=0:0.001, j=1:0.001, j=2:0.001, j=3:0.001, j=4:0.001, j=5:0.001, j=6:0.001, j=7:0.002, j=8:0.013, j=9:0.132, j=10:0.846
      i=11 -> j=0:0.001, j=1:0.001, j=2:0.001, j=3:0.002, j=4:0.001, j=5:0.001, j=6:0.001, j=7:0.001, j=8:0.002, j=9:0.014, j=10:0.143, j=11:0.833
      i=12 -> j=0:0.002, j=1:0.001, j=2:0.001, j=3:0.001, j=4:0.001, j=5:0.002, j=6:0.001, j=7:0.001, j=8:0.001, j=9:0.002, j=10:0.015, j=11:0.142, j=12:0.831
      i=13 -> j=0:0.003, j=1:0.002, j=2:0.001, j=3:0.001, j=4:0.001, j=5:0.002, j=6:0.001, j=7:0.001, j=8:0.001, j=9:0.001, j=10:0.002, j=11:0.014, j=12:0.141, j=13:0.830
      i=14 -> j=0:0.004, j=1:0.002, j=2:0.001, j=3:0.001, j=4:0.001, j=5:0.001, j=6:0.002, j=7:0.001, j=8:0.001, j=9:0.001, j=10:0.001, j=11:0.002, j=12:0.014, j=13:0.138, j=14:0.831
      i=15 -> j=0:0.004, j=1:0.003, j=2:0.002, j=3:0.001, j=4:0.001, j=5:0.001, j=6:0.001, j=7:0.001, j=8:0.001, j=9:0.001, j=10:0.000, j=11:0.001, j=12:0.002, j=13:0.012, j=14:0.136, j=15:0.831
      i=16 -> j=0:0.007, j=1:0.005, j=2:0.004, j=3:0.003, j=4:0.001, j=5:0.001, j=6:0.001, j=7:0.001, j=8:0.002, j=9:0.001, j=10:0.001, j=11:0.001, j=12:0.001, j=13:0.002, j=14:0.014, j=15:0.132, j=16:0.823
      i=17 -> j=0:0.010, j=1:0.006, j=2:0.005, j=3:0.003, j=4:0.002, j=5:0.001, j=6:0.001, j=7:0.001, j=8:0.001, j=9:0.001, j=10:0.001, j=11:0.001, j=12:0.001, j=13:0.001, j=14:0.002, j=15:0.012, j=16:0.132, j=17:0.819
      i=18 -> j=0:0.018, j=1:0.010, j=2:0.006, j=3:0.004, j=4:0.003, j=5:0.002, j=6:0.001, j=7:0.001, j=8:0.001, j=9:0.001, j=10:0.001, j=11:0.001, j=12:0.001, j=13:0.000, j=14:0.001, j=15:0.002, j=16:0.012, j=17:0.135, j=18:0.798
      i=19 -> j=0:0.033, j=1:0.017, j=2:0.010, j=3:0.006, j=4:0.004, j=5:0.003, j=6:0.002, j=7:0.001, j=8:0.001, j=9:0.001, j=10:0.001, j=11:0.001, j=12:0.001, j=13:0.001, j=14:0.000, j=15:0.000, j=16:0.002, j=17:0.012, j=18:0.124, j=19:0.779
      i=20 -> j=0:0.049, j=1:0.032, j=2:0.019, j=3:0.009, j=4:0.006, j=5:0.004, j=6:0.003, j=7:0.002, j=8:0.001, j=9:0.001, j=10:0.001, j=11:0.001, j=12:0.001, j=13:0.001, j=14:0.001, j=15:0.000, j=16:0.000, j=17:0.001, j=18:0.012, j=19:0.122, j=20:0.734
      i=21 -> j=0:0.058, j=1:0.047, j=2:0.034, j=3:0.017, j=4:0.010, j=5:0.006, j=6:0.004, j=7:0.003, j=8:0.002, j=9:0.001, j=10:0.001, j=11:0.001, j=12:0.001, j=13:0.001, j=14:0.001, j=15:0.001, j=16:0.000, j=17:0.000, j=18:0.002, j=19:0.011, j=20:0.113, j=21:0.685
      i=22 -> j=0:0.060, j=1:0.052, j=2:0.046, j=3:0.029, j=4:0.017, j=5:0.009, j=6:0.006, j=7:0.005, j=8:0.004, j=9:0.002, j=10:0.001, j=11:0.001, j=12:0.001, j=13:0.001, j=14:0.001, j=15:0.001, j=16:0.001, j=17:0.001, j=18:0.001, j=19:0.002, j=20:0.011, j=21:0.100, j=22:0.646
      i=23 -> j=0:0.063, j=1:0.053, j=2:0.052, j=3:0.041, j=4:0.028, j=5:0.014, j=6:0.008, j=7:0.005, j=8:0.004, j=9:0.003, j=10:0.002, j=11:0.001, j=12:0.001, j=13:0.001, j=14:0.001, j=15:0.001, j=16:0.001, j=17:0.001, j=18:0.000, j=19:0.000, j=20:0.001, j=21:0.010, j=22:0.132, j=23:0.578
      i=24 -> j=0:0.077, j=1:0.059, j=2:0.054, j=3:0.047, j=4:0.039, j=5:0.024, j=6:0.014, j=7:0.008, j=8:0.005, j=9:0.003, j=10:0.002, j=11:0.002, j=12:0.001, j=13:0.001, j=14:0.001, j=15:0.001, j=16:0.001, j=17:0.001, j=18:0.001, j=19:0.000, j=20:0.000, j=21:0.001, j=22:0.012, j=23:0.095, j=24:0.551
      i=25 -> j=0:0.085, j=1:0.066, j=2:0.055, j=3:0.044, j=4:0.041, j=5:0.031, j=6:0.021, j=7:0.012, j=8:0.006, j=9:0.004, j=10:0.003, j=11:0.002, j=12:0.002, j=13:0.001, j=14:0.000, j=15:0.000, j=16:0.001, j=17:0.001, j=18:0.001, j=19:0.001, j=20:0.000, j=21:0.000, j=22:0.001, j=23:0.009, j=24:0.086, j=25:0.527
      i=26 -> j=0:0.088, j=1:0.079, j=2:0.067, j=3:0.049, j=4:0.044, j=5:0.036, j=6:0.031, j=7:0.021, j=8:0.011, j=9:0.006, j=10:0.004, j=11:0.002, j=12:0.002, j=13:0.001, j=14:0.001, j=15:0.001, j=16:0.001, j=17:0.001, j=18:0.001, j=19:0.001, j=20:0.000, j=21:0.000, j=22:0.000, j=23:0.001, j=24:0.008, j=25:0.078, j=26:0.465
      i=27 -> j=0:0.071, j=1:0.078, j=2:0.076, j=3:0.056, j=4:0.045, j=5:0.035, j=6:0.033, j=7:0.028, j=8:0.019, j=9:0.009, j=10:0.005, j=11:0.003, j=12:0.003, j=13:0.002, j=14:0.001, j=15:0.001, j=16:0.000, j=17:0.000, j=18:0.001, j=19:0.001, j=20:0.001, j=21:0.000, j=22:0.000, j=23:0.000, j=24:0.001, j=25:0.007, j=26:0.074, j=27:0.448
      i=28 -> j=0:0.058, j=1:0.068, j=2:0.080, j=3:0.069, j=4:0.057, j=5:0.041, j=6:0.037, j=7:0.034, j=8:0.029, j=9:0.018, j=10:0.010, j=11:0.005, j=12:0.004, j=13:0.002, j=14:0.002, j=15:0.001, j=16:0.001, j=17:0.001, j=18:0.000, j=19:0.001, j=20:0.001, j=21:0.001, j=22:0.001, j=23:0.000, j=24:0.000, j=25:0.001, j=26:0.007, j=27:0.070, j=28:0.402
      i=29 -> j=0:0.047, j=1:0.054, j=2:0.068, j=3:0.070, j=4:0.067, j=5:0.048, j=6:0.038, j=7:0.034, j=8:0.031, j=9:0.024, j=10:0.016, j=11:0.008, j=12:0.005, j=13:0.003, j=14:0.002, j=15:0.002, j=16:0.001, j=17:0.001, j=18:0.000, j=19:0.000, j=20:0.000, j=21:0.001, j=22:0.001, j=23:0.000, j=24:0.000, j=25:0.000, j=26:0.001, j=27:0.006, j=28:0.066, j=29:0.405
      i=30 -> j=0:0.046, j=1:0.047, j=2:0.055, j=3:0.063, j=4:0.072, j=5:0.060, j=6:0.049, j=7:0.040, j=8:0.035, j=9:0.031, j=10:0.026, j=11:0.017, j=12:0.010, j=13:0.005, j=14:0.003, j=15:0.002, j=16:0.002, j=17:0.001, j=18:0.001, j=19:0.000, j=20:0.000, j=21:0.001, j=22:0.001, j=23:0.001, j=24:0.000, j=25:0.000, j=26:0.000, j=27:0.001, j=28:0.006, j=29:0.060, j=30:0.368
      i=31 -> j=0:0.045, j=1:0.044, j=2:0.046, j=3:0.050, j=4:0.062, j=5:0.063, j=6:0.058, j=7:0.048, j=8:0.038, j=9:0.032, j=10:0.030, j=11:0.025, j=12:0.017, j=13:0.008, j=14:0.004, j=15:0.003, j=16:0.002, j=17:0.002, j=18:0.001, j=19:0.001, j=20:0.000, j=21:0.000, j=22:0.001, j=23:0.001, j=24:0.001, j=25:0.000, j=26:0.000, j=27:0.000, j=28:0.001, j=29:0.006, j=30:0.058, j=31:0.351
    Average attention per distance:
      d=0:0.718, d=1:0.118, d=2:0.012, d=18:0.013, d=19:0.024, d=20:0.035, d=21:0.041, d=22:0.043
      d=23:0.048, d=24:0.058, d=25:0.071, d=26:0.075, d=27:0.066, d=28:0.054, d=29:0.047, d=30:0.045
      d=31:0.045


======================================================================
QK Property Verification (Raw Scores, before Softmax)
======================================================================
Recurrence order init_len=2, num test sequences=1

--- [P1] Long-distance Orthogonality Verification ---
Ideal: raw_score mean ≈ 0 and small std when d > init_len

  Layer 0, Head 0:
    d= 1 (effective): mean=  0.804, std= 0.069, n=31
    d= 2 (effective): mean= -1.513, std= 0.060, n=30
    d>2 (long-distance): mean= -2.800, std= 1.787, n=435

--- [P2] Time-homogeneous Verification ---
Ideal: CV of raw_score across positions i ≈ 0 for fixed distance d
(CV = std / |mean|, smaller = more constant)

  Layer 0, Head 0:
    d= 1: mean=  0.804, std= 0.069, CV=0.086, n=31
    d= 2: mean= -1.513, std= 0.060, CV=0.040, n=30

======================================================================
QK Property Verification Completed
======================================================================
