=== Experiment: mixed_cond_d256l1_r8_n3_e50 ===
Time: 2026-06-26T22:12:37.707831
Task type: mixed_ab
Merged config: {
  "P": 53,
  "TASK": "mixed_ab",
  "NUM_MASK": 0,
  "A": 1,
  "B": 1,
  "AB_PAIRS": [
    [
      1,
      1
    ],
    [
      1,
      2
    ],
    [
      1,
      3
    ]
  ],
  "D_MODEL": 256,
  "N_HEAD": 1,
  "N_LAYER": 1,
  "BATCH_SIZE": 128,
  "EPOCHS": 10000,
  "LR": 0.0003,
  "SAVE_PATH": "models/mixed_cond_d256l1_r8_n3_e50.pth",
  "USE_GREEDY_GENERATE": true,
  "USE_LEARNABLE_PE": false,
  "MLP_RATIO": 8,
  "TRAIN_LEN": 16,
  "OOD_LEN": 32,
  "DROPOUT": 0.0,
  "TARGET_INIT_COVERAGE": 0.5,
  "MAX_UNIQUE_RATIO": 0.5,
  "WEIGHT_DECAY": 1,
  "ENTROPY_PENALTY_WEIGHT": 0.0,
  "FIRST_TASK_WEIGHT": 1.0,
  "RANDOM_SEED": 42,
  "EVAL_INTERVAL": 20,
  "EARLY_STOP_NO_IMPROVE": 1000,
  "EARLY_STOP_ACCURACY": 0.99,
  "USE_AB_TAG": false,
  "USE_CONDITIONAL_WTE": true,
  "COND_WTE_SHARED_RATIO": 0.0,
  "MIXED_AB_MAX_UNIQUE_RATIOS": [
    0.5,
    0.5,
    0.5
  ],
  "SKIP_FINAL_GENERATION_TEST": true
}
--- output ---
Using device: cuda

[Dataset] Mixed mode: generated 4212 + 4215 samples, length 16
AB parameter pairs: [(1, 1), (1, 2), (1, 3)]
  - AB=(1,1): train 1404 | test 1405 | exposed ~50.0%
  - AB=(1,2): train 1404 | test 1405 | exposed ~50.0%
  - AB=(1,3): train 1404 | test 1405 | exposed ~50.0%
--------------------------------------------------
[Model config] block_size: 32, train length: 16
[Number theory] AB parameter pairs: [(1, 1), (1, 2), (1, 3)]


Model parameters: 1.40M

Start training...
Epoch   0 | Train: Loss=4.0759 Acc=5.5% | Test: Acc=0.1% | Best=0.1%(@0)
  from x3: 0.00 0.00 0.00 0.00 0.00 0.00 0.00 0.00 0.00 0.00 0.00 0.00 0.00
  per-rule acc: 0.00 0.00 0.00
Epoch  20 | Train: Loss=0.0530 Acc=99.2% | Test: Acc=0.7% | Best=0.7%(@20)
  from x3: 0.01 0.01 0.01 0.01 0.01 0.01 0.01 0.01 0.01 0.01 0.01 0.01 0.01
  per-rule acc: 0.01 0.01 0.00
Epoch  40 | Train: Loss=0.0255 Acc=99.7% | Test: Acc=1.4% | Best=1.4%(@40)
  from x3: 0.02 0.02 0.01 0.01 0.01 0.01 0.01 0.01 0.01 0.01 0.01 0.01 0.01
  per-rule acc: 0.01 0.01 0.01
Epoch  60 | Train: Loss=0.0160 Acc=99.9% | Test: Acc=1.9% | Best=1.9%(@60)
  from x3: 0.02 0.02 0.02 0.02 0.02 0.02 0.02 0.02 0.02 0.02 0.02 0.02 0.02
  per-rule acc: 0.02 0.02 0.02
Epoch  80 | Train: Loss=0.0114 Acc=100.0% | Test: Acc=2.0% | Best=2.0%(@80)
  from x3: 0.02 0.02 0.02 0.02 0.02 0.02 0.02 0.02 0.02 0.02 0.02 0.02 0.02
  per-rule acc: 0.02 0.02 0.02
Epoch 100 | Train: Loss=0.0085 Acc=100.0% | Test: Acc=2.0% | Best=2.0%(@80)
  from x3: 0.02 0.02 0.02 0.02 0.02 0.02 0.02 0.02 0.02 0.02 0.02 0.02 0.02
  per-rule acc: 0.02 0.02 0.02
Epoch 120 | Train: Loss=0.0052 Acc=100.0% | Test: Acc=2.1% | Best=2.1%(@120)
  from x3: 0.02 0.02 0.02 0.02 0.02 0.02 0.02 0.02 0.02 0.02 0.02 0.02 0.02
  per-rule acc: 0.02 0.02 0.02
Epoch 140 | Train: Loss=0.0068 Acc=100.0% | Test: Acc=2.0% | Best=2.1%(@120)
  from x3: 0.02 0.02 0.02 0.02 0.02 0.02 0.02 0.02 0.02 0.02 0.02 0.02 0.02
  per-rule acc: 0.02 0.02 0.02
Epoch 160 | Train: Loss=0.0052 Acc=100.0% | Test: Acc=2.0% | Best=2.1%(@120)
  from x3: 0.02 0.02 0.02 0.02 0.02 0.02 0.02 0.02 0.02 0.02 0.02 0.02 0.02
  per-rule acc: 0.02 0.02 0.02
Epoch 180 | Train: Loss=0.0038 Acc=100.0% | Test: Acc=2.1% | Best=2.1%(@120)
  from x3: 0.02 0.02 0.02 0.02 0.02 0.02 0.02 0.02 0.02 0.02 0.02 0.02 0.02
  per-rule acc: 0.02 0.02 0.02
Epoch 200 | Train: Loss=0.0029 Acc=100.0% | Test: Acc=2.2% | Best=2.2%(@200)
  from x3: 0.02 0.02 0.02 0.02 0.02 0.02 0.02 0.02 0.02 0.02 0.02 0.02 0.02
  per-rule acc: 0.02 0.02 0.02
Epoch 220 | Train: Loss=0.0021 Acc=100.0% | Test: Acc=2.3% | Best=2.3%(@220)
  from x3: 0.02 0.02 0.02 0.02 0.02 0.02 0.02 0.02 0.02 0.02 0.02 0.02 0.02
  per-rule acc: 0.03 0.02 0.02
Epoch 240 | Train: Loss=0.0016 Acc=100.0% | Test: Acc=2.5% | Best=2.5%(@240)
  from x3: 0.02 0.02 0.02 0.02 0.02 0.02 0.02 0.02 0.02 0.02 0.02 0.02 0.02
  per-rule acc: 0.03 0.02 0.02
Epoch 260 | Train: Loss=0.0012 Acc=100.0% | Test: Acc=2.6% | Best=2.6%(@260)
  from x3: 0.03 0.03 0.03 0.03 0.03 0.03 0.03 0.03 0.03 0.03 0.03 0.03 0.03
  per-rule acc: 0.03 0.02 0.02
Epoch 280 | Train: Loss=0.0009 Acc=100.0% | Test: Acc=2.7% | Best=2.7%(@280)
  from x3: 0.03 0.03 0.03 0.03 0.03 0.03 0.03 0.03 0.03 0.03 0.03 0.03 0.03
  per-rule acc: 0.04 0.02 0.02
Epoch 300 | Train: Loss=0.0007 Acc=100.0% | Test: Acc=2.7% | Best=2.7%(@280)
  from x3: 0.03 0.03 0.03 0.03 0.03 0.03 0.03 0.03 0.03 0.03 0.03 0.03 0.03
  per-rule acc: 0.04 0.02 0.02
Epoch 320 | Train: Loss=0.0138 Acc=99.9% | Test: Acc=3.5% | Best=3.5%(@320)
  from x3: 0.04 0.03 0.03 0.03 0.03 0.03 0.03 0.03 0.03 0.03 0.03 0.03 0.03
  per-rule acc: 0.05 0.03 0.02
Epoch 340 | Train: Loss=0.0019 Acc=100.0% | Test: Acc=4.3% | Best=4.3%(@340)
  from x3: 0.05 0.04 0.04 0.04 0.04 0.04 0.04 0.04 0.04 0.04 0.04 0.04 0.04
  per-rule acc: 0.07 0.03 0.03
Epoch 360 | Train: Loss=0.0031 Acc=100.0% | Test: Acc=4.5% | Best=4.5%(@360)
  from x3: 0.04 0.04 0.05 0.04 0.05 0.05 0.04 0.04 0.04 0.04 0.04 0.04 0.05
  per-rule acc: 0.08 0.03 0.03
Epoch 380 | Train: Loss=0.0037 Acc=100.0% | Test: Acc=5.4% | Best=5.4%(@380)
  from x3: 0.05 0.05 0.05 0.05 0.05 0.05 0.05 0.05 0.05 0.05 0.05 0.05 0.05
  per-rule acc: 0.10 0.03 0.03
Epoch 400 | Train: Loss=0.0043 Acc=100.0% | Test: Acc=4.6% | Best=5.4%(@380)
  from x3: 0.04 0.05 0.05 0.05 0.05 0.05 0.05 0.05 0.05 0.05 0.05 0.05 0.05
  per-rule acc: 0.08 0.03 0.03
Epoch 420 | Train: Loss=0.0048 Acc=100.0% | Test: Acc=5.9% | Best=5.9%(@420)
  from x3: 0.06 0.06 0.06 0.06 0.06 0.06 0.06 0.06 0.06 0.06 0.06 0.06 0.06
  per-rule acc: 0.11 0.04 0.03
Epoch 440 | Train: Loss=0.0036 Acc=100.0% | Test: Acc=7.1% | Best=7.1%(@440)
  from x3: 0.07 0.07 0.07 0.07 0.07 0.07 0.07 0.07 0.07 0.07 0.07 0.07 0.07
  per-rule acc: 0.14 0.04 0.03
Epoch 460 | Train: Loss=0.0030 Acc=100.0% | Test: Acc=8.4% | Best=8.4%(@460)
  from x3: 0.08 0.08 0.08 0.08 0.08 0.08 0.08 0.08 0.08 0.08 0.09 0.09 0.09
  per-rule acc: 0.16 0.05 0.04
Epoch 480 | Train: Loss=0.0184 Acc=99.9% | Test: Acc=7.5% | Best=8.4%(@460)
  from x3: 0.07 0.07 0.07 0.07 0.07 0.07 0.07 0.08 0.08 0.08 0.08 0.08 0.08
  per-rule acc: 0.11 0.06 0.05
Epoch 500 | Train: Loss=0.0042 Acc=100.0% | Test: Acc=9.8% | Best=9.8%(@500)
  from x3: 0.09 0.10 0.10 0.10 0.10 0.10 0.10 0.10 0.10 0.10 0.10 0.10 0.10
  per-rule acc: 0.18 0.06 0.06
Epoch 520 | Train: Loss=0.0013 Acc=100.0% | Test: Acc=15.5% | Best=15.5%(@520)
  from x3: 0.15 0.15 0.15 0.15 0.15 0.15 0.15 0.15 0.16 0.16 0.16 0.16 0.16
  per-rule acc: 0.25 0.09 0.13
Epoch 540 | Train: Loss=0.0045 Acc=100.0% | Test: Acc=16.0% | Best=16.0%(@540)
  from x3: 0.16 0.16 0.16 0.16 0.16 0.16 0.16 0.16 0.16 0.16 0.16 0.16 0.16
  per-rule acc: 0.26 0.09 0.12
Epoch 560 | Train: Loss=0.0734 Acc=100.0% | Test: Acc=17.0% | Best=17.0%(@560)
  from x3: 0.17 0.17 0.17 0.17 0.17 0.17 0.17 0.17 0.17 0.17 0.17 0.17 0.17
  per-rule acc: 0.23 0.12 0.16
Epoch 580 | Train: Loss=0.0034 Acc=100.0% | Test: Acc=26.1% | Best=26.1%(@580)
  from x3: 0.25 0.26 0.26 0.26 0.26 0.26 0.26 0.26 0.26 0.26 0.26 0.27 0.27
  per-rule acc: 0.32 0.18 0.29
Epoch 600 | Train: Loss=0.0039 Acc=100.0% | Test: Acc=31.1% | Best=31.1%(@600)
  from x3: 0.29 0.31 0.31 0.31 0.31 0.31 0.31 0.31 0.31 0.31 0.31 0.31 0.32
  per-rule acc: 0.31 0.23 0.39
Epoch 620 | Train: Loss=0.0038 Acc=100.0% | Test: Acc=35.7% | Best=35.7%(@620)
  from x3: 0.34 0.35 0.36 0.36 0.36 0.36 0.36 0.36 0.36 0.36 0.36 0.36 0.36
  per-rule acc: 0.33 0.28 0.47
Epoch 640 | Train: Loss=0.0026 Acc=100.0% | Test: Acc=49.1% | Best=49.1%(@640)
  from x3: 0.47 0.49 0.49 0.49 0.49 0.49 0.49 0.49 0.49 0.49 0.50 0.50 0.50
  per-rule acc: 0.41 0.44 0.62
Epoch 660 | Train: Loss=0.0026 Acc=100.0% | Test: Acc=58.0% | Best=58.0%(@660)
  from x3: 0.56 0.58 0.58 0.58 0.58 0.58 0.58 0.58 0.58 0.58 0.58 0.58 0.59
  per-rule acc: 0.42 0.55 0.76
Epoch 680 | Train: Loss=0.0031 Acc=100.0% | Test: Acc=69.2% | Best=69.2%(@680)
  from x3: 0.68 0.69 0.69 0.69 0.69 0.69 0.69 0.69 0.69 0.69 0.69 0.70 0.70
  per-rule acc: 0.44 0.72 0.92
Epoch 700 | Train: Loss=0.0037 Acc=100.0% | Test: Acc=69.1% | Best=69.2%(@680)
  from x3: 0.68 0.69 0.69 0.69 0.69 0.69 0.69 0.69 0.69 0.69 0.69 0.69 0.70
  per-rule acc: 0.45 0.71 0.91
Epoch 720 | Train: Loss=0.0019 Acc=100.0% | Test: Acc=79.2% | Best=79.2%(@720)
  from x3: 0.78 0.79 0.79 0.79 0.79 0.79 0.79 0.79 0.79 0.79 0.79 0.79 0.79
  per-rule acc: 0.55 0.86 0.97
Epoch 740 | Train: Loss=0.0032 Acc=100.0% | Test: Acc=71.8% | Best=79.2%(@720)
  from x3: 0.70 0.72 0.72 0.72 0.72 0.72 0.72 0.72 0.72 0.72 0.72 0.72 0.72
  per-rule acc: 0.46 0.75 0.94
Epoch 760 | Train: Loss=0.0029 Acc=100.0% | Test: Acc=74.6% | Best=79.2%(@720)
  from x3: 0.73 0.75 0.75 0.75 0.75 0.75 0.75 0.75 0.75 0.75 0.75 0.75 0.75
  per-rule acc: 0.49 0.78 0.96
Epoch 780 | Train: Loss=0.0027 Acc=100.0% | Test: Acc=82.2% | Best=82.2%(@780)
  from x3: 0.81 0.82 0.82 0.82 0.82 0.82 0.82 0.82 0.82 0.82 0.82 0.82 0.82
  per-rule acc: 0.56 0.91 1.00
Epoch 800 | Train: Loss=0.0034 Acc=100.0% | Test: Acc=81.1% | Best=82.2%(@780)
  from x3: 0.80 0.81 0.81 0.81 0.81 0.81 0.81 0.81 0.81 0.81 0.81 0.81 0.81
  per-rule acc: 0.55 0.88 0.99
Epoch 820 | Train: Loss=0.0037 Acc=100.0% | Test: Acc=86.3% | Best=86.3%(@820)
  from x3: 0.86 0.86 0.86 0.86 0.86 0.86 0.86 0.86 0.86 0.86 0.86 0.86 0.86
  per-rule acc: 0.64 0.95 1.00
Epoch 840 | Train: Loss=0.0150 Acc=99.9% | Test: Acc=77.2% | Best=86.3%(@820)
  from x3: 0.77 0.77 0.77 0.77 0.77 0.77 0.77 0.77 0.77 0.77 0.77 0.77 0.77
  per-rule acc: 0.43 0.89 1.00
Epoch 860 | Train: Loss=0.0026 Acc=100.0% | Test: Acc=81.1% | Best=86.3%(@820)
  from x3: 0.80 0.81 0.81 0.81 0.81 0.81 0.81 0.81 0.81 0.81 0.81 0.81 0.81
  per-rule acc: 0.54 0.90 1.00
Epoch 880 | Train: Loss=0.0017 Acc=100.0% | Test: Acc=87.3% | Best=87.3%(@880)
  from x3: 0.87 0.87 0.87 0.87 0.87 0.87 0.87 0.87 0.87 0.87 0.87 0.87 0.87
  per-rule acc: 0.64 0.99 1.00
Epoch 900 | Train: Loss=0.0025 Acc=100.0% | Test: Acc=85.3% | Best=87.3%(@880)
  from x3: 0.85 0.85 0.85 0.85 0.85 0.85 0.85 0.85 0.85 0.85 0.85 0.85 0.85
  per-rule acc: 0.61 0.95 1.00
Epoch 920 | Train: Loss=0.0018 Acc=100.0% | Test: Acc=86.2% | Best=87.3%(@880)
  from x3: 0.86 0.86 0.86 0.86 0.86 0.86 0.86 0.86 0.86 0.86 0.86 0.86 0.86
  per-rule acc: 0.63 0.96 1.00
Epoch 940 | Train: Loss=0.0025 Acc=100.0% | Test: Acc=82.5% | Best=87.3%(@880)
  from x3: 0.82 0.83 0.83 0.83 0.83 0.83 0.83 0.83 0.83 0.83 0.83 0.83 0.83
  per-rule acc: 0.54 0.94 1.00
Epoch 960 | Train: Loss=0.0052 Acc=100.0% | Test: Acc=82.0% | Best=87.3%(@880)
  from x3: 0.82 0.82 0.82 0.82 0.82 0.82 0.82 0.82 0.82 0.82 0.82 0.82 0.82
  per-rule acc: 0.52 0.94 1.00
Epoch 980 | Train: Loss=0.0023 Acc=100.0% | Test: Acc=82.6% | Best=87.3%(@880)
  from x3: 0.82 0.83 0.83 0.83 0.83 0.83 0.83 0.83 0.83 0.83 0.83 0.83 0.83
  per-rule acc: 0.56 0.92 1.00
Epoch 1000 | Train: Loss=0.0012 Acc=100.0% | Test: Acc=89.3% | Best=89.3%(@1000)
  from x3: 0.89 0.89 0.89 0.89 0.89 0.89 0.89 0.89 0.89 0.89 0.89 0.89 0.89
  per-rule acc: 0.68 1.00 1.00
Epoch 1020 | Train: Loss=0.0017 Acc=100.0% | Test: Acc=88.9% | Best=89.3%(@1000)
  from x3: 0.89 0.89 0.89 0.89 0.89 0.89 0.89 0.89 0.89 0.89 0.89 0.89 0.89
  per-rule acc: 0.68 0.98 1.00
Epoch 1040 | Train: Loss=0.0027 Acc=100.0% | Test: Acc=84.6% | Best=89.3%(@1000)
  from x3: 0.84 0.85 0.85 0.85 0.85 0.85 0.85 0.85 0.85 0.85 0.85 0.85 0.85
  per-rule acc: 0.60 0.94 1.00
Epoch 1060 | Train: Loss=0.0021 Acc=100.0% | Test: Acc=83.0% | Best=89.3%(@1000)
  from x3: 0.83 0.83 0.83 0.83 0.83 0.83 0.83 0.83 0.83 0.83 0.83 0.83 0.83
  per-rule acc: 0.56 0.94 1.00
Epoch 1080 | Train: Loss=0.0022 Acc=100.0% | Test: Acc=85.2% | Best=89.3%(@1000)
  from x3: 0.85 0.85 0.85 0.85 0.85 0.85 0.85 0.85 0.85 0.85 0.85 0.85 0.85
  per-rule acc: 0.62 0.93 1.00
Epoch 1100 | Train: Loss=0.0020 Acc=100.0% | Test: Acc=83.1% | Best=89.3%(@1000)
  from x3: 0.82 0.83 0.83 0.83 0.83 0.83 0.83 0.83 0.83 0.83 0.83 0.83 0.83
  per-rule acc: 0.57 0.92 1.00
Epoch 1120 | Train: Loss=0.0024 Acc=100.0% | Test: Acc=86.4% | Best=89.3%(@1000)
  from x3: 0.86 0.86 0.86 0.86 0.86 0.86 0.86 0.86 0.86 0.86 0.86 0.86 0.86
  per-rule acc: 0.62 0.97 1.00
Epoch 1140 | Train: Loss=0.0028 Acc=100.0% | Test: Acc=85.2% | Best=89.3%(@1000)
  from x3: 0.85 0.85 0.85 0.85 0.85 0.85 0.85 0.85 0.85 0.85 0.85 0.85 0.85
  per-rule acc: 0.62 0.94 1.00
Epoch 1160 | Train: Loss=0.0023 Acc=100.0% | Test: Acc=83.7% | Best=89.3%(@1000)
  from x3: 0.83 0.84 0.84 0.84 0.84 0.84 0.84 0.84 0.84 0.84 0.84 0.84 0.84
  per-rule acc: 0.57 0.94 1.00
Epoch 1180 | Train: Loss=0.0021 Acc=100.0% | Test: Acc=85.4% | Best=89.3%(@1000)
  from x3: 0.85 0.85 0.85 0.85 0.85 0.85 0.85 0.85 0.85 0.85 0.85 0.85 0.85
  per-rule acc: 0.63 0.93 1.00
Epoch 1200 | Train: Loss=0.0020 Acc=100.0% | Test: Acc=82.9% | Best=89.3%(@1000)
  from x3: 0.82 0.83 0.83 0.83 0.83 0.83 0.83 0.83 0.83 0.83 0.83 0.83 0.83
  per-rule acc: 0.57 0.92 1.00
Epoch 1220 | Train: Loss=0.0025 Acc=100.0% | Test: Acc=86.0% | Best=89.3%(@1000)
  from x3: 0.85 0.86 0.86 0.86 0.86 0.86 0.86 0.86 0.86 0.86 0.86 0.86 0.86
  per-rule acc: 0.63 0.95 1.00
Epoch 1240 | Train: Loss=0.0024 Acc=100.0% | Test: Acc=84.2% | Best=89.3%(@1000)
  from x3: 0.84 0.84 0.84 0.84 0.84 0.84 0.84 0.84 0.84 0.84 0.84 0.84 0.84
  per-rule acc: 0.59 0.94 1.00
Epoch 1260 | Train: Loss=0.0037 Acc=100.0% | Test: Acc=89.6% | Best=89.6%(@1260)
  from x3: 0.90 0.90 0.90 0.90 0.90 0.90 0.90 0.90 0.90 0.90 0.90 0.90 0.90
  per-rule acc: 0.71 0.98 1.00
Epoch 1280 | Train: Loss=0.0022 Acc=100.0% | Test: Acc=85.2% | Best=89.6%(@1260)
  from x3: 0.85 0.85 0.85 0.85 0.85 0.85 0.85 0.85 0.85 0.85 0.85 0.85 0.85
  per-rule acc: 0.63 0.93 1.00
Epoch 1300 | Train: Loss=0.0018 Acc=100.0% | Test: Acc=83.5% | Best=89.6%(@1260)
  from x3: 0.83 0.84 0.84 0.84 0.84 0.84 0.84 0.84 0.84 0.84 0.84 0.84 0.84
  per-rule acc: 0.58 0.93 1.00
Epoch 1320 | Train: Loss=0.0013 Acc=100.0% | Test: Acc=82.8% | Best=89.6%(@1260)
  from x3: 0.82 0.83 0.83 0.83 0.83 0.83 0.83 0.83 0.83 0.83 0.83 0.83 0.83
  per-rule acc: 0.56 0.93 1.00
Epoch 1340 | Train: Loss=0.0017 Acc=100.0% | Test: Acc=87.8% | Best=89.6%(@1260)
  from x3: 0.87 0.88 0.88 0.88 0.88 0.88 0.88 0.88 0.88 0.88 0.88 0.88 0.88
  per-rule acc: 0.67 0.96 1.00
Epoch 1360 | Train: Loss=0.0021 Acc=100.0% | Test: Acc=85.4% | Best=89.6%(@1260)
  from x3: 0.85 0.85 0.85 0.85 0.85 0.85 0.85 0.85 0.85 0.85 0.85 0.85 0.85
  per-rule acc: 0.62 0.95 1.00
Epoch 1380 | Train: Loss=0.0018 Acc=100.0% | Test: Acc=87.3% | Best=89.6%(@1260)
  from x3: 0.87 0.87 0.87 0.87 0.87 0.87 0.87 0.87 0.87 0.87 0.87 0.87 0.87
  per-rule acc: 0.68 0.95 1.00
Epoch 1400 | Train: Loss=0.0020 Acc=100.0% | Test: Acc=84.9% | Best=89.6%(@1260)
  from x3: 0.84 0.85 0.85 0.85 0.85 0.85 0.85 0.85 0.85 0.85 0.85 0.85 0.85
  per-rule acc: 0.61 0.93 1.00
Epoch 1420 | Train: Loss=0.0015 Acc=100.0% | Test: Acc=83.9% | Best=89.6%(@1260)
  from x3: 0.83 0.84 0.84 0.84 0.84 0.84 0.84 0.84 0.84 0.84 0.84 0.84 0.84
  per-rule acc: 0.58 0.93 1.00
Epoch 1440 | Train: Loss=0.0017 Acc=100.0% | Test: Acc=88.4% | Best=89.6%(@1260)
  from x3: 0.88 0.88 0.88 0.88 0.88 0.88 0.88 0.88 0.88 0.88 0.88 0.88 0.88
  per-rule acc: 0.68 0.97 1.00
Epoch 1460 | Train: Loss=0.0023 Acc=100.0% | Test: Acc=86.0% | Best=89.6%(@1260)
  from x3: 0.86 0.86 0.86 0.86 0.86 0.86 0.86 0.86 0.86 0.86 0.86 0.86 0.86
  per-rule acc: 0.63 0.95 1.00
Epoch 1480 | Train: Loss=0.0018 Acc=100.0% | Test: Acc=85.4% | Best=89.6%(@1260)
  from x3: 0.85 0.85 0.85 0.85 0.85 0.85 0.85 0.85 0.85 0.85 0.85 0.85 0.85
  per-rule acc: 0.62 0.94 1.00
Epoch 1500 | Train: Loss=0.0013 Acc=100.0% | Test: Acc=85.3% | Best=89.6%(@1260)
  from x3: 0.85 0.85 0.85 0.85 0.85 0.85 0.85 0.85 0.85 0.85 0.85 0.85 0.85
  per-rule acc: 0.61 0.95 1.00
Epoch 1520 | Train: Loss=0.0011 Acc=100.0% | Test: Acc=90.4% | Best=90.4%(@1520)
  from x3: 0.90 0.90 0.90 0.90 0.90 0.90 0.90 0.90 0.90 0.90 0.90 0.90 0.90
  per-rule acc: 0.73 0.99 1.00
Epoch 1540 | Train: Loss=0.0021 Acc=100.0% | Test: Acc=87.1% | Best=90.4%(@1520)
  from x3: 0.87 0.87 0.87 0.87 0.87 0.87 0.87 0.87 0.87 0.87 0.87 0.87 0.87
  per-rule acc: 0.65 0.96 1.00
Epoch 1560 | Train: Loss=0.0016 Acc=100.0% | Test: Acc=86.1% | Best=90.4%(@1520)
  from x3: 0.86 0.86 0.86 0.86 0.86 0.86 0.86 0.86 0.86 0.86 0.86 0.86 0.86
  per-rule acc: 0.63 0.96 1.00
Epoch 1580 | Train: Loss=0.0012 Acc=100.0% | Test: Acc=85.7% | Best=90.4%(@1520)
  from x3: 0.85 0.86 0.86 0.86 0.86 0.86 0.86 0.86 0.86 0.86 0.86 0.86 0.86
  per-rule acc: 0.61 0.96 1.00
Epoch 1600 | Train: Loss=0.0009 Acc=100.0% | Test: Acc=85.4% | Best=90.4%(@1520)
  from x3: 0.85 0.85 0.85 0.85 0.85 0.85 0.85 0.85 0.85 0.85 0.85 0.85 0.85
  per-rule acc: 0.61 0.96 1.00
Epoch 1620 | Train: Loss=0.0011 Acc=100.0% | Test: Acc=90.4% | Best=90.4%(@1620)
  from x3: 0.90 0.90 0.90 0.90 0.90 0.90 0.90 0.90 0.90 0.90 0.90 0.90 0.90
  per-rule acc: 0.73 0.98 1.00
Epoch 1640 | Train: Loss=0.0019 Acc=100.0% | Test: Acc=87.2% | Best=90.4%(@1620)
  from x3: 0.87 0.87 0.87 0.87 0.87 0.87 0.87 0.87 0.87 0.87 0.87 0.87 0.87
  per-rule acc: 0.66 0.96 1.00
Epoch 1660 | Train: Loss=0.0015 Acc=100.0% | Test: Acc=86.0% | Best=90.4%(@1620)
  from x3: 0.86 0.86 0.86 0.86 0.86 0.86 0.86 0.86 0.86 0.86 0.86 0.86 0.86
  per-rule acc: 0.63 0.95 1.00
Epoch 1680 | Train: Loss=0.0011 Acc=100.0% | Test: Acc=85.6% | Best=90.4%(@1620)
  from x3: 0.85 0.86 0.86 0.86 0.86 0.86 0.86 0.86 0.86 0.86 0.86 0.86 0.86
  per-rule acc: 0.61 0.96 1.00
Epoch 1700 | Train: Loss=0.0006 Acc=100.0% | Test: Acc=89.9% | Best=90.4%(@1620)
  from x3: 0.90 0.90 0.90 0.90 0.90 0.90 0.90 0.90 0.90 0.90 0.90 0.90 0.90
  per-rule acc: 0.72 0.97 1.00
Epoch 1720 | Train: Loss=0.0017 Acc=100.0% | Test: Acc=86.0% | Best=90.4%(@1620)
  from x3: 0.86 0.86 0.86 0.86 0.86 0.86 0.86 0.86 0.86 0.86 0.86 0.86 0.86
  per-rule acc: 0.65 0.93 1.00
Epoch 1740 | Train: Loss=0.0014 Acc=100.0% | Test: Acc=84.3% | Best=90.4%(@1620)
  from x3: 0.84 0.84 0.84 0.84 0.84 0.84 0.84 0.84 0.84 0.84 0.84 0.84 0.84
  per-rule acc: 0.60 0.93 1.00
Epoch 1760 | Train: Loss=0.0010 Acc=100.0% | Test: Acc=83.4% | Best=90.4%(@1620)
  from x3: 0.83 0.83 0.83 0.83 0.83 0.83 0.83 0.83 0.83 0.83 0.83 0.83 0.83
  per-rule acc: 0.58 0.92 1.00
Epoch 1780 | Train: Loss=0.0008 Acc=100.0% | Test: Acc=83.0% | Best=90.4%(@1620)
  from x3: 0.83 0.83 0.83 0.83 0.83 0.83 0.83 0.83 0.83 0.83 0.83 0.83 0.83
  per-rule acc: 0.57 0.92 1.00
Epoch 1800 | Train: Loss=0.0138 Acc=99.9% | Test: Acc=90.9% | Best=90.9%(@1800)
  from x3: 0.91 0.91 0.91 0.91 0.91 0.91 0.91 0.91 0.91 0.91 0.91 0.91 0.91
  per-rule acc: 0.73 1.00 1.00
Epoch 1820 | Train: Loss=0.0015 Acc=100.0% | Test: Acc=88.4% | Best=90.9%(@1800)
  from x3: 0.88 0.88 0.88 0.88 0.88 0.88 0.88 0.88 0.88 0.88 0.88 0.88 0.88
  per-rule acc: 0.69 0.96 1.00
Epoch 1840 | Train: Loss=0.0017 Acc=100.0% | Test: Acc=87.9% | Best=90.9%(@1800)
  from x3: 0.88 0.88 0.88 0.88 0.88 0.88 0.88 0.88 0.88 0.88 0.88 0.88 0.88
  per-rule acc: 0.68 0.95 1.00
Epoch 1860 | Train: Loss=0.0018 Acc=100.0% | Test: Acc=85.6% | Best=90.9%(@1800)
  from x3: 0.85 0.86 0.86 0.86 0.86 0.86 0.86 0.86 0.86 0.86 0.86 0.86 0.86
  per-rule acc: 0.62 0.94 1.00
Epoch 1880 | Train: Loss=0.0014 Acc=100.0% | Test: Acc=84.8% | Best=90.9%(@1800)
  from x3: 0.84 0.85 0.85 0.85 0.85 0.85 0.85 0.85 0.85 0.85 0.85 0.85 0.85
  per-rule acc: 0.60 0.94 1.00
Epoch 1900 | Train: Loss=0.0010 Acc=100.0% | Test: Acc=88.8% | Best=90.9%(@1800)
  from x3: 0.89 0.89 0.89 0.89 0.89 0.89 0.89 0.89 0.89 0.89 0.89 0.89 0.89
  per-rule acc: 0.70 0.96 1.00
Epoch 1920 | Train: Loss=0.0018 Acc=100.0% | Test: Acc=85.2% | Best=90.9%(@1800)
  from x3: 0.85 0.85 0.85 0.85 0.85 0.85 0.85 0.85 0.85 0.85 0.85 0.85 0.85
  per-rule acc: 0.63 0.93 1.00
Epoch 1940 | Train: Loss=0.0014 Acc=100.0% | Test: Acc=84.1% | Best=90.9%(@1800)
  from x3: 0.84 0.84 0.84 0.84 0.84 0.84 0.84 0.84 0.84 0.84 0.84 0.84 0.84
  per-rule acc: 0.60 0.93 1.00
Epoch 1960 | Train: Loss=0.0010 Acc=100.0% | Test: Acc=83.2% | Best=90.9%(@1800)
  from x3: 0.83 0.83 0.83 0.83 0.83 0.83 0.83 0.83 0.83 0.83 0.83 0.83 0.83
  per-rule acc: 0.57 0.92 1.00
Epoch 1980 | Train: Loss=0.0010 Acc=100.0% | Test: Acc=91.2% | Best=91.2%(@1980)
  from x3: 0.91 0.91 0.91 0.91 0.91 0.91 0.91 0.91 0.91 0.91 0.91 0.91 0.91
  per-rule acc: 0.74 1.00 1.00
Epoch 2000 | Train: Loss=0.0021 Acc=100.0% | Test: Acc=87.9% | Best=91.2%(@1980)
  from x3: 0.88 0.88 0.88 0.88 0.88 0.88 0.88 0.88 0.88 0.88 0.88 0.88 0.88
  per-rule acc: 0.67 0.97 1.00
Epoch 2020 | Train: Loss=0.0014 Acc=100.0% | Test: Acc=89.6% | Best=91.2%(@1980)
  from x3: 0.89 0.90 0.90 0.90 0.90 0.90 0.90 0.90 0.90 0.90 0.90 0.90 0.90
  per-rule acc: 0.72 0.97 1.00
Epoch 2040 | Train: Loss=0.0022 Acc=100.0% | Test: Acc=86.4% | Best=91.2%(@1980)
  from x3: 0.86 0.86 0.86 0.86 0.86 0.86 0.86 0.86 0.86 0.86 0.86 0.86 0.86
  per-rule acc: 0.64 0.95 1.00
Epoch 2060 | Train: Loss=0.0017 Acc=100.0% | Test: Acc=85.7% | Best=91.2%(@1980)
  from x3: 0.85 0.86 0.86 0.86 0.86 0.86 0.86 0.86 0.86 0.86 0.86 0.86 0.86
  per-rule acc: 0.62 0.95 1.00
Epoch 2080 | Train: Loss=0.0013 Acc=100.0% | Test: Acc=85.3% | Best=91.2%(@1980)
  from x3: 0.85 0.85 0.85 0.85 0.85 0.85 0.85 0.85 0.85 0.85 0.85 0.85 0.85
  per-rule acc: 0.60 0.96 1.00
Epoch 2100 | Train: Loss=0.0009 Acc=100.0% | Test: Acc=85.3% | Best=91.2%(@1980)
  from x3: 0.85 0.85 0.85 0.85 0.85 0.85 0.85 0.85 0.85 0.85 0.85 0.85 0.85
  per-rule acc: 0.60 0.96 1.00
Epoch 2120 | Train: Loss=0.0007 Acc=100.0% | Test: Acc=85.1% | Best=91.2%(@1980)
  from x3: 0.85 0.85 0.85 0.85 0.85 0.85 0.85 0.85 0.85 0.85 0.85 0.85 0.85
  per-rule acc: 0.59 0.96 1.00
Epoch 2140 | Train: Loss=0.0014 Acc=100.0% | Test: Acc=90.3% | Best=91.2%(@1980)
  from x3: 0.90 0.90 0.90 0.90 0.90 0.90 0.90 0.90 0.90 0.90 0.90 0.90 0.90
  per-rule acc: 0.72 0.99 1.00
Epoch 2160 | Train: Loss=0.0017 Acc=100.0% | Test: Acc=89.3% | Best=91.2%(@1980)
  from x3: 0.89 0.89 0.89 0.89 0.89 0.89 0.89 0.89 0.89 0.89 0.89 0.89 0.89
  per-rule acc: 0.70 0.98 1.00
Epoch 2180 | Train: Loss=0.0020 Acc=100.0% | Test: Acc=87.3% | Best=91.2%(@1980)
  from x3: 0.87 0.87 0.87 0.87 0.87 0.87 0.87 0.87 0.87 0.87 0.87 0.87 0.87
  per-rule acc: 0.65 0.97 1.00
Epoch 2200 | Train: Loss=0.0015 Acc=100.0% | Test: Acc=86.9% | Best=91.2%(@1980)
  from x3: 0.87 0.87 0.87 0.87 0.87 0.87 0.87 0.87 0.87 0.87 0.87 0.87 0.87
  per-rule acc: 0.64 0.97 1.00
Epoch 2220 | Train: Loss=0.0011 Acc=100.0% | Test: Acc=86.5% | Best=91.2%(@1980)
  from x3: 0.86 0.87 0.87 0.87 0.87 0.87 0.87 0.87 0.87 0.87 0.87 0.87 0.87
  per-rule acc: 0.63 0.97 1.00
Epoch 2240 | Train: Loss=0.0008 Acc=100.0% | Test: Acc=86.4% | Best=91.2%(@1980)
  from x3: 0.86 0.86 0.86 0.86 0.86 0.86 0.86 0.86 0.86 0.86 0.86 0.86 0.86
  per-rule acc: 0.62 0.97 1.00
Epoch 2260 | Train: Loss=0.0010 Acc=100.0% | Test: Acc=90.8% | Best=91.2%(@1980)
  from x3: 0.91 0.91 0.91 0.91 0.91 0.91 0.91 0.91 0.91 0.91 0.91 0.91 0.91
  per-rule acc: 0.73 0.99 1.00
Epoch 2280 | Train: Loss=0.0018 Acc=100.0% | Test: Acc=88.4% | Best=91.2%(@1980)
  from x3: 0.88 0.88 0.88 0.88 0.88 0.88 0.88 0.88 0.88 0.88 0.88 0.88 0.88
  per-rule acc: 0.67 0.98 1.00
Epoch 2300 | Train: Loss=0.0015 Acc=100.0% | Test: Acc=87.5% | Best=91.2%(@1980)
  from x3: 0.87 0.88 0.88 0.88 0.88 0.88 0.88 0.88 0.88 0.88 0.88 0.88 0.88
  per-rule acc: 0.65 0.98 1.00
Epoch 2320 | Train: Loss=0.0014 Acc=100.0% | Test: Acc=89.2% | Best=91.2%(@1980)
  from x3: 0.89 0.89 0.89 0.89 0.89 0.89 0.89 0.89 0.89 0.89 0.89 0.89 0.89
  per-rule acc: 0.70 0.98 1.00
Epoch 2340 | Train: Loss=0.0017 Acc=100.0% | Test: Acc=87.2% | Best=91.2%(@1980)
  from x3: 0.87 0.87 0.87 0.87 0.87 0.87 0.87 0.87 0.87 0.87 0.87 0.87 0.87
  per-rule acc: 0.65 0.97 1.00
Epoch 2360 | Train: Loss=0.0013 Acc=100.0% | Test: Acc=86.3% | Best=91.2%(@1980)
  from x3: 0.86 0.86 0.86 0.86 0.86 0.86 0.86 0.86 0.86 0.86 0.86 0.86 0.86
  per-rule acc: 0.62 0.97 1.00
Epoch 2380 | Train: Loss=0.0010 Acc=100.0% | Test: Acc=85.9% | Best=91.2%(@1980)
  from x3: 0.86 0.86 0.86 0.86 0.86 0.86 0.86 0.86 0.86 0.86 0.86 0.86 0.86
  per-rule acc: 0.61 0.97 1.00
Epoch 2400 | Train: Loss=0.0007 Acc=100.0% | Test: Acc=85.6% | Best=91.2%(@1980)
  from x3: 0.85 0.86 0.86 0.86 0.86 0.86 0.86 0.86 0.86 0.86 0.86 0.86 0.86
  per-rule acc: 0.59 0.97 1.00
Epoch 2420 | Train: Loss=0.0005 Acc=100.0% | Test: Acc=85.5% | Best=91.2%(@1980)
  from x3: 0.85 0.86 0.86 0.86 0.86 0.86 0.86 0.86 0.86 0.86 0.86 0.86 0.86
  per-rule acc: 0.59 0.98 1.00
Epoch 2440 | Train: Loss=0.0009 Acc=100.0% | Test: Acc=92.2% | Best=92.2%(@2440)
  from x3: 0.92 0.92 0.92 0.92 0.92 0.92 0.92 0.92 0.92 0.92 0.92 0.92 0.92
  per-rule acc: 0.77 1.00 1.00
Epoch 2460 | Train: Loss=0.0017 Acc=100.0% | Test: Acc=89.9% | Best=92.2%(@2440)
  from x3: 0.90 0.90 0.90 0.90 0.90 0.90 0.90 0.90 0.90 0.90 0.90 0.90 0.90
  per-rule acc: 0.71 0.99 1.00
Epoch 2480 | Train: Loss=0.0018 Acc=100.0% | Test: Acc=88.5% | Best=92.2%(@2440)
  from x3: 0.88 0.89 0.89 0.89 0.89 0.89 0.89 0.89 0.89 0.89 0.89 0.89 0.89
  per-rule acc: 0.67 0.99 1.00
Epoch 2500 | Train: Loss=0.0014 Acc=100.0% | Test: Acc=88.0% | Best=92.2%(@2440)
  from x3: 0.88 0.88 0.88 0.88 0.88 0.88 0.88 0.88 0.88 0.88 0.88 0.88 0.88
  per-rule acc: 0.65 0.99 1.00
Epoch 2520 | Train: Loss=0.0010 Acc=100.0% | Test: Acc=87.7% | Best=92.2%(@2440)
  from x3: 0.87 0.88 0.88 0.88 0.88 0.88 0.88 0.88 0.88 0.88 0.88 0.88 0.88
  per-rule acc: 0.64 0.99 1.00
Epoch 2540 | Train: Loss=0.0008 Acc=100.0% | Test: Acc=87.7% | Best=92.2%(@2440)
  from x3: 0.87 0.88 0.88 0.88 0.88 0.88 0.88 0.88 0.88 0.88 0.88 0.88 0.88
  per-rule acc: 0.64 0.99 1.00
Epoch 2560 | Train: Loss=0.0006 Acc=100.0% | Test: Acc=87.5% | Best=92.2%(@2440)
  from x3: 0.87 0.88 0.88 0.88 0.88 0.88 0.88 0.88 0.88 0.88 0.88 0.88 0.88
  per-rule acc: 0.63 0.99 1.00
Epoch 2580 | Train: Loss=0.0004 Acc=100.0% | Test: Acc=87.4% | Best=92.2%(@2440)
  from x3: 0.87 0.87 0.87 0.87 0.87 0.87 0.87 0.87 0.87 0.87 0.87 0.87 0.87
  per-rule acc: 0.63 1.00 1.00
Epoch 2600 | Train: Loss=0.0003 Acc=100.0% | Test: Acc=87.5% | Best=92.2%(@2440)
  from x3: 0.87 0.88 0.88 0.88 0.88 0.88 0.88 0.88 0.88 0.88 0.88 0.88 0.88
  per-rule acc: 0.63 1.00 1.00
Epoch 2620 | Train: Loss=0.0002 Acc=100.0% | Test: Acc=87.6% | Best=92.2%(@2440)
  from x3: 0.87 0.88 0.88 0.88 0.88 0.88 0.88 0.88 0.88 0.88 0.88 0.88 0.88
  per-rule acc: 0.63 1.00 1.00
Epoch 2640 | Train: Loss=0.0002 Acc=100.0% | Test: Acc=87.6% | Best=92.2%(@2440)
  from x3: 0.87 0.88 0.88 0.88 0.88 0.88 0.88 0.88 0.88 0.88 0.88 0.88 0.88
  per-rule acc: 0.63 1.00 1.00
Epoch 2660 | Train: Loss=0.0001 Acc=100.0% | Test: Acc=87.6% | Best=92.2%(@2440)
  from x3: 0.87 0.88 0.88 0.88 0.88 0.88 0.88 0.88 0.88 0.88 0.88 0.88 0.88
  per-rule acc: 0.63 1.00 1.00
Epoch 2680 | Train: Loss=0.0001 Acc=100.0% | Test: Acc=87.7% | Best=92.2%(@2440)
  from x3: 0.87 0.88 0.88 0.88 0.88 0.88 0.88 0.88 0.88 0.88 0.88 0.88 0.88
  per-rule acc: 0.63 1.00 1.00
Epoch 2700 | Train: Loss=0.0001 Acc=100.0% | Test: Acc=87.7% | Best=92.2%(@2440)
  from x3: 0.87 0.88 0.88 0.88 0.88 0.88 0.88 0.88 0.88 0.88 0.88 0.88 0.88
  per-rule acc: 0.63 1.00 1.00
Epoch 2720 | Train: Loss=0.0001 Acc=100.0% | Test: Acc=87.6% | Best=92.2%(@2440)
  from x3: 0.87 0.88 0.88 0.88 0.88 0.88 0.88 0.88 0.88 0.88 0.88 0.88 0.88
  per-rule acc: 0.63 1.00 1.00
Epoch 2740 | Train: Loss=0.0000 Acc=100.0% | Test: Acc=87.5% | Best=92.2%(@2440)
  from x3: 0.87 0.88 0.88 0.88 0.88 0.88 0.88 0.88 0.88 0.88 0.88 0.88 0.88
  per-rule acc: 0.63 1.00 1.00
Epoch 2760 | Train: Loss=0.0000 Acc=100.0% | Test: Acc=87.5% | Best=92.2%(@2440)
  from x3: 0.87 0.88 0.88 0.88 0.88 0.88 0.88 0.88 0.88 0.88 0.88 0.88 0.88
  per-rule acc: 0.63 1.00 1.00
Epoch 2780 | Train: Loss=0.0000 Acc=100.0% | Test: Acc=87.5% | Best=92.2%(@2440)
  from x3: 0.87 0.87 0.87 0.87 0.87 0.87 0.87 0.87 0.87 0.87 0.87 0.87 0.87
  per-rule acc: 0.62 1.00 1.00
Epoch 2800 | Train: Loss=0.0000 Acc=100.0% | Test: Acc=87.4% | Best=92.2%(@2440)
  from x3: 0.87 0.87 0.87 0.87 0.87 0.87 0.87 0.87 0.87 0.87 0.87 0.87 0.87
  per-rule acc: 0.62 1.00 1.00
Epoch 2820 | Train: Loss=0.0000 Acc=100.0% | Test: Acc=87.3% | Best=92.2%(@2440)
  from x3: 0.87 0.87 0.87 0.87 0.87 0.87 0.87 0.87 0.87 0.87 0.87 0.87 0.87
  per-rule acc: 0.62 1.00 1.00
Epoch 2840 | Train: Loss=0.0000 Acc=100.0% | Test: Acc=87.2% | Best=92.2%(@2440)
  from x3: 0.87 0.87 0.87 0.87 0.87 0.87 0.87 0.87 0.87 0.87 0.87 0.87 0.87
  per-rule acc: 0.62 1.00 1.00
Epoch 2860 | Train: Loss=0.0000 Acc=100.0% | Test: Acc=87.2% | Best=92.2%(@2440)
  from x3: 0.87 0.87 0.87 0.87 0.87 0.87 0.87 0.87 0.87 0.87 0.87 0.87 0.87
  per-rule acc: 0.61 1.00 1.00
Epoch 2880 | Train: Loss=0.0262 Acc=99.7% | Test: Acc=90.0% | Best=92.2%(@2440)
  from x3: 0.90 0.90 0.90 0.90 0.90 0.90 0.90 0.90 0.90 0.90 0.90 0.90 0.90
  per-rule acc: 0.70 1.00 1.00
Epoch 2900 | Train: Loss=0.0005 Acc=100.0% | Test: Acc=90.5% | Best=92.2%(@2440)
  from x3: 0.90 0.90 0.90 0.90 0.90 0.90 0.90 0.90 0.90 0.90 0.90 0.90 0.90
  per-rule acc: 0.71 1.00 1.00
Epoch 2920 | Train: Loss=0.0008 Acc=100.0% | Test: Acc=90.4% | Best=92.2%(@2440)
  from x3: 0.90 0.90 0.90 0.90 0.90 0.90 0.90 0.90 0.90 0.90 0.90 0.90 0.90
  per-rule acc: 0.71 1.00 1.00
Epoch 2940 | Train: Loss=0.0016 Acc=100.0% | Test: Acc=88.0% | Best=92.2%(@2440)
  from x3: 0.88 0.88 0.88 0.88 0.88 0.88 0.88 0.88 0.88 0.88 0.88 0.88 0.88
  per-rule acc: 0.65 1.00 1.00
Epoch 2960 | Train: Loss=0.0018 Acc=100.0% | Test: Acc=88.5% | Best=92.2%(@2440)
  from x3: 0.88 0.88 0.88 0.88 0.88 0.88 0.88 0.88 0.88 0.88 0.88 0.88 0.88
  per-rule acc: 0.66 0.99 1.00
Epoch 2980 | Train: Loss=0.0016 Acc=100.0% | Test: Acc=87.3% | Best=92.2%(@2440)
  from x3: 0.87 0.87 0.87 0.87 0.87 0.87 0.87 0.87 0.87 0.87 0.87 0.87 0.87
  per-rule acc: 0.63 0.99 1.00
Epoch 3000 | Train: Loss=0.0351 Acc=99.8% | Test: Acc=90.2% | Best=92.2%(@2440)
  from x3: 0.90 0.90 0.90 0.90 0.90 0.90 0.90 0.90 0.90 0.90 0.90 0.90 0.90
  per-rule acc: 0.71 1.00 1.00
Epoch 3020 | Train: Loss=0.0018 Acc=100.0% | Test: Acc=89.3% | Best=92.2%(@2440)
  from x3: 0.89 0.89 0.89 0.89 0.89 0.89 0.89 0.89 0.89 0.89 0.89 0.89 0.89
  per-rule acc: 0.68 1.00 1.00
Epoch 3040 | Train: Loss=0.0018 Acc=100.0% | Test: Acc=88.6% | Best=92.2%(@2440)
  from x3: 0.88 0.89 0.89 0.89 0.89 0.89 0.89 0.89 0.89 0.89 0.89 0.89 0.89
  per-rule acc: 0.66 1.00 1.00
Epoch 3060 | Train: Loss=0.0014 Acc=100.0% | Test: Acc=88.3% | Best=92.2%(@2440)
  from x3: 0.88 0.88 0.88 0.88 0.88 0.88 0.88 0.88 0.88 0.88 0.88 0.88 0.88
  per-rule acc: 0.65 1.00 1.00
Epoch 3080 | Train: Loss=0.0010 Acc=100.0% | Test: Acc=88.3% | Best=92.2%(@2440)
  from x3: 0.88 0.88 0.88 0.88 0.88 0.88 0.88 0.88 0.88 0.88 0.88 0.88 0.88
  per-rule acc: 0.65 1.00 1.00
Epoch 3100 | Train: Loss=0.0008 Acc=100.0% | Test: Acc=88.5% | Best=92.2%(@2440)
  from x3: 0.88 0.88 0.88 0.88 0.88 0.88 0.88 0.88 0.88 0.88 0.88 0.88 0.88
  per-rule acc: 0.65 1.00 1.00
Epoch 3120 | Train: Loss=0.0005 Acc=100.0% | Test: Acc=88.6% | Best=92.2%(@2440)
  from x3: 0.88 0.89 0.89 0.89 0.89 0.89 0.89 0.89 0.89 0.89 0.89 0.89 0.89
  per-rule acc: 0.66 1.00 1.00
Epoch 3140 | Train: Loss=0.0004 Acc=100.0% | Test: Acc=88.5% | Best=92.2%(@2440)
  from x3: 0.88 0.89 0.89 0.89 0.89 0.89 0.89 0.89 0.89 0.89 0.89 0.89 0.89
  per-rule acc: 0.66 1.00 1.00
Epoch 3160 | Train: Loss=0.0003 Acc=100.0% | Test: Acc=88.7% | Best=92.2%(@2440)
  from x3: 0.88 0.89 0.89 0.89 0.89 0.89 0.89 0.89 0.89 0.89 0.89 0.89 0.89
  per-rule acc: 0.66 1.00 1.00
Epoch 3180 | Train: Loss=0.0002 Acc=100.0% | Test: Acc=88.8% | Best=92.2%(@2440)
  from x3: 0.89 0.89 0.89 0.89 0.89 0.89 0.89 0.89 0.89 0.89 0.89 0.89 0.89
  per-rule acc: 0.66 1.00 1.00
Epoch 3200 | Train: Loss=0.0002 Acc=100.0% | Test: Acc=88.9% | Best=92.2%(@2440)
  from x3: 0.89 0.89 0.89 0.89 0.89 0.89 0.89 0.89 0.89 0.89 0.89 0.89 0.89
  per-rule acc: 0.67 1.00 1.00
Epoch 3220 | Train: Loss=0.0005 Acc=100.0% | Test: Acc=92.0% | Best=92.2%(@2440)
  from x3: 0.92 0.92 0.92 0.92 0.92 0.92 0.92 0.92 0.92 0.92 0.92 0.92 0.92
  per-rule acc: 0.76 1.00 1.00
Epoch 3240 | Train: Loss=0.0011 Acc=100.0% | Test: Acc=90.7% | Best=92.2%(@2440)
  from x3: 0.90 0.91 0.91 0.91 0.91 0.91 0.91 0.91 0.91 0.91 0.91 0.91 0.91
  per-rule acc: 0.72 1.00 1.00
Epoch 3260 | Train: Loss=0.0013 Acc=100.0% | Test: Acc=89.6% | Best=92.2%(@2440)
  from x3: 0.90 0.90 0.90 0.90 0.90 0.90 0.90 0.90 0.90 0.90 0.90 0.90 0.90
  per-rule acc: 0.69 1.00 1.00
Epoch 3280 | Train: Loss=0.0010 Acc=100.0% | Test: Acc=89.1% | Best=92.2%(@2440)
  from x3: 0.89 0.89 0.89 0.89 0.89 0.89 0.89 0.89 0.89 0.89 0.89 0.89 0.89
  per-rule acc: 0.67 1.00 1.00
Epoch 3300 | Train: Loss=0.0008 Acc=100.0% | Test: Acc=88.9% | Best=92.2%(@2440)
  from x3: 0.89 0.89 0.89 0.89 0.89 0.89 0.89 0.89 0.89 0.89 0.89 0.89 0.89
  per-rule acc: 0.67 1.00 1.00
Epoch 3320 | Train: Loss=0.0006 Acc=100.0% | Test: Acc=88.9% | Best=92.2%(@2440)
  from x3: 0.89 0.89 0.89 0.89 0.89 0.89 0.89 0.89 0.89 0.89 0.89 0.89 0.89
  per-rule acc: 0.67 1.00 1.00
Epoch 3340 | Train: Loss=0.0004 Acc=100.0% | Test: Acc=89.0% | Best=92.2%(@2440)
  from x3: 0.89 0.89 0.89 0.89 0.89 0.89 0.89 0.89 0.89 0.89 0.89 0.89 0.89
  per-rule acc: 0.67 1.00 1.00
Epoch 3360 | Train: Loss=0.0003 Acc=100.0% | Test: Acc=89.1% | Best=92.2%(@2440)
  from x3: 0.89 0.89 0.89 0.89 0.89 0.89 0.89 0.89 0.89 0.89 0.89 0.89 0.89
  per-rule acc: 0.67 1.00 1.00
Epoch 3380 | Train: Loss=0.0002 Acc=100.0% | Test: Acc=89.2% | Best=92.2%(@2440)
  from x3: 0.89 0.89 0.89 0.89 0.89 0.89 0.89 0.89 0.89 0.89 0.89 0.89 0.89
  per-rule acc: 0.68 1.00 1.00
Epoch 3400 | Train: Loss=0.0008 Acc=100.0% | Test: Acc=92.0% | Best=92.2%(@2440)
  from x3: 0.92 0.92 0.92 0.92 0.92 0.92 0.92 0.92 0.92 0.92 0.92 0.92 0.92
  per-rule acc: 0.76 1.00 1.00
Epoch 3420 | Train: Loss=0.0382 Acc=99.5% | Test: Acc=89.5% | Best=92.2%(@2440)
  from x3: 0.90 0.90 0.90 0.90 0.90 0.90 0.90 0.90 0.90 0.90 0.90 0.90 0.90
  per-rule acc: 0.69 1.00 1.00
Epoch 3440 | Train: Loss=0.0018 Acc=100.0% | Test: Acc=90.7% | Best=92.2%(@2440)
  from x3: 0.90 0.91 0.91 0.91 0.91 0.91 0.91 0.91 0.91 0.91 0.91 0.91 0.91
  per-rule acc: 0.72 1.00 1.00
[Early stop] No improvement for 1000 consecutive epochs

==================================================
Saving model...
[OK] Model saved to: /home/cxm/ai/test0627-multitask-overlap/models/mixed_cond_d256l1_r8_n3_e50.pth
  File size: 5502.1 KB
  Best test accuracy: 92.16%

==================================================
Final generation test (given first two items, AB generates 3rd as prompt, validate from 4th)
==================================================

--- AB pair 1: (1, 1) ---

--- Statistics for AB=(1,1) ---
Exposed    samples:  1404 | In-dist: 18252/18252 (100.0%) | OOD: 22464/22464 (100.0%)
Unexposed  samples:  1405 | In-dist: 15351/18265 ( 84.0%) | OOD: 20922/22480 ( 93.1%)

--- AB pair 2: (1, 2) ---

--- Statistics for AB=(1,2) ---
Exposed    samples:  1404 | In-dist: 18252/18252 (100.0%) | OOD: 22464/22464 (100.0%)
Unexposed  samples:  1405 | In-dist: 18265/18265 (100.0%) | OOD: 22480/22480 (100.0%)

--- AB pair 3: (1, 3) ---

--- Statistics for AB=(1,3) ---
Exposed    samples:  1404 | In-dist: 18252/18252 (100.0%) | OOD: 22464/22464 (100.0%)
Unexposed  samples:  1405 | In-dist: 18265/18265 (100.0%) | OOD: 22480/22480 (100.0%)

--- Return code: 0 ---

======================================================================
Attention Analysis
======================================================================
Model config: addition (default), p=53
Best test accuracy: 0.9216351856921252
Training epochs: 3440

Random test sequence 1/5 (length 32): [32, 32, 11, 43, 1, 44, 45, 36, 28, 11, 39, 50, 36, 33, 16, 49, 12, 8, 20, 28]...

======================================================================
Attention Layer Training Result Summary
======================================================================
Input sequence: [32, 32, 11, 43, 1, 44, 45, 36, 28, 11, 39, 50, 36, 33, 16, 49, 12, 8, 20, 28, 48, 23, 18, 41, 6, 47, 0, 47, 47, 41, 35, 23]

--- Layer 0 ---
  Head 0: Entropy=0.675
    Attention coefficients from each query position to previous positions:
      i= 0 -> j=0:1.000
      i= 1 -> j=0:0.928, j=1:0.072
      i= 2 -> j=0:0.202, j=1:0.750, j=2:0.048
      i= 3 -> j=0:0.001, j=1:0.287, j=2:0.688, j=3:0.024
      i= 4 -> j=0:0.000, j=1:0.000, j=2:0.094, j=3:0.846, j=4:0.060
      i= 5 -> j=0:0.000, j=1:0.000, j=2:0.005, j=3:0.342, j=4:0.640, j=5:0.013
      i= 6 -> j=0:0.000, j=1:0.000, j=2:0.000, j=3:0.012, j=4:0.420, j=5:0.528, j=6:0.040
      i= 7 -> j=0:0.000, j=1:0.000, j=2:0.000, j=3:0.000, j=4:0.001, j=5:0.327, j=6:0.620, j=7:0.052
      i= 8 -> j=0:0.000, j=1:0.000, j=2:0.000, j=3:0.000, j=4:0.000, j=5:0.001, j=6:0.064, j=7:0.857, j=8:0.078
      i= 9 -> j=0:0.000, j=1:0.000, j=2:0.000, j=3:0.000, j=4:0.000, j=5:0.000, j=6:0.002, j=7:0.232, j=8:0.695, j=9:0.071
      i=10 -> j=0:0.000, j=1:0.000, j=2:0.000, j=3:0.000, j=4:0.000, j=5:0.000, j=6:0.000, j=7:0.002, j=8:0.183, j=9:0.749, j=10:0.066
      i=11 -> j=0:0.000, j=1:0.000, j=2:0.000, j=3:0.000, j=4:0.000, j=5:0.000, j=6:0.000, j=7:0.000, j=8:0.001, j=9:0.143, j=10:0.799, j=11:0.057
      i=12 -> j=0:0.000, j=1:0.000, j=2:0.000, j=3:0.000, j=4:0.000, j=5:0.000, j=6:0.000, j=7:0.000, j=8:0.000, j=9:0.001, j=10:0.160, j=11:0.805, j=12:0.033
      i=13 -> j=0:0.000, j=1:0.000, j=2:0.000, j=3:0.000, j=4:0.000, j=5:0.000, j=6:0.000, j=7:0.000, j=8:0.000, j=9:0.000, j=10:0.000, j=11:0.034, j=12:0.831, j=13:0.135
      i=14 -> j=0:0.000, j=1:0.000, j=2:0.000, j=3:0.000, j=4:0.000, j=5:0.000, j=6:0.000, j=7:0.000, j=8:0.000, j=9:0.000, j=10:0.000, j=11:0.002, j=12:0.363, j=13:0.591, j=14:0.044
      i=15 -> j=0:0.000, j=1:0.000, j=2:0.000, j=3:0.000, j=4:0.000, j=5:0.000, j=6:0.000, j=7:0.000, j=8:0.000, j=9:0.000, j=10:0.000, j=11:0.000, j=12:0.003, j=13:0.233, j=14:0.740, j=15:0.024
      i=16 -> j=0:0.000, j=1:0.000, j=2:0.000, j=3:0.000, j=4:0.000, j=5:0.000, j=6:0.000, j=7:0.000, j=8:0.000, j=9:0.000, j=10:0.000, j=11:0.000, j=12:0.000, j=13:0.000, j=14:0.078, j=15:0.798, j=16:0.123
      i=17 -> j=0:0.000, j=1:0.000, j=2:0.000, j=3:0.000, j=4:0.000, j=5:0.000, j=6:0.000, j=7:0.000, j=8:0.000, j=9:0.000, j=10:0.000, j=11:0.000, j=12:0.000, j=13:0.000, j=14:0.000, j=15:0.035, j=16:0.568, j=17:0.397
      i=18 -> j=0:0.000, j=1:0.000, j=2:0.000, j=3:0.000, j=4:0.000, j=5:0.000, j=6:0.000, j=7:0.000, j=8:0.000, j=9:0.000, j=10:0.000, j=11:0.000, j=12:0.000, j=13:0.000, j=14:0.000, j=15:0.003, j=16:0.165, j=17:0.818, j=18:0.013
      i=19 -> j=0:0.000, j=1:0.000, j=2:0.000, j=3:0.000, j=4:0.000, j=5:0.000, j=6:0.000, j=7:0.000, j=8:0.000, j=9:0.000, j=10:0.000, j=11:0.000, j=12:0.000, j=13:0.000, j=14:0.000, j=15:0.000, j=16:0.000, j=17:0.095, j=18:0.800, j=19:0.105
      i=20 -> j=0:0.000, j=1:0.000, j=2:0.000, j=3:0.000, j=4:0.000, j=5:0.000, j=6:0.000, j=7:0.000, j=8:0.000, j=9:0.000, j=10:0.000, j=11:0.000, j=12:0.000, j=13:0.000, j=14:0.000, j=15:0.000, j=16:0.000, j=17:0.001, j=18:0.236, j=19:0.718, j=20:0.045
      i=21 -> j=0:0.000, j=1:0.000, j=2:0.000, j=3:0.000, j=4:0.000, j=5:0.000, j=6:0.000, j=7:0.000, j=8:0.000, j=9:0.000, j=10:0.000, j=11:0.000, j=12:0.000, j=13:0.000, j=14:0.000, j=15:0.000, j=16:0.000, j=17:0.000, j=18:0.000, j=19:0.044, j=20:0.715, j=21:0.241
      i=22 -> j=0:0.000, j=1:0.000, j=2:0.000, j=3:0.000, j=4:0.000, j=5:0.000, j=6:0.000, j=7:0.000, j=8:0.000, j=9:0.000, j=10:0.000, j=11:0.000, j=12:0.000, j=13:0.000, j=14:0.000, j=15:0.000, j=16:0.000, j=17:0.000, j=18:0.000, j=19:0.001, j=20:0.102, j=21:0.813, j=22:0.084
      i=23 -> j=0:0.000, j=1:0.000, j=2:0.000, j=3:0.000, j=4:0.000, j=5:0.000, j=6:0.000, j=7:0.000, j=8:0.000, j=9:0.000, j=10:0.000, j=11:0.000, j=12:0.000, j=13:0.000, j=14:0.000, j=15:0.000, j=16:0.000, j=17:0.000, j=18:0.000, j=19:0.000, j=20:0.005, j=21:0.200, j=22:0.744, j=23:0.049
      i=24 -> j=0:0.000, j=1:0.000, j=2:0.000, j=3:0.000, j=4:0.000, j=5:0.000, j=6:0.000, j=7:0.000, j=8:0.000, j=9:0.000, j=10:0.000, j=11:0.000, j=12:0.000, j=13:0.000, j=14:0.000, j=15:0.000, j=16:0.000, j=17:0.000, j=18:0.000, j=19:0.000, j=20:0.000, j=21:0.001, j=22:0.403, j=23:0.580, j=24:0.016
      i=25 -> j=0:0.000, j=1:0.000, j=2:0.000, j=3:0.000, j=4:0.000, j=5:0.000, j=6:0.000, j=7:0.000, j=8:0.000, j=9:0.000, j=10:0.000, j=11:0.000, j=12:0.000, j=13:0.000, j=14:0.000, j=15:0.000, j=16:0.000, j=17:0.000, j=18:0.000, j=19:0.000, j=20:0.000, j=21:0.000, j=22:0.010, j=23:0.298, j=24:0.651, j=25:0.038
      i=26 -> j=0:0.000, j=1:0.000, j=2:0.000, j=3:0.000, j=4:0.000, j=5:0.000, j=6:0.000, j=7:0.000, j=8:0.000, j=9:0.000, j=10:0.000, j=11:0.000, j=12:0.000, j=13:0.000, j=14:0.000, j=15:0.000, j=16:0.000, j=17:0.000, j=18:0.000, j=19:0.000, j=20:0.000, j=21:0.000, j=22:0.000, j=23:0.002, j=24:0.265, j=25:0.622, j=26:0.110
      i=27 -> j=0:0.000, j=1:0.000, j=2:0.000, j=3:0.000, j=4:0.000, j=5:0.000, j=6:0.000, j=7:0.000, j=8:0.000, j=9:0.000, j=10:0.000, j=11:0.000, j=12:0.000, j=13:0.000, j=14:0.000, j=15:0.000, j=16:0.000, j=17:0.000, j=18:0.000, j=19:0.000, j=20:0.000, j=21:0.000, j=22:0.000, j=23:0.000, j=24:0.007, j=25:0.217, j=26:0.748, j=27:0.026
      i=28 -> j=0:0.000, j=1:0.000, j=2:0.000, j=3:0.000, j=4:0.000, j=5:0.000, j=6:0.000, j=7:0.000, j=8:0.000, j=9:0.000, j=10:0.000, j=11:0.000, j=12:0.000, j=13:0.000, j=14:0.000, j=15:0.000, j=16:0.000, j=17:0.000, j=18:0.000, j=19:0.000, j=20:0.000, j=21:0.000, j=22:0.000, j=23:0.000, j=24:0.000, j=25:0.004, j=26:0.401, j=27:0.562, j=28:0.032
      i=29 -> j=0:0.000, j=1:0.000, j=2:0.000, j=3:0.000, j=4:0.000, j=5:0.000, j=6:0.000, j=7:0.000, j=8:0.000, j=9:0.000, j=10:0.000, j=11:0.000, j=12:0.000, j=13:0.000, j=14:0.000, j=15:0.000, j=16:0.000, j=17:0.000, j=18:0.000, j=19:0.000, j=20:0.000, j=21:0.000, j=22:0.000, j=23:0.000, j=24:0.000, j=25:0.000, j=26:0.004, j=27:0.239, j=28:0.712, j=29:0.044
      i=30 -> j=0:0.000, j=1:0.000, j=2:0.000, j=3:0.000, j=4:0.000, j=5:0.000, j=6:0.000, j=7:0.000, j=8:0.000, j=9:0.000, j=10:0.000, j=11:0.000, j=12:0.000, j=13:0.000, j=14:0.000, j=15:0.000, j=16:0.000, j=17:0.000, j=18:0.000, j=19:0.000, j=20:0.000, j=21:0.000, j=22:0.000, j=23:0.000, j=24:0.000, j=25:0.000, j=26:0.000, j=27:0.004, j=28:0.333, j=29:0.627, j=30:0.034
      i=31 -> j=0:0.000, j=1:0.000, j=2:0.000, j=3:0.000, j=4:0.000, j=5:0.000, j=6:0.000, j=7:0.000, j=8:0.000, j=9:0.000, j=10:0.000, j=11:0.000, j=12:0.000, j=13:0.000, j=14:0.000, j=15:0.000, j=16:0.000, j=17:0.000, j=18:0.000, j=19:0.000, j=20:0.000, j=21:0.000, j=22:0.000, j=23:0.000, j=24:0.000, j=25:0.000, j=26:0.000, j=27:0.000, j=28:0.000, j=29:0.041, j=30:0.773, j=31:0.186
    Average attention per distance:
      d=0:0.105, d=1:0.720, d=2:0.208


======================================================================
QK Property Verification (Raw Scores, before Softmax)
======================================================================
Recurrence order init_len=2, num test sequences=1

--- [P1] Long-distance Orthogonality Verification ---
Ideal: raw_score mean ≈ 0 and small std when d > init_len

  Layer 0, Head 0:
    d= 1 (effective): mean= 10.300, std= 0.921, n=31
    d= 2 (effective): mean=  8.829, std= 0.624, n=30
    d>2 (long-distance): mean= -1.433, std= 2.802, n=435

--- [P2] Time-homogeneous Verification ---
Ideal: CV of raw_score across positions i ≈ 0 for fixed distance d
(CV = std / |mean|, smaller = more constant)

  Layer 0, Head 0:
    d= 1: mean= 10.300, std= 0.921, CV=0.089, n=31
    d= 2: mean=  8.829, std= 0.624, CV=0.071, n=30

======================================================================
QK Property Verification Completed
======================================================================
