=== Experiment: mixed_cond_d128l1_r8_n2_e50_overlap50 ===
Time: 2026-06-26T15:31:11.793492
Task type: mixed_ab
Merged config: {
  "P": 53,
  "TASK": "mixed_ab",
  "NUM_MASK": 0,
  "A": 1,
  "B": 1,
  "AB_PAIRS": [
    [
      1,
      1
    ],
    [
      1,
      2
    ]
  ],
  "D_MODEL": 128,
  "N_HEAD": 1,
  "N_LAYER": 1,
  "BATCH_SIZE": 128,
  "EPOCHS": 10000,
  "LR": 0.0003,
  "SAVE_PATH": "models/mixed_cond_d128l1_r8_n2_e50_overlap50.pth",
  "USE_GREEDY_GENERATE": true,
  "USE_LEARNABLE_PE": false,
  "MLP_RATIO": 8,
  "TRAIN_LEN": 16,
  "OOD_LEN": 32,
  "DROPOUT": 0.0,
  "TARGET_INIT_COVERAGE": 0.5,
  "MAX_UNIQUE_RATIO": 0.5,
  "WEIGHT_DECAY": 1,
  "ENTROPY_PENALTY_WEIGHT": 0.0,
  "FIRST_TASK_WEIGHT": 1.0,
  "RANDOM_SEED": 42,
  "EVAL_INTERVAL": 20,
  "EARLY_STOP_NO_IMPROVE": 1000,
  "EARLY_STOP_ACCURACY": 0.99,
  "USE_AB_TAG": false,
  "USE_CONDITIONAL_WTE": true,
  "COND_WTE_SHARED_RATIO": 0.5,
  "MIXED_AB_MAX_UNIQUE_RATIOS": [
    0.5,
    0.5
  ],
  "SKIP_FINAL_GENERATION_TEST": true
}
--- output ---
Using device: cuda

[Dataset] Mixed mode: generated 2808 + 2810 samples, length 16
AB parameter pairs: [(1, 1), (1, 2)]
  - AB=(1,1): train 1404 | test 1405 | exposed ~50.0%
  - AB=(1,2): train 1404 | test 1405 | exposed ~50.0%
--------------------------------------------------
[Model config] block_size: 32, train length: 16
[Number theory] AB parameter pairs: [(1, 1), (1, 2)]


Model parameters: 0.36M

Start training...
Epoch   0 | Train: Loss=4.2162 Acc=3.8% | Test: Acc=0.3% | Best=0.3%(@0)
  from x3: 0.00 0.00 0.00 0.00 0.00 0.00 0.00 0.00 0.00 0.00 0.00 0.00 0.00
  per-rule acc: 0.00 0.00
Epoch  20 | Train: Loss=1.0815 Acc=95.2% | Test: Acc=0.8% | Best=0.8%(@20)
  from x3: 0.01 0.01 0.01 0.01 0.01 0.01 0.01 0.01 0.01 0.01 0.00 0.00 0.00
  per-rule acc: 0.01 0.01
Epoch  40 | Train: Loss=0.2291 Acc=98.8% | Test: Acc=1.6% | Best=1.6%(@40)
  from x3: 0.02 0.02 0.02 0.02 0.02 0.02 0.01 0.01 0.01 0.01 0.01 0.01 0.01
  per-rule acc: 0.02 0.02
Epoch  60 | Train: Loss=0.1330 Acc=99.0% | Test: Acc=1.7% | Best=1.7%(@60)
  from x3: 0.02 0.02 0.02 0.02 0.02 0.02 0.02 0.02 0.02 0.02 0.02 0.02 0.02
  per-rule acc: 0.02 0.02
Epoch  80 | Train: Loss=0.1130 Acc=99.2% | Test: Acc=1.8% | Best=1.8%(@80)
  from x3: 0.02 0.02 0.02 0.02 0.02 0.02 0.02 0.02 0.02 0.02 0.02 0.02 0.02
  per-rule acc: 0.02 0.02
Epoch 100 | Train: Loss=0.0907 Acc=99.4% | Test: Acc=1.9% | Best=1.9%(@100)
  from x3: 0.02 0.02 0.02 0.02 0.02 0.02 0.02 0.02 0.02 0.02 0.02 0.02 0.02
  per-rule acc: 0.02 0.02
Epoch 120 | Train: Loss=0.0779 Acc=99.5% | Test: Acc=1.9% | Best=1.9%(@120)
  from x3: 0.02 0.02 0.02 0.02 0.02 0.02 0.02 0.02 0.02 0.02 0.02 0.02 0.02
  per-rule acc: 0.02 0.02
Epoch 140 | Train: Loss=0.0631 Acc=99.6% | Test: Acc=2.0% | Best=2.0%(@140)
  from x3: 0.02 0.02 0.02 0.02 0.02 0.02 0.02 0.02 0.02 0.02 0.02 0.02 0.02
  per-rule acc: 0.02 0.02
Epoch 160 | Train: Loss=0.0586 Acc=99.6% | Test: Acc=1.8% | Best=2.0%(@140)
  from x3: 0.02 0.02 0.02 0.02 0.02 0.02 0.02 0.02 0.02 0.02 0.02 0.02 0.02
  per-rule acc: 0.02 0.02
Epoch 180 | Train: Loss=0.0484 Acc=99.7% | Test: Acc=2.1% | Best=2.1%(@180)
  from x3: 0.02 0.02 0.02 0.02 0.02 0.02 0.02 0.02 0.02 0.02 0.02 0.02 0.02
  per-rule acc: 0.02 0.02
Epoch 200 | Train: Loss=0.0315 Acc=99.8% | Test: Acc=2.1% | Best=2.1%(@200)
  from x3: 0.02 0.02 0.02 0.02 0.02 0.02 0.02 0.02 0.02 0.02 0.02 0.02 0.02
  per-rule acc: 0.02 0.02
Epoch 220 | Train: Loss=0.0381 Acc=99.8% | Test: Acc=2.1% | Best=2.1%(@200)
  from x3: 0.02 0.02 0.02 0.02 0.02 0.02 0.02 0.02 0.02 0.02 0.02 0.02 0.02
  per-rule acc: 0.02 0.02
Epoch 240 | Train: Loss=0.0369 Acc=99.8% | Test: Acc=2.2% | Best=2.2%(@240)
  from x3: 0.02 0.02 0.02 0.02 0.02 0.02 0.02 0.02 0.02 0.02 0.02 0.02 0.02
  per-rule acc: 0.02 0.02
Epoch 260 | Train: Loss=0.0270 Acc=99.9% | Test: Acc=2.2% | Best=2.2%(@240)
  from x3: 0.02 0.02 0.02 0.02 0.02 0.02 0.02 0.02 0.02 0.02 0.02 0.02 0.02
  per-rule acc: 0.02 0.02
Epoch 280 | Train: Loss=0.0311 Acc=99.8% | Test: Acc=2.1% | Best=2.2%(@240)
  from x3: 0.02 0.02 0.02 0.02 0.02 0.02 0.02 0.02 0.02 0.02 0.02 0.02 0.02
  per-rule acc: 0.02 0.02
Epoch 300 | Train: Loss=0.0243 Acc=99.9% | Test: Acc=2.3% | Best=2.3%(@300)
  from x3: 0.02 0.02 0.02 0.02 0.02 0.02 0.02 0.02 0.02 0.02 0.02 0.02 0.02
  per-rule acc: 0.02 0.03
Epoch 320 | Train: Loss=0.0286 Acc=99.9% | Test: Acc=2.2% | Best=2.3%(@300)
  from x3: 0.02 0.02 0.02 0.02 0.02 0.02 0.02 0.02 0.02 0.02 0.02 0.02 0.02
  per-rule acc: 0.02 0.02
Epoch 340 | Train: Loss=0.0263 Acc=99.9% | Test: Acc=2.2% | Best=2.3%(@300)
  from x3: 0.02 0.02 0.02 0.02 0.02 0.02 0.02 0.02 0.02 0.02 0.02 0.02 0.02
  per-rule acc: 0.02 0.02
Epoch 360 | Train: Loss=0.0311 Acc=99.9% | Test: Acc=2.3% | Best=2.3%(@300)
  from x3: 0.02 0.02 0.02 0.02 0.02 0.02 0.02 0.02 0.02 0.02 0.02 0.02 0.02
  per-rule acc: 0.02 0.03
Epoch 380 | Train: Loss=0.0334 Acc=99.8% | Test: Acc=2.3% | Best=2.3%(@380)
  from x3: 0.02 0.02 0.02 0.02 0.02 0.02 0.02 0.02 0.02 0.02 0.02 0.02 0.02
  per-rule acc: 0.02 0.03
Epoch 400 | Train: Loss=0.0323 Acc=99.8% | Test: Acc=2.2% | Best=2.3%(@380)
  from x3: 0.02 0.02 0.02 0.02 0.02 0.02 0.02 0.02 0.02 0.02 0.02 0.02 0.02
  per-rule acc: 0.02 0.03
Epoch 420 | Train: Loss=0.0242 Acc=99.9% | Test: Acc=2.2% | Best=2.3%(@380)
  from x3: 0.02 0.02 0.02 0.02 0.02 0.02 0.02 0.02 0.02 0.02 0.02 0.02 0.02
  per-rule acc: 0.02 0.02
Epoch 440 | Train: Loss=0.0258 Acc=99.9% | Test: Acc=2.4% | Best=2.4%(@440)
  from x3: 0.03 0.02 0.02 0.02 0.02 0.02 0.02 0.02 0.02 0.02 0.02 0.02 0.02
  per-rule acc: 0.02 0.03
Epoch 460 | Train: Loss=0.0326 Acc=99.8% | Test: Acc=2.3% | Best=2.4%(@440)
  from x3: 0.02 0.02 0.02 0.02 0.02 0.02 0.02 0.02 0.02 0.02 0.02 0.02 0.02
  per-rule acc: 0.02 0.03
Epoch 480 | Train: Loss=0.0313 Acc=99.9% | Test: Acc=2.3% | Best=2.4%(@440)
  from x3: 0.03 0.02 0.02 0.02 0.02 0.02 0.02 0.02 0.02 0.02 0.02 0.02 0.02
  per-rule acc: 0.02 0.03
Epoch 500 | Train: Loss=0.0235 Acc=99.9% | Test: Acc=2.6% | Best=2.6%(@500)
  from x3: 0.03 0.03 0.03 0.03 0.03 0.03 0.03 0.03 0.03 0.03 0.03 0.03 0.03
  per-rule acc: 0.03 0.03
Epoch 520 | Train: Loss=0.0286 Acc=99.9% | Test: Acc=2.3% | Best=2.6%(@500)
  from x3: 0.03 0.02 0.02 0.02 0.02 0.02 0.02 0.02 0.02 0.02 0.02 0.02 0.02
  per-rule acc: 0.02 0.03
Epoch 540 | Train: Loss=0.0325 Acc=99.8% | Test: Acc=2.7% | Best=2.7%(@540)
  from x3: 0.03 0.03 0.03 0.03 0.03 0.03 0.03 0.03 0.03 0.03 0.03 0.03 0.03
  per-rule acc: 0.02 0.03
Epoch 560 | Train: Loss=0.0264 Acc=99.9% | Test: Acc=2.7% | Best=2.7%(@540)
  from x3: 0.03 0.03 0.03 0.03 0.03 0.03 0.03 0.03 0.03 0.03 0.03 0.03 0.03
  per-rule acc: 0.03 0.03
Epoch 580 | Train: Loss=0.0252 Acc=99.9% | Test: Acc=2.8% | Best=2.8%(@580)
  from x3: 0.03 0.03 0.03 0.03 0.03 0.03 0.03 0.03 0.03 0.03 0.03 0.03 0.03
  per-rule acc: 0.03 0.03
Epoch 600 | Train: Loss=0.0246 Acc=99.9% | Test: Acc=2.9% | Best=2.9%(@600)
  from x3: 0.03 0.03 0.03 0.03 0.03 0.03 0.03 0.03 0.03 0.03 0.03 0.03 0.03
  per-rule acc: 0.03 0.03
Epoch 620 | Train: Loss=0.0229 Acc=99.9% | Test: Acc=3.1% | Best=3.1%(@620)
  from x3: 0.03 0.03 0.03 0.03 0.03 0.03 0.03 0.03 0.03 0.03 0.03 0.03 0.03
  per-rule acc: 0.03 0.03
Epoch 640 | Train: Loss=0.0275 Acc=99.9% | Test: Acc=2.9% | Best=3.1%(@620)
  from x3: 0.03 0.03 0.03 0.03 0.03 0.03 0.03 0.03 0.03 0.03 0.03 0.03 0.03
  per-rule acc: 0.03 0.03
Epoch 660 | Train: Loss=0.0199 Acc=99.9% | Test: Acc=3.0% | Best=3.1%(@620)
  from x3: 0.03 0.03 0.03 0.03 0.03 0.03 0.03 0.03 0.03 0.03 0.03 0.03 0.03
  per-rule acc: 0.03 0.03
Epoch 680 | Train: Loss=0.0197 Acc=99.9% | Test: Acc=3.2% | Best=3.2%(@680)
  from x3: 0.03 0.03 0.03 0.03 0.03 0.03 0.03 0.03 0.03 0.03 0.03 0.03 0.03
  per-rule acc: 0.03 0.03
Epoch 700 | Train: Loss=0.0224 Acc=99.9% | Test: Acc=3.4% | Best=3.4%(@700)
  from x3: 0.04 0.03 0.03 0.03 0.03 0.03 0.03 0.03 0.03 0.03 0.03 0.03 0.03
  per-rule acc: 0.04 0.03
Epoch 720 | Train: Loss=0.0192 Acc=99.9% | Test: Acc=3.8% | Best=3.8%(@720)
  from x3: 0.04 0.04 0.04 0.04 0.04 0.04 0.04 0.04 0.04 0.04 0.04 0.04 0.04
  per-rule acc: 0.04 0.03
Epoch 740 | Train: Loss=0.0182 Acc=100.0% | Test: Acc=3.4% | Best=3.8%(@720)
  from x3: 0.04 0.03 0.03 0.03 0.03 0.03 0.03 0.03 0.03 0.03 0.03 0.03 0.03
  per-rule acc: 0.04 0.03
Epoch 760 | Train: Loss=0.0234 Acc=99.9% | Test: Acc=4.1% | Best=4.1%(@760)
  from x3: 0.05 0.04 0.04 0.04 0.04 0.04 0.04 0.04 0.04 0.04 0.04 0.04 0.04
  per-rule acc: 0.04 0.04
Epoch 780 | Train: Loss=0.0095 Acc=100.0% | Test: Acc=4.2% | Best=4.2%(@780)
  from x3: 0.04 0.04 0.04 0.04 0.04 0.04 0.04 0.04 0.04 0.04 0.04 0.04 0.04
  per-rule acc: 0.05 0.04
Epoch 800 | Train: Loss=0.0146 Acc=100.0% | Test: Acc=4.4% | Best=4.4%(@800)
  from x3: 0.04 0.05 0.04 0.04 0.04 0.04 0.04 0.04 0.04 0.04 0.04 0.04 0.04
  per-rule acc: 0.05 0.04
Epoch 820 | Train: Loss=0.0174 Acc=99.9% | Test: Acc=4.5% | Best=4.5%(@820)
  from x3: 0.05 0.05 0.04 0.04 0.04 0.05 0.05 0.05 0.05 0.05 0.05 0.05 0.05
  per-rule acc: 0.05 0.04
Epoch 840 | Train: Loss=0.0205 Acc=100.0% | Test: Acc=4.9% | Best=4.9%(@840)
  from x3: 0.05 0.05 0.05 0.05 0.05 0.05 0.05 0.05 0.05 0.05 0.05 0.05 0.05
  per-rule acc: 0.06 0.04
Epoch 860 | Train: Loss=0.0189 Acc=100.0% | Test: Acc=5.3% | Best=5.3%(@860)
  from x3: 0.05 0.05 0.06 0.05 0.05 0.05 0.05 0.05 0.05 0.05 0.05 0.05 0.05
  per-rule acc: 0.07 0.04
Epoch 880 | Train: Loss=0.0122 Acc=100.0% | Test: Acc=5.7% | Best=5.7%(@880)
  from x3: 0.06 0.06 0.06 0.06 0.06 0.06 0.06 0.06 0.06 0.06 0.06 0.06 0.06
  per-rule acc: 0.07 0.04
Epoch 900 | Train: Loss=0.0137 Acc=100.0% | Test: Acc=5.9% | Best=5.9%(@900)
  from x3: 0.06 0.06 0.06 0.06 0.06 0.06 0.06 0.06 0.06 0.06 0.06 0.06 0.06
  per-rule acc: 0.07 0.04
Epoch 920 | Train: Loss=0.0134 Acc=100.0% | Test: Acc=5.6% | Best=5.9%(@900)
  from x3: 0.06 0.06 0.06 0.06 0.06 0.06 0.06 0.06 0.06 0.06 0.06 0.06 0.06
  per-rule acc: 0.07 0.04
Epoch 940 | Train: Loss=0.0105 Acc=100.0% | Test: Acc=6.5% | Best=6.5%(@940)
  from x3: 0.06 0.07 0.07 0.07 0.07 0.07 0.07 0.07 0.06 0.06 0.07 0.07 0.07
  per-rule acc: 0.08 0.05
Epoch 960 | Train: Loss=0.0180 Acc=100.0% | Test: Acc=6.6% | Best=6.6%(@960)
  from x3: 0.07 0.07 0.07 0.06 0.06 0.06 0.06 0.07 0.07 0.07 0.07 0.07 0.07
  per-rule acc: 0.08 0.05
Epoch 980 | Train: Loss=0.0262 Acc=99.9% | Test: Acc=6.2% | Best=6.6%(@960)
  from x3: 0.06 0.06 0.06 0.06 0.06 0.06 0.06 0.06 0.06 0.06 0.06 0.06 0.06
  per-rule acc: 0.07 0.05
Epoch 1000 | Train: Loss=0.0101 Acc=100.0% | Test: Acc=7.5% | Best=7.5%(@1000)
  from x3: 0.07 0.08 0.08 0.08 0.07 0.08 0.08 0.07 0.08 0.07 0.07 0.08 0.07
  per-rule acc: 0.10 0.05
Epoch 1020 | Train: Loss=0.0080 Acc=100.0% | Test: Acc=8.8% | Best=8.8%(@1020)
  from x3: 0.09 0.09 0.09 0.09 0.09 0.09 0.09 0.09 0.09 0.09 0.09 0.09 0.09
  per-rule acc: 0.11 0.06
Epoch 1040 | Train: Loss=0.0140 Acc=100.0% | Test: Acc=9.1% | Best=9.1%(@1040)
  from x3: 0.09 0.09 0.09 0.09 0.09 0.09 0.09 0.09 0.09 0.09 0.09 0.09 0.09
  per-rule acc: 0.12 0.06
Epoch 1060 | Train: Loss=0.0130 Acc=100.0% | Test: Acc=9.0% | Best=9.1%(@1040)
  from x3: 0.09 0.09 0.09 0.09 0.09 0.09 0.09 0.09 0.09 0.09 0.09 0.09 0.09
  per-rule acc: 0.12 0.06
Epoch 1080 | Train: Loss=0.0111 Acc=100.0% | Test: Acc=8.9% | Best=9.1%(@1040)
  from x3: 0.09 0.09 0.09 0.09 0.09 0.09 0.09 0.09 0.09 0.09 0.09 0.09 0.09
  per-rule acc: 0.12 0.06
Epoch 1100 | Train: Loss=0.0162 Acc=100.0% | Test: Acc=9.8% | Best=9.8%(@1100)
  from x3: 0.10 0.10 0.10 0.10 0.10 0.10 0.10 0.10 0.10 0.10 0.10 0.10 0.10
  per-rule acc: 0.13 0.07
Epoch 1120 | Train: Loss=0.0081 Acc=100.0% | Test: Acc=11.1% | Best=11.1%(@1120)
  from x3: 0.11 0.11 0.11 0.11 0.11 0.11 0.11 0.11 0.11 0.11 0.11 0.11 0.11
  per-rule acc: 0.15 0.07
Epoch 1140 | Train: Loss=0.0144 Acc=99.9% | Test: Acc=10.3% | Best=11.1%(@1120)
  from x3: 0.10 0.10 0.10 0.10 0.10 0.10 0.10 0.10 0.10 0.10 0.10 0.10 0.10
  per-rule acc: 0.14 0.07
Epoch 1160 | Train: Loss=0.0112 Acc=100.0% | Test: Acc=11.6% | Best=11.6%(@1160)
  from x3: 0.12 0.11 0.11 0.12 0.12 0.12 0.12 0.12 0.12 0.12 0.12 0.12 0.12
  per-rule acc: 0.15 0.08
Epoch 1180 | Train: Loss=0.0062 Acc=100.0% | Test: Acc=12.9% | Best=12.9%(@1180)
  from x3: 0.13 0.13 0.13 0.13 0.13 0.13 0.13 0.13 0.13 0.13 0.13 0.13 0.13
  per-rule acc: 0.17 0.09
Epoch 1200 | Train: Loss=0.0103 Acc=100.0% | Test: Acc=13.1% | Best=13.1%(@1200)
  from x3: 0.13 0.13 0.13 0.13 0.13 0.13 0.13 0.13 0.13 0.13 0.13 0.13 0.13
  per-rule acc: 0.18 0.09
Epoch 1220 | Train: Loss=0.0073 Acc=100.0% | Test: Acc=13.7% | Best=13.7%(@1220)
  from x3: 0.14 0.14 0.14 0.14 0.14 0.14 0.14 0.14 0.14 0.14 0.14 0.14 0.14
  per-rule acc: 0.18 0.09
Epoch 1240 | Train: Loss=0.0110 Acc=100.0% | Test: Acc=13.4% | Best=13.7%(@1220)
  from x3: 0.13 0.13 0.13 0.13 0.13 0.13 0.13 0.13 0.13 0.13 0.13 0.13 0.14
  per-rule acc: 0.17 0.09
Epoch 1260 | Train: Loss=0.0080 Acc=100.0% | Test: Acc=15.0% | Best=15.0%(@1260)
  from x3: 0.15 0.15 0.15 0.15 0.15 0.15 0.15 0.15 0.15 0.15 0.15 0.15 0.15
  per-rule acc: 0.20 0.10
Epoch 1280 | Train: Loss=0.0133 Acc=99.9% | Test: Acc=14.9% | Best=15.0%(@1260)
  from x3: 0.14 0.15 0.15 0.15 0.15 0.15 0.15 0.15 0.15 0.15 0.15 0.15 0.15
  per-rule acc: 0.20 0.10
Epoch 1300 | Train: Loss=0.0086 Acc=100.0% | Test: Acc=17.0% | Best=17.0%(@1300)
  from x3: 0.17 0.17 0.17 0.17 0.17 0.17 0.17 0.17 0.17 0.17 0.17 0.17 0.17
  per-rule acc: 0.23 0.11
Epoch 1320 | Train: Loss=0.0103 Acc=100.0% | Test: Acc=16.9% | Best=17.0%(@1300)
  from x3: 0.17 0.17 0.17 0.17 0.17 0.17 0.17 0.17 0.17 0.17 0.17 0.17 0.17
  per-rule acc: 0.22 0.11
Epoch 1340 | Train: Loss=0.0195 Acc=100.0% | Test: Acc=16.4% | Best=17.0%(@1300)
  from x3: 0.16 0.16 0.16 0.16 0.17 0.16 0.16 0.16 0.16 0.16 0.17 0.17 0.16
  per-rule acc: 0.22 0.10
Epoch 1360 | Train: Loss=0.0116 Acc=100.0% | Test: Acc=18.4% | Best=18.4%(@1360)
  from x3: 0.18 0.18 0.18 0.18 0.18 0.18 0.18 0.18 0.18 0.18 0.18 0.18 0.18
  per-rule acc: 0.24 0.13
Epoch 1380 | Train: Loss=0.0119 Acc=99.9% | Test: Acc=18.4% | Best=18.4%(@1380)
  from x3: 0.19 0.18 0.18 0.18 0.18 0.18 0.18 0.19 0.18 0.19 0.19 0.19 0.19
  per-rule acc: 0.25 0.12
Epoch 1400 | Train: Loss=0.0095 Acc=100.0% | Test: Acc=20.1% | Best=20.1%(@1400)
  from x3: 0.20 0.20 0.20 0.20 0.20 0.20 0.20 0.20 0.20 0.20 0.20 0.20 0.20
  per-rule acc: 0.27 0.13
Epoch 1420 | Train: Loss=0.0114 Acc=100.0% | Test: Acc=20.7% | Best=20.7%(@1420)
  from x3: 0.21 0.20 0.20 0.21 0.21 0.21 0.21 0.21 0.21 0.21 0.21 0.21 0.21
  per-rule acc: 0.28 0.14
Epoch 1440 | Train: Loss=0.0141 Acc=99.9% | Test: Acc=21.6% | Best=21.6%(@1440)
  from x3: 0.21 0.21 0.21 0.22 0.21 0.22 0.22 0.22 0.22 0.22 0.22 0.22 0.22
  per-rule acc: 0.28 0.15
Epoch 1460 | Train: Loss=0.0065 Acc=100.0% | Test: Acc=24.4% | Best=24.4%(@1460)
  from x3: 0.24 0.24 0.25 0.25 0.25 0.25 0.24 0.25 0.24 0.24 0.24 0.24 0.24
  per-rule acc: 0.32 0.17
Epoch 1480 | Train: Loss=0.0119 Acc=99.9% | Test: Acc=23.3% | Best=24.4%(@1460)
  from x3: 0.23 0.23 0.23 0.23 0.23 0.23 0.23 0.23 0.23 0.23 0.23 0.23 0.23
  per-rule acc: 0.30 0.16
Epoch 1500 | Train: Loss=0.0162 Acc=99.9% | Test: Acc=22.7% | Best=24.4%(@1460)
  from x3: 0.22 0.22 0.23 0.23 0.23 0.23 0.23 0.23 0.23 0.23 0.23 0.23 0.23
  per-rule acc: 0.29 0.16
Epoch 1520 | Train: Loss=0.0158 Acc=99.9% | Test: Acc=24.1% | Best=24.4%(@1460)
  from x3: 0.24 0.24 0.24 0.24 0.24 0.24 0.24 0.24 0.24 0.24 0.24 0.24 0.24
  per-rule acc: 0.32 0.16
Epoch 1540 | Train: Loss=0.0074 Acc=100.0% | Test: Acc=27.8% | Best=27.8%(@1540)
  from x3: 0.28 0.28 0.28 0.28 0.28 0.28 0.28 0.28 0.28 0.28 0.28 0.28 0.28
  per-rule acc: 0.36 0.19
Epoch 1560 | Train: Loss=0.0079 Acc=100.0% | Test: Acc=28.4% | Best=28.4%(@1560)
  from x3: 0.28 0.28 0.28 0.28 0.28 0.28 0.28 0.28 0.28 0.28 0.28 0.28 0.28
  per-rule acc: 0.36 0.21
Epoch 1580 | Train: Loss=0.0072 Acc=100.0% | Test: Acc=29.8% | Best=29.8%(@1580)
  from x3: 0.30 0.30 0.30 0.30 0.30 0.30 0.30 0.30 0.30 0.30 0.30 0.30 0.30
  per-rule acc: 0.37 0.22
Epoch 1600 | Train: Loss=0.0105 Acc=100.0% | Test: Acc=29.8% | Best=29.8%(@1600)
  from x3: 0.29 0.30 0.30 0.30 0.30 0.30 0.30 0.30 0.30 0.30 0.30 0.30 0.30
  per-rule acc: 0.37 0.22
Epoch 1620 | Train: Loss=0.0095 Acc=100.0% | Test: Acc=30.4% | Best=30.4%(@1620)
  from x3: 0.31 0.30 0.30 0.30 0.30 0.30 0.30 0.30 0.30 0.30 0.30 0.30 0.30
  per-rule acc: 0.37 0.23
Epoch 1640 | Train: Loss=0.0065 Acc=100.0% | Test: Acc=31.7% | Best=31.7%(@1640)
  from x3: 0.32 0.32 0.32 0.32 0.32 0.32 0.32 0.32 0.32 0.32 0.31 0.31 0.32
  per-rule acc: 0.40 0.23
Epoch 1660 | Train: Loss=0.0078 Acc=100.0% | Test: Acc=32.8% | Best=32.8%(@1660)
  from x3: 0.33 0.33 0.33 0.33 0.33 0.33 0.33 0.33 0.33 0.33 0.33 0.33 0.33
  per-rule acc: 0.41 0.25
Epoch 1680 | Train: Loss=0.0080 Acc=100.0% | Test: Acc=33.2% | Best=33.2%(@1680)
  from x3: 0.33 0.33 0.33 0.33 0.33 0.33 0.33 0.33 0.33 0.33 0.33 0.33 0.33
  per-rule acc: 0.41 0.25
Epoch 1700 | Train: Loss=0.0072 Acc=100.0% | Test: Acc=35.1% | Best=35.1%(@1700)
  from x3: 0.35 0.35 0.35 0.35 0.35 0.35 0.35 0.35 0.35 0.35 0.35 0.35 0.35
  per-rule acc: 0.42 0.29
Epoch 1720 | Train: Loss=0.0116 Acc=100.0% | Test: Acc=35.0% | Best=35.1%(@1700)
  from x3: 0.35 0.35 0.35 0.35 0.35 0.35 0.35 0.35 0.35 0.35 0.35 0.35 0.35
  per-rule acc: 0.43 0.27
Epoch 1740 | Train: Loss=0.0097 Acc=100.0% | Test: Acc=36.1% | Best=36.1%(@1740)
  from x3: 0.36 0.37 0.36 0.36 0.36 0.36 0.36 0.36 0.36 0.36 0.36 0.36 0.36
  per-rule acc: 0.43 0.29
Epoch 1760 | Train: Loss=0.0168 Acc=99.9% | Test: Acc=36.2% | Best=36.2%(@1760)
  from x3: 0.36 0.37 0.37 0.36 0.36 0.36 0.36 0.36 0.36 0.36 0.36 0.36 0.36
  per-rule acc: 0.44 0.29
Epoch 1780 | Train: Loss=0.0055 Acc=100.0% | Test: Acc=40.9% | Best=40.9%(@1780)
  from x3: 0.41 0.41 0.41 0.41 0.41 0.41 0.41 0.41 0.41 0.41 0.41 0.41 0.41
  per-rule acc: 0.48 0.34
Epoch 1800 | Train: Loss=0.0077 Acc=100.0% | Test: Acc=39.5% | Best=40.9%(@1780)
  from x3: 0.39 0.40 0.40 0.40 0.40 0.40 0.40 0.39 0.40 0.39 0.39 0.39 0.39
  per-rule acc: 0.46 0.33
Epoch 1820 | Train: Loss=0.0081 Acc=100.0% | Test: Acc=40.3% | Best=40.9%(@1780)
  from x3: 0.40 0.40 0.40 0.41 0.40 0.41 0.40 0.40 0.40 0.40 0.40 0.40 0.40
  per-rule acc: 0.47 0.33
Epoch 1840 | Train: Loss=0.0037 Acc=100.0% | Test: Acc=45.2% | Best=45.2%(@1840)
  from x3: 0.45 0.46 0.45 0.45 0.45 0.45 0.45 0.45 0.45 0.45 0.45 0.45 0.45
  per-rule acc: 0.50 0.40
Epoch 1860 | Train: Loss=0.0087 Acc=100.0% | Test: Acc=43.6% | Best=45.2%(@1840)
  from x3: 0.43 0.43 0.44 0.44 0.44 0.44 0.44 0.44 0.44 0.44 0.44 0.44 0.44
  per-rule acc: 0.50 0.38
Epoch 1880 | Train: Loss=0.0125 Acc=100.0% | Test: Acc=42.6% | Best=45.2%(@1840)
  from x3: 0.42 0.42 0.42 0.43 0.43 0.43 0.43 0.43 0.43 0.43 0.43 0.43 0.42
  per-rule acc: 0.48 0.37
Epoch 1900 | Train: Loss=0.0094 Acc=100.0% | Test: Acc=45.1% | Best=45.2%(@1840)
  from x3: 0.45 0.45 0.46 0.45 0.45 0.45 0.45 0.45 0.45 0.45 0.45 0.45 0.45
  per-rule acc: 0.51 0.40
Epoch 1920 | Train: Loss=0.0092 Acc=100.0% | Test: Acc=45.2% | Best=45.2%(@1840)
  from x3: 0.45 0.45 0.45 0.45 0.45 0.45 0.45 0.45 0.45 0.45 0.45 0.45 0.45
  per-rule acc: 0.51 0.40
Epoch 1940 | Train: Loss=0.0056 Acc=100.0% | Test: Acc=48.9% | Best=48.9%(@1940)
  from x3: 0.49 0.49 0.49 0.49 0.49 0.49 0.49 0.49 0.49 0.49 0.49 0.49 0.48
  per-rule acc: 0.54 0.44
Epoch 1960 | Train: Loss=0.0058 Acc=100.0% | Test: Acc=48.9% | Best=48.9%(@1960)
  from x3: 0.49 0.49 0.49 0.49 0.49 0.49 0.49 0.49 0.49 0.49 0.49 0.49 0.49
  per-rule acc: 0.53 0.45
Epoch 1980 | Train: Loss=0.0047 Acc=100.0% | Test: Acc=51.2% | Best=51.2%(@1980)
  from x3: 0.52 0.51 0.51 0.51 0.51 0.51 0.51 0.51 0.51 0.51 0.51 0.51 0.51
  per-rule acc: 0.55 0.48
Epoch 2000 | Train: Loss=0.0089 Acc=100.0% | Test: Acc=49.3% | Best=51.2%(@1980)
  from x3: 0.49 0.50 0.50 0.49 0.49 0.49 0.49 0.49 0.49 0.49 0.49 0.49 0.49
  per-rule acc: 0.53 0.46
Epoch 2020 | Train: Loss=0.0062 Acc=100.0% | Test: Acc=52.2% | Best=52.2%(@2020)
  from x3: 0.52 0.53 0.53 0.52 0.52 0.52 0.52 0.52 0.52 0.52 0.52 0.52 0.52
  per-rule acc: 0.55 0.49
Epoch 2040 | Train: Loss=0.0157 Acc=99.9% | Test: Acc=46.7% | Best=52.2%(@2020)
  from x3: 0.46 0.47 0.47 0.47 0.47 0.47 0.47 0.47 0.47 0.47 0.47 0.47 0.47
  per-rule acc: 0.51 0.42
Epoch 2060 | Train: Loss=0.0053 Acc=100.0% | Test: Acc=54.6% | Best=54.6%(@2060)
  from x3: 0.55 0.55 0.55 0.55 0.55 0.55 0.55 0.55 0.55 0.55 0.55 0.55 0.54
  per-rule acc: 0.56 0.53
Epoch 2080 | Train: Loss=0.0107 Acc=99.9% | Test: Acc=50.4% | Best=54.6%(@2060)
  from x3: 0.50 0.51 0.50 0.51 0.50 0.50 0.50 0.50 0.50 0.50 0.50 0.50 0.50
  per-rule acc: 0.54 0.47
Epoch 2100 | Train: Loss=0.0082 Acc=100.0% | Test: Acc=55.0% | Best=55.0%(@2100)
  from x3: 0.54 0.55 0.55 0.55 0.55 0.55 0.55 0.55 0.55 0.55 0.55 0.55 0.55
  per-rule acc: 0.57 0.53
Epoch 2120 | Train: Loss=0.0045 Acc=100.0% | Test: Acc=57.3% | Best=57.3%(@2120)
  from x3: 0.58 0.58 0.57 0.57 0.57 0.57 0.57 0.58 0.58 0.57 0.57 0.57 0.57
  per-rule acc: 0.59 0.56
Epoch 2140 | Train: Loss=0.0235 Acc=99.8% | Test: Acc=46.9% | Best=57.3%(@2120)
  from x3: 0.47 0.47 0.47 0.47 0.47 0.47 0.47 0.47 0.47 0.47 0.47 0.47 0.47
  per-rule acc: 0.51 0.42
Epoch 2160 | Train: Loss=0.0066 Acc=100.0% | Test: Acc=57.6% | Best=57.6%(@2160)
  from x3: 0.57 0.58 0.58 0.58 0.58 0.58 0.58 0.58 0.58 0.58 0.58 0.58 0.57
  per-rule acc: 0.58 0.57
Epoch 2180 | Train: Loss=0.0052 Acc=100.0% | Test: Acc=59.1% | Best=59.1%(@2180)
  from x3: 0.59 0.59 0.59 0.59 0.59 0.59 0.59 0.59 0.59 0.59 0.59 0.59 0.59
  per-rule acc: 0.60 0.58
Epoch 2200 | Train: Loss=0.0258 Acc=99.8% | Test: Acc=51.4% | Best=59.1%(@2180)
  from x3: 0.51 0.51 0.51 0.51 0.51 0.51 0.51 0.51 0.51 0.51 0.52 0.52 0.52
  per-rule acc: 0.54 0.49
Epoch 2220 | Train: Loss=0.0068 Acc=100.0% | Test: Acc=59.3% | Best=59.3%(@2220)
  from x3: 0.59 0.60 0.59 0.59 0.59 0.59 0.59 0.59 0.60 0.59 0.59 0.59 0.59
  per-rule acc: 0.60 0.59
Epoch 2240 | Train: Loss=0.0111 Acc=100.0% | Test: Acc=58.5% | Best=59.3%(@2220)
  from x3: 0.59 0.59 0.59 0.59 0.59 0.59 0.59 0.58 0.58 0.58 0.58 0.58 0.58
  per-rule acc: 0.59 0.58
Epoch 2260 | Train: Loss=0.0115 Acc=99.9% | Test: Acc=57.2% | Best=59.3%(@2220)
  from x3: 0.57 0.57 0.57 0.57 0.57 0.57 0.57 0.57 0.57 0.57 0.57 0.57 0.57
  per-rule acc: 0.59 0.56
Epoch 2280 | Train: Loss=0.0077 Acc=100.0% | Test: Acc=60.6% | Best=60.6%(@2280)
  from x3: 0.60 0.61 0.61 0.61 0.61 0.61 0.61 0.61 0.61 0.61 0.61 0.61 0.60
  per-rule acc: 0.60 0.61
Epoch 2300 | Train: Loss=0.0046 Acc=100.0% | Test: Acc=63.5% | Best=63.5%(@2300)
  from x3: 0.64 0.64 0.64 0.63 0.63 0.63 0.63 0.63 0.63 0.63 0.63 0.63 0.63
  per-rule acc: 0.63 0.64
Epoch 2320 | Train: Loss=0.0091 Acc=99.9% | Test: Acc=59.1% | Best=63.5%(@2300)
  from x3: 0.59 0.59 0.59 0.59 0.59 0.59 0.59 0.59 0.59 0.59 0.59 0.59 0.59
  per-rule acc: 0.59 0.60
Epoch 2340 | Train: Loss=0.0090 Acc=100.0% | Test: Acc=62.3% | Best=63.5%(@2300)
  from x3: 0.63 0.63 0.62 0.62 0.62 0.62 0.62 0.62 0.62 0.62 0.62 0.62 0.62
  per-rule acc: 0.63 0.62
Epoch 2360 | Train: Loss=0.0048 Acc=100.0% | Test: Acc=66.0% | Best=66.0%(@2360)
  from x3: 0.66 0.66 0.66 0.66 0.66 0.66 0.66 0.66 0.66 0.66 0.66 0.66 0.66
  per-rule acc: 0.64 0.68
Epoch 2380 | Train: Loss=0.0050 Acc=100.0% | Test: Acc=65.7% | Best=66.0%(@2360)
  from x3: 0.66 0.66 0.66 0.65 0.65 0.66 0.66 0.66 0.66 0.66 0.66 0.66 0.66
  per-rule acc: 0.64 0.67
Epoch 2400 | Train: Loss=0.0166 Acc=99.9% | Test: Acc=63.5% | Best=66.0%(@2360)
  from x3: 0.62 0.63 0.64 0.64 0.63 0.64 0.64 0.64 0.64 0.64 0.64 0.64 0.64
  per-rule acc: 0.65 0.62
Epoch 2420 | Train: Loss=0.0058 Acc=100.0% | Test: Acc=66.2% | Best=66.2%(@2420)
  from x3: 0.67 0.67 0.66 0.66 0.66 0.66 0.66 0.66 0.66 0.66 0.66 0.66 0.66
  per-rule acc: 0.64 0.69
Epoch 2440 | Train: Loss=0.0069 Acc=100.0% | Test: Acc=66.7% | Best=66.7%(@2440)
  from x3: 0.66 0.67 0.66 0.67 0.67 0.67 0.67 0.67 0.67 0.67 0.67 0.67 0.67
  per-rule acc: 0.65 0.69
Epoch 2460 | Train: Loss=0.0159 Acc=99.9% | Test: Acc=63.6% | Best=66.7%(@2440)
  from x3: 0.63 0.63 0.63 0.63 0.64 0.64 0.64 0.64 0.64 0.64 0.64 0.64 0.64
  per-rule acc: 0.62 0.65
Epoch 2480 | Train: Loss=0.0052 Acc=100.0% | Test: Acc=69.0% | Best=69.0%(@2480)
  from x3: 0.69 0.70 0.69 0.69 0.69 0.69 0.69 0.69 0.69 0.69 0.69 0.69 0.69
  per-rule acc: 0.66 0.72
Epoch 2500 | Train: Loss=0.0068 Acc=100.0% | Test: Acc=68.4% | Best=69.0%(@2480)
  from x3: 0.68 0.69 0.69 0.68 0.68 0.68 0.69 0.68 0.69 0.69 0.68 0.68 0.68
  per-rule acc: 0.66 0.71
Epoch 2520 | Train: Loss=0.0106 Acc=100.0% | Test: Acc=67.9% | Best=69.0%(@2480)
  from x3: 0.67 0.68 0.68 0.68 0.68 0.68 0.68 0.68 0.68 0.68 0.68 0.68 0.68
  per-rule acc: 0.64 0.71
Epoch 2540 | Train: Loss=0.0062 Acc=100.0% | Test: Acc=69.2% | Best=69.2%(@2540)
  from x3: 0.69 0.69 0.69 0.69 0.69 0.69 0.69 0.69 0.69 0.69 0.69 0.69 0.69
  per-rule acc: 0.66 0.72
Epoch 2560 | Train: Loss=0.0051 Acc=100.0% | Test: Acc=70.9% | Best=70.9%(@2560)
  from x3: 0.71 0.71 0.71 0.71 0.71 0.71 0.71 0.71 0.71 0.71 0.71 0.71 0.70
  per-rule acc: 0.68 0.74
Epoch 2580 | Train: Loss=0.0038 Acc=100.0% | Test: Acc=72.5% | Best=72.5%(@2580)
  from x3: 0.73 0.72 0.72 0.73 0.73 0.73 0.72 0.72 0.72 0.72 0.72 0.72 0.72
  per-rule acc: 0.69 0.76
Epoch 2600 | Train: Loss=0.0084 Acc=100.0% | Test: Acc=71.4% | Best=72.5%(@2580)
  from x3: 0.71 0.71 0.72 0.71 0.71 0.71 0.72 0.71 0.72 0.72 0.72 0.71 0.71
  per-rule acc: 0.68 0.75
Epoch 2620 | Train: Loss=0.0043 Acc=100.0% | Test: Acc=73.3% | Best=73.3%(@2620)
  from x3: 0.73 0.73 0.73 0.73 0.73 0.73 0.73 0.73 0.73 0.73 0.73 0.73 0.73
  per-rule acc: 0.70 0.77
Epoch 2640 | Train: Loss=0.0052 Acc=100.0% | Test: Acc=72.5% | Best=73.3%(@2620)
  from x3: 0.73 0.73 0.73 0.73 0.73 0.73 0.73 0.72 0.73 0.73 0.72 0.72 0.72
  per-rule acc: 0.69 0.76
Epoch 2660 | Train: Loss=0.0129 Acc=100.0% | Test: Acc=70.1% | Best=73.3%(@2620)
  from x3: 0.70 0.70 0.70 0.70 0.70 0.70 0.70 0.70 0.70 0.70 0.70 0.70 0.70
  per-rule acc: 0.67 0.73
Epoch 2680 | Train: Loss=0.0050 Acc=100.0% | Test: Acc=73.4% | Best=73.4%(@2680)
  from x3: 0.73 0.74 0.73 0.73 0.73 0.73 0.74 0.73 0.73 0.73 0.73 0.73 0.74
  per-rule acc: 0.70 0.77
Epoch 2700 | Train: Loss=0.0041 Acc=100.0% | Test: Acc=74.9% | Best=74.9%(@2700)
  from x3: 0.75 0.75 0.75 0.75 0.75 0.75 0.75 0.75 0.75 0.75 0.75 0.75 0.75
  per-rule acc: 0.71 0.79
Epoch 2720 | Train: Loss=0.0072 Acc=100.0% | Test: Acc=73.2% | Best=74.9%(@2700)
  from x3: 0.73 0.73 0.73 0.73 0.73 0.73 0.73 0.73 0.73 0.73 0.73 0.73 0.73
  per-rule acc: 0.69 0.77
Epoch 2740 | Train: Loss=0.0125 Acc=100.0% | Test: Acc=73.0% | Best=74.9%(@2700)
  from x3: 0.72 0.73 0.73 0.73 0.73 0.73 0.73 0.73 0.73 0.73 0.73 0.73 0.73
  per-rule acc: 0.70 0.77
Epoch 2760 | Train: Loss=0.0095 Acc=100.0% | Test: Acc=73.1% | Best=74.9%(@2700)
  from x3: 0.73 0.73 0.74 0.73 0.73 0.73 0.73 0.73 0.73 0.73 0.73 0.73 0.73
  per-rule acc: 0.70 0.77
Epoch 2780 | Train: Loss=0.0129 Acc=99.9% | Test: Acc=72.9% | Best=74.9%(@2700)
  from x3: 0.72 0.73 0.73 0.73 0.73 0.73 0.73 0.73 0.73 0.73 0.73 0.73 0.73
  per-rule acc: 0.70 0.76
Epoch 2800 | Train: Loss=0.0100 Acc=100.0% | Test: Acc=75.2% | Best=75.2%(@2800)
  from x3: 0.75 0.75 0.75 0.75 0.75 0.75 0.75 0.75 0.75 0.75 0.75 0.75 0.75
  per-rule acc: 0.71 0.79
Epoch 2820 | Train: Loss=0.0054 Acc=100.0% | Test: Acc=76.2% | Best=76.2%(@2820)
  from x3: 0.76 0.76 0.77 0.76 0.76 0.76 0.76 0.76 0.76 0.76 0.76 0.76 0.76
  per-rule acc: 0.72 0.80
Epoch 2840 | Train: Loss=0.0055 Acc=100.0% | Test: Acc=76.5% | Best=76.5%(@2840)
  from x3: 0.76 0.77 0.77 0.76 0.77 0.77 0.77 0.77 0.77 0.77 0.76 0.77 0.76
  per-rule acc: 0.72 0.81
Epoch 2860 | Train: Loss=0.0057 Acc=100.0% | Test: Acc=76.0% | Best=76.5%(@2840)
  from x3: 0.75 0.76 0.76 0.76 0.76 0.76 0.76 0.76 0.76 0.76 0.76 0.76 0.76
  per-rule acc: 0.72 0.80
Epoch 2880 | Train: Loss=0.0056 Acc=100.0% | Test: Acc=75.8% | Best=76.5%(@2840)
  from x3: 0.76 0.76 0.76 0.76 0.76 0.76 0.76 0.76 0.76 0.76 0.76 0.76 0.75
  per-rule acc: 0.72 0.80
Epoch 2900 | Train: Loss=0.0093 Acc=100.0% | Test: Acc=76.4% | Best=76.5%(@2840)
  from x3: 0.76 0.77 0.77 0.77 0.76 0.77 0.76 0.76 0.77 0.77 0.77 0.76 0.76
  per-rule acc: 0.73 0.80
Epoch 2920 | Train: Loss=0.0069 Acc=100.0% | Test: Acc=77.6% | Best=77.6%(@2920)
  from x3: 0.77 0.78 0.78 0.78 0.78 0.78 0.78 0.78 0.78 0.78 0.77 0.77 0.77
  per-rule acc: 0.73 0.82
Epoch 2940 | Train: Loss=0.0043 Acc=100.0% | Test: Acc=78.5% | Best=78.5%(@2940)
  from x3: 0.78 0.79 0.79 0.78 0.79 0.79 0.79 0.79 0.79 0.79 0.78 0.78 0.78
  per-rule acc: 0.74 0.83
Epoch 2960 | Train: Loss=0.0047 Acc=100.0% | Test: Acc=78.4% | Best=78.5%(@2940)
  from x3: 0.78 0.79 0.79 0.78 0.78 0.79 0.79 0.79 0.79 0.78 0.78 0.78 0.78
  per-rule acc: 0.75 0.82
Epoch 2980 | Train: Loss=0.0047 Acc=100.0% | Test: Acc=78.3% | Best=78.5%(@2940)
  from x3: 0.79 0.79 0.79 0.78 0.78 0.78 0.78 0.78 0.78 0.78 0.78 0.78 0.78
  per-rule acc: 0.74 0.83
Epoch 3000 | Train: Loss=0.0064 Acc=100.0% | Test: Acc=77.3% | Best=78.5%(@2940)
  from x3: 0.77 0.78 0.78 0.77 0.77 0.77 0.78 0.77 0.77 0.77 0.77 0.77 0.77
  per-rule acc: 0.73 0.82
Epoch 3020 | Train: Loss=0.0110 Acc=99.9% | Test: Acc=78.2% | Best=78.5%(@2940)
  from x3: 0.78 0.78 0.78 0.78 0.78 0.78 0.78 0.78 0.78 0.78 0.78 0.78 0.78
  per-rule acc: 0.73 0.83
Epoch 3040 | Train: Loss=0.0081 Acc=100.0% | Test: Acc=78.1% | Best=78.5%(@2940)
  from x3: 0.78 0.79 0.78 0.78 0.78 0.78 0.78 0.78 0.78 0.78 0.78 0.78 0.78
  per-rule acc: 0.73 0.83
Epoch 3060 | Train: Loss=0.0061 Acc=100.0% | Test: Acc=78.8% | Best=78.8%(@3060)
  from x3: 0.78 0.79 0.79 0.79 0.79 0.79 0.79 0.79 0.79 0.79 0.79 0.79 0.79
  per-rule acc: 0.74 0.83
Epoch 3080 | Train: Loss=0.0060 Acc=100.0% | Test: Acc=79.0% | Best=79.0%(@3080)
  from x3: 0.79 0.79 0.79 0.79 0.79 0.79 0.79 0.79 0.79 0.79 0.79 0.79 0.79
  per-rule acc: 0.74 0.84
Epoch 3100 | Train: Loss=0.0130 Acc=99.9% | Test: Acc=77.0% | Best=79.0%(@3080)
  from x3: 0.76 0.77 0.77 0.77 0.77 0.77 0.77 0.77 0.77 0.77 0.77 0.77 0.77
  per-rule acc: 0.75 0.79
Epoch 3120 | Train: Loss=0.0048 Acc=100.0% | Test: Acc=80.6% | Best=80.6%(@3120)
  from x3: 0.80 0.81 0.81 0.81 0.81 0.81 0.81 0.81 0.81 0.81 0.80 0.80 0.80
  per-rule acc: 0.76 0.85
Epoch 3140 | Train: Loss=0.0046 Acc=100.0% | Test: Acc=81.0% | Best=81.0%(@3140)
  from x3: 0.80 0.81 0.81 0.81 0.81 0.81 0.81 0.81 0.81 0.81 0.81 0.81 0.81
  per-rule acc: 0.77 0.85
Epoch 3160 | Train: Loss=0.0079 Acc=99.9% | Test: Acc=77.6% | Best=81.0%(@3140)
  from x3: 0.78 0.78 0.78 0.78 0.78 0.78 0.78 0.78 0.77 0.77 0.78 0.77 0.77
  per-rule acc: 0.73 0.82
Epoch 3180 | Train: Loss=0.0055 Acc=100.0% | Test: Acc=80.9% | Best=81.0%(@3140)
  from x3: 0.80 0.81 0.81 0.81 0.81 0.81 0.81 0.81 0.81 0.81 0.81 0.81 0.81
  per-rule acc: 0.76 0.86
Epoch 3200 | Train: Loss=0.0054 Acc=100.0% | Test: Acc=80.8% | Best=81.0%(@3140)
  from x3: 0.81 0.81 0.81 0.81 0.81 0.81 0.81 0.81 0.81 0.81 0.81 0.81 0.81
  per-rule acc: 0.76 0.85
Epoch 3220 | Train: Loss=0.0047 Acc=100.0% | Test: Acc=81.4% | Best=81.4%(@3220)
  from x3: 0.81 0.82 0.82 0.81 0.81 0.81 0.81 0.81 0.81 0.81 0.81 0.81 0.81
  per-rule acc: 0.77 0.86
Epoch 3240 | Train: Loss=0.0124 Acc=100.0% | Test: Acc=80.3% | Best=81.4%(@3220)
  from x3: 0.80 0.80 0.81 0.80 0.80 0.81 0.81 0.80 0.81 0.80 0.80 0.80 0.80
  per-rule acc: 0.76 0.85
Epoch 3260 | Train: Loss=0.0119 Acc=99.9% | Test: Acc=80.4% | Best=81.4%(@3220)
  from x3: 0.79 0.80 0.80 0.80 0.81 0.81 0.80 0.80 0.81 0.81 0.80 0.80 0.80
  per-rule acc: 0.76 0.85
Epoch 3280 | Train: Loss=0.0055 Acc=100.0% | Test: Acc=81.6% | Best=81.6%(@3280)
  from x3: 0.82 0.82 0.82 0.82 0.82 0.82 0.82 0.82 0.82 0.81 0.81 0.81 0.81
  per-rule acc: 0.77 0.86
Epoch 3300 | Train: Loss=0.0042 Acc=100.0% | Test: Acc=82.3% | Best=82.3%(@3300)
  from x3: 0.82 0.83 0.83 0.82 0.82 0.82 0.82 0.82 0.82 0.82 0.82 0.82 0.82
  per-rule acc: 0.78 0.87
Epoch 3320 | Train: Loss=0.0051 Acc=100.0% | Test: Acc=82.1% | Best=82.3%(@3300)
  from x3: 0.82 0.83 0.82 0.82 0.82 0.82 0.82 0.82 0.82 0.82 0.82 0.82 0.82
  per-rule acc: 0.78 0.86
Epoch 3340 | Train: Loss=0.0066 Acc=100.0% | Test: Acc=81.4% | Best=82.3%(@3300)
  from x3: 0.81 0.82 0.82 0.81 0.81 0.81 0.81 0.81 0.81 0.81 0.81 0.81 0.81
  per-rule acc: 0.78 0.85
Epoch 3360 | Train: Loss=0.0084 Acc=100.0% | Test: Acc=80.2% | Best=82.3%(@3300)
  from x3: 0.80 0.81 0.80 0.80 0.80 0.80 0.80 0.80 0.80 0.80 0.80 0.80 0.80
  per-rule acc: 0.75 0.86
Epoch 3380 | Train: Loss=0.0051 Acc=100.0% | Test: Acc=82.5% | Best=82.5%(@3380)
  from x3: 0.82 0.83 0.83 0.83 0.83 0.83 0.83 0.83 0.82 0.83 0.82 0.82 0.82
  per-rule acc: 0.78 0.87
Epoch 3400 | Train: Loss=0.0069 Acc=100.0% | Test: Acc=82.0% | Best=82.5%(@3380)
  from x3: 0.82 0.82 0.82 0.82 0.82 0.82 0.82 0.82 0.82 0.82 0.82 0.82 0.81
  per-rule acc: 0.78 0.86
Epoch 3420 | Train: Loss=0.0043 Acc=100.0% | Test: Acc=83.6% | Best=83.6%(@3420)
  from x3: 0.83 0.84 0.84 0.84 0.84 0.84 0.84 0.84 0.84 0.84 0.84 0.84 0.84
  per-rule acc: 0.79 0.88
Epoch 3440 | Train: Loss=0.0044 Acc=100.0% | Test: Acc=83.9% | Best=83.9%(@3440)
  from x3: 0.84 0.84 0.84 0.84 0.84 0.84 0.84 0.84 0.84 0.84 0.84 0.84 0.84
  per-rule acc: 0.79 0.88
Epoch 3460 | Train: Loss=0.0084 Acc=100.0% | Test: Acc=82.4% | Best=83.9%(@3440)
  from x3: 0.81 0.82 0.82 0.82 0.83 0.82 0.82 0.82 0.83 0.82 0.83 0.83 0.83
  per-rule acc: 0.77 0.88
Epoch 3480 | Train: Loss=0.0068 Acc=100.0% | Test: Acc=83.2% | Best=83.9%(@3440)
  from x3: 0.83 0.83 0.83 0.83 0.83 0.83 0.83 0.83 0.83 0.83 0.83 0.83 0.83
  per-rule acc: 0.79 0.87
Epoch 3500 | Train: Loss=0.0073 Acc=100.0% | Test: Acc=82.7% | Best=83.9%(@3440)
  from x3: 0.82 0.83 0.83 0.83 0.83 0.83 0.83 0.83 0.83 0.83 0.83 0.82 0.83
  per-rule acc: 0.78 0.88
Epoch 3520 | Train: Loss=0.0035 Acc=100.0% | Test: Acc=84.8% | Best=84.8%(@3520)
  from x3: 0.85 0.85 0.85 0.85 0.85 0.85 0.85 0.85 0.85 0.85 0.85 0.85 0.85
  per-rule acc: 0.80 0.90
Epoch 3540 | Train: Loss=0.0041 Acc=100.0% | Test: Acc=84.8% | Best=84.8%(@3520)
  from x3: 0.85 0.85 0.85 0.85 0.85 0.85 0.85 0.85 0.85 0.85 0.85 0.85 0.85
  per-rule acc: 0.80 0.89
Epoch 3560 | Train: Loss=0.0077 Acc=100.0% | Test: Acc=84.6% | Best=84.8%(@3520)
  from x3: 0.84 0.85 0.85 0.85 0.85 0.85 0.85 0.85 0.85 0.85 0.85 0.84 0.84
  per-rule acc: 0.79 0.90
Epoch 3580 | Train: Loss=0.0041 Acc=100.0% | Test: Acc=85.2% | Best=85.2%(@3580)
  from x3: 0.85 0.85 0.85 0.85 0.85 0.85 0.85 0.85 0.85 0.85 0.85 0.85 0.85
  per-rule acc: 0.81 0.90
Epoch 3600 | Train: Loss=0.0057 Acc=100.0% | Test: Acc=84.2% | Best=85.2%(@3580)
  from x3: 0.84 0.84 0.84 0.84 0.84 0.84 0.84 0.84 0.84 0.84 0.84 0.84 0.84
  per-rule acc: 0.80 0.89
Epoch 3620 | Train: Loss=0.0053 Acc=100.0% | Test: Acc=84.2% | Best=85.2%(@3580)
  from x3: 0.84 0.85 0.84 0.84 0.84 0.84 0.84 0.84 0.84 0.84 0.84 0.84 0.84
  per-rule acc: 0.79 0.89
Epoch 3640 | Train: Loss=0.0052 Acc=100.0% | Test: Acc=85.0% | Best=85.2%(@3580)
  from x3: 0.84 0.85 0.85 0.85 0.85 0.85 0.85 0.85 0.85 0.85 0.85 0.85 0.85
  per-rule acc: 0.80 0.90
Epoch 3660 | Train: Loss=0.0088 Acc=100.0% | Test: Acc=84.2% | Best=85.2%(@3580)
  from x3: 0.84 0.85 0.84 0.84 0.84 0.84 0.84 0.84 0.84 0.84 0.84 0.84 0.84
  per-rule acc: 0.80 0.89
Epoch 3680 | Train: Loss=0.0038 Acc=100.0% | Test: Acc=85.5% | Best=85.5%(@3680)
  from x3: 0.85 0.86 0.85 0.85 0.85 0.86 0.86 0.86 0.86 0.86 0.86 0.86 0.86
  per-rule acc: 0.81 0.90
Epoch 3700 | Train: Loss=0.0048 Acc=100.0% | Test: Acc=84.9% | Best=85.5%(@3680)
  from x3: 0.85 0.85 0.85 0.85 0.85 0.85 0.85 0.85 0.85 0.85 0.85 0.85 0.85
  per-rule acc: 0.81 0.89
Epoch 3720 | Train: Loss=0.0038 Acc=100.0% | Test: Acc=85.3% | Best=85.5%(@3680)
  from x3: 0.85 0.86 0.85 0.85 0.85 0.85 0.85 0.85 0.85 0.85 0.85 0.85 0.85
  per-rule acc: 0.81 0.90
Epoch 3740 | Train: Loss=0.0064 Acc=100.0% | Test: Acc=85.0% | Best=85.5%(@3680)
  from x3: 0.85 0.85 0.85 0.85 0.85 0.85 0.85 0.85 0.85 0.85 0.85 0.85 0.85
  per-rule acc: 0.80 0.90
Epoch 3760 | Train: Loss=0.0074 Acc=100.0% | Test: Acc=84.6% | Best=85.5%(@3680)
  from x3: 0.84 0.85 0.85 0.85 0.85 0.85 0.85 0.85 0.85 0.85 0.85 0.85 0.84
  per-rule acc: 0.80 0.89
Epoch 3780 | Train: Loss=0.0080 Acc=100.0% | Test: Acc=84.5% | Best=85.5%(@3680)
  from x3: 0.84 0.85 0.85 0.85 0.85 0.85 0.85 0.85 0.85 0.85 0.84 0.84 0.84
  per-rule acc: 0.80 0.89
Epoch 3800 | Train: Loss=0.0036 Acc=100.0% | Test: Acc=86.1% | Best=86.1%(@3800)
  from x3: 0.86 0.86 0.86 0.86 0.86 0.86 0.86 0.86 0.86 0.86 0.86 0.86 0.86
  per-rule acc: 0.82 0.90
Epoch 3820 | Train: Loss=0.0038 Acc=100.0% | Test: Acc=85.7% | Best=86.1%(@3800)
  from x3: 0.86 0.86 0.86 0.86 0.86 0.86 0.86 0.86 0.86 0.86 0.86 0.86 0.85
  per-rule acc: 0.81 0.90
Epoch 3840 | Train: Loss=0.0063 Acc=100.0% | Test: Acc=85.3% | Best=86.1%(@3800)
  from x3: 0.84 0.86 0.85 0.85 0.85 0.85 0.85 0.85 0.85 0.85 0.85 0.85 0.85
  per-rule acc: 0.81 0.90
Epoch 3860 | Train: Loss=0.0063 Acc=100.0% | Test: Acc=85.5% | Best=86.1%(@3800)
  from x3: 0.84 0.85 0.85 0.85 0.85 0.85 0.86 0.86 0.86 0.86 0.86 0.86 0.85
  per-rule acc: 0.81 0.90
Epoch 3880 | Train: Loss=0.0040 Acc=100.0% | Test: Acc=86.1% | Best=86.1%(@3800)
  from x3: 0.85 0.86 0.86 0.86 0.86 0.86 0.86 0.86 0.86 0.86 0.86 0.86 0.86
  per-rule acc: 0.82 0.90
Epoch 3900 | Train: Loss=0.0045 Acc=100.0% | Test: Acc=86.2% | Best=86.2%(@3900)
  from x3: 0.86 0.87 0.86 0.86 0.86 0.86 0.86 0.86 0.86 0.86 0.86 0.86 0.86
  per-rule acc: 0.82 0.90
Epoch 3920 | Train: Loss=0.0044 Acc=100.0% | Test: Acc=85.9% | Best=86.2%(@3900)
  from x3: 0.85 0.86 0.86 0.86 0.86 0.86 0.86 0.86 0.86 0.86 0.86 0.86 0.86
  per-rule acc: 0.82 0.90
Epoch 3940 | Train: Loss=0.0047 Acc=100.0% | Test: Acc=85.9% | Best=86.2%(@3900)
  from x3: 0.85 0.86 0.86 0.86 0.86 0.86 0.86 0.86 0.86 0.86 0.86 0.86 0.86
  per-rule acc: 0.82 0.90
Epoch 3960 | Train: Loss=0.0034 Acc=100.0% | Test: Acc=86.5% | Best=86.5%(@3960)
  from x3: 0.86 0.87 0.87 0.86 0.86 0.86 0.86 0.87 0.87 0.87 0.87 0.86 0.86
  per-rule acc: 0.82 0.91
Epoch 3980 | Train: Loss=0.0042 Acc=100.0% | Test: Acc=86.3% | Best=86.5%(@3960)
  from x3: 0.86 0.87 0.86 0.86 0.86 0.86 0.86 0.86 0.86 0.86 0.86 0.86 0.86
  per-rule acc: 0.82 0.91
Epoch 4000 | Train: Loss=0.0038 Acc=100.0% | Test: Acc=86.3% | Best=86.5%(@3960)
  from x3: 0.86 0.87 0.86 0.86 0.86 0.86 0.86 0.86 0.86 0.86 0.86 0.86 0.86
  per-rule acc: 0.82 0.90
Epoch 4020 | Train: Loss=0.0139 Acc=99.9% | Test: Acc=83.9% | Best=86.5%(@3960)
  from x3: 0.83 0.84 0.84 0.84 0.84 0.84 0.84 0.84 0.84 0.84 0.84 0.84 0.84
  per-rule acc: 0.80 0.88
Epoch 4040 | Train: Loss=0.0056 Acc=100.0% | Test: Acc=86.3% | Best=86.5%(@3960)
  from x3: 0.85 0.86 0.86 0.86 0.86 0.86 0.87 0.86 0.86 0.86 0.86 0.86 0.86
  per-rule acc: 0.82 0.90
Epoch 4060 | Train: Loss=0.0041 Acc=100.0% | Test: Acc=86.4% | Best=86.5%(@3960)
  from x3: 0.86 0.86 0.87 0.86 0.86 0.87 0.87 0.87 0.87 0.86 0.86 0.86 0.86
  per-rule acc: 0.82 0.91
Epoch 4080 | Train: Loss=0.0055 Acc=100.0% | Test: Acc=86.0% | Best=86.5%(@3960)
  from x3: 0.86 0.86 0.86 0.86 0.86 0.86 0.86 0.86 0.86 0.86 0.86 0.86 0.86
  per-rule acc: 0.82 0.90
Epoch 4100 | Train: Loss=0.0062 Acc=100.0% | Test: Acc=85.7% | Best=86.5%(@3960)
  from x3: 0.85 0.86 0.86 0.86 0.86 0.86 0.86 0.86 0.86 0.86 0.86 0.86 0.86
  per-rule acc: 0.81 0.90
Epoch 4120 | Train: Loss=0.0068 Acc=100.0% | Test: Acc=85.8% | Best=86.5%(@3960)
  from x3: 0.85 0.86 0.86 0.86 0.86 0.86 0.86 0.86 0.86 0.86 0.86 0.86 0.86
  per-rule acc: 0.82 0.90
Epoch 4140 | Train: Loss=0.0042 Acc=100.0% | Test: Acc=86.8% | Best=86.8%(@4140)
  from x3: 0.86 0.87 0.87 0.87 0.87 0.87 0.87 0.87 0.87 0.87 0.87 0.87 0.87
  per-rule acc: 0.83 0.91
Epoch 4160 | Train: Loss=0.0040 Acc=100.0% | Test: Acc=86.9% | Best=86.9%(@4160)
  from x3: 0.87 0.87 0.87 0.87 0.87 0.87 0.87 0.87 0.87 0.87 0.87 0.87 0.87
  per-rule acc: 0.83 0.91
Epoch 4180 | Train: Loss=0.0041 Acc=100.0% | Test: Acc=86.6% | Best=86.9%(@4160)
  from x3: 0.86 0.87 0.87 0.87 0.87 0.87 0.87 0.87 0.87 0.87 0.87 0.87 0.87
  per-rule acc: 0.82 0.91
Epoch 4200 | Train: Loss=0.0042 Acc=100.0% | Test: Acc=86.4% | Best=86.9%(@4160)
  from x3: 0.86 0.86 0.86 0.86 0.86 0.86 0.87 0.87 0.87 0.87 0.86 0.86 0.86
  per-rule acc: 0.83 0.90
Epoch 4220 | Train: Loss=0.0034 Acc=100.0% | Test: Acc=86.9% | Best=86.9%(@4220)
  from x3: 0.86 0.87 0.87 0.87 0.87 0.87 0.87 0.87 0.87 0.87 0.87 0.87 0.87
  per-rule acc: 0.82 0.91
Epoch 4240 | Train: Loss=0.0049 Acc=100.0% | Test: Acc=86.7% | Best=86.9%(@4220)
  from x3: 0.86 0.87 0.87 0.87 0.87 0.87 0.87 0.87 0.87 0.87 0.87 0.87 0.87
  per-rule acc: 0.82 0.91
Epoch 4260 | Train: Loss=0.0065 Acc=100.0% | Test: Acc=86.6% | Best=86.9%(@4220)
  from x3: 0.86 0.86 0.87 0.87 0.87 0.87 0.87 0.87 0.87 0.87 0.87 0.87 0.87
  per-rule acc: 0.83 0.91
Epoch 4280 | Train: Loss=0.0074 Acc=100.0% | Test: Acc=86.2% | Best=86.9%(@4220)
  from x3: 0.86 0.86 0.86 0.86 0.86 0.86 0.86 0.86 0.86 0.86 0.86 0.86 0.86
  per-rule acc: 0.82 0.91
Epoch 4300 | Train: Loss=0.0071 Acc=100.0% | Test: Acc=86.5% | Best=86.9%(@4220)
  from x3: 0.85 0.87 0.87 0.87 0.87 0.86 0.87 0.87 0.87 0.87 0.87 0.87 0.87
  per-rule acc: 0.82 0.91
Epoch 4320 | Train: Loss=0.0048 Acc=100.0% | Test: Acc=86.8% | Best=86.9%(@4220)
  from x3: 0.87 0.87 0.87 0.87 0.87 0.87 0.87 0.87 0.87 0.87 0.87 0.87 0.87
  per-rule acc: 0.83 0.91
Epoch 4340 | Train: Loss=0.0036 Acc=100.0% | Test: Acc=86.9% | Best=86.9%(@4220)
  from x3: 0.87 0.87 0.87 0.87 0.87 0.87 0.87 0.87 0.87 0.87 0.87 0.87 0.87
  per-rule acc: 0.83 0.91
Epoch 4360 | Train: Loss=0.0048 Acc=100.0% | Test: Acc=86.8% | Best=86.9%(@4220)
  from x3: 0.86 0.87 0.87 0.87 0.87 0.87 0.87 0.87 0.87 0.87 0.87 0.87 0.87
  per-rule acc: 0.83 0.91
Epoch 4380 | Train: Loss=0.0041 Acc=100.0% | Test: Acc=86.9% | Best=86.9%(@4220)
  from x3: 0.86 0.87 0.87 0.87 0.87 0.87 0.87 0.87 0.87 0.87 0.87 0.87 0.87
  per-rule acc: 0.83 0.91
Epoch 4400 | Train: Loss=0.0029 Acc=100.0% | Test: Acc=87.2% | Best=87.2%(@4400)
  from x3: 0.86 0.87 0.87 0.87 0.87 0.87 0.87 0.87 0.87 0.87 0.87 0.88 0.88
  per-rule acc: 0.83 0.91
Epoch 4420 | Train: Loss=0.0033 Acc=100.0% | Test: Acc=87.4% | Best=87.4%(@4420)
  from x3: 0.86 0.87 0.87 0.87 0.87 0.87 0.87 0.87 0.87 0.88 0.88 0.88 0.87
  per-rule acc: 0.83 0.92
Epoch 4440 | Train: Loss=0.0062 Acc=100.0% | Test: Acc=86.2% | Best=87.4%(@4420)
  from x3: 0.85 0.86 0.86 0.86 0.86 0.86 0.86 0.86 0.86 0.86 0.87 0.87 0.87
  per-rule acc: 0.82 0.90
Epoch 4460 | Train: Loss=0.0070 Acc=100.0% | Test: Acc=86.6% | Best=87.4%(@4420)
  from x3: 0.86 0.87 0.87 0.87 0.87 0.87 0.87 0.87 0.87 0.87 0.87 0.87 0.87
  per-rule acc: 0.82 0.91
Epoch 4480 | Train: Loss=0.0039 Acc=100.0% | Test: Acc=87.0% | Best=87.4%(@4420)
  from x3: 0.86 0.87 0.87 0.87 0.87 0.87 0.87 0.87 0.87 0.87 0.87 0.87 0.87
  per-rule acc: 0.83 0.91
Epoch 4500 | Train: Loss=0.0078 Acc=100.0% | Test: Acc=86.6% | Best=87.4%(@4420)
  from x3: 0.85 0.86 0.87 0.87 0.87 0.87 0.87 0.87 0.87 0.87 0.87 0.87 0.87
  per-rule acc: 0.82 0.91
Epoch 4520 | Train: Loss=0.0033 Acc=100.0% | Test: Acc=87.2% | Best=87.4%(@4420)
  from x3: 0.86 0.87 0.87 0.87 0.87 0.87 0.87 0.87 0.87 0.87 0.87 0.87 0.87
  per-rule acc: 0.83 0.91
Epoch 4540 | Train: Loss=0.0058 Acc=100.0% | Test: Acc=86.5% | Best=87.4%(@4420)
  from x3: 0.86 0.87 0.86 0.86 0.86 0.87 0.87 0.87 0.87 0.86 0.86 0.86 0.86
  per-rule acc: 0.82 0.91
Epoch 4560 | Train: Loss=0.0055 Acc=100.0% | Test: Acc=86.9% | Best=87.4%(@4420)
  from x3: 0.86 0.87 0.87 0.87 0.87 0.87 0.87 0.87 0.87 0.87 0.87 0.87 0.87
  per-rule acc: 0.83 0.91
Epoch 4580 | Train: Loss=0.0035 Acc=100.0% | Test: Acc=87.0% | Best=87.4%(@4420)
  from x3: 0.86 0.87 0.87 0.87 0.87 0.87 0.87 0.87 0.87 0.87 0.87 0.87 0.87
  per-rule acc: 0.83 0.91
Epoch 4600 | Train: Loss=0.0037 Acc=100.0% | Test: Acc=87.1% | Best=87.4%(@4420)
  from x3: 0.86 0.87 0.87 0.87 0.87 0.87 0.87 0.87 0.87 0.87 0.87 0.87 0.87
  per-rule acc: 0.83 0.91
Epoch 4620 | Train: Loss=0.0089 Acc=100.0% | Test: Acc=86.8% | Best=87.4%(@4420)
  from x3: 0.86 0.87 0.87 0.87 0.87 0.87 0.87 0.87 0.87 0.87 0.87 0.87 0.87
  per-rule acc: 0.83 0.91
Epoch 4640 | Train: Loss=0.0031 Acc=100.0% | Test: Acc=87.4% | Best=87.4%(@4640)
  from x3: 0.87 0.88 0.88 0.87 0.87 0.87 0.87 0.87 0.87 0.87 0.87 0.87 0.88
  per-rule acc: 0.83 0.92
Epoch 4660 | Train: Loss=0.0045 Acc=100.0% | Test: Acc=87.1% | Best=87.4%(@4640)
  from x3: 0.86 0.87 0.87 0.87 0.87 0.87 0.87 0.87 0.87 0.87 0.87 0.87 0.87
  per-rule acc: 0.83 0.91
Epoch 4680 | Train: Loss=0.0041 Acc=100.0% | Test: Acc=87.1% | Best=87.4%(@4640)
  from x3: 0.86 0.87 0.87 0.87 0.87 0.87 0.87 0.87 0.87 0.87 0.87 0.87 0.87
  per-rule acc: 0.83 0.91
Epoch 4700 | Train: Loss=0.0060 Acc=100.0% | Test: Acc=86.6% | Best=87.4%(@4640)
  from x3: 0.86 0.87 0.87 0.87 0.87 0.87 0.87 0.87 0.87 0.87 0.87 0.86 0.86
  per-rule acc: 0.83 0.91
Epoch 4720 | Train: Loss=0.0036 Acc=100.0% | Test: Acc=87.2% | Best=87.4%(@4640)
  from x3: 0.86 0.87 0.87 0.87 0.87 0.87 0.87 0.87 0.87 0.87 0.87 0.88 0.87
  per-rule acc: 0.83 0.91
Epoch 4740 | Train: Loss=0.0030 Acc=100.0% | Test: Acc=87.6% | Best=87.6%(@4740)
  from x3: 0.87 0.87 0.88 0.87 0.88 0.88 0.88 0.88 0.88 0.88 0.88 0.88 0.88
  per-rule acc: 0.84 0.92
Epoch 4760 | Train: Loss=0.0032 Acc=100.0% | Test: Acc=87.5% | Best=87.6%(@4740)
  from x3: 0.86 0.87 0.87 0.87 0.87 0.87 0.88 0.88 0.88 0.88 0.88 0.88 0.88
  per-rule acc: 0.83 0.92
Epoch 4780 | Train: Loss=0.0068 Acc=100.0% | Test: Acc=86.6% | Best=87.6%(@4740)
  from x3: 0.86 0.87 0.87 0.87 0.87 0.87 0.87 0.87 0.87 0.87 0.87 0.87 0.86
  per-rule acc: 0.83 0.90
Epoch 4800 | Train: Loss=0.0106 Acc=100.0% | Test: Acc=87.5% | Best=87.6%(@4740)
  from x3: 0.86 0.87 0.87 0.87 0.87 0.87 0.88 0.88 0.88 0.88 0.88 0.88 0.88
  per-rule acc: 0.83 0.91
Epoch 4820 | Train: Loss=0.0044 Acc=100.0% | Test: Acc=87.2% | Best=87.6%(@4740)
  from x3: 0.86 0.87 0.87 0.87 0.87 0.87 0.87 0.87 0.87 0.87 0.87 0.87 0.87
  per-rule acc: 0.83 0.91
Epoch 4840 | Train: Loss=0.0060 Acc=100.0% | Test: Acc=87.4% | Best=87.6%(@4740)
  from x3: 0.86 0.87 0.87 0.87 0.88 0.88 0.88 0.88 0.88 0.88 0.88 0.88 0.87
  per-rule acc: 0.83 0.92
Epoch 4860 | Train: Loss=0.0049 Acc=100.0% | Test: Acc=87.4% | Best=87.6%(@4740)
  from x3: 0.86 0.87 0.87 0.87 0.88 0.88 0.88 0.88 0.88 0.88 0.88 0.88 0.88
  per-rule acc: 0.83 0.92
Epoch 4880 | Train: Loss=0.0043 Acc=100.0% | Test: Acc=87.7% | Best=87.7%(@4880)
  from x3: 0.86 0.87 0.87 0.87 0.88 0.88 0.88 0.88 0.88 0.88 0.88 0.88 0.88
  per-rule acc: 0.84 0.91
Epoch 4900 | Train: Loss=0.0048 Acc=100.0% | Test: Acc=87.3% | Best=87.7%(@4880)
  from x3: 0.87 0.87 0.87 0.87 0.87 0.87 0.87 0.87 0.87 0.87 0.87 0.87 0.87
  per-rule acc: 0.83 0.91
Epoch 4920 | Train: Loss=0.0034 Acc=100.0% | Test: Acc=87.8% | Best=87.8%(@4920)
  from x3: 0.86 0.88 0.88 0.88 0.88 0.88 0.88 0.88 0.88 0.88 0.88 0.88 0.88
  per-rule acc: 0.84 0.92
Epoch 4940 | Train: Loss=0.0035 Acc=100.0% | Test: Acc=87.8% | Best=87.8%(@4920)
  from x3: 0.86 0.87 0.88 0.88 0.88 0.88 0.88 0.88 0.88 0.88 0.88 0.88 0.88
  per-rule acc: 0.84 0.92
Epoch 4960 | Train: Loss=0.0063 Acc=100.0% | Test: Acc=87.5% | Best=87.8%(@4920)
  from x3: 0.86 0.87 0.87 0.88 0.88 0.88 0.88 0.88 0.88 0.88 0.88 0.88 0.88
  per-rule acc: 0.83 0.92
Epoch 4980 | Train: Loss=0.0034 Acc=100.0% | Test: Acc=87.8% | Best=87.8%(@4920)
  from x3: 0.86 0.87 0.88 0.88 0.88 0.88 0.88 0.88 0.88 0.88 0.88 0.88 0.88
  per-rule acc: 0.84 0.92
Epoch 5000 | Train: Loss=0.0028 Acc=100.0% | Test: Acc=87.9% | Best=87.9%(@5000)
  from x3: 0.86 0.87 0.88 0.88 0.88 0.88 0.88 0.88 0.88 0.88 0.88 0.88 0.88
  per-rule acc: 0.84 0.92
Epoch 5020 | Train: Loss=0.0042 Acc=100.0% | Test: Acc=87.3% | Best=87.9%(@5000)
  from x3: 0.86 0.87 0.87 0.87 0.87 0.87 0.87 0.87 0.88 0.88 0.88 0.87 0.87
  per-rule acc: 0.83 0.92
Epoch 5040 | Train: Loss=0.0034 Acc=100.0% | Test: Acc=87.8% | Best=87.9%(@5000)
  from x3: 0.87 0.88 0.88 0.88 0.88 0.88 0.88 0.88 0.88 0.88 0.88 0.88 0.88
  per-rule acc: 0.84 0.92
Epoch 5060 | Train: Loss=0.0075 Acc=100.0% | Test: Acc=87.2% | Best=87.9%(@5000)
  from x3: 0.86 0.87 0.87 0.87 0.87 0.87 0.87 0.87 0.87 0.88 0.87 0.87 0.87
  per-rule acc: 0.83 0.92
Epoch 5080 | Train: Loss=0.0030 Acc=100.0% | Test: Acc=87.9% | Best=87.9%(@5000)
  from x3: 0.87 0.87 0.88 0.88 0.88 0.88 0.88 0.88 0.88 0.88 0.88 0.88 0.88
  per-rule acc: 0.84 0.92
Epoch 5100 | Train: Loss=0.0045 Acc=100.0% | Test: Acc=87.5% | Best=87.9%(@5000)
  from x3: 0.87 0.87 0.88 0.88 0.88 0.87 0.87 0.88 0.88 0.88 0.88 0.88 0.88
  per-rule acc: 0.83 0.91
Epoch 5120 | Train: Loss=0.0031 Acc=100.0% | Test: Acc=88.0% | Best=88.0%(@5120)
  from x3: 0.87 0.88 0.88 0.88 0.88 0.88 0.88 0.88 0.88 0.88 0.88 0.88 0.88
  per-rule acc: 0.84 0.92
Epoch 5140 | Train: Loss=0.0031 Acc=100.0% | Test: Acc=87.9% | Best=88.0%(@5120)
  from x3: 0.87 0.88 0.88 0.88 0.88 0.88 0.88 0.88 0.88 0.88 0.88 0.88 0.88
  per-rule acc: 0.84 0.92
Epoch 5160 | Train: Loss=0.0033 Acc=100.0% | Test: Acc=87.9% | Best=88.0%(@5120)
  from x3: 0.87 0.87 0.88 0.88 0.88 0.88 0.88 0.88 0.88 0.88 0.88 0.88 0.88
  per-rule acc: 0.84 0.92
Epoch 5180 | Train: Loss=0.0031 Acc=100.0% | Test: Acc=88.1% | Best=88.1%(@5180)
  from x3: 0.87 0.88 0.88 0.88 0.88 0.88 0.88 0.88 0.88 0.88 0.88 0.88 0.88
  per-rule acc: 0.84 0.92
Epoch 5200 | Train: Loss=0.0046 Acc=100.0% | Test: Acc=87.4% | Best=88.1%(@5180)
  from x3: 0.86 0.87 0.87 0.87 0.88 0.88 0.88 0.88 0.88 0.88 0.88 0.88 0.88
  per-rule acc: 0.83 0.92
Epoch 5220 | Train: Loss=0.0055 Acc=100.0% | Test: Acc=87.4% | Best=88.1%(@5180)
  from x3: 0.86 0.87 0.87 0.87 0.87 0.87 0.88 0.87 0.88 0.88 0.88 0.88 0.88
  per-rule acc: 0.83 0.92
Epoch 5240 | Train: Loss=0.0039 Acc=100.0% | Test: Acc=87.7% | Best=88.1%(@5180)
  from x3: 0.86 0.88 0.88 0.88 0.88 0.88 0.88 0.88 0.88 0.88 0.88 0.88 0.88
  per-rule acc: 0.84 0.92
Epoch 5260 | Train: Loss=0.0032 Acc=100.0% | Test: Acc=87.7% | Best=88.1%(@5180)
  from x3: 0.86 0.88 0.88 0.88 0.88 0.88 0.88 0.88 0.88 0.88 0.88 0.88 0.88
  per-rule acc: 0.84 0.92
Epoch 5280 | Train: Loss=0.0030 Acc=100.0% | Test: Acc=88.0% | Best=88.1%(@5180)
  from x3: 0.87 0.88 0.88 0.88 0.88 0.88 0.88 0.88 0.88 0.88 0.88 0.88 0.88
  per-rule acc: 0.84 0.92
Epoch 5300 | Train: Loss=0.0036 Acc=100.0% | Test: Acc=87.8% | Best=88.1%(@5180)
  from x3: 0.86 0.87 0.88 0.88 0.88 0.88 0.88 0.88 0.88 0.88 0.88 0.88 0.88
  per-rule acc: 0.84 0.92
Epoch 5320 | Train: Loss=0.0026 Acc=100.0% | Test: Acc=88.0% | Best=88.1%(@5180)
  from x3: 0.87 0.88 0.88 0.88 0.88 0.88 0.88 0.88 0.88 0.88 0.88 0.88 0.88
  per-rule acc: 0.84 0.92
Epoch 5340 | Train: Loss=0.0027 Acc=100.0% | Test: Acc=88.0% | Best=88.1%(@5180)
  from x3: 0.87 0.88 0.88 0.88 0.88 0.88 0.88 0.88 0.88 0.88 0.88 0.88 0.88
  per-rule acc: 0.84 0.92
Epoch 5360 | Train: Loss=0.0037 Acc=100.0% | Test: Acc=87.6% | Best=88.1%(@5180)
  from x3: 0.86 0.87 0.88 0.88 0.88 0.88 0.88 0.88 0.88 0.88 0.88 0.88 0.88
  per-rule acc: 0.84 0.92
Epoch 5380 | Train: Loss=0.0026 Acc=100.0% | Test: Acc=88.0% | Best=88.1%(@5180)
  from x3: 0.87 0.88 0.88 0.88 0.88 0.88 0.88 0.88 0.88 0.88 0.88 0.88 0.88
  per-rule acc: 0.84 0.92
Epoch 5400 | Train: Loss=0.0037 Acc=100.0% | Test: Acc=88.0% | Best=88.1%(@5180)
  from x3: 0.87 0.88 0.88 0.88 0.88 0.88 0.88 0.88 0.88 0.88 0.88 0.88 0.88
  per-rule acc: 0.84 0.92
Epoch 5420 | Train: Loss=0.0036 Acc=100.0% | Test: Acc=87.9% | Best=88.1%(@5180)
  from x3: 0.86 0.88 0.88 0.88 0.88 0.88 0.88 0.88 0.88 0.88 0.88 0.88 0.88
  per-rule acc: 0.84 0.92
Epoch 5440 | Train: Loss=0.0052 Acc=100.0% | Test: Acc=87.2% | Best=88.1%(@5180)
  from x3: 0.86 0.87 0.87 0.87 0.87 0.87 0.87 0.87 0.87 0.87 0.87 0.87 0.87
  per-rule acc: 0.83 0.91
Epoch 5460 | Train: Loss=0.0041 Acc=100.0% | Test: Acc=87.8% | Best=88.1%(@5180)
  from x3: 0.87 0.88 0.88 0.88 0.88 0.88 0.88 0.88 0.88 0.88 0.88 0.88 0.88
  per-rule acc: 0.84 0.92
Epoch 5480 | Train: Loss=0.0031 Acc=100.0% | Test: Acc=87.9% | Best=88.1%(@5180)
  from x3: 0.87 0.88 0.88 0.88 0.88 0.88 0.88 0.88 0.88 0.88 0.88 0.88 0.88
  per-rule acc: 0.84 0.92
Epoch 5500 | Train: Loss=0.0035 Acc=100.0% | Test: Acc=87.7% | Best=88.1%(@5180)
  from x3: 0.86 0.87 0.88 0.88 0.88 0.88 0.88 0.88 0.88 0.88 0.88 0.88 0.88
  per-rule acc: 0.84 0.91
Epoch 5520 | Train: Loss=0.0036 Acc=100.0% | Test: Acc=87.9% | Best=88.1%(@5180)
  from x3: 0.86 0.88 0.88 0.88 0.88 0.88 0.88 0.88 0.88 0.88 0.88 0.88 0.88
  per-rule acc: 0.84 0.92
Epoch 5540 | Train: Loss=0.0030 Acc=100.0% | Test: Acc=87.9% | Best=88.1%(@5180)
  from x3: 0.86 0.88 0.88 0.88 0.88 0.88 0.88 0.88 0.88 0.88 0.88 0.88 0.88
  per-rule acc: 0.84 0.92
Epoch 5560 | Train: Loss=0.0029 Acc=100.0% | Test: Acc=88.0% | Best=88.1%(@5180)
  from x3: 0.86 0.88 0.88 0.88 0.88 0.88 0.88 0.88 0.88 0.88 0.88 0.88 0.88
  per-rule acc: 0.84 0.92
Epoch 5580 | Train: Loss=0.0027 Acc=100.0% | Test: Acc=88.1% | Best=88.1%(@5580)
  from x3: 0.87 0.88 0.88 0.88 0.88 0.88 0.88 0.88 0.88 0.89 0.89 0.88 0.88
  per-rule acc: 0.84 0.92
Epoch 5600 | Train: Loss=0.0075 Acc=99.9% | Test: Acc=87.3% | Best=88.1%(@5580)
  from x3: 0.86 0.87 0.87 0.87 0.87 0.87 0.87 0.88 0.87 0.88 0.88 0.88 0.88
  per-rule acc: 0.83 0.92
Epoch 5620 | Train: Loss=0.0040 Acc=100.0% | Test: Acc=87.7% | Best=88.1%(@5580)
  from x3: 0.86 0.87 0.88 0.88 0.88 0.88 0.88 0.88 0.88 0.88 0.88 0.88 0.88
  per-rule acc: 0.84 0.92
Epoch 5640 | Train: Loss=0.0029 Acc=100.0% | Test: Acc=88.2% | Best=88.2%(@5640)
  from x3: 0.87 0.88 0.88 0.88 0.88 0.88 0.88 0.88 0.88 0.89 0.89 0.89 0.89
  per-rule acc: 0.84 0.92
Epoch 5660 | Train: Loss=0.0038 Acc=100.0% | Test: Acc=87.6% | Best=88.2%(@5640)
  from x3: 0.86 0.87 0.88 0.88 0.88 0.88 0.88 0.88 0.88 0.88 0.88 0.88 0.88
  per-rule acc: 0.84 0.92
Epoch 5680 | Train: Loss=0.0033 Acc=100.0% | Test: Acc=88.0% | Best=88.2%(@5640)
  from x3: 0.87 0.88 0.88 0.88 0.88 0.88 0.88 0.88 0.88 0.88 0.88 0.88 0.88
  per-rule acc: 0.84 0.92
Epoch 5700 | Train: Loss=0.0038 Acc=100.0% | Test: Acc=87.8% | Best=88.2%(@5640)
  from x3: 0.86 0.87 0.87 0.88 0.88 0.88 0.88 0.88 0.88 0.88 0.88 0.88 0.88
  per-rule acc: 0.84 0.92
Epoch 5720 | Train: Loss=0.0041 Acc=100.0% | Test: Acc=87.6% | Best=88.2%(@5640)
  from x3: 0.86 0.87 0.88 0.88 0.88 0.88 0.88 0.88 0.88 0.88 0.88 0.88 0.88
  per-rule acc: 0.84 0.91
Epoch 5740 | Train: Loss=0.0026 Acc=100.0% | Test: Acc=88.0% | Best=88.2%(@5640)
  from x3: 0.87 0.88 0.88 0.88 0.88 0.88 0.88 0.88 0.88 0.88 0.88 0.88 0.88
  per-rule acc: 0.84 0.92
Epoch 5760 | Train: Loss=0.0032 Acc=100.0% | Test: Acc=88.1% | Best=88.2%(@5640)
  from x3: 0.87 0.88 0.88 0.88 0.88 0.88 0.88 0.88 0.88 0.89 0.88 0.88 0.88
  per-rule acc: 0.84 0.92
Epoch 5780 | Train: Loss=0.0042 Acc=100.0% | Test: Acc=87.4% | Best=88.2%(@5640)
  from x3: 0.86 0.87 0.87 0.87 0.87 0.87 0.87 0.88 0.88 0.88 0.88 0.88 0.88
  per-rule acc: 0.83 0.92
Epoch 5800 | Train: Loss=0.0030 Acc=100.0% | Test: Acc=88.1% | Best=88.2%(@5640)
  from x3: 0.87 0.88 0.88 0.88 0.88 0.88 0.88 0.88 0.88 0.88 0.88 0.88 0.88
  per-rule acc: 0.84 0.92
Epoch 5820 | Train: Loss=0.0025 Acc=100.0% | Test: Acc=88.5% | Best=88.5%(@5820)
  from x3: 0.87 0.88 0.88 0.88 0.89 0.89 0.89 0.89 0.89 0.89 0.89 0.89 0.89
  per-rule acc: 0.85 0.92
Epoch 5840 | Train: Loss=0.0043 Acc=100.0% | Test: Acc=87.6% | Best=88.5%(@5820)
  from x3: 0.86 0.87 0.88 0.87 0.88 0.88 0.88 0.88 0.88 0.88 0.88 0.88 0.88
  per-rule acc: 0.84 0.91
Epoch 5860 | Train: Loss=0.0030 Acc=100.0% | Test: Acc=88.1% | Best=88.5%(@5820)
  from x3: 0.87 0.88 0.88 0.88 0.88 0.88 0.88 0.88 0.88 0.88 0.88 0.88 0.88
  per-rule acc: 0.84 0.92
Epoch 5880 | Train: Loss=0.0030 Acc=100.0% | Test: Acc=88.2% | Best=88.5%(@5820)
  from x3: 0.87 0.88 0.88 0.88 0.88 0.88 0.88 0.89 0.88 0.88 0.88 0.88 0.88
  per-rule acc: 0.84 0.92
Epoch 5900 | Train: Loss=0.0059 Acc=100.0% | Test: Acc=88.0% | Best=88.5%(@5820)
  from x3: 0.87 0.88 0.88 0.88 0.88 0.88 0.88 0.88 0.88 0.88 0.88 0.88 0.88
  per-rule acc: 0.84 0.92
Epoch 5920 | Train: Loss=0.0029 Acc=100.0% | Test: Acc=88.2% | Best=88.5%(@5820)
  from x3: 0.87 0.88 0.88 0.88 0.88 0.88 0.88 0.88 0.88 0.88 0.88 0.89 0.89
  per-rule acc: 0.84 0.92
Epoch 5940 | Train: Loss=0.0033 Acc=100.0% | Test: Acc=87.9% | Best=88.5%(@5820)
  from x3: 0.86 0.87 0.88 0.88 0.88 0.88 0.88 0.88 0.88 0.88 0.88 0.88 0.88
  per-rule acc: 0.84 0.92
Epoch 5960 | Train: Loss=0.0029 Acc=100.0% | Test: Acc=88.2% | Best=88.5%(@5820)
  from x3: 0.87 0.88 0.88 0.88 0.88 0.88 0.88 0.88 0.88 0.88 0.88 0.88 0.88
  per-rule acc: 0.84 0.92
Epoch 5980 | Train: Loss=0.0029 Acc=100.0% | Test: Acc=88.1% | Best=88.5%(@5820)
  from x3: 0.87 0.88 0.88 0.88 0.88 0.88 0.88 0.88 0.88 0.88 0.88 0.88 0.89
  per-rule acc: 0.84 0.92
Epoch 6000 | Train: Loss=0.0047 Acc=100.0% | Test: Acc=87.7% | Best=88.5%(@5820)
  from x3: 0.87 0.88 0.88 0.88 0.88 0.88 0.88 0.88 0.88 0.88 0.88 0.88 0.88
  per-rule acc: 0.84 0.92
Epoch 6020 | Train: Loss=0.0029 Acc=100.0% | Test: Acc=88.1% | Best=88.5%(@5820)
  from x3: 0.87 0.88 0.88 0.88 0.88 0.88 0.88 0.88 0.88 0.88 0.88 0.89 0.89
  per-rule acc: 0.84 0.92
Epoch 6040 | Train: Loss=0.0047 Acc=100.0% | Test: Acc=88.0% | Best=88.5%(@5820)
  from x3: 0.87 0.88 0.88 0.88 0.88 0.88 0.88 0.88 0.88 0.88 0.88 0.88 0.88
  per-rule acc: 0.85 0.91
Epoch 6060 | Train: Loss=0.0027 Acc=100.0% | Test: Acc=88.1% | Best=88.5%(@5820)
  from x3: 0.87 0.88 0.88 0.88 0.88 0.88 0.88 0.88 0.88 0.88 0.88 0.88 0.88
  per-rule acc: 0.84 0.92
Epoch 6080 | Train: Loss=0.0030 Acc=100.0% | Test: Acc=88.1% | Best=88.5%(@5820)
  from x3: 0.87 0.88 0.88 0.88 0.88 0.88 0.88 0.88 0.88 0.88 0.88 0.88 0.88
  per-rule acc: 0.84 0.92
Epoch 6100 | Train: Loss=0.0031 Acc=100.0% | Test: Acc=88.0% | Best=88.5%(@5820)
  from x3: 0.86 0.87 0.88 0.88 0.88 0.88 0.88 0.88 0.88 0.88 0.88 0.89 0.89
  per-rule acc: 0.84 0.92
Epoch 6120 | Train: Loss=0.0027 Acc=100.0% | Test: Acc=88.2% | Best=88.5%(@5820)
  from x3: 0.87 0.88 0.88 0.88 0.88 0.88 0.88 0.88 0.88 0.88 0.88 0.88 0.89
  per-rule acc: 0.84 0.92
Epoch 6140 | Train: Loss=0.0025 Acc=100.0% | Test: Acc=88.1% | Best=88.5%(@5820)
  from x3: 0.87 0.88 0.88 0.88 0.88 0.88 0.88 0.88 0.88 0.88 0.88 0.88 0.89
  per-rule acc: 0.84 0.92
Epoch 6160 | Train: Loss=0.0033 Acc=100.0% | Test: Acc=88.0% | Best=88.5%(@5820)
  from x3: 0.87 0.88 0.88 0.88 0.88 0.88 0.88 0.88 0.88 0.88 0.88 0.88 0.89
  per-rule acc: 0.84 0.92
Epoch 6180 | Train: Loss=0.0029 Acc=100.0% | Test: Acc=87.9% | Best=88.5%(@5820)
  from x3: 0.87 0.87 0.88 0.88 0.88 0.88 0.88 0.88 0.88 0.88 0.88 0.88 0.88
  per-rule acc: 0.84 0.92
Epoch 6200 | Train: Loss=0.0046 Acc=100.0% | Test: Acc=87.6% | Best=88.5%(@5820)
  from x3: 0.86 0.87 0.88 0.88 0.88 0.88 0.88 0.88 0.88 0.88 0.88 0.88 0.88
  per-rule acc: 0.83 0.92
Epoch 6220 | Train: Loss=0.0028 Acc=100.0% | Test: Acc=88.0% | Best=88.5%(@5820)
  from x3: 0.87 0.88 0.88 0.88 0.88 0.88 0.88 0.88 0.88 0.88 0.88 0.88 0.88
  per-rule acc: 0.84 0.92
Epoch 6240 | Train: Loss=0.0024 Acc=100.0% | Test: Acc=88.2% | Best=88.5%(@5820)
  from x3: 0.87 0.88 0.88 0.88 0.88 0.88 0.88 0.88 0.89 0.89 0.88 0.88 0.88
  per-rule acc: 0.84 0.92
Epoch 6260 | Train: Loss=0.0024 Acc=100.0% | Test: Acc=88.1% | Best=88.5%(@5820)
  from x3: 0.87 0.88 0.88 0.88 0.88 0.88 0.88 0.88 0.88 0.88 0.88 0.88 0.88
  per-rule acc: 0.84 0.92
Epoch 6280 | Train: Loss=0.0024 Acc=100.0% | Test: Acc=88.1% | Best=88.5%(@5820)
  from x3: 0.87 0.88 0.88 0.88 0.88 0.88 0.88 0.88 0.88 0.88 0.88 0.88 0.88
  per-rule acc: 0.84 0.92
Epoch 6300 | Train: Loss=0.0028 Acc=100.0% | Test: Acc=88.1% | Best=88.5%(@5820)
  from x3: 0.87 0.88 0.88 0.88 0.88 0.88 0.88 0.88 0.88 0.88 0.88 0.88 0.89
  per-rule acc: 0.84 0.92
Epoch 6320 | Train: Loss=0.0025 Acc=100.0% | Test: Acc=88.2% | Best=88.5%(@5820)
  from x3: 0.87 0.88 0.88 0.88 0.88 0.88 0.88 0.88 0.88 0.89 0.88 0.88 0.89
  per-rule acc: 0.84 0.92
Epoch 6340 | Train: Loss=0.0031 Acc=100.0% | Test: Acc=87.8% | Best=88.5%(@5820)
  from x3: 0.87 0.87 0.88 0.88 0.88 0.88 0.88 0.88 0.88 0.88 0.88 0.88 0.88
  per-rule acc: 0.84 0.92
Epoch 6360 | Train: Loss=0.0040 Acc=100.0% | Test: Acc=87.8% | Best=88.5%(@5820)
  from x3: 0.86 0.87 0.88 0.88 0.88 0.88 0.88 0.88 0.88 0.88 0.88 0.88 0.88
  per-rule acc: 0.84 0.91
Epoch 6380 | Train: Loss=0.0024 Acc=100.0% | Test: Acc=88.0% | Best=88.5%(@5820)
  from x3: 0.87 0.88 0.88 0.88 0.88 0.88 0.88 0.88 0.88 0.88 0.88 0.88 0.88
  per-rule acc: 0.84 0.92
Epoch 6400 | Train: Loss=0.0050 Acc=100.0% | Test: Acc=87.7% | Best=88.5%(@5820)
  from x3: 0.86 0.88 0.88 0.88 0.88 0.88 0.88 0.88 0.88 0.88 0.88 0.88 0.88
  per-rule acc: 0.84 0.92
Epoch 6420 | Train: Loss=0.0032 Acc=100.0% | Test: Acc=87.9% | Best=88.5%(@5820)
  from x3: 0.86 0.87 0.88 0.88 0.88 0.88 0.88 0.88 0.88 0.88 0.88 0.88 0.88
  per-rule acc: 0.84 0.92
Epoch 6440 | Train: Loss=0.0039 Acc=100.0% | Test: Acc=87.9% | Best=88.5%(@5820)
  from x3: 0.87 0.88 0.88 0.88 0.88 0.88 0.88 0.88 0.88 0.88 0.88 0.88 0.88
  per-rule acc: 0.84 0.92
Epoch 6460 | Train: Loss=0.0024 Acc=100.0% | Test: Acc=88.1% | Best=88.5%(@5820)
  from x3: 0.87 0.88 0.88 0.88 0.88 0.88 0.88 0.88 0.88 0.88 0.88 0.88 0.88
  per-rule acc: 0.84 0.92
Epoch 6480 | Train: Loss=0.0027 Acc=100.0% | Test: Acc=88.2% | Best=88.5%(@5820)
  from x3: 0.87 0.88 0.88 0.88 0.88 0.88 0.88 0.88 0.88 0.88 0.89 0.89 0.89
  per-rule acc: 0.84 0.92
Epoch 6500 | Train: Loss=0.0024 Acc=100.0% | Test: Acc=88.1% | Best=88.5%(@5820)
  from x3: 0.87 0.88 0.88 0.88 0.88 0.88 0.88 0.88 0.88 0.88 0.88 0.88 0.88
  per-rule acc: 0.84 0.92
Epoch 6520 | Train: Loss=0.0023 Acc=100.0% | Test: Acc=88.1% | Best=88.5%(@5820)
  from x3: 0.87 0.88 0.88 0.88 0.88 0.88 0.88 0.88 0.88 0.88 0.88 0.88 0.88
  per-rule acc: 0.84 0.92
Epoch 6540 | Train: Loss=0.0024 Acc=100.0% | Test: Acc=88.1% | Best=88.5%(@5820)
  from x3: 0.87 0.88 0.88 0.88 0.88 0.88 0.88 0.88 0.88 0.88 0.88 0.88 0.88
  per-rule acc: 0.84 0.92
Epoch 6560 | Train: Loss=0.0023 Acc=100.0% | Test: Acc=88.1% | Best=88.5%(@5820)
  from x3: 0.87 0.88 0.88 0.88 0.88 0.88 0.88 0.88 0.88 0.88 0.88 0.89 0.89
  per-rule acc: 0.84 0.92
Epoch 6580 | Train: Loss=0.0032 Acc=100.0% | Test: Acc=88.0% | Best=88.5%(@5820)
  from x3: 0.86 0.87 0.88 0.88 0.88 0.88 0.88 0.88 0.88 0.88 0.88 0.88 0.88
  per-rule acc: 0.84 0.92
Epoch 6600 | Train: Loss=0.0022 Acc=100.0% | Test: Acc=87.9% | Best=88.5%(@5820)
  from x3: 0.87 0.88 0.88 0.88 0.88 0.88 0.88 0.88 0.88 0.88 0.88 0.88 0.88
  per-rule acc: 0.84 0.92
Epoch 6620 | Train: Loss=0.0025 Acc=100.0% | Test: Acc=88.1% | Best=88.5%(@5820)
  from x3: 0.87 0.88 0.88 0.88 0.88 0.88 0.88 0.88 0.88 0.88 0.88 0.88 0.89
  per-rule acc: 0.84 0.92
Epoch 6640 | Train: Loss=0.0024 Acc=100.0% | Test: Acc=88.0% | Best=88.5%(@5820)
  from x3: 0.87 0.87 0.88 0.88 0.88 0.88 0.88 0.88 0.88 0.88 0.88 0.88 0.88
  per-rule acc: 0.84 0.92
Epoch 6660 | Train: Loss=0.0023 Acc=100.0% | Test: Acc=87.9% | Best=88.5%(@5820)
  from x3: 0.87 0.87 0.88 0.88 0.88 0.88 0.88 0.88 0.88 0.88 0.88 0.88 0.88
  per-rule acc: 0.84 0.92
Epoch 6680 | Train: Loss=0.0022 Acc=100.0% | Test: Acc=88.0% | Best=88.5%(@5820)
  from x3: 0.87 0.88 0.88 0.88 0.88 0.88 0.88 0.88 0.88 0.88 0.88 0.88 0.88
  per-rule acc: 0.84 0.92
Epoch 6700 | Train: Loss=0.0039 Acc=100.0% | Test: Acc=87.7% | Best=88.5%(@5820)
  from x3: 0.86 0.87 0.88 0.88 0.88 0.88 0.88 0.88 0.88 0.88 0.88 0.88 0.88
  per-rule acc: 0.84 0.92
Epoch 6720 | Train: Loss=0.0021 Acc=100.0% | Test: Acc=87.9% | Best=88.5%(@5820)
  from x3: 0.87 0.88 0.88 0.88 0.88 0.88 0.88 0.88 0.88 0.88 0.88 0.88 0.88
  per-rule acc: 0.84 0.92
Epoch 6740 | Train: Loss=0.0021 Acc=100.0% | Test: Acc=88.1% | Best=88.5%(@5820)
  from x3: 0.87 0.88 0.88 0.88 0.88 0.88 0.88 0.88 0.88 0.88 0.88 0.88 0.88
  per-rule acc: 0.84 0.92
Epoch 6760 | Train: Loss=0.0040 Acc=100.0% | Test: Acc=87.8% | Best=88.5%(@5820)
  from x3: 0.86 0.87 0.88 0.88 0.88 0.88 0.88 0.88 0.88 0.88 0.88 0.88 0.88
  per-rule acc: 0.84 0.92
Epoch 6780 | Train: Loss=0.0024 Acc=100.0% | Test: Acc=88.0% | Best=88.5%(@5820)
  from x3: 0.87 0.88 0.88 0.88 0.88 0.88 0.88 0.88 0.88 0.88 0.88 0.88 0.88
  per-rule acc: 0.84 0.92
Epoch 6800 | Train: Loss=0.0046 Acc=100.0% | Test: Acc=87.7% | Best=88.5%(@5820)
  from x3: 0.87 0.87 0.88 0.88 0.88 0.88 0.88 0.88 0.88 0.88 0.88 0.88 0.88
  per-rule acc: 0.84 0.92
Epoch 6820 | Train: Loss=0.0022 Acc=100.0% | Test: Acc=88.0% | Best=88.5%(@5820)
  from x3: 0.87 0.88 0.88 0.88 0.88 0.88 0.88 0.88 0.88 0.88 0.88 0.88 0.88
  per-rule acc: 0.84 0.92
[Early stop] No improvement for 1000 consecutive epochs

==================================================
Saving model...
[OK] Model saved to: /home/cxm/ai/test0627-multitask-overlap/models/mixed_cond_d128l1_r8_n2_e50_overlap50.pth
  File size: 1404.8 KB
  Best test accuracy: 88.46%

==================================================
Final generation test (given first two items, AB generates 3rd as prompt, validate from 4th)
==================================================

--- AB pair 1: (1, 1) ---

--- Statistics for AB=(1,1) ---
Exposed    samples:  1404 | In-dist: 18252/18252 (100.0%) | OOD: 22320/22464 ( 99.4%)
Unexposed  samples:  1405 | In-dist: 15861/18265 ( 86.8%) | OOD: 21569/22480 ( 95.9%)

--- AB pair 2: (1, 2) ---

--- Statistics for AB=(1,2) ---
Exposed    samples:  1404 | In-dist: 18252/18252 (100.0%) | OOD: 22367/22464 ( 99.6%)
Unexposed  samples:  1405 | In-dist: 16788/18265 ( 91.9%) | OOD: 21285/22480 ( 94.7%)

--- Return code: 0 ---

======================================================================
Attention Analysis
======================================================================
Model config: addition (default), p=53
Best test accuracy: 0.8846153846153846
Training epochs: 6820

Random test sequence 1/5 (length 32): [19, 40, 6, 46, 52, 45, 44, 36, 27, 10, 37, 47, 31, 25, 3, 28, 31, 6, 37, 43]...

======================================================================
Attention Layer Training Result Summary
======================================================================
Input sequence: [19, 40, 6, 46, 52, 45, 44, 36, 27, 10, 37, 47, 31, 25, 3, 28, 31, 6, 37, 43, 27, 17, 44, 8, 52, 7, 6, 13, 19, 32, 51, 30]

--- Layer 0 ---
  Head 0: Entropy=1.705
    Attention coefficients from each query position to previous positions:
      i= 0 -> j=0:1.000
      i= 1 -> j=0:0.149, j=1:0.851
      i= 2 -> j=0:0.168, j=1:0.316, j=2:0.517
      i= 3 -> j=0:0.026, j=1:0.062, j=2:0.219, j=3:0.694
      i= 4 -> j=0:0.007, j=1:0.012, j=2:0.077, j=3:0.188, j=4:0.715
      i= 5 -> j=0:0.011, j=1:0.011, j=2:0.060, j=3:0.088, j=4:0.279, j=5:0.552
      i= 6 -> j=0:0.040, j=1:0.045, j=2:0.108, j=3:0.121, j=4:0.182, j=5:0.230, j=6:0.274
      i= 7 -> j=0:0.013, j=1:0.009, j=2:0.041, j=3:0.032, j=4:0.067, j=5:0.123, j=6:0.231, j=7:0.484
      i= 8 -> j=0:0.011, j=1:0.008, j=2:0.032, j=3:0.021, j=4:0.038, j=5:0.063, j=6:0.155, j=7:0.265, j=8:0.407
      i= 9 -> j=0:0.003, j=1:0.001, j=2:0.011, j=3:0.004, j=4:0.007, j=5:0.013, j=6:0.067, j=7:0.098, j=8:0.171, j=9:0.624
      i=10 -> j=0:0.016, j=1:0.009, j=2:0.034, j=3:0.015, j=4:0.022, j=5:0.030, j=6:0.106, j=7:0.103, j=8:0.120, j=9:0.204, j=10:0.343
      i=11 -> j=0:0.007, j=1:0.003, j=2:0.015, j=3:0.005, j=4:0.007, j=5:0.008, j=6:0.051, j=7:0.032, j=8:0.039, j=9:0.079, j=10:0.223, j=11:0.532
      i=12 -> j=0:0.007, j=1:0.004, j=2:0.013, j=3:0.005, j=4:0.006, j=5:0.007, j=6:0.036, j=7:0.020, j=8:0.019, j=9:0.027, j=10:0.081, j=11:0.213, j=12:0.563
      i=13 -> j=0:0.004, j=1:0.002, j=2:0.008, j=3:0.002, j=4:0.002, j=5:0.003, j=6:0.023, j=7:0.010, j=8:0.008, j=9:0.008, j=10:0.027, j=11:0.069, j=12:0.218, j=13:0.619
      i=14 -> j=0:0.004, j=1:0.002, j=2:0.010, j=3:0.002, j=4:0.003, j=5:0.002, j=6:0.022, j=7:0.008, j=8:0.007, j=9:0.005, j=10:0.019, j=11:0.041, j=12:0.100, j=13:0.243, j=14:0.534
      i=15 -> j=0:0.008, j=1:0.004, j=2:0.014, j=3:0.004, j=4:0.005, j=5:0.005, j=6:0.027, j=7:0.011, j=8:0.009, j=9:0.006, j=10:0.018, j=11:0.030, j=12:0.056, j=13:0.103, j=14:0.200, j=15:0.501
      i=16 -> j=0:0.010, j=1:0.005, j=2:0.014, j=3:0.005, j=4:0.005, j=5:0.005, j=6:0.024, j=7:0.011, j=8:0.009, j=9:0.006, j=10:0.012, j=11:0.017, j=12:0.025, j=13:0.041, j=14:0.079, j=15:0.224, j=16:0.509
      i=17 -> j=0:0.024, j=1:0.014, j=2:0.034, j=3:0.014, j=4:0.014, j=5:0.013, j=6:0.045, j=7:0.022, j=8:0.019, j=9:0.013, j=10:0.025, j=11:0.030, j=12:0.036, j=13:0.044, j=14:0.061, j=15:0.104, j=16:0.203, j=17:0.284
      i=18 -> j=0:0.027, j=1:0.017, j=2:0.037, j=3:0.015, j=4:0.014, j=5:0.013, j=6:0.047, j=7:0.024, j=8:0.019, j=9:0.011, j=10:0.022, j=11:0.024, j=12:0.027, j=13:0.033, j=14:0.040, j=15:0.055, j=16:0.121, j=17:0.179, j=18:0.275
      i=19 -> j=0:0.017, j=1:0.011, j=2:0.024, j=3:0.010, j=4:0.009, j=5:0.007, j=6:0.031, j=7:0.013, j=8:0.010, j=9:0.005, j=10:0.011, j=11:0.011, j=12:0.012, j=13:0.013, j=14:0.016, j=15:0.020, j=16:0.053, j=17:0.087, j=18:0.168, j=19:0.473
      i=20 -> j=0:0.021, j=1:0.015, j=2:0.030, j=3:0.014, j=4:0.014, j=5:0.011, j=6:0.037, j=7:0.017, j=8:0.014, j=9:0.008, j=10:0.014, j=11:0.014, j=12:0.013, j=13:0.014, j=14:0.017, j=15:0.020, j=16:0.040, j=17:0.064, j=18:0.094, j=19:0.200, j=20:0.329
      i=21 -> j=0:0.036, j=1:0.028, j=2:0.048, j=3:0.030, j=4:0.031, j=5:0.029, j=6:0.055, j=7:0.033, j=8:0.028, j=9:0.019, j=10:0.030, j=11:0.031, j=12:0.028, j=13:0.025, j=14:0.025, j=15:0.030, j=16:0.049, j=17:0.071, j=18:0.075, j=19:0.084, j=20:0.097, j=21:0.119
      i=22 -> j=0:0.036, j=1:0.029, j=2:0.043, j=3:0.031, j=4:0.034, j=5:0.034, j=6:0.055, j=7:0.033, j=8:0.028, j=9:0.020, j=10:0.029, j=11:0.030, j=12:0.028, j=13:0.023, j=14:0.020, j=15:0.019, j=16:0.028, j=17:0.041, j=18:0.050, j=19:0.070, j=20:0.080, j=21:0.101, j=22:0.140
      i=23 -> j=0:0.012, j=1:0.006, j=2:0.017, j=3:0.007, j=4:0.007, j=5:0.007, j=6:0.024, j=7:0.010, j=8:0.007, j=9:0.003, j=10:0.006, j=11:0.006, j=12:0.005, j=13:0.004, j=14:0.003, j=15:0.003, j=16:0.005, j=17:0.010, j=18:0.009, j=19:0.008, j=20:0.022, j=21:0.063, j=22:0.164, j=23:0.592
      i=24 -> j=0:0.011, j=1:0.006, j=2:0.015, j=3:0.005, j=4:0.006, j=5:0.006, j=6:0.023, j=7:0.009, j=8:0.006, j=9:0.002, j=10:0.005, j=11:0.004, j=12:0.003, j=13:0.002, j=14:0.002, j=15:0.002, j=16:0.003, j=17:0.005, j=18:0.004, j=19:0.003, j=20:0.009, j=21:0.029, j=22:0.089, j=23:0.194, j=24:0.558
      i=25 -> j=0:0.004, j=1:0.002, j=2:0.006, j=3:0.002, j=4:0.002, j=5:0.002, j=6:0.009, j=7:0.004, j=8:0.003, j=9:0.001, j=10:0.002, j=11:0.002, j=12:0.001, j=13:0.001, j=14:0.001, j=15:0.000, j=16:0.001, j=17:0.002, j=18:0.001, j=19:0.001, j=20:0.002, j=21:0.005, j=22:0.022, j=23:0.039, j=24:0.181, j=25:0.705
      i=26 -> j=0:0.030, j=1:0.022, j=2:0.039, j=3:0.022, j=4:0.023, j=5:0.022, j=6:0.045, j=7:0.028, j=8:0.023, j=9:0.015, j=10:0.021, j=11:0.020, j=12:0.016, j=13:0.013, j=14:0.011, j=15:0.009, j=16:0.013, j=17:0.019, j=18:0.016, j=19:0.010, j=20:0.019, j=21:0.033, j=22:0.060, j=23:0.052, j=24:0.082, j=25:0.133, j=26:0.204
      i=27 -> j=0:0.006, j=1:0.004, j=2:0.010, j=3:0.004, j=4:0.004, j=5:0.003, j=6:0.013, j=7:0.006, j=8:0.004, j=9:0.002, j=10:0.004, j=11:0.003, j=12:0.002, j=13:0.001, j=14:0.001, j=15:0.001, j=16:0.001, j=17:0.002, j=18:0.001, j=19:0.000, j=20:0.001, j=21:0.004, j=22:0.012, j=23:0.006, j=24:0.010, j=25:0.029, j=26:0.114, j=27:0.749
      i=28 -> j=0:0.033, j=1:0.025, j=2:0.043, j=3:0.024, j=4:0.024, j=5:0.023, j=6:0.048, j=7:0.029, j=8:0.022, j=9:0.015, j=10:0.024, j=11:0.024, j=12:0.018, j=13:0.013, j=14:0.010, j=15:0.008, j=16:0.012, j=17:0.018, j=18:0.013, j=19:0.006, j=20:0.011, j=21:0.021, j=22:0.044, j=23:0.026, j=24:0.030, j=25:0.039, j=26:0.089, j=27:0.121, j=28:0.187
      i=29 -> j=0:0.021, j=1:0.015, j=2:0.026, j=3:0.015, j=4:0.016, j=5:0.016, j=6:0.034, j=7:0.019, j=8:0.015, j=9:0.010, j=10:0.015, j=11:0.016, j=12:0.013, j=13:0.010, j=14:0.009, j=15:0.006, j=16:0.008, j=17:0.011, j=18:0.007, j=19:0.003, j=20:0.007, j=21:0.012, j=22:0.024, j=23:0.008, j=24:0.007, j=25:0.009, j=26:0.032, j=27:0.063, j=28:0.177, j=29:0.376
      i=30 -> j=0:0.013, j=1:0.009, j=2:0.018, j=3:0.008, j=4:0.008, j=5:0.008, j=6:0.023, j=7:0.011, j=8:0.009, j=9:0.005, j=10:0.009, j=11:0.009, j=12:0.007, j=13:0.005, j=14:0.004, j=15:0.002, j=16:0.004, j=17:0.005, j=18:0.003, j=19:0.001, j=20:0.002, j=21:0.005, j=22:0.012, j=23:0.003, j=24:0.002, j=25:0.002, j=26:0.010, j=27:0.008, j=28:0.030, j=29:0.159, j=30:0.606
      i=31 -> j=0:0.034, j=1:0.030, j=2:0.042, j=3:0.029, j=4:0.028, j=5:0.027, j=6:0.047, j=7:0.033, j=8:0.030, j=9:0.021, j=10:0.027, j=11:0.026, j=12:0.022, j=13:0.020, j=14:0.019, j=15:0.016, j=16:0.017, j=17:0.020, j=18:0.015, j=19:0.008, j=20:0.014, j=21:0.019, j=22:0.030, j=23:0.012, j=24:0.010, j=25:0.011, j=26:0.030, j=27:0.027, j=28:0.039, j=29:0.072, j=30:0.093, j=31:0.130
    Average attention per distance:
      d=0:0.483, d=1:0.189, d=2:0.090, d=3:0.048, d=4:0.031, d=5:0.022, d=6:0.017, d=7:0.012
      d=8:0.012, d=9:0.011, d=10:0.011, d=11:0.011, d=12:0.011, d=13:0.011, d=14:0.012, d=15:0.014
      d=16:0.016, d=17:0.017, d=18:0.018, d=19:0.017, d=20:0.019, d=21:0.018, d=22:0.018, d=23:0.016
      d=24:0.019, d=25:0.019, d=26:0.021, d=27:0.019, d=28:0.024, d=29:0.024, d=30:0.022, d=31:0.034


======================================================================
QK Property Verification (Raw Scores, before Softmax)
======================================================================
Recurrence order init_len=2, num test sequences=1

--- [P1] Long-distance Orthogonality Verification ---
Ideal: raw_score mean ≈ 0 and small std when d > init_len

  Layer 0, Head 0:
    d= 1 (effective): mean=  0.601, std= 0.361, n=31
    d= 2 (effective): mean= -0.185, std= 0.214, n=30
    d>2 (long-distance): mean= -1.982, std= 0.861, n=435

--- [P2] Time-homogeneous Verification ---
Ideal: CV of raw_score across positions i ≈ 0 for fixed distance d
(CV = std / |mean|, smaller = more constant)

  Layer 0, Head 0:
    d= 1: mean=  0.601, std= 0.361, CV=0.602, n=31
    d= 2: mean= -0.185, std= 0.214, CV=1.155, n=30

======================================================================
QK Property Verification Completed
======================================================================
