=== Experiment: mixed_basic_d1024l4_r32_n4_e50 ===
Time: 2026-06-26T16:20:38.842542
Task type: mixed_ab
Merged config: {
  "P": 53,
  "TASK": "mixed_ab",
  "NUM_MASK": 0,
  "A": 1,
  "B": 1,
  "AB_PAIRS": [
    [
      1,
      1
    ],
    [
      1,
      2
    ],
    [
      1,
      3
    ],
    [
      1,
      4
    ]
  ],
  "D_MODEL": 1024,
  "N_HEAD": 1,
  "N_LAYER": 4,
  "BATCH_SIZE": 128,
  "EPOCHS": 10000,
  "LR": 0.0003,
  "SAVE_PATH": "models/mixed_basic_d1024l4_r32_n4_e50.pth",
  "USE_GREEDY_GENERATE": true,
  "USE_LEARNABLE_PE": false,
  "MLP_RATIO": 32,
  "TRAIN_LEN": 16,
  "OOD_LEN": 32,
  "DROPOUT": 0.0,
  "TARGET_INIT_COVERAGE": 0.5,
  "MAX_UNIQUE_RATIO": 0.5,
  "WEIGHT_DECAY": 1,
  "ENTROPY_PENALTY_WEIGHT": 0.0,
  "FIRST_TASK_WEIGHT": 1.0,
  "RANDOM_SEED": 42,
  "EVAL_INTERVAL": 20,
  "EARLY_STOP_NO_IMPROVE": 1000,
  "EARLY_STOP_ACCURACY": 0.99,
  "USE_AB_TAG": false,
  "USE_CONDITIONAL_WTE": false,
  "COND_WTE_SHARED_RATIO": 0.0,
  "MIXED_AB_MAX_UNIQUE_RATIOS": [
    0.5,
    0.5,
    0.5,
    0.5
  ],
  "SKIP_FINAL_GENERATION_TEST": true
}
--- output ---
Using device: cuda

[Dataset] Mixed mode: generated 5616 + 5620 samples, length 16
AB parameter pairs: [(1, 1), (1, 2), (1, 3), (1, 4)]
  - AB=(1,1): train 1404 | test 1405 | exposed ~50.0%
  - AB=(1,2): train 1404 | test 1405 | exposed ~50.0%
  - AB=(1,3): train 1404 | test 1405 | exposed ~50.0%
  - AB=(1,4): train 1404 | test 1405 | exposed ~50.0%
--------------------------------------------------
[Model config] block_size: 32, train length: 16
[Number theory] AB parameter pairs: [(1, 1), (1, 2), (1, 3), (1, 4)]


Model parameters: 285.97M

Start training...
Epoch   0 | Train: Loss=4.6963 Acc=3.9% | Test: Acc=1.2% | Best=1.2%(@0)
  from x3: 0.01 0.01 0.01 0.01 0.01 0.01 0.01 0.01 0.01 0.01 0.01 0.01 0.01
  per-rule acc: 0.01 0.01 0.01 0.01
Epoch  20 | Train: Loss=0.0119 Acc=99.8% | Test: Acc=2.0% | Best=2.0%(@20)
  from x3: 0.02 0.02 0.02 0.02 0.02 0.02 0.02 0.02 0.02 0.02 0.02 0.02 0.02
  per-rule acc: 0.03 0.02 0.02 0.01
Epoch  40 | Train: Loss=0.0102 Acc=99.8% | Test: Acc=1.8% | Best=2.0%(@20)
  from x3: 0.01 0.02 0.02 0.02 0.02 0.02 0.02 0.02 0.02 0.02 0.02 0.02 0.02
  per-rule acc: 0.03 0.02 0.01 0.01
Epoch  60 | Train: Loss=0.0154 Acc=99.6% | Test: Acc=2.0% | Best=2.0%(@20)
  from x3: 0.02 0.02 0.02 0.02 0.02 0.02 0.02 0.02 0.02 0.02 0.02 0.02 0.02
  per-rule acc: 0.03 0.02 0.02 0.01
Epoch  80 | Train: Loss=0.0895 Acc=99.1% | Test: Acc=1.9% | Best=2.0%(@20)
  from x3: 0.02 0.02 0.02 0.02 0.02 0.02 0.02 0.02 0.02 0.02 0.02 0.02 0.02
  per-rule acc: 0.04 0.01 0.01 0.01
Epoch 100 | Train: Loss=0.0093 Acc=99.8% | Test: Acc=1.8% | Best=2.0%(@20)
  from x3: 0.02 0.02 0.02 0.02 0.02 0.02 0.02 0.02 0.02 0.02 0.02 0.02 0.02
  per-rule acc: 0.04 0.01 0.02 0.01
Epoch 120 | Train: Loss=0.0117 Acc=99.8% | Test: Acc=2.3% | Best=2.3%(@120)
  from x3: 0.02 0.02 0.02 0.02 0.02 0.02 0.02 0.02 0.02 0.02 0.02 0.02 0.02
  per-rule acc: 0.05 0.02 0.01 0.01
Epoch 140 | Train: Loss=0.0084 Acc=99.8% | Test: Acc=2.1% | Best=2.3%(@120)
  from x3: 0.02 0.02 0.02 0.02 0.02 0.02 0.02 0.02 0.02 0.02 0.02 0.02 0.02
  per-rule acc: 0.05 0.01 0.02 0.01
Epoch 160 | Train: Loss=0.0039 Acc=99.9% | Test: Acc=1.7% | Best=2.3%(@120)
  from x3: 0.02 0.02 0.02 0.02 0.02 0.02 0.02 0.02 0.02 0.02 0.02 0.02 0.02
  per-rule acc: 0.03 0.02 0.02 0.01
Epoch 180 | Train: Loss=0.0043 Acc=99.9% | Test: Acc=2.0% | Best=2.3%(@120)
  from x3: 0.02 0.02 0.02 0.02 0.02 0.02 0.02 0.02 0.02 0.02 0.02 0.02 0.02
  per-rule acc: 0.04 0.02 0.02 0.01
Epoch 200 | Train: Loss=0.0691 Acc=99.5% | Test: Acc=1.9% | Best=2.3%(@120)
  from x3: 0.02 0.02 0.02 0.02 0.02 0.02 0.02 0.02 0.02 0.02 0.02 0.02 0.02
  per-rule acc: 0.04 0.01 0.02 0.01
Epoch 220 | Train: Loss=0.0101 Acc=99.8% | Test: Acc=2.1% | Best=2.3%(@120)
  from x3: 0.02 0.02 0.02 0.02 0.02 0.02 0.02 0.02 0.02 0.02 0.02 0.02 0.02
  per-rule acc: 0.03 0.02 0.02 0.01
Epoch 240 | Train: Loss=0.0075 Acc=99.8% | Test: Acc=2.1% | Best=2.3%(@120)
  from x3: 0.02 0.02 0.02 0.02 0.02 0.02 0.02 0.02 0.02 0.02 0.02 0.02 0.02
  per-rule acc: 0.03 0.03 0.02 0.01
Epoch 260 | Train: Loss=0.0033 Acc=99.9% | Test: Acc=2.1% | Best=2.3%(@120)
  from x3: 0.02 0.02 0.02 0.02 0.02 0.02 0.02 0.02 0.02 0.02 0.02 0.02 0.02
  per-rule acc: 0.03 0.03 0.02 0.01
Epoch 280 | Train: Loss=0.0073 Acc=99.8% | Test: Acc=2.3% | Best=2.3%(@120)
  from x3: 0.02 0.03 0.02 0.02 0.02 0.02 0.02 0.02 0.02 0.02 0.02 0.02 0.02
  per-rule acc: 0.02 0.04 0.02 0.01
Epoch 300 | Train: Loss=0.0093 Acc=99.8% | Test: Acc=2.3% | Best=2.3%(@300)
  from x3: 0.03 0.02 0.02 0.02 0.02 0.02 0.02 0.02 0.02 0.02 0.02 0.02 0.02
  per-rule acc: 0.02 0.03 0.02 0.02
Epoch 320 | Train: Loss=0.0041 Acc=99.9% | Test: Acc=2.2% | Best=2.3%(@300)
  from x3: 0.02 0.02 0.02 0.02 0.02 0.02 0.02 0.02 0.02 0.02 0.02 0.02 0.02
  per-rule acc: 0.02 0.03 0.02 0.02
Epoch 340 | Train: Loss=0.0035 Acc=99.9% | Test: Acc=2.4% | Best=2.4%(@340)
  from x3: 0.02 0.03 0.02 0.02 0.03 0.02 0.02 0.02 0.02 0.02 0.02 0.02 0.02
  per-rule acc: 0.02 0.04 0.02 0.02
Epoch 360 | Train: Loss=0.0123 Acc=99.7% | Test: Acc=2.2% | Best=2.4%(@340)
  from x3: 0.03 0.02 0.02 0.02 0.02 0.02 0.02 0.02 0.02 0.02 0.02 0.02 0.02
  per-rule acc: 0.02 0.03 0.02 0.01
Epoch 380 | Train: Loss=0.0076 Acc=99.8% | Test: Acc=2.3% | Best=2.4%(@340)
  from x3: 0.02 0.02 0.02 0.02 0.02 0.02 0.02 0.02 0.02 0.02 0.02 0.02 0.02
  per-rule acc: 0.02 0.04 0.02 0.01
Epoch 400 | Train: Loss=0.0105 Acc=99.8% | Test: Acc=2.2% | Best=2.4%(@340)
  from x3: 0.02 0.02 0.02 0.02 0.02 0.02 0.02 0.02 0.02 0.02 0.02 0.02 0.02
  per-rule acc: 0.02 0.04 0.02 0.02
Epoch 420 | Train: Loss=0.0040 Acc=99.9% | Test: Acc=2.4% | Best=2.4%(@420)
  from x3: 0.02 0.02 0.02 0.02 0.02 0.02 0.02 0.02 0.02 0.02 0.02 0.02 0.02
  per-rule acc: 0.01 0.04 0.02 0.02
Epoch 440 | Train: Loss=0.0037 Acc=99.9% | Test: Acc=2.3% | Best=2.4%(@420)
  from x3: 0.02 0.02 0.02 0.02 0.02 0.02 0.02 0.02 0.02 0.02 0.02 0.02 0.02
  per-rule acc: 0.01 0.04 0.02 0.02
Epoch 460 | Train: Loss=0.0055 Acc=99.8% | Test: Acc=2.2% | Best=2.4%(@420)
  from x3: 0.03 0.02 0.02 0.02 0.02 0.02 0.02 0.02 0.02 0.02 0.02 0.02 0.02
  per-rule acc: 0.02 0.04 0.02 0.02
Epoch 480 | Train: Loss=0.0132 Acc=99.7% | Test: Acc=2.2% | Best=2.4%(@420)
  from x3: 0.02 0.02 0.02 0.02 0.02 0.02 0.02 0.02 0.02 0.02 0.02 0.02 0.02
  per-rule acc: 0.01 0.04 0.02 0.01
Epoch 500 | Train: Loss=0.0041 Acc=99.9% | Test: Acc=2.4% | Best=2.4%(@500)
  from x3: 0.02 0.03 0.02 0.02 0.02 0.02 0.02 0.02 0.02 0.02 0.02 0.02 0.02
  per-rule acc: 0.02 0.04 0.02 0.02
Epoch 520 | Train: Loss=0.0067 Acc=99.8% | Test: Acc=2.4% | Best=2.4%(@500)
  from x3: 0.02 0.02 0.02 0.02 0.02 0.02 0.02 0.02 0.02 0.02 0.02 0.02 0.02
  per-rule acc: 0.02 0.04 0.02 0.01
Epoch 540 | Train: Loss=0.0332 Acc=99.7% | Test: Acc=2.3% | Best=2.4%(@500)
  from x3: 0.02 0.02 0.02 0.02 0.02 0.02 0.02 0.02 0.02 0.02 0.02 0.02 0.02
  per-rule acc: 0.02 0.04 0.02 0.02
Epoch 560 | Train: Loss=0.0055 Acc=99.8% | Test: Acc=2.3% | Best=2.4%(@500)
  from x3: 0.02 0.02 0.02 0.02 0.02 0.02 0.02 0.02 0.02 0.02 0.02 0.02 0.02
  per-rule acc: 0.02 0.04 0.02 0.02
Epoch 580 | Train: Loss=0.0126 Acc=99.7% | Test: Acc=2.3% | Best=2.4%(@500)
  from x3: 0.02 0.02 0.02 0.02 0.02 0.02 0.02 0.02 0.02 0.02 0.02 0.02 0.02
  per-rule acc: 0.02 0.04 0.02 0.01
Epoch 600 | Train: Loss=0.0037 Acc=99.9% | Test: Acc=2.4% | Best=2.4%(@600)
  from x3: 0.02 0.02 0.02 0.02 0.02 0.02 0.02 0.02 0.02 0.02 0.02 0.03 0.03
  per-rule acc: 0.01 0.04 0.02 0.02
Epoch 620 | Train: Loss=0.0036 Acc=99.9% | Test: Acc=2.5% | Best=2.5%(@620)
  from x3: 0.02 0.03 0.03 0.03 0.02 0.02 0.03 0.03 0.03 0.03 0.03 0.02 0.03
  per-rule acc: 0.02 0.04 0.02 0.02
Epoch 640 | Train: Loss=0.0100 Acc=99.7% | Test: Acc=2.2% | Best=2.5%(@620)
  from x3: 0.02 0.02 0.02 0.02 0.02 0.02 0.02 0.02 0.02 0.02 0.02 0.02 0.02
  per-rule acc: 0.02 0.04 0.02 0.01
Epoch 660 | Train: Loss=0.0124 Acc=99.7% | Test: Acc=2.4% | Best=2.5%(@620)
  from x3: 0.03 0.03 0.02 0.02 0.02 0.02 0.02 0.02 0.02 0.02 0.02 0.02 0.02
  per-rule acc: 0.02 0.04 0.02 0.02
Epoch 680 | Train: Loss=0.0033 Acc=99.9% | Test: Acc=2.6% | Best=2.6%(@680)
  from x3: 0.02 0.03 0.03 0.03 0.03 0.03 0.03 0.02 0.03 0.03 0.03 0.03 0.03
  per-rule acc: 0.02 0.05 0.02 0.02
Epoch 700 | Train: Loss=0.0061 Acc=99.8% | Test: Acc=2.3% | Best=2.6%(@680)
  from x3: 0.02 0.02 0.02 0.02 0.02 0.02 0.02 0.02 0.02 0.02 0.02 0.02 0.02
  per-rule acc: 0.01 0.04 0.02 0.02
Epoch 720 | Train: Loss=0.0115 Acc=99.8% | Test: Acc=2.3% | Best=2.6%(@680)
  from x3: 0.02 0.02 0.02 0.02 0.02 0.02 0.02 0.02 0.02 0.02 0.02 0.02 0.02
  per-rule acc: 0.02 0.04 0.02 0.02
Epoch 740 | Train: Loss=0.0119 Acc=99.7% | Test: Acc=2.3% | Best=2.6%(@680)
  from x3: 0.03 0.02 0.02 0.02 0.02 0.02 0.02 0.02 0.02 0.02 0.02 0.02 0.02
  per-rule acc: 0.02 0.04 0.02 0.02
Epoch 760 | Train: Loss=0.0039 Acc=99.9% | Test: Acc=2.7% | Best=2.7%(@760)
  from x3: 0.03 0.03 0.03 0.03 0.03 0.03 0.03 0.03 0.03 0.03 0.03 0.03 0.03
  per-rule acc: 0.02 0.05 0.02 0.02
Epoch 780 | Train: Loss=0.0046 Acc=99.9% | Test: Acc=2.8% | Best=2.8%(@780)
  from x3: 0.02 0.03 0.03 0.03 0.03 0.03 0.03 0.03 0.03 0.03 0.03 0.03 0.03
  per-rule acc: 0.02 0.06 0.02 0.02
Epoch 800 | Train: Loss=0.0520 Acc=99.8% | Test: Acc=2.4% | Best=2.8%(@780)
  from x3: 0.02 0.02 0.03 0.02 0.02 0.03 0.02 0.02 0.02 0.02 0.02 0.02 0.02
  per-rule acc: 0.02 0.04 0.02 0.02
Epoch 820 | Train: Loss=0.0041 Acc=99.9% | Test: Acc=2.6% | Best=2.8%(@780)
  from x3: 0.03 0.03 0.03 0.03 0.03 0.03 0.03 0.03 0.03 0.03 0.03 0.03 0.03
  per-rule acc: 0.02 0.04 0.02 0.02
Epoch 840 | Train: Loss=0.0034 Acc=99.9% | Test: Acc=2.6% | Best=2.8%(@780)
  from x3: 0.03 0.03 0.03 0.03 0.03 0.03 0.03 0.03 0.03 0.03 0.03 0.03 0.03
  per-rule acc: 0.02 0.04 0.02 0.02
Epoch 860 | Train: Loss=0.0050 Acc=99.8% | Test: Acc=2.9% | Best=2.9%(@860)
  from x3: 0.03 0.03 0.03 0.03 0.03 0.03 0.03 0.03 0.03 0.03 0.03 0.03 0.03
  per-rule acc: 0.03 0.05 0.02 0.02
Epoch 880 | Train: Loss=0.0113 Acc=99.7% | Test: Acc=2.4% | Best=2.9%(@860)
  from x3: 0.03 0.02 0.02 0.02 0.02 0.02 0.02 0.02 0.02 0.02 0.02 0.02 0.02
  per-rule acc: 0.02 0.04 0.02 0.02
Epoch 900 | Train: Loss=0.2832 Acc=99.5% | Test: Acc=2.6% | Best=2.9%(@860)
  from x3: 0.03 0.03 0.03 0.03 0.03 0.03 0.03 0.03 0.03 0.03 0.03 0.03 0.03
  per-rule acc: 0.02 0.05 0.02 0.02
Epoch 920 | Train: Loss=0.0059 Acc=99.8% | Test: Acc=2.4% | Best=2.9%(@860)
  from x3: 0.03 0.03 0.02 0.02 0.02 0.02 0.02 0.02 0.02 0.02 0.02 0.02 0.02
  per-rule acc: 0.02 0.04 0.02 0.02
Epoch 940 | Train: Loss=0.0050 Acc=99.8% | Test: Acc=2.8% | Best=2.9%(@860)
  from x3: 0.03 0.03 0.03 0.03 0.03 0.03 0.03 0.03 0.03 0.03 0.03 0.03 0.03
  per-rule acc: 0.02 0.05 0.02 0.02
Epoch 960 | Train: Loss=0.0043 Acc=99.9% | Test: Acc=2.9% | Best=2.9%(@860)
  from x3: 0.03 0.03 0.03 0.03 0.03 0.03 0.03 0.03 0.03 0.03 0.03 0.03 0.03
  per-rule acc: 0.02 0.06 0.02 0.02
Epoch 980 | Train: Loss=0.0034 Acc=99.9% | Test: Acc=2.6% | Best=2.9%(@860)
  from x3: 0.03 0.03 0.03 0.03 0.03 0.03 0.03 0.03 0.03 0.03 0.03 0.03 0.03
  per-rule acc: 0.01 0.05 0.02 0.02
Epoch 1000 | Train: Loss=0.0064 Acc=99.8% | Test: Acc=2.6% | Best=2.9%(@860)
  from x3: 0.02 0.03 0.03 0.03 0.03 0.03 0.03 0.03 0.03 0.03 0.03 0.03 0.03
  per-rule acc: 0.01 0.05 0.02 0.02
Epoch 1020 | Train: Loss=0.0098 Acc=99.8% | Test: Acc=2.7% | Best=2.9%(@860)
  from x3: 0.03 0.03 0.03 0.03 0.03 0.03 0.03 0.03 0.03 0.03 0.03 0.03 0.03
  per-rule acc: 0.02 0.05 0.02 0.02
Epoch 1040 | Train: Loss=0.0218 Acc=99.8% | Test: Acc=2.5% | Best=2.9%(@860)
  from x3: 0.02 0.02 0.03 0.02 0.02 0.02 0.02 0.02 0.02 0.02 0.02 0.02 0.02
  per-rule acc: 0.02 0.04 0.02 0.02
Epoch 1060 | Train: Loss=0.0037 Acc=99.9% | Test: Acc=2.8% | Best=2.9%(@860)
  from x3: 0.03 0.03 0.03 0.03 0.03 0.03 0.03 0.03 0.03 0.03 0.03 0.03 0.03
  per-rule acc: 0.01 0.05 0.02 0.02
Epoch 1080 | Train: Loss=0.0028 Acc=99.9% | Test: Acc=2.6% | Best=2.9%(@860)
  from x3: 0.03 0.03 0.03 0.03 0.02 0.03 0.03 0.03 0.03 0.03 0.03 0.03 0.03
  per-rule acc: 0.02 0.05 0.02 0.02
Epoch 1100 | Train: Loss=0.0109 Acc=99.7% | Test: Acc=2.7% | Best=2.9%(@860)
  from x3: 0.03 0.03 0.03 0.03 0.03 0.03 0.03 0.03 0.03 0.03 0.03 0.03 0.03
  per-rule acc: 0.02 0.05 0.02 0.01
Epoch 1120 | Train: Loss=0.0362 Acc=99.7% | Test: Acc=2.4% | Best=2.9%(@860)
  from x3: 0.02 0.02 0.02 0.02 0.02 0.02 0.03 0.03 0.02 0.02 0.02 0.02 0.02
  per-rule acc: 0.02 0.04 0.02 0.02
Epoch 1140 | Train: Loss=0.0037 Acc=99.9% | Test: Acc=2.9% | Best=2.9%(@860)
  from x3: 0.03 0.03 0.03 0.03 0.03 0.03 0.03 0.03 0.03 0.03 0.03 0.03 0.03
  per-rule acc: 0.02 0.06 0.02 0.02
Epoch 1160 | Train: Loss=0.0033 Acc=99.9% | Test: Acc=2.8% | Best=2.9%(@860)
  from x3: 0.03 0.03 0.03 0.03 0.03 0.03 0.03 0.03 0.03 0.03 0.03 0.03 0.03
  per-rule acc: 0.01 0.06 0.02 0.02
Epoch 1180 | Train: Loss=0.0042 Acc=99.9% | Test: Acc=2.6% | Best=2.9%(@860)
  from x3: 0.03 0.03 0.03 0.03 0.03 0.03 0.03 0.03 0.03 0.03 0.03 0.03 0.03
  per-rule acc: 0.02 0.05 0.02 0.02
Epoch 1200 | Train: Loss=0.0035 Acc=99.9% | Test: Acc=2.7% | Best=2.9%(@860)
  from x3: 0.03 0.03 0.03 0.03 0.03 0.03 0.03 0.03 0.03 0.03 0.03 0.03 0.03
  per-rule acc: 0.02 0.05 0.02 0.02
Epoch 1220 | Train: Loss=0.0036 Acc=99.9% | Test: Acc=2.6% | Best=2.9%(@860)
  from x3: 0.03 0.03 0.03 0.03 0.03 0.03 0.03 0.03 0.03 0.03 0.03 0.03 0.03
  per-rule acc: 0.02 0.05 0.02 0.02
Epoch 1240 | Train: Loss=0.0052 Acc=99.8% | Test: Acc=2.8% | Best=2.9%(@860)
  from x3: 0.03 0.03 0.03 0.03 0.03 0.03 0.03 0.03 0.03 0.03 0.03 0.03 0.03
  per-rule acc: 0.02 0.05 0.03 0.02
Epoch 1260 | Train: Loss=0.0087 Acc=99.8% | Test: Acc=2.5% | Best=2.9%(@860)
  from x3: 0.03 0.03 0.02 0.03 0.03 0.03 0.03 0.02 0.03 0.03 0.03 0.03 0.03
  per-rule acc: 0.02 0.04 0.02 0.02
Epoch 1280 | Train: Loss=0.0116 Acc=99.7% | Test: Acc=2.4% | Best=2.9%(@860)
  from x3: 0.02 0.02 0.02 0.02 0.02 0.02 0.02 0.02 0.02 0.02 0.02 0.02 0.02
  per-rule acc: 0.02 0.05 0.02 0.02
Epoch 1300 | Train: Loss=0.1118 Acc=99.6% | Test: Acc=2.5% | Best=2.9%(@860)
  from x3: 0.03 0.03 0.02 0.02 0.02 0.02 0.02 0.02 0.02 0.02 0.02 0.02 0.02
  per-rule acc: 0.02 0.04 0.02 0.02
Epoch 1320 | Train: Loss=0.0035 Acc=99.9% | Test: Acc=2.7% | Best=2.9%(@860)
  from x3: 0.03 0.03 0.03 0.03 0.03 0.03 0.03 0.03 0.03 0.03 0.03 0.03 0.03
  per-rule acc: 0.02 0.05 0.02 0.02
Epoch 1340 | Train: Loss=0.0033 Acc=99.9% | Test: Acc=2.6% | Best=2.9%(@860)
  from x3: 0.03 0.03 0.03 0.03 0.03 0.03 0.03 0.03 0.03 0.03 0.03 0.03 0.03
  per-rule acc: 0.02 0.05 0.02 0.02
Epoch 1360 | Train: Loss=0.0050 Acc=99.8% | Test: Acc=2.8% | Best=2.9%(@860)
  from x3: 0.03 0.03 0.03 0.03 0.03 0.03 0.03 0.03 0.03 0.03 0.03 0.03 0.03
  per-rule acc: 0.02 0.05 0.02 0.02
Epoch 1380 | Train: Loss=0.0034 Acc=99.9% | Test: Acc=2.9% | Best=2.9%(@860)
  from x3: 0.03 0.03 0.03 0.03 0.03 0.03 0.03 0.03 0.03 0.03 0.03 0.03 0.03
  per-rule acc: 0.01 0.06 0.02 0.02
Epoch 1400 | Train: Loss=0.0038 Acc=99.9% | Test: Acc=2.7% | Best=2.9%(@860)
  from x3: 0.03 0.03 0.03 0.03 0.03 0.03 0.03 0.03 0.03 0.03 0.03 0.03 0.03
  per-rule acc: 0.02 0.05 0.02 0.02
Epoch 1420 | Train: Loss=0.0209 Acc=99.6% | Test: Acc=2.5% | Best=2.9%(@860)
  from x3: 0.03 0.03 0.02 0.02 0.02 0.02 0.02 0.02 0.02 0.03 0.03 0.02 0.03
  per-rule acc: 0.02 0.05 0.02 0.02
Epoch 1440 | Train: Loss=0.2909 Acc=99.8% | Test: Acc=2.6% | Best=2.9%(@860)
  from x3: 0.03 0.03 0.03 0.03 0.03 0.03 0.03 0.03 0.03 0.03 0.03 0.03 0.03
  per-rule acc: 0.02 0.05 0.02 0.02
Epoch 1460 | Train: Loss=0.0351 Acc=99.7% | Test: Acc=2.5% | Best=2.9%(@860)
  from x3: 0.03 0.02 0.02 0.02 0.02 0.02 0.02 0.02 0.02 0.02 0.02 0.02 0.02
  per-rule acc: 0.02 0.04 0.02 0.01
Epoch 1480 | Train: Loss=0.0040 Acc=99.9% | Test: Acc=2.9% | Best=2.9%(@860)
  from x3: 0.03 0.03 0.03 0.03 0.03 0.03 0.03 0.03 0.03 0.03 0.03 0.03 0.03
  per-rule acc: 0.02 0.05 0.03 0.02
Epoch 1500 | Train: Loss=0.0032 Acc=99.9% | Test: Acc=2.8% | Best=2.9%(@860)
  from x3: 0.03 0.03 0.03 0.03 0.03 0.03 0.03 0.03 0.03 0.03 0.03 0.03 0.03
  per-rule acc: 0.02 0.05 0.02 0.02
Epoch 1520 | Train: Loss=0.0031 Acc=99.9% | Test: Acc=2.7% | Best=2.9%(@860)
  from x3: 0.03 0.03 0.03 0.03 0.03 0.03 0.03 0.03 0.03 0.03 0.03 0.03 0.03
  per-rule acc: 0.02 0.05 0.02 0.02
Epoch 1540 | Train: Loss=0.0028 Acc=99.9% | Test: Acc=2.7% | Best=2.9%(@860)
  from x3: 0.03 0.02 0.03 0.03 0.03 0.03 0.03 0.03 0.03 0.03 0.03 0.03 0.03
  per-rule acc: 0.02 0.05 0.02 0.02
Epoch 1560 | Train: Loss=0.0053 Acc=99.8% | Test: Acc=2.5% | Best=2.9%(@860)
  from x3: 0.03 0.02 0.02 0.03 0.03 0.03 0.03 0.03 0.03 0.02 0.02 0.02 0.03
  per-rule acc: 0.02 0.04 0.02 0.02
Epoch 1580 | Train: Loss=0.0056 Acc=99.8% | Test: Acc=2.7% | Best=2.9%(@860)
  from x3: 0.03 0.03 0.03 0.03 0.03 0.03 0.03 0.03 0.03 0.03 0.03 0.03 0.03
  per-rule acc: 0.02 0.05 0.02 0.02
Epoch 1600 | Train: Loss=0.0071 Acc=99.8% | Test: Acc=2.5% | Best=2.9%(@860)
  from x3: 0.03 0.03 0.03 0.02 0.03 0.02 0.02 0.02 0.02 0.03 0.03 0.03 0.03
  per-rule acc: 0.01 0.05 0.02 0.02
Epoch 1620 | Train: Loss=0.0028 Acc=99.9% | Test: Acc=2.7% | Best=2.9%(@860)
  from x3: 0.03 0.03 0.03 0.03 0.03 0.03 0.03 0.03 0.03 0.03 0.03 0.03 0.03
  per-rule acc: 0.02 0.05 0.02 0.02
Epoch 1640 | Train: Loss=0.0033 Acc=99.9% | Test: Acc=2.6% | Best=2.9%(@860)
  from x3: 0.03 0.03 0.03 0.03 0.03 0.03 0.03 0.03 0.03 0.02 0.02 0.02 0.03
  per-rule acc: 0.02 0.05 0.02 0.02
Epoch 1660 | Train: Loss=0.0279 Acc=99.5% | Test: Acc=2.3% | Best=2.9%(@860)
  from x3: 0.03 0.02 0.02 0.02 0.02 0.02 0.02 0.02 0.02 0.02 0.02 0.02 0.02
  per-rule acc: 0.02 0.04 0.02 0.01
Epoch 1680 | Train: Loss=0.0037 Acc=99.9% | Test: Acc=2.6% | Best=2.9%(@860)
  from x3: 0.03 0.03 0.03 0.03 0.03 0.03 0.03 0.03 0.03 0.03 0.03 0.03 0.03
  per-rule acc: 0.01 0.05 0.02 0.02
Epoch 1700 | Train: Loss=0.0030 Acc=99.9% | Test: Acc=2.9% | Best=2.9%(@1700)
  from x3: 0.03 0.03 0.03 0.03 0.03 0.03 0.03 0.03 0.03 0.03 0.03 0.03 0.03
  per-rule acc: 0.02 0.06 0.02 0.03
Epoch 1720 | Train: Loss=0.0029 Acc=99.9% | Test: Acc=2.7% | Best=2.9%(@1700)
  from x3: 0.03 0.03 0.03 0.03 0.03 0.03 0.03 0.03 0.03 0.03 0.03 0.03 0.03
  per-rule acc: 0.01 0.05 0.02 0.02
Epoch 1740 | Train: Loss=0.0028 Acc=99.9% | Test: Acc=2.6% | Best=2.9%(@1700)
  from x3: 0.03 0.03 0.03 0.03 0.03 0.03 0.03 0.03 0.03 0.03 0.03 0.03 0.03
  per-rule acc: 0.02 0.04 0.02 0.02
Epoch 1760 | Train: Loss=0.0133 Acc=99.7% | Test: Acc=2.6% | Best=2.9%(@1700)
  from x3: 0.03 0.02 0.03 0.03 0.03 0.03 0.03 0.03 0.03 0.03 0.03 0.03 0.03
  per-rule acc: 0.02 0.04 0.02 0.02
Epoch 1780 | Train: Loss=0.0038 Acc=99.9% | Test: Acc=2.6% | Best=2.9%(@1700)
  from x3: 0.03 0.03 0.03 0.03 0.03 0.03 0.03 0.03 0.03 0.03 0.03 0.03 0.03
  per-rule acc: 0.01 0.05 0.02 0.02
Epoch 1800 | Train: Loss=0.0033 Acc=99.9% | Test: Acc=2.7% | Best=2.9%(@1700)
  from x3: 0.03 0.03 0.03 0.03 0.03 0.03 0.03 0.03 0.03 0.03 0.03 0.03 0.03
  per-rule acc: 0.02 0.04 0.02 0.02
Epoch 1820 | Train: Loss=0.0035 Acc=99.9% | Test: Acc=2.7% | Best=2.9%(@1700)
  from x3: 0.03 0.03 0.03 0.03 0.03 0.03 0.03 0.03 0.03 0.03 0.03 0.03 0.03
  per-rule acc: 0.02 0.05 0.02 0.02
Epoch 1840 | Train: Loss=0.0030 Acc=99.9% | Test: Acc=2.8% | Best=2.9%(@1700)
  from x3: 0.03 0.03 0.03 0.03 0.03 0.03 0.03 0.03 0.03 0.03 0.03 0.03 0.03
  per-rule acc: 0.02 0.05 0.02 0.02
Epoch 1860 | Train: Loss=0.0028 Acc=99.9% | Test: Acc=2.9% | Best=2.9%(@1700)
  from x3: 0.03 0.03 0.03 0.03 0.03 0.03 0.03 0.03 0.03 0.03 0.03 0.03 0.03
  per-rule acc: 0.02 0.06 0.02 0.02
Epoch 1880 | Train: Loss=0.0084 Acc=99.8% | Test: Acc=2.6% | Best=2.9%(@1700)
  from x3: 0.03 0.03 0.03 0.03 0.03 0.03 0.03 0.03 0.03 0.03 0.03 0.03 0.03
  per-rule acc: 0.02 0.05 0.02 0.02
Epoch 1900 | Train: Loss=0.0042 Acc=99.9% | Test: Acc=2.8% | Best=2.9%(@1700)
  from x3: 0.03 0.03 0.03 0.03 0.03 0.03 0.03 0.03 0.03 0.03 0.03 0.03 0.03
  per-rule acc: 0.01 0.05 0.03 0.02
Epoch 1920 | Train: Loss=0.0060 Acc=99.8% | Test: Acc=2.7% | Best=2.9%(@1700)
  from x3: 0.02 0.03 0.03 0.03 0.03 0.03 0.03 0.03 0.03 0.03 0.03 0.03 0.03
  per-rule acc: 0.02 0.05 0.02 0.02
Epoch 1940 | Train: Loss=0.0032 Acc=99.9% | Test: Acc=2.6% | Best=2.9%(@1700)
  from x3: 0.03 0.03 0.03 0.03 0.03 0.02 0.03 0.03 0.03 0.03 0.03 0.03 0.03
  per-rule acc: 0.01 0.05 0.02 0.02
Epoch 1960 | Train: Loss=0.0031 Acc=99.9% | Test: Acc=2.9% | Best=2.9%(@1700)
  from x3: 0.03 0.03 0.03 0.03 0.03 0.03 0.03 0.03 0.03 0.03 0.03 0.03 0.03
  per-rule acc: 0.02 0.05 0.02 0.02
Epoch 1980 | Train: Loss=0.0032 Acc=99.9% | Test: Acc=2.9% | Best=2.9%(@1700)
  from x3: 0.03 0.03 0.03 0.03 0.03 0.03 0.03 0.03 0.03 0.03 0.03 0.03 0.03
  per-rule acc: 0.02 0.06 0.02 0.02
Epoch 2000 | Train: Loss=0.0073 Acc=99.8% | Test: Acc=2.7% | Best=2.9%(@1700)
  from x3: 0.03 0.02 0.03 0.03 0.03 0.03 0.03 0.03 0.03 0.03 0.03 0.03 0.03
  per-rule acc: 0.02 0.05 0.02 0.02
Epoch 2020 | Train: Loss=0.0301 Acc=99.5% | Test: Acc=2.5% | Best=2.9%(@1700)
  from x3: 0.03 0.02 0.02 0.03 0.03 0.02 0.03 0.02 0.03 0.03 0.03 0.03 0.03
  per-rule acc: 0.02 0.04 0.02 0.02
Epoch 2040 | Train: Loss=0.0037 Acc=99.9% | Test: Acc=2.6% | Best=2.9%(@1700)
  from x3: 0.03 0.03 0.03 0.03 0.03 0.03 0.03 0.03 0.03 0.03 0.03 0.03 0.03
  per-rule acc: 0.01 0.05 0.02 0.02
Epoch 2060 | Train: Loss=0.0032 Acc=99.9% | Test: Acc=3.0% | Best=3.0%(@2060)
  from x3: 0.03 0.03 0.03 0.03 0.03 0.03 0.03 0.03 0.03 0.03 0.03 0.03 0.03
  per-rule acc: 0.02 0.06 0.02 0.03
Epoch 2080 | Train: Loss=0.0027 Acc=99.9% | Test: Acc=2.7% | Best=3.0%(@2060)
  from x3: 0.03 0.03 0.03 0.03 0.03 0.03 0.03 0.03 0.03 0.03 0.03 0.03 0.03
  per-rule acc: 0.01 0.05 0.02 0.02
Epoch 2100 | Train: Loss=0.0041 Acc=99.9% | Test: Acc=2.6% | Best=3.0%(@2060)
  from x3: 0.03 0.02 0.03 0.03 0.03 0.03 0.03 0.03 0.03 0.03 0.03 0.03 0.03
  per-rule acc: 0.02 0.05 0.02 0.02
Epoch 2120 | Train: Loss=0.0516 Acc=99.3% | Test: Acc=2.5% | Best=3.0%(@2060)
  from x3: 0.03 0.03 0.02 0.02 0.02 0.02 0.03 0.02 0.03 0.02 0.02 0.03 0.02
  per-rule acc: 0.02 0.05 0.02 0.02
Epoch 2140 | Train: Loss=0.0036 Acc=99.9% | Test: Acc=2.8% | Best=3.0%(@2060)
  from x3: 0.03 0.03 0.03 0.03 0.03 0.03 0.03 0.03 0.03 0.03 0.03 0.03 0.03
  per-rule acc: 0.01 0.06 0.02 0.02
Epoch 2160 | Train: Loss=0.0030 Acc=99.9% | Test: Acc=2.9% | Best=3.0%(@2060)
  from x3: 0.03 0.03 0.03 0.03 0.03 0.03 0.03 0.03 0.03 0.03 0.03 0.03 0.03
  per-rule acc: 0.02 0.05 0.02 0.02
Epoch 2180 | Train: Loss=0.0034 Acc=99.9% | Test: Acc=2.5% | Best=3.0%(@2060)
  from x3: 0.03 0.02 0.03 0.02 0.03 0.02 0.02 0.03 0.02 0.02 0.02 0.02 0.03
  per-rule acc: 0.02 0.05 0.02 0.02
Epoch 2200 | Train: Loss=0.0148 Acc=99.7% | Test: Acc=2.4% | Best=3.0%(@2060)
  from x3: 0.03 0.02 0.02 0.02 0.02 0.02 0.02 0.02 0.02 0.02 0.02 0.02 0.02
  per-rule acc: 0.01 0.04 0.02 0.02
Epoch 2220 | Train: Loss=0.0040 Acc=99.9% | Test: Acc=2.9% | Best=3.0%(@2060)
  from x3: 0.03 0.03 0.03 0.03 0.03 0.03 0.03 0.03 0.03 0.03 0.03 0.03 0.03
  per-rule acc: 0.01 0.05 0.03 0.02
Epoch 2240 | Train: Loss=0.0031 Acc=99.9% | Test: Acc=2.8% | Best=3.0%(@2060)
  from x3: 0.03 0.03 0.03 0.03 0.03 0.03 0.03 0.03 0.03 0.03 0.03 0.03 0.03
  per-rule acc: 0.02 0.05 0.03 0.02
Epoch 2260 | Train: Loss=0.0087 Acc=99.9% | Test: Acc=2.7% | Best=3.0%(@2060)
  from x3: 0.03 0.03 0.03 0.03 0.03 0.03 0.03 0.03 0.03 0.03 0.03 0.03 0.03
  per-rule acc: 0.02 0.05 0.02 0.02
Epoch 2280 | Train: Loss=0.0037 Acc=99.9% | Test: Acc=2.6% | Best=3.0%(@2060)
  from x3: 0.03 0.03 0.03 0.03 0.03 0.03 0.03 0.02 0.03 0.03 0.03 0.03 0.03
  per-rule acc: 0.01 0.05 0.02 0.02
Epoch 2300 | Train: Loss=0.0030 Acc=99.9% | Test: Acc=2.7% | Best=3.0%(@2060)
  from x3: 0.03 0.03 0.03 0.03 0.03 0.03 0.03 0.03 0.03 0.03 0.03 0.03 0.03
  per-rule acc: 0.01 0.05 0.02 0.02
Epoch 2320 | Train: Loss=0.0029 Acc=99.9% | Test: Acc=2.7% | Best=3.0%(@2060)
  from x3: 0.03 0.03 0.03 0.03 0.03 0.03 0.03 0.03 0.03 0.03 0.03 0.03 0.03
  per-rule acc: 0.02 0.05 0.02 0.02
Epoch 2340 | Train: Loss=0.0046 Acc=99.8% | Test: Acc=2.6% | Best=3.0%(@2060)
  from x3: 0.03 0.02 0.03 0.03 0.03 0.03 0.03 0.03 0.03 0.03 0.03 0.03 0.03
  per-rule acc: 0.02 0.04 0.02 0.02
Epoch 2360 | Train: Loss=0.0403 Acc=99.7% | Test: Acc=2.4% | Best=3.0%(@2060)
  from x3: 0.03 0.02 0.02 0.02 0.02 0.02 0.02 0.02 0.02 0.02 0.02 0.02 0.02
  per-rule acc: 0.01 0.04 0.02 0.02
Epoch 2380 | Train: Loss=0.0036 Acc=99.9% | Test: Acc=2.8% | Best=3.0%(@2060)
  from x3: 0.03 0.03 0.03 0.03 0.03 0.03 0.03 0.03 0.03 0.03 0.03 0.03 0.03
  per-rule acc: 0.01 0.05 0.02 0.02
Epoch 2400 | Train: Loss=0.0116 Acc=99.7% | Test: Acc=2.9% | Best=3.0%(@2060)
  from x3: 0.03 0.03 0.03 0.03 0.03 0.03 0.03 0.03 0.03 0.03 0.03 0.03 0.03
  per-rule acc: 0.02 0.05 0.02 0.02
Epoch 2420 | Train: Loss=0.0718 Acc=99.8% | Test: Acc=2.8% | Best=3.0%(@2060)
  from x3: 0.03 0.03 0.03 0.03 0.03 0.03 0.03 0.03 0.03 0.03 0.03 0.03 0.03
  per-rule acc: 0.02 0.05 0.03 0.02
Epoch 2440 | Train: Loss=0.0365 Acc=99.7% | Test: Acc=2.5% | Best=3.0%(@2060)
  from x3: 0.02 0.02 0.03 0.02 0.03 0.02 0.02 0.03 0.03 0.02 0.02 0.02 0.02
  per-rule acc: 0.02 0.04 0.02 0.02
Epoch 2460 | Train: Loss=0.1415 Acc=99.1% | Test: Acc=2.7% | Best=3.0%(@2060)
  from x3: 0.03 0.03 0.03 0.03 0.03 0.03 0.03 0.03 0.03 0.03 0.03 0.03 0.03
  per-rule acc: 0.02 0.05 0.02 0.02
Epoch 2480 | Train: Loss=0.0037 Acc=99.9% | Test: Acc=2.8% | Best=3.0%(@2060)
  from x3: 0.03 0.03 0.03 0.03 0.03 0.03 0.03 0.03 0.03 0.03 0.03 0.03 0.03
  per-rule acc: 0.02 0.05 0.02 0.02
Epoch 2500 | Train: Loss=0.0028 Acc=99.9% | Test: Acc=2.8% | Best=3.0%(@2060)
  from x3: 0.03 0.03 0.03 0.03 0.03 0.03 0.03 0.03 0.03 0.03 0.03 0.03 0.03
  per-rule acc: 0.02 0.05 0.02 0.02
Epoch 2520 | Train: Loss=0.0066 Acc=99.8% | Test: Acc=2.5% | Best=3.0%(@2060)
  from x3: 0.03 0.02 0.03 0.02 0.03 0.02 0.02 0.03 0.02 0.02 0.02 0.02 0.02
  per-rule acc: 0.02 0.04 0.02 0.02
Epoch 2540 | Train: Loss=0.0489 Acc=99.9% | Test: Acc=2.7% | Best=3.0%(@2060)
  from x3: 0.03 0.03 0.03 0.03 0.03 0.03 0.03 0.03 0.03 0.03 0.03 0.03 0.03
  per-rule acc: 0.01 0.04 0.03 0.02
Epoch 2560 | Train: Loss=0.0034 Acc=99.9% | Test: Acc=3.0% | Best=3.0%(@2060)
  from x3: 0.03 0.03 0.03 0.03 0.03 0.03 0.03 0.03 0.03 0.03 0.03 0.03 0.03
  per-rule acc: 0.01 0.06 0.03 0.02
Epoch 2580 | Train: Loss=0.0028 Acc=99.9% | Test: Acc=2.7% | Best=3.0%(@2060)
  from x3: 0.03 0.03 0.03 0.03 0.03 0.03 0.03 0.03 0.03 0.03 0.03 0.03 0.03
  per-rule acc: 0.02 0.05 0.02 0.02
Epoch 2600 | Train: Loss=0.0033 Acc=99.9% | Test: Acc=2.7% | Best=3.0%(@2060)
  from x3: 0.03 0.02 0.03 0.03 0.03 0.03 0.03 0.03 0.03 0.03 0.03 0.03 0.03
  per-rule acc: 0.02 0.05 0.02 0.02
Epoch 2620 | Train: Loss=0.0182 Acc=99.6% | Test: Acc=2.8% | Best=3.0%(@2060)
  from x3: 0.03 0.03 0.03 0.03 0.03 0.03 0.03 0.03 0.03 0.03 0.03 0.03 0.03
  per-rule acc: 0.02 0.05 0.03 0.02
Epoch 2640 | Train: Loss=0.0036 Acc=99.9% | Test: Acc=2.8% | Best=3.0%(@2060)
  from x3: 0.03 0.03 0.03 0.03 0.03 0.03 0.03 0.03 0.03 0.03 0.03 0.03 0.03
  per-rule acc: 0.01 0.05 0.03 0.02
Epoch 2660 | Train: Loss=0.0029 Acc=99.9% | Test: Acc=2.8% | Best=3.0%(@2060)
  from x3: 0.03 0.03 0.03 0.03 0.03 0.03 0.03 0.03 0.03 0.03 0.03 0.03 0.03
  per-rule acc: 0.02 0.05 0.02 0.02
Epoch 2680 | Train: Loss=0.0033 Acc=99.9% | Test: Acc=2.5% | Best=3.0%(@2060)
  from x3: 0.03 0.02 0.03 0.03 0.02 0.03 0.02 0.02 0.02 0.02 0.02 0.03 0.03
  per-rule acc: 0.02 0.05 0.02 0.02
Epoch 2700 | Train: Loss=0.0486 Acc=99.5% | Test: Acc=2.2% | Best=3.0%(@2060)
  from x3: 0.02 0.02 0.02 0.02 0.02 0.02 0.02 0.02 0.02 0.02 0.02 0.02 0.02
  per-rule acc: 0.02 0.04 0.02 0.02
Epoch 2720 | Train: Loss=0.0033 Acc=99.9% | Test: Acc=3.0% | Best=3.0%(@2060)
  from x3: 0.03 0.03 0.03 0.03 0.03 0.03 0.03 0.03 0.03 0.03 0.03 0.03 0.03
  per-rule acc: 0.02 0.05 0.02 0.03
Epoch 2740 | Train: Loss=0.0028 Acc=99.9% | Test: Acc=2.9% | Best=3.0%(@2060)
  from x3: 0.03 0.03 0.03 0.03 0.03 0.03 0.03 0.03 0.03 0.03 0.03 0.03 0.03
  per-rule acc: 0.01 0.06 0.02 0.02
Epoch 2760 | Train: Loss=0.0065 Acc=99.8% | Test: Acc=2.6% | Best=3.0%(@2060)
  from x3: 0.03 0.02 0.03 0.03 0.03 0.03 0.03 0.03 0.03 0.03 0.03 0.03 0.03
  per-rule acc: 0.02 0.05 0.02 0.02
Epoch 2780 | Train: Loss=0.0039 Acc=99.9% | Test: Acc=3.1% | Best=3.1%(@2780)
  from x3: 0.03 0.03 0.03 0.03 0.03 0.03 0.03 0.03 0.03 0.03 0.03 0.03 0.03
  per-rule acc: 0.01 0.06 0.02 0.02
Epoch 2800 | Train: Loss=0.0032 Acc=99.9% | Test: Acc=2.6% | Best=3.1%(@2780)
  from x3: 0.03 0.03 0.03 0.03 0.03 0.03 0.03 0.03 0.03 0.03 0.03 0.03 0.03
  per-rule acc: 0.02 0.05 0.02 0.02
Epoch 2820 | Train: Loss=0.0027 Acc=99.9% | Test: Acc=2.8% | Best=3.1%(@2780)
  from x3: 0.03 0.03 0.03 0.03 0.03 0.03 0.03 0.03 0.03 0.03 0.03 0.03 0.03
  per-rule acc: 0.01 0.06 0.02 0.02
Epoch 2840 | Train: Loss=0.1164 Acc=98.7% | Test: Acc=2.5% | Best=3.1%(@2780)
  from x3: 0.03 0.02 0.02 0.02 0.02 0.02 0.02 0.02 0.02 0.02 0.02 0.03 0.03
  per-rule acc: 0.02 0.05 0.02 0.02
Epoch 2860 | Train: Loss=0.0033 Acc=99.9% | Test: Acc=2.8% | Best=3.1%(@2780)
  from x3: 0.03 0.03 0.03 0.03 0.03 0.03 0.03 0.03 0.03 0.03 0.03 0.03 0.03
  per-rule acc: 0.02 0.05 0.03 0.02
Epoch 2880 | Train: Loss=0.0031 Acc=99.9% | Test: Acc=2.8% | Best=3.1%(@2780)
  from x3: 0.03 0.03 0.03 0.03 0.03 0.03 0.03 0.03 0.03 0.03 0.03 0.03 0.03
  per-rule acc: 0.02 0.05 0.02 0.02
Epoch 2900 | Train: Loss=0.0029 Acc=99.9% | Test: Acc=2.7% | Best=3.1%(@2780)
  from x3: 0.03 0.03 0.03 0.03 0.03 0.03 0.03 0.03 0.03 0.03 0.03 0.03 0.03
  per-rule acc: 0.02 0.05 0.02 0.02
Epoch 2920 | Train: Loss=0.0027 Acc=99.9% | Test: Acc=2.8% | Best=3.1%(@2780)
  from x3: 0.03 0.03 0.03 0.03 0.03 0.03 0.03 0.03 0.03 0.03 0.03 0.03 0.03
  per-rule acc: 0.02 0.05 0.03 0.02
Epoch 2940 | Train: Loss=0.0546 Acc=99.3% | Test: Acc=2.4% | Best=3.1%(@2780)
  from x3: 0.03 0.02 0.02 0.02 0.02 0.02 0.02 0.02 0.02 0.02 0.02 0.02 0.03
  per-rule acc: 0.02 0.04 0.02 0.02
Epoch 2960 | Train: Loss=0.0033 Acc=99.9% | Test: Acc=2.9% | Best=3.1%(@2780)
  from x3: 0.03 0.03 0.03 0.03 0.03 0.03 0.03 0.03 0.03 0.03 0.03 0.03 0.03
  per-rule acc: 0.02 0.05 0.02 0.02
Epoch 2980 | Train: Loss=0.0032 Acc=99.9% | Test: Acc=3.0% | Best=3.1%(@2780)
  from x3: 0.03 0.03 0.03 0.03 0.03 0.03 0.03 0.03 0.03 0.03 0.03 0.03 0.03
  per-rule acc: 0.01 0.06 0.03 0.02
Epoch 3000 | Train: Loss=0.0034 Acc=99.9% | Test: Acc=2.6% | Best=3.1%(@2780)
  from x3: 0.03 0.03 0.03 0.03 0.03 0.03 0.03 0.03 0.03 0.03 0.03 0.03 0.03
  per-rule acc: 0.01 0.05 0.02 0.02
Epoch 3020 | Train: Loss=0.0803 Acc=99.0% | Test: Acc=2.6% | Best=3.1%(@2780)
  from x3: 0.03 0.02 0.03 0.03 0.03 0.03 0.03 0.03 0.03 0.03 0.03 0.03 0.03
  per-rule acc: 0.02 0.04 0.03 0.02
Epoch 3040 | Train: Loss=0.0034 Acc=99.9% | Test: Acc=2.7% | Best=3.1%(@2780)
  from x3: 0.03 0.03 0.03 0.03 0.03 0.03 0.03 0.03 0.03 0.03 0.03 0.03 0.03
  per-rule acc: 0.01 0.05 0.02 0.02
Epoch 3060 | Train: Loss=0.0030 Acc=99.9% | Test: Acc=2.6% | Best=3.1%(@2780)
  from x3: 0.03 0.03 0.03 0.03 0.03 0.03 0.03 0.03 0.03 0.03 0.03 0.03 0.03
  per-rule acc: 0.01 0.05 0.02 0.02
Epoch 3080 | Train: Loss=0.0035 Acc=99.9% | Test: Acc=2.8% | Best=3.1%(@2780)
  from x3: 0.03 0.03 0.03 0.03 0.03 0.03 0.03 0.03 0.03 0.03 0.03 0.03 0.03
  per-rule acc: 0.01 0.05 0.03 0.02
Epoch 3100 | Train: Loss=0.0029 Acc=99.9% | Test: Acc=2.9% | Best=3.1%(@2780)
  from x3: 0.03 0.03 0.03 0.03 0.03 0.03 0.03 0.03 0.03 0.03 0.03 0.03 0.03
  per-rule acc: 0.02 0.06 0.02 0.02
Epoch 3120 | Train: Loss=0.0092 Acc=99.8% | Test: Acc=2.6% | Best=3.1%(@2780)
  from x3: 0.03 0.03 0.03 0.03 0.03 0.03 0.03 0.03 0.03 0.03 0.03 0.03 0.03
  per-rule acc: 0.02 0.05 0.02 0.02
Epoch 3140 | Train: Loss=0.0030 Acc=99.9% | Test: Acc=2.9% | Best=3.1%(@2780)
  from x3: 0.03 0.03 0.03 0.03 0.03 0.03 0.03 0.03 0.03 0.03 0.03 0.03 0.03
  per-rule acc: 0.02 0.05 0.02 0.02
Epoch 3160 | Train: Loss=0.0029 Acc=99.9% | Test: Acc=2.6% | Best=3.1%(@2780)
  from x3: 0.03 0.02 0.03 0.03 0.03 0.03 0.03 0.03 0.03 0.02 0.03 0.03 0.03
  per-rule acc: 0.02 0.05 0.02 0.02
Epoch 3180 | Train: Loss=0.0036 Acc=99.9% | Test: Acc=2.8% | Best=3.1%(@2780)
  from x3: 0.03 0.03 0.03 0.03 0.03 0.03 0.03 0.03 0.03 0.03 0.03 0.03 0.03
  per-rule acc: 0.01 0.05 0.02 0.02
Epoch 3200 | Train: Loss=0.0030 Acc=99.9% | Test: Acc=2.6% | Best=3.1%(@2780)
  from x3: 0.03 0.03 0.03 0.03 0.03 0.03 0.03 0.03 0.03 0.03 0.03 0.03 0.03
  per-rule acc: 0.01 0.05 0.02 0.02
Epoch 3220 | Train: Loss=0.0028 Acc=99.9% | Test: Acc=2.7% | Best=3.1%(@2780)
  from x3: 0.03 0.03 0.03 0.03 0.03 0.03 0.03 0.03 0.03 0.03 0.03 0.03 0.03
  per-rule acc: 0.01 0.05 0.02 0.02
Epoch 3240 | Train: Loss=0.0102 Acc=99.8% | Test: Acc=2.6% | Best=3.1%(@2780)
  from x3: 0.03 0.03 0.03 0.03 0.03 0.03 0.03 0.03 0.03 0.03 0.03 0.03 0.03
  per-rule acc: 0.02 0.05 0.02 0.02
Epoch 3260 | Train: Loss=0.0037 Acc=99.9% | Test: Acc=2.9% | Best=3.1%(@2780)
  from x3: 0.03 0.03 0.03 0.03 0.03 0.03 0.03 0.03 0.03 0.03 0.03 0.03 0.03
  per-rule acc: 0.01 0.05 0.02 0.03
Epoch 3280 | Train: Loss=0.0027 Acc=99.9% | Test: Acc=2.8% | Best=3.1%(@2780)
  from x3: 0.03 0.03 0.03 0.03 0.03 0.03 0.03 0.03 0.03 0.03 0.03 0.03 0.03
  per-rule acc: 0.01 0.05 0.02 0.02
Epoch 3300 | Train: Loss=0.0076 Acc=99.8% | Test: Acc=2.6% | Best=3.1%(@2780)
  from x3: 0.03 0.03 0.03 0.03 0.03 0.03 0.03 0.03 0.03 0.03 0.03 0.03 0.03
  per-rule acc: 0.02 0.05 0.02 0.02
Epoch 3320 | Train: Loss=0.0484 Acc=99.7% | Test: Acc=2.5% | Best=3.1%(@2780)
  from x3: 0.03 0.02 0.03 0.02 0.02 0.02 0.02 0.02 0.03 0.03 0.03 0.02 0.02
  per-rule acc: 0.02 0.05 0.02 0.02
Epoch 3340 | Train: Loss=0.0141 Acc=99.8% | Test: Acc=2.8% | Best=3.1%(@2780)
  from x3: 0.03 0.03 0.03 0.03 0.03 0.03 0.03 0.03 0.03 0.03 0.03 0.03 0.03
  per-rule acc: 0.02 0.05 0.02 0.02
Epoch 3360 | Train: Loss=0.0031 Acc=99.9% | Test: Acc=3.0% | Best=3.1%(@2780)
  from x3: 0.03 0.03 0.03 0.03 0.03 0.03 0.03 0.03 0.03 0.03 0.03 0.03 0.03
  per-rule acc: 0.01 0.06 0.03 0.02
Epoch 3380 | Train: Loss=0.0027 Acc=99.9% | Test: Acc=2.8% | Best=3.1%(@2780)
  from x3: 0.03 0.03 0.03 0.03 0.03 0.03 0.03 0.03 0.03 0.03 0.03 0.03 0.03
  per-rule acc: 0.02 0.05 0.02 0.02
Epoch 3400 | Train: Loss=0.0732 Acc=99.0% | Test: Acc=2.5% | Best=3.1%(@2780)
  from x3: 0.03 0.02 0.02 0.02 0.02 0.02 0.03 0.02 0.02 0.02 0.02 0.02 0.02
  per-rule acc: 0.02 0.05 0.02 0.02
Epoch 3420 | Train: Loss=0.0031 Acc=99.9% | Test: Acc=3.1% | Best=3.1%(@3420)
  from x3: 0.03 0.03 0.03 0.03 0.03 0.03 0.03 0.03 0.03 0.03 0.03 0.03 0.03
  per-rule acc: 0.02 0.05 0.03 0.03
Epoch 3440 | Train: Loss=0.0026 Acc=99.9% | Test: Acc=2.6% | Best=3.1%(@3420)
  from x3: 0.03 0.03 0.03 0.03 0.03 0.03 0.03 0.03 0.03 0.03 0.03 0.03 0.03
  per-rule acc: 0.02 0.05 0.02 0.02
Epoch 3460 | Train: Loss=0.0438 Acc=99.7% | Test: Acc=2.7% | Best=3.1%(@3420)
  from x3: 0.03 0.03 0.03 0.03 0.03 0.03 0.03 0.03 0.03 0.03 0.03 0.03 0.03
  per-rule acc: 0.02 0.05 0.02 0.02
Epoch 3480 | Train: Loss=0.0034 Acc=99.9% | Test: Acc=2.8% | Best=3.1%(@3420)
  from x3: 0.03 0.03 0.03 0.03 0.03 0.03 0.03 0.03 0.03 0.03 0.03 0.03 0.03
  per-rule acc: 0.02 0.05 0.02 0.02
Epoch 3500 | Train: Loss=0.0027 Acc=99.9% | Test: Acc=2.8% | Best=3.1%(@3420)
  from x3: 0.03 0.03 0.03 0.03 0.03 0.03 0.03 0.03 0.03 0.03 0.03 0.03 0.03
  per-rule acc: 0.02 0.05 0.02 0.02
Epoch 3520 | Train: Loss=0.0036 Acc=99.9% | Test: Acc=2.6% | Best=3.1%(@3420)
  from x3: 0.03 0.03 0.03 0.03 0.03 0.03 0.03 0.03 0.03 0.03 0.03 0.03 0.03
  per-rule acc: 0.01 0.05 0.02 0.02
Epoch 3540 | Train: Loss=0.0035 Acc=99.9% | Test: Acc=3.1% | Best=3.1%(@3540)
  from x3: 0.03 0.03 0.03 0.03 0.03 0.03 0.03 0.03 0.03 0.03 0.03 0.03 0.03
  per-rule acc: 0.01 0.06 0.03 0.03
Epoch 3560 | Train: Loss=0.0029 Acc=99.9% | Test: Acc=2.8% | Best=3.1%(@3540)
  from x3: 0.03 0.03 0.03 0.03 0.03 0.03 0.03 0.03 0.03 0.03 0.03 0.03 0.03
  per-rule acc: 0.01 0.05 0.02 0.02
Epoch 3580 | Train: Loss=0.0028 Acc=99.9% | Test: Acc=2.7% | Best=3.1%(@3540)
  from x3: 0.03 0.03 0.03 0.03 0.03 0.03 0.03 0.03 0.03 0.03 0.03 0.03 0.03
  per-rule acc: 0.01 0.05 0.02 0.02
Epoch 3600 | Train: Loss=0.0041 Acc=99.9% | Test: Acc=2.7% | Best=3.1%(@3540)
  from x3: 0.03 0.02 0.03 0.03 0.03 0.03 0.03 0.03 0.03 0.03 0.03 0.03 0.03
  per-rule acc: 0.02 0.05 0.02 0.02
Epoch 3620 | Train: Loss=0.0363 Acc=99.5% | Test: Acc=2.7% | Best=3.1%(@3540)
  from x3: 0.03 0.02 0.03 0.03 0.03 0.03 0.03 0.03 0.03 0.03 0.03 0.03 0.03
  per-rule acc: 0.02 0.04 0.02 0.02
Epoch 3640 | Train: Loss=0.0031 Acc=99.9% | Test: Acc=2.9% | Best=3.1%(@3540)
  from x3: 0.03 0.03 0.03 0.03 0.03 0.03 0.03 0.03 0.03 0.03 0.03 0.03 0.03
  per-rule acc: 0.01 0.05 0.03 0.03
Epoch 3660 | Train: Loss=0.0028 Acc=99.9% | Test: Acc=2.9% | Best=3.1%(@3540)
  from x3: 0.03 0.03 0.03 0.03 0.03 0.03 0.03 0.03 0.03 0.03 0.03 0.03 0.03
  per-rule acc: 0.01 0.05 0.03 0.02
Epoch 3680 | Train: Loss=0.0116 Acc=99.7% | Test: Acc=2.3% | Best=3.1%(@3540)
  from x3: 0.03 0.02 0.02 0.02 0.02 0.02 0.02 0.02 0.02 0.02 0.02 0.02 0.02
  per-rule acc: 0.02 0.04 0.02 0.02
Epoch 3700 | Train: Loss=0.0034 Acc=99.9% | Test: Acc=2.9% | Best=3.1%(@3540)
  from x3: 0.03 0.03 0.03 0.03 0.03 0.03 0.03 0.03 0.03 0.03 0.03 0.03 0.03
  per-rule acc: 0.02 0.05 0.02 0.03
Epoch 3720 | Train: Loss=0.0026 Acc=99.9% | Test: Acc=2.7% | Best=3.1%(@3540)
  from x3: 0.03 0.03 0.03 0.03 0.03 0.03 0.03 0.03 0.03 0.03 0.03 0.03 0.03
  per-rule acc: 0.02 0.05 0.02 0.02
Epoch 3740 | Train: Loss=0.0027 Acc=99.9% | Test: Acc=2.7% | Best=3.1%(@3540)
  from x3: 0.03 0.03 0.03 0.03 0.03 0.03 0.03 0.03 0.03 0.03 0.03 0.03 0.03
  per-rule acc: 0.02 0.05 0.02 0.02
Epoch 3760 | Train: Loss=0.0304 Acc=99.6% | Test: Acc=2.4% | Best=3.1%(@3540)
  from x3: 0.02 0.03 0.02 0.02 0.02 0.02 0.02 0.02 0.02 0.02 0.02 0.02 0.02
  per-rule acc: 0.02 0.04 0.02 0.02
Epoch 3780 | Train: Loss=0.0031 Acc=99.9% | Test: Acc=2.8% | Best=3.1%(@3540)
  from x3: 0.03 0.03 0.03 0.03 0.03 0.03 0.03 0.03 0.03 0.03 0.03 0.03 0.03
  per-rule acc: 0.02 0.05 0.02 0.03
Epoch 3800 | Train: Loss=0.0039 Acc=99.9% | Test: Acc=2.7% | Best=3.1%(@3540)
  from x3: 0.03 0.03 0.03 0.03 0.03 0.03 0.03 0.03 0.03 0.03 0.03 0.03 0.03
  per-rule acc: 0.01 0.05 0.03 0.02
Epoch 3820 | Train: Loss=0.0057 Acc=99.9% | Test: Acc=2.6% | Best=3.1%(@3540)
  from x3: 0.03 0.03 0.03 0.03 0.03 0.03 0.03 0.03 0.03 0.03 0.03 0.03 0.03
  per-rule acc: 0.02 0.04 0.02 0.02
Epoch 3840 | Train: Loss=0.0213 Acc=99.5% | Test: Acc=2.7% | Best=3.1%(@3540)
  from x3: 0.03 0.02 0.03 0.03 0.03 0.03 0.03 0.03 0.03 0.03 0.03 0.03 0.03
  per-rule acc: 0.01 0.05 0.02 0.02
Epoch 3860 | Train: Loss=0.0031 Acc=99.9% | Test: Acc=3.0% | Best=3.1%(@3540)
  from x3: 0.03 0.03 0.03 0.03 0.03 0.03 0.03 0.03 0.03 0.03 0.03 0.03 0.03
  per-rule acc: 0.02 0.05 0.02 0.02
Epoch 3880 | Train: Loss=0.0027 Acc=99.9% | Test: Acc=2.6% | Best=3.1%(@3540)
  from x3: 0.03 0.03 0.03 0.03 0.03 0.03 0.03 0.03 0.03 0.03 0.03 0.03 0.03
  per-rule acc: 0.02 0.05 0.02 0.02
Epoch 3900 | Train: Loss=0.0294 Acc=99.5% | Test: Acc=2.5% | Best=3.1%(@3540)
  from x3: 0.03 0.02 0.02 0.02 0.02 0.02 0.02 0.03 0.03 0.03 0.03 0.03 0.03
  per-rule acc: 0.02 0.04 0.03 0.02
Epoch 3920 | Train: Loss=0.0029 Acc=99.9% | Test: Acc=2.9% | Best=3.1%(@3540)
  from x3: 0.03 0.03 0.03 0.03 0.03 0.03 0.03 0.03 0.03 0.03 0.03 0.03 0.03
  per-rule acc: 0.02 0.06 0.02 0.02
Epoch 3940 | Train: Loss=0.0029 Acc=99.9% | Test: Acc=2.7% | Best=3.1%(@3540)
  from x3: 0.03 0.03 0.03 0.03 0.03 0.03 0.03 0.03 0.03 0.03 0.03 0.03 0.03
  per-rule acc: 0.02 0.05 0.02 0.02
Epoch 3960 | Train: Loss=0.0217 Acc=99.8% | Test: Acc=2.6% | Best=3.1%(@3540)
  from x3: 0.02 0.03 0.03 0.03 0.03 0.03 0.03 0.03 0.03 0.03 0.03 0.03 0.03
  per-rule acc: 0.02 0.05 0.02 0.02
Epoch 3980 | Train: Loss=0.0031 Acc=99.9% | Test: Acc=2.9% | Best=3.1%(@3540)
  from x3: 0.03 0.03 0.03 0.03 0.03 0.03 0.03 0.03 0.03 0.03 0.03 0.03 0.03
  per-rule acc: 0.01 0.05 0.02 0.03
Epoch 4000 | Train: Loss=0.0027 Acc=99.9% | Test: Acc=2.7% | Best=3.1%(@3540)
  from x3: 0.03 0.03 0.03 0.03 0.03 0.03 0.03 0.03 0.03 0.03 0.03 0.03 0.03
  per-rule acc: 0.01 0.05 0.02 0.02
Epoch 4020 | Train: Loss=0.0071 Acc=99.9% | Test: Acc=2.9% | Best=3.1%(@3540)
  from x3: 0.03 0.03 0.03 0.03 0.03 0.03 0.03 0.03 0.03 0.03 0.03 0.03 0.03
  per-rule acc: 0.01 0.05 0.03 0.02
Epoch 4040 | Train: Loss=0.0034 Acc=99.9% | Test: Acc=3.0% | Best=3.1%(@3540)
  from x3: 0.03 0.03 0.03 0.03 0.03 0.03 0.03 0.03 0.03 0.03 0.03 0.03 0.03
  per-rule acc: 0.02 0.05 0.02 0.03
Epoch 4060 | Train: Loss=0.0024 Acc=99.9% | Test: Acc=2.7% | Best=3.1%(@3540)
  from x3: 0.03 0.03 0.03 0.03 0.03 0.03 0.03 0.03 0.03 0.03 0.03 0.03 0.03
  per-rule acc: 0.01 0.05 0.02 0.02
Epoch 4080 | Train: Loss=0.0028 Acc=99.9% | Test: Acc=2.8% | Best=3.1%(@3540)
  from x3: 0.03 0.03 0.03 0.03 0.03 0.03 0.03 0.03 0.03 0.03 0.03 0.03 0.03
  per-rule acc: 0.01 0.05 0.02 0.02
Epoch 4100 | Train: Loss=0.0122 Acc=99.8% | Test: Acc=3.0% | Best=3.1%(@3540)
  from x3: 0.03 0.03 0.03 0.03 0.03 0.03 0.03 0.03 0.03 0.03 0.03 0.03 0.03
  per-rule acc: 0.02 0.05 0.03 0.02
Epoch 4120 | Train: Loss=0.0032 Acc=99.9% | Test: Acc=3.2% | Best=3.2%(@4120)
  from x3: 0.03 0.03 0.03 0.03 0.03 0.03 0.03 0.03 0.03 0.03 0.03 0.03 0.03
  per-rule acc: 0.02 0.06 0.03 0.03
Epoch 4140 | Train: Loss=0.0024 Acc=99.9% | Test: Acc=2.9% | Best=3.2%(@4120)
  from x3: 0.03 0.03 0.03 0.03 0.03 0.03 0.03 0.03 0.03 0.03 0.03 0.03 0.03
  per-rule acc: 0.02 0.05 0.02 0.02
Epoch 4160 | Train: Loss=0.0305 Acc=99.6% | Test: Acc=2.6% | Best=3.2%(@4120)
  from x3: 0.03 0.02 0.03 0.03 0.03 0.03 0.03 0.03 0.03 0.03 0.03 0.03 0.03
  per-rule acc: 0.02 0.05 0.02 0.02
Epoch 4180 | Train: Loss=0.0028 Acc=99.9% | Test: Acc=2.8% | Best=3.2%(@4120)
  from x3: 0.03 0.03 0.03 0.03 0.03 0.03 0.03 0.03 0.03 0.03 0.03 0.03 0.03
  per-rule acc: 0.01 0.05 0.02 0.02
Epoch 4200 | Train: Loss=0.0025 Acc=99.9% | Test: Acc=3.1% | Best=3.2%(@4120)
  from x3: 0.03 0.03 0.03 0.03 0.03 0.03 0.03 0.03 0.03 0.03 0.03 0.03 0.03
  per-rule acc: 0.02 0.06 0.03 0.02
Epoch 4220 | Train: Loss=0.0027 Acc=99.9% | Test: Acc=2.7% | Best=3.2%(@4120)
  from x3: 0.03 0.03 0.03 0.03 0.03 0.03 0.03 0.03 0.03 0.03 0.03 0.03 0.03
  per-rule acc: 0.02 0.05 0.02 0.02
Epoch 4240 | Train: Loss=0.0271 Acc=99.6% | Test: Acc=2.6% | Best=3.2%(@4120)
  from x3: 0.02 0.03 0.03 0.03 0.02 0.03 0.03 0.03 0.03 0.03 0.03 0.03 0.03
  per-rule acc: 0.01 0.05 0.02 0.02
Epoch 4260 | Train: Loss=0.0028 Acc=99.9% | Test: Acc=3.1% | Best=3.2%(@4120)
  from x3: 0.03 0.03 0.03 0.03 0.03 0.03 0.03 0.03 0.03 0.03 0.03 0.03 0.03
  per-rule acc: 0.02 0.06 0.02 0.03
Epoch 4280 | Train: Loss=0.0024 Acc=99.9% | Test: Acc=2.9% | Best=3.2%(@4120)
  from x3: 0.03 0.03 0.03 0.03 0.03 0.03 0.03 0.03 0.03 0.03 0.03 0.03 0.03
  per-rule acc: 0.02 0.05 0.02 0.02
Epoch 4300 | Train: Loss=0.0077 Acc=99.9% | Test: Acc=2.8% | Best=3.2%(@4120)
  from x3: 0.03 0.03 0.03 0.03 0.03 0.03 0.03 0.03 0.03 0.03 0.03 0.03 0.03
  per-rule acc: 0.02 0.05 0.02 0.02
Epoch 4320 | Train: Loss=0.0085 Acc=99.8% | Test: Acc=2.6% | Best=3.2%(@4120)
  from x3: 0.03 0.02 0.03 0.03 0.03 0.03 0.03 0.03 0.03 0.03 0.03 0.03 0.03
  per-rule acc: 0.01 0.04 0.02 0.03
Epoch 4340 | Train: Loss=0.0025 Acc=99.9% | Test: Acc=2.9% | Best=3.2%(@4120)
  from x3: 0.03 0.03 0.03 0.03 0.03 0.03 0.03 0.03 0.03 0.03 0.03 0.03 0.03
  per-rule acc: 0.01 0.05 0.02 0.02
Epoch 4360 | Train: Loss=0.0027 Acc=99.9% | Test: Acc=2.9% | Best=3.2%(@4120)
  from x3: 0.03 0.03 0.03 0.03 0.03 0.03 0.03 0.03 0.03 0.03 0.03 0.03 0.03
  per-rule acc: 0.02 0.05 0.02 0.02
Epoch 4380 | Train: Loss=0.0033 Acc=99.9% | Test: Acc=3.1% | Best=3.2%(@4120)
  from x3: 0.03 0.03 0.03 0.03 0.03 0.03 0.03 0.03 0.03 0.03 0.03 0.03 0.03
  per-rule acc: 0.01 0.05 0.03 0.03
Epoch 4400 | Train: Loss=0.0028 Acc=99.9% | Test: Acc=3.1% | Best=3.2%(@4120)
  from x3: 0.03 0.03 0.03 0.03 0.03 0.03 0.03 0.03 0.03 0.03 0.03 0.03 0.03
  per-rule acc: 0.01 0.05 0.03 0.03
Epoch 4420 | Train: Loss=0.0034 Acc=99.9% | Test: Acc=3.0% | Best=3.2%(@4120)
  from x3: 0.03 0.03 0.03 0.03 0.03 0.03 0.03 0.03 0.03 0.03 0.03 0.03 0.03
  per-rule acc: 0.02 0.06 0.02 0.03
Epoch 4440 | Train: Loss=0.0027 Acc=99.9% | Test: Acc=3.0% | Best=3.2%(@4120)
  from x3: 0.03 0.03 0.03 0.03 0.03 0.03 0.03 0.03 0.03 0.03 0.03 0.03 0.03
  per-rule acc: 0.02 0.06 0.02 0.03
Epoch 4460 | Train: Loss=0.0119 Acc=99.7% | Test: Acc=2.6% | Best=3.2%(@4120)
  from x3: 0.03 0.03 0.03 0.03 0.03 0.03 0.03 0.03 0.03 0.03 0.03 0.03 0.03
  per-rule acc: 0.02 0.05 0.02 0.02
Epoch 4480 | Train: Loss=0.0030 Acc=99.9% | Test: Acc=3.0% | Best=3.2%(@4120)
  from x3: 0.03 0.03 0.03 0.03 0.03 0.03 0.03 0.03 0.03 0.03 0.03 0.03 0.03
  per-rule acc: 0.02 0.06 0.03 0.02
Epoch 4500 | Train: Loss=0.0027 Acc=99.9% | Test: Acc=3.1% | Best=3.2%(@4120)
  from x3: 0.03 0.03 0.03 0.03 0.03 0.03 0.03 0.03 0.03 0.03 0.03 0.03 0.03
  per-rule acc: 0.02 0.06 0.02 0.03
Epoch 4520 | Train: Loss=0.0024 Acc=99.9% | Test: Acc=2.8% | Best=3.2%(@4120)
  from x3: 0.03 0.03 0.03 0.03 0.03 0.03 0.03 0.03 0.03 0.03 0.03 0.03 0.03
  per-rule acc: 0.02 0.05 0.02 0.02
Epoch 4540 | Train: Loss=0.0034 Acc=99.9% | Test: Acc=2.8% | Best=3.2%(@4120)
  from x3: 0.03 0.03 0.03 0.03 0.03 0.03 0.03 0.03 0.03 0.03 0.03 0.03 0.03
  per-rule acc: 0.01 0.05 0.02 0.02
Epoch 4560 | Train: Loss=0.0059 Acc=99.8% | Test: Acc=2.9% | Best=3.2%(@4120)
  from x3: 0.03 0.03 0.03 0.03 0.03 0.03 0.03 0.03 0.03 0.03 0.03 0.03 0.03
  per-rule acc: 0.01 0.06 0.02 0.02
Epoch 4580 | Train: Loss=0.0029 Acc=99.9% | Test: Acc=2.9% | Best=3.2%(@4120)
  from x3: 0.03 0.03 0.03 0.03 0.03 0.03 0.03 0.03 0.03 0.03 0.03 0.03 0.03
  per-rule acc: 0.02 0.05 0.02 0.02
Epoch 4600 | Train: Loss=0.0028 Acc=99.9% | Test: Acc=3.0% | Best=3.2%(@4120)
  from x3: 0.03 0.03 0.03 0.03 0.03 0.03 0.03 0.03 0.03 0.03 0.03 0.03 0.03
  per-rule acc: 0.01 0.05 0.03 0.02
Epoch 4620 | Train: Loss=0.0024 Acc=99.9% | Test: Acc=3.2% | Best=3.2%(@4620)
  from x3: 0.03 0.03 0.03 0.03 0.03 0.03 0.03 0.03 0.03 0.03 0.03 0.03 0.03
  per-rule acc: 0.02 0.06 0.03 0.03
Epoch 4640 | Train: Loss=0.0022 Acc=99.9% | Test: Acc=3.0% | Best=3.2%(@4620)
  from x3: 0.03 0.03 0.03 0.03 0.03 0.03 0.03 0.03 0.03 0.03 0.03 0.03 0.03
  per-rule acc: 0.02 0.06 0.02 0.02
Epoch 4660 | Train: Loss=0.0041 Acc=99.9% | Test: Acc=2.9% | Best=3.2%(@4620)
  from x3: 0.03 0.03 0.03 0.03 0.03 0.03 0.03 0.03 0.03 0.03 0.03 0.03 0.03
  per-rule acc: 0.02 0.06 0.02 0.02
Epoch 4680 | Train: Loss=0.0031 Acc=99.9% | Test: Acc=3.1% | Best=3.2%(@4620)
  from x3: 0.03 0.03 0.03 0.03 0.03 0.03 0.03 0.03 0.03 0.03 0.03 0.03 0.03
  per-rule acc: 0.01 0.05 0.03 0.03
Epoch 4700 | Train: Loss=0.0024 Acc=99.9% | Test: Acc=3.4% | Best=3.4%(@4700)
  from x3: 0.03 0.03 0.04 0.03 0.03 0.03 0.03 0.03 0.03 0.03 0.03 0.03 0.03
  per-rule acc: 0.01 0.06 0.03 0.03
Epoch 4720 | Train: Loss=0.0042 Acc=99.9% | Test: Acc=2.8% | Best=3.4%(@4700)
  from x3: 0.03 0.03 0.03 0.03 0.03 0.03 0.03 0.03 0.03 0.03 0.03 0.03 0.03
  per-rule acc: 0.02 0.05 0.02 0.02
Epoch 4740 | Train: Loss=0.0417 Acc=99.2% | Test: Acc=2.8% | Best=3.4%(@4700)
  from x3: 0.03 0.03 0.03 0.03 0.03 0.03 0.03 0.03 0.03 0.03 0.03 0.03 0.03
  per-rule acc: 0.02 0.05 0.02 0.02
Epoch 4760 | Train: Loss=0.0026 Acc=99.9% | Test: Acc=3.1% | Best=3.4%(@4700)
  from x3: 0.03 0.03 0.03 0.03 0.03 0.03 0.03 0.03 0.03 0.03 0.03 0.03 0.03
  per-rule acc: 0.01 0.05 0.03 0.03
Epoch 4780 | Train: Loss=0.0023 Acc=99.9% | Test: Acc=3.1% | Best=3.4%(@4700)
  from x3: 0.03 0.03 0.03 0.03 0.03 0.03 0.03 0.03 0.03 0.03 0.03 0.03 0.03
  per-rule acc: 0.02 0.06 0.02 0.03
Epoch 4800 | Train: Loss=0.0068 Acc=99.9% | Test: Acc=2.7% | Best=3.4%(@4700)
  from x3: 0.03 0.03 0.03 0.03 0.03 0.03 0.03 0.03 0.03 0.03 0.03 0.03 0.03
  per-rule acc: 0.02 0.04 0.02 0.02
Epoch 4820 | Train: Loss=0.0030 Acc=99.9% | Test: Acc=3.0% | Best=3.4%(@4700)
  from x3: 0.03 0.03 0.03 0.03 0.03 0.03 0.03 0.03 0.03 0.03 0.03 0.03 0.03
  per-rule acc: 0.02 0.05 0.03 0.03
Epoch 4840 | Train: Loss=0.0022 Acc=99.9% | Test: Acc=2.8% | Best=3.4%(@4700)
  from x3: 0.03 0.03 0.03 0.03 0.03 0.03 0.03 0.03 0.03 0.03 0.03 0.03 0.03
  per-rule acc: 0.02 0.05 0.02 0.03
Epoch 4860 | Train: Loss=0.0057 Acc=99.9% | Test: Acc=2.9% | Best=3.4%(@4700)
  from x3: 0.03 0.03 0.03 0.03 0.03 0.03 0.03 0.03 0.03 0.03 0.03 0.03 0.03
  per-rule acc: 0.02 0.05 0.03 0.02
Epoch 4880 | Train: Loss=0.0027 Acc=99.9% | Test: Acc=3.1% | Best=3.4%(@4700)
  from x3: 0.03 0.03 0.03 0.03 0.03 0.03 0.03 0.03 0.03 0.03 0.03 0.03 0.03
  per-rule acc: 0.02 0.05 0.03 0.03
Epoch 4900 | Train: Loss=0.0022 Acc=99.9% | Test: Acc=3.1% | Best=3.4%(@4700)
  from x3: 0.03 0.03 0.03 0.03 0.03 0.03 0.03 0.03 0.03 0.03 0.03 0.03 0.03
  per-rule acc: 0.02 0.06 0.02 0.02
Epoch 4920 | Train: Loss=0.0058 Acc=99.9% | Test: Acc=2.6% | Best=3.4%(@4700)
  from x3: 0.03 0.03 0.03 0.03 0.03 0.03 0.03 0.03 0.03 0.03 0.03 0.03 0.03
  per-rule acc: 0.01 0.05 0.02 0.02
Epoch 4940 | Train: Loss=0.0030 Acc=99.9% | Test: Acc=3.0% | Best=3.4%(@4700)
  from x3: 0.03 0.03 0.03 0.03 0.03 0.03 0.03 0.03 0.03 0.03 0.03 0.03 0.03
  per-rule acc: 0.02 0.05 0.03 0.03
Epoch 4960 | Train: Loss=0.0022 Acc=99.9% | Test: Acc=3.1% | Best=3.4%(@4700)
  from x3: 0.03 0.03 0.03 0.03 0.03 0.03 0.03 0.03 0.03 0.03 0.03 0.03 0.03
  per-rule acc: 0.01 0.06 0.02 0.03
Epoch 4980 | Train: Loss=0.0040 Acc=99.9% | Test: Acc=3.0% | Best=3.4%(@4700)
  from x3: 0.03 0.03 0.03 0.03 0.03 0.03 0.03 0.03 0.03 0.03 0.03 0.03 0.03
  per-rule acc: 0.02 0.05 0.02 0.02
Epoch 5000 | Train: Loss=0.0029 Acc=99.9% | Test: Acc=3.1% | Best=3.4%(@4700)
  from x3: 0.03 0.03 0.03 0.03 0.03 0.03 0.03 0.03 0.03 0.03 0.03 0.03 0.03
  per-rule acc: 0.02 0.05 0.03 0.03
Epoch 5020 | Train: Loss=0.0022 Acc=99.9% | Test: Acc=3.0% | Best=3.4%(@4700)
  from x3: 0.03 0.03 0.03 0.03 0.03 0.03 0.03 0.03 0.03 0.03 0.03 0.03 0.03
  per-rule acc: 0.02 0.05 0.02 0.03
Epoch 5040 | Train: Loss=0.0043 Acc=99.9% | Test: Acc=3.0% | Best=3.4%(@4700)
  from x3: 0.03 0.03 0.03 0.03 0.03 0.03 0.03 0.03 0.03 0.03 0.03 0.03 0.03
  per-rule acc: 0.02 0.05 0.03 0.02
Epoch 5060 | Train: Loss=0.0074 Acc=99.8% | Test: Acc=2.9% | Best=3.4%(@4700)
  from x3: 0.03 0.03 0.03 0.03 0.03 0.03 0.03 0.03 0.03 0.03 0.03 0.03 0.03
  per-rule acc: 0.02 0.05 0.02 0.02
Epoch 5080 | Train: Loss=0.0054 Acc=99.9% | Test: Acc=3.3% | Best=3.4%(@4700)
  from x3: 0.03 0.03 0.03 0.03 0.03 0.03 0.03 0.03 0.03 0.03 0.03 0.03 0.03
  per-rule acc: 0.02 0.06 0.03 0.02
Epoch 5100 | Train: Loss=0.0081 Acc=99.8% | Test: Acc=2.6% | Best=3.4%(@4700)
  from x3: 0.03 0.03 0.03 0.03 0.03 0.03 0.03 0.02 0.03 0.03 0.03 0.03 0.03
  per-rule acc: 0.02 0.05 0.02 0.02
Epoch 5120 | Train: Loss=0.0139 Acc=99.7% | Test: Acc=3.1% | Best=3.4%(@4700)
  from x3: 0.03 0.03 0.03 0.03 0.03 0.03 0.03 0.03 0.03 0.03 0.03 0.03 0.03
  per-rule acc: 0.02 0.06 0.03 0.02
Epoch 5140 | Train: Loss=0.0355 Acc=99.9% | Test: Acc=2.7% | Best=3.4%(@4700)
  from x3: 0.03 0.03 0.03 0.03 0.03 0.03 0.03 0.03 0.03 0.03 0.03 0.03 0.03
  per-rule acc: 0.02 0.05 0.02 0.02
Epoch 5160 | Train: Loss=0.0029 Acc=99.9% | Test: Acc=3.0% | Best=3.4%(@4700)
  from x3: 0.03 0.03 0.03 0.03 0.03 0.03 0.03 0.03 0.03 0.03 0.03 0.03 0.03
  per-rule acc: 0.02 0.05 0.03 0.03
Epoch 5180 | Train: Loss=0.0040 Acc=99.9% | Test: Acc=3.2% | Best=3.4%(@4700)
  from x3: 0.03 0.03 0.03 0.03 0.03 0.03 0.03 0.03 0.03 0.03 0.03 0.03 0.03
  per-rule acc: 0.02 0.06 0.03 0.03
Epoch 5200 | Train: Loss=0.0319 Acc=99.3% | Test: Acc=3.0% | Best=3.4%(@4700)
  from x3: 0.03 0.03 0.03 0.03 0.03 0.03 0.03 0.03 0.03 0.03 0.03 0.03 0.03
  per-rule acc: 0.02 0.05 0.03 0.02
Epoch 5220 | Train: Loss=0.0039 Acc=99.9% | Test: Acc=2.8% | Best=3.4%(@4700)
  from x3: 0.03 0.03 0.03 0.03 0.03 0.03 0.03 0.03 0.03 0.03 0.03 0.03 0.03
  per-rule acc: 0.02 0.05 0.03 0.02
Epoch 5240 | Train: Loss=0.0023 Acc=99.9% | Test: Acc=3.1% | Best=3.4%(@4700)
  from x3: 0.03 0.03 0.03 0.03 0.03 0.03 0.03 0.03 0.03 0.03 0.03 0.03 0.03
  per-rule acc: 0.02 0.05 0.03 0.02
Epoch 5260 | Train: Loss=0.0192 Acc=99.9% | Test: Acc=2.8% | Best=3.4%(@4700)
  from x3: 0.03 0.03 0.03 0.03 0.03 0.03 0.03 0.03 0.03 0.03 0.03 0.03 0.03
  per-rule acc: 0.02 0.05 0.02 0.02
Epoch 5280 | Train: Loss=0.0028 Acc=99.9% | Test: Acc=3.1% | Best=3.4%(@4700)
  from x3: 0.03 0.03 0.03 0.03 0.03 0.03 0.03 0.03 0.03 0.03 0.03 0.03 0.03
  per-rule acc: 0.02 0.05 0.03 0.03
Epoch 5300 | Train: Loss=0.0324 Acc=99.8% | Test: Acc=3.0% | Best=3.4%(@4700)
  from x3: 0.03 0.03 0.03 0.03 0.03 0.03 0.03 0.03 0.03 0.03 0.03 0.03 0.03
  per-rule acc: 0.02 0.05 0.03 0.03
Epoch 5320 | Train: Loss=0.0034 Acc=99.9% | Test: Acc=3.1% | Best=3.4%(@4700)
  from x3: 0.03 0.03 0.03 0.03 0.03 0.03 0.03 0.03 0.03 0.03 0.03 0.03 0.03
  per-rule acc: 0.02 0.06 0.02 0.02
Epoch 5340 | Train: Loss=0.0026 Acc=99.9% | Test: Acc=3.0% | Best=3.4%(@4700)
  from x3: 0.03 0.03 0.03 0.03 0.03 0.03 0.03 0.03 0.03 0.03 0.03 0.03 0.03
  per-rule acc: 0.02 0.05 0.03 0.03
Epoch 5360 | Train: Loss=0.0023 Acc=99.9% | Test: Acc=3.1% | Best=3.4%(@4700)
  from x3: 0.03 0.03 0.03 0.03 0.03 0.03 0.03 0.03 0.03 0.03 0.03 0.03 0.03
  per-rule acc: 0.02 0.05 0.03 0.03
Epoch 5380 | Train: Loss=0.0022 Acc=99.9% | Test: Acc=3.2% | Best=3.4%(@4700)
  from x3: 0.03 0.03 0.03 0.03 0.03 0.03 0.03 0.03 0.03 0.03 0.03 0.03 0.03
  per-rule acc: 0.02 0.06 0.02 0.03
Epoch 5400 | Train: Loss=0.0023 Acc=99.9% | Test: Acc=3.3% | Best=3.4%(@4700)
  from x3: 0.03 0.03 0.03 0.03 0.03 0.03 0.03 0.03 0.03 0.03 0.03 0.03 0.03
  per-rule acc: 0.02 0.05 0.03 0.03
Epoch 5420 | Train: Loss=0.0087 Acc=99.9% | Test: Acc=2.8% | Best=3.4%(@4700)
  from x3: 0.03 0.03 0.03 0.03 0.03 0.03 0.03 0.03 0.03 0.03 0.03 0.03 0.03
  per-rule acc: 0.02 0.05 0.02 0.02
Epoch 5440 | Train: Loss=0.0031 Acc=99.9% | Test: Acc=3.0% | Best=3.4%(@4700)
  from x3: 0.03 0.03 0.03 0.03 0.03 0.03 0.03 0.03 0.03 0.03 0.03 0.03 0.03
  per-rule acc: 0.02 0.05 0.03 0.03
Epoch 5460 | Train: Loss=0.0026 Acc=99.9% | Test: Acc=3.1% | Best=3.4%(@4700)
  from x3: 0.03 0.03 0.03 0.03 0.03 0.03 0.03 0.03 0.03 0.03 0.03 0.03 0.03
  per-rule acc: 0.01 0.05 0.02 0.03
Epoch 5480 | Train: Loss=0.0022 Acc=99.9% | Test: Acc=3.2% | Best=3.4%(@4700)
  from x3: 0.03 0.03 0.03 0.03 0.03 0.03 0.03 0.03 0.03 0.03 0.03 0.03 0.03
  per-rule acc: 0.02 0.05 0.03 0.03
Epoch 5500 | Train: Loss=0.0024 Acc=99.9% | Test: Acc=3.1% | Best=3.4%(@4700)
  from x3: 0.03 0.03 0.03 0.03 0.03 0.03 0.03 0.03 0.03 0.03 0.03 0.03 0.03
  per-rule acc: 0.02 0.05 0.03 0.02
Epoch 5520 | Train: Loss=0.0044 Acc=99.9% | Test: Acc=2.9% | Best=3.4%(@4700)
  from x3: 0.03 0.03 0.03 0.03 0.03 0.03 0.03 0.03 0.03 0.03 0.03 0.03 0.03
  per-rule acc: 0.02 0.05 0.02 0.03
Epoch 5540 | Train: Loss=0.0026 Acc=99.9% | Test: Acc=3.1% | Best=3.4%(@4700)
  from x3: 0.03 0.03 0.03 0.03 0.03 0.03 0.03 0.03 0.03 0.03 0.03 0.03 0.03
  per-rule acc: 0.02 0.05 0.03 0.03
Epoch 5560 | Train: Loss=0.0027 Acc=99.9% | Test: Acc=3.1% | Best=3.4%(@4700)
  from x3: 0.03 0.03 0.03 0.03 0.03 0.03 0.03 0.03 0.03 0.03 0.03 0.03 0.03
  per-rule acc: 0.02 0.05 0.03 0.03
Epoch 5580 | Train: Loss=0.0269 Acc=99.5% | Test: Acc=2.8% | Best=3.4%(@4700)
  from x3: 0.03 0.03 0.03 0.03 0.03 0.03 0.03 0.03 0.03 0.03 0.03 0.03 0.03
  per-rule acc: 0.02 0.04 0.03 0.03
Epoch 5600 | Train: Loss=0.0023 Acc=99.9% | Test: Acc=3.1% | Best=3.4%(@4700)
  from x3: 0.03 0.03 0.03 0.03 0.03 0.03 0.03 0.03 0.03 0.03 0.03 0.03 0.03
  per-rule acc: 0.02 0.05 0.03 0.03
Epoch 5620 | Train: Loss=0.0038 Acc=99.9% | Test: Acc=3.0% | Best=3.4%(@4700)
  from x3: 0.03 0.03 0.03 0.03 0.03 0.03 0.03 0.03 0.03 0.03 0.03 0.03 0.03
  per-rule acc: 0.02 0.05 0.02 0.03
Epoch 5640 | Train: Loss=0.0021 Acc=99.9% | Test: Acc=3.2% | Best=3.4%(@4700)
  from x3: 0.03 0.03 0.03 0.03 0.03 0.03 0.03 0.03 0.03 0.03 0.03 0.03 0.03
  per-rule acc: 0.02 0.05 0.02 0.03
Epoch 5660 | Train: Loss=0.0022 Acc=99.9% | Test: Acc=3.2% | Best=3.4%(@4700)
  from x3: 0.03 0.03 0.03 0.03 0.03 0.03 0.03 0.03 0.03 0.03 0.03 0.03 0.03
  per-rule acc: 0.02 0.05 0.03 0.03
Epoch 5680 | Train: Loss=0.0031 Acc=99.9% | Test: Acc=3.2% | Best=3.4%(@4700)
  from x3: 0.03 0.03 0.03 0.03 0.03 0.03 0.03 0.03 0.03 0.03 0.03 0.03 0.03
  per-rule acc: 0.02 0.06 0.03 0.03
Epoch 5700 | Train: Loss=0.0024 Acc=99.9% | Test: Acc=3.2% | Best=3.4%(@4700)
  from x3: 0.03 0.03 0.03 0.03 0.03 0.03 0.03 0.03 0.03 0.03 0.03 0.03 0.03
  per-rule acc: 0.02 0.05 0.03 0.03
[Early stop] No improvement for 1000 consecutive epochs

==================================================
Saving model...
[OK] Model saved to: /home/cxm/ai/test0627-multitask-overlap/models/mixed_basic_d1024l4_r32_n4_e50.pth
  File size: 1117108.7 KB
  Best test accuracy: 3.36%

==================================================
Final generation test (given first two items, AB generates 3rd as prompt, validate from 4th)
==================================================

--- AB pair 1: (1, 1) ---

--- Statistics for AB=(1,1) ---
Exposed    samples:  1404 | In-dist: 18048/18252 ( 98.9%) | OOD: 22212/22464 ( 98.9%)
Unexposed  samples:  1405 | In-dist:  6936/18265 ( 38.0%) | OOD:  9487/22480 ( 42.2%)

--- AB pair 2: (1, 2) ---

--- Statistics for AB=(1,2) ---
Exposed    samples:  1404 | In-dist: 18075/18252 ( 99.0%) | OOD: 22248/22464 ( 99.0%)
Unexposed  samples:  1405 | In-dist:  3529/18265 ( 19.3%) | OOD:  5015/22480 ( 22.3%)

--- AB pair 3: (1, 3) ---

--- Statistics for AB=(1,3) ---
Exposed    samples:  1404 | In-dist: 18099/18252 ( 99.2%) | OOD: 22276/22464 ( 99.2%)
Unexposed  samples:  1405 | In-dist:  2804/18265 ( 15.4%) | OOD:  4125/22480 ( 18.3%)

--- AB pair 4: (1, 4) ---

--- Statistics for AB=(1,4) ---
Exposed    samples:  1404 | In-dist: 18044/18252 ( 98.9%) | OOD: 22214/22464 ( 98.9%)
Unexposed  samples:  1405 | In-dist:  2644/18265 ( 14.5%) | OOD:  3852/22480 ( 17.1%)

--- Return code: 0 ---

======================================================================
Attention Analysis
======================================================================
Model config: addition (default), p=53
Best test accuracy: 0.03362989323843416
Training epochs: 5700

Random test sequence 1/5 (length 32): [27, 8, 35, 43, 25, 15, 40, 2, 42, 44, 33, 24, 4, 28, 32, 7, 39, 46, 32, 25]...

======================================================================
Attention Layer Training Result Summary
======================================================================
Input sequence: [27, 8, 35, 43, 25, 15, 40, 2, 42, 44, 33, 24, 4, 28, 32, 7, 39, 46, 32, 25, 4, 29, 33, 9, 42, 51, 40, 38, 25, 10, 35, 45]

--- Layer 0 ---
  Head 0: Entropy=1.554
    Attention coefficients from each query position to previous positions:
      i= 0 -> j=0:1.000
      i= 1 -> j=0:0.745, j=1:0.255
      i= 2 -> j=0:0.413, j=1:0.433, j=2:0.154
      i= 3 -> j=0:0.108, j=1:0.362, j=2:0.386, j=3:0.145
      i= 4 -> j=0:0.021, j=1:0.118, j=2:0.367, j=3:0.363, j=4:0.131
      i= 5 -> j=0:0.004, j=1:0.019, j=2:0.108, j=3:0.353, j=4:0.382, j=5:0.135
      i= 6 -> j=0:0.002, j=1:0.005, j=2:0.024, j=3:0.112, j=4:0.339, j=5:0.385, j=6:0.133
      i= 7 -> j=0:0.003, j=1:0.003, j=2:0.006, j=3:0.021, j=4:0.115, j=5:0.363, j=6:0.364, j=7:0.125
      i= 8 -> j=0:0.004, j=1:0.003, j=2:0.003, j=3:0.005, j=4:0.024, j=5:0.117, j=6:0.369, j=7:0.345, j=8:0.130
      i= 9 -> j=0:0.005, j=1:0.004, j=2:0.003, j=3:0.003, j=4:0.005, j=5:0.022, j=6:0.117, j=7:0.350, j=8:0.358, j=9:0.135
      i=10 -> j=0:0.004, j=1:0.004, j=2:0.003, j=3:0.002, j=4:0.002, j=5:0.005, j=6:0.021, j=7:0.118, j=8:0.348, j=9:0.372, j=10:0.120
      i=11 -> j=0:0.003, j=1:0.004, j=2:0.004, j=3:0.003, j=4:0.002, j=5:0.002, j=6:0.005, j=7:0.022, j=8:0.127, j=9:0.361, j=10:0.334, j=11:0.133
      i=12 -> j=0:0.002, j=1:0.002, j=2:0.003, j=3:0.004, j=4:0.003, j=5:0.002, j=6:0.002, j=7:0.004, j=8:0.021, j=9:0.111, j=10:0.323, j=11:0.387, j=12:0.135
      i=13 -> j=0:0.003, j=1:0.003, j=2:0.003, j=3:0.004, j=4:0.004, j=5:0.004, j=6:0.003, j=7:0.003, j=8:0.006, j=9:0.024, j=10:0.111, j=11:0.346, j=12:0.359, j=13:0.127
      i=14 -> j=0:0.005, j=1:0.004, j=2:0.003, j=3:0.003, j=4:0.004, j=5:0.005, j=6:0.004, j=7:0.003, j=8:0.003, j=9:0.006, j=10:0.024, j=11:0.112, j=12:0.345, j=13:0.360, j=14:0.119
      i=15 -> j=0:0.007, j=1:0.005, j=2:0.003, j=3:0.002, j=4:0.003, j=5:0.003, j=6:0.004, j=7:0.003, j=8:0.002, j=9:0.002, j=10:0.005, j=11:0.017, j=12:0.106, j=13:0.349, j=14:0.370, j=15:0.120
      i=16 -> j=0:0.008, j=1:0.007, j=2:0.005, j=3:0.003, j=4:0.002, j=5:0.003, j=6:0.003, j=7:0.004, j=8:0.003, j=9:0.002, j=10:0.002, j=11:0.004, j=12:0.017, j=13:0.101, j=14:0.360, j=15:0.350, j=16:0.127
      i=17 -> j=0:0.007, j=1:0.007, j=2:0.007, j=3:0.004, j=4:0.003, j=5:0.002, j=6:0.002, j=7:0.003, j=8:0.003, j=9:0.003, j=10:0.002, j=11:0.002, j=12:0.004, j=13:0.018, j=14:0.113, j=15:0.324, j=16:0.370, j=17:0.125
      i=18 -> j=0:0.007, j=1:0.008, j=2:0.008, j=3:0.008, j=4:0.005, j=5:0.003, j=6:0.003, j=7:0.003, j=8:0.004, j=9:0.004, j=10:0.004, j=11:0.003, j=12:0.003, j=13:0.006, j=14:0.025, j=15:0.119, j=16:0.347, j=17:0.326, j=18:0.114
      i=19 -> j=0:0.007, j=1:0.007, j=2:0.008, j=3:0.008, j=4:0.007, j=5:0.005, j=6:0.003, j=7:0.003, j=8:0.003, j=9:0.004, j=10:0.004, j=11:0.003, j=12:0.002, j=13:0.002, j=14:0.005, j=15:0.020, j=16:0.099, j=17:0.332, j=18:0.358, j=19:0.122
      i=20 -> j=0:0.007, j=1:0.006, j=2:0.005, j=3:0.007, j=4:0.007, j=5:0.006, j=6:0.004, j=7:0.003, j=8:0.002, j=9:0.002, j=10:0.003, j=11:0.003, j=12:0.003, j=13:0.002, j=14:0.002, j=15:0.004, j=16:0.018, j=17:0.094, j=18:0.364, j=19:0.338, j=20:0.120
      i=21 -> j=0:0.010, j=1:0.007, j=2:0.006, j=3:0.006, j=4:0.007, j=5:0.007, j=6:0.006, j=7:0.004, j=8:0.003, j=9:0.002, j=10:0.002, j=11:0.003, j=12:0.004, j=13:0.003, j=14:0.002, j=15:0.002, j=16:0.004, j=17:0.017, j=18:0.110, j=19:0.318, j=20:0.358, j=21:0.118
      i=22 -> j=0:0.012, j=1:0.010, j=2:0.008, j=3:0.006, j=4:0.006, j=5:0.007, j=6:0.007, j=7:0.007, j=8:0.004, j=9:0.003, j=10:0.002, j=11:0.003, j=12:0.003, j=13:0.004, j=14:0.003, j=15:0.002, j=16:0.002, j=17:0.005, j=18:0.023, j=19:0.103, j=20:0.330, j=21:0.339, j=22:0.112
      i=23 -> j=0:0.011, j=1:0.012, j=2:0.010, j=3:0.008, j=4:0.007, j=5:0.007, j=6:0.007, j=7:0.008, j=8:0.007, j=9:0.005, j=10:0.003, j=11:0.002, j=12:0.002, j=13:0.003, j=14:0.004, j=15:0.003, j=16:0.002, j=17:0.002, j=18:0.004, j=19:0.018, j=20:0.101, j=21:0.309, j=22:0.327, j=23:0.137
      i=24 -> j=0:0.012, j=1:0.012, j=2:0.013, j=3:0.011, j=4:0.009, j=5:0.007, j=6:0.007, j=7:0.008, j=8:0.009, j=9:0.007, j=10:0.005, j=11:0.003, j=12:0.003, j=13:0.003, j=14:0.004, j=15:0.004, j=16:0.004, j=17:0.002, j=18:0.003, j=19:0.005, j=20:0.022, j=21:0.094, j=22:0.304, j=23:0.331, j=24:0.119
      i=25 -> j=0:0.011, j=1:0.011, j=2:0.012, j=3:0.012, j=4:0.010, j=5:0.008, j=6:0.007, j=7:0.006, j=8:0.007, j=9:0.008, j=10:0.007, j=11:0.005, j=12:0.003, j=13:0.002, j=14:0.003, j=15:0.003, j=16:0.004, j=17:0.003, j=18:0.002, j=19:0.002, j=20:0.004, j=21:0.016, j=22:0.096, j=23:0.306, j=24:0.320, j=25:0.131
      i=26 -> j=0:0.011, j=1:0.010, j=2:0.010, j=3:0.011, j=4:0.011, j=5:0.010, j=6:0.007, j=7:0.007, j=8:0.006, j=9:0.007, j=10:0.008, j=11:0.007, j=12:0.005, j=13:0.003, j=14:0.002, j=15:0.003, j=16:0.003, j=17:0.004, j=18:0.003, j=19:0.002, j=20:0.002, j=21:0.004, j=22:0.018, j=23:0.100, j=24:0.299, j=25:0.335, j=26:0.113
      i=27 -> j=0:0.012, j=1:0.011, j=2:0.010, j=3:0.010, j=4:0.011, j=5:0.011, j=6:0.010, j=7:0.007, j=8:0.006, j=9:0.006, j=10:0.007, j=11:0.007, j=12:0.006, j=13:0.004, j=14:0.003, j=15:0.002, j=16:0.002, j=17:0.003, j=18:0.003, j=19:0.003, j=20:0.002, j=21:0.002, j=22:0.004, j=23:0.016, j=24:0.096, j=25:0.295, j=26:0.331, j=27:0.122
      i=28 -> j=0:0.013, j=1:0.012, j=2:0.011, j=3:0.010, j=4:0.010, j=5:0.011, j=6:0.010, j=7:0.010, j=8:0.007, j=9:0.006, j=10:0.006, j=11:0.007, j=12:0.007, j=13:0.006, j=14:0.004, j=15:0.003, j=16:0.002, j=17:0.002, j=18:0.003, j=19:0.003, j=20:0.003, j=21:0.002, j=22:0.002, j=23:0.004, j=24:0.018, j=25:0.089, j=26:0.280, j=27:0.347, j=28:0.110
      i=29 -> j=0:0.011, j=1:0.012, j=2:0.012, j=3:0.010, j=4:0.009, j=5:0.010, j=6:0.010, j=7:0.010, j=8:0.009, j=9:0.007, j=10:0.006, j=11:0.006, j=12:0.006, j=13:0.007, j=14:0.006, j=15:0.004, j=16:0.003, j=17:0.002, j=18:0.002, j=19:0.003, j=20:0.003, j=21:0.003, j=22:0.002, j=23:0.002, j=24:0.004, j=25:0.014, j=26:0.087, j=27:0.320, j=28:0.311, j=29:0.113
      i=30 -> j=0:0.010, j=1:0.011, j=2:0.012, j=3:0.012, j=4:0.011, j=5:0.010, j=6:0.010, j=7:0.010, j=8:0.011, j=9:0.010, j=10:0.008, j=11:0.006, j=12:0.006, j=13:0.007, j=14:0.007, j=15:0.006, j=16:0.004, j=17:0.003, j=18:0.002, j=19:0.002, j=20:0.003, j=21:0.003, j=22:0.003, j=23:0.002, j=24:0.002, j=25:0.004, j=26:0.017, j=27:0.105, j=28:0.288, j=29:0.299, j=30:0.115
      i=31 -> j=0:0.009, j=1:0.010, j=2:0.012, j=3:0.014, j=4:0.013, j=5:0.011, j=6:0.011, j=7:0.012, j=8:0.012, j=9:0.012, j=10:0.011, j=11:0.008, j=12:0.007, j=13:0.006, j=14:0.007, j=15:0.008, j=16:0.007, j=17:0.005, j=18:0.003, j=19:0.003, j=20:0.003, j=21:0.003, j=22:0.004, j=23:0.003, j=24:0.002, j=25:0.002, j=26:0.005, j=27:0.020, j=28:0.095, j=29:0.259, j=30:0.306, j=31:0.115
    Average attention per distance:
      d=0:0.157, d=1:0.364, d=2:0.334, d=3:0.106, d=4:0.020, d=21:0.010, d=22:0.011, d=23:0.011
      d=24:0.010, d=25:0.010, d=26:0.011, d=27:0.012, d=28:0.013, d=29:0.011

--- Layer 1 ---
  Head 0: Entropy=1.734
    Attention coefficients from each query position to previous positions:
      i= 0 -> j=0:1.000
      i= 1 -> j=0:0.141, j=1:0.859
      i= 2 -> j=0:0.015, j=1:0.132, j=2:0.853
      i= 3 -> j=0:0.013, j=1:0.104, j=2:0.784, j=3:0.099
      i= 4 -> j=0:0.004, j=1:0.028, j=2:0.273, j=3:0.055, j=4:0.639
      i= 5 -> j=0:0.003, j=1:0.015, j=2:0.119, j=3:0.044, j=4:0.597, j=5:0.221
      i= 6 -> j=0:0.002, j=1:0.007, j=2:0.039, j=3:0.011, j=4:0.166, j=5:0.087, j=6:0.689
      i= 7 -> j=0:0.001, j=1:0.003, j=2:0.011, j=3:0.003, j=4:0.056, j=5:0.055, j=6:0.857, j=7:0.014
      i= 8 -> j=0:0.003, j=1:0.009, j=2:0.032, j=3:0.005, j=4:0.055, j=5:0.045, j=6:0.760, j=7:0.026, j=8:0.065
      i= 9 -> j=0:0.008, j=1:0.030, j=2:0.092, j=3:0.015, j=4:0.071, j=5:0.046, j=6:0.464, j=7:0.045, j=8:0.184, j=9:0.046
      i=10 -> j=0:0.009, j=1:0.034, j=2:0.136, j=3:0.030, j=4:0.121, j=5:0.051, j=6:0.233, j=7:0.024, j=8:0.093, j=9:0.050, j=10:0.219
      i=11 -> j=0:0.007, j=1:0.026, j=2:0.110, j=3:0.035, j=4:0.146, j=5:0.056, j=6:0.160, j=7:0.013, j=8:0.043, j=9:0.035, j=10:0.220, j=11:0.148
      i=12 -> j=0:0.007, j=1:0.019, j=2:0.077, j=3:0.030, j=4:0.157, j=5:0.069, j=6:0.179, j=7:0.010, j=8:0.021, j=9:0.017, j=10:0.136, j=11:0.145, j=12:0.133
      i=13 -> j=0:0.009, j=1:0.020, j=2:0.060, j=3:0.025, j=4:0.130, j=5:0.078, j=6:0.224, j=7:0.013, j=8:0.017, j=9:0.010, j=10:0.069, j=11:0.096, j=12:0.134, j=13:0.115
      i=14 -> j=0:0.010, j=1:0.023, j=2:0.058, j=3:0.020, j=4:0.099, j=5:0.071, j=6:0.270, j=7:0.017, j=8:0.019, j=9:0.007, j=10:0.037, j=11:0.053, j=12:0.102, j=13:0.142, j=14:0.071
      i=15 -> j=0:0.006, j=1:0.017, j=2:0.055, j=3:0.013, j=4:0.069, j=5:0.041, j=6:0.201, j=7:0.013, j=8:0.022, j=9:0.007, j=10:0.026, j=11:0.022, j=12:0.032, j=13:0.050, j=14:0.037, j=15:0.387
      i=16 -> j=0:0.008, j=1:0.021, j=2:0.056, j=3:0.016, j=4:0.049, j=5:0.028, j=6:0.096, j=7:0.015, j=8:0.026, j=9:0.010, j=10:0.022, j=11:0.014, j=12:0.017, j=13:0.032, j=14:0.041, j=15:0.525, j=16:0.024
      i=17 -> j=0:0.005, j=1:0.018, j=2:0.071, j=3:0.019, j=4:0.082, j=5:0.035, j=6:0.123, j=7:0.011, j=8:0.026, j=9:0.012, j=10:0.040, j=11:0.022, j=12:0.017, j=13:0.020, j=14:0.020, j=15:0.374, j=16:0.025, j=17:0.079
      i=18 -> j=0:0.007, j=1:0.020, j=2:0.072, j=3:0.026, j=4:0.112, j=5:0.050, j=6:0.134, j=7:0.011, j=8:0.024, j=9:0.015, j=10:0.059, j=11:0.036, j=12:0.024, j=13:0.019, j=14:0.014, j=15:0.172, j=16:0.026, j=17:0.108, j=18:0.070
      i=19 -> j=0:0.006, j=1:0.015, j=2:0.047, j=3:0.018, j=4:0.081, j=5:0.044, j=6:0.129, j=7:0.010, j=8:0.016, j=9:0.009, j=10:0.040, j=11:0.033, j=12:0.028, j=13:0.021, j=14:0.011, j=15:0.070, j=16:0.010, j=17:0.037, j=18:0.040, j=19:0.333
      i=20 -> j=0:0.005, j=1:0.012, j=2:0.035, j=3:0.011, j=4:0.056, j=5:0.033, j=6:0.117, j=7:0.007, j=8:0.011, j=9:0.005, j=10:0.024, j=11:0.022, j=12:0.023, j=13:0.019, j=14:0.008, j=15:0.045, j=16:0.005, j=17:0.015, j=18:0.023, j=19:0.316, j=20:0.208
      i=21 -> j=0:0.003, j=1:0.008, j=2:0.027, j=3:0.007, j=4:0.037, j=5:0.021, j=6:0.092, j=7:0.005, j=8:0.008, j=9:0.003, j=10:0.014, j=11:0.012, j=12:0.014, j=13:0.014, j=14:0.007, j=15:0.043, j=16:0.002, j=17:0.006, j=18:0.008, j=19:0.167, j=20:0.157, j=21:0.345
      i=22 -> j=0:0.006, j=1:0.014, j=2:0.037, j=3:0.011, j=4:0.038, j=5:0.023, j=6:0.072, j=7:0.009, j=8:0.014, j=9:0.006, j=10:0.017, j=11:0.013, j=12:0.015, j=13:0.018, j=14:0.012, j=15:0.050, j=16:0.004, j=17:0.006, j=18:0.007, j=19:0.084, j=20:0.116, j=21:0.376, j=22:0.053
      i=23 -> j=0:0.007, j=1:0.019, j=2:0.051, j=3:0.018, j=4:0.052, j=5:0.028, j=6:0.073, j=7:0.012, j=8:0.020, j=9:0.010, j=10:0.025, j=11:0.017, j=12:0.015, j=13:0.018, j=14:0.016, j=15:0.072, j=16:0.008, j=17:0.009, j=18:0.007, j=19:0.051, j=20:0.067, j=21:0.292, j=22:0.088, j=23:0.025
      i=24 -> j=0:0.005, j=1:0.014, j=2:0.043, j=3:0.016, j=4:0.059, j=5:0.030, j=6:0.081, j=7:0.009, j=8:0.016, j=9:0.009, j=10:0.028, j=11:0.019, j=12:0.016, j=13:0.015, j=14:0.011, j=15:0.068, j=16:0.008, j=17:0.015, j=18:0.010, j=19:0.056, j=20:0.040, j=21:0.100, j=22:0.038, j=23:0.017, j=24:0.278
      i=25 -> j=0:0.006, j=1:0.013, j=2:0.037, j=3:0.016, j=4:0.057, j=5:0.032, j=6:0.077, j=7:0.008, j=8:0.013, j=9:0.008, j=10:0.027, j=11:0.021, j=12:0.017, j=13:0.014, j=14:0.009, j=15:0.046, j=16:0.008, j=17:0.016, j=18:0.012, j=19:0.049, j=20:0.026, j=21:0.045, j=22:0.023, j=23:0.015, j=24:0.317, j=25:0.087
      i=26 -> j=0:0.001, j=1:0.002, j=2:0.007, j=3:0.002, j=4:0.012, j=5:0.006, j=6:0.023, j=7:0.001, j=8:0.002, j=9:0.001, j=10:0.004, j=11:0.003, j=12:0.003, j=13:0.003, j=14:0.001, j=15:0.011, j=16:0.001, j=17:0.002, j=18:0.002, j=19:0.020, j=20:0.010, j=21:0.016, j=22:0.003, j=23:0.001, j=24:0.037, j=25:0.011, j=26:0.813
      i=27 -> j=0:0.001, j=1:0.002, j=2:0.005, j=3:0.001, j=4:0.007, j=5:0.004, j=6:0.015, j=7:0.001, j=8:0.002, j=9:0.001, j=10:0.003, j=11:0.002, j=12:0.002, j=13:0.002, j=14:0.001, j=15:0.006, j=16:0.001, j=17:0.001, j=18:0.001, j=19:0.012, j=20:0.007, j=21:0.008, j=22:0.001, j=23:0.001, j=24:0.017, j=25:0.008, j=26:0.852, j=27:0.036
      i=28 -> j=0:0.002, j=1:0.004, j=2:0.011, j=3:0.003, j=4:0.012, j=5:0.007, j=6:0.023, j=7:0.003, j=8:0.004, j=9:0.002, j=10:0.005, j=11:0.004, j=12:0.004, j=13:0.004, j=14:0.003, j=15:0.011, j=16:0.001, j=17:0.002, j=18:0.002, j=19:0.018, j=20:0.013, j=21:0.016, j=22:0.003, j=23:0.001, j=24:0.014, j=25:0.009, j=26:0.730, j=27:0.085, j=28:0.008
      i=29 -> j=0:0.002, j=1:0.005, j=2:0.018, j=3:0.005, j=4:0.021, j=5:0.011, j=6:0.036, j=7:0.003, j=8:0.006, j=9:0.003, j=10:0.008, j=11:0.006, j=12:0.006, j=13:0.006, j=14:0.004, j=15:0.023, j=16:0.002, j=17:0.003, j=18:0.003, j=19:0.026, j=20:0.020, j=21:0.038, j=22:0.007, j=23:0.002, j=24:0.025, j=25:0.008, j=26:0.444, j=27:0.053, j=28:0.009, j=29:0.198
      i=30 -> j=0:0.003, j=1:0.008, j=2:0.024, j=3:0.009, j=4:0.031, j=5:0.016, j=6:0.043, j=7:0.005, j=8:0.009, j=9:0.005, j=10:0.014, j=11:0.010, j=12:0.009, j=13:0.009, j=14:0.006, j=15:0.030, j=16:0.004, j=17:0.007, j=18:0.005, j=19:0.028, j=20:0.021, j=21:0.040, j=22:0.012, j=23:0.004, j=24:0.036, j=25:0.011, j=26:0.212, j=27:0.034, j=28:0.010, j=29:0.194, j=30:0.153
      i=31 -> j=0:0.004, j=1:0.009, j=2:0.025, j=3:0.011, j=4:0.036, j=5:0.020, j=6:0.048, j=7:0.006, j=8:0.010, j=9:0.006, j=10:0.017, j=11:0.013, j=12:0.011, j=13:0.010, j=14:0.007, j=15:0.029, j=16:0.005, j=17:0.009, j=18:0.007, j=19:0.029, j=20:0.019, j=21:0.032, j=22:0.013, j=23:0.006, j=24:0.044, j=25:0.013, j=26:0.142, j=27:0.020, j=28:0.007, j=29:0.131, j=30:0.173, j=31:0.086
    Average attention per distance:
      d=0:0.261, d=1:0.222, d=2:0.136, d=3:0.070, d=4:0.037, d=5:0.029, d=6:0.028, d=7:0.037
      d=8:0.045, d=9:0.040, d=10:0.028, d=11:0.023, d=12:0.022, d=13:0.025, d=14:0.028, d=15:0.026
      d=16:0.022, d=17:0.018, d=18:0.018, d=19:0.019, d=20:0.018, d=21:0.017, d=22:0.014, d=23:0.014
      d=24:0.012, d=25:0.014, d=26:0.011, d=27:0.013, d=28:0.010, d=29:0.012

--- Layer 2 ---
  Head 0: Entropy=0.163
    Attention coefficients from each query position to previous positions:
      i= 0 -> j=0:1.000
      i= 1 -> j=0:0.993, j=1:0.007
      i= 2 -> j=0:0.013, j=1:0.978, j=2:0.009
      i= 3 -> j=0:0.000, j=1:0.008, j=2:0.988, j=3:0.004
      i= 4 -> j=0:0.000, j=1:0.000, j=2:0.010, j=3:0.988, j=4:0.002
      i= 5 -> j=0:0.000, j=1:0.000, j=2:0.000, j=3:0.044, j=4:0.949, j=5:0.007
      i= 6 -> j=0:0.000, j=1:0.000, j=2:0.000, j=3:0.000, j=4:0.017, j=5:0.979, j=6:0.004
      i= 7 -> j=0:0.000, j=1:0.000, j=2:0.000, j=3:0.000, j=4:0.000, j=5:0.042, j=6:0.956, j=7:0.002
      i= 8 -> j=0:0.000, j=1:0.000, j=2:0.000, j=3:0.000, j=4:0.000, j=5:0.000, j=6:0.114, j=7:0.883, j=8:0.004
      i= 9 -> j=0:0.000, j=1:0.000, j=2:0.000, j=3:0.000, j=4:0.000, j=5:0.000, j=6:0.000, j=7:0.017, j=8:0.975, j=9:0.008
      i=10 -> j=0:0.000, j=1:0.000, j=2:0.000, j=3:0.000, j=4:0.000, j=5:0.000, j=6:0.000, j=7:0.000, j=8:0.018, j=9:0.978, j=10:0.003
      i=11 -> j=0:0.000, j=1:0.000, j=2:0.000, j=3:0.000, j=4:0.000, j=5:0.000, j=6:0.000, j=7:0.000, j=8:0.000, j=9:0.030, j=10:0.968, j=11:0.002
      i=12 -> j=0:0.000, j=1:0.000, j=2:0.000, j=3:0.000, j=4:0.000, j=5:0.000, j=6:0.000, j=7:0.000, j=8:0.000, j=9:0.000, j=10:0.044, j=11:0.949, j=12:0.008
      i=13 -> j=0:0.000, j=1:0.000, j=2:0.000, j=3:0.000, j=4:0.000, j=5:0.000, j=6:0.000, j=7:0.000, j=8:0.000, j=9:0.000, j=10:0.000, j=11:0.020, j=12:0.976, j=13:0.004
      i=14 -> j=0:0.000, j=1:0.000, j=2:0.000, j=3:0.000, j=4:0.000, j=5:0.000, j=6:0.000, j=7:0.000, j=8:0.000, j=9:0.000, j=10:0.000, j=11:0.000, j=12:0.037, j=13:0.962, j=14:0.001
      i=15 -> j=0:0.000, j=1:0.000, j=2:0.000, j=3:0.000, j=4:0.000, j=5:0.000, j=6:0.000, j=7:0.000, j=8:0.000, j=9:0.000, j=10:0.000, j=11:0.000, j=12:0.000, j=13:0.101, j=14:0.881, j=15:0.018
      i=16 -> j=0:0.000, j=1:0.000, j=2:0.000, j=3:0.000, j=4:0.000, j=5:0.000, j=6:0.000, j=7:0.000, j=8:0.000, j=9:0.000, j=10:0.000, j=11:0.000, j=12:0.000, j=13:0.000, j=14:0.010, j=15:0.987, j=16:0.003
      i=17 -> j=0:0.000, j=1:0.000, j=2:0.000, j=3:0.000, j=4:0.000, j=5:0.000, j=6:0.000, j=7:0.000, j=8:0.000, j=9:0.000, j=10:0.000, j=11:0.000, j=12:0.000, j=13:0.000, j=14:0.000, j=15:0.072, j=16:0.927, j=17:0.002
      i=18 -> j=0:0.000, j=1:0.000, j=2:0.000, j=3:0.000, j=4:0.000, j=5:0.000, j=6:0.000, j=7:0.000, j=8:0.000, j=9:0.000, j=10:0.000, j=11:0.000, j=12:0.000, j=13:0.000, j=14:0.000, j=15:0.000, j=16:0.073, j=17:0.925, j=18:0.002
      i=19 -> j=0:0.000, j=1:0.000, j=2:0.000, j=3:0.000, j=4:0.000, j=5:0.000, j=6:0.000, j=7:0.000, j=8:0.000, j=9:0.000, j=10:0.000, j=11:0.000, j=12:0.000, j=13:0.000, j=14:0.000, j=15:0.000, j=16:0.000, j=17:0.081, j=18:0.903, j=19:0.016
      i=20 -> j=0:0.000, j=1:0.000, j=2:0.000, j=3:0.000, j=4:0.000, j=5:0.000, j=6:0.000, j=7:0.000, j=8:0.000, j=9:0.000, j=10:0.000, j=11:0.000, j=12:0.000, j=13:0.000, j=14:0.000, j=15:0.000, j=16:0.000, j=17:0.000, j=18:0.011, j=19:0.986, j=20:0.003
      i=21 -> j=0:0.000, j=1:0.000, j=2:0.000, j=3:0.000, j=4:0.000, j=5:0.000, j=6:0.000, j=7:0.000, j=8:0.000, j=9:0.000, j=10:0.000, j=11:0.000, j=12:0.000, j=13:0.000, j=14:0.000, j=15:0.000, j=16:0.000, j=17:0.000, j=18:0.000, j=19:0.040, j=20:0.951, j=21:0.009
      i=22 -> j=0:0.000, j=1:0.000, j=2:0.000, j=3:0.000, j=4:0.000, j=5:0.000, j=6:0.000, j=7:0.000, j=8:0.000, j=9:0.000, j=10:0.000, j=11:0.000, j=12:0.000, j=13:0.000, j=14:0.000, j=15:0.000, j=16:0.000, j=17:0.000, j=18:0.000, j=19:0.000, j=20:0.019, j=21:0.972, j=22:0.009
      i=23 -> j=0:0.000, j=1:0.000, j=2:0.000, j=3:0.000, j=4:0.000, j=5:0.000, j=6:0.000, j=7:0.000, j=8:0.000, j=9:0.000, j=10:0.000, j=11:0.000, j=12:0.000, j=13:0.000, j=14:0.000, j=15:0.000, j=16:0.000, j=17:0.000, j=18:0.000, j=19:0.000, j=20:0.000, j=21:0.016, j=22:0.978, j=23:0.006
      i=24 -> j=0:0.000, j=1:0.000, j=2:0.000, j=3:0.000, j=4:0.000, j=5:0.000, j=6:0.000, j=7:0.000, j=8:0.000, j=9:0.000, j=10:0.000, j=11:0.000, j=12:0.000, j=13:0.000, j=14:0.000, j=15:0.000, j=16:0.000, j=17:0.000, j=18:0.000, j=19:0.000, j=20:0.000, j=21:0.000, j=22:0.019, j=23:0.978, j=24:0.002
      i=25 -> j=0:0.000, j=1:0.000, j=2:0.000, j=3:0.000, j=4:0.000, j=5:0.000, j=6:0.000, j=7:0.000, j=8:0.000, j=9:0.000, j=10:0.000, j=11:0.000, j=12:0.000, j=13:0.000, j=14:0.000, j=15:0.000, j=16:0.000, j=17:0.000, j=18:0.000, j=19:0.000, j=20:0.000, j=21:0.000, j=22:0.000, j=23:0.036, j=24:0.961, j=25:0.003
      i=26 -> j=0:0.000, j=1:0.000, j=2:0.000, j=3:0.000, j=4:0.000, j=5:0.000, j=6:0.000, j=7:0.000, j=8:0.000, j=9:0.000, j=10:0.000, j=11:0.000, j=12:0.000, j=13:0.000, j=14:0.000, j=15:0.000, j=16:0.000, j=17:0.000, j=18:0.000, j=19:0.000, j=20:0.000, j=21:0.000, j=22:0.000, j=23:0.000, j=24:0.033, j=25:0.963, j=26:0.004
      i=27 -> j=0:0.000, j=1:0.000, j=2:0.000, j=3:0.000, j=4:0.000, j=5:0.000, j=6:0.000, j=7:0.000, j=8:0.000, j=9:0.000, j=10:0.000, j=11:0.000, j=12:0.000, j=13:0.000, j=14:0.000, j=15:0.000, j=16:0.000, j=17:0.000, j=18:0.000, j=19:0.000, j=20:0.000, j=21:0.000, j=22:0.000, j=23:0.000, j=24:0.000, j=25:0.043, j=26:0.949, j=27:0.008
      i=28 -> j=0:0.000, j=1:0.000, j=2:0.000, j=3:0.000, j=4:0.000, j=5:0.000, j=6:0.000, j=7:0.000, j=8:0.000, j=9:0.000, j=10:0.000, j=11:0.000, j=12:0.000, j=13:0.000, j=14:0.000, j=15:0.000, j=16:0.000, j=17:0.000, j=18:0.000, j=19:0.000, j=20:0.000, j=21:0.000, j=22:0.000, j=23:0.000, j=24:0.000, j=25:0.000, j=26:0.024, j=27:0.971, j=28:0.005
      i=29 -> j=0:0.000, j=1:0.000, j=2:0.000, j=3:0.000, j=4:0.000, j=5:0.000, j=6:0.000, j=7:0.000, j=8:0.000, j=9:0.000, j=10:0.000, j=11:0.000, j=12:0.000, j=13:0.000, j=14:0.000, j=15:0.000, j=16:0.000, j=17:0.000, j=18:0.000, j=19:0.000, j=20:0.000, j=21:0.000, j=22:0.000, j=23:0.000, j=24:0.000, j=25:0.000, j=26:0.000, j=27:0.015, j=28:0.977, j=29:0.008
      i=30 -> j=0:0.000, j=1:0.000, j=2:0.000, j=3:0.000, j=4:0.000, j=5:0.000, j=6:0.000, j=7:0.000, j=8:0.000, j=9:0.000, j=10:0.000, j=11:0.000, j=12:0.000, j=13:0.000, j=14:0.000, j=15:0.000, j=16:0.000, j=17:0.000, j=18:0.000, j=19:0.000, j=20:0.000, j=21:0.000, j=22:0.000, j=23:0.000, j=24:0.000, j=25:0.000, j=26:0.000, j=27:0.000, j=28:0.009, j=29:0.985, j=30:0.006
      i=31 -> j=0:0.000, j=1:0.000, j=2:0.000, j=3:0.000, j=4:0.000, j=5:0.000, j=6:0.000, j=7:0.000, j=8:0.000, j=9:0.000, j=10:0.000, j=11:0.000, j=12:0.000, j=13:0.000, j=14:0.000, j=15:0.000, j=16:0.000, j=17:0.000, j=18:0.000, j=19:0.000, j=20:0.000, j=21:0.000, j=22:0.000, j=23:0.000, j=24:0.000, j=25:0.000, j=26:0.000, j=27:0.000, j=28:0.000, j=29:0.015, j=30:0.981, j=31:0.004
    Average attention per distance:
      d=0:0.037, d=1:0.961, d=2:0.034

--- Layer 3 ---
  Head 0: Entropy=2.138
    Attention coefficients from each query position to previous positions:
      i= 0 -> j=0:1.000
      i= 1 -> j=0:0.557, j=1:0.443
      i= 2 -> j=0:0.250, j=1:0.275, j=2:0.476
      i= 3 -> j=0:0.046, j=1:0.051, j=2:0.092, j=3:0.811
      i= 4 -> j=0:0.018, j=1:0.030, j=2:0.076, j=3:0.844, j=4:0.032
      i= 5 -> j=0:0.018, j=1:0.024, j=2:0.059, j=3:0.656, j=4:0.029, j=5:0.213
      i= 6 -> j=0:0.018, j=1:0.020, j=2:0.050, j=3:0.536, j=4:0.036, j=5:0.299, j=6:0.041
      i= 7 -> j=0:0.018, j=1:0.019, j=2:0.041, j=3:0.366, j=4:0.025, j=5:0.178, j=6:0.032, j=7:0.321
      i= 8 -> j=0:0.021, j=1:0.020, j=2:0.036, j=3:0.251, j=4:0.023, j=5:0.149, j=6:0.036, j=7:0.414, j=8:0.049
      i= 9 -> j=0:0.022, j=1:0.023, j=2:0.040, j=3:0.254, j=4:0.022, j=5:0.124, j=6:0.033, j=7:0.356, j=8:0.052, j=9:0.073
      i=10 -> j=0:0.019, j=1:0.021, j=2:0.039, j=3:0.285, j=4:0.019, j=5:0.108, j=6:0.026, j=7:0.309, j=8:0.049, j=9:0.079, j=10:0.047
      i=11 -> j=0:0.020, j=1:0.023, j=2:0.042, j=3:0.265, j=4:0.023, j=5:0.109, j=6:0.027, j=7:0.232, j=8:0.046, j=9:0.075, j=10:0.054, j=11:0.085
      i=12 -> j=0:0.016, j=1:0.018, j=2:0.035, j=3:0.262, j=4:0.020, j=5:0.109, j=6:0.022, j=7:0.209, j=8:0.034, j=9:0.057, j=10:0.045, j=11:0.087, j=12:0.087
      i=13 -> j=0:0.018, j=1:0.018, j=2:0.034, j=3:0.212, j=4:0.021, j=5:0.103, j=6:0.023, j=7:0.187, j=8:0.032, j=9:0.048, j=10:0.038, j=11:0.079, j=12:0.086, j=13:0.102
      i=14 -> j=0:0.016, j=1:0.016, j=2:0.028, j=3:0.189, j=4:0.017, j=5:0.092, j=6:0.021, j=7:0.182, j=8:0.027, j=9:0.038, j=10:0.028, j=11:0.063, j=12:0.073, j=13:0.101, j=14:0.109
      i=15 -> j=0:0.021, j=1:0.022, j=2:0.034, j=3:0.157, j=4:0.021, j=5:0.084, j=6:0.027, j=7:0.161, j=8:0.033, j=9:0.040, j=10:0.028, j=11:0.055, j=12:0.063, j=13:0.103, j=14:0.132, j=15:0.021
      i=16 -> j=0:0.011, j=1:0.011, j=2:0.020, j=3:0.134, j=4:0.011, j=5:0.060, j=6:0.014, j=7:0.126, j=8:0.020, j=9:0.028, j=10:0.018, j=11:0.038, j=12:0.039, j=13:0.061, j=14:0.076, j=15:0.011, j=16:0.320
      i=17 -> j=0:0.008, j=1:0.008, j=2:0.016, j=3:0.119, j=4:0.009, j=5:0.046, j=6:0.011, j=7:0.097, j=8:0.016, j=9:0.023, j=10:0.014, j=11:0.026, j=12:0.024, j=13:0.038, j=14:0.053, j=15:0.009, j=16:0.464, j=17:0.020
      i=18 -> j=0:0.010, j=1:0.011, j=2:0.019, j=3:0.122, j=4:0.011, j=5:0.054, j=6:0.013, j=7:0.099, j=8:0.019, j=9:0.027, j=10:0.018, j=11:0.033, j=12:0.029, j=13:0.042, j=14:0.050, j=15:0.011, j=16:0.350, j=17:0.024, j=18:0.057
      i=19 -> j=0:0.011, j=1:0.011, j=2:0.020, j=3:0.124, j=4:0.012, j=5:0.059, j=6:0.014, j=7:0.104, j=8:0.020, j=9:0.028, j=10:0.020, j=11:0.037, j=12:0.033, j=13:0.043, j=14:0.045, j=15:0.011, j=16:0.279, j=17:0.024, j=18:0.072, j=19:0.032
      i=20 -> j=0:0.011, j=1:0.010, j=2:0.019, j=3:0.127, j=4:0.011, j=5:0.059, j=6:0.013, j=7:0.113, j=8:0.018, j=9:0.025, j=10:0.018, j=11:0.036, j=12:0.034, j=13:0.046, j=14:0.046, j=15:0.009, j=16:0.238, j=17:0.018, j=18:0.062, j=19:0.033, j=20:0.056
      i=21 -> j=0:0.015, j=1:0.015, j=2:0.023, j=3:0.114, j=4:0.014, j=5:0.058, j=6:0.017, j=7:0.106, j=8:0.022, j=9:0.029, j=10:0.021, j=11:0.037, j=12:0.038, j=13:0.050, j=14:0.051, j=15:0.012, j=16:0.166, j=17:0.017, j=18:0.052, j=19:0.036, j=20:0.066, j=21:0.041
      i=22 -> j=0:0.012, j=1:0.013, j=2:0.020, j=3:0.099, j=4:0.012, j=5:0.048, j=6:0.014, j=7:0.087, j=8:0.019, j=9:0.025, j=10:0.018, j=11:0.031, j=12:0.031, j=13:0.042, j=14:0.045, j=15:0.011, j=16:0.153, j=17:0.015, j=18:0.040, j=19:0.027, j=20:0.049, j=21:0.035, j=22:0.153
      i=23 -> j=0:0.011, j=1:0.012, j=2:0.020, j=3:0.092, j=4:0.012, j=5:0.044, j=6:0.014, j=7:0.076, j=8:0.018, j=9:0.024, j=10:0.017, j=11:0.028, j=12:0.027, j=13:0.037, j=14:0.041, j=15:0.011, j=16:0.135, j=17:0.013, j=18:0.031, j=19:0.022, j=20:0.039, j=21:0.034, j=22:0.166, j=23:0.077
      i=24 -> j=0:0.014, j=1:0.015, j=2:0.023, j=3:0.085, j=4:0.015, j=5:0.045, j=6:0.017, j=7:0.067, j=8:0.021, j=9:0.027, j=10:0.021, j=11:0.031, j=12:0.029, j=13:0.036, j=14:0.040, j=15:0.014, j=16:0.115, j=17:0.017, j=18:0.030, j=19:0.021, j=20:0.031, j=21:0.033, j=22:0.144, j=23:0.091, j=24:0.017
      i=25 -> j=0:0.010, j=1:0.011, j=2:0.018, j=3:0.084, j=4:0.011, j=5:0.042, j=6:0.013, j=7:0.068, j=8:0.016, j=9:0.021, j=10:0.016, j=11:0.026, j=12:0.025, j=13:0.032, j=14:0.035, j=15:0.010, j=16:0.121, j=17:0.014, j=18:0.029, j=19:0.018, j=20:0.027, j=21:0.025, j=22:0.125, j=23:0.075, j=24:0.014, j=25:0.114
      i=26 -> j=0:0.016, j=1:0.016, j=2:0.022, j=3:0.072, j=4:0.017, j=5:0.046, j=6:0.018, j=7:0.064, j=8:0.021, j=9:0.025, j=10:0.021, j=11:0.031, j=12:0.031, j=13:0.035, j=14:0.035, j=15:0.014, j=16:0.085, j=17:0.020, j=18:0.035, j=19:0.022, j=20:0.026, j=21:0.023, j=22:0.071, j=23:0.059, j=24:0.023, j=25:0.147, j=26:0.005
      i=27 -> j=0:0.013, j=1:0.013, j=2:0.019, j=3:0.075, j=4:0.013, j=5:0.042, j=6:0.015, j=7:0.067, j=8:0.018, j=9:0.023, j=10:0.017, j=11:0.027, j=12:0.027, j=13:0.033, j=14:0.035, j=15:0.011, j=16:0.094, j=17:0.015, j=18:0.031, j=19:0.020, j=20:0.028, j=21:0.023, j=22:0.082, j=23:0.054, j=24:0.017, j=25:0.117, j=26:0.005, j=27:0.066
      i=28 -> j=0:0.011, j=1:0.011, j=2:0.017, j=3:0.075, j=4:0.011, j=5:0.039, j=6:0.013, j=7:0.065, j=8:0.016, j=9:0.020, j=10:0.015, j=11:0.024, j=12:0.024, j=13:0.030, j=14:0.033, j=15:0.009, j=16:0.093, j=17:0.013, j=18:0.027, j=19:0.018, j=20:0.026, j=21:0.021, j=22:0.080, j=23:0.046, j=24:0.014, j=25:0.101, j=26:0.004, j=27:0.072, j=28:0.072
      i=29 -> j=0:0.012, j=1:0.012, j=2:0.019, j=3:0.075, j=4:0.012, j=5:0.038, j=6:0.014, j=7:0.062, j=8:0.018, j=9:0.022, j=10:0.016, j=11:0.024, j=12:0.023, j=13:0.030, j=14:0.033, j=15:0.011, j=16:0.087, j=17:0.013, j=18:0.025, j=19:0.019, j=20:0.027, j=21:0.023, j=22:0.072, j=23:0.038, j=24:0.014, j=25:0.068, j=26:0.006, j=27:0.083, j=28:0.099, j=29:0.005
      i=30 -> j=0:0.010, j=1:0.010, j=2:0.017, j=3:0.078, j=4:0.010, j=5:0.038, j=6:0.012, j=7:0.062, j=8:0.016, j=9:0.021, j=10:0.015, j=11:0.023, j=12:0.022, j=13:0.028, j=14:0.031, j=15:0.009, j=16:0.095, j=17:0.012, j=18:0.024, j=19:0.016, j=20:0.024, j=21:0.021, j=22:0.081, j=23:0.044, j=24:0.012, j=25:0.072, j=26:0.004, j=27:0.069, j=28:0.080, j=29:0.004, j=30:0.039
      i=31 -> j=0:0.010, j=1:0.011, j=2:0.017, j=3:0.071, j=4:0.011, j=5:0.037, j=6:0.012, j=7:0.058, j=8:0.016, j=9:0.020, j=10:0.016, j=11:0.024, j=12:0.022, j=13:0.027, j=14:0.029, j=15:0.009, j=16:0.086, j=17:0.013, j=18:0.025, j=19:0.016, j=20:0.023, j=21:0.021, j=22:0.072, j=23:0.043, j=24:0.013, j=25:0.067, j=26:0.004, j=27:0.057, j=28:0.063, j=29:0.005, j=30:0.040, j=31:0.061
    Average attention per distance:
      d=0:0.158, d=1:0.144, d=2:0.108, d=3:0.085, d=4:0.065, d=5:0.054, d=6:0.053, d=7:0.053
      d=8:0.052, d=9:0.050, d=10:0.041, d=11:0.040, d=12:0.037, d=13:0.038, d=14:0.037, d=15:0.037
      d=16:0.032, d=17:0.031, d=18:0.030, d=19:0.029, d=20:0.030, d=21:0.029, d=22:0.030, d=23:0.029
      d=24:0.030, d=25:0.026, d=26:0.028, d=27:0.026, d=28:0.028, d=29:0.013, d=30:0.010, d=31:0.010


======================================================================
QK Property Verification (Raw Scores, before Softmax)
======================================================================
Recurrence order init_len=2, num test sequences=1

--- [P1] Long-distance Orthogonality Verification ---
Ideal: raw_score mean ≈ 0 and small std when d > init_len

  Layer 0, Head 0:
    d= 1 (effective): mean=  3.649, std= 0.085, n=31
    d= 2 (effective): mean=  3.597, std= 0.086, n=30
    d>2 (long-distance): mean= -0.344, std= 0.986, n=435

  Layer 1, Head 0:
    d= 1 (effective): mean=  0.685, std= 1.447, n=31
    d= 2 (effective): mean=  0.239, std= 1.315, n=30
    d>2 (long-distance): mean= -1.043, std= 0.957, n=435

  Layer 2, Head 0:
    d= 1 (effective): mean= 22.283, std= 0.934, n=31
    d= 2 (effective): mean= 18.648, std= 0.639, n=30
    d>2 (long-distance): mean=  0.324, std= 4.672, n=435

  Layer 3, Head 0:
    d= 1 (effective): mean=  0.438, std= 1.100, n=31
    d= 2 (effective): mean=  0.378, std= 1.031, n=30
    d>2 (long-distance): mean= -0.049, std= 0.785, n=435

--- [P2] Time-homogeneous Verification ---
Ideal: CV of raw_score across positions i ≈ 0 for fixed distance d
(CV = std / |mean|, smaller = more constant)

  Layer 0, Head 0:
    d= 1: mean=  3.649, std= 0.085, CV=0.023, n=31
    d= 2: mean=  3.597, std= 0.086, CV=0.024, n=30

  Layer 1, Head 0:
    d= 1: mean=  0.685, std= 1.447, CV=2.111, n=31
    d= 2: mean=  0.239, std= 1.315, CV=5.497, n=30

  Layer 2, Head 0:
    d= 1: mean= 22.283, std= 0.934, CV=0.042, n=31
    d= 2: mean= 18.648, std= 0.639, CV=0.034, n=30

  Layer 3, Head 0:
    d= 1: mean=  0.438, std= 1.100, CV=2.512, n=31
    d= 2: mean=  0.378, std= 1.031, CV=2.729, n=30

======================================================================
QK Property Verification Completed
======================================================================
