=== Experiment: mixed_cond_d256l1_r16_n3_e50 ===
Time: 2026-06-26T22:34:39.010422
Task type: mixed_ab
Merged config: {
  "P": 53,
  "TASK": "mixed_ab",
  "NUM_MASK": 0,
  "A": 1,
  "B": 1,
  "AB_PAIRS": [
    [
      1,
      1
    ],
    [
      1,
      2
    ],
    [
      1,
      3
    ]
  ],
  "D_MODEL": 256,
  "N_HEAD": 1,
  "N_LAYER": 1,
  "BATCH_SIZE": 128,
  "EPOCHS": 10000,
  "LR": 0.0003,
  "SAVE_PATH": "models/mixed_cond_d256l1_r16_n3_e50.pth",
  "USE_GREEDY_GENERATE": true,
  "USE_LEARNABLE_PE": false,
  "MLP_RATIO": 16,
  "TRAIN_LEN": 16,
  "OOD_LEN": 32,
  "DROPOUT": 0.0,
  "TARGET_INIT_COVERAGE": 0.5,
  "MAX_UNIQUE_RATIO": 0.5,
  "WEIGHT_DECAY": 1,
  "ENTROPY_PENALTY_WEIGHT": 0.0,
  "FIRST_TASK_WEIGHT": 1.0,
  "RANDOM_SEED": 42,
  "EVAL_INTERVAL": 20,
  "EARLY_STOP_NO_IMPROVE": 1000,
  "EARLY_STOP_ACCURACY": 0.99,
  "USE_AB_TAG": false,
  "USE_CONDITIONAL_WTE": true,
  "COND_WTE_SHARED_RATIO": 0.0,
  "MIXED_AB_MAX_UNIQUE_RATIOS": [
    0.5,
    0.5,
    0.5
  ],
  "SKIP_FINAL_GENERATION_TEST": true
}
--- output ---
Using device: cuda

[Dataset] Mixed mode: generated 4212 + 4215 samples, length 16
AB parameter pairs: [(1, 1), (1, 2), (1, 3)]
  - AB=(1,1): train 1404 | test 1405 | exposed ~50.0%
  - AB=(1,2): train 1404 | test 1405 | exposed ~50.0%
  - AB=(1,3): train 1404 | test 1405 | exposed ~50.0%
--------------------------------------------------
[Model config] block_size: 32, train length: 16
[Number theory] AB parameter pairs: [(1, 1), (1, 2), (1, 3)]


Model parameters: 2.46M

Start training...
Epoch   0 | Train: Loss=4.0528 Acc=6.5% | Test: Acc=0.1% | Best=0.1%(@0)
  from x3: 0.00 0.00 0.00 0.00 0.00 0.00 0.00 0.00 0.00 0.00 0.00 0.00 0.00
  per-rule acc: 0.00 0.00 0.00
Epoch  20 | Train: Loss=0.0516 Acc=99.1% | Test: Acc=0.2% | Best=0.2%(@20)
  from x3: 0.00 0.00 0.00 0.00 0.00 0.00 0.00 0.00 0.00 0.00 0.00 0.00 0.00
  per-rule acc: 0.00 0.00 0.00
Epoch  40 | Train: Loss=0.0219 Acc=99.7% | Test: Acc=0.4% | Best=0.4%(@40)
  from x3: 0.01 0.01 0.00 0.00 0.00 0.00 0.00 0.00 0.00 0.00 0.00 0.00 0.00
  per-rule acc: 0.01 0.00 0.00
Epoch  60 | Train: Loss=0.1635 Acc=100.0% | Test: Acc=0.8% | Best=0.8%(@60)
  from x3: 0.02 0.01 0.01 0.01 0.01 0.01 0.01 0.01 0.01 0.01 0.01 0.01 0.01
  per-rule acc: 0.01 0.01 0.00
Epoch  80 | Train: Loss=0.0100 Acc=100.0% | Test: Acc=1.4% | Best=1.4%(@80)
  from x3: 0.02 0.02 0.01 0.01 0.01 0.01 0.01 0.01 0.01 0.01 0.01 0.01 0.01
  per-rule acc: 0.02 0.01 0.01
Epoch 100 | Train: Loss=0.0162 Acc=99.9% | Test: Acc=1.6% | Best=1.6%(@100)
  from x3: 0.02 0.02 0.02 0.02 0.02 0.02 0.02 0.02 0.02 0.01 0.01 0.01 0.01
  per-rule acc: 0.02 0.01 0.02
Epoch 120 | Train: Loss=0.0063 Acc=100.0% | Test: Acc=1.8% | Best=1.8%(@120)
  from x3: 0.02 0.02 0.02 0.02 0.02 0.02 0.02 0.02 0.02 0.02 0.02 0.02 0.02
  per-rule acc: 0.02 0.02 0.02
Epoch 140 | Train: Loss=0.0146 Acc=100.0% | Test: Acc=2.1% | Best=2.1%(@140)
  from x3: 0.02 0.02 0.02 0.02 0.02 0.02 0.02 0.02 0.02 0.02 0.02 0.02 0.02
  per-rule acc: 0.02 0.02 0.02
Epoch 160 | Train: Loss=0.0084 Acc=100.0% | Test: Acc=2.0% | Best=2.1%(@140)
  from x3: 0.02 0.02 0.02 0.02 0.02 0.02 0.02 0.02 0.02 0.02 0.02 0.02 0.02
  per-rule acc: 0.02 0.02 0.02
Epoch 180 | Train: Loss=0.0054 Acc=100.0% | Test: Acc=2.1% | Best=2.1%(@140)
  from x3: 0.02 0.02 0.02 0.02 0.02 0.02 0.02 0.02 0.02 0.02 0.02 0.02 0.02
  per-rule acc: 0.03 0.02 0.02
Epoch 200 | Train: Loss=0.0107 Acc=99.9% | Test: Acc=2.2% | Best=2.2%(@200)
  from x3: 0.02 0.02 0.02 0.02 0.02 0.02 0.02 0.02 0.02 0.02 0.02 0.02 0.02
  per-rule acc: 0.03 0.02 0.02
Epoch 220 | Train: Loss=0.0056 Acc=99.9% | Test: Acc=2.4% | Best=2.4%(@220)
  from x3: 0.03 0.02 0.02 0.02 0.02 0.02 0.02 0.02 0.02 0.02 0.02 0.02 0.02
  per-rule acc: 0.03 0.02 0.02
Epoch 240 | Train: Loss=0.0446 Acc=100.0% | Test: Acc=2.5% | Best=2.5%(@240)
  from x3: 0.03 0.03 0.02 0.02 0.02 0.02 0.02 0.02 0.02 0.02 0.02 0.02 0.02
  per-rule acc: 0.03 0.02 0.02
Epoch 260 | Train: Loss=0.0050 Acc=100.0% | Test: Acc=2.7% | Best=2.7%(@260)
  from x3: 0.03 0.03 0.03 0.03 0.03 0.03 0.03 0.03 0.03 0.03 0.03 0.03 0.03
  per-rule acc: 0.04 0.02 0.02
Epoch 280 | Train: Loss=0.0166 Acc=99.9% | Test: Acc=2.8% | Best=2.8%(@280)
  from x3: 0.03 0.03 0.03 0.03 0.03 0.03 0.03 0.03 0.03 0.03 0.03 0.03 0.03
  per-rule acc: 0.04 0.02 0.02
Epoch 300 | Train: Loss=0.0066 Acc=100.0% | Test: Acc=2.7% | Best=2.8%(@280)
  from x3: 0.03 0.03 0.03 0.03 0.03 0.03 0.03 0.03 0.03 0.03 0.03 0.03 0.03
  per-rule acc: 0.04 0.02 0.02
Epoch 320 | Train: Loss=0.0103 Acc=99.9% | Test: Acc=3.1% | Best=3.1%(@320)
  from x3: 0.03 0.03 0.03 0.03 0.03 0.03 0.03 0.03 0.03 0.03 0.03 0.03 0.03
  per-rule acc: 0.05 0.02 0.02
Epoch 340 | Train: Loss=0.0062 Acc=100.0% | Test: Acc=3.7% | Best=3.7%(@340)
  from x3: 0.04 0.04 0.04 0.04 0.04 0.04 0.04 0.04 0.04 0.04 0.04 0.04 0.04
  per-rule acc: 0.06 0.02 0.03
Epoch 360 | Train: Loss=0.0066 Acc=100.0% | Test: Acc=3.3% | Best=3.7%(@340)
  from x3: 0.03 0.03 0.03 0.03 0.03 0.03 0.03 0.03 0.03 0.03 0.03 0.03 0.03
  per-rule acc: 0.05 0.02 0.02
Epoch 380 | Train: Loss=0.0069 Acc=100.0% | Test: Acc=3.8% | Best=3.8%(@380)
  from x3: 0.03 0.04 0.04 0.04 0.04 0.04 0.04 0.04 0.04 0.04 0.04 0.04 0.04
  per-rule acc: 0.06 0.03 0.03
Epoch 400 | Train: Loss=0.0075 Acc=100.0% | Test: Acc=4.3% | Best=4.3%(@400)
  from x3: 0.05 0.04 0.04 0.04 0.04 0.04 0.04 0.04 0.04 0.04 0.04 0.04 0.04
  per-rule acc: 0.08 0.03 0.03
Epoch 420 | Train: Loss=0.0184 Acc=99.9% | Test: Acc=3.8% | Best=4.3%(@400)
  from x3: 0.04 0.04 0.04 0.04 0.04 0.04 0.04 0.04 0.04 0.04 0.04 0.04 0.04
  per-rule acc: 0.06 0.03 0.03
Epoch 440 | Train: Loss=0.0106 Acc=99.9% | Test: Acc=4.8% | Best=4.8%(@440)
  from x3: 0.05 0.05 0.05 0.05 0.05 0.05 0.05 0.05 0.05 0.05 0.05 0.05 0.05
  per-rule acc: 0.07 0.04 0.04
Epoch 460 | Train: Loss=0.0132 Acc=99.9% | Test: Acc=5.4% | Best=5.4%(@460)
  from x3: 0.05 0.05 0.05 0.05 0.05 0.05 0.05 0.05 0.05 0.05 0.05 0.05 0.05
  per-rule acc: 0.09 0.03 0.04
Epoch 480 | Train: Loss=0.0050 Acc=100.0% | Test: Acc=6.5% | Best=6.5%(@480)
  from x3: 0.07 0.06 0.06 0.06 0.06 0.06 0.06 0.06 0.06 0.07 0.07 0.07 0.07
  per-rule acc: 0.10 0.04 0.05
Epoch 500 | Train: Loss=0.0026 Acc=100.0% | Test: Acc=8.0% | Best=8.0%(@500)
  from x3: 0.07 0.08 0.08 0.08 0.08 0.08 0.08 0.08 0.08 0.08 0.08 0.08 0.08
  per-rule acc: 0.13 0.05 0.06
Epoch 520 | Train: Loss=0.0094 Acc=99.9% | Test: Acc=7.2% | Best=8.0%(@500)
  from x3: 0.07 0.07 0.07 0.07 0.07 0.07 0.07 0.07 0.07 0.07 0.07 0.07 0.07
  per-rule acc: 0.11 0.05 0.05
Epoch 540 | Train: Loss=0.1776 Acc=98.7% | Test: Acc=4.5% | Best=8.0%(@500)
  from x3: 0.05 0.05 0.04 0.04 0.04 0.04 0.04 0.04 0.04 0.04 0.04 0.04 0.04
  per-rule acc: 0.08 0.03 0.03
Epoch 560 | Train: Loss=0.0049 Acc=100.0% | Test: Acc=10.0% | Best=10.0%(@560)
  from x3: 0.09 0.10 0.10 0.10 0.10 0.10 0.10 0.10 0.10 0.10 0.10 0.10 0.10
  per-rule acc: 0.14 0.08 0.08
Epoch 580 | Train: Loss=0.0063 Acc=100.0% | Test: Acc=12.8% | Best=12.8%(@580)
  from x3: 0.12 0.13 0.13 0.13 0.13 0.13 0.13 0.13 0.13 0.13 0.13 0.13 0.13
  per-rule acc: 0.14 0.12 0.12
Epoch 600 | Train: Loss=0.0049 Acc=100.0% | Test: Acc=12.6% | Best=12.8%(@580)
  from x3: 0.12 0.12 0.13 0.13 0.13 0.13 0.13 0.13 0.13 0.13 0.13 0.13 0.13
  per-rule acc: 0.16 0.11 0.11
Epoch 620 | Train: Loss=0.0075 Acc=99.9% | Test: Acc=14.0% | Best=14.0%(@620)
  from x3: 0.13 0.14 0.14 0.14 0.14 0.14 0.14 0.14 0.14 0.14 0.14 0.14 0.14
  per-rule acc: 0.12 0.14 0.16
Epoch 640 | Train: Loss=0.0050 Acc=100.0% | Test: Acc=22.2% | Best=22.2%(@640)
  from x3: 0.22 0.22 0.22 0.22 0.22 0.22 0.22 0.22 0.22 0.22 0.22 0.22 0.22
  per-rule acc: 0.15 0.27 0.24
Epoch 660 | Train: Loss=0.0034 Acc=100.0% | Test: Acc=31.7% | Best=31.7%(@660)
  from x3: 0.30 0.32 0.32 0.32 0.32 0.32 0.32 0.32 0.32 0.32 0.32 0.32 0.32
  per-rule acc: 0.19 0.33 0.43
Epoch 680 | Train: Loss=0.0023 Acc=100.0% | Test: Acc=42.6% | Best=42.6%(@680)
  from x3: 0.41 0.42 0.43 0.43 0.43 0.43 0.43 0.43 0.43 0.43 0.43 0.43 0.43
  per-rule acc: 0.20 0.61 0.47
Epoch 700 | Train: Loss=0.0043 Acc=100.0% | Test: Acc=40.9% | Best=42.6%(@680)
  from x3: 0.38 0.41 0.41 0.41 0.41 0.41 0.41 0.41 0.41 0.41 0.41 0.41 0.41
  per-rule acc: 0.19 0.55 0.48
Epoch 720 | Train: Loss=0.0101 Acc=100.0% | Test: Acc=55.8% | Best=55.8%(@720)
  from x3: 0.55 0.56 0.56 0.56 0.56 0.56 0.56 0.56 0.56 0.56 0.56 0.56 0.56
  per-rule acc: 0.17 0.74 0.76
Epoch 740 | Train: Loss=0.0086 Acc=99.9% | Test: Acc=59.7% | Best=59.7%(@740)
  from x3: 0.58 0.60 0.60 0.60 0.60 0.60 0.60 0.60 0.60 0.60 0.60 0.60 0.60
  per-rule acc: 0.18 0.79 0.82
Epoch 760 | Train: Loss=0.0194 Acc=99.8% | Test: Acc=60.3% | Best=60.3%(@760)
  from x3: 0.59 0.60 0.60 0.60 0.60 0.60 0.60 0.60 0.60 0.60 0.60 0.60 0.61
  per-rule acc: 0.15 0.83 0.83
Epoch 780 | Train: Loss=0.0033 Acc=100.0% | Test: Acc=65.8% | Best=65.8%(@780)
  from x3: 0.64 0.66 0.66 0.66 0.66 0.66 0.66 0.66 0.66 0.66 0.66 0.66 0.66
  per-rule acc: 0.22 0.84 0.92
Epoch 800 | Train: Loss=0.0057 Acc=100.0% | Test: Acc=71.6% | Best=71.6%(@800)
  from x3: 0.71 0.72 0.72 0.72 0.72 0.72 0.72 0.72 0.72 0.72 0.72 0.72 0.72
  per-rule acc: 0.24 0.93 0.98
Epoch 820 | Train: Loss=0.0039 Acc=100.0% | Test: Acc=72.1% | Best=72.1%(@820)
  from x3: 0.71 0.72 0.72 0.72 0.72 0.72 0.72 0.72 0.72 0.72 0.72 0.72 0.72
  per-rule acc: 0.26 0.92 0.98
Epoch 840 | Train: Loss=0.0029 Acc=100.0% | Test: Acc=71.7% | Best=72.1%(@820)
  from x3: 0.70 0.72 0.72 0.72 0.72 0.72 0.72 0.72 0.72 0.72 0.72 0.72 0.72
  per-rule acc: 0.26 0.91 0.98
Epoch 860 | Train: Loss=0.0054 Acc=100.0% | Test: Acc=71.8% | Best=72.1%(@820)
  from x3: 0.71 0.72 0.72 0.72 0.72 0.72 0.72 0.72 0.72 0.72 0.72 0.72 0.72
  per-rule acc: 0.24 0.92 0.99
Epoch 880 | Train: Loss=0.0022 Acc=100.0% | Test: Acc=72.3% | Best=72.3%(@880)
  from x3: 0.71 0.72 0.72 0.72 0.72 0.72 0.72 0.72 0.72 0.72 0.72 0.73 0.73
  per-rule acc: 0.27 0.90 0.99
Epoch 900 | Train: Loss=0.0021 Acc=100.0% | Test: Acc=74.9% | Best=74.9%(@900)
  from x3: 0.74 0.75 0.75 0.75 0.75 0.75 0.75 0.75 0.75 0.75 0.75 0.75 0.75
  per-rule acc: 0.29 0.96 1.00
Epoch 920 | Train: Loss=0.0029 Acc=100.0% | Test: Acc=74.6% | Best=74.9%(@900)
  from x3: 0.73 0.75 0.75 0.75 0.75 0.75 0.75 0.75 0.75 0.75 0.75 0.75 0.75
  per-rule acc: 0.29 0.95 1.00
Epoch 940 | Train: Loss=0.0030 Acc=100.0% | Test: Acc=74.1% | Best=74.9%(@900)
  from x3: 0.72 0.74 0.74 0.74 0.74 0.74 0.74 0.74 0.74 0.74 0.74 0.74 0.74
  per-rule acc: 0.28 0.94 1.00
Epoch 960 | Train: Loss=0.0066 Acc=99.9% | Test: Acc=74.5% | Best=74.9%(@900)
  from x3: 0.73 0.75 0.75 0.75 0.75 0.75 0.75 0.75 0.75 0.75 0.75 0.75 0.75
  per-rule acc: 0.27 0.96 1.00
Epoch 980 | Train: Loss=0.0064 Acc=100.0% | Test: Acc=75.5% | Best=75.5%(@980)
  from x3: 0.74 0.76 0.76 0.76 0.76 0.76 0.76 0.76 0.76 0.76 0.76 0.76 0.76
  per-rule acc: 0.31 0.96 1.00
Epoch 1000 | Train: Loss=0.0044 Acc=100.0% | Test: Acc=77.0% | Best=77.0%(@1000)
  from x3: 0.76 0.77 0.77 0.77 0.77 0.77 0.77 0.77 0.77 0.77 0.77 0.77 0.77
  per-rule acc: 0.35 0.96 1.00
Epoch 1020 | Train: Loss=0.0357 Acc=100.0% | Test: Acc=76.1% | Best=77.0%(@1000)
  from x3: 0.76 0.76 0.76 0.76 0.76 0.76 0.76 0.76 0.76 0.76 0.76 0.76 0.76
  per-rule acc: 0.32 0.97 1.00
Epoch 1040 | Train: Loss=0.0126 Acc=99.9% | Test: Acc=76.8% | Best=77.0%(@1000)
  from x3: 0.76 0.77 0.77 0.77 0.77 0.77 0.77 0.77 0.77 0.77 0.77 0.77 0.77
  per-rule acc: 0.34 0.96 1.00
Epoch 1060 | Train: Loss=0.0045 Acc=100.0% | Test: Acc=76.8% | Best=77.0%(@1000)
  from x3: 0.76 0.77 0.77 0.77 0.77 0.77 0.77 0.77 0.77 0.77 0.77 0.77 0.77
  per-rule acc: 0.34 0.96 1.00
Epoch 1080 | Train: Loss=0.0023 Acc=100.0% | Test: Acc=79.1% | Best=79.1%(@1080)
  from x3: 0.78 0.79 0.79 0.79 0.79 0.79 0.79 0.79 0.79 0.79 0.79 0.79 0.79
  per-rule acc: 0.41 0.96 1.00
Epoch 1100 | Train: Loss=0.0571 Acc=99.9% | Test: Acc=76.3% | Best=79.1%(@1080)
  from x3: 0.76 0.76 0.76 0.76 0.76 0.76 0.76 0.76 0.76 0.76 0.76 0.76 0.76
  per-rule acc: 0.33 0.96 1.00
Epoch 1120 | Train: Loss=0.0031 Acc=100.0% | Test: Acc=75.7% | Best=79.1%(@1080)
  from x3: 0.74 0.76 0.76 0.76 0.76 0.76 0.76 0.76 0.76 0.76 0.76 0.76 0.76
  per-rule acc: 0.32 0.95 1.00
Epoch 1140 | Train: Loss=0.0031 Acc=100.0% | Test: Acc=75.4% | Best=79.1%(@1080)
  from x3: 0.74 0.75 0.75 0.76 0.76 0.76 0.76 0.76 0.76 0.76 0.76 0.76 0.76
  per-rule acc: 0.33 0.93 1.00
Epoch 1160 | Train: Loss=0.0030 Acc=100.0% | Test: Acc=79.4% | Best=79.4%(@1160)
  from x3: 0.78 0.79 0.79 0.79 0.79 0.79 0.79 0.79 0.79 0.79 0.79 0.79 0.79
  per-rule acc: 0.42 0.96 1.00
Epoch 1180 | Train: Loss=0.0024 Acc=100.0% | Test: Acc=76.3% | Best=79.4%(@1160)
  from x3: 0.75 0.76 0.76 0.76 0.76 0.76 0.76 0.76 0.76 0.76 0.76 0.76 0.76
  per-rule acc: 0.37 0.92 1.00
Epoch 1200 | Train: Loss=0.0024 Acc=100.0% | Test: Acc=73.1% | Best=79.4%(@1160)
  from x3: 0.72 0.73 0.73 0.73 0.73 0.73 0.73 0.73 0.73 0.73 0.73 0.73 0.73
  per-rule acc: 0.30 0.90 1.00
Epoch 1220 | Train: Loss=0.0012 Acc=100.0% | Test: Acc=79.9% | Best=79.9%(@1220)
  from x3: 0.79 0.80 0.80 0.80 0.80 0.80 0.80 0.80 0.80 0.80 0.80 0.80 0.80
  per-rule acc: 0.43 0.96 1.00
Epoch 1240 | Train: Loss=0.0029 Acc=100.0% | Test: Acc=76.4% | Best=79.9%(@1220)
  from x3: 0.75 0.76 0.76 0.76 0.76 0.76 0.76 0.76 0.76 0.76 0.76 0.76 0.77
  per-rule acc: 0.35 0.94 1.00
Epoch 1260 | Train: Loss=0.0027 Acc=100.0% | Test: Acc=76.2% | Best=79.9%(@1220)
  from x3: 0.75 0.76 0.76 0.76 0.76 0.76 0.76 0.76 0.76 0.76 0.76 0.76 0.76
  per-rule acc: 0.36 0.93 1.00
Epoch 1280 | Train: Loss=0.0026 Acc=100.0% | Test: Acc=75.4% | Best=79.9%(@1220)
  from x3: 0.74 0.75 0.76 0.76 0.76 0.76 0.76 0.76 0.76 0.76 0.76 0.76 0.76
  per-rule acc: 0.35 0.91 1.00
Epoch 1300 | Train: Loss=0.0021 Acc=100.0% | Test: Acc=73.5% | Best=79.9%(@1220)
  from x3: 0.72 0.74 0.74 0.74 0.74 0.74 0.74 0.74 0.74 0.74 0.74 0.74 0.74
  per-rule acc: 0.30 0.91 1.00
Epoch 1320 | Train: Loss=0.0023 Acc=100.0% | Test: Acc=79.5% | Best=79.9%(@1220)
  from x3: 0.78 0.80 0.80 0.80 0.80 0.80 0.80 0.80 0.80 0.80 0.80 0.80 0.80
  per-rule acc: 0.43 0.96 1.00
Epoch 1340 | Train: Loss=0.0222 Acc=99.9% | Test: Acc=80.1% | Best=80.1%(@1340)
  from x3: 0.79 0.80 0.80 0.80 0.80 0.80 0.80 0.80 0.80 0.80 0.80 0.80 0.80
  per-rule acc: 0.44 0.96 1.00
Epoch 1360 | Train: Loss=0.0736 Acc=99.6% | Test: Acc=70.6% | Best=80.1%(@1340)
  from x3: 0.70 0.71 0.71 0.71 0.71 0.71 0.71 0.71 0.71 0.71 0.71 0.71 0.71
  per-rule acc: 0.22 0.90 1.00
Epoch 1380 | Train: Loss=0.0029 Acc=100.0% | Test: Acc=76.6% | Best=80.1%(@1340)
  from x3: 0.76 0.77 0.77 0.77 0.77 0.77 0.77 0.77 0.77 0.77 0.77 0.77 0.77
  per-rule acc: 0.36 0.94 1.00
Epoch 1400 | Train: Loss=0.0028 Acc=100.0% | Test: Acc=75.8% | Best=80.1%(@1340)
  from x3: 0.75 0.76 0.76 0.76 0.76 0.76 0.76 0.76 0.76 0.76 0.76 0.76 0.76
  per-rule acc: 0.36 0.92 1.00
Epoch 1420 | Train: Loss=0.0025 Acc=100.0% | Test: Acc=75.3% | Best=80.1%(@1340)
  from x3: 0.74 0.75 0.75 0.75 0.75 0.75 0.75 0.75 0.75 0.75 0.75 0.75 0.75
  per-rule acc: 0.35 0.91 1.00
Epoch 1440 | Train: Loss=0.0059 Acc=100.0% | Test: Acc=81.8% | Best=81.8%(@1440)
  from x3: 0.81 0.82 0.82 0.82 0.82 0.82 0.82 0.82 0.82 0.82 0.82 0.82 0.82
  per-rule acc: 0.49 0.97 1.00
Epoch 1460 | Train: Loss=0.0023 Acc=100.0% | Test: Acc=78.0% | Best=81.8%(@1440)
  from x3: 0.76 0.78 0.78 0.78 0.78 0.78 0.78 0.78 0.78 0.78 0.78 0.78 0.78
  per-rule acc: 0.40 0.94 1.00
Epoch 1480 | Train: Loss=0.0026 Acc=100.0% | Test: Acc=74.8% | Best=81.8%(@1440)
  from x3: 0.74 0.75 0.75 0.75 0.75 0.75 0.75 0.75 0.75 0.75 0.75 0.75 0.75
  per-rule acc: 0.33 0.91 1.00
Epoch 1500 | Train: Loss=0.0011 Acc=100.0% | Test: Acc=80.9% | Best=81.8%(@1440)
  from x3: 0.80 0.81 0.81 0.81 0.81 0.81 0.81 0.81 0.81 0.81 0.81 0.81 0.81
  per-rule acc: 0.47 0.96 1.00
Epoch 1520 | Train: Loss=0.0024 Acc=100.0% | Test: Acc=75.8% | Best=81.8%(@1440)
  from x3: 0.75 0.76 0.76 0.76 0.76 0.76 0.76 0.76 0.76 0.76 0.76 0.76 0.76
  per-rule acc: 0.35 0.92 1.00
Epoch 1540 | Train: Loss=0.0026 Acc=100.0% | Test: Acc=75.9% | Best=81.8%(@1440)
  from x3: 0.75 0.76 0.76 0.76 0.76 0.76 0.76 0.76 0.76 0.76 0.76 0.76 0.76
  per-rule acc: 0.38 0.90 1.00
Epoch 1560 | Train: Loss=0.0021 Acc=100.0% | Test: Acc=73.7% | Best=81.8%(@1440)
  from x3: 0.72 0.74 0.74 0.74 0.74 0.74 0.74 0.74 0.74 0.74 0.74 0.74 0.74
  per-rule acc: 0.33 0.88 1.00
Epoch 1580 | Train: Loss=0.0014 Acc=100.0% | Test: Acc=77.9% | Best=81.8%(@1440)
  from x3: 0.76 0.78 0.78 0.78 0.78 0.78 0.78 0.78 0.78 0.78 0.78 0.78 0.78
  per-rule acc: 0.43 0.90 1.00
Epoch 1600 | Train: Loss=0.0021 Acc=100.0% | Test: Acc=73.4% | Best=81.8%(@1440)
  from x3: 0.72 0.73 0.73 0.73 0.73 0.73 0.73 0.73 0.73 0.73 0.73 0.73 0.73
  per-rule acc: 0.34 0.86 1.00
Epoch 1620 | Train: Loss=0.0177 Acc=99.8% | Test: Acc=78.8% | Best=81.8%(@1440)
  from x3: 0.78 0.79 0.79 0.79 0.79 0.79 0.79 0.79 0.79 0.79 0.79 0.79 0.79
  per-rule acc: 0.41 0.95 1.00
Epoch 1640 | Train: Loss=0.0026 Acc=100.0% | Test: Acc=76.0% | Best=81.8%(@1440)
  from x3: 0.75 0.76 0.76 0.76 0.76 0.76 0.76 0.76 0.76 0.76 0.76 0.76 0.76
  per-rule acc: 0.38 0.90 1.00
Epoch 1660 | Train: Loss=0.0021 Acc=100.0% | Test: Acc=77.0% | Best=81.8%(@1440)
  from x3: 0.76 0.77 0.77 0.77 0.77 0.77 0.77 0.77 0.77 0.77 0.77 0.77 0.77
  per-rule acc: 0.42 0.89 1.00
Epoch 1680 | Train: Loss=0.0022 Acc=100.0% | Test: Acc=74.1% | Best=81.8%(@1440)
  from x3: 0.73 0.74 0.74 0.74 0.74 0.74 0.74 0.74 0.74 0.74 0.74 0.74 0.74
  per-rule acc: 0.35 0.87 1.00
Epoch 1700 | Train: Loss=0.0013 Acc=100.0% | Test: Acc=77.4% | Best=81.8%(@1440)
  from x3: 0.76 0.77 0.78 0.78 0.78 0.78 0.78 0.78 0.78 0.78 0.78 0.78 0.78
  per-rule acc: 0.43 0.89 1.00
Epoch 1720 | Train: Loss=0.0021 Acc=100.0% | Test: Acc=73.5% | Best=81.8%(@1440)
  from x3: 0.72 0.74 0.74 0.74 0.74 0.74 0.74 0.74 0.74 0.74 0.74 0.74 0.74
  per-rule acc: 0.36 0.85 1.00
Epoch 1740 | Train: Loss=0.0016 Acc=100.0% | Test: Acc=71.6% | Best=81.8%(@1440)
  from x3: 0.71 0.72 0.72 0.72 0.72 0.72 0.72 0.72 0.72 0.72 0.72 0.72 0.72
  per-rule acc: 0.31 0.84 1.00
Epoch 1760 | Train: Loss=0.0011 Acc=100.0% | Test: Acc=80.5% | Best=81.8%(@1440)
  from x3: 0.79 0.81 0.81 0.81 0.81 0.81 0.81 0.81 0.81 0.81 0.81 0.81 0.81
  per-rule acc: 0.46 0.95 1.00
Epoch 1780 | Train: Loss=0.0018 Acc=100.0% | Test: Acc=78.7% | Best=81.8%(@1440)
  from x3: 0.77 0.79 0.79 0.79 0.79 0.79 0.79 0.79 0.79 0.79 0.79 0.79 0.79
  per-rule acc: 0.45 0.91 1.00
Epoch 1800 | Train: Loss=0.0024 Acc=100.0% | Test: Acc=74.9% | Best=81.8%(@1440)
  from x3: 0.74 0.75 0.75 0.75 0.75 0.75 0.75 0.75 0.75 0.75 0.75 0.75 0.75
  per-rule acc: 0.37 0.88 1.00
Epoch 1820 | Train: Loss=0.0018 Acc=100.0% | Test: Acc=73.9% | Best=81.8%(@1440)
  from x3: 0.73 0.74 0.74 0.74 0.74 0.74 0.74 0.74 0.74 0.74 0.74 0.74 0.74
  per-rule acc: 0.34 0.88 1.00
Epoch 1840 | Train: Loss=0.0069 Acc=99.9% | Test: Acc=82.8% | Best=82.8%(@1840)
  from x3: 0.82 0.83 0.83 0.83 0.83 0.83 0.83 0.83 0.83 0.83 0.83 0.83 0.83
  per-rule acc: 0.52 0.97 1.00
Epoch 1860 | Train: Loss=0.0020 Acc=100.0% | Test: Acc=78.4% | Best=82.8%(@1840)
  from x3: 0.77 0.78 0.78 0.78 0.78 0.78 0.78 0.78 0.78 0.78 0.78 0.78 0.78
  per-rule acc: 0.43 0.92 1.00
Epoch 1880 | Train: Loss=0.0018 Acc=100.0% | Test: Acc=75.4% | Best=82.8%(@1840)
  from x3: 0.75 0.75 0.75 0.75 0.75 0.75 0.75 0.75 0.75 0.75 0.75 0.75 0.75
  per-rule acc: 0.37 0.90 1.00
Epoch 1900 | Train: Loss=0.0014 Acc=100.0% | Test: Acc=74.5% | Best=82.8%(@1840)
  from x3: 0.74 0.75 0.75 0.75 0.75 0.75 0.75 0.75 0.75 0.75 0.75 0.75 0.75
  per-rule acc: 0.34 0.90 1.00
Epoch 1920 | Train: Loss=0.0007 Acc=100.0% | Test: Acc=84.1% | Best=84.1%(@1920)
  from x3: 0.83 0.84 0.84 0.84 0.84 0.84 0.84 0.84 0.84 0.84 0.84 0.84 0.84
  per-rule acc: 0.56 0.96 1.00
Epoch 1940 | Train: Loss=0.0019 Acc=100.0% | Test: Acc=78.1% | Best=84.1%(@1920)
  from x3: 0.77 0.78 0.78 0.78 0.78 0.78 0.78 0.78 0.78 0.78 0.78 0.78 0.78
  per-rule acc: 0.43 0.92 1.00
Epoch 1960 | Train: Loss=0.0016 Acc=100.0% | Test: Acc=75.7% | Best=84.1%(@1920)
  from x3: 0.75 0.76 0.76 0.76 0.76 0.76 0.76 0.76 0.76 0.76 0.76 0.76 0.76
  per-rule acc: 0.37 0.90 1.00
Epoch 1980 | Train: Loss=0.0032 Acc=100.0% | Test: Acc=83.8% | Best=84.1%(@1920)
  from x3: 0.83 0.84 0.84 0.84 0.84 0.84 0.84 0.84 0.84 0.84 0.84 0.84 0.84
  per-rule acc: 0.55 0.96 1.00
Epoch 2000 | Train: Loss=0.0019 Acc=100.0% | Test: Acc=76.9% | Best=84.1%(@1920)
  from x3: 0.76 0.77 0.77 0.77 0.77 0.77 0.77 0.77 0.77 0.77 0.77 0.77 0.77
  per-rule acc: 0.42 0.89 1.00
Epoch 2020 | Train: Loss=0.0017 Acc=100.0% | Test: Acc=74.5% | Best=84.1%(@1920)
  from x3: 0.73 0.75 0.75 0.75 0.75 0.75 0.75 0.75 0.75 0.75 0.75 0.75 0.75
  per-rule acc: 0.36 0.88 1.00
Epoch 2040 | Train: Loss=0.0012 Acc=100.0% | Test: Acc=73.2% | Best=84.1%(@1920)
  from x3: 0.72 0.73 0.73 0.73 0.73 0.73 0.73 0.73 0.73 0.73 0.73 0.73 0.73
  per-rule acc: 0.33 0.87 1.00
Epoch 2060 | Train: Loss=0.0030 Acc=100.0% | Test: Acc=84.7% | Best=84.7%(@2060)
  from x3: 0.84 0.85 0.85 0.85 0.85 0.85 0.85 0.85 0.85 0.85 0.85 0.85 0.85
  per-rule acc: 0.57 0.97 1.00
Epoch 2080 | Train: Loss=0.0038 Acc=100.0% | Test: Acc=83.3% | Best=84.7%(@2060)
  from x3: 0.83 0.83 0.83 0.83 0.83 0.83 0.83 0.83 0.83 0.83 0.83 0.83 0.83
  per-rule acc: 0.54 0.96 1.00
Epoch 2100 | Train: Loss=0.0021 Acc=100.0% | Test: Acc=78.2% | Best=84.7%(@2060)
  from x3: 0.77 0.78 0.78 0.78 0.78 0.78 0.78 0.78 0.78 0.78 0.78 0.78 0.78
  per-rule acc: 0.42 0.92 1.00
Epoch 2120 | Train: Loss=0.0017 Acc=100.0% | Test: Acc=76.2% | Best=84.7%(@2060)
  from x3: 0.75 0.76 0.76 0.76 0.76 0.76 0.76 0.76 0.76 0.76 0.76 0.76 0.76
  per-rule acc: 0.36 0.92 1.00
Epoch 2140 | Train: Loss=0.0017 Acc=100.0% | Test: Acc=83.7% | Best=84.7%(@2060)
  from x3: 0.83 0.84 0.84 0.84 0.84 0.84 0.84 0.84 0.84 0.84 0.84 0.84 0.84
  per-rule acc: 0.55 0.96 1.00
Epoch 2160 | Train: Loss=0.0020 Acc=100.0% | Test: Acc=77.8% | Best=84.7%(@2060)
  from x3: 0.77 0.78 0.78 0.78 0.78 0.78 0.78 0.78 0.78 0.78 0.78 0.78 0.78
  per-rule acc: 0.42 0.91 1.00
Epoch 2180 | Train: Loss=0.0017 Acc=100.0% | Test: Acc=75.3% | Best=84.7%(@2060)
  from x3: 0.74 0.75 0.75 0.75 0.75 0.75 0.75 0.75 0.75 0.75 0.75 0.75 0.75
  per-rule acc: 0.36 0.90 1.00
Epoch 2200 | Train: Loss=0.0012 Acc=100.0% | Test: Acc=74.3% | Best=84.7%(@2060)
  from x3: 0.73 0.74 0.74 0.74 0.74 0.74 0.74 0.74 0.74 0.74 0.74 0.74 0.74
  per-rule acc: 0.33 0.90 1.00
Epoch 2220 | Train: Loss=0.0013 Acc=100.0% | Test: Acc=81.9% | Best=84.7%(@2060)
  from x3: 0.81 0.82 0.82 0.82 0.82 0.82 0.82 0.82 0.82 0.82 0.82 0.82 0.82
  per-rule acc: 0.50 0.96 1.00
Epoch 2240 | Train: Loss=0.0022 Acc=100.0% | Test: Acc=77.3% | Best=84.7%(@2060)
  from x3: 0.77 0.77 0.77 0.77 0.77 0.77 0.77 0.77 0.77 0.77 0.77 0.77 0.77
  per-rule acc: 0.39 0.93 1.00
Epoch 2260 | Train: Loss=0.0017 Acc=100.0% | Test: Acc=76.3% | Best=84.7%(@2060)
  from x3: 0.76 0.76 0.76 0.76 0.76 0.76 0.76 0.76 0.76 0.76 0.76 0.76 0.76
  per-rule acc: 0.36 0.93 1.00
Epoch 2280 | Train: Loss=0.0013 Acc=100.0% | Test: Acc=75.7% | Best=84.7%(@2060)
  from x3: 0.75 0.76 0.76 0.76 0.76 0.76 0.76 0.76 0.76 0.76 0.76 0.76 0.76
  per-rule acc: 0.34 0.93 1.00
Epoch 2300 | Train: Loss=0.0012 Acc=100.0% | Test: Acc=82.4% | Best=84.7%(@2060)
  from x3: 0.81 0.82 0.82 0.82 0.82 0.82 0.82 0.82 0.82 0.82 0.82 0.82 0.82
  per-rule acc: 0.51 0.96 1.00
Epoch 2320 | Train: Loss=0.0020 Acc=100.0% | Test: Acc=77.9% | Best=84.7%(@2060)
  from x3: 0.77 0.78 0.78 0.78 0.78 0.78 0.78 0.78 0.78 0.78 0.78 0.78 0.78
  per-rule acc: 0.41 0.93 1.00
Epoch 2340 | Train: Loss=0.0016 Acc=100.0% | Test: Acc=76.2% | Best=84.7%(@2060)
  from x3: 0.76 0.76 0.76 0.76 0.76 0.76 0.76 0.76 0.76 0.76 0.76 0.76 0.76
  per-rule acc: 0.36 0.92 1.00
Epoch 2360 | Train: Loss=0.0007 Acc=100.0% | Test: Acc=84.3% | Best=84.7%(@2060)
  from x3: 0.84 0.84 0.84 0.84 0.84 0.84 0.84 0.84 0.84 0.84 0.84 0.84 0.84
  per-rule acc: 0.56 0.96 1.00
Epoch 2380 | Train: Loss=0.0020 Acc=100.0% | Test: Acc=78.6% | Best=84.7%(@2060)
  from x3: 0.78 0.79 0.79 0.79 0.79 0.79 0.79 0.79 0.79 0.79 0.79 0.79 0.79
  per-rule acc: 0.42 0.93 1.00
Epoch 2400 | Train: Loss=0.0017 Acc=100.0% | Test: Acc=76.8% | Best=84.7%(@2060)
  from x3: 0.76 0.77 0.77 0.77 0.77 0.77 0.77 0.77 0.77 0.77 0.77 0.77 0.77
  per-rule acc: 0.38 0.93 1.00
Epoch 2420 | Train: Loss=0.0012 Acc=100.0% | Test: Acc=76.0% | Best=84.7%(@2060)
  from x3: 0.75 0.76 0.76 0.76 0.76 0.76 0.76 0.76 0.76 0.76 0.76 0.76 0.76
  per-rule acc: 0.35 0.93 1.00
Epoch 2440 | Train: Loss=0.0009 Acc=100.0% | Test: Acc=75.3% | Best=84.7%(@2060)
  from x3: 0.75 0.75 0.75 0.75 0.75 0.75 0.75 0.75 0.75 0.75 0.75 0.75 0.75
  per-rule acc: 0.33 0.92 1.00
Epoch 2460 | Train: Loss=0.0007 Acc=100.0% | Test: Acc=85.3% | Best=85.3%(@2460)
  from x3: 0.85 0.85 0.85 0.85 0.85 0.85 0.85 0.85 0.85 0.85 0.85 0.85 0.85
  per-rule acc: 0.59 0.97 1.00
Epoch 2480 | Train: Loss=0.0017 Acc=100.0% | Test: Acc=80.4% | Best=85.3%(@2460)
  from x3: 0.80 0.81 0.81 0.81 0.81 0.81 0.81 0.81 0.81 0.81 0.81 0.81 0.81
  per-rule acc: 0.46 0.95 1.00
Epoch 2500 | Train: Loss=0.0017 Acc=100.0% | Test: Acc=77.6% | Best=85.3%(@2460)
  from x3: 0.77 0.78 0.78 0.78 0.78 0.78 0.78 0.78 0.78 0.78 0.78 0.78 0.78
  per-rule acc: 0.39 0.94 1.00
Epoch 2520 | Train: Loss=0.0013 Acc=100.0% | Test: Acc=76.8% | Best=85.3%(@2460)
  from x3: 0.76 0.77 0.77 0.77 0.77 0.77 0.77 0.77 0.77 0.77 0.77 0.77 0.77
  per-rule acc: 0.37 0.94 1.00
Epoch 2540 | Train: Loss=0.0014 Acc=100.0% | Test: Acc=80.8% | Best=85.3%(@2460)
  from x3: 0.80 0.81 0.81 0.81 0.81 0.81 0.81 0.81 0.81 0.81 0.81 0.81 0.81
  per-rule acc: 0.48 0.94 1.00
Epoch 2560 | Train: Loss=0.0019 Acc=100.0% | Test: Acc=77.3% | Best=85.3%(@2460)
  from x3: 0.77 0.77 0.77 0.77 0.77 0.77 0.77 0.77 0.77 0.77 0.77 0.77 0.77
  per-rule acc: 0.40 0.92 1.00
Epoch 2580 | Train: Loss=0.0014 Acc=100.0% | Test: Acc=75.8% | Best=85.3%(@2460)
  from x3: 0.75 0.76 0.76 0.76 0.76 0.76 0.76 0.76 0.76 0.76 0.76 0.76 0.76
  per-rule acc: 0.36 0.91 1.00
Epoch 2600 | Train: Loss=0.0010 Acc=100.0% | Test: Acc=75.1% | Best=85.3%(@2460)
  from x3: 0.75 0.75 0.75 0.75 0.75 0.75 0.75 0.75 0.75 0.75 0.75 0.75 0.75
  per-rule acc: 0.35 0.91 1.00
Epoch 2620 | Train: Loss=0.0006 Acc=100.0% | Test: Acc=85.6% | Best=85.6%(@2620)
  from x3: 0.85 0.86 0.86 0.86 0.86 0.86 0.86 0.86 0.86 0.86 0.86 0.86 0.86
  per-rule acc: 0.59 0.98 1.00
Epoch 2640 | Train: Loss=0.0017 Acc=100.0% | Test: Acc=81.0% | Best=85.6%(@2620)
  from x3: 0.80 0.81 0.81 0.81 0.81 0.81 0.81 0.81 0.81 0.81 0.81 0.81 0.81
  per-rule acc: 0.48 0.95 1.00
Epoch 2660 | Train: Loss=0.0017 Acc=100.0% | Test: Acc=78.2% | Best=85.6%(@2620)
  from x3: 0.78 0.78 0.78 0.78 0.78 0.78 0.78 0.78 0.78 0.78 0.78 0.78 0.78
  per-rule acc: 0.40 0.94 1.00
Epoch 2680 | Train: Loss=0.0013 Acc=100.0% | Test: Acc=76.9% | Best=85.6%(@2620)
  from x3: 0.76 0.77 0.77 0.77 0.77 0.77 0.77 0.77 0.77 0.77 0.77 0.77 0.77
  per-rule acc: 0.37 0.94 1.00
Epoch 2700 | Train: Loss=0.0009 Acc=100.0% | Test: Acc=76.4% | Best=85.6%(@2620)
  from x3: 0.76 0.76 0.76 0.76 0.76 0.76 0.76 0.76 0.76 0.76 0.76 0.76 0.76
  per-rule acc: 0.35 0.94 1.00
Epoch 2720 | Train: Loss=0.0006 Acc=100.0% | Test: Acc=86.0% | Best=86.0%(@2720)
  from x3: 0.85 0.86 0.86 0.86 0.86 0.86 0.86 0.86 0.86 0.86 0.86 0.86 0.86
  per-rule acc: 0.60 0.98 1.00
Epoch 2740 | Train: Loss=0.0016 Acc=100.0% | Test: Acc=81.3% | Best=86.0%(@2720)
  from x3: 0.81 0.81 0.81 0.81 0.81 0.81 0.81 0.81 0.81 0.81 0.81 0.81 0.81
  per-rule acc: 0.48 0.96 1.00
Epoch 2760 | Train: Loss=0.0016 Acc=100.0% | Test: Acc=78.4% | Best=86.0%(@2720)
  from x3: 0.78 0.78 0.78 0.78 0.78 0.78 0.78 0.78 0.78 0.78 0.78 0.78 0.78
  per-rule acc: 0.41 0.94 1.00
Epoch 2780 | Train: Loss=0.0012 Acc=100.0% | Test: Acc=76.9% | Best=86.0%(@2720)
  from x3: 0.76 0.77 0.77 0.77 0.77 0.77 0.77 0.77 0.77 0.77 0.77 0.77 0.77
  per-rule acc: 0.37 0.94 1.00
Epoch 2800 | Train: Loss=0.0009 Acc=100.0% | Test: Acc=76.4% | Best=86.0%(@2720)
  from x3: 0.76 0.76 0.76 0.76 0.76 0.76 0.76 0.76 0.76 0.76 0.76 0.76 0.76
  per-rule acc: 0.35 0.94 1.00
Epoch 2820 | Train: Loss=0.0013 Acc=100.0% | Test: Acc=81.5% | Best=86.0%(@2720)
  from x3: 0.81 0.82 0.82 0.82 0.82 0.82 0.82 0.82 0.82 0.82 0.82 0.82 0.82
  per-rule acc: 0.49 0.96 1.00
Epoch 2840 | Train: Loss=0.0017 Acc=100.0% | Test: Acc=78.3% | Best=86.0%(@2720)
  from x3: 0.78 0.78 0.78 0.78 0.78 0.78 0.78 0.78 0.78 0.78 0.78 0.78 0.78
  per-rule acc: 0.41 0.94 1.00
Epoch 2860 | Train: Loss=0.0013 Acc=100.0% | Test: Acc=77.0% | Best=86.0%(@2720)
  from x3: 0.76 0.77 0.77 0.77 0.77 0.77 0.77 0.77 0.77 0.77 0.77 0.77 0.77
  per-rule acc: 0.38 0.93 1.00
Epoch 2880 | Train: Loss=0.0009 Acc=100.0% | Test: Acc=76.2% | Best=86.0%(@2720)
  from x3: 0.76 0.76 0.76 0.76 0.76 0.76 0.76 0.76 0.76 0.76 0.76 0.76 0.76
  per-rule acc: 0.35 0.94 1.00
Epoch 2900 | Train: Loss=0.0007 Acc=100.0% | Test: Acc=75.6% | Best=86.0%(@2720)
  from x3: 0.75 0.76 0.76 0.76 0.76 0.76 0.76 0.76 0.76 0.76 0.76 0.76 0.76
  per-rule acc: 0.34 0.93 1.00
Epoch 2920 | Train: Loss=0.0005 Acc=100.0% | Test: Acc=85.6% | Best=86.0%(@2720)
  from x3: 0.85 0.86 0.86 0.86 0.86 0.86 0.86 0.86 0.86 0.86 0.86 0.86 0.86
  per-rule acc: 0.58 0.98 1.00
Epoch 2940 | Train: Loss=0.0016 Acc=100.0% | Test: Acc=80.5% | Best=86.0%(@2720)
  from x3: 0.80 0.81 0.81 0.81 0.81 0.81 0.81 0.81 0.81 0.81 0.81 0.81 0.81
  per-rule acc: 0.46 0.96 1.00
Epoch 2960 | Train: Loss=0.0015 Acc=100.0% | Test: Acc=78.0% | Best=86.0%(@2720)
  from x3: 0.77 0.78 0.78 0.78 0.78 0.78 0.78 0.78 0.78 0.78 0.78 0.78 0.78
  per-rule acc: 0.39 0.95 1.00
Epoch 2980 | Train: Loss=0.0012 Acc=100.0% | Test: Acc=76.8% | Best=86.0%(@2720)
  from x3: 0.76 0.77 0.77 0.77 0.77 0.77 0.77 0.77 0.77 0.77 0.77 0.77 0.77
  per-rule acc: 0.36 0.95 1.00
Epoch 3000 | Train: Loss=0.0009 Acc=100.0% | Test: Acc=76.3% | Best=86.0%(@2720)
  from x3: 0.76 0.76 0.76 0.76 0.76 0.76 0.76 0.76 0.76 0.76 0.76 0.76 0.76
  per-rule acc: 0.34 0.95 1.00
Epoch 3020 | Train: Loss=0.2242 Acc=95.9% | Test: Acc=68.3% | Best=86.0%(@2720)
  from x3: 0.68 0.68 0.68 0.68 0.68 0.68 0.68 0.68 0.68 0.68 0.68 0.68 0.68
  per-rule acc: 0.07 0.98 1.00
Epoch 3040 | Train: Loss=0.0012 Acc=100.0% | Test: Acc=82.4% | Best=86.0%(@2720)
  from x3: 0.82 0.82 0.82 0.82 0.82 0.82 0.82 0.82 0.82 0.82 0.82 0.82 0.82
  per-rule acc: 0.50 0.97 1.00
Epoch 3060 | Train: Loss=0.0011 Acc=100.0% | Test: Acc=82.9% | Best=86.0%(@2720)
  from x3: 0.82 0.83 0.83 0.83 0.83 0.83 0.83 0.83 0.83 0.83 0.83 0.83 0.83
  per-rule acc: 0.52 0.97 1.00
Epoch 3080 | Train: Loss=0.0019 Acc=100.0% | Test: Acc=79.2% | Best=86.0%(@2720)
  from x3: 0.79 0.79 0.79 0.79 0.79 0.79 0.79 0.79 0.79 0.79 0.79 0.79 0.79
  per-rule acc: 0.41 0.96 1.00
Epoch 3100 | Train: Loss=0.0014 Acc=100.0% | Test: Acc=77.8% | Best=86.0%(@2720)
  from x3: 0.77 0.78 0.78 0.78 0.78 0.78 0.78 0.78 0.78 0.78 0.78 0.78 0.78
  per-rule acc: 0.37 0.96 1.00
Epoch 3120 | Train: Loss=0.0011 Acc=100.0% | Test: Acc=77.0% | Best=86.0%(@2720)
  from x3: 0.76 0.77 0.77 0.77 0.77 0.77 0.77 0.77 0.77 0.77 0.77 0.77 0.77
  per-rule acc: 0.35 0.96 1.00
Epoch 3140 | Train: Loss=0.0014 Acc=100.0% | Test: Acc=81.3% | Best=86.0%(@2720)
  from x3: 0.81 0.81 0.81 0.81 0.81 0.81 0.81 0.81 0.81 0.81 0.81 0.81 0.81
  per-rule acc: 0.47 0.97 1.00
Epoch 3160 | Train: Loss=0.0017 Acc=100.0% | Test: Acc=78.4% | Best=86.0%(@2720)
  from x3: 0.78 0.78 0.78 0.78 0.78 0.78 0.78 0.78 0.78 0.78 0.78 0.78 0.78
  per-rule acc: 0.39 0.96 1.00
Epoch 3180 | Train: Loss=0.0006 Acc=100.0% | Test: Acc=83.4% | Best=86.0%(@2720)
  from x3: 0.83 0.84 0.84 0.84 0.84 0.84 0.84 0.84 0.84 0.84 0.84 0.84 0.84
  per-rule acc: 0.52 0.98 1.00
Epoch 3200 | Train: Loss=0.0019 Acc=100.0% | Test: Acc=79.1% | Best=86.0%(@2720)
  from x3: 0.78 0.79 0.79 0.79 0.79 0.79 0.79 0.79 0.79 0.79 0.79 0.79 0.79
  per-rule acc: 0.41 0.96 1.00
Epoch 3220 | Train: Loss=0.0015 Acc=100.0% | Test: Acc=77.7% | Best=86.0%(@2720)
  from x3: 0.77 0.78 0.78 0.78 0.78 0.78 0.78 0.78 0.78 0.78 0.78 0.78 0.78
  per-rule acc: 0.37 0.96 1.00
Epoch 3240 | Train: Loss=0.0011 Acc=100.0% | Test: Acc=77.0% | Best=86.0%(@2720)
  from x3: 0.76 0.77 0.77 0.77 0.77 0.77 0.77 0.77 0.77 0.77 0.77 0.77 0.77
  per-rule acc: 0.35 0.96 1.00
Epoch 3260 | Train: Loss=0.0008 Acc=100.0% | Test: Acc=76.3% | Best=86.0%(@2720)
  from x3: 0.76 0.76 0.76 0.76 0.76 0.76 0.76 0.76 0.76 0.76 0.76 0.76 0.76
  per-rule acc: 0.32 0.97 1.00
Epoch 3280 | Train: Loss=0.0009 Acc=100.0% | Test: Acc=83.6% | Best=86.0%(@2720)
  from x3: 0.83 0.84 0.84 0.84 0.84 0.84 0.84 0.84 0.84 0.84 0.84 0.84 0.84
  per-rule acc: 0.52 0.99 1.00
Epoch 3300 | Train: Loss=0.0016 Acc=100.0% | Test: Acc=80.1% | Best=86.0%(@2720)
  from x3: 0.79 0.80 0.80 0.80 0.80 0.80 0.80 0.80 0.80 0.80 0.80 0.80 0.80
  per-rule acc: 0.42 0.98 1.00
Epoch 3320 | Train: Loss=0.0013 Acc=100.0% | Test: Acc=78.7% | Best=86.0%(@2720)
  from x3: 0.78 0.79 0.79 0.79 0.79 0.79 0.79 0.79 0.79 0.79 0.79 0.79 0.79
  per-rule acc: 0.38 0.98 1.00
Epoch 3340 | Train: Loss=0.0010 Acc=100.0% | Test: Acc=78.1% | Best=86.0%(@2720)
  from x3: 0.77 0.78 0.78 0.78 0.78 0.78 0.78 0.78 0.78 0.78 0.78 0.78 0.78
  per-rule acc: 0.36 0.98 1.00
Epoch 3360 | Train: Loss=0.0007 Acc=100.0% | Test: Acc=77.7% | Best=86.0%(@2720)
  from x3: 0.77 0.78 0.78 0.78 0.78 0.78 0.78 0.78 0.78 0.78 0.78 0.78 0.78
  per-rule acc: 0.35 0.99 1.00
Epoch 3380 | Train: Loss=0.0011 Acc=100.0% | Test: Acc=82.5% | Best=86.0%(@2720)
  from x3: 0.82 0.83 0.83 0.83 0.83 0.83 0.83 0.83 0.83 0.83 0.83 0.83 0.83
  per-rule acc: 0.49 0.99 1.00
Epoch 3400 | Train: Loss=0.0015 Acc=100.0% | Test: Acc=79.6% | Best=86.0%(@2720)
  from x3: 0.79 0.80 0.80 0.80 0.80 0.80 0.80 0.80 0.80 0.80 0.80 0.80 0.80
  per-rule acc: 0.40 0.98 1.00
Epoch 3420 | Train: Loss=0.0012 Acc=100.0% | Test: Acc=78.5% | Best=86.0%(@2720)
  from x3: 0.78 0.79 0.79 0.79 0.79 0.79 0.79 0.79 0.79 0.79 0.79 0.79 0.79
  per-rule acc: 0.37 0.99 1.00
Epoch 3440 | Train: Loss=0.0009 Acc=100.0% | Test: Acc=77.9% | Best=86.0%(@2720)
  from x3: 0.77 0.78 0.78 0.78 0.78 0.78 0.78 0.78 0.78 0.78 0.78 0.78 0.78
  per-rule acc: 0.35 0.99 1.00
Epoch 3460 | Train: Loss=0.0007 Acc=100.0% | Test: Acc=77.4% | Best=86.0%(@2720)
  from x3: 0.77 0.77 0.77 0.77 0.77 0.77 0.77 0.77 0.77 0.77 0.77 0.77 0.77
  per-rule acc: 0.33 0.99 1.00
Epoch 3480 | Train: Loss=0.0005 Acc=100.0% | Test: Acc=77.1% | Best=86.0%(@2720)
  from x3: 0.77 0.77 0.77 0.77 0.77 0.77 0.77 0.77 0.77 0.77 0.77 0.77 0.77
  per-rule acc: 0.32 0.99 1.00
Epoch 3500 | Train: Loss=0.0010 Acc=100.0% | Test: Acc=83.8% | Best=86.0%(@2720)
  from x3: 0.83 0.84 0.84 0.84 0.84 0.84 0.84 0.84 0.84 0.84 0.84 0.84 0.84
  per-rule acc: 0.52 1.00 1.00
Epoch 3520 | Train: Loss=0.0017 Acc=100.0% | Test: Acc=80.6% | Best=86.0%(@2720)
  from x3: 0.80 0.81 0.81 0.81 0.81 0.81 0.81 0.81 0.81 0.81 0.81 0.81 0.81
  per-rule acc: 0.42 1.00 1.00
Epoch 3540 | Train: Loss=0.0013 Acc=100.0% | Test: Acc=79.2% | Best=86.0%(@2720)
  from x3: 0.79 0.79 0.79 0.79 0.79 0.79 0.79 0.79 0.79 0.79 0.79 0.79 0.79
  per-rule acc: 0.38 1.00 1.00
Epoch 3560 | Train: Loss=0.0010 Acc=100.0% | Test: Acc=78.5% | Best=86.0%(@2720)
  from x3: 0.78 0.79 0.79 0.79 0.79 0.79 0.79 0.79 0.79 0.79 0.79 0.79 0.79
  per-rule acc: 0.36 1.00 1.00
Epoch 3580 | Train: Loss=0.0007 Acc=100.0% | Test: Acc=78.2% | Best=86.0%(@2720)
  from x3: 0.77 0.78 0.78 0.78 0.78 0.78 0.78 0.78 0.78 0.78 0.78 0.78 0.78
  per-rule acc: 0.35 1.00 1.00
Epoch 3600 | Train: Loss=0.0006 Acc=100.0% | Test: Acc=77.7% | Best=86.0%(@2720)
  from x3: 0.77 0.78 0.78 0.78 0.78 0.78 0.78 0.78 0.78 0.78 0.78 0.78 0.78
  per-rule acc: 0.33 1.00 1.00
Epoch 3620 | Train: Loss=0.0006 Acc=100.0% | Test: Acc=85.4% | Best=86.0%(@2720)
  from x3: 0.85 0.85 0.85 0.85 0.85 0.85 0.85 0.85 0.85 0.85 0.85 0.85 0.85
  per-rule acc: 0.56 1.00 1.00
Epoch 3640 | Train: Loss=0.0015 Acc=100.0% | Test: Acc=82.3% | Best=86.0%(@2720)
  from x3: 0.81 0.82 0.82 0.82 0.82 0.82 0.82 0.82 0.82 0.82 0.82 0.82 0.82
  per-rule acc: 0.47 1.00 1.00
Epoch 3660 | Train: Loss=0.0014 Acc=100.0% | Test: Acc=80.2% | Best=86.0%(@2720)
  from x3: 0.79 0.80 0.80 0.80 0.80 0.80 0.80 0.80 0.80 0.80 0.80 0.80 0.80
  per-rule acc: 0.41 1.00 1.00
Epoch 3680 | Train: Loss=0.0011 Acc=100.0% | Test: Acc=79.0% | Best=86.0%(@2720)
  from x3: 0.78 0.79 0.79 0.79 0.79 0.79 0.79 0.79 0.79 0.79 0.79 0.79 0.79
  per-rule acc: 0.37 1.00 1.00
Epoch 3700 | Train: Loss=0.0004 Acc=100.0% | Test: Acc=85.3% | Best=86.0%(@2720)
  from x3: 0.85 0.85 0.85 0.85 0.85 0.85 0.85 0.85 0.85 0.85 0.85 0.85 0.85
  per-rule acc: 0.56 1.00 1.00
Epoch 3720 | Train: Loss=0.0015 Acc=100.0% | Test: Acc=81.5% | Best=86.0%(@2720)
  from x3: 0.81 0.82 0.82 0.82 0.82 0.82 0.82 0.82 0.82 0.82 0.82 0.82 0.82
  per-rule acc: 0.45 1.00 1.00
[Early stop] No improvement for 1000 consecutive epochs

==================================================
Saving model...
[OK] Model saved to: /home/cxm/ai/test0627-multitask-overlap/models/mixed_cond_d256l1_r16_n3_e50.pth
  File size: 9606.1 KB
  Best test accuracy: 86.05%

==================================================
Final generation test (given first two items, AB generates 3rd as prompt, validate from 4th)
==================================================

--- AB pair 1: (1, 1) ---

--- Statistics for AB=(1,1) ---
Exposed    samples:  1404 | In-dist: 18252/18252 (100.0%) | OOD: 22464/22464 (100.0%)
Unexposed  samples:  1405 | In-dist: 11858/18265 ( 64.9%) | OOD: 17136/22480 ( 76.2%)

--- AB pair 2: (1, 2) ---

--- Statistics for AB=(1,2) ---
Exposed    samples:  1404 | In-dist: 18252/18252 (100.0%) | OOD: 22464/22464 (100.0%)
Unexposed  samples:  1405 | In-dist: 18239/18265 ( 99.9%) | OOD: 22455/22480 ( 99.9%)

--- AB pair 3: (1, 3) ---

--- Statistics for AB=(1,3) ---
Exposed    samples:  1404 | In-dist: 18252/18252 (100.0%) | OOD: 22464/22464 (100.0%)
Unexposed  samples:  1405 | In-dist: 18265/18265 (100.0%) | OOD: 22480/22480 (100.0%)

--- Return code: 0 ---

======================================================================
Attention Analysis
======================================================================
Model config: addition (default), p=53
Best test accuracy: 0.8604617209599416
Training epochs: 3720

Random test sequence 1/5 (length 32): [8, 6, 14, 20, 34, 1, 35, 36, 18, 1, 19, 20, 39, 6, 45, 51, 43, 41, 31, 19]...

======================================================================
Attention Layer Training Result Summary
======================================================================
Input sequence: [8, 6, 14, 20, 34, 1, 35, 36, 18, 1, 19, 20, 39, 6, 45, 51, 43, 41, 31, 19, 50, 16, 13, 29, 42, 18, 7, 25, 32, 4, 36, 40]

--- Layer 0 ---
  Head 0: Entropy=0.594
    Attention coefficients from each query position to previous positions:
      i= 0 -> j=0:1.000
      i= 1 -> j=0:0.993, j=1:0.007
      i= 2 -> j=0:0.463, j=1:0.530, j=2:0.007
      i= 3 -> j=0:0.009, j=1:0.894, j=2:0.096, j=3:0.000
      i= 4 -> j=0:0.000, j=1:0.003, j=2:0.328, j=3:0.665, j=4:0.004
      i= 5 -> j=0:0.000, j=1:0.000, j=2:0.003, j=3:0.412, j=4:0.575, j=5:0.011
      i= 6 -> j=0:0.000, j=1:0.000, j=2:0.000, j=3:0.001, j=4:0.377, j=5:0.620, j=6:0.002
      i= 7 -> j=0:0.000, j=1:0.000, j=2:0.000, j=3:0.000, j=4:0.007, j=5:0.591, j=6:0.398, j=7:0.004
      i= 8 -> j=0:0.000, j=1:0.000, j=2:0.000, j=3:0.000, j=4:0.000, j=5:0.002, j=6:0.648, j=7:0.349, j=8:0.001
      i= 9 -> j=0:0.000, j=1:0.000, j=2:0.000, j=3:0.000, j=4:0.000, j=5:0.000, j=6:0.005, j=7:0.476, j=8:0.508, j=9:0.010
      i=10 -> j=0:0.000, j=1:0.000, j=2:0.000, j=3:0.000, j=4:0.000, j=5:0.000, j=6:0.000, j=7:0.001, j=8:0.296, j=9:0.699, j=10:0.004
      i=11 -> j=0:0.000, j=1:0.000, j=2:0.000, j=3:0.000, j=4:0.000, j=5:0.000, j=6:0.000, j=7:0.000, j=8:0.039, j=9:0.873, j=10:0.087, j=11:0.000
      i=12 -> j=0:0.000, j=1:0.000, j=2:0.000, j=3:0.000, j=4:0.000, j=5:0.000, j=6:0.000, j=7:0.000, j=8:0.000, j=9:0.004, j=10:0.630, j=11:0.365, j=12:0.001
      i=13 -> j=0:0.000, j=1:0.000, j=2:0.000, j=3:0.000, j=4:0.000, j=5:0.000, j=6:0.000, j=7:0.000, j=8:0.000, j=9:0.000, j=10:0.001, j=11:0.262, j=12:0.730, j=13:0.007
      i=14 -> j=0:0.000, j=1:0.000, j=2:0.000, j=3:0.000, j=4:0.000, j=5:0.000, j=6:0.000, j=7:0.000, j=8:0.000, j=9:0.000, j=10:0.000, j=11:0.002, j=12:0.615, j=13:0.374, j=14:0.009
      i=15 -> j=0:0.000, j=1:0.000, j=2:0.000, j=3:0.000, j=4:0.000, j=5:0.000, j=6:0.000, j=7:0.000, j=8:0.000, j=9:0.000, j=10:0.000, j=11:0.000, j=12:0.003, j=13:0.530, j=14:0.460, j=15:0.007
      i=16 -> j=0:0.000, j=1:0.000, j=2:0.000, j=3:0.000, j=4:0.000, j=5:0.000, j=6:0.000, j=7:0.000, j=8:0.000, j=9:0.000, j=10:0.000, j=11:0.000, j=12:0.000, j=13:0.000, j=14:0.059, j=15:0.908, j=16:0.033
      i=17 -> j=0:0.000, j=1:0.000, j=2:0.000, j=3:0.000, j=4:0.000, j=5:0.000, j=6:0.000, j=7:0.000, j=8:0.000, j=9:0.000, j=10:0.000, j=11:0.000, j=12:0.000, j=13:0.000, j=14:0.001, j=15:0.345, j=16:0.642, j=17:0.012
      i=18 -> j=0:0.000, j=1:0.000, j=2:0.000, j=3:0.000, j=4:0.000, j=5:0.000, j=6:0.000, j=7:0.000, j=8:0.000, j=9:0.000, j=10:0.000, j=11:0.000, j=12:0.000, j=13:0.000, j=14:0.000, j=15:0.000, j=16:0.241, j=17:0.753, j=18:0.006
      i=19 -> j=0:0.000, j=1:0.000, j=2:0.000, j=3:0.000, j=4:0.000, j=5:0.000, j=6:0.000, j=7:0.000, j=8:0.000, j=9:0.000, j=10:0.000, j=11:0.000, j=12:0.000, j=13:0.000, j=14:0.000, j=15:0.000, j=16:0.001, j=17:0.242, j=18:0.749, j=19:0.008
      i=20 -> j=0:0.000, j=1:0.000, j=2:0.000, j=3:0.000, j=4:0.000, j=5:0.000, j=6:0.000, j=7:0.000, j=8:0.000, j=9:0.000, j=10:0.000, j=11:0.000, j=12:0.000, j=13:0.000, j=14:0.000, j=15:0.000, j=16:0.000, j=17:0.000, j=18:0.224, j=19:0.760, j=20:0.016
      i=21 -> j=0:0.000, j=1:0.000, j=2:0.000, j=3:0.000, j=4:0.000, j=5:0.000, j=6:0.000, j=7:0.000, j=8:0.000, j=9:0.000, j=10:0.000, j=11:0.000, j=12:0.000, j=13:0.000, j=14:0.000, j=15:0.000, j=16:0.000, j=17:0.000, j=18:0.000, j=19:0.178, j=20:0.794, j=21:0.028
      i=22 -> j=0:0.000, j=1:0.000, j=2:0.000, j=3:0.000, j=4:0.000, j=5:0.000, j=6:0.000, j=7:0.000, j=8:0.000, j=9:0.000, j=10:0.000, j=11:0.000, j=12:0.000, j=13:0.000, j=14:0.000, j=15:0.000, j=16:0.000, j=17:0.000, j=18:0.000, j=19:0.000, j=20:0.218, j=21:0.759, j=22:0.023
      i=23 -> j=0:0.000, j=1:0.000, j=2:0.000, j=3:0.000, j=4:0.000, j=5:0.000, j=6:0.000, j=7:0.000, j=8:0.000, j=9:0.000, j=10:0.000, j=11:0.000, j=12:0.000, j=13:0.000, j=14:0.000, j=15:0.000, j=16:0.000, j=17:0.000, j=18:0.000, j=19:0.000, j=20:0.002, j=21:0.270, j=22:0.700, j=23:0.029
      i=24 -> j=0:0.000, j=1:0.000, j=2:0.000, j=3:0.000, j=4:0.000, j=5:0.000, j=6:0.000, j=7:0.000, j=8:0.000, j=9:0.000, j=10:0.000, j=11:0.000, j=12:0.000, j=13:0.000, j=14:0.000, j=15:0.000, j=16:0.000, j=17:0.000, j=18:0.000, j=19:0.000, j=20:0.000, j=21:0.001, j=22:0.231, j=23:0.758, j=24:0.010
      i=25 -> j=0:0.000, j=1:0.000, j=2:0.000, j=3:0.000, j=4:0.000, j=5:0.000, j=6:0.000, j=7:0.000, j=8:0.000, j=9:0.000, j=10:0.000, j=11:0.000, j=12:0.000, j=13:0.000, j=14:0.000, j=15:0.000, j=16:0.000, j=17:0.000, j=18:0.000, j=19:0.000, j=20:0.000, j=21:0.000, j=22:0.003, j=23:0.446, j=24:0.549, j=25:0.001
      i=26 -> j=0:0.000, j=1:0.000, j=2:0.000, j=3:0.000, j=4:0.000, j=5:0.000, j=6:0.000, j=7:0.000, j=8:0.000, j=9:0.000, j=10:0.000, j=11:0.000, j=12:0.000, j=13:0.000, j=14:0.000, j=15:0.000, j=16:0.000, j=17:0.000, j=18:0.000, j=19:0.000, j=20:0.000, j=21:0.000, j=22:0.000, j=23:0.000, j=24:0.078, j=25:0.827, j=26:0.095
      i=27 -> j=0:0.000, j=1:0.000, j=2:0.000, j=3:0.000, j=4:0.000, j=5:0.000, j=6:0.000, j=7:0.000, j=8:0.000, j=9:0.000, j=10:0.000, j=11:0.000, j=12:0.000, j=13:0.000, j=14:0.000, j=15:0.000, j=16:0.000, j=17:0.000, j=18:0.000, j=19:0.000, j=20:0.000, j=21:0.000, j=22:0.000, j=23:0.000, j=24:0.000, j=25:0.305, j=26:0.683, j=27:0.011
      i=28 -> j=0:0.000, j=1:0.000, j=2:0.000, j=3:0.000, j=4:0.000, j=5:0.000, j=6:0.000, j=7:0.000, j=8:0.000, j=9:0.000, j=10:0.000, j=11:0.000, j=12:0.000, j=13:0.000, j=14:0.000, j=15:0.000, j=16:0.000, j=17:0.000, j=18:0.000, j=19:0.000, j=20:0.000, j=21:0.000, j=22:0.000, j=23:0.000, j=24:0.000, j=25:0.000, j=26:0.067, j=27:0.885, j=28:0.047
      i=29 -> j=0:0.000, j=1:0.000, j=2:0.000, j=3:0.000, j=4:0.000, j=5:0.000, j=6:0.000, j=7:0.000, j=8:0.000, j=9:0.000, j=10:0.000, j=11:0.000, j=12:0.000, j=13:0.000, j=14:0.000, j=15:0.000, j=16:0.000, j=17:0.000, j=18:0.000, j=19:0.000, j=20:0.000, j=21:0.000, j=22:0.000, j=23:0.000, j=24:0.000, j=25:0.000, j=26:0.001, j=27:0.359, j=28:0.633, j=29:0.007
      i=30 -> j=0:0.000, j=1:0.000, j=2:0.000, j=3:0.000, j=4:0.000, j=5:0.000, j=6:0.000, j=7:0.000, j=8:0.000, j=9:0.000, j=10:0.000, j=11:0.000, j=12:0.000, j=13:0.000, j=14:0.000, j=15:0.000, j=16:0.000, j=17:0.000, j=18:0.000, j=19:0.000, j=20:0.000, j=21:0.000, j=22:0.000, j=23:0.000, j=24:0.000, j=25:0.000, j=26:0.000, j=27:0.001, j=28:0.261, j=29:0.735, j=30:0.003
      i=31 -> j=0:0.000, j=1:0.000, j=2:0.000, j=3:0.000, j=4:0.000, j=5:0.000, j=6:0.000, j=7:0.000, j=8:0.000, j=9:0.000, j=10:0.000, j=11:0.000, j=12:0.000, j=13:0.000, j=14:0.000, j=15:0.000, j=16:0.000, j=17:0.000, j=18:0.000, j=19:0.000, j=20:0.000, j=21:0.000, j=22:0.000, j=23:0.000, j=24:0.000, j=25:0.000, j=26:0.000, j=27:0.000, j=28:0.005, j=29:0.775, j=30:0.219, j=31:0.001
    Average attention per distance:
      d=0:0.044, d=1:0.607, d=2:0.390


======================================================================
QK Property Verification (Raw Scores, before Softmax)
======================================================================
Recurrence order init_len=2, num test sequences=1

--- [P1] Long-distance Orthogonality Verification ---
Ideal: raw_score mean ≈ 0 and small std when d > init_len

  Layer 0, Head 0:
    d= 1 (effective): mean= 12.406, std= 0.857, n=31
    d= 2 (effective): mean= 11.913, std= 0.568, n=30
    d>2 (long-distance): mean= -1.934, std= 3.414, n=435

--- [P2] Time-homogeneous Verification ---
Ideal: CV of raw_score across positions i ≈ 0 for fixed distance d
(CV = std / |mean|, smaller = more constant)

  Layer 0, Head 0:
    d= 1: mean= 12.406, std= 0.857, CV=0.069, n=31
    d= 2: mean= 11.913, std= 0.568, CV=0.048, n=30

======================================================================
QK Property Verification Completed
======================================================================
