=== Experiment: mixed_label_d128l1_r16_n3_e50 ===
Time: 2026-06-27T03:56:21.852496
Task type: mixed_ab
Merged config: {
  "P": 53,
  "TASK": "mixed_ab",
  "NUM_MASK": 0,
  "A": 1,
  "B": 1,
  "AB_PAIRS": [
    [
      1,
      1
    ],
    [
      1,
      2
    ],
    [
      1,
      3
    ]
  ],
  "D_MODEL": 128,
  "N_HEAD": 1,
  "N_LAYER": 1,
  "BATCH_SIZE": 128,
  "EPOCHS": 10000,
  "LR": 0.0003,
  "SAVE_PATH": "models/mixed_label_d128l1_r16_n3_e50.pth",
  "USE_GREEDY_GENERATE": true,
  "USE_LEARNABLE_PE": false,
  "MLP_RATIO": 16,
  "TRAIN_LEN": 16,
  "OOD_LEN": 32,
  "DROPOUT": 0.0,
  "TARGET_INIT_COVERAGE": 0.5,
  "MAX_UNIQUE_RATIO": 0.5,
  "WEIGHT_DECAY": 1,
  "ENTROPY_PENALTY_WEIGHT": 0.0,
  "FIRST_TASK_WEIGHT": 1.0,
  "RANDOM_SEED": 42,
  "EVAL_INTERVAL": 20,
  "EARLY_STOP_NO_IMPROVE": 1000,
  "EARLY_STOP_ACCURACY": 0.99,
  "USE_AB_TAG": true,
  "USE_CONDITIONAL_WTE": false,
  "COND_WTE_SHARED_RATIO": 0.0,
  "MIXED_AB_MAX_UNIQUE_RATIOS": [
    0.5,
    0.5,
    0.5
  ],
  "SKIP_FINAL_GENERATION_TEST": true
}
--- output ---
Using device: cuda

[Dataset] Mixed mode: generated 4212 + 4215 samples, length 16
AB parameter pairs: [(1, 1), (1, 2), (1, 3)]
  - AB=(1,1): train 1404 | test 1405 | exposed ~50.0%
  - AB=(1,2): train 1404 | test 1405 | exposed ~50.0%
  - AB=(1,3): train 1404 | test 1405 | exposed ~50.0%
--------------------------------------------------
[Model config] block_size: 32, train length: 16
[Number theory] AB parameter pairs: [(1, 1), (1, 2), (1, 3)]


Model parameters: 0.61M

Start training...
Epoch   0 | Train: Loss=4.4207 Acc=3.4% | Test: Acc=0.4% | Best=0.4%(@0)
  from x2: 0.01 0.01 0.01 0.00 0.00 0.00 0.00 0.00 0.00 0.00 0.00 0.00 0.00 0.00
  per-rule acc: 0.00 0.01 0.00
Epoch  20 | Train: Loss=0.5454 Acc=96.1% | Test: Acc=2.4% | Best=2.4%(@20)
  from x2: 0.02 0.02 0.02 0.02 0.02 0.02 0.02 0.02 0.02 0.02 0.02 0.02 0.02 0.02
  per-rule acc: 0.02 0.02 0.02
Epoch  40 | Train: Loss=0.1536 Acc=98.5% | Test: Acc=2.1% | Best=2.4%(@20)
  from x2: 0.02 0.02 0.02 0.02 0.02 0.02 0.02 0.02 0.02 0.02 0.02 0.02 0.02 0.02
  per-rule acc: 0.02 0.02 0.02
Epoch  60 | Train: Loss=0.0980 Acc=99.2% | Test: Acc=2.1% | Best=2.4%(@20)
  from x2: 0.02 0.02 0.02 0.02 0.02 0.02 0.02 0.02 0.02 0.02 0.02 0.02 0.02 0.02
  per-rule acc: 0.02 0.02 0.02
Epoch  80 | Train: Loss=0.0787 Acc=99.5% | Test: Acc=2.1% | Best=2.4%(@20)
  from x2: 0.02 0.02 0.02 0.02 0.02 0.02 0.02 0.02 0.02 0.02 0.02 0.02 0.02 0.02
  per-rule acc: 0.02 0.02 0.02
Epoch 100 | Train: Loss=0.0705 Acc=99.6% | Test: Acc=2.2% | Best=2.4%(@20)
  from x2: 0.02 0.02 0.02 0.02 0.02 0.02 0.02 0.02 0.02 0.02 0.02 0.02 0.02 0.02
  per-rule acc: 0.02 0.02 0.02
Epoch 120 | Train: Loss=0.0649 Acc=99.7% | Test: Acc=2.2% | Best=2.4%(@20)
  from x2: 0.02 0.02 0.02 0.02 0.02 0.02 0.02 0.02 0.02 0.02 0.02 0.02 0.02 0.02
  per-rule acc: 0.02 0.02 0.02
Epoch 140 | Train: Loss=0.0618 Acc=99.7% | Test: Acc=2.2% | Best=2.4%(@20)
  from x2: 0.02 0.02 0.02 0.02 0.02 0.02 0.02 0.02 0.02 0.02 0.02 0.02 0.02 0.02
  per-rule acc: 0.02 0.02 0.02
Epoch 160 | Train: Loss=0.0897 Acc=99.6% | Test: Acc=2.2% | Best=2.4%(@20)
  from x2: 0.02 0.02 0.02 0.02 0.02 0.02 0.02 0.02 0.02 0.02 0.02 0.02 0.02 0.02
  per-rule acc: 0.02 0.02 0.02
Epoch 180 | Train: Loss=0.0725 Acc=99.6% | Test: Acc=2.2% | Best=2.4%(@20)
  from x2: 0.02 0.02 0.02 0.02 0.02 0.02 0.02 0.02 0.02 0.02 0.02 0.02 0.02 0.02
  per-rule acc: 0.02 0.02 0.02
Epoch 200 | Train: Loss=0.0917 Acc=99.6% | Test: Acc=2.3% | Best=2.4%(@20)
  from x2: 0.02 0.02 0.02 0.02 0.02 0.02 0.02 0.02 0.02 0.02 0.02 0.02 0.02 0.02
  per-rule acc: 0.02 0.02 0.02
Epoch 220 | Train: Loss=0.0916 Acc=99.6% | Test: Acc=2.3% | Best=2.4%(@20)
  from x2: 0.02 0.02 0.02 0.02 0.02 0.02 0.02 0.02 0.02 0.02 0.02 0.02 0.02 0.02
  per-rule acc: 0.02 0.02 0.02
Epoch 240 | Train: Loss=0.0895 Acc=99.6% | Test: Acc=2.4% | Best=2.4%(@240)
  from x2: 0.02 0.03 0.02 0.02 0.02 0.02 0.02 0.02 0.02 0.02 0.02 0.02 0.02 0.02
  per-rule acc: 0.03 0.02 0.02
Epoch 260 | Train: Loss=0.0836 Acc=99.5% | Test: Acc=2.5% | Best=2.5%(@260)
  from x2: 0.02 0.03 0.03 0.03 0.03 0.03 0.03 0.03 0.03 0.03 0.03 0.03 0.03 0.03
  per-rule acc: 0.03 0.02 0.02
Epoch 280 | Train: Loss=0.0847 Acc=99.5% | Test: Acc=2.6% | Best=2.6%(@280)
  from x2: 0.02 0.03 0.03 0.03 0.03 0.03 0.03 0.03 0.03 0.03 0.03 0.03 0.03 0.03
  per-rule acc: 0.03 0.02 0.02
Epoch 300 | Train: Loss=0.0814 Acc=99.6% | Test: Acc=2.6% | Best=2.6%(@300)
  from x2: 0.03 0.03 0.03 0.03 0.03 0.03 0.03 0.03 0.03 0.03 0.03 0.03 0.03 0.03
  per-rule acc: 0.03 0.02 0.02
Epoch 320 | Train: Loss=0.0774 Acc=99.5% | Test: Acc=2.6% | Best=2.6%(@300)
  from x2: 0.02 0.03 0.03 0.03 0.03 0.03 0.03 0.03 0.03 0.03 0.03 0.03 0.03 0.03
  per-rule acc: 0.03 0.02 0.02
Epoch 340 | Train: Loss=0.0698 Acc=99.6% | Test: Acc=2.8% | Best=2.8%(@340)
  from x2: 0.03 0.03 0.03 0.03 0.03 0.03 0.03 0.03 0.03 0.03 0.03 0.03 0.03 0.03
  per-rule acc: 0.04 0.02 0.02
Epoch 360 | Train: Loss=0.0639 Acc=99.7% | Test: Acc=2.9% | Best=2.9%(@360)
  from x2: 0.03 0.03 0.03 0.03 0.03 0.03 0.03 0.03 0.03 0.03 0.03 0.03 0.03 0.03
  per-rule acc: 0.03 0.03 0.03
Epoch 380 | Train: Loss=0.0575 Acc=99.7% | Test: Acc=3.1% | Best=3.1%(@380)
  from x2: 0.03 0.03 0.03 0.03 0.03 0.03 0.03 0.03 0.03 0.03 0.03 0.03 0.03 0.03
  per-rule acc: 0.04 0.03 0.03
Epoch 400 | Train: Loss=0.0553 Acc=99.7% | Test: Acc=3.1% | Best=3.1%(@400)
  from x2: 0.03 0.03 0.03 0.03 0.03 0.03 0.03 0.03 0.03 0.03 0.03 0.03 0.03 0.03
  per-rule acc: 0.04 0.03 0.03
Epoch 420 | Train: Loss=0.0593 Acc=99.6% | Test: Acc=3.3% | Best=3.3%(@420)
  from x2: 0.03 0.03 0.03 0.03 0.03 0.03 0.03 0.03 0.03 0.03 0.03 0.03 0.03 0.03
  per-rule acc: 0.04 0.03 0.03
Epoch 440 | Train: Loss=0.0486 Acc=99.7% | Test: Acc=3.7% | Best=3.7%(@440)
  from x2: 0.03 0.04 0.04 0.04 0.04 0.04 0.04 0.04 0.04 0.04 0.04 0.04 0.04 0.04
  per-rule acc: 0.05 0.04 0.03
Epoch 460 | Train: Loss=0.0492 Acc=99.8% | Test: Acc=4.2% | Best=4.2%(@460)
  from x2: 0.04 0.04 0.04 0.04 0.04 0.04 0.04 0.04 0.04 0.04 0.04 0.04 0.04 0.04
  per-rule acc: 0.05 0.05 0.03
Epoch 480 | Train: Loss=0.0419 Acc=99.8% | Test: Acc=4.3% | Best=4.3%(@480)
  from x2: 0.04 0.05 0.05 0.05 0.04 0.04 0.04 0.04 0.04 0.04 0.04 0.04 0.04 0.04
  per-rule acc: 0.05 0.04 0.03
Epoch 500 | Train: Loss=0.0422 Acc=99.8% | Test: Acc=4.6% | Best=4.6%(@500)
  from x2: 0.04 0.04 0.05 0.05 0.05 0.05 0.05 0.05 0.05 0.05 0.05 0.05 0.05 0.05
  per-rule acc: 0.06 0.05 0.03
Epoch 520 | Train: Loss=0.0442 Acc=99.7% | Test: Acc=4.8% | Best=4.8%(@520)
  from x2: 0.04 0.05 0.05 0.05 0.05 0.05 0.05 0.05 0.05 0.05 0.05 0.05 0.05 0.05
  per-rule acc: 0.06 0.05 0.03
Epoch 540 | Train: Loss=0.0417 Acc=99.8% | Test: Acc=5.4% | Best=5.4%(@540)
  from x2: 0.05 0.06 0.06 0.05 0.06 0.05 0.05 0.05 0.05 0.05 0.05 0.05 0.05 0.05
  per-rule acc: 0.07 0.07 0.03
Epoch 560 | Train: Loss=0.0433 Acc=100.0% | Test: Acc=5.8% | Best=5.8%(@560)
  from x2: 0.05 0.06 0.06 0.06 0.06 0.06 0.06 0.06 0.06 0.06 0.06 0.06 0.06 0.06
  per-rule acc: 0.07 0.07 0.03
Epoch 580 | Train: Loss=0.0364 Acc=99.8% | Test: Acc=6.0% | Best=6.0%(@580)
  from x2: 0.06 0.06 0.06 0.06 0.06 0.06 0.06 0.06 0.06 0.06 0.06 0.06 0.06 0.06
  per-rule acc: 0.07 0.08 0.03
Epoch 600 | Train: Loss=0.0462 Acc=99.9% | Test: Acc=6.2% | Best=6.2%(@600)
  from x2: 0.06 0.06 0.06 0.06 0.06 0.06 0.06 0.06 0.06 0.06 0.06 0.06 0.06 0.06
  per-rule acc: 0.08 0.07 0.03
Epoch 620 | Train: Loss=0.0290 Acc=99.9% | Test: Acc=6.4% | Best=6.4%(@620)
  from x2: 0.06 0.06 0.07 0.06 0.06 0.07 0.06 0.06 0.06 0.07 0.07 0.07 0.07 0.07
  per-rule acc: 0.09 0.08 0.03
Epoch 640 | Train: Loss=0.0327 Acc=99.9% | Test: Acc=7.3% | Best=7.3%(@640)
  from x2: 0.07 0.07 0.07 0.07 0.07 0.07 0.07 0.07 0.07 0.07 0.07 0.07 0.07 0.07
  per-rule acc: 0.10 0.09 0.03
Epoch 660 | Train: Loss=0.0429 Acc=99.9% | Test: Acc=7.0% | Best=7.3%(@640)
  from x2: 0.06 0.07 0.07 0.07 0.07 0.07 0.07 0.07 0.07 0.07 0.07 0.07 0.07 0.07
  per-rule acc: 0.11 0.07 0.03
Epoch 680 | Train: Loss=0.0307 Acc=99.9% | Test: Acc=7.5% | Best=7.5%(@680)
  from x2: 0.07 0.07 0.08 0.08 0.08 0.08 0.08 0.08 0.08 0.07 0.08 0.08 0.08 0.08
  per-rule acc: 0.11 0.08 0.03
Epoch 700 | Train: Loss=0.0243 Acc=99.9% | Test: Acc=7.5% | Best=7.5%(@700)
  from x2: 0.07 0.07 0.08 0.08 0.08 0.08 0.08 0.07 0.08 0.08 0.08 0.08 0.08 0.08
  per-rule acc: 0.12 0.08 0.03
Epoch 720 | Train: Loss=0.0312 Acc=99.9% | Test: Acc=7.6% | Best=7.6%(@720)
  from x2: 0.06 0.07 0.08 0.08 0.08 0.08 0.08 0.08 0.08 0.08 0.08 0.08 0.08 0.08
  per-rule acc: 0.11 0.09 0.03
Epoch 740 | Train: Loss=0.0267 Acc=99.9% | Test: Acc=7.3% | Best=7.6%(@720)
  from x2: 0.06 0.07 0.07 0.07 0.07 0.07 0.07 0.07 0.07 0.07 0.07 0.07 0.07 0.07
  per-rule acc: 0.11 0.07 0.03
Epoch 760 | Train: Loss=0.0298 Acc=99.9% | Test: Acc=7.4% | Best=7.6%(@720)
  from x2: 0.06 0.07 0.07 0.07 0.07 0.07 0.08 0.07 0.07 0.07 0.07 0.07 0.07 0.07
  per-rule acc: 0.12 0.08 0.03
Epoch 780 | Train: Loss=0.0316 Acc=99.9% | Test: Acc=7.6% | Best=7.6%(@720)
  from x2: 0.06 0.07 0.08 0.08 0.08 0.08 0.08 0.08 0.08 0.08 0.08 0.08 0.08 0.08
  per-rule acc: 0.12 0.08 0.03
Epoch 800 | Train: Loss=0.0338 Acc=100.0% | Test: Acc=7.4% | Best=7.6%(@720)
  from x2: 0.06 0.07 0.07 0.07 0.07 0.08 0.08 0.07 0.08 0.08 0.08 0.08 0.08 0.08
  per-rule acc: 0.12 0.07 0.03
Epoch 820 | Train: Loss=0.0264 Acc=99.9% | Test: Acc=7.5% | Best=7.6%(@720)
  from x2: 0.06 0.07 0.07 0.08 0.08 0.08 0.08 0.08 0.08 0.07 0.08 0.08 0.08 0.08
  per-rule acc: 0.12 0.08 0.03
Epoch 840 | Train: Loss=0.0328 Acc=100.0% | Test: Acc=7.5% | Best=7.6%(@720)
  from x2: 0.06 0.07 0.08 0.08 0.08 0.08 0.08 0.08 0.08 0.08 0.08 0.08 0.08 0.08
  per-rule acc: 0.12 0.07 0.03
Epoch 860 | Train: Loss=0.0220 Acc=99.9% | Test: Acc=7.6% | Best=7.6%(@860)
  from x2: 0.06 0.07 0.08 0.08 0.08 0.08 0.08 0.08 0.08 0.08 0.08 0.08 0.08 0.08
  per-rule acc: 0.13 0.07 0.03
Epoch 880 | Train: Loss=0.0262 Acc=99.9% | Test: Acc=7.5% | Best=7.6%(@860)
  from x2: 0.06 0.07 0.08 0.08 0.08 0.08 0.08 0.08 0.08 0.08 0.08 0.08 0.08 0.08
  per-rule acc: 0.13 0.07 0.03
Epoch 900 | Train: Loss=0.0347 Acc=100.0% | Test: Acc=7.6% | Best=7.6%(@860)
  from x2: 0.06 0.07 0.08 0.08 0.08 0.08 0.08 0.08 0.08 0.08 0.08 0.08 0.08 0.08
  per-rule acc: 0.13 0.07 0.03
Epoch 920 | Train: Loss=0.0285 Acc=99.9% | Test: Acc=7.5% | Best=7.6%(@860)
  from x2: 0.06 0.08 0.08 0.08 0.08 0.08 0.08 0.08 0.08 0.08 0.08 0.08 0.08 0.08
  per-rule acc: 0.13 0.07 0.03
Epoch 940 | Train: Loss=0.0260 Acc=99.9% | Test: Acc=7.7% | Best=7.7%(@940)
  from x2: 0.06 0.07 0.08 0.08 0.08 0.08 0.08 0.08 0.08 0.08 0.08 0.08 0.08 0.08
  per-rule acc: 0.13 0.07 0.03
Epoch 960 | Train: Loss=0.0376 Acc=100.0% | Test: Acc=7.7% | Best=7.7%(@960)
  from x2: 0.07 0.08 0.08 0.08 0.08 0.08 0.08 0.08 0.08 0.08 0.08 0.08 0.08 0.08
  per-rule acc: 0.14 0.07 0.03
Epoch 980 | Train: Loss=0.0229 Acc=99.9% | Test: Acc=7.9% | Best=7.9%(@980)
  from x2: 0.07 0.08 0.08 0.08 0.08 0.08 0.08 0.08 0.08 0.08 0.08 0.08 0.08 0.08
  per-rule acc: 0.13 0.07 0.04
Epoch 1000 | Train: Loss=0.0263 Acc=99.9% | Test: Acc=8.0% | Best=8.0%(@1000)
  from x2: 0.07 0.08 0.08 0.08 0.08 0.08 0.08 0.08 0.08 0.08 0.08 0.08 0.08 0.08
  per-rule acc: 0.14 0.06 0.04
Epoch 1020 | Train: Loss=0.0297 Acc=99.9% | Test: Acc=8.0% | Best=8.0%(@1000)
  from x2: 0.07 0.08 0.08 0.08 0.08 0.08 0.08 0.08 0.08 0.08 0.08 0.08 0.08 0.08
  per-rule acc: 0.14 0.06 0.03
Epoch 1040 | Train: Loss=0.0219 Acc=99.9% | Test: Acc=7.9% | Best=8.0%(@1000)
  from x2: 0.07 0.08 0.08 0.08 0.08 0.08 0.08 0.08 0.08 0.08 0.08 0.08 0.08 0.08
  per-rule acc: 0.14 0.06 0.04
Epoch 1060 | Train: Loss=0.0209 Acc=100.0% | Test: Acc=8.3% | Best=8.3%(@1060)
  from x2: 0.06 0.08 0.08 0.08 0.08 0.08 0.08 0.08 0.08 0.08 0.08 0.08 0.08 0.08
  per-rule acc: 0.15 0.06 0.04
Epoch 1080 | Train: Loss=0.0228 Acc=99.9% | Test: Acc=7.9% | Best=8.3%(@1060)
  from x2: 0.07 0.08 0.08 0.08 0.08 0.08 0.08 0.08 0.08 0.08 0.08 0.08 0.08 0.08
  per-rule acc: 0.14 0.06 0.03
Epoch 1100 | Train: Loss=0.0199 Acc=100.0% | Test: Acc=8.3% | Best=8.3%(@1100)
  from x2: 0.07 0.08 0.08 0.08 0.08 0.08 0.08 0.08 0.08 0.08 0.08 0.08 0.08 0.08
  per-rule acc: 0.15 0.06 0.03
Epoch 1120 | Train: Loss=0.0283 Acc=100.0% | Test: Acc=8.2% | Best=8.3%(@1100)
  from x2: 0.07 0.08 0.08 0.08 0.08 0.08 0.08 0.08 0.08 0.08 0.08 0.08 0.08 0.08
  per-rule acc: 0.15 0.06 0.03
Epoch 1140 | Train: Loss=0.0217 Acc=99.9% | Test: Acc=8.2% | Best=8.3%(@1100)
  from x2: 0.07 0.08 0.08 0.08 0.08 0.08 0.08 0.08 0.08 0.08 0.08 0.08 0.08 0.08
  per-rule acc: 0.14 0.07 0.03
Epoch 1160 | Train: Loss=0.0229 Acc=99.9% | Test: Acc=8.2% | Best=8.3%(@1100)
  from x2: 0.07 0.08 0.08 0.08 0.08 0.08 0.08 0.08 0.08 0.08 0.08 0.08 0.08 0.08
  per-rule acc: 0.15 0.06 0.04
Epoch 1180 | Train: Loss=0.0269 Acc=100.0% | Test: Acc=8.3% | Best=8.3%(@1180)
  from x2: 0.07 0.08 0.08 0.08 0.08 0.08 0.08 0.08 0.08 0.08 0.08 0.08 0.08 0.08
  per-rule acc: 0.15 0.06 0.04
Epoch 1200 | Train: Loss=0.0318 Acc=99.9% | Test: Acc=8.0% | Best=8.3%(@1180)
  from x2: 0.07 0.08 0.08 0.08 0.08 0.08 0.08 0.08 0.08 0.08 0.08 0.08 0.08 0.08
  per-rule acc: 0.15 0.06 0.03
Epoch 1220 | Train: Loss=0.0215 Acc=100.0% | Test: Acc=8.0% | Best=8.3%(@1180)
  from x2: 0.07 0.08 0.08 0.08 0.08 0.08 0.08 0.08 0.08 0.08 0.08 0.08 0.08 0.08
  per-rule acc: 0.15 0.06 0.03
Epoch 1240 | Train: Loss=0.0233 Acc=100.0% | Test: Acc=8.6% | Best=8.6%(@1240)
  from x2: 0.07 0.08 0.09 0.09 0.09 0.09 0.09 0.09 0.09 0.09 0.09 0.09 0.09 0.09
  per-rule acc: 0.16 0.07 0.03
Epoch 1260 | Train: Loss=0.0398 Acc=100.0% | Test: Acc=8.4% | Best=8.6%(@1240)
  from x2: 0.07 0.08 0.09 0.09 0.09 0.09 0.08 0.09 0.08 0.08 0.08 0.08 0.08 0.08
  per-rule acc: 0.16 0.06 0.04
Epoch 1280 | Train: Loss=0.0273 Acc=100.0% | Test: Acc=8.6% | Best=8.6%(@1280)
  from x2: 0.07 0.08 0.09 0.09 0.09 0.09 0.09 0.09 0.09 0.09 0.09 0.09 0.09 0.09
  per-rule acc: 0.16 0.07 0.04
Epoch 1300 | Train: Loss=0.0184 Acc=100.0% | Test: Acc=8.5% | Best=8.6%(@1280)
  from x2: 0.07 0.08 0.08 0.08 0.08 0.09 0.09 0.09 0.09 0.09 0.09 0.09 0.09 0.09
  per-rule acc: 0.16 0.06 0.04
Epoch 1320 | Train: Loss=0.0299 Acc=99.9% | Test: Acc=7.6% | Best=8.6%(@1280)
  from x2: 0.06 0.07 0.08 0.08 0.08 0.08 0.08 0.08 0.08 0.08 0.08 0.08 0.08 0.08
  per-rule acc: 0.14 0.06 0.03
Epoch 1340 | Train: Loss=0.0118 Acc=100.0% | Test: Acc=8.6% | Best=8.6%(@1280)
  from x2: 0.07 0.08 0.09 0.09 0.09 0.09 0.09 0.09 0.09 0.09 0.09 0.09 0.09 0.09
  per-rule acc: 0.16 0.06 0.04
Epoch 1360 | Train: Loss=0.0304 Acc=99.9% | Test: Acc=8.4% | Best=8.6%(@1280)
  from x2: 0.07 0.08 0.08 0.09 0.08 0.08 0.09 0.09 0.09 0.08 0.09 0.09 0.09 0.09
  per-rule acc: 0.15 0.06 0.03
Epoch 1380 | Train: Loss=0.0260 Acc=100.0% | Test: Acc=8.7% | Best=8.7%(@1380)
  from x2: 0.07 0.08 0.09 0.09 0.09 0.09 0.09 0.09 0.09 0.09 0.09 0.09 0.09 0.09
  per-rule acc: 0.16 0.06 0.03
Epoch 1400 | Train: Loss=0.0184 Acc=99.9% | Test: Acc=7.9% | Best=8.7%(@1380)
  from x2: 0.06 0.08 0.08 0.08 0.08 0.08 0.08 0.08 0.08 0.08 0.08 0.08 0.08 0.08
  per-rule acc: 0.14 0.06 0.03
Epoch 1420 | Train: Loss=0.0243 Acc=99.9% | Test: Acc=8.5% | Best=8.7%(@1380)
  from x2: 0.07 0.08 0.08 0.09 0.08 0.09 0.09 0.09 0.09 0.09 0.09 0.09 0.09 0.09
  per-rule acc: 0.16 0.06 0.04
Epoch 1440 | Train: Loss=0.0357 Acc=100.0% | Test: Acc=8.5% | Best=8.7%(@1380)
  from x2: 0.07 0.08 0.09 0.09 0.09 0.09 0.09 0.09 0.09 0.09 0.09 0.09 0.09 0.09
  per-rule acc: 0.16 0.06 0.03
Epoch 1460 | Train: Loss=0.0322 Acc=100.0% | Test: Acc=8.5% | Best=8.7%(@1380)
  from x2: 0.07 0.08 0.09 0.09 0.09 0.09 0.09 0.09 0.09 0.09 0.08 0.08 0.09 0.09
  per-rule acc: 0.16 0.06 0.03
Epoch 1480 | Train: Loss=0.0195 Acc=100.0% | Test: Acc=8.4% | Best=8.7%(@1380)
  from x2: 0.07 0.08 0.09 0.09 0.09 0.09 0.09 0.09 0.09 0.09 0.09 0.09 0.09 0.09
  per-rule acc: 0.16 0.06 0.03
Epoch 1500 | Train: Loss=0.0304 Acc=100.0% | Test: Acc=8.6% | Best=8.7%(@1380)
  from x2: 0.07 0.09 0.09 0.09 0.09 0.09 0.09 0.09 0.09 0.09 0.09 0.09 0.09 0.09
  per-rule acc: 0.16 0.06 0.03
Epoch 1520 | Train: Loss=0.0205 Acc=99.9% | Test: Acc=8.4% | Best=8.7%(@1380)
  from x2: 0.07 0.08 0.08 0.08 0.08 0.08 0.08 0.08 0.08 0.08 0.08 0.09 0.09 0.09
  per-rule acc: 0.15 0.07 0.03
Epoch 1540 | Train: Loss=0.0329 Acc=100.0% | Test: Acc=8.7% | Best=8.7%(@1540)
  from x2: 0.08 0.08 0.09 0.09 0.09 0.09 0.09 0.09 0.09 0.09 0.09 0.09 0.09 0.09
  per-rule acc: 0.17 0.05 0.04
Epoch 1560 | Train: Loss=0.0213 Acc=100.0% | Test: Acc=8.5% | Best=8.7%(@1540)
  from x2: 0.07 0.08 0.09 0.09 0.09 0.09 0.09 0.09 0.09 0.09 0.09 0.09 0.09 0.09
  per-rule acc: 0.15 0.06 0.04
Epoch 1580 | Train: Loss=0.0308 Acc=100.0% | Test: Acc=8.5% | Best=8.7%(@1540)
  from x2: 0.07 0.08 0.09 0.09 0.09 0.09 0.09 0.09 0.09 0.09 0.09 0.09 0.09 0.09
  per-rule acc: 0.16 0.06 0.03
Epoch 1600 | Train: Loss=0.0234 Acc=99.9% | Test: Acc=8.0% | Best=8.7%(@1540)
  from x2: 0.07 0.08 0.08 0.08 0.08 0.08 0.08 0.08 0.08 0.08 0.08 0.08 0.08 0.08
  per-rule acc: 0.15 0.06 0.03
Epoch 1620 | Train: Loss=0.0344 Acc=100.0% | Test: Acc=8.6% | Best=8.7%(@1540)
  from x2: 0.07 0.08 0.09 0.08 0.09 0.09 0.09 0.09 0.09 0.09 0.09 0.09 0.09 0.09
  per-rule acc: 0.16 0.07 0.03
Epoch 1640 | Train: Loss=0.0191 Acc=100.0% | Test: Acc=8.6% | Best=8.7%(@1540)
  from x2: 0.07 0.08 0.09 0.09 0.09 0.09 0.09 0.09 0.09 0.09 0.09 0.09 0.09 0.09
  per-rule acc: 0.16 0.06 0.04
Epoch 1660 | Train: Loss=0.0216 Acc=100.0% | Test: Acc=8.6% | Best=8.7%(@1540)
  from x2: 0.07 0.08 0.09 0.09 0.09 0.09 0.09 0.09 0.09 0.09 0.09 0.09 0.09 0.09
  per-rule acc: 0.16 0.06 0.04
Epoch 1680 | Train: Loss=0.0257 Acc=99.9% | Test: Acc=8.6% | Best=8.7%(@1540)
  from x2: 0.07 0.08 0.09 0.09 0.09 0.09 0.09 0.09 0.09 0.09 0.09 0.09 0.09 0.09
  per-rule acc: 0.16 0.06 0.04
Epoch 1700 | Train: Loss=0.0185 Acc=100.0% | Test: Acc=8.3% | Best=8.7%(@1540)
  from x2: 0.07 0.08 0.08 0.08 0.08 0.08 0.08 0.08 0.08 0.08 0.08 0.08 0.08 0.08
  per-rule acc: 0.15 0.07 0.03
Epoch 1720 | Train: Loss=0.0258 Acc=99.9% | Test: Acc=8.5% | Best=8.7%(@1540)
  from x2: 0.07 0.08 0.08 0.09 0.09 0.09 0.09 0.09 0.09 0.09 0.09 0.09 0.09 0.09
  per-rule acc: 0.16 0.06 0.04
Epoch 1740 | Train: Loss=0.0245 Acc=99.9% | Test: Acc=8.1% | Best=8.7%(@1540)
  from x2: 0.06 0.08 0.08 0.08 0.08 0.08 0.08 0.08 0.08 0.08 0.08 0.08 0.08 0.08
  per-rule acc: 0.15 0.06 0.04
Epoch 1760 | Train: Loss=0.0120 Acc=100.0% | Test: Acc=8.8% | Best=8.8%(@1760)
  from x2: 0.08 0.09 0.09 0.09 0.09 0.09 0.09 0.09 0.09 0.09 0.09 0.09 0.09 0.09
  per-rule acc: 0.16 0.07 0.04
Epoch 1780 | Train: Loss=0.0280 Acc=99.9% | Test: Acc=8.6% | Best=8.8%(@1760)
  from x2: 0.07 0.09 0.09 0.09 0.09 0.09 0.09 0.09 0.09 0.09 0.09 0.09 0.09 0.09
  per-rule acc: 0.16 0.06 0.04
Epoch 1800 | Train: Loss=0.0131 Acc=100.0% | Test: Acc=8.4% | Best=8.8%(@1760)
  from x2: 0.07 0.08 0.09 0.08 0.09 0.09 0.09 0.09 0.09 0.08 0.09 0.09 0.09 0.09
  per-rule acc: 0.15 0.06 0.04
Epoch 1820 | Train: Loss=0.0315 Acc=100.0% | Test: Acc=8.2% | Best=8.8%(@1760)
  from x2: 0.07 0.08 0.08 0.08 0.08 0.08 0.08 0.08 0.08 0.08 0.08 0.08 0.08 0.08
  per-rule acc: 0.15 0.06 0.03
Epoch 1840 | Train: Loss=0.0214 Acc=99.9% | Test: Acc=8.6% | Best=8.8%(@1760)
  from x2: 0.07 0.08 0.09 0.09 0.09 0.09 0.09 0.09 0.09 0.09 0.09 0.09 0.09 0.09
  per-rule acc: 0.16 0.06 0.04
Epoch 1860 | Train: Loss=0.0216 Acc=100.0% | Test: Acc=8.7% | Best=8.8%(@1760)
  from x2: 0.07 0.09 0.09 0.09 0.09 0.09 0.09 0.09 0.09 0.09 0.09 0.09 0.09 0.09
  per-rule acc: 0.16 0.07 0.04
Epoch 1880 | Train: Loss=0.0197 Acc=99.9% | Test: Acc=8.5% | Best=8.8%(@1760)
  from x2: 0.07 0.08 0.09 0.08 0.09 0.09 0.09 0.09 0.09 0.09 0.09 0.09 0.09 0.09
  per-rule acc: 0.15 0.07 0.04
Epoch 1900 | Train: Loss=0.0293 Acc=100.0% | Test: Acc=8.5% | Best=8.8%(@1760)
  from x2: 0.07 0.08 0.09 0.08 0.08 0.09 0.09 0.09 0.09 0.09 0.09 0.09 0.09 0.09
  per-rule acc: 0.16 0.06 0.04
Epoch 1920 | Train: Loss=0.0218 Acc=99.9% | Test: Acc=8.4% | Best=8.8%(@1760)
  from x2: 0.07 0.09 0.08 0.08 0.09 0.08 0.08 0.08 0.09 0.09 0.09 0.09 0.09 0.08
  per-rule acc: 0.16 0.06 0.04
Epoch 1940 | Train: Loss=0.0174 Acc=100.0% | Test: Acc=8.7% | Best=8.8%(@1760)
  from x2: 0.07 0.08 0.09 0.09 0.09 0.09 0.09 0.09 0.09 0.09 0.09 0.09 0.09 0.09
  per-rule acc: 0.16 0.06 0.03
Epoch 1960 | Train: Loss=0.0310 Acc=100.0% | Test: Acc=8.1% | Best=8.8%(@1760)
  from x2: 0.07 0.08 0.08 0.08 0.08 0.08 0.08 0.08 0.08 0.08 0.08 0.08 0.08 0.08
  per-rule acc: 0.15 0.05 0.03
Epoch 1980 | Train: Loss=0.0223 Acc=99.9% | Test: Acc=8.2% | Best=8.8%(@1760)
  from x2: 0.07 0.08 0.08 0.08 0.08 0.08 0.08 0.09 0.08 0.08 0.08 0.08 0.08 0.08
  per-rule acc: 0.15 0.06 0.04
Epoch 2000 | Train: Loss=0.0232 Acc=100.0% | Test: Acc=8.3% | Best=8.8%(@1760)
  from x2: 0.07 0.08 0.08 0.08 0.08 0.08 0.08 0.08 0.08 0.08 0.08 0.09 0.08 0.08
  per-rule acc: 0.16 0.06 0.03
Epoch 2020 | Train: Loss=0.0183 Acc=99.9% | Test: Acc=8.2% | Best=8.8%(@1760)
  from x2: 0.07 0.08 0.08 0.08 0.08 0.08 0.08 0.08 0.08 0.08 0.08 0.08 0.08 0.08
  per-rule acc: 0.15 0.06 0.04
Epoch 2040 | Train: Loss=0.0330 Acc=99.9% | Test: Acc=8.6% | Best=8.8%(@1760)
  from x2: 0.07 0.08 0.09 0.09 0.09 0.09 0.09 0.09 0.09 0.09 0.09 0.09 0.09 0.09
  per-rule acc: 0.16 0.06 0.04
Epoch 2060 | Train: Loss=0.0204 Acc=99.9% | Test: Acc=8.7% | Best=8.8%(@1760)
  from x2: 0.07 0.09 0.09 0.09 0.09 0.09 0.09 0.09 0.09 0.09 0.09 0.09 0.09 0.09
  per-rule acc: 0.16 0.06 0.04
Epoch 2080 | Train: Loss=0.0193 Acc=100.0% | Test: Acc=8.2% | Best=8.8%(@1760)
  from x2: 0.07 0.08 0.08 0.08 0.08 0.08 0.08 0.08 0.08 0.08 0.08 0.08 0.08 0.08
  per-rule acc: 0.15 0.06 0.03
Epoch 2100 | Train: Loss=0.0260 Acc=100.0% | Test: Acc=8.6% | Best=8.8%(@1760)
  from x2: 0.08 0.09 0.09 0.09 0.09 0.09 0.09 0.09 0.09 0.09 0.09 0.09 0.09 0.09
  per-rule acc: 0.17 0.06 0.03
Epoch 2120 | Train: Loss=0.0201 Acc=99.9% | Test: Acc=8.8% | Best=8.8%(@2120)
  from x2: 0.07 0.09 0.09 0.09 0.09 0.09 0.09 0.09 0.09 0.09 0.09 0.09 0.09 0.09
  per-rule acc: 0.17 0.06 0.03
Epoch 2140 | Train: Loss=0.0272 Acc=100.0% | Test: Acc=8.5% | Best=8.8%(@2120)
  from x2: 0.07 0.08 0.09 0.08 0.09 0.09 0.09 0.09 0.09 0.09 0.09 0.09 0.09 0.09
  per-rule acc: 0.16 0.06 0.04
Epoch 2160 | Train: Loss=0.0152 Acc=100.0% | Test: Acc=8.9% | Best=8.9%(@2160)
  from x2: 0.07 0.09 0.09 0.09 0.09 0.09 0.09 0.09 0.09 0.09 0.09 0.09 0.09 0.09
  per-rule acc: 0.17 0.06 0.04
Epoch 2180 | Train: Loss=0.0258 Acc=100.0% | Test: Acc=8.4% | Best=8.9%(@2160)
  from x2: 0.07 0.08 0.08 0.09 0.09 0.08 0.09 0.09 0.09 0.09 0.09 0.09 0.09 0.09
  per-rule acc: 0.16 0.06 0.04
Epoch 2200 | Train: Loss=0.0316 Acc=100.0% | Test: Acc=8.4% | Best=8.9%(@2160)
  from x2: 0.07 0.08 0.08 0.08 0.08 0.08 0.08 0.09 0.09 0.08 0.09 0.09 0.09 0.09
  per-rule acc: 0.16 0.06 0.04
Epoch 2220 | Train: Loss=0.0227 Acc=100.0% | Test: Acc=8.8% | Best=8.9%(@2160)
  from x2: 0.08 0.09 0.09 0.09 0.09 0.09 0.09 0.09 0.09 0.09 0.09 0.09 0.09 0.09
  per-rule acc: 0.17 0.06 0.04
Epoch 2240 | Train: Loss=0.0189 Acc=99.9% | Test: Acc=8.6% | Best=8.9%(@2160)
  from x2: 0.07 0.08 0.09 0.09 0.09 0.09 0.09 0.09 0.09 0.09 0.09 0.09 0.09 0.09
  per-rule acc: 0.16 0.06 0.04
Epoch 2260 | Train: Loss=0.0200 Acc=99.9% | Test: Acc=7.9% | Best=8.9%(@2160)
  from x2: 0.07 0.08 0.08 0.08 0.08 0.08 0.08 0.08 0.08 0.08 0.08 0.08 0.08 0.08
  per-rule acc: 0.14 0.06 0.04
Epoch 2280 | Train: Loss=0.0237 Acc=100.0% | Test: Acc=8.6% | Best=8.9%(@2160)
  from x2: 0.07 0.08 0.09 0.09 0.09 0.09 0.09 0.09 0.09 0.09 0.09 0.09 0.09 0.09
  per-rule acc: 0.16 0.06 0.04
Epoch 2300 | Train: Loss=0.0268 Acc=100.0% | Test: Acc=8.4% | Best=8.9%(@2160)
  from x2: 0.07 0.08 0.08 0.08 0.09 0.09 0.09 0.09 0.09 0.09 0.09 0.09 0.09 0.09
  per-rule acc: 0.16 0.06 0.04
Epoch 2320 | Train: Loss=0.0184 Acc=100.0% | Test: Acc=8.7% | Best=8.9%(@2160)
  from x2: 0.07 0.08 0.09 0.09 0.09 0.09 0.09 0.09 0.09 0.09 0.09 0.09 0.09 0.09
  per-rule acc: 0.17 0.06 0.04
Epoch 2340 | Train: Loss=0.0302 Acc=99.9% | Test: Acc=8.4% | Best=8.9%(@2160)
  from x2: 0.07 0.08 0.09 0.08 0.08 0.08 0.08 0.09 0.08 0.08 0.08 0.09 0.09 0.09
  per-rule acc: 0.16 0.05 0.04
Epoch 2360 | Train: Loss=0.0258 Acc=100.0% | Test: Acc=8.8% | Best=8.9%(@2160)
  from x2: 0.08 0.09 0.09 0.09 0.09 0.09 0.09 0.09 0.09 0.09 0.09 0.09 0.09 0.09
  per-rule acc: 0.17 0.06 0.04
Epoch 2380 | Train: Loss=0.0188 Acc=99.9% | Test: Acc=8.4% | Best=8.9%(@2160)
  from x2: 0.07 0.08 0.09 0.09 0.09 0.08 0.08 0.08 0.09 0.08 0.09 0.09 0.09 0.09
  per-rule acc: 0.16 0.06 0.04
Epoch 2400 | Train: Loss=0.0225 Acc=100.0% | Test: Acc=8.4% | Best=8.9%(@2160)
  from x2: 0.07 0.08 0.09 0.08 0.08 0.08 0.09 0.09 0.09 0.09 0.09 0.09 0.09 0.09
  per-rule acc: 0.15 0.06 0.04
Epoch 2420 | Train: Loss=0.0111 Acc=100.0% | Test: Acc=8.8% | Best=8.9%(@2160)
  from x2: 0.08 0.09 0.09 0.09 0.09 0.09 0.09 0.09 0.09 0.09 0.09 0.09 0.09 0.09
  per-rule acc: 0.17 0.06 0.04
Epoch 2440 | Train: Loss=0.0221 Acc=99.9% | Test: Acc=8.5% | Best=8.9%(@2160)
  from x2: 0.07 0.08 0.09 0.09 0.08 0.08 0.09 0.09 0.09 0.09 0.09 0.09 0.09 0.09
  per-rule acc: 0.16 0.06 0.04
Epoch 2460 | Train: Loss=0.0176 Acc=100.0% | Test: Acc=8.5% | Best=8.9%(@2160)
  from x2: 0.07 0.08 0.09 0.08 0.08 0.08 0.08 0.08 0.08 0.09 0.09 0.09 0.09 0.09
  per-rule acc: 0.16 0.05 0.04
Epoch 2480 | Train: Loss=0.0174 Acc=100.0% | Test: Acc=8.7% | Best=8.9%(@2160)
  from x2: 0.07 0.08 0.09 0.09 0.09 0.09 0.09 0.09 0.09 0.09 0.09 0.09 0.09 0.09
  per-rule acc: 0.16 0.06 0.04
Epoch 2500 | Train: Loss=0.0255 Acc=99.9% | Test: Acc=8.0% | Best=8.9%(@2160)
  from x2: 0.07 0.08 0.08 0.08 0.08 0.08 0.08 0.08 0.08 0.08 0.08 0.08 0.08 0.08
  per-rule acc: 0.15 0.06 0.04
Epoch 2520 | Train: Loss=0.0121 Acc=100.0% | Test: Acc=8.8% | Best=8.9%(@2160)
  from x2: 0.07 0.09 0.09 0.09 0.09 0.09 0.09 0.09 0.09 0.09 0.09 0.09 0.09 0.09
  per-rule acc: 0.16 0.06 0.04
Epoch 2540 | Train: Loss=0.0247 Acc=99.9% | Test: Acc=8.2% | Best=8.9%(@2160)
  from x2: 0.07 0.08 0.08 0.08 0.08 0.08 0.08 0.08 0.08 0.08 0.08 0.08 0.08 0.08
  per-rule acc: 0.16 0.05 0.03
Epoch 2560 | Train: Loss=0.0185 Acc=99.9% | Test: Acc=8.4% | Best=8.9%(@2160)
  from x2: 0.07 0.08 0.09 0.08 0.08 0.08 0.09 0.09 0.09 0.09 0.09 0.09 0.09 0.09
  per-rule acc: 0.16 0.06 0.04
Epoch 2580 | Train: Loss=0.0302 Acc=100.0% | Test: Acc=8.4% | Best=8.9%(@2160)
  from x2: 0.07 0.08 0.08 0.08 0.09 0.09 0.09 0.09 0.09 0.09 0.09 0.09 0.09 0.09
  per-rule acc: 0.16 0.05 0.04
Epoch 2600 | Train: Loss=0.0148 Acc=100.0% | Test: Acc=8.5% | Best=8.9%(@2160)
  from x2: 0.07 0.08 0.08 0.08 0.08 0.08 0.09 0.09 0.09 0.09 0.09 0.09 0.09 0.09
  per-rule acc: 0.16 0.05 0.04
Epoch 2620 | Train: Loss=0.0126 Acc=100.0% | Test: Acc=8.8% | Best=8.9%(@2160)
  from x2: 0.07 0.09 0.09 0.09 0.09 0.09 0.09 0.09 0.09 0.09 0.09 0.09 0.09 0.09
  per-rule acc: 0.16 0.06 0.04
Epoch 2640 | Train: Loss=0.0216 Acc=100.0% | Test: Acc=8.3% | Best=8.9%(@2160)
  from x2: 0.07 0.08 0.08 0.08 0.08 0.08 0.08 0.08 0.08 0.08 0.08 0.08 0.08 0.08
  per-rule acc: 0.15 0.06 0.04
Epoch 2660 | Train: Loss=0.0233 Acc=100.0% | Test: Acc=8.6% | Best=8.9%(@2160)
  from x2: 0.07 0.08 0.09 0.09 0.09 0.09 0.09 0.09 0.09 0.09 0.09 0.09 0.09 0.09
  per-rule acc: 0.17 0.05 0.04
Epoch 2680 | Train: Loss=0.0214 Acc=99.9% | Test: Acc=8.4% | Best=8.9%(@2160)
  from x2: 0.07 0.08 0.08 0.08 0.08 0.09 0.09 0.09 0.09 0.09 0.09 0.09 0.09 0.09
  per-rule acc: 0.15 0.06 0.04
Epoch 2700 | Train: Loss=0.0201 Acc=99.9% | Test: Acc=8.3% | Best=8.9%(@2160)
  from x2: 0.07 0.08 0.08 0.08 0.08 0.08 0.08 0.08 0.08 0.08 0.08 0.08 0.08 0.08
  per-rule acc: 0.15 0.06 0.04
Epoch 2720 | Train: Loss=0.0278 Acc=100.0% | Test: Acc=8.6% | Best=8.9%(@2160)
  from x2: 0.07 0.08 0.09 0.09 0.09 0.09 0.09 0.09 0.09 0.09 0.09 0.09 0.09 0.09
  per-rule acc: 0.17 0.05 0.04
Epoch 2740 | Train: Loss=0.0284 Acc=100.0% | Test: Acc=8.4% | Best=8.9%(@2160)
  from x2: 0.07 0.08 0.08 0.08 0.08 0.08 0.08 0.08 0.09 0.09 0.09 0.09 0.09 0.09
  per-rule acc: 0.16 0.06 0.04
Epoch 2760 | Train: Loss=0.0183 Acc=99.9% | Test: Acc=8.4% | Best=8.9%(@2160)
  from x2: 0.07 0.08 0.09 0.09 0.08 0.09 0.08 0.08 0.08 0.09 0.09 0.08 0.09 0.09
  per-rule acc: 0.16 0.05 0.04
Epoch 2780 | Train: Loss=0.0203 Acc=100.0% | Test: Acc=8.5% | Best=8.9%(@2160)
  from x2: 0.07 0.08 0.08 0.08 0.09 0.09 0.09 0.09 0.09 0.09 0.09 0.09 0.09 0.09
  per-rule acc: 0.16 0.06 0.04
Epoch 2800 | Train: Loss=0.0153 Acc=100.0% | Test: Acc=8.5% | Best=8.9%(@2160)
  from x2: 0.07 0.08 0.08 0.08 0.09 0.09 0.09 0.09 0.09 0.09 0.09 0.09 0.09 0.09
  per-rule acc: 0.16 0.06 0.04
Epoch 2820 | Train: Loss=0.0423 Acc=100.0% | Test: Acc=8.4% | Best=8.9%(@2160)
  from x2: 0.07 0.08 0.08 0.08 0.08 0.08 0.09 0.09 0.09 0.09 0.09 0.09 0.09 0.08
  per-rule acc: 0.16 0.06 0.03
Epoch 2840 | Train: Loss=0.0237 Acc=100.0% | Test: Acc=8.1% | Best=8.9%(@2160)
  from x2: 0.07 0.08 0.08 0.08 0.08 0.08 0.08 0.08 0.08 0.08 0.08 0.08 0.08 0.08
  per-rule acc: 0.15 0.05 0.04
Epoch 2860 | Train: Loss=0.0116 Acc=100.0% | Test: Acc=8.6% | Best=8.9%(@2160)
  from x2: 0.07 0.09 0.09 0.09 0.09 0.09 0.09 0.09 0.09 0.09 0.09 0.09 0.09 0.09
  per-rule acc: 0.16 0.06 0.04
Epoch 2880 | Train: Loss=0.0270 Acc=99.9% | Test: Acc=8.3% | Best=8.9%(@2160)
  from x2: 0.07 0.08 0.08 0.08 0.08 0.08 0.08 0.08 0.08 0.08 0.08 0.09 0.09 0.08
  per-rule acc: 0.16 0.06 0.03
Epoch 2900 | Train: Loss=0.0193 Acc=99.9% | Test: Acc=8.0% | Best=8.9%(@2160)
  from x2: 0.07 0.08 0.08 0.08 0.08 0.08 0.08 0.08 0.08 0.08 0.08 0.08 0.08 0.08
  per-rule acc: 0.15 0.05 0.03
Epoch 2920 | Train: Loss=0.0184 Acc=100.0% | Test: Acc=8.3% | Best=8.9%(@2160)
  from x2: 0.07 0.08 0.08 0.08 0.08 0.08 0.08 0.08 0.08 0.08 0.08 0.08 0.08 0.08
  per-rule acc: 0.16 0.05 0.04
Epoch 2940 | Train: Loss=0.0228 Acc=100.0% | Test: Acc=8.7% | Best=8.9%(@2160)
  from x2: 0.08 0.09 0.09 0.09 0.09 0.09 0.09 0.09 0.09 0.09 0.09 0.09 0.09 0.09
  per-rule acc: 0.16 0.06 0.04
Epoch 2960 | Train: Loss=0.0260 Acc=99.9% | Test: Acc=8.1% | Best=8.9%(@2160)
  from x2: 0.07 0.08 0.08 0.08 0.08 0.08 0.08 0.08 0.08 0.08 0.08 0.08 0.08 0.08
  per-rule acc: 0.15 0.06 0.03
Epoch 2980 | Train: Loss=0.0187 Acc=99.9% | Test: Acc=8.6% | Best=8.9%(@2160)
  from x2: 0.07 0.08 0.09 0.09 0.09 0.09 0.09 0.09 0.09 0.09 0.09 0.09 0.09 0.09
  per-rule acc: 0.17 0.05 0.04
Epoch 3000 | Train: Loss=0.0275 Acc=99.9% | Test: Acc=8.3% | Best=8.9%(@2160)
  from x2: 0.07 0.08 0.08 0.08 0.08 0.08 0.08 0.08 0.08 0.08 0.09 0.09 0.09 0.09
  per-rule acc: 0.16 0.05 0.04
Epoch 3020 | Train: Loss=0.0113 Acc=100.0% | Test: Acc=8.5% | Best=8.9%(@2160)
  from x2: 0.07 0.09 0.09 0.09 0.09 0.09 0.09 0.09 0.09 0.09 0.09 0.09 0.09 0.09
  per-rule acc: 0.16 0.06 0.04
Epoch 3040 | Train: Loss=0.0288 Acc=99.9% | Test: Acc=8.0% | Best=8.9%(@2160)
  from x2: 0.06 0.08 0.08 0.08 0.08 0.08 0.08 0.08 0.08 0.08 0.08 0.08 0.08 0.08
  per-rule acc: 0.16 0.05 0.03
Epoch 3060 | Train: Loss=0.0205 Acc=100.0% | Test: Acc=8.7% | Best=8.9%(@2160)
  from x2: 0.07 0.08 0.09 0.09 0.09 0.09 0.09 0.09 0.09 0.09 0.09 0.09 0.09 0.09
  per-rule acc: 0.17 0.05 0.04
Epoch 3080 | Train: Loss=0.0116 Acc=100.0% | Test: Acc=8.6% | Best=8.9%(@2160)
  from x2: 0.07 0.08 0.09 0.09 0.09 0.09 0.09 0.09 0.09 0.09 0.09 0.09 0.09 0.09
  per-rule acc: 0.16 0.05 0.04
Epoch 3100 | Train: Loss=0.0202 Acc=99.9% | Test: Acc=8.4% | Best=8.9%(@2160)
  from x2: 0.07 0.08 0.08 0.08 0.08 0.08 0.08 0.08 0.09 0.08 0.09 0.08 0.09 0.09
  per-rule acc: 0.16 0.05 0.04
Epoch 3120 | Train: Loss=0.0157 Acc=100.0% | Test: Acc=8.3% | Best=8.9%(@2160)
  from x2: 0.07 0.08 0.09 0.08 0.08 0.08 0.08 0.08 0.09 0.09 0.09 0.09 0.09 0.08
  per-rule acc: 0.16 0.06 0.04
Epoch 3140 | Train: Loss=0.0257 Acc=100.0% | Test: Acc=8.0% | Best=8.9%(@2160)
  from x2: 0.07 0.08 0.08 0.08 0.08 0.08 0.08 0.08 0.08 0.08 0.08 0.08 0.08 0.08
  per-rule acc: 0.15 0.05 0.04
Epoch 3160 | Train: Loss=0.0107 Acc=100.0% | Test: Acc=8.5% | Best=8.9%(@2160)
  from x2: 0.07 0.08 0.08 0.08 0.09 0.09 0.08 0.08 0.09 0.09 0.09 0.09 0.09 0.09
  per-rule acc: 0.16 0.06 0.04
[Early stop] No improvement for 1000 consecutive epochs

==================================================
Saving model...
[OK] Model saved to: /home/cxm/ai/test0627-multitask-overlap/models/mixed_label_d128l1_r16_n3_e50.pth
  File size: 2394.0 KB
  Best test accuracy: 8.92%

==================================================
Final generation test (given first two items, AB generates 3rd as prompt, validate from 4th)
==================================================

--- AB pair 1: (1, 1) ---

--- Statistics for AB=(1,1) ---
Exposed    samples:  1404 | In-dist: 18252/18252 (100.0%) | OOD: 22061/22464 ( 98.2%)
Unexposed  samples:  1405 | In-dist: 15778/18265 ( 86.4%) | OOD: 22141/22480 ( 98.5%)

--- AB pair 2: (1, 2) ---

--- Statistics for AB=(1,2) ---
Exposed    samples:  1404 | In-dist: 18252/18252 (100.0%) | OOD: 20683/22464 ( 92.1%)
Unexposed  samples:  1405 | In-dist: 15526/18265 ( 85.0%) | OOD: 20668/22480 ( 91.9%)

--- AB pair 3: (1, 3) ---

--- Statistics for AB=(1,3) ---
Exposed    samples:  1404 | In-dist: 18252/18252 (100.0%) | OOD: 20554/22464 ( 91.5%)
Unexposed  samples:  1405 | In-dist: 15600/18265 ( 85.4%) | OOD: 20292/22480 ( 90.3%)

--- Return code: 0 ---

======================================================================
Attention Analysis
======================================================================
Model config: addition (default), p=53
Best test accuracy: 0.08920521945432977
Training epochs: 3160

Random test sequence 1/5 (length 32): [17, 5, 22, 27, 49, 23, 19, 42, 8, 50, 5, 2, 7, 9, 16, 25, 41, 13, 1, 14]...

======================================================================
Attention Layer Training Result Summary
======================================================================
Input sequence: [17, 5, 22, 27, 49, 23, 19, 42, 8, 50, 5, 2, 7, 9, 16, 25, 41, 13, 1, 14, 15, 29, 44, 20, 11, 31, 42, 20, 9, 29, 38, 14]

--- Layer 0 ---
  Head 0: Entropy=0.491
    Attention coefficients from each query position to previous positions:
      i= 0 -> j=0:1.000
      i= 1 -> j=0:0.087, j=1:0.913
      i= 2 -> j=0:0.013, j=1:0.088, j=2:0.900
      i= 3 -> j=0:0.003, j=1:0.013, j=2:0.069, j=3:0.915
      i= 4 -> j=0:0.002, j=1:0.004, j=2:0.011, j=3:0.110, j=4:0.873
      i= 5 -> j=0:0.001, j=1:0.002, j=2:0.003, j=3:0.014, j=4:0.084, j=5:0.896
      i= 6 -> j=0:0.001, j=1:0.001, j=2:0.001, j=3:0.004, j=4:0.012, j=5:0.095, j=6:0.885
      i= 7 -> j=0:0.001, j=1:0.001, j=2:0.001, j=3:0.002, j=4:0.003, j=5:0.013, j=6:0.088, j=7:0.890
      i= 8 -> j=0:0.001, j=1:0.001, j=2:0.001, j=3:0.002, j=4:0.001, j=5:0.004, j=6:0.015, j=7:0.091, j=8:0.884
      i= 9 -> j=0:0.000, j=1:0.000, j=2:0.000, j=3:0.001, j=4:0.001, j=5:0.001, j=6:0.003, j=7:0.017, j=8:0.088, j=9:0.886
      i=10 -> j=0:0.000, j=1:0.000, j=2:0.000, j=3:0.001, j=4:0.001, j=5:0.001, j=6:0.002, j=7:0.005, j=8:0.015, j=9:0.097, j=10:0.877
      i=11 -> j=0:0.001, j=1:0.000, j=2:0.000, j=3:0.000, j=4:0.001, j=5:0.001, j=6:0.001, j=7:0.004, j=8:0.004, j=9:0.014, j=10:0.090, j=11:0.883
      i=12 -> j=0:0.001, j=1:0.001, j=2:0.000, j=3:0.001, j=4:0.000, j=5:0.001, j=6:0.001, j=7:0.003, j=8:0.002, j=9:0.004, j=10:0.014, j=11:0.084, j=12:0.889
      i=13 -> j=0:0.001, j=1:0.001, j=2:0.000, j=3:0.001, j=4:0.000, j=5:0.000, j=6:0.001, j=7:0.002, j=8:0.002, j=9:0.002, j=10:0.004, j=11:0.014, j=12:0.092, j=13:0.880
      i=14 -> j=0:0.001, j=1:0.001, j=2:0.001, j=3:0.001, j=4:0.000, j=5:0.000, j=6:0.001, j=7:0.001, j=8:0.001, j=9:0.002, j=10:0.002, j=11:0.003, j=12:0.015, j=13:0.084, j=14:0.888
      i=15 -> j=0:0.001, j=1:0.001, j=2:0.001, j=3:0.001, j=4:0.001, j=5:0.001, j=6:0.000, j=7:0.001, j=8:0.001, j=9:0.001, j=10:0.002, j=11:0.002, j=12:0.004, j=13:0.016, j=14:0.089, j=15:0.879
      i=16 -> j=0:0.001, j=1:0.001, j=2:0.000, j=3:0.001, j=4:0.001, j=5:0.000, j=6:0.000, j=7:0.001, j=8:0.000, j=9:0.001, j=10:0.001, j=11:0.001, j=12:0.002, j=13:0.003, j=14:0.011, j=15:0.076, j=16:0.900
      i=17 -> j=0:0.001, j=1:0.001, j=2:0.000, j=3:0.001, j=4:0.001, j=5:0.001, j=6:0.000, j=7:0.001, j=8:0.000, j=9:0.001, j=10:0.001, j=11:0.001, j=12:0.001, j=13:0.002, j=14:0.003, j=15:0.014, j=16:0.088, j=17:0.884
      i=18 -> j=0:0.002, j=1:0.001, j=2:0.001, j=3:0.001, j=4:0.001, j=5:0.001, j=6:0.001, j=7:0.001, j=8:0.001, j=9:0.000, j=10:0.000, j=11:0.001, j=12:0.001, j=13:0.002, j=14:0.002, j=15:0.003, j=16:0.012, j=17:0.093, j=18:0.878
      i=19 -> j=0:0.001, j=1:0.001, j=2:0.001, j=3:0.001, j=4:0.001, j=5:0.001, j=6:0.001, j=7:0.001, j=8:0.001, j=9:0.000, j=10:0.000, j=11:0.000, j=12:0.001, j=13:0.001, j=14:0.001, j=15:0.002, j=16:0.003, j=17:0.012, j=18:0.083, j=19:0.888
      i=20 -> j=0:0.001, j=1:0.001, j=2:0.001, j=3:0.001, j=4:0.001, j=5:0.001, j=6:0.000, j=7:0.001, j=8:0.001, j=9:0.001, j=10:0.000, j=11:0.000, j=12:0.000, j=13:0.001, j=14:0.001, j=15:0.001, j=16:0.002, j=17:0.004, j=18:0.015, j=19:0.089, j=20:0.877
      i=21 -> j=0:0.002, j=1:0.001, j=2:0.001, j=3:0.002, j=4:0.001, j=5:0.001, j=6:0.001, j=7:0.001, j=8:0.001, j=9:0.001, j=10:0.001, j=11:0.000, j=12:0.000, j=13:0.001, j=14:0.001, j=15:0.001, j=16:0.001, j=17:0.002, j=18:0.004, j=19:0.013, j=20:0.090, j=21:0.875
      i=22 -> j=0:0.002, j=1:0.002, j=2:0.001, j=3:0.002, j=4:0.002, j=5:0.001, j=6:0.001, j=7:0.001, j=8:0.001, j=9:0.001, j=10:0.001, j=11:0.001, j=12:0.000, j=13:0.001, j=14:0.001, j=15:0.001, j=16:0.001, j=17:0.001, j=18:0.002, j=19:0.004, j=20:0.014, j=21:0.084, j=22:0.876
      i=23 -> j=0:0.003, j=1:0.002, j=2:0.001, j=3:0.002, j=4:0.002, j=5:0.002, j=6:0.001, j=7:0.002, j=8:0.001, j=9:0.001, j=10:0.001, j=11:0.001, j=12:0.001, j=13:0.001, j=14:0.000, j=15:0.001, j=16:0.001, j=17:0.001, j=18:0.001, j=19:0.002, j=20:0.003, j=21:0.011, j=22:0.095, j=23:0.866
      i=24 -> j=0:0.004, j=1:0.003, j=2:0.002, j=3:0.002, j=4:0.002, j=5:0.002, j=6:0.001, j=7:0.002, j=8:0.001, j=9:0.001, j=10:0.001, j=11:0.001, j=12:0.001, j=13:0.001, j=14:0.000, j=15:0.000, j=16:0.001, j=17:0.001, j=18:0.001, j=19:0.002, j=20:0.002, j=21:0.003, j=22:0.014, j=23:0.084, j=24:0.872
      i=25 -> j=0:0.003, j=1:0.003, j=2:0.002, j=3:0.002, j=4:0.001, j=5:0.001, j=6:0.001, j=7:0.002, j=8:0.001, j=9:0.001, j=10:0.000, j=11:0.000, j=12:0.000, j=13:0.001, j=14:0.000, j=15:0.000, j=16:0.000, j=17:0.000, j=18:0.000, j=19:0.001, j=20:0.001, j=21:0.001, j=22:0.003, j=23:0.009, j=24:0.093, j=25:0.873
      i=26 -> j=0:0.003, j=1:0.004, j=2:0.003, j=3:0.003, j=4:0.002, j=5:0.002, j=6:0.001, j=7:0.003, j=8:0.001, j=9:0.001, j=10:0.001, j=11:0.001, j=12:0.001, j=13:0.001, j=14:0.001, j=15:0.001, j=16:0.000, j=17:0.000, j=18:0.001, j=19:0.001, j=20:0.001, j=21:0.001, j=22:0.002, j=23:0.003, j=24:0.015, j=25:0.089, j=26:0.858
      i=27 -> j=0:0.004, j=1:0.004, j=2:0.003, j=3:0.004, j=4:0.003, j=5:0.003, j=6:0.001, j=7:0.002, j=8:0.001, j=9:0.002, j=10:0.001, j=11:0.001, j=12:0.001, j=13:0.001, j=14:0.001, j=15:0.001, j=16:0.001, j=17:0.000, j=18:0.000, j=19:0.001, j=20:0.001, j=21:0.001, j=22:0.001, j=23:0.002, j=24:0.003, j=25:0.011, j=26:0.099, j=27:0.848
      i=28 -> j=0:0.004, j=1:0.004, j=2:0.003, j=3:0.004, j=4:0.004, j=5:0.003, j=6:0.001, j=7:0.002, j=8:0.001, j=9:0.002, j=10:0.002, j=11:0.001, j=12:0.001, j=13:0.001, j=14:0.001, j=15:0.001, j=16:0.001, j=17:0.001, j=18:0.000, j=19:0.000, j=20:0.000, j=21:0.000, j=22:0.001, j=23:0.001, j=24:0.002, j=25:0.003, j=26:0.020, j=27:0.077, j=28:0.860
      i=29 -> j=0:0.006, j=1:0.004, j=2:0.003, j=3:0.003, j=4:0.004, j=5:0.003, j=6:0.002, j=7:0.003, j=8:0.002, j=9:0.001, j=10:0.001, j=11:0.002, j=12:0.001, j=13:0.001, j=14:0.001, j=15:0.001, j=16:0.001, j=17:0.001, j=18:0.001, j=19:0.000, j=20:0.000, j=21:0.000, j=22:0.000, j=23:0.001, j=24:0.001, j=25:0.002, j=26:0.005, j=27:0.011, j=28:0.086, j=29:0.853
      i=30 -> j=0:0.007, j=1:0.005, j=2:0.003, j=3:0.003, j=4:0.003, j=5:0.003, j=6:0.002, j=7:0.003, j=8:0.002, j=9:0.002, j=10:0.001, j=11:0.002, j=12:0.001, j=13:0.001, j=14:0.001, j=15:0.001, j=16:0.001, j=17:0.001, j=18:0.001, j=19:0.001, j=20:0.000, j=21:0.000, j=22:0.000, j=23:0.001, j=24:0.001, j=25:0.001, j=26:0.003, j=27:0.003, j=28:0.012, j=29:0.078, j=30:0.859
      i=31 -> j=0:0.006, j=1:0.006, j=2:0.004, j=3:0.004, j=4:0.003, j=5:0.003, j=6:0.003, j=7:0.004, j=8:0.002, j=9:0.002, j=10:0.001, j=11:0.001, j=12:0.001, j=13:0.002, j=14:0.001, j=15:0.001, j=16:0.001, j=17:0.000, j=18:0.000, j=19:0.001, j=20:0.000, j=21:0.000, j=22:0.000, j=23:0.000, j=24:0.000, j=25:0.001, j=26:0.002, j=27:0.001, j=28:0.003, j=29:0.010, j=30:0.086, j=31:0.849
    Average attention per distance:
      d=0:0.883, d=1:0.088, d=2:0.013


======================================================================
QK Property Verification (Raw Scores, before Softmax)
======================================================================
Recurrence order init_len=2, num test sequences=1

--- [P1] Long-distance Orthogonality Verification ---
Ideal: raw_score mean ≈ 0 and small std when d > init_len

  Layer 0, Head 0:
    d= 1 (effective): mean=  0.634, std= 0.110, n=31
    d= 2 (effective): mean= -1.259, std= 0.181, n=30
    d>2 (long-distance): mean= -3.764, std= 0.731, n=435

--- [P2] Time-homogeneous Verification ---
Ideal: CV of raw_score across positions i ≈ 0 for fixed distance d
(CV = std / |mean|, smaller = more constant)

  Layer 0, Head 0:
    d= 1: mean=  0.634, std= 0.110, CV=0.174, n=31
    d= 2: mean= -1.259, std= 0.181, CV=0.144, n=30

======================================================================
QK Property Verification Completed
======================================================================
