=== Experiment: mixed_cond_d128l1_r8_n2_e50_overlap60 ===
Time: 2026-06-26T15:44:35.039233
Task type: mixed_ab
Merged config: {
  "P": 53,
  "TASK": "mixed_ab",
  "NUM_MASK": 0,
  "A": 1,
  "B": 1,
  "AB_PAIRS": [
    [
      1,
      1
    ],
    [
      1,
      2
    ]
  ],
  "D_MODEL": 128,
  "N_HEAD": 1,
  "N_LAYER": 1,
  "BATCH_SIZE": 128,
  "EPOCHS": 10000,
  "LR": 0.0003,
  "SAVE_PATH": "models/mixed_cond_d128l1_r8_n2_e50_overlap60.pth",
  "USE_GREEDY_GENERATE": true,
  "USE_LEARNABLE_PE": false,
  "MLP_RATIO": 8,
  "TRAIN_LEN": 16,
  "OOD_LEN": 32,
  "DROPOUT": 0.0,
  "TARGET_INIT_COVERAGE": 0.5,
  "MAX_UNIQUE_RATIO": 0.5,
  "WEIGHT_DECAY": 1,
  "ENTROPY_PENALTY_WEIGHT": 0.0,
  "FIRST_TASK_WEIGHT": 1.0,
  "RANDOM_SEED": 42,
  "EVAL_INTERVAL": 20,
  "EARLY_STOP_NO_IMPROVE": 1000,
  "EARLY_STOP_ACCURACY": 0.99,
  "USE_AB_TAG": false,
  "USE_CONDITIONAL_WTE": true,
  "COND_WTE_SHARED_RATIO": 0.6,
  "MIXED_AB_MAX_UNIQUE_RATIOS": [
    0.5,
    0.5
  ],
  "SKIP_FINAL_GENERATION_TEST": true
}
--- output ---
Using device: cuda

[Dataset] Mixed mode: generated 2808 + 2810 samples, length 16
AB parameter pairs: [(1, 1), (1, 2)]
  - AB=(1,1): train 1404 | test 1405 | exposed ~50.0%
  - AB=(1,2): train 1404 | test 1405 | exposed ~50.0%
--------------------------------------------------
[Model config] block_size: 32, train length: 16
[Number theory] AB parameter pairs: [(1, 1), (1, 2)]


Model parameters: 0.36M

Start training...
Epoch   0 | Train: Loss=4.2393 Acc=3.7% | Test: Acc=0.1% | Best=0.1%(@0)
  from x3: 0.00 0.00 0.00 0.00 0.00 0.00 0.00 0.00 0.00 0.00 0.00 0.00 0.00
  per-rule acc: 0.00 0.00
Epoch  20 | Train: Loss=1.0807 Acc=95.4% | Test: Acc=0.8% | Best=0.8%(@20)
  from x3: 0.02 0.01 0.01 0.01 0.01 0.01 0.01 0.01 0.01 0.01 0.01 0.01 0.01
  per-rule acc: 0.01 0.01
Epoch  40 | Train: Loss=0.2615 Acc=98.8% | Test: Acc=1.6% | Best=1.6%(@40)
  from x3: 0.02 0.02 0.02 0.02 0.02 0.02 0.02 0.02 0.02 0.02 0.02 0.02 0.02
  per-rule acc: 0.01 0.02
Epoch  60 | Train: Loss=0.1506 Acc=99.1% | Test: Acc=1.8% | Best=1.8%(@60)
  from x3: 0.02 0.02 0.02 0.02 0.02 0.02 0.02 0.02 0.02 0.02 0.02 0.02 0.02
  per-rule acc: 0.02 0.02
Epoch  80 | Train: Loss=0.1188 Acc=99.2% | Test: Acc=1.9% | Best=1.9%(@80)
  from x3: 0.02 0.02 0.02 0.02 0.02 0.02 0.02 0.02 0.02 0.02 0.02 0.02 0.02
  per-rule acc: 0.02 0.02
Epoch 100 | Train: Loss=0.0925 Acc=99.3% | Test: Acc=2.0% | Best=2.0%(@100)
  from x3: 0.02 0.02 0.02 0.02 0.02 0.02 0.02 0.02 0.02 0.02 0.02 0.02 0.02
  per-rule acc: 0.02 0.02
Epoch 120 | Train: Loss=0.0848 Acc=99.4% | Test: Acc=1.8% | Best=2.0%(@100)
  from x3: 0.02 0.02 0.02 0.02 0.02 0.02 0.02 0.02 0.02 0.02 0.02 0.02 0.02
  per-rule acc: 0.02 0.02
Epoch 140 | Train: Loss=0.0787 Acc=99.5% | Test: Acc=1.9% | Best=2.0%(@100)
  from x3: 0.02 0.02 0.02 0.02 0.02 0.02 0.02 0.02 0.02 0.02 0.02 0.02 0.02
  per-rule acc: 0.02 0.02
Epoch 160 | Train: Loss=0.0691 Acc=99.6% | Test: Acc=1.9% | Best=2.0%(@100)
  from x3: 0.02 0.02 0.02 0.02 0.02 0.02 0.02 0.02 0.02 0.02 0.02 0.02 0.02
  per-rule acc: 0.02 0.02
Epoch 180 | Train: Loss=0.0583 Acc=99.6% | Test: Acc=1.9% | Best=2.0%(@100)
  from x3: 0.02 0.02 0.02 0.02 0.02 0.02 0.02 0.02 0.02 0.02 0.02 0.02 0.02
  per-rule acc: 0.02 0.02
Epoch 200 | Train: Loss=0.0492 Acc=99.7% | Test: Acc=2.0% | Best=2.0%(@100)
  from x3: 0.02 0.02 0.02 0.02 0.02 0.02 0.02 0.02 0.02 0.02 0.02 0.02 0.02
  per-rule acc: 0.02 0.02
Epoch 220 | Train: Loss=0.0456 Acc=99.7% | Test: Acc=2.1% | Best=2.1%(@220)
  from x3: 0.02 0.02 0.02 0.02 0.02 0.02 0.02 0.02 0.02 0.02 0.02 0.02 0.02
  per-rule acc: 0.02 0.02
Epoch 240 | Train: Loss=0.0442 Acc=99.8% | Test: Acc=2.1% | Best=2.1%(@240)
  from x3: 0.02 0.02 0.02 0.02 0.02 0.02 0.02 0.02 0.02 0.02 0.02 0.02 0.02
  per-rule acc: 0.02 0.02
Epoch 260 | Train: Loss=0.0342 Acc=99.8% | Test: Acc=2.1% | Best=2.1%(@260)
  from x3: 0.02 0.02 0.02 0.02 0.02 0.02 0.02 0.02 0.02 0.02 0.02 0.02 0.02
  per-rule acc: 0.02 0.02
Epoch 280 | Train: Loss=0.0401 Acc=99.8% | Test: Acc=2.2% | Best=2.2%(@280)
  from x3: 0.02 0.02 0.02 0.02 0.02 0.02 0.02 0.02 0.02 0.02 0.02 0.02 0.02
  per-rule acc: 0.02 0.02
Epoch 300 | Train: Loss=0.0394 Acc=99.8% | Test: Acc=2.3% | Best=2.3%(@300)
  from x3: 0.02 0.02 0.02 0.02 0.02 0.02 0.02 0.02 0.02 0.02 0.02 0.02 0.02
  per-rule acc: 0.02 0.03
Epoch 320 | Train: Loss=0.0327 Acc=99.8% | Test: Acc=2.3% | Best=2.3%(@300)
  from x3: 0.02 0.02 0.02 0.02 0.02 0.02 0.02 0.02 0.02 0.02 0.02 0.02 0.02
  per-rule acc: 0.02 0.02
Epoch 340 | Train: Loss=0.0361 Acc=99.8% | Test: Acc=2.3% | Best=2.3%(@300)
  from x3: 0.02 0.02 0.02 0.02 0.02 0.02 0.02 0.02 0.02 0.02 0.02 0.02 0.02
  per-rule acc: 0.02 0.02
Epoch 360 | Train: Loss=0.0389 Acc=99.8% | Test: Acc=2.3% | Best=2.3%(@300)
  from x3: 0.02 0.02 0.02 0.02 0.02 0.02 0.02 0.02 0.02 0.02 0.02 0.02 0.02
  per-rule acc: 0.02 0.02
Epoch 380 | Train: Loss=0.0366 Acc=99.9% | Test: Acc=2.2% | Best=2.3%(@300)
  from x3: 0.02 0.02 0.02 0.02 0.02 0.02 0.02 0.02 0.02 0.02 0.02 0.02 0.02
  per-rule acc: 0.02 0.02
Epoch 400 | Train: Loss=0.0230 Acc=99.9% | Test: Acc=2.5% | Best=2.5%(@400)
  from x3: 0.02 0.03 0.02 0.03 0.03 0.03 0.03 0.03 0.03 0.03 0.03 0.03 0.03
  per-rule acc: 0.02 0.03
Epoch 420 | Train: Loss=0.0355 Acc=99.8% | Test: Acc=2.6% | Best=2.6%(@420)
  from x3: 0.03 0.03 0.03 0.03 0.03 0.03 0.03 0.03 0.03 0.03 0.03 0.03 0.03
  per-rule acc: 0.03 0.03
Epoch 440 | Train: Loss=0.0367 Acc=99.8% | Test: Acc=2.6% | Best=2.6%(@420)
  from x3: 0.03 0.03 0.03 0.03 0.03 0.03 0.03 0.03 0.03 0.03 0.03 0.03 0.03
  per-rule acc: 0.03 0.03
Epoch 460 | Train: Loss=0.0357 Acc=99.8% | Test: Acc=2.6% | Best=2.6%(@420)
  from x3: 0.03 0.03 0.03 0.03 0.03 0.03 0.03 0.03 0.03 0.03 0.03 0.03 0.03
  per-rule acc: 0.03 0.03
Epoch 480 | Train: Loss=0.0369 Acc=99.8% | Test: Acc=2.6% | Best=2.6%(@420)
  from x3: 0.03 0.03 0.03 0.03 0.03 0.03 0.03 0.03 0.03 0.03 0.03 0.03 0.03
  per-rule acc: 0.03 0.03
Epoch 500 | Train: Loss=0.0386 Acc=99.8% | Test: Acc=3.0% | Best=3.0%(@500)
  from x3: 0.03 0.03 0.03 0.03 0.03 0.03 0.03 0.03 0.03 0.03 0.03 0.03 0.03
  per-rule acc: 0.03 0.03
Epoch 520 | Train: Loss=0.0331 Acc=99.8% | Test: Acc=2.8% | Best=3.0%(@500)
  from x3: 0.03 0.03 0.03 0.03 0.03 0.03 0.03 0.03 0.03 0.03 0.03 0.03 0.03
  per-rule acc: 0.03 0.03
Epoch 540 | Train: Loss=0.0321 Acc=99.8% | Test: Acc=2.8% | Best=3.0%(@500)
  from x3: 0.03 0.03 0.03 0.03 0.03 0.03 0.03 0.03 0.03 0.03 0.03 0.03 0.03
  per-rule acc: 0.03 0.03
Epoch 560 | Train: Loss=0.0348 Acc=99.8% | Test: Acc=2.8% | Best=3.0%(@500)
  from x3: 0.03 0.03 0.03 0.03 0.03 0.03 0.03 0.03 0.03 0.03 0.03 0.03 0.03
  per-rule acc: 0.03 0.03
Epoch 580 | Train: Loss=0.0341 Acc=99.8% | Test: Acc=3.0% | Best=3.0%(@580)
  from x3: 0.03 0.03 0.03 0.03 0.03 0.03 0.03 0.03 0.03 0.03 0.03 0.03 0.03
  per-rule acc: 0.03 0.03
Epoch 600 | Train: Loss=0.0294 Acc=99.8% | Test: Acc=3.0% | Best=3.0%(@580)
  from x3: 0.03 0.03 0.03 0.03 0.03 0.03 0.03 0.03 0.03 0.03 0.03 0.03 0.03
  per-rule acc: 0.03 0.03
Epoch 620 | Train: Loss=0.0278 Acc=99.8% | Test: Acc=3.0% | Best=3.0%(@620)
  from x3: 0.03 0.03 0.03 0.03 0.03 0.03 0.03 0.03 0.03 0.03 0.03 0.03 0.03
  per-rule acc: 0.03 0.03
Epoch 640 | Train: Loss=0.0267 Acc=99.8% | Test: Acc=3.0% | Best=3.0%(@620)
  from x3: 0.03 0.03 0.03 0.03 0.03 0.03 0.03 0.03 0.03 0.03 0.03 0.03 0.03
  per-rule acc: 0.03 0.03
Epoch 660 | Train: Loss=0.0305 Acc=99.8% | Test: Acc=3.3% | Best=3.3%(@660)
  from x3: 0.03 0.03 0.03 0.03 0.03 0.03 0.03 0.03 0.03 0.03 0.03 0.03 0.03
  per-rule acc: 0.03 0.03
Epoch 680 | Train: Loss=0.0231 Acc=99.9% | Test: Acc=3.1% | Best=3.3%(@660)
  from x3: 0.03 0.03 0.03 0.03 0.03 0.03 0.03 0.03 0.03 0.03 0.03 0.03 0.03
  per-rule acc: 0.03 0.03
Epoch 700 | Train: Loss=0.0282 Acc=99.8% | Test: Acc=3.4% | Best=3.4%(@700)
  from x3: 0.03 0.03 0.03 0.03 0.03 0.03 0.03 0.03 0.03 0.03 0.03 0.03 0.03
  per-rule acc: 0.03 0.03
Epoch 720 | Train: Loss=0.0334 Acc=99.8% | Test: Acc=3.4% | Best=3.4%(@720)
  from x3: 0.03 0.03 0.03 0.03 0.03 0.03 0.03 0.03 0.03 0.03 0.03 0.03 0.03
  per-rule acc: 0.03 0.04
Epoch 740 | Train: Loss=0.0243 Acc=99.9% | Test: Acc=3.5% | Best=3.5%(@740)
  from x3: 0.04 0.03 0.04 0.03 0.03 0.03 0.03 0.03 0.03 0.03 0.03 0.03 0.03
  per-rule acc: 0.03 0.03
Epoch 760 | Train: Loss=0.0149 Acc=99.9% | Test: Acc=3.6% | Best=3.6%(@760)
  from x3: 0.04 0.04 0.04 0.04 0.04 0.04 0.04 0.04 0.04 0.04 0.04 0.04 0.04
  per-rule acc: 0.03 0.04
Epoch 780 | Train: Loss=0.0288 Acc=99.8% | Test: Acc=3.9% | Best=3.9%(@780)
  from x3: 0.04 0.04 0.04 0.04 0.04 0.04 0.04 0.04 0.04 0.04 0.04 0.04 0.04
  per-rule acc: 0.04 0.04
Epoch 800 | Train: Loss=0.0161 Acc=99.9% | Test: Acc=3.7% | Best=3.9%(@780)
  from x3: 0.04 0.04 0.04 0.04 0.04 0.04 0.04 0.04 0.04 0.04 0.04 0.04 0.04
  per-rule acc: 0.04 0.04
Epoch 820 | Train: Loss=0.0250 Acc=99.9% | Test: Acc=3.8% | Best=3.9%(@780)
  from x3: 0.04 0.04 0.04 0.04 0.04 0.04 0.04 0.04 0.04 0.04 0.04 0.04 0.04
  per-rule acc: 0.04 0.04
Epoch 840 | Train: Loss=0.0224 Acc=99.9% | Test: Acc=3.8% | Best=3.9%(@780)
  from x3: 0.04 0.04 0.04 0.04 0.04 0.04 0.04 0.04 0.04 0.04 0.04 0.04 0.04
  per-rule acc: 0.04 0.04
Epoch 860 | Train: Loss=0.0126 Acc=99.9% | Test: Acc=4.1% | Best=4.1%(@860)
  from x3: 0.04 0.04 0.04 0.04 0.04 0.04 0.04 0.04 0.04 0.04 0.04 0.04 0.04
  per-rule acc: 0.04 0.04
Epoch 880 | Train: Loss=0.0282 Acc=99.9% | Test: Acc=3.8% | Best=4.1%(@860)
  from x3: 0.04 0.04 0.04 0.04 0.04 0.04 0.04 0.04 0.04 0.04 0.04 0.04 0.04
  per-rule acc: 0.04 0.04
Epoch 900 | Train: Loss=0.0121 Acc=99.9% | Test: Acc=4.1% | Best=4.1%(@900)
  from x3: 0.04 0.04 0.04 0.04 0.04 0.04 0.04 0.04 0.04 0.04 0.04 0.04 0.04
  per-rule acc: 0.04 0.04
Epoch 920 | Train: Loss=0.0230 Acc=99.9% | Test: Acc=4.0% | Best=4.1%(@900)
  from x3: 0.04 0.04 0.04 0.04 0.04 0.04 0.04 0.04 0.04 0.04 0.04 0.04 0.04
  per-rule acc: 0.04 0.04
Epoch 940 | Train: Loss=0.0170 Acc=99.9% | Test: Acc=4.2% | Best=4.2%(@940)
  from x3: 0.04 0.04 0.04 0.04 0.04 0.04 0.04 0.04 0.04 0.04 0.04 0.04 0.04
  per-rule acc: 0.04 0.04
Epoch 960 | Train: Loss=0.0164 Acc=99.9% | Test: Acc=4.2% | Best=4.2%(@940)
  from x3: 0.04 0.04 0.04 0.04 0.04 0.04 0.04 0.04 0.04 0.04 0.04 0.04 0.04
  per-rule acc: 0.04 0.04
Epoch 980 | Train: Loss=0.0217 Acc=99.9% | Test: Acc=4.4% | Best=4.4%(@980)
  from x3: 0.04 0.05 0.04 0.04 0.04 0.04 0.04 0.04 0.04 0.04 0.04 0.04 0.04
  per-rule acc: 0.04 0.05
Epoch 1000 | Train: Loss=0.0205 Acc=99.9% | Test: Acc=4.6% | Best=4.6%(@1000)
  from x3: 0.05 0.05 0.05 0.05 0.05 0.05 0.05 0.05 0.05 0.05 0.04 0.05 0.04
  per-rule acc: 0.04 0.05
Epoch 1020 | Train: Loss=0.0116 Acc=100.0% | Test: Acc=4.8% | Best=4.8%(@1020)
  from x3: 0.05 0.05 0.05 0.05 0.05 0.05 0.05 0.05 0.05 0.05 0.05 0.05 0.05
  per-rule acc: 0.05 0.05
Epoch 1040 | Train: Loss=0.0178 Acc=100.0% | Test: Acc=4.8% | Best=4.8%(@1020)
  from x3: 0.05 0.05 0.05 0.05 0.05 0.05 0.05 0.05 0.05 0.05 0.05 0.05 0.05
  per-rule acc: 0.05 0.05
Epoch 1060 | Train: Loss=0.0117 Acc=100.0% | Test: Acc=5.1% | Best=5.1%(@1060)
  from x3: 0.05 0.05 0.05 0.05 0.05 0.05 0.05 0.05 0.05 0.05 0.05 0.05 0.05
  per-rule acc: 0.05 0.05
Epoch 1080 | Train: Loss=0.0224 Acc=100.0% | Test: Acc=5.1% | Best=5.1%(@1060)
  from x3: 0.05 0.05 0.05 0.05 0.05 0.05 0.05 0.05 0.05 0.05 0.05 0.05 0.05
  per-rule acc: 0.05 0.05
Epoch 1100 | Train: Loss=0.0222 Acc=99.9% | Test: Acc=4.8% | Best=5.1%(@1060)
  from x3: 0.05 0.05 0.05 0.05 0.05 0.05 0.05 0.05 0.05 0.05 0.05 0.05 0.05
  per-rule acc: 0.05 0.05
Epoch 1120 | Train: Loss=0.0195 Acc=99.9% | Test: Acc=5.2% | Best=5.2%(@1120)
  from x3: 0.05 0.05 0.05 0.05 0.05 0.05 0.05 0.05 0.05 0.05 0.05 0.05 0.05
  per-rule acc: 0.05 0.05
Epoch 1140 | Train: Loss=0.0201 Acc=99.9% | Test: Acc=5.2% | Best=5.2%(@1120)
  from x3: 0.05 0.05 0.05 0.05 0.05 0.05 0.05 0.05 0.05 0.05 0.05 0.05 0.05
  per-rule acc: 0.05 0.05
Epoch 1160 | Train: Loss=0.0115 Acc=100.0% | Test: Acc=5.7% | Best=5.7%(@1160)
  from x3: 0.05 0.06 0.06 0.06 0.06 0.06 0.06 0.06 0.06 0.06 0.06 0.06 0.06
  per-rule acc: 0.06 0.06
Epoch 1180 | Train: Loss=0.0154 Acc=100.0% | Test: Acc=5.5% | Best=5.7%(@1160)
  from x3: 0.06 0.05 0.06 0.05 0.06 0.06 0.06 0.05 0.05 0.05 0.05 0.05 0.06
  per-rule acc: 0.05 0.05
Epoch 1200 | Train: Loss=0.0156 Acc=100.0% | Test: Acc=5.3% | Best=5.7%(@1160)
  from x3: 0.05 0.05 0.05 0.05 0.05 0.05 0.05 0.05 0.05 0.05 0.05 0.05 0.05
  per-rule acc: 0.05 0.05
Epoch 1220 | Train: Loss=0.0164 Acc=100.0% | Test: Acc=5.8% | Best=5.8%(@1220)
  from x3: 0.06 0.06 0.06 0.06 0.06 0.06 0.06 0.06 0.06 0.06 0.06 0.06 0.06
  per-rule acc: 0.06 0.06
Epoch 1240 | Train: Loss=0.0182 Acc=100.0% | Test: Acc=5.9% | Best=5.9%(@1240)
  from x3: 0.06 0.06 0.06 0.06 0.06 0.06 0.06 0.06 0.06 0.06 0.06 0.06 0.06
  per-rule acc: 0.06 0.06
Epoch 1260 | Train: Loss=0.0123 Acc=99.9% | Test: Acc=6.1% | Best=6.1%(@1260)
  from x3: 0.06 0.06 0.06 0.06 0.06 0.06 0.06 0.06 0.06 0.06 0.06 0.06 0.06
  per-rule acc: 0.06 0.06
Epoch 1280 | Train: Loss=0.0168 Acc=100.0% | Test: Acc=6.0% | Best=6.1%(@1260)
  from x3: 0.06 0.06 0.06 0.06 0.06 0.06 0.06 0.06 0.06 0.06 0.06 0.06 0.06
  per-rule acc: 0.06 0.06
Epoch 1300 | Train: Loss=0.0103 Acc=100.0% | Test: Acc=6.4% | Best=6.4%(@1300)
  from x3: 0.06 0.06 0.06 0.06 0.06 0.06 0.06 0.06 0.06 0.06 0.06 0.06 0.06
  per-rule acc: 0.06 0.06
Epoch 1320 | Train: Loss=0.0141 Acc=100.0% | Test: Acc=6.4% | Best=6.4%(@1320)
  from x3: 0.06 0.06 0.06 0.07 0.07 0.07 0.06 0.06 0.06 0.06 0.06 0.06 0.06
  per-rule acc: 0.07 0.06
Epoch 1340 | Train: Loss=0.0131 Acc=99.9% | Test: Acc=6.5% | Best=6.5%(@1340)
  from x3: 0.06 0.07 0.07 0.06 0.06 0.06 0.06 0.06 0.06 0.06 0.06 0.06 0.06
  per-rule acc: 0.06 0.06
Epoch 1360 | Train: Loss=0.0181 Acc=100.0% | Test: Acc=6.4% | Best=6.5%(@1340)
  from x3: 0.06 0.06 0.06 0.06 0.06 0.06 0.06 0.06 0.06 0.07 0.07 0.06 0.06
  per-rule acc: 0.07 0.06
Epoch 1380 | Train: Loss=0.0128 Acc=100.0% | Test: Acc=6.6% | Best=6.6%(@1380)
  from x3: 0.07 0.07 0.07 0.07 0.07 0.07 0.07 0.07 0.07 0.07 0.07 0.06 0.07
  per-rule acc: 0.07 0.06
Epoch 1400 | Train: Loss=0.0138 Acc=100.0% | Test: Acc=6.5% | Best=6.6%(@1380)
  from x3: 0.07 0.07 0.06 0.06 0.06 0.06 0.06 0.06 0.07 0.07 0.07 0.07 0.07
  per-rule acc: 0.07 0.06
Epoch 1420 | Train: Loss=0.0149 Acc=100.0% | Test: Acc=6.6% | Best=6.6%(@1380)
  from x3: 0.07 0.07 0.07 0.07 0.07 0.06 0.07 0.07 0.07 0.07 0.07 0.06 0.07
  per-rule acc: 0.07 0.06
Epoch 1440 | Train: Loss=0.0118 Acc=100.0% | Test: Acc=6.3% | Best=6.6%(@1380)
  from x3: 0.07 0.06 0.06 0.06 0.06 0.06 0.06 0.06 0.06 0.06 0.06 0.06 0.06
  per-rule acc: 0.07 0.06
Epoch 1460 | Train: Loss=0.0151 Acc=100.0% | Test: Acc=6.6% | Best=6.6%(@1380)
  from x3: 0.07 0.06 0.06 0.06 0.06 0.07 0.07 0.07 0.07 0.07 0.07 0.07 0.07
  per-rule acc: 0.07 0.06
Epoch 1480 | Train: Loss=0.0168 Acc=100.0% | Test: Acc=7.5% | Best=7.5%(@1480)
  from x3: 0.08 0.08 0.08 0.08 0.08 0.07 0.08 0.08 0.08 0.08 0.08 0.08 0.07
  per-rule acc: 0.08 0.07
Epoch 1500 | Train: Loss=0.0127 Acc=100.0% | Test: Acc=6.9% | Best=7.5%(@1480)
  from x3: 0.07 0.07 0.07 0.07 0.07 0.07 0.07 0.07 0.07 0.07 0.07 0.07 0.07
  per-rule acc: 0.07 0.07
Epoch 1520 | Train: Loss=0.0130 Acc=99.9% | Test: Acc=7.3% | Best=7.5%(@1480)
  from x3: 0.08 0.07 0.07 0.07 0.07 0.07 0.07 0.07 0.07 0.07 0.07 0.07 0.07
  per-rule acc: 0.07 0.07
Epoch 1540 | Train: Loss=0.0135 Acc=100.0% | Test: Acc=7.3% | Best=7.5%(@1480)
  from x3: 0.07 0.07 0.07 0.07 0.07 0.07 0.07 0.07 0.07 0.07 0.07 0.07 0.07
  per-rule acc: 0.08 0.07
Epoch 1560 | Train: Loss=0.0097 Acc=99.9% | Test: Acc=7.2% | Best=7.5%(@1480)
  from x3: 0.08 0.08 0.07 0.07 0.07 0.07 0.07 0.07 0.07 0.07 0.07 0.07 0.07
  per-rule acc: 0.08 0.07
Epoch 1580 | Train: Loss=0.0187 Acc=100.0% | Test: Acc=7.4% | Best=7.5%(@1480)
  from x3: 0.08 0.08 0.07 0.08 0.08 0.07 0.07 0.07 0.07 0.07 0.07 0.07 0.07
  per-rule acc: 0.07 0.07
Epoch 1600 | Train: Loss=0.0113 Acc=100.0% | Test: Acc=7.7% | Best=7.7%(@1600)
  from x3: 0.08 0.08 0.08 0.08 0.08 0.08 0.08 0.08 0.08 0.08 0.08 0.08 0.08
  per-rule acc: 0.07 0.08
Epoch 1620 | Train: Loss=0.0139 Acc=100.0% | Test: Acc=7.4% | Best=7.7%(@1600)
  from x3: 0.08 0.07 0.07 0.07 0.07 0.07 0.07 0.07 0.07 0.07 0.07 0.07 0.07
  per-rule acc: 0.08 0.07
Epoch 1640 | Train: Loss=0.0141 Acc=100.0% | Test: Acc=8.3% | Best=8.3%(@1640)
  from x3: 0.08 0.08 0.08 0.08 0.08 0.08 0.08 0.08 0.08 0.08 0.08 0.08 0.08
  per-rule acc: 0.08 0.08
Epoch 1660 | Train: Loss=0.0073 Acc=100.0% | Test: Acc=8.5% | Best=8.5%(@1660)
  from x3: 0.09 0.09 0.09 0.08 0.09 0.08 0.08 0.08 0.09 0.09 0.09 0.09 0.08
  per-rule acc: 0.09 0.08
Epoch 1680 | Train: Loss=0.0142 Acc=100.0% | Test: Acc=8.3% | Best=8.5%(@1660)
  from x3: 0.08 0.08 0.08 0.08 0.08 0.08 0.08 0.08 0.08 0.08 0.08 0.08 0.08
  per-rule acc: 0.08 0.08
Epoch 1700 | Train: Loss=0.0140 Acc=100.0% | Test: Acc=8.3% | Best=8.5%(@1660)
  from x3: 0.09 0.08 0.08 0.08 0.08 0.08 0.08 0.08 0.08 0.08 0.08 0.08 0.08
  per-rule acc: 0.08 0.08
Epoch 1720 | Train: Loss=0.0074 Acc=100.0% | Test: Acc=8.8% | Best=8.8%(@1720)
  from x3: 0.09 0.09 0.09 0.09 0.09 0.09 0.09 0.09 0.09 0.09 0.09 0.09 0.09
  per-rule acc: 0.09 0.09
Epoch 1740 | Train: Loss=0.0140 Acc=100.0% | Test: Acc=8.4% | Best=8.8%(@1720)
  from x3: 0.09 0.08 0.08 0.08 0.08 0.08 0.08 0.08 0.08 0.08 0.08 0.08 0.08
  per-rule acc: 0.08 0.09
Epoch 1760 | Train: Loss=0.0144 Acc=100.0% | Test: Acc=9.1% | Best=9.1%(@1760)
  from x3: 0.09 0.09 0.09 0.09 0.09 0.09 0.09 0.09 0.09 0.09 0.09 0.09 0.09
  per-rule acc: 0.09 0.09
Epoch 1780 | Train: Loss=0.0244 Acc=100.0% | Test: Acc=8.5% | Best=9.1%(@1760)
  from x3: 0.09 0.09 0.08 0.09 0.09 0.08 0.08 0.08 0.08 0.08 0.08 0.08 0.09
  per-rule acc: 0.08 0.08
Epoch 1800 | Train: Loss=0.0100 Acc=100.0% | Test: Acc=9.2% | Best=9.2%(@1800)
  from x3: 0.09 0.09 0.09 0.09 0.09 0.09 0.09 0.09 0.09 0.09 0.09 0.09 0.09
  per-rule acc: 0.09 0.09
Epoch 1820 | Train: Loss=0.0149 Acc=100.0% | Test: Acc=8.3% | Best=9.2%(@1800)
  from x3: 0.09 0.09 0.08 0.08 0.08 0.08 0.08 0.08 0.08 0.08 0.08 0.08 0.08
  per-rule acc: 0.08 0.08
Epoch 1840 | Train: Loss=0.0108 Acc=100.0% | Test: Acc=9.3% | Best=9.3%(@1840)
  from x3: 0.10 0.09 0.09 0.09 0.09 0.09 0.09 0.09 0.09 0.09 0.09 0.09 0.09
  per-rule acc: 0.09 0.09
Epoch 1860 | Train: Loss=0.0150 Acc=100.0% | Test: Acc=9.2% | Best=9.3%(@1840)
  from x3: 0.10 0.10 0.09 0.09 0.09 0.09 0.09 0.09 0.09 0.09 0.09 0.09 0.09
  per-rule acc: 0.09 0.10
Epoch 1880 | Train: Loss=0.0121 Acc=100.0% | Test: Acc=9.4% | Best=9.4%(@1880)
  from x3: 0.10 0.10 0.09 0.09 0.09 0.09 0.09 0.09 0.09 0.09 0.09 0.09 0.09
  per-rule acc: 0.09 0.10
Epoch 1900 | Train: Loss=0.0147 Acc=100.0% | Test: Acc=9.5% | Best=9.5%(@1900)
  from x3: 0.10 0.10 0.10 0.09 0.10 0.10 0.10 0.09 0.09 0.09 0.09 0.10 0.09
  per-rule acc: 0.10 0.09
Epoch 1920 | Train: Loss=0.0089 Acc=100.0% | Test: Acc=10.0% | Best=10.0%(@1920)
  from x3: 0.11 0.10 0.10 0.10 0.10 0.10 0.10 0.10 0.10 0.10 0.10 0.10 0.10
  per-rule acc: 0.09 0.11
Epoch 1940 | Train: Loss=0.0074 Acc=100.0% | Test: Acc=10.0% | Best=10.0%(@1940)
  from x3: 0.11 0.10 0.10 0.10 0.10 0.10 0.10 0.10 0.10 0.10 0.10 0.10 0.10
  per-rule acc: 0.10 0.10
Epoch 1960 | Train: Loss=0.0137 Acc=100.0% | Test: Acc=9.8% | Best=10.0%(@1940)
  from x3: 0.11 0.10 0.10 0.10 0.10 0.10 0.10 0.10 0.10 0.10 0.10 0.10 0.10
  per-rule acc: 0.10 0.10
Epoch 1980 | Train: Loss=0.0102 Acc=100.0% | Test: Acc=9.8% | Best=10.0%(@1940)
  from x3: 0.10 0.10 0.10 0.10 0.10 0.10 0.10 0.10 0.10 0.10 0.10 0.10 0.10
  per-rule acc: 0.10 0.10
Epoch 2000 | Train: Loss=0.0089 Acc=100.0% | Test: Acc=10.8% | Best=10.8%(@2000)
  from x3: 0.11 0.11 0.11 0.11 0.11 0.11 0.11 0.11 0.11 0.11 0.11 0.11 0.11
  per-rule acc: 0.10 0.11
Epoch 2020 | Train: Loss=0.0145 Acc=100.0% | Test: Acc=9.8% | Best=10.8%(@2000)
  from x3: 0.10 0.10 0.10 0.10 0.10 0.10 0.10 0.10 0.10 0.10 0.10 0.10 0.10
  per-rule acc: 0.10 0.10
Epoch 2040 | Train: Loss=0.0112 Acc=100.0% | Test: Acc=10.8% | Best=10.8%(@2000)
  from x3: 0.11 0.11 0.11 0.11 0.11 0.11 0.11 0.11 0.11 0.11 0.11 0.11 0.11
  per-rule acc: 0.11 0.11
Epoch 2060 | Train: Loss=0.0128 Acc=100.0% | Test: Acc=10.3% | Best=10.8%(@2000)
  from x3: 0.11 0.10 0.10 0.10 0.10 0.10 0.10 0.10 0.10 0.10 0.10 0.10 0.10
  per-rule acc: 0.10 0.10
Epoch 2080 | Train: Loss=0.0069 Acc=100.0% | Test: Acc=11.4% | Best=11.4%(@2080)
  from x3: 0.12 0.11 0.12 0.11 0.11 0.11 0.11 0.11 0.11 0.11 0.11 0.11 0.11
  per-rule acc: 0.11 0.12
Epoch 2100 | Train: Loss=0.0184 Acc=100.0% | Test: Acc=10.4% | Best=11.4%(@2080)
  from x3: 0.11 0.11 0.10 0.10 0.10 0.10 0.10 0.10 0.10 0.10 0.10 0.10 0.10
  per-rule acc: 0.10 0.10
Epoch 2120 | Train: Loss=0.0132 Acc=100.0% | Test: Acc=10.8% | Best=11.4%(@2080)
  from x3: 0.11 0.11 0.11 0.11 0.11 0.11 0.11 0.11 0.11 0.11 0.11 0.11 0.11
  per-rule acc: 0.10 0.11
Epoch 2140 | Train: Loss=0.0123 Acc=100.0% | Test: Acc=11.0% | Best=11.4%(@2080)
  from x3: 0.12 0.11 0.11 0.11 0.11 0.11 0.11 0.11 0.11 0.11 0.11 0.11 0.11
  per-rule acc: 0.11 0.11
Epoch 2160 | Train: Loss=0.0101 Acc=100.0% | Test: Acc=12.2% | Best=12.2%(@2160)
  from x3: 0.12 0.12 0.12 0.12 0.12 0.12 0.12 0.12 0.12 0.12 0.12 0.12 0.12
  per-rule acc: 0.12 0.13
Epoch 2180 | Train: Loss=0.0122 Acc=100.0% | Test: Acc=10.8% | Best=12.2%(@2160)
  from x3: 0.11 0.11 0.11 0.11 0.11 0.11 0.11 0.11 0.11 0.11 0.11 0.11 0.11
  per-rule acc: 0.10 0.11
Epoch 2200 | Train: Loss=0.0070 Acc=100.0% | Test: Acc=11.9% | Best=12.2%(@2160)
  from x3: 0.12 0.12 0.12 0.12 0.12 0.12 0.12 0.12 0.12 0.12 0.12 0.12 0.12
  per-rule acc: 0.11 0.12
Epoch 2220 | Train: Loss=0.0096 Acc=100.0% | Test: Acc=12.1% | Best=12.2%(@2160)
  from x3: 0.12 0.12 0.12 0.12 0.12 0.12 0.12 0.12 0.12 0.12 0.12 0.12 0.12
  per-rule acc: 0.11 0.13
Epoch 2240 | Train: Loss=0.0120 Acc=100.0% | Test: Acc=12.4% | Best=12.4%(@2240)
  from x3: 0.13 0.12 0.13 0.12 0.12 0.12 0.12 0.12 0.12 0.12 0.12 0.12 0.12
  per-rule acc: 0.11 0.13
Epoch 2260 | Train: Loss=0.0127 Acc=100.0% | Test: Acc=11.7% | Best=12.4%(@2240)
  from x3: 0.12 0.11 0.12 0.12 0.12 0.12 0.12 0.12 0.12 0.12 0.12 0.11 0.11
  per-rule acc: 0.11 0.13
Epoch 2280 | Train: Loss=0.0102 Acc=100.0% | Test: Acc=13.1% | Best=13.1%(@2280)
  from x3: 0.14 0.13 0.13 0.13 0.13 0.13 0.13 0.13 0.13 0.13 0.13 0.13 0.13
  per-rule acc: 0.12 0.14
Epoch 2300 | Train: Loss=0.0128 Acc=100.0% | Test: Acc=11.6% | Best=13.1%(@2280)
  from x3: 0.12 0.12 0.12 0.12 0.12 0.12 0.12 0.12 0.12 0.11 0.11 0.11 0.11
  per-rule acc: 0.11 0.12
Epoch 2320 | Train: Loss=0.0154 Acc=99.9% | Test: Acc=11.7% | Best=13.1%(@2280)
  from x3: 0.12 0.12 0.12 0.12 0.12 0.12 0.12 0.12 0.12 0.12 0.12 0.12 0.12
  per-rule acc: 0.11 0.12
Epoch 2340 | Train: Loss=0.0061 Acc=100.0% | Test: Acc=13.8% | Best=13.8%(@2340)
  from x3: 0.14 0.14 0.14 0.14 0.14 0.14 0.14 0.14 0.13 0.14 0.14 0.14 0.14
  per-rule acc: 0.13 0.15
Epoch 2360 | Train: Loss=0.0080 Acc=100.0% | Test: Acc=13.2% | Best=13.8%(@2340)
  from x3: 0.14 0.13 0.13 0.13 0.13 0.13 0.13 0.13 0.13 0.13 0.13 0.13 0.13
  per-rule acc: 0.13 0.14
Epoch 2380 | Train: Loss=0.0132 Acc=100.0% | Test: Acc=12.9% | Best=13.8%(@2340)
  from x3: 0.14 0.13 0.13 0.13 0.13 0.13 0.13 0.13 0.13 0.13 0.13 0.13 0.13
  per-rule acc: 0.12 0.14
Epoch 2400 | Train: Loss=0.0129 Acc=100.0% | Test: Acc=12.8% | Best=13.8%(@2340)
  from x3: 0.13 0.13 0.13 0.13 0.13 0.13 0.13 0.13 0.13 0.13 0.13 0.13 0.13
  per-rule acc: 0.12 0.14
Epoch 2420 | Train: Loss=0.0072 Acc=100.0% | Test: Acc=14.5% | Best=14.5%(@2420)
  from x3: 0.15 0.15 0.15 0.15 0.15 0.15 0.15 0.15 0.14 0.14 0.14 0.14 0.14
  per-rule acc: 0.13 0.16
Epoch 2440 | Train: Loss=0.0115 Acc=100.0% | Test: Acc=13.5% | Best=14.5%(@2420)
  from x3: 0.14 0.14 0.14 0.14 0.14 0.14 0.14 0.13 0.13 0.13 0.13 0.13 0.13
  per-rule acc: 0.13 0.14
Epoch 2460 | Train: Loss=0.0060 Acc=100.0% | Test: Acc=14.8% | Best=14.8%(@2460)
  from x3: 0.15 0.15 0.15 0.15 0.15 0.15 0.15 0.15 0.15 0.15 0.15 0.14 0.15
  per-rule acc: 0.14 0.16
Epoch 2480 | Train: Loss=0.0108 Acc=100.0% | Test: Acc=14.2% | Best=14.8%(@2460)
  from x3: 0.14 0.15 0.14 0.14 0.14 0.14 0.14 0.14 0.14 0.14 0.14 0.14 0.14
  per-rule acc: 0.13 0.15
Epoch 2500 | Train: Loss=0.0134 Acc=100.0% | Test: Acc=14.0% | Best=14.8%(@2460)
  from x3: 0.14 0.14 0.14 0.14 0.14 0.14 0.14 0.14 0.14 0.14 0.14 0.14 0.14
  per-rule acc: 0.13 0.15
Epoch 2520 | Train: Loss=0.0051 Acc=100.0% | Test: Acc=16.0% | Best=16.0%(@2520)
  from x3: 0.16 0.16 0.16 0.16 0.16 0.16 0.16 0.16 0.16 0.16 0.16 0.16 0.16
  per-rule acc: 0.14 0.18
Epoch 2540 | Train: Loss=0.0072 Acc=100.0% | Test: Acc=15.1% | Best=16.0%(@2520)
  from x3: 0.15 0.15 0.15 0.15 0.15 0.15 0.15 0.15 0.15 0.15 0.15 0.15 0.15
  per-rule acc: 0.13 0.17
Epoch 2560 | Train: Loss=0.0172 Acc=99.9% | Test: Acc=13.7% | Best=16.0%(@2520)
  from x3: 0.14 0.14 0.14 0.14 0.14 0.14 0.14 0.14 0.14 0.14 0.13 0.13 0.14
  per-rule acc: 0.12 0.15
Epoch 2580 | Train: Loss=0.0093 Acc=100.0% | Test: Acc=14.1% | Best=16.0%(@2520)
  from x3: 0.15 0.15 0.14 0.14 0.14 0.14 0.14 0.14 0.14 0.14 0.14 0.14 0.14
  per-rule acc: 0.12 0.16
Epoch 2600 | Train: Loss=0.0058 Acc=100.0% | Test: Acc=15.9% | Best=16.0%(@2520)
  from x3: 0.16 0.16 0.16 0.16 0.16 0.16 0.16 0.16 0.16 0.16 0.16 0.16 0.16
  per-rule acc: 0.14 0.18
Epoch 2620 | Train: Loss=0.0057 Acc=100.0% | Test: Acc=15.8% | Best=16.0%(@2520)
  from x3: 0.16 0.16 0.16 0.16 0.16 0.16 0.16 0.16 0.16 0.16 0.16 0.16 0.16
  per-rule acc: 0.14 0.18
Epoch 2640 | Train: Loss=0.0049 Acc=100.0% | Test: Acc=16.0% | Best=16.0%(@2640)
  from x3: 0.17 0.16 0.16 0.16 0.16 0.16 0.16 0.16 0.16 0.16 0.16 0.16 0.16
  per-rule acc: 0.15 0.17
Epoch 2660 | Train: Loss=0.0163 Acc=100.0% | Test: Acc=15.0% | Best=16.0%(@2640)
  from x3: 0.16 0.15 0.15 0.15 0.15 0.15 0.15 0.15 0.15 0.15 0.15 0.15 0.15
  per-rule acc: 0.13 0.17
Epoch 2680 | Train: Loss=0.0081 Acc=100.0% | Test: Acc=16.5% | Best=16.5%(@2680)
  from x3: 0.17 0.17 0.17 0.17 0.16 0.17 0.17 0.16 0.16 0.16 0.16 0.16 0.17
  per-rule acc: 0.14 0.19
Epoch 2700 | Train: Loss=0.0076 Acc=100.0% | Test: Acc=16.5% | Best=16.5%(@2680)
  from x3: 0.17 0.17 0.17 0.16 0.17 0.16 0.16 0.16 0.16 0.16 0.16 0.16 0.16
  per-rule acc: 0.13 0.20
Epoch 2720 | Train: Loss=0.0062 Acc=100.0% | Test: Acc=17.1% | Best=17.1%(@2720)
  from x3: 0.18 0.17 0.17 0.17 0.17 0.17 0.17 0.17 0.17 0.17 0.17 0.17 0.17
  per-rule acc: 0.15 0.20
Epoch 2740 | Train: Loss=0.0095 Acc=100.0% | Test: Acc=16.2% | Best=17.1%(@2720)
  from x3: 0.17 0.17 0.16 0.16 0.16 0.16 0.16 0.16 0.16 0.16 0.16 0.16 0.16
  per-rule acc: 0.13 0.19
Epoch 2760 | Train: Loss=0.0067 Acc=100.0% | Test: Acc=17.1% | Best=17.1%(@2720)
  from x3: 0.17 0.17 0.17 0.17 0.17 0.17 0.17 0.17 0.17 0.17 0.17 0.17 0.17
  per-rule acc: 0.14 0.20
Epoch 2780 | Train: Loss=0.0099 Acc=100.0% | Test: Acc=16.9% | Best=17.1%(@2720)
  from x3: 0.17 0.17 0.17 0.17 0.17 0.17 0.17 0.17 0.17 0.17 0.17 0.17 0.16
  per-rule acc: 0.14 0.20
Epoch 2800 | Train: Loss=0.0138 Acc=100.0% | Test: Acc=17.0% | Best=17.1%(@2720)
  from x3: 0.17 0.17 0.17 0.17 0.17 0.17 0.17 0.17 0.17 0.17 0.17 0.17 0.17
  per-rule acc: 0.14 0.20
Epoch 2820 | Train: Loss=0.0061 Acc=100.0% | Test: Acc=18.2% | Best=18.2%(@2820)
  from x3: 0.19 0.18 0.18 0.18 0.18 0.18 0.18 0.18 0.18 0.18 0.18 0.18 0.18
  per-rule acc: 0.15 0.21
Epoch 2840 | Train: Loss=0.0096 Acc=100.0% | Test: Acc=17.2% | Best=18.2%(@2820)
  from x3: 0.18 0.17 0.17 0.17 0.17 0.17 0.17 0.17 0.17 0.17 0.17 0.17 0.17
  per-rule acc: 0.14 0.20
Epoch 2860 | Train: Loss=0.0146 Acc=100.0% | Test: Acc=17.2% | Best=18.2%(@2820)
  from x3: 0.17 0.17 0.17 0.17 0.17 0.17 0.17 0.17 0.17 0.17 0.17 0.17 0.17
  per-rule acc: 0.14 0.20
Epoch 2880 | Train: Loss=0.0095 Acc=100.0% | Test: Acc=16.9% | Best=18.2%(@2820)
  from x3: 0.18 0.17 0.17 0.17 0.17 0.17 0.17 0.17 0.17 0.17 0.17 0.17 0.17
  per-rule acc: 0.14 0.20
Epoch 2900 | Train: Loss=0.0056 Acc=100.0% | Test: Acc=18.8% | Best=18.8%(@2900)
  from x3: 0.19 0.19 0.19 0.19 0.19 0.19 0.19 0.19 0.19 0.19 0.19 0.19 0.19
  per-rule acc: 0.16 0.22
Epoch 2920 | Train: Loss=0.0128 Acc=100.0% | Test: Acc=17.2% | Best=18.8%(@2900)
  from x3: 0.17 0.17 0.17 0.17 0.17 0.17 0.17 0.17 0.17 0.17 0.17 0.17 0.17
  per-rule acc: 0.14 0.21
Epoch 2940 | Train: Loss=0.0129 Acc=100.0% | Test: Acc=17.9% | Best=18.8%(@2900)
  from x3: 0.19 0.18 0.18 0.18 0.18 0.18 0.18 0.18 0.18 0.18 0.18 0.18 0.18
  per-rule acc: 0.15 0.21
Epoch 2960 | Train: Loss=0.0075 Acc=100.0% | Test: Acc=18.7% | Best=18.8%(@2900)
  from x3: 0.19 0.19 0.19 0.19 0.19 0.19 0.19 0.19 0.19 0.19 0.19 0.18 0.19
  per-rule acc: 0.15 0.22
Epoch 2980 | Train: Loss=0.0103 Acc=100.0% | Test: Acc=18.2% | Best=18.8%(@2900)
  from x3: 0.19 0.18 0.18 0.18 0.18 0.18 0.18 0.18 0.18 0.18 0.18 0.18 0.18
  per-rule acc: 0.15 0.21
Epoch 3000 | Train: Loss=0.0052 Acc=100.0% | Test: Acc=20.6% | Best=20.6%(@3000)
  from x3: 0.21 0.21 0.21 0.20 0.20 0.20 0.20 0.20 0.20 0.20 0.21 0.21 0.21
  per-rule acc: 0.17 0.25
Epoch 3020 | Train: Loss=0.0062 Acc=100.0% | Test: Acc=19.1% | Best=20.6%(@3000)
  from x3: 0.20 0.19 0.19 0.19 0.19 0.19 0.19 0.19 0.19 0.19 0.19 0.19 0.19
  per-rule acc: 0.15 0.23
Epoch 3040 | Train: Loss=0.0081 Acc=100.0% | Test: Acc=19.9% | Best=20.6%(@3000)
  from x3: 0.20 0.20 0.20 0.20 0.20 0.20 0.20 0.20 0.20 0.20 0.20 0.20 0.20
  per-rule acc: 0.16 0.24
Epoch 3060 | Train: Loss=0.0066 Acc=100.0% | Test: Acc=20.4% | Best=20.6%(@3000)
  from x3: 0.21 0.20 0.20 0.20 0.20 0.20 0.20 0.20 0.20 0.20 0.20 0.20 0.20
  per-rule acc: 0.16 0.25
Epoch 3080 | Train: Loss=0.0152 Acc=100.0% | Test: Acc=18.2% | Best=20.6%(@3000)
  from x3: 0.19 0.19 0.18 0.18 0.18 0.18 0.18 0.18 0.18 0.18 0.18 0.18 0.18
  per-rule acc: 0.14 0.22
Epoch 3100 | Train: Loss=0.0088 Acc=100.0% | Test: Acc=20.1% | Best=20.6%(@3000)
  from x3: 0.21 0.21 0.20 0.20 0.20 0.20 0.20 0.20 0.20 0.20 0.20 0.20 0.20
  per-rule acc: 0.15 0.25
Epoch 3120 | Train: Loss=0.0066 Acc=100.0% | Test: Acc=20.5% | Best=20.6%(@3000)
  from x3: 0.21 0.21 0.21 0.20 0.20 0.20 0.20 0.20 0.21 0.20 0.20 0.20 0.20
  per-rule acc: 0.16 0.25
Epoch 3140 | Train: Loss=0.0087 Acc=100.0% | Test: Acc=20.5% | Best=20.6%(@3000)
  from x3: 0.20 0.21 0.21 0.20 0.20 0.20 0.20 0.20 0.20 0.20 0.20 0.20 0.20
  per-rule acc: 0.16 0.25
Epoch 3160 | Train: Loss=0.0062 Acc=100.0% | Test: Acc=21.2% | Best=21.2%(@3160)
  from x3: 0.21 0.21 0.21 0.21 0.21 0.21 0.21 0.21 0.21 0.21 0.21 0.21 0.21
  per-rule acc: 0.17 0.26
Epoch 3180 | Train: Loss=0.0151 Acc=99.9% | Test: Acc=20.9% | Best=21.2%(@3160)
  from x3: 0.21 0.21 0.21 0.21 0.21 0.21 0.21 0.21 0.21 0.21 0.21 0.21 0.21
  per-rule acc: 0.17 0.25
Epoch 3200 | Train: Loss=0.0099 Acc=100.0% | Test: Acc=19.9% | Best=21.2%(@3160)
  from x3: 0.20 0.20 0.20 0.20 0.20 0.20 0.20 0.20 0.20 0.20 0.20 0.20 0.20
  per-rule acc: 0.16 0.24
Epoch 3220 | Train: Loss=0.0112 Acc=100.0% | Test: Acc=19.9% | Best=21.2%(@3160)
  from x3: 0.21 0.20 0.20 0.20 0.20 0.20 0.20 0.20 0.20 0.20 0.20 0.20 0.20
  per-rule acc: 0.16 0.23
Epoch 3240 | Train: Loss=0.0080 Acc=100.0% | Test: Acc=21.0% | Best=21.2%(@3160)
  from x3: 0.22 0.21 0.21 0.21 0.21 0.21 0.21 0.21 0.21 0.21 0.21 0.21 0.21
  per-rule acc: 0.16 0.26
Epoch 3260 | Train: Loss=0.0086 Acc=100.0% | Test: Acc=21.6% | Best=21.6%(@3260)
  from x3: 0.22 0.22 0.22 0.22 0.22 0.22 0.21 0.21 0.22 0.22 0.22 0.22 0.22
  per-rule acc: 0.17 0.26
Epoch 3280 | Train: Loss=0.0053 Acc=100.0% | Test: Acc=22.9% | Best=22.9%(@3280)
  from x3: 0.24 0.23 0.23 0.23 0.23 0.23 0.23 0.23 0.23 0.23 0.23 0.23 0.23
  per-rule acc: 0.18 0.28
Epoch 3300 | Train: Loss=0.0112 Acc=100.0% | Test: Acc=20.1% | Best=22.9%(@3280)
  from x3: 0.20 0.20 0.20 0.20 0.20 0.20 0.20 0.20 0.20 0.20 0.20 0.20 0.20
  per-rule acc: 0.15 0.25
Epoch 3320 | Train: Loss=0.0070 Acc=100.0% | Test: Acc=22.8% | Best=22.9%(@3280)
  from x3: 0.23 0.23 0.23 0.23 0.23 0.23 0.23 0.23 0.23 0.23 0.23 0.23 0.23
  per-rule acc: 0.18 0.28
Epoch 3340 | Train: Loss=0.0090 Acc=100.0% | Test: Acc=22.1% | Best=22.9%(@3280)
  from x3: 0.22 0.22 0.22 0.22 0.22 0.22 0.22 0.22 0.22 0.22 0.22 0.22 0.22
  per-rule acc: 0.17 0.27
Epoch 3360 | Train: Loss=0.0057 Acc=100.0% | Test: Acc=23.3% | Best=23.3%(@3360)
  from x3: 0.24 0.24 0.23 0.23 0.23 0.23 0.23 0.23 0.23 0.23 0.23 0.23 0.23
  per-rule acc: 0.18 0.29
Epoch 3380 | Train: Loss=0.0131 Acc=100.0% | Test: Acc=21.5% | Best=23.3%(@3360)
  from x3: 0.22 0.22 0.22 0.22 0.22 0.22 0.21 0.22 0.21 0.21 0.21 0.21 0.21
  per-rule acc: 0.17 0.26
Epoch 3400 | Train: Loss=0.0140 Acc=100.0% | Test: Acc=21.3% | Best=23.3%(@3360)
  from x3: 0.22 0.21 0.22 0.22 0.21 0.21 0.21 0.21 0.21 0.21 0.21 0.21 0.21
  per-rule acc: 0.17 0.26
Epoch 3420 | Train: Loss=0.0088 Acc=100.0% | Test: Acc=22.4% | Best=23.3%(@3360)
  from x3: 0.23 0.23 0.23 0.22 0.22 0.22 0.22 0.22 0.22 0.22 0.22 0.22 0.22
  per-rule acc: 0.17 0.28
Epoch 3440 | Train: Loss=0.0056 Acc=100.0% | Test: Acc=24.3% | Best=24.3%(@3440)
  from x3: 0.25 0.24 0.24 0.24 0.24 0.24 0.24 0.24 0.24 0.24 0.24 0.24 0.24
  per-rule acc: 0.19 0.30
Epoch 3460 | Train: Loss=0.0106 Acc=100.0% | Test: Acc=22.8% | Best=24.3%(@3440)
  from x3: 0.23 0.23 0.23 0.23 0.23 0.23 0.23 0.23 0.23 0.23 0.23 0.23 0.23
  per-rule acc: 0.17 0.28
Epoch 3480 | Train: Loss=0.0049 Acc=100.0% | Test: Acc=24.4% | Best=24.4%(@3480)
  from x3: 0.26 0.24 0.25 0.24 0.24 0.24 0.24 0.24 0.24 0.24 0.24 0.24 0.24
  per-rule acc: 0.19 0.30
Epoch 3500 | Train: Loss=0.0096 Acc=100.0% | Test: Acc=23.4% | Best=24.4%(@3480)
  from x3: 0.24 0.24 0.23 0.23 0.23 0.23 0.23 0.23 0.23 0.23 0.23 0.23 0.23
  per-rule acc: 0.19 0.28
Epoch 3520 | Train: Loss=0.0056 Acc=100.0% | Test: Acc=24.6% | Best=24.6%(@3520)
  from x3: 0.25 0.25 0.25 0.25 0.25 0.25 0.25 0.25 0.24 0.24 0.24 0.24 0.24
  per-rule acc: 0.19 0.30
Epoch 3540 | Train: Loss=0.0135 Acc=100.0% | Test: Acc=23.6% | Best=24.6%(@3520)
  from x3: 0.23 0.24 0.23 0.24 0.24 0.24 0.24 0.24 0.24 0.24 0.24 0.23 0.23
  per-rule acc: 0.17 0.30
Epoch 3560 | Train: Loss=0.0044 Acc=100.0% | Test: Acc=25.4% | Best=25.4%(@3560)
  from x3: 0.27 0.26 0.25 0.25 0.25 0.25 0.25 0.25 0.25 0.25 0.25 0.25 0.25
  per-rule acc: 0.19 0.31
Epoch 3580 | Train: Loss=0.0065 Acc=100.0% | Test: Acc=25.1% | Best=25.4%(@3560)
  from x3: 0.26 0.25 0.25 0.25 0.25 0.25 0.25 0.25 0.25 0.25 0.25 0.25 0.25
  per-rule acc: 0.18 0.32
Epoch 3600 | Train: Loss=0.0079 Acc=100.0% | Test: Acc=25.0% | Best=25.4%(@3560)
  from x3: 0.26 0.25 0.25 0.25 0.25 0.25 0.25 0.25 0.25 0.25 0.25 0.25 0.25
  per-rule acc: 0.19 0.31
Epoch 3620 | Train: Loss=0.0052 Acc=100.0% | Test: Acc=26.0% | Best=26.0%(@3620)
  from x3: 0.27 0.26 0.26 0.26 0.26 0.26 0.26 0.26 0.26 0.26 0.26 0.26 0.26
  per-rule acc: 0.20 0.32
Epoch 3640 | Train: Loss=0.0088 Acc=100.0% | Test: Acc=24.5% | Best=26.0%(@3620)
  from x3: 0.25 0.25 0.25 0.25 0.24 0.24 0.24 0.24 0.24 0.24 0.24 0.24 0.24
  per-rule acc: 0.19 0.30
Epoch 3660 | Train: Loss=0.0060 Acc=100.0% | Test: Acc=24.9% | Best=26.0%(@3620)
  from x3: 0.25 0.25 0.25 0.25 0.25 0.25 0.25 0.25 0.25 0.25 0.25 0.25 0.25
  per-rule acc: 0.19 0.31
Epoch 3680 | Train: Loss=0.0076 Acc=100.0% | Test: Acc=25.9% | Best=26.0%(@3620)
  from x3: 0.27 0.26 0.26 0.26 0.26 0.26 0.26 0.26 0.26 0.26 0.26 0.26 0.26
  per-rule acc: 0.19 0.33
Epoch 3700 | Train: Loss=0.0064 Acc=100.0% | Test: Acc=26.2% | Best=26.2%(@3700)
  from x3: 0.27 0.26 0.26 0.26 0.26 0.26 0.26 0.26 0.26 0.26 0.26 0.26 0.26
  per-rule acc: 0.19 0.33
Epoch 3720 | Train: Loss=0.0080 Acc=100.0% | Test: Acc=26.2% | Best=26.2%(@3720)
  from x3: 0.27 0.27 0.26 0.26 0.26 0.26 0.26 0.26 0.26 0.26 0.26 0.26 0.26
  per-rule acc: 0.19 0.33
Epoch 3740 | Train: Loss=0.0054 Acc=100.0% | Test: Acc=27.2% | Best=27.2%(@3740)
  from x3: 0.28 0.27 0.27 0.27 0.27 0.27 0.27 0.27 0.27 0.27 0.27 0.27 0.27
  per-rule acc: 0.20 0.34
Epoch 3760 | Train: Loss=0.0141 Acc=100.0% | Test: Acc=24.7% | Best=27.2%(@3740)
  from x3: 0.25 0.25 0.25 0.25 0.25 0.25 0.25 0.25 0.25 0.24 0.24 0.24 0.24
  per-rule acc: 0.18 0.31
Epoch 3780 | Train: Loss=0.0060 Acc=100.0% | Test: Acc=27.0% | Best=27.2%(@3740)
  from x3: 0.28 0.27 0.27 0.27 0.27 0.27 0.27 0.27 0.27 0.27 0.27 0.27 0.27
  per-rule acc: 0.20 0.34
Epoch 3800 | Train: Loss=0.0073 Acc=100.0% | Test: Acc=26.9% | Best=27.2%(@3740)
  from x3: 0.28 0.28 0.27 0.27 0.27 0.27 0.27 0.27 0.27 0.27 0.27 0.27 0.27
  per-rule acc: 0.20 0.34
Epoch 3820 | Train: Loss=0.0052 Acc=100.0% | Test: Acc=27.9% | Best=27.9%(@3820)
  from x3: 0.28 0.28 0.28 0.28 0.28 0.28 0.28 0.28 0.28 0.28 0.28 0.28 0.28
  per-rule acc: 0.21 0.35
Epoch 3840 | Train: Loss=0.0108 Acc=100.0% | Test: Acc=25.6% | Best=27.9%(@3820)
  from x3: 0.26 0.26 0.26 0.25 0.26 0.25 0.25 0.25 0.25 0.26 0.25 0.25 0.25
  per-rule acc: 0.19 0.32
Epoch 3860 | Train: Loss=0.0067 Acc=100.0% | Test: Acc=26.5% | Best=27.9%(@3820)
  from x3: 0.27 0.27 0.27 0.26 0.26 0.26 0.26 0.26 0.26 0.26 0.27 0.26 0.26
  per-rule acc: 0.20 0.33
Epoch 3880 | Train: Loss=0.0054 Acc=100.0% | Test: Acc=27.6% | Best=27.9%(@3820)
  from x3: 0.28 0.28 0.28 0.28 0.28 0.28 0.28 0.27 0.27 0.27 0.27 0.28 0.27
  per-rule acc: 0.20 0.35
Epoch 3900 | Train: Loss=0.0051 Acc=100.0% | Test: Acc=28.4% | Best=28.4%(@3900)
  from x3: 0.29 0.29 0.28 0.28 0.28 0.28 0.28 0.28 0.28 0.28 0.28 0.28 0.28
  per-rule acc: 0.21 0.36
Epoch 3920 | Train: Loss=0.0081 Acc=100.0% | Test: Acc=26.5% | Best=28.4%(@3900)
  from x3: 0.28 0.27 0.27 0.26 0.26 0.26 0.26 0.26 0.26 0.26 0.26 0.26 0.26
  per-rule acc: 0.20 0.33
Epoch 3940 | Train: Loss=0.0090 Acc=100.0% | Test: Acc=27.1% | Best=28.4%(@3900)
  from x3: 0.28 0.27 0.27 0.27 0.27 0.27 0.27 0.27 0.27 0.27 0.27 0.27 0.27
  per-rule acc: 0.19 0.35
Epoch 3960 | Train: Loss=0.0054 Acc=100.0% | Test: Acc=28.5% | Best=28.5%(@3960)
  from x3: 0.29 0.29 0.28 0.28 0.28 0.28 0.28 0.28 0.28 0.28 0.29 0.28 0.29
  per-rule acc: 0.21 0.36
Epoch 3980 | Train: Loss=0.0133 Acc=100.0% | Test: Acc=26.8% | Best=28.5%(@3960)
  from x3: 0.27 0.27 0.27 0.27 0.27 0.27 0.27 0.27 0.27 0.27 0.27 0.27 0.27
  per-rule acc: 0.20 0.34
Epoch 4000 | Train: Loss=0.0063 Acc=100.0% | Test: Acc=27.9% | Best=28.5%(@3960)
  from x3: 0.28 0.28 0.28 0.28 0.28 0.28 0.28 0.28 0.28 0.28 0.28 0.28 0.28
  per-rule acc: 0.20 0.36
Epoch 4020 | Train: Loss=0.0054 Acc=100.0% | Test: Acc=28.6% | Best=28.6%(@4020)
  from x3: 0.29 0.29 0.29 0.29 0.29 0.29 0.29 0.29 0.29 0.28 0.29 0.28 0.28
  per-rule acc: 0.21 0.36
Epoch 4040 | Train: Loss=0.0133 Acc=100.0% | Test: Acc=26.8% | Best=28.6%(@4020)
  from x3: 0.27 0.27 0.27 0.27 0.27 0.27 0.27 0.27 0.27 0.27 0.27 0.27 0.27
  per-rule acc: 0.19 0.35
Epoch 4060 | Train: Loss=0.0078 Acc=100.0% | Test: Acc=27.7% | Best=28.6%(@4020)
  from x3: 0.29 0.29 0.28 0.28 0.28 0.28 0.28 0.28 0.27 0.27 0.27 0.27 0.27
  per-rule acc: 0.20 0.35
Epoch 4080 | Train: Loss=0.0086 Acc=100.0% | Test: Acc=27.8% | Best=28.6%(@4020)
  from x3: 0.28 0.28 0.28 0.28 0.28 0.28 0.28 0.28 0.28 0.28 0.28 0.28 0.28
  per-rule acc: 0.21 0.35
Epoch 4100 | Train: Loss=0.0119 Acc=100.0% | Test: Acc=27.3% | Best=28.6%(@4020)
  from x3: 0.28 0.28 0.27 0.27 0.28 0.27 0.27 0.27 0.27 0.27 0.27 0.27 0.27
  per-rule acc: 0.20 0.35
Epoch 4120 | Train: Loss=0.0069 Acc=100.0% | Test: Acc=28.3% | Best=28.6%(@4020)
  from x3: 0.29 0.29 0.28 0.28 0.28 0.28 0.28 0.28 0.28 0.28 0.28 0.28 0.28
  per-rule acc: 0.21 0.36
Epoch 4140 | Train: Loss=0.0105 Acc=100.0% | Test: Acc=27.0% | Best=28.6%(@4020)
  from x3: 0.28 0.27 0.27 0.27 0.27 0.27 0.27 0.27 0.27 0.27 0.27 0.27 0.27
  per-rule acc: 0.20 0.34
Epoch 4160 | Train: Loss=0.0045 Acc=100.0% | Test: Acc=30.2% | Best=30.2%(@4160)
  from x3: 0.31 0.31 0.30 0.30 0.30 0.30 0.30 0.30 0.30 0.30 0.30 0.30 0.30
  per-rule acc: 0.22 0.38
Epoch 4180 | Train: Loss=0.0052 Acc=100.0% | Test: Acc=30.3% | Best=30.3%(@4180)
  from x3: 0.31 0.31 0.30 0.30 0.30 0.30 0.30 0.30 0.30 0.30 0.30 0.30 0.30
  per-rule acc: 0.22 0.39
Epoch 4200 | Train: Loss=0.0117 Acc=100.0% | Test: Acc=28.4% | Best=30.3%(@4180)
  from x3: 0.29 0.28 0.29 0.28 0.29 0.29 0.28 0.29 0.29 0.28 0.28 0.28 0.28
  per-rule acc: 0.21 0.36
Epoch 4220 | Train: Loss=0.0041 Acc=100.0% | Test: Acc=31.1% | Best=31.1%(@4220)
  from x3: 0.31 0.32 0.31 0.31 0.31 0.31 0.31 0.31 0.31 0.31 0.31 0.31 0.31
  per-rule acc: 0.23 0.39
Epoch 4240 | Train: Loss=0.0050 Acc=100.0% | Test: Acc=31.0% | Best=31.1%(@4220)
  from x3: 0.31 0.31 0.31 0.31 0.31 0.31 0.31 0.31 0.31 0.31 0.31 0.31 0.31
  per-rule acc: 0.22 0.40
Epoch 4260 | Train: Loss=0.0139 Acc=100.0% | Test: Acc=27.8% | Best=31.1%(@4220)
  from x3: 0.27 0.28 0.28 0.28 0.28 0.28 0.28 0.28 0.28 0.28 0.28 0.28 0.28
  per-rule acc: 0.21 0.35
Epoch 4280 | Train: Loss=0.0051 Acc=100.0% | Test: Acc=30.6% | Best=31.1%(@4220)
  from x3: 0.31 0.31 0.31 0.30 0.30 0.30 0.30 0.30 0.30 0.31 0.31 0.31 0.31
  per-rule acc: 0.22 0.39
Epoch 4300 | Train: Loss=0.0148 Acc=100.0% | Test: Acc=27.7% | Best=31.1%(@4220)
  from x3: 0.28 0.28 0.28 0.28 0.28 0.28 0.28 0.28 0.28 0.28 0.28 0.28 0.27
  per-rule acc: 0.20 0.36
Epoch 4320 | Train: Loss=0.0062 Acc=100.0% | Test: Acc=30.1% | Best=31.1%(@4220)
  from x3: 0.31 0.30 0.30 0.30 0.30 0.30 0.30 0.30 0.30 0.30 0.30 0.30 0.30
  per-rule acc: 0.21 0.39
Epoch 4340 | Train: Loss=0.0066 Acc=100.0% | Test: Acc=30.4% | Best=31.1%(@4220)
  from x3: 0.31 0.31 0.30 0.30 0.30 0.30 0.30 0.30 0.30 0.31 0.30 0.30 0.30
  per-rule acc: 0.23 0.38
Epoch 4360 | Train: Loss=0.0123 Acc=100.0% | Test: Acc=28.8% | Best=31.1%(@4220)
  from x3: 0.29 0.29 0.29 0.29 0.29 0.29 0.29 0.29 0.29 0.29 0.29 0.29 0.29
  per-rule acc: 0.20 0.38
Epoch 4380 | Train: Loss=0.0094 Acc=100.0% | Test: Acc=29.8% | Best=31.1%(@4220)
  from x3: 0.30 0.30 0.30 0.30 0.30 0.30 0.30 0.30 0.30 0.30 0.30 0.30 0.29
  per-rule acc: 0.23 0.37
Epoch 4400 | Train: Loss=0.0048 Acc=100.0% | Test: Acc=31.7% | Best=31.7%(@4400)
  from x3: 0.32 0.32 0.32 0.32 0.32 0.32 0.31 0.32 0.32 0.32 0.32 0.32 0.32
  per-rule acc: 0.23 0.40
Epoch 4420 | Train: Loss=0.0067 Acc=100.0% | Test: Acc=30.9% | Best=31.7%(@4400)
  from x3: 0.31 0.31 0.31 0.31 0.31 0.31 0.31 0.31 0.31 0.31 0.31 0.31 0.31
  per-rule acc: 0.22 0.40
Epoch 4440 | Train: Loss=0.0056 Acc=100.0% | Test: Acc=31.0% | Best=31.7%(@4400)
  from x3: 0.31 0.31 0.31 0.31 0.31 0.31 0.31 0.31 0.31 0.31 0.31 0.31 0.31
  per-rule acc: 0.22 0.40
Epoch 4460 | Train: Loss=0.0097 Acc=100.0% | Test: Acc=29.8% | Best=31.7%(@4400)
  from x3: 0.30 0.30 0.30 0.30 0.30 0.30 0.30 0.30 0.30 0.30 0.30 0.30 0.30
  per-rule acc: 0.22 0.38
Epoch 4480 | Train: Loss=0.0073 Acc=100.0% | Test: Acc=30.8% | Best=31.7%(@4400)
  from x3: 0.31 0.31 0.31 0.31 0.31 0.31 0.31 0.31 0.31 0.31 0.31 0.31 0.31
  per-rule acc: 0.22 0.40
Epoch 4500 | Train: Loss=0.0054 Acc=100.0% | Test: Acc=32.6% | Best=32.6%(@4500)
  from x3: 0.33 0.33 0.32 0.33 0.33 0.33 0.33 0.33 0.32 0.33 0.33 0.32 0.32
  per-rule acc: 0.24 0.41
Epoch 4520 | Train: Loss=0.0128 Acc=100.0% | Test: Acc=30.1% | Best=32.6%(@4500)
  from x3: 0.30 0.30 0.30 0.30 0.30 0.30 0.30 0.30 0.30 0.30 0.30 0.30 0.30
  per-rule acc: 0.20 0.40
Epoch 4540 | Train: Loss=0.0054 Acc=100.0% | Test: Acc=32.2% | Best=32.6%(@4500)
  from x3: 0.33 0.33 0.32 0.32 0.32 0.32 0.32 0.32 0.32 0.32 0.32 0.32 0.32
  per-rule acc: 0.23 0.42
Epoch 4560 | Train: Loss=0.0098 Acc=100.0% | Test: Acc=31.0% | Best=32.6%(@4500)
  from x3: 0.31 0.31 0.31 0.31 0.31 0.31 0.31 0.31 0.31 0.31 0.31 0.31 0.31
  per-rule acc: 0.22 0.40
Epoch 4580 | Train: Loss=0.0102 Acc=100.0% | Test: Acc=30.7% | Best=32.6%(@4500)
  from x3: 0.31 0.31 0.31 0.31 0.31 0.31 0.31 0.31 0.31 0.31 0.31 0.31 0.30
  per-rule acc: 0.23 0.39
Epoch 4600 | Train: Loss=0.0086 Acc=100.0% | Test: Acc=30.8% | Best=32.6%(@4500)
  from x3: 0.31 0.31 0.31 0.31 0.31 0.31 0.31 0.31 0.31 0.31 0.31 0.31 0.31
  per-rule acc: 0.22 0.40
Epoch 4620 | Train: Loss=0.0054 Acc=100.0% | Test: Acc=33.1% | Best=33.1%(@4620)
  from x3: 0.34 0.34 0.33 0.33 0.33 0.33 0.33 0.33 0.33 0.33 0.33 0.33 0.33
  per-rule acc: 0.24 0.42
Epoch 4640 | Train: Loss=0.0076 Acc=100.0% | Test: Acc=31.7% | Best=33.1%(@4620)
  from x3: 0.32 0.32 0.32 0.32 0.32 0.32 0.32 0.32 0.32 0.32 0.31 0.31 0.32
  per-rule acc: 0.22 0.41
Epoch 4660 | Train: Loss=0.0091 Acc=100.0% | Test: Acc=31.6% | Best=33.1%(@4620)
  from x3: 0.32 0.32 0.32 0.31 0.31 0.31 0.32 0.31 0.31 0.31 0.31 0.32 0.32
  per-rule acc: 0.22 0.41
Epoch 4680 | Train: Loss=0.0049 Acc=100.0% | Test: Acc=33.4% | Best=33.4%(@4680)
  from x3: 0.34 0.34 0.33 0.33 0.33 0.33 0.33 0.33 0.33 0.33 0.33 0.33 0.33
  per-rule acc: 0.24 0.42
Epoch 4700 | Train: Loss=0.0110 Acc=100.0% | Test: Acc=31.3% | Best=33.4%(@4680)
  from x3: 0.32 0.31 0.31 0.31 0.31 0.31 0.31 0.31 0.31 0.31 0.31 0.31 0.31
  per-rule acc: 0.22 0.41
Epoch 4720 | Train: Loss=0.0044 Acc=100.0% | Test: Acc=33.6% | Best=33.6%(@4720)
  from x3: 0.34 0.34 0.34 0.34 0.34 0.34 0.34 0.33 0.34 0.34 0.34 0.34 0.34
  per-rule acc: 0.25 0.43
Epoch 4740 | Train: Loss=0.0045 Acc=100.0% | Test: Acc=33.6% | Best=33.6%(@4720)
  from x3: 0.34 0.34 0.33 0.33 0.33 0.34 0.34 0.33 0.33 0.34 0.34 0.34 0.34
  per-rule acc: 0.24 0.43
Epoch 4760 | Train: Loss=0.0183 Acc=99.9% | Test: Acc=28.0% | Best=33.6%(@4720)
  from x3: 0.28 0.28 0.28 0.28 0.28 0.28 0.28 0.28 0.28 0.28 0.28 0.28 0.28
  per-rule acc: 0.21 0.35
Epoch 4780 | Train: Loss=0.0041 Acc=100.0% | Test: Acc=34.1% | Best=34.1%(@4780)
  from x3: 0.35 0.34 0.34 0.34 0.34 0.34 0.34 0.34 0.34 0.34 0.34 0.34 0.34
  per-rule acc: 0.25 0.43
Epoch 4800 | Train: Loss=0.0043 Acc=100.0% | Test: Acc=34.2% | Best=34.2%(@4800)
  from x3: 0.35 0.35 0.34 0.34 0.34 0.34 0.34 0.34 0.34 0.34 0.34 0.34 0.34
  per-rule acc: 0.25 0.44
Epoch 4820 | Train: Loss=0.0070 Acc=100.0% | Test: Acc=33.4% | Best=34.2%(@4800)
  from x3: 0.33 0.34 0.34 0.33 0.33 0.33 0.33 0.33 0.33 0.33 0.33 0.33 0.33
  per-rule acc: 0.24 0.43
Epoch 4840 | Train: Loss=0.0110 Acc=100.0% | Test: Acc=30.2% | Best=34.2%(@4800)
  from x3: 0.30 0.30 0.30 0.30 0.30 0.30 0.30 0.30 0.30 0.30 0.30 0.30 0.30
  per-rule acc: 0.21 0.39
Epoch 4860 | Train: Loss=0.0049 Acc=100.0% | Test: Acc=34.3% | Best=34.3%(@4860)
  from x3: 0.35 0.35 0.34 0.34 0.34 0.34 0.34 0.34 0.34 0.34 0.34 0.34 0.34
  per-rule acc: 0.25 0.44
Epoch 4880 | Train: Loss=0.0109 Acc=100.0% | Test: Acc=32.0% | Best=34.3%(@4860)
  from x3: 0.32 0.32 0.32 0.32 0.32 0.32 0.32 0.32 0.32 0.32 0.32 0.32 0.32
  per-rule acc: 0.22 0.42
Epoch 4900 | Train: Loss=0.0042 Acc=100.0% | Test: Acc=35.0% | Best=35.0%(@4900)
  from x3: 0.35 0.35 0.35 0.35 0.35 0.35 0.35 0.35 0.35 0.35 0.35 0.35 0.35
  per-rule acc: 0.25 0.45
Epoch 4920 | Train: Loss=0.0081 Acc=100.0% | Test: Acc=33.0% | Best=35.0%(@4900)
  from x3: 0.33 0.33 0.33 0.33 0.33 0.33 0.33 0.33 0.33 0.33 0.33 0.33 0.33
  per-rule acc: 0.23 0.43
Epoch 4940 | Train: Loss=0.0056 Acc=100.0% | Test: Acc=34.2% | Best=35.0%(@4900)
  from x3: 0.35 0.35 0.34 0.34 0.34 0.34 0.34 0.34 0.34 0.34 0.34 0.34 0.34
  per-rule acc: 0.24 0.44
Epoch 4960 | Train: Loss=0.0074 Acc=100.0% | Test: Acc=33.4% | Best=35.0%(@4900)
  from x3: 0.33 0.34 0.33 0.33 0.33 0.33 0.33 0.33 0.33 0.33 0.33 0.33 0.33
  per-rule acc: 0.23 0.44
Epoch 4980 | Train: Loss=0.0041 Acc=100.0% | Test: Acc=35.8% | Best=35.8%(@4980)
  from x3: 0.36 0.36 0.36 0.36 0.36 0.36 0.36 0.36 0.36 0.36 0.36 0.36 0.36
  per-rule acc: 0.26 0.46
Epoch 5000 | Train: Loss=0.0064 Acc=100.0% | Test: Acc=34.3% | Best=35.8%(@4980)
  from x3: 0.34 0.34 0.34 0.34 0.34 0.34 0.34 0.34 0.34 0.34 0.34 0.34 0.35
  per-rule acc: 0.24 0.45
Epoch 5020 | Train: Loss=0.0093 Acc=100.0% | Test: Acc=32.0% | Best=35.8%(@4980)
  from x3: 0.32 0.33 0.32 0.32 0.32 0.32 0.32 0.32 0.32 0.32 0.32 0.32 0.32
  per-rule acc: 0.22 0.41
Epoch 5040 | Train: Loss=0.0061 Acc=100.0% | Test: Acc=34.5% | Best=35.8%(@4980)
  from x3: 0.35 0.35 0.35 0.34 0.35 0.34 0.35 0.34 0.34 0.34 0.34 0.34 0.34
  per-rule acc: 0.24 0.45
Epoch 5060 | Train: Loss=0.0124 Acc=100.0% | Test: Acc=34.4% | Best=35.8%(@4980)
  from x3: 0.34 0.34 0.34 0.35 0.34 0.34 0.34 0.34 0.35 0.34 0.34 0.34 0.34
  per-rule acc: 0.24 0.45
Epoch 5080 | Train: Loss=0.0044 Acc=100.0% | Test: Acc=35.8% | Best=35.8%(@4980)
  from x3: 0.36 0.36 0.36 0.36 0.36 0.36 0.36 0.36 0.36 0.36 0.36 0.36 0.36
  per-rule acc: 0.26 0.46
Epoch 5100 | Train: Loss=0.0045 Acc=100.0% | Test: Acc=35.4% | Best=35.8%(@4980)
  from x3: 0.36 0.36 0.35 0.35 0.36 0.35 0.35 0.35 0.35 0.35 0.35 0.35 0.35
  per-rule acc: 0.25 0.45
Epoch 5120 | Train: Loss=0.0111 Acc=100.0% | Test: Acc=33.0% | Best=35.8%(@4980)
  from x3: 0.33 0.33 0.33 0.33 0.33 0.33 0.33 0.33 0.33 0.33 0.33 0.33 0.33
  per-rule acc: 0.24 0.42
Epoch 5140 | Train: Loss=0.0047 Acc=100.0% | Test: Acc=36.2% | Best=36.2%(@5140)
  from x3: 0.36 0.36 0.36 0.36 0.36 0.36 0.36 0.36 0.36 0.36 0.36 0.36 0.36
  per-rule acc: 0.27 0.46
Epoch 5160 | Train: Loss=0.0098 Acc=100.0% | Test: Acc=34.3% | Best=36.2%(@5140)
  from x3: 0.34 0.35 0.34 0.34 0.34 0.34 0.34 0.34 0.34 0.34 0.34 0.34 0.34
  per-rule acc: 0.24 0.44
Epoch 5180 | Train: Loss=0.0050 Acc=100.0% | Test: Acc=35.7% | Best=36.2%(@5140)
  from x3: 0.36 0.36 0.36 0.35 0.36 0.36 0.36 0.36 0.36 0.36 0.36 0.36 0.36
  per-rule acc: 0.26 0.46
Epoch 5200 | Train: Loss=0.0043 Acc=100.0% | Test: Acc=36.7% | Best=36.7%(@5200)
  from x3: 0.37 0.37 0.36 0.37 0.37 0.37 0.37 0.37 0.37 0.37 0.37 0.37 0.37
  per-rule acc: 0.27 0.46
Epoch 5220 | Train: Loss=0.0057 Acc=100.0% | Test: Acc=35.9% | Best=36.7%(@5200)
  from x3: 0.36 0.36 0.36 0.36 0.36 0.36 0.36 0.36 0.36 0.36 0.36 0.36 0.36
  per-rule acc: 0.25 0.46
Epoch 5240 | Train: Loss=0.0089 Acc=100.0% | Test: Acc=33.5% | Best=36.7%(@5200)
  from x3: 0.34 0.33 0.34 0.33 0.33 0.34 0.34 0.33 0.33 0.34 0.33 0.34 0.34
  per-rule acc: 0.24 0.43
Epoch 5260 | Train: Loss=0.0088 Acc=100.0% | Test: Acc=34.7% | Best=36.7%(@5200)
  from x3: 0.34 0.35 0.35 0.35 0.35 0.35 0.35 0.35 0.35 0.35 0.35 0.35 0.35
  per-rule acc: 0.24 0.45
Epoch 5280 | Train: Loss=0.0047 Acc=100.0% | Test: Acc=36.6% | Best=36.7%(@5200)
  from x3: 0.37 0.37 0.36 0.37 0.37 0.37 0.37 0.37 0.37 0.37 0.36 0.37 0.37
  per-rule acc: 0.26 0.47
Epoch 5300 | Train: Loss=0.0045 Acc=100.0% | Test: Acc=36.5% | Best=36.7%(@5200)
  from x3: 0.36 0.36 0.36 0.37 0.37 0.37 0.37 0.36 0.37 0.37 0.36 0.37 0.36
  per-rule acc: 0.26 0.46
Epoch 5320 | Train: Loss=0.0115 Acc=100.0% | Test: Acc=33.1% | Best=36.7%(@5200)
  from x3: 0.34 0.33 0.33 0.33 0.33 0.33 0.33 0.33 0.33 0.33 0.33 0.33 0.33
  per-rule acc: 0.23 0.43
Epoch 5340 | Train: Loss=0.0037 Acc=100.0% | Test: Acc=37.4% | Best=37.4%(@5340)
  from x3: 0.37 0.38 0.37 0.37 0.37 0.37 0.37 0.37 0.37 0.38 0.38 0.37 0.37
  per-rule acc: 0.27 0.47
Epoch 5360 | Train: Loss=0.0044 Acc=100.0% | Test: Acc=36.7% | Best=37.4%(@5340)
  from x3: 0.36 0.37 0.37 0.37 0.37 0.37 0.37 0.37 0.37 0.37 0.37 0.37 0.37
  per-rule acc: 0.27 0.46
Epoch 5380 | Train: Loss=0.0078 Acc=100.0% | Test: Acc=34.5% | Best=37.4%(@5340)
  from x3: 0.35 0.35 0.34 0.34 0.34 0.35 0.35 0.35 0.34 0.34 0.34 0.34 0.34
  per-rule acc: 0.24 0.45
Epoch 5400 | Train: Loss=0.0054 Acc=100.0% | Test: Acc=37.2% | Best=37.4%(@5340)
  from x3: 0.37 0.38 0.37 0.37 0.37 0.37 0.37 0.37 0.37 0.37 0.37 0.37 0.37
  per-rule acc: 0.27 0.48
Epoch 5420 | Train: Loss=0.0045 Acc=100.0% | Test: Acc=35.5% | Best=37.4%(@5340)
  from x3: 0.35 0.36 0.35 0.35 0.35 0.35 0.36 0.36 0.36 0.36 0.36 0.36 0.36
  per-rule acc: 0.25 0.46
Epoch 5440 | Train: Loss=0.0080 Acc=100.0% | Test: Acc=34.9% | Best=37.4%(@5340)
  from x3: 0.35 0.35 0.35 0.35 0.35 0.35 0.35 0.35 0.35 0.35 0.35 0.35 0.35
  per-rule acc: 0.24 0.46
Epoch 5460 | Train: Loss=0.0069 Acc=100.0% | Test: Acc=35.0% | Best=37.4%(@5340)
  from x3: 0.35 0.35 0.35 0.35 0.35 0.35 0.35 0.35 0.35 0.35 0.35 0.35 0.35
  per-rule acc: 0.24 0.46
Epoch 5480 | Train: Loss=0.0043 Acc=100.0% | Test: Acc=37.3% | Best=37.4%(@5340)
  from x3: 0.37 0.37 0.37 0.37 0.37 0.37 0.37 0.37 0.37 0.37 0.37 0.37 0.37
  per-rule acc: 0.27 0.48
Epoch 5500 | Train: Loss=0.0051 Acc=100.0% | Test: Acc=37.0% | Best=37.4%(@5340)
  from x3: 0.37 0.37 0.37 0.37 0.37 0.37 0.37 0.37 0.37 0.37 0.37 0.37 0.37
  per-rule acc: 0.27 0.47
Epoch 5520 | Train: Loss=0.0047 Acc=100.0% | Test: Acc=36.6% | Best=37.4%(@5340)
  from x3: 0.36 0.37 0.37 0.37 0.37 0.37 0.37 0.37 0.37 0.37 0.37 0.37 0.37
  per-rule acc: 0.27 0.46
Epoch 5540 | Train: Loss=0.0041 Acc=100.0% | Test: Acc=37.3% | Best=37.4%(@5340)
  from x3: 0.37 0.37 0.37 0.37 0.37 0.37 0.37 0.37 0.37 0.37 0.38 0.38 0.37
  per-rule acc: 0.27 0.47
Epoch 5560 | Train: Loss=0.0115 Acc=100.0% | Test: Acc=33.8% | Best=37.4%(@5340)
  from x3: 0.34 0.34 0.34 0.34 0.34 0.34 0.34 0.34 0.34 0.34 0.34 0.34 0.34
  per-rule acc: 0.23 0.44
Epoch 5580 | Train: Loss=0.0034 Acc=100.0% | Test: Acc=38.0% | Best=38.0%(@5580)
  from x3: 0.37 0.38 0.38 0.38 0.38 0.38 0.38 0.38 0.38 0.38 0.38 0.38 0.38
  per-rule acc: 0.28 0.48
Epoch 5600 | Train: Loss=0.0071 Acc=100.0% | Test: Acc=35.2% | Best=38.0%(@5580)
  from x3: 0.35 0.35 0.35 0.35 0.35 0.35 0.35 0.35 0.35 0.35 0.35 0.35 0.35
  per-rule acc: 0.25 0.45
Epoch 5620 | Train: Loss=0.0043 Acc=100.0% | Test: Acc=37.5% | Best=38.0%(@5580)
  from x3: 0.37 0.38 0.38 0.38 0.38 0.37 0.38 0.37 0.37 0.37 0.38 0.37 0.38
  per-rule acc: 0.27 0.48
Epoch 5640 | Train: Loss=0.0040 Acc=100.0% | Test: Acc=37.7% | Best=38.0%(@5580)
  from x3: 0.38 0.38 0.37 0.38 0.38 0.38 0.38 0.38 0.38 0.38 0.38 0.38 0.38
  per-rule acc: 0.27 0.48
Epoch 5660 | Train: Loss=0.0072 Acc=100.0% | Test: Acc=35.7% | Best=38.0%(@5580)
  from x3: 0.35 0.36 0.35 0.36 0.36 0.36 0.36 0.36 0.36 0.36 0.36 0.36 0.36
  per-rule acc: 0.25 0.46
Epoch 5680 | Train: Loss=0.0038 Acc=100.0% | Test: Acc=37.9% | Best=38.0%(@5580)
  from x3: 0.38 0.38 0.38 0.38 0.38 0.38 0.38 0.38 0.38 0.38 0.38 0.38 0.38
  per-rule acc: 0.28 0.48
Epoch 5700 | Train: Loss=0.0038 Acc=100.0% | Test: Acc=38.2% | Best=38.2%(@5700)
  from x3: 0.38 0.38 0.38 0.38 0.38 0.38 0.38 0.38 0.38 0.38 0.38 0.38 0.38
  per-rule acc: 0.28 0.48
Epoch 5720 | Train: Loss=0.0041 Acc=100.0% | Test: Acc=37.9% | Best=38.2%(@5700)
  from x3: 0.37 0.38 0.38 0.38 0.38 0.38 0.38 0.38 0.38 0.38 0.38 0.38 0.38
  per-rule acc: 0.28 0.48
Epoch 5740 | Train: Loss=0.0082 Acc=100.0% | Test: Acc=34.5% | Best=38.2%(@5700)
  from x3: 0.34 0.34 0.34 0.34 0.35 0.35 0.35 0.35 0.35 0.35 0.35 0.35 0.35
  per-rule acc: 0.23 0.46
Epoch 5760 | Train: Loss=0.0038 Acc=100.0% | Test: Acc=38.2% | Best=38.2%(@5700)
  from x3: 0.38 0.38 0.38 0.38 0.38 0.38 0.38 0.38 0.38 0.38 0.38 0.38 0.38
  per-rule acc: 0.28 0.49
Epoch 5780 | Train: Loss=0.0039 Acc=100.0% | Test: Acc=37.7% | Best=38.2%(@5700)
  from x3: 0.38 0.38 0.37 0.38 0.38 0.38 0.38 0.38 0.38 0.38 0.38 0.38 0.38
  per-rule acc: 0.27 0.48
Epoch 5800 | Train: Loss=0.0035 Acc=100.0% | Test: Acc=37.7% | Best=38.2%(@5700)
  from x3: 0.37 0.38 0.37 0.38 0.38 0.38 0.38 0.38 0.38 0.38 0.38 0.38 0.38
  per-rule acc: 0.27 0.48
Epoch 5820 | Train: Loss=0.0036 Acc=100.0% | Test: Acc=37.0% | Best=38.2%(@5700)
  from x3: 0.37 0.37 0.37 0.37 0.37 0.37 0.37 0.37 0.37 0.37 0.37 0.37 0.37
  per-rule acc: 0.27 0.48
Epoch 5840 | Train: Loss=0.0058 Acc=100.0% | Test: Acc=36.1% | Best=38.2%(@5700)
  from x3: 0.36 0.36 0.36 0.36 0.36 0.36 0.36 0.36 0.36 0.36 0.36 0.36 0.36
  per-rule acc: 0.26 0.47
Epoch 5860 | Train: Loss=0.0036 Acc=100.0% | Test: Acc=37.9% | Best=38.2%(@5700)
  from x3: 0.38 0.38 0.38 0.38 0.38 0.38 0.38 0.38 0.38 0.38 0.38 0.38 0.38
  per-rule acc: 0.28 0.48
Epoch 5880 | Train: Loss=0.0035 Acc=100.0% | Test: Acc=37.9% | Best=38.2%(@5700)
  from x3: 0.38 0.38 0.38 0.38 0.38 0.38 0.38 0.38 0.38 0.38 0.38 0.38 0.38
  per-rule acc: 0.28 0.48
Epoch 5900 | Train: Loss=0.0052 Acc=100.0% | Test: Acc=36.5% | Best=38.2%(@5700)
  from x3: 0.36 0.37 0.37 0.37 0.37 0.37 0.36 0.37 0.36 0.36 0.36 0.36 0.36
  per-rule acc: 0.26 0.47
Epoch 5920 | Train: Loss=0.0039 Acc=100.0% | Test: Acc=38.1% | Best=38.2%(@5700)
  from x3: 0.38 0.38 0.38 0.38 0.38 0.38 0.38 0.38 0.38 0.38 0.38 0.38 0.38
  per-rule acc: 0.27 0.49
Epoch 5940 | Train: Loss=0.0036 Acc=100.0% | Test: Acc=38.2% | Best=38.2%(@5700)
  from x3: 0.38 0.38 0.38 0.38 0.38 0.38 0.38 0.38 0.38 0.38 0.38 0.38 0.38
  per-rule acc: 0.27 0.49
Epoch 5960 | Train: Loss=0.0034 Acc=100.0% | Test: Acc=38.0% | Best=38.2%(@5700)
  from x3: 0.38 0.38 0.38 0.38 0.38 0.38 0.38 0.38 0.38 0.38 0.38 0.38 0.38
  per-rule acc: 0.27 0.49
Epoch 5980 | Train: Loss=0.0030 Acc=100.0% | Test: Acc=37.9% | Best=38.2%(@5700)
  from x3: 0.38 0.38 0.38 0.38 0.38 0.38 0.38 0.38 0.38 0.38 0.38 0.38 0.38
  per-rule acc: 0.27 0.49
Epoch 6000 | Train: Loss=0.0109 Acc=100.0% | Test: Acc=33.6% | Best=38.2%(@5700)
  from x3: 0.33 0.34 0.34 0.34 0.34 0.34 0.34 0.34 0.34 0.33 0.33 0.34 0.34
  per-rule acc: 0.23 0.44
Epoch 6020 | Train: Loss=0.0045 Acc=100.0% | Test: Acc=36.3% | Best=38.2%(@5700)
  from x3: 0.36 0.36 0.36 0.36 0.36 0.36 0.36 0.36 0.36 0.36 0.36 0.36 0.36
  per-rule acc: 0.26 0.47
Epoch 6040 | Train: Loss=0.0031 Acc=100.0% | Test: Acc=38.4% | Best=38.4%(@6040)
  from x3: 0.38 0.38 0.38 0.38 0.38 0.38 0.39 0.38 0.38 0.38 0.38 0.38 0.38
  per-rule acc: 0.28 0.48
Epoch 6060 | Train: Loss=0.0070 Acc=100.0% | Test: Acc=36.4% | Best=38.4%(@6040)
  from x3: 0.36 0.37 0.37 0.37 0.37 0.37 0.36 0.36 0.36 0.36 0.36 0.36 0.36
  per-rule acc: 0.26 0.47
Epoch 6080 | Train: Loss=0.0038 Acc=100.0% | Test: Acc=37.7% | Best=38.4%(@6040)
  from x3: 0.38 0.38 0.38 0.38 0.38 0.38 0.38 0.38 0.38 0.38 0.38 0.38 0.38
  per-rule acc: 0.28 0.48
Epoch 6100 | Train: Loss=0.0034 Acc=100.0% | Test: Acc=38.4% | Best=38.4%(@6100)
  from x3: 0.39 0.38 0.38 0.38 0.38 0.38 0.38 0.38 0.38 0.38 0.39 0.38 0.38
  per-rule acc: 0.28 0.49
Epoch 6120 | Train: Loss=0.0033 Acc=100.0% | Test: Acc=38.2% | Best=38.4%(@6100)
  from x3: 0.38 0.38 0.38 0.38 0.38 0.38 0.38 0.38 0.38 0.38 0.38 0.38 0.38
  per-rule acc: 0.28 0.49
Epoch 6140 | Train: Loss=0.0042 Acc=100.0% | Test: Acc=37.2% | Best=38.4%(@6100)
  from x3: 0.37 0.38 0.37 0.37 0.37 0.37 0.37 0.37 0.37 0.37 0.37 0.37 0.37
  per-rule acc: 0.26 0.48
Epoch 6160 | Train: Loss=0.0034 Acc=100.0% | Test: Acc=38.6% | Best=38.6%(@6160)
  from x3: 0.38 0.39 0.39 0.39 0.39 0.39 0.39 0.39 0.39 0.39 0.39 0.39 0.39
  per-rule acc: 0.28 0.49
Epoch 6180 | Train: Loss=0.0038 Acc=100.0% | Test: Acc=37.9% | Best=38.6%(@6160)
  from x3: 0.38 0.38 0.38 0.38 0.38 0.38 0.38 0.38 0.38 0.38 0.38 0.38 0.38
  per-rule acc: 0.27 0.49
Epoch 6200 | Train: Loss=0.0069 Acc=100.0% | Test: Acc=36.8% | Best=38.6%(@6160)
  from x3: 0.36 0.37 0.37 0.37 0.37 0.37 0.37 0.37 0.37 0.37 0.37 0.37 0.37
  per-rule acc: 0.25 0.48
Epoch 6220 | Train: Loss=0.0036 Acc=100.0% | Test: Acc=38.7% | Best=38.7%(@6220)
  from x3: 0.38 0.39 0.39 0.39 0.39 0.39 0.39 0.39 0.39 0.39 0.39 0.39 0.39
  per-rule acc: 0.28 0.49
Epoch 6240 | Train: Loss=0.0041 Acc=100.0% | Test: Acc=38.2% | Best=38.7%(@6220)
  from x3: 0.38 0.38 0.38 0.38 0.38 0.38 0.38 0.38 0.38 0.38 0.38 0.38 0.38
  per-rule acc: 0.28 0.49
Epoch 6260 | Train: Loss=0.0040 Acc=100.0% | Test: Acc=38.3% | Best=38.7%(@6220)
  from x3: 0.38 0.38 0.38 0.38 0.38 0.38 0.38 0.38 0.38 0.38 0.38 0.38 0.38
  per-rule acc: 0.28 0.49
Epoch 6280 | Train: Loss=0.0046 Acc=100.0% | Test: Acc=37.5% | Best=38.7%(@6220)
  from x3: 0.37 0.37 0.37 0.37 0.38 0.38 0.38 0.38 0.38 0.38 0.38 0.37 0.37
  per-rule acc: 0.27 0.48
Epoch 6300 | Train: Loss=0.0035 Acc=100.0% | Test: Acc=38.6% | Best=38.7%(@6220)
  from x3: 0.38 0.39 0.38 0.39 0.39 0.39 0.39 0.39 0.39 0.39 0.39 0.39 0.39
  per-rule acc: 0.28 0.49
Epoch 6320 | Train: Loss=0.0032 Acc=100.0% | Test: Acc=39.0% | Best=39.0%(@6320)
  from x3: 0.39 0.39 0.39 0.39 0.39 0.39 0.39 0.39 0.39 0.39 0.39 0.39 0.39
  per-rule acc: 0.28 0.50
Epoch 6340 | Train: Loss=0.0030 Acc=100.0% | Test: Acc=38.8% | Best=39.0%(@6320)
  from x3: 0.38 0.39 0.39 0.39 0.39 0.39 0.39 0.39 0.39 0.39 0.39 0.39 0.39
  per-rule acc: 0.28 0.49
Epoch 6360 | Train: Loss=0.0048 Acc=100.0% | Test: Acc=37.4% | Best=39.0%(@6320)
  from x3: 0.37 0.37 0.37 0.37 0.37 0.38 0.37 0.37 0.37 0.37 0.37 0.37 0.37
  per-rule acc: 0.27 0.48
Epoch 6380 | Train: Loss=0.0031 Acc=100.0% | Test: Acc=39.1% | Best=39.1%(@6380)
  from x3: 0.39 0.39 0.39 0.39 0.39 0.39 0.39 0.39 0.39 0.39 0.39 0.39 0.39
  per-rule acc: 0.29 0.49
Epoch 6400 | Train: Loss=0.0047 Acc=100.0% | Test: Acc=37.9% | Best=39.1%(@6380)
  from x3: 0.38 0.38 0.38 0.38 0.38 0.38 0.38 0.38 0.38 0.38 0.38 0.38 0.38
  per-rule acc: 0.28 0.48
Epoch 6420 | Train: Loss=0.0035 Acc=100.0% | Test: Acc=39.1% | Best=39.1%(@6420)
  from x3: 0.39 0.39 0.39 0.39 0.39 0.39 0.39 0.39 0.39 0.39 0.39 0.39 0.39
  per-rule acc: 0.29 0.50
Epoch 6440 | Train: Loss=0.0035 Acc=100.0% | Test: Acc=39.1% | Best=39.1%(@6420)
  from x3: 0.38 0.39 0.39 0.39 0.39 0.39 0.39 0.39 0.39 0.39 0.39 0.39 0.39
  per-rule acc: 0.29 0.50
Epoch 6460 | Train: Loss=0.0032 Acc=100.0% | Test: Acc=39.1% | Best=39.1%(@6420)
  from x3: 0.39 0.39 0.39 0.39 0.39 0.39 0.39 0.39 0.39 0.39 0.39 0.39 0.39
  per-rule acc: 0.28 0.50
Epoch 6480 | Train: Loss=0.0037 Acc=100.0% | Test: Acc=38.6% | Best=39.1%(@6420)
  from x3: 0.38 0.38 0.38 0.39 0.39 0.39 0.39 0.39 0.39 0.39 0.39 0.39 0.39
  per-rule acc: 0.28 0.49
Epoch 6500 | Train: Loss=0.0031 Acc=100.0% | Test: Acc=39.5% | Best=39.5%(@6500)
  from x3: 0.39 0.39 0.39 0.40 0.40 0.40 0.40 0.40 0.40 0.40 0.40 0.40 0.40
  per-rule acc: 0.29 0.50
Epoch 6520 | Train: Loss=0.0032 Acc=100.0% | Test: Acc=39.3% | Best=39.5%(@6500)
  from x3: 0.39 0.39 0.39 0.39 0.39 0.39 0.39 0.39 0.39 0.39 0.39 0.39 0.39
  per-rule acc: 0.29 0.50
Epoch 6540 | Train: Loss=0.0066 Acc=100.0% | Test: Acc=36.6% | Best=39.5%(@6500)
  from x3: 0.36 0.37 0.37 0.37 0.37 0.37 0.37 0.37 0.37 0.36 0.37 0.37 0.37
  per-rule acc: 0.26 0.47
Epoch 6560 | Train: Loss=0.0034 Acc=100.0% | Test: Acc=39.0% | Best=39.5%(@6500)
  from x3: 0.38 0.39 0.39 0.39 0.39 0.39 0.39 0.39 0.39 0.39 0.39 0.39 0.39
  per-rule acc: 0.29 0.49
Epoch 6580 | Train: Loss=0.0032 Acc=100.0% | Test: Acc=39.5% | Best=39.5%(@6580)
  from x3: 0.39 0.39 0.39 0.39 0.40 0.40 0.40 0.40 0.40 0.40 0.40 0.40 0.40
  per-rule acc: 0.29 0.50
Epoch 6600 | Train: Loss=0.0034 Acc=100.0% | Test: Acc=39.3% | Best=39.5%(@6580)
  from x3: 0.38 0.39 0.39 0.39 0.39 0.40 0.39 0.39 0.39 0.39 0.40 0.40 0.40
  per-rule acc: 0.29 0.50
Epoch 6620 | Train: Loss=0.0052 Acc=100.0% | Test: Acc=37.5% | Best=39.5%(@6580)
  from x3: 0.37 0.37 0.37 0.37 0.38 0.37 0.38 0.37 0.38 0.38 0.38 0.38 0.38
  per-rule acc: 0.26 0.49
Epoch 6640 | Train: Loss=0.0045 Acc=100.0% | Test: Acc=38.0% | Best=39.5%(@6580)
  from x3: 0.37 0.38 0.38 0.38 0.38 0.38 0.38 0.38 0.38 0.38 0.38 0.38 0.38
  per-rule acc: 0.28 0.48
Epoch 6660 | Train: Loss=0.0065 Acc=100.0% | Test: Acc=35.6% | Best=39.5%(@6580)
  from x3: 0.36 0.36 0.36 0.36 0.36 0.36 0.36 0.36 0.36 0.36 0.36 0.36 0.36
  per-rule acc: 0.24 0.47
Epoch 6680 | Train: Loss=0.0034 Acc=100.0% | Test: Acc=39.2% | Best=39.5%(@6580)
  from x3: 0.38 0.39 0.39 0.39 0.39 0.39 0.39 0.39 0.39 0.39 0.39 0.39 0.39
  per-rule acc: 0.28 0.50
Epoch 6700 | Train: Loss=0.0032 Acc=100.0% | Test: Acc=39.3% | Best=39.5%(@6580)
  from x3: 0.39 0.39 0.39 0.39 0.39 0.39 0.39 0.39 0.39 0.40 0.39 0.40 0.39
  per-rule acc: 0.29 0.50
Epoch 6720 | Train: Loss=0.0031 Acc=100.0% | Test: Acc=39.0% | Best=39.5%(@6580)
  from x3: 0.38 0.39 0.39 0.39 0.39 0.39 0.39 0.39 0.39 0.39 0.39 0.39 0.39
  per-rule acc: 0.29 0.49
Epoch 6740 | Train: Loss=0.0027 Acc=100.0% | Test: Acc=39.1% | Best=39.5%(@6580)
  from x3: 0.38 0.39 0.39 0.39 0.39 0.39 0.39 0.39 0.39 0.39 0.39 0.39 0.39
  per-rule acc: 0.29 0.49
Epoch 6760 | Train: Loss=0.0025 Acc=100.0% | Test: Acc=38.8% | Best=39.5%(@6580)
  from x3: 0.38 0.39 0.39 0.39 0.39 0.39 0.39 0.39 0.39 0.39 0.39 0.39 0.39
  per-rule acc: 0.28 0.49
Epoch 6780 | Train: Loss=0.0078 Acc=100.0% | Test: Acc=35.7% | Best=39.5%(@6580)
  from x3: 0.36 0.36 0.36 0.36 0.36 0.36 0.36 0.36 0.36 0.36 0.36 0.36 0.36
  per-rule acc: 0.25 0.46
Epoch 6800 | Train: Loss=0.0025 Acc=100.0% | Test: Acc=39.0% | Best=39.5%(@6580)
  from x3: 0.39 0.39 0.39 0.39 0.39 0.39 0.39 0.39 0.39 0.39 0.39 0.39 0.39
  per-rule acc: 0.29 0.49
Epoch 6820 | Train: Loss=0.0026 Acc=100.0% | Test: Acc=39.2% | Best=39.5%(@6580)
  from x3: 0.39 0.39 0.39 0.39 0.39 0.39 0.39 0.39 0.39 0.39 0.39 0.39 0.39
  per-rule acc: 0.29 0.50
Epoch 6840 | Train: Loss=0.0028 Acc=100.0% | Test: Acc=39.2% | Best=39.5%(@6580)
  from x3: 0.39 0.39 0.39 0.39 0.39 0.39 0.39 0.39 0.39 0.39 0.39 0.39 0.39
  per-rule acc: 0.29 0.50
Epoch 6860 | Train: Loss=0.0027 Acc=100.0% | Test: Acc=39.3% | Best=39.5%(@6580)
  from x3: 0.39 0.39 0.39 0.39 0.39 0.40 0.39 0.39 0.39 0.39 0.39 0.39 0.39
  per-rule acc: 0.29 0.50
Epoch 6880 | Train: Loss=0.0026 Acc=100.0% | Test: Acc=39.1% | Best=39.5%(@6580)
  from x3: 0.39 0.39 0.39 0.39 0.39 0.39 0.39 0.39 0.39 0.39 0.39 0.39 0.39
  per-rule acc: 0.29 0.50
Epoch 6900 | Train: Loss=0.0025 Acc=100.0% | Test: Acc=39.0% | Best=39.5%(@6580)
  from x3: 0.38 0.39 0.39 0.39 0.39 0.39 0.39 0.39 0.39 0.39 0.39 0.39 0.39
  per-rule acc: 0.29 0.49
Epoch 6920 | Train: Loss=0.0038 Acc=100.0% | Test: Acc=37.9% | Best=39.5%(@6580)
  from x3: 0.38 0.38 0.38 0.38 0.38 0.38 0.38 0.38 0.38 0.38 0.38 0.38 0.38
  per-rule acc: 0.27 0.49
Epoch 6940 | Train: Loss=0.0027 Acc=100.0% | Test: Acc=39.0% | Best=39.5%(@6580)
  from x3: 0.38 0.39 0.39 0.39 0.39 0.39 0.39 0.39 0.39 0.39 0.39 0.39 0.39
  per-rule acc: 0.28 0.50
Epoch 6960 | Train: Loss=0.0044 Acc=100.0% | Test: Acc=37.8% | Best=39.5%(@6580)
  from x3: 0.38 0.38 0.38 0.38 0.38 0.38 0.38 0.38 0.38 0.38 0.38 0.38 0.38
  per-rule acc: 0.27 0.49
Epoch 6980 | Train: Loss=0.0027 Acc=100.0% | Test: Acc=39.1% | Best=39.5%(@6580)
  from x3: 0.39 0.39 0.39 0.39 0.39 0.39 0.39 0.39 0.39 0.39 0.39 0.39 0.39
  per-rule acc: 0.29 0.50
Epoch 7000 | Train: Loss=0.0027 Acc=100.0% | Test: Acc=39.0% | Best=39.5%(@6580)
  from x3: 0.38 0.39 0.39 0.39 0.39 0.39 0.39 0.39 0.39 0.39 0.39 0.39 0.39
  per-rule acc: 0.29 0.49
Epoch 7020 | Train: Loss=0.0057 Acc=100.0% | Test: Acc=36.8% | Best=39.5%(@6580)
  from x3: 0.37 0.37 0.37 0.37 0.37 0.37 0.37 0.37 0.37 0.37 0.37 0.37 0.37
  per-rule acc: 0.26 0.48
Epoch 7040 | Train: Loss=0.0032 Acc=100.0% | Test: Acc=38.8% | Best=39.5%(@6580)
  from x3: 0.39 0.39 0.39 0.39 0.39 0.39 0.39 0.39 0.39 0.39 0.39 0.39 0.39
  per-rule acc: 0.28 0.49
Epoch 7060 | Train: Loss=0.0028 Acc=100.0% | Test: Acc=39.1% | Best=39.5%(@6580)
  from x3: 0.39 0.39 0.39 0.39 0.39 0.39 0.39 0.39 0.39 0.39 0.39 0.39 0.39
  per-rule acc: 0.29 0.50
Epoch 7080 | Train: Loss=0.0027 Acc=100.0% | Test: Acc=39.2% | Best=39.5%(@6580)
  from x3: 0.39 0.39 0.39 0.39 0.39 0.39 0.39 0.39 0.39 0.39 0.39 0.39 0.39
  per-rule acc: 0.29 0.50
Epoch 7100 | Train: Loss=0.0026 Acc=100.0% | Test: Acc=39.1% | Best=39.5%(@6580)
  from x3: 0.38 0.39 0.39 0.39 0.39 0.39 0.39 0.39 0.39 0.39 0.39 0.39 0.39
  per-rule acc: 0.29 0.50
Epoch 7120 | Train: Loss=0.0023 Acc=100.0% | Test: Acc=39.2% | Best=39.5%(@6580)
  from x3: 0.38 0.39 0.39 0.39 0.39 0.39 0.39 0.39 0.39 0.39 0.39 0.39 0.39
  per-rule acc: 0.29 0.50
Epoch 7140 | Train: Loss=0.0021 Acc=100.0% | Test: Acc=39.0% | Best=39.5%(@6580)
  from x3: 0.38 0.39 0.39 0.39 0.39 0.39 0.39 0.39 0.39 0.39 0.39 0.39 0.39
  per-rule acc: 0.29 0.49
Epoch 7160 | Train: Loss=0.0090 Acc=100.0% | Test: Acc=35.6% | Best=39.5%(@6580)
  from x3: 0.35 0.36 0.36 0.36 0.36 0.36 0.36 0.36 0.36 0.36 0.36 0.35 0.35
  per-rule acc: 0.26 0.46
Epoch 7180 | Train: Loss=0.0026 Acc=100.0% | Test: Acc=38.8% | Best=39.5%(@6580)
  from x3: 0.38 0.39 0.39 0.39 0.39 0.39 0.39 0.39 0.39 0.39 0.39 0.39 0.39
  per-rule acc: 0.28 0.49
Epoch 7200 | Train: Loss=0.0022 Acc=100.0% | Test: Acc=39.0% | Best=39.5%(@6580)
  from x3: 0.39 0.39 0.39 0.39 0.39 0.39 0.39 0.39 0.39 0.39 0.39 0.39 0.39
  per-rule acc: 0.29 0.49
Epoch 7220 | Train: Loss=0.0023 Acc=100.0% | Test: Acc=39.3% | Best=39.5%(@6580)
  from x3: 0.39 0.39 0.39 0.39 0.39 0.39 0.39 0.39 0.39 0.39 0.39 0.39 0.39
  per-rule acc: 0.29 0.50
Epoch 7240 | Train: Loss=0.0023 Acc=100.0% | Test: Acc=39.2% | Best=39.5%(@6580)
  from x3: 0.39 0.39 0.39 0.39 0.39 0.39 0.39 0.39 0.39 0.39 0.39 0.39 0.39
  per-rule acc: 0.29 0.50
Epoch 7260 | Train: Loss=0.0021 Acc=100.0% | Test: Acc=39.2% | Best=39.5%(@6580)
  from x3: 0.39 0.39 0.39 0.39 0.39 0.39 0.39 0.39 0.39 0.39 0.39 0.39 0.39
  per-rule acc: 0.28 0.50
Epoch 7280 | Train: Loss=0.0026 Acc=100.0% | Test: Acc=38.3% | Best=39.5%(@6580)
  from x3: 0.38 0.38 0.38 0.38 0.38 0.38 0.38 0.38 0.38 0.38 0.38 0.38 0.38
  per-rule acc: 0.27 0.49
Epoch 7300 | Train: Loss=0.0055 Acc=100.0% | Test: Acc=36.5% | Best=39.5%(@6580)
  from x3: 0.36 0.37 0.37 0.37 0.37 0.37 0.37 0.37 0.36 0.36 0.36 0.36 0.37
  per-rule acc: 0.26 0.47
Epoch 7320 | Train: Loss=0.0021 Acc=100.0% | Test: Acc=39.1% | Best=39.5%(@6580)
  from x3: 0.39 0.39 0.39 0.39 0.39 0.39 0.39 0.39 0.39 0.39 0.39 0.39 0.39
  per-rule acc: 0.29 0.50
Epoch 7340 | Train: Loss=0.0022 Acc=100.0% | Test: Acc=39.1% | Best=39.5%(@6580)
  from x3: 0.39 0.39 0.39 0.39 0.39 0.39 0.39 0.39 0.39 0.39 0.39 0.39 0.39
  per-rule acc: 0.29 0.50
Epoch 7360 | Train: Loss=0.0022 Acc=100.0% | Test: Acc=39.1% | Best=39.5%(@6580)
  from x3: 0.39 0.39 0.39 0.39 0.39 0.39 0.39 0.39 0.39 0.39 0.39 0.39 0.39
  per-rule acc: 0.28 0.50
Epoch 7380 | Train: Loss=0.0021 Acc=100.0% | Test: Acc=39.1% | Best=39.5%(@6580)
  from x3: 0.39 0.39 0.39 0.39 0.39 0.39 0.39 0.39 0.39 0.39 0.39 0.39 0.39
  per-rule acc: 0.29 0.50
Epoch 7400 | Train: Loss=0.0020 Acc=100.0% | Test: Acc=39.2% | Best=39.5%(@6580)
  from x3: 0.39 0.39 0.39 0.39 0.39 0.39 0.39 0.39 0.39 0.39 0.39 0.39 0.39
  per-rule acc: 0.29 0.50
Epoch 7420 | Train: Loss=0.0018 Acc=100.0% | Test: Acc=39.1% | Best=39.5%(@6580)
  from x3: 0.39 0.39 0.39 0.39 0.39 0.39 0.39 0.39 0.39 0.39 0.39 0.39 0.39
  per-rule acc: 0.29 0.50
Epoch 7440 | Train: Loss=0.0016 Acc=100.0% | Test: Acc=39.1% | Best=39.5%(@6580)
  from x3: 0.38 0.39 0.39 0.39 0.39 0.39 0.39 0.39 0.39 0.39 0.39 0.39 0.39
  per-rule acc: 0.29 0.50
Epoch 7460 | Train: Loss=0.0015 Acc=100.0% | Test: Acc=39.1% | Best=39.5%(@6580)
  from x3: 0.38 0.39 0.39 0.39 0.39 0.39 0.39 0.39 0.39 0.39 0.39 0.39 0.39
  per-rule acc: 0.29 0.49
Epoch 7480 | Train: Loss=0.0013 Acc=100.0% | Test: Acc=39.0% | Best=39.5%(@6580)
  from x3: 0.38 0.39 0.39 0.39 0.39 0.39 0.39 0.39 0.39 0.39 0.39 0.39 0.39
  per-rule acc: 0.29 0.49
Epoch 7500 | Train: Loss=0.0052 Acc=100.0% | Test: Acc=37.9% | Best=39.5%(@6580)
  from x3: 0.38 0.38 0.38 0.38 0.38 0.38 0.38 0.38 0.38 0.38 0.38 0.38 0.38
  per-rule acc: 0.28 0.48
Epoch 7520 | Train: Loss=0.0019 Acc=100.0% | Test: Acc=37.8% | Best=39.5%(@6580)
  from x3: 0.37 0.38 0.38 0.38 0.38 0.38 0.38 0.38 0.38 0.38 0.38 0.38 0.38
  per-rule acc: 0.27 0.49
Epoch 7540 | Train: Loss=0.0016 Acc=100.0% | Test: Acc=38.7% | Best=39.5%(@6580)
  from x3: 0.38 0.39 0.39 0.39 0.39 0.39 0.39 0.39 0.39 0.39 0.39 0.39 0.39
  per-rule acc: 0.28 0.49
Epoch 7560 | Train: Loss=0.0016 Acc=100.0% | Test: Acc=38.7% | Best=39.5%(@6580)
  from x3: 0.38 0.39 0.39 0.39 0.39 0.39 0.39 0.39 0.39 0.39 0.39 0.39 0.39
  per-rule acc: 0.28 0.49
Epoch 7580 | Train: Loss=0.0016 Acc=100.0% | Test: Acc=38.8% | Best=39.5%(@6580)
  from x3: 0.38 0.39 0.39 0.39 0.39 0.39 0.39 0.39 0.39 0.39 0.39 0.39 0.39
  per-rule acc: 0.28 0.49
[Early stop] No improvement for 1000 consecutive epochs

==================================================
Saving model...
[OK] Model saved to: /home/cxm/ai/test0627-multitask-overlap/models/mixed_cond_d128l1_r8_n2_e50_overlap60.pth
  File size: 1402.3 KB
  Best test accuracy: 39.51%

==================================================
Final generation test (given first two items, AB generates 3rd as prompt, validate from 4th)
==================================================

--- AB pair 1: (1, 1) ---

--- Statistics for AB=(1,1) ---
Exposed    samples:  1404 | In-dist: 18252/18252 (100.0%) | OOD: 22435/22464 ( 99.9%)
Unexposed  samples:  1405 | In-dist: 15706/18265 ( 86.0%) | OOD: 22423/22480 ( 99.7%)

--- AB pair 2: (1, 2) ---

--- Statistics for AB=(1,2) ---
Exposed    samples:  1404 | In-dist: 18250/18252 (100.0%) | OOD: 22404/22464 ( 99.7%)
Unexposed  samples:  1405 | In-dist: 15717/18265 ( 86.0%) | OOD: 22334/22480 ( 99.4%)

--- Return code: 0 ---

======================================================================
Attention Analysis
======================================================================
Model config: addition (default), p=53
Best test accuracy: 0.3950999178757186
Training epochs: 7580

Random test sequence 1/5 (length 32): [40, 14, 1, 15, 16, 31, 47, 25, 19, 44, 10, 1, 11, 12, 23, 35, 5, 40, 45, 32]...

======================================================================
Attention Layer Training Result Summary
======================================================================
Input sequence: [40, 14, 1, 15, 16, 31, 47, 25, 19, 44, 10, 1, 11, 12, 23, 35, 5, 40, 45, 32, 24, 3, 27, 30, 4, 34, 38, 19, 4, 23, 27, 50]

--- Layer 0 ---
  Head 0: Entropy=1.507
    Attention coefficients from each query position to previous positions:
      i= 0 -> j=0:1.000
      i= 1 -> j=0:0.196, j=1:0.804
      i= 2 -> j=0:0.049, j=1:0.116, j=2:0.835
      i= 3 -> j=0:0.076, j=1:0.120, j=2:0.313, j=3:0.491
      i= 4 -> j=0:0.059, j=1:0.078, j=2:0.180, j=3:0.269, j=4:0.414
      i= 5 -> j=0:0.012, j=1:0.012, j=2:0.042, j=3:0.075, j=4:0.182, j=5:0.678
      i= 6 -> j=0:0.020, j=1:0.015, j=2:0.047, j=3:0.069, j=4:0.147, j=5:0.284, j=6:0.418
      i= 7 -> j=0:0.007, j=1:0.003, j=2:0.017, j=3:0.029, j=4:0.077, j=5:0.134, j=6:0.205, j=7:0.529
      i= 8 -> j=0:0.006, j=1:0.002, j=2:0.007, j=3:0.010, j=4:0.026, j=5:0.045, j=6:0.115, j=7:0.262, j=8:0.528
      i= 9 -> j=0:0.010, j=1:0.003, j=2:0.006, j=3:0.010, j=4:0.023, j=5:0.034, j=6:0.085, j=7:0.114, j=8:0.190, j=9:0.525
      i=10 -> j=0:0.009, j=1:0.003, j=2:0.004, j=3:0.005, j=4:0.009, j=5:0.013, j=6:0.051, j=7:0.076, j=8:0.111, j=9:0.214, j=10:0.505
      i=11 -> j=0:0.001, j=1:0.000, j=2:0.001, j=3:0.000, j=4:0.001, j=5:0.001, j=6:0.005, j=7:0.008, j=8:0.014, j=9:0.048, j=10:0.110, j=11:0.812
      i=12 -> j=0:0.003, j=1:0.001, j=2:0.002, j=3:0.002, j=4:0.003, j=5:0.002, j=6:0.008, j=7:0.009, j=8:0.014, j=9:0.035, j=10:0.053, j=11:0.267, j=12:0.601
      i=13 -> j=0:0.008, j=1:0.003, j=2:0.005, j=3:0.005, j=4:0.009, j=5:0.005, j=6:0.014, j=7:0.012, j=8:0.015, j=9:0.032, j=10:0.046, j=11:0.157, j=12:0.238, j=13:0.452
      i=14 -> j=0:0.006, j=1:0.002, j=2:0.003, j=3:0.004, j=4:0.007, j=5:0.004, j=6:0.008, j=7:0.005, j=8:0.006, j=9:0.010, j=10:0.015, j=11:0.048, j=12:0.091, j=13:0.174, j=14:0.617
      i=15 -> j=0:0.004, j=1:0.001, j=2:0.001, j=3:0.002, j=4:0.005, j=5:0.003, j=6:0.007, j=7:0.003, j=8:0.002, j=9:0.003, j=10:0.007, j=11:0.021, j=12:0.043, j=13:0.071, j=14:0.211, j=15:0.614
      i=16 -> j=0:0.019, j=1:0.008, j=2:0.007, j=3:0.008, j=4:0.013, j=5:0.011, j=6:0.024, j=7:0.014, j=8:0.011, j=9:0.010, j=10:0.014, j=11:0.028, j=12:0.044, j=13:0.075, j=14:0.160, j=15:0.170, j=16:0.385
      i=17 -> j=0:0.015, j=1:0.006, j=2:0.006, j=3:0.006, j=4:0.009, j=5:0.006, j=6:0.014, j=7:0.008, j=8:0.006, j=9:0.005, j=10:0.005, j=11:0.008, j=12:0.010, j=13:0.025, j=14:0.069, j=15:0.076, j=16:0.234, j=17:0.492
      i=18 -> j=0:0.009, j=1:0.005, j=2:0.005, j=3:0.004, j=4:0.005, j=5:0.003, j=6:0.008, j=7:0.006, j=8:0.005, j=9:0.004, j=10:0.003, j=11:0.003, j=12:0.003, j=13:0.010, j=14:0.047, j=15:0.048, j=16:0.122, j=17:0.179, j=18:0.531
      i=19 -> j=0:0.025, j=1:0.015, j=2:0.020, j=3:0.018, j=4:0.020, j=5:0.013, j=6:0.022, j=7:0.018, j=8:0.017, j=9:0.015, j=10:0.013, j=11:0.011, j=12:0.008, j=13:0.017, j=14:0.032, j=15:0.029, j=16:0.073, j=17:0.137, j=18:0.212, j=19:0.285
      i=20 -> j=0:0.005, j=1:0.002, j=2:0.002, j=3:0.003, j=4:0.004, j=5:0.002, j=6:0.004, j=7:0.002, j=8:0.002, j=9:0.002, j=10:0.001, j=11:0.001, j=12:0.001, j=13:0.001, j=14:0.003, j=15:0.002, j=16:0.009, j=17:0.027, j=18:0.056, j=19:0.121, j=20:0.750
      i=21 -> j=0:0.015, j=1:0.006, j=2:0.007, j=3:0.009, j=4:0.013, j=5:0.008, j=6:0.013, j=7:0.006, j=8:0.005, j=9:0.004, j=10:0.005, j=11:0.004, j=12:0.003, j=13:0.004, j=14:0.007, j=15:0.003, j=16:0.014, j=17:0.039, j=18:0.051, j=19:0.096, j=20:0.164, j=21:0.523
      i=22 -> j=0:0.026, j=1:0.014, j=2:0.012, j=3:0.013, j=4:0.017, j=5:0.015, j=6:0.022, j=7:0.012, j=8:0.010, j=9:0.008, j=10:0.008, j=11:0.007, j=12:0.007, j=13:0.008, j=14:0.010, j=15:0.003, j=16:0.010, j=17:0.020, j=18:0.026, j=19:0.060, j=20:0.081, j=21:0.237, j=22:0.374
      i=23 -> j=0:0.016, j=1:0.010, j=2:0.006, j=3:0.006, j=4:0.008, j=5:0.007, j=6:0.015, j=7:0.009, j=8:0.006, j=9:0.003, j=10:0.003, j=11:0.002, j=12:0.003, j=13:0.005, j=14:0.006, j=15:0.001, j=16:0.003, j=17:0.005, j=18:0.009, j=19:0.033, j=20:0.054, j=21:0.142, j=22:0.176, j=23:0.472
      i=24 -> j=0:0.011, j=1:0.007, j=2:0.006, j=3:0.006, j=4:0.007, j=5:0.005, j=6:0.009, j=7:0.006, j=8:0.004, j=9:0.003, j=10:0.002, j=11:0.001, j=12:0.002, j=13:0.002, j=14:0.003, j=15:0.001, j=16:0.002, j=17:0.002, j=18:0.002, j=19:0.008, j=20:0.005, j=21:0.028, j=22:0.074, j=23:0.197, j=24:0.606
      i=25 -> j=0:0.005, j=1:0.004, j=2:0.004, j=3:0.004, j=4:0.005, j=5:0.003, j=6:0.005, j=7:0.003, j=8:0.003, j=9:0.002, j=10:0.001, j=11:0.001, j=12:0.001, j=13:0.001, j=14:0.002, j=15:0.000, j=16:0.001, j=17:0.001, j=18:0.001, j=19:0.003, j=20:0.001, j=21:0.011, j=22:0.032, j=23:0.055, j=24:0.153, j=25:0.699
      i=26 -> j=0:0.028, j=1:0.018, j=2:0.021, j=3:0.023, j=4:0.030, j=5:0.022, j=6:0.027, j=7:0.017, j=8:0.018, j=9:0.015, j=10:0.011, j=11:0.006, j=12:0.006, j=13:0.008, j=14:0.012, j=15:0.005, j=16:0.009, j=17:0.011, j=18:0.006, j=19:0.016, j=20:0.008, j=21:0.022, j=22:0.049, j=23:0.045, j=24:0.088, j=25:0.162, j=26:0.317
      i=27 -> j=0:0.022, j=1:0.011, j=2:0.014, j=3:0.017, j=4:0.022, j=5:0.016, j=6:0.021, j=7:0.013, j=8:0.012, j=9:0.009, j=10:0.009, j=11:0.005, j=12:0.004, j=13:0.006, j=14:0.006, j=15:0.002, j=16:0.005, j=17:0.007, j=18:0.003, j=19:0.008, j=20:0.002, j=21:0.006, j=22:0.019, j=23:0.017, j=24:0.044, j=25:0.073, j=26:0.171, j=27:0.455
      i=28 -> j=0:0.016, j=1:0.008, j=2:0.008, j=3:0.010, j=4:0.012, j=5:0.011, j=6:0.015, j=7:0.009, j=8:0.007, j=9:0.005, j=10:0.005, j=11:0.003, j=12:0.003, j=13:0.003, j=14:0.004, j=15:0.001, j=16:0.003, j=17:0.003, j=18:0.002, j=19:0.004, j=20:0.001, j=21:0.002, j=22:0.006, j=23:0.004, j=24:0.012, j=25:0.015, j=26:0.049, j=27:0.126, j=28:0.654
      i=29 -> j=0:0.020, j=1:0.014, j=2:0.011, j=3:0.012, j=4:0.015, j=5:0.013, j=6:0.018, j=7:0.013, j=8:0.011, j=9:0.008, j=10:0.008, j=11:0.005, j=12:0.005, j=13:0.006, j=14:0.006, j=15:0.002, j=16:0.004, j=17:0.005, j=18:0.003, j=19:0.007, j=20:0.002, j=21:0.002, j=22:0.006, j=23:0.004, j=24:0.007, j=25:0.009, j=26:0.030, j=27:0.059, j=28:0.189, j=29:0.505
      i=30 -> j=0:0.033, j=1:0.026, j=2:0.023, j=3:0.020, j=4:0.021, j=5:0.019, j=6:0.028, j=7:0.023, j=8:0.021, j=9:0.017, j=10:0.013, j=11:0.009, j=12:0.010, j=13:0.013, j=14:0.013, j=15:0.004, j=16:0.007, j=17:0.008, j=18:0.005, j=19:0.013, j=20:0.005, j=21:0.005, j=22:0.011, j=23:0.006, j=24:0.007, j=25:0.009, j=26:0.029, j=27:0.041, j=28:0.088, j=29:0.174, j=30:0.302
      i=31 -> j=0:0.040, j=1:0.035, j=2:0.033, j=3:0.030, j=4:0.034, j=5:0.027, j=6:0.035, j=7:0.031, j=8:0.032, j=9:0.027, j=10:0.020, j=11:0.014, j=12:0.016, j=13:0.019, j=14:0.019, j=15:0.010, j=16:0.012, j=17:0.013, j=18:0.007, j=19:0.017, j=20:0.008, j=21:0.010, j=22:0.016, j=23:0.009, j=24:0.010, j=25:0.010, j=26:0.026, j=27:0.035, j=28:0.051, j=29:0.086, j=30:0.123, j=31:0.145
    Average attention per distance:
      d=0:0.541, d=1:0.194, d=2:0.097, d=3:0.051, d=4:0.027, d=5:0.013, d=17:0.010, d=19:0.010
      d=21:0.013, d=22:0.017, d=23:0.017, d=24:0.017, d=25:0.017, d=26:0.018, d=27:0.019, d=28:0.021
      d=29:0.027, d=30:0.034, d=31:0.040


======================================================================
QK Property Verification (Raw Scores, before Softmax)
======================================================================
Recurrence order init_len=2, num test sequences=1

--- [P1] Long-distance Orthogonality Verification ---
Ideal: raw_score mean ≈ 0 and small std when d > init_len

  Layer 0, Head 0:
    d= 1 (effective): mean=  1.046, std= 0.355, n=31
    d= 2 (effective): mean=  0.314, std= 0.285, n=30
    d>2 (long-distance): mean= -2.052, std= 0.886, n=435

--- [P2] Time-homogeneous Verification ---
Ideal: CV of raw_score across positions i ≈ 0 for fixed distance d
(CV = std / |mean|, smaller = more constant)

  Layer 0, Head 0:
    d= 1: mean=  1.046, std= 0.355, CV=0.339, n=31
    d= 2: mean=  0.314, std= 0.285, CV=0.906, n=30

======================================================================
QK Property Verification Completed
======================================================================
