=== Experiment: mixed_cond_d128l1_r8_n2_e50_overlap30 ===
Time: 2026-06-26T15:31:11.793161
Task type: mixed_ab
Merged config: {
  "P": 53,
  "TASK": "mixed_ab",
  "NUM_MASK": 0,
  "A": 1,
  "B": 1,
  "AB_PAIRS": [
    [
      1,
      1
    ],
    [
      1,
      2
    ]
  ],
  "D_MODEL": 128,
  "N_HEAD": 1,
  "N_LAYER": 1,
  "BATCH_SIZE": 128,
  "EPOCHS": 10000,
  "LR": 0.0003,
  "SAVE_PATH": "models/mixed_cond_d128l1_r8_n2_e50_overlap30.pth",
  "USE_GREEDY_GENERATE": true,
  "USE_LEARNABLE_PE": false,
  "MLP_RATIO": 8,
  "TRAIN_LEN": 16,
  "OOD_LEN": 32,
  "DROPOUT": 0.0,
  "TARGET_INIT_COVERAGE": 0.5,
  "MAX_UNIQUE_RATIO": 0.5,
  "WEIGHT_DECAY": 1,
  "ENTROPY_PENALTY_WEIGHT": 0.0,
  "FIRST_TASK_WEIGHT": 1.0,
  "RANDOM_SEED": 42,
  "EVAL_INTERVAL": 20,
  "EARLY_STOP_NO_IMPROVE": 1000,
  "EARLY_STOP_ACCURACY": 0.99,
  "USE_AB_TAG": false,
  "USE_CONDITIONAL_WTE": true,
  "COND_WTE_SHARED_RATIO": 0.3,
  "MIXED_AB_MAX_UNIQUE_RATIOS": [
    0.5,
    0.5
  ],
  "SKIP_FINAL_GENERATION_TEST": true
}
--- output ---
Using device: cuda

[Dataset] Mixed mode: generated 2808 + 2810 samples, length 16
AB parameter pairs: [(1, 1), (1, 2)]
  - AB=(1,1): train 1404 | test 1405 | exposed ~50.0%
  - AB=(1,2): train 1404 | test 1405 | exposed ~50.0%
--------------------------------------------------
[Model config] block_size: 32, train length: 16
[Number theory] AB parameter pairs: [(1, 1), (1, 2)]


Model parameters: 0.36M

Start training...
Epoch   0 | Train: Loss=4.2098 Acc=3.7% | Test: Acc=0.1% | Best=0.1%(@0)
  from x3: 0.00 0.00 0.00 0.00 0.00 0.00 0.00 0.00 0.00 0.00 0.00 0.00 0.00
  per-rule acc: 0.00 0.00
Epoch  20 | Train: Loss=0.9931 Acc=95.8% | Test: Acc=0.8% | Best=0.8%(@20)
  from x3: 0.01 0.01 0.01 0.01 0.01 0.01 0.01 0.01 0.01 0.01 0.01 0.01 0.01
  per-rule acc: 0.01 0.01
Epoch  40 | Train: Loss=0.1803 Acc=98.9% | Test: Acc=1.4% | Best=1.4%(@40)
  from x3: 0.01 0.01 0.01 0.01 0.01 0.01 0.01 0.01 0.01 0.01 0.01 0.01 0.01
  per-rule acc: 0.01 0.02
Epoch  60 | Train: Loss=0.1158 Acc=99.1% | Test: Acc=1.4% | Best=1.4%(@60)
  from x3: 0.02 0.01 0.01 0.01 0.01 0.01 0.01 0.01 0.01 0.01 0.01 0.01 0.01
  per-rule acc: 0.01 0.02
Epoch  80 | Train: Loss=0.0878 Acc=99.3% | Test: Acc=1.5% | Best=1.5%(@80)
  from x3: 0.02 0.02 0.02 0.02 0.02 0.01 0.01 0.01 0.01 0.01 0.01 0.01 0.01
  per-rule acc: 0.01 0.02
Epoch 100 | Train: Loss=0.0710 Acc=99.4% | Test: Acc=1.5% | Best=1.5%(@80)
  from x3: 0.02 0.02 0.02 0.01 0.01 0.01 0.01 0.01 0.01 0.01 0.01 0.01 0.01
  per-rule acc: 0.01 0.02
Epoch 120 | Train: Loss=0.0422 Acc=99.6% | Test: Acc=1.6% | Best=1.6%(@120)
  from x3: 0.02 0.02 0.02 0.02 0.02 0.02 0.02 0.02 0.02 0.02 0.02 0.01 0.01
  per-rule acc: 0.01 0.02
Epoch 140 | Train: Loss=0.0337 Acc=99.8% | Test: Acc=1.7% | Best=1.7%(@140)
  from x3: 0.02 0.02 0.02 0.02 0.02 0.02 0.02 0.02 0.02 0.02 0.02 0.02 0.02
  per-rule acc: 0.02 0.02
Epoch 160 | Train: Loss=0.0286 Acc=99.9% | Test: Acc=1.9% | Best=1.9%(@160)
  from x3: 0.02 0.02 0.02 0.02 0.02 0.02 0.02 0.02 0.02 0.02 0.02 0.02 0.02
  per-rule acc: 0.02 0.02
Epoch 180 | Train: Loss=0.0511 Acc=99.9% | Test: Acc=1.9% | Best=1.9%(@180)
  from x3: 0.02 0.02 0.02 0.02 0.02 0.02 0.02 0.02 0.02 0.02 0.02 0.02 0.02
  per-rule acc: 0.02 0.02
Epoch 200 | Train: Loss=0.0259 Acc=99.9% | Test: Acc=2.0% | Best=2.0%(@200)
  from x3: 0.02 0.02 0.02 0.02 0.02 0.02 0.02 0.02 0.02 0.02 0.02 0.02 0.02
  per-rule acc: 0.02 0.02
Epoch 220 | Train: Loss=0.0217 Acc=100.0% | Test: Acc=2.0% | Best=2.0%(@220)
  from x3: 0.02 0.02 0.02 0.02 0.02 0.02 0.02 0.02 0.02 0.02 0.02 0.02 0.02
  per-rule acc: 0.02 0.02
Epoch 240 | Train: Loss=0.0361 Acc=99.9% | Test: Acc=1.9% | Best=2.0%(@220)
  from x3: 0.02 0.02 0.02 0.02 0.02 0.02 0.02 0.02 0.02 0.02 0.02 0.02 0.02
  per-rule acc: 0.02 0.02
Epoch 260 | Train: Loss=0.0179 Acc=100.0% | Test: Acc=2.1% | Best=2.1%(@260)
  from x3: 0.02 0.02 0.02 0.02 0.02 0.02 0.02 0.02 0.02 0.02 0.02 0.02 0.02
  per-rule acc: 0.02 0.02
Epoch 280 | Train: Loss=0.0259 Acc=100.0% | Test: Acc=2.0% | Best=2.1%(@260)
  from x3: 0.02 0.02 0.02 0.02 0.02 0.02 0.02 0.02 0.02 0.02 0.02 0.02 0.02
  per-rule acc: 0.02 0.02
Epoch 300 | Train: Loss=0.0141 Acc=100.0% | Test: Acc=2.2% | Best=2.2%(@300)
  from x3: 0.02 0.02 0.02 0.02 0.02 0.02 0.02 0.02 0.02 0.02 0.02 0.02 0.02
  per-rule acc: 0.02 0.02
Epoch 320 | Train: Loss=0.0206 Acc=99.9% | Test: Acc=2.1% | Best=2.2%(@300)
  from x3: 0.02 0.02 0.02 0.02 0.02 0.02 0.02 0.02 0.02 0.02 0.02 0.02 0.02
  per-rule acc: 0.02 0.02
Epoch 340 | Train: Loss=0.0256 Acc=100.0% | Test: Acc=2.1% | Best=2.2%(@300)
  from x3: 0.02 0.02 0.02 0.02 0.02 0.02 0.02 0.02 0.02 0.02 0.02 0.02 0.02
  per-rule acc: 0.02 0.02
Epoch 360 | Train: Loss=0.0162 Acc=99.9% | Test: Acc=2.1% | Best=2.2%(@300)
  from x3: 0.02 0.02 0.02 0.02 0.02 0.02 0.02 0.02 0.02 0.02 0.02 0.02 0.02
  per-rule acc: 0.02 0.02
Epoch 380 | Train: Loss=0.0219 Acc=100.0% | Test: Acc=2.1% | Best=2.2%(@300)
  from x3: 0.02 0.02 0.02 0.02 0.02 0.02 0.02 0.02 0.02 0.02 0.02 0.02 0.02
  per-rule acc: 0.02 0.02
Epoch 400 | Train: Loss=0.0218 Acc=100.0% | Test: Acc=2.1% | Best=2.2%(@300)
  from x3: 0.02 0.02 0.02 0.02 0.02 0.02 0.02 0.02 0.02 0.02 0.02 0.02 0.02
  per-rule acc: 0.02 0.02
Epoch 420 | Train: Loss=0.0142 Acc=100.0% | Test: Acc=2.1% | Best=2.2%(@300)
  from x3: 0.02 0.02 0.02 0.02 0.02 0.02 0.02 0.02 0.02 0.02 0.02 0.02 0.02
  per-rule acc: 0.02 0.02
Epoch 440 | Train: Loss=0.0239 Acc=99.9% | Test: Acc=2.2% | Best=2.2%(@440)
  from x3: 0.03 0.02 0.02 0.02 0.02 0.02 0.02 0.02 0.02 0.02 0.02 0.02 0.02
  per-rule acc: 0.02 0.02
Epoch 460 | Train: Loss=0.0182 Acc=100.0% | Test: Acc=2.2% | Best=2.2%(@460)
  from x3: 0.03 0.02 0.02 0.02 0.02 0.02 0.02 0.02 0.02 0.02 0.02 0.02 0.02
  per-rule acc: 0.02 0.02
Epoch 480 | Train: Loss=0.0173 Acc=99.9% | Test: Acc=2.3% | Best=2.3%(@480)
  from x3: 0.03 0.02 0.02 0.02 0.02 0.02 0.02 0.02 0.02 0.02 0.02 0.02 0.02
  per-rule acc: 0.02 0.02
Epoch 500 | Train: Loss=0.0300 Acc=99.9% | Test: Acc=2.4% | Best=2.4%(@500)
  from x3: 0.03 0.02 0.02 0.02 0.02 0.02 0.02 0.02 0.02 0.02 0.02 0.02 0.02
  per-rule acc: 0.02 0.03
Epoch 520 | Train: Loss=0.0235 Acc=99.9% | Test: Acc=2.4% | Best=2.4%(@520)
  from x3: 0.03 0.02 0.02 0.02 0.02 0.02 0.02 0.02 0.02 0.02 0.02 0.02 0.02
  per-rule acc: 0.02 0.03
Epoch 540 | Train: Loss=0.0177 Acc=99.9% | Test: Acc=2.4% | Best=2.4%(@540)
  from x3: 0.03 0.02 0.02 0.02 0.02 0.02 0.02 0.02 0.02 0.02 0.02 0.02 0.02
  per-rule acc: 0.02 0.03
Epoch 560 | Train: Loss=0.0226 Acc=100.0% | Test: Acc=2.3% | Best=2.4%(@540)
  from x3: 0.03 0.02 0.02 0.02 0.02 0.02 0.02 0.02 0.02 0.02 0.02 0.02 0.02
  per-rule acc: 0.02 0.02
Epoch 580 | Train: Loss=0.0159 Acc=99.9% | Test: Acc=2.4% | Best=2.4%(@540)
  from x3: 0.03 0.02 0.02 0.02 0.02 0.02 0.02 0.02 0.02 0.02 0.02 0.02 0.02
  per-rule acc: 0.02 0.03
Epoch 600 | Train: Loss=0.0185 Acc=99.9% | Test: Acc=2.7% | Best=2.7%(@600)
  from x3: 0.03 0.03 0.03 0.03 0.03 0.03 0.03 0.03 0.03 0.03 0.03 0.03 0.03
  per-rule acc: 0.03 0.03
Epoch 620 | Train: Loss=0.0160 Acc=99.9% | Test: Acc=2.6% | Best=2.7%(@600)
  from x3: 0.03 0.03 0.03 0.03 0.03 0.03 0.03 0.03 0.03 0.03 0.03 0.03 0.03
  per-rule acc: 0.03 0.03
Epoch 640 | Train: Loss=0.0279 Acc=99.9% | Test: Acc=2.4% | Best=2.7%(@600)
  from x3: 0.03 0.02 0.02 0.02 0.02 0.02 0.02 0.02 0.02 0.02 0.02 0.02 0.02
  per-rule acc: 0.02 0.03
Epoch 660 | Train: Loss=0.0148 Acc=100.0% | Test: Acc=2.7% | Best=2.7%(@660)
  from x3: 0.03 0.03 0.03 0.03 0.03 0.03 0.03 0.03 0.03 0.03 0.03 0.03 0.03
  per-rule acc: 0.03 0.03
Epoch 680 | Train: Loss=0.0217 Acc=99.9% | Test: Acc=2.8% | Best=2.8%(@680)
  from x3: 0.03 0.03 0.03 0.03 0.03 0.03 0.03 0.03 0.03 0.03 0.03 0.03 0.03
  per-rule acc: 0.03 0.03
Epoch 700 | Train: Loss=0.0115 Acc=100.0% | Test: Acc=2.8% | Best=2.8%(@680)
  from x3: 0.03 0.03 0.03 0.03 0.03 0.03 0.03 0.03 0.03 0.03 0.03 0.03 0.03
  per-rule acc: 0.03 0.03
Epoch 720 | Train: Loss=0.0260 Acc=99.9% | Test: Acc=2.9% | Best=2.9%(@720)
  from x3: 0.03 0.03 0.03 0.03 0.03 0.03 0.03 0.03 0.03 0.03 0.03 0.03 0.03
  per-rule acc: 0.03 0.03
Epoch 740 | Train: Loss=0.0118 Acc=99.9% | Test: Acc=3.0% | Best=3.0%(@740)
  from x3: 0.03 0.03 0.03 0.03 0.03 0.03 0.03 0.03 0.03 0.03 0.03 0.03 0.03
  per-rule acc: 0.03 0.03
Epoch 760 | Train: Loss=0.0185 Acc=99.9% | Test: Acc=2.9% | Best=3.0%(@740)
  from x3: 0.03 0.03 0.03 0.03 0.03 0.03 0.03 0.03 0.03 0.03 0.03 0.03 0.03
  per-rule acc: 0.03 0.03
Epoch 780 | Train: Loss=0.0128 Acc=99.9% | Test: Acc=2.7% | Best=3.0%(@740)
  from x3: 0.03 0.03 0.03 0.03 0.03 0.03 0.03 0.03 0.03 0.03 0.03 0.03 0.03
  per-rule acc: 0.03 0.03
Epoch 800 | Train: Loss=0.0231 Acc=99.8% | Test: Acc=3.0% | Best=3.0%(@740)
  from x3: 0.03 0.03 0.03 0.03 0.03 0.03 0.03 0.03 0.03 0.03 0.03 0.03 0.03
  per-rule acc: 0.03 0.03
Epoch 820 | Train: Loss=0.0195 Acc=99.9% | Test: Acc=3.3% | Best=3.3%(@820)
  from x3: 0.03 0.03 0.03 0.03 0.03 0.03 0.03 0.03 0.03 0.03 0.03 0.03 0.03
  per-rule acc: 0.04 0.03
Epoch 840 | Train: Loss=0.0181 Acc=99.9% | Test: Acc=3.5% | Best=3.5%(@840)
  from x3: 0.04 0.03 0.04 0.04 0.04 0.04 0.04 0.03 0.03 0.03 0.03 0.03 0.03
  per-rule acc: 0.04 0.03
Epoch 860 | Train: Loss=0.0112 Acc=99.9% | Test: Acc=3.3% | Best=3.5%(@840)
  from x3: 0.04 0.03 0.03 0.03 0.03 0.03 0.03 0.03 0.03 0.03 0.03 0.03 0.03
  per-rule acc: 0.03 0.03
Epoch 880 | Train: Loss=0.0105 Acc=99.9% | Test: Acc=3.6% | Best=3.6%(@880)
  from x3: 0.04 0.03 0.04 0.04 0.04 0.04 0.04 0.04 0.04 0.04 0.03 0.03 0.03
  per-rule acc: 0.04 0.03
Epoch 900 | Train: Loss=0.0114 Acc=99.9% | Test: Acc=3.6% | Best=3.6%(@900)
  from x3: 0.04 0.04 0.04 0.04 0.04 0.04 0.04 0.04 0.04 0.04 0.04 0.04 0.04
  per-rule acc: 0.04 0.03
Epoch 920 | Train: Loss=0.0113 Acc=99.9% | Test: Acc=3.7% | Best=3.7%(@920)
  from x3: 0.04 0.04 0.04 0.04 0.04 0.04 0.04 0.04 0.04 0.04 0.04 0.04 0.04
  per-rule acc: 0.04 0.04
Epoch 940 | Train: Loss=0.0092 Acc=100.0% | Test: Acc=3.8% | Best=3.8%(@940)
  from x3: 0.04 0.04 0.04 0.04 0.04 0.04 0.04 0.04 0.04 0.04 0.04 0.04 0.04
  per-rule acc: 0.04 0.04
Epoch 960 | Train: Loss=0.0099 Acc=100.0% | Test: Acc=3.9% | Best=3.9%(@960)
  from x3: 0.04 0.04 0.04 0.04 0.04 0.04 0.04 0.04 0.04 0.04 0.04 0.04 0.04
  per-rule acc: 0.04 0.04
Epoch 980 | Train: Loss=0.0117 Acc=99.9% | Test: Acc=3.9% | Best=3.9%(@960)
  from x3: 0.04 0.04 0.04 0.04 0.04 0.04 0.04 0.04 0.04 0.04 0.04 0.04 0.04
  per-rule acc: 0.04 0.04
Epoch 1000 | Train: Loss=0.0187 Acc=99.9% | Test: Acc=3.8% | Best=3.9%(@960)
  from x3: 0.04 0.04 0.04 0.04 0.04 0.04 0.04 0.04 0.04 0.04 0.04 0.04 0.04
  per-rule acc: 0.04 0.04
Epoch 1020 | Train: Loss=0.0164 Acc=100.0% | Test: Acc=4.4% | Best=4.4%(@1020)
  from x3: 0.05 0.05 0.05 0.04 0.04 0.04 0.04 0.04 0.04 0.04 0.04 0.04 0.04
  per-rule acc: 0.05 0.04
Epoch 1040 | Train: Loss=0.0172 Acc=99.9% | Test: Acc=4.6% | Best=4.6%(@1040)
  from x3: 0.05 0.05 0.05 0.05 0.05 0.05 0.05 0.05 0.04 0.05 0.05 0.05 0.05
  per-rule acc: 0.04 0.05
Epoch 1060 | Train: Loss=0.0169 Acc=100.0% | Test: Acc=4.7% | Best=4.7%(@1060)
  from x3: 0.05 0.05 0.05 0.05 0.05 0.05 0.05 0.05 0.05 0.05 0.05 0.05 0.05
  per-rule acc: 0.05 0.05
Epoch 1080 | Train: Loss=0.0119 Acc=100.0% | Test: Acc=4.8% | Best=4.8%(@1080)
  from x3: 0.05 0.05 0.05 0.05 0.05 0.05 0.05 0.05 0.05 0.05 0.05 0.05 0.05
  per-rule acc: 0.05 0.05
Epoch 1100 | Train: Loss=0.0157 Acc=99.9% | Test: Acc=4.9% | Best=4.9%(@1100)
  from x3: 0.05 0.05 0.05 0.05 0.05 0.05 0.05 0.05 0.05 0.05 0.05 0.05 0.05
  per-rule acc: 0.04 0.05
Epoch 1120 | Train: Loss=0.0139 Acc=99.9% | Test: Acc=5.9% | Best=5.9%(@1120)
  from x3: 0.06 0.05 0.06 0.06 0.06 0.06 0.06 0.06 0.06 0.06 0.06 0.06 0.06
  per-rule acc: 0.05 0.06
Epoch 1140 | Train: Loss=0.0105 Acc=100.0% | Test: Acc=6.2% | Best=6.2%(@1140)
  from x3: 0.06 0.06 0.06 0.06 0.06 0.06 0.06 0.06 0.06 0.06 0.06 0.06 0.06
  per-rule acc: 0.06 0.07
Epoch 1160 | Train: Loss=0.0194 Acc=99.9% | Test: Acc=6.3% | Best=6.3%(@1160)
  from x3: 0.07 0.06 0.06 0.06 0.06 0.06 0.06 0.06 0.06 0.06 0.06 0.06 0.06
  per-rule acc: 0.05 0.07
Epoch 1180 | Train: Loss=0.0121 Acc=99.9% | Test: Acc=6.8% | Best=6.8%(@1180)
  from x3: 0.07 0.07 0.07 0.07 0.07 0.07 0.07 0.07 0.07 0.07 0.07 0.07 0.07
  per-rule acc: 0.06 0.08
Epoch 1200 | Train: Loss=0.0080 Acc=100.0% | Test: Acc=7.6% | Best=7.6%(@1200)
  from x3: 0.08 0.07 0.08 0.07 0.08 0.07 0.08 0.08 0.08 0.08 0.08 0.08 0.08
  per-rule acc: 0.06 0.09
Epoch 1220 | Train: Loss=0.0106 Acc=100.0% | Test: Acc=8.1% | Best=8.1%(@1220)
  from x3: 0.08 0.08 0.08 0.08 0.08 0.08 0.08 0.08 0.08 0.08 0.08 0.08 0.08
  per-rule acc: 0.06 0.10
Epoch 1240 | Train: Loss=0.0122 Acc=100.0% | Test: Acc=8.8% | Best=8.8%(@1240)
  from x3: 0.09 0.08 0.09 0.09 0.09 0.09 0.09 0.09 0.09 0.09 0.09 0.09 0.09
  per-rule acc: 0.07 0.10
Epoch 1260 | Train: Loss=0.0094 Acc=100.0% | Test: Acc=9.3% | Best=9.3%(@1260)
  from x3: 0.09 0.09 0.09 0.09 0.09 0.09 0.09 0.09 0.09 0.09 0.09 0.09 0.09
  per-rule acc: 0.07 0.12
Epoch 1280 | Train: Loss=0.0094 Acc=100.0% | Test: Acc=10.1% | Best=10.1%(@1280)
  from x3: 0.09 0.10 0.10 0.10 0.10 0.10 0.10 0.10 0.10 0.10 0.10 0.10 0.10
  per-rule acc: 0.07 0.13
Epoch 1300 | Train: Loss=0.0086 Acc=100.0% | Test: Acc=10.8% | Best=10.8%(@1300)
  from x3: 0.11 0.11 0.11 0.11 0.11 0.11 0.11 0.11 0.11 0.11 0.11 0.11 0.11
  per-rule acc: 0.08 0.14
Epoch 1320 | Train: Loss=0.0080 Acc=100.0% | Test: Acc=11.4% | Best=11.4%(@1320)
  from x3: 0.12 0.11 0.11 0.11 0.11 0.11 0.11 0.11 0.11 0.11 0.11 0.11 0.11
  per-rule acc: 0.08 0.15
Epoch 1340 | Train: Loss=0.0104 Acc=100.0% | Test: Acc=11.8% | Best=11.8%(@1340)
  from x3: 0.12 0.12 0.12 0.12 0.12 0.12 0.12 0.12 0.12 0.12 0.12 0.12 0.12
  per-rule acc: 0.08 0.16
Epoch 1360 | Train: Loss=0.0077 Acc=100.0% | Test: Acc=13.4% | Best=13.4%(@1360)
  from x3: 0.14 0.14 0.13 0.13 0.13 0.13 0.13 0.13 0.13 0.13 0.13 0.13 0.13
  per-rule acc: 0.09 0.18
Epoch 1380 | Train: Loss=0.0080 Acc=100.0% | Test: Acc=14.3% | Best=14.3%(@1380)
  from x3: 0.15 0.14 0.14 0.14 0.14 0.14 0.14 0.14 0.14 0.14 0.14 0.14 0.14
  per-rule acc: 0.09 0.20
Epoch 1400 | Train: Loss=0.0147 Acc=99.9% | Test: Acc=14.6% | Best=14.6%(@1400)
  from x3: 0.14 0.15 0.15 0.15 0.15 0.15 0.15 0.15 0.15 0.15 0.15 0.14 0.14
  per-rule acc: 0.08 0.21
Epoch 1420 | Train: Loss=0.0103 Acc=100.0% | Test: Acc=16.0% | Best=16.0%(@1420)
  from x3: 0.16 0.16 0.16 0.16 0.16 0.16 0.16 0.16 0.16 0.16 0.16 0.16 0.16
  per-rule acc: 0.09 0.23
Epoch 1440 | Train: Loss=0.0089 Acc=100.0% | Test: Acc=17.6% | Best=17.6%(@1440)
  from x3: 0.18 0.18 0.18 0.17 0.18 0.18 0.18 0.17 0.17 0.18 0.18 0.18 0.18
  per-rule acc: 0.09 0.26
Epoch 1460 | Train: Loss=0.0096 Acc=99.9% | Test: Acc=18.1% | Best=18.1%(@1460)
  from x3: 0.19 0.18 0.18 0.18 0.18 0.18 0.18 0.18 0.18 0.18 0.18 0.18 0.18
  per-rule acc: 0.09 0.28
Epoch 1480 | Train: Loss=0.0126 Acc=100.0% | Test: Acc=18.5% | Best=18.5%(@1480)
  from x3: 0.19 0.19 0.18 0.19 0.19 0.19 0.19 0.19 0.18 0.18 0.18 0.18 0.18
  per-rule acc: 0.08 0.28
Epoch 1500 | Train: Loss=0.0080 Acc=100.0% | Test: Acc=21.8% | Best=21.8%(@1500)
  from x3: 0.22 0.22 0.22 0.22 0.22 0.22 0.22 0.22 0.22 0.22 0.22 0.22 0.22
  per-rule acc: 0.10 0.33
Epoch 1520 | Train: Loss=0.0119 Acc=100.0% | Test: Acc=22.5% | Best=22.5%(@1520)
  from x3: 0.23 0.22 0.22 0.22 0.22 0.22 0.22 0.22 0.23 0.23 0.22 0.22 0.22
  per-rule acc: 0.10 0.34
Epoch 1540 | Train: Loss=0.0094 Acc=99.9% | Test: Acc=24.1% | Best=24.1%(@1540)
  from x3: 0.24 0.24 0.24 0.24 0.24 0.24 0.24 0.24 0.24 0.24 0.24 0.24 0.24
  per-rule acc: 0.10 0.39
Epoch 1560 | Train: Loss=0.0093 Acc=100.0% | Test: Acc=27.2% | Best=27.2%(@1560)
  from x3: 0.27 0.27 0.27 0.27 0.27 0.27 0.27 0.27 0.27 0.27 0.27 0.27 0.27
  per-rule acc: 0.11 0.43
Epoch 1580 | Train: Loss=0.0075 Acc=100.0% | Test: Acc=28.9% | Best=28.9%(@1580)
  from x3: 0.29 0.29 0.29 0.29 0.29 0.29 0.29 0.29 0.29 0.29 0.29 0.29 0.29
  per-rule acc: 0.13 0.45
Epoch 1600 | Train: Loss=0.0097 Acc=100.0% | Test: Acc=30.9% | Best=30.9%(@1600)
  from x3: 0.31 0.31 0.31 0.31 0.31 0.31 0.31 0.31 0.31 0.31 0.31 0.31 0.31
  per-rule acc: 0.12 0.50
Epoch 1620 | Train: Loss=0.0058 Acc=100.0% | Test: Acc=33.7% | Best=33.7%(@1620)
  from x3: 0.34 0.34 0.34 0.34 0.34 0.34 0.34 0.34 0.34 0.34 0.34 0.34 0.34
  per-rule acc: 0.14 0.54
Epoch 1640 | Train: Loss=0.0090 Acc=100.0% | Test: Acc=32.9% | Best=33.7%(@1620)
  from x3: 0.33 0.33 0.33 0.33 0.33 0.33 0.33 0.33 0.33 0.33 0.33 0.33 0.33
  per-rule acc: 0.13 0.52
Epoch 1660 | Train: Loss=0.0065 Acc=100.0% | Test: Acc=35.8% | Best=35.8%(@1660)
  from x3: 0.36 0.36 0.36 0.36 0.36 0.36 0.36 0.36 0.36 0.36 0.36 0.36 0.36
  per-rule acc: 0.14 0.57
Epoch 1680 | Train: Loss=0.0072 Acc=100.0% | Test: Acc=36.6% | Best=36.6%(@1680)
  from x3: 0.38 0.37 0.37 0.37 0.37 0.37 0.37 0.37 0.36 0.36 0.37 0.36 0.36
  per-rule acc: 0.14 0.59
Epoch 1700 | Train: Loss=0.0073 Acc=100.0% | Test: Acc=38.2% | Best=38.2%(@1700)
  from x3: 0.38 0.38 0.38 0.38 0.38 0.38 0.38 0.38 0.38 0.38 0.38 0.38 0.38
  per-rule acc: 0.15 0.61
Epoch 1720 | Train: Loss=0.0076 Acc=100.0% | Test: Acc=40.7% | Best=40.7%(@1720)
  from x3: 0.41 0.41 0.41 0.41 0.41 0.41 0.41 0.41 0.41 0.41 0.41 0.41 0.41
  per-rule acc: 0.16 0.65
Epoch 1740 | Train: Loss=0.0091 Acc=100.0% | Test: Acc=41.1% | Best=41.1%(@1740)
  from x3: 0.41 0.41 0.41 0.41 0.41 0.41 0.41 0.41 0.41 0.41 0.41 0.41 0.41
  per-rule acc: 0.16 0.66
Epoch 1760 | Train: Loss=0.0072 Acc=100.0% | Test: Acc=43.0% | Best=43.0%(@1760)
  from x3: 0.43 0.43 0.43 0.43 0.43 0.43 0.43 0.43 0.43 0.43 0.43 0.43 0.43
  per-rule acc: 0.18 0.68
Epoch 1780 | Train: Loss=0.0075 Acc=100.0% | Test: Acc=44.2% | Best=44.2%(@1780)
  from x3: 0.44 0.44 0.44 0.44 0.44 0.44 0.44 0.44 0.44 0.44 0.44 0.44 0.44
  per-rule acc: 0.17 0.71
Epoch 1800 | Train: Loss=0.0145 Acc=100.0% | Test: Acc=43.3% | Best=44.2%(@1780)
  from x3: 0.44 0.43 0.43 0.43 0.43 0.43 0.43 0.43 0.43 0.43 0.43 0.43 0.43
  per-rule acc: 0.17 0.70
Epoch 1820 | Train: Loss=0.0087 Acc=100.0% | Test: Acc=45.8% | Best=45.8%(@1820)
  from x3: 0.46 0.46 0.46 0.46 0.46 0.46 0.46 0.46 0.46 0.46 0.46 0.46 0.46
  per-rule acc: 0.17 0.74
Epoch 1840 | Train: Loss=0.0060 Acc=100.0% | Test: Acc=48.8% | Best=48.8%(@1840)
  from x3: 0.49 0.49 0.49 0.49 0.49 0.49 0.49 0.49 0.49 0.49 0.49 0.49 0.49
  per-rule acc: 0.20 0.78
Epoch 1860 | Train: Loss=0.0059 Acc=100.0% | Test: Acc=49.3% | Best=49.3%(@1860)
  from x3: 0.50 0.49 0.49 0.49 0.49 0.49 0.49 0.49 0.49 0.49 0.49 0.49 0.49
  per-rule acc: 0.21 0.78
Epoch 1880 | Train: Loss=0.0124 Acc=99.9% | Test: Acc=47.8% | Best=49.3%(@1860)
  from x3: 0.48 0.48 0.48 0.48 0.48 0.48 0.48 0.48 0.48 0.48 0.48 0.48 0.48
  per-rule acc: 0.19 0.76
Epoch 1900 | Train: Loss=0.0055 Acc=100.0% | Test: Acc=51.2% | Best=51.2%(@1900)
  from x3: 0.51 0.51 0.51 0.51 0.51 0.51 0.51 0.51 0.51 0.51 0.51 0.51 0.52
  per-rule acc: 0.22 0.80
Epoch 1920 | Train: Loss=0.0063 Acc=100.0% | Test: Acc=51.5% | Best=51.5%(@1920)
  from x3: 0.51 0.51 0.52 0.52 0.52 0.52 0.52 0.51 0.51 0.51 0.52 0.52 0.51
  per-rule acc: 0.22 0.81
Epoch 1940 | Train: Loss=0.0115 Acc=100.0% | Test: Acc=51.1% | Best=51.5%(@1920)
  from x3: 0.51 0.51 0.51 0.51 0.51 0.51 0.51 0.51 0.51 0.51 0.51 0.51 0.51
  per-rule acc: 0.22 0.80
Epoch 1960 | Train: Loss=0.0117 Acc=100.0% | Test: Acc=51.3% | Best=51.5%(@1920)
  from x3: 0.51 0.51 0.51 0.51 0.51 0.51 0.51 0.51 0.51 0.51 0.51 0.51 0.51
  per-rule acc: 0.22 0.80
Epoch 1980 | Train: Loss=0.0065 Acc=100.0% | Test: Acc=54.0% | Best=54.0%(@1980)
  from x3: 0.54 0.54 0.54 0.54 0.54 0.54 0.54 0.54 0.54 0.54 0.54 0.54 0.54
  per-rule acc: 0.25 0.83
Epoch 2000 | Train: Loss=0.0058 Acc=100.0% | Test: Acc=55.0% | Best=55.0%(@2000)
  from x3: 0.54 0.55 0.55 0.55 0.55 0.55 0.55 0.55 0.55 0.55 0.55 0.55 0.55
  per-rule acc: 0.26 0.84
Epoch 2020 | Train: Loss=0.0072 Acc=100.0% | Test: Acc=55.6% | Best=55.6%(@2020)
  from x3: 0.56 0.55 0.56 0.56 0.56 0.56 0.56 0.56 0.56 0.56 0.55 0.56 0.55
  per-rule acc: 0.27 0.84
Epoch 2040 | Train: Loss=0.0084 Acc=100.0% | Test: Acc=55.3% | Best=55.6%(@2020)
  from x3: 0.55 0.55 0.55 0.55 0.55 0.55 0.55 0.55 0.55 0.55 0.55 0.55 0.55
  per-rule acc: 0.27 0.84
Epoch 2060 | Train: Loss=0.0115 Acc=100.0% | Test: Acc=55.2% | Best=55.6%(@2020)
  from x3: 0.55 0.55 0.55 0.55 0.55 0.55 0.55 0.55 0.55 0.55 0.55 0.55 0.55
  per-rule acc: 0.26 0.84
Epoch 2080 | Train: Loss=0.0071 Acc=100.0% | Test: Acc=58.3% | Best=58.3%(@2080)
  from x3: 0.58 0.58 0.58 0.58 0.58 0.58 0.58 0.59 0.58 0.58 0.58 0.58 0.59
  per-rule acc: 0.31 0.86
Epoch 2100 | Train: Loss=0.0072 Acc=100.0% | Test: Acc=59.4% | Best=59.4%(@2100)
  from x3: 0.59 0.59 0.59 0.60 0.59 0.60 0.59 0.59 0.59 0.59 0.59 0.59 0.59
  per-rule acc: 0.33 0.86
Epoch 2120 | Train: Loss=0.0137 Acc=100.0% | Test: Acc=58.6% | Best=59.4%(@2100)
  from x3: 0.58 0.58 0.59 0.59 0.59 0.59 0.59 0.59 0.59 0.59 0.59 0.59 0.59
  per-rule acc: 0.33 0.84
Epoch 2140 | Train: Loss=0.0060 Acc=100.0% | Test: Acc=61.2% | Best=61.2%(@2140)
  from x3: 0.61 0.61 0.61 0.61 0.61 0.61 0.61 0.61 0.61 0.61 0.61 0.61 0.61
  per-rule acc: 0.36 0.87
Epoch 2160 | Train: Loss=0.0105 Acc=100.0% | Test: Acc=59.5% | Best=61.2%(@2140)
  from x3: 0.60 0.60 0.60 0.59 0.60 0.59 0.59 0.60 0.60 0.60 0.60 0.60 0.60
  per-rule acc: 0.33 0.86
Epoch 2180 | Train: Loss=0.0092 Acc=100.0% | Test: Acc=61.1% | Best=61.2%(@2140)
  from x3: 0.61 0.61 0.61 0.61 0.61 0.61 0.61 0.61 0.61 0.61 0.61 0.61 0.61
  per-rule acc: 0.36 0.86
Epoch 2200 | Train: Loss=0.0062 Acc=100.0% | Test: Acc=63.9% | Best=63.9%(@2200)
  from x3: 0.64 0.64 0.64 0.64 0.64 0.64 0.64 0.64 0.64 0.64 0.64 0.64 0.64
  per-rule acc: 0.40 0.88
Epoch 2220 | Train: Loss=0.0068 Acc=100.0% | Test: Acc=64.0% | Best=64.0%(@2220)
  from x3: 0.64 0.64 0.64 0.64 0.64 0.64 0.64 0.64 0.64 0.64 0.64 0.64 0.64
  per-rule acc: 0.40 0.88
Epoch 2240 | Train: Loss=0.0074 Acc=100.0% | Test: Acc=64.1% | Best=64.1%(@2240)
  from x3: 0.64 0.64 0.64 0.64 0.64 0.64 0.64 0.64 0.64 0.64 0.64 0.64 0.64
  per-rule acc: 0.40 0.89
Epoch 2260 | Train: Loss=0.0063 Acc=100.0% | Test: Acc=65.7% | Best=65.7%(@2260)
  from x3: 0.66 0.66 0.66 0.66 0.66 0.66 0.66 0.66 0.66 0.66 0.66 0.66 0.66
  per-rule acc: 0.42 0.89
Epoch 2280 | Train: Loss=0.0066 Acc=100.0% | Test: Acc=64.8% | Best=65.7%(@2260)
  from x3: 0.65 0.65 0.65 0.65 0.65 0.65 0.65 0.65 0.65 0.65 0.65 0.65 0.65
  per-rule acc: 0.41 0.88
Epoch 2300 | Train: Loss=0.0077 Acc=100.0% | Test: Acc=66.9% | Best=66.9%(@2300)
  from x3: 0.67 0.67 0.67 0.67 0.67 0.67 0.67 0.67 0.67 0.67 0.67 0.67 0.67
  per-rule acc: 0.45 0.89
Epoch 2320 | Train: Loss=0.0072 Acc=100.0% | Test: Acc=67.3% | Best=67.3%(@2320)
  from x3: 0.67 0.67 0.67 0.67 0.67 0.67 0.67 0.67 0.67 0.67 0.67 0.67 0.67
  per-rule acc: 0.44 0.90
Epoch 2340 | Train: Loss=0.0101 Acc=100.0% | Test: Acc=66.3% | Best=67.3%(@2320)
  from x3: 0.66 0.66 0.66 0.66 0.66 0.66 0.66 0.66 0.66 0.66 0.67 0.67 0.67
  per-rule acc: 0.43 0.89
Epoch 2360 | Train: Loss=0.0067 Acc=100.0% | Test: Acc=68.1% | Best=68.1%(@2360)
  from x3: 0.68 0.68 0.68 0.68 0.68 0.68 0.68 0.68 0.68 0.68 0.68 0.68 0.68
  per-rule acc: 0.46 0.90
Epoch 2380 | Train: Loss=0.0104 Acc=100.0% | Test: Acc=69.1% | Best=69.1%(@2380)
  from x3: 0.69 0.69 0.69 0.69 0.69 0.69 0.69 0.69 0.69 0.69 0.69 0.69 0.69
  per-rule acc: 0.49 0.90
Epoch 2400 | Train: Loss=0.0081 Acc=99.9% | Test: Acc=69.1% | Best=69.1%(@2380)
  from x3: 0.69 0.69 0.69 0.69 0.69 0.69 0.69 0.69 0.69 0.69 0.69 0.69 0.69
  per-rule acc: 0.48 0.90
Epoch 2420 | Train: Loss=0.0101 Acc=99.9% | Test: Acc=69.9% | Best=69.9%(@2420)
  from x3: 0.69 0.70 0.70 0.70 0.70 0.70 0.70 0.70 0.70 0.70 0.70 0.70 0.70
  per-rule acc: 0.50 0.90
Epoch 2440 | Train: Loss=0.0067 Acc=100.0% | Test: Acc=69.6% | Best=69.9%(@2420)
  from x3: 0.69 0.69 0.70 0.70 0.70 0.70 0.70 0.70 0.70 0.70 0.70 0.70 0.69
  per-rule acc: 0.48 0.91
Epoch 2460 | Train: Loss=0.0111 Acc=100.0% | Test: Acc=69.3% | Best=69.9%(@2420)
  from x3: 0.69 0.69 0.69 0.69 0.69 0.69 0.69 0.69 0.69 0.69 0.69 0.69 0.69
  per-rule acc: 0.48 0.90
Epoch 2480 | Train: Loss=0.0052 Acc=100.0% | Test: Acc=72.0% | Best=72.0%(@2480)
  from x3: 0.71 0.72 0.72 0.72 0.72 0.72 0.72 0.72 0.72 0.72 0.72 0.72 0.72
  per-rule acc: 0.53 0.91
Epoch 2500 | Train: Loss=0.0066 Acc=100.0% | Test: Acc=72.1% | Best=72.1%(@2500)
  from x3: 0.72 0.72 0.72 0.72 0.72 0.72 0.72 0.72 0.72 0.72 0.72 0.72 0.72
  per-rule acc: 0.53 0.91
Epoch 2520 | Train: Loss=0.0081 Acc=100.0% | Test: Acc=72.9% | Best=72.9%(@2520)
  from x3: 0.73 0.73 0.73 0.73 0.73 0.73 0.73 0.73 0.73 0.73 0.73 0.73 0.73
  per-rule acc: 0.55 0.91
Epoch 2540 | Train: Loss=0.0042 Acc=100.0% | Test: Acc=73.1% | Best=73.1%(@2540)
  from x3: 0.73 0.73 0.73 0.73 0.73 0.73 0.73 0.73 0.73 0.73 0.73 0.73 0.73
  per-rule acc: 0.55 0.91
Epoch 2560 | Train: Loss=0.0098 Acc=99.9% | Test: Acc=71.6% | Best=73.1%(@2540)
  from x3: 0.71 0.71 0.71 0.71 0.72 0.72 0.72 0.72 0.72 0.72 0.72 0.72 0.72
  per-rule acc: 0.53 0.91
Epoch 2580 | Train: Loss=0.0052 Acc=100.0% | Test: Acc=73.9% | Best=73.9%(@2580)
  from x3: 0.74 0.74 0.74 0.74 0.74 0.74 0.74 0.74 0.74 0.74 0.74 0.74 0.74
  per-rule acc: 0.56 0.92
Epoch 2600 | Train: Loss=0.0075 Acc=100.0% | Test: Acc=74.5% | Best=74.5%(@2600)
  from x3: 0.74 0.75 0.74 0.75 0.75 0.75 0.75 0.75 0.75 0.74 0.75 0.74 0.75
  per-rule acc: 0.57 0.92
Epoch 2620 | Train: Loss=0.0118 Acc=100.0% | Test: Acc=72.6% | Best=74.5%(@2600)
  from x3: 0.73 0.73 0.72 0.72 0.72 0.73 0.72 0.73 0.73 0.73 0.73 0.73 0.73
  per-rule acc: 0.54 0.91
Epoch 2640 | Train: Loss=0.0109 Acc=100.0% | Test: Acc=73.5% | Best=74.5%(@2600)
  from x3: 0.74 0.73 0.74 0.74 0.74 0.74 0.74 0.73 0.74 0.73 0.74 0.73 0.73
  per-rule acc: 0.56 0.91
Epoch 2660 | Train: Loss=0.0073 Acc=100.0% | Test: Acc=74.0% | Best=74.5%(@2600)
  from x3: 0.74 0.74 0.74 0.74 0.74 0.74 0.74 0.74 0.74 0.74 0.74 0.74 0.74
  per-rule acc: 0.56 0.92
Epoch 2680 | Train: Loss=0.0102 Acc=100.0% | Test: Acc=74.5% | Best=74.5%(@2600)
  from x3: 0.74 0.74 0.75 0.75 0.75 0.75 0.75 0.75 0.75 0.75 0.75 0.75 0.75
  per-rule acc: 0.57 0.92
Epoch 2700 | Train: Loss=0.0058 Acc=100.0% | Test: Acc=75.6% | Best=75.6%(@2700)
  from x3: 0.75 0.76 0.75 0.76 0.76 0.76 0.76 0.76 0.76 0.76 0.76 0.76 0.76
  per-rule acc: 0.59 0.92
Epoch 2720 | Train: Loss=0.0054 Acc=100.0% | Test: Acc=76.0% | Best=76.0%(@2720)
  from x3: 0.76 0.76 0.76 0.76 0.76 0.76 0.76 0.76 0.76 0.76 0.76 0.76 0.76
  per-rule acc: 0.60 0.92
Epoch 2740 | Train: Loss=0.0060 Acc=100.0% | Test: Acc=76.3% | Best=76.3%(@2740)
  from x3: 0.76 0.77 0.76 0.76 0.76 0.76 0.76 0.76 0.76 0.76 0.76 0.76 0.76
  per-rule acc: 0.60 0.93
Epoch 2760 | Train: Loss=0.0119 Acc=100.0% | Test: Acc=76.5% | Best=76.5%(@2760)
  from x3: 0.76 0.76 0.76 0.76 0.76 0.76 0.76 0.76 0.77 0.77 0.77 0.77 0.77
  per-rule acc: 0.61 0.92
Epoch 2780 | Train: Loss=0.0057 Acc=100.0% | Test: Acc=77.2% | Best=77.2%(@2780)
  from x3: 0.77 0.77 0.77 0.77 0.77 0.77 0.77 0.77 0.77 0.77 0.77 0.77 0.77
  per-rule acc: 0.62 0.92
Epoch 2800 | Train: Loss=0.0045 Acc=100.0% | Test: Acc=77.6% | Best=77.6%(@2800)
  from x3: 0.77 0.77 0.77 0.78 0.78 0.78 0.78 0.78 0.78 0.78 0.78 0.78 0.78
  per-rule acc: 0.62 0.93
Epoch 2820 | Train: Loss=0.0062 Acc=100.0% | Test: Acc=77.5% | Best=77.6%(@2800)
  from x3: 0.77 0.78 0.77 0.77 0.77 0.77 0.77 0.77 0.77 0.77 0.77 0.77 0.78
  per-rule acc: 0.62 0.93
Epoch 2840 | Train: Loss=0.0055 Acc=100.0% | Test: Acc=77.9% | Best=77.9%(@2840)
  from x3: 0.78 0.78 0.78 0.78 0.78 0.78 0.78 0.78 0.78 0.78 0.78 0.78 0.78
  per-rule acc: 0.62 0.93
Epoch 2860 | Train: Loss=0.0112 Acc=100.0% | Test: Acc=77.0% | Best=77.9%(@2840)
  from x3: 0.77 0.77 0.77 0.77 0.77 0.77 0.77 0.77 0.77 0.77 0.77 0.77 0.77
  per-rule acc: 0.62 0.92
Epoch 2880 | Train: Loss=0.0044 Acc=100.0% | Test: Acc=78.8% | Best=78.8%(@2880)
  from x3: 0.78 0.79 0.79 0.79 0.79 0.79 0.79 0.79 0.79 0.79 0.79 0.79 0.79
  per-rule acc: 0.64 0.94
Epoch 2900 | Train: Loss=0.0050 Acc=100.0% | Test: Acc=78.6% | Best=78.8%(@2880)
  from x3: 0.78 0.79 0.79 0.79 0.79 0.79 0.79 0.79 0.79 0.79 0.79 0.79 0.79
  per-rule acc: 0.64 0.93
Epoch 2920 | Train: Loss=0.0080 Acc=100.0% | Test: Acc=78.5% | Best=78.8%(@2880)
  from x3: 0.78 0.79 0.78 0.78 0.79 0.78 0.79 0.79 0.79 0.79 0.79 0.78 0.78
  per-rule acc: 0.64 0.93
Epoch 2940 | Train: Loss=0.0061 Acc=100.0% | Test: Acc=79.1% | Best=79.1%(@2940)
  from x3: 0.79 0.79 0.79 0.79 0.79 0.79 0.79 0.79 0.79 0.79 0.79 0.79 0.79
  per-rule acc: 0.65 0.94
Epoch 2960 | Train: Loss=0.0043 Acc=100.0% | Test: Acc=79.7% | Best=79.7%(@2960)
  from x3: 0.79 0.80 0.80 0.80 0.80 0.80 0.80 0.80 0.80 0.80 0.80 0.80 0.80
  per-rule acc: 0.66 0.94
Epoch 2980 | Train: Loss=0.0054 Acc=100.0% | Test: Acc=79.4% | Best=79.7%(@2960)
  from x3: 0.79 0.80 0.79 0.80 0.80 0.79 0.79 0.79 0.79 0.79 0.79 0.79 0.79
  per-rule acc: 0.65 0.94
Epoch 3000 | Train: Loss=0.0040 Acc=100.0% | Test: Acc=80.3% | Best=80.3%(@3000)
  from x3: 0.80 0.81 0.80 0.80 0.80 0.80 0.80 0.80 0.80 0.80 0.80 0.80 0.80
  per-rule acc: 0.67 0.94
Epoch 3020 | Train: Loss=0.0063 Acc=100.0% | Test: Acc=79.9% | Best=80.3%(@3000)
  from x3: 0.79 0.80 0.80 0.80 0.80 0.80 0.80 0.80 0.80 0.80 0.80 0.80 0.80
  per-rule acc: 0.66 0.93
Epoch 3040 | Train: Loss=0.0047 Acc=100.0% | Test: Acc=80.0% | Best=80.3%(@3000)
  from x3: 0.80 0.80 0.80 0.80 0.80 0.80 0.80 0.80 0.80 0.80 0.80 0.80 0.80
  per-rule acc: 0.67 0.93
Epoch 3060 | Train: Loss=0.0066 Acc=100.0% | Test: Acc=79.8% | Best=80.3%(@3000)
  from x3: 0.79 0.80 0.80 0.80 0.80 0.80 0.80 0.80 0.80 0.80 0.80 0.80 0.80
  per-rule acc: 0.66 0.93
Epoch 3080 | Train: Loss=0.0093 Acc=100.0% | Test: Acc=80.2% | Best=80.3%(@3000)
  from x3: 0.80 0.80 0.80 0.80 0.80 0.80 0.80 0.80 0.80 0.80 0.80 0.80 0.80
  per-rule acc: 0.67 0.94
Epoch 3100 | Train: Loss=0.0079 Acc=100.0% | Test: Acc=80.0% | Best=80.3%(@3000)
  from x3: 0.79 0.80 0.80 0.80 0.80 0.80 0.80 0.80 0.80 0.80 0.80 0.80 0.80
  per-rule acc: 0.67 0.93
Epoch 3120 | Train: Loss=0.0051 Acc=100.0% | Test: Acc=81.0% | Best=81.0%(@3120)
  from x3: 0.80 0.81 0.81 0.81 0.81 0.81 0.81 0.81 0.81 0.81 0.81 0.81 0.81
  per-rule acc: 0.68 0.94
Epoch 3140 | Train: Loss=0.0049 Acc=100.0% | Test: Acc=80.5% | Best=81.0%(@3120)
  from x3: 0.80 0.81 0.80 0.80 0.81 0.81 0.81 0.81 0.81 0.81 0.80 0.81 0.81
  per-rule acc: 0.67 0.94
Epoch 3160 | Train: Loss=0.0035 Acc=100.0% | Test: Acc=82.1% | Best=82.1%(@3160)
  from x3: 0.82 0.82 0.82 0.82 0.82 0.82 0.82 0.82 0.82 0.82 0.82 0.82 0.82
  per-rule acc: 0.70 0.94
Epoch 3180 | Train: Loss=0.0055 Acc=100.0% | Test: Acc=82.4% | Best=82.4%(@3180)
  from x3: 0.82 0.83 0.82 0.82 0.82 0.82 0.82 0.82 0.82 0.82 0.82 0.82 0.82
  per-rule acc: 0.71 0.94
Epoch 3200 | Train: Loss=0.0038 Acc=100.0% | Test: Acc=82.0% | Best=82.4%(@3180)
  from x3: 0.82 0.82 0.82 0.82 0.82 0.82 0.82 0.82 0.82 0.82 0.82 0.82 0.82
  per-rule acc: 0.70 0.94
Epoch 3220 | Train: Loss=0.0037 Acc=100.0% | Test: Acc=82.7% | Best=82.7%(@3220)
  from x3: 0.83 0.83 0.83 0.83 0.83 0.83 0.83 0.83 0.83 0.83 0.83 0.83 0.83
  per-rule acc: 0.71 0.94
Epoch 3240 | Train: Loss=0.0056 Acc=100.0% | Test: Acc=82.5% | Best=82.7%(@3220)
  from x3: 0.82 0.82 0.82 0.82 0.82 0.82 0.83 0.83 0.83 0.83 0.83 0.83 0.83
  per-rule acc: 0.71 0.94
Epoch 3260 | Train: Loss=0.0039 Acc=100.0% | Test: Acc=83.1% | Best=83.1%(@3260)
  from x3: 0.83 0.83 0.83 0.83 0.83 0.83 0.83 0.83 0.83 0.83 0.83 0.83 0.83
  per-rule acc: 0.72 0.94
Epoch 3280 | Train: Loss=0.0055 Acc=100.0% | Test: Acc=83.1% | Best=83.1%(@3280)
  from x3: 0.83 0.83 0.83 0.83 0.83 0.83 0.83 0.83 0.83 0.83 0.83 0.83 0.83
  per-rule acc: 0.72 0.94
Epoch 3300 | Train: Loss=0.0037 Acc=100.0% | Test: Acc=83.8% | Best=83.8%(@3300)
  from x3: 0.84 0.84 0.84 0.84 0.84 0.84 0.84 0.84 0.84 0.84 0.84 0.84 0.84
  per-rule acc: 0.73 0.94
Epoch 3320 | Train: Loss=0.0045 Acc=100.0% | Test: Acc=83.1% | Best=83.8%(@3300)
  from x3: 0.82 0.83 0.83 0.83 0.83 0.83 0.83 0.83 0.83 0.83 0.83 0.83 0.83
  per-rule acc: 0.72 0.94
Epoch 3340 | Train: Loss=0.0044 Acc=100.0% | Test: Acc=83.3% | Best=83.8%(@3300)
  from x3: 0.83 0.83 0.83 0.83 0.83 0.83 0.83 0.83 0.83 0.83 0.83 0.83 0.83
  per-rule acc: 0.72 0.94
Epoch 3360 | Train: Loss=0.0036 Acc=100.0% | Test: Acc=83.9% | Best=83.9%(@3360)
  from x3: 0.84 0.84 0.84 0.84 0.84 0.84 0.84 0.84 0.84 0.84 0.84 0.84 0.84
  per-rule acc: 0.73 0.94
Epoch 3380 | Train: Loss=0.0053 Acc=100.0% | Test: Acc=83.4% | Best=83.9%(@3360)
  from x3: 0.83 0.83 0.83 0.83 0.83 0.83 0.83 0.83 0.83 0.83 0.84 0.83 0.84
  per-rule acc: 0.72 0.94
Epoch 3400 | Train: Loss=0.0045 Acc=100.0% | Test: Acc=83.5% | Best=83.9%(@3360)
  from x3: 0.83 0.84 0.83 0.83 0.83 0.83 0.83 0.84 0.84 0.84 0.84 0.84 0.84
  per-rule acc: 0.73 0.94
Epoch 3420 | Train: Loss=0.0083 Acc=100.0% | Test: Acc=83.3% | Best=83.9%(@3360)
  from x3: 0.83 0.83 0.83 0.83 0.83 0.83 0.83 0.83 0.83 0.83 0.83 0.83 0.83
  per-rule acc: 0.73 0.94
Epoch 3440 | Train: Loss=0.0059 Acc=100.0% | Test: Acc=83.1% | Best=83.9%(@3360)
  from x3: 0.83 0.83 0.83 0.83 0.83 0.83 0.83 0.83 0.83 0.83 0.83 0.83 0.83
  per-rule acc: 0.72 0.94
Epoch 3460 | Train: Loss=0.0050 Acc=100.0% | Test: Acc=83.1% | Best=83.9%(@3360)
  from x3: 0.83 0.83 0.83 0.83 0.83 0.83 0.83 0.83 0.83 0.83 0.83 0.83 0.83
  per-rule acc: 0.72 0.94
Epoch 3480 | Train: Loss=0.0052 Acc=100.0% | Test: Acc=84.0% | Best=84.0%(@3480)
  from x3: 0.84 0.84 0.84 0.84 0.84 0.84 0.84 0.84 0.84 0.84 0.84 0.84 0.84
  per-rule acc: 0.74 0.94
Epoch 3500 | Train: Loss=0.0073 Acc=99.9% | Test: Acc=82.5% | Best=84.0%(@3480)
  from x3: 0.82 0.82 0.82 0.82 0.82 0.82 0.83 0.82 0.82 0.83 0.83 0.82 0.82
  per-rule acc: 0.71 0.94
Epoch 3520 | Train: Loss=0.0072 Acc=100.0% | Test: Acc=82.9% | Best=84.0%(@3480)
  from x3: 0.82 0.83 0.83 0.83 0.83 0.83 0.83 0.83 0.83 0.83 0.83 0.83 0.83
  per-rule acc: 0.72 0.93
Epoch 3540 | Train: Loss=0.0057 Acc=100.0% | Test: Acc=83.7% | Best=84.0%(@3480)
  from x3: 0.84 0.84 0.84 0.84 0.84 0.84 0.84 0.84 0.84 0.84 0.84 0.84 0.84
  per-rule acc: 0.74 0.94
Epoch 3560 | Train: Loss=0.0044 Acc=100.0% | Test: Acc=84.5% | Best=84.5%(@3560)
  from x3: 0.85 0.85 0.85 0.85 0.85 0.85 0.85 0.85 0.84 0.85 0.84 0.84 0.84
  per-rule acc: 0.75 0.94
Epoch 3580 | Train: Loss=0.0045 Acc=100.0% | Test: Acc=84.3% | Best=84.5%(@3560)
  from x3: 0.84 0.84 0.84 0.84 0.84 0.84 0.84 0.84 0.84 0.84 0.84 0.84 0.84
  per-rule acc: 0.74 0.94
Epoch 3600 | Train: Loss=0.0045 Acc=100.0% | Test: Acc=84.5% | Best=84.5%(@3560)
  from x3: 0.84 0.85 0.84 0.84 0.84 0.85 0.85 0.85 0.85 0.85 0.85 0.85 0.85
  per-rule acc: 0.74 0.95
Epoch 3620 | Train: Loss=0.0054 Acc=100.0% | Test: Acc=84.3% | Best=84.5%(@3560)
  from x3: 0.84 0.84 0.84 0.84 0.84 0.84 0.84 0.84 0.84 0.84 0.84 0.84 0.84
  per-rule acc: 0.74 0.94
Epoch 3640 | Train: Loss=0.0065 Acc=100.0% | Test: Acc=83.4% | Best=84.5%(@3560)
  from x3: 0.83 0.84 0.83 0.83 0.84 0.84 0.83 0.83 0.83 0.83 0.83 0.83 0.83
  per-rule acc: 0.73 0.94
Epoch 3660 | Train: Loss=0.0056 Acc=100.0% | Test: Acc=84.1% | Best=84.5%(@3560)
  from x3: 0.84 0.84 0.84 0.84 0.84 0.84 0.84 0.84 0.84 0.84 0.84 0.84 0.84
  per-rule acc: 0.74 0.94
Epoch 3680 | Train: Loss=0.0079 Acc=100.0% | Test: Acc=83.9% | Best=84.5%(@3560)
  from x3: 0.84 0.84 0.84 0.84 0.84 0.84 0.84 0.84 0.84 0.84 0.84 0.84 0.84
  per-rule acc: 0.74 0.94
Epoch 3700 | Train: Loss=0.0049 Acc=100.0% | Test: Acc=84.0% | Best=84.5%(@3560)
  from x3: 0.83 0.84 0.84 0.84 0.84 0.84 0.84 0.84 0.84 0.84 0.84 0.84 0.84
  per-rule acc: 0.74 0.94
Epoch 3720 | Train: Loss=0.0056 Acc=100.0% | Test: Acc=84.3% | Best=84.5%(@3560)
  from x3: 0.84 0.85 0.84 0.84 0.84 0.84 0.84 0.84 0.84 0.84 0.84 0.84 0.84
  per-rule acc: 0.75 0.94
Epoch 3740 | Train: Loss=0.0039 Acc=100.0% | Test: Acc=84.5% | Best=84.5%(@3560)
  from x3: 0.85 0.85 0.84 0.84 0.84 0.85 0.84 0.84 0.84 0.84 0.84 0.84 0.84
  per-rule acc: 0.75 0.94
Epoch 3760 | Train: Loss=0.0050 Acc=100.0% | Test: Acc=84.4% | Best=84.5%(@3560)
  from x3: 0.84 0.84 0.84 0.84 0.84 0.85 0.84 0.84 0.85 0.84 0.84 0.84 0.84
  per-rule acc: 0.74 0.94
Epoch 3780 | Train: Loss=0.0045 Acc=100.0% | Test: Acc=84.8% | Best=84.8%(@3780)
  from x3: 0.85 0.85 0.85 0.85 0.85 0.85 0.85 0.85 0.85 0.85 0.85 0.85 0.85
  per-rule acc: 0.75 0.94
Epoch 3800 | Train: Loss=0.0057 Acc=100.0% | Test: Acc=84.7% | Best=84.8%(@3780)
  from x3: 0.85 0.85 0.85 0.85 0.85 0.85 0.85 0.85 0.85 0.85 0.85 0.85 0.85
  per-rule acc: 0.75 0.94
Epoch 3820 | Train: Loss=0.0055 Acc=100.0% | Test: Acc=84.5% | Best=84.8%(@3780)
  from x3: 0.84 0.85 0.84 0.84 0.85 0.85 0.85 0.85 0.85 0.85 0.85 0.84 0.84
  per-rule acc: 0.75 0.94
Epoch 3840 | Train: Loss=0.0055 Acc=100.0% | Test: Acc=84.9% | Best=84.9%(@3840)
  from x3: 0.85 0.85 0.85 0.85 0.85 0.85 0.85 0.85 0.85 0.85 0.85 0.85 0.85
  per-rule acc: 0.76 0.94
Epoch 3860 | Train: Loss=0.0067 Acc=100.0% | Test: Acc=85.0% | Best=85.0%(@3860)
  from x3: 0.85 0.85 0.85 0.85 0.85 0.85 0.85 0.85 0.85 0.85 0.85 0.85 0.85
  per-rule acc: 0.76 0.94
Epoch 3880 | Train: Loss=0.0037 Acc=100.0% | Test: Acc=85.4% | Best=85.4%(@3880)
  from x3: 0.85 0.85 0.85 0.85 0.85 0.85 0.85 0.85 0.85 0.86 0.86 0.85 0.86
  per-rule acc: 0.76 0.95
Epoch 3900 | Train: Loss=0.0047 Acc=100.0% | Test: Acc=85.0% | Best=85.4%(@3880)
  from x3: 0.85 0.85 0.85 0.85 0.85 0.85 0.85 0.85 0.85 0.85 0.85 0.85 0.85
  per-rule acc: 0.76 0.94
Epoch 3920 | Train: Loss=0.0066 Acc=100.0% | Test: Acc=84.5% | Best=85.4%(@3880)
  from x3: 0.84 0.85 0.84 0.84 0.84 0.85 0.85 0.85 0.85 0.85 0.85 0.85 0.85
  per-rule acc: 0.75 0.94
Epoch 3940 | Train: Loss=0.0044 Acc=100.0% | Test: Acc=85.6% | Best=85.6%(@3940)
  from x3: 0.85 0.86 0.86 0.86 0.86 0.86 0.86 0.86 0.86 0.86 0.86 0.85 0.85
  per-rule acc: 0.77 0.94
Epoch 3960 | Train: Loss=0.0056 Acc=100.0% | Test: Acc=84.8% | Best=85.6%(@3940)
  from x3: 0.84 0.85 0.85 0.85 0.85 0.85 0.85 0.85 0.85 0.85 0.85 0.85 0.85
  per-rule acc: 0.76 0.94
Epoch 3980 | Train: Loss=0.0039 Acc=100.0% | Test: Acc=85.1% | Best=85.6%(@3940)
  from x3: 0.85 0.85 0.85 0.85 0.85 0.85 0.85 0.85 0.85 0.85 0.85 0.85 0.85
  per-rule acc: 0.76 0.95
Epoch 4000 | Train: Loss=0.0031 Acc=100.0% | Test: Acc=85.8% | Best=85.8%(@4000)
  from x3: 0.86 0.86 0.86 0.86 0.86 0.86 0.86 0.86 0.86 0.86 0.86 0.86 0.86
  per-rule acc: 0.77 0.94
Epoch 4020 | Train: Loss=0.0075 Acc=100.0% | Test: Acc=84.8% | Best=85.8%(@4000)
  from x3: 0.84 0.85 0.85 0.85 0.85 0.85 0.85 0.85 0.85 0.85 0.85 0.85 0.85
  per-rule acc: 0.75 0.94
Epoch 4040 | Train: Loss=0.0067 Acc=100.0% | Test: Acc=85.3% | Best=85.8%(@4000)
  from x3: 0.85 0.85 0.85 0.86 0.85 0.85 0.85 0.85 0.85 0.85 0.85 0.85 0.85
  per-rule acc: 0.76 0.95
Epoch 4060 | Train: Loss=0.0043 Acc=100.0% | Test: Acc=85.5% | Best=85.8%(@4000)
  from x3: 0.85 0.86 0.86 0.86 0.86 0.86 0.86 0.86 0.86 0.86 0.85 0.85 0.85
  per-rule acc: 0.77 0.94
Epoch 4080 | Train: Loss=0.0072 Acc=100.0% | Test: Acc=85.2% | Best=85.8%(@4000)
  from x3: 0.85 0.85 0.85 0.85 0.85 0.85 0.85 0.85 0.85 0.85 0.85 0.85 0.85
  per-rule acc: 0.76 0.94
Epoch 4100 | Train: Loss=0.0114 Acc=100.0% | Test: Acc=84.6% | Best=85.8%(@4000)
  from x3: 0.84 0.85 0.85 0.85 0.85 0.85 0.85 0.85 0.85 0.85 0.85 0.85 0.85
  per-rule acc: 0.75 0.94
Epoch 4120 | Train: Loss=0.0034 Acc=100.0% | Test: Acc=85.8% | Best=85.8%(@4000)
  from x3: 0.85 0.86 0.86 0.86 0.86 0.86 0.86 0.86 0.86 0.86 0.86 0.86 0.86
  per-rule acc: 0.77 0.95
Epoch 4140 | Train: Loss=0.0039 Acc=100.0% | Test: Acc=85.7% | Best=85.8%(@4000)
  from x3: 0.85 0.86 0.86 0.86 0.86 0.86 0.86 0.86 0.86 0.86 0.86 0.86 0.86
  per-rule acc: 0.77 0.95
Epoch 4160 | Train: Loss=0.0056 Acc=100.0% | Test: Acc=85.5% | Best=85.8%(@4000)
  from x3: 0.85 0.86 0.86 0.86 0.86 0.86 0.86 0.86 0.86 0.86 0.85 0.85 0.85
  per-rule acc: 0.76 0.95
Epoch 4180 | Train: Loss=0.0040 Acc=100.0% | Test: Acc=85.8% | Best=85.8%(@4180)
  from x3: 0.86 0.86 0.86 0.86 0.86 0.86 0.86 0.86 0.86 0.86 0.86 0.86 0.86
  per-rule acc: 0.77 0.95
Epoch 4200 | Train: Loss=0.0040 Acc=100.0% | Test: Acc=85.8% | Best=85.8%(@4180)
  from x3: 0.86 0.86 0.86 0.86 0.86 0.86 0.86 0.86 0.86 0.86 0.86 0.86 0.86
  per-rule acc: 0.77 0.95
Epoch 4220 | Train: Loss=0.0053 Acc=100.0% | Test: Acc=85.6% | Best=85.8%(@4180)
  from x3: 0.85 0.86 0.86 0.86 0.86 0.86 0.86 0.86 0.86 0.86 0.86 0.86 0.86
  per-rule acc: 0.76 0.95
Epoch 4240 | Train: Loss=0.0056 Acc=100.0% | Test: Acc=85.8% | Best=85.8%(@4180)
  from x3: 0.86 0.86 0.86 0.86 0.86 0.86 0.86 0.86 0.86 0.86 0.86 0.86 0.86
  per-rule acc: 0.77 0.95
Epoch 4260 | Train: Loss=0.0036 Acc=100.0% | Test: Acc=86.2% | Best=86.2%(@4260)
  from x3: 0.86 0.86 0.86 0.86 0.86 0.86 0.86 0.86 0.86 0.86 0.86 0.86 0.86
  per-rule acc: 0.77 0.95
Epoch 4280 | Train: Loss=0.0041 Acc=100.0% | Test: Acc=85.6% | Best=86.2%(@4260)
  from x3: 0.85 0.86 0.85 0.86 0.86 0.86 0.86 0.86 0.86 0.86 0.86 0.86 0.86
  per-rule acc: 0.77 0.95
Epoch 4300 | Train: Loss=0.0071 Acc=100.0% | Test: Acc=85.7% | Best=86.2%(@4260)
  from x3: 0.85 0.86 0.86 0.86 0.86 0.86 0.86 0.86 0.86 0.86 0.86 0.86 0.86
  per-rule acc: 0.77 0.95
Epoch 4320 | Train: Loss=0.0030 Acc=100.0% | Test: Acc=86.7% | Best=86.7%(@4320)
  from x3: 0.87 0.87 0.87 0.87 0.87 0.87 0.87 0.87 0.87 0.87 0.87 0.87 0.87
  per-rule acc: 0.78 0.95
Epoch 4340 | Train: Loss=0.0071 Acc=100.0% | Test: Acc=86.0% | Best=86.7%(@4320)
  from x3: 0.86 0.86 0.86 0.86 0.86 0.86 0.86 0.86 0.86 0.86 0.86 0.86 0.86
  per-rule acc: 0.77 0.95
Epoch 4360 | Train: Loss=0.0040 Acc=100.0% | Test: Acc=86.7% | Best=86.7%(@4320)
  from x3: 0.86 0.87 0.87 0.87 0.87 0.87 0.87 0.87 0.87 0.87 0.87 0.87 0.87
  per-rule acc: 0.78 0.95
Epoch 4380 | Train: Loss=0.0033 Acc=100.0% | Test: Acc=86.6% | Best=86.7%(@4320)
  from x3: 0.86 0.87 0.87 0.87 0.87 0.87 0.87 0.87 0.87 0.86 0.87 0.87 0.87
  per-rule acc: 0.78 0.95
Epoch 4400 | Train: Loss=0.0033 Acc=100.0% | Test: Acc=86.7% | Best=86.7%(@4400)
  from x3: 0.87 0.87 0.87 0.87 0.87 0.87 0.87 0.87 0.87 0.87 0.87 0.87 0.87
  per-rule acc: 0.78 0.95
Epoch 4420 | Train: Loss=0.0053 Acc=100.0% | Test: Acc=86.2% | Best=86.7%(@4400)
  from x3: 0.86 0.86 0.86 0.86 0.86 0.86 0.86 0.86 0.86 0.86 0.86 0.86 0.86
  per-rule acc: 0.77 0.95
Epoch 4440 | Train: Loss=0.0048 Acc=100.0% | Test: Acc=86.2% | Best=86.7%(@4400)
  from x3: 0.86 0.86 0.86 0.86 0.86 0.86 0.86 0.86 0.86 0.86 0.86 0.86 0.86
  per-rule acc: 0.78 0.95
Epoch 4460 | Train: Loss=0.0054 Acc=100.0% | Test: Acc=86.3% | Best=86.7%(@4400)
  from x3: 0.86 0.86 0.86 0.86 0.86 0.86 0.86 0.86 0.86 0.86 0.86 0.86 0.86
  per-rule acc: 0.78 0.95
Epoch 4480 | Train: Loss=0.0032 Acc=100.0% | Test: Acc=86.9% | Best=86.9%(@4480)
  from x3: 0.87 0.87 0.87 0.87 0.87 0.87 0.87 0.87 0.87 0.87 0.87 0.87 0.87
  per-rule acc: 0.79 0.95
Epoch 4500 | Train: Loss=0.0039 Acc=100.0% | Test: Acc=86.0% | Best=86.9%(@4480)
  from x3: 0.86 0.86 0.86 0.86 0.86 0.86 0.86 0.86 0.86 0.86 0.86 0.86 0.86
  per-rule acc: 0.77 0.95
Epoch 4520 | Train: Loss=0.0035 Acc=100.0% | Test: Acc=86.5% | Best=86.9%(@4480)
  from x3: 0.86 0.87 0.86 0.86 0.86 0.86 0.87 0.87 0.87 0.87 0.87 0.87 0.87
  per-rule acc: 0.78 0.95
Epoch 4540 | Train: Loss=0.0032 Acc=100.0% | Test: Acc=87.0% | Best=87.0%(@4540)
  from x3: 0.87 0.87 0.87 0.87 0.87 0.87 0.87 0.87 0.87 0.87 0.87 0.87 0.87
  per-rule acc: 0.79 0.95
Epoch 4560 | Train: Loss=0.0160 Acc=99.8% | Test: Acc=84.6% | Best=87.0%(@4540)
  from x3: 0.84 0.85 0.84 0.85 0.85 0.85 0.85 0.85 0.85 0.85 0.85 0.85 0.85
  per-rule acc: 0.76 0.94
Epoch 4580 | Train: Loss=0.0036 Acc=100.0% | Test: Acc=86.8% | Best=87.0%(@4540)
  from x3: 0.87 0.87 0.87 0.87 0.87 0.87 0.87 0.87 0.87 0.87 0.87 0.87 0.87
  per-rule acc: 0.79 0.95
Epoch 4600 | Train: Loss=0.0049 Acc=100.0% | Test: Acc=86.1% | Best=87.0%(@4540)
  from x3: 0.86 0.86 0.86 0.86 0.86 0.86 0.86 0.86 0.86 0.86 0.86 0.86 0.86
  per-rule acc: 0.77 0.95
Epoch 4620 | Train: Loss=0.0043 Acc=100.0% | Test: Acc=86.7% | Best=87.0%(@4540)
  from x3: 0.87 0.87 0.87 0.87 0.87 0.87 0.87 0.87 0.87 0.87 0.87 0.87 0.86
  per-rule acc: 0.78 0.95
Epoch 4640 | Train: Loss=0.0036 Acc=100.0% | Test: Acc=86.7% | Best=87.0%(@4540)
  from x3: 0.86 0.87 0.87 0.87 0.87 0.87 0.87 0.87 0.87 0.87 0.87 0.87 0.87
  per-rule acc: 0.78 0.95
Epoch 4660 | Train: Loss=0.0042 Acc=100.0% | Test: Acc=86.7% | Best=87.0%(@4540)
  from x3: 0.86 0.87 0.87 0.87 0.87 0.87 0.87 0.87 0.87 0.87 0.87 0.87 0.87
  per-rule acc: 0.78 0.95
Epoch 4680 | Train: Loss=0.0031 Acc=100.0% | Test: Acc=87.2% | Best=87.2%(@4680)
  from x3: 0.87 0.87 0.87 0.87 0.87 0.87 0.87 0.87 0.87 0.87 0.87 0.87 0.87
  per-rule acc: 0.79 0.95
Epoch 4700 | Train: Loss=0.0030 Acc=100.0% | Test: Acc=86.8% | Best=87.2%(@4680)
  from x3: 0.86 0.87 0.87 0.87 0.87 0.87 0.87 0.87 0.87 0.87 0.87 0.87 0.87
  per-rule acc: 0.78 0.95
Epoch 4720 | Train: Loss=0.0036 Acc=100.0% | Test: Acc=87.3% | Best=87.3%(@4720)
  from x3: 0.87 0.87 0.87 0.87 0.87 0.87 0.87 0.87 0.87 0.87 0.87 0.87 0.87
  per-rule acc: 0.79 0.95
Epoch 4740 | Train: Loss=0.0076 Acc=100.0% | Test: Acc=86.1% | Best=87.3%(@4720)
  from x3: 0.85 0.86 0.86 0.86 0.86 0.86 0.86 0.86 0.86 0.86 0.86 0.86 0.86
  per-rule acc: 0.77 0.95
Epoch 4760 | Train: Loss=0.0031 Acc=100.0% | Test: Acc=87.1% | Best=87.3%(@4720)
  from x3: 0.87 0.87 0.87 0.87 0.87 0.87 0.87 0.87 0.87 0.87 0.87 0.87 0.87
  per-rule acc: 0.79 0.95
Epoch 4780 | Train: Loss=0.0029 Acc=100.0% | Test: Acc=87.0% | Best=87.3%(@4720)
  from x3: 0.87 0.87 0.87 0.87 0.87 0.87 0.87 0.87 0.87 0.87 0.87 0.87 0.87
  per-rule acc: 0.79 0.95
Epoch 4800 | Train: Loss=0.0127 Acc=99.9% | Test: Acc=85.6% | Best=87.3%(@4720)
  from x3: 0.85 0.86 0.86 0.86 0.86 0.86 0.86 0.86 0.86 0.86 0.86 0.86 0.86
  per-rule acc: 0.76 0.95
Epoch 4820 | Train: Loss=0.0032 Acc=100.0% | Test: Acc=86.9% | Best=87.3%(@4720)
  from x3: 0.87 0.87 0.87 0.87 0.87 0.87 0.87 0.87 0.87 0.87 0.87 0.87 0.87
  per-rule acc: 0.78 0.95
Epoch 4840 | Train: Loss=0.0039 Acc=100.0% | Test: Acc=87.0% | Best=87.3%(@4720)
  from x3: 0.87 0.87 0.87 0.87 0.87 0.87 0.87 0.87 0.87 0.87 0.87 0.87 0.87
  per-rule acc: 0.79 0.95
Epoch 4860 | Train: Loss=0.0034 Acc=100.0% | Test: Acc=87.1% | Best=87.3%(@4720)
  from x3: 0.87 0.87 0.87 0.87 0.87 0.87 0.87 0.87 0.87 0.87 0.87 0.87 0.87
  per-rule acc: 0.79 0.95
Epoch 4880 | Train: Loss=0.0037 Acc=100.0% | Test: Acc=87.0% | Best=87.3%(@4720)
  from x3: 0.87 0.87 0.87 0.87 0.87 0.87 0.87 0.87 0.87 0.87 0.87 0.87 0.87
  per-rule acc: 0.79 0.95
Epoch 4900 | Train: Loss=0.0044 Acc=100.0% | Test: Acc=86.7% | Best=87.3%(@4720)
  from x3: 0.87 0.87 0.87 0.87 0.87 0.87 0.87 0.87 0.87 0.87 0.87 0.87 0.87
  per-rule acc: 0.78 0.95
Epoch 4920 | Train: Loss=0.0032 Acc=100.0% | Test: Acc=87.1% | Best=87.3%(@4720)
  from x3: 0.87 0.87 0.87 0.87 0.87 0.87 0.87 0.87 0.87 0.87 0.87 0.87 0.87
  per-rule acc: 0.79 0.95
Epoch 4940 | Train: Loss=0.0046 Acc=100.0% | Test: Acc=86.6% | Best=87.3%(@4720)
  from x3: 0.86 0.87 0.87 0.87 0.87 0.87 0.87 0.87 0.87 0.86 0.87 0.87 0.87
  per-rule acc: 0.78 0.95
Epoch 4960 | Train: Loss=0.0028 Acc=100.0% | Test: Acc=87.1% | Best=87.3%(@4720)
  from x3: 0.87 0.87 0.87 0.87 0.87 0.87 0.87 0.87 0.87 0.87 0.87 0.87 0.87
  per-rule acc: 0.79 0.95
Epoch 4980 | Train: Loss=0.0040 Acc=100.0% | Test: Acc=86.5% | Best=87.3%(@4720)
  from x3: 0.86 0.87 0.87 0.87 0.87 0.87 0.86 0.87 0.86 0.86 0.87 0.87 0.86
  per-rule acc: 0.78 0.95
Epoch 5000 | Train: Loss=0.0067 Acc=100.0% | Test: Acc=86.3% | Best=87.3%(@4720)
  from x3: 0.86 0.87 0.86 0.87 0.86 0.86 0.86 0.86 0.86 0.86 0.86 0.86 0.86
  per-rule acc: 0.78 0.95
Epoch 5020 | Train: Loss=0.0032 Acc=100.0% | Test: Acc=87.1% | Best=87.3%(@4720)
  from x3: 0.87 0.87 0.87 0.87 0.87 0.87 0.87 0.87 0.87 0.87 0.87 0.87 0.87
  per-rule acc: 0.79 0.95
Epoch 5040 | Train: Loss=0.0070 Acc=100.0% | Test: Acc=86.4% | Best=87.3%(@4720)
  from x3: 0.86 0.86 0.86 0.86 0.86 0.86 0.86 0.86 0.86 0.86 0.86 0.86 0.86
  per-rule acc: 0.77 0.95
Epoch 5060 | Train: Loss=0.0029 Acc=100.0% | Test: Acc=87.2% | Best=87.3%(@4720)
  from x3: 0.87 0.87 0.87 0.87 0.87 0.87 0.87 0.87 0.87 0.87 0.87 0.87 0.87
  per-rule acc: 0.79 0.95
Epoch 5080 | Train: Loss=0.0035 Acc=100.0% | Test: Acc=86.9% | Best=87.3%(@4720)
  from x3: 0.87 0.87 0.87 0.87 0.87 0.87 0.87 0.87 0.87 0.87 0.87 0.87 0.87
  per-rule acc: 0.78 0.95
Epoch 5100 | Train: Loss=0.0043 Acc=100.0% | Test: Acc=86.6% | Best=87.3%(@4720)
  from x3: 0.86 0.87 0.87 0.87 0.87 0.87 0.87 0.87 0.87 0.87 0.87 0.87 0.87
  per-rule acc: 0.78 0.95
Epoch 5120 | Train: Loss=0.0097 Acc=99.9% | Test: Acc=86.2% | Best=87.3%(@4720)
  from x3: 0.86 0.86 0.86 0.86 0.86 0.86 0.86 0.86 0.86 0.86 0.86 0.86 0.86
  per-rule acc: 0.77 0.95
Epoch 5140 | Train: Loss=0.0036 Acc=100.0% | Test: Acc=86.8% | Best=87.3%(@4720)
  from x3: 0.87 0.87 0.87 0.87 0.87 0.87 0.87 0.87 0.87 0.87 0.87 0.87 0.87
  per-rule acc: 0.78 0.95
Epoch 5160 | Train: Loss=0.0081 Acc=99.9% | Test: Acc=86.0% | Best=87.3%(@4720)
  from x3: 0.86 0.86 0.86 0.86 0.86 0.86 0.86 0.86 0.86 0.86 0.86 0.86 0.86
  per-rule acc: 0.77 0.95
Epoch 5180 | Train: Loss=0.0029 Acc=100.0% | Test: Acc=87.1% | Best=87.3%(@4720)
  from x3: 0.87 0.87 0.87 0.87 0.87 0.87 0.87 0.87 0.87 0.87 0.87 0.87 0.87
  per-rule acc: 0.79 0.95
Epoch 5200 | Train: Loss=0.0055 Acc=100.0% | Test: Acc=86.2% | Best=87.3%(@4720)
  from x3: 0.86 0.86 0.86 0.86 0.86 0.86 0.86 0.86 0.86 0.86 0.86 0.86 0.86
  per-rule acc: 0.77 0.95
Epoch 5220 | Train: Loss=0.0032 Acc=100.0% | Test: Acc=87.0% | Best=87.3%(@4720)
  from x3: 0.87 0.87 0.87 0.87 0.87 0.87 0.87 0.87 0.87 0.87 0.87 0.87 0.87
  per-rule acc: 0.79 0.95
Epoch 5240 | Train: Loss=0.0037 Acc=100.0% | Test: Acc=86.6% | Best=87.3%(@4720)
  from x3: 0.86 0.87 0.87 0.87 0.87 0.87 0.87 0.87 0.87 0.87 0.87 0.86 0.86
  per-rule acc: 0.78 0.95
Epoch 5260 | Train: Loss=0.0026 Acc=100.0% | Test: Acc=87.0% | Best=87.3%(@4720)
  from x3: 0.87 0.87 0.87 0.87 0.87 0.87 0.87 0.87 0.87 0.87 0.87 0.87 0.87
  per-rule acc: 0.78 0.96
Epoch 5280 | Train: Loss=0.0032 Acc=100.0% | Test: Acc=87.3% | Best=87.3%(@4720)
  from x3: 0.87 0.87 0.87 0.87 0.87 0.87 0.87 0.87 0.87 0.87 0.87 0.87 0.87
  per-rule acc: 0.79 0.95
Epoch 5300 | Train: Loss=0.0051 Acc=100.0% | Test: Acc=86.9% | Best=87.3%(@4720)
  from x3: 0.87 0.87 0.87 0.87 0.87 0.87 0.87 0.87 0.87 0.87 0.87 0.87 0.87
  per-rule acc: 0.78 0.96
Epoch 5320 | Train: Loss=0.0056 Acc=100.0% | Test: Acc=86.3% | Best=87.3%(@4720)
  from x3: 0.86 0.86 0.86 0.86 0.86 0.86 0.86 0.86 0.86 0.86 0.86 0.86 0.86
  per-rule acc: 0.77 0.95
Epoch 5340 | Train: Loss=0.0058 Acc=100.0% | Test: Acc=86.5% | Best=87.3%(@4720)
  from x3: 0.86 0.87 0.87 0.87 0.87 0.87 0.87 0.87 0.86 0.87 0.86 0.86 0.86
  per-rule acc: 0.78 0.95
Epoch 5360 | Train: Loss=0.0029 Acc=100.0% | Test: Acc=87.3% | Best=87.3%(@4720)
  from x3: 0.87 0.87 0.88 0.87 0.87 0.87 0.87 0.87 0.87 0.87 0.87 0.87 0.87
  per-rule acc: 0.79 0.95
Epoch 5380 | Train: Loss=0.0035 Acc=100.0% | Test: Acc=87.1% | Best=87.3%(@4720)
  from x3: 0.87 0.87 0.87 0.87 0.87 0.87 0.87 0.87 0.87 0.87 0.87 0.87 0.87
  per-rule acc: 0.79 0.95
Epoch 5400 | Train: Loss=0.0032 Acc=100.0% | Test: Acc=87.4% | Best=87.4%(@5400)
  from x3: 0.87 0.87 0.88 0.87 0.87 0.87 0.87 0.87 0.87 0.87 0.87 0.87 0.87
  per-rule acc: 0.79 0.96
Epoch 5420 | Train: Loss=0.0032 Acc=100.0% | Test: Acc=87.2% | Best=87.4%(@5400)
  from x3: 0.87 0.87 0.87 0.87 0.87 0.87 0.87 0.87 0.87 0.87 0.87 0.87 0.87
  per-rule acc: 0.79 0.95
Epoch 5440 | Train: Loss=0.0042 Acc=100.0% | Test: Acc=86.8% | Best=87.4%(@5400)
  from x3: 0.86 0.87 0.87 0.87 0.87 0.87 0.87 0.87 0.87 0.87 0.87 0.87 0.87
  per-rule acc: 0.78 0.95
Epoch 5460 | Train: Loss=0.0035 Acc=100.0% | Test: Acc=87.0% | Best=87.4%(@5400)
  from x3: 0.87 0.87 0.87 0.87 0.87 0.87 0.87 0.87 0.87 0.87 0.87 0.87 0.87
  per-rule acc: 0.79 0.95
Epoch 5480 | Train: Loss=0.0025 Acc=100.0% | Test: Acc=87.3% | Best=87.4%(@5400)
  from x3: 0.87 0.87 0.87 0.87 0.87 0.87 0.87 0.87 0.87 0.87 0.87 0.87 0.87
  per-rule acc: 0.79 0.95
Epoch 5500 | Train: Loss=0.0040 Acc=100.0% | Test: Acc=86.7% | Best=87.4%(@5400)
  from x3: 0.86 0.87 0.87 0.87 0.87 0.87 0.87 0.87 0.87 0.87 0.87 0.87 0.87
  per-rule acc: 0.78 0.95
Epoch 5520 | Train: Loss=0.0028 Acc=100.0% | Test: Acc=86.9% | Best=87.4%(@5400)
  from x3: 0.87 0.87 0.87 0.87 0.87 0.87 0.87 0.87 0.87 0.87 0.87 0.87 0.87
  per-rule acc: 0.79 0.95
Epoch 5540 | Train: Loss=0.0026 Acc=100.0% | Test: Acc=87.3% | Best=87.4%(@5400)
  from x3: 0.87 0.87 0.87 0.87 0.87 0.87 0.87 0.87 0.87 0.87 0.87 0.87 0.87
  per-rule acc: 0.79 0.95
Epoch 5560 | Train: Loss=0.0032 Acc=100.0% | Test: Acc=87.1% | Best=87.4%(@5400)
  from x3: 0.87 0.87 0.87 0.87 0.87 0.87 0.87 0.87 0.87 0.87 0.87 0.87 0.87
  per-rule acc: 0.79 0.95
Epoch 5580 | Train: Loss=0.0052 Acc=100.0% | Test: Acc=86.9% | Best=87.4%(@5400)
  from x3: 0.87 0.87 0.87 0.87 0.87 0.87 0.87 0.87 0.87 0.87 0.87 0.87 0.87
  per-rule acc: 0.78 0.96
Epoch 5600 | Train: Loss=0.0030 Acc=100.0% | Test: Acc=87.0% | Best=87.4%(@5400)
  from x3: 0.87 0.87 0.87 0.87 0.87 0.87 0.87 0.87 0.87 0.87 0.87 0.87 0.87
  per-rule acc: 0.79 0.95
Epoch 5620 | Train: Loss=0.0027 Acc=100.0% | Test: Acc=87.1% | Best=87.4%(@5400)
  from x3: 0.87 0.87 0.87 0.87 0.87 0.87 0.87 0.87 0.87 0.87 0.87 0.87 0.87
  per-rule acc: 0.79 0.95
Epoch 5640 | Train: Loss=0.0093 Acc=99.9% | Test: Acc=85.9% | Best=87.4%(@5400)
  from x3: 0.86 0.86 0.86 0.86 0.86 0.86 0.86 0.86 0.86 0.86 0.86 0.86 0.86
  per-rule acc: 0.77 0.95
Epoch 5660 | Train: Loss=0.0033 Acc=100.0% | Test: Acc=87.1% | Best=87.4%(@5400)
  from x3: 0.87 0.87 0.87 0.87 0.87 0.87 0.87 0.87 0.87 0.87 0.87 0.87 0.87
  per-rule acc: 0.79 0.95
Epoch 5680 | Train: Loss=0.0026 Acc=100.0% | Test: Acc=87.7% | Best=87.7%(@5680)
  from x3: 0.87 0.88 0.88 0.88 0.88 0.88 0.88 0.88 0.88 0.88 0.88 0.88 0.88
  per-rule acc: 0.80 0.96
Epoch 5700 | Train: Loss=0.0024 Acc=100.0% | Test: Acc=87.3% | Best=87.7%(@5680)
  from x3: 0.87 0.88 0.87 0.87 0.87 0.87 0.87 0.87 0.87 0.87 0.87 0.87 0.87
  per-rule acc: 0.79 0.96
Epoch 5720 | Train: Loss=0.0028 Acc=100.0% | Test: Acc=87.7% | Best=87.7%(@5680)
  from x3: 0.88 0.88 0.88 0.88 0.88 0.88 0.88 0.88 0.88 0.88 0.88 0.88 0.88
  per-rule acc: 0.80 0.96
Epoch 5740 | Train: Loss=0.0046 Acc=100.0% | Test: Acc=86.2% | Best=87.7%(@5680)
  from x3: 0.86 0.86 0.86 0.86 0.86 0.86 0.86 0.86 0.86 0.86 0.86 0.86 0.86
  per-rule acc: 0.77 0.95
Epoch 5760 | Train: Loss=0.0048 Acc=100.0% | Test: Acc=86.9% | Best=87.7%(@5680)
  from x3: 0.87 0.87 0.87 0.87 0.87 0.87 0.87 0.87 0.87 0.87 0.87 0.87 0.87
  per-rule acc: 0.78 0.95
Epoch 5780 | Train: Loss=0.0036 Acc=100.0% | Test: Acc=86.9% | Best=87.7%(@5680)
  from x3: 0.87 0.87 0.87 0.87 0.87 0.87 0.87 0.87 0.87 0.87 0.87 0.87 0.87
  per-rule acc: 0.78 0.95
Epoch 5800 | Train: Loss=0.0029 Acc=100.0% | Test: Acc=87.2% | Best=87.7%(@5680)
  from x3: 0.87 0.87 0.87 0.87 0.87 0.87 0.87 0.87 0.87 0.87 0.87 0.87 0.87
  per-rule acc: 0.79 0.95
Epoch 5820 | Train: Loss=0.0040 Acc=100.0% | Test: Acc=86.9% | Best=87.7%(@5680)
  from x3: 0.87 0.87 0.87 0.87 0.87 0.87 0.87 0.87 0.87 0.87 0.87 0.87 0.87
  per-rule acc: 0.78 0.95
Epoch 5840 | Train: Loss=0.0034 Acc=100.0% | Test: Acc=87.1% | Best=87.7%(@5680)
  from x3: 0.87 0.87 0.87 0.87 0.87 0.87 0.87 0.87 0.87 0.87 0.87 0.87 0.87
  per-rule acc: 0.79 0.96
Epoch 5860 | Train: Loss=0.0027 Acc=100.0% | Test: Acc=87.6% | Best=87.7%(@5680)
  from x3: 0.88 0.88 0.88 0.88 0.88 0.88 0.88 0.88 0.87 0.88 0.87 0.87 0.87
  per-rule acc: 0.80 0.96
Epoch 5880 | Train: Loss=0.0031 Acc=100.0% | Test: Acc=87.5% | Best=87.7%(@5680)
  from x3: 0.87 0.88 0.88 0.88 0.88 0.88 0.88 0.88 0.87 0.87 0.87 0.87 0.87
  per-rule acc: 0.79 0.96
Epoch 5900 | Train: Loss=0.0026 Acc=100.0% | Test: Acc=87.6% | Best=87.7%(@5680)
  from x3: 0.87 0.88 0.88 0.88 0.88 0.88 0.88 0.88 0.88 0.88 0.88 0.88 0.87
  per-rule acc: 0.80 0.96
Epoch 5920 | Train: Loss=0.0086 Acc=100.0% | Test: Acc=86.2% | Best=87.7%(@5680)
  from x3: 0.87 0.86 0.86 0.86 0.86 0.86 0.86 0.86 0.86 0.86 0.86 0.86 0.86
  per-rule acc: 0.78 0.95
Epoch 5940 | Train: Loss=0.0022 Acc=100.0% | Test: Acc=87.5% | Best=87.7%(@5680)
  from x3: 0.87 0.88 0.88 0.88 0.88 0.88 0.88 0.88 0.88 0.87 0.87 0.88 0.87
  per-rule acc: 0.80 0.96
Epoch 5960 | Train: Loss=0.0039 Acc=100.0% | Test: Acc=86.9% | Best=87.7%(@5680)
  from x3: 0.87 0.87 0.87 0.87 0.87 0.87 0.87 0.87 0.87 0.87 0.87 0.87 0.87
  per-rule acc: 0.78 0.95
Epoch 5980 | Train: Loss=0.0023 Acc=100.0% | Test: Acc=87.8% | Best=87.8%(@5980)
  from x3: 0.88 0.88 0.88 0.88 0.88 0.88 0.88 0.88 0.88 0.88 0.88 0.88 0.88
  per-rule acc: 0.80 0.96
Epoch 6000 | Train: Loss=0.0025 Acc=100.0% | Test: Acc=87.4% | Best=87.8%(@5980)
  from x3: 0.87 0.88 0.88 0.87 0.87 0.87 0.87 0.87 0.87 0.87 0.87 0.87 0.87
  per-rule acc: 0.79 0.96
Epoch 6020 | Train: Loss=0.0025 Acc=100.0% | Test: Acc=87.6% | Best=87.8%(@5980)
  from x3: 0.88 0.88 0.88 0.88 0.88 0.88 0.88 0.88 0.88 0.88 0.88 0.88 0.88
  per-rule acc: 0.80 0.95
Epoch 6040 | Train: Loss=0.0025 Acc=100.0% | Test: Acc=87.8% | Best=87.8%(@5980)
  from x3: 0.88 0.88 0.88 0.88 0.88 0.88 0.88 0.88 0.88 0.88 0.88 0.88 0.88
  per-rule acc: 0.80 0.96
Epoch 6060 | Train: Loss=0.0040 Acc=100.0% | Test: Acc=87.0% | Best=87.8%(@5980)
  from x3: 0.87 0.87 0.87 0.87 0.87 0.87 0.87 0.87 0.87 0.87 0.87 0.87 0.87
  per-rule acc: 0.78 0.95
Epoch 6080 | Train: Loss=0.0024 Acc=100.0% | Test: Acc=87.9% | Best=87.9%(@6080)
  from x3: 0.88 0.88 0.88 0.88 0.88 0.88 0.88 0.88 0.88 0.88 0.88 0.88 0.88
  per-rule acc: 0.80 0.96
Epoch 6100 | Train: Loss=0.0025 Acc=100.0% | Test: Acc=87.7% | Best=87.9%(@6080)
  from x3: 0.87 0.88 0.88 0.88 0.88 0.88 0.88 0.88 0.88 0.88 0.88 0.88 0.87
  per-rule acc: 0.80 0.96
Epoch 6120 | Train: Loss=0.0026 Acc=100.0% | Test: Acc=87.5% | Best=87.9%(@6080)
  from x3: 0.88 0.88 0.88 0.88 0.87 0.87 0.88 0.87 0.87 0.87 0.87 0.87 0.87
  per-rule acc: 0.79 0.96
Epoch 6140 | Train: Loss=0.0022 Acc=100.0% | Test: Acc=87.9% | Best=87.9%(@6140)
  from x3: 0.88 0.88 0.88 0.88 0.88 0.88 0.88 0.88 0.88 0.88 0.88 0.88 0.88
  per-rule acc: 0.80 0.96
Epoch 6160 | Train: Loss=0.0036 Acc=100.0% | Test: Acc=87.2% | Best=87.9%(@6140)
  from x3: 0.87 0.87 0.87 0.87 0.87 0.87 0.87 0.87 0.87 0.87 0.87 0.87 0.87
  per-rule acc: 0.79 0.96
Epoch 6180 | Train: Loss=0.0024 Acc=100.0% | Test: Acc=87.7% | Best=87.9%(@6140)
  from x3: 0.88 0.88 0.88 0.88 0.88 0.88 0.88 0.88 0.88 0.88 0.87 0.87 0.88
  per-rule acc: 0.80 0.96
Epoch 6200 | Train: Loss=0.0022 Acc=100.0% | Test: Acc=88.1% | Best=88.1%(@6200)
  from x3: 0.88 0.88 0.88 0.88 0.88 0.88 0.88 0.88 0.88 0.88 0.88 0.88 0.88
  per-rule acc: 0.81 0.96
Epoch 6220 | Train: Loss=0.0021 Acc=100.0% | Test: Acc=88.0% | Best=88.1%(@6200)
  from x3: 0.88 0.88 0.88 0.88 0.88 0.88 0.88 0.88 0.88 0.88 0.88 0.88 0.88
  per-rule acc: 0.80 0.96
Epoch 6240 | Train: Loss=0.0043 Acc=100.0% | Test: Acc=86.9% | Best=88.1%(@6200)
  from x3: 0.87 0.87 0.87 0.87 0.87 0.87 0.87 0.87 0.87 0.87 0.87 0.87 0.87
  per-rule acc: 0.79 0.95
Epoch 6260 | Train: Loss=0.0023 Acc=100.0% | Test: Acc=87.7% | Best=88.1%(@6200)
  from x3: 0.88 0.88 0.88 0.88 0.88 0.88 0.88 0.88 0.88 0.88 0.88 0.88 0.88
  per-rule acc: 0.80 0.96
Epoch 6280 | Train: Loss=0.0023 Acc=100.0% | Test: Acc=88.1% | Best=88.1%(@6200)
  from x3: 0.88 0.88 0.88 0.88 0.88 0.88 0.88 0.88 0.88 0.88 0.88 0.88 0.88
  per-rule acc: 0.80 0.96
Epoch 6300 | Train: Loss=0.0023 Acc=100.0% | Test: Acc=88.2% | Best=88.2%(@6300)
  from x3: 0.88 0.88 0.88 0.88 0.88 0.88 0.88 0.88 0.88 0.88 0.88 0.88 0.88
  per-rule acc: 0.81 0.96
Epoch 6320 | Train: Loss=0.0021 Acc=100.0% | Test: Acc=88.3% | Best=88.3%(@6320)
  from x3: 0.88 0.89 0.88 0.88 0.88 0.88 0.88 0.88 0.88 0.88 0.88 0.88 0.88
  per-rule acc: 0.81 0.96
Epoch 6340 | Train: Loss=0.0019 Acc=100.0% | Test: Acc=88.3% | Best=88.3%(@6340)
  from x3: 0.88 0.89 0.88 0.88 0.88 0.88 0.88 0.88 0.88 0.88 0.88 0.88 0.88
  per-rule acc: 0.81 0.96
Epoch 6360 | Train: Loss=0.0022 Acc=100.0% | Test: Acc=88.1% | Best=88.3%(@6340)
  from x3: 0.88 0.88 0.88 0.88 0.88 0.88 0.88 0.88 0.88 0.88 0.88 0.88 0.88
  per-rule acc: 0.81 0.96
Epoch 6380 | Train: Loss=0.0022 Acc=100.0% | Test: Acc=88.3% | Best=88.3%(@6340)
  from x3: 0.88 0.89 0.88 0.88 0.88 0.88 0.88 0.88 0.88 0.88 0.88 0.88 0.88
  per-rule acc: 0.81 0.96
Epoch 6400 | Train: Loss=0.0022 Acc=100.0% | Test: Acc=88.3% | Best=88.3%(@6340)
  from x3: 0.88 0.89 0.88 0.88 0.88 0.88 0.88 0.88 0.88 0.88 0.88 0.88 0.88
  per-rule acc: 0.81 0.96
Epoch 6420 | Train: Loss=0.0031 Acc=100.0% | Test: Acc=88.0% | Best=88.3%(@6340)
  from x3: 0.88 0.88 0.88 0.88 0.88 0.88 0.88 0.88 0.88 0.88 0.88 0.88 0.88
  per-rule acc: 0.80 0.96
Epoch 6440 | Train: Loss=0.0019 Acc=100.0% | Test: Acc=88.7% | Best=88.7%(@6440)
  from x3: 0.89 0.89 0.89 0.89 0.89 0.89 0.89 0.89 0.89 0.89 0.88 0.89 0.89
  per-rule acc: 0.82 0.96
Epoch 6460 | Train: Loss=0.0019 Acc=100.0% | Test: Acc=88.9% | Best=88.9%(@6460)
  from x3: 0.89 0.89 0.89 0.89 0.89 0.89 0.89 0.89 0.89 0.89 0.89 0.89 0.89
  per-rule acc: 0.82 0.96
Epoch 6480 | Train: Loss=0.0020 Acc=100.0% | Test: Acc=88.7% | Best=88.9%(@6460)
  from x3: 0.89 0.89 0.89 0.89 0.89 0.89 0.89 0.89 0.89 0.89 0.89 0.89 0.89
  per-rule acc: 0.82 0.96
Epoch 6500 | Train: Loss=0.0068 Acc=100.0% | Test: Acc=87.3% | Best=88.9%(@6460)
  from x3: 0.88 0.87 0.87 0.87 0.87 0.87 0.87 0.87 0.87 0.87 0.87 0.87 0.87
  per-rule acc: 0.80 0.95
Epoch 6520 | Train: Loss=0.0017 Acc=100.0% | Test: Acc=88.7% | Best=88.9%(@6460)
  from x3: 0.89 0.89 0.89 0.89 0.89 0.89 0.89 0.89 0.89 0.89 0.89 0.89 0.89
  per-rule acc: 0.82 0.96
Epoch 6540 | Train: Loss=0.0019 Acc=100.0% | Test: Acc=88.8% | Best=88.9%(@6460)
  from x3: 0.89 0.89 0.89 0.89 0.89 0.89 0.89 0.89 0.89 0.89 0.89 0.89 0.89
  per-rule acc: 0.82 0.96
Epoch 6560 | Train: Loss=0.0018 Acc=100.0% | Test: Acc=89.0% | Best=89.0%(@6560)
  from x3: 0.89 0.89 0.89 0.89 0.89 0.89 0.89 0.89 0.89 0.89 0.89 0.89 0.89
  per-rule acc: 0.82 0.96
Epoch 6580 | Train: Loss=0.0017 Acc=100.0% | Test: Acc=89.1% | Best=89.1%(@6580)
  from x3: 0.89 0.89 0.89 0.89 0.89 0.89 0.89 0.89 0.89 0.89 0.89 0.89 0.89
  per-rule acc: 0.82 0.96
Epoch 6600 | Train: Loss=0.0016 Acc=100.0% | Test: Acc=88.8% | Best=89.1%(@6580)
  from x3: 0.89 0.89 0.89 0.89 0.89 0.89 0.89 0.89 0.89 0.89 0.89 0.89 0.89
  per-rule acc: 0.82 0.96
Epoch 6620 | Train: Loss=0.0043 Acc=100.0% | Test: Acc=88.1% | Best=89.1%(@6580)
  from x3: 0.89 0.88 0.88 0.88 0.88 0.88 0.88 0.88 0.88 0.88 0.88 0.88 0.88
  per-rule acc: 0.81 0.95
Epoch 6640 | Train: Loss=0.0016 Acc=100.0% | Test: Acc=89.1% | Best=89.1%(@6580)
  from x3: 0.89 0.89 0.89 0.89 0.89 0.89 0.89 0.89 0.89 0.89 0.89 0.89 0.89
  per-rule acc: 0.82 0.96
Epoch 6660 | Train: Loss=0.0018 Acc=100.0% | Test: Acc=89.1% | Best=89.1%(@6660)
  from x3: 0.89 0.89 0.89 0.89 0.89 0.89 0.89 0.89 0.89 0.89 0.89 0.89 0.89
  per-rule acc: 0.82 0.96
Epoch 6680 | Train: Loss=0.0017 Acc=100.0% | Test: Acc=89.1% | Best=89.1%(@6660)
  from x3: 0.89 0.89 0.89 0.89 0.89 0.89 0.89 0.89 0.89 0.89 0.89 0.89 0.89
  per-rule acc: 0.82 0.96
Epoch 6700 | Train: Loss=0.0015 Acc=100.0% | Test: Acc=89.1% | Best=89.1%(@6660)
  from x3: 0.89 0.89 0.89 0.89 0.89 0.89 0.89 0.89 0.89 0.89 0.89 0.89 0.89
  per-rule acc: 0.82 0.96
Epoch 6720 | Train: Loss=0.0018 Acc=100.0% | Test: Acc=88.7% | Best=89.1%(@6660)
  from x3: 0.89 0.89 0.89 0.89 0.89 0.89 0.89 0.89 0.89 0.89 0.89 0.89 0.89
  per-rule acc: 0.82 0.96
Epoch 6740 | Train: Loss=0.0015 Acc=100.0% | Test: Acc=89.2% | Best=89.2%(@6740)
  from x3: 0.90 0.89 0.89 0.89 0.89 0.89 0.89 0.89 0.89 0.89 0.89 0.89 0.89
  per-rule acc: 0.83 0.96
Epoch 6760 | Train: Loss=0.0018 Acc=100.0% | Test: Acc=89.1% | Best=89.2%(@6740)
  from x3: 0.89 0.89 0.89 0.89 0.89 0.89 0.89 0.89 0.89 0.89 0.89 0.89 0.89
  per-rule acc: 0.83 0.96
Epoch 6780 | Train: Loss=0.0019 Acc=100.0% | Test: Acc=89.0% | Best=89.2%(@6740)
  from x3: 0.89 0.89 0.89 0.89 0.89 0.89 0.89 0.89 0.89 0.89 0.89 0.89 0.89
  per-rule acc: 0.82 0.96
Epoch 6800 | Train: Loss=0.0015 Acc=100.0% | Test: Acc=89.2% | Best=89.2%(@6800)
  from x3: 0.89 0.89 0.89 0.89 0.89 0.89 0.89 0.89 0.89 0.89 0.89 0.89 0.89
  per-rule acc: 0.83 0.96
Epoch 6820 | Train: Loss=0.0014 Acc=100.0% | Test: Acc=89.2% | Best=89.2%(@6820)
  from x3: 0.90 0.89 0.89 0.89 0.89 0.89 0.89 0.89 0.89 0.89 0.89 0.89 0.89
  per-rule acc: 0.83 0.96
Epoch 6840 | Train: Loss=0.0013 Acc=100.0% | Test: Acc=89.1% | Best=89.2%(@6820)
  from x3: 0.89 0.89 0.89 0.89 0.89 0.89 0.89 0.89 0.89 0.89 0.89 0.89 0.89
  per-rule acc: 0.83 0.96
Epoch 6860 | Train: Loss=0.0014 Acc=100.0% | Test: Acc=89.3% | Best=89.3%(@6860)
  from x3: 0.89 0.89 0.89 0.89 0.89 0.89 0.89 0.89 0.89 0.89 0.89 0.89 0.89
  per-rule acc: 0.83 0.96
Epoch 6880 | Train: Loss=0.0014 Acc=100.0% | Test: Acc=89.3% | Best=89.3%(@6880)
  from x3: 0.90 0.89 0.89 0.89 0.89 0.89 0.89 0.89 0.89 0.89 0.89 0.89 0.89
  per-rule acc: 0.83 0.96
Epoch 6900 | Train: Loss=0.0013 Acc=100.0% | Test: Acc=89.3% | Best=89.3%(@6880)
  from x3: 0.90 0.89 0.89 0.89 0.89 0.89 0.89 0.89 0.89 0.89 0.89 0.89 0.89
  per-rule acc: 0.83 0.96
Epoch 6920 | Train: Loss=0.0015 Acc=100.0% | Test: Acc=88.9% | Best=89.3%(@6880)
  from x3: 0.89 0.89 0.89 0.89 0.89 0.89 0.89 0.89 0.89 0.89 0.89 0.89 0.89
  per-rule acc: 0.82 0.96
Epoch 6940 | Train: Loss=0.0015 Acc=100.0% | Test: Acc=89.2% | Best=89.3%(@6880)
  from x3: 0.89 0.89 0.89 0.89 0.89 0.89 0.89 0.89 0.89 0.89 0.89 0.89 0.89
  per-rule acc: 0.83 0.96
Epoch 6960 | Train: Loss=0.0015 Acc=100.0% | Test: Acc=89.3% | Best=89.3%(@6880)
  from x3: 0.90 0.89 0.89 0.89 0.89 0.89 0.89 0.89 0.89 0.89 0.89 0.89 0.89
  per-rule acc: 0.83 0.96
Epoch 6980 | Train: Loss=0.0025 Acc=100.0% | Test: Acc=88.9% | Best=89.3%(@6880)
  from x3: 0.89 0.89 0.89 0.89 0.89 0.89 0.89 0.89 0.89 0.89 0.89 0.89 0.89
  per-rule acc: 0.82 0.96
Epoch 7000 | Train: Loss=0.0013 Acc=100.0% | Test: Acc=89.3% | Best=89.3%(@6880)
  from x3: 0.90 0.89 0.89 0.89 0.89 0.89 0.89 0.89 0.89 0.89 0.89 0.89 0.89
  per-rule acc: 0.83 0.96
Epoch 7020 | Train: Loss=0.0013 Acc=100.0% | Test: Acc=89.3% | Best=89.3%(@6880)
  from x3: 0.90 0.89 0.89 0.89 0.89 0.89 0.89 0.89 0.89 0.89 0.89 0.89 0.89
  per-rule acc: 0.83 0.96
Epoch 7040 | Train: Loss=0.0012 Acc=100.0% | Test: Acc=89.2% | Best=89.3%(@6880)
  from x3: 0.89 0.89 0.89 0.89 0.89 0.89 0.89 0.89 0.89 0.89 0.89 0.89 0.89
  per-rule acc: 0.83 0.96
Epoch 7060 | Train: Loss=0.0012 Acc=100.0% | Test: Acc=89.2% | Best=89.3%(@6880)
  from x3: 0.90 0.89 0.89 0.89 0.89 0.89 0.89 0.89 0.89 0.89 0.89 0.89 0.89
  per-rule acc: 0.83 0.96
Epoch 7080 | Train: Loss=0.0012 Acc=100.0% | Test: Acc=89.3% | Best=89.3%(@6880)
  from x3: 0.90 0.89 0.89 0.89 0.89 0.89 0.89 0.89 0.89 0.89 0.89 0.89 0.89
  per-rule acc: 0.83 0.96
Epoch 7100 | Train: Loss=0.0011 Acc=100.0% | Test: Acc=89.3% | Best=89.3%(@6880)
  from x3: 0.90 0.89 0.89 0.89 0.89 0.89 0.89 0.89 0.89 0.89 0.89 0.89 0.89
  per-rule acc: 0.83 0.96
Epoch 7120 | Train: Loss=0.0013 Acc=100.0% | Test: Acc=88.8% | Best=89.3%(@6880)
  from x3: 0.89 0.89 0.89 0.89 0.89 0.89 0.89 0.89 0.89 0.89 0.89 0.89 0.89
  per-rule acc: 0.82 0.96
Epoch 7140 | Train: Loss=0.0013 Acc=100.0% | Test: Acc=89.3% | Best=89.3%(@6880)
  from x3: 0.90 0.89 0.89 0.89 0.89 0.89 0.89 0.89 0.89 0.89 0.89 0.89 0.89
  per-rule acc: 0.83 0.96
Epoch 7160 | Train: Loss=0.0014 Acc=100.0% | Test: Acc=89.4% | Best=89.4%(@7160)
  from x3: 0.90 0.89 0.89 0.89 0.89 0.89 0.89 0.89 0.89 0.89 0.89 0.89 0.89
  per-rule acc: 0.83 0.96
Epoch 7180 | Train: Loss=0.0014 Acc=100.0% | Test: Acc=89.3% | Best=89.4%(@7160)
  from x3: 0.90 0.89 0.89 0.89 0.89 0.89 0.89 0.89 0.89 0.89 0.89 0.89 0.89
  per-rule acc: 0.83 0.96
Epoch 7200 | Train: Loss=0.0013 Acc=100.0% | Test: Acc=89.3% | Best=89.4%(@7160)
  from x3: 0.90 0.89 0.89 0.89 0.89 0.89 0.89 0.89 0.89 0.89 0.89 0.89 0.89
  per-rule acc: 0.83 0.96
Epoch 7220 | Train: Loss=0.0012 Acc=100.0% | Test: Acc=89.5% | Best=89.5%(@7220)
  from x3: 0.90 0.89 0.90 0.90 0.90 0.90 0.89 0.89 0.89 0.89 0.89 0.89 0.89
  per-rule acc: 0.83 0.96
Epoch 7240 | Train: Loss=0.0011 Acc=100.0% | Test: Acc=89.5% | Best=89.5%(@7240)
  from x3: 0.90 0.90 0.90 0.90 0.90 0.90 0.89 0.89 0.89 0.89 0.89 0.89 0.89
  per-rule acc: 0.83 0.96
Epoch 7260 | Train: Loss=0.0050 Acc=100.0% | Test: Acc=88.6% | Best=89.5%(@7240)
  from x3: 0.89 0.89 0.89 0.89 0.89 0.89 0.89 0.89 0.89 0.89 0.89 0.89 0.88
  per-rule acc: 0.82 0.96
Epoch 7280 | Train: Loss=0.0011 Acc=100.0% | Test: Acc=89.3% | Best=89.5%(@7240)
  from x3: 0.90 0.89 0.89 0.89 0.89 0.89 0.89 0.89 0.89 0.89 0.89 0.89 0.89
  per-rule acc: 0.83 0.96
Epoch 7300 | Train: Loss=0.0011 Acc=100.0% | Test: Acc=89.5% | Best=89.5%(@7240)
  from x3: 0.90 0.90 0.90 0.90 0.90 0.90 0.90 0.89 0.89 0.89 0.89 0.89 0.90
  per-rule acc: 0.83 0.96
Epoch 7320 | Train: Loss=0.0012 Acc=100.0% | Test: Acc=89.3% | Best=89.5%(@7240)
  from x3: 0.89 0.89 0.89 0.89 0.89 0.89 0.89 0.89 0.89 0.89 0.89 0.89 0.89
  per-rule acc: 0.83 0.96
Epoch 7340 | Train: Loss=0.0011 Acc=100.0% | Test: Acc=89.5% | Best=89.5%(@7240)
  from x3: 0.90 0.90 0.90 0.90 0.90 0.90 0.89 0.89 0.89 0.89 0.89 0.89 0.89
  per-rule acc: 0.83 0.96
Epoch 7360 | Train: Loss=0.0016 Acc=100.0% | Test: Acc=88.9% | Best=89.5%(@7240)
  from x3: 0.89 0.89 0.89 0.89 0.89 0.89 0.89 0.89 0.89 0.89 0.89 0.89 0.89
  per-rule acc: 0.82 0.95
Epoch 7380 | Train: Loss=0.0011 Acc=100.0% | Test: Acc=89.5% | Best=89.5%(@7240)
  from x3: 0.90 0.90 0.90 0.90 0.90 0.89 0.90 0.90 0.89 0.89 0.89 0.89 0.89
  per-rule acc: 0.83 0.96
Epoch 7400 | Train: Loss=0.0010 Acc=100.0% | Test: Acc=89.5% | Best=89.5%(@7400)
  from x3: 0.90 0.89 0.89 0.89 0.90 0.89 0.89 0.90 0.90 0.90 0.90 0.90 0.90
  per-rule acc: 0.83 0.96
Epoch 7420 | Train: Loss=0.0010 Acc=100.0% | Test: Acc=89.5% | Best=89.5%(@7420)
  from x3: 0.90 0.90 0.90 0.90 0.90 0.90 0.90 0.89 0.90 0.90 0.90 0.90 0.89
  per-rule acc: 0.83 0.96
Epoch 7440 | Train: Loss=0.0009 Acc=100.0% | Test: Acc=89.5% | Best=89.5%(@7420)
  from x3: 0.90 0.90 0.89 0.90 0.90 0.90 0.90 0.89 0.89 0.90 0.90 0.90 0.90
  per-rule acc: 0.83 0.96
Epoch 7460 | Train: Loss=0.0008 Acc=100.0% | Test: Acc=89.5% | Best=89.5%(@7460)
  from x3: 0.90 0.90 0.90 0.90 0.90 0.90 0.90 0.89 0.89 0.90 0.90 0.90 0.90
  per-rule acc: 0.83 0.96
Epoch 7480 | Train: Loss=0.0007 Acc=100.0% | Test: Acc=89.6% | Best=89.6%(@7480)
  from x3: 0.90 0.90 0.90 0.90 0.90 0.90 0.90 0.90 0.89 0.90 0.90 0.90 0.90
  per-rule acc: 0.83 0.96
Epoch 7500 | Train: Loss=0.0006 Acc=100.0% | Test: Acc=89.6% | Best=89.6%(@7480)
  from x3: 0.90 0.90 0.90 0.90 0.90 0.90 0.90 0.90 0.89 0.90 0.90 0.90 0.90
  per-rule acc: 0.83 0.96
Epoch 7520 | Train: Loss=0.0005 Acc=100.0% | Test: Acc=89.5% | Best=89.6%(@7480)
  from x3: 0.90 0.90 0.89 0.89 0.89 0.89 0.89 0.90 0.89 0.90 0.90 0.90 0.90
  per-rule acc: 0.83 0.96
Epoch 7540 | Train: Loss=0.0005 Acc=100.0% | Test: Acc=89.6% | Best=89.6%(@7480)
  from x3: 0.90 0.90 0.90 0.90 0.90 0.90 0.90 0.90 0.90 0.90 0.90 0.90 0.90
  per-rule acc: 0.83 0.96
Epoch 7560 | Train: Loss=0.0004 Acc=100.0% | Test: Acc=89.5% | Best=89.6%(@7480)
  from x3: 0.90 0.90 0.89 0.89 0.90 0.90 0.89 0.89 0.90 0.90 0.90 0.90 0.90
  per-rule acc: 0.83 0.96
Epoch 7580 | Train: Loss=0.0004 Acc=100.0% | Test: Acc=89.5% | Best=89.6%(@7480)
  from x3: 0.90 0.90 0.89 0.90 0.90 0.90 0.89 0.89 0.89 0.90 0.90 0.90 0.90
  per-rule acc: 0.83 0.96
Epoch 7600 | Train: Loss=0.0003 Acc=100.0% | Test: Acc=89.5% | Best=89.6%(@7480)
  from x3: 0.90 0.90 0.90 0.90 0.89 0.90 0.90 0.89 0.89 0.90 0.90 0.90 0.90
  per-rule acc: 0.83 0.96
Epoch 7620 | Train: Loss=0.0003 Acc=100.0% | Test: Acc=89.5% | Best=89.6%(@7480)
  from x3: 0.90 0.90 0.89 0.89 0.89 0.90 0.90 0.90 0.90 0.90 0.90 0.90 0.90
  per-rule acc: 0.83 0.96
Epoch 7640 | Train: Loss=0.0002 Acc=100.0% | Test: Acc=89.5% | Best=89.6%(@7480)
  from x3: 0.90 0.89 0.89 0.89 0.89 0.90 0.90 0.89 0.90 0.90 0.90 0.90 0.90
  per-rule acc: 0.83 0.96
Epoch 7660 | Train: Loss=0.0003 Acc=100.0% | Test: Acc=89.0% | Best=89.6%(@7480)
  from x3: 0.89 0.89 0.89 0.89 0.89 0.89 0.89 0.89 0.89 0.89 0.89 0.89 0.89
  per-rule acc: 0.82 0.96
Epoch 7680 | Train: Loss=0.0004 Acc=100.0% | Test: Acc=89.3% | Best=89.6%(@7480)
  from x3: 0.90 0.89 0.89 0.89 0.89 0.89 0.89 0.89 0.89 0.89 0.89 0.89 0.89
  per-rule acc: 0.83 0.96
Epoch 7700 | Train: Loss=0.0004 Acc=100.0% | Test: Acc=89.3% | Best=89.6%(@7480)
  from x3: 0.90 0.90 0.89 0.89 0.89 0.89 0.89 0.89 0.89 0.89 0.89 0.89 0.89
  per-rule acc: 0.83 0.96
Epoch 7720 | Train: Loss=0.0005 Acc=100.0% | Test: Acc=89.1% | Best=89.6%(@7480)
  from x3: 0.89 0.89 0.89 0.89 0.89 0.89 0.89 0.89 0.89 0.89 0.89 0.89 0.89
  per-rule acc: 0.82 0.96
Epoch 7740 | Train: Loss=0.0006 Acc=100.0% | Test: Acc=89.4% | Best=89.6%(@7480)
  from x3: 0.90 0.89 0.89 0.89 0.89 0.89 0.89 0.89 0.89 0.89 0.89 0.89 0.89
  per-rule acc: 0.83 0.96
Epoch 7760 | Train: Loss=0.0006 Acc=100.0% | Test: Acc=89.5% | Best=89.6%(@7480)
  from x3: 0.90 0.90 0.90 0.90 0.90 0.90 0.90 0.90 0.89 0.89 0.89 0.89 0.89
  per-rule acc: 0.83 0.96
Epoch 7780 | Train: Loss=0.0007 Acc=100.0% | Test: Acc=89.3% | Best=89.6%(@7480)
  from x3: 0.90 0.89 0.89 0.89 0.89 0.89 0.89 0.89 0.89 0.89 0.89 0.89 0.89
  per-rule acc: 0.83 0.96
Epoch 7800 | Train: Loss=0.0007 Acc=100.0% | Test: Acc=89.4% | Best=89.6%(@7480)
  from x3: 0.90 0.89 0.89 0.89 0.90 0.89 0.89 0.90 0.89 0.89 0.89 0.89 0.89
  per-rule acc: 0.83 0.96
Epoch 7820 | Train: Loss=0.0007 Acc=100.0% | Test: Acc=89.4% | Best=89.6%(@7480)
  from x3: 0.90 0.89 0.89 0.89 0.89 0.89 0.89 0.89 0.89 0.89 0.89 0.89 0.89
  per-rule acc: 0.83 0.96
Epoch 7840 | Train: Loss=0.0022 Acc=100.0% | Test: Acc=89.2% | Best=89.6%(@7480)
  from x3: 0.90 0.89 0.89 0.89 0.89 0.89 0.89 0.89 0.89 0.89 0.89 0.89 0.89
  per-rule acc: 0.83 0.96
Epoch 7860 | Train: Loss=0.0008 Acc=100.0% | Test: Acc=89.4% | Best=89.6%(@7480)
  from x3: 0.89 0.89 0.89 0.89 0.89 0.89 0.89 0.89 0.89 0.89 0.89 0.89 0.89
  per-rule acc: 0.83 0.96
Epoch 7880 | Train: Loss=0.0008 Acc=100.0% | Test: Acc=89.4% | Best=89.6%(@7480)
  from x3: 0.90 0.89 0.89 0.89 0.89 0.89 0.89 0.89 0.89 0.89 0.89 0.89 0.89
  per-rule acc: 0.83 0.96
Epoch 7900 | Train: Loss=0.0008 Acc=100.0% | Test: Acc=89.4% | Best=89.6%(@7480)
  from x3: 0.90 0.89 0.90 0.89 0.89 0.89 0.89 0.89 0.89 0.89 0.89 0.89 0.90
  per-rule acc: 0.83 0.96
Epoch 7920 | Train: Loss=0.0008 Acc=100.0% | Test: Acc=89.3% | Best=89.6%(@7480)
  from x3: 0.89 0.89 0.89 0.89 0.89 0.89 0.89 0.89 0.89 0.89 0.89 0.89 0.89
  per-rule acc: 0.83 0.96
Epoch 7940 | Train: Loss=0.0011 Acc=100.0% | Test: Acc=89.4% | Best=89.6%(@7480)
  from x3: 0.89 0.89 0.90 0.90 0.89 0.90 0.90 0.90 0.90 0.89 0.89 0.89 0.89
  per-rule acc: 0.83 0.96
Epoch 7960 | Train: Loss=0.0007 Acc=100.0% | Test: Acc=89.5% | Best=89.6%(@7480)
  from x3: 0.89 0.90 0.90 0.90 0.89 0.89 0.89 0.89 0.89 0.90 0.89 0.89 0.89
  per-rule acc: 0.83 0.96
Epoch 7980 | Train: Loss=0.0007 Acc=100.0% | Test: Acc=89.5% | Best=89.6%(@7480)
  from x3: 0.89 0.90 0.90 0.90 0.89 0.89 0.89 0.89 0.89 0.90 0.90 0.90 0.90
  per-rule acc: 0.83 0.96
Epoch 8000 | Train: Loss=0.0007 Acc=100.0% | Test: Acc=89.2% | Best=89.6%(@7480)
  from x3: 0.89 0.89 0.89 0.89 0.89 0.89 0.89 0.89 0.89 0.89 0.89 0.89 0.89
  per-rule acc: 0.83 0.96
Epoch 8020 | Train: Loss=0.0007 Acc=100.0% | Test: Acc=89.5% | Best=89.6%(@7480)
  from x3: 0.89 0.90 0.89 0.89 0.89 0.89 0.89 0.89 0.89 0.90 0.90 0.90 0.90
  per-rule acc: 0.83 0.96
Epoch 8040 | Train: Loss=0.0006 Acc=100.0% | Test: Acc=89.5% | Best=89.6%(@7480)
  from x3: 0.89 0.90 0.90 0.89 0.89 0.90 0.89 0.89 0.89 0.90 0.90 0.90 0.90
  per-rule acc: 0.83 0.96
Epoch 8060 | Train: Loss=0.0006 Acc=100.0% | Test: Acc=89.5% | Best=89.6%(@7480)
  from x3: 0.89 0.90 0.90 0.90 0.89 0.90 0.90 0.90 0.90 0.90 0.90 0.90 0.90
  per-rule acc: 0.83 0.96
Epoch 8080 | Train: Loss=0.0005 Acc=100.0% | Test: Acc=89.5% | Best=89.6%(@7480)
  from x3: 0.89 0.90 0.89 0.90 0.90 0.90 0.89 0.90 0.90 0.90 0.90 0.90 0.90
  per-rule acc: 0.83 0.96
Epoch 8100 | Train: Loss=0.0005 Acc=100.0% | Test: Acc=89.5% | Best=89.6%(@7480)
  from x3: 0.89 0.90 0.90 0.90 0.90 0.90 0.89 0.90 0.90 0.90 0.90 0.90 0.90
  per-rule acc: 0.83 0.96
Epoch 8120 | Train: Loss=0.0004 Acc=100.0% | Test: Acc=89.5% | Best=89.6%(@7480)
  from x3: 0.89 0.90 0.90 0.90 0.89 0.90 0.89 0.89 0.89 0.90 0.90 0.90 0.90
  per-rule acc: 0.83 0.96
Epoch 8140 | Train: Loss=0.0004 Acc=100.0% | Test: Acc=89.5% | Best=89.6%(@7480)
  from x3: 0.89 0.90 0.89 0.89 0.90 0.90 0.89 0.89 0.89 0.90 0.89 0.89 0.90
  per-rule acc: 0.83 0.96
Epoch 8160 | Train: Loss=0.0004 Acc=100.0% | Test: Acc=89.4% | Best=89.6%(@7480)
  from x3: 0.89 0.89 0.89 0.89 0.89 0.90 0.90 0.89 0.89 0.89 0.89 0.89 0.89
  per-rule acc: 0.83 0.96
Epoch 8180 | Train: Loss=0.0003 Acc=100.0% | Test: Acc=89.4% | Best=89.6%(@7480)
  from x3: 0.89 0.89 0.89 0.90 0.89 0.90 0.89 0.89 0.89 0.89 0.89 0.89 0.89
  per-rule acc: 0.83 0.96
Epoch 8200 | Train: Loss=0.0003 Acc=100.0% | Test: Acc=89.4% | Best=89.6%(@7480)
  from x3: 0.89 0.89 0.89 0.90 0.89 0.90 0.89 0.89 0.89 0.89 0.89 0.89 0.89
  per-rule acc: 0.83 0.96
Epoch 8220 | Train: Loss=0.0003 Acc=100.0% | Test: Acc=89.4% | Best=89.6%(@7480)
  from x3: 0.89 0.89 0.89 0.90 0.89 0.90 0.89 0.89 0.89 0.89 0.89 0.89 0.89
  per-rule acc: 0.83 0.96
Epoch 8240 | Train: Loss=0.0002 Acc=100.0% | Test: Acc=89.4% | Best=89.6%(@7480)
  from x3: 0.89 0.89 0.89 0.90 0.89 0.90 0.89 0.89 0.89 0.89 0.89 0.89 0.89
  per-rule acc: 0.83 0.96
Epoch 8260 | Train: Loss=0.0002 Acc=100.0% | Test: Acc=89.4% | Best=89.6%(@7480)
  from x3: 0.89 0.89 0.90 0.90 0.90 0.90 0.90 0.89 0.89 0.89 0.89 0.89 0.89
  per-rule acc: 0.83 0.96
Epoch 8280 | Train: Loss=0.0002 Acc=100.0% | Test: Acc=89.4% | Best=89.6%(@7480)
  from x3: 0.89 0.89 0.90 0.90 0.89 0.89 0.89 0.89 0.89 0.89 0.89 0.89 0.89
  per-rule acc: 0.83 0.96
Epoch 8300 | Train: Loss=0.0002 Acc=100.0% | Test: Acc=89.4% | Best=89.6%(@7480)
  from x3: 0.89 0.89 0.89 0.89 0.89 0.89 0.89 0.89 0.89 0.89 0.89 0.89 0.89
  per-rule acc: 0.83 0.96
Epoch 8320 | Train: Loss=0.0001 Acc=100.0% | Test: Acc=89.4% | Best=89.6%(@7480)
  from x3: 0.89 0.89 0.89 0.89 0.89 0.89 0.89 0.89 0.89 0.89 0.89 0.89 0.89
  per-rule acc: 0.83 0.96
Epoch 8340 | Train: Loss=0.0001 Acc=100.0% | Test: Acc=89.3% | Best=89.6%(@7480)
  from x3: 0.89 0.89 0.89 0.89 0.89 0.89 0.89 0.89 0.89 0.89 0.89 0.89 0.89
  per-rule acc: 0.83 0.96
Epoch 8360 | Train: Loss=0.0001 Acc=100.0% | Test: Acc=89.3% | Best=89.6%(@7480)
  from x3: 0.89 0.89 0.89 0.89 0.89 0.89 0.89 0.89 0.89 0.89 0.89 0.89 0.89
  per-rule acc: 0.83 0.96
Epoch 8380 | Train: Loss=0.0001 Acc=100.0% | Test: Acc=89.4% | Best=89.6%(@7480)
  from x3: 0.89 0.89 0.89 0.89 0.89 0.89 0.89 0.89 0.89 0.89 0.89 0.89 0.89
  per-rule acc: 0.83 0.96
Epoch 8400 | Train: Loss=0.0001 Acc=100.0% | Test: Acc=89.4% | Best=89.6%(@7480)
  from x3: 0.89 0.89 0.89 0.89 0.89 0.89 0.89 0.89 0.89 0.89 0.89 0.89 0.89
  per-rule acc: 0.83 0.96
Epoch 8420 | Train: Loss=0.0001 Acc=100.0% | Test: Acc=89.4% | Best=89.6%(@7480)
  from x3: 0.89 0.89 0.89 0.89 0.89 0.89 0.89 0.89 0.89 0.89 0.89 0.89 0.89
  per-rule acc: 0.83 0.96
Epoch 8440 | Train: Loss=0.0001 Acc=100.0% | Test: Acc=89.3% | Best=89.6%(@7480)
  from x3: 0.89 0.89 0.89 0.89 0.89 0.89 0.89 0.89 0.89 0.89 0.89 0.89 0.89
  per-rule acc: 0.83 0.96
Epoch 8460 | Train: Loss=0.0001 Acc=100.0% | Test: Acc=89.3% | Best=89.6%(@7480)
  from x3: 0.89 0.89 0.89 0.89 0.89 0.89 0.89 0.89 0.89 0.89 0.89 0.89 0.89
  per-rule acc: 0.83 0.96
Epoch 8480 | Train: Loss=0.0001 Acc=100.0% | Test: Acc=89.3% | Best=89.6%(@7480)
  from x3: 0.89 0.89 0.89 0.89 0.89 0.89 0.89 0.89 0.89 0.89 0.89 0.89 0.89
  per-rule acc: 0.83 0.96
[Early stop] No improvement for 1000 consecutive epochs

==================================================
Saving model...
[OK] Model saved to: /home/cxm/ai/test0627-multitask-overlap/models/mixed_cond_d128l1_r8_n2_e50_overlap30.pth
  File size: 1410.3 KB
  Best test accuracy: 89.56%

==================================================
Final generation test (given first two items, AB generates 3rd as prompt, validate from 4th)
==================================================

--- AB pair 1: (1, 1) ---

--- Statistics for AB=(1,1) ---
Exposed    samples:  1404 | In-dist: 18252/18252 (100.0%) | OOD: 21620/22464 ( 96.2%)
Unexposed  samples:  1405 | In-dist: 16464/18265 ( 90.1%) | OOD: 21288/22480 ( 94.7%)

--- AB pair 2: (1, 2) ---

--- Statistics for AB=(1,2) ---
Exposed    samples:  1404 | In-dist: 18252/18252 (100.0%) | OOD: 21529/22464 ( 95.8%)
Unexposed  samples:  1405 | In-dist: 17396/18265 ( 95.2%) | OOD: 20689/22480 ( 92.0%)

--- Return code: 0 ---

======================================================================
Attention Analysis
======================================================================
Model config: addition (default), p=53
Best test accuracy: 0.8955926635641938
Training epochs: 8480

Random test sequence 1/5 (length 32): [15, 1, 16, 17, 33, 50, 30, 27, 4, 31, 35, 13, 48, 8, 3, 11, 14, 25, 39, 11]...

======================================================================
Attention Layer Training Result Summary
======================================================================
Input sequence: [15, 1, 16, 17, 33, 50, 30, 27, 4, 31, 35, 13, 48, 8, 3, 11, 14, 25, 39, 11, 50, 8, 5, 13, 18, 31, 49, 27, 23, 50, 20, 17]

--- Layer 0 ---
  Head 0: Entropy=1.258
    Attention coefficients from each query position to previous positions:
      i= 0 -> j=0:1.000
      i= 1 -> j=0:0.225, j=1:0.775
      i= 2 -> j=0:0.050, j=1:0.309, j=2:0.642
      i= 3 -> j=0:0.066, j=1:0.191, j=2:0.232, j=3:0.510
      i= 4 -> j=0:0.001, j=1:0.011, j=2:0.022, j=3:0.109, j=4:0.857
      i= 5 -> j=0:0.001, j=1:0.009, j=2:0.017, j=3:0.064, j=4:0.276, j=5:0.634
      i= 6 -> j=0:0.002, j=1:0.009, j=2:0.013, j=3:0.038, j=4:0.085, j=5:0.283, j=6:0.570
      i= 7 -> j=0:0.001, j=1:0.002, j=2:0.003, j=3:0.011, j=4:0.021, j=5:0.088, j=6:0.201, j=7:0.673
      i= 8 -> j=0:0.001, j=1:0.003, j=2:0.002, j=3:0.004, j=4:0.002, j=5:0.010, j=6:0.044, j=7:0.207, j=8:0.726
      i= 9 -> j=0:0.007, j=1:0.013, j=2:0.009, j=3:0.012, j=4:0.005, j=5:0.018, j=6:0.041, j=7:0.091, j=8:0.209, j=9:0.595
      i=10 -> j=0:0.022, j=1:0.031, j=2:0.023, j=3:0.025, j=4:0.010, j=5:0.023, j=6:0.038, j=7:0.056, j=8:0.105, j=9:0.273, j=10:0.394
      i=11 -> j=0:0.001, j=1:0.001, j=2:0.001, j=3:0.001, j=4:0.000, j=5:0.001, j=6:0.001, j=7:0.003, j=8:0.009, j=9:0.049, j=10:0.097, j=11:0.836
      i=12 -> j=0:0.002, j=1:0.004, j=2:0.003, j=3:0.003, j=4:0.001, j=5:0.002, j=6:0.002, j=7:0.002, j=8:0.003, j=9:0.012, j=10:0.037, j=11:0.230, j=12:0.700
      i=13 -> j=0:0.002, j=1:0.004, j=2:0.003, j=3:0.004, j=4:0.001, j=5:0.002, j=6:0.002, j=7:0.002, j=8:0.003, j=9:0.009, j=10:0.022, j=11:0.049, j=12:0.207, j=13:0.691
      i=14 -> j=0:0.004, j=1:0.007, j=2:0.005, j=3:0.006, j=4:0.001, j=5:0.003, j=6:0.004, j=7:0.004, j=8:0.004, j=9:0.009, j=10:0.019, j=11:0.020, j=12:0.113, j=13:0.279, j=14:0.522
      i=15 -> j=0:0.002, j=1:0.003, j=2:0.002, j=3:0.002, j=4:0.001, j=5:0.001, j=6:0.001, j=7:0.001, j=8:0.001, j=9:0.001, j=10:0.003, j=11:0.002, j=12:0.025, j=13:0.080, j=14:0.168, j=15:0.706
      i=16 -> j=0:0.002, j=1:0.002, j=2:0.001, j=3:0.001, j=4:0.000, j=5:0.001, j=6:0.001, j=7:0.001, j=8:0.001, j=9:0.001, j=10:0.002, j=11:0.000, j=12:0.006, j=13:0.013, j=14:0.031, j=15:0.166, j=16:0.771
      i=17 -> j=0:0.003, j=1:0.003, j=2:0.002, j=3:0.001, j=4:0.000, j=5:0.001, j=6:0.001, j=7:0.001, j=8:0.001, j=9:0.001, j=10:0.001, j=11:0.000, j=12:0.002, j=13:0.004, j=14:0.010, j=15:0.047, j=16:0.194, j=17:0.730
      i=18 -> j=0:0.009, j=1:0.011, j=2:0.007, j=3:0.005, j=4:0.001, j=5:0.002, j=6:0.002, j=7:0.001, j=8:0.002, j=9:0.003, j=10:0.004, j=11:0.001, j=12:0.004, j=13:0.002, j=14:0.003, j=15:0.008, j=16:0.020, j=17:0.144, j=18:0.770
      i=19 -> j=0:0.006, j=1:0.009, j=2:0.007, j=3:0.005, j=4:0.001, j=5:0.002, j=6:0.002, j=7:0.002, j=8:0.002, j=9:0.002, j=10:0.003, j=11:0.000, j=12:0.002, j=13:0.001, j=14:0.002, j=15:0.006, j=16:0.012, j=17:0.057, j=18:0.177, j=19:0.702
      i=20 -> j=0:0.005, j=1:0.008, j=2:0.007, j=3:0.007, j=4:0.002, j=5:0.003, j=6:0.002, j=7:0.002, j=8:0.002, j=9:0.002, j=10:0.003, j=11:0.001, j=12:0.002, j=13:0.001, j=14:0.001, j=15:0.003, j=16:0.004, j=17:0.016, j=18:0.047, j=19:0.215, j=20:0.668
      i=21 -> j=0:0.008, j=1:0.011, j=2:0.010, j=3:0.011, j=4:0.004, j=5:0.005, j=6:0.005, j=7:0.003, j=8:0.002, j=9:0.003, j=10:0.005, j=11:0.001, j=12:0.004, j=13:0.002, j=14:0.002, j=15:0.003, j=16:0.002, j=17:0.004, j=18:0.009, j=19:0.063, j=20:0.212, j=21:0.632
      i=22 -> j=0:0.022, j=1:0.024, j=2:0.021, j=3:0.022, j=4:0.012, j=5:0.017, j=6:0.016, j=7:0.012, j=8:0.008, j=9:0.009, j=10:0.012, j=11:0.005, j=12:0.014, j=13:0.007, j=14:0.006, j=15:0.006, j=16:0.003, j=17:0.007, j=18:0.017, j=19:0.062, j=20:0.115, j=21:0.225, j=22:0.358
      i=23 -> j=0:0.005, j=1:0.006, j=2:0.004, j=3:0.004, j=4:0.002, j=5:0.003, j=6:0.003, j=7:0.002, j=8:0.001, j=9:0.001, j=10:0.002, j=11:0.000, j=12:0.002, j=13:0.001, j=14:0.001, j=15:0.001, j=16:0.000, j=17:0.000, j=18:0.000, j=19:0.004, j=20:0.009, j=21:0.054, j=22:0.135, j=23:0.760
      i=24 -> j=0:0.005, j=1:0.005, j=2:0.004, j=3:0.003, j=4:0.001, j=5:0.002, j=6:0.002, j=7:0.002, j=8:0.001, j=9:0.001, j=10:0.001, j=11:0.000, j=12:0.001, j=13:0.000, j=14:0.000, j=15:0.001, j=16:0.000, j=17:0.000, j=18:0.000, j=19:0.001, j=20:0.001, j=21:0.007, j=22:0.026, j=23:0.167, j=24:0.768
      i=25 -> j=0:0.033, j=1:0.035, j=2:0.031, j=3:0.028, j=4:0.014, j=5:0.018, j=6:0.021, j=7:0.018, j=8:0.018, j=9:0.017, j=10:0.017, j=11:0.005, j=12:0.011, j=13:0.006, j=14:0.007, j=15:0.009, j=16:0.004, j=17:0.004, j=18:0.003, j=19:0.008, j=20:0.007, j=21:0.015, j=22:0.033, j=23:0.058, j=24:0.181, j=25:0.399
      i=26 -> j=0:0.038, j=1:0.041, j=2:0.040, j=3:0.039, j=4:0.023, j=5:0.026, j=6:0.027, j=7:0.025, j=8:0.024, j=9:0.025, j=10:0.027, j=11:0.009, j=12:0.015, j=13:0.009, j=14:0.010, j=15:0.012, j=16:0.007, j=17:0.006, j=18:0.005, j=19:0.011, j=20:0.010, j=21:0.015, j=22:0.031, j=23:0.032, j=24:0.062, j=25:0.147, j=26:0.285
      i=27 -> j=0:0.018, j=1:0.019, j=2:0.017, j=3:0.016, j=4:0.008, j=5:0.010, j=6:0.009, j=7:0.008, j=8:0.008, j=9:0.009, j=10:0.011, j=11:0.003, j=12:0.006, j=13:0.002, j=14:0.002, j=15:0.003, j=16:0.001, j=17:0.001, j=18:0.001, j=19:0.002, j=20:0.001, j=21:0.001, j=22:0.004, j=23:0.004, j=24:0.014, j=25:0.082, j=26:0.194, j=27:0.546
      i=28 -> j=0:0.031, j=1:0.034, j=2:0.035, j=3:0.034, j=4:0.023, j=5:0.024, j=6:0.022, j=7:0.017, j=8:0.019, j=9:0.020, j=10:0.025, j=11:0.011, j=12:0.017, j=13:0.008, j=14:0.008, j=15:0.007, j=16:0.004, j=17:0.004, j=18:0.004, j=19:0.007, j=20:0.005, j=21:0.005, j=22:0.009, j=23:0.003, j=24:0.005, j=25:0.026, j=26:0.067, j=27:0.163, j=28:0.362
      i=29 -> j=0:0.013, j=1:0.016, j=2:0.016, j=3:0.015, j=4:0.009, j=5:0.011, j=6:0.010, j=7:0.008, j=8:0.006, j=9:0.007, j=10:0.009, j=11:0.004, j=12:0.008, j=13:0.004, j=14:0.003, j=15:0.002, j=16:0.001, j=17:0.001, j=18:0.001, j=19:0.002, j=20:0.001, j=21:0.001, j=22:0.002, j=23:0.000, j=24:0.001, j=25:0.007, j=26:0.023, j=27:0.050, j=28:0.147, j=29:0.622
      i=30 -> j=0:0.019, j=1:0.022, j=2:0.023, j=3:0.024, j=4:0.014, j=5:0.017, j=6:0.017, j=7:0.015, j=8:0.012, j=9:0.012, j=10:0.014, j=11:0.007, j=12:0.012, j=13:0.008, j=14:0.007, j=15:0.006, j=16:0.002, j=17:0.002, j=18:0.002, j=19:0.004, j=20:0.003, j=21:0.002, j=22:0.003, j=23:0.000, j=24:0.001, j=25:0.005, j=26:0.015, j=27:0.030, j=28:0.111, j=29:0.248, j=30:0.341
      i=31 -> j=0:0.031, j=1:0.033, j=2:0.033, j=3:0.036, j=4:0.024, j=5:0.028, j=6:0.029, j=7:0.027, j=8:0.022, j=9:0.023, j=10:0.024, j=11:0.012, j=12:0.019, j=13:0.015, j=14:0.016, j=15:0.014, j=16:0.007, j=17:0.005, j=18:0.004, j=19:0.008, j=20:0.007, j=21:0.007, j=22:0.009, j=23:0.002, j=24:0.002, j=25:0.007, j=26:0.011, j=27:0.016, j=28:0.056, j=29:0.077, j=30:0.143, j=31:0.251
    Average attention per distance:
      d=0:0.619, d=1:0.199, d=2:0.068, d=3:0.024, d=17:0.010, d=18:0.011, d=19:0.012, d=20:0.012
      d=21:0.013, d=22:0.016, d=23:0.018, d=24:0.022, d=25:0.026, d=26:0.025, d=27:0.023, d=28:0.026
      d=29:0.023, d=30:0.026, d=31:0.031


======================================================================
QK Property Verification (Raw Scores, before Softmax)
======================================================================
Recurrence order init_len=2, num test sequences=1

--- [P1] Long-distance Orthogonality Verification ---
Ideal: raw_score mean ≈ 0 and small std when d > init_len

  Layer 0, Head 0:
    d= 1 (effective): mean=  1.104, std= 0.397, n=31
    d= 2 (effective): mean= -0.038, std= 0.460, n=30
    d>2 (long-distance): mean= -2.533, std= 1.139, n=435

--- [P2] Time-homogeneous Verification ---
Ideal: CV of raw_score across positions i ≈ 0 for fixed distance d
(CV = std / |mean|, smaller = more constant)

  Layer 0, Head 0:
    d= 1: mean=  1.104, std= 0.397, CV=0.360, n=31
    d= 2: mean= -0.038, std= 0.460, CV=12.088, n=30

======================================================================
QK Property Verification Completed
======================================================================
