=== Experiment: mixed_label_d256l1_r8_n4_e50 ===
Time: 2026-06-27T04:44:15.848936
Task type: mixed_ab
Merged config: {
  "P": 53,
  "TASK": "mixed_ab",
  "NUM_MASK": 0,
  "A": 1,
  "B": 1,
  "AB_PAIRS": [
    [
      1,
      1
    ],
    [
      1,
      2
    ],
    [
      1,
      3
    ],
    [
      1,
      4
    ]
  ],
  "D_MODEL": 256,
  "N_HEAD": 1,
  "N_LAYER": 1,
  "BATCH_SIZE": 128,
  "EPOCHS": 10000,
  "LR": 0.0003,
  "SAVE_PATH": "models/mixed_label_d256l1_r8_n4_e50.pth",
  "USE_GREEDY_GENERATE": true,
  "USE_LEARNABLE_PE": false,
  "MLP_RATIO": 8,
  "TRAIN_LEN": 16,
  "OOD_LEN": 32,
  "DROPOUT": 0.0,
  "TARGET_INIT_COVERAGE": 0.5,
  "MAX_UNIQUE_RATIO": 0.5,
  "WEIGHT_DECAY": 1,
  "ENTROPY_PENALTY_WEIGHT": 0.0,
  "FIRST_TASK_WEIGHT": 1.0,
  "RANDOM_SEED": 42,
  "EVAL_INTERVAL": 20,
  "EARLY_STOP_NO_IMPROVE": 1000,
  "EARLY_STOP_ACCURACY": 0.99,
  "USE_AB_TAG": true,
  "USE_CONDITIONAL_WTE": false,
  "COND_WTE_SHARED_RATIO": 0.0,
  "MIXED_AB_MAX_UNIQUE_RATIOS": [
    0.5,
    0.5,
    0.5,
    0.5
  ],
  "SKIP_FINAL_GENERATION_TEST": true
}
--- output ---
Using device: cuda

[Dataset] Mixed mode: generated 5616 + 5620 samples, length 16
AB parameter pairs: [(1, 1), (1, 2), (1, 3), (1, 4)]
  - AB=(1,1): train 1404 | test 1405 | exposed ~50.0%
  - AB=(1,2): train 1404 | test 1405 | exposed ~50.0%
  - AB=(1,3): train 1404 | test 1405 | exposed ~50.0%
  - AB=(1,4): train 1404 | test 1405 | exposed ~50.0%
--------------------------------------------------
[Model config] block_size: 32, train length: 16
[Number theory] AB parameter pairs: [(1, 1), (1, 2), (1, 3), (1, 4)]


Model parameters: 1.36M

Start training...
Epoch   0 | Train: Loss=4.2201 Acc=3.7% | Test: Acc=0.5% | Best=0.5%(@0)
  from x2: 0.01 0.01 0.00 0.00 0.00 0.00 0.00 0.00 0.01 0.00 0.00 0.00 0.00 0.01
  per-rule acc: 0.01 0.00 0.00 0.01
Epoch  20 | Train: Loss=0.1051 Acc=98.4% | Test: Acc=1.9% | Best=1.9%(@20)
  from x2: 0.02 0.02 0.02 0.02 0.02 0.02 0.02 0.02 0.02 0.02 0.02 0.02 0.02 0.02
  per-rule acc: 0.02 0.02 0.02 0.02
Epoch  40 | Train: Loss=0.0432 Acc=99.9% | Test: Acc=1.9% | Best=1.9%(@40)
  from x2: 0.02 0.02 0.02 0.02 0.02 0.02 0.02 0.02 0.02 0.02 0.02 0.02 0.02 0.02
  per-rule acc: 0.02 0.02 0.02 0.02
Epoch  60 | Train: Loss=0.0312 Acc=99.9% | Test: Acc=2.0% | Best=2.0%(@60)
  from x2: 0.02 0.02 0.02 0.02 0.02 0.02 0.02 0.02 0.02 0.02 0.02 0.02 0.02 0.02
  per-rule acc: 0.02 0.02 0.02 0.02
Epoch  80 | Train: Loss=0.0319 Acc=99.8% | Test: Acc=2.1% | Best=2.1%(@80)
  from x2: 0.02 0.02 0.02 0.02 0.02 0.02 0.02 0.02 0.02 0.02 0.02 0.02 0.02 0.02
  per-rule acc: 0.02 0.02 0.02 0.02
Epoch 100 | Train: Loss=0.0284 Acc=99.8% | Test: Acc=2.0% | Best=2.1%(@80)
  from x2: 0.02 0.02 0.02 0.02 0.02 0.02 0.02 0.02 0.02 0.02 0.02 0.02 0.02 0.02
  per-rule acc: 0.02 0.02 0.02 0.02
Epoch 120 | Train: Loss=0.0325 Acc=99.7% | Test: Acc=2.1% | Best=2.1%(@80)
  from x2: 0.02 0.02 0.02 0.02 0.02 0.02 0.02 0.02 0.02 0.02 0.02 0.02 0.02 0.02
  per-rule acc: 0.02 0.02 0.02 0.02
Epoch 140 | Train: Loss=0.0230 Acc=99.8% | Test: Acc=2.0% | Best=2.1%(@80)
  from x2: 0.02 0.02 0.02 0.02 0.02 0.02 0.02 0.02 0.02 0.02 0.02 0.02 0.02 0.02
  per-rule acc: 0.02 0.02 0.02 0.02
Epoch 160 | Train: Loss=0.0243 Acc=99.8% | Test: Acc=2.1% | Best=2.1%(@160)
  from x2: 0.02 0.02 0.02 0.02 0.02 0.02 0.02 0.02 0.02 0.02 0.02 0.02 0.02 0.02
  per-rule acc: 0.02 0.02 0.02 0.02
Epoch 180 | Train: Loss=0.0218 Acc=99.8% | Test: Acc=2.2% | Best=2.2%(@180)
  from x2: 0.02 0.02 0.02 0.02 0.02 0.02 0.02 0.02 0.02 0.02 0.02 0.02 0.02 0.02
  per-rule acc: 0.02 0.02 0.02 0.02
Epoch 200 | Train: Loss=0.0292 Acc=99.7% | Test: Acc=2.2% | Best=2.2%(@200)
  from x2: 0.02 0.02 0.02 0.02 0.02 0.02 0.02 0.02 0.02 0.02 0.02 0.02 0.02 0.02
  per-rule acc: 0.03 0.02 0.02 0.02
Epoch 220 | Train: Loss=0.0293 Acc=99.7% | Test: Acc=2.3% | Best=2.3%(@220)
  from x2: 0.02 0.02 0.02 0.02 0.02 0.02 0.02 0.02 0.02 0.02 0.02 0.02 0.02 0.02
  per-rule acc: 0.03 0.02 0.02 0.02
Epoch 240 | Train: Loss=0.0237 Acc=99.8% | Test: Acc=2.4% | Best=2.4%(@240)
  from x2: 0.02 0.02 0.02 0.02 0.02 0.02 0.02 0.02 0.02 0.02 0.02 0.02 0.02 0.02
  per-rule acc: 0.03 0.02 0.02 0.02
Epoch 260 | Train: Loss=0.0262 Acc=99.9% | Test: Acc=2.3% | Best=2.4%(@240)
  from x2: 0.02 0.02 0.02 0.02 0.02 0.02 0.02 0.02 0.02 0.02 0.02 0.02 0.02 0.02
  per-rule acc: 0.03 0.02 0.02 0.02
Epoch 280 | Train: Loss=0.0264 Acc=99.7% | Test: Acc=2.7% | Best=2.7%(@280)
  from x2: 0.03 0.03 0.03 0.03 0.03 0.03 0.03 0.03 0.03 0.03 0.03 0.03 0.03 0.03
  per-rule acc: 0.04 0.03 0.02 0.02
Epoch 300 | Train: Loss=0.0268 Acc=99.7% | Test: Acc=2.9% | Best=2.9%(@300)
  from x2: 0.03 0.03 0.03 0.03 0.03 0.03 0.03 0.03 0.03 0.03 0.03 0.03 0.03 0.03
  per-rule acc: 0.04 0.03 0.02 0.02
Epoch 320 | Train: Loss=0.0134 Acc=100.0% | Test: Acc=3.0% | Best=3.0%(@320)
  from x2: 0.03 0.03 0.03 0.03 0.03 0.03 0.03 0.03 0.03 0.03 0.03 0.03 0.03 0.03
  per-rule acc: 0.04 0.03 0.02 0.02
Epoch 340 | Train: Loss=0.0208 Acc=99.8% | Test: Acc=3.5% | Best=3.5%(@340)
  from x2: 0.03 0.04 0.04 0.03 0.03 0.03 0.04 0.04 0.03 0.03 0.03 0.03 0.03 0.03
  per-rule acc: 0.05 0.03 0.02 0.03
Epoch 360 | Train: Loss=0.0207 Acc=99.8% | Test: Acc=3.8% | Best=3.8%(@360)
  from x2: 0.04 0.04 0.04 0.04 0.04 0.04 0.04 0.04 0.04 0.04 0.04 0.04 0.04 0.04
  per-rule acc: 0.06 0.03 0.03 0.02
Epoch 380 | Train: Loss=0.0194 Acc=99.8% | Test: Acc=4.0% | Best=4.0%(@380)
  from x2: 0.05 0.04 0.04 0.04 0.04 0.04 0.04 0.04 0.04 0.04 0.04 0.04 0.04 0.04
  per-rule acc: 0.06 0.04 0.03 0.03
Epoch 400 | Train: Loss=0.0263 Acc=99.8% | Test: Acc=4.4% | Best=4.4%(@400)
  from x2: 0.05 0.05 0.05 0.04 0.04 0.04 0.04 0.04 0.04 0.04 0.04 0.04 0.04 0.04
  per-rule acc: 0.08 0.04 0.03 0.03
Epoch 420 | Train: Loss=0.0188 Acc=99.9% | Test: Acc=4.7% | Best=4.7%(@420)
  from x2: 0.05 0.05 0.05 0.05 0.05 0.05 0.05 0.05 0.05 0.05 0.05 0.04 0.04 0.04
  per-rule acc: 0.08 0.04 0.03 0.03
Epoch 440 | Train: Loss=0.0203 Acc=99.8% | Test: Acc=5.1% | Best=5.1%(@440)
  from x2: 0.06 0.06 0.05 0.05 0.05 0.05 0.05 0.05 0.05 0.05 0.05 0.05 0.05 0.05
  per-rule acc: 0.10 0.04 0.04 0.03
Epoch 460 | Train: Loss=0.0125 Acc=100.0% | Test: Acc=5.5% | Best=5.5%(@460)
  from x2: 0.06 0.06 0.06 0.06 0.05 0.05 0.05 0.05 0.05 0.05 0.05 0.05 0.05 0.05
  per-rule acc: 0.10 0.04 0.04 0.04
Epoch 480 | Train: Loss=0.0149 Acc=99.9% | Test: Acc=6.2% | Best=6.2%(@480)
  from x2: 0.07 0.07 0.07 0.06 0.06 0.06 0.06 0.06 0.06 0.06 0.06 0.06 0.06 0.06
  per-rule acc: 0.12 0.04 0.04 0.04
Epoch 500 | Train: Loss=0.0098 Acc=100.0% | Test: Acc=6.3% | Best=6.3%(@500)
  from x2: 0.07 0.07 0.07 0.06 0.06 0.06 0.06 0.06 0.06 0.06 0.06 0.06 0.06 0.06
  per-rule acc: 0.12 0.05 0.05 0.04
Epoch 520 | Train: Loss=0.0198 Acc=99.9% | Test: Acc=7.4% | Best=7.4%(@520)
  from x2: 0.08 0.08 0.08 0.07 0.07 0.07 0.07 0.07 0.07 0.07 0.07 0.07 0.07 0.07
  per-rule acc: 0.16 0.05 0.05 0.05
Epoch 540 | Train: Loss=0.0089 Acc=100.0% | Test: Acc=8.4% | Best=8.4%(@540)
  from x2: 0.09 0.09 0.09 0.09 0.08 0.08 0.08 0.08 0.08 0.08 0.08 0.08 0.08 0.08
  per-rule acc: 0.16 0.05 0.06 0.06
Epoch 560 | Train: Loss=0.0143 Acc=99.9% | Test: Acc=9.1% | Best=9.1%(@560)
  from x2: 0.10 0.10 0.10 0.09 0.09 0.09 0.09 0.09 0.09 0.09 0.09 0.09 0.09 0.08
  per-rule acc: 0.19 0.05 0.06 0.06
Epoch 580 | Train: Loss=0.0230 Acc=99.8% | Test: Acc=10.3% | Best=10.3%(@580)
  from x2: 0.11 0.11 0.11 0.10 0.10 0.10 0.10 0.10 0.10 0.10 0.10 0.10 0.10 0.10
  per-rule acc: 0.21 0.06 0.08 0.06
Epoch 600 | Train: Loss=0.0127 Acc=99.9% | Test: Acc=11.3% | Best=11.3%(@600)
  from x2: 0.12 0.12 0.12 0.11 0.11 0.11 0.11 0.11 0.11 0.11 0.11 0.11 0.11 0.11
  per-rule acc: 0.23 0.07 0.07 0.08
Epoch 620 | Train: Loss=0.0374 Acc=99.7% | Test: Acc=12.0% | Best=12.0%(@620)
  from x2: 0.12 0.13 0.13 0.12 0.12 0.12 0.12 0.12 0.12 0.12 0.12 0.12 0.12 0.11
  per-rule acc: 0.25 0.07 0.09 0.08
Epoch 640 | Train: Loss=0.0171 Acc=99.9% | Test: Acc=13.7% | Best=13.7%(@640)
  from x2: 0.14 0.15 0.14 0.14 0.14 0.14 0.14 0.14 0.14 0.13 0.13 0.13 0.13 0.13
  per-rule acc: 0.27 0.08 0.10 0.09
Epoch 660 | Train: Loss=0.0194 Acc=99.9% | Test: Acc=15.0% | Best=15.0%(@660)
  from x2: 0.15 0.16 0.15 0.15 0.15 0.15 0.15 0.15 0.15 0.15 0.15 0.15 0.15 0.14
  per-rule acc: 0.30 0.09 0.11 0.10
Epoch 680 | Train: Loss=0.0340 Acc=99.8% | Test: Acc=16.0% | Best=16.0%(@680)
  from x2: 0.16 0.17 0.17 0.16 0.16 0.16 0.16 0.16 0.16 0.16 0.16 0.15 0.15 0.15
  per-rule acc: 0.31 0.09 0.12 0.11
Epoch 700 | Train: Loss=0.0124 Acc=99.9% | Test: Acc=18.5% | Best=18.5%(@700)
  from x2: 0.19 0.20 0.19 0.19 0.19 0.19 0.19 0.19 0.18 0.18 0.18 0.18 0.18 0.17
  per-rule acc: 0.36 0.10 0.15 0.13
Epoch 720 | Train: Loss=0.0245 Acc=99.8% | Test: Acc=18.9% | Best=18.9%(@720)
  from x2: 0.20 0.20 0.19 0.19 0.19 0.19 0.19 0.19 0.19 0.18 0.18 0.18 0.18 0.18
  per-rule acc: 0.36 0.10 0.15 0.14
Epoch 740 | Train: Loss=0.0248 Acc=99.8% | Test: Acc=17.8% | Best=18.9%(@720)
  from x2: 0.18 0.19 0.18 0.18 0.18 0.18 0.18 0.18 0.18 0.18 0.18 0.18 0.17 0.17
  per-rule acc: 0.36 0.09 0.14 0.12
Epoch 760 | Train: Loss=0.0083 Acc=100.0% | Test: Acc=22.5% | Best=22.5%(@760)
  from x2: 0.23 0.24 0.23 0.23 0.23 0.23 0.22 0.22 0.22 0.22 0.22 0.22 0.22 0.21
  per-rule acc: 0.40 0.12 0.20 0.17
Epoch 780 | Train: Loss=0.0048 Acc=100.0% | Test: Acc=24.1% | Best=24.1%(@780)
  from x2: 0.26 0.26 0.24 0.24 0.24 0.24 0.24 0.24 0.24 0.24 0.24 0.24 0.23 0.23
  per-rule acc: 0.42 0.13 0.23 0.18
Epoch 800 | Train: Loss=0.0394 Acc=99.8% | Test: Acc=23.8% | Best=24.1%(@780)
  from x2: 0.24 0.25 0.24 0.24 0.24 0.24 0.24 0.24 0.24 0.24 0.24 0.23 0.23 0.23
  per-rule acc: 0.44 0.13 0.21 0.18
Epoch 820 | Train: Loss=0.0089 Acc=99.9% | Test: Acc=27.0% | Best=27.0%(@820)
  from x2: 0.28 0.29 0.28 0.27 0.27 0.27 0.27 0.27 0.27 0.27 0.27 0.26 0.26 0.26
  per-rule acc: 0.47 0.14 0.26 0.20
Epoch 840 | Train: Loss=0.0049 Acc=100.0% | Test: Acc=28.9% | Best=28.9%(@840)
  from x2: 0.30 0.31 0.30 0.29 0.29 0.29 0.29 0.29 0.29 0.28 0.28 0.28 0.28 0.27
  per-rule acc: 0.48 0.15 0.28 0.24
Epoch 860 | Train: Loss=0.0264 Acc=99.8% | Test: Acc=27.9% | Best=28.9%(@840)
  from x2: 0.29 0.29 0.29 0.29 0.28 0.28 0.28 0.28 0.28 0.28 0.28 0.27 0.27 0.27
  per-rule acc: 0.49 0.16 0.25 0.22
Epoch 880 | Train: Loss=0.0045 Acc=100.0% | Test: Acc=32.5% | Best=32.5%(@880)
  from x2: 0.34 0.35 0.33 0.33 0.33 0.33 0.33 0.32 0.32 0.32 0.32 0.31 0.31 0.31
  per-rule acc: 0.53 0.17 0.33 0.27
Epoch 900 | Train: Loss=0.0303 Acc=99.7% | Test: Acc=29.1% | Best=32.5%(@880)
  from x2: 0.30 0.30 0.30 0.29 0.29 0.29 0.29 0.29 0.29 0.29 0.29 0.29 0.28 0.28
  per-rule acc: 0.50 0.17 0.26 0.23
Epoch 920 | Train: Loss=0.0026 Acc=100.0% | Test: Acc=36.1% | Best=36.1%(@920)
  from x2: 0.38 0.38 0.37 0.36 0.36 0.37 0.36 0.36 0.36 0.36 0.36 0.35 0.35 0.34
  per-rule acc: 0.56 0.21 0.36 0.32
Epoch 940 | Train: Loss=0.0041 Acc=100.0% | Test: Acc=37.2% | Best=37.2%(@940)
  from x2: 0.38 0.39 0.38 0.37 0.37 0.37 0.37 0.37 0.37 0.37 0.37 0.36 0.36 0.36
  per-rule acc: 0.59 0.20 0.38 0.32
Epoch 960 | Train: Loss=0.0023 Acc=100.0% | Test: Acc=39.7% | Best=39.7%(@960)
  from x2: 0.42 0.42 0.40 0.40 0.40 0.40 0.40 0.39 0.39 0.39 0.39 0.39 0.39 0.38
  per-rule acc: 0.59 0.23 0.40 0.36
Epoch 980 | Train: Loss=0.0151 Acc=99.9% | Test: Acc=39.7% | Best=39.7%(@980)
  from x2: 0.40 0.41 0.40 0.40 0.40 0.40 0.40 0.40 0.39 0.39 0.40 0.39 0.39 0.39
  per-rule acc: 0.62 0.26 0.36 0.35
Epoch 1000 | Train: Loss=0.0038 Acc=100.0% | Test: Acc=43.2% | Best=43.2%(@1000)
  from x2: 0.44 0.44 0.44 0.44 0.44 0.44 0.43 0.43 0.43 0.43 0.43 0.43 0.42 0.42
  per-rule acc: 0.66 0.25 0.44 0.38
Epoch 1020 | Train: Loss=0.0057 Acc=100.0% | Test: Acc=46.1% | Best=46.1%(@1020)
  from x2: 0.46 0.47 0.47 0.46 0.46 0.46 0.46 0.46 0.46 0.46 0.46 0.46 0.46 0.45
  per-rule acc: 0.67 0.31 0.44 0.42
Epoch 1040 | Train: Loss=0.0036 Acc=100.0% | Test: Acc=48.3% | Best=48.3%(@1040)
  from x2: 0.50 0.50 0.49 0.49 0.49 0.49 0.49 0.48 0.48 0.48 0.48 0.47 0.47 0.47
  per-rule acc: 0.71 0.30 0.48 0.45
Epoch 1060 | Train: Loss=0.0116 Acc=99.9% | Test: Acc=44.5% | Best=48.3%(@1040)
  from x2: 0.45 0.45 0.45 0.45 0.45 0.45 0.45 0.45 0.45 0.44 0.44 0.44 0.44 0.44
  per-rule acc: 0.66 0.32 0.42 0.38
Epoch 1080 | Train: Loss=0.0037 Acc=100.0% | Test: Acc=53.5% | Best=53.5%(@1080)
  from x2: 0.55 0.55 0.54 0.54 0.54 0.54 0.54 0.53 0.53 0.53 0.53 0.53 0.52 0.52
  per-rule acc: 0.75 0.37 0.51 0.50
Epoch 1100 | Train: Loss=0.0030 Acc=100.0% | Test: Acc=56.3% | Best=56.3%(@1100)
  from x2: 0.58 0.58 0.57 0.57 0.57 0.57 0.57 0.56 0.56 0.56 0.56 0.56 0.55 0.55
  per-rule acc: 0.78 0.39 0.55 0.53
Epoch 1120 | Train: Loss=0.0022 Acc=100.0% | Test: Acc=60.5% | Best=60.5%(@1120)
  from x2: 0.62 0.62 0.61 0.61 0.61 0.61 0.61 0.60 0.60 0.60 0.60 0.60 0.60 0.59
  per-rule acc: 0.80 0.48 0.58 0.55
Epoch 1140 | Train: Loss=0.0031 Acc=100.0% | Test: Acc=64.1% | Best=64.1%(@1140)
  from x2: 0.65 0.65 0.64 0.64 0.65 0.65 0.64 0.64 0.64 0.64 0.64 0.64 0.63 0.63
  per-rule acc: 0.84 0.50 0.62 0.61
Epoch 1160 | Train: Loss=0.0022 Acc=100.0% | Test: Acc=67.1% | Best=67.1%(@1160)
  from x2: 0.68 0.68 0.68 0.67 0.68 0.67 0.67 0.67 0.67 0.67 0.67 0.67 0.67 0.66
  per-rule acc: 0.86 0.54 0.65 0.63
Epoch 1180 | Train: Loss=0.0016 Acc=100.0% | Test: Acc=71.4% | Best=71.4%(@1180)
  from x2: 0.72 0.72 0.72 0.72 0.72 0.72 0.72 0.72 0.72 0.71 0.71 0.71 0.71 0.70
  per-rule acc: 0.89 0.60 0.70 0.67
Epoch 1200 | Train: Loss=0.0011 Acc=100.0% | Test: Acc=75.6% | Best=75.6%(@1200)
  from x2: 0.76 0.76 0.76 0.76 0.76 0.76 0.76 0.75 0.75 0.75 0.75 0.75 0.75 0.75
  per-rule acc: 0.91 0.65 0.74 0.71
Epoch 1220 | Train: Loss=0.0094 Acc=99.9% | Test: Acc=67.4% | Best=75.6%(@1200)
  from x2: 0.68 0.68 0.68 0.67 0.68 0.68 0.67 0.67 0.67 0.67 0.67 0.67 0.67 0.67
  per-rule acc: 0.86 0.61 0.62 0.60
Epoch 1240 | Train: Loss=0.0021 Acc=100.0% | Test: Acc=83.8% | Best=83.8%(@1240)
  from x2: 0.85 0.84 0.84 0.84 0.84 0.84 0.84 0.84 0.84 0.84 0.84 0.83 0.83 0.83
  per-rule acc: 0.95 0.79 0.81 0.80
Epoch 1260 | Train: Loss=0.0018 Acc=100.0% | Test: Acc=86.6% | Best=86.6%(@1260)
  from x2: 0.87 0.87 0.87 0.87 0.87 0.87 0.87 0.87 0.87 0.87 0.87 0.87 0.86 0.86
  per-rule acc: 0.96 0.81 0.85 0.83
Epoch 1280 | Train: Loss=0.0434 Acc=99.6% | Test: Acc=70.7% | Best=86.6%(@1260)
  from x2: 0.72 0.71 0.71 0.71 0.71 0.71 0.71 0.71 0.71 0.71 0.71 0.70 0.70 0.70
  per-rule acc: 0.86 0.66 0.67 0.63
Epoch 1300 | Train: Loss=0.0022 Acc=100.0% | Test: Acc=90.9% | Best=90.9%(@1300)
  from x2: 0.91 0.91 0.91 0.91 0.91 0.91 0.91 0.91 0.91 0.91 0.91 0.91 0.91 0.90
  per-rule acc: 0.97 0.88 0.90 0.88
Epoch 1320 | Train: Loss=0.0017 Acc=100.0% | Test: Acc=92.2% | Best=92.2%(@1320)
  from x2: 0.92 0.92 0.92 0.92 0.93 0.92 0.92 0.92 0.92 0.92 0.92 0.92 0.92 0.92
  per-rule acc: 0.98 0.90 0.92 0.89
Epoch 1340 | Train: Loss=0.0008 Acc=100.0% | Test: Acc=92.7% | Best=92.7%(@1340)
  from x2: 0.94 0.93 0.93 0.93 0.93 0.93 0.93 0.93 0.93 0.93 0.92 0.92 0.92 0.92
  per-rule acc: 0.97 0.92 0.92 0.90
Epoch 1360 | Train: Loss=0.0025 Acc=100.0% | Test: Acc=94.9% | Best=94.9%(@1360)
  from x2: 0.95 0.95 0.95 0.95 0.95 0.95 0.95 0.95 0.95 0.95 0.95 0.95 0.95 0.94
  per-rule acc: 0.98 0.94 0.94 0.93
Epoch 1380 | Train: Loss=0.0018 Acc=100.0% | Test: Acc=95.6% | Best=95.6%(@1380)
  from x2: 0.96 0.96 0.96 0.96 0.96 0.96 0.96 0.96 0.96 0.96 0.96 0.95 0.95 0.95
  per-rule acc: 0.99 0.95 0.95 0.94
Epoch 1400 | Train: Loss=0.0193 Acc=99.8% | Test: Acc=85.0% | Best=95.6%(@1380)
  from x2: 0.85 0.85 0.85 0.85 0.85 0.85 0.85 0.85 0.85 0.85 0.85 0.85 0.84 0.84
  per-rule acc: 0.93 0.83 0.85 0.78
Epoch 1420 | Train: Loss=0.0020 Acc=100.0% | Test: Acc=97.4% | Best=97.4%(@1420)
  from x2: 0.98 0.97 0.97 0.97 0.97 0.97 0.97 0.97 0.97 0.97 0.97 0.97 0.97 0.97
  per-rule acc: 0.99 0.98 0.97 0.96
Epoch 1440 | Train: Loss=0.0015 Acc=100.0% | Test: Acc=98.0% | Best=98.0%(@1440)
  from x2: 0.98 0.98 0.98 0.98 0.98 0.98 0.98 0.98 0.98 0.98 0.98 0.98 0.98 0.98
  per-rule acc: 0.99 0.98 0.98 0.97
Epoch 1460 | Train: Loss=0.0011 Acc=100.0% | Test: Acc=98.4% | Best=98.4%(@1460)
  from x2: 0.98 0.99 0.99 0.98 0.98 0.98 0.98 0.98 0.98 0.98 0.98 0.98 0.98 0.98
  per-rule acc: 1.00 0.98 0.98 0.98
Epoch 1480 | Train: Loss=0.0008 Acc=100.0% | Test: Acc=98.5% | Best=98.5%(@1480)
  from x2: 0.99 0.99 0.98 0.98 0.98 0.99 0.99 0.99 0.98 0.98 0.98 0.98 0.98 0.98
  per-rule acc: 0.99 0.99 0.99 0.97
Epoch 1500 | Train: Loss=0.0018 Acc=100.0% | Test: Acc=99.2% | Best=99.2%(@1500)
  from x2: 0.99 0.99 0.99 0.99 0.99 0.99 0.99 0.99 0.99 0.99 0.99 0.99 0.99 0.99
  per-rule acc: 1.00 0.99 0.99 0.98
[Early stop] Epoch 1500: test set reached high accuracy

==================================================
Saving model...
[OK] Model saved to: /home/cxm/ai/test0627-multitask-overlap/models/mixed_label_d256l1_r8_n4_e50.pth
  File size: 5345.3 KB
  Best test accuracy: 99.17%

==================================================
Final generation test (given first two items, AB generates 3rd as prompt, validate from 4th)
==================================================

--- AB pair 1: (1, 1) ---

--- Statistics for AB=(1,1) ---
Exposed    samples:  1404 | In-dist: 18252/18252 (100.0%) | OOD:  8518/22464 ( 37.9%)
Unexposed  samples:  1405 | In-dist: 18206/18265 ( 99.7%) | OOD:  8078/22480 ( 35.9%)

--- AB pair 2: (1, 2) ---

--- Statistics for AB=(1,2) ---
Exposed    samples:  1404 | In-dist: 18252/18252 (100.0%) | OOD: 10061/22464 ( 44.8%)
Unexposed  samples:  1405 | In-dist: 18165/18265 ( 99.5%) | OOD:  9246/22480 ( 41.1%)

--- AB pair 3: (1, 3) ---

--- Statistics for AB=(1,3) ---
Exposed    samples:  1404 | In-dist: 18252/18252 (100.0%) | OOD: 11345/22464 ( 50.5%)
Unexposed  samples:  1405 | In-dist: 18143/18265 ( 99.3%) | OOD:  9973/22480 ( 44.4%)

--- AB pair 4: (1, 4) ---

--- Statistics for AB=(1,4) ---
Exposed    samples:  1404 | In-dist: 18252/18252 (100.0%) | OOD: 12105/22464 ( 53.9%)
Unexposed  samples:  1405 | In-dist: 18024/18265 ( 98.7%) | OOD: 10735/22480 ( 47.8%)

--- Return code: 0 ---

======================================================================
Attention Analysis
======================================================================
Model config: addition (default), p=53
Best test accuracy: 0.9916624300965938
Training epochs: 1500

Random test sequence 1/5 (length 32): [41, 17, 5, 22, 27, 49, 23, 19, 42, 8, 50, 5, 2, 7, 9, 16, 25, 41, 13, 1]...

======================================================================
Attention Layer Training Result Summary
======================================================================
Input sequence: [41, 17, 5, 22, 27, 49, 23, 19, 42, 8, 50, 5, 2, 7, 9, 16, 25, 41, 13, 1, 14, 15, 29, 44, 20, 11, 31, 42, 20, 9, 29, 38]

--- Layer 0 ---
  Head 0: Entropy=1.033
    Attention coefficients from each query position to previous positions:
      i= 0 -> j=0:1.000
      i= 1 -> j=0:0.147, j=1:0.853
      i= 2 -> j=0:0.015, j=1:0.144, j=2:0.841
      i= 3 -> j=0:0.002, j=1:0.015, j=2:0.151, j=3:0.832
      i= 4 -> j=0:0.001, j=1:0.002, j=2:0.015, j=3:0.149, j=4:0.834
      i= 5 -> j=0:0.001, j=1:0.001, j=2:0.002, j=3:0.017, j=4:0.161, j=5:0.819
      i= 6 -> j=0:0.001, j=1:0.001, j=2:0.001, j=3:0.002, j=4:0.016, j=5:0.155, j=6:0.825
      i= 7 -> j=0:0.002, j=1:0.001, j=2:0.000, j=3:0.001, j=4:0.002, j=5:0.014, j=6:0.141, j=7:0.840
      i= 8 -> j=0:0.002, j=1:0.002, j=2:0.001, j=3:0.001, j=4:0.001, j=5:0.002, j=6:0.016, j=7:0.147, j=8:0.828
      i= 9 -> j=0:0.002, j=1:0.002, j=2:0.002, j=3:0.001, j=4:0.001, j=5:0.001, j=6:0.002, j=7:0.013, j=8:0.149, j=9:0.828
      i=10 -> j=0:0.001, j=1:0.001, j=2:0.002, j=3:0.002, j=4:0.001, j=5:0.001, j=6:0.001, j=7:0.002, j=8:0.015, j=9:0.143, j=10:0.832
      i=11 -> j=0:0.001, j=1:0.001, j=2:0.001, j=3:0.002, j=4:0.002, j=5:0.001, j=6:0.001, j=7:0.001, j=8:0.002, j=9:0.014, j=10:0.145, j=11:0.831
      i=12 -> j=0:0.002, j=1:0.001, j=2:0.001, j=3:0.001, j=4:0.002, j=5:0.002, j=6:0.001, j=7:0.001, j=8:0.001, j=9:0.002, j=10:0.015, j=11:0.151, j=12:0.820
      i=13 -> j=0:0.003, j=1:0.002, j=2:0.001, j=3:0.001, j=4:0.001, j=5:0.002, j=6:0.002, j=7:0.001, j=8:0.001, j=9:0.001, j=10:0.002, j=11:0.014, j=12:0.145, j=13:0.826
      i=14 -> j=0:0.004, j=1:0.003, j=2:0.001, j=3:0.001, j=4:0.001, j=5:0.001, j=6:0.002, j=7:0.001, j=8:0.001, j=9:0.001, j=10:0.001, j=11:0.002, j=12:0.015, j=13:0.149, j=14:0.816
      i=15 -> j=0:0.006, j=1:0.004, j=2:0.003, j=3:0.002, j=4:0.001, j=5:0.001, j=6:0.002, j=7:0.002, j=8:0.002, j=9:0.001, j=10:0.001, j=11:0.001, j=12:0.002, j=13:0.016, j=14:0.155, j=15:0.802
      i=16 -> j=0:0.007, j=1:0.005, j=2:0.004, j=3:0.002, j=4:0.002, j=5:0.001, j=6:0.001, j=7:0.001, j=8:0.002, j=9:0.002, j=10:0.001, j=11:0.001, j=12:0.001, j=13:0.002, j=14:0.015, j=15:0.144, j=16:0.809
      i=17 -> j=0:0.012, j=1:0.008, j=2:0.005, j=3:0.004, j=4:0.003, j=5:0.002, j=6:0.001, j=7:0.001, j=8:0.002, j=9:0.002, j=10:0.002, j=11:0.001, j=12:0.001, j=13:0.001, j=14:0.002, j=15:0.016, j=16:0.154, j=17:0.781
      i=18 -> j=0:0.018, j=1:0.010, j=2:0.006, j=3:0.005, j=4:0.004, j=5:0.003, j=6:0.002, j=7:0.001, j=8:0.001, j=9:0.001, j=10:0.002, j=11:0.001, j=12:0.001, j=13:0.001, j=14:0.001, j=15:0.002, j=16:0.015, j=17:0.146, j=18:0.780
      i=19 -> j=0:0.032, j=1:0.018, j=2:0.009, j=3:0.006, j=4:0.005, j=5:0.004, j=6:0.003, j=7:0.001, j=8:0.001, j=9:0.001, j=10:0.001, j=11:0.002, j=12:0.002, j=13:0.001, j=14:0.001, j=15:0.001, j=16:0.002, j=17:0.016, j=18:0.134, j=19:0.759
      i=20 -> j=0:0.046, j=1:0.032, j=2:0.016, j=3:0.009, j=4:0.007, j=5:0.005, j=6:0.004, j=7:0.002, j=8:0.002, j=9:0.001, j=10:0.001, j=11:0.001, j=12:0.002, j=13:0.002, j=14:0.001, j=15:0.001, j=16:0.001, j=17:0.002, j=18:0.013, j=19:0.136, j=20:0.716
      i=21 -> j=0:0.048, j=1:0.042, j=2:0.026, j=3:0.015, j=4:0.009, j=5:0.006, j=6:0.005, j=7:0.003, j=8:0.002, j=9:0.001, j=10:0.001, j=11:0.001, j=12:0.001, j=13:0.002, j=14:0.002, j=15:0.001, j=16:0.001, j=17:0.001, j=18:0.002, j=19:0.013, j=20:0.122, j=21:0.697
      i=22 -> j=0:0.048, j=1:0.046, j=2:0.037, j=3:0.025, j=4:0.015, j=5:0.008, j=6:0.005, j=7:0.004, j=8:0.003, j=9:0.002, j=10:0.001, j=11:0.001, j=12:0.001, j=13:0.001, j=14:0.002, j=15:0.001, j=16:0.001, j=17:0.001, j=18:0.001, j=19:0.002, j=20:0.012, j=21:0.114, j=22:0.670
      i=23 -> j=0:0.053, j=1:0.048, j=2:0.044, j=3:0.037, j=4:0.026, j=5:0.014, j=6:0.008, j=7:0.005, j=8:0.004, j=9:0.003, j=10:0.002, j=11:0.001, j=12:0.001, j=13:0.001, j=14:0.001, j=15:0.001, j=16:0.001, j=17:0.001, j=18:0.000, j=19:0.001, j=20:0.002, j=21:0.011, j=22:0.110, j=23:0.625
      i=24 -> j=0:0.062, j=1:0.051, j=2:0.044, j=3:0.041, j=4:0.036, j=5:0.023, j=6:0.014, j=7:0.007, j=8:0.005, j=9:0.003, j=10:0.003, j=11:0.002, j=12:0.001, j=13:0.001, j=14:0.001, j=15:0.001, j=16:0.001, j=17:0.001, j=18:0.001, j=19:0.000, j=20:0.000, j=21:0.001, j=22:0.010, j=23:0.106, j=24:0.584
      i=25 -> j=0:0.073, j=1:0.061, j=2:0.048, j=3:0.042, j=4:0.040, j=5:0.032, j=6:0.023, j=7:0.012, j=8:0.007, j=9:0.004, j=10:0.004, j=11:0.002, j=12:0.002, j=13:0.001, j=14:0.001, j=15:0.001, j=16:0.001, j=17:0.001, j=18:0.001, j=19:0.001, j=20:0.000, j=21:0.000, j=22:0.001, j=23:0.010, j=24:0.096, j=25:0.535
      i=26 -> j=0:0.071, j=1:0.068, j=2:0.055, j=3:0.043, j=4:0.038, j=5:0.034, j=6:0.031, j=7:0.021, j=8:0.011, j=9:0.006, j=10:0.004, j=11:0.003, j=12:0.002, j=13:0.002, j=14:0.001, j=15:0.001, j=16:0.001, j=17:0.001, j=18:0.001, j=19:0.001, j=20:0.001, j=21:0.000, j=22:0.000, j=23:0.001, j=24:0.009, j=25:0.091, j=26:0.502
      i=27 -> j=0:0.061, j=1:0.070, j=2:0.066, j=3:0.052, j=4:0.041, j=5:0.035, j=6:0.035, j=7:0.030, j=8:0.020, j=9:0.011, j=10:0.007, j=11:0.004, j=12:0.003, j=13:0.003, j=14:0.002, j=15:0.001, j=16:0.001, j=17:0.001, j=18:0.001, j=19:0.001, j=20:0.001, j=21:0.001, j=22:0.000, j=23:0.000, j=24:0.001, j=25:0.009, j=26:0.085, j=27:0.459
      i=28 -> j=0:0.048, j=1:0.059, j=2:0.068, j=3:0.061, j=4:0.048, j=5:0.036, j=6:0.034, j=7:0.033, j=8:0.027, j=9:0.018, j=10:0.010, j=11:0.005, j=12:0.003, j=13:0.003, j=14:0.002, j=15:0.001, j=16:0.001, j=17:0.001, j=18:0.001, j=19:0.001, j=20:0.001, j=21:0.001, j=22:0.000, j=23:0.000, j=24:0.000, j=25:0.001, j=26:0.008, j=27:0.079, j=28:0.448
      i=29 -> j=0:0.042, j=1:0.047, j=2:0.058, j=3:0.063, j=4:0.057, j=5:0.043, j=6:0.036, j=7:0.033, j=8:0.030, j=9:0.025, j=10:0.018, j=11:0.009, j=12:0.005, j=13:0.004, j=14:0.003, j=15:0.002, j=16:0.001, j=17:0.001, j=18:0.001, j=19:0.001, j=20:0.001, j=21:0.001, j=22:0.001, j=23:0.001, j=24:0.000, j=25:0.000, j=26:0.001, j=27:0.008, j=28:0.076, j=29:0.434
      i=30 -> j=0:0.039, j=1:0.039, j=2:0.045, j=3:0.053, j=4:0.057, j=5:0.051, j=6:0.043, j=7:0.036, j=8:0.031, j=9:0.028, j=10:0.024, j=11:0.016, j=12:0.009, j=13:0.005, j=14:0.003, j=15:0.003, j=16:0.002, j=17:0.002, j=18:0.001, j=19:0.001, j=20:0.001, j=21:0.001, j=22:0.001, j=23:0.001, j=24:0.000, j=25:0.000, j=26:0.000, j=27:0.001, j=28:0.007, j=29:0.076, j=30:0.425
      i=31 -> j=0:0.041, j=1:0.040, j=2:0.040, j=3:0.045, j=4:0.051, j=5:0.055, j=6:0.054, j=7:0.046, j=8:0.036, j=9:0.030, j=10:0.028, j=11:0.024, j=12:0.016, j=13:0.010, j=14:0.005, j=15:0.003, j=16:0.003, j=17:0.002, j=18:0.001, j=19:0.001, j=20:0.001, j=21:0.001, j=22:0.001, j=23:0.001, j=24:0.001, j=25:0.001, j=26:0.000, j=27:0.000, j=28:0.001, j=29:0.007, j=30:0.069, j=31:0.388
    Average attention per distance:
      d=0:0.720, d=1:0.128, d=2:0.013, d=18:0.013, d=19:0.023, d=20:0.033, d=21:0.037, d=22:0.038
      d=23:0.042, d=24:0.051, d=25:0.061, d=26:0.064, d=27:0.056, d=28:0.046, d=29:0.040, d=30:0.039
      d=31:0.041


======================================================================
QK Property Verification (Raw Scores, before Softmax)
======================================================================
Recurrence order init_len=2, num test sequences=1

--- [P1] Long-distance Orthogonality Verification ---
Ideal: raw_score mean ≈ 0 and small std when d > init_len

  Layer 0, Head 0:
    d= 1 (effective): mean=  0.536, std= 0.024, n=31
    d= 2 (effective): mean= -1.741, std= 0.046, n=30
    d>2 (long-distance): mean= -3.055, std= 1.647, n=435

--- [P2] Time-homogeneous Verification ---
Ideal: CV of raw_score across positions i ≈ 0 for fixed distance d
(CV = std / |mean|, smaller = more constant)

  Layer 0, Head 0:
    d= 1: mean=  0.536, std= 0.024, CV=0.044, n=31
    d= 2: mean= -1.741, std= 0.046, CV=0.026, n=30

======================================================================
QK Property Verification Completed
======================================================================
