=== Experiment: mixed_basic_d2048l4_r32_n3_e50 ===
Time: 2026-06-26T16:17:51.511986
Task type: mixed_ab
Merged config: {
  "P": 53,
  "TASK": "mixed_ab",
  "NUM_MASK": 0,
  "A": 1,
  "B": 1,
  "AB_PAIRS": [
    [
      1,
      1
    ],
    [
      1,
      2
    ],
    [
      1,
      3
    ]
  ],
  "D_MODEL": 2048,
  "N_HEAD": 1,
  "N_LAYER": 4,
  "BATCH_SIZE": 128,
  "EPOCHS": 10000,
  "LR": 0.0003,
  "SAVE_PATH": "models/mixed_basic_d2048l4_r32_n3_e50.pth",
  "USE_GREEDY_GENERATE": true,
  "USE_LEARNABLE_PE": false,
  "MLP_RATIO": 32,
  "TRAIN_LEN": 16,
  "OOD_LEN": 32,
  "DROPOUT": 0.0,
  "TARGET_INIT_COVERAGE": 0.5,
  "MAX_UNIQUE_RATIO": 0.5,
  "WEIGHT_DECAY": 1,
  "ENTROPY_PENALTY_WEIGHT": 0.0,
  "FIRST_TASK_WEIGHT": 1.0,
  "RANDOM_SEED": 42,
  "EVAL_INTERVAL": 20,
  "EARLY_STOP_NO_IMPROVE": 1000,
  "EARLY_STOP_ACCURACY": 0.99,
  "USE_AB_TAG": false,
  "USE_CONDITIONAL_WTE": false,
  "COND_WTE_SHARED_RATIO": 0.0,
  "MIXED_AB_MAX_UNIQUE_RATIOS": [
    0.5,
    0.5,
    0.5
  ],
  "SKIP_FINAL_GENERATION_TEST": true
}
--- output ---
Using device: cuda

[Dataset] Mixed mode: generated 4212 + 4215 samples, length 16
AB parameter pairs: [(1, 1), (1, 2), (1, 3)]
  - AB=(1,1): train 1404 | test 1405 | exposed ~50.0%
  - AB=(1,2): train 1404 | test 1405 | exposed ~50.0%
  - AB=(1,3): train 1404 | test 1405 | exposed ~50.0%
--------------------------------------------------
[Model config] block_size: 32, train length: 16
[Number theory] AB parameter pairs: [(1, 1), (1, 2), (1, 3)]


Model parameters: 1143.41M

Start training...
Epoch   0 | Train: Loss=5.0891 Acc=2.7% | Test: Acc=1.4% | Best=1.4%(@0)
  from x3: 0.01 0.01 0.01 0.01 0.01 0.01 0.01 0.01 0.01 0.01 0.01 0.01 0.01
  per-rule acc: 0.01 0.01 0.01
Epoch  20 | Train: Loss=3.7546 Acc=16.5% | Test: Acc=1.2% | Best=1.4%(@0)
  from x3: 0.01 0.01 0.01 0.01 0.01 0.01 0.01 0.01 0.01 0.01 0.01 0.01 0.01
  per-rule acc: 0.01 0.01 0.01
Epoch  40 | Train: Loss=0.7602 Acc=82.9% | Test: Acc=1.5% | Best=1.5%(@40)
  from x3: 0.02 0.02 0.02 0.02 0.01 0.01 0.01 0.01 0.01 0.01 0.01 0.01 0.01
  per-rule acc: 0.02 0.02 0.01
Epoch  60 | Train: Loss=0.3722 Acc=90.8% | Test: Acc=1.7% | Best=1.7%(@60)
  from x3: 0.02 0.02 0.02 0.02 0.02 0.02 0.01 0.02 0.02 0.02 0.02 0.02 0.02
  per-rule acc: 0.02 0.02 0.01
Epoch  80 | Train: Loss=0.2035 Acc=94.4% | Test: Acc=1.5% | Best=1.7%(@60)
  from x3: 0.02 0.02 0.01 0.02 0.02 0.01 0.01 0.01 0.01 0.02 0.02 0.02 0.02
  per-rule acc: 0.02 0.02 0.01
Epoch 100 | Train: Loss=0.1132 Acc=96.7% | Test: Acc=1.7% | Best=1.7%(@100)
  from x3: 0.02 0.02 0.02 0.02 0.02 0.02 0.02 0.02 0.02 0.02 0.02 0.02 0.02
  per-rule acc: 0.02 0.02 0.01
Epoch 120 | Train: Loss=0.0663 Acc=98.2% | Test: Acc=1.6% | Best=1.7%(@100)
  from x3: 0.02 0.02 0.02 0.02 0.01 0.02 0.01 0.01 0.01 0.02 0.02 0.02 0.02
  per-rule acc: 0.02 0.02 0.01
Epoch 140 | Train: Loss=0.0031 Acc=99.9% | Test: Acc=1.6% | Best=1.7%(@100)
  from x3: 0.02 0.02 0.02 0.01 0.01 0.02 0.02 0.02 0.02 0.02 0.02 0.02 0.02
  per-rule acc: 0.02 0.02 0.01
Epoch 160 | Train: Loss=4.3949 Acc=14.0% | Test: Acc=1.9% | Best=1.9%(@160)
  from x3: 0.02 0.02 0.02 0.02 0.02 0.02 0.02 0.02 0.02 0.02 0.02 0.02 0.02
  per-rule acc: 0.02 0.02 0.02
Epoch 180 | Train: Loss=0.6996 Acc=86.7% | Test: Acc=2.0% | Best=2.0%(@180)
  from x3: 0.02 0.02 0.02 0.02 0.02 0.02 0.02 0.02 0.02 0.02 0.02 0.02 0.02
  per-rule acc: 0.02 0.02 0.02
Epoch 200 | Train: Loss=0.0125 Acc=99.7% | Test: Acc=2.2% | Best=2.2%(@200)
  from x3: 0.02 0.02 0.02 0.02 0.02 0.02 0.02 0.02 0.02 0.02 0.02 0.02 0.02
  per-rule acc: 0.03 0.02 0.02
Epoch 220 | Train: Loss=0.0148 Acc=99.7% | Test: Acc=2.1% | Best=2.2%(@200)
  from x3: 0.02 0.02 0.02 0.02 0.02 0.02 0.02 0.02 0.02 0.02 0.02 0.02 0.02
  per-rule acc: 0.02 0.02 0.02
Epoch 240 | Train: Loss=0.0255 Acc=99.5% | Test: Acc=2.0% | Best=2.2%(@200)
  from x3: 0.02 0.02 0.02 0.02 0.02 0.02 0.02 0.02 0.02 0.02 0.02 0.02 0.02
  per-rule acc: 0.03 0.02 0.01
Epoch 260 | Train: Loss=0.0081 Acc=99.8% | Test: Acc=2.0% | Best=2.2%(@200)
  from x3: 0.02 0.02 0.02 0.02 0.02 0.02 0.02 0.02 0.02 0.02 0.02 0.02 0.02
  per-rule acc: 0.02 0.02 0.02
Epoch 280 | Train: Loss=0.0241 Acc=99.5% | Test: Acc=1.9% | Best=2.2%(@200)
  from x3: 0.02 0.02 0.02 0.02 0.02 0.02 0.02 0.02 0.02 0.02 0.02 0.02 0.02
  per-rule acc: 0.02 0.02 0.01
Epoch 300 | Train: Loss=0.0029 Acc=99.9% | Test: Acc=1.9% | Best=2.2%(@200)
  from x3: 0.02 0.02 0.02 0.02 0.02 0.02 0.02 0.02 0.02 0.02 0.02 0.02 0.02
  per-rule acc: 0.02 0.02 0.01
Epoch 320 | Train: Loss=4.5584 Acc=2.2% | Test: Acc=1.9% | Best=2.2%(@200)
  from x3: 0.02 0.02 0.02 0.02 0.02 0.02 0.02 0.02 0.02 0.02 0.02 0.02 0.02
  per-rule acc: 0.02 0.02 0.02
Epoch 340 | Train: Loss=4.5183 Acc=2.2% | Test: Acc=1.6% | Best=2.2%(@200)
  from x3: 0.02 0.02 0.02 0.02 0.02 0.02 0.02 0.02 0.02 0.02 0.02 0.02 0.02
  per-rule acc: 0.02 0.02 0.01
Epoch 360 | Train: Loss=4.5175 Acc=2.2% | Test: Acc=1.6% | Best=2.2%(@200)
  from x3: 0.02 0.02 0.02 0.02 0.02 0.02 0.02 0.02 0.02 0.02 0.02 0.02 0.02
  per-rule acc: 0.02 0.02 0.01
Epoch 380 | Train: Loss=4.5173 Acc=2.1% | Test: Acc=1.6% | Best=2.2%(@200)
  from x3: 0.02 0.02 0.02 0.02 0.02 0.02 0.02 0.02 0.02 0.02 0.02 0.02 0.02
  per-rule acc: 0.02 0.02 0.01
Epoch 400 | Train: Loss=4.5174 Acc=2.2% | Test: Acc=1.6% | Best=2.2%(@200)
  from x3: 0.02 0.02 0.02 0.02 0.02 0.02 0.02 0.02 0.02 0.02 0.02 0.02 0.02
  per-rule acc: 0.02 0.02 0.01
Epoch 420 | Train: Loss=4.5173 Acc=2.2% | Test: Acc=1.6% | Best=2.2%(@200)
  from x3: 0.02 0.02 0.02 0.02 0.02 0.02 0.02 0.02 0.02 0.02 0.02 0.02 0.02
  per-rule acc: 0.02 0.02 0.01
Epoch 440 | Train: Loss=4.5172 Acc=2.2% | Test: Acc=1.6% | Best=2.2%(@200)
  from x3: 0.02 0.02 0.02 0.02 0.02 0.02 0.02 0.02 0.02 0.02 0.02 0.02 0.02
  per-rule acc: 0.02 0.02 0.01
Epoch 460 | Train: Loss=4.5171 Acc=2.2% | Test: Acc=1.6% | Best=2.2%(@200)
  from x3: 0.02 0.02 0.02 0.02 0.02 0.02 0.02 0.02 0.02 0.02 0.02 0.02 0.02
  per-rule acc: 0.02 0.02 0.01
Epoch 480 | Train: Loss=4.5171 Acc=2.2% | Test: Acc=1.6% | Best=2.2%(@200)
  from x3: 0.02 0.02 0.02 0.02 0.02 0.02 0.02 0.02 0.02 0.02 0.02 0.02 0.02
  per-rule acc: 0.02 0.02 0.01
Epoch 500 | Train: Loss=4.5171 Acc=2.2% | Test: Acc=1.6% | Best=2.2%(@200)
  from x3: 0.02 0.02 0.02 0.02 0.02 0.02 0.02 0.02 0.02 0.02 0.02 0.02 0.02
  per-rule acc: 0.02 0.02 0.01
Epoch 520 | Train: Loss=4.4783 Acc=3.1% | Test: Acc=1.5% | Best=2.2%(@200)
  from x3: 0.02 0.02 0.02 0.02 0.02 0.02 0.01 0.01 0.01 0.01 0.01 0.01 0.01
  per-rule acc: 0.01 0.02 0.01
Epoch 540 | Train: Loss=3.9342 Acc=10.0% | Test: Acc=1.7% | Best=2.2%(@200)
  from x3: 0.02 0.02 0.01 0.01 0.02 0.02 0.02 0.02 0.02 0.02 0.02 0.02 0.02
  per-rule acc: 0.02 0.02 0.02
Epoch 560 | Train: Loss=3.1538 Acc=23.1% | Test: Acc=1.4% | Best=2.2%(@200)
  from x3: 0.01 0.01 0.02 0.01 0.01 0.02 0.01 0.01 0.01 0.01 0.01 0.01 0.01
  per-rule acc: 0.01 0.01 0.02
Epoch 580 | Train: Loss=2.0963 Acc=50.1% | Test: Acc=1.5% | Best=2.2%(@200)
  from x3: 0.02 0.02 0.02 0.02 0.01 0.01 0.01 0.02 0.02 0.02 0.02 0.02 0.02
  per-rule acc: 0.02 0.01 0.02
Epoch 600 | Train: Loss=0.5467 Acc=89.2% | Test: Acc=1.6% | Best=2.2%(@200)
  from x3: 0.01 0.02 0.01 0.02 0.01 0.01 0.02 0.02 0.02 0.02 0.02 0.02 0.02
  per-rule acc: 0.02 0.01 0.01
Epoch 620 | Train: Loss=0.0733 Acc=98.6% | Test: Acc=1.6% | Best=2.2%(@200)
  from x3: 0.02 0.02 0.02 0.02 0.02 0.01 0.01 0.01 0.02 0.02 0.02 0.02 0.02
  per-rule acc: 0.02 0.02 0.01
Epoch 640 | Train: Loss=0.0093 Acc=99.8% | Test: Acc=1.5% | Best=2.2%(@200)
  from x3: 0.01 0.02 0.02 0.01 0.01 0.02 0.01 0.01 0.02 0.02 0.02 0.02 0.02
  per-rule acc: 0.01 0.02 0.01
Epoch 660 | Train: Loss=0.2964 Acc=98.6% | Test: Acc=1.6% | Best=2.2%(@200)
  from x3: 0.01 0.02 0.02 0.01 0.02 0.02 0.02 0.02 0.02 0.02 0.02 0.02 0.02
  per-rule acc: 0.02 0.02 0.01
Epoch 680 | Train: Loss=0.0049 Acc=99.9% | Test: Acc=1.6% | Best=2.2%(@200)
  from x3: 0.01 0.02 0.02 0.02 0.02 0.02 0.02 0.02 0.02 0.02 0.02 0.02 0.02
  per-rule acc: 0.02 0.02 0.01
Epoch 700 | Train: Loss=0.0230 Acc=99.6% | Test: Acc=1.7% | Best=2.2%(@200)
  from x3: 0.02 0.02 0.01 0.02 0.02 0.02 0.02 0.02 0.02 0.02 0.02 0.02 0.02
  per-rule acc: 0.02 0.03 0.01
Epoch 720 | Train: Loss=0.0033 Acc=99.9% | Test: Acc=1.4% | Best=2.2%(@200)
  from x3: 0.02 0.02 0.02 0.01 0.01 0.01 0.01 0.01 0.01 0.01 0.01 0.01 0.01
  per-rule acc: 0.01 0.02 0.01
Epoch 740 | Train: Loss=0.0021 Acc=99.9% | Test: Acc=1.6% | Best=2.2%(@200)
  from x3: 0.01 0.02 0.01 0.02 0.02 0.02 0.02 0.02 0.02 0.02 0.02 0.02 0.02
  per-rule acc: 0.02 0.02 0.01
Epoch 760 | Train: Loss=0.0029 Acc=99.9% | Test: Acc=1.3% | Best=2.2%(@200)
  from x3: 0.02 0.02 0.01 0.01 0.01 0.01 0.01 0.01 0.01 0.01 0.01 0.01 0.01
  per-rule acc: 0.01 0.02 0.01
Epoch 780 | Train: Loss=0.0021 Acc=99.9% | Test: Acc=1.4% | Best=2.2%(@200)
  from x3: 0.01 0.01 0.01 0.01 0.01 0.01 0.01 0.01 0.01 0.01 0.01 0.01 0.01
  per-rule acc: 0.02 0.02 0.01
Epoch 800 | Train: Loss=0.0051 Acc=99.9% | Test: Acc=1.6% | Best=2.2%(@200)
  from x3: 0.01 0.02 0.02 0.02 0.02 0.01 0.02 0.02 0.02 0.02 0.02 0.02 0.02
  per-rule acc: 0.02 0.02 0.01
Epoch 820 | Train: Loss=0.0029 Acc=99.9% | Test: Acc=1.3% | Best=2.2%(@200)
  from x3: 0.01 0.01 0.01 0.01 0.01 0.01 0.01 0.01 0.01 0.01 0.01 0.01 0.01
  per-rule acc: 0.01 0.02 0.01
Epoch 840 | Train: Loss=0.0021 Acc=99.9% | Test: Acc=1.5% | Best=2.2%(@200)
  from x3: 0.01 0.01 0.01 0.01 0.01 0.02 0.02 0.02 0.02 0.02 0.02 0.02 0.02
  per-rule acc: 0.02 0.02 0.01
Epoch 860 | Train: Loss=0.0028 Acc=99.9% | Test: Acc=1.5% | Best=2.2%(@200)
  from x3: 0.01 0.01 0.02 0.01 0.02 0.01 0.01 0.01 0.02 0.02 0.02 0.02 0.01
  per-rule acc: 0.02 0.02 0.01
Epoch 880 | Train: Loss=0.0019 Acc=99.9% | Test: Acc=1.5% | Best=2.2%(@200)
  from x3: 0.01 0.01 0.01 0.01 0.01 0.02 0.02 0.01 0.01 0.01 0.01 0.01 0.01
  per-rule acc: 0.02 0.02 0.01
Epoch 900 | Train: Loss=0.0028 Acc=99.9% | Test: Acc=1.5% | Best=2.2%(@200)
  from x3: 0.01 0.01 0.01 0.01 0.02 0.02 0.02 0.02 0.02 0.02 0.02 0.02 0.02
  per-rule acc: 0.02 0.02 0.01
Epoch 920 | Train: Loss=0.0036 Acc=99.9% | Test: Acc=1.4% | Best=2.2%(@200)
  from x3: 0.01 0.01 0.02 0.01 0.01 0.01 0.01 0.01 0.01 0.01 0.01 0.01 0.01
  per-rule acc: 0.02 0.01 0.01
Epoch 940 | Train: Loss=0.0029 Acc=99.9% | Test: Acc=1.5% | Best=2.2%(@200)
  from x3: 0.01 0.01 0.01 0.01 0.01 0.01 0.01 0.01 0.01 0.01 0.01 0.01 0.01
  per-rule acc: 0.02 0.02 0.01
Epoch 960 | Train: Loss=0.0020 Acc=99.9% | Test: Acc=1.4% | Best=2.2%(@200)
  from x3: 0.01 0.02 0.01 0.01 0.01 0.01 0.01 0.01 0.01 0.01 0.01 0.01 0.01
  per-rule acc: 0.02 0.02 0.01
Epoch 980 | Train: Loss=0.0032 Acc=99.9% | Test: Acc=1.3% | Best=2.2%(@200)
  from x3: 0.01 0.01 0.01 0.01 0.01 0.01 0.01 0.01 0.01 0.01 0.01 0.01 0.01
  per-rule acc: 0.02 0.01 0.01
Epoch 1000 | Train: Loss=0.0023 Acc=99.9% | Test: Acc=1.4% | Best=2.2%(@200)
  from x3: 0.01 0.01 0.02 0.01 0.01 0.01 0.01 0.01 0.01 0.01 0.01 0.01 0.01
  per-rule acc: 0.02 0.02 0.01
Epoch 1020 | Train: Loss=0.0080 Acc=99.9% | Test: Acc=1.6% | Best=2.2%(@200)
  from x3: 0.01 0.01 0.02 0.02 0.02 0.02 0.02 0.02 0.02 0.02 0.02 0.02 0.02
  per-rule acc: 0.02 0.02 0.01
Epoch 1040 | Train: Loss=0.0025 Acc=99.9% | Test: Acc=1.6% | Best=2.2%(@200)
  from x3: 0.01 0.02 0.02 0.02 0.02 0.02 0.02 0.02 0.02 0.02 0.02 0.02 0.02
  per-rule acc: 0.02 0.02 0.01
Epoch 1060 | Train: Loss=0.0019 Acc=99.9% | Test: Acc=1.5% | Best=2.2%(@200)
  from x3: 0.01 0.01 0.02 0.01 0.02 0.02 0.02 0.02 0.02 0.02 0.02 0.02 0.02
  per-rule acc: 0.02 0.02 0.01
Epoch 1080 | Train: Loss=0.0027 Acc=99.9% | Test: Acc=1.3% | Best=2.2%(@200)
  from x3: 0.01 0.01 0.01 0.01 0.01 0.01 0.01 0.01 0.01 0.01 0.01 0.01 0.01
  per-rule acc: 0.02 0.01 0.01
Epoch 1100 | Train: Loss=4.1127 Acc=7.7% | Test: Acc=1.3% | Best=2.2%(@200)
  from x3: 0.01 0.01 0.01 0.01 0.01 0.01 0.01 0.01 0.01 0.01 0.01 0.01 0.01
  per-rule acc: 0.01 0.01 0.01
Epoch 1120 | Train: Loss=0.1501 Acc=97.5% | Test: Acc=1.4% | Best=2.2%(@200)
  from x3: 0.01 0.02 0.02 0.01 0.01 0.01 0.01 0.01 0.01 0.01 0.01 0.01 0.01
  per-rule acc: 0.02 0.01 0.01
Epoch 1140 | Train: Loss=0.0051 Acc=99.9% | Test: Acc=1.6% | Best=2.2%(@200)
  from x3: 0.02 0.01 0.02 0.02 0.02 0.02 0.02 0.02 0.02 0.02 0.02 0.02 0.02
  per-rule acc: 0.02 0.02 0.01
Epoch 1160 | Train: Loss=0.0813 Acc=99.5% | Test: Acc=1.3% | Best=2.2%(@200)
  from x3: 0.01 0.01 0.01 0.01 0.01 0.01 0.01 0.01 0.01 0.01 0.01 0.01 0.01
  per-rule acc: 0.02 0.01 0.01
Epoch 1180 | Train: Loss=0.0031 Acc=99.9% | Test: Acc=1.3% | Best=2.2%(@200)
  from x3: 0.02 0.01 0.01 0.01 0.01 0.01 0.01 0.01 0.01 0.01 0.01 0.01 0.01
  per-rule acc: 0.02 0.01 0.01
Epoch 1200 | Train: Loss=0.0048 Acc=99.9% | Test: Acc=1.4% | Best=2.2%(@200)
  from x3: 0.02 0.01 0.01 0.01 0.01 0.01 0.01 0.01 0.01 0.01 0.01 0.01 0.01
  per-rule acc: 0.02 0.02 0.01
[Early stop] No improvement for 1000 consecutive epochs

==================================================
Saving model...
[OK] Model saved to: /home/cxm/ai/test0627-multitask-overlap/models/mixed_basic_d2048l4_r32_n3_e50.pth
  File size: 4466484.9 KB
  Best test accuracy: 2.22%

==================================================
Final generation test (given first two items, AB generates 3rd as prompt, validate from 4th)
==================================================

--- AB pair 1: (1, 1) ---

--- Statistics for AB=(1,1) ---
Exposed    samples:  1404 | In-dist: 18054/18252 ( 98.9%) | OOD: 21981/22464 ( 97.8%)
Unexposed  samples:  1405 | In-dist:  5744/18265 ( 31.4%) | OOD:  8374/22480 ( 37.3%)

--- AB pair 2: (1, 2) ---

--- Statistics for AB=(1,2) ---
Exposed    samples:  1404 | In-dist: 18096/18252 ( 99.1%) | OOD: 22005/22464 ( 98.0%)
Unexposed  samples:  1405 | In-dist:  3595/18265 ( 19.7%) | OOD:  5700/22480 ( 25.4%)

--- AB pair 3: (1, 3) ---

--- Statistics for AB=(1,3) ---
Exposed    samples:  1404 | In-dist: 18122/18252 ( 99.3%) | OOD: 22021/22464 ( 98.0%)
Unexposed  samples:  1405 | In-dist:  3872/18265 ( 21.2%) | OOD:  6037/22480 ( 26.9%)

--- Return code: 0 ---

======================================================================
Attention Analysis
======================================================================
Model config: addition (default), p=53
Best test accuracy: 0.022210055662012958
Training epochs: 1200

Random test sequence 1/5 (length 32): [17, 50, 14, 11, 25, 36, 8, 44, 52, 43, 42, 32, 21, 0, 21, 21, 42, 10, 52, 9]...

======================================================================
Attention Layer Training Result Summary
======================================================================
Input sequence: [17, 50, 14, 11, 25, 36, 8, 44, 52, 43, 42, 32, 21, 0, 21, 21, 42, 10, 52, 9, 8, 17, 25, 42, 14, 3, 17, 20, 37, 4, 41, 45]

--- Layer 0 ---
  Head 0: Entropy=1.489
    Attention coefficients from each query position to previous positions:
      i= 0 -> j=0:1.000
      i= 1 -> j=0:0.416, j=1:0.584
      i= 2 -> j=0:0.293, j=1:0.091, j=2:0.616
      i= 3 -> j=0:0.096, j=1:0.168, j=2:0.299, j=3:0.437
      i= 4 -> j=0:0.016, j=1:0.008, j=2:0.154, j=3:0.180, j=4:0.642
      i= 5 -> j=0:0.010, j=1:0.005, j=2:0.032, j=3:0.211, j=4:0.371, j=5:0.370
      i= 6 -> j=0:0.005, j=1:0.003, j=2:0.012, j=3:0.027, j=4:0.070, j=5:0.373, j=6:0.511
      i= 7 -> j=0:0.001, j=1:0.001, j=2:0.029, j=3:0.158, j=4:0.367, j=5:0.056, j=6:0.065, j=7:0.324
      i= 8 -> j=0:0.005, j=1:0.005, j=2:0.004, j=3:0.005, j=4:0.008, j=5:0.111, j=6:0.134, j=7:0.319, j=8:0.410
      i= 9 -> j=0:0.004, j=1:0.004, j=2:0.003, j=3:0.004, j=4:0.007, j=5:0.016, j=6:0.063, j=7:0.100, j=8:0.506, j=9:0.293
      i=10 -> j=0:0.005, j=1:0.002, j=2:0.001, j=3:0.001, j=4:0.002, j=5:0.010, j=6:0.015, j=7:0.095, j=8:0.139, j=9:0.345, j=10:0.385
      i=11 -> j=0:0.001, j=1:0.001, j=2:0.001, j=3:0.001, j=4:0.001, j=5:0.002, j=6:0.004, j=7:0.012, j=8:0.106, j=9:0.102, j=10:0.219, j=11:0.550
      i=12 -> j=0:0.001, j=1:0.000, j=2:0.001, j=3:0.001, j=4:0.001, j=5:0.001, j=6:0.002, j=7:0.004, j=8:0.017, j=9:0.043, j=10:0.077, j=11:0.193, j=12:0.660
      i=13 -> j=0:0.001, j=1:0.001, j=2:0.001, j=3:0.001, j=4:0.000, j=5:0.001, j=6:0.000, j=7:0.001, j=8:0.018, j=9:0.044, j=10:0.184, j=11:0.322, j=12:0.284, j=13:0.141
      i=14 -> j=0:0.001, j=1:0.000, j=2:0.001, j=3:0.001, j=4:0.001, j=5:0.000, j=6:0.001, j=7:0.001, j=8:0.001, j=9:0.002, j=10:0.010, j=11:0.044, j=12:0.229, j=13:0.157, j=14:0.551
      i=15 -> j=0:0.001, j=1:0.001, j=2:0.001, j=3:0.001, j=4:0.001, j=5:0.000, j=6:0.001, j=7:0.001, j=8:0.000, j=9:0.001, j=10:0.002, j=11:0.011, j=12:0.060, j=13:0.099, j=14:0.374, j=15:0.448
      i=16 -> j=0:0.021, j=1:0.008, j=2:0.003, j=3:0.001, j=4:0.001, j=5:0.002, j=6:0.001, j=7:0.001, j=8:0.001, j=9:0.001, j=10:0.002, j=11:0.004, j=12:0.017, j=13:0.146, j=14:0.175, j=15:0.335, j=16:0.280
      i=17 -> j=0:0.014, j=1:0.013, j=2:0.009, j=3:0.004, j=4:0.002, j=5:0.002, j=6:0.002, j=7:0.003, j=8:0.001, j=9:0.003, j=10:0.001, j=11:0.001, j=12:0.003, j=13:0.005, j=14:0.028, j=15:0.129, j=16:0.407, j=17:0.375
      i=18 -> j=0:0.024, j=1:0.044, j=2:0.016, j=3:0.008, j=4:0.003, j=5:0.004, j=6:0.002, j=7:0.002, j=8:0.004, j=9:0.006, j=10:0.003, j=11:0.004, j=12:0.003, j=13:0.011, j=14:0.010, j=15:0.029, j=16:0.258, j=17:0.254, j=18:0.317
      i=19 -> j=0:0.009, j=1:0.008, j=2:0.006, j=3:0.007, j=4:0.006, j=5:0.002, j=6:0.001, j=7:0.001, j=8:0.000, j=9:0.001, j=10:0.000, j=11:0.000, j=12:0.001, j=13:0.001, j=14:0.005, j=15:0.019, j=16:0.041, j=17:0.106, j=18:0.048, j=19:0.738
      i=20 -> j=0:0.032, j=1:0.035, j=2:0.028, j=3:0.015, j=4:0.006, j=5:0.009, j=6:0.004, j=7:0.002, j=8:0.003, j=9:0.002, j=10:0.002, j=11:0.002, j=12:0.001, j=13:0.003, j=14:0.001, j=15:0.002, j=16:0.007, j=17:0.033, j=18:0.318, j=19:0.224, j=20:0.272
      i=21 -> j=0:0.019, j=1:0.026, j=2:0.041, j=3:0.028, j=4:0.026, j=5:0.010, j=6:0.011, j=7:0.005, j=8:0.003, j=9:0.004, j=10:0.001, j=11:0.003, j=12:0.005, j=13:0.002, j=14:0.006, j=15:0.006, j=16:0.003, j=17:0.008, j=18:0.062, j=19:0.167, j=20:0.386, j=21:0.177
      i=22 -> j=0:0.011, j=1:0.006, j=2:0.011, j=3:0.011, j=4:0.014, j=5:0.003, j=6:0.003, j=7:0.001, j=8:0.002, j=9:0.001, j=10:0.001, j=11:0.002, j=12:0.002, j=13:0.001, j=14:0.003, j=15:0.004, j=16:0.005, j=17:0.007, j=18:0.007, j=19:0.100, j=20:0.042, j=21:0.192, j=22:0.571
      i=23 -> j=0:0.049, j=1:0.020, j=2:0.018, j=3:0.014, j=4:0.016, j=5:0.020, j=6:0.011, j=7:0.014, j=8:0.004, j=9:0.003, j=10:0.001, j=11:0.001, j=12:0.001, j=13:0.001, j=14:0.001, j=15:0.001, j=16:0.001, j=17:0.001, j=18:0.004, j=19:0.007, j=20:0.027, j=21:0.376, j=22:0.190, j=23:0.220
      i=24 -> j=0:0.031, j=1:0.015, j=2:0.018, j=3:0.010, j=4:0.008, j=5:0.006, j=6:0.004, j=7:0.005, j=8:0.009, j=9:0.001, j=10:0.002, j=11:0.004, j=12:0.002, j=13:0.003, j=14:0.002, j=15:0.002, j=16:0.001, j=17:0.001, j=18:0.009, j=19:0.017, j=20:0.041, j=21:0.121, j=22:0.236, j=23:0.201, j=24:0.251
      i=25 -> j=0:0.012, j=1:0.008, j=2:0.011, j=3:0.020, j=4:0.040, j=5:0.013, j=6:0.026, j=7:0.023, j=8:0.006, j=9:0.008, j=10:0.002, j=11:0.000, j=12:0.001, j=13:0.000, j=14:0.001, j=15:0.001, j=16:0.000, j=17:0.001, j=18:0.000, j=19:0.001, j=20:0.008, j=21:0.036, j=22:0.101, j=23:0.096, j=24:0.380, j=25:0.205
      i=26 -> j=0:0.015, j=1:0.019, j=2:0.038, j=3:0.028, j=4:0.036, j=5:0.017, j=6:0.026, j=7:0.019, j=8:0.020, j=9:0.028, j=10:0.007, j=11:0.011, j=12:0.007, j=13:0.001, j=14:0.003, j=15:0.003, j=16:0.001, j=17:0.001, j=18:0.002, j=19:0.002, j=20:0.003, j=21:0.005, j=22:0.013, j=23:0.032, j=24:0.243, j=25:0.275, j=26:0.145
      i=27 -> j=0:0.015, j=1:0.016, j=2:0.009, j=3:0.020, j=4:0.012, j=5:0.019, j=6:0.011, j=7:0.016, j=8:0.013, j=9:0.008, j=10:0.008, j=11:0.005, j=12:0.002, j=13:0.002, j=14:0.001, j=15:0.001, j=16:0.001, j=17:0.001, j=18:0.001, j=19:0.001, j=20:0.001, j=21:0.002, j=22:0.001, j=23:0.020, j=24:0.034, j=25:0.085, j=26:0.113, j=27:0.585
      i=28 -> j=0:0.018, j=1:0.016, j=2:0.024, j=3:0.019, j=4:0.018, j=5:0.019, j=6:0.017, j=7:0.012, j=8:0.017, j=9:0.011, j=10:0.019, j=11:0.015, j=12:0.007, j=13:0.002, j=14:0.002, j=15:0.002, j=16:0.001, j=17:0.002, j=18:0.001, j=19:0.001, j=20:0.001, j=21:0.001, j=22:0.001, j=23:0.019, j=24:0.048, j=25:0.055, j=26:0.096, j=27:0.378, j=28:0.179
      i=29 -> j=0:0.010, j=1:0.009, j=2:0.008, j=3:0.011, j=4:0.015, j=5:0.008, j=6:0.009, j=7:0.006, j=8:0.014, j=9:0.009, j=10:0.016, j=11:0.020, j=12:0.011, j=13:0.007, j=14:0.005, j=15:0.003, j=16:0.003, j=17:0.003, j=18:0.003, j=19:0.002, j=20:0.002, j=21:0.002, j=22:0.003, j=23:0.003, j=24:0.003, j=25:0.040, j=26:0.049, j=27:0.183, j=28:0.322, j=29:0.220
      i=30 -> j=0:0.007, j=1:0.009, j=2:0.015, j=3:0.009, j=4:0.006, j=5:0.009, j=6:0.009, j=7:0.008, j=8:0.013, j=9:0.009, j=10:0.008, j=11:0.018, j=12:0.005, j=13:0.007, j=14:0.003, j=15:0.002, j=16:0.002, j=17:0.001, j=18:0.002, j=19:0.001, j=20:0.001, j=21:0.001, j=22:0.001, j=23:0.002, j=24:0.003, j=25:0.009, j=26:0.016, j=27:0.131, j=28:0.210, j=29:0.209, j=30:0.272
      i=31 -> j=0:0.007, j=1:0.014, j=2:0.013, j=3:0.015, j=4:0.007, j=5:0.014, j=6:0.012, j=7:0.016, j=8:0.023, j=9:0.024, j=10:0.009, j=11:0.007, j=12:0.003, j=13:0.011, j=14:0.002, j=15:0.001, j=16:0.002, j=17:0.001, j=18:0.002, j=19:0.000, j=20:0.001, j=21:0.001, j=22:0.001, j=23:0.001, j=24:0.001, j=25:0.001, j=26:0.002, j=27:0.011, j=28:0.155, j=29:0.088, j=30:0.210, j=31:0.345
    Average attention per distance:
      d=0:0.409, d=1:0.268, d=2:0.165, d=3:0.082, d=4:0.022, d=17:0.013, d=18:0.017, d=19:0.017
      d=20:0.016, d=21:0.015, d=22:0.018, d=23:0.019, d=24:0.019, d=25:0.014, d=26:0.014, d=27:0.011
      d=28:0.014, d=29:0.011, d=30:0.010

--- Layer 1 ---
  Head 0: Entropy=0.717
    Attention coefficients from each query position to previous positions:
      i= 0 -> j=0:1.000
      i= 1 -> j=0:0.912, j=1:0.088
      i= 2 -> j=0:0.032, j=1:0.965, j=2:0.003
      i= 3 -> j=0:0.003, j=1:0.527, j=2:0.143, j=3:0.326
      i= 4 -> j=0:0.002, j=1:0.158, j=2:0.231, j=3:0.470, j=4:0.140
      i= 5 -> j=0:0.000, j=1:0.002, j=2:0.028, j=3:0.258, j=4:0.658, j=5:0.054
      i= 6 -> j=0:0.000, j=1:0.000, j=2:0.000, j=3:0.004, j=4:0.283, j=5:0.703, j=6:0.010
      i= 7 -> j=0:0.000, j=1:0.000, j=2:0.000, j=3:0.000, j=4:0.001, j=5:0.201, j=6:0.792, j=7:0.006
      i= 8 -> j=0:0.000, j=1:0.000, j=2:0.000, j=3:0.000, j=4:0.000, j=5:0.005, j=6:0.863, j=7:0.130, j=8:0.002
      i= 9 -> j=0:0.000, j=1:0.000, j=2:0.000, j=3:0.000, j=4:0.000, j=5:0.001, j=6:0.216, j=7:0.632, j=8:0.126, j=9:0.025
      i=10 -> j=0:0.001, j=1:0.002, j=2:0.000, j=3:0.000, j=4:0.000, j=5:0.000, j=6:0.001, j=7:0.029, j=8:0.218, j=9:0.646, j=10:0.103
      i=11 -> j=0:0.000, j=1:0.000, j=2:0.000, j=3:0.000, j=4:0.000, j=5:0.000, j=6:0.000, j=7:0.000, j=8:0.002, j=9:0.115, j=10:0.882, j=11:0.001
      i=12 -> j=0:0.000, j=1:0.000, j=2:0.000, j=3:0.000, j=4:0.000, j=5:0.000, j=6:0.000, j=7:0.000, j=8:0.000, j=9:0.012, j=10:0.822, j=11:0.123, j=12:0.041
      i=13 -> j=0:0.000, j=1:0.000, j=2:0.000, j=3:0.000, j=4:0.000, j=5:0.000, j=6:0.000, j=7:0.000, j=8:0.000, j=9:0.000, j=10:0.002, j=11:0.092, j=12:0.897, j=13:0.007
      i=14 -> j=0:0.000, j=1:0.000, j=2:0.000, j=3:0.000, j=4:0.001, j=5:0.001, j=6:0.000, j=7:0.000, j=8:0.000, j=9:0.000, j=10:0.000, j=11:0.011, j=12:0.790, j=13:0.153, j=14:0.043
      i=15 -> j=0:0.002, j=1:0.001, j=2:0.000, j=3:0.000, j=4:0.000, j=5:0.001, j=6:0.002, j=7:0.000, j=8:0.000, j=9:0.000, j=10:0.000, j=11:0.000, j=12:0.032, j=13:0.203, j=14:0.667, j=15:0.092
      i=16 -> j=0:0.002, j=1:0.002, j=2:0.001, j=3:0.000, j=4:0.000, j=5:0.000, j=6:0.000, j=7:0.001, j=8:0.000, j=9:0.000, j=10:0.000, j=11:0.000, j=12:0.000, j=13:0.009, j=14:0.263, j=15:0.676, j=16:0.046
      i=17 -> j=0:0.004, j=1:0.009, j=2:0.002, j=3:0.001, j=4:0.000, j=5:0.000, j=6:0.001, j=7:0.002, j=8:0.003, j=9:0.002, j=10:0.000, j=11:0.000, j=12:0.000, j=13:0.002, j=14:0.050, j=15:0.410, j=16:0.290, j=17:0.224
      i=18 -> j=0:0.000, j=1:0.001, j=2:0.001, j=3:0.000, j=4:0.000, j=5:0.000, j=6:0.000, j=7:0.000, j=8:0.001, j=9:0.001, j=10:0.000, j=11:0.000, j=12:0.000, j=13:0.000, j=14:0.001, j=15:0.040, j=16:0.172, j=17:0.746, j=18:0.036
      i=19 -> j=0:0.000, j=1:0.000, j=2:0.000, j=3:0.000, j=4:0.000, j=5:0.000, j=6:0.000, j=7:0.000, j=8:0.000, j=9:0.000, j=10:0.000, j=11:0.000, j=12:0.000, j=13:0.000, j=14:0.000, j=15:0.000, j=16:0.000, j=17:0.078, j=18:0.908, j=19:0.013
      i=20 -> j=0:0.000, j=1:0.000, j=2:0.000, j=3:0.000, j=4:0.000, j=5:0.000, j=6:0.000, j=7:0.000, j=8:0.000, j=9:0.000, j=10:0.000, j=11:0.000, j=12:0.000, j=13:0.000, j=14:0.000, j=15:0.000, j=16:0.000, j=17:0.013, j=18:0.897, j=19:0.072, j=20:0.018
      i=21 -> j=0:0.000, j=1:0.000, j=2:0.000, j=3:0.000, j=4:0.000, j=5:0.000, j=6:0.000, j=7:0.000, j=8:0.000, j=9:0.000, j=10:0.000, j=11:0.000, j=12:0.000, j=13:0.000, j=14:0.000, j=15:0.000, j=16:0.000, j=17:0.000, j=18:0.017, j=19:0.112, j=20:0.855, j=21:0.015
      i=22 -> j=0:0.000, j=1:0.000, j=2:0.000, j=3:0.000, j=4:0.000, j=5:0.000, j=6:0.001, j=7:0.000, j=8:0.000, j=9:0.000, j=10:0.000, j=11:0.000, j=12:0.000, j=13:0.000, j=14:0.000, j=15:0.000, j=16:0.000, j=17:0.000, j=18:0.000, j=19:0.020, j=20:0.756, j=21:0.218, j=22:0.004
      i=23 -> j=0:0.000, j=1:0.001, j=2:0.000, j=3:0.000, j=4:0.000, j=5:0.000, j=6:0.001, j=7:0.001, j=8:0.001, j=9:0.000, j=10:0.000, j=11:0.000, j=12:0.000, j=13:0.000, j=14:0.000, j=15:0.000, j=16:0.000, j=17:0.000, j=18:0.000, j=19:0.000, j=20:0.027, j=21:0.666, j=22:0.293, j=23:0.008
      i=24 -> j=0:0.000, j=1:0.001, j=2:0.000, j=3:0.000, j=4:0.000, j=5:0.000, j=6:0.000, j=7:0.000, j=8:0.001, j=9:0.001, j=10:0.000, j=11:0.000, j=12:0.000, j=13:0.000, j=14:0.000, j=15:0.000, j=16:0.000, j=17:0.000, j=18:0.000, j=19:0.000, j=20:0.000, j=21:0.008, j=22:0.289, j=23:0.674, j=24:0.024
      i=25 -> j=0:0.000, j=1:0.000, j=2:0.000, j=3:0.001, j=4:0.001, j=5:0.000, j=6:0.000, j=7:0.000, j=8:0.001, j=9:0.001, j=10:0.001, j=11:0.000, j=12:0.000, j=13:0.000, j=14:0.000, j=15:0.000, j=16:0.000, j=17:0.000, j=18:0.000, j=19:0.000, j=20:0.000, j=21:0.000, j=22:0.001, j=23:0.167, j=24:0.803, j=25:0.023
      i=26 -> j=0:0.001, j=1:0.001, j=2:0.002, j=3:0.003, j=4:0.003, j=5:0.003, j=6:0.002, j=7:0.001, j=8:0.002, j=9:0.005, j=10:0.006, j=11:0.004, j=12:0.002, j=13:0.000, j=14:0.000, j=15:0.000, j=16:0.001, j=17:0.002, j=18:0.001, j=19:0.000, j=20:0.000, j=21:0.000, j=22:0.000, j=23:0.011, j=24:0.481, j=25:0.329, j=26:0.139
      i=27 -> j=0:0.001, j=1:0.001, j=2:0.000, j=3:0.000, j=4:0.002, j=5:0.002, j=6:0.002, j=7:0.000, j=8:0.000, j=9:0.001, j=10:0.001, j=11:0.002, j=12:0.002, j=13:0.000, j=14:0.000, j=15:0.000, j=16:0.000, j=17:0.001, j=18:0.002, j=19:0.000, j=20:0.000, j=21:0.000, j=22:0.000, j=23:0.000, j=24:0.023, j=25:0.169, j=26:0.650, j=27:0.140
      i=28 -> j=0:0.000, j=1:0.000, j=2:0.000, j=3:0.000, j=4:0.000, j=5:0.000, j=6:0.000, j=7:0.000, j=8:0.000, j=9:0.000, j=10:0.000, j=11:0.000, j=12:0.000, j=13:0.000, j=14:0.000, j=15:0.000, j=16:0.000, j=17:0.000, j=18:0.000, j=19:0.000, j=20:0.000, j=21:0.000, j=22:0.000, j=23:0.000, j=24:0.000, j=25:0.001, j=26:0.071, j=27:0.908, j=28:0.017
      i=29 -> j=0:0.000, j=1:0.000, j=2:0.000, j=3:0.000, j=4:0.000, j=5:0.000, j=6:0.000, j=7:0.000, j=8:0.000, j=9:0.000, j=10:0.000, j=11:0.000, j=12:0.000, j=13:0.000, j=14:0.001, j=15:0.000, j=16:0.000, j=17:0.000, j=18:0.000, j=19:0.000, j=20:0.000, j=21:0.000, j=22:0.000, j=23:0.000, j=24:0.000, j=25:0.000, j=26:0.002, j=27:0.280, j=28:0.677, j=29:0.037
      i=30 -> j=0:0.000, j=1:0.000, j=2:0.000, j=3:0.000, j=4:0.000, j=5:0.000, j=6:0.000, j=7:0.000, j=8:0.000, j=9:0.000, j=10:0.000, j=11:0.000, j=12:0.000, j=13:0.000, j=14:0.001, j=15:0.001, j=16:0.000, j=17:0.000, j=18:0.000, j=19:0.000, j=20:0.000, j=21:0.001, j=22:0.000, j=23:0.000, j=24:0.000, j=25:0.000, j=26:0.000, j=27:0.001, j=28:0.200, j=29:0.712, j=30:0.079
      i=31 -> j=0:0.000, j=1:0.001, j=2:0.001, j=3:0.001, j=4:0.001, j=5:0.001, j=6:0.001, j=7:0.001, j=8:0.003, j=9:0.004, j=10:0.001, j=11:0.000, j=12:0.000, j=13:0.000, j=14:0.001, j=15:0.003, j=16:0.001, j=17:0.000, j=18:0.000, j=19:0.000, j=20:0.000, j=21:0.001, j=22:0.001, j=23:0.000, j=24:0.000, j=25:0.000, j=26:0.000, j=27:0.001, j=28:0.060, j=29:0.600, j=30:0.242, j=31:0.076
    Average attention per distance:
      d=0:0.089, d=1:0.559, d=2:0.363, d=3:0.027

--- Layer 2 ---
  Head 0: Entropy=0.669
    Attention coefficients from each query position to previous positions:
      i= 0 -> j=0:1.000
      i= 1 -> j=0:0.735, j=1:0.265
      i= 2 -> j=0:0.412, j=1:0.564, j=2:0.024
      i= 3 -> j=0:0.005, j=1:0.167, j=2:0.744, j=3:0.084
      i= 4 -> j=0:0.000, j=1:0.000, j=2:0.027, j=3:0.926, j=4:0.047
      i= 5 -> j=0:0.000, j=1:0.000, j=2:0.001, j=3:0.353, j=4:0.482, j=5:0.165
      i= 6 -> j=0:0.000, j=1:0.000, j=2:0.000, j=3:0.003, j=4:0.046, j=5:0.783, j=6:0.168
      i= 7 -> j=0:0.000, j=1:0.000, j=2:0.000, j=3:0.000, j=4:0.000, j=5:0.047, j=6:0.928, j=7:0.024
      i= 8 -> j=0:0.000, j=1:0.000, j=2:0.000, j=3:0.000, j=4:0.000, j=5:0.004, j=6:0.519, j=7:0.379, j=8:0.098
      i= 9 -> j=0:0.000, j=1:0.000, j=2:0.000, j=3:0.000, j=4:0.000, j=5:0.000, j=6:0.002, j=7:0.128, j=8:0.736, j=9:0.133
      i=10 -> j=0:0.000, j=1:0.000, j=2:0.000, j=3:0.000, j=4:0.000, j=5:0.000, j=6:0.000, j=7:0.000, j=8:0.039, j=9:0.789, j=10:0.172
      i=11 -> j=0:0.000, j=1:0.000, j=2:0.000, j=3:0.000, j=4:0.000, j=5:0.000, j=6:0.000, j=7:0.000, j=8:0.002, j=9:0.452, j=10:0.543, j=11:0.003
      i=12 -> j=0:0.000, j=1:0.000, j=2:0.000, j=3:0.000, j=4:0.000, j=5:0.000, j=6:0.000, j=7:0.000, j=8:0.000, j=9:0.011, j=10:0.522, j=11:0.380, j=12:0.086
      i=13 -> j=0:0.000, j=1:0.000, j=2:0.000, j=3:0.000, j=4:0.000, j=5:0.000, j=6:0.000, j=7:0.000, j=8:0.000, j=9:0.000, j=10:0.004, j=11:0.042, j=12:0.933, j=13:0.020
      i=14 -> j=0:0.000, j=1:0.000, j=2:0.000, j=3:0.000, j=4:0.000, j=5:0.001, j=6:0.001, j=7:0.000, j=8:0.000, j=9:0.000, j=10:0.000, j=11:0.000, j=12:0.252, j=13:0.672, j=14:0.074
      i=15 -> j=0:0.000, j=1:0.000, j=2:0.000, j=3:0.000, j=4:0.000, j=5:0.000, j=6:0.001, j=7:0.000, j=8:0.000, j=9:0.000, j=10:0.000, j=11:0.000, j=12:0.001, j=13:0.066, j=14:0.884, j=15:0.048
      i=16 -> j=0:0.000, j=1:0.000, j=2:0.000, j=3:0.000, j=4:0.000, j=5:0.000, j=6:0.000, j=7:0.000, j=8:0.000, j=9:0.000, j=10:0.000, j=11:0.000, j=12:0.000, j=13:0.000, j=14:0.129, j=15:0.817, j=16:0.053
      i=17 -> j=0:0.000, j=1:0.000, j=2:0.000, j=3:0.000, j=4:0.000, j=5:0.000, j=6:0.000, j=7:0.000, j=8:0.000, j=9:0.000, j=10:0.000, j=11:0.000, j=12:0.000, j=13:0.000, j=14:0.000, j=15:0.103, j=16:0.853, j=17:0.042
      i=18 -> j=0:0.000, j=1:0.000, j=2:0.000, j=3:0.001, j=4:0.000, j=5:0.000, j=6:0.000, j=7:0.000, j=8:0.000, j=9:0.001, j=10:0.000, j=11:0.000, j=12:0.000, j=13:0.000, j=14:0.000, j=15:0.001, j=16:0.147, j=17:0.755, j=18:0.094
      i=19 -> j=0:0.000, j=1:0.000, j=2:0.000, j=3:0.000, j=4:0.000, j=5:0.000, j=6:0.000, j=7:0.000, j=8:0.000, j=9:0.000, j=10:0.001, j=11:0.000, j=12:0.000, j=13:0.000, j=14:0.000, j=15:0.000, j=16:0.002, j=17:0.247, j=18:0.627, j=19:0.122
      i=20 -> j=0:0.000, j=1:0.000, j=2:0.000, j=3:0.000, j=4:0.000, j=5:0.000, j=6:0.000, j=7:0.000, j=8:0.000, j=9:0.000, j=10:0.000, j=11:0.000, j=12:0.000, j=13:0.000, j=14:0.000, j=15:0.000, j=16:0.000, j=17:0.000, j=18:0.026, j=19:0.892, j=20:0.082
      i=21 -> j=0:0.000, j=1:0.000, j=2:0.000, j=3:0.000, j=4:0.000, j=5:0.000, j=6:0.000, j=7:0.000, j=8:0.000, j=9:0.000, j=10:0.000, j=11:0.000, j=12:0.000, j=13:0.000, j=14:0.000, j=15:0.000, j=16:0.000, j=17:0.000, j=18:0.000, j=19:0.042, j=20:0.860, j=21:0.098
      i=22 -> j=0:0.000, j=1:0.000, j=2:0.000, j=3:0.000, j=4:0.000, j=5:0.000, j=6:0.000, j=7:0.000, j=8:0.000, j=9:0.000, j=10:0.000, j=11:0.000, j=12:0.000, j=13:0.000, j=14:0.000, j=15:0.000, j=16:0.000, j=17:0.000, j=18:0.000, j=19:0.000, j=20:0.101, j=21:0.877, j=22:0.020
      i=23 -> j=0:0.000, j=1:0.000, j=2:0.000, j=3:0.000, j=4:0.000, j=5:0.000, j=6:0.000, j=7:0.001, j=8:0.001, j=9:0.000, j=10:0.000, j=11:0.000, j=12:0.000, j=13:0.000, j=14:0.001, j=15:0.000, j=16:0.000, j=17:0.000, j=18:0.000, j=19:0.000, j=20:0.001, j=21:0.260, j=22:0.681, j=23:0.054
      i=24 -> j=0:0.000, j=1:0.000, j=2:0.001, j=3:0.001, j=4:0.001, j=5:0.000, j=6:0.000, j=7:0.000, j=8:0.001, j=9:0.001, j=10:0.001, j=11:0.000, j=12:0.000, j=13:0.000, j=14:0.000, j=15:0.001, j=16:0.000, j=17:0.000, j=18:0.000, j=19:0.000, j=20:0.000, j=21:0.001, j=22:0.126, j=23:0.779, j=24:0.088
      i=25 -> j=0:0.001, j=1:0.001, j=2:0.001, j=3:0.001, j=4:0.002, j=5:0.003, j=6:0.001, j=7:0.000, j=8:0.001, j=9:0.005, j=10:0.004, j=11:0.001, j=12:0.000, j=13:0.000, j=14:0.000, j=15:0.000, j=16:0.001, j=17:0.001, j=18:0.000, j=19:0.000, j=20:0.000, j=21:0.000, j=22:0.011, j=23:0.531, j=24:0.373, j=25:0.060
      i=26 -> j=0:0.000, j=1:0.000, j=2:0.000, j=3:0.000, j=4:0.001, j=5:0.002, j=6:0.001, j=7:0.000, j=8:0.000, j=9:0.001, j=10:0.001, j=11:0.001, j=12:0.000, j=13:0.000, j=14:0.000, j=15:0.000, j=16:0.000, j=17:0.001, j=18:0.001, j=19:0.000, j=20:0.000, j=21:0.000, j=22:0.000, j=23:0.003, j=24:0.104, j=25:0.826, j=26:0.056
      i=27 -> j=0:0.000, j=1:0.000, j=2:0.000, j=3:0.000, j=4:0.000, j=5:0.000, j=6:0.000, j=7:0.000, j=8:0.000, j=9:0.000, j=10:0.000, j=11:0.000, j=12:0.001, j=13:0.000, j=14:0.000, j=15:0.000, j=16:0.000, j=17:0.000, j=18:0.000, j=19:0.000, j=20:0.000, j=21:0.000, j=22:0.000, j=23:0.000, j=24:0.001, j=25:0.121, j=26:0.689, j=27:0.187
      i=28 -> j=0:0.000, j=1:0.000, j=2:0.000, j=3:0.000, j=4:0.000, j=5:0.000, j=6:0.000, j=7:0.000, j=8:0.000, j=9:0.000, j=10:0.000, j=11:0.000, j=12:0.000, j=13:0.000, j=14:0.000, j=15:0.000, j=16:0.000, j=17:0.000, j=18:0.000, j=19:0.000, j=20:0.000, j=21:0.000, j=22:0.000, j=23:0.000, j=24:0.000, j=25:0.000, j=26:0.074, j=27:0.635, j=28:0.288
      i=29 -> j=0:0.000, j=1:0.000, j=2:0.000, j=3:0.000, j=4:0.000, j=5:0.000, j=6:0.000, j=7:0.000, j=8:0.000, j=9:0.001, j=10:0.000, j=11:0.000, j=12:0.000, j=13:0.000, j=14:0.000, j=15:0.000, j=16:0.000, j=17:0.000, j=18:0.000, j=19:0.000, j=20:0.000, j=21:0.000, j=22:0.000, j=23:0.000, j=24:0.000, j=25:0.000, j=26:0.001, j=27:0.042, j=28:0.806, j=29:0.147
      i=30 -> j=0:0.000, j=1:0.000, j=2:0.000, j=3:0.000, j=4:0.000, j=5:0.000, j=6:0.000, j=7:0.000, j=8:0.001, j=9:0.002, j=10:0.001, j=11:0.000, j=12:0.000, j=13:0.000, j=14:0.000, j=15:0.000, j=16:0.000, j=17:0.000, j=18:0.000, j=19:0.000, j=20:0.000, j=21:0.000, j=22:0.000, j=23:0.000, j=24:0.000, j=25:0.000, j=26:0.000, j=27:0.000, j=28:0.090, j=29:0.844, j=30:0.059
      i=31 -> j=0:0.000, j=1:0.000, j=2:0.000, j=3:0.001, j=4:0.001, j=5:0.001, j=6:0.000, j=7:0.000, j=8:0.000, j=9:0.002, j=10:0.003, j=11:0.001, j=12:0.000, j=13:0.000, j=14:0.000, j=15:0.001, j=16:0.001, j=17:0.001, j=18:0.000, j=19:0.000, j=20:0.000, j=21:0.000, j=22:0.001, j=23:0.000, j=24:0.000, j=25:0.000, j=26:0.000, j=27:0.000, j=28:0.001, j=29:0.124, j=30:0.590, j=31:0.270
    Average attention per distance:
      d=0:0.129, d=1:0.722, d=2:0.178

--- Layer 3 ---
  Head 0: Entropy=0.723
    Attention coefficients from each query position to previous positions:
      i= 0 -> j=0:1.000
      i= 1 -> j=0:0.773, j=1:0.227
      i= 2 -> j=0:0.149, j=1:0.242, j=2:0.608
      i= 3 -> j=0:0.000, j=1:0.007, j=2:0.928, j=3:0.065
      i= 4 -> j=0:0.000, j=1:0.002, j=2:0.335, j=3:0.531, j=4:0.133
      i= 5 -> j=0:0.000, j=1:0.000, j=2:0.004, j=3:0.112, j=4:0.869, j=5:0.015
      i= 6 -> j=0:0.000, j=1:0.000, j=2:0.000, j=3:0.010, j=4:0.639, j=5:0.308, j=6:0.042
      i= 7 -> j=0:0.001, j=1:0.000, j=2:0.000, j=3:0.001, j=4:0.081, j=5:0.427, j=6:0.141, j=7:0.348
      i= 8 -> j=0:0.001, j=1:0.000, j=2:0.000, j=3:0.000, j=4:0.000, j=5:0.008, j=6:0.030, j=7:0.922, j=8:0.039
      i= 9 -> j=0:0.001, j=1:0.001, j=2:0.000, j=3:0.000, j=4:0.000, j=5:0.000, j=6:0.005, j=7:0.384, j=8:0.535, j=9:0.074
      i=10 -> j=0:0.002, j=1:0.005, j=2:0.001, j=3:0.001, j=4:0.000, j=5:0.000, j=6:0.001, j=7:0.036, j=8:0.247, j=9:0.362, j=10:0.345
      i=11 -> j=0:0.000, j=1:0.000, j=2:0.000, j=3:0.000, j=4:0.000, j=5:0.000, j=6:0.000, j=7:0.000, j=8:0.001, j=9:0.031, j=10:0.537, j=11:0.431
      i=12 -> j=0:0.000, j=1:0.000, j=2:0.000, j=3:0.000, j=4:0.000, j=5:0.000, j=6:0.000, j=7:0.000, j=8:0.000, j=9:0.000, j=10:0.005, j=11:0.910, j=12:0.085
      i=13 -> j=0:0.000, j=1:0.000, j=2:0.000, j=3:0.000, j=4:0.000, j=5:0.000, j=6:0.000, j=7:0.000, j=8:0.000, j=9:0.000, j=10:0.000, j=11:0.150, j=12:0.779, j=13:0.071
      i=14 -> j=0:0.000, j=1:0.000, j=2:0.000, j=3:0.000, j=4:0.000, j=5:0.000, j=6:0.000, j=7:0.000, j=8:0.000, j=9:0.000, j=10:0.000, j=11:0.000, j=12:0.040, j=13:0.902, j=14:0.058
      i=15 -> j=0:0.000, j=1:0.000, j=2:0.000, j=3:0.000, j=4:0.000, j=5:0.000, j=6:0.000, j=7:0.000, j=8:0.000, j=9:0.000, j=10:0.000, j=11:0.000, j=12:0.000, j=13:0.103, j=14:0.776, j=15:0.121
      i=16 -> j=0:0.000, j=1:0.000, j=2:0.000, j=3:0.000, j=4:0.000, j=5:0.000, j=6:0.000, j=7:0.000, j=8:0.000, j=9:0.000, j=10:0.000, j=11:0.000, j=12:0.000, j=13:0.000, j=14:0.064, j=15:0.750, j=16:0.185
      i=17 -> j=0:0.000, j=1:0.000, j=2:0.000, j=3:0.000, j=4:0.000, j=5:0.000, j=6:0.000, j=7:0.000, j=8:0.000, j=9:0.000, j=10:0.000, j=11:0.000, j=12:0.000, j=13:0.000, j=14:0.001, j=15:0.074, j=16:0.827, j=17:0.097
      i=18 -> j=0:0.000, j=1:0.000, j=2:0.000, j=3:0.000, j=4:0.000, j=5:0.000, j=6:0.000, j=7:0.000, j=8:0.000, j=9:0.000, j=10:0.000, j=11:0.000, j=12:0.000, j=13:0.000, j=14:0.000, j=15:0.002, j=16:0.264, j=17:0.686, j=18:0.047
      i=19 -> j=0:0.000, j=1:0.000, j=2:0.000, j=3:0.000, j=4:0.000, j=5:0.000, j=6:0.000, j=7:0.000, j=8:0.000, j=9:0.000, j=10:0.000, j=11:0.000, j=12:0.000, j=13:0.000, j=14:0.000, j=15:0.000, j=16:0.002, j=17:0.256, j=18:0.532, j=19:0.210
      i=20 -> j=0:0.000, j=1:0.000, j=2:0.000, j=3:0.000, j=4:0.000, j=5:0.000, j=6:0.000, j=7:0.000, j=8:0.000, j=9:0.000, j=10:0.000, j=11:0.000, j=12:0.000, j=13:0.000, j=14:0.000, j=15:0.000, j=16:0.000, j=17:0.003, j=18:0.185, j=19:0.800, j=20:0.010
      i=21 -> j=0:0.005, j=1:0.004, j=2:0.000, j=3:0.001, j=4:0.002, j=5:0.001, j=6:0.000, j=7:0.001, j=8:0.000, j=9:0.000, j=10:0.000, j=11:0.000, j=12:0.001, j=13:0.000, j=14:0.000, j=15:0.000, j=16:0.000, j=17:0.001, j=18:0.076, j=19:0.779, j=20:0.100, j=21:0.026
      i=22 -> j=0:0.003, j=1:0.003, j=2:0.001, j=3:0.001, j=4:0.001, j=5:0.001, j=6:0.001, j=7:0.001, j=8:0.001, j=9:0.000, j=10:0.000, j=11:0.000, j=12:0.000, j=13:0.001, j=14:0.001, j=15:0.000, j=16:0.000, j=17:0.000, j=18:0.001, j=19:0.015, j=20:0.074, j=21:0.173, j=22:0.724
      i=23 -> j=0:0.000, j=1:0.001, j=2:0.000, j=3:0.000, j=4:0.000, j=5:0.000, j=6:0.000, j=7:0.000, j=8:0.000, j=9:0.000, j=10:0.000, j=11:0.000, j=12:0.000, j=13:0.000, j=14:0.000, j=15:0.000, j=16:0.000, j=17:0.000, j=18:0.000, j=19:0.000, j=20:0.001, j=21:0.009, j=22:0.481, j=23:0.507
      i=24 -> j=0:0.000, j=1:0.000, j=2:0.000, j=3:0.001, j=4:0.000, j=5:0.000, j=6:0.000, j=7:0.000, j=8:0.000, j=9:0.000, j=10:0.000, j=11:0.000, j=12:0.000, j=13:0.000, j=14:0.000, j=15:0.000, j=16:0.000, j=17:0.000, j=18:0.000, j=19:0.000, j=20:0.000, j=21:0.000, j=22:0.026, j=23:0.388, j=24:0.583
      i=25 -> j=0:0.000, j=1:0.000, j=2:0.000, j=3:0.000, j=4:0.000, j=5:0.000, j=6:0.000, j=7:0.000, j=8:0.000, j=9:0.000, j=10:0.000, j=11:0.000, j=12:0.000, j=13:0.000, j=14:0.000, j=15:0.000, j=16:0.000, j=17:0.000, j=18:0.000, j=19:0.000, j=20:0.000, j=21:0.000, j=22:0.000, j=23:0.008, j=24:0.519, j=25:0.472
      i=26 -> j=0:0.000, j=1:0.000, j=2:0.000, j=3:0.000, j=4:0.000, j=5:0.000, j=6:0.000, j=7:0.000, j=8:0.000, j=9:0.000, j=10:0.000, j=11:0.000, j=12:0.000, j=13:0.000, j=14:0.000, j=15:0.000, j=16:0.000, j=17:0.000, j=18:0.000, j=19:0.000, j=20:0.000, j=21:0.000, j=22:0.000, j=23:0.000, j=24:0.019, j=25:0.675, j=26:0.306
      i=27 -> j=0:0.000, j=1:0.000, j=2:0.000, j=3:0.000, j=4:0.000, j=5:0.000, j=6:0.000, j=7:0.000, j=8:0.000, j=9:0.000, j=10:0.000, j=11:0.000, j=12:0.000, j=13:0.000, j=14:0.000, j=15:0.000, j=16:0.000, j=17:0.000, j=18:0.000, j=19:0.000, j=20:0.000, j=21:0.000, j=22:0.000, j=23:0.000, j=24:0.001, j=25:0.138, j=26:0.853, j=27:0.008
      i=28 -> j=0:0.001, j=1:0.001, j=2:0.001, j=3:0.000, j=4:0.001, j=5:0.001, j=6:0.001, j=7:0.001, j=8:0.001, j=9:0.000, j=10:0.001, j=11:0.001, j=12:0.001, j=13:0.001, j=14:0.000, j=15:0.000, j=16:0.000, j=17:0.000, j=18:0.000, j=19:0.001, j=20:0.000, j=21:0.000, j=22:0.000, j=23:0.000, j=24:0.000, j=25:0.016, j=26:0.544, j=27:0.170, j=28:0.258
      i=29 -> j=0:0.001, j=1:0.001, j=2:0.001, j=3:0.001, j=4:0.001, j=5:0.001, j=6:0.001, j=7:0.002, j=8:0.001, j=9:0.001, j=10:0.001, j=11:0.001, j=12:0.001, j=13:0.002, j=14:0.002, j=15:0.001, j=16:0.000, j=17:0.000, j=18:0.000, j=19:0.001, j=20:0.001, j=21:0.001, j=22:0.000, j=23:0.000, j=24:0.000, j=25:0.000, j=26:0.006, j=27:0.083, j=28:0.552, j=29:0.336
      i=30 -> j=0:0.000, j=1:0.000, j=2:0.000, j=3:0.000, j=4:0.000, j=5:0.000, j=6:0.000, j=7:0.000, j=8:0.000, j=9:0.000, j=10:0.000, j=11:0.000, j=12:0.000, j=13:0.000, j=14:0.000, j=15:0.001, j=16:0.000, j=17:0.000, j=18:0.000, j=19:0.000, j=20:0.000, j=21:0.000, j=22:0.000, j=23:0.000, j=24:0.000, j=25:0.000, j=26:0.000, j=27:0.001, j=28:0.046, j=29:0.514, j=30:0.433
      i=31 -> j=0:0.000, j=1:0.000, j=2:0.000, j=3:0.000, j=4:0.000, j=5:0.000, j=6:0.000, j=7:0.000, j=8:0.000, j=9:0.000, j=10:0.000, j=11:0.000, j=12:0.000, j=13:0.000, j=14:0.000, j=15:0.000, j=16:0.000, j=17:0.000, j=18:0.000, j=19:0.000, j=20:0.000, j=21:0.000, j=22:0.000, j=23:0.000, j=24:0.000, j=25:0.000, j=26:0.000, j=27:0.000, j=28:0.000, j=29:0.035, j=30:0.886, j=31:0.076
    Average attention per distance:
      d=0:0.248, d=1:0.594, d=2:0.175


======================================================================
QK Property Verification (Raw Scores, before Softmax)
======================================================================
Recurrence order init_len=2, num test sequences=1

--- [P1] Long-distance Orthogonality Verification ---
Ideal: raw_score mean ≈ 0 and small std when d > init_len

  Layer 0, Head 0:
    d= 1 (effective): mean=  2.957, std= 0.750, n=31
    d= 2 (effective): mean=  2.455, std= 0.695, n=30
    d>2 (long-distance): mean= -0.782, std= 1.389, n=435

  Layer 1, Head 0:
    d= 1 (effective): mean=  7.308, std= 1.569, n=31
    d= 2 (effective): mean=  6.866, std= 1.354, n=30
    d>2 (long-distance): mean= -0.881, std= 2.104, n=435

  Layer 2, Head 0:
    d= 1 (effective): mean=  8.293, std= 1.320, n=31
    d= 2 (effective): mean=  6.588, std= 1.017, n=30
    d>2 (long-distance): mean= -1.345, std= 2.364, n=435

  Layer 3, Head 0:
    d= 1 (effective): mean=  8.059, std= 2.287, n=31
    d= 2 (effective): mean=  6.253, std= 1.514, n=30
    d>2 (long-distance): mean= -1.145, std= 1.804, n=435

--- [P2] Time-homogeneous Verification ---
Ideal: CV of raw_score across positions i ≈ 0 for fixed distance d
(CV = std / |mean|, smaller = more constant)

  Layer 0, Head 0:
    d= 1: mean=  2.957, std= 0.750, CV=0.254, n=31
    d= 2: mean=  2.455, std= 0.695, CV=0.283, n=30

  Layer 1, Head 0:
    d= 1: mean=  7.308, std= 1.569, CV=0.215, n=31
    d= 2: mean=  6.866, std= 1.354, CV=0.197, n=30

  Layer 2, Head 0:
    d= 1: mean=  8.293, std= 1.320, CV=0.159, n=31
    d= 2: mean=  6.588, std= 1.017, CV=0.154, n=30

  Layer 3, Head 0:
    d= 1: mean=  8.059, std= 2.287, CV=0.284, n=31
    d= 2: mean=  6.253, std= 1.514, CV=0.242, n=30

======================================================================
QK Property Verification Completed
======================================================================
