=== Experiment: mixed_basic_d2048l4_r16_n3_e50 ===
Time: 2026-06-26T16:17:02.771391
Task type: mixed_ab
Merged config: {
  "P": 53,
  "TASK": "mixed_ab",
  "NUM_MASK": 0,
  "A": 1,
  "B": 1,
  "AB_PAIRS": [
    [
      1,
      1
    ],
    [
      1,
      2
    ],
    [
      1,
      3
    ]
  ],
  "D_MODEL": 2048,
  "N_HEAD": 1,
  "N_LAYER": 4,
  "BATCH_SIZE": 128,
  "EPOCHS": 10000,
  "LR": 0.0003,
  "SAVE_PATH": "models/mixed_basic_d2048l4_r16_n3_e50.pth",
  "USE_GREEDY_GENERATE": true,
  "USE_LEARNABLE_PE": false,
  "MLP_RATIO": 16,
  "TRAIN_LEN": 16,
  "OOD_LEN": 32,
  "DROPOUT": 0.0,
  "TARGET_INIT_COVERAGE": 0.5,
  "MAX_UNIQUE_RATIO": 0.5,
  "WEIGHT_DECAY": 1,
  "ENTROPY_PENALTY_WEIGHT": 0.0,
  "FIRST_TASK_WEIGHT": 1.0,
  "RANDOM_SEED": 42,
  "EVAL_INTERVAL": 20,
  "EARLY_STOP_NO_IMPROVE": 1000,
  "EARLY_STOP_ACCURACY": 0.99,
  "USE_AB_TAG": false,
  "USE_CONDITIONAL_WTE": false,
  "COND_WTE_SHARED_RATIO": 0.0,
  "MIXED_AB_MAX_UNIQUE_RATIOS": [
    0.5,
    0.5,
    0.5
  ],
  "SKIP_FINAL_GENERATION_TEST": true
}
--- output ---
Using device: cuda

[Dataset] Mixed mode: generated 4212 + 4215 samples, length 16
AB parameter pairs: [(1, 1), (1, 2), (1, 3)]
  - AB=(1,1): train 1404 | test 1405 | exposed ~50.0%
  - AB=(1,2): train 1404 | test 1405 | exposed ~50.0%
  - AB=(1,3): train 1404 | test 1405 | exposed ~50.0%
--------------------------------------------------
[Model config] block_size: 32, train length: 16
[Number theory] AB parameter pairs: [(1, 1), (1, 2), (1, 3)]


Model parameters: 606.41M

Start training...
Epoch   0 | Train: Loss=5.1239 Acc=2.4% | Test: Acc=1.2% | Best=1.2%(@0)
  from x3: 0.01 0.01 0.01 0.01 0.01 0.01 0.01 0.01 0.01 0.01 0.01 0.01 0.01
  per-rule acc: 0.01 0.01 0.01
Epoch  20 | Train: Loss=1.6464 Acc=67.1% | Test: Acc=1.4% | Best=1.4%(@20)
  from x3: 0.01 0.02 0.02 0.01 0.01 0.01 0.01 0.02 0.01 0.01 0.01 0.01 0.01
  per-rule acc: 0.02 0.01 0.01
Epoch  40 | Train: Loss=0.4473 Acc=89.0% | Test: Acc=1.6% | Best=1.6%(@40)
  from x3: 0.02 0.02 0.02 0.02 0.02 0.02 0.02 0.01 0.01 0.02 0.02 0.02 0.02
  per-rule acc: 0.02 0.02 0.01
Epoch  60 | Train: Loss=0.3102 Acc=91.8% | Test: Acc=1.6% | Best=1.6%(@40)
  from x3: 0.02 0.02 0.02 0.01 0.02 0.02 0.02 0.02 0.02 0.02 0.02 0.01 0.01
  per-rule acc: 0.02 0.01 0.02
Epoch  80 | Train: Loss=0.1904 Acc=95.0% | Test: Acc=1.7% | Best=1.7%(@80)
  from x3: 0.02 0.02 0.02 0.02 0.02 0.01 0.02 0.02 0.02 0.02 0.02 0.02 0.02
  per-rule acc: 0.02 0.02 0.01
Epoch 100 | Train: Loss=0.1072 Acc=97.1% | Test: Acc=1.7% | Best=1.7%(@80)
  from x3: 0.02 0.02 0.02 0.02 0.02 0.02 0.02 0.01 0.02 0.02 0.02 0.02 0.02
  per-rule acc: 0.02 0.02 0.01
Epoch 120 | Train: Loss=0.0570 Acc=98.6% | Test: Acc=1.7% | Best=1.7%(@80)
  from x3: 0.02 0.02 0.02 0.02 0.01 0.02 0.02 0.02 0.02 0.02 0.02 0.02 0.02
  per-rule acc: 0.02 0.02 0.01
Epoch 140 | Train: Loss=0.0481 Acc=98.9% | Test: Acc=1.7% | Best=1.7%(@80)
  from x3: 0.02 0.02 0.02 0.02 0.02 0.02 0.02 0.02 0.02 0.02 0.02 0.02 0.02
  per-rule acc: 0.02 0.02 0.01
Epoch 160 | Train: Loss=0.0032 Acc=99.9% | Test: Acc=2.0% | Best=2.0%(@160)
  from x3: 0.03 0.02 0.02 0.02 0.02 0.02 0.02 0.02 0.02 0.02 0.02 0.02 0.02
  per-rule acc: 0.02 0.02 0.02
Epoch 180 | Train: Loss=4.5394 Acc=2.1% | Test: Acc=1.8% | Best=2.0%(@160)
  from x3: 0.02 0.02 0.02 0.02 0.02 0.02 0.02 0.02 0.02 0.02 0.02 0.02 0.02
  per-rule acc: 0.02 0.02 0.02
Epoch 200 | Train: Loss=4.4207 Acc=4.3% | Test: Acc=1.4% | Best=2.0%(@160)
  from x3: 0.02 0.02 0.01 0.01 0.02 0.01 0.01 0.01 0.01 0.01 0.01 0.01 0.01
  per-rule acc: 0.02 0.01 0.01
Epoch 220 | Train: Loss=0.5134 Acc=89.1% | Test: Acc=1.9% | Best=2.0%(@160)
  from x3: 0.02 0.02 0.02 0.02 0.02 0.02 0.02 0.02 0.02 0.02 0.02 0.02 0.02
  per-rule acc: 0.02 0.02 0.02
Epoch 240 | Train: Loss=0.0060 Acc=99.9% | Test: Acc=2.1% | Best=2.1%(@240)
  from x3: 0.02 0.02 0.02 0.02 0.02 0.02 0.02 0.02 0.02 0.02 0.02 0.02 0.02
  per-rule acc: 0.03 0.02 0.02
Epoch 260 | Train: Loss=0.0060 Acc=99.9% | Test: Acc=2.2% | Best=2.2%(@260)
  from x3: 0.02 0.02 0.02 0.02 0.02 0.02 0.02 0.02 0.02 0.02 0.02 0.02 0.02
  per-rule acc: 0.03 0.02 0.02
Epoch 280 | Train: Loss=0.0318 Acc=99.5% | Test: Acc=2.0% | Best=2.2%(@260)
  from x3: 0.02 0.02 0.02 0.02 0.02 0.02 0.02 0.02 0.02 0.02 0.02 0.02 0.02
  per-rule acc: 0.03 0.01 0.01
Epoch 300 | Train: Loss=0.0394 Acc=99.3% | Test: Acc=2.2% | Best=2.2%(@300)
  from x3: 0.02 0.02 0.02 0.02 0.02 0.02 0.02 0.02 0.02 0.02 0.02 0.02 0.02
  per-rule acc: 0.04 0.01 0.01
Epoch 320 | Train: Loss=0.0305 Acc=99.4% | Test: Acc=2.1% | Best=2.2%(@300)
  from x3: 0.02 0.02 0.02 0.02 0.02 0.02 0.02 0.02 0.02 0.02 0.02 0.02 0.02
  per-rule acc: 0.03 0.01 0.01
Epoch 340 | Train: Loss=0.0156 Acc=99.7% | Test: Acc=2.1% | Best=2.2%(@300)
  from x3: 0.02 0.02 0.02 0.02 0.02 0.02 0.02 0.02 0.02 0.02 0.02 0.02 0.02
  per-rule acc: 0.03 0.02 0.01
Epoch 360 | Train: Loss=0.0201 Acc=99.6% | Test: Acc=2.0% | Best=2.2%(@300)
  from x3: 0.02 0.02 0.02 0.02 0.02 0.02 0.02 0.02 0.02 0.02 0.02 0.02 0.02
  per-rule acc: 0.04 0.02 0.01
Epoch 380 | Train: Loss=0.0022 Acc=99.9% | Test: Acc=2.3% | Best=2.3%(@380)
  from x3: 0.02 0.02 0.02 0.02 0.02 0.02 0.03 0.02 0.02 0.02 0.02 0.02 0.02
  per-rule acc: 0.04 0.02 0.01
Epoch 400 | Train: Loss=2.5986 Acc=47.1% | Test: Acc=3.6% | Best=3.6%(@400)
  from x3: 0.04 0.04 0.04 0.04 0.04 0.04 0.04 0.04 0.04 0.04 0.04 0.04 0.04
  per-rule acc: 0.07 0.02 0.01
Epoch 420 | Train: Loss=0.0026 Acc=99.9% | Test: Acc=3.9% | Best=3.9%(@420)
  from x3: 0.04 0.04 0.04 0.04 0.04 0.04 0.04 0.04 0.04 0.04 0.04 0.04 0.04
  per-rule acc: 0.08 0.02 0.02
Epoch 440 | Train: Loss=0.0097 Acc=99.8% | Test: Acc=4.1% | Best=4.1%(@440)
  from x3: 0.04 0.04 0.04 0.04 0.04 0.04 0.04 0.04 0.04 0.04 0.04 0.04 0.04
  per-rule acc: 0.08 0.03 0.02
Epoch 460 | Train: Loss=0.0027 Acc=99.9% | Test: Acc=4.1% | Best=4.1%(@460)
  from x3: 0.04 0.04 0.04 0.04 0.04 0.04 0.04 0.04 0.04 0.04 0.04 0.04 0.04
  per-rule acc: 0.08 0.03 0.02
Epoch 480 | Train: Loss=0.0396 Acc=99.8% | Test: Acc=4.0% | Best=4.1%(@460)
  from x3: 0.04 0.04 0.04 0.04 0.04 0.04 0.04 0.04 0.04 0.04 0.04 0.04 0.04
  per-rule acc: 0.08 0.03 0.02
Epoch 500 | Train: Loss=0.0026 Acc=99.9% | Test: Acc=4.1% | Best=4.1%(@460)
  from x3: 0.04 0.04 0.04 0.04 0.04 0.04 0.04 0.04 0.04 0.04 0.04 0.04 0.04
  per-rule acc: 0.08 0.03 0.02
Epoch 520 | Train: Loss=0.0204 Acc=99.6% | Test: Acc=4.2% | Best=4.2%(@520)
  from x3: 0.04 0.04 0.04 0.04 0.04 0.04 0.04 0.04 0.04 0.04 0.04 0.04 0.04
  per-rule acc: 0.08 0.03 0.01
Epoch 540 | Train: Loss=0.0023 Acc=99.9% | Test: Acc=3.7% | Best=4.2%(@520)
  from x3: 0.04 0.04 0.04 0.04 0.04 0.04 0.04 0.04 0.04 0.04 0.04 0.04 0.04
  per-rule acc: 0.07 0.02 0.02
Epoch 560 | Train: Loss=0.0025 Acc=99.9% | Test: Acc=3.9% | Best=4.2%(@520)
  from x3: 0.04 0.04 0.04 0.04 0.04 0.04 0.04 0.04 0.04 0.04 0.04 0.04 0.04
  per-rule acc: 0.08 0.03 0.02
Epoch 580 | Train: Loss=0.0025 Acc=99.9% | Test: Acc=3.7% | Best=4.2%(@520)
  from x3: 0.03 0.04 0.04 0.04 0.04 0.04 0.04 0.04 0.04 0.04 0.04 0.04 0.04
  per-rule acc: 0.06 0.03 0.02
Epoch 600 | Train: Loss=0.0078 Acc=99.8% | Test: Acc=4.1% | Best=4.2%(@520)
  from x3: 0.04 0.04 0.04 0.04 0.04 0.04 0.04 0.04 0.04 0.04 0.04 0.04 0.04
  per-rule acc: 0.08 0.03 0.02
Epoch 620 | Train: Loss=0.0029 Acc=99.9% | Test: Acc=3.8% | Best=4.2%(@520)
  from x3: 0.04 0.04 0.04 0.04 0.04 0.04 0.04 0.04 0.04 0.04 0.04 0.04 0.04
  per-rule acc: 0.07 0.03 0.01
Epoch 640 | Train: Loss=0.0023 Acc=99.9% | Test: Acc=3.0% | Best=4.2%(@520)
  from x3: 0.03 0.03 0.03 0.03 0.03 0.03 0.03 0.03 0.03 0.03 0.03 0.03 0.03
  per-rule acc: 0.05 0.02 0.02
Epoch 660 | Train: Loss=0.0020 Acc=99.9% | Test: Acc=3.0% | Best=4.2%(@520)
  from x3: 0.03 0.03 0.03 0.03 0.03 0.03 0.03 0.03 0.03 0.03 0.03 0.03 0.03
  per-rule acc: 0.05 0.03 0.02
Epoch 680 | Train: Loss=2.5965 Acc=48.9% | Test: Acc=2.1% | Best=4.2%(@520)
  from x3: 0.02 0.02 0.02 0.02 0.02 0.02 0.02 0.02 0.02 0.02 0.02 0.02 0.02
  per-rule acc: 0.03 0.02 0.02
Epoch 700 | Train: Loss=0.0020 Acc=99.9% | Test: Acc=3.4% | Best=4.2%(@520)
  from x3: 0.03 0.04 0.03 0.03 0.03 0.03 0.03 0.03 0.03 0.03 0.03 0.03 0.03
  per-rule acc: 0.05 0.03 0.02
Epoch 720 | Train: Loss=0.0124 Acc=99.8% | Test: Acc=4.0% | Best=4.2%(@520)
  from x3: 0.03 0.04 0.04 0.04 0.04 0.04 0.04 0.04 0.04 0.04 0.04 0.04 0.04
  per-rule acc: 0.07 0.03 0.02
Epoch 740 | Train: Loss=0.0022 Acc=99.9% | Test: Acc=2.8% | Best=4.2%(@520)
  from x3: 0.03 0.03 0.03 0.03 0.03 0.03 0.03 0.03 0.03 0.03 0.03 0.03 0.03
  per-rule acc: 0.04 0.03 0.02
Epoch 760 | Train: Loss=0.0045 Acc=99.9% | Test: Acc=3.5% | Best=4.2%(@520)
  from x3: 0.03 0.04 0.04 0.04 0.04 0.04 0.04 0.03 0.03 0.03 0.04 0.04 0.03
  per-rule acc: 0.06 0.03 0.02
Epoch 780 | Train: Loss=0.0023 Acc=99.9% | Test: Acc=3.0% | Best=4.2%(@520)
  from x3: 0.03 0.03 0.03 0.03 0.03 0.03 0.03 0.03 0.03 0.03 0.03 0.03 0.03
  per-rule acc: 0.04 0.03 0.02
Epoch 800 | Train: Loss=0.0018 Acc=99.9% | Test: Acc=3.5% | Best=4.2%(@520)
  from x3: 0.03 0.04 0.03 0.03 0.04 0.04 0.04 0.04 0.03 0.03 0.03 0.03 0.03
  per-rule acc: 0.06 0.03 0.02
Epoch 820 | Train: Loss=0.1583 Acc=99.4% | Test: Acc=3.6% | Best=4.2%(@520)
  from x3: 0.04 0.04 0.04 0.04 0.04 0.03 0.03 0.03 0.03 0.03 0.04 0.03 0.04
  per-rule acc: 0.07 0.03 0.01
Epoch 840 | Train: Loss=0.0020 Acc=99.9% | Test: Acc=3.3% | Best=4.2%(@520)
  from x3: 0.03 0.04 0.03 0.03 0.03 0.03 0.03 0.03 0.03 0.03 0.03 0.03 0.03
  per-rule acc: 0.05 0.04 0.02
Epoch 860 | Train: Loss=0.0090 Acc=99.8% | Test: Acc=3.1% | Best=4.2%(@520)
  from x3: 0.03 0.03 0.03 0.03 0.03 0.03 0.03 0.03 0.03 0.03 0.03 0.03 0.03
  per-rule acc: 0.05 0.03 0.01
Epoch 880 | Train: Loss=0.0022 Acc=99.9% | Test: Acc=2.8% | Best=4.2%(@520)
  from x3: 0.02 0.03 0.03 0.03 0.03 0.03 0.03 0.03 0.03 0.03 0.03 0.03 0.03
  per-rule acc: 0.04 0.03 0.02
Epoch 900 | Train: Loss=0.0048 Acc=99.9% | Test: Acc=3.4% | Best=4.2%(@520)
  from x3: 0.03 0.04 0.04 0.03 0.03 0.03 0.03 0.03 0.03 0.03 0.03 0.03 0.03
  per-rule acc: 0.06 0.03 0.02
Epoch 920 | Train: Loss=0.0020 Acc=99.9% | Test: Acc=2.9% | Best=4.2%(@520)
  from x3: 0.03 0.03 0.03 0.03 0.03 0.03 0.03 0.03 0.03 0.03 0.03 0.03 0.03
  per-rule acc: 0.04 0.03 0.02
Epoch 940 | Train: Loss=0.0094 Acc=99.8% | Test: Acc=3.3% | Best=4.2%(@520)
  from x3: 0.03 0.03 0.03 0.03 0.03 0.03 0.03 0.03 0.03 0.03 0.03 0.03 0.03
  per-rule acc: 0.06 0.02 0.01
Epoch 960 | Train: Loss=0.0023 Acc=99.9% | Test: Acc=3.0% | Best=4.2%(@520)
  from x3: 0.02 0.03 0.03 0.03 0.03 0.03 0.03 0.03 0.03 0.03 0.03 0.03 0.03
  per-rule acc: 0.04 0.03 0.02
Epoch 980 | Train: Loss=0.0101 Acc=99.8% | Test: Acc=3.2% | Best=4.2%(@520)
  from x3: 0.03 0.03 0.03 0.03 0.03 0.03 0.03 0.03 0.03 0.03 0.03 0.03 0.03
  per-rule acc: 0.05 0.02 0.02
Epoch 1000 | Train: Loss=0.0022 Acc=99.9% | Test: Acc=2.5% | Best=4.2%(@520)
  from x3: 0.03 0.03 0.02 0.03 0.03 0.03 0.03 0.03 0.02 0.02 0.02 0.02 0.02
  per-rule acc: 0.04 0.02 0.02
Epoch 1020 | Train: Loss=0.0017 Acc=99.9% | Test: Acc=2.9% | Best=4.2%(@520)
  from x3: 0.03 0.03 0.03 0.03 0.03 0.03 0.03 0.03 0.03 0.03 0.03 0.03 0.03
  per-rule acc: 0.04 0.03 0.02
Epoch 1040 | Train: Loss=0.0559 Acc=99.8% | Test: Acc=3.0% | Best=4.2%(@520)
  from x3: 0.03 0.03 0.03 0.03 0.03 0.03 0.03 0.03 0.03 0.03 0.03 0.03 0.03
  per-rule acc: 0.05 0.03 0.01
Epoch 1060 | Train: Loss=0.0018 Acc=99.9% | Test: Acc=2.7% | Best=4.2%(@520)
  from x3: 0.03 0.03 0.03 0.03 0.03 0.03 0.03 0.03 0.03 0.03 0.03 0.03 0.03
  per-rule acc: 0.03 0.03 0.02
Epoch 1080 | Train: Loss=2.2047 Acc=66.8% | Test: Acc=3.1% | Best=4.2%(@520)
  from x3: 0.03 0.03 0.03 0.03 0.03 0.03 0.03 0.03 0.03 0.03 0.03 0.03 0.03
  per-rule acc: 0.06 0.02 0.01
Epoch 1100 | Train: Loss=0.0020 Acc=99.9% | Test: Acc=3.0% | Best=4.2%(@520)
  from x3: 0.03 0.03 0.03 0.03 0.03 0.03 0.03 0.03 0.03 0.03 0.03 0.03 0.03
  per-rule acc: 0.04 0.03 0.02
Epoch 1120 | Train: Loss=0.0108 Acc=99.8% | Test: Acc=3.1% | Best=4.2%(@520)
  from x3: 0.03 0.03 0.03 0.03 0.03 0.03 0.03 0.03 0.03 0.03 0.03 0.03 0.03
  per-rule acc: 0.05 0.02 0.02
Epoch 1140 | Train: Loss=0.0022 Acc=99.9% | Test: Acc=2.7% | Best=4.2%(@520)
  from x3: 0.03 0.03 0.03 0.03 0.03 0.03 0.03 0.03 0.03 0.03 0.03 0.03 0.03
  per-rule acc: 0.03 0.03 0.02
Epoch 1160 | Train: Loss=0.0048 Acc=99.9% | Test: Acc=3.0% | Best=4.2%(@520)
  from x3: 0.03 0.03 0.03 0.03 0.03 0.03 0.03 0.03 0.03 0.03 0.03 0.03 0.03
  per-rule acc: 0.04 0.03 0.02
Epoch 1180 | Train: Loss=0.0024 Acc=99.9% | Test: Acc=2.5% | Best=4.2%(@520)
  from x3: 0.03 0.03 0.02 0.02 0.02 0.03 0.03 0.03 0.03 0.03 0.03 0.02 0.02
  per-rule acc: 0.03 0.02 0.02
Epoch 1200 | Train: Loss=0.0031 Acc=99.9% | Test: Acc=2.7% | Best=4.2%(@520)
  from x3: 0.03 0.03 0.03 0.03 0.03 0.03 0.03 0.03 0.03 0.03 0.03 0.03 0.02
  per-rule acc: 0.04 0.03 0.02
Epoch 1220 | Train: Loss=0.0025 Acc=99.9% | Test: Acc=2.5% | Best=4.2%(@520)
  from x3: 0.03 0.03 0.03 0.03 0.03 0.03 0.03 0.02 0.02 0.03 0.02 0.02 0.02
  per-rule acc: 0.03 0.02 0.02
Epoch 1240 | Train: Loss=0.0019 Acc=99.9% | Test: Acc=2.8% | Best=4.2%(@520)
  from x3: 0.03 0.03 0.03 0.03 0.03 0.03 0.03 0.03 0.03 0.03 0.03 0.03 0.03
  per-rule acc: 0.04 0.03 0.02
Epoch 1260 | Train: Loss=0.0095 Acc=99.8% | Test: Acc=3.1% | Best=4.2%(@520)
  from x3: 0.03 0.03 0.03 0.03 0.03 0.03 0.03 0.03 0.03 0.03 0.03 0.03 0.03
  per-rule acc: 0.05 0.03 0.01
Epoch 1280 | Train: Loss=0.0035 Acc=99.9% | Test: Acc=2.6% | Best=4.2%(@520)
  from x3: 0.03 0.03 0.03 0.03 0.03 0.03 0.03 0.03 0.02 0.03 0.03 0.03 0.03
  per-rule acc: 0.04 0.02 0.01
Epoch 1300 | Train: Loss=0.0025 Acc=99.9% | Test: Acc=2.5% | Best=4.2%(@520)
  from x3: 0.02 0.02 0.02 0.02 0.02 0.02 0.02 0.02 0.03 0.02 0.02 0.03 0.03
  per-rule acc: 0.03 0.03 0.02
Epoch 1320 | Train: Loss=0.0111 Acc=99.9% | Test: Acc=2.9% | Best=4.2%(@520)
  from x3: 0.03 0.03 0.03 0.03 0.03 0.03 0.03 0.03 0.03 0.03 0.03 0.03 0.03
  per-rule acc: 0.04 0.03 0.02
Epoch 1340 | Train: Loss=0.0023 Acc=99.9% | Test: Acc=2.6% | Best=4.2%(@520)
  from x3: 0.02 0.02 0.03 0.03 0.03 0.03 0.03 0.03 0.03 0.03 0.03 0.03 0.03
  per-rule acc: 0.02 0.03 0.02
Epoch 1360 | Train: Loss=0.0136 Acc=99.7% | Test: Acc=2.8% | Best=4.2%(@520)
  from x3: 0.03 0.03 0.03 0.03 0.03 0.03 0.03 0.03 0.03 0.03 0.03 0.03 0.03
  per-rule acc: 0.04 0.03 0.01
Epoch 1380 | Train: Loss=0.0023 Acc=99.9% | Test: Acc=2.7% | Best=4.2%(@520)
  from x3: 0.03 0.03 0.03 0.03 0.03 0.03 0.03 0.03 0.03 0.03 0.03 0.03 0.03
  per-rule acc: 0.03 0.03 0.02
Epoch 1400 | Train: Loss=0.0072 Acc=99.8% | Test: Acc=2.7% | Best=4.2%(@520)
  from x3: 0.03 0.03 0.03 0.03 0.03 0.03 0.03 0.03 0.03 0.03 0.03 0.03 0.03
  per-rule acc: 0.04 0.03 0.01
Epoch 1420 | Train: Loss=0.0024 Acc=99.9% | Test: Acc=2.5% | Best=4.2%(@520)
  from x3: 0.02 0.02 0.03 0.02 0.02 0.02 0.02 0.02 0.02 0.02 0.02 0.03 0.03
  per-rule acc: 0.02 0.03 0.02
Epoch 1440 | Train: Loss=0.0034 Acc=99.9% | Test: Acc=2.8% | Best=4.2%(@520)
  from x3: 0.03 0.03 0.03 0.03 0.03 0.03 0.03 0.03 0.03 0.03 0.03 0.03 0.03
  per-rule acc: 0.04 0.03 0.02
Epoch 1460 | Train: Loss=0.0023 Acc=99.9% | Test: Acc=2.4% | Best=4.2%(@520)
  from x3: 0.03 0.02 0.02 0.02 0.02 0.02 0.02 0.02 0.02 0.02 0.02 0.02 0.02
  per-rule acc: 0.03 0.03 0.02
Epoch 1480 | Train: Loss=0.0300 Acc=99.6% | Test: Acc=2.7% | Best=4.2%(@520)
  from x3: 0.03 0.03 0.03 0.03 0.03 0.03 0.03 0.03 0.03 0.03 0.03 0.03 0.03
  per-rule acc: 0.04 0.03 0.02
Epoch 1500 | Train: Loss=0.0021 Acc=99.9% | Test: Acc=2.7% | Best=4.2%(@520)
  from x3: 0.03 0.03 0.03 0.03 0.03 0.03 0.03 0.03 0.03 0.03 0.03 0.03 0.03
  per-rule acc: 0.03 0.04 0.02
Epoch 1520 | Train: Loss=0.0174 Acc=99.9% | Test: Acc=3.0% | Best=4.2%(@520)
  from x3: 0.03 0.03 0.03 0.03 0.03 0.03 0.03 0.03 0.03 0.03 0.03 0.03 0.03
  per-rule acc: 0.04 0.03 0.02
[Early stop] No improvement for 1000 consecutive epochs

==================================================
Saving model...
[OK] Model saved to: /home/cxm/ai/test0627-multitask-overlap/models/mixed_basic_d2048l4_r16_n3_e50.pth
  File size: 2368820.7 KB
  Best test accuracy: 4.18%

==================================================
Final generation test (given first two items, AB generates 3rd as prompt, validate from 4th)
==================================================

--- AB pair 1: (1, 1) ---

--- Statistics for AB=(1,1) ---
Exposed    samples:  1404 | In-dist: 17950/18252 ( 98.3%) | OOD: 21835/22464 ( 97.2%)
Unexposed  samples:  1405 | In-dist:  8139/18265 ( 44.6%) | OOD: 11050/22480 ( 49.2%)

--- AB pair 2: (1, 2) ---

--- Statistics for AB=(1,2) ---
Exposed    samples:  1404 | In-dist: 18020/18252 ( 98.7%) | OOD: 22098/22464 ( 98.4%)
Unexposed  samples:  1405 | In-dist:  4674/18265 ( 25.6%) | OOD:  7000/22480 ( 31.1%)

--- AB pair 3: (1, 3) ---

--- Statistics for AB=(1,3) ---
Exposed    samples:  1404 | In-dist: 18011/18252 ( 98.7%) | OOD: 22132/22464 ( 98.5%)
Unexposed  samples:  1405 | In-dist:  3876/18265 ( 21.2%) | OOD:  5770/22480 ( 25.7%)

--- Return code: 0 ---

======================================================================
Attention Analysis
======================================================================
Model config: addition (default), p=53
Best test accuracy: 0.041846883839766404
Training epochs: 1520

Random test sequence 1/5 (length 32): [7, 26, 33, 6, 39, 45, 31, 23, 1, 24, 25, 49, 21, 17, 38, 2, 40, 42, 29, 18]...

======================================================================
Attention Layer Training Result Summary
======================================================================
Input sequence: [7, 26, 33, 6, 39, 45, 31, 23, 1, 24, 25, 49, 21, 17, 38, 2, 40, 42, 29, 18, 47, 12, 6, 18, 24, 42, 13, 2, 15, 17, 32, 49]

--- Layer 0 ---
  Head 0: Entropy=1.773
    Attention coefficients from each query position to previous positions:
      i= 0 -> j=0:1.000
      i= 1 -> j=0:0.610, j=1:0.390
      i= 2 -> j=0:0.320, j=1:0.416, j=2:0.264
      i= 3 -> j=0:0.113, j=1:0.270, j=2:0.366, j=3:0.251
      i= 4 -> j=0:0.033, j=1:0.103, j=2:0.263, j=3:0.375, j=4:0.226
      i= 5 -> j=0:0.012, j=1:0.027, j=2:0.090, j=3:0.283, j=4:0.372, j=5:0.216
      i= 6 -> j=0:0.007, j=1:0.011, j=2:0.028, j=3:0.106, j=4:0.265, j=5:0.359, j=6:0.224
      i= 7 -> j=0:0.007, j=1:0.006, j=2:0.010, j=3:0.028, j=4:0.095, j=5:0.274, j=6:0.347, j=7:0.233
      i= 8 -> j=0:0.008, j=1:0.006, j=2:0.006, j=3:0.010, j=4:0.026, j=5:0.099, j=6:0.252, j=7:0.359, j=8:0.235
      i= 9 -> j=0:0.008, j=1:0.007, j=2:0.006, j=3:0.006, j=4:0.010, j=5:0.027, j=6:0.089, j=7:0.257, j=8:0.376, j=9:0.214
      i=10 -> j=0:0.009, j=1:0.010, j=2:0.009, j=3:0.008, j=4:0.008, j=5:0.014, j=6:0.033, j=7:0.106, j=8:0.268, j=9:0.330, j=10:0.203
      i=11 -> j=0:0.006, j=1:0.007, j=2:0.008, j=3:0.008, j=4:0.006, j=5:0.006, j=6:0.009, j=7:0.026, j=8:0.089, j=9:0.249, j=10:0.352, j=11:0.232
      i=12 -> j=0:0.006, j=1:0.006, j=2:0.008, j=3:0.010, j=4:0.009, j=5:0.007, j=6:0.007, j=7:0.011, j=8:0.027, j=9:0.094, j=10:0.269, j=11:0.332, j=12:0.213
      i=13 -> j=0:0.007, j=1:0.006, j=2:0.006, j=3:0.008, j=4:0.008, j=5:0.007, j=6:0.006, j=7:0.006, j=8:0.009, j=9:0.026, j=10:0.106, j=11:0.245, j=12:0.347, j=13:0.213
      i=14 -> j=0:0.009, j=1:0.007, j=2:0.006, j=3:0.006, j=4:0.008, j=5:0.009, j=6:0.008, j=7:0.007, j=8:0.006, j=9:0.010, j=10:0.031, j=11:0.089, j=12:0.247, j=13:0.345, j=14:0.213
      i=15 -> j=0:0.010, j=1:0.008, j=2:0.006, j=3:0.005, j=4:0.006, j=5:0.007, j=6:0.008, j=7:0.007, j=8:0.006, j=9:0.006, j=10:0.011, j=11:0.024, j=12:0.088, j=13:0.243, j=14:0.345, j=15:0.220
      i=16 -> j=0:0.013, j=1:0.012, j=2:0.010, j=3:0.008, j=4:0.007, j=5:0.007, j=6:0.009, j=7:0.009, j=8:0.009, j=9:0.008, j=10:0.009, j=11:0.013, j=12:0.031, j=13:0.095, j=14:0.248, j=15:0.324, j=16:0.189
      i=17 -> j=0:0.012, j=1:0.012, j=2:0.011, j=3:0.009, j=4:0.008, j=5:0.006, j=6:0.007, j=7:0.008, j=8:0.009, j=9:0.008, j=10:0.007, j=11:0.007, j=12:0.011, j=13:0.027, j=14:0.099, j=15:0.242, j=16:0.322, j=17:0.194
      i=18 -> j=0:0.011, j=1:0.011, j=2:0.011, j=3:0.011, j=4:0.009, j=5:0.006, j=6:0.006, j=7:0.006, j=8:0.007, j=9:0.008, j=10:0.008, j=11:0.006, j=12:0.006, j=13:0.009, j=14:0.027, j=15:0.085, j=16:0.257, j=17:0.313, j=18:0.205
      i=19 -> j=0:0.012, j=1:0.011, j=2:0.011, j=3:0.011, j=4:0.011, j=5:0.008, j=6:0.007, j=7:0.006, j=8:0.006, j=9:0.007, j=10:0.009, j=11:0.008, j=12:0.007, j=13:0.006, j=14:0.011, j=15:0.026, j=16:0.107, j=17:0.249, j=18:0.296, j=19:0.192
      i=20 -> j=0:0.014, j=1:0.012, j=2:0.011, j=3:0.012, j=4:0.012, j=5:0.011, j=6:0.009, j=7:0.007, j=8:0.006, j=9:0.006, j=10:0.008, j=11:0.008, j=12:0.008, j=13:0.006, j=14:0.007, j=15:0.010, j=16:0.033, j=17:0.108, j=18:0.218, j=19:0.307, j=20:0.187
      i=21 -> j=0:0.015, j=1:0.013, j=2:0.012, j=3:0.011, j=4:0.011, j=5:0.011, j=6:0.010, j=7:0.008, j=8:0.006, j=9:0.005, j=10:0.006, j=11:0.007, j=12:0.008, j=13:0.007, j=14:0.006, j=15:0.006, j=16:0.012, j=17:0.032, j=18:0.081, j=19:0.237, j=20:0.301, j=21:0.193
      i=22 -> j=0:0.016, j=1:0.015, j=2:0.013, j=3:0.011, j=4:0.011, j=5:0.011, j=6:0.011, j=7:0.011, j=8:0.008, j=9:0.006, j=10:0.006, j=11:0.006, j=12:0.007, j=13:0.008, j=14:0.008, j=15:0.006, j=16:0.007, j=17:0.012, j=18:0.024, j=19:0.094, j=20:0.219, j=21:0.292, j=22:0.195
      i=23 -> j=0:0.015, j=1:0.015, j=2:0.014, j=3:0.012, j=4:0.011, j=5:0.010, j=6:0.010, j=7:0.011, j=8:0.010, j=9:0.008, j=10:0.006, j=11:0.005, j=12:0.006, j=13:0.007, j=14:0.008, j=15:0.007, j=16:0.006, j=17:0.007, j=18:0.009, j=19:0.028, j=20:0.086, j=21:0.230, j=22:0.298, j=23:0.179
      i=24 -> j=0:0.014, j=1:0.014, j=2:0.014, j=3:0.013, j=4:0.012, j=5:0.010, j=6:0.009, j=7:0.010, j=8:0.010, j=9:0.009, j=10:0.007, j=11:0.005, j=12:0.005, j=13:0.005, j=14:0.006, j=15:0.007, j=16:0.007, j=17:0.006, j=18:0.005, j=19:0.009, j=20:0.023, j=21:0.090, j=22:0.226, j=23:0.302, j=24:0.182
      i=25 -> j=0:0.015, j=1:0.014, j=2:0.015, j=3:0.015, j=4:0.015, j=5:0.012, j=6:0.011, j=7:0.010, j=8:0.010, j=9:0.010, j=10:0.010, j=11:0.008, j=12:0.006, j=13:0.006, j=14:0.006, j=15:0.007, j=16:0.008, j=17:0.007, j=18:0.006, j=19:0.006, j=20:0.010, j=21:0.029, j=22:0.086, j=23:0.228, j=24:0.283, j=25:0.167
      i=26 -> j=0:0.016, j=1:0.015, j=2:0.014, j=3:0.015, j=4:0.015, j=5:0.014, j=6:0.012, j=7:0.010, j=8:0.010, j=9:0.010, j=10:0.011, j=11:0.010, j=12:0.008, j=13:0.006, j=14:0.005, j=15:0.005, j=16:0.007, j=17:0.008, j=18:0.007, j=19:0.006, j=20:0.006, j=21:0.010, j=22:0.026, j=23:0.091, j=24:0.214, j=25:0.277, j=26:0.174
      i=27 -> j=0:0.015, j=1:0.014, j=2:0.013, j=3:0.013, j=4:0.014, j=5:0.013, j=6:0.013, j=7:0.011, j=8:0.009, j=9:0.009, j=10:0.009, j=11:0.009, j=12:0.009, j=13:0.007, j=14:0.005, j=15:0.004, j=16:0.005, j=17:0.006, j=18:0.007, j=19:0.006, j=20:0.005, j=21:0.005, j=22:0.008, j=23:0.024, j=24:0.072, j=25:0.223, j=26:0.288, j=27:0.184
      i=28 -> j=0:0.018, j=1:0.017, j=2:0.016, j=3:0.014, j=4:0.014, j=5:0.015, j=6:0.015, j=7:0.014, j=8:0.012, j=9:0.010, j=10:0.010, j=11:0.010, j=12:0.010, j=13:0.009, j=14:0.007, j=15:0.006, j=16:0.005, j=17:0.006, j=18:0.007, j=19:0.007, j=20:0.007, j=21:0.006, j=22:0.006, j=23:0.010, j=24:0.022, j=25:0.093, j=26:0.207, j=27:0.269, j=28:0.159
      i=29 -> j=0:0.016, j=1:0.017, j=2:0.016, j=3:0.014, j=4:0.013, j=5:0.013, j=6:0.014, j=7:0.014, j=8:0.013, j=9:0.011, j=10:0.010, j=11:0.009, j=12:0.009, j=13:0.009, j=14:0.009, j=15:0.007, j=16:0.005, j=17:0.005, j=18:0.005, j=19:0.006, j=20:0.007, j=21:0.006, j=22:0.005, j=23:0.005, j=24:0.008, j=25:0.028, j=26:0.086, j=27:0.200, j=28:0.264, j=29:0.175
      i=30 -> j=0:0.017, j=1:0.017, j=2:0.017, j=3:0.017, j=4:0.015, j=5:0.014, j=6:0.014, j=7:0.014, j=8:0.015, j=9:0.013, j=10:0.011, j=11:0.010, j=12:0.009, j=13:0.010, j=14:0.010, j=15:0.009, j=16:0.007, j=17:0.006, j=18:0.005, j=19:0.005, j=20:0.006, j=21:0.007, j=22:0.007, j=23:0.006, j=24:0.005, j=25:0.011, j=26:0.027, j=27:0.074, j=28:0.198, j=29:0.257, j=30:0.166
      i=31 -> j=0:0.015, j=1:0.015, j=2:0.015, j=3:0.016, j=4:0.016, j=5:0.014, j=6:0.013, j=7:0.013, j=8:0.013, j=9:0.013, j=10:0.012, j=11:0.010, j=12:0.009, j=13:0.009, j=14:0.009, j=15:0.009, j=16:0.008, j=17:0.006, j=18:0.005, j=19:0.004, j=20:0.005, j=21:0.006, j=22:0.006, j=23:0.006, j=24:0.004, j=25:0.005, j=26:0.008, j=27:0.019, j=28:0.078, j=29:0.189, j=30:0.279, j=31:0.172
    Average attention per distance:
      d=0:0.233, d=1:0.332, d=2:0.243, d=3:0.093, d=4:0.027, d=5:0.010, d=16:0.011, d=17:0.010
      d=19:0.010, d=20:0.012, d=21:0.014, d=22:0.014, d=23:0.014, d=24:0.013, d=25:0.014, d=26:0.015
      d=27:0.016, d=28:0.017, d=29:0.016, d=30:0.016, d=31:0.015

--- Layer 1 ---
  Head 0: Entropy=2.549
    Attention coefficients from each query position to previous positions:
      i= 0 -> j=0:1.000
      i= 1 -> j=0:0.501, j=1:0.499
      i= 2 -> j=0:0.335, j=1:0.334, j=2:0.331
      i= 3 -> j=0:0.250, j=1:0.250, j=2:0.249, j=3:0.251
      i= 4 -> j=0:0.199, j=1:0.199, j=2:0.200, j=3:0.201, j=4:0.201
      i= 5 -> j=0:0.166, j=1:0.166, j=2:0.166, j=3:0.167, j=4:0.168, j=5:0.167
      i= 6 -> j=0:0.142, j=1:0.142, j=2:0.141, j=3:0.143, j=4:0.145, j=5:0.144, j=6:0.143
      i= 7 -> j=0:0.125, j=1:0.124, j=2:0.124, j=3:0.124, j=4:0.126, j=5:0.126, j=6:0.125, j=7:0.125
      i= 8 -> j=0:0.111, j=1:0.111, j=2:0.110, j=3:0.110, j=4:0.111, j=5:0.111, j=6:0.111, j=7:0.112, j=8:0.111
      i= 9 -> j=0:0.100, j=1:0.100, j=2:0.099, j=3:0.099, j=4:0.100, j=5:0.100, j=6:0.100, j=7:0.100, j=8:0.100, j=9:0.100
      i=10 -> j=0:0.091, j=1:0.091, j=2:0.091, j=3:0.091, j=4:0.091, j=5:0.091, j=6:0.091, j=7:0.091, j=8:0.091, j=9:0.091, j=10:0.091
      i=11 -> j=0:0.083, j=1:0.083, j=2:0.083, j=3:0.083, j=4:0.084, j=5:0.083, j=6:0.083, j=7:0.084, j=8:0.084, j=9:0.084, j=10:0.084, j=11:0.083
      i=12 -> j=0:0.076, j=1:0.076, j=2:0.076, j=3:0.077, j=4:0.077, j=5:0.077, j=6:0.077, j=7:0.077, j=8:0.077, j=9:0.077, j=10:0.078, j=11:0.077, j=12:0.077
      i=13 -> j=0:0.071, j=1:0.071, j=2:0.071, j=3:0.071, j=4:0.072, j=5:0.072, j=6:0.071, j=7:0.072, j=8:0.072, j=9:0.072, j=10:0.072, j=11:0.072, j=12:0.071, j=13:0.071
      i=14 -> j=0:0.066, j=1:0.066, j=2:0.066, j=3:0.066, j=4:0.067, j=5:0.067, j=6:0.067, j=7:0.067, j=8:0.067, j=9:0.067, j=10:0.067, j=11:0.067, j=12:0.067, j=13:0.067, j=14:0.067
      i=15 -> j=0:0.062, j=1:0.062, j=2:0.062, j=3:0.062, j=4:0.063, j=5:0.063, j=6:0.063, j=7:0.063, j=8:0.063, j=9:0.063, j=10:0.063, j=11:0.062, j=12:0.062, j=13:0.063, j=14:0.063, j=15:0.063
      i=16 -> j=0:0.058, j=1:0.058, j=2:0.058, j=3:0.058, j=4:0.059, j=5:0.059, j=6:0.059, j=7:0.059, j=8:0.059, j=9:0.059, j=10:0.059, j=11:0.059, j=12:0.058, j=13:0.059, j=14:0.059, j=15:0.059, j=16:0.059
      i=17 -> j=0:0.055, j=1:0.055, j=2:0.055, j=3:0.055, j=4:0.056, j=5:0.056, j=6:0.056, j=7:0.056, j=8:0.056, j=9:0.056, j=10:0.056, j=11:0.056, j=12:0.055, j=13:0.056, j=14:0.056, j=15:0.056, j=16:0.055, j=17:0.055
      i=18 -> j=0:0.052, j=1:0.052, j=2:0.052, j=3:0.052, j=4:0.053, j=5:0.053, j=6:0.053, j=7:0.053, j=8:0.053, j=9:0.053, j=10:0.053, j=11:0.053, j=12:0.052, j=13:0.053, j=14:0.053, j=15:0.053, j=16:0.053, j=17:0.053, j=18:0.053
      i=19 -> j=0:0.050, j=1:0.050, j=2:0.050, j=3:0.050, j=4:0.050, j=5:0.050, j=6:0.050, j=7:0.050, j=8:0.050, j=9:0.050, j=10:0.050, j=11:0.050, j=12:0.050, j=13:0.050, j=14:0.050, j=15:0.050, j=16:0.050, j=17:0.050, j=18:0.050, j=19:0.050
      i=20 -> j=0:0.047, j=1:0.047, j=2:0.047, j=3:0.047, j=4:0.048, j=5:0.048, j=6:0.048, j=7:0.048, j=8:0.048, j=9:0.048, j=10:0.048, j=11:0.048, j=12:0.048, j=13:0.048, j=14:0.048, j=15:0.048, j=16:0.047, j=17:0.047, j=18:0.048, j=19:0.048, j=20:0.048
      i=21 -> j=0:0.045, j=1:0.045, j=2:0.045, j=3:0.045, j=4:0.046, j=5:0.046, j=6:0.045, j=7:0.046, j=8:0.046, j=9:0.046, j=10:0.046, j=11:0.046, j=12:0.045, j=13:0.046, j=14:0.046, j=15:0.045, j=16:0.045, j=17:0.045, j=18:0.046, j=19:0.046, j=20:0.045, j=21:0.045
      i=22 -> j=0:0.043, j=1:0.043, j=2:0.043, j=3:0.043, j=4:0.044, j=5:0.044, j=6:0.043, j=7:0.044, j=8:0.044, j=9:0.044, j=10:0.044, j=11:0.044, j=12:0.043, j=13:0.044, j=14:0.044, j=15:0.044, j=16:0.043, j=17:0.043, j=18:0.044, j=19:0.044, j=20:0.043, j=21:0.043, j=22:0.043
      i=23 -> j=0:0.041, j=1:0.041, j=2:0.041, j=3:0.041, j=4:0.042, j=5:0.042, j=6:0.042, j=7:0.042, j=8:0.042, j=9:0.042, j=10:0.042, j=11:0.042, j=12:0.042, j=13:0.042, j=14:0.042, j=15:0.042, j=16:0.042, j=17:0.041, j=18:0.042, j=19:0.042, j=20:0.042, j=21:0.042, j=22:0.041, j=23:0.041
      i=24 -> j=0:0.040, j=1:0.040, j=2:0.039, j=3:0.040, j=4:0.040, j=5:0.040, j=6:0.040, j=7:0.040, j=8:0.040, j=9:0.040, j=10:0.040, j=11:0.040, j=12:0.040, j=13:0.040, j=14:0.040, j=15:0.040, j=16:0.040, j=17:0.040, j=18:0.040, j=19:0.040, j=20:0.040, j=21:0.040, j=22:0.040, j=23:0.040, j=24:0.040
      i=25 -> j=0:0.038, j=1:0.038, j=2:0.038, j=3:0.038, j=4:0.039, j=5:0.039, j=6:0.038, j=7:0.039, j=8:0.039, j=9:0.039, j=10:0.039, j=11:0.038, j=12:0.038, j=13:0.038, j=14:0.039, j=15:0.039, j=16:0.038, j=17:0.038, j=18:0.039, j=19:0.039, j=20:0.038, j=21:0.038, j=22:0.038, j=23:0.038, j=24:0.038, j=25:0.038
      i=26 -> j=0:0.037, j=1:0.037, j=2:0.037, j=3:0.037, j=4:0.037, j=5:0.037, j=6:0.037, j=7:0.037, j=8:0.037, j=9:0.037, j=10:0.037, j=11:0.037, j=12:0.037, j=13:0.037, j=14:0.037, j=15:0.037, j=16:0.037, j=17:0.037, j=18:0.037, j=19:0.037, j=20:0.037, j=21:0.037, j=22:0.037, j=23:0.037, j=24:0.037, j=25:0.037, j=26:0.037
      i=27 -> j=0:0.036, j=1:0.035, j=2:0.035, j=3:0.036, j=4:0.036, j=5:0.036, j=6:0.036, j=7:0.036, j=8:0.036, j=9:0.036, j=10:0.036, j=11:0.036, j=12:0.036, j=13:0.036, j=14:0.036, j=15:0.036, j=16:0.036, j=17:0.036, j=18:0.036, j=19:0.036, j=20:0.036, j=21:0.036, j=22:0.035, j=23:0.035, j=24:0.036, j=25:0.036, j=26:0.036, j=27:0.036
      i=28 -> j=0:0.034, j=1:0.034, j=2:0.034, j=3:0.034, j=4:0.035, j=5:0.035, j=6:0.034, j=7:0.035, j=8:0.035, j=9:0.035, j=10:0.035, j=11:0.034, j=12:0.034, j=13:0.034, j=14:0.035, j=15:0.035, j=16:0.034, j=17:0.034, j=18:0.035, j=19:0.035, j=20:0.035, j=21:0.034, j=22:0.034, j=23:0.034, j=24:0.034, j=25:0.034, j=26:0.035, j=27:0.035, j=28:0.034
      i=29 -> j=0:0.033, j=1:0.033, j=2:0.033, j=3:0.033, j=4:0.033, j=5:0.033, j=6:0.033, j=7:0.034, j=8:0.034, j=9:0.033, j=10:0.034, j=11:0.033, j=12:0.033, j=13:0.033, j=14:0.033, j=15:0.033, j=16:0.033, j=17:0.033, j=18:0.033, j=19:0.034, j=20:0.033, j=21:0.033, j=22:0.033, j=23:0.033, j=24:0.033, j=25:0.033, j=26:0.034, j=27:0.033, j=28:0.033, j=29:0.033
      i=30 -> j=0:0.032, j=1:0.032, j=2:0.032, j=3:0.032, j=4:0.032, j=5:0.032, j=6:0.032, j=7:0.032, j=8:0.032, j=9:0.032, j=10:0.033, j=11:0.032, j=12:0.032, j=13:0.032, j=14:0.032, j=15:0.032, j=16:0.032, j=17:0.032, j=18:0.032, j=19:0.033, j=20:0.032, j=21:0.032, j=22:0.032, j=23:0.032, j=24:0.032, j=25:0.032, j=26:0.032, j=27:0.032, j=28:0.032, j=29:0.032, j=30:0.032
      i=31 -> j=0:0.031, j=1:0.031, j=2:0.031, j=3:0.031, j=4:0.031, j=5:0.031, j=6:0.031, j=7:0.031, j=8:0.031, j=9:0.031, j=10:0.031, j=11:0.031, j=12:0.031, j=13:0.031, j=14:0.031, j=15:0.031, j=16:0.031, j=17:0.031, j=18:0.031, j=19:0.031, j=20:0.031, j=21:0.031, j=22:0.031, j=23:0.031, j=24:0.031, j=25:0.031, j=26:0.031, j=27:0.031, j=28:0.031, j=29:0.031, j=30:0.031, j=31:0.031
    Average attention per distance:
      d=0:0.127, d=1:0.099, d=2:0.086, d=3:0.077, d=4:0.070, d=5:0.066, d=6:0.062, d=7:0.059
      d=8:0.056, d=9:0.054, d=10:0.051, d=11:0.049, d=12:0.048, d=13:0.046, d=14:0.045, d=15:0.044
      d=16:0.042, d=17:0.041, d=18:0.040, d=19:0.039, d=20:0.038, d=21:0.038, d=22:0.037, d=23:0.036
      d=24:0.035, d=25:0.035, d=26:0.034, d=27:0.033, d=28:0.033, d=29:0.032, d=30:0.032, d=31:0.031

--- Layer 2 ---
  Head 0: Entropy=2.220
    Attention coefficients from each query position to previous positions:
      i= 0 -> j=0:1.000
      i= 1 -> j=0:0.354, j=1:0.646
      i= 2 -> j=0:0.134, j=1:0.263, j=2:0.603
      i= 3 -> j=0:0.038, j=1:0.082, j=2:0.211, j=3:0.670
      i= 4 -> j=0:0.014, j=1:0.033, j=2:0.100, j=3:0.416, j=4:0.438
      i= 5 -> j=0:0.006, j=1:0.014, j=2:0.047, j=3:0.250, j=4:0.291, j=5:0.391
      i= 6 -> j=0:0.004, j=1:0.010, j=2:0.031, j=3:0.178, j=4:0.236, j=5:0.348, j=6:0.194
      i= 7 -> j=0:0.005, j=1:0.011, j=2:0.030, j=3:0.141, j=4:0.191, j=5:0.283, j=6:0.166, j=7:0.174
      i= 8 -> j=0:0.003, j=1:0.008, j=2:0.022, j=3:0.106, j=4:0.146, j=5:0.234, j=6:0.138, j=7:0.152, j=8:0.191
      i= 9 -> j=0:0.002, j=1:0.005, j=2:0.015, j=3:0.077, j=4:0.108, j=5:0.187, j=6:0.111, j=7:0.136, j=8:0.188, j=9:0.172
      i=10 -> j=0:0.002, j=1:0.004, j=2:0.012, j=3:0.062, j=4:0.084, j=5:0.146, j=6:0.091, j=7:0.122, j=8:0.187, j=9:0.179, j=10:0.110
      i=11 -> j=0:0.002, j=1:0.004, j=2:0.012, j=3:0.053, j=4:0.069, j=5:0.116, j=6:0.078, j=7:0.106, j=8:0.179, j=9:0.198, j=10:0.141, j=11:0.041
      i=12 -> j=0:0.001, j=1:0.002, j=2:0.008, j=3:0.042, j=4:0.059, j=5:0.105, j=6:0.067, j=7:0.093, j=8:0.170, j=9:0.200, j=10:0.146, j=11:0.035, j=12:0.070
      i=13 -> j=0:0.001, j=1:0.003, j=2:0.008, j=3:0.037, j=4:0.052, j=5:0.091, j=6:0.061, j=7:0.083, j=8:0.152, j=9:0.191, j=10:0.159, j=11:0.040, j=12:0.086, j=13:0.037
      i=14 -> j=0:0.001, j=1:0.002, j=2:0.007, j=3:0.032, j=4:0.046, j=5:0.083, j=6:0.057, j=7:0.078, j=8:0.142, j=9:0.183, j=10:0.160, j=11:0.041, j=12:0.096, j=13:0.042, j=14:0.029
      i=15 -> j=0:0.002, j=1:0.003, j=2:0.008, j=3:0.032, j=4:0.044, j=5:0.076, j=6:0.055, j=7:0.075, j=8:0.132, j=9:0.168, j=10:0.149, j=11:0.044, j=12:0.105, j=13:0.051, j=14:0.038, j=15:0.018
      i=16 -> j=0:0.002, j=1:0.003, j=2:0.008, j=3:0.031, j=4:0.042, j=5:0.072, j=6:0.053, j=7:0.074, j=8:0.130, j=9:0.164, j=10:0.142, j=11:0.043, j=12:0.100, j=13:0.051, j=14:0.039, j=15:0.019, j=16:0.027
      i=17 -> j=0:0.002, j=1:0.004, j=2:0.009, j=3:0.031, j=4:0.041, j=5:0.067, j=6:0.051, j=7:0.070, j=8:0.121, j=9:0.152, j=10:0.133, j=11:0.044, j=12:0.098, j=13:0.052, j=14:0.042, j=15:0.022, j=16:0.031, j=17:0.028
      i=18 -> j=0:0.001, j=1:0.002, j=2:0.005, j=3:0.023, j=4:0.031, j=5:0.057, j=6:0.041, j=7:0.062, j=8:0.124, j=9:0.171, j=10:0.147, j=11:0.038, j=12:0.101, j=13:0.046, j=14:0.036, j=15:0.016, j=16:0.027, j=17:0.024, j=18:0.050
      i=19 -> j=0:0.002, j=1:0.003, j=2:0.007, j=3:0.024, j=4:0.033, j=5:0.053, j=6:0.040, j=7:0.057, j=8:0.105, j=9:0.142, j=10:0.130, j=11:0.041, j=12:0.098, j=13:0.049, j=14:0.040, j=15:0.020, j=16:0.032, j=17:0.031, j=18:0.067, j=19:0.028
      i=20 -> j=0:0.001, j=1:0.003, j=2:0.006, j=3:0.023, j=4:0.031, j=5:0.050, j=6:0.037, j=7:0.052, j=8:0.095, j=9:0.130, j=10:0.122, j=11:0.039, j=12:0.097, j=13:0.049, j=14:0.039, j=15:0.019, j=16:0.032, j=17:0.032, j=18:0.080, j=19:0.035, j=20:0.026
      i=21 -> j=0:0.002, j=1:0.003, j=2:0.006, j=3:0.022, j=4:0.029, j=5:0.047, j=6:0.036, j=7:0.049, j=8:0.087, j=9:0.117, j=10:0.111, j=11:0.037, j=12:0.094, j=13:0.048, j=14:0.040, j=15:0.020, j=16:0.033, j=17:0.033, j=18:0.091, j=19:0.041, j=20:0.032, j=21:0.022
      i=22 -> j=0:0.001, j=1:0.002, j=2:0.006, j=3:0.021, j=4:0.027, j=5:0.045, j=6:0.033, j=7:0.046, j=8:0.083, j=9:0.112, j=10:0.105, j=11:0.034, j=12:0.090, j=13:0.047, j=14:0.039, j=15:0.019, j=16:0.033, j=17:0.033, j=18:0.099, j=19:0.045, j=20:0.035, j=21:0.024, j=22:0.021
      i=23 -> j=0:0.002, j=1:0.003, j=2:0.007, j=3:0.022, j=4:0.028, j=5:0.044, j=6:0.033, j=7:0.045, j=8:0.077, j=9:0.101, j=10:0.094, j=11:0.033, j=12:0.081, j=13:0.045, j=14:0.039, j=15:0.020, j=16:0.035, j=17:0.035, j=18:0.098, j=19:0.048, j=20:0.039, j=21:0.028, j=22:0.025, j=23:0.017
      i=24 -> j=0:0.002, j=1:0.003, j=2:0.006, j=3:0.021, j=4:0.027, j=5:0.043, j=6:0.032, j=7:0.044, j=8:0.075, j=9:0.097, j=10:0.090, j=11:0.032, j=12:0.077, j=13:0.043, j=14:0.038, j=15:0.020, j=16:0.035, j=17:0.036, j=18:0.100, j=19:0.048, j=20:0.039, j=21:0.029, j=22:0.026, j=23:0.017, j=24:0.019
      i=25 -> j=0:0.001, j=1:0.001, j=2:0.004, j=3:0.016, j=4:0.022, j=5:0.037, j=6:0.026, j=7:0.038, j=8:0.073, j=9:0.102, j=10:0.094, j=11:0.026, j=12:0.078, j=13:0.038, j=14:0.033, j=15:0.015, j=16:0.031, j=17:0.032, j=18:0.114, j=19:0.045, j=20:0.035, j=21:0.024, j=22:0.022, j=23:0.013, j=24:0.015, j=25:0.066
      i=26 -> j=0:0.001, j=1:0.001, j=2:0.003, j=3:0.014, j=4:0.019, j=5:0.032, j=6:0.023, j=7:0.032, j=8:0.062, j=9:0.086, j=10:0.080, j=11:0.022, j=12:0.067, j=13:0.032, j=14:0.028, j=15:0.013, j=16:0.027, j=17:0.029, j=18:0.108, j=19:0.042, j=20:0.033, j=21:0.022, j=22:0.020, j=23:0.012, j=24:0.014, j=25:0.068, j=26:0.111
      i=27 -> j=0:0.001, j=1:0.002, j=2:0.004, j=3:0.014, j=4:0.018, j=5:0.030, j=6:0.022, j=7:0.030, j=8:0.053, j=9:0.069, j=10:0.065, j=11:0.021, j=12:0.054, j=13:0.029, j=14:0.025, j=15:0.013, j=16:0.024, j=17:0.026, j=18:0.087, j=19:0.039, j=20:0.032, j=21:0.023, j=22:0.021, j=23:0.013, j=24:0.016, j=25:0.078, j=26:0.144, j=27:0.046
      i=28 -> j=0:0.001, j=1:0.002, j=2:0.004, j=3:0.013, j=4:0.017, j=5:0.027, j=6:0.020, j=7:0.027, j=8:0.047, j=9:0.061, j=10:0.056, j=11:0.019, j=12:0.047, j=13:0.026, j=14:0.022, j=15:0.012, j=16:0.022, j=17:0.024, j=18:0.076, j=19:0.036, j=20:0.031, j=21:0.022, j=22:0.021, j=23:0.013, j=24:0.016, j=25:0.081, j=26:0.165, j=27:0.053, j=28:0.040
      i=29 -> j=0:0.001, j=1:0.001, j=2:0.003, j=3:0.012, j=4:0.015, j=5:0.024, j=6:0.018, j=7:0.025, j=8:0.042, j=9:0.055, j=10:0.050, j=11:0.017, j=12:0.042, j=13:0.022, j=14:0.020, j=15:0.010, j=16:0.019, j=17:0.020, j=18:0.065, j=19:0.032, j=20:0.028, j=21:0.020, j=22:0.020, j=23:0.013, j=24:0.015, j=25:0.082, j=26:0.189, j=27:0.060, j=28:0.048, j=29:0.032
      i=30 -> j=0:0.000, j=1:0.001, j=2:0.002, j=3:0.009, j=4:0.012, j=5:0.019, j=6:0.014, j=7:0.019, j=8:0.035, j=9:0.047, j=10:0.042, j=11:0.013, j=12:0.035, j=13:0.018, j=14:0.015, j=15:0.007, j=16:0.015, j=17:0.016, j=18:0.058, j=19:0.026, j=20:0.023, j=21:0.017, j=22:0.016, j=23:0.010, j=24:0.013, j=25:0.081, j=26:0.208, j=27:0.058, j=28:0.046, j=29:0.029, j=30:0.095
      i=31 -> j=0:0.000, j=1:0.000, j=2:0.001, j=3:0.006, j=4:0.008, j=5:0.013, j=6:0.009, j=7:0.013, j=8:0.025, j=9:0.034, j=10:0.030, j=11:0.009, j=12:0.024, j=13:0.012, j=14:0.010, j=15:0.005, j=16:0.010, j=17:0.010, j=18:0.041, j=19:0.018, j=20:0.016, j=21:0.012, j=22:0.012, j=23:0.007, j=24:0.009, j=25:0.071, j=26:0.202, j=27:0.051, j=28:0.042, j=29:0.027, j=30:0.111, j=31:0.164
    Average attention per distance:
      d=0:0.174, d=1:0.118, d=2:0.094, d=3:0.084, d=4:0.078, d=5:0.071, d=6:0.060, d=7:0.056
      d=8:0.055, d=9:0.053, d=10:0.050, d=11:0.047, d=12:0.044, d=13:0.041, d=14:0.037, d=15:0.036
      d=16:0.035, d=17:0.033, d=18:0.030, d=19:0.028, d=20:0.025, d=21:0.023, d=22:0.019, d=23:0.014
      d=24:0.011

--- Layer 3 ---
  Head 0: Entropy=0.129
    Attention coefficients from each query position to previous positions:
      i= 0 -> j=0:1.000
      i= 1 -> j=0:0.991, j=1:0.009
      i= 2 -> j=0:0.005, j=1:0.992, j=2:0.003
      i= 3 -> j=0:0.000, j=1:0.021, j=2:0.972, j=3:0.006
      i= 4 -> j=0:0.000, j=1:0.000, j=2:0.004, j=3:0.995, j=4:0.001
      i= 5 -> j=0:0.000, j=1:0.000, j=2:0.000, j=3:0.029, j=4:0.970, j=5:0.000
      i= 6 -> j=0:0.000, j=1:0.000, j=2:0.000, j=3:0.000, j=4:0.037, j=5:0.959, j=6:0.004
      i= 7 -> j=0:0.000, j=1:0.000, j=2:0.000, j=3:0.000, j=4:0.000, j=5:0.013, j=6:0.980, j=7:0.007
      i= 8 -> j=0:0.000, j=1:0.000, j=2:0.000, j=3:0.000, j=4:0.000, j=5:0.000, j=6:0.009, j=7:0.983, j=8:0.008
      i= 9 -> j=0:0.000, j=1:0.000, j=2:0.000, j=3:0.000, j=4:0.000, j=5:0.000, j=6:0.000, j=7:0.012, j=8:0.987, j=9:0.001
      i=10 -> j=0:0.000, j=1:0.000, j=2:0.000, j=3:0.000, j=4:0.000, j=5:0.000, j=6:0.000, j=7:0.000, j=8:0.020, j=9:0.979, j=10:0.001
      i=11 -> j=0:0.000, j=1:0.000, j=2:0.000, j=3:0.000, j=4:0.000, j=5:0.000, j=6:0.000, j=7:0.000, j=8:0.000, j=9:0.024, j=10:0.967, j=11:0.009
      i=12 -> j=0:0.000, j=1:0.000, j=2:0.000, j=3:0.000, j=4:0.000, j=5:0.000, j=6:0.000, j=7:0.000, j=8:0.000, j=9:0.000, j=10:0.004, j=11:0.994, j=12:0.002
      i=13 -> j=0:0.000, j=1:0.000, j=2:0.000, j=3:0.000, j=4:0.000, j=5:0.000, j=6:0.000, j=7:0.000, j=8:0.000, j=9:0.000, j=10:0.000, j=11:0.022, j=12:0.976, j=13:0.001
      i=14 -> j=0:0.000, j=1:0.000, j=2:0.000, j=3:0.000, j=4:0.000, j=5:0.000, j=6:0.000, j=7:0.000, j=8:0.000, j=9:0.000, j=10:0.000, j=11:0.000, j=12:0.070, j=13:0.925, j=14:0.005
      i=15 -> j=0:0.000, j=1:0.000, j=2:0.000, j=3:0.000, j=4:0.000, j=5:0.000, j=6:0.000, j=7:0.000, j=8:0.000, j=9:0.000, j=10:0.000, j=11:0.000, j=12:0.000, j=13:0.015, j=14:0.984, j=15:0.001
      i=16 -> j=0:0.000, j=1:0.000, j=2:0.000, j=3:0.000, j=4:0.000, j=5:0.000, j=6:0.000, j=7:0.000, j=8:0.000, j=9:0.000, j=10:0.000, j=11:0.000, j=12:0.000, j=13:0.000, j=14:0.039, j=15:0.960, j=16:0.001
      i=17 -> j=0:0.000, j=1:0.000, j=2:0.000, j=3:0.000, j=4:0.000, j=5:0.000, j=6:0.000, j=7:0.000, j=8:0.000, j=9:0.000, j=10:0.000, j=11:0.000, j=12:0.000, j=13:0.000, j=14:0.000, j=15:0.051, j=16:0.943, j=17:0.007
      i=18 -> j=0:0.000, j=1:0.000, j=2:0.000, j=3:0.000, j=4:0.000, j=5:0.000, j=6:0.000, j=7:0.000, j=8:0.000, j=9:0.000, j=10:0.000, j=11:0.000, j=12:0.000, j=13:0.000, j=14:0.000, j=15:0.000, j=16:0.023, j=17:0.972, j=18:0.005
      i=19 -> j=0:0.000, j=1:0.000, j=2:0.000, j=3:0.000, j=4:0.000, j=5:0.000, j=6:0.000, j=7:0.000, j=8:0.000, j=9:0.000, j=10:0.000, j=11:0.000, j=12:0.000, j=13:0.000, j=14:0.000, j=15:0.000, j=16:0.000, j=17:0.015, j=18:0.983, j=19:0.001
      i=20 -> j=0:0.000, j=1:0.000, j=2:0.000, j=3:0.000, j=4:0.000, j=5:0.000, j=6:0.000, j=7:0.000, j=8:0.000, j=9:0.000, j=10:0.000, j=11:0.000, j=12:0.000, j=13:0.000, j=14:0.000, j=15:0.000, j=16:0.000, j=17:0.000, j=18:0.029, j=19:0.966, j=20:0.004
      i=21 -> j=0:0.000, j=1:0.000, j=2:0.000, j=3:0.000, j=4:0.000, j=5:0.000, j=6:0.000, j=7:0.000, j=8:0.000, j=9:0.000, j=10:0.000, j=11:0.000, j=12:0.000, j=13:0.000, j=14:0.000, j=15:0.000, j=16:0.000, j=17:0.000, j=18:0.000, j=19:0.009, j=20:0.990, j=21:0.001
      i=22 -> j=0:0.000, j=1:0.000, j=2:0.000, j=3:0.000, j=4:0.000, j=5:0.000, j=6:0.000, j=7:0.000, j=8:0.000, j=9:0.000, j=10:0.000, j=11:0.000, j=12:0.000, j=13:0.000, j=14:0.000, j=15:0.000, j=16:0.000, j=17:0.000, j=18:0.000, j=19:0.000, j=20:0.024, j=21:0.976, j=22:0.000
      i=23 -> j=0:0.000, j=1:0.000, j=2:0.000, j=3:0.000, j=4:0.000, j=5:0.000, j=6:0.000, j=7:0.000, j=8:0.000, j=9:0.000, j=10:0.000, j=11:0.000, j=12:0.000, j=13:0.000, j=14:0.000, j=15:0.000, j=16:0.000, j=17:0.000, j=18:0.000, j=19:0.000, j=20:0.000, j=21:0.088, j=22:0.911, j=23:0.001
      i=24 -> j=0:0.000, j=1:0.000, j=2:0.000, j=3:0.000, j=4:0.000, j=5:0.000, j=6:0.000, j=7:0.000, j=8:0.000, j=9:0.000, j=10:0.000, j=11:0.000, j=12:0.000, j=13:0.000, j=14:0.000, j=15:0.000, j=16:0.000, j=17:0.000, j=18:0.000, j=19:0.000, j=20:0.000, j=21:0.000, j=22:0.030, j=23:0.969, j=24:0.001
      i=25 -> j=0:0.000, j=1:0.000, j=2:0.000, j=3:0.000, j=4:0.000, j=5:0.000, j=6:0.000, j=7:0.000, j=8:0.000, j=9:0.000, j=10:0.000, j=11:0.000, j=12:0.000, j=13:0.000, j=14:0.000, j=15:0.000, j=16:0.000, j=17:0.000, j=18:0.000, j=19:0.000, j=20:0.000, j=21:0.000, j=22:0.000, j=23:0.045, j=24:0.954, j=25:0.001
      i=26 -> j=0:0.000, j=1:0.000, j=2:0.000, j=3:0.000, j=4:0.000, j=5:0.000, j=6:0.000, j=7:0.000, j=8:0.000, j=9:0.000, j=10:0.000, j=11:0.000, j=12:0.000, j=13:0.000, j=14:0.000, j=15:0.000, j=16:0.000, j=17:0.000, j=18:0.000, j=19:0.000, j=20:0.000, j=21:0.000, j=22:0.000, j=23:0.000, j=24:0.035, j=25:0.964, j=26:0.001
      i=27 -> j=0:0.000, j=1:0.000, j=2:0.000, j=3:0.000, j=4:0.000, j=5:0.000, j=6:0.000, j=7:0.000, j=8:0.000, j=9:0.000, j=10:0.000, j=11:0.000, j=12:0.000, j=13:0.000, j=14:0.000, j=15:0.000, j=16:0.000, j=17:0.000, j=18:0.000, j=19:0.000, j=20:0.000, j=21:0.000, j=22:0.000, j=23:0.000, j=24:0.000, j=25:0.035, j=26:0.959, j=27:0.006
      i=28 -> j=0:0.000, j=1:0.000, j=2:0.000, j=3:0.000, j=4:0.000, j=5:0.000, j=6:0.000, j=7:0.000, j=8:0.000, j=9:0.000, j=10:0.000, j=11:0.000, j=12:0.000, j=13:0.000, j=14:0.000, j=15:0.000, j=16:0.000, j=17:0.000, j=18:0.000, j=19:0.000, j=20:0.000, j=21:0.000, j=22:0.000, j=23:0.000, j=24:0.000, j=25:0.000, j=26:0.012, j=27:0.986, j=28:0.002
      i=29 -> j=0:0.000, j=1:0.000, j=2:0.000, j=3:0.000, j=4:0.000, j=5:0.000, j=6:0.000, j=7:0.000, j=8:0.000, j=9:0.000, j=10:0.000, j=11:0.000, j=12:0.000, j=13:0.000, j=14:0.000, j=15:0.000, j=16:0.000, j=17:0.000, j=18:0.000, j=19:0.000, j=20:0.000, j=21:0.000, j=22:0.000, j=23:0.000, j=24:0.000, j=25:0.000, j=26:0.000, j=27:0.040, j=28:0.958, j=29:0.002
      i=30 -> j=0:0.000, j=1:0.000, j=2:0.000, j=3:0.000, j=4:0.000, j=5:0.000, j=6:0.000, j=7:0.000, j=8:0.000, j=9:0.000, j=10:0.000, j=11:0.000, j=12:0.000, j=13:0.000, j=14:0.000, j=15:0.000, j=16:0.000, j=17:0.000, j=18:0.000, j=19:0.000, j=20:0.000, j=21:0.000, j=22:0.000, j=23:0.000, j=24:0.000, j=25:0.000, j=26:0.000, j=27:0.000, j=28:0.021, j=29:0.977, j=30:0.002
      i=31 -> j=0:0.000, j=1:0.000, j=2:0.000, j=3:0.000, j=4:0.000, j=5:0.000, j=6:0.000, j=7:0.000, j=8:0.000, j=9:0.000, j=10:0.000, j=11:0.000, j=12:0.000, j=13:0.000, j=14:0.000, j=15:0.000, j=16:0.000, j=17:0.000, j=18:0.000, j=19:0.000, j=20:0.000, j=21:0.000, j=22:0.000, j=23:0.000, j=24:0.000, j=25:0.000, j=26:0.000, j=27:0.000, j=28:0.000, j=29:0.018, j=30:0.980, j=31:0.002
    Average attention per distance:
      d=0:0.034, d=1:0.971, d=2:0.027


======================================================================
QK Property Verification (Raw Scores, before Softmax)
======================================================================
Recurrence order init_len=2, num test sequences=1

--- [P1] Long-distance Orthogonality Verification ---
Ideal: raw_score mean ≈ 0 and small std when d > init_len

  Layer 0, Head 0:
    d= 1 (effective): mean=  2.636, std= 0.070, n=31
    d= 2 (effective): mean=  2.349, std= 0.062, n=30
    d>2 (long-distance): mean= -0.673, std= 0.702, n=435

  Layer 1, Head 0:
    d= 1 (effective): mean=  0.003, std= 0.005, n=31
    d= 2 (effective): mean=  0.004, std= 0.005, n=30
    d>2 (long-distance): mean=  0.002, std= 0.006, n=435

  Layer 2, Head 0:
    d= 1 (effective): mean=  2.649, std= 1.153, n=31
    d= 2 (effective): mean=  2.706, std= 1.124, n=30
    d>2 (long-distance): mean=  2.354, std= 1.347, n=435

  Layer 3, Head 0:
    d= 1 (effective): mean= 18.052, std= 0.882, n=31
    d= 2 (effective): mean= 14.239, std= 0.760, n=30
    d>2 (long-distance): mean= -3.735, std= 5.675, n=435

--- [P2] Time-homogeneous Verification ---
Ideal: CV of raw_score across positions i ≈ 0 for fixed distance d
(CV = std / |mean|, smaller = more constant)

  Layer 0, Head 0:
    d= 1: mean=  2.636, std= 0.070, CV=0.027, n=31
    d= 2: mean=  2.349, std= 0.062, CV=0.026, n=30

  Layer 1, Head 0:
    d= 1: mean=  0.003, std= 0.005, CV=1.496, n=31
    d= 2: mean=  0.004, std= 0.005, CV=1.333, n=30

  Layer 2, Head 0:
    d= 1: mean=  2.649, std= 1.153, CV=0.435, n=31
    d= 2: mean=  2.706, std= 1.124, CV=0.415, n=30

  Layer 3, Head 0:
    d= 1: mean= 18.052, std= 0.882, CV=0.049, n=31
    d= 2: mean= 14.239, std= 0.760, CV=0.053, n=30

======================================================================
QK Property Verification Completed
======================================================================
