=== Experiment: mixed_cond_d128l1_r8_n2_e50_overlap100 ===
Time: 2026-06-26T16:02:09.255840
Task type: mixed_ab
Merged config: {
  "P": 53,
  "TASK": "mixed_ab",
  "NUM_MASK": 0,
  "A": 1,
  "B": 1,
  "AB_PAIRS": [
    [
      1,
      1
    ],
    [
      1,
      2
    ]
  ],
  "D_MODEL": 128,
  "N_HEAD": 1,
  "N_LAYER": 1,
  "BATCH_SIZE": 128,
  "EPOCHS": 10000,
  "LR": 0.0003,
  "SAVE_PATH": "models/mixed_cond_d128l1_r8_n2_e50_overlap100.pth",
  "USE_GREEDY_GENERATE": true,
  "USE_LEARNABLE_PE": false,
  "MLP_RATIO": 8,
  "TRAIN_LEN": 16,
  "OOD_LEN": 32,
  "DROPOUT": 0.0,
  "TARGET_INIT_COVERAGE": 0.5,
  "MAX_UNIQUE_RATIO": 0.5,
  "WEIGHT_DECAY": 1,
  "ENTROPY_PENALTY_WEIGHT": 0.0,
  "FIRST_TASK_WEIGHT": 1.0,
  "RANDOM_SEED": 42,
  "EVAL_INTERVAL": 20,
  "EARLY_STOP_NO_IMPROVE": 1000,
  "EARLY_STOP_ACCURACY": 0.99,
  "USE_AB_TAG": false,
  "USE_CONDITIONAL_WTE": true,
  "COND_WTE_SHARED_RATIO": 1.0,
  "MIXED_AB_MAX_UNIQUE_RATIOS": [
    0.5,
    0.5
  ],
  "SKIP_FINAL_GENERATION_TEST": true
}
--- output ---
Using device: cuda

[Dataset] Mixed mode: generated 2808 + 2810 samples, length 16
AB parameter pairs: [(1, 1), (1, 2)]
  - AB=(1,1): train 1404 | test 1405 | exposed ~50.0%
  - AB=(1,2): train 1404 | test 1405 | exposed ~50.0%
--------------------------------------------------
[Model config] block_size: 32, train length: 16
[Number theory] AB parameter pairs: [(1, 1), (1, 2)]


Model parameters: 0.35M

Start training...
Epoch   0 | Train: Loss=4.2670 Acc=3.9% | Test: Acc=0.3% | Best=0.3%(@0)
  from x3: 0.00 0.00 0.00 0.00 0.00 0.00 0.00 0.00 0.00 0.00 0.00 0.00 0.00
  per-rule acc: 0.00 0.00
Epoch  20 | Train: Loss=1.4646 Acc=92.2% | Test: Acc=1.5% | Best=1.5%(@20)
  from x3: 0.02 0.02 0.02 0.02 0.01 0.01 0.01 0.01 0.01 0.01 0.01 0.01 0.01
  per-rule acc: 0.02 0.01
Epoch  40 | Train: Loss=0.6157 Acc=97.5% | Test: Acc=2.1% | Best=2.1%(@40)
  from x3: 0.02 0.02 0.02 0.02 0.02 0.02 0.02 0.02 0.02 0.02 0.02 0.02 0.02
  per-rule acc: 0.02 0.02
Epoch  60 | Train: Loss=0.4472 Acc=98.2% | Test: Acc=2.3% | Best=2.3%(@60)
  from x3: 0.02 0.03 0.02 0.02 0.02 0.02 0.02 0.02 0.02 0.02 0.02 0.02 0.02
  per-rule acc: 0.02 0.02
Epoch  80 | Train: Loss=0.3668 Acc=98.5% | Test: Acc=2.3% | Best=2.3%(@80)
  from x3: 0.02 0.03 0.03 0.02 0.02 0.02 0.02 0.02 0.02 0.02 0.02 0.02 0.02
  per-rule acc: 0.02 0.02
Epoch 100 | Train: Loss=0.3322 Acc=98.8% | Test: Acc=2.4% | Best=2.4%(@100)
  from x3: 0.02 0.02 0.02 0.02 0.02 0.02 0.02 0.02 0.02 0.02 0.02 0.02 0.02
  per-rule acc: 0.02 0.02
Epoch 120 | Train: Loss=0.2885 Acc=98.9% | Test: Acc=2.2% | Best=2.4%(@100)
  from x3: 0.02 0.02 0.02 0.02 0.02 0.02 0.02 0.02 0.02 0.02 0.02 0.02 0.02
  per-rule acc: 0.02 0.02
Epoch 140 | Train: Loss=0.2551 Acc=99.0% | Test: Acc=2.1% | Best=2.4%(@100)
  from x3: 0.02 0.02 0.02 0.02 0.02 0.02 0.02 0.02 0.02 0.02 0.02 0.02 0.02
  per-rule acc: 0.02 0.02
Epoch 160 | Train: Loss=0.2337 Acc=99.2% | Test: Acc=2.2% | Best=2.4%(@100)
  from x3: 0.02 0.02 0.02 0.02 0.02 0.02 0.02 0.02 0.02 0.02 0.02 0.02 0.02
  per-rule acc: 0.02 0.02
Epoch 180 | Train: Loss=0.2004 Acc=99.3% | Test: Acc=2.2% | Best=2.4%(@100)
  from x3: 0.02 0.02 0.02 0.02 0.02 0.02 0.02 0.02 0.02 0.02 0.02 0.02 0.02
  per-rule acc: 0.02 0.03
Epoch 200 | Train: Loss=0.1772 Acc=99.3% | Test: Acc=2.1% | Best=2.4%(@100)
  from x3: 0.02 0.02 0.02 0.02 0.02 0.02 0.02 0.02 0.02 0.02 0.02 0.02 0.02
  per-rule acc: 0.02 0.02
Epoch 220 | Train: Loss=0.1697 Acc=99.4% | Test: Acc=2.2% | Best=2.4%(@100)
  from x3: 0.02 0.02 0.02 0.02 0.02 0.02 0.02 0.02 0.02 0.02 0.02 0.02 0.02
  per-rule acc: 0.02 0.03
Epoch 240 | Train: Loss=0.1591 Acc=99.4% | Test: Acc=2.1% | Best=2.4%(@100)
  from x3: 0.02 0.02 0.02 0.02 0.02 0.02 0.02 0.02 0.02 0.02 0.02 0.02 0.02
  per-rule acc: 0.02 0.02
Epoch 260 | Train: Loss=0.1416 Acc=99.5% | Test: Acc=2.2% | Best=2.4%(@100)
  from x3: 0.02 0.02 0.02 0.02 0.02 0.02 0.02 0.02 0.02 0.02 0.02 0.02 0.02
  per-rule acc: 0.02 0.02
Epoch 280 | Train: Loss=0.1273 Acc=99.5% | Test: Acc=2.2% | Best=2.4%(@100)
  from x3: 0.02 0.02 0.02 0.02 0.02 0.02 0.02 0.02 0.02 0.02 0.02 0.02 0.02
  per-rule acc: 0.02 0.02
Epoch 300 | Train: Loss=0.1210 Acc=99.5% | Test: Acc=2.2% | Best=2.4%(@100)
  from x3: 0.02 0.02 0.02 0.02 0.02 0.02 0.02 0.02 0.02 0.02 0.02 0.02 0.02
  per-rule acc: 0.02 0.02
Epoch 320 | Train: Loss=0.1150 Acc=99.6% | Test: Acc=2.2% | Best=2.4%(@100)
  from x3: 0.02 0.02 0.02 0.02 0.02 0.02 0.02 0.02 0.02 0.02 0.02 0.02 0.02
  per-rule acc: 0.02 0.02
Epoch 340 | Train: Loss=0.1047 Acc=99.6% | Test: Acc=2.2% | Best=2.4%(@100)
  from x3: 0.02 0.02 0.02 0.02 0.02 0.02 0.02 0.02 0.02 0.02 0.02 0.02 0.02
  per-rule acc: 0.02 0.02
Epoch 360 | Train: Loss=0.1091 Acc=99.7% | Test: Acc=2.3% | Best=2.4%(@100)
  from x3: 0.02 0.02 0.02 0.02 0.02 0.02 0.02 0.02 0.02 0.02 0.02 0.02 0.02
  per-rule acc: 0.02 0.02
Epoch 380 | Train: Loss=0.0957 Acc=99.7% | Test: Acc=2.4% | Best=2.4%(@380)
  from x3: 0.02 0.02 0.02 0.02 0.02 0.02 0.02 0.02 0.02 0.02 0.02 0.02 0.02
  per-rule acc: 0.02 0.02
Epoch 400 | Train: Loss=0.0895 Acc=99.7% | Test: Acc=2.4% | Best=2.4%(@400)
  from x3: 0.02 0.02 0.02 0.02 0.02 0.02 0.02 0.02 0.02 0.02 0.02 0.02 0.02
  per-rule acc: 0.02 0.02
Epoch 420 | Train: Loss=0.0880 Acc=99.8% | Test: Acc=2.4% | Best=2.4%(@420)
  from x3: 0.02 0.02 0.02 0.02 0.02 0.02 0.02 0.02 0.02 0.02 0.02 0.02 0.02
  per-rule acc: 0.02 0.03
Epoch 440 | Train: Loss=0.0843 Acc=99.8% | Test: Acc=2.4% | Best=2.4%(@420)
  from x3: 0.02 0.02 0.02 0.02 0.02 0.02 0.02 0.02 0.02 0.02 0.02 0.02 0.02
  per-rule acc: 0.02 0.02
Epoch 460 | Train: Loss=0.0828 Acc=99.8% | Test: Acc=2.5% | Best=2.5%(@460)
  from x3: 0.03 0.02 0.03 0.02 0.02 0.02 0.02 0.02 0.02 0.02 0.02 0.02 0.02
  per-rule acc: 0.02 0.02
Epoch 480 | Train: Loss=0.0833 Acc=99.9% | Test: Acc=2.5% | Best=2.5%(@480)
  from x3: 0.02 0.02 0.02 0.02 0.03 0.03 0.03 0.03 0.03 0.03 0.02 0.03 0.02
  per-rule acc: 0.03 0.02
Epoch 500 | Train: Loss=0.0767 Acc=99.9% | Test: Acc=2.6% | Best=2.6%(@500)
  from x3: 0.02 0.02 0.03 0.03 0.03 0.03 0.03 0.03 0.03 0.03 0.03 0.03 0.03
  per-rule acc: 0.03 0.03
Epoch 520 | Train: Loss=0.0728 Acc=99.9% | Test: Acc=2.5% | Best=2.6%(@500)
  from x3: 0.02 0.02 0.02 0.02 0.02 0.02 0.02 0.02 0.02 0.02 0.02 0.02 0.03
  per-rule acc: 0.02 0.03
Epoch 540 | Train: Loss=0.0747 Acc=99.9% | Test: Acc=2.5% | Best=2.6%(@500)
  from x3: 0.02 0.02 0.02 0.03 0.03 0.03 0.03 0.03 0.03 0.03 0.03 0.03 0.03
  per-rule acc: 0.02 0.03
Epoch 560 | Train: Loss=0.0703 Acc=99.9% | Test: Acc=2.5% | Best=2.6%(@500)
  from x3: 0.03 0.02 0.02 0.02 0.02 0.02 0.03 0.03 0.03 0.03 0.03 0.03 0.03
  per-rule acc: 0.03 0.02
Epoch 580 | Train: Loss=0.0710 Acc=99.9% | Test: Acc=2.5% | Best=2.6%(@500)
  from x3: 0.03 0.02 0.02 0.03 0.03 0.03 0.03 0.03 0.03 0.03 0.03 0.03 0.03
  per-rule acc: 0.03 0.03
Epoch 600 | Train: Loss=0.0670 Acc=99.9% | Test: Acc=2.6% | Best=2.6%(@500)
  from x3: 0.03 0.03 0.03 0.03 0.03 0.03 0.03 0.03 0.03 0.03 0.03 0.03 0.03
  per-rule acc: 0.03 0.03
Epoch 620 | Train: Loss=0.0691 Acc=99.9% | Test: Acc=2.8% | Best=2.8%(@620)
  from x3: 0.03 0.03 0.03 0.03 0.03 0.03 0.03 0.03 0.03 0.03 0.03 0.03 0.03
  per-rule acc: 0.03 0.03
Epoch 640 | Train: Loss=0.0637 Acc=99.9% | Test: Acc=2.7% | Best=2.8%(@620)
  from x3: 0.03 0.03 0.03 0.03 0.03 0.03 0.03 0.03 0.03 0.03 0.03 0.03 0.03
  per-rule acc: 0.03 0.03
Epoch 660 | Train: Loss=0.0631 Acc=99.9% | Test: Acc=2.7% | Best=2.8%(@620)
  from x3: 0.03 0.03 0.03 0.03 0.03 0.03 0.03 0.03 0.03 0.03 0.03 0.03 0.03
  per-rule acc: 0.03 0.03
Epoch 680 | Train: Loss=0.0590 Acc=99.9% | Test: Acc=2.6% | Best=2.8%(@620)
  from x3: 0.03 0.03 0.03 0.03 0.03 0.03 0.03 0.03 0.03 0.03 0.03 0.03 0.03
  per-rule acc: 0.03 0.03
Epoch 700 | Train: Loss=0.0599 Acc=99.9% | Test: Acc=2.6% | Best=2.8%(@620)
  from x3: 0.03 0.03 0.03 0.03 0.03 0.03 0.03 0.03 0.03 0.03 0.03 0.03 0.03
  per-rule acc: 0.03 0.03
Epoch 720 | Train: Loss=0.0588 Acc=99.9% | Test: Acc=2.4% | Best=2.8%(@620)
  from x3: 0.03 0.02 0.02 0.02 0.02 0.02 0.02 0.02 0.02 0.02 0.02 0.02 0.02
  per-rule acc: 0.02 0.02
Epoch 740 | Train: Loss=0.0569 Acc=99.9% | Test: Acc=2.5% | Best=2.8%(@620)
  from x3: 0.03 0.03 0.03 0.02 0.02 0.03 0.02 0.02 0.02 0.02 0.02 0.02 0.02
  per-rule acc: 0.02 0.03
Epoch 760 | Train: Loss=0.0519 Acc=99.9% | Test: Acc=2.8% | Best=2.8%(@620)
  from x3: 0.03 0.03 0.03 0.03 0.03 0.03 0.03 0.03 0.03 0.03 0.03 0.03 0.03
  per-rule acc: 0.03 0.03
Epoch 780 | Train: Loss=0.0491 Acc=99.8% | Test: Acc=2.6% | Best=2.8%(@620)
  from x3: 0.03 0.03 0.03 0.03 0.03 0.03 0.03 0.03 0.03 0.03 0.03 0.03 0.03
  per-rule acc: 0.03 0.02
Epoch 800 | Train: Loss=0.0561 Acc=99.9% | Test: Acc=2.8% | Best=2.8%(@800)
  from x3: 0.03 0.03 0.03 0.03 0.03 0.03 0.03 0.03 0.03 0.03 0.03 0.03 0.03
  per-rule acc: 0.03 0.03
Epoch 820 | Train: Loss=0.0536 Acc=99.9% | Test: Acc=2.8% | Best=2.8%(@800)
  from x3: 0.03 0.03 0.03 0.03 0.03 0.03 0.03 0.03 0.03 0.03 0.03 0.03 0.03
  per-rule acc: 0.03 0.03
Epoch 840 | Train: Loss=0.0429 Acc=99.8% | Test: Acc=2.8% | Best=2.8%(@800)
  from x3: 0.03 0.03 0.03 0.03 0.03 0.03 0.03 0.03 0.03 0.03 0.03 0.03 0.03
  per-rule acc: 0.03 0.03
Epoch 860 | Train: Loss=0.0541 Acc=99.9% | Test: Acc=2.6% | Best=2.8%(@800)
  from x3: 0.03 0.03 0.03 0.03 0.03 0.03 0.03 0.03 0.03 0.03 0.03 0.03 0.03
  per-rule acc: 0.03 0.03
Epoch 880 | Train: Loss=0.0498 Acc=99.9% | Test: Acc=2.9% | Best=2.9%(@880)
  from x3: 0.03 0.03 0.03 0.03 0.03 0.03 0.03 0.03 0.03 0.03 0.03 0.03 0.03
  per-rule acc: 0.03 0.03
Epoch 900 | Train: Loss=0.0498 Acc=99.9% | Test: Acc=2.6% | Best=2.9%(@880)
  from x3: 0.03 0.03 0.02 0.03 0.03 0.03 0.03 0.03 0.03 0.03 0.03 0.03 0.03
  per-rule acc: 0.03 0.03
Epoch 920 | Train: Loss=0.0460 Acc=99.9% | Test: Acc=2.9% | Best=2.9%(@880)
  from x3: 0.03 0.03 0.03 0.03 0.03 0.03 0.03 0.03 0.03 0.03 0.03 0.03 0.03
  per-rule acc: 0.03 0.03
Epoch 940 | Train: Loss=0.0456 Acc=99.9% | Test: Acc=2.8% | Best=2.9%(@880)
  from x3: 0.03 0.03 0.03 0.03 0.03 0.03 0.03 0.03 0.03 0.03 0.03 0.03 0.03
  per-rule acc: 0.03 0.03
Epoch 960 | Train: Loss=0.0479 Acc=99.9% | Test: Acc=2.9% | Best=2.9%(@960)
  from x3: 0.03 0.03 0.03 0.03 0.03 0.03 0.03 0.03 0.03 0.03 0.03 0.03 0.03
  per-rule acc: 0.03 0.03
Epoch 980 | Train: Loss=0.0445 Acc=99.9% | Test: Acc=3.1% | Best=3.1%(@980)
  from x3: 0.03 0.03 0.03 0.03 0.03 0.03 0.03 0.03 0.03 0.03 0.03 0.03 0.03
  per-rule acc: 0.03 0.03
Epoch 1000 | Train: Loss=0.0465 Acc=99.9% | Test: Acc=2.9% | Best=3.1%(@980)
  from x3: 0.03 0.03 0.03 0.03 0.03 0.03 0.03 0.03 0.03 0.03 0.03 0.03 0.03
  per-rule acc: 0.03 0.03
Epoch 1020 | Train: Loss=0.0387 Acc=99.9% | Test: Acc=3.0% | Best=3.1%(@980)
  from x3: 0.03 0.03 0.03 0.03 0.03 0.03 0.03 0.03 0.03 0.03 0.03 0.03 0.03
  per-rule acc: 0.03 0.03
Epoch 1040 | Train: Loss=0.0422 Acc=99.9% | Test: Acc=3.2% | Best=3.2%(@1040)
  from x3: 0.04 0.03 0.03 0.03 0.03 0.03 0.03 0.03 0.03 0.03 0.03 0.03 0.03
  per-rule acc: 0.03 0.03
Epoch 1060 | Train: Loss=0.0475 Acc=99.9% | Test: Acc=3.2% | Best=3.2%(@1060)
  from x3: 0.03 0.03 0.03 0.03 0.03 0.03 0.03 0.03 0.03 0.03 0.03 0.03 0.03
  per-rule acc: 0.03 0.03
Epoch 1080 | Train: Loss=0.0391 Acc=99.9% | Test: Acc=3.0% | Best=3.2%(@1060)
  from x3: 0.03 0.03 0.03 0.03 0.03 0.03 0.03 0.03 0.03 0.03 0.03 0.03 0.03
  per-rule acc: 0.03 0.03
Epoch 1100 | Train: Loss=0.0382 Acc=99.9% | Test: Acc=3.2% | Best=3.2%(@1060)
  from x3: 0.04 0.03 0.03 0.03 0.03 0.03 0.03 0.03 0.03 0.03 0.03 0.03 0.03
  per-rule acc: 0.03 0.03
Epoch 1120 | Train: Loss=0.0402 Acc=99.9% | Test: Acc=3.1% | Best=3.2%(@1060)
  from x3: 0.03 0.03 0.03 0.03 0.03 0.03 0.03 0.03 0.03 0.03 0.03 0.03 0.03
  per-rule acc: 0.03 0.03
Epoch 1140 | Train: Loss=0.0395 Acc=99.9% | Test: Acc=3.1% | Best=3.2%(@1060)
  from x3: 0.04 0.03 0.03 0.03 0.03 0.03 0.03 0.03 0.03 0.03 0.03 0.03 0.03
  per-rule acc: 0.03 0.03
Epoch 1160 | Train: Loss=0.0355 Acc=99.9% | Test: Acc=3.1% | Best=3.2%(@1060)
  from x3: 0.04 0.03 0.03 0.03 0.03 0.03 0.03 0.03 0.03 0.03 0.03 0.03 0.03
  per-rule acc: 0.03 0.03
Epoch 1180 | Train: Loss=0.0362 Acc=99.9% | Test: Acc=3.1% | Best=3.2%(@1060)
  from x3: 0.04 0.03 0.03 0.03 0.03 0.03 0.03 0.03 0.03 0.03 0.03 0.03 0.03
  per-rule acc: 0.03 0.03
Epoch 1200 | Train: Loss=0.0393 Acc=99.9% | Test: Acc=3.3% | Best=3.3%(@1200)
  from x3: 0.04 0.03 0.03 0.03 0.03 0.03 0.03 0.03 0.03 0.03 0.03 0.03 0.03
  per-rule acc: 0.03 0.03
Epoch 1220 | Train: Loss=0.0171 Acc=99.9% | Test: Acc=3.3% | Best=3.3%(@1220)
  from x3: 0.04 0.03 0.03 0.03 0.03 0.03 0.03 0.03 0.03 0.03 0.03 0.03 0.03
  per-rule acc: 0.03 0.03
Epoch 1240 | Train: Loss=0.0474 Acc=99.9% | Test: Acc=3.3% | Best=3.3%(@1240)
  from x3: 0.04 0.03 0.03 0.03 0.03 0.03 0.03 0.03 0.03 0.03 0.03 0.03 0.03
  per-rule acc: 0.04 0.03
Epoch 1260 | Train: Loss=0.0468 Acc=99.9% | Test: Acc=3.2% | Best=3.3%(@1240)
  from x3: 0.04 0.03 0.03 0.03 0.03 0.03 0.03 0.03 0.03 0.03 0.03 0.03 0.03
  per-rule acc: 0.03 0.03
Epoch 1280 | Train: Loss=0.0404 Acc=99.9% | Test: Acc=3.2% | Best=3.3%(@1240)
  from x3: 0.04 0.03 0.03 0.03 0.03 0.03 0.03 0.03 0.03 0.03 0.03 0.03 0.03
  per-rule acc: 0.03 0.03
Epoch 1300 | Train: Loss=0.0349 Acc=99.9% | Test: Acc=3.2% | Best=3.3%(@1240)
  from x3: 0.04 0.03 0.03 0.03 0.03 0.03 0.03 0.03 0.03 0.03 0.03 0.03 0.03
  per-rule acc: 0.04 0.03
Epoch 1320 | Train: Loss=0.0383 Acc=99.9% | Test: Acc=3.3% | Best=3.3%(@1240)
  from x3: 0.04 0.03 0.03 0.03 0.03 0.03 0.03 0.03 0.03 0.03 0.03 0.03 0.03
  per-rule acc: 0.03 0.03
Epoch 1340 | Train: Loss=0.0332 Acc=99.9% | Test: Acc=3.3% | Best=3.3%(@1240)
  from x3: 0.04 0.04 0.03 0.03 0.03 0.03 0.03 0.03 0.03 0.03 0.03 0.03 0.03
  per-rule acc: 0.04 0.03
Epoch 1360 | Train: Loss=0.0329 Acc=99.9% | Test: Acc=3.3% | Best=3.3%(@1240)
  from x3: 0.04 0.03 0.03 0.03 0.03 0.03 0.03 0.03 0.03 0.03 0.03 0.03 0.03
  per-rule acc: 0.03 0.03
Epoch 1380 | Train: Loss=0.0327 Acc=99.9% | Test: Acc=3.4% | Best=3.4%(@1380)
  from x3: 0.04 0.03 0.03 0.03 0.03 0.03 0.03 0.03 0.03 0.03 0.03 0.03 0.03
  per-rule acc: 0.03 0.03
Epoch 1400 | Train: Loss=0.0341 Acc=99.9% | Test: Acc=3.5% | Best=3.5%(@1400)
  from x3: 0.04 0.03 0.03 0.03 0.03 0.03 0.03 0.03 0.03 0.03 0.03 0.03 0.03
  per-rule acc: 0.04 0.03
Epoch 1420 | Train: Loss=0.0329 Acc=99.9% | Test: Acc=3.3% | Best=3.5%(@1400)
  from x3: 0.04 0.03 0.03 0.03 0.03 0.03 0.03 0.03 0.03 0.03 0.03 0.03 0.03
  per-rule acc: 0.04 0.03
Epoch 1440 | Train: Loss=0.0379 Acc=99.9% | Test: Acc=3.4% | Best=3.5%(@1400)
  from x3: 0.04 0.03 0.03 0.03 0.03 0.03 0.03 0.03 0.03 0.03 0.03 0.03 0.03
  per-rule acc: 0.04 0.03
Epoch 1460 | Train: Loss=0.0314 Acc=99.9% | Test: Acc=3.5% | Best=3.5%(@1400)
  from x3: 0.04 0.04 0.03 0.03 0.03 0.03 0.03 0.03 0.04 0.03 0.03 0.03 0.03
  per-rule acc: 0.04 0.03
Epoch 1480 | Train: Loss=0.0309 Acc=99.9% | Test: Acc=3.5% | Best=3.5%(@1400)
  from x3: 0.04 0.04 0.03 0.03 0.03 0.03 0.03 0.03 0.03 0.03 0.03 0.03 0.03
  per-rule acc: 0.04 0.03
Epoch 1500 | Train: Loss=0.0329 Acc=99.9% | Test: Acc=3.4% | Best=3.5%(@1400)
  from x3: 0.04 0.03 0.03 0.03 0.03 0.03 0.03 0.03 0.03 0.03 0.03 0.03 0.03
  per-rule acc: 0.04 0.03
Epoch 1520 | Train: Loss=0.0301 Acc=100.0% | Test: Acc=3.6% | Best=3.6%(@1520)
  from x3: 0.04 0.04 0.04 0.04 0.04 0.04 0.04 0.04 0.04 0.04 0.04 0.04 0.04
  per-rule acc: 0.04 0.04
Epoch 1540 | Train: Loss=0.0340 Acc=99.9% | Test: Acc=3.4% | Best=3.6%(@1520)
  from x3: 0.04 0.03 0.03 0.03 0.03 0.03 0.03 0.03 0.03 0.03 0.03 0.03 0.03
  per-rule acc: 0.04 0.03
Epoch 1560 | Train: Loss=0.0299 Acc=99.9% | Test: Acc=3.6% | Best=3.6%(@1520)
  from x3: 0.04 0.04 0.04 0.04 0.04 0.04 0.04 0.04 0.04 0.04 0.04 0.04 0.04
  per-rule acc: 0.04 0.03
Epoch 1580 | Train: Loss=0.0357 Acc=99.9% | Test: Acc=3.4% | Best=3.6%(@1520)
  from x3: 0.04 0.03 0.03 0.03 0.03 0.03 0.03 0.03 0.03 0.03 0.03 0.03 0.03
  per-rule acc: 0.04 0.03
Epoch 1600 | Train: Loss=0.0265 Acc=99.9% | Test: Acc=3.8% | Best=3.8%(@1600)
  from x3: 0.04 0.04 0.04 0.04 0.04 0.04 0.04 0.04 0.04 0.04 0.04 0.04 0.04
  per-rule acc: 0.04 0.04
Epoch 1620 | Train: Loss=0.0160 Acc=99.9% | Test: Acc=3.7% | Best=3.8%(@1600)
  from x3: 0.04 0.04 0.04 0.04 0.04 0.04 0.04 0.04 0.04 0.04 0.04 0.04 0.04
  per-rule acc: 0.04 0.04
Epoch 1640 | Train: Loss=0.0397 Acc=100.0% | Test: Acc=3.4% | Best=3.8%(@1600)
  from x3: 0.04 0.03 0.03 0.03 0.03 0.03 0.03 0.03 0.03 0.03 0.03 0.03 0.03
  per-rule acc: 0.04 0.03
Epoch 1660 | Train: Loss=0.0317 Acc=99.9% | Test: Acc=3.6% | Best=3.8%(@1600)
  from x3: 0.04 0.04 0.04 0.04 0.04 0.04 0.04 0.04 0.04 0.04 0.04 0.04 0.03
  per-rule acc: 0.04 0.03
Epoch 1680 | Train: Loss=0.0342 Acc=100.0% | Test: Acc=3.7% | Best=3.8%(@1600)
  from x3: 0.04 0.04 0.04 0.04 0.04 0.04 0.04 0.04 0.04 0.04 0.04 0.04 0.04
  per-rule acc: 0.04 0.03
Epoch 1700 | Train: Loss=0.0280 Acc=99.9% | Test: Acc=3.5% | Best=3.8%(@1600)
  from x3: 0.04 0.04 0.03 0.03 0.03 0.03 0.03 0.03 0.03 0.03 0.03 0.03 0.03
  per-rule acc: 0.04 0.03
Epoch 1720 | Train: Loss=0.0364 Acc=99.9% | Test: Acc=3.5% | Best=3.8%(@1600)
  from x3: 0.04 0.03 0.03 0.03 0.03 0.03 0.03 0.03 0.03 0.03 0.03 0.03 0.03
  per-rule acc: 0.04 0.03
Epoch 1740 | Train: Loss=0.0302 Acc=99.9% | Test: Acc=3.7% | Best=3.8%(@1600)
  from x3: 0.04 0.04 0.04 0.04 0.04 0.04 0.04 0.04 0.04 0.04 0.04 0.04 0.04
  per-rule acc: 0.04 0.04
Epoch 1760 | Train: Loss=0.0322 Acc=99.9% | Test: Acc=3.8% | Best=3.8%(@1760)
  from x3: 0.04 0.04 0.04 0.04 0.04 0.04 0.04 0.04 0.04 0.04 0.04 0.04 0.04
  per-rule acc: 0.04 0.04
Epoch 1780 | Train: Loss=0.0275 Acc=99.9% | Test: Acc=3.6% | Best=3.8%(@1760)
  from x3: 0.04 0.04 0.04 0.04 0.04 0.04 0.04 0.04 0.04 0.04 0.03 0.03 0.03
  per-rule acc: 0.04 0.03
Epoch 1800 | Train: Loss=0.0156 Acc=99.9% | Test: Acc=3.9% | Best=3.9%(@1800)
  from x3: 0.05 0.04 0.04 0.04 0.04 0.04 0.04 0.04 0.04 0.04 0.04 0.04 0.04
  per-rule acc: 0.04 0.04
Epoch 1820 | Train: Loss=0.0382 Acc=100.0% | Test: Acc=3.6% | Best=3.9%(@1800)
  from x3: 0.04 0.04 0.04 0.03 0.03 0.03 0.03 0.03 0.03 0.04 0.04 0.03 0.03
  per-rule acc: 0.04 0.03
Epoch 1840 | Train: Loss=0.0377 Acc=99.9% | Test: Acc=3.7% | Best=3.9%(@1800)
  from x3: 0.04 0.04 0.04 0.04 0.04 0.04 0.04 0.04 0.04 0.04 0.04 0.04 0.04
  per-rule acc: 0.04 0.03
Epoch 1860 | Train: Loss=0.0281 Acc=99.9% | Test: Acc=3.7% | Best=3.9%(@1800)
  from x3: 0.04 0.04 0.04 0.04 0.04 0.04 0.04 0.04 0.04 0.04 0.04 0.04 0.04
  per-rule acc: 0.04 0.03
Epoch 1880 | Train: Loss=0.0240 Acc=99.9% | Test: Acc=3.8% | Best=3.9%(@1800)
  from x3: 0.04 0.04 0.04 0.04 0.04 0.04 0.04 0.04 0.04 0.04 0.04 0.04 0.04
  per-rule acc: 0.04 0.03
Epoch 1900 | Train: Loss=0.0292 Acc=99.9% | Test: Acc=3.6% | Best=3.9%(@1800)
  from x3: 0.04 0.04 0.03 0.04 0.04 0.04 0.04 0.04 0.04 0.04 0.04 0.04 0.04
  per-rule acc: 0.04 0.03
Epoch 1920 | Train: Loss=0.0225 Acc=99.9% | Test: Acc=4.0% | Best=4.0%(@1920)
  from x3: 0.05 0.04 0.04 0.04 0.04 0.04 0.04 0.04 0.04 0.04 0.04 0.04 0.04
  per-rule acc: 0.05 0.03
Epoch 1940 | Train: Loss=0.0281 Acc=99.9% | Test: Acc=3.7% | Best=4.0%(@1920)
  from x3: 0.05 0.04 0.03 0.04 0.04 0.04 0.04 0.04 0.04 0.04 0.04 0.04 0.04
  per-rule acc: 0.04 0.03
Epoch 1960 | Train: Loss=0.0284 Acc=99.9% | Test: Acc=3.7% | Best=4.0%(@1920)
  from x3: 0.04 0.04 0.04 0.04 0.04 0.04 0.04 0.04 0.04 0.04 0.04 0.04 0.04
  per-rule acc: 0.04 0.03
Epoch 1980 | Train: Loss=0.0273 Acc=99.9% | Test: Acc=3.7% | Best=4.0%(@1920)
  from x3: 0.05 0.04 0.04 0.04 0.04 0.04 0.04 0.04 0.04 0.04 0.04 0.04 0.04
  per-rule acc: 0.04 0.04
Epoch 2000 | Train: Loss=0.0201 Acc=99.9% | Test: Acc=4.0% | Best=4.0%(@1920)
  from x3: 0.05 0.04 0.04 0.04 0.04 0.04 0.04 0.04 0.04 0.04 0.04 0.04 0.04
  per-rule acc: 0.04 0.04
Epoch 2020 | Train: Loss=0.0301 Acc=99.9% | Test: Acc=3.9% | Best=4.0%(@1920)
  from x3: 0.05 0.04 0.04 0.04 0.04 0.04 0.04 0.04 0.04 0.04 0.04 0.04 0.04
  per-rule acc: 0.04 0.04
Epoch 2040 | Train: Loss=0.0276 Acc=99.9% | Test: Acc=3.8% | Best=4.0%(@1920)
  from x3: 0.04 0.04 0.04 0.04 0.04 0.04 0.04 0.04 0.04 0.04 0.04 0.04 0.04
  per-rule acc: 0.04 0.03
Epoch 2060 | Train: Loss=0.0300 Acc=99.9% | Test: Acc=4.0% | Best=4.0%(@1920)
  from x3: 0.05 0.04 0.04 0.04 0.04 0.04 0.04 0.04 0.04 0.04 0.04 0.04 0.04
  per-rule acc: 0.04 0.04
Epoch 2080 | Train: Loss=0.0238 Acc=99.9% | Test: Acc=3.9% | Best=4.0%(@1920)
  from x3: 0.05 0.04 0.04 0.04 0.04 0.04 0.04 0.04 0.04 0.04 0.04 0.04 0.04
  per-rule acc: 0.04 0.04
Epoch 2100 | Train: Loss=0.0269 Acc=99.9% | Test: Acc=3.8% | Best=4.0%(@1920)
  from x3: 0.05 0.04 0.04 0.04 0.04 0.04 0.04 0.04 0.04 0.04 0.04 0.04 0.04
  per-rule acc: 0.04 0.03
Epoch 2120 | Train: Loss=0.0153 Acc=99.9% | Test: Acc=4.0% | Best=4.0%(@1920)
  from x3: 0.05 0.04 0.04 0.04 0.04 0.04 0.04 0.04 0.04 0.04 0.04 0.04 0.04
  per-rule acc: 0.04 0.04
Epoch 2140 | Train: Loss=0.0350 Acc=99.9% | Test: Acc=3.7% | Best=4.0%(@1920)
  from x3: 0.04 0.04 0.04 0.04 0.04 0.04 0.04 0.04 0.04 0.04 0.04 0.04 0.04
  per-rule acc: 0.04 0.03
Epoch 2160 | Train: Loss=0.0281 Acc=99.9% | Test: Acc=4.0% | Best=4.0%(@1920)
  from x3: 0.05 0.04 0.04 0.04 0.04 0.04 0.04 0.04 0.04 0.04 0.04 0.04 0.04
  per-rule acc: 0.04 0.04
Epoch 2180 | Train: Loss=0.0200 Acc=99.9% | Test: Acc=3.9% | Best=4.0%(@1920)
  from x3: 0.05 0.04 0.04 0.04 0.04 0.04 0.04 0.04 0.04 0.04 0.04 0.04 0.04
  per-rule acc: 0.04 0.04
Epoch 2200 | Train: Loss=0.0160 Acc=99.9% | Test: Acc=3.9% | Best=4.0%(@1920)
  from x3: 0.05 0.04 0.04 0.04 0.04 0.04 0.04 0.04 0.04 0.04 0.04 0.04 0.04
  per-rule acc: 0.04 0.04
Epoch 2220 | Train: Loss=0.0349 Acc=99.9% | Test: Acc=3.8% | Best=4.0%(@1920)
  from x3: 0.04 0.04 0.04 0.04 0.04 0.04 0.04 0.04 0.04 0.04 0.04 0.04 0.04
  per-rule acc: 0.04 0.04
Epoch 2240 | Train: Loss=0.0264 Acc=99.9% | Test: Acc=3.8% | Best=4.0%(@1920)
  from x3: 0.05 0.04 0.04 0.04 0.04 0.04 0.04 0.04 0.04 0.04 0.04 0.04 0.04
  per-rule acc: 0.04 0.04
Epoch 2260 | Train: Loss=0.0283 Acc=99.9% | Test: Acc=3.9% | Best=4.0%(@1920)
  from x3: 0.05 0.04 0.04 0.04 0.04 0.04 0.04 0.04 0.04 0.04 0.04 0.04 0.04
  per-rule acc: 0.04 0.04
Epoch 2280 | Train: Loss=0.0224 Acc=99.9% | Test: Acc=4.2% | Best=4.2%(@2280)
  from x3: 0.05 0.04 0.04 0.04 0.04 0.04 0.04 0.04 0.04 0.04 0.04 0.04 0.04
  per-rule acc: 0.05 0.04
Epoch 2300 | Train: Loss=0.0251 Acc=99.9% | Test: Acc=3.7% | Best=4.2%(@2280)
  from x3: 0.05 0.04 0.04 0.04 0.04 0.04 0.04 0.04 0.04 0.04 0.04 0.04 0.04
  per-rule acc: 0.04 0.03
Epoch 2320 | Train: Loss=0.0163 Acc=99.9% | Test: Acc=4.0% | Best=4.2%(@2280)
  from x3: 0.05 0.04 0.04 0.04 0.04 0.04 0.04 0.04 0.04 0.04 0.04 0.04 0.04
  per-rule acc: 0.04 0.04
Epoch 2340 | Train: Loss=0.0171 Acc=99.9% | Test: Acc=4.0% | Best=4.2%(@2280)
  from x3: 0.05 0.04 0.04 0.04 0.04 0.04 0.04 0.04 0.04 0.04 0.04 0.04 0.04
  per-rule acc: 0.04 0.04
Epoch 2360 | Train: Loss=0.0349 Acc=99.9% | Test: Acc=3.9% | Best=4.2%(@2280)
  from x3: 0.05 0.04 0.04 0.04 0.04 0.04 0.04 0.04 0.04 0.04 0.04 0.04 0.04
  per-rule acc: 0.04 0.03
Epoch 2380 | Train: Loss=0.0262 Acc=99.9% | Test: Acc=4.0% | Best=4.2%(@2280)
  from x3: 0.05 0.04 0.04 0.04 0.04 0.04 0.04 0.04 0.04 0.04 0.04 0.04 0.04
  per-rule acc: 0.04 0.04
Epoch 2400 | Train: Loss=0.0140 Acc=99.9% | Test: Acc=4.1% | Best=4.2%(@2280)
  from x3: 0.05 0.04 0.04 0.04 0.04 0.04 0.04 0.04 0.04 0.04 0.04 0.04 0.04
  per-rule acc: 0.05 0.04
Epoch 2420 | Train: Loss=0.0409 Acc=100.0% | Test: Acc=3.8% | Best=4.2%(@2280)
  from x3: 0.04 0.04 0.04 0.04 0.04 0.04 0.04 0.04 0.04 0.04 0.04 0.04 0.04
  per-rule acc: 0.05 0.03
Epoch 2440 | Train: Loss=0.0316 Acc=99.9% | Test: Acc=3.6% | Best=4.2%(@2280)
  from x3: 0.04 0.04 0.04 0.04 0.04 0.04 0.04 0.04 0.03 0.03 0.03 0.04 0.03
  per-rule acc: 0.04 0.03
Epoch 2460 | Train: Loss=0.0296 Acc=100.0% | Test: Acc=4.0% | Best=4.2%(@2280)
  from x3: 0.05 0.04 0.04 0.04 0.04 0.04 0.04 0.04 0.04 0.04 0.04 0.04 0.04
  per-rule acc: 0.05 0.03
Epoch 2480 | Train: Loss=0.0242 Acc=99.9% | Test: Acc=4.1% | Best=4.2%(@2280)
  from x3: 0.05 0.04 0.04 0.04 0.04 0.04 0.04 0.04 0.04 0.04 0.04 0.04 0.04
  per-rule acc: 0.04 0.04
Epoch 2500 | Train: Loss=0.0148 Acc=99.9% | Test: Acc=4.1% | Best=4.2%(@2280)
  from x3: 0.05 0.04 0.04 0.04 0.04 0.04 0.04 0.04 0.04 0.04 0.04 0.04 0.04
  per-rule acc: 0.05 0.04
Epoch 2520 | Train: Loss=0.0319 Acc=99.9% | Test: Acc=3.9% | Best=4.2%(@2280)
  from x3: 0.05 0.04 0.04 0.04 0.04 0.04 0.04 0.04 0.04 0.04 0.04 0.04 0.04
  per-rule acc: 0.04 0.03
Epoch 2540 | Train: Loss=0.0260 Acc=99.9% | Test: Acc=4.1% | Best=4.2%(@2280)
  from x3: 0.05 0.04 0.04 0.04 0.04 0.04 0.04 0.04 0.04 0.04 0.04 0.04 0.04
  per-rule acc: 0.05 0.03
Epoch 2560 | Train: Loss=0.0173 Acc=99.9% | Test: Acc=4.1% | Best=4.2%(@2280)
  from x3: 0.05 0.04 0.04 0.04 0.04 0.04 0.04 0.04 0.04 0.04 0.04 0.04 0.04
  per-rule acc: 0.05 0.04
Epoch 2580 | Train: Loss=0.0226 Acc=99.9% | Test: Acc=4.1% | Best=4.2%(@2280)
  from x3: 0.05 0.04 0.04 0.04 0.04 0.04 0.04 0.04 0.04 0.04 0.04 0.04 0.04
  per-rule acc: 0.04 0.04
Epoch 2600 | Train: Loss=0.0294 Acc=100.0% | Test: Acc=4.2% | Best=4.2%(@2600)
  from x3: 0.05 0.04 0.04 0.04 0.04 0.04 0.04 0.04 0.04 0.04 0.04 0.04 0.04
  per-rule acc: 0.05 0.04
Epoch 2620 | Train: Loss=0.0204 Acc=99.9% | Test: Acc=4.0% | Best=4.2%(@2600)
  from x3: 0.04 0.04 0.04 0.04 0.04 0.04 0.04 0.04 0.04 0.04 0.04 0.04 0.04
  per-rule acc: 0.05 0.03
Epoch 2640 | Train: Loss=0.0205 Acc=99.9% | Test: Acc=4.3% | Best=4.3%(@2640)
  from x3: 0.05 0.04 0.04 0.04 0.04 0.04 0.04 0.04 0.04 0.04 0.04 0.04 0.04
  per-rule acc: 0.05 0.03
Epoch 2660 | Train: Loss=0.0139 Acc=99.9% | Test: Acc=4.1% | Best=4.3%(@2640)
  from x3: 0.05 0.04 0.04 0.04 0.04 0.04 0.04 0.04 0.04 0.04 0.04 0.04 0.04
  per-rule acc: 0.05 0.04
Epoch 2680 | Train: Loss=0.0313 Acc=100.0% | Test: Acc=4.1% | Best=4.3%(@2640)
  from x3: 0.05 0.04 0.04 0.04 0.04 0.04 0.04 0.04 0.04 0.04 0.04 0.04 0.04
  per-rule acc: 0.05 0.03
Epoch 2700 | Train: Loss=0.0274 Acc=100.0% | Test: Acc=4.0% | Best=4.3%(@2640)
  from x3: 0.05 0.04 0.04 0.04 0.04 0.04 0.04 0.04 0.04 0.04 0.04 0.04 0.04
  per-rule acc: 0.04 0.04
Epoch 2720 | Train: Loss=0.0244 Acc=99.9% | Test: Acc=4.2% | Best=4.3%(@2640)
  from x3: 0.05 0.04 0.04 0.04 0.04 0.04 0.04 0.04 0.04 0.04 0.04 0.04 0.04
  per-rule acc: 0.05 0.04
Epoch 2740 | Train: Loss=0.0143 Acc=99.9% | Test: Acc=4.0% | Best=4.3%(@2640)
  from x3: 0.05 0.04 0.04 0.04 0.04 0.04 0.04 0.04 0.04 0.04 0.04 0.04 0.04
  per-rule acc: 0.05 0.04
Epoch 2760 | Train: Loss=0.0344 Acc=99.9% | Test: Acc=4.0% | Best=4.3%(@2640)
  from x3: 0.05 0.04 0.04 0.04 0.04 0.04 0.04 0.04 0.04 0.04 0.04 0.04 0.04
  per-rule acc: 0.05 0.03
Epoch 2780 | Train: Loss=0.0305 Acc=99.9% | Test: Acc=4.0% | Best=4.3%(@2640)
  from x3: 0.05 0.04 0.04 0.04 0.04 0.04 0.04 0.04 0.04 0.04 0.04 0.04 0.04
  per-rule acc: 0.05 0.03
Epoch 2800 | Train: Loss=0.0258 Acc=99.9% | Test: Acc=4.2% | Best=4.3%(@2640)
  from x3: 0.05 0.04 0.04 0.04 0.04 0.04 0.04 0.04 0.04 0.04 0.04 0.04 0.04
  per-rule acc: 0.05 0.04
Epoch 2820 | Train: Loss=0.0217 Acc=100.0% | Test: Acc=4.5% | Best=4.5%(@2820)
  from x3: 0.05 0.04 0.04 0.04 0.04 0.04 0.04 0.04 0.04 0.04 0.04 0.04 0.04
  per-rule acc: 0.05 0.04
Epoch 2840 | Train: Loss=0.0139 Acc=99.9% | Test: Acc=4.2% | Best=4.5%(@2820)
  from x3: 0.05 0.04 0.04 0.04 0.04 0.04 0.04 0.04 0.04 0.04 0.04 0.04 0.04
  per-rule acc: 0.05 0.03
Epoch 2860 | Train: Loss=0.0325 Acc=100.0% | Test: Acc=4.3% | Best=4.5%(@2820)
  from x3: 0.05 0.04 0.04 0.04 0.04 0.04 0.04 0.04 0.04 0.04 0.04 0.04 0.04
  per-rule acc: 0.05 0.04
Epoch 2880 | Train: Loss=0.0333 Acc=100.0% | Test: Acc=4.1% | Best=4.5%(@2820)
  from x3: 0.05 0.04 0.04 0.04 0.04 0.04 0.04 0.04 0.04 0.04 0.04 0.04 0.04
  per-rule acc: 0.05 0.03
Epoch 2900 | Train: Loss=0.0133 Acc=100.0% | Test: Acc=4.3% | Best=4.5%(@2820)
  from x3: 0.05 0.04 0.04 0.04 0.04 0.04 0.04 0.04 0.04 0.04 0.04 0.04 0.04
  per-rule acc: 0.05 0.03
Epoch 2920 | Train: Loss=0.0361 Acc=100.0% | Test: Acc=4.1% | Best=4.5%(@2820)
  from x3: 0.05 0.04 0.04 0.04 0.04 0.04 0.04 0.04 0.04 0.04 0.04 0.04 0.04
  per-rule acc: 0.05 0.04
Epoch 2940 | Train: Loss=0.0259 Acc=100.0% | Test: Acc=4.2% | Best=4.5%(@2820)
  from x3: 0.05 0.04 0.04 0.04 0.04 0.04 0.04 0.04 0.04 0.04 0.04 0.04 0.04
  per-rule acc: 0.05 0.03
Epoch 2960 | Train: Loss=0.0234 Acc=99.9% | Test: Acc=4.2% | Best=4.5%(@2820)
  from x3: 0.05 0.04 0.04 0.04 0.04 0.04 0.04 0.04 0.04 0.04 0.04 0.04 0.04
  per-rule acc: 0.05 0.03
Epoch 2980 | Train: Loss=0.0259 Acc=99.9% | Test: Acc=4.4% | Best=4.5%(@2820)
  from x3: 0.05 0.04 0.04 0.04 0.04 0.04 0.04 0.04 0.04 0.04 0.04 0.04 0.04
  per-rule acc: 0.05 0.04
Epoch 3000 | Train: Loss=0.0140 Acc=99.9% | Test: Acc=4.5% | Best=4.5%(@2820)
  from x3: 0.05 0.04 0.04 0.04 0.04 0.04 0.04 0.04 0.04 0.04 0.04 0.04 0.04
  per-rule acc: 0.05 0.03
Epoch 3020 | Train: Loss=0.0320 Acc=100.0% | Test: Acc=4.3% | Best=4.5%(@2820)
  from x3: 0.05 0.04 0.04 0.04 0.04 0.04 0.04 0.04 0.04 0.04 0.04 0.04 0.04
  per-rule acc: 0.05 0.04
Epoch 3040 | Train: Loss=0.0290 Acc=99.9% | Test: Acc=4.3% | Best=4.5%(@2820)
  from x3: 0.05 0.04 0.04 0.04 0.04 0.04 0.04 0.04 0.04 0.04 0.04 0.04 0.04
  per-rule acc: 0.05 0.04
Epoch 3060 | Train: Loss=0.0237 Acc=99.9% | Test: Acc=4.2% | Best=4.5%(@2820)
  from x3: 0.05 0.04 0.04 0.04 0.04 0.04 0.04 0.04 0.04 0.04 0.04 0.04 0.04
  per-rule acc: 0.05 0.04
Epoch 3080 | Train: Loss=0.0256 Acc=100.0% | Test: Acc=4.4% | Best=4.5%(@2820)
  from x3: 0.05 0.05 0.04 0.04 0.04 0.04 0.04 0.04 0.04 0.04 0.04 0.04 0.04
  per-rule acc: 0.05 0.04
Epoch 3100 | Train: Loss=0.0138 Acc=99.9% | Test: Acc=4.4% | Best=4.5%(@2820)
  from x3: 0.05 0.04 0.04 0.04 0.04 0.04 0.04 0.04 0.04 0.04 0.04 0.04 0.04
  per-rule acc: 0.05 0.04
Epoch 3120 | Train: Loss=0.0130 Acc=99.9% | Test: Acc=4.4% | Best=4.5%(@2820)
  from x3: 0.05 0.04 0.04 0.04 0.04 0.04 0.04 0.04 0.04 0.04 0.04 0.04 0.04
  per-rule acc: 0.05 0.04
Epoch 3140 | Train: Loss=0.0356 Acc=100.0% | Test: Acc=4.4% | Best=4.5%(@2820)
  from x3: 0.05 0.05 0.04 0.04 0.04 0.04 0.04 0.04 0.04 0.04 0.04 0.04 0.04
  per-rule acc: 0.05 0.04
Epoch 3160 | Train: Loss=0.0258 Acc=100.0% | Test: Acc=4.5% | Best=4.5%(@2820)
  from x3: 0.05 0.05 0.04 0.04 0.04 0.04 0.04 0.04 0.04 0.04 0.04 0.04 0.04
  per-rule acc: 0.05 0.04
Epoch 3180 | Train: Loss=0.0186 Acc=99.9% | Test: Acc=4.4% | Best=4.5%(@2820)
  from x3: 0.05 0.05 0.04 0.04 0.04 0.04 0.04 0.04 0.04 0.04 0.04 0.04 0.04
  per-rule acc: 0.05 0.04
Epoch 3200 | Train: Loss=0.0137 Acc=100.0% | Test: Acc=4.5% | Best=4.5%(@2820)
  from x3: 0.05 0.05 0.04 0.04 0.04 0.04 0.04 0.04 0.04 0.04 0.04 0.04 0.04
  per-rule acc: 0.05 0.04
Epoch 3220 | Train: Loss=0.0129 Acc=99.9% | Test: Acc=4.6% | Best=4.6%(@3220)
  from x3: 0.05 0.05 0.04 0.05 0.05 0.05 0.05 0.05 0.04 0.04 0.04 0.04 0.04
  per-rule acc: 0.05 0.04
Epoch 3240 | Train: Loss=0.0297 Acc=100.0% | Test: Acc=4.5% | Best=4.6%(@3220)
  from x3: 0.05 0.05 0.04 0.04 0.04 0.04 0.04 0.04 0.04 0.04 0.04 0.04 0.04
  per-rule acc: 0.05 0.04
Epoch 3260 | Train: Loss=0.0252 Acc=99.9% | Test: Acc=4.5% | Best=4.6%(@3220)
  from x3: 0.05 0.05 0.05 0.05 0.05 0.04 0.04 0.04 0.04 0.04 0.04 0.04 0.04
  per-rule acc: 0.06 0.04
Epoch 3280 | Train: Loss=0.0201 Acc=99.9% | Test: Acc=4.5% | Best=4.6%(@3220)
  from x3: 0.05 0.04 0.04 0.05 0.04 0.04 0.04 0.04 0.04 0.04 0.04 0.04 0.04
  per-rule acc: 0.05 0.04
Epoch 3300 | Train: Loss=0.0241 Acc=99.9% | Test: Acc=4.3% | Best=4.6%(@3220)
  from x3: 0.05 0.04 0.04 0.04 0.04 0.04 0.04 0.04 0.04 0.04 0.04 0.04 0.04
  per-rule acc: 0.05 0.03
Epoch 3320 | Train: Loss=0.0147 Acc=99.9% | Test: Acc=4.6% | Best=4.6%(@3220)
  from x3: 0.05 0.05 0.05 0.04 0.04 0.04 0.04 0.04 0.04 0.04 0.05 0.04 0.04
  per-rule acc: 0.05 0.04
Epoch 3340 | Train: Loss=0.0349 Acc=100.0% | Test: Acc=4.3% | Best=4.6%(@3220)
  from x3: 0.05 0.05 0.04 0.04 0.04 0.04 0.04 0.04 0.04 0.04 0.04 0.04 0.04
  per-rule acc: 0.05 0.04
Epoch 3360 | Train: Loss=0.0198 Acc=99.9% | Test: Acc=4.6% | Best=4.6%(@3360)
  from x3: 0.05 0.05 0.05 0.05 0.05 0.05 0.05 0.05 0.05 0.05 0.05 0.05 0.05
  per-rule acc: 0.05 0.04
Epoch 3380 | Train: Loss=0.0130 Acc=99.9% | Test: Acc=4.3% | Best=4.6%(@3360)
  from x3: 0.05 0.04 0.04 0.04 0.04 0.04 0.04 0.04 0.04 0.04 0.04 0.04 0.04
  per-rule acc: 0.05 0.03
Epoch 3400 | Train: Loss=0.0128 Acc=99.9% | Test: Acc=4.5% | Best=4.6%(@3360)
  from x3: 0.05 0.05 0.05 0.04 0.04 0.04 0.04 0.04 0.04 0.04 0.04 0.04 0.04
  per-rule acc: 0.05 0.04
Epoch 3420 | Train: Loss=0.0337 Acc=100.0% | Test: Acc=4.5% | Best=4.6%(@3360)
  from x3: 0.05 0.05 0.04 0.04 0.04 0.04 0.04 0.04 0.04 0.04 0.04 0.04 0.04
  per-rule acc: 0.05 0.04
Epoch 3440 | Train: Loss=0.0214 Acc=99.9% | Test: Acc=4.5% | Best=4.6%(@3360)
  from x3: 0.05 0.05 0.05 0.04 0.04 0.04 0.04 0.04 0.04 0.04 0.04 0.04 0.04
  per-rule acc: 0.05 0.04
Epoch 3460 | Train: Loss=0.0131 Acc=100.0% | Test: Acc=4.4% | Best=4.6%(@3360)
  from x3: 0.05 0.05 0.04 0.04 0.04 0.04 0.04 0.04 0.04 0.04 0.04 0.04 0.04
  per-rule acc: 0.05 0.04
Epoch 3480 | Train: Loss=0.0289 Acc=100.0% | Test: Acc=4.6% | Best=4.6%(@3360)
  from x3: 0.05 0.05 0.05 0.04 0.04 0.04 0.04 0.04 0.04 0.04 0.04 0.04 0.04
  per-rule acc: 0.05 0.04
Epoch 3500 | Train: Loss=0.0262 Acc=100.0% | Test: Acc=4.6% | Best=4.6%(@3360)
  from x3: 0.05 0.05 0.05 0.05 0.05 0.05 0.05 0.05 0.05 0.05 0.04 0.05 0.04
  per-rule acc: 0.05 0.04
Epoch 3520 | Train: Loss=0.0132 Acc=100.0% | Test: Acc=4.5% | Best=4.6%(@3360)
  from x3: 0.05 0.05 0.04 0.04 0.04 0.04 0.04 0.04 0.04 0.04 0.04 0.04 0.04
  per-rule acc: 0.05 0.03
Epoch 3540 | Train: Loss=0.0126 Acc=99.9% | Test: Acc=4.6% | Best=4.6%(@3360)
  from x3: 0.05 0.05 0.05 0.05 0.05 0.05 0.05 0.04 0.04 0.04 0.04 0.04 0.04
  per-rule acc: 0.06 0.04
Epoch 3560 | Train: Loss=0.0287 Acc=99.9% | Test: Acc=4.6% | Best=4.6%(@3360)
  from x3: 0.05 0.05 0.05 0.04 0.04 0.05 0.05 0.04 0.04 0.04 0.04 0.04 0.04
  per-rule acc: 0.05 0.04
Epoch 3580 | Train: Loss=0.0125 Acc=99.9% | Test: Acc=4.6% | Best=4.6%(@3360)
  from x3: 0.05 0.05 0.04 0.05 0.04 0.04 0.04 0.05 0.05 0.04 0.05 0.05 0.04
  per-rule acc: 0.06 0.04
Epoch 3600 | Train: Loss=0.0115 Acc=99.9% | Test: Acc=4.6% | Best=4.6%(@3360)
  from x3: 0.05 0.05 0.05 0.04 0.04 0.04 0.04 0.04 0.04 0.04 0.04 0.04 0.04
  per-rule acc: 0.05 0.04
Epoch 3620 | Train: Loss=0.0377 Acc=100.0% | Test: Acc=4.9% | Best=4.9%(@3620)
  from x3: 0.05 0.05 0.05 0.05 0.05 0.05 0.05 0.05 0.05 0.05 0.05 0.05 0.05
  per-rule acc: 0.06 0.04
Epoch 3640 | Train: Loss=0.0255 Acc=99.9% | Test: Acc=4.7% | Best=4.9%(@3620)
  from x3: 0.05 0.05 0.05 0.05 0.05 0.05 0.05 0.05 0.05 0.05 0.05 0.05 0.05
  per-rule acc: 0.06 0.04
Epoch 3660 | Train: Loss=0.0161 Acc=99.9% | Test: Acc=4.4% | Best=4.9%(@3620)
  from x3: 0.05 0.05 0.04 0.04 0.04 0.04 0.04 0.04 0.04 0.04 0.04 0.04 0.04
  per-rule acc: 0.05 0.04
Epoch 3680 | Train: Loss=0.0129 Acc=99.9% | Test: Acc=4.5% | Best=4.9%(@3620)
  from x3: 0.05 0.05 0.04 0.04 0.04 0.04 0.04 0.04 0.04 0.04 0.04 0.04 0.04
  per-rule acc: 0.05 0.04
Epoch 3700 | Train: Loss=0.0125 Acc=99.9% | Test: Acc=4.5% | Best=4.9%(@3620)
  from x3: 0.05 0.05 0.04 0.05 0.04 0.04 0.04 0.04 0.04 0.04 0.04 0.04 0.04
  per-rule acc: 0.05 0.04
Epoch 3720 | Train: Loss=0.0116 Acc=100.0% | Test: Acc=4.5% | Best=4.9%(@3620)
  from x3: 0.05 0.05 0.05 0.04 0.04 0.04 0.04 0.04 0.04 0.04 0.04 0.04 0.04
  per-rule acc: 0.05 0.04
Epoch 3740 | Train: Loss=0.0523 Acc=100.0% | Test: Acc=4.4% | Best=4.9%(@3620)
  from x3: 0.05 0.04 0.04 0.04 0.04 0.04 0.04 0.04 0.04 0.04 0.04 0.04 0.04
  per-rule acc: 0.05 0.04
Epoch 3760 | Train: Loss=0.0280 Acc=99.9% | Test: Acc=4.6% | Best=4.9%(@3620)
  from x3: 0.05 0.05 0.05 0.05 0.05 0.05 0.05 0.05 0.05 0.05 0.05 0.04 0.04
  per-rule acc: 0.06 0.04
Epoch 3780 | Train: Loss=0.0235 Acc=99.9% | Test: Acc=4.7% | Best=4.9%(@3620)
  from x3: 0.05 0.05 0.05 0.05 0.05 0.05 0.05 0.05 0.05 0.05 0.05 0.05 0.05
  per-rule acc: 0.05 0.04
Epoch 3800 | Train: Loss=0.0122 Acc=100.0% | Test: Acc=4.4% | Best=4.9%(@3620)
  from x3: 0.05 0.05 0.04 0.04 0.04 0.04 0.04 0.04 0.04 0.04 0.04 0.04 0.04
  per-rule acc: 0.05 0.04
Epoch 3820 | Train: Loss=0.0118 Acc=100.0% | Test: Acc=4.6% | Best=4.9%(@3620)
  from x3: 0.05 0.05 0.04 0.05 0.04 0.04 0.04 0.04 0.04 0.04 0.04 0.04 0.04
  per-rule acc: 0.05 0.04
Epoch 3840 | Train: Loss=0.0260 Acc=100.0% | Test: Acc=4.8% | Best=4.9%(@3620)
  from x3: 0.05 0.05 0.05 0.05 0.05 0.05 0.05 0.05 0.05 0.05 0.05 0.05 0.05
  per-rule acc: 0.06 0.04
Epoch 3860 | Train: Loss=0.0219 Acc=100.0% | Test: Acc=4.5% | Best=4.9%(@3620)
  from x3: 0.05 0.05 0.05 0.05 0.05 0.05 0.04 0.04 0.04 0.04 0.04 0.04 0.04
  per-rule acc: 0.05 0.04
Epoch 3880 | Train: Loss=0.0161 Acc=99.9% | Test: Acc=4.6% | Best=4.9%(@3620)
  from x3: 0.06 0.05 0.05 0.05 0.04 0.04 0.04 0.04 0.04 0.04 0.04 0.04 0.04
  per-rule acc: 0.05 0.04
Epoch 3900 | Train: Loss=0.0124 Acc=100.0% | Test: Acc=4.6% | Best=4.9%(@3620)
  from x3: 0.05 0.05 0.05 0.04 0.05 0.04 0.04 0.04 0.05 0.05 0.05 0.05 0.04
  per-rule acc: 0.05 0.04
Epoch 3920 | Train: Loss=0.0119 Acc=99.9% | Test: Acc=4.6% | Best=4.9%(@3620)
  from x3: 0.05 0.05 0.05 0.05 0.05 0.05 0.05 0.05 0.05 0.05 0.05 0.05 0.05
  per-rule acc: 0.05 0.04
Epoch 3940 | Train: Loss=0.0219 Acc=99.9% | Test: Acc=4.6% | Best=4.9%(@3620)
  from x3: 0.06 0.05 0.05 0.04 0.05 0.05 0.04 0.04 0.04 0.04 0.04 0.04 0.04
  per-rule acc: 0.05 0.04
Epoch 3960 | Train: Loss=0.0117 Acc=100.0% | Test: Acc=4.6% | Best=4.9%(@3620)
  from x3: 0.05 0.05 0.05 0.05 0.04 0.04 0.04 0.04 0.04 0.04 0.04 0.04 0.04
  per-rule acc: 0.05 0.04
Epoch 3980 | Train: Loss=0.0110 Acc=100.0% | Test: Acc=4.7% | Best=4.9%(@3620)
  from x3: 0.05 0.05 0.05 0.05 0.05 0.05 0.05 0.05 0.05 0.05 0.05 0.05 0.05
  per-rule acc: 0.05 0.04
Epoch 4000 | Train: Loss=0.0433 Acc=100.0% | Test: Acc=4.5% | Best=4.9%(@3620)
  from x3: 0.05 0.05 0.04 0.04 0.04 0.04 0.04 0.04 0.04 0.04 0.04 0.04 0.04
  per-rule acc: 0.05 0.04
Epoch 4020 | Train: Loss=0.0249 Acc=99.9% | Test: Acc=4.9% | Best=4.9%(@4020)
  from x3: 0.05 0.05 0.05 0.05 0.05 0.05 0.05 0.05 0.05 0.05 0.05 0.05 0.05
  per-rule acc: 0.05 0.04
Epoch 4040 | Train: Loss=0.0136 Acc=99.9% | Test: Acc=4.7% | Best=4.9%(@4020)
  from x3: 0.05 0.05 0.05 0.05 0.05 0.05 0.05 0.05 0.05 0.05 0.05 0.05 0.05
  per-rule acc: 0.05 0.04
Epoch 4060 | Train: Loss=0.0118 Acc=100.0% | Test: Acc=4.7% | Best=4.9%(@4020)
  from x3: 0.05 0.05 0.05 0.05 0.05 0.05 0.05 0.05 0.05 0.05 0.05 0.05 0.05
  per-rule acc: 0.05 0.04
Epoch 4080 | Train: Loss=0.0111 Acc=100.0% | Test: Acc=4.8% | Best=4.9%(@4020)
  from x3: 0.05 0.05 0.05 0.05 0.05 0.05 0.05 0.05 0.05 0.05 0.05 0.05 0.05
  per-rule acc: 0.06 0.04
Epoch 4100 | Train: Loss=0.0293 Acc=100.0% | Test: Acc=4.5% | Best=4.9%(@4020)
  from x3: 0.05 0.05 0.04 0.04 0.04 0.04 0.04 0.04 0.04 0.04 0.04 0.04 0.04
  per-rule acc: 0.05 0.04
Epoch 4120 | Train: Loss=0.0206 Acc=99.9% | Test: Acc=4.7% | Best=4.9%(@4020)
  from x3: 0.06 0.05 0.05 0.05 0.05 0.05 0.05 0.05 0.05 0.05 0.05 0.05 0.05
  per-rule acc: 0.05 0.04
Epoch 4140 | Train: Loss=0.0200 Acc=100.0% | Test: Acc=4.8% | Best=4.9%(@4020)
  from x3: 0.05 0.05 0.05 0.05 0.05 0.05 0.05 0.05 0.05 0.05 0.05 0.05 0.05
  per-rule acc: 0.05 0.05
Epoch 4160 | Train: Loss=0.0121 Acc=100.0% | Test: Acc=4.8% | Best=4.9%(@4020)
  from x3: 0.05 0.05 0.05 0.05 0.05 0.05 0.05 0.05 0.05 0.05 0.05 0.05 0.05
  per-rule acc: 0.05 0.04
Epoch 4180 | Train: Loss=0.0268 Acc=100.0% | Test: Acc=4.4% | Best=4.9%(@4020)
  from x3: 0.05 0.05 0.04 0.04 0.04 0.04 0.04 0.04 0.04 0.04 0.04 0.04 0.04
  per-rule acc: 0.05 0.04
Epoch 4200 | Train: Loss=0.0127 Acc=99.9% | Test: Acc=4.7% | Best=4.9%(@4020)
  from x3: 0.05 0.05 0.05 0.05 0.05 0.05 0.05 0.05 0.05 0.05 0.05 0.05 0.05
  per-rule acc: 0.05 0.04
Epoch 4220 | Train: Loss=0.0115 Acc=100.0% | Test: Acc=4.8% | Best=4.9%(@4020)
  from x3: 0.05 0.05 0.05 0.05 0.05 0.05 0.05 0.05 0.05 0.05 0.05 0.05 0.05
  per-rule acc: 0.05 0.04
Epoch 4240 | Train: Loss=0.0289 Acc=100.0% | Test: Acc=4.9% | Best=4.9%(@4240)
  from x3: 0.05 0.05 0.05 0.05 0.05 0.05 0.05 0.05 0.05 0.05 0.05 0.05 0.05
  per-rule acc: 0.06 0.04
Epoch 4260 | Train: Loss=0.0228 Acc=99.9% | Test: Acc=4.5% | Best=4.9%(@4240)
  from x3: 0.05 0.04 0.04 0.04 0.04 0.04 0.04 0.04 0.04 0.04 0.04 0.04 0.04
  per-rule acc: 0.05 0.04
Epoch 4280 | Train: Loss=0.0123 Acc=100.0% | Test: Acc=4.7% | Best=4.9%(@4240)
  from x3: 0.05 0.05 0.05 0.05 0.05 0.05 0.05 0.05 0.05 0.05 0.05 0.05 0.05
  per-rule acc: 0.05 0.04
Epoch 4300 | Train: Loss=0.0119 Acc=100.0% | Test: Acc=4.9% | Best=4.9%(@4240)
  from x3: 0.06 0.05 0.05 0.05 0.05 0.05 0.05 0.05 0.05 0.05 0.05 0.05 0.05
  per-rule acc: 0.06 0.04
Epoch 4320 | Train: Loss=0.0311 Acc=100.0% | Test: Acc=4.5% | Best=4.9%(@4240)
  from x3: 0.06 0.05 0.05 0.04 0.04 0.04 0.04 0.04 0.04 0.04 0.04 0.04 0.04
  per-rule acc: 0.05 0.04
Epoch 4340 | Train: Loss=0.0205 Acc=99.9% | Test: Acc=4.7% | Best=4.9%(@4240)
  from x3: 0.06 0.05 0.05 0.05 0.05 0.05 0.05 0.05 0.05 0.05 0.05 0.05 0.05
  per-rule acc: 0.05 0.04
Epoch 4360 | Train: Loss=0.0118 Acc=100.0% | Test: Acc=4.9% | Best=4.9%(@4240)
  from x3: 0.05 0.05 0.05 0.05 0.05 0.05 0.05 0.05 0.05 0.05 0.05 0.05 0.05
  per-rule acc: 0.05 0.04
Epoch 4380 | Train: Loss=0.0110 Acc=100.0% | Test: Acc=4.9% | Best=4.9%(@4240)
  from x3: 0.05 0.05 0.05 0.05 0.05 0.05 0.05 0.05 0.05 0.05 0.05 0.05 0.05
  per-rule acc: 0.06 0.04
Epoch 4400 | Train: Loss=0.0287 Acc=100.0% | Test: Acc=4.5% | Best=4.9%(@4240)
  from x3: 0.05 0.05 0.05 0.04 0.04 0.04 0.04 0.04 0.04 0.04 0.04 0.04 0.04
  per-rule acc: 0.05 0.04
Epoch 4420 | Train: Loss=0.0222 Acc=100.0% | Test: Acc=4.3% | Best=4.9%(@4240)
  from x3: 0.05 0.05 0.04 0.04 0.04 0.04 0.04 0.04 0.04 0.04 0.04 0.04 0.04
  per-rule acc: 0.05 0.04
Epoch 4440 | Train: Loss=0.0118 Acc=100.0% | Test: Acc=4.8% | Best=4.9%(@4240)
  from x3: 0.05 0.05 0.05 0.05 0.05 0.05 0.05 0.05 0.05 0.05 0.05 0.05 0.05
  per-rule acc: 0.05 0.04
Epoch 4460 | Train: Loss=0.0112 Acc=100.0% | Test: Acc=4.9% | Best=4.9%(@4240)
  from x3: 0.06 0.05 0.05 0.05 0.05 0.05 0.05 0.05 0.05 0.05 0.05 0.05 0.05
  per-rule acc: 0.06 0.04
Epoch 4480 | Train: Loss=0.0373 Acc=99.9% | Test: Acc=4.5% | Best=4.9%(@4240)
  from x3: 0.05 0.05 0.04 0.05 0.04 0.04 0.04 0.04 0.04 0.04 0.04 0.04 0.04
  per-rule acc: 0.05 0.04
Epoch 4500 | Train: Loss=0.0249 Acc=100.0% | Test: Acc=4.5% | Best=4.9%(@4240)
  from x3: 0.05 0.05 0.04 0.04 0.04 0.04 0.04 0.04 0.04 0.04 0.04 0.04 0.04
  per-rule acc: 0.05 0.04
Epoch 4520 | Train: Loss=0.0168 Acc=100.0% | Test: Acc=4.7% | Best=4.9%(@4240)
  from x3: 0.05 0.05 0.05 0.05 0.05 0.05 0.05 0.05 0.05 0.05 0.05 0.05 0.05
  per-rule acc: 0.05 0.04
Epoch 4540 | Train: Loss=0.0117 Acc=100.0% | Test: Acc=4.8% | Best=4.9%(@4240)
  from x3: 0.05 0.05 0.05 0.05 0.05 0.05 0.05 0.05 0.05 0.05 0.05 0.05 0.05
  per-rule acc: 0.05 0.04
Epoch 4560 | Train: Loss=0.0115 Acc=100.0% | Test: Acc=4.9% | Best=4.9%(@4560)
  from x3: 0.06 0.05 0.05 0.05 0.05 0.05 0.05 0.05 0.05 0.05 0.05 0.05 0.05
  per-rule acc: 0.06 0.04
Epoch 4580 | Train: Loss=0.0107 Acc=100.0% | Test: Acc=4.8% | Best=4.9%(@4560)
  from x3: 0.06 0.05 0.05 0.05 0.05 0.05 0.05 0.05 0.05 0.05 0.05 0.05 0.05
  per-rule acc: 0.05 0.04
Epoch 4600 | Train: Loss=0.0099 Acc=100.0% | Test: Acc=4.9% | Best=4.9%(@4560)
  from x3: 0.06 0.05 0.05 0.05 0.05 0.05 0.05 0.05 0.05 0.05 0.05 0.05 0.05
  per-rule acc: 0.05 0.04
Epoch 4620 | Train: Loss=0.0315 Acc=100.0% | Test: Acc=4.6% | Best=4.9%(@4560)
  from x3: 0.05 0.05 0.05 0.05 0.05 0.05 0.05 0.05 0.05 0.04 0.04 0.04 0.04
  per-rule acc: 0.06 0.04
Epoch 4640 | Train: Loss=0.0192 Acc=99.9% | Test: Acc=5.0% | Best=5.0%(@4640)
  from x3: 0.06 0.05 0.05 0.05 0.05 0.05 0.05 0.05 0.05 0.05 0.05 0.05 0.05
  per-rule acc: 0.06 0.04
Epoch 4660 | Train: Loss=0.0110 Acc=100.0% | Test: Acc=5.0% | Best=5.0%(@4640)
  from x3: 0.06 0.05 0.05 0.05 0.05 0.05 0.05 0.05 0.05 0.05 0.05 0.05 0.05
  per-rule acc: 0.05 0.05
Epoch 4680 | Train: Loss=0.0105 Acc=100.0% | Test: Acc=5.0% | Best=5.0%(@4640)
  from x3: 0.06 0.05 0.05 0.05 0.05 0.05 0.05 0.05 0.05 0.05 0.05 0.05 0.05
  per-rule acc: 0.06 0.04
Epoch 4700 | Train: Loss=0.0355 Acc=100.0% | Test: Acc=4.5% | Best=5.0%(@4640)
  from x3: 0.05 0.05 0.05 0.04 0.04 0.04 0.04 0.04 0.04 0.04 0.04 0.04 0.04
  per-rule acc: 0.05 0.04
Epoch 4720 | Train: Loss=0.0208 Acc=99.9% | Test: Acc=4.7% | Best=5.0%(@4640)
  from x3: 0.06 0.05 0.05 0.05 0.05 0.05 0.05 0.05 0.05 0.05 0.05 0.05 0.05
  per-rule acc: 0.05 0.04
Epoch 4740 | Train: Loss=0.0112 Acc=100.0% | Test: Acc=5.1% | Best=5.1%(@4740)
  from x3: 0.06 0.05 0.05 0.05 0.05 0.05 0.05 0.05 0.05 0.05 0.05 0.05 0.05
  per-rule acc: 0.06 0.05
Epoch 4760 | Train: Loss=0.0108 Acc=100.0% | Test: Acc=5.0% | Best=5.1%(@4740)
  from x3: 0.06 0.05 0.05 0.05 0.05 0.05 0.05 0.05 0.05 0.05 0.05 0.05 0.05
  per-rule acc: 0.05 0.05
Epoch 4780 | Train: Loss=0.0101 Acc=100.0% | Test: Acc=5.0% | Best=5.1%(@4740)
  from x3: 0.06 0.05 0.05 0.05 0.05 0.05 0.05 0.05 0.05 0.05 0.05 0.05 0.05
  per-rule acc: 0.05 0.05
Epoch 4800 | Train: Loss=0.0306 Acc=100.0% | Test: Acc=4.5% | Best=5.1%(@4740)
  from x3: 0.06 0.05 0.04 0.04 0.04 0.04 0.04 0.04 0.04 0.04 0.04 0.04 0.04
  per-rule acc: 0.05 0.04
Epoch 4820 | Train: Loss=0.0188 Acc=100.0% | Test: Acc=5.0% | Best=5.1%(@4740)
  from x3: 0.06 0.05 0.05 0.05 0.05 0.05 0.05 0.05 0.05 0.05 0.05 0.05 0.05
  per-rule acc: 0.06 0.05
Epoch 4840 | Train: Loss=0.0113 Acc=100.0% | Test: Acc=4.9% | Best=5.1%(@4740)
  from x3: 0.06 0.05 0.05 0.05 0.05 0.05 0.05 0.05 0.05 0.05 0.05 0.05 0.05
  per-rule acc: 0.05 0.05
Epoch 4860 | Train: Loss=0.0110 Acc=100.0% | Test: Acc=5.0% | Best=5.1%(@4740)
  from x3: 0.06 0.05 0.05 0.05 0.05 0.05 0.05 0.05 0.05 0.05 0.05 0.05 0.05
  per-rule acc: 0.05 0.05
Epoch 4880 | Train: Loss=0.0103 Acc=100.0% | Test: Acc=5.1% | Best=5.1%(@4740)
  from x3: 0.06 0.05 0.05 0.05 0.05 0.05 0.05 0.05 0.05 0.05 0.05 0.05 0.05
  per-rule acc: 0.06 0.05
Epoch 4900 | Train: Loss=0.0095 Acc=100.0% | Test: Acc=5.1% | Best=5.1%(@4740)
  from x3: 0.06 0.05 0.05 0.05 0.05 0.05 0.05 0.05 0.05 0.05 0.05 0.05 0.05
  per-rule acc: 0.06 0.05
Epoch 4920 | Train: Loss=0.0262 Acc=100.0% | Test: Acc=4.6% | Best=5.1%(@4740)
  from x3: 0.06 0.05 0.04 0.05 0.05 0.05 0.05 0.05 0.04 0.04 0.04 0.04 0.04
  per-rule acc: 0.05 0.04
Epoch 4940 | Train: Loss=0.0110 Acc=100.0% | Test: Acc=5.0% | Best=5.1%(@4740)
  from x3: 0.06 0.05 0.05 0.05 0.05 0.05 0.05 0.05 0.05 0.05 0.05 0.05 0.05
  per-rule acc: 0.05 0.05
Epoch 4960 | Train: Loss=0.0104 Acc=100.0% | Test: Acc=5.1% | Best=5.1%(@4740)
  from x3: 0.06 0.05 0.05 0.05 0.05 0.05 0.05 0.05 0.05 0.05 0.05 0.05 0.05
  per-rule acc: 0.05 0.05
Epoch 4980 | Train: Loss=0.0097 Acc=100.0% | Test: Acc=5.2% | Best=5.2%(@4980)
  from x3: 0.06 0.05 0.05 0.05 0.05 0.05 0.05 0.05 0.05 0.05 0.05 0.05 0.05
  per-rule acc: 0.06 0.05
Epoch 5000 | Train: Loss=0.0090 Acc=100.0% | Test: Acc=5.3% | Best=5.3%(@5000)
  from x3: 0.06 0.05 0.05 0.05 0.05 0.05 0.05 0.05 0.05 0.05 0.05 0.05 0.05
  per-rule acc: 0.06 0.05
Epoch 5020 | Train: Loss=0.0323 Acc=100.0% | Test: Acc=4.5% | Best=5.3%(@5000)
  from x3: 0.06 0.05 0.05 0.04 0.04 0.04 0.04 0.04 0.04 0.04 0.04 0.04 0.04
  per-rule acc: 0.05 0.04
Epoch 5040 | Train: Loss=0.0204 Acc=100.0% | Test: Acc=4.9% | Best=5.3%(@5000)
  from x3: 0.06 0.05 0.05 0.05 0.05 0.05 0.05 0.05 0.05 0.05 0.05 0.05 0.05
  per-rule acc: 0.06 0.04
Epoch 5060 | Train: Loss=0.0103 Acc=100.0% | Test: Acc=5.0% | Best=5.3%(@5000)
  from x3: 0.06 0.05 0.05 0.05 0.05 0.05 0.05 0.05 0.05 0.05 0.05 0.05 0.05
  per-rule acc: 0.05 0.05
Epoch 5080 | Train: Loss=0.0102 Acc=100.0% | Test: Acc=5.1% | Best=5.3%(@5000)
  from x3: 0.06 0.05 0.05 0.05 0.05 0.05 0.05 0.05 0.05 0.05 0.05 0.05 0.05
  per-rule acc: 0.05 0.05
Epoch 5100 | Train: Loss=0.0096 Acc=100.0% | Test: Acc=5.2% | Best=5.3%(@5000)
  from x3: 0.06 0.05 0.05 0.05 0.05 0.05 0.05 0.05 0.05 0.05 0.05 0.05 0.05
  per-rule acc: 0.05 0.05
Epoch 5120 | Train: Loss=0.0312 Acc=100.0% | Test: Acc=4.7% | Best=5.3%(@5000)
  from x3: 0.05 0.05 0.05 0.05 0.05 0.05 0.05 0.05 0.05 0.05 0.05 0.05 0.05
  per-rule acc: 0.06 0.04
Epoch 5140 | Train: Loss=0.0151 Acc=100.0% | Test: Acc=5.1% | Best=5.3%(@5000)
  from x3: 0.06 0.05 0.05 0.05 0.05 0.05 0.05 0.05 0.05 0.05 0.05 0.05 0.05
  per-rule acc: 0.06 0.05
Epoch 5160 | Train: Loss=0.0152 Acc=100.0% | Test: Acc=4.9% | Best=5.3%(@5000)
  from x3: 0.06 0.05 0.05 0.05 0.05 0.05 0.05 0.05 0.05 0.05 0.05 0.05 0.05
  per-rule acc: 0.05 0.04
Epoch 5180 | Train: Loss=0.0108 Acc=100.0% | Test: Acc=5.1% | Best=5.3%(@5000)
  from x3: 0.06 0.05 0.05 0.05 0.05 0.05 0.05 0.05 0.05 0.05 0.05 0.05 0.05
  per-rule acc: 0.05 0.05
Epoch 5200 | Train: Loss=0.0103 Acc=100.0% | Test: Acc=5.3% | Best=5.3%(@5000)
  from x3: 0.06 0.05 0.05 0.05 0.05 0.05 0.05 0.05 0.05 0.05 0.05 0.05 0.05
  per-rule acc: 0.05 0.05
Epoch 5220 | Train: Loss=0.0109 Acc=99.9% | Test: Acc=5.3% | Best=5.3%(@5220)
  from x3: 0.06 0.06 0.05 0.05 0.05 0.05 0.05 0.05 0.05 0.05 0.05 0.05 0.05
  per-rule acc: 0.06 0.05
Epoch 5240 | Train: Loss=0.0212 Acc=100.0% | Test: Acc=4.6% | Best=5.3%(@5220)
  from x3: 0.05 0.05 0.05 0.04 0.04 0.04 0.04 0.04 0.04 0.04 0.04 0.04 0.04
  per-rule acc: 0.05 0.04
Epoch 5260 | Train: Loss=0.0105 Acc=100.0% | Test: Acc=5.1% | Best=5.3%(@5220)
  from x3: 0.06 0.05 0.05 0.05 0.05 0.05 0.05 0.05 0.05 0.05 0.05 0.05 0.05
  per-rule acc: 0.05 0.05
Epoch 5280 | Train: Loss=0.0099 Acc=100.0% | Test: Acc=5.3% | Best=5.3%(@5280)
  from x3: 0.06 0.05 0.05 0.05 0.05 0.05 0.05 0.05 0.05 0.05 0.05 0.05 0.05
  per-rule acc: 0.05 0.05
Epoch 5300 | Train: Loss=0.0092 Acc=100.0% | Test: Acc=5.4% | Best=5.4%(@5300)
  from x3: 0.06 0.05 0.05 0.05 0.05 0.05 0.05 0.05 0.05 0.05 0.05 0.05 0.05
  per-rule acc: 0.06 0.05
Epoch 5320 | Train: Loss=0.0233 Acc=100.0% | Test: Acc=4.5% | Best=5.4%(@5300)
  from x3: 0.06 0.05 0.05 0.04 0.04 0.04 0.04 0.04 0.04 0.04 0.04 0.04 0.04
  per-rule acc: 0.05 0.04
Epoch 5340 | Train: Loss=0.0128 Acc=99.9% | Test: Acc=5.0% | Best=5.4%(@5300)
  from x3: 0.06 0.05 0.05 0.05 0.05 0.05 0.05 0.05 0.05 0.05 0.05 0.05 0.05
  per-rule acc: 0.05 0.05
Epoch 5360 | Train: Loss=0.0105 Acc=100.0% | Test: Acc=5.3% | Best=5.4%(@5300)
  from x3: 0.06 0.05 0.05 0.05 0.05 0.05 0.05 0.05 0.05 0.05 0.05 0.05 0.05
  per-rule acc: 0.05 0.05
Epoch 5380 | Train: Loss=0.0099 Acc=100.0% | Test: Acc=5.3% | Best=5.4%(@5300)
  from x3: 0.06 0.05 0.05 0.05 0.05 0.05 0.05 0.05 0.05 0.05 0.05 0.05 0.05
  per-rule acc: 0.06 0.05
Epoch 5400 | Train: Loss=0.0092 Acc=100.0% | Test: Acc=5.3% | Best=5.4%(@5300)
  from x3: 0.06 0.05 0.05 0.05 0.05 0.05 0.05 0.05 0.05 0.05 0.05 0.05 0.05
  per-rule acc: 0.06 0.05
Epoch 5420 | Train: Loss=0.0396 Acc=100.0% | Test: Acc=4.9% | Best=5.4%(@5300)
  from x3: 0.06 0.05 0.05 0.05 0.05 0.05 0.05 0.05 0.05 0.05 0.05 0.05 0.05
  per-rule acc: 0.05 0.04
Epoch 5440 | Train: Loss=0.0205 Acc=100.0% | Test: Acc=4.8% | Best=5.4%(@5300)
  from x3: 0.06 0.05 0.05 0.05 0.05 0.05 0.05 0.05 0.05 0.05 0.05 0.05 0.05
  per-rule acc: 0.05 0.05
Epoch 5460 | Train: Loss=0.0104 Acc=100.0% | Test: Acc=5.1% | Best=5.4%(@5300)
  from x3: 0.06 0.05 0.05 0.05 0.05 0.05 0.05 0.05 0.05 0.05 0.05 0.05 0.05
  per-rule acc: 0.05 0.05
Epoch 5480 | Train: Loss=0.0102 Acc=100.0% | Test: Acc=5.2% | Best=5.4%(@5300)
  from x3: 0.06 0.05 0.05 0.05 0.05 0.05 0.05 0.05 0.05 0.05 0.05 0.05 0.05
  per-rule acc: 0.05 0.05
Epoch 5500 | Train: Loss=0.0096 Acc=100.0% | Test: Acc=5.3% | Best=5.4%(@5300)
  from x3: 0.06 0.05 0.05 0.05 0.05 0.05 0.05 0.05 0.05 0.05 0.05 0.05 0.05
  per-rule acc: 0.05 0.05
Epoch 5520 | Train: Loss=0.0090 Acc=100.0% | Test: Acc=5.2% | Best=5.4%(@5300)
  from x3: 0.06 0.05 0.05 0.05 0.05 0.05 0.05 0.05 0.05 0.05 0.05 0.05 0.05
  per-rule acc: 0.05 0.05
Epoch 5540 | Train: Loss=0.0084 Acc=100.0% | Test: Acc=5.1% | Best=5.4%(@5300)
  from x3: 0.06 0.05 0.05 0.05 0.05 0.05 0.05 0.05 0.05 0.05 0.05 0.05 0.05
  per-rule acc: 0.05 0.05
Epoch 5560 | Train: Loss=0.0209 Acc=100.0% | Test: Acc=5.1% | Best=5.4%(@5300)
  from x3: 0.06 0.05 0.05 0.05 0.05 0.05 0.05 0.05 0.05 0.05 0.05 0.05 0.05
  per-rule acc: 0.06 0.04
Epoch 5580 | Train: Loss=0.0101 Acc=100.0% | Test: Acc=5.1% | Best=5.4%(@5300)
  from x3: 0.06 0.05 0.05 0.05 0.05 0.05 0.05 0.05 0.05 0.05 0.05 0.05 0.05
  per-rule acc: 0.05 0.05
Epoch 5600 | Train: Loss=0.0095 Acc=100.0% | Test: Acc=5.2% | Best=5.4%(@5300)
  from x3: 0.06 0.05 0.05 0.05 0.05 0.05 0.05 0.05 0.05 0.05 0.05 0.05 0.05
  per-rule acc: 0.05 0.05
Epoch 5620 | Train: Loss=0.0089 Acc=100.0% | Test: Acc=5.3% | Best=5.4%(@5300)
  from x3: 0.06 0.05 0.05 0.05 0.05 0.05 0.05 0.05 0.05 0.05 0.05 0.05 0.05
  per-rule acc: 0.05 0.05
Epoch 5640 | Train: Loss=0.0084 Acc=100.0% | Test: Acc=5.2% | Best=5.4%(@5300)
  from x3: 0.06 0.05 0.05 0.05 0.05 0.05 0.05 0.05 0.05 0.05 0.05 0.05 0.05
  per-rule acc: 0.05 0.05
Epoch 5660 | Train: Loss=0.0078 Acc=100.0% | Test: Acc=5.2% | Best=5.4%(@5300)
  from x3: 0.06 0.05 0.05 0.05 0.05 0.05 0.05 0.05 0.05 0.05 0.05 0.05 0.05
  per-rule acc: 0.05 0.05
Epoch 5680 | Train: Loss=0.0220 Acc=100.0% | Test: Acc=5.0% | Best=5.4%(@5300)
  from x3: 0.06 0.05 0.05 0.05 0.05 0.05 0.05 0.05 0.05 0.05 0.05 0.05 0.05
  per-rule acc: 0.05 0.05
Epoch 5700 | Train: Loss=0.0100 Acc=100.0% | Test: Acc=5.2% | Best=5.4%(@5300)
  from x3: 0.06 0.05 0.05 0.05 0.05 0.05 0.05 0.05 0.05 0.05 0.05 0.05 0.05
  per-rule acc: 0.06 0.05
Epoch 5720 | Train: Loss=0.0095 Acc=100.0% | Test: Acc=5.3% | Best=5.4%(@5300)
  from x3: 0.06 0.05 0.05 0.05 0.05 0.05 0.05 0.05 0.05 0.05 0.05 0.05 0.05
  per-rule acc: 0.06 0.05
Epoch 5740 | Train: Loss=0.0091 Acc=100.0% | Test: Acc=5.3% | Best=5.4%(@5300)
  from x3: 0.06 0.06 0.05 0.05 0.05 0.05 0.05 0.05 0.05 0.05 0.05 0.05 0.05
  per-rule acc: 0.06 0.05
Epoch 5760 | Train: Loss=0.0085 Acc=100.0% | Test: Acc=5.4% | Best=5.4%(@5760)
  from x3: 0.06 0.06 0.05 0.05 0.05 0.05 0.05 0.05 0.05 0.05 0.05 0.05 0.05
  per-rule acc: 0.06 0.05
Epoch 5780 | Train: Loss=0.0080 Acc=100.0% | Test: Acc=5.4% | Best=5.4%(@5760)
  from x3: 0.06 0.06 0.05 0.05 0.05 0.05 0.05 0.05 0.05 0.05 0.05 0.05 0.05
  per-rule acc: 0.06 0.05
Epoch 5800 | Train: Loss=0.0249 Acc=100.0% | Test: Acc=5.1% | Best=5.4%(@5760)
  from x3: 0.06 0.05 0.05 0.05 0.05 0.05 0.05 0.05 0.05 0.05 0.05 0.05 0.05
  per-rule acc: 0.05 0.05
Epoch 5820 | Train: Loss=0.0156 Acc=100.0% | Test: Acc=4.9% | Best=5.4%(@5760)
  from x3: 0.06 0.05 0.05 0.05 0.05 0.05 0.05 0.05 0.05 0.05 0.05 0.05 0.05
  per-rule acc: 0.05 0.04
Epoch 5840 | Train: Loss=0.0095 Acc=100.0% | Test: Acc=5.2% | Best=5.4%(@5760)
  from x3: 0.06 0.06 0.05 0.05 0.05 0.05 0.05 0.05 0.05 0.05 0.05 0.05 0.05
  per-rule acc: 0.05 0.05
Epoch 5860 | Train: Loss=0.0092 Acc=100.0% | Test: Acc=5.3% | Best=5.4%(@5760)
  from x3: 0.06 0.06 0.05 0.05 0.05 0.05 0.05 0.05 0.05 0.05 0.05 0.05 0.05
  per-rule acc: 0.05 0.05
Epoch 5880 | Train: Loss=0.0086 Acc=100.0% | Test: Acc=5.3% | Best=5.4%(@5760)
  from x3: 0.06 0.06 0.05 0.05 0.05 0.05 0.05 0.05 0.05 0.05 0.05 0.05 0.05
  per-rule acc: 0.05 0.05
Epoch 5900 | Train: Loss=0.0081 Acc=100.0% | Test: Acc=5.4% | Best=5.4%(@5760)
  from x3: 0.06 0.06 0.05 0.05 0.05 0.05 0.05 0.05 0.05 0.05 0.05 0.05 0.05
  per-rule acc: 0.05 0.05
Epoch 5920 | Train: Loss=0.0076 Acc=100.0% | Test: Acc=5.4% | Best=5.4%(@5760)
  from x3: 0.06 0.06 0.05 0.05 0.05 0.05 0.05 0.05 0.05 0.05 0.05 0.05 0.05
  per-rule acc: 0.05 0.05
Epoch 5940 | Train: Loss=0.0229 Acc=100.0% | Test: Acc=4.9% | Best=5.4%(@5760)
  from x3: 0.06 0.05 0.05 0.05 0.05 0.05 0.05 0.05 0.05 0.05 0.05 0.05 0.05
  per-rule acc: 0.05 0.04
Epoch 5960 | Train: Loss=0.0141 Acc=100.0% | Test: Acc=5.2% | Best=5.4%(@5760)
  from x3: 0.06 0.05 0.05 0.05 0.05 0.05 0.05 0.05 0.05 0.05 0.05 0.05 0.05
  per-rule acc: 0.05 0.05
Epoch 5980 | Train: Loss=0.0096 Acc=100.0% | Test: Acc=5.2% | Best=5.4%(@5760)
  from x3: 0.06 0.06 0.05 0.05 0.05 0.05 0.05 0.05 0.05 0.05 0.05 0.05 0.05
  per-rule acc: 0.05 0.05
Epoch 6000 | Train: Loss=0.0094 Acc=100.0% | Test: Acc=5.3% | Best=5.4%(@5760)
  from x3: 0.06 0.06 0.05 0.05 0.05 0.05 0.05 0.05 0.05 0.05 0.05 0.05 0.05
  per-rule acc: 0.05 0.05
Epoch 6020 | Train: Loss=0.0089 Acc=100.0% | Test: Acc=5.4% | Best=5.4%(@5760)
  from x3: 0.06 0.06 0.05 0.05 0.05 0.05 0.05 0.05 0.05 0.05 0.05 0.05 0.05
  per-rule acc: 0.06 0.05
Epoch 6040 | Train: Loss=0.0084 Acc=100.0% | Test: Acc=5.4% | Best=5.4%(@6040)
  from x3: 0.06 0.06 0.05 0.05 0.05 0.05 0.05 0.05 0.05 0.05 0.05 0.05 0.05
  per-rule acc: 0.06 0.05
Epoch 6060 | Train: Loss=0.0079 Acc=100.0% | Test: Acc=5.5% | Best=5.5%(@6060)
  from x3: 0.06 0.06 0.05 0.05 0.05 0.05 0.05 0.05 0.05 0.05 0.05 0.05 0.05
  per-rule acc: 0.06 0.05
Epoch 6080 | Train: Loss=0.0074 Acc=99.9% | Test: Acc=5.5% | Best=5.5%(@6080)
  from x3: 0.06 0.06 0.05 0.05 0.05 0.05 0.05 0.05 0.05 0.05 0.05 0.05 0.05
  per-rule acc: 0.06 0.05
Epoch 6100 | Train: Loss=0.0070 Acc=99.9% | Test: Acc=5.5% | Best=5.5%(@6080)
  from x3: 0.06 0.06 0.05 0.05 0.05 0.05 0.05 0.05 0.05 0.05 0.05 0.05 0.05
  per-rule acc: 0.06 0.05
Epoch 6120 | Train: Loss=0.0066 Acc=99.9% | Test: Acc=5.5% | Best=5.5%(@6120)
  from x3: 0.06 0.06 0.05 0.05 0.05 0.05 0.05 0.05 0.05 0.05 0.05 0.05 0.05
  per-rule acc: 0.06 0.05
Epoch 6140 | Train: Loss=0.0265 Acc=100.0% | Test: Acc=4.6% | Best=5.5%(@6120)
  from x3: 0.05 0.05 0.04 0.05 0.05 0.05 0.05 0.05 0.05 0.05 0.05 0.05 0.05
  per-rule acc: 0.05 0.04
Epoch 6160 | Train: Loss=0.0162 Acc=100.0% | Test: Acc=4.9% | Best=5.5%(@6120)
  from x3: 0.06 0.05 0.05 0.05 0.05 0.05 0.05 0.05 0.05 0.05 0.05 0.05 0.05
  per-rule acc: 0.05 0.05
Epoch 6180 | Train: Loss=0.0086 Acc=100.0% | Test: Acc=5.3% | Best=5.5%(@6120)
  from x3: 0.06 0.05 0.05 0.05 0.05 0.05 0.05 0.05 0.05 0.05 0.05 0.05 0.05
  per-rule acc: 0.05 0.05
Epoch 6200 | Train: Loss=0.0085 Acc=100.0% | Test: Acc=5.4% | Best=5.5%(@6120)
  from x3: 0.06 0.06 0.05 0.05 0.05 0.05 0.05 0.05 0.05 0.05 0.05 0.05 0.05
  per-rule acc: 0.05 0.05
Epoch 6220 | Train: Loss=0.0081 Acc=99.9% | Test: Acc=5.5% | Best=5.5%(@6120)
  from x3: 0.06 0.06 0.06 0.05 0.05 0.05 0.05 0.05 0.05 0.05 0.05 0.05 0.05
  per-rule acc: 0.06 0.05
Epoch 6240 | Train: Loss=0.0077 Acc=99.9% | Test: Acc=5.5% | Best=5.5%(@6120)
  from x3: 0.06 0.06 0.05 0.05 0.05 0.05 0.05 0.05 0.05 0.05 0.05 0.05 0.05
  per-rule acc: 0.06 0.05
Epoch 6260 | Train: Loss=0.0073 Acc=99.9% | Test: Acc=5.5% | Best=5.5%(@6120)
  from x3: 0.06 0.06 0.06 0.05 0.05 0.05 0.05 0.05 0.05 0.05 0.05 0.05 0.05
  per-rule acc: 0.06 0.05
Epoch 6280 | Train: Loss=0.0069 Acc=99.9% | Test: Acc=5.5% | Best=5.5%(@6280)
  from x3: 0.06 0.06 0.05 0.05 0.05 0.05 0.05 0.05 0.05 0.05 0.05 0.05 0.05
  per-rule acc: 0.06 0.05
Epoch 6300 | Train: Loss=0.0065 Acc=99.9% | Test: Acc=5.5% | Best=5.5%(@6280)
  from x3: 0.06 0.06 0.05 0.05 0.05 0.05 0.05 0.05 0.05 0.05 0.05 0.05 0.05
  per-rule acc: 0.06 0.05
Epoch 6320 | Train: Loss=0.0062 Acc=99.9% | Test: Acc=5.5% | Best=5.5%(@6280)
  from x3: 0.06 0.06 0.05 0.05 0.05 0.05 0.05 0.05 0.05 0.05 0.05 0.05 0.05
  per-rule acc: 0.06 0.05
Epoch 6340 | Train: Loss=0.0059 Acc=99.9% | Test: Acc=5.4% | Best=5.5%(@6280)
  from x3: 0.06 0.06 0.05 0.05 0.05 0.05 0.05 0.05 0.05 0.05 0.05 0.05 0.05
  per-rule acc: 0.06 0.05
Epoch 6360 | Train: Loss=0.0056 Acc=99.9% | Test: Acc=5.4% | Best=5.5%(@6280)
  from x3: 0.06 0.06 0.05 0.05 0.05 0.05 0.05 0.05 0.05 0.05 0.05 0.05 0.05
  per-rule acc: 0.06 0.05
Epoch 6380 | Train: Loss=0.0054 Acc=99.9% | Test: Acc=5.5% | Best=5.5%(@6280)
  from x3: 0.06 0.06 0.05 0.05 0.05 0.05 0.05 0.05 0.05 0.05 0.05 0.05 0.05
  per-rule acc: 0.06 0.05
Epoch 6400 | Train: Loss=0.0052 Acc=99.9% | Test: Acc=5.4% | Best=5.5%(@6280)
  from x3: 0.06 0.06 0.05 0.05 0.05 0.05 0.05 0.05 0.05 0.05 0.05 0.05 0.05
  per-rule acc: 0.06 0.05
Epoch 6420 | Train: Loss=0.0050 Acc=99.9% | Test: Acc=5.4% | Best=5.5%(@6280)
  from x3: 0.06 0.06 0.05 0.05 0.05 0.05 0.05 0.05 0.05 0.05 0.05 0.05 0.05
  per-rule acc: 0.06 0.05
Epoch 6440 | Train: Loss=0.0049 Acc=99.9% | Test: Acc=5.4% | Best=5.5%(@6280)
  from x3: 0.06 0.06 0.05 0.05 0.05 0.05 0.05 0.05 0.05 0.05 0.05 0.05 0.05
  per-rule acc: 0.06 0.05
Epoch 6460 | Train: Loss=0.0047 Acc=99.9% | Test: Acc=5.5% | Best=5.5%(@6280)
  from x3: 0.06 0.06 0.05 0.05 0.05 0.05 0.05 0.05 0.05 0.05 0.05 0.05 0.05
  per-rule acc: 0.06 0.05
Epoch 6480 | Train: Loss=0.0046 Acc=99.9% | Test: Acc=5.5% | Best=5.5%(@6280)
  from x3: 0.06 0.06 0.05 0.05 0.05 0.05 0.05 0.05 0.05 0.05 0.05 0.05 0.05
  per-rule acc: 0.06 0.05
Epoch 6500 | Train: Loss=0.0045 Acc=99.9% | Test: Acc=5.5% | Best=5.5%(@6280)
  from x3: 0.06 0.06 0.05 0.05 0.05 0.05 0.05 0.05 0.05 0.05 0.05 0.05 0.05
  per-rule acc: 0.06 0.05
Epoch 6520 | Train: Loss=0.0044 Acc=99.9% | Test: Acc=5.5% | Best=5.5%(@6280)
  from x3: 0.06 0.06 0.06 0.06 0.05 0.05 0.05 0.05 0.05 0.05 0.05 0.05 0.05
  per-rule acc: 0.06 0.05
Epoch 6540 | Train: Loss=0.0043 Acc=99.9% | Test: Acc=5.5% | Best=5.5%(@6280)
  from x3: 0.06 0.06 0.05 0.05 0.05 0.05 0.05 0.05 0.05 0.05 0.05 0.05 0.05
  per-rule acc: 0.06 0.05
Epoch 6560 | Train: Loss=0.0042 Acc=99.9% | Test: Acc=5.5% | Best=5.5%(@6280)
  from x3: 0.06 0.06 0.05 0.05 0.05 0.05 0.05 0.05 0.05 0.05 0.05 0.05 0.05
  per-rule acc: 0.06 0.05
Epoch 6580 | Train: Loss=0.0246 Acc=100.0% | Test: Acc=4.6% | Best=5.5%(@6280)
  from x3: 0.05 0.05 0.05 0.05 0.05 0.05 0.05 0.05 0.05 0.05 0.05 0.05 0.05
  per-rule acc: 0.05 0.04
Epoch 6600 | Train: Loss=0.0150 Acc=100.0% | Test: Acc=5.3% | Best=5.5%(@6280)
  from x3: 0.06 0.05 0.05 0.05 0.05 0.05 0.05 0.05 0.05 0.05 0.05 0.05 0.05
  per-rule acc: 0.06 0.04
Epoch 6620 | Train: Loss=0.0075 Acc=100.0% | Test: Acc=5.4% | Best=5.5%(@6280)
  from x3: 0.06 0.05 0.05 0.05 0.05 0.05 0.05 0.05 0.05 0.05 0.05 0.05 0.05
  per-rule acc: 0.06 0.05
Epoch 6640 | Train: Loss=0.0073 Acc=100.0% | Test: Acc=5.5% | Best=5.5%(@6280)
  from x3: 0.06 0.06 0.06 0.05 0.05 0.05 0.05 0.05 0.05 0.05 0.05 0.05 0.05
  per-rule acc: 0.06 0.05
Epoch 6660 | Train: Loss=0.0074 Acc=100.0% | Test: Acc=5.4% | Best=5.5%(@6280)
  from x3: 0.06 0.05 0.05 0.05 0.05 0.05 0.05 0.05 0.05 0.05 0.05 0.05 0.05
  per-rule acc: 0.06 0.05
Epoch 6680 | Train: Loss=0.0072 Acc=99.9% | Test: Acc=5.5% | Best=5.5%(@6280)
  from x3: 0.06 0.06 0.06 0.05 0.05 0.05 0.05 0.05 0.05 0.05 0.05 0.05 0.05
  per-rule acc: 0.06 0.05
Epoch 6700 | Train: Loss=0.0070 Acc=99.9% | Test: Acc=5.5% | Best=5.5%(@6280)
  from x3: 0.06 0.06 0.06 0.05 0.05 0.06 0.05 0.05 0.05 0.05 0.05 0.05 0.05
  per-rule acc: 0.06 0.05
Epoch 6720 | Train: Loss=0.0066 Acc=99.9% | Test: Acc=5.5% | Best=5.5%(@6280)
  from x3: 0.06 0.06 0.06 0.06 0.06 0.06 0.06 0.05 0.05 0.05 0.05 0.05 0.05
  per-rule acc: 0.06 0.05
Epoch 6740 | Train: Loss=0.0063 Acc=99.9% | Test: Acc=5.5% | Best=5.5%(@6280)
  from x3: 0.06 0.06 0.06 0.06 0.06 0.06 0.06 0.06 0.05 0.05 0.05 0.05 0.05
  per-rule acc: 0.06 0.05
Epoch 6760 | Train: Loss=0.0060 Acc=99.9% | Test: Acc=5.6% | Best=5.6%(@6760)
  from x3: 0.06 0.06 0.06 0.06 0.06 0.06 0.06 0.05 0.05 0.05 0.05 0.05 0.05
  per-rule acc: 0.06 0.05
Epoch 6780 | Train: Loss=0.0057 Acc=99.9% | Test: Acc=5.6% | Best=5.6%(@6780)
  from x3: 0.06 0.06 0.06 0.06 0.06 0.06 0.06 0.06 0.06 0.06 0.06 0.06 0.06
  per-rule acc: 0.06 0.06
Epoch 6800 | Train: Loss=0.0055 Acc=99.9% | Test: Acc=5.7% | Best=5.7%(@6800)
  from x3: 0.06 0.06 0.06 0.06 0.06 0.06 0.06 0.06 0.06 0.06 0.06 0.06 0.06
  per-rule acc: 0.06 0.06
Epoch 6820 | Train: Loss=0.0052 Acc=99.9% | Test: Acc=5.7% | Best=5.7%(@6820)
  from x3: 0.06 0.06 0.06 0.06 0.06 0.06 0.06 0.06 0.06 0.06 0.06 0.06 0.06
  per-rule acc: 0.06 0.06
Epoch 6840 | Train: Loss=0.0051 Acc=99.9% | Test: Acc=5.6% | Best=5.7%(@6820)
  from x3: 0.06 0.06 0.06 0.06 0.06 0.06 0.06 0.06 0.06 0.06 0.06 0.06 0.06
  per-rule acc: 0.06 0.06
Epoch 6860 | Train: Loss=0.0049 Acc=99.9% | Test: Acc=5.6% | Best=5.7%(@6820)
  from x3: 0.06 0.06 0.06 0.06 0.06 0.06 0.06 0.06 0.06 0.06 0.06 0.06 0.06
  per-rule acc: 0.06 0.06
Epoch 6880 | Train: Loss=0.0047 Acc=99.9% | Test: Acc=5.6% | Best=5.7%(@6820)
  from x3: 0.06 0.06 0.06 0.06 0.06 0.06 0.06 0.06 0.06 0.06 0.06 0.06 0.06
  per-rule acc: 0.06 0.06
Epoch 6900 | Train: Loss=0.0046 Acc=99.9% | Test: Acc=5.6% | Best=5.7%(@6820)
  from x3: 0.06 0.06 0.06 0.05 0.05 0.05 0.05 0.05 0.05 0.05 0.05 0.05 0.05
  per-rule acc: 0.06 0.06
Epoch 6920 | Train: Loss=0.0044 Acc=99.9% | Test: Acc=5.5% | Best=5.7%(@6820)
  from x3: 0.06 0.06 0.05 0.05 0.05 0.05 0.05 0.05 0.05 0.05 0.05 0.05 0.05
  per-rule acc: 0.06 0.06
Epoch 6940 | Train: Loss=0.0433 Acc=100.0% | Test: Acc=4.9% | Best=5.7%(@6820)
  from x3: 0.06 0.05 0.05 0.05 0.05 0.05 0.05 0.05 0.05 0.05 0.05 0.05 0.05
  per-rule acc: 0.05 0.05
Epoch 6960 | Train: Loss=0.0149 Acc=100.0% | Test: Acc=5.2% | Best=5.7%(@6820)
  from x3: 0.06 0.05 0.05 0.05 0.05 0.05 0.05 0.05 0.05 0.05 0.05 0.05 0.05
  per-rule acc: 0.05 0.05
Epoch 6980 | Train: Loss=0.0104 Acc=100.0% | Test: Acc=5.2% | Best=5.7%(@6820)
  from x3: 0.06 0.05 0.05 0.05 0.05 0.05 0.05 0.05 0.05 0.05 0.05 0.05 0.05
  per-rule acc: 0.05 0.05
Epoch 7000 | Train: Loss=0.0096 Acc=100.0% | Test: Acc=5.3% | Best=5.7%(@6820)
  from x3: 0.06 0.05 0.05 0.05 0.05 0.05 0.05 0.05 0.05 0.05 0.05 0.05 0.05
  per-rule acc: 0.05 0.05
Epoch 7020 | Train: Loss=0.0082 Acc=100.0% | Test: Acc=5.4% | Best=5.7%(@6820)
  from x3: 0.06 0.06 0.05 0.05 0.05 0.05 0.05 0.05 0.05 0.05 0.05 0.05 0.05
  per-rule acc: 0.05 0.05
Epoch 7040 | Train: Loss=0.0081 Acc=100.0% | Test: Acc=5.5% | Best=5.7%(@6820)
  from x3: 0.06 0.06 0.06 0.06 0.06 0.05 0.05 0.05 0.05 0.05 0.05 0.05 0.05
  per-rule acc: 0.05 0.06
Epoch 7060 | Train: Loss=0.0080 Acc=100.0% | Test: Acc=5.6% | Best=5.7%(@6820)
  from x3: 0.06 0.06 0.06 0.06 0.06 0.06 0.06 0.06 0.05 0.05 0.05 0.05 0.05
  per-rule acc: 0.06 0.06
Epoch 7080 | Train: Loss=0.0077 Acc=100.0% | Test: Acc=5.6% | Best=5.7%(@6820)
  from x3: 0.06 0.06 0.06 0.06 0.05 0.05 0.05 0.05 0.05 0.05 0.05 0.05 0.05
  per-rule acc: 0.06 0.05
Epoch 7100 | Train: Loss=0.0074 Acc=99.9% | Test: Acc=5.6% | Best=5.7%(@6820)
  from x3: 0.06 0.06 0.06 0.06 0.06 0.06 0.05 0.05 0.05 0.05 0.05 0.05 0.05
  per-rule acc: 0.06 0.06
Epoch 7120 | Train: Loss=0.0070 Acc=99.9% | Test: Acc=5.6% | Best=5.7%(@6820)
  from x3: 0.06 0.06 0.06 0.06 0.06 0.06 0.06 0.06 0.06 0.06 0.06 0.05 0.05
  per-rule acc: 0.06 0.06
Epoch 7140 | Train: Loss=0.0066 Acc=99.9% | Test: Acc=5.6% | Best=5.7%(@6820)
  from x3: 0.06 0.06 0.06 0.05 0.06 0.05 0.05 0.05 0.05 0.05 0.05 0.05 0.06
  per-rule acc: 0.06 0.05
Epoch 7160 | Train: Loss=0.0063 Acc=99.9% | Test: Acc=5.6% | Best=5.7%(@6820)
  from x3: 0.06 0.06 0.06 0.05 0.06 0.06 0.06 0.06 0.06 0.06 0.05 0.06 0.06
  per-rule acc: 0.06 0.06
Epoch 7180 | Train: Loss=0.0060 Acc=99.9% | Test: Acc=5.6% | Best=5.7%(@6820)
  from x3: 0.06 0.06 0.06 0.06 0.06 0.06 0.06 0.06 0.06 0.06 0.06 0.06 0.06
  per-rule acc: 0.06 0.06
Epoch 7200 | Train: Loss=0.0057 Acc=99.9% | Test: Acc=5.7% | Best=5.7%(@6820)
  from x3: 0.06 0.06 0.06 0.06 0.06 0.06 0.06 0.06 0.06 0.06 0.06 0.06 0.06
  per-rule acc: 0.06 0.06
Epoch 7220 | Train: Loss=0.0055 Acc=99.9% | Test: Acc=5.7% | Best=5.7%(@7220)
  from x3: 0.06 0.06 0.06 0.06 0.06 0.06 0.06 0.06 0.06 0.06 0.06 0.06 0.06
  per-rule acc: 0.06 0.06
Epoch 7240 | Train: Loss=0.0052 Acc=99.9% | Test: Acc=5.7% | Best=5.7%(@7220)
  from x3: 0.06 0.06 0.06 0.06 0.06 0.06 0.06 0.06 0.06 0.06 0.06 0.06 0.06
  per-rule acc: 0.06 0.06
Epoch 7260 | Train: Loss=0.0051 Acc=99.9% | Test: Acc=5.7% | Best=5.7%(@7220)
  from x3: 0.06 0.06 0.06 0.06 0.06 0.06 0.06 0.06 0.06 0.06 0.06 0.06 0.06
  per-rule acc: 0.06 0.06
Epoch 7280 | Train: Loss=0.0049 Acc=99.9% | Test: Acc=5.7% | Best=5.7%(@7220)
  from x3: 0.06 0.06 0.06 0.06 0.06 0.06 0.06 0.06 0.06 0.06 0.06 0.06 0.06
  per-rule acc: 0.06 0.06
Epoch 7300 | Train: Loss=0.0047 Acc=99.9% | Test: Acc=5.7% | Best=5.7%(@7220)
  from x3: 0.06 0.06 0.06 0.06 0.06 0.06 0.06 0.06 0.06 0.06 0.06 0.06 0.06
  per-rule acc: 0.06 0.06
Epoch 7320 | Train: Loss=0.0046 Acc=99.9% | Test: Acc=5.6% | Best=5.7%(@7220)
  from x3: 0.06 0.06 0.06 0.06 0.06 0.06 0.06 0.06 0.06 0.06 0.06 0.06 0.06
  per-rule acc: 0.06 0.06
Epoch 7340 | Train: Loss=0.0045 Acc=99.9% | Test: Acc=5.7% | Best=5.7%(@7220)
  from x3: 0.06 0.06 0.06 0.06 0.06 0.06 0.06 0.06 0.06 0.06 0.06 0.06 0.06
  per-rule acc: 0.06 0.06
Epoch 7360 | Train: Loss=0.0044 Acc=99.9% | Test: Acc=5.6% | Best=5.7%(@7220)
  from x3: 0.06 0.06 0.06 0.06 0.06 0.06 0.06 0.06 0.06 0.06 0.06 0.06 0.06
  per-rule acc: 0.06 0.06
Epoch 7380 | Train: Loss=0.0043 Acc=99.9% | Test: Acc=5.6% | Best=5.7%(@7220)
  from x3: 0.06 0.06 0.06 0.05 0.06 0.06 0.06 0.06 0.06 0.06 0.06 0.06 0.06
  per-rule acc: 0.06 0.06
Epoch 7400 | Train: Loss=0.0042 Acc=99.9% | Test: Acc=5.5% | Best=5.7%(@7220)
  from x3: 0.06 0.06 0.05 0.05 0.05 0.05 0.05 0.05 0.05 0.05 0.05 0.06 0.06
  per-rule acc: 0.05 0.06
Epoch 7420 | Train: Loss=0.0042 Acc=99.9% | Test: Acc=5.5% | Best=5.7%(@7220)
  from x3: 0.06 0.06 0.06 0.05 0.05 0.05 0.05 0.05 0.05 0.05 0.05 0.05 0.05
  per-rule acc: 0.05 0.06
Epoch 7440 | Train: Loss=0.0041 Acc=99.9% | Test: Acc=5.6% | Best=5.7%(@7220)
  from x3: 0.06 0.06 0.05 0.06 0.06 0.06 0.06 0.06 0.06 0.05 0.05 0.05 0.05
  per-rule acc: 0.05 0.06
Epoch 7460 | Train: Loss=0.0040 Acc=99.9% | Test: Acc=5.5% | Best=5.7%(@7220)
  from x3: 0.06 0.06 0.05 0.05 0.05 0.05 0.05 0.05 0.05 0.05 0.05 0.05 0.05
  per-rule acc: 0.05 0.06
Epoch 7480 | Train: Loss=0.0040 Acc=99.9% | Test: Acc=5.6% | Best=5.7%(@7220)
  from x3: 0.06 0.06 0.05 0.05 0.05 0.05 0.05 0.05 0.06 0.05 0.05 0.05 0.05
  per-rule acc: 0.05 0.06
Epoch 7500 | Train: Loss=0.0039 Acc=99.9% | Test: Acc=5.6% | Best=5.7%(@7220)
  from x3: 0.06 0.06 0.05 0.06 0.06 0.06 0.06 0.06 0.06 0.06 0.06 0.06 0.06
  per-rule acc: 0.05 0.06
Epoch 7520 | Train: Loss=0.0039 Acc=99.9% | Test: Acc=5.6% | Best=5.7%(@7220)
  from x3: 0.06 0.06 0.05 0.05 0.06 0.05 0.05 0.05 0.06 0.06 0.06 0.05 0.06
  per-rule acc: 0.05 0.06
Epoch 7540 | Train: Loss=0.0039 Acc=99.9% | Test: Acc=5.5% | Best=5.7%(@7220)
  from x3: 0.06 0.06 0.05 0.05 0.05 0.05 0.05 0.05 0.05 0.05 0.05 0.05 0.05
  per-rule acc: 0.05 0.06
Epoch 7560 | Train: Loss=0.0038 Acc=99.9% | Test: Acc=5.5% | Best=5.7%(@7220)
  from x3: 0.06 0.06 0.05 0.05 0.05 0.05 0.05 0.05 0.05 0.05 0.05 0.05 0.05
  per-rule acc: 0.05 0.06
Epoch 7580 | Train: Loss=0.0038 Acc=99.9% | Test: Acc=5.5% | Best=5.7%(@7220)
  from x3: 0.06 0.06 0.05 0.05 0.05 0.05 0.05 0.05 0.05 0.05 0.05 0.05 0.05
  per-rule acc: 0.05 0.06
Epoch 7600 | Train: Loss=0.0038 Acc=99.9% | Test: Acc=5.5% | Best=5.7%(@7220)
  from x3: 0.06 0.06 0.05 0.05 0.05 0.05 0.05 0.05 0.05 0.05 0.05 0.05 0.05
  per-rule acc: 0.05 0.06
Epoch 7620 | Train: Loss=0.0037 Acc=100.0% | Test: Acc=5.5% | Best=5.7%(@7220)
  from x3: 0.06 0.06 0.05 0.05 0.05 0.05 0.05 0.05 0.05 0.05 0.05 0.05 0.05
  per-rule acc: 0.05 0.06
Epoch 7640 | Train: Loss=0.0037 Acc=100.0% | Test: Acc=5.5% | Best=5.7%(@7220)
  from x3: 0.06 0.06 0.05 0.05 0.05 0.05 0.05 0.05 0.05 0.05 0.05 0.05 0.05
  per-rule acc: 0.05 0.06
Epoch 7660 | Train: Loss=0.0037 Acc=100.0% | Test: Acc=5.5% | Best=5.7%(@7220)
  from x3: 0.06 0.06 0.05 0.05 0.05 0.05 0.05 0.05 0.05 0.05 0.05 0.05 0.05
  per-rule acc: 0.05 0.06
Epoch 7680 | Train: Loss=0.0037 Acc=100.0% | Test: Acc=5.5% | Best=5.7%(@7220)
  from x3: 0.06 0.06 0.05 0.05 0.05 0.05 0.05 0.05 0.05 0.05 0.05 0.05 0.05
  per-rule acc: 0.05 0.06
Epoch 7700 | Train: Loss=0.0037 Acc=100.0% | Test: Acc=5.5% | Best=5.7%(@7220)
  from x3: 0.06 0.06 0.05 0.05 0.05 0.05 0.05 0.05 0.05 0.05 0.05 0.05 0.05
  per-rule acc: 0.05 0.06
Epoch 7720 | Train: Loss=0.0036 Acc=100.0% | Test: Acc=5.5% | Best=5.7%(@7220)
  from x3: 0.06 0.06 0.05 0.05 0.05 0.05 0.05 0.05 0.05 0.05 0.05 0.05 0.05
  per-rule acc: 0.05 0.06
Epoch 7740 | Train: Loss=0.0036 Acc=100.0% | Test: Acc=5.5% | Best=5.7%(@7220)
  from x3: 0.06 0.06 0.05 0.05 0.05 0.05 0.05 0.05 0.05 0.05 0.05 0.05 0.05
  per-rule acc: 0.05 0.06
Epoch 7760 | Train: Loss=0.0036 Acc=100.0% | Test: Acc=5.5% | Best=5.7%(@7220)
  from x3: 0.06 0.06 0.05 0.05 0.05 0.05 0.05 0.05 0.05 0.05 0.05 0.05 0.05
  per-rule acc: 0.05 0.06
Epoch 7780 | Train: Loss=0.0036 Acc=100.0% | Test: Acc=5.5% | Best=5.7%(@7220)
  from x3: 0.06 0.06 0.05 0.05 0.05 0.05 0.05 0.05 0.05 0.05 0.05 0.05 0.05
  per-rule acc: 0.05 0.06
Epoch 7800 | Train: Loss=0.0036 Acc=100.0% | Test: Acc=5.5% | Best=5.7%(@7220)
  from x3: 0.06 0.06 0.05 0.05 0.05 0.05 0.05 0.05 0.05 0.05 0.05 0.05 0.05
  per-rule acc: 0.05 0.06
Epoch 7820 | Train: Loss=0.0036 Acc=100.0% | Test: Acc=5.5% | Best=5.7%(@7220)
  from x3: 0.06 0.06 0.05 0.05 0.05 0.05 0.05 0.05 0.05 0.05 0.05 0.05 0.05
  per-rule acc: 0.05 0.06
Epoch 7840 | Train: Loss=0.0036 Acc=100.0% | Test: Acc=5.5% | Best=5.7%(@7220)
  from x3: 0.06 0.06 0.05 0.05 0.05 0.05 0.05 0.05 0.05 0.05 0.05 0.05 0.05
  per-rule acc: 0.05 0.06
Epoch 7860 | Train: Loss=0.0036 Acc=100.0% | Test: Acc=5.5% | Best=5.7%(@7220)
  from x3: 0.06 0.06 0.05 0.05 0.05 0.05 0.05 0.05 0.05 0.05 0.05 0.05 0.05
  per-rule acc: 0.05 0.06
Epoch 7880 | Train: Loss=0.0036 Acc=100.0% | Test: Acc=5.5% | Best=5.7%(@7220)
  from x3: 0.06 0.06 0.05 0.05 0.05 0.05 0.05 0.05 0.05 0.05 0.05 0.05 0.05
  per-rule acc: 0.05 0.06
Epoch 7900 | Train: Loss=0.0035 Acc=100.0% | Test: Acc=5.5% | Best=5.7%(@7220)
  from x3: 0.06 0.06 0.05 0.05 0.05 0.05 0.05 0.05 0.05 0.05 0.05 0.05 0.05
  per-rule acc: 0.05 0.06
Epoch 7920 | Train: Loss=0.0035 Acc=100.0% | Test: Acc=5.6% | Best=5.7%(@7220)
  from x3: 0.06 0.06 0.05 0.05 0.05 0.05 0.05 0.05 0.06 0.06 0.06 0.06 0.05
  per-rule acc: 0.05 0.06
Epoch 7940 | Train: Loss=0.0035 Acc=100.0% | Test: Acc=5.6% | Best=5.7%(@7220)
  from x3: 0.06 0.06 0.05 0.05 0.05 0.05 0.05 0.05 0.06 0.06 0.06 0.06 0.06
  per-rule acc: 0.05 0.06
Epoch 7960 | Train: Loss=0.0035 Acc=100.0% | Test: Acc=5.6% | Best=5.7%(@7220)
  from x3: 0.06 0.06 0.05 0.06 0.06 0.06 0.06 0.06 0.06 0.06 0.06 0.06 0.06
  per-rule acc: 0.06 0.06
Epoch 7980 | Train: Loss=0.0035 Acc=100.0% | Test: Acc=5.6% | Best=5.7%(@7220)
  from x3: 0.06 0.06 0.05 0.06 0.06 0.06 0.06 0.06 0.06 0.06 0.06 0.06 0.06
  per-rule acc: 0.05 0.06
Epoch 8000 | Train: Loss=0.0172 Acc=100.0% | Test: Acc=5.2% | Best=5.7%(@7220)
  from x3: 0.06 0.05 0.05 0.05 0.05 0.05 0.05 0.05 0.05 0.05 0.05 0.05 0.05
  per-rule acc: 0.05 0.06
Epoch 8020 | Train: Loss=0.0142 Acc=100.0% | Test: Acc=5.1% | Best=5.7%(@7220)
  from x3: 0.06 0.05 0.05 0.05 0.05 0.05 0.05 0.05 0.05 0.05 0.05 0.05 0.05
  per-rule acc: 0.05 0.05
Epoch 8040 | Train: Loss=0.0136 Acc=100.0% | Test: Acc=5.2% | Best=5.7%(@7220)
  from x3: 0.06 0.05 0.05 0.05 0.05 0.05 0.05 0.05 0.05 0.05 0.05 0.05 0.05
  per-rule acc: 0.06 0.05
Epoch 8060 | Train: Loss=0.0122 Acc=100.0% | Test: Acc=5.2% | Best=5.7%(@7220)
  from x3: 0.06 0.05 0.05 0.05 0.05 0.05 0.05 0.05 0.05 0.05 0.05 0.05 0.05
  per-rule acc: 0.05 0.05
Epoch 8080 | Train: Loss=0.0130 Acc=100.0% | Test: Acc=5.5% | Best=5.7%(@7220)
  from x3: 0.06 0.06 0.05 0.05 0.05 0.05 0.05 0.05 0.05 0.05 0.05 0.05 0.05
  per-rule acc: 0.06 0.05
Epoch 8100 | Train: Loss=0.0109 Acc=100.0% | Test: Acc=5.5% | Best=5.7%(@7220)
  from x3: 0.06 0.06 0.05 0.05 0.05 0.05 0.05 0.05 0.05 0.05 0.05 0.05 0.05
  per-rule acc: 0.06 0.05
Epoch 8120 | Train: Loss=0.0115 Acc=100.0% | Test: Acc=5.8% | Best=5.8%(@8120)
  from x3: 0.06 0.06 0.06 0.06 0.06 0.06 0.06 0.06 0.06 0.06 0.06 0.06 0.06
  per-rule acc: 0.06 0.06
Epoch 8140 | Train: Loss=0.0092 Acc=100.0% | Test: Acc=5.9% | Best=5.9%(@8140)
  from x3: 0.07 0.06 0.06 0.06 0.06 0.06 0.06 0.06 0.06 0.06 0.06 0.06 0.06
  per-rule acc: 0.06 0.06
Epoch 8160 | Train: Loss=0.0087 Acc=100.0% | Test: Acc=6.0% | Best=6.0%(@8160)
  from x3: 0.07 0.06 0.06 0.06 0.06 0.06 0.06 0.06 0.06 0.06 0.06 0.06 0.06
  per-rule acc: 0.06 0.06
Epoch 8180 | Train: Loss=0.0083 Acc=100.0% | Test: Acc=6.1% | Best=6.1%(@8180)
  from x3: 0.07 0.06 0.06 0.06 0.06 0.06 0.06 0.06 0.06 0.06 0.06 0.06 0.06
  per-rule acc: 0.06 0.06
Epoch 8200 | Train: Loss=0.0079 Acc=100.0% | Test: Acc=6.1% | Best=6.1%(@8180)
  from x3: 0.07 0.06 0.06 0.06 0.06 0.06 0.06 0.06 0.06 0.06 0.06 0.06 0.06
  per-rule acc: 0.06 0.06
Epoch 8220 | Train: Loss=0.0075 Acc=100.0% | Test: Acc=6.1% | Best=6.1%(@8180)
  from x3: 0.07 0.06 0.06 0.06 0.06 0.06 0.06 0.06 0.06 0.06 0.06 0.06 0.06
  per-rule acc: 0.06 0.06
Epoch 8240 | Train: Loss=0.0072 Acc=100.0% | Test: Acc=6.1% | Best=6.1%(@8180)
  from x3: 0.07 0.06 0.06 0.06 0.06 0.06 0.06 0.06 0.06 0.06 0.06 0.06 0.06
  per-rule acc: 0.06 0.06
Epoch 8260 | Train: Loss=0.0068 Acc=100.0% | Test: Acc=6.1% | Best=6.1%(@8180)
  from x3: 0.07 0.06 0.06 0.06 0.06 0.06 0.06 0.06 0.06 0.06 0.06 0.06 0.06
  per-rule acc: 0.06 0.06
Epoch 8280 | Train: Loss=0.0065 Acc=100.0% | Test: Acc=6.1% | Best=6.1%(@8180)
  from x3: 0.07 0.06 0.06 0.06 0.06 0.06 0.06 0.06 0.06 0.06 0.06 0.06 0.06
  per-rule acc: 0.06 0.06
Epoch 8300 | Train: Loss=0.0062 Acc=100.0% | Test: Acc=6.1% | Best=6.1%(@8180)
  from x3: 0.07 0.06 0.06 0.06 0.06 0.06 0.06 0.06 0.06 0.06 0.06 0.06 0.06
  per-rule acc: 0.06 0.06
Epoch 8320 | Train: Loss=0.0060 Acc=100.0% | Test: Acc=6.1% | Best=6.1%(@8180)
  from x3: 0.07 0.06 0.06 0.06 0.06 0.06 0.06 0.06 0.06 0.06 0.06 0.06 0.06
  per-rule acc: 0.06 0.06
Epoch 8340 | Train: Loss=0.0057 Acc=100.0% | Test: Acc=6.1% | Best=6.1%(@8180)
  from x3: 0.07 0.06 0.06 0.06 0.06 0.06 0.06 0.06 0.06 0.06 0.06 0.06 0.06
  per-rule acc: 0.06 0.06
Epoch 8360 | Train: Loss=0.0055 Acc=100.0% | Test: Acc=6.1% | Best=6.1%(@8180)
  from x3: 0.07 0.06 0.06 0.06 0.06 0.06 0.06 0.06 0.06 0.06 0.06 0.06 0.06
  per-rule acc: 0.06 0.06
Epoch 8380 | Train: Loss=0.0053 Acc=100.0% | Test: Acc=6.1% | Best=6.1%(@8180)
  from x3: 0.07 0.06 0.06 0.06 0.06 0.06 0.06 0.06 0.06 0.06 0.06 0.06 0.06
  per-rule acc: 0.06 0.06
Epoch 8400 | Train: Loss=0.0052 Acc=100.0% | Test: Acc=6.1% | Best=6.1%(@8180)
  from x3: 0.07 0.06 0.06 0.06 0.06 0.06 0.06 0.06 0.06 0.06 0.06 0.06 0.06
  per-rule acc: 0.06 0.06
Epoch 8420 | Train: Loss=0.0051 Acc=100.0% | Test: Acc=6.1% | Best=6.1%(@8180)
  from x3: 0.07 0.06 0.06 0.06 0.06 0.06 0.06 0.06 0.06 0.06 0.06 0.06 0.06
  per-rule acc: 0.06 0.06
Epoch 8440 | Train: Loss=0.0050 Acc=100.0% | Test: Acc=6.0% | Best=6.1%(@8180)
  from x3: 0.07 0.06 0.06 0.06 0.06 0.06 0.06 0.06 0.06 0.06 0.06 0.06 0.06
  per-rule acc: 0.06 0.06
Epoch 8460 | Train: Loss=0.0049 Acc=100.0% | Test: Acc=6.0% | Best=6.1%(@8180)
  from x3: 0.07 0.06 0.06 0.06 0.06 0.06 0.06 0.06 0.06 0.06 0.06 0.06 0.06
  per-rule acc: 0.06 0.06
Epoch 8480 | Train: Loss=0.0048 Acc=100.0% | Test: Acc=5.9% | Best=6.1%(@8180)
  from x3: 0.07 0.06 0.06 0.06 0.06 0.06 0.06 0.06 0.06 0.06 0.06 0.06 0.06
  per-rule acc: 0.06 0.06
Epoch 8500 | Train: Loss=0.0047 Acc=100.0% | Test: Acc=6.0% | Best=6.1%(@8180)
  from x3: 0.07 0.06 0.06 0.06 0.06 0.06 0.06 0.06 0.06 0.06 0.06 0.06 0.06
  per-rule acc: 0.06 0.06
Epoch 8520 | Train: Loss=0.0046 Acc=100.0% | Test: Acc=6.0% | Best=6.1%(@8180)
  from x3: 0.07 0.06 0.06 0.06 0.06 0.06 0.06 0.06 0.06 0.06 0.06 0.06 0.06
  per-rule acc: 0.06 0.06
Epoch 8540 | Train: Loss=0.0046 Acc=100.0% | Test: Acc=6.0% | Best=6.1%(@8180)
  from x3: 0.07 0.06 0.06 0.06 0.06 0.06 0.06 0.06 0.06 0.06 0.06 0.06 0.06
  per-rule acc: 0.06 0.06
Epoch 8560 | Train: Loss=0.0045 Acc=100.0% | Test: Acc=6.0% | Best=6.1%(@8180)
  from x3: 0.07 0.06 0.06 0.06 0.06 0.06 0.06 0.06 0.06 0.06 0.06 0.06 0.06
  per-rule acc: 0.06 0.06
Epoch 8580 | Train: Loss=0.0045 Acc=100.0% | Test: Acc=5.9% | Best=6.1%(@8180)
  from x3: 0.07 0.06 0.06 0.06 0.06 0.06 0.06 0.06 0.06 0.06 0.06 0.06 0.06
  per-rule acc: 0.06 0.06
Epoch 8600 | Train: Loss=0.0044 Acc=100.0% | Test: Acc=5.9% | Best=6.1%(@8180)
  from x3: 0.07 0.06 0.06 0.06 0.06 0.06 0.06 0.06 0.06 0.06 0.06 0.06 0.06
  per-rule acc: 0.06 0.06
Epoch 8620 | Train: Loss=0.0044 Acc=100.0% | Test: Acc=5.9% | Best=6.1%(@8180)
  from x3: 0.07 0.06 0.06 0.06 0.06 0.06 0.06 0.06 0.06 0.06 0.06 0.06 0.06
  per-rule acc: 0.06 0.06
Epoch 8640 | Train: Loss=0.0043 Acc=100.0% | Test: Acc=5.9% | Best=6.1%(@8180)
  from x3: 0.07 0.06 0.06 0.06 0.06 0.06 0.06 0.06 0.06 0.06 0.06 0.06 0.06
  per-rule acc: 0.06 0.06
Epoch 8660 | Train: Loss=0.0043 Acc=100.0% | Test: Acc=5.9% | Best=6.1%(@8180)
  from x3: 0.07 0.06 0.06 0.06 0.06 0.06 0.06 0.06 0.06 0.06 0.06 0.06 0.06
  per-rule acc: 0.06 0.06
Epoch 8680 | Train: Loss=0.0043 Acc=100.0% | Test: Acc=5.9% | Best=6.1%(@8180)
  from x3: 0.07 0.06 0.06 0.06 0.06 0.06 0.06 0.06 0.06 0.06 0.06 0.06 0.06
  per-rule acc: 0.06 0.06
Epoch 8700 | Train: Loss=0.0043 Acc=100.0% | Test: Acc=5.9% | Best=6.1%(@8180)
  from x3: 0.07 0.06 0.06 0.06 0.06 0.06 0.06 0.06 0.06 0.06 0.06 0.06 0.06
  per-rule acc: 0.06 0.06
Epoch 8720 | Train: Loss=0.0042 Acc=100.0% | Test: Acc=5.9% | Best=6.1%(@8180)
  from x3: 0.07 0.06 0.06 0.06 0.06 0.06 0.06 0.06 0.06 0.06 0.06 0.06 0.06
  per-rule acc: 0.06 0.06
Epoch 8740 | Train: Loss=0.0042 Acc=100.0% | Test: Acc=5.9% | Best=6.1%(@8180)
  from x3: 0.07 0.06 0.06 0.06 0.06 0.06 0.06 0.06 0.06 0.06 0.06 0.06 0.06
  per-rule acc: 0.06 0.06
Epoch 8760 | Train: Loss=0.0042 Acc=100.0% | Test: Acc=5.9% | Best=6.1%(@8180)
  from x3: 0.07 0.06 0.06 0.06 0.06 0.06 0.06 0.06 0.06 0.06 0.06 0.06 0.06
  per-rule acc: 0.06 0.06
Epoch 8780 | Train: Loss=0.0042 Acc=100.0% | Test: Acc=5.9% | Best=6.1%(@8180)
  from x3: 0.07 0.06 0.06 0.06 0.06 0.06 0.06 0.06 0.06 0.06 0.06 0.06 0.06
  per-rule acc: 0.06 0.06
Epoch 8800 | Train: Loss=0.0042 Acc=100.0% | Test: Acc=5.9% | Best=6.1%(@8180)
  from x3: 0.07 0.06 0.06 0.06 0.06 0.06 0.06 0.06 0.06 0.06 0.06 0.06 0.06
  per-rule acc: 0.06 0.06
Epoch 8820 | Train: Loss=0.0042 Acc=100.0% | Test: Acc=5.9% | Best=6.1%(@8180)
  from x3: 0.07 0.06 0.06 0.06 0.06 0.06 0.06 0.06 0.06 0.06 0.06 0.06 0.06
  per-rule acc: 0.06 0.06
Epoch 8840 | Train: Loss=0.0042 Acc=100.0% | Test: Acc=5.9% | Best=6.1%(@8180)
  from x3: 0.07 0.06 0.06 0.06 0.06 0.06 0.06 0.06 0.06 0.06 0.06 0.06 0.06
  per-rule acc: 0.06 0.06
Epoch 8860 | Train: Loss=0.0042 Acc=100.0% | Test: Acc=5.9% | Best=6.1%(@8180)
  from x3: 0.07 0.06 0.06 0.06 0.06 0.06 0.06 0.06 0.06 0.06 0.06 0.06 0.06
  per-rule acc: 0.06 0.06
Epoch 8880 | Train: Loss=0.0041 Acc=100.0% | Test: Acc=5.9% | Best=6.1%(@8180)
  from x3: 0.07 0.06 0.06 0.06 0.06 0.06 0.06 0.06 0.06 0.06 0.06 0.06 0.06
  per-rule acc: 0.06 0.06
Epoch 8900 | Train: Loss=0.0041 Acc=100.0% | Test: Acc=5.9% | Best=6.1%(@8180)
  from x3: 0.07 0.06 0.06 0.06 0.06 0.06 0.06 0.06 0.06 0.06 0.06 0.06 0.06
  per-rule acc: 0.06 0.06
Epoch 8920 | Train: Loss=0.0041 Acc=100.0% | Test: Acc=5.9% | Best=6.1%(@8180)
  from x3: 0.07 0.06 0.06 0.06 0.06 0.06 0.06 0.06 0.06 0.06 0.06 0.06 0.06
  per-rule acc: 0.06 0.06
Epoch 8940 | Train: Loss=0.0041 Acc=100.0% | Test: Acc=5.9% | Best=6.1%(@8180)
  from x3: 0.07 0.06 0.06 0.06 0.06 0.06 0.06 0.06 0.06 0.06 0.06 0.06 0.06
  per-rule acc: 0.06 0.06
Epoch 8960 | Train: Loss=0.0041 Acc=100.0% | Test: Acc=5.9% | Best=6.1%(@8180)
  from x3: 0.07 0.06 0.06 0.06 0.06 0.06 0.06 0.06 0.06 0.06 0.06 0.06 0.06
  per-rule acc: 0.06 0.06
Epoch 8980 | Train: Loss=0.0041 Acc=100.0% | Test: Acc=5.9% | Best=6.1%(@8180)
  from x3: 0.07 0.06 0.06 0.06 0.06 0.06 0.06 0.06 0.06 0.06 0.06 0.06 0.06
  per-rule acc: 0.06 0.06
Epoch 9000 | Train: Loss=0.0041 Acc=100.0% | Test: Acc=5.9% | Best=6.1%(@8180)
  from x3: 0.07 0.06 0.06 0.06 0.06 0.06 0.06 0.06 0.06 0.06 0.06 0.06 0.06
  per-rule acc: 0.06 0.06
Epoch 9020 | Train: Loss=0.0041 Acc=100.0% | Test: Acc=5.9% | Best=6.1%(@8180)
  from x3: 0.07 0.06 0.06 0.06 0.06 0.06 0.06 0.06 0.06 0.06 0.06 0.06 0.06
  per-rule acc: 0.06 0.06
Epoch 9040 | Train: Loss=0.0041 Acc=100.0% | Test: Acc=5.9% | Best=6.1%(@8180)
  from x3: 0.07 0.06 0.06 0.06 0.06 0.06 0.06 0.06 0.06 0.06 0.06 0.06 0.06
  per-rule acc: 0.06 0.06
Epoch 9060 | Train: Loss=0.0041 Acc=100.0% | Test: Acc=5.9% | Best=6.1%(@8180)
  from x3: 0.07 0.06 0.06 0.06 0.06 0.06 0.06 0.06 0.06 0.06 0.06 0.06 0.06
  per-rule acc: 0.06 0.06
Epoch 9080 | Train: Loss=0.0041 Acc=100.0% | Test: Acc=5.9% | Best=6.1%(@8180)
  from x3: 0.07 0.06 0.06 0.06 0.06 0.06 0.06 0.06 0.06 0.06 0.06 0.06 0.06
  per-rule acc: 0.06 0.06
Epoch 9100 | Train: Loss=0.0041 Acc=100.0% | Test: Acc=5.9% | Best=6.1%(@8180)
  from x3: 0.07 0.06 0.06 0.06 0.06 0.06 0.06 0.06 0.06 0.06 0.06 0.06 0.06
  per-rule acc: 0.06 0.06
Epoch 9120 | Train: Loss=0.0041 Acc=100.0% | Test: Acc=5.9% | Best=6.1%(@8180)
  from x3: 0.07 0.06 0.06 0.06 0.06 0.06 0.06 0.06 0.06 0.06 0.06 0.06 0.06
  per-rule acc: 0.06 0.06
Epoch 9140 | Train: Loss=0.0041 Acc=100.0% | Test: Acc=5.9% | Best=6.1%(@8180)
  from x3: 0.07 0.06 0.06 0.06 0.06 0.06 0.06 0.06 0.06 0.06 0.06 0.06 0.06
  per-rule acc: 0.06 0.06
Epoch 9160 | Train: Loss=0.0041 Acc=100.0% | Test: Acc=5.9% | Best=6.1%(@8180)
  from x3: 0.07 0.06 0.06 0.06 0.06 0.06 0.06 0.06 0.06 0.06 0.06 0.06 0.06
  per-rule acc: 0.06 0.06
Epoch 9180 | Train: Loss=0.0041 Acc=100.0% | Test: Acc=5.9% | Best=6.1%(@8180)
  from x3: 0.07 0.06 0.06 0.06 0.06 0.06 0.06 0.06 0.06 0.06 0.06 0.06 0.06
  per-rule acc: 0.06 0.06
[Early stop] No improvement for 1000 consecutive epochs

==================================================
Saving model...
[OK] Model saved to: /home/cxm/ai/test0627-multitask-overlap/models/mixed_cond_d128l1_r8_n2_e50_overlap100.pth
  File size: 1391.3 KB
  Best test accuracy: 6.15%

==================================================
Final generation test (given first two items, AB generates 3rd as prompt, validate from 4th)
==================================================

--- AB pair 1: (1, 1) ---

--- Statistics for AB=(1,1) ---
Exposed    samples:  1404 | In-dist: 18252/18252 (100.0%) | OOD: 22464/22464 (100.0%)
Unexposed  samples:  1405 | In-dist:  6437/18265 ( 35.2%) | OOD:  8518/22480 ( 37.9%)

--- AB pair 2: (1, 2) ---

--- Statistics for AB=(1,2) ---
Exposed    samples:  1404 | In-dist: 18057/18252 ( 98.9%) | OOD: 22236/22464 ( 99.0%)
Unexposed  samples:  1405 | In-dist:  4159/18265 ( 22.8%) | OOD:  5529/22480 ( 24.6%)

--- Return code: 0 ---

======================================================================
Attention Analysis
======================================================================
Model config: addition (default), p=53
Best test accuracy: 0.061456337257049
Training epochs: 9180

Random test sequence 1/5 (length 32): [29, 33, 9, 42, 51, 40, 38, 25, 10, 35, 45, 27, 19, 46, 12, 5, 17, 22, 39, 8]...

======================================================================
Attention Layer Training Result Summary
======================================================================
Input sequence: [29, 33, 9, 42, 51, 40, 38, 25, 10, 35, 45, 27, 19, 46, 12, 5, 17, 22, 39, 8, 47, 2, 49, 51, 47, 45, 39, 31, 17, 48, 12, 7]

--- Layer 0 ---
  Head 0: Entropy=0.843
    Attention coefficients from each query position to previous positions:
      i= 0 -> j=0:1.000
      i= 1 -> j=0:0.122, j=1:0.878
      i= 2 -> j=0:0.016, j=1:0.124, j=2:0.860
      i= 3 -> j=0:0.044, j=1:0.137, j=2:0.307, j=3:0.512
      i= 4 -> j=0:0.011, j=1:0.055, j=2:0.114, j=3:0.181, j=4:0.639
      i= 5 -> j=0:0.001, j=1:0.008, j=2:0.025, j=3:0.035, j=4:0.101, j=5:0.831
      i= 6 -> j=0:0.000, j=1:0.002, j=2:0.009, j=3:0.024, j=4:0.064, j=5:0.205, j=6:0.694
      i= 7 -> j=0:0.000, j=1:0.001, j=2:0.004, j=3:0.023, j=4:0.072, j=5:0.122, j=6:0.207, j=7:0.570
      i= 8 -> j=0:0.000, j=1:0.000, j=2:0.000, j=3:0.001, j=4:0.006, j=5:0.012, j=6:0.020, j=7:0.061, j=8:0.899
      i= 9 -> j=0:0.000, j=1:0.000, j=2:0.000, j=3:0.000, j=4:0.001, j=5:0.003, j=6:0.006, j=7:0.016, j=8:0.139, j=9:0.835
      i=10 -> j=0:0.001, j=1:0.001, j=2:0.000, j=3:0.001, j=4:0.002, j=5:0.004, j=6:0.012, j=7:0.035, j=8:0.113, j=9:0.258, j=10:0.574
      i=11 -> j=0:0.000, j=1:0.000, j=2:0.000, j=3:0.000, j=4:0.000, j=5:0.000, j=6:0.001, j=7:0.007, j=8:0.031, j=9:0.061, j=10:0.076, j=11:0.822
      i=12 -> j=0:0.001, j=1:0.001, j=2:0.001, j=3:0.002, j=4:0.001, j=5:0.001, j=6:0.001, j=7:0.006, j=8:0.019, j=9:0.037, j=10:0.082, j=11:0.233, j=12:0.616
      i=13 -> j=0:0.000, j=1:0.000, j=2:0.000, j=3:0.001, j=4:0.001, j=5:0.000, j=6:0.000, j=7:0.001, j=8:0.002, j=9:0.006, j=10:0.027, j=11:0.062, j=12:0.114, j=13:0.786
      i=14 -> j=0:0.000, j=1:0.000, j=2:0.000, j=3:0.002, j=4:0.002, j=5:0.000, j=6:0.000, j=7:0.001, j=8:0.001, j=9:0.002, j=10:0.019, j=11:0.046, j=12:0.088, j=13:0.220, j=14:0.617
      i=15 -> j=0:0.002, j=1:0.002, j=2:0.001, j=3:0.003, j=4:0.003, j=5:0.002, j=6:0.002, j=7:0.002, j=8:0.001, j=9:0.001, j=10:0.009, j=11:0.023, j=12:0.069, j=13:0.100, j=14:0.193, j=15:0.589
      i=16 -> j=0:0.000, j=1:0.000, j=2:0.000, j=3:0.000, j=4:0.000, j=5:0.000, j=6:0.000, j=7:0.000, j=8:0.000, j=9:0.000, j=10:0.000, j=11:0.000, j=12:0.003, j=13:0.007, j=14:0.014, j=15:0.057, j=16:0.920
      i=17 -> j=0:0.001, j=1:0.000, j=2:0.000, j=3:0.000, j=4:0.000, j=5:0.000, j=6:0.000, j=7:0.000, j=8:0.000, j=9:0.000, j=10:0.000, j=11:0.000, j=12:0.002, j=13:0.006, j=14:0.021, j=15:0.051, j=16:0.165, j=17:0.752
      i=18 -> j=0:0.000, j=1:0.000, j=2:0.000, j=3:0.000, j=4:0.000, j=5:0.000, j=6:0.000, j=7:0.000, j=8:0.000, j=9:0.000, j=10:0.000, j=11:0.000, j=12:0.000, j=13:0.000, j=14:0.000, j=15:0.002, j=16:0.007, j=17:0.026, j=18:0.965
      i=19 -> j=0:0.000, j=1:0.001, j=2:0.000, j=3:0.001, j=4:0.001, j=5:0.000, j=6:0.000, j=7:0.001, j=8:0.000, j=9:0.000, j=10:0.001, j=11:0.000, j=12:0.000, j=13:0.000, j=14:0.002, j=15:0.011, j=16:0.026, j=17:0.067, j=18:0.225, j=19:0.663
      i=20 -> j=0:0.003, j=1:0.002, j=2:0.002, j=3:0.005, j=4:0.005, j=5:0.002, j=6:0.001, j=7:0.002, j=8:0.001, j=9:0.001, j=10:0.003, j=11:0.001, j=12:0.002, j=13:0.001, j=14:0.002, j=15:0.008, j=16:0.013, j=17:0.053, j=18:0.194, j=19:0.246, j=20:0.454
      i=21 -> j=0:0.000, j=1:0.000, j=2:0.000, j=3:0.000, j=4:0.000, j=5:0.000, j=6:0.000, j=7:0.000, j=8:0.000, j=9:0.000, j=10:0.000, j=11:0.000, j=12:0.000, j=13:0.000, j=14:0.000, j=15:0.000, j=16:0.000, j=17:0.001, j=18:0.007, j=19:0.018, j=20:0.041, j=21:0.932
      i=22 -> j=0:0.002, j=1:0.001, j=2:0.001, j=3:0.002, j=4:0.002, j=5:0.001, j=6:0.001, j=7:0.001, j=8:0.000, j=9:0.000, j=10:0.001, j=11:0.000, j=12:0.001, j=13:0.000, j=14:0.000, j=15:0.001, j=16:0.000, j=17:0.002, j=18:0.004, j=19:0.023, j=20:0.083, j=21:0.284, j=22:0.589
      i=23 -> j=0:0.005, j=1:0.004, j=2:0.002, j=3:0.004, j=4:0.004, j=5:0.001, j=6:0.002, j=7:0.003, j=8:0.001, j=9:0.000, j=10:0.001, j=11:0.001, j=12:0.002, j=13:0.001, j=14:0.001, j=15:0.001, j=16:0.000, j=17:0.001, j=18:0.001, j=19:0.011, j=20:0.042, j=21:0.095, j=22:0.162, j=23:0.656
      i=24 -> j=0:0.008, j=1:0.008, j=2:0.005, j=3:0.007, j=4:0.005, j=5:0.002, j=6:0.003, j=7:0.005, j=8:0.002, j=9:0.001, j=10:0.002, j=11:0.001, j=12:0.002, j=13:0.002, j=14:0.002, j=15:0.002, j=16:0.000, j=17:0.001, j=18:0.000, j=19:0.004, j=20:0.024, j=21:0.060, j=22:0.128, j=23:0.243, j=24:0.481
      i=25 -> j=0:0.005, j=1:0.005, j=2:0.006, j=3:0.007, j=4:0.006, j=5:0.002, j=6:0.002, j=7:0.004, j=8:0.002, j=9:0.001, j=10:0.003, j=11:0.001, j=12:0.001, j=13:0.001, j=14:0.002, j=15:0.002, j=16:0.000, j=17:0.000, j=18:0.000, j=19:0.001, j=20:0.006, j=21:0.012, j=22:0.055, j=23:0.105, j=24:0.196, j=25:0.574
      i=26 -> j=0:0.000, j=1:0.000, j=2:0.000, j=3:0.000, j=4:0.000, j=5:0.000, j=6:0.000, j=7:0.000, j=8:0.000, j=9:0.000, j=10:0.000, j=11:0.000, j=12:0.000, j=13:0.000, j=14:0.000, j=15:0.000, j=16:0.000, j=17:0.000, j=18:0.000, j=19:0.000, j=20:0.000, j=21:0.000, j=22:0.000, j=23:0.002, j=24:0.007, j=25:0.012, j=26:0.978
      i=27 -> j=0:0.001, j=1:0.001, j=2:0.000, j=3:0.001, j=4:0.002, j=5:0.001, j=6:0.000, j=7:0.000, j=8:0.000, j=9:0.000, j=10:0.001, j=11:0.000, j=12:0.000, j=13:0.000, j=14:0.000, j=15:0.000, j=16:0.000, j=17:0.000, j=18:0.000, j=19:0.000, j=20:0.000, j=21:0.000, j=22:0.001, j=23:0.006, j=24:0.018, j=25:0.036, j=26:0.180, j=27:0.751
      i=28 -> j=0:0.001, j=1:0.000, j=2:0.000, j=3:0.000, j=4:0.001, j=5:0.000, j=6:0.000, j=7:0.000, j=8:0.000, j=9:0.000, j=10:0.000, j=11:0.000, j=12:0.000, j=13:0.000, j=14:0.000, j=15:0.000, j=16:0.000, j=17:0.000, j=18:0.000, j=19:0.000, j=20:0.000, j=21:0.000, j=22:0.000, j=23:0.000, j=24:0.002, j=25:0.008, j=26:0.019, j=27:0.072, j=28:0.896
      i=29 -> j=0:0.004, j=1:0.003, j=2:0.001, j=3:0.002, j=4:0.002, j=5:0.001, j=6:0.002, j=7:0.002, j=8:0.001, j=9:0.000, j=10:0.001, j=11:0.000, j=12:0.001, j=13:0.001, j=14:0.000, j=15:0.000, j=16:0.000, j=17:0.000, j=18:0.000, j=19:0.000, j=20:0.000, j=21:0.000, j=22:0.000, j=23:0.000, j=24:0.001, j=25:0.006, j=26:0.008, j=27:0.027, j=28:0.079, j=29:0.855
      i=30 -> j=0:0.005, j=1:0.006, j=2:0.005, j=3:0.006, j=4:0.005, j=5:0.002, j=6:0.004, j=7:0.006, j=8:0.003, j=9:0.001, j=10:0.002, j=11:0.001, j=12:0.002, j=13:0.002, j=14:0.002, j=15:0.002, j=16:0.000, j=17:0.000, j=18:0.000, j=19:0.001, j=20:0.001, j=21:0.000, j=22:0.000, j=23:0.001, j=24:0.001, j=25:0.005, j=26:0.010, j=27:0.038, j=28:0.092, j=29:0.258, j=30:0.540
      i=31 -> j=0:0.003, j=1:0.004, j=2:0.004, j=3:0.005, j=4:0.004, j=5:0.002, j=6:0.002, j=7:0.003, j=8:0.002, j=9:0.001, j=10:0.002, j=11:0.001, j=12:0.001, j=13:0.001, j=14:0.001, j=15:0.002, j=16:0.000, j=17:0.000, j=18:0.000, j=19:0.000, j=20:0.001, j=21:0.000, j=22:0.001, j=23:0.000, j=24:0.001, j=25:0.001, j=26:0.001, j=27:0.012, j=28:0.051, j=29:0.100, j=30:0.135, j=31:0.658
    Average attention per distance:
      d=0:0.731, d=1:0.159, d=2:0.069, d=3:0.031


======================================================================
QK Property Verification (Raw Scores, before Softmax)
======================================================================
Recurrence order init_len=2, num test sequences=1

--- [P1] Long-distance Orthogonality Verification ---
Ideal: raw_score mean ≈ 0 and small std when d > init_len

  Layer 0, Head 0:
    d= 1 (effective): mean=  1.931, std= 0.485, n=31
    d= 2 (effective): mean=  0.978, std= 0.396, n=30
    d>2 (long-distance): mean= -3.553, std= 1.861, n=435

--- [P2] Time-homogeneous Verification ---
Ideal: CV of raw_score across positions i ≈ 0 for fixed distance d
(CV = std / |mean|, smaller = more constant)

  Layer 0, Head 0:
    d= 1: mean=  1.931, std= 0.485, CV=0.251, n=31
    d= 2: mean=  0.978, std= 0.396, CV=0.405, n=30

======================================================================
QK Property Verification Completed
======================================================================
