=== Experiment: mixed_label_d256l1_r16_n3_e50 ===
Time: 2026-06-27T04:20:32.853814
Task type: mixed_ab
Merged config: {
  "P": 53,
  "TASK": "mixed_ab",
  "NUM_MASK": 0,
  "A": 1,
  "B": 1,
  "AB_PAIRS": [
    [
      1,
      1
    ],
    [
      1,
      2
    ],
    [
      1,
      3
    ]
  ],
  "D_MODEL": 256,
  "N_HEAD": 1,
  "N_LAYER": 1,
  "BATCH_SIZE": 128,
  "EPOCHS": 10000,
  "LR": 0.0003,
  "SAVE_PATH": "models/mixed_label_d256l1_r16_n3_e50.pth",
  "USE_GREEDY_GENERATE": true,
  "USE_LEARNABLE_PE": false,
  "MLP_RATIO": 16,
  "TRAIN_LEN": 16,
  "OOD_LEN": 32,
  "DROPOUT": 0.0,
  "TARGET_INIT_COVERAGE": 0.5,
  "MAX_UNIQUE_RATIO": 0.5,
  "WEIGHT_DECAY": 1,
  "ENTROPY_PENALTY_WEIGHT": 0.0,
  "FIRST_TASK_WEIGHT": 1.0,
  "RANDOM_SEED": 42,
  "EVAL_INTERVAL": 20,
  "EARLY_STOP_NO_IMPROVE": 1000,
  "EARLY_STOP_ACCURACY": 0.99,
  "USE_AB_TAG": true,
  "USE_CONDITIONAL_WTE": false,
  "COND_WTE_SHARED_RATIO": 0.0,
  "MIXED_AB_MAX_UNIQUE_RATIOS": [
    0.5,
    0.5,
    0.5
  ],
  "SKIP_FINAL_GENERATION_TEST": true
}
--- output ---
Using device: cuda

[Dataset] Mixed mode: generated 4212 + 4215 samples, length 16
AB parameter pairs: [(1, 1), (1, 2), (1, 3)]
  - AB=(1,1): train 1404 | test 1405 | exposed ~50.0%
  - AB=(1,2): train 1404 | test 1405 | exposed ~50.0%
  - AB=(1,3): train 1404 | test 1405 | exposed ~50.0%
--------------------------------------------------
[Model config] block_size: 32, train length: 16
[Number theory] AB parameter pairs: [(1, 1), (1, 2), (1, 3)]


Model parameters: 2.41M

Start training...
Epoch   0 | Train: Loss=4.1395 Acc=4.4% | Test: Acc=0.4% | Best=0.4%(@0)
  from x2: 0.01 0.01 0.00 0.00 0.00 0.00 0.00 0.00 0.00 0.00 0.00 0.00 0.00 0.00
  per-rule acc: 0.00 0.00 0.00
Epoch  20 | Train: Loss=0.0679 Acc=99.3% | Test: Acc=1.8% | Best=1.8%(@20)
  from x2: 0.02 0.02 0.02 0.02 0.02 0.02 0.02 0.02 0.02 0.02 0.02 0.02 0.02 0.02
  per-rule acc: 0.02 0.02 0.02
Epoch  40 | Train: Loss=0.0317 Acc=99.9% | Test: Acc=2.1% | Best=2.1%(@40)
  from x2: 0.02 0.02 0.02 0.02 0.02 0.02 0.02 0.02 0.02 0.02 0.02 0.02 0.02 0.02
  per-rule acc: 0.03 0.02 0.02
Epoch  60 | Train: Loss=0.0330 Acc=99.8% | Test: Acc=2.1% | Best=2.1%(@60)
  from x2: 0.02 0.02 0.02 0.02 0.02 0.02 0.02 0.02 0.02 0.02 0.02 0.02 0.02 0.02
  per-rule acc: 0.03 0.02 0.02
Epoch  80 | Train: Loss=0.0277 Acc=99.9% | Test: Acc=2.1% | Best=2.1%(@60)
  from x2: 0.02 0.02 0.02 0.02 0.02 0.02 0.02 0.02 0.02 0.02 0.02 0.02 0.02 0.02
  per-rule acc: 0.03 0.02 0.02
Epoch 100 | Train: Loss=0.0165 Acc=99.9% | Test: Acc=2.2% | Best=2.2%(@100)
  from x2: 0.02 0.02 0.02 0.02 0.02 0.02 0.02 0.02 0.02 0.02 0.02 0.02 0.02 0.02
  per-rule acc: 0.03 0.02 0.02
Epoch 120 | Train: Loss=0.0215 Acc=99.9% | Test: Acc=2.1% | Best=2.2%(@100)
  from x2: 0.02 0.02 0.02 0.02 0.02 0.02 0.02 0.02 0.02 0.02 0.02 0.02 0.02 0.02
  per-rule acc: 0.02 0.02 0.02
Epoch 140 | Train: Loss=0.0113 Acc=99.9% | Test: Acc=2.3% | Best=2.3%(@140)
  from x2: 0.02 0.02 0.02 0.02 0.02 0.02 0.02 0.02 0.02 0.02 0.02 0.02 0.02 0.02
  per-rule acc: 0.03 0.02 0.02
Epoch 160 | Train: Loss=0.0085 Acc=100.0% | Test: Acc=2.3% | Best=2.3%(@160)
  from x2: 0.02 0.02 0.02 0.02 0.02 0.02 0.02 0.02 0.02 0.02 0.02 0.02 0.02 0.02
  per-rule acc: 0.03 0.02 0.02
Epoch 180 | Train: Loss=0.0131 Acc=99.9% | Test: Acc=2.3% | Best=2.3%(@160)
  from x2: 0.02 0.02 0.02 0.02 0.02 0.02 0.02 0.02 0.02 0.02 0.02 0.02 0.02 0.02
  per-rule acc: 0.03 0.02 0.02
Epoch 200 | Train: Loss=0.0267 Acc=99.7% | Test: Acc=2.5% | Best=2.5%(@200)
  from x2: 0.02 0.03 0.02 0.02 0.02 0.02 0.02 0.02 0.02 0.02 0.02 0.02 0.02 0.02
  per-rule acc: 0.03 0.02 0.02
Epoch 220 | Train: Loss=0.0115 Acc=99.9% | Test: Acc=2.8% | Best=2.8%(@220)
  from x2: 0.03 0.03 0.03 0.03 0.03 0.03 0.03 0.03 0.03 0.03 0.03 0.03 0.03 0.03
  per-rule acc: 0.04 0.03 0.02
Epoch 240 | Train: Loss=0.0042 Acc=100.0% | Test: Acc=2.8% | Best=2.8%(@220)
  from x2: 0.03 0.03 0.03 0.03 0.03 0.03 0.03 0.03 0.03 0.03 0.03 0.03 0.03 0.03
  per-rule acc: 0.04 0.02 0.02
Epoch 260 | Train: Loss=0.0089 Acc=99.9% | Test: Acc=3.0% | Best=3.0%(@260)
  from x2: 0.03 0.03 0.03 0.03 0.03 0.03 0.03 0.03 0.03 0.03 0.03 0.03 0.03 0.03
  per-rule acc: 0.04 0.02 0.02
Epoch 280 | Train: Loss=0.0049 Acc=100.0% | Test: Acc=2.9% | Best=3.0%(@260)
  from x2: 0.03 0.03 0.03 0.03 0.03 0.03 0.03 0.03 0.03 0.03 0.03 0.03 0.03 0.03
  per-rule acc: 0.04 0.03 0.03
Epoch 300 | Train: Loss=0.0132 Acc=99.9% | Test: Acc=3.7% | Best=3.7%(@300)
  from x2: 0.04 0.04 0.04 0.04 0.04 0.04 0.04 0.04 0.04 0.04 0.04 0.04 0.04 0.04
  per-rule acc: 0.05 0.03 0.03
Epoch 320 | Train: Loss=0.0142 Acc=99.9% | Test: Acc=4.0% | Best=4.0%(@320)
  from x2: 0.04 0.04 0.04 0.04 0.04 0.04 0.04 0.04 0.04 0.04 0.04 0.04 0.04 0.04
  per-rule acc: 0.06 0.03 0.03
Epoch 340 | Train: Loss=0.0088 Acc=100.0% | Test: Acc=4.6% | Best=4.6%(@340)
  from x2: 0.05 0.05 0.05 0.05 0.05 0.05 0.05 0.05 0.05 0.05 0.05 0.05 0.05 0.04
  per-rule acc: 0.06 0.04 0.03
Epoch 360 | Train: Loss=0.0039 Acc=100.0% | Test: Acc=4.6% | Best=4.6%(@360)
  from x2: 0.05 0.05 0.05 0.05 0.05 0.05 0.05 0.05 0.05 0.05 0.04 0.04 0.04 0.04
  per-rule acc: 0.07 0.04 0.04
Epoch 380 | Train: Loss=0.0112 Acc=99.9% | Test: Acc=5.9% | Best=5.9%(@380)
  from x2: 0.06 0.07 0.06 0.06 0.06 0.06 0.06 0.06 0.06 0.06 0.06 0.06 0.06 0.06
  per-rule acc: 0.09 0.05 0.04
Epoch 400 | Train: Loss=0.0190 Acc=99.8% | Test: Acc=6.1% | Best=6.1%(@400)
  from x2: 0.06 0.06 0.06 0.06 0.06 0.06 0.06 0.06 0.06 0.06 0.06 0.06 0.06 0.06
  per-rule acc: 0.09 0.05 0.04
Epoch 420 | Train: Loss=0.0203 Acc=100.0% | Test: Acc=6.9% | Best=6.9%(@420)
  from x2: 0.07 0.07 0.07 0.07 0.07 0.07 0.07 0.07 0.07 0.07 0.07 0.07 0.07 0.07
  per-rule acc: 0.10 0.05 0.06
Epoch 440 | Train: Loss=0.0517 Acc=99.5% | Test: Acc=6.9% | Best=6.9%(@440)
  from x2: 0.06 0.07 0.07 0.07 0.07 0.07 0.07 0.07 0.07 0.07 0.07 0.07 0.07 0.07
  per-rule acc: 0.10 0.05 0.05
Epoch 460 | Train: Loss=0.0060 Acc=100.0% | Test: Acc=9.1% | Best=9.1%(@460)
  from x2: 0.09 0.10 0.09 0.09 0.09 0.09 0.09 0.09 0.09 0.09 0.09 0.09 0.09 0.09
  per-rule acc: 0.13 0.06 0.08
Epoch 480 | Train: Loss=0.0727 Acc=99.4% | Test: Acc=6.8% | Best=9.1%(@460)
  from x2: 0.08 0.08 0.07 0.07 0.07 0.07 0.07 0.07 0.07 0.07 0.07 0.07 0.07 0.07
  per-rule acc: 0.10 0.06 0.05
Epoch 500 | Train: Loss=0.0155 Acc=99.9% | Test: Acc=10.9% | Best=10.9%(@500)
  from x2: 0.10 0.11 0.11 0.11 0.11 0.11 0.11 0.11 0.11 0.11 0.11 0.11 0.10 0.10
  per-rule acc: 0.16 0.08 0.09
Epoch 520 | Train: Loss=0.0044 Acc=100.0% | Test: Acc=11.2% | Best=11.2%(@520)
  from x2: 0.12 0.12 0.12 0.11 0.11 0.11 0.11 0.11 0.11 0.11 0.11 0.11 0.11 0.11
  per-rule acc: 0.17 0.07 0.09
Epoch 540 | Train: Loss=0.0040 Acc=100.0% | Test: Acc=11.9% | Best=11.9%(@540)
  from x2: 0.13 0.12 0.12 0.12 0.12 0.12 0.12 0.12 0.12 0.12 0.12 0.12 0.11 0.11
  per-rule acc: 0.17 0.08 0.11
Epoch 560 | Train: Loss=0.0218 Acc=99.7% | Test: Acc=13.1% | Best=13.1%(@560)
  from x2: 0.13 0.14 0.14 0.13 0.13 0.13 0.13 0.13 0.13 0.13 0.13 0.13 0.13 0.13
  per-rule acc: 0.22 0.08 0.10
Epoch 580 | Train: Loss=0.0054 Acc=100.0% | Test: Acc=13.0% | Best=13.1%(@560)
  from x2: 0.14 0.14 0.13 0.13 0.13 0.13 0.13 0.13 0.13 0.13 0.13 0.13 0.13 0.12
  per-rule acc: 0.19 0.08 0.12
Epoch 600 | Train: Loss=0.0284 Acc=99.7% | Test: Acc=15.7% | Best=15.7%(@600)
  from x2: 0.15 0.17 0.16 0.16 0.16 0.16 0.16 0.16 0.16 0.16 0.16 0.15 0.15 0.15
  per-rule acc: 0.27 0.09 0.11
Epoch 620 | Train: Loss=0.0031 Acc=100.0% | Test: Acc=15.7% | Best=15.7%(@600)
  from x2: 0.17 0.17 0.16 0.16 0.16 0.16 0.16 0.16 0.15 0.15 0.15 0.15 0.15 0.15
  per-rule acc: 0.24 0.09 0.14
Epoch 640 | Train: Loss=0.0052 Acc=100.0% | Test: Acc=15.1% | Best=15.7%(@600)
  from x2: 0.16 0.16 0.16 0.15 0.15 0.15 0.15 0.15 0.15 0.15 0.15 0.15 0.15 0.14
  per-rule acc: 0.24 0.09 0.12
Epoch 660 | Train: Loss=0.0029 Acc=100.0% | Test: Acc=20.3% | Best=20.3%(@660)
  from x2: 0.21 0.21 0.21 0.21 0.20 0.20 0.20 0.20 0.20 0.20 0.20 0.20 0.20 0.19
  per-rule acc: 0.33 0.10 0.18
Epoch 680 | Train: Loss=0.0050 Acc=100.0% | Test: Acc=18.0% | Best=20.3%(@660)
  from x2: 0.18 0.20 0.19 0.19 0.18 0.18 0.18 0.18 0.18 0.18 0.17 0.17 0.17 0.17
  per-rule acc: 0.29 0.10 0.15
Epoch 700 | Train: Loss=0.0165 Acc=99.8% | Test: Acc=20.5% | Best=20.5%(@700)
  from x2: 0.20 0.22 0.21 0.21 0.21 0.21 0.21 0.21 0.20 0.20 0.20 0.20 0.20 0.19
  per-rule acc: 0.37 0.10 0.14
Epoch 720 | Train: Loss=0.0019 Acc=100.0% | Test: Acc=23.2% | Best=23.2%(@720)
  from x2: 0.24 0.25 0.24 0.24 0.23 0.23 0.23 0.23 0.23 0.23 0.23 0.23 0.22 0.22
  per-rule acc: 0.38 0.11 0.21
Epoch 740 | Train: Loss=0.0047 Acc=100.0% | Test: Acc=21.4% | Best=23.2%(@720)
  from x2: 0.22 0.23 0.23 0.22 0.22 0.22 0.22 0.21 0.21 0.21 0.21 0.21 0.21 0.20
  per-rule acc: 0.36 0.11 0.17
Epoch 760 | Train: Loss=0.1638 Acc=98.3% | Test: Acc=17.4% | Best=23.2%(@720)
  from x2: 0.17 0.19 0.18 0.18 0.18 0.18 0.18 0.18 0.17 0.17 0.17 0.17 0.17 0.16
  per-rule acc: 0.34 0.09 0.09
Epoch 780 | Train: Loss=0.0073 Acc=100.0% | Test: Acc=27.6% | Best=27.6%(@780)
  from x2: 0.27 0.30 0.29 0.28 0.28 0.28 0.28 0.28 0.27 0.27 0.27 0.27 0.27 0.27
  per-rule acc: 0.49 0.14 0.20
Epoch 800 | Train: Loss=0.0030 Acc=100.0% | Test: Acc=27.5% | Best=27.6%(@780)
  from x2: 0.28 0.29 0.28 0.28 0.28 0.28 0.28 0.27 0.27 0.27 0.27 0.27 0.26 0.26
  per-rule acc: 0.44 0.15 0.24
Epoch 820 | Train: Loss=0.0040 Acc=100.0% | Test: Acc=27.0% | Best=27.6%(@780)
  from x2: 0.28 0.29 0.28 0.28 0.27 0.27 0.27 0.27 0.27 0.26 0.26 0.26 0.26 0.25
  per-rule acc: 0.46 0.15 0.20
Epoch 840 | Train: Loss=0.0030 Acc=100.0% | Test: Acc=28.2% | Best=28.2%(@840)
  from x2: 0.28 0.30 0.29 0.29 0.28 0.28 0.28 0.28 0.28 0.28 0.28 0.28 0.27 0.26
  per-rule acc: 0.48 0.16 0.20
Epoch 860 | Train: Loss=0.0019 Acc=100.0% | Test: Acc=32.9% | Best=32.9%(@860)
  from x2: 0.34 0.35 0.34 0.33 0.33 0.33 0.33 0.33 0.33 0.33 0.32 0.32 0.32 0.31
  per-rule acc: 0.53 0.18 0.28
Epoch 880 | Train: Loss=0.0033 Acc=100.0% | Test: Acc=31.6% | Best=32.9%(@860)
  from x2: 0.32 0.33 0.33 0.32 0.32 0.32 0.32 0.32 0.31 0.31 0.31 0.31 0.31 0.30
  per-rule acc: 0.54 0.17 0.24
Epoch 900 | Train: Loss=0.1718 Acc=98.4% | Test: Acc=21.7% | Best=32.9%(@860)
  from x2: 0.22 0.24 0.23 0.23 0.22 0.22 0.22 0.22 0.21 0.21 0.21 0.21 0.20 0.20
  per-rule acc: 0.43 0.12 0.10
Epoch 920 | Train: Loss=0.0021 Acc=100.0% | Test: Acc=36.8% | Best=36.8%(@920)
  from x2: 0.37 0.39 0.38 0.38 0.37 0.37 0.37 0.37 0.37 0.36 0.36 0.36 0.36 0.35
  per-rule acc: 0.60 0.20 0.31
Epoch 940 | Train: Loss=0.0029 Acc=100.0% | Test: Acc=35.8% | Best=36.8%(@920)
  from x2: 0.36 0.37 0.36 0.36 0.36 0.36 0.36 0.36 0.36 0.36 0.35 0.35 0.35 0.34
  per-rule acc: 0.61 0.21 0.26
Epoch 960 | Train: Loss=0.0022 Acc=100.0% | Test: Acc=36.5% | Best=36.8%(@920)
  from x2: 0.37 0.38 0.37 0.37 0.37 0.37 0.37 0.37 0.36 0.36 0.36 0.36 0.36 0.35
  per-rule acc: 0.63 0.22 0.25
Epoch 980 | Train: Loss=0.0012 Acc=100.0% | Test: Acc=43.1% | Best=43.1%(@980)
  from x2: 0.43 0.45 0.44 0.43 0.44 0.44 0.43 0.43 0.43 0.43 0.43 0.42 0.42 0.41
  per-rule acc: 0.70 0.24 0.36
Epoch 1000 | Train: Loss=0.0026 Acc=100.0% | Test: Acc=40.9% | Best=43.1%(@980)
  from x2: 0.41 0.42 0.41 0.41 0.41 0.41 0.41 0.41 0.41 0.41 0.40 0.41 0.40 0.40
  per-rule acc: 0.69 0.24 0.29
Epoch 1020 | Train: Loss=0.0020 Acc=100.0% | Test: Acc=41.4% | Best=43.1%(@980)
  from x2: 0.41 0.42 0.42 0.42 0.42 0.42 0.42 0.41 0.41 0.41 0.41 0.41 0.40 0.40
  per-rule acc: 0.71 0.25 0.28
Epoch 1040 | Train: Loss=0.5797 Acc=90.3% | Test: Acc=24.1% | Best=43.1%(@980)
  from x2: 0.25 0.26 0.25 0.25 0.24 0.24 0.24 0.24 0.24 0.24 0.24 0.23 0.23 0.22
  per-rule acc: 0.51 0.12 0.10
Epoch 1060 | Train: Loss=0.0015 Acc=100.0% | Test: Acc=47.9% | Best=47.9%(@1060)
  from x2: 0.48 0.49 0.49 0.48 0.48 0.48 0.48 0.48 0.48 0.48 0.47 0.47 0.47 0.46
  per-rule acc: 0.77 0.29 0.38
Epoch 1080 | Train: Loss=0.0022 Acc=100.0% | Test: Acc=45.9% | Best=47.9%(@1060)
  from x2: 0.46 0.47 0.47 0.46 0.46 0.46 0.46 0.46 0.46 0.45 0.46 0.45 0.45 0.45
  per-rule acc: 0.76 0.29 0.32
Epoch 1100 | Train: Loss=0.0017 Acc=100.0% | Test: Acc=46.4% | Best=47.9%(@1060)
  from x2: 0.47 0.47 0.47 0.47 0.47 0.47 0.47 0.47 0.47 0.46 0.46 0.46 0.45 0.45
  per-rule acc: 0.78 0.30 0.31
Epoch 1120 | Train: Loss=0.0013 Acc=100.0% | Test: Acc=47.2% | Best=47.9%(@1060)
  from x2: 0.47 0.48 0.48 0.48 0.48 0.48 0.48 0.47 0.47 0.47 0.47 0.47 0.46 0.46
  per-rule acc: 0.79 0.32 0.31
Epoch 1140 | Train: Loss=0.0010 Acc=100.0% | Test: Acc=47.9% | Best=47.9%(@1060)
  from x2: 0.48 0.49 0.48 0.48 0.48 0.48 0.48 0.48 0.48 0.48 0.47 0.47 0.47 0.47
  per-rule acc: 0.80 0.32 0.31
Epoch 1160 | Train: Loss=0.0007 Acc=100.0% | Test: Acc=48.6% | Best=48.6%(@1160)
  from x2: 0.49 0.49 0.49 0.49 0.49 0.49 0.49 0.49 0.49 0.49 0.48 0.48 0.48 0.48
  per-rule acc: 0.82 0.33 0.31
Epoch 1180 | Train: Loss=0.0006 Acc=100.0% | Test: Acc=49.3% | Best=49.3%(@1180)
  from x2: 0.50 0.50 0.50 0.50 0.50 0.50 0.49 0.49 0.49 0.49 0.49 0.49 0.48 0.48
  per-rule acc: 0.83 0.34 0.32
Epoch 1200 | Train: Loss=0.0022 Acc=100.0% | Test: Acc=61.3% | Best=61.3%(@1200)
  from x2: 0.62 0.61 0.61 0.61 0.61 0.61 0.61 0.61 0.61 0.61 0.61 0.61 0.61 0.61
  per-rule acc: 0.98 0.43 0.43
Epoch 1220 | Train: Loss=0.0026 Acc=100.0% | Test: Acc=61.2% | Best=61.3%(@1200)
  from x2: 0.61 0.61 0.61 0.61 0.62 0.61 0.61 0.61 0.61 0.61 0.61 0.61 0.61 0.61
  per-rule acc: 0.97 0.43 0.44
Epoch 1240 | Train: Loss=0.0022 Acc=100.0% | Test: Acc=62.4% | Best=62.4%(@1240)
  from x2: 0.62 0.63 0.62 0.62 0.63 0.63 0.63 0.62 0.63 0.63 0.63 0.62 0.62 0.62
  per-rule acc: 0.95 0.47 0.44
Epoch 1260 | Train: Loss=0.0017 Acc=100.0% | Test: Acc=63.1% | Best=63.1%(@1260)
  from x2: 0.63 0.64 0.63 0.63 0.63 0.64 0.63 0.63 0.63 0.63 0.63 0.63 0.62 0.62
  per-rule acc: 0.95 0.50 0.44
Epoch 1280 | Train: Loss=0.0013 Acc=100.0% | Test: Acc=63.5% | Best=63.5%(@1280)
  from x2: 0.64 0.64 0.64 0.64 0.64 0.64 0.64 0.64 0.64 0.64 0.63 0.63 0.63 0.63
  per-rule acc: 0.95 0.51 0.44
Epoch 1300 | Train: Loss=0.0010 Acc=100.0% | Test: Acc=64.1% | Best=64.1%(@1300)
  from x2: 0.65 0.65 0.64 0.64 0.65 0.64 0.64 0.64 0.64 0.64 0.64 0.64 0.63 0.63
  per-rule acc: 0.95 0.53 0.44
Epoch 1320 | Train: Loss=0.0007 Acc=100.0% | Test: Acc=64.8% | Best=64.8%(@1320)
  from x2: 0.65 0.65 0.65 0.65 0.65 0.65 0.65 0.65 0.65 0.65 0.64 0.64 0.64 0.64
  per-rule acc: 0.95 0.54 0.45
Epoch 1340 | Train: Loss=0.0006 Acc=100.0% | Test: Acc=65.9% | Best=65.9%(@1340)
  from x2: 0.67 0.66 0.66 0.66 0.66 0.66 0.66 0.66 0.66 0.66 0.66 0.65 0.65 0.65
  per-rule acc: 0.96 0.57 0.45
Epoch 1360 | Train: Loss=0.0004 Acc=100.0% | Test: Acc=67.0% | Best=67.0%(@1360)
  from x2: 0.67 0.68 0.67 0.67 0.67 0.67 0.67 0.67 0.67 0.67 0.67 0.67 0.66 0.66
  per-rule acc: 0.96 0.59 0.46
Epoch 1380 | Train: Loss=0.0025 Acc=100.0% | Test: Acc=74.7% | Best=74.7%(@1380)
  from x2: 0.76 0.74 0.75 0.74 0.74 0.75 0.75 0.75 0.75 0.75 0.75 0.75 0.75 0.75
  per-rule acc: 0.99 0.66 0.59
Epoch 1400 | Train: Loss=0.0025 Acc=100.0% | Test: Acc=80.9% | Best=80.9%(@1400)
  from x2: 0.82 0.81 0.81 0.81 0.81 0.81 0.81 0.81 0.81 0.81 0.81 0.81 0.80 0.80
  per-rule acc: 1.00 0.73 0.70
Epoch 1420 | Train: Loss=0.0027 Acc=100.0% | Test: Acc=84.2% | Best=84.2%(@1420)
  from x2: 0.85 0.85 0.84 0.84 0.85 0.84 0.84 0.84 0.84 0.84 0.84 0.84 0.83 0.83
  per-rule acc: 1.00 0.78 0.74
Epoch 1440 | Train: Loss=0.0024 Acc=100.0% | Test: Acc=86.8% | Best=86.8%(@1440)
  from x2: 0.87 0.87 0.87 0.87 0.87 0.87 0.87 0.87 0.87 0.87 0.87 0.87 0.86 0.86
  per-rule acc: 1.00 0.85 0.76
Epoch 1460 | Train: Loss=0.0018 Acc=100.0% | Test: Acc=89.5% | Best=89.5%(@1460)
  from x2: 0.90 0.90 0.89 0.89 0.90 0.90 0.90 0.90 0.90 0.90 0.90 0.89 0.89 0.89
  per-rule acc: 1.00 0.90 0.79
Epoch 1480 | Train: Loss=0.0014 Acc=100.0% | Test: Acc=90.4% | Best=90.4%(@1480)
  from x2: 0.91 0.91 0.90 0.90 0.90 0.90 0.90 0.90 0.90 0.90 0.90 0.90 0.90 0.90
  per-rule acc: 1.00 0.92 0.80
Epoch 1500 | Train: Loss=0.0011 Acc=100.0% | Test: Acc=93.5% | Best=93.5%(@1500)
  from x2: 0.94 0.94 0.94 0.93 0.94 0.94 0.94 0.94 0.93 0.93 0.93 0.93 0.93 0.93
  per-rule acc: 1.00 0.91 0.90
Epoch 1520 | Train: Loss=0.0019 Acc=100.0% | Test: Acc=93.2% | Best=93.5%(@1500)
  from x2: 0.93 0.94 0.93 0.93 0.93 0.93 0.93 0.93 0.93 0.93 0.93 0.93 0.93 0.93
  per-rule acc: 1.00 0.93 0.87
Epoch 1540 | Train: Loss=0.0015 Acc=100.0% | Test: Acc=94.3% | Best=94.3%(@1540)
  from x2: 0.95 0.95 0.94 0.94 0.94 0.94 0.94 0.94 0.94 0.94 0.94 0.94 0.94 0.94
  per-rule acc: 1.00 0.95 0.88
Epoch 1560 | Train: Loss=0.0011 Acc=100.0% | Test: Acc=94.7% | Best=94.7%(@1560)
  from x2: 0.95 0.95 0.95 0.95 0.95 0.95 0.95 0.95 0.95 0.95 0.95 0.94 0.94 0.94
  per-rule acc: 1.00 0.96 0.88
Epoch 1580 | Train: Loss=0.0010 Acc=100.0% | Test: Acc=96.4% | Best=96.4%(@1580)
  from x2: 0.97 0.97 0.96 0.96 0.96 0.97 0.96 0.96 0.96 0.96 0.96 0.96 0.96 0.96
  per-rule acc: 1.00 0.95 0.95
Epoch 1600 | Train: Loss=0.0017 Acc=100.0% | Test: Acc=96.8% | Best=96.8%(@1600)
  from x2: 0.97 0.97 0.97 0.97 0.97 0.97 0.97 0.97 0.97 0.97 0.97 0.97 0.96 0.96
  per-rule acc: 1.00 0.97 0.94
Epoch 1620 | Train: Loss=0.0013 Acc=100.0% | Test: Acc=97.5% | Best=97.5%(@1620)
  from x2: 0.98 0.98 0.98 0.98 0.98 0.98 0.98 0.98 0.98 0.98 0.97 0.97 0.97 0.97
  per-rule acc: 1.00 0.99 0.94
Epoch 1640 | Train: Loss=0.0010 Acc=100.0% | Test: Acc=97.9% | Best=97.9%(@1640)
  from x2: 0.98 0.98 0.98 0.98 0.98 0.98 0.98 0.98 0.98 0.98 0.98 0.98 0.98 0.98
  per-rule acc: 1.00 0.99 0.95
Epoch 1660 | Train: Loss=0.0007 Acc=100.0% | Test: Acc=98.1% | Best=98.1%(@1660)
  from x2: 0.98 0.98 0.98 0.98 0.98 0.98 0.98 0.98 0.98 0.98 0.98 0.98 0.98 0.98
  per-rule acc: 1.00 0.98 0.97
Epoch 1680 | Train: Loss=0.0016 Acc=100.0% | Test: Acc=98.7% | Best=98.7%(@1680)
  from x2: 0.99 0.99 0.99 0.99 0.99 0.99 0.99 0.99 0.99 0.99 0.99 0.99 0.99 0.98
  per-rule acc: 1.00 0.99 0.97
Epoch 1700 | Train: Loss=0.0013 Acc=100.0% | Test: Acc=98.9% | Best=98.9%(@1700)
  from x2: 0.99 0.99 0.99 0.99 0.99 0.99 0.99 0.99 0.99 0.99 0.99 0.99 0.99 0.99
  per-rule acc: 1.00 1.00 0.97
Epoch 1720 | Train: Loss=0.0010 Acc=100.0% | Test: Acc=98.9% | Best=98.9%(@1720)
  from x2: 0.99 0.99 0.99 0.99 0.99 0.99 0.99 0.99 0.99 0.99 0.99 0.99 0.99 0.99
  per-rule acc: 1.00 1.00 0.97
Epoch 1740 | Train: Loss=0.0008 Acc=100.0% | Test: Acc=98.5% | Best=98.9%(@1720)
  from x2: 0.99 0.98 0.99 0.99 0.99 0.99 0.99 0.98 0.98 0.98 0.98 0.98 0.98 0.98
  per-rule acc: 1.00 0.98 0.98
Epoch 1760 | Train: Loss=0.0016 Acc=100.0% | Test: Acc=99.2% | Best=99.2%(@1760)
  from x2: 0.99 0.99 0.99 0.99 0.99 0.99 0.99 0.99 0.99 0.99 0.99 0.99 0.99 0.99
  per-rule acc: 1.00 0.99 0.99
[Early stop] Epoch 1760: test set reached high accuracy

==================================================
Saving model...
[OK] Model saved to: /home/cxm/ai/test0627-multitask-overlap/models/mixed_label_d256l1_r16_n3_e50.pth
  File size: 9446.8 KB
  Best test accuracy: 99.25%

==================================================
Final generation test (given first two items, AB generates 3rd as prompt, validate from 4th)
==================================================

--- AB pair 1: (1, 1) ---

--- Statistics for AB=(1,1) ---
Exposed    samples:  1404 | In-dist: 18252/18252 (100.0%) | OOD:  8478/22464 ( 37.7%)
Unexposed  samples:  1405 | In-dist: 18241/18265 ( 99.9%) | OOD:  8151/22480 ( 36.3%)

--- AB pair 2: (1, 2) ---

--- Statistics for AB=(1,2) ---
Exposed    samples:  1404 | In-dist: 18252/18252 (100.0%) | OOD: 10699/22464 ( 47.6%)
Unexposed  samples:  1405 | In-dist: 18188/18265 ( 99.6%) | OOD:  9791/22480 ( 43.6%)

--- AB pair 3: (1, 3) ---

--- Statistics for AB=(1,3) ---
Exposed    samples:  1404 | In-dist: 18252/18252 (100.0%) | OOD: 13020/22464 ( 58.0%)
Unexposed  samples:  1405 | In-dist: 18021/18265 ( 98.7%) | OOD: 11716/22480 ( 52.1%)

--- Return code: 0 ---

======================================================================
Attention Analysis
======================================================================
Model config: addition (default), p=53
Best test accuracy: 0.9924927978308761
Training epochs: 1760

Random test sequence 1/5 (length 32): [31, 8, 39, 47, 33, 27, 7, 34, 41, 22, 10, 32, 42, 21, 10, 31, 41, 19, 7, 26]...

======================================================================
Attention Layer Training Result Summary
======================================================================
Input sequence: [31, 8, 39, 47, 33, 27, 7, 34, 41, 22, 10, 32, 42, 21, 10, 31, 41, 19, 7, 26, 33, 6, 39, 45, 31, 23, 1, 24, 25, 49, 21, 17]

--- Layer 0 ---
  Head 0: Entropy=1.082
    Attention coefficients from each query position to previous positions:
      i= 0 -> j=0:1.000
      i= 1 -> j=0:0.159, j=1:0.841
      i= 2 -> j=0:0.017, j=1:0.145, j=2:0.838
      i= 3 -> j=0:0.003, j=1:0.018, j=2:0.157, j=3:0.822
      i= 4 -> j=0:0.001, j=1:0.003, j=2:0.016, j=3:0.147, j=4:0.833
      i= 5 -> j=0:0.001, j=1:0.001, j=2:0.003, j=3:0.018, j=4:0.153, j=5:0.824
      i= 6 -> j=0:0.002, j=1:0.001, j=2:0.001, j=3:0.003, j=4:0.017, j=5:0.149, j=6:0.827
      i= 7 -> j=0:0.002, j=1:0.001, j=2:0.001, j=3:0.001, j=4:0.002, j=5:0.017, j=6:0.149, j=7:0.827
      i= 8 -> j=0:0.002, j=1:0.002, j=2:0.001, j=3:0.001, j=4:0.001, j=5:0.003, j=6:0.018, j=7:0.153, j=8:0.818
      i= 9 -> j=0:0.002, j=1:0.002, j=2:0.002, j=3:0.001, j=4:0.001, j=5:0.001, j=6:0.003, j=7:0.017, j=8:0.156, j=9:0.815
      i=10 -> j=0:0.001, j=1:0.002, j=2:0.002, j=3:0.002, j=4:0.001, j=5:0.001, j=6:0.001, j=7:0.003, j=8:0.017, j=9:0.144, j=10:0.826
      i=11 -> j=0:0.002, j=1:0.001, j=2:0.002, j=3:0.002, j=4:0.002, j=5:0.002, j=6:0.001, j=7:0.001, j=8:0.003, j=9:0.018, j=10:0.156, j=11:0.811
      i=12 -> j=0:0.003, j=1:0.002, j=2:0.001, j=3:0.002, j=4:0.003, j=5:0.003, j=6:0.002, j=7:0.001, j=8:0.001, j=9:0.003, j=10:0.018, j=11:0.150, j=12:0.812
      i=13 -> j=0:0.004, j=1:0.003, j=2:0.002, j=3:0.002, j=4:0.002, j=5:0.003, j=6:0.003, j=7:0.002, j=8:0.001, j=9:0.001, j=10:0.003, j=11:0.020, j=12:0.170, j=13:0.785
      i=14 -> j=0:0.005, j=1:0.003, j=2:0.002, j=3:0.001, j=4:0.001, j=5:0.002, j=6:0.002, j=7:0.002, j=8:0.001, j=9:0.001, j=10:0.001, j=11:0.003, j=12:0.018, j=13:0.142, j=14:0.815
      i=15 -> j=0:0.006, j=1:0.005, j=2:0.003, j=3:0.002, j=4:0.001, j=5:0.001, j=6:0.002, j=7:0.002, j=8:0.002, j=9:0.001, j=10:0.001, j=11:0.001, j=12:0.003, j=13:0.017, j=14:0.146, j=15:0.806
      i=16 -> j=0:0.008, j=1:0.006, j=2:0.004, j=3:0.003, j=4:0.002, j=5:0.002, j=6:0.001, j=7:0.002, j=8:0.002, j=9:0.002, j=10:0.001, j=11:0.001, j=12:0.001, j=13:0.003, j=14:0.016, j=15:0.151, j=16:0.795
      i=17 -> j=0:0.012, j=1:0.007, j=2:0.005, j=3:0.004, j=4:0.003, j=5:0.002, j=6:0.001, j=7:0.001, j=8:0.002, j=9:0.002, j=10:0.002, j=11:0.001, j=12:0.001, j=13:0.001, j=14:0.002, j=15:0.016, j=16:0.144, j=17:0.792
      i=18 -> j=0:0.020, j=1:0.011, j=2:0.007, j=3:0.006, j=4:0.005, j=5:0.004, j=6:0.002, j=7:0.001, j=8:0.001, j=9:0.002, j=10:0.002, j=11:0.002, j=12:0.002, j=13:0.001, j=14:0.001, j=15:0.003, j=16:0.017, j=17:0.143, j=18:0.772
      i=19 -> j=0:0.035, j=1:0.019, j=2:0.011, j=3:0.008, j=4:0.006, j=5:0.005, j=6:0.003, j=7:0.002, j=8:0.001, j=9:0.001, j=10:0.002, j=11:0.002, j=12:0.003, j=13:0.002, j=14:0.001, j=15:0.001, j=16:0.003, j=17:0.016, j=18:0.142, j=19:0.737
      i=20 -> j=0:0.043, j=1:0.028, j=2:0.016, j=3:0.009, j=4:0.006, j=5:0.005, j=6:0.004, j=7:0.003, j=8:0.002, j=9:0.001, j=10:0.001, j=11:0.001, j=12:0.002, j=13:0.002, j=14:0.001, j=15:0.001, j=16:0.001, j=17:0.002, j=18:0.015, j=19:0.126, j=20:0.729
      i=21 -> j=0:0.054, j=1:0.043, j=2:0.030, j=3:0.018, j=4:0.010, j=5:0.008, j=6:0.005, j=7:0.004, j=8:0.003, j=9:0.002, j=10:0.001, j=11:0.001, j=12:0.002, j=13:0.002, j=14:0.002, j=15:0.001, j=16:0.001, j=17:0.001, j=18:0.003, j=19:0.014, j=20:0.124, j=21:0.669
      i=22 -> j=0:0.051, j=1:0.045, j=2:0.038, j=3:0.026, j=4:0.015, j=5:0.010, j=6:0.006, j=7:0.005, j=8:0.004, j=9:0.002, j=10:0.001, j=11:0.001, j=12:0.001, j=13:0.001, j=14:0.002, j=15:0.002, j=16:0.001, j=17:0.001, j=18:0.001, j=19:0.002, j=20:0.013, j=21:0.111, j=22:0.662
      i=23 -> j=0:0.058, j=1:0.048, j=2:0.044, j=3:0.036, j=4:0.025, j=5:0.016, j=6:0.008, j=7:0.006, j=8:0.005, j=9:0.003, j=10:0.002, j=11:0.001, j=12:0.001, j=13:0.001, j=14:0.001, j=15:0.002, j=16:0.002, j=17:0.001, j=18:0.001, j=19:0.001, j=20:0.002, j=21:0.012, j=22:0.114, j=23:0.609
      i=24 -> j=0:0.068, j=1:0.052, j=2:0.046, j=3:0.040, j=4:0.034, j=5:0.025, j=6:0.014, j=7:0.009, j=8:0.006, j=9:0.004, j=10:0.003, j=11:0.002, j=12:0.002, j=13:0.001, j=14:0.001, j=15:0.001, j=16:0.002, j=17:0.001, j=18:0.001, j=19:0.001, j=20:0.001, j=21:0.002, j=22:0.011, j=23:0.102, j=24:0.574
      i=25 -> j=0:0.081, j=1:0.063, j=2:0.051, j=3:0.042, j=4:0.039, j=5:0.033, j=6:0.023, j=7:0.014, j=8:0.008, j=9:0.005, j=10:0.004, j=11:0.003, j=12:0.003, j=13:0.002, j=14:0.001, j=15:0.001, j=16:0.001, j=17:0.002, j=18:0.002, j=19:0.001, j=20:0.001, j=21:0.001, j=22:0.002, j=23:0.012, j=24:0.100, j=25:0.506
      i=26 -> j=0:0.083, j=1:0.073, j=2:0.061, j=3:0.045, j=4:0.040, j=5:0.036, j=6:0.030, j=7:0.022, j=8:0.013, j=9:0.007, j=10:0.005, j=11:0.004, j=12:0.003, j=13:0.002, j=14:0.001, j=15:0.001, j=16:0.001, j=17:0.001, j=18:0.001, j=19:0.001, j=20:0.001, j=21:0.001, j=22:0.001, j=23:0.002, j=24:0.011, j=25:0.090, j=26:0.467
      i=27 -> j=0:0.072, j=1:0.074, j=2:0.070, j=3:0.051, j=4:0.041, j=5:0.035, j=6:0.032, j=7:0.028, j=8:0.019, j=9:0.010, j=10:0.006, j=11:0.004, j=12:0.004, j=13:0.003, j=14:0.002, j=15:0.001, j=16:0.001, j=17:0.001, j=18:0.001, j=19:0.001, j=20:0.001, j=21:0.001, j=22:0.000, j=23:0.001, j=24:0.001, j=25:0.009, j=26:0.080, j=27:0.452
      i=28 -> j=0:0.063, j=1:0.069, j=2:0.076, j=3:0.063, j=4:0.051, j=5:0.039, j=6:0.034, j=7:0.031, j=8:0.026, j=9:0.017, j=10:0.010, j=11:0.006, j=12:0.004, j=13:0.003, j=14:0.002, j=15:0.002, j=16:0.001, j=17:0.001, j=18:0.001, j=19:0.001, j=20:0.001, j=21:0.001, j=22:0.001, j=23:0.000, j=24:0.001, j=25:0.001, j=26:0.009, j=27:0.078, j=28:0.408
      i=29 -> j=0:0.057, j=1:0.059, j=2:0.069, j=3:0.066, j=4:0.061, j=5:0.046, j=6:0.037, j=7:0.032, j=8:0.029, j=9:0.023, j=10:0.016, j=11:0.010, j=12:0.006, j=13:0.004, j=14:0.003, j=15:0.003, j=16:0.002, j=17:0.001, j=18:0.001, j=19:0.001, j=20:0.001, j=21:0.001, j=22:0.001, j=23:0.001, j=24:0.000, j=25:0.001, j=26:0.001, j=27:0.009, j=28:0.073, j=29:0.386
      i=30 -> j=0:0.061, j=1:0.057, j=2:0.062, j=3:0.064, j=4:0.068, j=5:0.058, j=6:0.048, j=7:0.038, j=8:0.032, j=9:0.029, j=10:0.024, j=11:0.017, j=12:0.011, j=13:0.006, j=14:0.004, j=15:0.003, j=16:0.003, j=17:0.002, j=18:0.001, j=19:0.001, j=20:0.001, j=21:0.001, j=22:0.001, j=23:0.001, j=24:0.001, j=25:0.001, j=26:0.001, j=27:0.001, j=28:0.008, j=29:0.068, j=30:0.329
      i=31 -> j=0:0.060, j=1:0.054, j=2:0.053, j=3:0.051, j=4:0.059, j=5:0.056, j=6:0.053, j=7:0.040, j=8:0.032, j=9:0.027, j=10:0.024, j=11:0.020, j=12:0.014, j=13:0.008, j=14:0.004, j=15:0.003, j=16:0.003, j=17:0.002, j=18:0.001, j=19:0.001, j=20:0.001, j=21:0.001, j=22:0.001, j=23:0.001, j=24:0.001, j=25:0.001, j=26:0.000, j=27:0.000, j=28:0.001, j=29:0.008, j=30:0.064, j=31:0.356
    Average attention per distance:
      d=0:0.704, d=1:0.129, d=2:0.015, d=18:0.014, d=19:0.023, d=20:0.032, d=21:0.037, d=22:0.039
      d=23:0.044, d=24:0.054, d=25:0.066, d=26:0.071, d=27:0.066, d=28:0.059, d=29:0.056, d=30:0.057
      d=31:0.060


======================================================================
QK Property Verification (Raw Scores, before Softmax)
======================================================================
Recurrence order init_len=2, num test sequences=1

--- [P1] Long-distance Orthogonality Verification ---
Ideal: raw_score mean ≈ 0 and small std when d > init_len

  Layer 0, Head 0:
    d= 1 (effective): mean=  0.257, std= 0.023, n=31
    d= 2 (effective): mean= -1.896, std= 0.043, n=30
    d>2 (long-distance): mean= -3.123, std= 1.563, n=435

--- [P2] Time-homogeneous Verification ---
Ideal: CV of raw_score across positions i ≈ 0 for fixed distance d
(CV = std / |mean|, smaller = more constant)

  Layer 0, Head 0:
    d= 1: mean=  0.257, std= 0.023, CV=0.090, n=31
    d= 2: mean= -1.896, std= 0.043, CV=0.022, n=30

======================================================================
QK Property Verification Completed
======================================================================
