=== Experiment: mixed_cond_d128l1_r8_n2_e50_overlap80 ===
Time: 2026-06-26T15:51:55.962280
Task type: mixed_ab
Merged config: {
  "P": 53,
  "TASK": "mixed_ab",
  "NUM_MASK": 0,
  "A": 1,
  "B": 1,
  "AB_PAIRS": [
    [
      1,
      1
    ],
    [
      1,
      2
    ]
  ],
  "D_MODEL": 128,
  "N_HEAD": 1,
  "N_LAYER": 1,
  "BATCH_SIZE": 128,
  "EPOCHS": 10000,
  "LR": 0.0003,
  "SAVE_PATH": "models/mixed_cond_d128l1_r8_n2_e50_overlap80.pth",
  "USE_GREEDY_GENERATE": true,
  "USE_LEARNABLE_PE": false,
  "MLP_RATIO": 8,
  "TRAIN_LEN": 16,
  "OOD_LEN": 32,
  "DROPOUT": 0.0,
  "TARGET_INIT_COVERAGE": 0.5,
  "MAX_UNIQUE_RATIO": 0.5,
  "WEIGHT_DECAY": 1,
  "ENTROPY_PENALTY_WEIGHT": 0.0,
  "FIRST_TASK_WEIGHT": 1.0,
  "RANDOM_SEED": 42,
  "EVAL_INTERVAL": 20,
  "EARLY_STOP_NO_IMPROVE": 1000,
  "EARLY_STOP_ACCURACY": 0.99,
  "USE_AB_TAG": false,
  "USE_CONDITIONAL_WTE": true,
  "COND_WTE_SHARED_RATIO": 0.8,
  "MIXED_AB_MAX_UNIQUE_RATIOS": [
    0.5,
    0.5
  ],
  "SKIP_FINAL_GENERATION_TEST": true
}
--- output ---
Using device: cuda

[Dataset] Mixed mode: generated 2808 + 2810 samples, length 16
AB parameter pairs: [(1, 1), (1, 2)]
  - AB=(1,1): train 1404 | test 1405 | exposed ~50.0%
  - AB=(1,2): train 1404 | test 1405 | exposed ~50.0%
--------------------------------------------------
[Model config] block_size: 32, train length: 16
[Number theory] AB parameter pairs: [(1, 1), (1, 2)]


Model parameters: 0.35M

Start training...
Epoch   0 | Train: Loss=4.2417 Acc=3.6% | Test: Acc=0.4% | Best=0.4%(@0)
  from x3: 0.00 0.00 0.00 0.00 0.00 0.00 0.00 0.00 0.00 0.00 0.00 0.00 0.00
  per-rule acc: 0.00 0.00
Epoch  20 | Train: Loss=1.3178 Acc=94.2% | Test: Acc=1.3% | Best=1.3%(@20)
  from x3: 0.02 0.02 0.02 0.01 0.01 0.01 0.01 0.01 0.01 0.01 0.01 0.01 0.01
  per-rule acc: 0.01 0.01
Epoch  40 | Train: Loss=0.3730 Acc=98.5% | Test: Acc=2.1% | Best=2.1%(@40)
  from x3: 0.02 0.02 0.02 0.02 0.02 0.02 0.02 0.02 0.02 0.02 0.02 0.02 0.02
  per-rule acc: 0.02 0.02
Epoch  60 | Train: Loss=0.2259 Acc=98.9% | Test: Acc=2.2% | Best=2.2%(@60)
  from x3: 0.02 0.02 0.02 0.02 0.02 0.02 0.02 0.02 0.02 0.02 0.02 0.02 0.02
  per-rule acc: 0.02 0.02
Epoch  80 | Train: Loss=0.1765 Acc=99.1% | Test: Acc=2.2% | Best=2.2%(@60)
  from x3: 0.02 0.02 0.02 0.02 0.02 0.02 0.02 0.02 0.02 0.02 0.02 0.02 0.02
  per-rule acc: 0.02 0.02
Epoch 100 | Train: Loss=0.1515 Acc=99.2% | Test: Acc=2.2% | Best=2.2%(@100)
  from x3: 0.02 0.02 0.02 0.02 0.02 0.02 0.02 0.02 0.02 0.02 0.02 0.02 0.02
  per-rule acc: 0.02 0.02
Epoch 120 | Train: Loss=0.1374 Acc=99.2% | Test: Acc=2.2% | Best=2.2%(@100)
  from x3: 0.02 0.02 0.02 0.02 0.02 0.02 0.02 0.02 0.02 0.02 0.02 0.02 0.02
  per-rule acc: 0.02 0.02
Epoch 140 | Train: Loss=0.1202 Acc=99.3% | Test: Acc=2.2% | Best=2.2%(@100)
  from x3: 0.02 0.02 0.02 0.02 0.02 0.02 0.02 0.02 0.02 0.02 0.02 0.02 0.02
  per-rule acc: 0.02 0.02
Epoch 160 | Train: Loss=0.1091 Acc=99.4% | Test: Acc=2.1% | Best=2.2%(@100)
  from x3: 0.02 0.02 0.02 0.02 0.02 0.02 0.02 0.02 0.02 0.02 0.02 0.02 0.02
  per-rule acc: 0.02 0.02
Epoch 180 | Train: Loss=0.0993 Acc=99.4% | Test: Acc=2.1% | Best=2.2%(@100)
  from x3: 0.02 0.02 0.02 0.02 0.02 0.02 0.02 0.02 0.02 0.02 0.02 0.02 0.02
  per-rule acc: 0.02 0.02
Epoch 200 | Train: Loss=0.0924 Acc=99.4% | Test: Acc=2.0% | Best=2.2%(@100)
  from x3: 0.02 0.02 0.02 0.02 0.02 0.02 0.02 0.02 0.02 0.02 0.02 0.02 0.02
  per-rule acc: 0.02 0.02
Epoch 220 | Train: Loss=0.0850 Acc=99.5% | Test: Acc=1.9% | Best=2.2%(@100)
  from x3: 0.02 0.02 0.02 0.02 0.02 0.02 0.02 0.02 0.02 0.02 0.02 0.02 0.02
  per-rule acc: 0.02 0.02
Epoch 240 | Train: Loss=0.0776 Acc=99.6% | Test: Acc=2.0% | Best=2.2%(@100)
  from x3: 0.02 0.02 0.02 0.02 0.02 0.02 0.02 0.02 0.02 0.02 0.02 0.02 0.02
  per-rule acc: 0.02 0.02
Epoch 260 | Train: Loss=0.0749 Acc=99.7% | Test: Acc=2.0% | Best=2.2%(@100)
  from x3: 0.02 0.02 0.02 0.02 0.02 0.02 0.02 0.02 0.02 0.02 0.02 0.02 0.02
  per-rule acc: 0.02 0.02
Epoch 280 | Train: Loss=0.0705 Acc=99.6% | Test: Acc=1.9% | Best=2.2%(@100)
  from x3: 0.02 0.02 0.02 0.02 0.02 0.02 0.02 0.02 0.02 0.02 0.02 0.02 0.02
  per-rule acc: 0.02 0.02
Epoch 300 | Train: Loss=0.0649 Acc=99.7% | Test: Acc=2.2% | Best=2.2%(@100)
  from x3: 0.02 0.02 0.02 0.02 0.02 0.02 0.02 0.02 0.02 0.02 0.02 0.02 0.02
  per-rule acc: 0.02 0.02
Epoch 320 | Train: Loss=0.0643 Acc=99.7% | Test: Acc=2.2% | Best=2.2%(@100)
  from x3: 0.02 0.02 0.02 0.02 0.02 0.02 0.02 0.02 0.02 0.02 0.02 0.02 0.02
  per-rule acc: 0.02 0.03
Epoch 340 | Train: Loss=0.0606 Acc=99.7% | Test: Acc=2.2% | Best=2.2%(@100)
  from x3: 0.02 0.02 0.02 0.02 0.02 0.02 0.02 0.02 0.02 0.02 0.02 0.02 0.02
  per-rule acc: 0.02 0.02
Epoch 360 | Train: Loss=0.0646 Acc=99.7% | Test: Acc=2.2% | Best=2.2%(@100)
  from x3: 0.02 0.02 0.02 0.02 0.02 0.02 0.02 0.02 0.02 0.02 0.02 0.02 0.02
  per-rule acc: 0.02 0.02
Epoch 380 | Train: Loss=0.0562 Acc=99.8% | Test: Acc=2.2% | Best=2.2%(@100)
  from x3: 0.02 0.02 0.02 0.02 0.02 0.02 0.02 0.02 0.02 0.02 0.02 0.02 0.02
  per-rule acc: 0.02 0.02
Epoch 400 | Train: Loss=0.0556 Acc=99.7% | Test: Acc=2.2% | Best=2.2%(@100)
  from x3: 0.03 0.02 0.02 0.02 0.02 0.02 0.02 0.02 0.02 0.02 0.02 0.02 0.02
  per-rule acc: 0.02 0.02
Epoch 420 | Train: Loss=0.0585 Acc=99.8% | Test: Acc=2.4% | Best=2.4%(@420)
  from x3: 0.02 0.02 0.02 0.02 0.02 0.02 0.02 0.02 0.02 0.02 0.02 0.02 0.02
  per-rule acc: 0.03 0.02
Epoch 440 | Train: Loss=0.0529 Acc=99.8% | Test: Acc=2.4% | Best=2.4%(@440)
  from x3: 0.03 0.02 0.02 0.02 0.02 0.02 0.02 0.02 0.02 0.02 0.02 0.02 0.02
  per-rule acc: 0.03 0.02
Epoch 460 | Train: Loss=0.0514 Acc=99.8% | Test: Acc=2.4% | Best=2.4%(@440)
  from x3: 0.03 0.03 0.02 0.02 0.02 0.02 0.02 0.02 0.02 0.02 0.02 0.02 0.02
  per-rule acc: 0.03 0.02
Epoch 480 | Train: Loss=0.0561 Acc=99.6% | Test: Acc=2.5% | Best=2.5%(@480)
  from x3: 0.02 0.02 0.02 0.03 0.02 0.02 0.02 0.02 0.02 0.02 0.02 0.02 0.02
  per-rule acc: 0.03 0.02
Epoch 500 | Train: Loss=0.0502 Acc=99.8% | Test: Acc=2.6% | Best=2.6%(@500)
  from x3: 0.03 0.03 0.03 0.03 0.03 0.03 0.03 0.03 0.03 0.03 0.03 0.03 0.03
  per-rule acc: 0.03 0.02
Epoch 520 | Train: Loss=0.0433 Acc=99.8% | Test: Acc=2.6% | Best=2.6%(@500)
  from x3: 0.03 0.03 0.03 0.03 0.03 0.03 0.03 0.03 0.03 0.03 0.03 0.03 0.03
  per-rule acc: 0.03 0.02
Epoch 540 | Train: Loss=0.0493 Acc=99.8% | Test: Acc=2.7% | Best=2.7%(@540)
  from x3: 0.03 0.03 0.03 0.03 0.03 0.03 0.03 0.03 0.03 0.03 0.03 0.03 0.03
  per-rule acc: 0.03 0.03
Epoch 560 | Train: Loss=0.0415 Acc=99.8% | Test: Acc=2.7% | Best=2.7%(@540)
  from x3: 0.03 0.03 0.03 0.03 0.03 0.03 0.03 0.03 0.03 0.03 0.03 0.03 0.03
  per-rule acc: 0.03 0.02
Epoch 580 | Train: Loss=0.0443 Acc=99.7% | Test: Acc=2.8% | Best=2.8%(@580)
  from x3: 0.03 0.03 0.03 0.03 0.03 0.03 0.03 0.03 0.03 0.03 0.03 0.03 0.03
  per-rule acc: 0.03 0.03
Epoch 600 | Train: Loss=0.0396 Acc=99.8% | Test: Acc=2.8% | Best=2.8%(@580)
  from x3: 0.03 0.03 0.03 0.03 0.03 0.03 0.03 0.03 0.03 0.03 0.03 0.03 0.03
  per-rule acc: 0.03 0.03
Epoch 620 | Train: Loss=0.0387 Acc=99.8% | Test: Acc=3.1% | Best=3.1%(@620)
  from x3: 0.03 0.03 0.03 0.03 0.03 0.03 0.03 0.03 0.03 0.03 0.03 0.03 0.03
  per-rule acc: 0.03 0.03
Epoch 640 | Train: Loss=0.0404 Acc=99.8% | Test: Acc=3.0% | Best=3.1%(@620)
  from x3: 0.03 0.03 0.03 0.03 0.03 0.03 0.03 0.03 0.03 0.03 0.03 0.03 0.03
  per-rule acc: 0.03 0.03
Epoch 660 | Train: Loss=0.0346 Acc=99.8% | Test: Acc=2.9% | Best=3.1%(@620)
  from x3: 0.03 0.03 0.03 0.03 0.03 0.03 0.03 0.03 0.03 0.03 0.03 0.03 0.03
  per-rule acc: 0.03 0.03
Epoch 680 | Train: Loss=0.0344 Acc=99.9% | Test: Acc=3.1% | Best=3.1%(@680)
  from x3: 0.03 0.03 0.03 0.03 0.03 0.03 0.03 0.03 0.03 0.03 0.03 0.03 0.03
  per-rule acc: 0.03 0.03
Epoch 700 | Train: Loss=0.0362 Acc=99.9% | Test: Acc=3.2% | Best=3.2%(@700)
  from x3: 0.03 0.03 0.03 0.03 0.03 0.03 0.03 0.03 0.03 0.03 0.03 0.03 0.03
  per-rule acc: 0.04 0.03
Epoch 720 | Train: Loss=0.0320 Acc=99.9% | Test: Acc=3.4% | Best=3.4%(@720)
  from x3: 0.03 0.03 0.04 0.03 0.04 0.04 0.03 0.03 0.03 0.03 0.03 0.03 0.03
  per-rule acc: 0.04 0.03
Epoch 740 | Train: Loss=0.0321 Acc=99.9% | Test: Acc=3.1% | Best=3.4%(@720)
  from x3: 0.04 0.03 0.03 0.03 0.03 0.03 0.03 0.03 0.03 0.03 0.03 0.03 0.03
  per-rule acc: 0.03 0.03
Epoch 760 | Train: Loss=0.0311 Acc=99.9% | Test: Acc=3.3% | Best=3.4%(@720)
  from x3: 0.04 0.03 0.03 0.03 0.03 0.03 0.03 0.03 0.03 0.03 0.03 0.03 0.03
  per-rule acc: 0.04 0.03
Epoch 780 | Train: Loss=0.0269 Acc=99.9% | Test: Acc=3.7% | Best=3.7%(@780)
  from x3: 0.04 0.04 0.04 0.04 0.04 0.04 0.04 0.04 0.04 0.04 0.04 0.04 0.04
  per-rule acc: 0.04 0.04
Epoch 800 | Train: Loss=0.0283 Acc=99.9% | Test: Acc=3.6% | Best=3.7%(@780)
  from x3: 0.04 0.04 0.04 0.04 0.04 0.04 0.04 0.04 0.04 0.04 0.04 0.03 0.03
  per-rule acc: 0.04 0.04
Epoch 820 | Train: Loss=0.0265 Acc=99.9% | Test: Acc=3.7% | Best=3.7%(@780)
  from x3: 0.04 0.04 0.04 0.04 0.04 0.04 0.04 0.04 0.04 0.04 0.04 0.04 0.04
  per-rule acc: 0.04 0.04
Epoch 840 | Train: Loss=0.0275 Acc=99.9% | Test: Acc=3.6% | Best=3.7%(@780)
  from x3: 0.04 0.04 0.04 0.04 0.04 0.03 0.03 0.04 0.04 0.04 0.03 0.03 0.03
  per-rule acc: 0.04 0.03
Epoch 860 | Train: Loss=0.0275 Acc=99.9% | Test: Acc=3.6% | Best=3.7%(@780)
  from x3: 0.04 0.04 0.04 0.04 0.04 0.04 0.03 0.03 0.03 0.03 0.03 0.03 0.03
  per-rule acc: 0.03 0.04
Epoch 880 | Train: Loss=0.0250 Acc=99.9% | Test: Acc=4.0% | Best=4.0%(@880)
  from x3: 0.04 0.04 0.04 0.04 0.04 0.04 0.04 0.04 0.04 0.04 0.04 0.04 0.04
  per-rule acc: 0.04 0.04
Epoch 900 | Train: Loss=0.0286 Acc=99.9% | Test: Acc=3.7% | Best=4.0%(@880)
  from x3: 0.04 0.04 0.04 0.04 0.04 0.04 0.04 0.04 0.04 0.04 0.04 0.04 0.04
  per-rule acc: 0.04 0.03
Epoch 920 | Train: Loss=0.0285 Acc=99.9% | Test: Acc=3.8% | Best=4.0%(@880)
  from x3: 0.04 0.04 0.04 0.04 0.04 0.04 0.04 0.04 0.04 0.04 0.04 0.04 0.04
  per-rule acc: 0.04 0.04
Epoch 940 | Train: Loss=0.0257 Acc=99.9% | Test: Acc=3.9% | Best=4.0%(@880)
  from x3: 0.04 0.04 0.04 0.04 0.04 0.04 0.04 0.04 0.04 0.04 0.04 0.04 0.04
  per-rule acc: 0.04 0.04
Epoch 960 | Train: Loss=0.0243 Acc=100.0% | Test: Acc=3.9% | Best=4.0%(@880)
  from x3: 0.04 0.04 0.04 0.04 0.04 0.04 0.04 0.04 0.04 0.04 0.04 0.04 0.04
  per-rule acc: 0.04 0.04
Epoch 980 | Train: Loss=0.0288 Acc=99.9% | Test: Acc=4.1% | Best=4.1%(@980)
  from x3: 0.04 0.04 0.04 0.04 0.04 0.04 0.04 0.04 0.04 0.04 0.04 0.04 0.04
  per-rule acc: 0.04 0.04
Epoch 1000 | Train: Loss=0.0242 Acc=99.9% | Test: Acc=4.5% | Best=4.5%(@1000)
  from x3: 0.05 0.05 0.05 0.04 0.04 0.04 0.04 0.04 0.04 0.04 0.04 0.04 0.04
  per-rule acc: 0.04 0.05
Epoch 1020 | Train: Loss=0.0218 Acc=100.0% | Test: Acc=4.4% | Best=4.5%(@1000)
  from x3: 0.05 0.04 0.04 0.04 0.04 0.04 0.04 0.04 0.04 0.04 0.04 0.04 0.04
  per-rule acc: 0.04 0.05
Epoch 1040 | Train: Loss=0.0236 Acc=99.9% | Test: Acc=4.6% | Best=4.6%(@1040)
  from x3: 0.05 0.05 0.04 0.05 0.05 0.05 0.05 0.05 0.05 0.05 0.05 0.05 0.05
  per-rule acc: 0.04 0.05
Epoch 1060 | Train: Loss=0.0221 Acc=99.9% | Test: Acc=4.3% | Best=4.6%(@1040)
  from x3: 0.05 0.04 0.04 0.04 0.04 0.04 0.04 0.04 0.04 0.04 0.04 0.04 0.04
  per-rule acc: 0.04 0.05
Epoch 1080 | Train: Loss=0.0249 Acc=100.0% | Test: Acc=4.1% | Best=4.6%(@1040)
  from x3: 0.05 0.04 0.04 0.04 0.04 0.04 0.04 0.04 0.04 0.04 0.04 0.04 0.04
  per-rule acc: 0.04 0.04
Epoch 1100 | Train: Loss=0.0248 Acc=100.0% | Test: Acc=4.9% | Best=4.9%(@1100)
  from x3: 0.05 0.05 0.05 0.05 0.05 0.05 0.05 0.05 0.05 0.05 0.05 0.05 0.05
  per-rule acc: 0.04 0.05
Epoch 1120 | Train: Loss=0.0247 Acc=99.9% | Test: Acc=5.0% | Best=5.0%(@1120)
  from x3: 0.05 0.05 0.05 0.05 0.05 0.05 0.05 0.05 0.05 0.05 0.05 0.05 0.05
  per-rule acc: 0.05 0.05
Epoch 1140 | Train: Loss=0.0193 Acc=100.0% | Test: Acc=5.1% | Best=5.1%(@1140)
  from x3: 0.05 0.05 0.05 0.05 0.05 0.05 0.05 0.05 0.05 0.05 0.05 0.05 0.05
  per-rule acc: 0.05 0.05
Epoch 1160 | Train: Loss=0.0225 Acc=99.9% | Test: Acc=5.0% | Best=5.1%(@1140)
  from x3: 0.06 0.05 0.05 0.05 0.05 0.05 0.05 0.05 0.05 0.05 0.05 0.05 0.05
  per-rule acc: 0.04 0.06
Epoch 1180 | Train: Loss=0.0216 Acc=100.0% | Test: Acc=5.3% | Best=5.3%(@1180)
  from x3: 0.05 0.05 0.05 0.05 0.05 0.05 0.05 0.05 0.05 0.05 0.05 0.05 0.05
  per-rule acc: 0.05 0.06
Epoch 1200 | Train: Loss=0.0191 Acc=99.9% | Test: Acc=5.4% | Best=5.4%(@1200)
  from x3: 0.06 0.06 0.05 0.05 0.06 0.05 0.05 0.05 0.05 0.05 0.05 0.05 0.05
  per-rule acc: 0.05 0.06
Epoch 1220 | Train: Loss=0.0174 Acc=99.9% | Test: Acc=5.5% | Best=5.5%(@1220)
  from x3: 0.06 0.06 0.06 0.05 0.05 0.05 0.05 0.05 0.05 0.05 0.05 0.05 0.05
  per-rule acc: 0.05 0.06
Epoch 1240 | Train: Loss=0.0193 Acc=100.0% | Test: Acc=5.6% | Best=5.6%(@1240)
  from x3: 0.06 0.06 0.06 0.06 0.05 0.06 0.06 0.05 0.06 0.06 0.06 0.06 0.05
  per-rule acc: 0.05 0.06
Epoch 1260 | Train: Loss=0.0196 Acc=100.0% | Test: Acc=5.7% | Best=5.7%(@1260)
  from x3: 0.06 0.06 0.06 0.06 0.06 0.06 0.06 0.06 0.06 0.06 0.06 0.06 0.06
  per-rule acc: 0.05 0.06
Epoch 1280 | Train: Loss=0.0209 Acc=99.9% | Test: Acc=5.5% | Best=5.7%(@1260)
  from x3: 0.06 0.06 0.06 0.06 0.05 0.05 0.05 0.05 0.05 0.05 0.05 0.05 0.05
  per-rule acc: 0.05 0.06
Epoch 1300 | Train: Loss=0.0206 Acc=99.9% | Test: Acc=5.4% | Best=5.7%(@1260)
  from x3: 0.06 0.05 0.06 0.05 0.05 0.05 0.05 0.05 0.05 0.05 0.05 0.05 0.05
  per-rule acc: 0.05 0.06
Epoch 1320 | Train: Loss=0.0200 Acc=100.0% | Test: Acc=6.1% | Best=6.1%(@1320)
  from x3: 0.06 0.06 0.06 0.06 0.06 0.06 0.06 0.06 0.06 0.06 0.06 0.06 0.06
  per-rule acc: 0.06 0.06
Epoch 1340 | Train: Loss=0.0213 Acc=100.0% | Test: Acc=6.0% | Best=6.1%(@1320)
  from x3: 0.06 0.06 0.06 0.06 0.06 0.06 0.06 0.06 0.06 0.06 0.06 0.06 0.06
  per-rule acc: 0.06 0.06
Epoch 1360 | Train: Loss=0.0157 Acc=100.0% | Test: Acc=6.2% | Best=6.2%(@1360)
  from x3: 0.07 0.06 0.06 0.06 0.06 0.06 0.06 0.06 0.06 0.06 0.06 0.06 0.06
  per-rule acc: 0.06 0.07
Epoch 1380 | Train: Loss=0.0116 Acc=100.0% | Test: Acc=6.5% | Best=6.5%(@1380)
  from x3: 0.07 0.07 0.07 0.06 0.06 0.06 0.06 0.06 0.06 0.06 0.06 0.06 0.06
  per-rule acc: 0.06 0.07
Epoch 1400 | Train: Loss=0.0189 Acc=99.9% | Test: Acc=6.0% | Best=6.5%(@1380)
  from x3: 0.07 0.06 0.06 0.06 0.06 0.06 0.06 0.06 0.06 0.06 0.06 0.06 0.06
  per-rule acc: 0.06 0.06
Epoch 1420 | Train: Loss=0.0182 Acc=100.0% | Test: Acc=6.2% | Best=6.5%(@1380)
  from x3: 0.07 0.06 0.06 0.06 0.06 0.06 0.06 0.06 0.06 0.06 0.06 0.06 0.06
  per-rule acc: 0.06 0.06
Epoch 1440 | Train: Loss=0.0188 Acc=99.9% | Test: Acc=6.3% | Best=6.5%(@1380)
  from x3: 0.07 0.07 0.06 0.06 0.06 0.06 0.06 0.06 0.06 0.06 0.06 0.06 0.06
  per-rule acc: 0.06 0.07
Epoch 1460 | Train: Loss=0.0216 Acc=100.0% | Test: Acc=5.9% | Best=6.5%(@1380)
  from x3: 0.07 0.06 0.06 0.06 0.06 0.06 0.06 0.06 0.06 0.06 0.06 0.06 0.06
  per-rule acc: 0.06 0.06
Epoch 1480 | Train: Loss=0.0159 Acc=99.9% | Test: Acc=6.3% | Best=6.5%(@1380)
  from x3: 0.07 0.06 0.06 0.06 0.06 0.06 0.06 0.06 0.06 0.06 0.06 0.06 0.06
  per-rule acc: 0.06 0.07
Epoch 1500 | Train: Loss=0.0170 Acc=100.0% | Test: Acc=6.8% | Best=6.8%(@1500)
  from x3: 0.07 0.07 0.07 0.07 0.07 0.07 0.07 0.07 0.07 0.07 0.07 0.07 0.07
  per-rule acc: 0.06 0.07
Epoch 1520 | Train: Loss=0.0171 Acc=100.0% | Test: Acc=6.7% | Best=6.8%(@1500)
  from x3: 0.07 0.07 0.07 0.07 0.07 0.07 0.07 0.07 0.06 0.06 0.06 0.06 0.06
  per-rule acc: 0.07 0.07
Epoch 1540 | Train: Loss=0.0177 Acc=99.9% | Test: Acc=6.9% | Best=6.9%(@1540)
  from x3: 0.07 0.07 0.07 0.07 0.07 0.07 0.07 0.07 0.07 0.07 0.07 0.07 0.07
  per-rule acc: 0.07 0.06
Epoch 1560 | Train: Loss=0.0114 Acc=100.0% | Test: Acc=7.2% | Best=7.2%(@1560)
  from x3: 0.07 0.07 0.07 0.07 0.07 0.07 0.07 0.07 0.07 0.07 0.07 0.07 0.07
  per-rule acc: 0.07 0.07
Epoch 1580 | Train: Loss=0.0197 Acc=100.0% | Test: Acc=6.9% | Best=7.2%(@1560)
  from x3: 0.07 0.07 0.07 0.07 0.07 0.07 0.07 0.07 0.07 0.07 0.07 0.07 0.07
  per-rule acc: 0.07 0.07
Epoch 1600 | Train: Loss=0.0199 Acc=100.0% | Test: Acc=7.1% | Best=7.2%(@1560)
  from x3: 0.08 0.07 0.07 0.07 0.07 0.07 0.07 0.07 0.07 0.07 0.07 0.07 0.07
  per-rule acc: 0.07 0.07
Epoch 1620 | Train: Loss=0.0174 Acc=100.0% | Test: Acc=7.2% | Best=7.2%(@1560)
  from x3: 0.08 0.07 0.07 0.07 0.07 0.07 0.07 0.07 0.07 0.07 0.07 0.07 0.07
  per-rule acc: 0.07 0.07
Epoch 1640 | Train: Loss=0.0139 Acc=100.0% | Test: Acc=7.2% | Best=7.2%(@1560)
  from x3: 0.08 0.07 0.07 0.07 0.07 0.07 0.07 0.07 0.07 0.07 0.07 0.07 0.07
  per-rule acc: 0.07 0.07
Epoch 1660 | Train: Loss=0.0204 Acc=99.9% | Test: Acc=7.1% | Best=7.2%(@1560)
  from x3: 0.08 0.07 0.07 0.07 0.07 0.07 0.07 0.07 0.07 0.07 0.07 0.07 0.07
  per-rule acc: 0.07 0.07
Epoch 1680 | Train: Loss=0.0190 Acc=99.9% | Test: Acc=7.2% | Best=7.2%(@1560)
  from x3: 0.07 0.07 0.07 0.08 0.07 0.07 0.07 0.07 0.07 0.07 0.07 0.07 0.07
  per-rule acc: 0.07 0.08
Epoch 1700 | Train: Loss=0.0095 Acc=100.0% | Test: Acc=7.8% | Best=7.8%(@1700)
  from x3: 0.08 0.08 0.08 0.08 0.08 0.08 0.08 0.08 0.08 0.08 0.08 0.08 0.08
  per-rule acc: 0.08 0.08
Epoch 1720 | Train: Loss=0.0298 Acc=100.0% | Test: Acc=7.7% | Best=7.8%(@1700)
  from x3: 0.08 0.08 0.08 0.08 0.08 0.08 0.08 0.08 0.08 0.08 0.08 0.08 0.08
  per-rule acc: 0.08 0.08
Epoch 1740 | Train: Loss=0.0225 Acc=100.0% | Test: Acc=8.0% | Best=8.0%(@1740)
  from x3: 0.08 0.08 0.08 0.08 0.08 0.08 0.08 0.08 0.08 0.08 0.08 0.08 0.08
  per-rule acc: 0.07 0.09
Epoch 1760 | Train: Loss=0.0164 Acc=100.0% | Test: Acc=7.9% | Best=8.0%(@1740)
  from x3: 0.09 0.08 0.08 0.08 0.08 0.08 0.08 0.08 0.08 0.08 0.08 0.08 0.08
  per-rule acc: 0.08 0.08
Epoch 1780 | Train: Loss=0.0144 Acc=100.0% | Test: Acc=7.8% | Best=8.0%(@1740)
  from x3: 0.09 0.08 0.08 0.08 0.08 0.08 0.08 0.08 0.08 0.08 0.08 0.08 0.08
  per-rule acc: 0.07 0.08
Epoch 1800 | Train: Loss=0.0187 Acc=100.0% | Test: Acc=8.2% | Best=8.2%(@1800)
  from x3: 0.08 0.08 0.08 0.08 0.08 0.08 0.08 0.08 0.08 0.08 0.08 0.08 0.08
  per-rule acc: 0.08 0.09
Epoch 1820 | Train: Loss=0.0165 Acc=100.0% | Test: Acc=8.2% | Best=8.2%(@1820)
  from x3: 0.09 0.08 0.08 0.08 0.08 0.08 0.08 0.08 0.08 0.08 0.08 0.08 0.08
  per-rule acc: 0.08 0.09
Epoch 1840 | Train: Loss=0.0148 Acc=100.0% | Test: Acc=8.1% | Best=8.2%(@1820)
  from x3: 0.09 0.08 0.08 0.08 0.08 0.08 0.08 0.08 0.08 0.08 0.08 0.08 0.08
  per-rule acc: 0.08 0.08
Epoch 1860 | Train: Loss=0.0098 Acc=100.0% | Test: Acc=8.4% | Best=8.4%(@1860)
  from x3: 0.09 0.09 0.08 0.08 0.08 0.08 0.08 0.08 0.08 0.08 0.08 0.09 0.08
  per-rule acc: 0.08 0.09
Epoch 1880 | Train: Loss=0.0090 Acc=100.0% | Test: Acc=8.7% | Best=8.7%(@1880)
  from x3: 0.10 0.09 0.09 0.09 0.08 0.09 0.09 0.09 0.09 0.09 0.09 0.09 0.09
  per-rule acc: 0.08 0.09
Epoch 1900 | Train: Loss=0.0081 Acc=100.0% | Test: Acc=8.8% | Best=8.8%(@1900)
  from x3: 0.10 0.09 0.09 0.09 0.09 0.09 0.09 0.09 0.09 0.09 0.09 0.09 0.09
  per-rule acc: 0.09 0.09
Epoch 1920 | Train: Loss=0.0222 Acc=100.0% | Test: Acc=8.7% | Best=8.8%(@1900)
  from x3: 0.09 0.09 0.09 0.09 0.09 0.09 0.09 0.09 0.09 0.09 0.09 0.09 0.09
  per-rule acc: 0.08 0.09
Epoch 1940 | Train: Loss=0.0182 Acc=99.9% | Test: Acc=8.1% | Best=8.8%(@1900)
  from x3: 0.09 0.09 0.08 0.08 0.08 0.08 0.08 0.08 0.08 0.08 0.08 0.08 0.08
  per-rule acc: 0.08 0.08
Epoch 1960 | Train: Loss=0.0086 Acc=100.0% | Test: Acc=9.2% | Best=9.2%(@1960)
  from x3: 0.10 0.10 0.09 0.09 0.09 0.09 0.09 0.09 0.09 0.09 0.09 0.09 0.09
  per-rule acc: 0.09 0.10
Epoch 1980 | Train: Loss=0.0085 Acc=100.0% | Test: Acc=9.4% | Best=9.4%(@1980)
  from x3: 0.10 0.10 0.09 0.09 0.09 0.09 0.09 0.09 0.09 0.09 0.09 0.09 0.09
  per-rule acc: 0.09 0.10
Epoch 2000 | Train: Loss=0.0218 Acc=100.0% | Test: Acc=9.4% | Best=9.4%(@2000)
  from x3: 0.11 0.10 0.09 0.09 0.09 0.09 0.09 0.09 0.09 0.09 0.09 0.09 0.09
  per-rule acc: 0.09 0.10
Epoch 2020 | Train: Loss=0.0153 Acc=100.0% | Test: Acc=9.4% | Best=9.4%(@2000)
  from x3: 0.10 0.10 0.09 0.09 0.09 0.09 0.09 0.09 0.09 0.09 0.09 0.09 0.09
  per-rule acc: 0.09 0.10
Epoch 2040 | Train: Loss=0.0124 Acc=100.0% | Test: Acc=9.7% | Best=9.7%(@2040)
  from x3: 0.10 0.10 0.10 0.10 0.10 0.10 0.10 0.10 0.10 0.10 0.10 0.10 0.10
  per-rule acc: 0.09 0.10
Epoch 2060 | Train: Loss=0.0339 Acc=99.8% | Test: Acc=8.6% | Best=9.7%(@2040)
  from x3: 0.09 0.09 0.09 0.09 0.09 0.09 0.09 0.09 0.09 0.09 0.09 0.09 0.09
  per-rule acc: 0.08 0.09
Epoch 2080 | Train: Loss=0.0164 Acc=100.0% | Test: Acc=9.6% | Best=9.7%(@2040)
  from x3: 0.11 0.10 0.10 0.09 0.09 0.09 0.09 0.09 0.09 0.09 0.09 0.09 0.10
  per-rule acc: 0.09 0.10
Epoch 2100 | Train: Loss=0.0125 Acc=100.0% | Test: Acc=10.4% | Best=10.4%(@2100)
  from x3: 0.11 0.11 0.11 0.10 0.10 0.10 0.10 0.10 0.10 0.10 0.10 0.10 0.10
  per-rule acc: 0.09 0.11
Epoch 2120 | Train: Loss=0.0148 Acc=100.0% | Test: Acc=10.2% | Best=10.4%(@2100)
  from x3: 0.11 0.10 0.10 0.10 0.10 0.10 0.10 0.10 0.10 0.10 0.10 0.10 0.10
  per-rule acc: 0.10 0.10
Epoch 2140 | Train: Loss=0.0087 Acc=100.0% | Test: Acc=10.9% | Best=10.9%(@2140)
  from x3: 0.11 0.11 0.11 0.11 0.11 0.11 0.11 0.11 0.11 0.11 0.11 0.11 0.11
  per-rule acc: 0.11 0.11
Epoch 2160 | Train: Loss=0.0088 Acc=100.0% | Test: Acc=11.0% | Best=11.0%(@2160)
  from x3: 0.12 0.11 0.11 0.11 0.11 0.11 0.11 0.11 0.11 0.11 0.11 0.11 0.11
  per-rule acc: 0.11 0.11
Epoch 2180 | Train: Loss=0.0211 Acc=100.0% | Test: Acc=10.2% | Best=11.0%(@2160)
  from x3: 0.11 0.10 0.10 0.10 0.10 0.10 0.10 0.10 0.10 0.10 0.10 0.10 0.10
  per-rule acc: 0.10 0.11
Epoch 2200 | Train: Loss=0.0209 Acc=99.9% | Test: Acc=10.6% | Best=11.0%(@2160)
  from x3: 0.11 0.11 0.11 0.11 0.11 0.11 0.11 0.11 0.10 0.10 0.10 0.10 0.10
  per-rule acc: 0.10 0.11
Epoch 2220 | Train: Loss=0.0157 Acc=100.0% | Test: Acc=11.3% | Best=11.3%(@2220)
  from x3: 0.12 0.12 0.11 0.11 0.11 0.11 0.11 0.11 0.11 0.11 0.11 0.11 0.11
  per-rule acc: 0.11 0.12
Epoch 2240 | Train: Loss=0.0086 Acc=100.0% | Test: Acc=11.5% | Best=11.5%(@2240)
  from x3: 0.12 0.12 0.12 0.11 0.11 0.11 0.11 0.11 0.11 0.11 0.11 0.12 0.12
  per-rule acc: 0.11 0.12
Epoch 2260 | Train: Loss=0.0081 Acc=100.0% | Test: Acc=11.8% | Best=11.8%(@2260)
  from x3: 0.12 0.12 0.12 0.12 0.12 0.12 0.12 0.12 0.12 0.12 0.12 0.12 0.12
  per-rule acc: 0.12 0.12
Epoch 2280 | Train: Loss=0.0300 Acc=100.0% | Test: Acc=11.1% | Best=11.8%(@2260)
  from x3: 0.12 0.12 0.11 0.11 0.11 0.11 0.11 0.11 0.11 0.11 0.11 0.11 0.11
  per-rule acc: 0.10 0.12
Epoch 2300 | Train: Loss=0.0155 Acc=100.0% | Test: Acc=11.8% | Best=11.8%(@2260)
  from x3: 0.12 0.12 0.12 0.12 0.12 0.12 0.12 0.12 0.12 0.12 0.12 0.12 0.12
  per-rule acc: 0.12 0.12
Epoch 2320 | Train: Loss=0.0128 Acc=100.0% | Test: Acc=12.3% | Best=12.3%(@2320)
  from x3: 0.13 0.13 0.12 0.12 0.12 0.12 0.12 0.12 0.12 0.12 0.12 0.12 0.12
  per-rule acc: 0.12 0.13
Epoch 2340 | Train: Loss=0.0084 Acc=100.0% | Test: Acc=12.6% | Best=12.6%(@2340)
  from x3: 0.13 0.13 0.13 0.12 0.12 0.12 0.12 0.12 0.12 0.13 0.13 0.13 0.13
  per-rule acc: 0.13 0.13
Epoch 2360 | Train: Loss=0.0257 Acc=100.0% | Test: Acc=10.7% | Best=12.6%(@2340)
  from x3: 0.12 0.11 0.11 0.11 0.11 0.11 0.11 0.10 0.10 0.10 0.10 0.10 0.10
  per-rule acc: 0.11 0.11
Epoch 2380 | Train: Loss=0.0179 Acc=100.0% | Test: Acc=12.1% | Best=12.6%(@2340)
  from x3: 0.13 0.12 0.12 0.12 0.12 0.12 0.12 0.12 0.12 0.12 0.12 0.12 0.12
  per-rule acc: 0.12 0.12
Epoch 2400 | Train: Loss=0.0141 Acc=99.9% | Test: Acc=11.7% | Best=12.6%(@2340)
  from x3: 0.12 0.12 0.12 0.12 0.12 0.12 0.12 0.12 0.12 0.11 0.12 0.12 0.12
  per-rule acc: 0.12 0.12
Epoch 2420 | Train: Loss=0.0097 Acc=100.0% | Test: Acc=13.2% | Best=13.2%(@2420)
  from x3: 0.13 0.13 0.13 0.13 0.13 0.13 0.13 0.13 0.13 0.13 0.13 0.13 0.13
  per-rule acc: 0.14 0.13
Epoch 2440 | Train: Loss=0.0175 Acc=99.9% | Test: Acc=12.6% | Best=13.2%(@2420)
  from x3: 0.13 0.13 0.13 0.13 0.13 0.13 0.12 0.13 0.12 0.12 0.12 0.12 0.12
  per-rule acc: 0.13 0.13
Epoch 2460 | Train: Loss=0.0208 Acc=100.0% | Test: Acc=12.6% | Best=13.2%(@2420)
  from x3: 0.13 0.13 0.13 0.13 0.13 0.13 0.13 0.12 0.13 0.12 0.12 0.12 0.12
  per-rule acc: 0.13 0.12
Epoch 2480 | Train: Loss=0.0084 Acc=100.0% | Test: Acc=13.7% | Best=13.7%(@2480)
  from x3: 0.14 0.14 0.14 0.14 0.14 0.14 0.14 0.14 0.14 0.14 0.14 0.14 0.14
  per-rule acc: 0.14 0.13
Epoch 2500 | Train: Loss=0.0078 Acc=100.0% | Test: Acc=13.7% | Best=13.7%(@2480)
  from x3: 0.14 0.14 0.14 0.14 0.14 0.14 0.14 0.14 0.14 0.14 0.14 0.13 0.13
  per-rule acc: 0.14 0.13
Epoch 2520 | Train: Loss=0.0178 Acc=100.0% | Test: Acc=14.0% | Best=14.0%(@2520)
  from x3: 0.14 0.14 0.14 0.14 0.14 0.14 0.14 0.14 0.14 0.14 0.14 0.14 0.14
  per-rule acc: 0.14 0.14
Epoch 2540 | Train: Loss=0.0117 Acc=100.0% | Test: Acc=13.9% | Best=14.0%(@2520)
  from x3: 0.14 0.14 0.14 0.14 0.14 0.14 0.14 0.14 0.14 0.14 0.14 0.14 0.14
  per-rule acc: 0.14 0.14
Epoch 2560 | Train: Loss=0.0191 Acc=99.9% | Test: Acc=13.0% | Best=14.0%(@2520)
  from x3: 0.13 0.13 0.13 0.13 0.13 0.13 0.13 0.13 0.13 0.13 0.13 0.13 0.13
  per-rule acc: 0.13 0.13
Epoch 2580 | Train: Loss=0.0083 Acc=100.0% | Test: Acc=14.8% | Best=14.8%(@2580)
  from x3: 0.15 0.15 0.15 0.15 0.15 0.15 0.15 0.15 0.15 0.15 0.15 0.15 0.15
  per-rule acc: 0.15 0.14
Epoch 2600 | Train: Loss=0.0202 Acc=100.0% | Test: Acc=13.9% | Best=14.8%(@2580)
  from x3: 0.15 0.14 0.14 0.14 0.14 0.14 0.14 0.14 0.14 0.14 0.14 0.14 0.14
  per-rule acc: 0.14 0.14
Epoch 2620 | Train: Loss=0.0227 Acc=99.9% | Test: Acc=13.9% | Best=14.8%(@2580)
  from x3: 0.15 0.14 0.14 0.14 0.14 0.14 0.14 0.14 0.14 0.14 0.14 0.14 0.14
  per-rule acc: 0.14 0.14
Epoch 2640 | Train: Loss=0.0080 Acc=100.0% | Test: Acc=15.7% | Best=15.7%(@2640)
  from x3: 0.16 0.16 0.16 0.16 0.16 0.16 0.16 0.16 0.16 0.16 0.16 0.16 0.16
  per-rule acc: 0.16 0.15
Epoch 2660 | Train: Loss=0.0082 Acc=100.0% | Test: Acc=15.4% | Best=15.7%(@2640)
  from x3: 0.16 0.16 0.16 0.16 0.16 0.15 0.15 0.15 0.15 0.15 0.15 0.15 0.15
  per-rule acc: 0.16 0.15
Epoch 2680 | Train: Loss=0.0285 Acc=100.0% | Test: Acc=14.7% | Best=15.7%(@2640)
  from x3: 0.16 0.15 0.15 0.15 0.15 0.15 0.15 0.15 0.15 0.15 0.14 0.14 0.14
  per-rule acc: 0.14 0.15
Epoch 2700 | Train: Loss=0.0177 Acc=100.0% | Test: Acc=14.9% | Best=15.7%(@2640)
  from x3: 0.16 0.15 0.15 0.15 0.15 0.15 0.15 0.15 0.15 0.15 0.15 0.15 0.15
  per-rule acc: 0.14 0.15
Epoch 2720 | Train: Loss=0.0078 Acc=100.0% | Test: Acc=16.1% | Best=16.1%(@2720)
  from x3: 0.17 0.17 0.16 0.16 0.16 0.16 0.16 0.16 0.16 0.16 0.16 0.16 0.16
  per-rule acc: 0.16 0.16
Epoch 2740 | Train: Loss=0.0265 Acc=100.0% | Test: Acc=14.8% | Best=16.1%(@2720)
  from x3: 0.15 0.15 0.15 0.15 0.15 0.15 0.15 0.15 0.15 0.15 0.15 0.15 0.15
  per-rule acc: 0.15 0.15
Epoch 2760 | Train: Loss=0.0182 Acc=99.9% | Test: Acc=14.8% | Best=16.1%(@2720)
  from x3: 0.15 0.15 0.15 0.15 0.15 0.15 0.15 0.15 0.15 0.15 0.15 0.15 0.15
  per-rule acc: 0.15 0.15
Epoch 2780 | Train: Loss=0.0138 Acc=100.0% | Test: Acc=15.3% | Best=16.1%(@2720)
  from x3: 0.16 0.15 0.15 0.15 0.15 0.15 0.15 0.15 0.15 0.15 0.15 0.15 0.15
  per-rule acc: 0.15 0.15
Epoch 2800 | Train: Loss=0.0080 Acc=100.0% | Test: Acc=16.7% | Best=16.7%(@2800)
  from x3: 0.16 0.17 0.17 0.17 0.17 0.17 0.17 0.17 0.17 0.17 0.17 0.17 0.16
  per-rule acc: 0.17 0.16
Epoch 2820 | Train: Loss=0.0167 Acc=100.0% | Test: Acc=16.3% | Best=16.7%(@2800)
  from x3: 0.17 0.17 0.17 0.16 0.16 0.16 0.16 0.16 0.16 0.16 0.16 0.16 0.16
  per-rule acc: 0.16 0.16
Epoch 2840 | Train: Loss=0.0078 Acc=100.0% | Test: Acc=17.1% | Best=17.1%(@2840)
  from x3: 0.17 0.17 0.17 0.17 0.17 0.17 0.17 0.17 0.17 0.17 0.17 0.17 0.17
  per-rule acc: 0.17 0.17
Epoch 2860 | Train: Loss=0.0114 Acc=100.0% | Test: Acc=17.0% | Best=17.1%(@2840)
  from x3: 0.18 0.17 0.17 0.17 0.17 0.17 0.17 0.17 0.17 0.17 0.17 0.17 0.17
  per-rule acc: 0.17 0.17
Epoch 2880 | Train: Loss=0.0075 Acc=100.0% | Test: Acc=17.6% | Best=17.6%(@2880)
  from x3: 0.18 0.18 0.18 0.18 0.18 0.18 0.18 0.18 0.18 0.18 0.18 0.17 0.18
  per-rule acc: 0.18 0.17
Epoch 2900 | Train: Loss=0.0207 Acc=100.0% | Test: Acc=15.9% | Best=17.6%(@2880)
  from x3: 0.16 0.16 0.16 0.16 0.16 0.16 0.16 0.16 0.16 0.16 0.16 0.16 0.16
  per-rule acc: 0.16 0.16
Epoch 2920 | Train: Loss=0.0138 Acc=100.0% | Test: Acc=16.8% | Best=17.6%(@2880)
  from x3: 0.18 0.18 0.17 0.17 0.17 0.17 0.17 0.17 0.17 0.17 0.16 0.16 0.16
  per-rule acc: 0.16 0.17
Epoch 2940 | Train: Loss=0.0099 Acc=100.0% | Test: Acc=17.6% | Best=17.6%(@2940)
  from x3: 0.18 0.18 0.18 0.18 0.18 0.18 0.18 0.18 0.18 0.18 0.18 0.17 0.18
  per-rule acc: 0.18 0.17
Epoch 2960 | Train: Loss=0.0082 Acc=100.0% | Test: Acc=18.0% | Best=18.0%(@2960)
  from x3: 0.19 0.18 0.18 0.18 0.18 0.18 0.18 0.18 0.18 0.18 0.18 0.18 0.18
  per-rule acc: 0.18 0.18
Epoch 2980 | Train: Loss=0.0243 Acc=100.0% | Test: Acc=16.4% | Best=18.0%(@2960)
  from x3: 0.17 0.16 0.16 0.16 0.17 0.17 0.16 0.16 0.16 0.16 0.16 0.16 0.16
  per-rule acc: 0.16 0.17
Epoch 3000 | Train: Loss=0.0149 Acc=100.0% | Test: Acc=17.8% | Best=18.0%(@2960)
  from x3: 0.19 0.18 0.18 0.18 0.18 0.18 0.18 0.18 0.18 0.18 0.18 0.18 0.18
  per-rule acc: 0.18 0.18
Epoch 3020 | Train: Loss=0.0105 Acc=100.0% | Test: Acc=18.0% | Best=18.0%(@2960)
  from x3: 0.18 0.18 0.18 0.18 0.18 0.18 0.18 0.18 0.18 0.18 0.18 0.18 0.18
  per-rule acc: 0.18 0.18
Epoch 3040 | Train: Loss=0.0083 Acc=100.0% | Test: Acc=18.6% | Best=18.6%(@3040)
  from x3: 0.19 0.18 0.19 0.19 0.19 0.19 0.19 0.19 0.19 0.19 0.19 0.19 0.18
  per-rule acc: 0.19 0.18
Epoch 3060 | Train: Loss=0.0211 Acc=100.0% | Test: Acc=18.5% | Best=18.6%(@3040)
  from x3: 0.19 0.19 0.18 0.19 0.19 0.19 0.19 0.19 0.18 0.18 0.18 0.18 0.18
  per-rule acc: 0.18 0.19
Epoch 3080 | Train: Loss=0.0171 Acc=100.0% | Test: Acc=17.9% | Best=18.6%(@3040)
  from x3: 0.18 0.18 0.18 0.18 0.18 0.18 0.18 0.18 0.18 0.18 0.18 0.18 0.18
  per-rule acc: 0.18 0.18
Epoch 3100 | Train: Loss=0.0140 Acc=100.0% | Test: Acc=17.9% | Best=18.6%(@3040)
  from x3: 0.18 0.18 0.18 0.18 0.18 0.18 0.18 0.18 0.18 0.18 0.18 0.18 0.18
  per-rule acc: 0.18 0.18
Epoch 3120 | Train: Loss=0.0169 Acc=99.9% | Test: Acc=17.5% | Best=18.6%(@3040)
  from x3: 0.18 0.17 0.17 0.17 0.18 0.17 0.18 0.18 0.18 0.17 0.17 0.17 0.17
  per-rule acc: 0.18 0.17
Epoch 3140 | Train: Loss=0.0079 Acc=100.0% | Test: Acc=19.4% | Best=19.4%(@3140)
  from x3: 0.20 0.19 0.19 0.19 0.19 0.19 0.19 0.19 0.19 0.19 0.20 0.20 0.20
  per-rule acc: 0.20 0.19
Epoch 3160 | Train: Loss=0.0096 Acc=100.0% | Test: Acc=19.1% | Best=19.4%(@3140)
  from x3: 0.19 0.19 0.19 0.19 0.19 0.19 0.19 0.19 0.19 0.19 0.19 0.19 0.19
  per-rule acc: 0.20 0.18
Epoch 3180 | Train: Loss=0.0166 Acc=99.9% | Test: Acc=18.8% | Best=19.4%(@3140)
  from x3: 0.19 0.19 0.19 0.19 0.19 0.19 0.19 0.19 0.19 0.19 0.19 0.19 0.19
  per-rule acc: 0.18 0.19
Epoch 3200 | Train: Loss=0.0117 Acc=100.0% | Test: Acc=19.7% | Best=19.7%(@3200)
  from x3: 0.19 0.20 0.20 0.20 0.20 0.20 0.20 0.20 0.20 0.20 0.20 0.20 0.19
  per-rule acc: 0.20 0.19
Epoch 3220 | Train: Loss=0.0075 Acc=100.0% | Test: Acc=20.1% | Best=20.1%(@3220)
  from x3: 0.20 0.20 0.20 0.20 0.20 0.20 0.20 0.20 0.20 0.20 0.20 0.20 0.20
  per-rule acc: 0.21 0.19
Epoch 3240 | Train: Loss=0.0238 Acc=100.0% | Test: Acc=18.0% | Best=20.1%(@3220)
  from x3: 0.19 0.18 0.18 0.18 0.18 0.18 0.18 0.18 0.18 0.18 0.18 0.18 0.18
  per-rule acc: 0.19 0.17
Epoch 3260 | Train: Loss=0.0131 Acc=100.0% | Test: Acc=19.9% | Best=20.1%(@3220)
  from x3: 0.20 0.20 0.20 0.20 0.20 0.20 0.20 0.20 0.20 0.20 0.20 0.20 0.20
  per-rule acc: 0.20 0.20
Epoch 3280 | Train: Loss=0.0073 Acc=100.0% | Test: Acc=20.9% | Best=20.9%(@3280)
  from x3: 0.21 0.21 0.21 0.21 0.21 0.21 0.21 0.21 0.21 0.21 0.21 0.21 0.21
  per-rule acc: 0.22 0.20
Epoch 3300 | Train: Loss=0.0073 Acc=100.0% | Test: Acc=20.6% | Best=20.9%(@3280)
  from x3: 0.21 0.20 0.20 0.20 0.20 0.20 0.21 0.21 0.21 0.21 0.21 0.21 0.21
  per-rule acc: 0.21 0.20
Epoch 3320 | Train: Loss=0.0202 Acc=100.0% | Test: Acc=19.2% | Best=20.9%(@3280)
  from x3: 0.20 0.20 0.19 0.19 0.19 0.19 0.19 0.19 0.19 0.19 0.19 0.19 0.19
  per-rule acc: 0.20 0.19
Epoch 3340 | Train: Loss=0.0172 Acc=99.9% | Test: Acc=18.5% | Best=20.9%(@3280)
  from x3: 0.19 0.19 0.19 0.19 0.18 0.18 0.18 0.18 0.18 0.18 0.18 0.18 0.18
  per-rule acc: 0.19 0.18
Epoch 3360 | Train: Loss=0.0140 Acc=99.9% | Test: Acc=21.0% | Best=21.0%(@3360)
  from x3: 0.21 0.21 0.21 0.21 0.21 0.21 0.21 0.21 0.21 0.21 0.21 0.21 0.21
  per-rule acc: 0.22 0.20
Epoch 3380 | Train: Loss=0.0168 Acc=100.0% | Test: Acc=20.0% | Best=21.0%(@3360)
  from x3: 0.20 0.20 0.20 0.20 0.20 0.20 0.20 0.20 0.20 0.20 0.20 0.20 0.20
  per-rule acc: 0.21 0.19
Epoch 3400 | Train: Loss=0.0077 Acc=100.0% | Test: Acc=22.2% | Best=22.2%(@3400)
  from x3: 0.22 0.22 0.22 0.22 0.22 0.22 0.22 0.22 0.22 0.22 0.22 0.22 0.22
  per-rule acc: 0.23 0.21
Epoch 3420 | Train: Loss=0.0076 Acc=100.0% | Test: Acc=22.1% | Best=22.2%(@3400)
  from x3: 0.22 0.22 0.22 0.22 0.22 0.22 0.22 0.22 0.22 0.22 0.22 0.22 0.22
  per-rule acc: 0.23 0.21
Epoch 3440 | Train: Loss=0.0186 Acc=100.0% | Test: Acc=20.8% | Best=22.2%(@3400)
  from x3: 0.21 0.21 0.21 0.21 0.21 0.21 0.21 0.21 0.21 0.21 0.21 0.21 0.21
  per-rule acc: 0.21 0.21
Epoch 3460 | Train: Loss=0.0079 Acc=100.0% | Test: Acc=22.0% | Best=22.2%(@3400)
  from x3: 0.22 0.22 0.22 0.22 0.22 0.22 0.22 0.22 0.22 0.22 0.22 0.22 0.22
  per-rule acc: 0.23 0.21
Epoch 3480 | Train: Loss=0.0073 Acc=100.0% | Test: Acc=22.5% | Best=22.5%(@3480)
  from x3: 0.23 0.22 0.22 0.23 0.22 0.22 0.23 0.23 0.23 0.23 0.23 0.23 0.23
  per-rule acc: 0.23 0.22
Epoch 3500 | Train: Loss=0.0230 Acc=99.9% | Test: Acc=20.4% | Best=22.5%(@3480)
  from x3: 0.20 0.20 0.20 0.21 0.21 0.21 0.20 0.20 0.21 0.20 0.20 0.20 0.20
  per-rule acc: 0.21 0.20
Epoch 3520 | Train: Loss=0.0073 Acc=100.0% | Test: Acc=23.1% | Best=23.1%(@3520)
  from x3: 0.23 0.23 0.23 0.23 0.23 0.23 0.23 0.23 0.23 0.23 0.23 0.23 0.23
  per-rule acc: 0.24 0.22
Epoch 3540 | Train: Loss=0.0070 Acc=100.0% | Test: Acc=22.9% | Best=23.1%(@3520)
  from x3: 0.23 0.23 0.23 0.23 0.23 0.23 0.23 0.23 0.23 0.23 0.23 0.23 0.23
  per-rule acc: 0.24 0.22
Epoch 3560 | Train: Loss=0.0199 Acc=99.9% | Test: Acc=20.2% | Best=23.1%(@3520)
  from x3: 0.20 0.20 0.20 0.20 0.20 0.20 0.20 0.20 0.20 0.20 0.20 0.20 0.20
  per-rule acc: 0.20 0.20
Epoch 3580 | Train: Loss=0.0168 Acc=100.0% | Test: Acc=21.5% | Best=23.1%(@3520)
  from x3: 0.22 0.22 0.22 0.21 0.21 0.21 0.21 0.21 0.21 0.22 0.21 0.21 0.21
  per-rule acc: 0.22 0.21
Epoch 3600 | Train: Loss=0.0069 Acc=100.0% | Test: Acc=23.5% | Best=23.5%(@3600)
  from x3: 0.23 0.23 0.23 0.24 0.24 0.24 0.24 0.23 0.24 0.24 0.24 0.24 0.24
  per-rule acc: 0.24 0.23
Epoch 3620 | Train: Loss=0.0192 Acc=100.0% | Test: Acc=20.5% | Best=23.5%(@3600)
  from x3: 0.21 0.21 0.21 0.20 0.20 0.20 0.20 0.20 0.20 0.20 0.20 0.20 0.20
  per-rule acc: 0.21 0.19
Epoch 3640 | Train: Loss=0.0122 Acc=100.0% | Test: Acc=21.7% | Best=23.5%(@3600)
  from x3: 0.22 0.22 0.22 0.22 0.22 0.22 0.22 0.22 0.22 0.21 0.21 0.21 0.22
  per-rule acc: 0.22 0.21
Epoch 3660 | Train: Loss=0.0071 Acc=100.0% | Test: Acc=23.6% | Best=23.6%(@3660)
  from x3: 0.24 0.23 0.24 0.24 0.24 0.24 0.24 0.24 0.23 0.23 0.23 0.24 0.24
  per-rule acc: 0.25 0.22
Epoch 3680 | Train: Loss=0.0068 Acc=100.0% | Test: Acc=23.6% | Best=23.6%(@3680)
  from x3: 0.23 0.23 0.24 0.24 0.24 0.24 0.24 0.24 0.24 0.24 0.24 0.24 0.23
  per-rule acc: 0.25 0.23
Epoch 3700 | Train: Loss=0.0156 Acc=99.9% | Test: Acc=22.1% | Best=23.6%(@3680)
  from x3: 0.23 0.23 0.22 0.22 0.22 0.22 0.22 0.22 0.22 0.22 0.22 0.22 0.22
  per-rule acc: 0.23 0.21
Epoch 3720 | Train: Loss=0.0129 Acc=100.0% | Test: Acc=21.7% | Best=23.6%(@3680)
  from x3: 0.22 0.22 0.22 0.22 0.22 0.22 0.22 0.22 0.22 0.21 0.22 0.22 0.22
  per-rule acc: 0.22 0.21
Epoch 3740 | Train: Loss=0.0072 Acc=100.0% | Test: Acc=24.0% | Best=24.0%(@3740)
  from x3: 0.24 0.24 0.24 0.24 0.24 0.24 0.24 0.24 0.24 0.24 0.24 0.24 0.24
  per-rule acc: 0.25 0.23
Epoch 3760 | Train: Loss=0.0075 Acc=100.0% | Test: Acc=24.3% | Best=24.3%(@3760)
  from x3: 0.24 0.24 0.24 0.24 0.24 0.24 0.24 0.24 0.24 0.24 0.24 0.24 0.24
  per-rule acc: 0.25 0.23
Epoch 3780 | Train: Loss=0.0118 Acc=100.0% | Test: Acc=22.8% | Best=24.3%(@3760)
  from x3: 0.23 0.23 0.23 0.23 0.23 0.23 0.23 0.23 0.23 0.23 0.23 0.23 0.23
  per-rule acc: 0.24 0.22
Epoch 3800 | Train: Loss=0.0109 Acc=99.9% | Test: Acc=22.1% | Best=24.3%(@3760)
  from x3: 0.23 0.22 0.22 0.22 0.22 0.22 0.22 0.22 0.22 0.22 0.22 0.22 0.22
  per-rule acc: 0.23 0.21
Epoch 3820 | Train: Loss=0.0119 Acc=100.0% | Test: Acc=22.6% | Best=24.3%(@3760)
  from x3: 0.24 0.23 0.23 0.22 0.22 0.22 0.22 0.22 0.23 0.22 0.23 0.23 0.23
  per-rule acc: 0.23 0.22
Epoch 3840 | Train: Loss=0.0073 Acc=100.0% | Test: Acc=24.3% | Best=24.3%(@3840)
  from x3: 0.24 0.24 0.24 0.24 0.24 0.24 0.24 0.24 0.24 0.24 0.24 0.24 0.24
  per-rule acc: 0.26 0.23
Epoch 3860 | Train: Loss=0.0205 Acc=100.0% | Test: Acc=21.7% | Best=24.3%(@3840)
  from x3: 0.22 0.22 0.22 0.22 0.22 0.22 0.22 0.21 0.22 0.22 0.22 0.22 0.22
  per-rule acc: 0.23 0.21
Epoch 3880 | Train: Loss=0.0169 Acc=99.9% | Test: Acc=22.0% | Best=24.3%(@3840)
  from x3: 0.23 0.22 0.22 0.22 0.22 0.22 0.22 0.22 0.22 0.22 0.22 0.22 0.22
  per-rule acc: 0.23 0.21
Epoch 3900 | Train: Loss=0.0176 Acc=100.0% | Test: Acc=22.3% | Best=24.3%(@3840)
  from x3: 0.24 0.22 0.22 0.22 0.22 0.22 0.22 0.22 0.22 0.22 0.22 0.22 0.22
  per-rule acc: 0.23 0.21
Epoch 3920 | Train: Loss=0.0096 Acc=100.0% | Test: Acc=23.9% | Best=24.3%(@3840)
  from x3: 0.24 0.24 0.24 0.24 0.24 0.24 0.24 0.24 0.24 0.24 0.24 0.24 0.24
  per-rule acc: 0.25 0.22
Epoch 3940 | Train: Loss=0.0075 Acc=100.0% | Test: Acc=25.1% | Best=25.1%(@3940)
  from x3: 0.25 0.25 0.25 0.25 0.25 0.25 0.25 0.25 0.25 0.25 0.25 0.25 0.25
  per-rule acc: 0.26 0.24
Epoch 3960 | Train: Loss=0.0070 Acc=100.0% | Test: Acc=25.3% | Best=25.3%(@3960)
  from x3: 0.25 0.25 0.25 0.25 0.25 0.25 0.25 0.25 0.25 0.25 0.25 0.25 0.25
  per-rule acc: 0.26 0.24
Epoch 3980 | Train: Loss=0.0204 Acc=100.0% | Test: Acc=23.6% | Best=25.3%(@3960)
  from x3: 0.24 0.24 0.23 0.24 0.24 0.24 0.24 0.24 0.24 0.24 0.24 0.23 0.23
  per-rule acc: 0.24 0.23
Epoch 4000 | Train: Loss=0.0068 Acc=100.0% | Test: Acc=25.4% | Best=25.4%(@4000)
  from x3: 0.25 0.25 0.26 0.25 0.25 0.25 0.25 0.25 0.25 0.25 0.26 0.25 0.25
  per-rule acc: 0.27 0.24
Epoch 4020 | Train: Loss=0.0180 Acc=100.0% | Test: Acc=22.3% | Best=25.4%(@4000)
  from x3: 0.23 0.22 0.23 0.22 0.22 0.22 0.22 0.22 0.22 0.22 0.22 0.22 0.22
  per-rule acc: 0.24 0.21
Epoch 4040 | Train: Loss=0.0097 Acc=100.0% | Test: Acc=24.8% | Best=25.4%(@4000)
  from x3: 0.25 0.25 0.25 0.25 0.25 0.25 0.25 0.25 0.25 0.25 0.25 0.25 0.25
  per-rule acc: 0.25 0.24
Epoch 4060 | Train: Loss=0.0068 Acc=100.0% | Test: Acc=25.3% | Best=25.4%(@4000)
  from x3: 0.26 0.25 0.25 0.25 0.25 0.25 0.25 0.25 0.25 0.25 0.25 0.25 0.25
  per-rule acc: 0.27 0.24
Epoch 4080 | Train: Loss=0.0065 Acc=100.0% | Test: Acc=25.4% | Best=25.4%(@4000)
  from x3: 0.26 0.25 0.25 0.25 0.25 0.25 0.25 0.25 0.25 0.25 0.26 0.25 0.26
  per-rule acc: 0.27 0.24
Epoch 4100 | Train: Loss=0.0171 Acc=100.0% | Test: Acc=24.0% | Best=25.4%(@4000)
  from x3: 0.25 0.24 0.24 0.24 0.24 0.24 0.24 0.24 0.24 0.24 0.24 0.24 0.24
  per-rule acc: 0.25 0.23
Epoch 4120 | Train: Loss=0.0144 Acc=100.0% | Test: Acc=24.0% | Best=25.4%(@4000)
  from x3: 0.25 0.24 0.24 0.24 0.24 0.24 0.24 0.24 0.24 0.24 0.24 0.24 0.24
  per-rule acc: 0.25 0.23
Epoch 4140 | Train: Loss=0.0073 Acc=100.0% | Test: Acc=24.9% | Best=25.4%(@4000)
  from x3: 0.26 0.25 0.25 0.25 0.25 0.25 0.25 0.25 0.25 0.25 0.25 0.25 0.25
  per-rule acc: 0.26 0.24
Epoch 4160 | Train: Loss=0.0124 Acc=100.0% | Test: Acc=24.6% | Best=25.4%(@4000)
  from x3: 0.25 0.24 0.25 0.25 0.25 0.25 0.25 0.25 0.25 0.25 0.25 0.25 0.25
  per-rule acc: 0.25 0.24
Epoch 4180 | Train: Loss=0.0093 Acc=100.0% | Test: Acc=25.3% | Best=25.4%(@4000)
  from x3: 0.25 0.25 0.25 0.25 0.25 0.25 0.25 0.25 0.25 0.25 0.25 0.25 0.25
  per-rule acc: 0.27 0.24
Epoch 4200 | Train: Loss=0.0069 Acc=100.0% | Test: Acc=26.0% | Best=26.0%(@4200)
  from x3: 0.27 0.26 0.26 0.26 0.26 0.26 0.26 0.26 0.26 0.26 0.26 0.26 0.26
  per-rule acc: 0.28 0.24
Epoch 4220 | Train: Loss=0.0197 Acc=100.0% | Test: Acc=22.6% | Best=26.0%(@4200)
  from x3: 0.23 0.23 0.23 0.23 0.23 0.23 0.23 0.23 0.23 0.23 0.22 0.22 0.22
  per-rule acc: 0.24 0.21
Epoch 4240 | Train: Loss=0.0134 Acc=100.0% | Test: Acc=24.4% | Best=26.0%(@4200)
  from x3: 0.25 0.25 0.25 0.24 0.24 0.24 0.24 0.24 0.24 0.24 0.24 0.24 0.24
  per-rule acc: 0.25 0.24
Epoch 4260 | Train: Loss=0.0086 Acc=99.9% | Test: Acc=25.3% | Best=26.0%(@4200)
  from x3: 0.25 0.26 0.25 0.25 0.25 0.25 0.25 0.25 0.25 0.25 0.25 0.25 0.25
  per-rule acc: 0.27 0.24
Epoch 4280 | Train: Loss=0.0148 Acc=100.0% | Test: Acc=24.8% | Best=26.0%(@4200)
  from x3: 0.25 0.25 0.25 0.25 0.25 0.25 0.25 0.25 0.25 0.25 0.25 0.25 0.25
  per-rule acc: 0.26 0.24
Epoch 4300 | Train: Loss=0.0074 Acc=100.0% | Test: Acc=26.1% | Best=26.1%(@4300)
  from x3: 0.27 0.26 0.26 0.26 0.26 0.26 0.26 0.26 0.26 0.26 0.26 0.26 0.26
  per-rule acc: 0.27 0.25
Epoch 4320 | Train: Loss=0.0183 Acc=100.0% | Test: Acc=22.8% | Best=26.1%(@4300)
  from x3: 0.23 0.23 0.23 0.23 0.23 0.23 0.23 0.23 0.23 0.23 0.23 0.23 0.23
  per-rule acc: 0.24 0.21
Epoch 4340 | Train: Loss=0.0081 Acc=100.0% | Test: Acc=26.3% | Best=26.3%(@4340)
  from x3: 0.27 0.26 0.26 0.26 0.26 0.26 0.26 0.26 0.26 0.26 0.26 0.26 0.26
  per-rule acc: 0.27 0.25
Epoch 4360 | Train: Loss=0.0069 Acc=100.0% | Test: Acc=26.4% | Best=26.4%(@4360)
  from x3: 0.27 0.26 0.26 0.26 0.26 0.26 0.27 0.27 0.26 0.26 0.27 0.26 0.26
  per-rule acc: 0.28 0.25
Epoch 4380 | Train: Loss=0.0188 Acc=100.0% | Test: Acc=23.5% | Best=26.4%(@4360)
  from x3: 0.24 0.24 0.23 0.23 0.24 0.23 0.23 0.24 0.24 0.23 0.24 0.23 0.23
  per-rule acc: 0.24 0.23
Epoch 4400 | Train: Loss=0.0101 Acc=100.0% | Test: Acc=25.6% | Best=26.4%(@4360)
  from x3: 0.26 0.26 0.26 0.25 0.25 0.25 0.26 0.25 0.25 0.26 0.26 0.26 0.26
  per-rule acc: 0.27 0.24
Epoch 4420 | Train: Loss=0.0068 Acc=100.0% | Test: Acc=26.8% | Best=26.8%(@4420)
  from x3: 0.27 0.27 0.26 0.26 0.27 0.27 0.27 0.27 0.27 0.27 0.27 0.27 0.27
  per-rule acc: 0.28 0.25
Epoch 4440 | Train: Loss=0.0066 Acc=100.0% | Test: Acc=26.4% | Best=26.8%(@4420)
  from x3: 0.27 0.26 0.26 0.26 0.26 0.26 0.26 0.26 0.26 0.26 0.27 0.27 0.27
  per-rule acc: 0.28 0.25
Epoch 4460 | Train: Loss=0.0178 Acc=100.0% | Test: Acc=24.3% | Best=26.8%(@4420)
  from x3: 0.25 0.24 0.24 0.24 0.24 0.24 0.24 0.24 0.24 0.24 0.24 0.24 0.24
  per-rule acc: 0.25 0.23
Epoch 4480 | Train: Loss=0.0101 Acc=100.0% | Test: Acc=25.3% | Best=26.8%(@4420)
  from x3: 0.26 0.26 0.26 0.25 0.25 0.25 0.25 0.25 0.25 0.25 0.25 0.25 0.25
  per-rule acc: 0.26 0.24
Epoch 4500 | Train: Loss=0.0066 Acc=100.0% | Test: Acc=27.3% | Best=27.3%(@4500)
  from x3: 0.28 0.27 0.27 0.27 0.27 0.27 0.27 0.27 0.27 0.27 0.27 0.27 0.27
  per-rule acc: 0.29 0.26
Epoch 4520 | Train: Loss=0.0068 Acc=100.0% | Test: Acc=26.9% | Best=27.3%(@4500)
  from x3: 0.27 0.27 0.27 0.27 0.27 0.27 0.27 0.27 0.27 0.27 0.27 0.27 0.27
  per-rule acc: 0.29 0.25
Epoch 4540 | Train: Loss=0.0125 Acc=100.0% | Test: Acc=25.2% | Best=27.3%(@4500)
  from x3: 0.25 0.25 0.25 0.25 0.25 0.25 0.25 0.25 0.25 0.25 0.25 0.25 0.25
  per-rule acc: 0.27 0.24
Epoch 4560 | Train: Loss=0.0105 Acc=100.0% | Test: Acc=25.7% | Best=27.3%(@4500)
  from x3: 0.26 0.26 0.26 0.26 0.26 0.26 0.26 0.26 0.26 0.26 0.26 0.26 0.26
  per-rule acc: 0.26 0.25
Epoch 4580 | Train: Loss=0.0092 Acc=100.0% | Test: Acc=26.4% | Best=27.3%(@4500)
  from x3: 0.27 0.27 0.26 0.26 0.27 0.26 0.26 0.26 0.26 0.26 0.26 0.26 0.26
  per-rule acc: 0.28 0.25
Epoch 4600 | Train: Loss=0.0070 Acc=100.0% | Test: Acc=27.5% | Best=27.5%(@4600)
  from x3: 0.28 0.27 0.27 0.27 0.27 0.28 0.28 0.27 0.28 0.28 0.27 0.27 0.27
  per-rule acc: 0.29 0.26
Epoch 4620 | Train: Loss=0.0068 Acc=100.0% | Test: Acc=27.5% | Best=27.5%(@4600)
  from x3: 0.28 0.27 0.27 0.27 0.27 0.28 0.27 0.27 0.28 0.28 0.28 0.28 0.28
  per-rule acc: 0.29 0.26
Epoch 4640 | Train: Loss=0.0157 Acc=100.0% | Test: Acc=25.9% | Best=27.5%(@4600)
  from x3: 0.26 0.26 0.26 0.26 0.26 0.26 0.26 0.26 0.26 0.26 0.26 0.26 0.26
  per-rule acc: 0.28 0.24
Epoch 4660 | Train: Loss=0.0122 Acc=100.0% | Test: Acc=26.4% | Best=27.5%(@4600)
  from x3: 0.27 0.27 0.26 0.26 0.26 0.26 0.26 0.26 0.26 0.26 0.26 0.26 0.26
  per-rule acc: 0.28 0.25
Epoch 4680 | Train: Loss=0.0070 Acc=100.0% | Test: Acc=27.4% | Best=27.5%(@4600)
  from x3: 0.28 0.28 0.27 0.27 0.27 0.27 0.27 0.27 0.27 0.27 0.27 0.27 0.27
  per-rule acc: 0.29 0.26
Epoch 4700 | Train: Loss=0.0125 Acc=100.0% | Test: Acc=26.7% | Best=27.5%(@4600)
  from x3: 0.27 0.27 0.27 0.27 0.27 0.27 0.27 0.27 0.27 0.27 0.27 0.27 0.26
  per-rule acc: 0.27 0.26
Epoch 4720 | Train: Loss=0.0068 Acc=100.0% | Test: Acc=27.6% | Best=27.6%(@4720)
  from x3: 0.28 0.28 0.27 0.28 0.28 0.28 0.28 0.28 0.28 0.28 0.28 0.28 0.28
  per-rule acc: 0.29 0.26
Epoch 4740 | Train: Loss=0.0199 Acc=100.0% | Test: Acc=24.7% | Best=27.6%(@4720)
  from x3: 0.25 0.25 0.25 0.25 0.25 0.25 0.25 0.25 0.25 0.25 0.25 0.25 0.25
  per-rule acc: 0.26 0.23
Epoch 4760 | Train: Loss=0.0072 Acc=100.0% | Test: Acc=27.7% | Best=27.7%(@4760)
  from x3: 0.28 0.28 0.27 0.28 0.28 0.28 0.28 0.28 0.28 0.28 0.28 0.28 0.28
  per-rule acc: 0.29 0.26
Epoch 4780 | Train: Loss=0.0192 Acc=99.9% | Test: Acc=25.6% | Best=27.7%(@4760)
  from x3: 0.26 0.26 0.25 0.26 0.26 0.26 0.26 0.26 0.26 0.26 0.25 0.25 0.25
  per-rule acc: 0.28 0.23
Epoch 4800 | Train: Loss=0.0102 Acc=100.0% | Test: Acc=26.8% | Best=27.7%(@4760)
  from x3: 0.28 0.27 0.27 0.27 0.27 0.27 0.27 0.27 0.27 0.27 0.27 0.27 0.27
  per-rule acc: 0.28 0.26
Epoch 4820 | Train: Loss=0.0066 Acc=100.0% | Test: Acc=28.1% | Best=28.1%(@4820)
  from x3: 0.29 0.28 0.28 0.28 0.28 0.28 0.28 0.28 0.28 0.28 0.28 0.28 0.28
  per-rule acc: 0.30 0.26
Epoch 4840 | Train: Loss=0.0105 Acc=100.0% | Test: Acc=26.6% | Best=28.1%(@4820)
  from x3: 0.27 0.27 0.27 0.27 0.27 0.27 0.27 0.26 0.26 0.26 0.26 0.26 0.26
  per-rule acc: 0.28 0.25
Epoch 4860 | Train: Loss=0.0090 Acc=100.0% | Test: Acc=26.7% | Best=28.1%(@4820)
  from x3: 0.27 0.27 0.27 0.27 0.27 0.27 0.27 0.27 0.27 0.27 0.27 0.27 0.27
  per-rule acc: 0.29 0.25
Epoch 4880 | Train: Loss=0.0096 Acc=100.0% | Test: Acc=26.9% | Best=28.1%(@4820)
  from x3: 0.27 0.27 0.27 0.27 0.27 0.27 0.27 0.27 0.27 0.27 0.27 0.27 0.27
  per-rule acc: 0.29 0.25
Epoch 4900 | Train: Loss=0.0077 Acc=100.0% | Test: Acc=28.2% | Best=28.2%(@4900)
  from x3: 0.28 0.28 0.28 0.28 0.28 0.28 0.28 0.28 0.28 0.28 0.28 0.28 0.28
  per-rule acc: 0.30 0.27
Epoch 4920 | Train: Loss=0.0071 Acc=100.0% | Test: Acc=28.5% | Best=28.5%(@4920)
  from x3: 0.28 0.29 0.28 0.29 0.29 0.29 0.29 0.29 0.29 0.29 0.28 0.28 0.28
  per-rule acc: 0.31 0.26
Epoch 4940 | Train: Loss=0.0063 Acc=100.0% | Test: Acc=28.0% | Best=28.5%(@4920)
  from x3: 0.28 0.28 0.28 0.28 0.28 0.28 0.28 0.28 0.28 0.28 0.28 0.28 0.28
  per-rule acc: 0.30 0.26
Epoch 4960 | Train: Loss=0.0131 Acc=100.0% | Test: Acc=27.8% | Best=28.5%(@4920)
  from x3: 0.28 0.28 0.27 0.28 0.28 0.28 0.28 0.28 0.28 0.28 0.28 0.28 0.28
  per-rule acc: 0.29 0.27
Epoch 4980 | Train: Loss=0.0077 Acc=100.0% | Test: Acc=28.6% | Best=28.6%(@4980)
  from x3: 0.28 0.28 0.28 0.29 0.29 0.29 0.29 0.29 0.29 0.29 0.29 0.29 0.29
  per-rule acc: 0.30 0.27
Epoch 5000 | Train: Loss=0.0069 Acc=100.0% | Test: Acc=28.6% | Best=28.6%(@4980)
  from x3: 0.29 0.29 0.28 0.28 0.29 0.29 0.29 0.29 0.29 0.29 0.29 0.29 0.29
  per-rule acc: 0.30 0.27
Epoch 5020 | Train: Loss=0.0062 Acc=100.0% | Test: Acc=28.1% | Best=28.6%(@4980)
  from x3: 0.28 0.28 0.28 0.28 0.28 0.28 0.28 0.28 0.28 0.28 0.28 0.28 0.28
  per-rule acc: 0.30 0.26
Epoch 5040 | Train: Loss=0.0140 Acc=100.0% | Test: Acc=26.7% | Best=28.6%(@4980)
  from x3: 0.27 0.27 0.26 0.27 0.27 0.27 0.27 0.27 0.27 0.27 0.27 0.27 0.27
  per-rule acc: 0.28 0.25
Epoch 5060 | Train: Loss=0.0066 Acc=100.0% | Test: Acc=28.3% | Best=28.6%(@4980)
  from x3: 0.29 0.28 0.28 0.28 0.28 0.28 0.28 0.28 0.28 0.28 0.28 0.28 0.28
  per-rule acc: 0.30 0.26
Epoch 5080 | Train: Loss=0.0077 Acc=100.0% | Test: Acc=27.9% | Best=28.6%(@4980)
  from x3: 0.27 0.28 0.28 0.28 0.28 0.28 0.28 0.28 0.28 0.28 0.28 0.28 0.28
  per-rule acc: 0.30 0.26
Epoch 5100 | Train: Loss=0.0095 Acc=100.0% | Test: Acc=27.2% | Best=28.6%(@4980)
  from x3: 0.28 0.27 0.27 0.27 0.27 0.27 0.27 0.27 0.27 0.27 0.27 0.27 0.27
  per-rule acc: 0.29 0.26
Epoch 5120 | Train: Loss=0.0066 Acc=100.0% | Test: Acc=28.8% | Best=28.8%(@5120)
  from x3: 0.29 0.29 0.29 0.29 0.29 0.29 0.29 0.29 0.29 0.29 0.29 0.29 0.29
  per-rule acc: 0.31 0.27
Epoch 5140 | Train: Loss=0.0061 Acc=100.0% | Test: Acc=28.6% | Best=28.8%(@5120)
  from x3: 0.29 0.29 0.28 0.29 0.29 0.29 0.29 0.29 0.29 0.29 0.29 0.29 0.28
  per-rule acc: 0.31 0.27
Epoch 5160 | Train: Loss=0.0169 Acc=100.0% | Test: Acc=25.9% | Best=28.8%(@5120)
  from x3: 0.25 0.26 0.26 0.26 0.26 0.26 0.26 0.26 0.26 0.26 0.26 0.26 0.26
  per-rule acc: 0.28 0.24
Epoch 5180 | Train: Loss=0.0071 Acc=100.0% | Test: Acc=28.4% | Best=28.8%(@5120)
  from x3: 0.28 0.28 0.28 0.28 0.28 0.28 0.28 0.28 0.29 0.29 0.28 0.28 0.29
  per-rule acc: 0.30 0.27
Epoch 5200 | Train: Loss=0.0064 Acc=100.0% | Test: Acc=28.6% | Best=28.8%(@5120)
  from x3: 0.29 0.28 0.29 0.29 0.29 0.29 0.29 0.29 0.29 0.29 0.29 0.29 0.29
  per-rule acc: 0.31 0.27
Epoch 5220 | Train: Loss=0.0057 Acc=100.0% | Test: Acc=29.0% | Best=29.0%(@5220)
  from x3: 0.29 0.29 0.29 0.29 0.29 0.29 0.29 0.29 0.29 0.29 0.29 0.29 0.29
  per-rule acc: 0.31 0.27
Epoch 5240 | Train: Loss=0.0229 Acc=99.9% | Test: Acc=26.0% | Best=29.0%(@5220)
  from x3: 0.26 0.26 0.26 0.26 0.26 0.26 0.26 0.26 0.26 0.26 0.26 0.26 0.26
  per-rule acc: 0.28 0.24
Epoch 5260 | Train: Loss=0.0115 Acc=100.0% | Test: Acc=26.8% | Best=29.0%(@5220)
  from x3: 0.27 0.27 0.27 0.27 0.27 0.27 0.27 0.27 0.27 0.27 0.27 0.27 0.27
  per-rule acc: 0.29 0.25
Epoch 5280 | Train: Loss=0.0058 Acc=100.0% | Test: Acc=28.9% | Best=29.0%(@5220)
  from x3: 0.29 0.29 0.29 0.29 0.29 0.29 0.29 0.29 0.29 0.29 0.29 0.29 0.29
  per-rule acc: 0.31 0.27
Epoch 5300 | Train: Loss=0.0059 Acc=100.0% | Test: Acc=28.9% | Best=29.0%(@5220)
  from x3: 0.29 0.29 0.29 0.29 0.29 0.29 0.29 0.29 0.29 0.29 0.29 0.29 0.29
  per-rule acc: 0.31 0.27
Epoch 5320 | Train: Loss=0.0076 Acc=100.0% | Test: Acc=28.5% | Best=29.0%(@5220)
  from x3: 0.28 0.29 0.29 0.29 0.29 0.29 0.28 0.28 0.28 0.28 0.28 0.28 0.28
  per-rule acc: 0.30 0.27
Epoch 5340 | Train: Loss=0.0061 Acc=100.0% | Test: Acc=29.0% | Best=29.0%(@5220)
  from x3: 0.29 0.29 0.29 0.29 0.29 0.29 0.29 0.29 0.29 0.29 0.29 0.29 0.29
  per-rule acc: 0.30 0.27
Epoch 5360 | Train: Loss=0.0062 Acc=100.0% | Test: Acc=28.6% | Best=29.0%(@5220)
  from x3: 0.29 0.29 0.29 0.29 0.29 0.29 0.29 0.29 0.29 0.29 0.29 0.29 0.29
  per-rule acc: 0.30 0.27
Epoch 5380 | Train: Loss=0.0145 Acc=100.0% | Test: Acc=25.5% | Best=29.0%(@5220)
  from x3: 0.26 0.25 0.25 0.25 0.25 0.25 0.25 0.26 0.26 0.26 0.26 0.25 0.25
  per-rule acc: 0.28 0.23
Epoch 5400 | Train: Loss=0.0120 Acc=100.0% | Test: Acc=27.7% | Best=29.0%(@5220)
  from x3: 0.28 0.28 0.28 0.28 0.28 0.28 0.28 0.28 0.28 0.28 0.28 0.28 0.28
  per-rule acc: 0.29 0.27
Epoch 5420 | Train: Loss=0.0061 Acc=100.0% | Test: Acc=29.3% | Best=29.3%(@5420)
  from x3: 0.29 0.29 0.29 0.29 0.29 0.29 0.29 0.29 0.29 0.29 0.29 0.29 0.29
  per-rule acc: 0.31 0.28
Epoch 5440 | Train: Loss=0.0059 Acc=100.0% | Test: Acc=29.1% | Best=29.3%(@5420)
  from x3: 0.29 0.29 0.29 0.29 0.29 0.29 0.29 0.29 0.29 0.29 0.29 0.29 0.29
  per-rule acc: 0.31 0.27
Epoch 5460 | Train: Loss=0.0054 Acc=100.0% | Test: Acc=29.0% | Best=29.3%(@5420)
  from x3: 0.29 0.29 0.29 0.29 0.29 0.29 0.29 0.29 0.29 0.29 0.29 0.29 0.29
  per-rule acc: 0.31 0.27
Epoch 5480 | Train: Loss=0.0057 Acc=100.0% | Test: Acc=29.0% | Best=29.3%(@5420)
  from x3: 0.29 0.29 0.29 0.29 0.29 0.29 0.29 0.29 0.29 0.29 0.29 0.29 0.29
  per-rule acc: 0.31 0.27
Epoch 5500 | Train: Loss=0.0149 Acc=100.0% | Test: Acc=27.5% | Best=29.3%(@5420)
  from x3: 0.28 0.28 0.28 0.27 0.27 0.27 0.27 0.28 0.27 0.27 0.27 0.27 0.27
  per-rule acc: 0.29 0.26
Epoch 5520 | Train: Loss=0.0100 Acc=100.0% | Test: Acc=28.0% | Best=29.3%(@5420)
  from x3: 0.28 0.28 0.28 0.28 0.28 0.28 0.28 0.28 0.28 0.28 0.28 0.28 0.28
  per-rule acc: 0.30 0.26
Epoch 5540 | Train: Loss=0.0058 Acc=100.0% | Test: Acc=29.6% | Best=29.6%(@5540)
  from x3: 0.29 0.29 0.29 0.30 0.30 0.30 0.30 0.30 0.30 0.30 0.30 0.30 0.29
  per-rule acc: 0.31 0.28
Epoch 5560 | Train: Loss=0.0059 Acc=100.0% | Test: Acc=29.4% | Best=29.6%(@5540)
  from x3: 0.29 0.29 0.29 0.29 0.29 0.29 0.29 0.29 0.29 0.29 0.29 0.29 0.29
  per-rule acc: 0.31 0.28
Epoch 5580 | Train: Loss=0.0119 Acc=100.0% | Test: Acc=27.5% | Best=29.6%(@5540)
  from x3: 0.27 0.28 0.27 0.28 0.28 0.28 0.28 0.28 0.27 0.27 0.27 0.27 0.27
  per-rule acc: 0.29 0.26
Epoch 5600 | Train: Loss=0.0069 Acc=100.0% | Test: Acc=29.3% | Best=29.6%(@5540)
  from x3: 0.30 0.30 0.29 0.29 0.29 0.29 0.29 0.29 0.29 0.29 0.29 0.29 0.29
  per-rule acc: 0.31 0.28
Epoch 5620 | Train: Loss=0.0061 Acc=100.0% | Test: Acc=29.6% | Best=29.6%(@5540)
  from x3: 0.30 0.29 0.30 0.30 0.30 0.30 0.30 0.30 0.30 0.30 0.30 0.30 0.30
  per-rule acc: 0.31 0.28
Epoch 5640 | Train: Loss=0.0090 Acc=100.0% | Test: Acc=27.2% | Best=29.6%(@5540)
  from x3: 0.28 0.27 0.27 0.27 0.27 0.27 0.27 0.27 0.27 0.27 0.27 0.27 0.27
  per-rule acc: 0.29 0.25
Epoch 5660 | Train: Loss=0.0105 Acc=100.0% | Test: Acc=28.1% | Best=29.6%(@5540)
  from x3: 0.28 0.29 0.28 0.28 0.28 0.28 0.28 0.28 0.28 0.28 0.28 0.28 0.28
  per-rule acc: 0.30 0.26
Epoch 5680 | Train: Loss=0.0063 Acc=100.0% | Test: Acc=29.4% | Best=29.6%(@5540)
  from x3: 0.30 0.30 0.29 0.30 0.29 0.29 0.29 0.29 0.29 0.29 0.29 0.29 0.29
  per-rule acc: 0.31 0.28
Epoch 5700 | Train: Loss=0.0060 Acc=100.0% | Test: Acc=29.5% | Best=29.6%(@5540)
  from x3: 0.29 0.30 0.30 0.30 0.30 0.30 0.30 0.30 0.30 0.30 0.30 0.29 0.29
  per-rule acc: 0.31 0.28
Epoch 5720 | Train: Loss=0.0058 Acc=100.0% | Test: Acc=29.4% | Best=29.6%(@5540)
  from x3: 0.30 0.29 0.30 0.29 0.29 0.29 0.29 0.29 0.29 0.29 0.30 0.30 0.29
  per-rule acc: 0.31 0.28
Epoch 5740 | Train: Loss=0.0141 Acc=99.9% | Test: Acc=27.0% | Best=29.6%(@5540)
  from x3: 0.27 0.27 0.27 0.27 0.27 0.27 0.27 0.27 0.27 0.27 0.27 0.27 0.27
  per-rule acc: 0.29 0.25
Epoch 5760 | Train: Loss=0.0104 Acc=100.0% | Test: Acc=27.8% | Best=29.6%(@5540)
  from x3: 0.28 0.28 0.28 0.28 0.28 0.28 0.28 0.28 0.28 0.28 0.28 0.28 0.28
  per-rule acc: 0.29 0.26
Epoch 5780 | Train: Loss=0.0061 Acc=100.0% | Test: Acc=29.6% | Best=29.6%(@5780)
  from x3: 0.30 0.30 0.30 0.30 0.30 0.30 0.30 0.30 0.30 0.30 0.30 0.30 0.29
  per-rule acc: 0.31 0.28
Epoch 5800 | Train: Loss=0.0058 Acc=100.0% | Test: Acc=29.5% | Best=29.6%(@5780)
  from x3: 0.30 0.30 0.30 0.29 0.29 0.29 0.29 0.29 0.30 0.30 0.30 0.30 0.30
  per-rule acc: 0.31 0.28
Epoch 5820 | Train: Loss=0.0062 Acc=100.0% | Test: Acc=29.4% | Best=29.6%(@5780)
  from x3: 0.29 0.29 0.29 0.29 0.29 0.29 0.29 0.29 0.30 0.30 0.29 0.29 0.29
  per-rule acc: 0.31 0.27
Epoch 5840 | Train: Loss=0.0057 Acc=100.0% | Test: Acc=29.0% | Best=29.6%(@5780)
  from x3: 0.29 0.29 0.29 0.29 0.29 0.29 0.29 0.29 0.29 0.29 0.29 0.29 0.29
  per-rule acc: 0.31 0.27
Epoch 5860 | Train: Loss=0.0136 Acc=100.0% | Test: Acc=27.1% | Best=29.6%(@5780)
  from x3: 0.27 0.27 0.27 0.27 0.27 0.27 0.27 0.27 0.27 0.27 0.27 0.27 0.27
  per-rule acc: 0.29 0.25
Epoch 5880 | Train: Loss=0.0100 Acc=100.0% | Test: Acc=28.0% | Best=29.6%(@5780)
  from x3: 0.28 0.28 0.28 0.28 0.28 0.28 0.28 0.28 0.28 0.28 0.28 0.28 0.28
  per-rule acc: 0.30 0.26
Epoch 5900 | Train: Loss=0.0060 Acc=100.0% | Test: Acc=29.4% | Best=29.6%(@5780)
  from x3: 0.30 0.30 0.29 0.29 0.29 0.29 0.29 0.29 0.29 0.29 0.29 0.29 0.29
  per-rule acc: 0.31 0.27
Epoch 5920 | Train: Loss=0.0056 Acc=100.0% | Test: Acc=29.4% | Best=29.6%(@5780)
  from x3: 0.30 0.29 0.29 0.29 0.29 0.29 0.29 0.29 0.29 0.29 0.29 0.29 0.29
  per-rule acc: 0.31 0.28
Epoch 5940 | Train: Loss=0.0056 Acc=100.0% | Test: Acc=29.2% | Best=29.6%(@5780)
  from x3: 0.30 0.29 0.29 0.29 0.29 0.29 0.29 0.29 0.29 0.29 0.29 0.29 0.29
  per-rule acc: 0.31 0.27
Epoch 5960 | Train: Loss=0.0050 Acc=100.0% | Test: Acc=29.2% | Best=29.6%(@5780)
  from x3: 0.30 0.29 0.29 0.29 0.29 0.29 0.29 0.29 0.29 0.29 0.29 0.29 0.29
  per-rule acc: 0.31 0.27
Epoch 5980 | Train: Loss=0.0119 Acc=100.0% | Test: Acc=27.4% | Best=29.6%(@5780)
  from x3: 0.27 0.28 0.27 0.27 0.27 0.27 0.27 0.28 0.28 0.27 0.27 0.27 0.27
  per-rule acc: 0.29 0.26
Epoch 6000 | Train: Loss=0.0059 Acc=100.0% | Test: Acc=29.5% | Best=29.6%(@5780)
  from x3: 0.30 0.30 0.30 0.29 0.29 0.29 0.29 0.29 0.29 0.29 0.30 0.29 0.29
  per-rule acc: 0.31 0.28
Epoch 6020 | Train: Loss=0.0057 Acc=100.0% | Test: Acc=29.3% | Best=29.6%(@5780)
  from x3: 0.29 0.29 0.29 0.29 0.29 0.29 0.29 0.29 0.29 0.29 0.29 0.29 0.29
  per-rule acc: 0.31 0.27
Epoch 6040 | Train: Loss=0.0052 Acc=100.0% | Test: Acc=29.4% | Best=29.6%(@5780)
  from x3: 0.29 0.30 0.29 0.29 0.29 0.29 0.29 0.29 0.29 0.29 0.30 0.30 0.29
  per-rule acc: 0.32 0.27
Epoch 6060 | Train: Loss=0.0049 Acc=100.0% | Test: Acc=29.3% | Best=29.6%(@5780)
  from x3: 0.29 0.30 0.29 0.29 0.29 0.29 0.29 0.29 0.29 0.29 0.29 0.29 0.29
  per-rule acc: 0.32 0.27
Epoch 6080 | Train: Loss=0.0123 Acc=100.0% | Test: Acc=27.5% | Best=29.6%(@5780)
  from x3: 0.27 0.27 0.27 0.28 0.28 0.28 0.28 0.28 0.28 0.28 0.28 0.27 0.28
  per-rule acc: 0.29 0.26
Epoch 6100 | Train: Loss=0.0054 Acc=100.0% | Test: Acc=29.4% | Best=29.6%(@5780)
  from x3: 0.29 0.30 0.30 0.29 0.29 0.29 0.30 0.29 0.29 0.29 0.29 0.29 0.29
  per-rule acc: 0.32 0.27
Epoch 6120 | Train: Loss=0.0065 Acc=99.9% | Test: Acc=28.9% | Best=29.6%(@5780)
  from x3: 0.29 0.29 0.29 0.29 0.29 0.29 0.29 0.29 0.29 0.29 0.29 0.29 0.29
  per-rule acc: 0.31 0.27
Epoch 6140 | Train: Loss=0.0049 Acc=100.0% | Test: Acc=29.3% | Best=29.6%(@5780)
  from x3: 0.29 0.29 0.29 0.29 0.29 0.29 0.29 0.29 0.29 0.29 0.29 0.29 0.29
  per-rule acc: 0.32 0.27
Epoch 6160 | Train: Loss=0.0132 Acc=100.0% | Test: Acc=27.6% | Best=29.6%(@5780)
  from x3: 0.28 0.28 0.28 0.28 0.28 0.28 0.28 0.28 0.28 0.27 0.27 0.27 0.27
  per-rule acc: 0.30 0.26
Epoch 6180 | Train: Loss=0.0097 Acc=100.0% | Test: Acc=28.1% | Best=29.6%(@5780)
  from x3: 0.28 0.28 0.28 0.28 0.28 0.28 0.28 0.28 0.28 0.28 0.28 0.28 0.28
  per-rule acc: 0.30 0.26
Epoch 6200 | Train: Loss=0.0057 Acc=100.0% | Test: Acc=29.3% | Best=29.6%(@5780)
  from x3: 0.30 0.29 0.29 0.29 0.29 0.29 0.29 0.29 0.29 0.29 0.29 0.29 0.29
  per-rule acc: 0.31 0.27
Epoch 6220 | Train: Loss=0.0055 Acc=100.0% | Test: Acc=29.2% | Best=29.6%(@5780)
  from x3: 0.30 0.29 0.29 0.29 0.29 0.29 0.29 0.29 0.29 0.29 0.29 0.29 0.29
  per-rule acc: 0.32 0.27
Epoch 6240 | Train: Loss=0.0051 Acc=100.0% | Test: Acc=29.4% | Best=29.6%(@5780)
  from x3: 0.29 0.29 0.29 0.29 0.29 0.29 0.29 0.30 0.29 0.29 0.29 0.29 0.29
  per-rule acc: 0.32 0.27
Epoch 6260 | Train: Loss=0.0171 Acc=100.0% | Test: Acc=25.5% | Best=29.6%(@5780)
  from x3: 0.26 0.26 0.25 0.26 0.25 0.25 0.25 0.25 0.25 0.25 0.25 0.25 0.25
  per-rule acc: 0.28 0.23
Epoch 6280 | Train: Loss=0.0103 Acc=100.0% | Test: Acc=27.9% | Best=29.6%(@5780)
  from x3: 0.28 0.28 0.28 0.28 0.28 0.28 0.28 0.28 0.28 0.28 0.28 0.28 0.28
  per-rule acc: 0.31 0.25
Epoch 6300 | Train: Loss=0.0057 Acc=100.0% | Test: Acc=29.7% | Best=29.7%(@6300)
  from x3: 0.30 0.30 0.30 0.30 0.30 0.30 0.30 0.30 0.30 0.30 0.30 0.30 0.30
  per-rule acc: 0.32 0.27
Epoch 6320 | Train: Loss=0.0058 Acc=100.0% | Test: Acc=29.5% | Best=29.7%(@6300)
  from x3: 0.29 0.30 0.30 0.29 0.29 0.30 0.30 0.29 0.30 0.30 0.30 0.30 0.30
  per-rule acc: 0.32 0.27
Epoch 6340 | Train: Loss=0.0052 Acc=100.0% | Test: Acc=29.5% | Best=29.7%(@6300)
  from x3: 0.30 0.29 0.29 0.29 0.29 0.30 0.30 0.30 0.30 0.30 0.29 0.29 0.29
  per-rule acc: 0.32 0.27
Epoch 6360 | Train: Loss=0.0120 Acc=100.0% | Test: Acc=27.6% | Best=29.7%(@6300)
  from x3: 0.28 0.28 0.28 0.28 0.28 0.28 0.28 0.28 0.28 0.27 0.28 0.28 0.28
  per-rule acc: 0.30 0.25
Epoch 6380 | Train: Loss=0.0068 Acc=100.0% | Test: Acc=29.1% | Best=29.7%(@6300)
  from x3: 0.29 0.29 0.29 0.29 0.29 0.29 0.29 0.29 0.29 0.29 0.29 0.29 0.29
  per-rule acc: 0.31 0.27
Epoch 6400 | Train: Loss=0.0054 Acc=100.0% | Test: Acc=29.5% | Best=29.7%(@6300)
  from x3: 0.30 0.30 0.30 0.29 0.29 0.30 0.30 0.30 0.30 0.30 0.30 0.30 0.30
  per-rule acc: 0.32 0.27
Epoch 6420 | Train: Loss=0.0053 Acc=100.0% | Test: Acc=29.3% | Best=29.7%(@6300)
  from x3: 0.29 0.29 0.29 0.29 0.29 0.29 0.29 0.29 0.29 0.29 0.29 0.29 0.29
  per-rule acc: 0.32 0.27
Epoch 6440 | Train: Loss=0.0051 Acc=100.0% | Test: Acc=29.2% | Best=29.7%(@6300)
  from x3: 0.29 0.30 0.29 0.29 0.29 0.29 0.29 0.29 0.29 0.29 0.29 0.29 0.29
  per-rule acc: 0.32 0.26
Epoch 6460 | Train: Loss=0.0046 Acc=100.0% | Test: Acc=29.1% | Best=29.7%(@6300)
  from x3: 0.29 0.29 0.29 0.29 0.29 0.29 0.29 0.29 0.29 0.29 0.29 0.29 0.29
  per-rule acc: 0.32 0.27
Epoch 6480 | Train: Loss=0.0050 Acc=100.0% | Test: Acc=28.9% | Best=29.7%(@6300)
  from x3: 0.29 0.29 0.29 0.29 0.29 0.29 0.29 0.29 0.29 0.29 0.29 0.29 0.29
  per-rule acc: 0.32 0.26
Epoch 6500 | Train: Loss=0.0124 Acc=100.0% | Test: Acc=28.0% | Best=29.7%(@6300)
  from x3: 0.29 0.29 0.28 0.28 0.28 0.28 0.28 0.28 0.28 0.28 0.28 0.28 0.28
  per-rule acc: 0.31 0.25
Epoch 6520 | Train: Loss=0.0055 Acc=100.0% | Test: Acc=29.5% | Best=29.7%(@6300)
  from x3: 0.30 0.30 0.30 0.30 0.29 0.29 0.29 0.29 0.29 0.30 0.29 0.29 0.29
  per-rule acc: 0.32 0.27
Epoch 6540 | Train: Loss=0.0051 Acc=100.0% | Test: Acc=29.4% | Best=29.7%(@6300)
  from x3: 0.29 0.30 0.30 0.29 0.29 0.29 0.29 0.29 0.29 0.29 0.29 0.29 0.29
  per-rule acc: 0.32 0.27
Epoch 6560 | Train: Loss=0.0050 Acc=100.0% | Test: Acc=29.5% | Best=29.7%(@6300)
  from x3: 0.29 0.29 0.30 0.29 0.30 0.30 0.30 0.30 0.30 0.29 0.29 0.29 0.29
  per-rule acc: 0.32 0.27
Epoch 6580 | Train: Loss=0.0091 Acc=100.0% | Test: Acc=28.6% | Best=29.7%(@6300)
  from x3: 0.28 0.29 0.29 0.29 0.29 0.29 0.29 0.29 0.29 0.29 0.29 0.29 0.29
  per-rule acc: 0.31 0.26
Epoch 6600 | Train: Loss=0.0052 Acc=100.0% | Test: Acc=29.6% | Best=29.7%(@6300)
  from x3: 0.29 0.30 0.30 0.30 0.30 0.30 0.30 0.29 0.30 0.30 0.30 0.30 0.30
  per-rule acc: 0.32 0.27
Epoch 6620 | Train: Loss=0.0050 Acc=100.0% | Test: Acc=29.5% | Best=29.7%(@6300)
  from x3: 0.30 0.30 0.30 0.30 0.30 0.30 0.30 0.30 0.30 0.30 0.30 0.29 0.29
  per-rule acc: 0.32 0.27
Epoch 6640 | Train: Loss=0.0054 Acc=100.0% | Test: Acc=29.3% | Best=29.7%(@6300)
  from x3: 0.29 0.30 0.29 0.29 0.29 0.29 0.29 0.29 0.29 0.29 0.29 0.29 0.29
  per-rule acc: 0.32 0.27
Epoch 6660 | Train: Loss=0.0045 Acc=100.0% | Test: Acc=29.4% | Best=29.7%(@6300)
  from x3: 0.30 0.30 0.29 0.29 0.29 0.29 0.29 0.29 0.29 0.29 0.29 0.29 0.29
  per-rule acc: 0.32 0.27
Epoch 6680 | Train: Loss=0.0045 Acc=100.0% | Test: Acc=28.7% | Best=29.7%(@6300)
  from x3: 0.29 0.29 0.29 0.29 0.29 0.29 0.29 0.29 0.29 0.29 0.29 0.29 0.29
  per-rule acc: 0.32 0.26
Epoch 6700 | Train: Loss=0.0126 Acc=100.0% | Test: Acc=26.9% | Best=29.7%(@6300)
  from x3: 0.27 0.27 0.27 0.27 0.27 0.27 0.27 0.27 0.27 0.27 0.27 0.27 0.27
  per-rule acc: 0.29 0.24
Epoch 6720 | Train: Loss=0.0086 Acc=100.0% | Test: Acc=28.8% | Best=29.7%(@6300)
  from x3: 0.29 0.29 0.29 0.29 0.29 0.29 0.29 0.29 0.29 0.29 0.29 0.29 0.29
  per-rule acc: 0.31 0.26
Epoch 6740 | Train: Loss=0.0050 Acc=100.0% | Test: Acc=29.8% | Best=29.8%(@6740)
  from x3: 0.30 0.30 0.30 0.30 0.30 0.30 0.30 0.30 0.30 0.30 0.30 0.30 0.30
  per-rule acc: 0.33 0.27
Epoch 6760 | Train: Loss=0.0054 Acc=100.0% | Test: Acc=29.7% | Best=29.8%(@6740)
  from x3: 0.30 0.30 0.30 0.30 0.30 0.30 0.30 0.30 0.30 0.30 0.30 0.30 0.30
  per-rule acc: 0.32 0.27
Epoch 6780 | Train: Loss=0.0048 Acc=100.0% | Test: Acc=29.7% | Best=29.8%(@6740)
  from x3: 0.30 0.30 0.30 0.30 0.30 0.30 0.30 0.30 0.30 0.30 0.30 0.30 0.30
  per-rule acc: 0.32 0.27
Epoch 6800 | Train: Loss=0.0083 Acc=100.0% | Test: Acc=28.8% | Best=29.8%(@6740)
  from x3: 0.29 0.29 0.29 0.29 0.29 0.29 0.29 0.29 0.29 0.29 0.29 0.29 0.29
  per-rule acc: 0.32 0.26
Epoch 6820 | Train: Loss=0.0053 Acc=100.0% | Test: Acc=29.8% | Best=29.8%(@6820)
  from x3: 0.30 0.30 0.30 0.30 0.30 0.30 0.30 0.30 0.30 0.30 0.30 0.30 0.30
  per-rule acc: 0.33 0.27
Epoch 6840 | Train: Loss=0.0050 Acc=100.0% | Test: Acc=29.9% | Best=29.9%(@6840)
  from x3: 0.30 0.30 0.30 0.30 0.30 0.30 0.30 0.30 0.30 0.30 0.30 0.30 0.30
  per-rule acc: 0.33 0.27
Epoch 6860 | Train: Loss=0.0049 Acc=100.0% | Test: Acc=30.0% | Best=30.0%(@6860)
  from x3: 0.30 0.30 0.30 0.30 0.30 0.30 0.30 0.30 0.30 0.30 0.30 0.30 0.30
  per-rule acc: 0.33 0.27
Epoch 6880 | Train: Loss=0.0046 Acc=100.0% | Test: Acc=29.7% | Best=30.0%(@6860)
  from x3: 0.30 0.30 0.30 0.30 0.30 0.30 0.30 0.30 0.30 0.30 0.30 0.30 0.30
  per-rule acc: 0.32 0.27
Epoch 6900 | Train: Loss=0.0043 Acc=100.0% | Test: Acc=29.6% | Best=30.0%(@6860)
  from x3: 0.30 0.30 0.30 0.30 0.30 0.30 0.30 0.30 0.30 0.30 0.30 0.29 0.29
  per-rule acc: 0.32 0.27
Epoch 6920 | Train: Loss=0.0040 Acc=100.0% | Test: Acc=29.4% | Best=30.0%(@6860)
  from x3: 0.30 0.30 0.30 0.30 0.30 0.29 0.29 0.29 0.29 0.29 0.29 0.29 0.29
  per-rule acc: 0.32 0.27
Epoch 6940 | Train: Loss=0.0074 Acc=100.0% | Test: Acc=29.5% | Best=30.0%(@6860)
  from x3: 0.29 0.30 0.29 0.29 0.29 0.29 0.30 0.30 0.29 0.29 0.29 0.30 0.30
  per-rule acc: 0.32 0.27
Epoch 6960 | Train: Loss=0.0046 Acc=100.0% | Test: Acc=29.9% | Best=30.0%(@6860)
  from x3: 0.30 0.30 0.30 0.30 0.30 0.30 0.30 0.30 0.30 0.30 0.30 0.30 0.30
  per-rule acc: 0.33 0.27
Epoch 6980 | Train: Loss=0.0045 Acc=100.0% | Test: Acc=30.1% | Best=30.1%(@6980)
  from x3: 0.30 0.30 0.30 0.30 0.30 0.30 0.30 0.30 0.30 0.30 0.30 0.30 0.30
  per-rule acc: 0.33 0.27
Epoch 7000 | Train: Loss=0.0046 Acc=100.0% | Test: Acc=29.7% | Best=30.1%(@6980)
  from x3: 0.30 0.30 0.30 0.30 0.30 0.30 0.30 0.30 0.30 0.30 0.30 0.30 0.30
  per-rule acc: 0.33 0.27
Epoch 7020 | Train: Loss=0.0042 Acc=100.0% | Test: Acc=30.0% | Best=30.1%(@6980)
  from x3: 0.30 0.30 0.30 0.30 0.30 0.30 0.30 0.30 0.30 0.30 0.30 0.30 0.30
  per-rule acc: 0.33 0.27
Epoch 7040 | Train: Loss=0.0040 Acc=100.0% | Test: Acc=29.9% | Best=30.1%(@6980)
  from x3: 0.30 0.30 0.30 0.30 0.30 0.30 0.30 0.30 0.30 0.30 0.30 0.30 0.30
  per-rule acc: 0.33 0.27
Epoch 7060 | Train: Loss=0.0038 Acc=100.0% | Test: Acc=29.7% | Best=30.1%(@6980)
  from x3: 0.30 0.30 0.30 0.30 0.30 0.30 0.30 0.30 0.30 0.30 0.30 0.30 0.30
  per-rule acc: 0.32 0.27
Epoch 7080 | Train: Loss=0.0134 Acc=99.9% | Test: Acc=27.6% | Best=30.1%(@6980)
  from x3: 0.28 0.28 0.28 0.28 0.28 0.28 0.28 0.28 0.28 0.28 0.28 0.28 0.28
  per-rule acc: 0.31 0.24
Epoch 7100 | Train: Loss=0.0072 Acc=99.9% | Test: Acc=28.9% | Best=30.1%(@6980)
  from x3: 0.29 0.29 0.29 0.29 0.29 0.29 0.29 0.29 0.29 0.29 0.29 0.29 0.29
  per-rule acc: 0.31 0.26
Epoch 7120 | Train: Loss=0.0080 Acc=99.9% | Test: Acc=29.4% | Best=30.1%(@6980)
  from x3: 0.29 0.30 0.30 0.30 0.29 0.30 0.30 0.29 0.29 0.29 0.29 0.29 0.29
  per-rule acc: 0.32 0.27
Epoch 7140 | Train: Loss=0.0045 Acc=100.0% | Test: Acc=30.4% | Best=30.4%(@7140)
  from x3: 0.30 0.31 0.31 0.30 0.30 0.30 0.30 0.30 0.30 0.30 0.30 0.30 0.30
  per-rule acc: 0.33 0.27
Epoch 7160 | Train: Loss=0.0045 Acc=100.0% | Test: Acc=30.2% | Best=30.4%(@7140)
  from x3: 0.30 0.30 0.30 0.30 0.30 0.30 0.30 0.30 0.30 0.30 0.30 0.30 0.30
  per-rule acc: 0.33 0.27
Epoch 7180 | Train: Loss=0.0043 Acc=100.0% | Test: Acc=30.1% | Best=30.4%(@7140)
  from x3: 0.30 0.30 0.30 0.30 0.30 0.30 0.30 0.30 0.30 0.30 0.30 0.30 0.30
  per-rule acc: 0.33 0.27
Epoch 7200 | Train: Loss=0.0041 Acc=100.0% | Test: Acc=29.9% | Best=30.4%(@7140)
  from x3: 0.30 0.30 0.30 0.30 0.30 0.30 0.30 0.30 0.30 0.30 0.30 0.30 0.30
  per-rule acc: 0.33 0.27
Epoch 7220 | Train: Loss=0.0039 Acc=100.0% | Test: Acc=29.8% | Best=30.4%(@7140)
  from x3: 0.30 0.30 0.30 0.30 0.30 0.30 0.30 0.30 0.30 0.30 0.30 0.30 0.30
  per-rule acc: 0.33 0.27
Epoch 7240 | Train: Loss=0.0037 Acc=100.0% | Test: Acc=29.8% | Best=30.4%(@7140)
  from x3: 0.30 0.30 0.30 0.30 0.30 0.30 0.30 0.30 0.30 0.30 0.30 0.30 0.30
  per-rule acc: 0.33 0.27
Epoch 7260 | Train: Loss=0.0099 Acc=100.0% | Test: Acc=27.4% | Best=30.4%(@7140)
  from x3: 0.27 0.28 0.27 0.27 0.27 0.27 0.27 0.27 0.27 0.27 0.27 0.27 0.27
  per-rule acc: 0.31 0.24
Epoch 7280 | Train: Loss=0.0041 Acc=100.0% | Test: Acc=30.2% | Best=30.4%(@7140)
  from x3: 0.30 0.31 0.30 0.30 0.30 0.30 0.30 0.30 0.30 0.30 0.30 0.30 0.30
  per-rule acc: 0.33 0.27
Epoch 7300 | Train: Loss=0.0041 Acc=100.0% | Test: Acc=30.4% | Best=30.4%(@7300)
  from x3: 0.30 0.31 0.31 0.30 0.30 0.30 0.30 0.31 0.30 0.30 0.30 0.30 0.30
  per-rule acc: 0.34 0.27
Epoch 7320 | Train: Loss=0.0041 Acc=100.0% | Test: Acc=30.3% | Best=30.4%(@7300)
  from x3: 0.30 0.30 0.30 0.30 0.30 0.30 0.30 0.30 0.30 0.30 0.30 0.30 0.30
  per-rule acc: 0.33 0.27
Epoch 7340 | Train: Loss=0.0039 Acc=100.0% | Test: Acc=30.2% | Best=30.4%(@7300)
  from x3: 0.30 0.30 0.30 0.30 0.30 0.30 0.30 0.30 0.30 0.30 0.30 0.30 0.30
  per-rule acc: 0.33 0.27
Epoch 7360 | Train: Loss=0.0038 Acc=100.0% | Test: Acc=30.1% | Best=30.4%(@7300)
  from x3: 0.30 0.30 0.30 0.30 0.30 0.30 0.30 0.30 0.30 0.30 0.30 0.30 0.30
  per-rule acc: 0.33 0.27
Epoch 7380 | Train: Loss=0.0036 Acc=100.0% | Test: Acc=29.9% | Best=30.4%(@7300)
  from x3: 0.30 0.30 0.30 0.30 0.30 0.30 0.30 0.30 0.30 0.30 0.30 0.30 0.30
  per-rule acc: 0.33 0.27
Epoch 7400 | Train: Loss=0.0034 Acc=100.0% | Test: Acc=29.8% | Best=30.4%(@7300)
  from x3: 0.30 0.30 0.30 0.30 0.30 0.30 0.30 0.30 0.30 0.30 0.30 0.30 0.30
  per-rule acc: 0.33 0.27
Epoch 7420 | Train: Loss=0.0032 Acc=100.0% | Test: Acc=29.7% | Best=30.4%(@7300)
  from x3: 0.30 0.30 0.30 0.30 0.30 0.30 0.30 0.30 0.30 0.30 0.30 0.30 0.30
  per-rule acc: 0.33 0.27
Epoch 7440 | Train: Loss=0.0031 Acc=100.0% | Test: Acc=29.5% | Best=30.4%(@7300)
  from x3: 0.30 0.30 0.30 0.29 0.30 0.30 0.30 0.30 0.30 0.30 0.29 0.30 0.29
  per-rule acc: 0.33 0.27
Epoch 7460 | Train: Loss=0.0030 Acc=100.0% | Test: Acc=29.5% | Best=30.4%(@7300)
  from x3: 0.30 0.30 0.29 0.29 0.29 0.29 0.29 0.29 0.29 0.29 0.29 0.29 0.29
  per-rule acc: 0.33 0.26
Epoch 7480 | Train: Loss=0.0028 Acc=100.0% | Test: Acc=29.4% | Best=30.4%(@7300)
  from x3: 0.30 0.29 0.29 0.29 0.29 0.29 0.29 0.29 0.29 0.29 0.29 0.29 0.29
  per-rule acc: 0.32 0.26
Epoch 7500 | Train: Loss=0.0027 Acc=100.0% | Test: Acc=29.2% | Best=30.4%(@7300)
  from x3: 0.29 0.29 0.29 0.29 0.29 0.29 0.29 0.29 0.29 0.29 0.29 0.29 0.29
  per-rule acc: 0.32 0.26
Epoch 7520 | Train: Loss=0.0026 Acc=100.0% | Test: Acc=29.1% | Best=30.4%(@7300)
  from x3: 0.29 0.29 0.29 0.29 0.29 0.29 0.29 0.29 0.29 0.29 0.29 0.29 0.29
  per-rule acc: 0.32 0.26
Epoch 7540 | Train: Loss=0.0026 Acc=100.0% | Test: Acc=29.0% | Best=30.4%(@7300)
  from x3: 0.29 0.29 0.29 0.29 0.29 0.29 0.29 0.29 0.29 0.29 0.29 0.29 0.29
  per-rule acc: 0.32 0.26
Epoch 7560 | Train: Loss=0.0025 Acc=100.0% | Test: Acc=29.0% | Best=30.4%(@7300)
  from x3: 0.29 0.29 0.29 0.29 0.29 0.29 0.29 0.29 0.29 0.29 0.29 0.29 0.29
  per-rule acc: 0.32 0.26
Epoch 7580 | Train: Loss=0.0024 Acc=100.0% | Test: Acc=28.8% | Best=30.4%(@7300)
  from x3: 0.29 0.29 0.29 0.29 0.29 0.29 0.29 0.29 0.29 0.29 0.29 0.29 0.29
  per-rule acc: 0.32 0.26
Epoch 7600 | Train: Loss=0.0023 Acc=100.0% | Test: Acc=28.7% | Best=30.4%(@7300)
  from x3: 0.29 0.29 0.29 0.29 0.29 0.29 0.29 0.29 0.29 0.29 0.29 0.29 0.29
  per-rule acc: 0.32 0.25
Epoch 7620 | Train: Loss=0.0023 Acc=100.0% | Test: Acc=28.5% | Best=30.4%(@7300)
  from x3: 0.29 0.29 0.29 0.28 0.29 0.29 0.29 0.29 0.29 0.29 0.29 0.29 0.28
  per-rule acc: 0.32 0.25
Epoch 7640 | Train: Loss=0.0022 Acc=100.0% | Test: Acc=28.4% | Best=30.4%(@7300)
  from x3: 0.28 0.29 0.28 0.28 0.28 0.28 0.28 0.28 0.28 0.28 0.28 0.28 0.28
  per-rule acc: 0.32 0.25
Epoch 7660 | Train: Loss=0.0022 Acc=100.0% | Test: Acc=28.2% | Best=30.4%(@7300)
  from x3: 0.28 0.29 0.28 0.28 0.28 0.28 0.28 0.28 0.28 0.28 0.28 0.28 0.28
  per-rule acc: 0.32 0.25
Epoch 7680 | Train: Loss=0.0022 Acc=100.0% | Test: Acc=28.1% | Best=30.4%(@7300)
  from x3: 0.28 0.28 0.28 0.28 0.28 0.28 0.28 0.28 0.28 0.28 0.28 0.28 0.28
  per-rule acc: 0.32 0.25
Epoch 7700 | Train: Loss=0.0021 Acc=100.0% | Test: Acc=28.0% | Best=30.4%(@7300)
  from x3: 0.28 0.28 0.28 0.28 0.28 0.28 0.28 0.28 0.28 0.28 0.28 0.28 0.28
  per-rule acc: 0.31 0.25
Epoch 7720 | Train: Loss=0.0021 Acc=100.0% | Test: Acc=27.9% | Best=30.4%(@7300)
  from x3: 0.28 0.28 0.28 0.28 0.28 0.28 0.28 0.28 0.28 0.28 0.28 0.28 0.28
  per-rule acc: 0.31 0.25
Epoch 7740 | Train: Loss=0.0020 Acc=100.0% | Test: Acc=27.9% | Best=30.4%(@7300)
  from x3: 0.28 0.28 0.28 0.28 0.28 0.28 0.28 0.28 0.28 0.28 0.28 0.28 0.28
  per-rule acc: 0.31 0.24
Epoch 7760 | Train: Loss=0.0020 Acc=100.0% | Test: Acc=27.8% | Best=30.4%(@7300)
  from x3: 0.28 0.28 0.28 0.28 0.28 0.28 0.28 0.28 0.28 0.28 0.28 0.28 0.28
  per-rule acc: 0.31 0.24
Epoch 7780 | Train: Loss=0.0020 Acc=100.0% | Test: Acc=27.8% | Best=30.4%(@7300)
  from x3: 0.28 0.28 0.28 0.28 0.28 0.28 0.28 0.28 0.28 0.28 0.28 0.28 0.28
  per-rule acc: 0.31 0.24
Epoch 7800 | Train: Loss=0.0020 Acc=100.0% | Test: Acc=27.7% | Best=30.4%(@7300)
  from x3: 0.28 0.28 0.28 0.28 0.28 0.28 0.28 0.28 0.28 0.28 0.28 0.28 0.28
  per-rule acc: 0.31 0.24
Epoch 7820 | Train: Loss=0.0019 Acc=100.0% | Test: Acc=27.8% | Best=30.4%(@7300)
  from x3: 0.28 0.28 0.28 0.28 0.28 0.28 0.28 0.28 0.28 0.28 0.28 0.28 0.28
  per-rule acc: 0.31 0.24
Epoch 7840 | Train: Loss=0.0019 Acc=100.0% | Test: Acc=27.7% | Best=30.4%(@7300)
  from x3: 0.27 0.28 0.28 0.28 0.28 0.28 0.28 0.28 0.28 0.28 0.28 0.28 0.28
  per-rule acc: 0.31 0.24
Epoch 7860 | Train: Loss=0.0019 Acc=100.0% | Test: Acc=27.7% | Best=30.4%(@7300)
  from x3: 0.27 0.28 0.28 0.28 0.28 0.28 0.28 0.28 0.28 0.28 0.28 0.28 0.28
  per-rule acc: 0.31 0.24
Epoch 7880 | Train: Loss=0.0019 Acc=100.0% | Test: Acc=27.7% | Best=30.4%(@7300)
  from x3: 0.27 0.28 0.27 0.28 0.28 0.28 0.28 0.28 0.28 0.28 0.28 0.28 0.28
  per-rule acc: 0.31 0.24
Epoch 7900 | Train: Loss=0.0019 Acc=100.0% | Test: Acc=27.7% | Best=30.4%(@7300)
  from x3: 0.27 0.28 0.28 0.28 0.28 0.28 0.28 0.28 0.28 0.28 0.28 0.28 0.28
  per-rule acc: 0.31 0.24
Epoch 7920 | Train: Loss=0.0018 Acc=100.0% | Test: Acc=27.7% | Best=30.4%(@7300)
  from x3: 0.27 0.28 0.28 0.28 0.28 0.28 0.28 0.28 0.28 0.28 0.28 0.28 0.28
  per-rule acc: 0.31 0.24
Epoch 7940 | Train: Loss=0.0018 Acc=100.0% | Test: Acc=27.8% | Best=30.4%(@7300)
  from x3: 0.27 0.28 0.28 0.28 0.28 0.28 0.28 0.28 0.28 0.28 0.28 0.28 0.28
  per-rule acc: 0.31 0.24
Epoch 7960 | Train: Loss=0.0018 Acc=100.0% | Test: Acc=27.7% | Best=30.4%(@7300)
  from x3: 0.27 0.28 0.28 0.28 0.28 0.28 0.28 0.28 0.28 0.28 0.28 0.28 0.28
  per-rule acc: 0.31 0.24
Epoch 7980 | Train: Loss=0.0018 Acc=100.0% | Test: Acc=27.8% | Best=30.4%(@7300)
  from x3: 0.27 0.28 0.28 0.28 0.28 0.28 0.28 0.28 0.28 0.28 0.28 0.28 0.28
  per-rule acc: 0.31 0.24
Epoch 8000 | Train: Loss=0.0018 Acc=100.0% | Test: Acc=27.8% | Best=30.4%(@7300)
  from x3: 0.27 0.28 0.28 0.28 0.28 0.28 0.28 0.28 0.28 0.28 0.28 0.28 0.28
  per-rule acc: 0.31 0.24
Epoch 8020 | Train: Loss=0.0018 Acc=100.0% | Test: Acc=27.7% | Best=30.4%(@7300)
  from x3: 0.27 0.28 0.28 0.28 0.28 0.28 0.28 0.28 0.28 0.28 0.28 0.28 0.28
  per-rule acc: 0.31 0.24
Epoch 8040 | Train: Loss=0.0018 Acc=100.0% | Test: Acc=27.7% | Best=30.4%(@7300)
  from x3: 0.27 0.28 0.28 0.28 0.28 0.28 0.28 0.28 0.28 0.28 0.28 0.28 0.28
  per-rule acc: 0.31 0.24
Epoch 8060 | Train: Loss=0.0018 Acc=100.0% | Test: Acc=27.7% | Best=30.4%(@7300)
  from x3: 0.27 0.28 0.28 0.28 0.28 0.28 0.28 0.28 0.28 0.28 0.28 0.28 0.28
  per-rule acc: 0.31 0.24
Epoch 8080 | Train: Loss=0.0017 Acc=100.0% | Test: Acc=27.7% | Best=30.4%(@7300)
  from x3: 0.27 0.28 0.28 0.28 0.28 0.28 0.28 0.28 0.28 0.28 0.28 0.28 0.28
  per-rule acc: 0.31 0.24
Epoch 8100 | Train: Loss=0.0017 Acc=100.0% | Test: Acc=27.7% | Best=30.4%(@7300)
  from x3: 0.27 0.28 0.28 0.28 0.28 0.28 0.28 0.28 0.28 0.28 0.28 0.28 0.28
  per-rule acc: 0.31 0.24
Epoch 8120 | Train: Loss=0.0017 Acc=100.0% | Test: Acc=27.7% | Best=30.4%(@7300)
  from x3: 0.27 0.28 0.28 0.28 0.28 0.28 0.28 0.28 0.28 0.28 0.28 0.28 0.28
  per-rule acc: 0.31 0.24
Epoch 8140 | Train: Loss=0.0017 Acc=100.0% | Test: Acc=27.6% | Best=30.4%(@7300)
  from x3: 0.27 0.28 0.28 0.28 0.28 0.28 0.28 0.28 0.28 0.28 0.28 0.28 0.28
  per-rule acc: 0.31 0.24
Epoch 8160 | Train: Loss=0.0017 Acc=100.0% | Test: Acc=27.6% | Best=30.4%(@7300)
  from x3: 0.27 0.28 0.28 0.28 0.28 0.28 0.28 0.28 0.28 0.28 0.28 0.28 0.28
  per-rule acc: 0.31 0.24
Epoch 8180 | Train: Loss=0.0017 Acc=100.0% | Test: Acc=27.6% | Best=30.4%(@7300)
  from x3: 0.27 0.28 0.28 0.28 0.28 0.28 0.28 0.28 0.28 0.28 0.28 0.28 0.28
  per-rule acc: 0.31 0.24
Epoch 8200 | Train: Loss=0.0017 Acc=100.0% | Test: Acc=27.6% | Best=30.4%(@7300)
  from x3: 0.27 0.28 0.28 0.28 0.28 0.28 0.28 0.28 0.28 0.28 0.28 0.28 0.28
  per-rule acc: 0.31 0.24
Epoch 8220 | Train: Loss=0.0017 Acc=100.0% | Test: Acc=27.5% | Best=30.4%(@7300)
  from x3: 0.27 0.28 0.28 0.28 0.28 0.28 0.28 0.28 0.28 0.28 0.28 0.28 0.28
  per-rule acc: 0.31 0.24
Epoch 8240 | Train: Loss=0.0017 Acc=100.0% | Test: Acc=27.5% | Best=30.4%(@7300)
  from x3: 0.27 0.28 0.28 0.28 0.28 0.28 0.28 0.28 0.28 0.28 0.28 0.28 0.28
  per-rule acc: 0.31 0.24
Epoch 8260 | Train: Loss=0.0017 Acc=100.0% | Test: Acc=27.5% | Best=30.4%(@7300)
  from x3: 0.27 0.27 0.28 0.28 0.28 0.28 0.28 0.28 0.28 0.28 0.28 0.28 0.28
  per-rule acc: 0.31 0.24
Epoch 8280 | Train: Loss=0.0017 Acc=100.0% | Test: Acc=27.5% | Best=30.4%(@7300)
  from x3: 0.27 0.27 0.28 0.28 0.28 0.28 0.28 0.28 0.28 0.28 0.28 0.28 0.28
  per-rule acc: 0.31 0.24
Epoch 8300 | Train: Loss=0.0017 Acc=100.0% | Test: Acc=27.5% | Best=30.4%(@7300)
  from x3: 0.27 0.27 0.28 0.28 0.28 0.28 0.28 0.28 0.28 0.28 0.28 0.28 0.28
  per-rule acc: 0.31 0.24
[Early stop] No improvement for 1000 consecutive epochs

==================================================
Saving model...
[OK] Model saved to: /home/cxm/ai/test0627-multitask-overlap/models/mixed_cond_d128l1_r8_n2_e50_overlap80.pth
  File size: 1396.8 KB
  Best test accuracy: 30.42%

==================================================
Final generation test (given first two items, AB generates 3rd as prompt, validate from 4th)
==================================================

--- AB pair 1: (1, 1) ---

--- Statistics for AB=(1,1) ---
Exposed    samples:  1404 | In-dist: 18252/18252 (100.0%) | OOD: 22464/22464 (100.0%)
Unexposed  samples:  1405 | In-dist: 13402/18265 ( 73.4%) | OOD: 21905/22480 ( 97.4%)

--- AB pair 2: (1, 2) ---

--- Statistics for AB=(1,2) ---
Exposed    samples:  1404 | In-dist: 18198/18252 ( 99.7%) | OOD: 22460/22464 (100.0%)
Unexposed  samples:  1405 | In-dist: 12820/18265 ( 70.2%) | OOD: 22024/22480 ( 98.0%)

--- Return code: 0 ---

======================================================================
Attention Analysis
======================================================================
Model config: addition (default), p=53
Best test accuracy: 0.3042430878729811
Training epochs: 8300

Random test sequence 1/5 (length 32): [9, 1, 10, 11, 21, 32, 0, 32, 32, 11, 43, 1, 44, 45, 36, 28, 11, 39, 50, 36]...

======================================================================
Attention Layer Training Result Summary
======================================================================
Input sequence: [9, 1, 10, 11, 21, 32, 0, 32, 32, 11, 43, 1, 44, 45, 36, 28, 11, 39, 50, 36, 33, 16, 49, 12, 8, 20, 28, 48, 23, 18, 41, 6]

--- Layer 0 ---
  Head 0: Entropy=0.985
    Attention coefficients from each query position to previous positions:
      i= 0 -> j=0:1.000
      i= 1 -> j=0:0.256, j=1:0.744
      i= 2 -> j=0:0.039, j=1:0.088, j=2:0.873
      i= 3 -> j=0:0.094, j=1:0.142, j=2:0.327, j=3:0.437
      i= 4 -> j=0:0.002, j=1:0.012, j=2:0.050, j=3:0.098, j=4:0.837
      i= 5 -> j=0:0.005, j=1:0.023, j=2:0.034, j=3:0.077, j=4:0.217, j=5:0.643
      i= 6 -> j=0:0.001, j=1:0.004, j=2:0.009, j=3:0.025, j=4:0.069, j=5:0.166, j=6:0.726
      i= 7 -> j=0:0.001, j=1:0.005, j=2:0.003, j=3:0.017, j=4:0.030, j=5:0.138, j=6:0.202, j=7:0.604
      i= 8 -> j=0:0.001, j=1:0.003, j=2:0.001, j=3:0.007, j=4:0.011, j=5:0.068, j=6:0.068, j=7:0.265, j=8:0.576
      i= 9 -> j=0:0.003, j=1:0.005, j=2:0.002, j=3:0.012, j=4:0.017, j=5:0.066, j=6:0.096, j=7:0.164, j=8:0.223, j=9:0.411
      i=10 -> j=0:0.000, j=1:0.000, j=2:0.000, j=3:0.000, j=4:0.000, j=5:0.001, j=6:0.002, j=7:0.010, j=8:0.023, j=9:0.043, j=10:0.920
      i=11 -> j=0:0.000, j=1:0.001, j=2:0.000, j=3:0.000, j=4:0.000, j=5:0.002, j=6:0.002, j=7:0.014, j=8:0.033, j=9:0.045, j=10:0.276, j=11:0.627
      i=12 -> j=0:0.004, j=1:0.008, j=2:0.003, j=3:0.008, j=4:0.004, j=5:0.016, j=6:0.010, j=7:0.039, j=8:0.072, j=9:0.086, j=10:0.158, j=11:0.200, j=12:0.392
      i=13 -> j=0:0.000, j=1:0.000, j=2:0.000, j=3:0.001, j=4:0.000, j=5:0.001, j=6:0.000, j=7:0.002, j=8:0.005, j=9:0.010, j=10:0.023, j=11:0.052, j=12:0.089, j=13:0.815
      i=14 -> j=0:0.000, j=1:0.001, j=2:0.000, j=3:0.001, j=4:0.000, j=5:0.003, j=6:0.000, j=7:0.003, j=8:0.005, j=9:0.005, j=10:0.009, j=11:0.033, j=12:0.077, j=13:0.237, j=14:0.625
      i=15 -> j=0:0.000, j=1:0.000, j=2:0.000, j=3:0.000, j=4:0.000, j=5:0.001, j=6:0.000, j=7:0.001, j=8:0.001, j=9:0.001, j=10:0.001, j=11:0.010, j=12:0.033, j=13:0.076, j=14:0.123, j=15:0.752
      i=16 -> j=0:0.005, j=1:0.006, j=2:0.001, j=3:0.005, j=4:0.003, j=5:0.010, j=6:0.005, j=7:0.012, j=8:0.010, j=9:0.006, j=10:0.005, j=11:0.025, j=12:0.091, j=13:0.099, j=14:0.126, j=15:0.189, j=16:0.402
      i=17 -> j=0:0.001, j=1:0.002, j=2:0.000, j=3:0.001, j=4:0.000, j=5:0.001, j=6:0.001, j=7:0.002, j=8:0.002, j=9:0.001, j=10:0.000, j=11:0.002, j=12:0.008, j=13:0.008, j=14:0.037, j=15:0.050, j=16:0.115, j=17:0.768
      i=18 -> j=0:0.002, j=1:0.004, j=2:0.001, j=3:0.002, j=4:0.001, j=5:0.003, j=6:0.001, j=7:0.004, j=8:0.004, j=9:0.002, j=10:0.000, j=11:0.002, j=12:0.007, j=13:0.005, j=14:0.028, j=15:0.034, j=16:0.088, j=17:0.174, j=18:0.638
      i=19 -> j=0:0.001, j=1:0.002, j=2:0.001, j=3:0.002, j=4:0.000, j=5:0.002, j=6:0.000, j=7:0.002, j=8:0.003, j=9:0.001, j=10:0.000, j=11:0.001, j=12:0.002, j=13:0.001, j=14:0.008, j=15:0.006, j=16:0.027, j=17:0.045, j=18:0.238, j=19:0.657
      i=20 -> j=0:0.001, j=1:0.002, j=2:0.001, j=3:0.003, j=4:0.001, j=5:0.003, j=6:0.001, j=7:0.002, j=8:0.002, j=9:0.002, j=10:0.001, j=11:0.002, j=12:0.002, j=13:0.001, j=14:0.004, j=15:0.005, j=16:0.025, j=17:0.026, j=18:0.091, j=19:0.123, j=20:0.705
      i=21 -> j=0:0.001, j=1:0.002, j=2:0.001, j=3:0.002, j=4:0.001, j=5:0.005, j=6:0.001, j=7:0.002, j=8:0.002, j=9:0.001, j=10:0.000, j=11:0.002, j=12:0.002, j=13:0.000, j=14:0.001, j=15:0.001, j=16:0.005, j=17:0.006, j=18:0.028, j=19:0.061, j=20:0.201, j=21:0.672
      i=22 -> j=0:0.000, j=1:0.000, j=2:0.000, j=3:0.000, j=4:0.000, j=5:0.000, j=6:0.000, j=7:0.000, j=8:0.000, j=9:0.000, j=10:0.000, j=11:0.000, j=12:0.000, j=13:0.000, j=14:0.000, j=15:0.000, j=16:0.000, j=17:0.000, j=18:0.000, j=19:0.000, j=20:0.001, j=21:0.007, j=22:0.992
      i=23 -> j=0:0.007, j=1:0.010, j=2:0.003, j=3:0.006, j=4:0.003, j=5:0.010, j=6:0.005, j=7:0.011, j=8:0.009, j=9:0.004, j=10:0.001, j=11:0.004, j=12:0.007, j=13:0.002, j=14:0.005, j=15:0.002, j=16:0.005, j=17:0.006, j=18:0.013, j=19:0.039, j=20:0.044, j=21:0.105, j=22:0.388, j=23:0.312
      i=24 -> j=0:0.002, j=1:0.004, j=2:0.001, j=3:0.002, j=4:0.001, j=5:0.003, j=6:0.001, j=7:0.004, j=8:0.003, j=9:0.001, j=10:0.000, j=11:0.001, j=12:0.002, j=13:0.000, j=14:0.002, j=15:0.000, j=16:0.001, j=17:0.000, j=18:0.002, j=19:0.009, j=20:0.013, j=21:0.035, j=22:0.127, j=23:0.096, j=24:0.689
      i=25 -> j=0:0.000, j=1:0.001, j=2:0.000, j=3:0.001, j=4:0.000, j=5:0.001, j=6:0.000, j=7:0.001, j=8:0.001, j=9:0.000, j=10:0.000, j=11:0.000, j=12:0.001, j=13:0.000, j=14:0.001, j=15:0.000, j=16:0.000, j=17:0.000, j=18:0.000, j=19:0.001, j=20:0.002, j=21:0.007, j=22:0.014, j=23:0.023, j=24:0.073, j=25:0.869
      i=26 -> j=0:0.001, j=1:0.001, j=2:0.001, j=3:0.002, j=4:0.001, j=5:0.002, j=6:0.000, j=7:0.001, j=8:0.001, j=9:0.001, j=10:0.000, j=11:0.000, j=12:0.001, j=13:0.000, j=14:0.000, j=15:0.000, j=16:0.000, j=17:0.000, j=18:0.000, j=19:0.000, j=20:0.001, j=21:0.002, j=22:0.003, j=23:0.019, j=24:0.029, j=25:0.167, j=26:0.766
      i=27 -> j=0:0.001, j=1:0.001, j=2:0.000, j=3:0.002, j=4:0.001, j=5:0.002, j=6:0.000, j=7:0.001, j=8:0.001, j=9:0.001, j=10:0.000, j=11:0.001, j=12:0.001, j=13:0.000, j=14:0.000, j=15:0.000, j=16:0.001, j=17:0.000, j=18:0.000, j=19:0.000, j=20:0.000, j=21:0.001, j=22:0.001, j=23:0.011, j=24:0.010, j=25:0.044, j=26:0.130, j=27:0.788
      i=28 -> j=0:0.000, j=1:0.000, j=2:0.000, j=3:0.000, j=4:0.000, j=5:0.001, j=6:0.000, j=7:0.000, j=8:0.000, j=9:0.000, j=10:0.000, j=11:0.000, j=12:0.000, j=13:0.000, j=14:0.000, j=15:0.000, j=16:0.000, j=17:0.000, j=18:0.000, j=19:0.000, j=20:0.000, j=21:0.000, j=22:0.000, j=23:0.000, j=24:0.000, j=25:0.002, j=26:0.010, j=27:0.071, j=28:0.914
      i=29 -> j=0:0.007, j=1:0.010, j=2:0.003, j=3:0.005, j=4:0.003, j=5:0.009, j=6:0.005, j=7:0.010, j=8:0.008, j=9:0.003, j=10:0.001, j=11:0.004, j=12:0.006, j=13:0.001, j=14:0.003, j=15:0.001, j=16:0.002, j=17:0.001, j=18:0.002, j=19:0.003, j=20:0.001, j=21:0.002, j=22:0.000, j=23:0.005, j=24:0.004, j=25:0.015, j=26:0.039, j=27:0.075, j=28:0.183, j=29:0.589
      i=30 -> j=0:0.010, j=1:0.014, j=2:0.006, j=3:0.008, j=4:0.004, j=5:0.010, j=6:0.008, j=7:0.013, j=8:0.011, j=9:0.006, j=10:0.002, j=11:0.004, j=12:0.009, j=13:0.003, j=14:0.007, j=15:0.002, j=16:0.003, j=17:0.001, j=18:0.003, j=19:0.006, j=20:0.003, j=21:0.003, j=22:0.000, j=23:0.004, j=24:0.003, j=25:0.007, j=26:0.019, j=27:0.033, j=28:0.062, j=29:0.156, j=30:0.581
      i=31 -> j=0:0.004, j=1:0.008, j=2:0.004, j=3:0.006, j=4:0.003, j=5:0.006, j=6:0.002, j=7:0.006, j=8:0.007, j=9:0.004, j=10:0.001, j=11:0.002, j=12:0.003, j=13:0.001, j=14:0.003, j=15:0.001, j=16:0.001, j=17:0.000, j=18:0.001, j=19:0.001, j=20:0.001, j=21:0.002, j=22:0.000, j=23:0.001, j=24:0.000, j=25:0.001, j=26:0.003, j=27:0.010, j=28:0.022, j=29:0.060, j=30:0.085, j=31:0.752
    Average attention per distance:
      d=0:0.690, d=1:0.168, d=2:0.073, d=3:0.036, d=4:0.019


======================================================================
QK Property Verification (Raw Scores, before Softmax)
======================================================================
Recurrence order init_len=2, num test sequences=1

--- [P1] Long-distance Orthogonality Verification ---
Ideal: raw_score mean ≈ 0 and small std when d > init_len

  Layer 0, Head 0:
    d= 1 (effective): mean=  1.922, std= 0.549, n=31
    d= 2 (effective): mean=  1.003, std= 0.449, n=30
    d>2 (long-distance): mean= -2.717, std= 1.511, n=435

--- [P2] Time-homogeneous Verification ---
Ideal: CV of raw_score across positions i ≈ 0 for fixed distance d
(CV = std / |mean|, smaller = more constant)

  Layer 0, Head 0:
    d= 1: mean=  1.922, std= 0.549, CV=0.286, n=31
    d= 2: mean=  1.003, std= 0.449, CV=0.447, n=30

======================================================================
QK Property Verification Completed
======================================================================
