=== Experiment: mixed_cond_d128l1_r16_n3_e50 ===
Time: 2026-06-26T21:53:14.105011
Task type: mixed_ab
Merged config: {
  "P": 53,
  "TASK": "mixed_ab",
  "NUM_MASK": 0,
  "A": 1,
  "B": 1,
  "AB_PAIRS": [
    [
      1,
      1
    ],
    [
      1,
      2
    ],
    [
      1,
      3
    ]
  ],
  "D_MODEL": 128,
  "N_HEAD": 1,
  "N_LAYER": 1,
  "BATCH_SIZE": 128,
  "EPOCHS": 10000,
  "LR": 0.0003,
  "SAVE_PATH": "models/mixed_cond_d128l1_r16_n3_e50.pth",
  "USE_GREEDY_GENERATE": true,
  "USE_LEARNABLE_PE": false,
  "MLP_RATIO": 16,
  "TRAIN_LEN": 16,
  "OOD_LEN": 32,
  "DROPOUT": 0.0,
  "TARGET_INIT_COVERAGE": 0.5,
  "MAX_UNIQUE_RATIO": 0.5,
  "WEIGHT_DECAY": 1,
  "ENTROPY_PENALTY_WEIGHT": 0.0,
  "FIRST_TASK_WEIGHT": 1.0,
  "RANDOM_SEED": 42,
  "EVAL_INTERVAL": 20,
  "EARLY_STOP_NO_IMPROVE": 1000,
  "EARLY_STOP_ACCURACY": 0.99,
  "USE_AB_TAG": false,
  "USE_CONDITIONAL_WTE": true,
  "COND_WTE_SHARED_RATIO": 0.0,
  "MIXED_AB_MAX_UNIQUE_RATIOS": [
    0.5,
    0.5,
    0.5
  ],
  "SKIP_FINAL_GENERATION_TEST": true
}
--- output ---
Using device: cuda

[Dataset] Mixed mode: generated 4212 + 4215 samples, length 16
AB parameter pairs: [(1, 1), (1, 2), (1, 3)]
  - AB=(1,1): train 1404 | test 1405 | exposed ~50.0%
  - AB=(1,2): train 1404 | test 1405 | exposed ~50.0%
  - AB=(1,3): train 1404 | test 1405 | exposed ~50.0%
--------------------------------------------------
[Model config] block_size: 32, train length: 16
[Number theory] AB parameter pairs: [(1, 1), (1, 2), (1, 3)]


Model parameters: 0.63M

Start training...
Epoch   0 | Train: Loss=4.3333 Acc=4.2% | Test: Acc=0.1% | Best=0.1%(@0)
  from x3: 0.00 0.00 0.00 0.00 0.00 0.00 0.00 0.00 0.00 0.00 0.00 0.00 0.00
  per-rule acc: 0.00 0.00 0.00
Epoch  20 | Train: Loss=0.4370 Acc=98.6% | Test: Acc=0.3% | Best=0.3%(@20)
  from x3: 0.01 0.01 0.00 0.00 0.00 0.00 0.00 0.00 0.00 0.00 0.00 0.00 0.00
  per-rule acc: 0.00 0.00 0.00
Epoch  40 | Train: Loss=0.0821 Acc=99.4% | Test: Acc=1.2% | Best=1.2%(@40)
  from x3: 0.02 0.01 0.01 0.01 0.01 0.01 0.01 0.01 0.01 0.01 0.01 0.01 0.01
  per-rule acc: 0.01 0.01 0.01
Epoch  60 | Train: Loss=0.0512 Acc=99.6% | Test: Acc=1.5% | Best=1.5%(@60)
  from x3: 0.02 0.02 0.01 0.01 0.01 0.01 0.01 0.01 0.01 0.01 0.01 0.01 0.01
  per-rule acc: 0.02 0.01 0.01
Epoch  80 | Train: Loss=0.0393 Acc=99.8% | Test: Acc=1.6% | Best=1.6%(@80)
  from x3: 0.02 0.02 0.02 0.02 0.02 0.02 0.02 0.02 0.02 0.02 0.02 0.02 0.02
  per-rule acc: 0.02 0.02 0.02
Epoch 100 | Train: Loss=0.0304 Acc=99.9% | Test: Acc=1.8% | Best=1.8%(@100)
  from x3: 0.02 0.02 0.02 0.02 0.02 0.02 0.02 0.02 0.02 0.02 0.02 0.02 0.02
  per-rule acc: 0.02 0.02 0.02
Epoch 120 | Train: Loss=0.0255 Acc=99.9% | Test: Acc=1.9% | Best=1.9%(@120)
  from x3: 0.02 0.02 0.02 0.02 0.02 0.02 0.02 0.02 0.02 0.02 0.02 0.02 0.02
  per-rule acc: 0.02 0.02 0.02
Epoch 140 | Train: Loss=0.0875 Acc=100.0% | Test: Acc=1.9% | Best=1.9%(@140)
  from x3: 0.02 0.02 0.02 0.02 0.02 0.02 0.02 0.02 0.02 0.02 0.02 0.02 0.02
  per-rule acc: 0.02 0.02 0.02
Epoch 160 | Train: Loss=0.0195 Acc=100.0% | Test: Acc=1.9% | Best=1.9%(@160)
  from x3: 0.02 0.02 0.02 0.02 0.02 0.02 0.02 0.02 0.02 0.02 0.02 0.02 0.02
  per-rule acc: 0.02 0.02 0.02
Epoch 180 | Train: Loss=0.0243 Acc=100.0% | Test: Acc=2.0% | Best=2.0%(@180)
  from x3: 0.02 0.02 0.02 0.02 0.02 0.02 0.02 0.02 0.02 0.02 0.02 0.02 0.02
  per-rule acc: 0.02 0.02 0.02
Epoch 200 | Train: Loss=0.0227 Acc=99.9% | Test: Acc=2.0% | Best=2.0%(@200)
  from x3: 0.02 0.02 0.02 0.02 0.02 0.02 0.02 0.02 0.02 0.02 0.02 0.02 0.02
  per-rule acc: 0.02 0.02 0.02
Epoch 220 | Train: Loss=0.0349 Acc=100.0% | Test: Acc=2.0% | Best=2.0%(@220)
  from x3: 0.02 0.02 0.02 0.02 0.02 0.02 0.02 0.02 0.02 0.02 0.02 0.02 0.02
  per-rule acc: 0.02 0.02 0.02
Epoch 240 | Train: Loss=0.0181 Acc=100.0% | Test: Acc=2.0% | Best=2.0%(@220)
  from x3: 0.02 0.02 0.02 0.02 0.02 0.02 0.02 0.02 0.02 0.02 0.02 0.02 0.02
  per-rule acc: 0.02 0.02 0.02
Epoch 260 | Train: Loss=0.0529 Acc=100.0% | Test: Acc=2.0% | Best=2.0%(@220)
  from x3: 0.02 0.02 0.02 0.02 0.02 0.02 0.02 0.02 0.02 0.02 0.02 0.02 0.02
  per-rule acc: 0.02 0.02 0.02
Epoch 280 | Train: Loss=0.0143 Acc=100.0% | Test: Acc=2.1% | Best=2.1%(@280)
  from x3: 0.02 0.02 0.02 0.02 0.02 0.02 0.02 0.02 0.02 0.02 0.02 0.02 0.02
  per-rule acc: 0.02 0.02 0.02
Epoch 300 | Train: Loss=0.0158 Acc=99.9% | Test: Acc=2.0% | Best=2.1%(@280)
  from x3: 0.02 0.02 0.02 0.02 0.02 0.02 0.02 0.02 0.02 0.02 0.02 0.02 0.02
  per-rule acc: 0.02 0.02 0.02
Epoch 320 | Train: Loss=0.0239 Acc=100.0% | Test: Acc=2.1% | Best=2.1%(@280)
  from x3: 0.02 0.02 0.02 0.02 0.02 0.02 0.02 0.02 0.02 0.02 0.02 0.02 0.02
  per-rule acc: 0.02 0.02 0.02
Epoch 340 | Train: Loss=0.0110 Acc=100.0% | Test: Acc=2.2% | Best=2.2%(@340)
  from x3: 0.02 0.02 0.02 0.02 0.02 0.02 0.02 0.02 0.02 0.02 0.02 0.02 0.02
  per-rule acc: 0.02 0.03 0.02
Epoch 360 | Train: Loss=0.0138 Acc=99.9% | Test: Acc=2.2% | Best=2.2%(@360)
  from x3: 0.02 0.02 0.02 0.02 0.02 0.02 0.02 0.02 0.02 0.02 0.02 0.02 0.02
  per-rule acc: 0.02 0.03 0.02
Epoch 380 | Train: Loss=0.0111 Acc=100.0% | Test: Acc=2.3% | Best=2.3%(@380)
  from x3: 0.02 0.02 0.02 0.02 0.02 0.02 0.02 0.02 0.02 0.02 0.02 0.02 0.02
  per-rule acc: 0.02 0.03 0.02
Epoch 400 | Train: Loss=0.0263 Acc=99.9% | Test: Acc=2.2% | Best=2.3%(@380)
  from x3: 0.02 0.02 0.02 0.02 0.02 0.02 0.02 0.02 0.02 0.02 0.02 0.02 0.02
  per-rule acc: 0.02 0.03 0.02
Epoch 420 | Train: Loss=0.0124 Acc=99.9% | Test: Acc=2.3% | Best=2.3%(@420)
  from x3: 0.02 0.02 0.02 0.02 0.02 0.02 0.02 0.02 0.02 0.02 0.02 0.02 0.02
  per-rule acc: 0.02 0.03 0.02
Epoch 440 | Train: Loss=0.0137 Acc=99.9% | Test: Acc=2.4% | Best=2.4%(@440)
  from x3: 0.03 0.02 0.02 0.02 0.02 0.02 0.02 0.02 0.02 0.02 0.02 0.02 0.02
  per-rule acc: 0.02 0.03 0.02
Epoch 460 | Train: Loss=0.0215 Acc=99.9% | Test: Acc=2.4% | Best=2.4%(@460)
  from x3: 0.03 0.02 0.02 0.02 0.02 0.02 0.02 0.02 0.02 0.02 0.02 0.02 0.02
  per-rule acc: 0.02 0.03 0.02
Epoch 480 | Train: Loss=0.0138 Acc=99.9% | Test: Acc=2.5% | Best=2.5%(@480)
  from x3: 0.03 0.02 0.02 0.02 0.02 0.02 0.02 0.02 0.02 0.02 0.02 0.02 0.02
  per-rule acc: 0.02 0.03 0.02
Epoch 500 | Train: Loss=0.0144 Acc=99.9% | Test: Acc=2.5% | Best=2.5%(@500)
  from x3: 0.03 0.03 0.03 0.03 0.03 0.03 0.03 0.03 0.03 0.03 0.03 0.02 0.03
  per-rule acc: 0.02 0.03 0.02
Epoch 520 | Train: Loss=0.0124 Acc=100.0% | Test: Acc=2.7% | Best=2.7%(@520)
  from x3: 0.03 0.03 0.03 0.03 0.03 0.03 0.03 0.03 0.03 0.03 0.03 0.03 0.03
  per-rule acc: 0.02 0.04 0.02
Epoch 540 | Train: Loss=0.0171 Acc=99.9% | Test: Acc=2.8% | Best=2.8%(@540)
  from x3: 0.03 0.03 0.03 0.03 0.03 0.03 0.03 0.03 0.03 0.03 0.03 0.03 0.03
  per-rule acc: 0.02 0.04 0.02
Epoch 560 | Train: Loss=0.0161 Acc=99.9% | Test: Acc=2.9% | Best=2.9%(@560)
  from x3: 0.03 0.03 0.03 0.03 0.03 0.03 0.03 0.03 0.03 0.03 0.03 0.03 0.03
  per-rule acc: 0.02 0.04 0.02
Epoch 580 | Train: Loss=0.0125 Acc=100.0% | Test: Acc=2.9% | Best=2.9%(@580)
  from x3: 0.03 0.03 0.03 0.03 0.03 0.03 0.03 0.03 0.03 0.03 0.03 0.03 0.03
  per-rule acc: 0.02 0.04 0.02
Epoch 600 | Train: Loss=0.0204 Acc=99.9% | Test: Acc=3.0% | Best=3.0%(@600)
  from x3: 0.03 0.03 0.03 0.03 0.03 0.03 0.03 0.03 0.03 0.03 0.03 0.03 0.03
  per-rule acc: 0.03 0.04 0.02
Epoch 620 | Train: Loss=0.0131 Acc=100.0% | Test: Acc=3.2% | Best=3.2%(@620)
  from x3: 0.03 0.03 0.03 0.03 0.03 0.03 0.03 0.03 0.03 0.03 0.03 0.03 0.03
  per-rule acc: 0.03 0.04 0.03
Epoch 640 | Train: Loss=0.0157 Acc=99.9% | Test: Acc=3.3% | Best=3.3%(@640)
  from x3: 0.04 0.03 0.03 0.03 0.03 0.03 0.03 0.03 0.03 0.03 0.03 0.03 0.03
  per-rule acc: 0.03 0.04 0.03
Epoch 660 | Train: Loss=0.0144 Acc=99.9% | Test: Acc=3.7% | Best=3.7%(@660)
  from x3: 0.04 0.04 0.04 0.04 0.04 0.04 0.04 0.04 0.04 0.04 0.04 0.04 0.04
  per-rule acc: 0.03 0.05 0.03
Epoch 680 | Train: Loss=0.0123 Acc=99.9% | Test: Acc=3.7% | Best=3.7%(@680)
  from x3: 0.04 0.04 0.04 0.04 0.04 0.04 0.04 0.04 0.04 0.04 0.04 0.04 0.04
  per-rule acc: 0.03 0.05 0.03
Epoch 700 | Train: Loss=0.0364 Acc=100.0% | Test: Acc=4.1% | Best=4.1%(@700)
  from x3: 0.04 0.04 0.04 0.04 0.04 0.04 0.04 0.04 0.04 0.04 0.04 0.04 0.04
  per-rule acc: 0.03 0.06 0.03
Epoch 720 | Train: Loss=0.0114 Acc=99.9% | Test: Acc=4.7% | Best=4.7%(@720)
  from x3: 0.05 0.05 0.05 0.05 0.05 0.05 0.05 0.05 0.05 0.05 0.05 0.05 0.05
  per-rule acc: 0.03 0.08 0.03
Epoch 740 | Train: Loss=0.0122 Acc=100.0% | Test: Acc=5.1% | Best=5.1%(@740)
  from x3: 0.05 0.05 0.05 0.05 0.05 0.05 0.05 0.05 0.05 0.05 0.05 0.05 0.05
  per-rule acc: 0.04 0.08 0.03
Epoch 760 | Train: Loss=0.0110 Acc=100.0% | Test: Acc=5.8% | Best=5.8%(@760)
  from x3: 0.06 0.06 0.06 0.06 0.06 0.06 0.06 0.06 0.06 0.06 0.06 0.06 0.06
  per-rule acc: 0.04 0.11 0.03
Epoch 780 | Train: Loss=0.0217 Acc=99.9% | Test: Acc=6.3% | Best=6.3%(@780)
  from x3: 0.07 0.06 0.06 0.06 0.06 0.06 0.06 0.06 0.06 0.06 0.06 0.06 0.06
  per-rule acc: 0.04 0.11 0.04
Epoch 800 | Train: Loss=0.0087 Acc=100.0% | Test: Acc=7.9% | Best=7.9%(@800)
  from x3: 0.08 0.08 0.08 0.08 0.08 0.08 0.08 0.08 0.08 0.08 0.08 0.08 0.08
  per-rule acc: 0.04 0.16 0.04
Epoch 820 | Train: Loss=0.0122 Acc=99.9% | Test: Acc=9.6% | Best=9.6%(@820)
  from x3: 0.10 0.10 0.10 0.10 0.10 0.10 0.10 0.10 0.10 0.10 0.10 0.10 0.09
  per-rule acc: 0.04 0.21 0.04
Epoch 840 | Train: Loss=0.0081 Acc=100.0% | Test: Acc=11.4% | Best=11.4%(@840)
  from x3: 0.12 0.12 0.11 0.11 0.11 0.11 0.11 0.11 0.11 0.11 0.11 0.11 0.11
  per-rule acc: 0.05 0.25 0.05
Epoch 860 | Train: Loss=0.0151 Acc=99.9% | Test: Acc=12.7% | Best=12.7%(@860)
  from x3: 0.13 0.13 0.13 0.13 0.13 0.13 0.13 0.13 0.13 0.13 0.13 0.13 0.13
  per-rule acc: 0.05 0.28 0.05
Epoch 880 | Train: Loss=0.0147 Acc=99.9% | Test: Acc=15.1% | Best=15.1%(@880)
  from x3: 0.16 0.15 0.15 0.15 0.15 0.15 0.15 0.15 0.15 0.15 0.15 0.15 0.15
  per-rule acc: 0.04 0.34 0.07
Epoch 900 | Train: Loss=0.0122 Acc=100.0% | Test: Acc=18.1% | Best=18.1%(@900)
  from x3: 0.18 0.18 0.18 0.18 0.18 0.18 0.18 0.18 0.18 0.18 0.18 0.18 0.18
  per-rule acc: 0.06 0.41 0.08
Epoch 920 | Train: Loss=0.0107 Acc=100.0% | Test: Acc=21.3% | Best=21.3%(@920)
  from x3: 0.22 0.21 0.21 0.21 0.21 0.21 0.21 0.21 0.21 0.21 0.21 0.21 0.21
  per-rule acc: 0.05 0.50 0.09
Epoch 940 | Train: Loss=0.0084 Acc=100.0% | Test: Acc=26.3% | Best=26.3%(@940)
  from x3: 0.27 0.27 0.26 0.26 0.26 0.26 0.26 0.26 0.26 0.26 0.26 0.26 0.26
  per-rule acc: 0.06 0.62 0.11
Epoch 960 | Train: Loss=0.0081 Acc=100.0% | Test: Acc=29.7% | Best=29.7%(@960)
  from x3: 0.30 0.30 0.30 0.30 0.30 0.30 0.30 0.30 0.30 0.30 0.30 0.30 0.30
  per-rule acc: 0.08 0.67 0.14
Epoch 980 | Train: Loss=0.0119 Acc=100.0% | Test: Acc=30.8% | Best=30.8%(@980)
  from x3: 0.32 0.31 0.31 0.31 0.31 0.31 0.31 0.31 0.31 0.31 0.31 0.31 0.31
  per-rule acc: 0.06 0.70 0.16
Epoch 1000 | Train: Loss=0.0134 Acc=99.9% | Test: Acc=35.7% | Best=35.7%(@1000)
  from x3: 0.37 0.36 0.36 0.36 0.36 0.36 0.36 0.36 0.36 0.36 0.36 0.36 0.36
  per-rule acc: 0.07 0.78 0.22
Epoch 1020 | Train: Loss=0.0081 Acc=100.0% | Test: Acc=40.7% | Best=40.7%(@1020)
  from x3: 0.41 0.41 0.41 0.41 0.41 0.41 0.41 0.41 0.41 0.40 0.41 0.41 0.40
  per-rule acc: 0.09 0.85 0.28
Epoch 1040 | Train: Loss=0.0106 Acc=100.0% | Test: Acc=44.2% | Best=44.2%(@1040)
  from x3: 0.45 0.44 0.44 0.44 0.44 0.44 0.44 0.44 0.44 0.44 0.44 0.44 0.44
  per-rule acc: 0.09 0.89 0.34
Epoch 1060 | Train: Loss=0.0128 Acc=100.0% | Test: Acc=48.9% | Best=48.9%(@1060)
  from x3: 0.49 0.49 0.49 0.49 0.49 0.49 0.49 0.49 0.49 0.49 0.49 0.49 0.49
  per-rule acc: 0.10 0.93 0.43
Epoch 1080 | Train: Loss=0.0194 Acc=99.9% | Test: Acc=51.0% | Best=51.0%(@1080)
  from x3: 0.51 0.51 0.51 0.51 0.51 0.51 0.51 0.51 0.51 0.51 0.51 0.51 0.51
  per-rule acc: 0.10 0.93 0.49
Epoch 1100 | Train: Loss=0.0086 Acc=100.0% | Test: Acc=63.7% | Best=63.7%(@1100)
  from x3: 0.64 0.64 0.64 0.64 0.64 0.64 0.64 0.64 0.64 0.64 0.64 0.64 0.64
  per-rule acc: 0.12 0.99 0.80
Epoch 1120 | Train: Loss=0.0114 Acc=100.0% | Test: Acc=64.6% | Best=64.6%(@1120)
  from x3: 0.65 0.65 0.65 0.65 0.65 0.65 0.65 0.65 0.65 0.65 0.65 0.65 0.65
  per-rule acc: 0.13 0.98 0.83
Epoch 1140 | Train: Loss=0.0077 Acc=100.0% | Test: Acc=68.1% | Best=68.1%(@1140)
  from x3: 0.68 0.68 0.68 0.68 0.68 0.68 0.68 0.68 0.68 0.68 0.68 0.68 0.68
  per-rule acc: 0.13 0.99 0.92
Epoch 1160 | Train: Loss=0.0061 Acc=100.0% | Test: Acc=70.9% | Best=70.9%(@1160)
  from x3: 0.71 0.71 0.71 0.71 0.71 0.71 0.71 0.71 0.71 0.71 0.71 0.71 0.71
  per-rule acc: 0.16 1.00 0.97
Epoch 1180 | Train: Loss=0.0088 Acc=100.0% | Test: Acc=71.8% | Best=71.8%(@1180)
  from x3: 0.72 0.72 0.72 0.72 0.72 0.72 0.72 0.72 0.72 0.72 0.72 0.72 0.72
  per-rule acc: 0.17 1.00 0.99
Epoch 1200 | Train: Loss=0.0075 Acc=100.0% | Test: Acc=73.5% | Best=73.5%(@1200)
  from x3: 0.73 0.73 0.73 0.73 0.73 0.73 0.73 0.74 0.74 0.74 0.73 0.74 0.74
  per-rule acc: 0.21 1.00 1.00
Epoch 1220 | Train: Loss=0.0077 Acc=100.0% | Test: Acc=74.1% | Best=74.1%(@1220)
  from x3: 0.74 0.74 0.74 0.74 0.74 0.74 0.74 0.74 0.74 0.74 0.74 0.74 0.74
  per-rule acc: 0.22 1.00 1.00
Epoch 1240 | Train: Loss=0.0113 Acc=99.9% | Test: Acc=74.9% | Best=74.9%(@1240)
  from x3: 0.75 0.75 0.75 0.75 0.75 0.75 0.75 0.75 0.75 0.75 0.75 0.75 0.75
  per-rule acc: 0.25 1.00 1.00
Epoch 1260 | Train: Loss=0.0055 Acc=100.0% | Test: Acc=76.6% | Best=76.6%(@1260)
  from x3: 0.77 0.77 0.76 0.77 0.77 0.77 0.77 0.76 0.77 0.77 0.77 0.77 0.77
  per-rule acc: 0.30 1.00 1.00
Epoch 1280 | Train: Loss=0.0065 Acc=100.0% | Test: Acc=76.8% | Best=76.8%(@1280)
  from x3: 0.77 0.77 0.77 0.77 0.77 0.77 0.77 0.77 0.77 0.77 0.77 0.77 0.77
  per-rule acc: 0.30 1.00 1.00
Epoch 1300 | Train: Loss=0.0048 Acc=100.0% | Test: Acc=78.4% | Best=78.4%(@1300)
  from x3: 0.78 0.79 0.78 0.78 0.78 0.78 0.78 0.78 0.78 0.78 0.78 0.78 0.78
  per-rule acc: 0.35 1.00 1.00
Epoch 1320 | Train: Loss=0.0052 Acc=100.0% | Test: Acc=79.3% | Best=79.3%(@1320)
  from x3: 0.79 0.79 0.79 0.79 0.79 0.79 0.79 0.79 0.79 0.79 0.79 0.79 0.79
  per-rule acc: 0.38 1.00 1.00
Epoch 1340 | Train: Loss=0.0060 Acc=100.0% | Test: Acc=79.4% | Best=79.4%(@1340)
  from x3: 0.79 0.80 0.79 0.79 0.79 0.79 0.79 0.79 0.79 0.79 0.79 0.80 0.79
  per-rule acc: 0.38 1.00 1.00
Epoch 1360 | Train: Loss=0.0068 Acc=100.0% | Test: Acc=79.1% | Best=79.4%(@1340)
  from x3: 0.79 0.79 0.79 0.79 0.79 0.79 0.79 0.79 0.79 0.79 0.79 0.79 0.79
  per-rule acc: 0.37 1.00 1.00
Epoch 1380 | Train: Loss=0.0059 Acc=100.0% | Test: Acc=81.4% | Best=81.4%(@1380)
  from x3: 0.81 0.81 0.81 0.81 0.81 0.81 0.81 0.81 0.81 0.81 0.81 0.81 0.81
  per-rule acc: 0.44 1.00 1.00
Epoch 1400 | Train: Loss=0.0087 Acc=100.0% | Test: Acc=80.9% | Best=81.4%(@1380)
  from x3: 0.81 0.81 0.81 0.81 0.81 0.81 0.81 0.81 0.81 0.81 0.81 0.81 0.81
  per-rule acc: 0.43 1.00 1.00
Epoch 1420 | Train: Loss=0.0115 Acc=99.9% | Test: Acc=80.1% | Best=81.4%(@1380)
  from x3: 0.80 0.80 0.80 0.80 0.80 0.80 0.80 0.80 0.80 0.80 0.80 0.80 0.80
  per-rule acc: 0.40 1.00 1.00
Epoch 1440 | Train: Loss=0.0049 Acc=100.0% | Test: Acc=83.5% | Best=83.5%(@1440)
  from x3: 0.83 0.84 0.84 0.83 0.83 0.83 0.83 0.83 0.83 0.83 0.83 0.83 0.83
  per-rule acc: 0.50 1.00 1.00
Epoch 1460 | Train: Loss=0.0041 Acc=100.0% | Test: Acc=83.4% | Best=83.5%(@1440)
  from x3: 0.83 0.83 0.83 0.83 0.83 0.83 0.83 0.83 0.83 0.83 0.83 0.83 0.83
  per-rule acc: 0.50 1.00 1.00
Epoch 1480 | Train: Loss=0.0057 Acc=100.0% | Test: Acc=83.7% | Best=83.7%(@1480)
  from x3: 0.84 0.84 0.84 0.84 0.84 0.84 0.84 0.84 0.84 0.84 0.84 0.84 0.84
  per-rule acc: 0.51 1.00 1.00
Epoch 1500 | Train: Loss=0.0055 Acc=100.0% | Test: Acc=84.5% | Best=84.5%(@1500)
  from x3: 0.85 0.85 0.85 0.85 0.85 0.84 0.84 0.84 0.84 0.85 0.85 0.84 0.85
  per-rule acc: 0.54 1.00 1.00
Epoch 1520 | Train: Loss=0.0063 Acc=100.0% | Test: Acc=84.0% | Best=84.5%(@1500)
  from x3: 0.84 0.84 0.84 0.84 0.84 0.84 0.84 0.84 0.84 0.84 0.84 0.84 0.84
  per-rule acc: 0.52 1.00 1.00
Epoch 1540 | Train: Loss=0.0114 Acc=99.9% | Test: Acc=80.5% | Best=84.5%(@1500)
  from x3: 0.80 0.81 0.80 0.80 0.80 0.80 0.80 0.80 0.81 0.80 0.80 0.80 0.81
  per-rule acc: 0.41 1.00 1.00
Epoch 1560 | Train: Loss=0.0091 Acc=100.0% | Test: Acc=83.1% | Best=84.5%(@1500)
  from x3: 0.83 0.83 0.83 0.83 0.83 0.83 0.83 0.83 0.83 0.83 0.83 0.83 0.83
  per-rule acc: 0.49 1.00 1.00
Epoch 1580 | Train: Loss=0.0058 Acc=100.0% | Test: Acc=85.4% | Best=85.4%(@1580)
  from x3: 0.86 0.86 0.85 0.85 0.85 0.85 0.85 0.85 0.85 0.85 0.85 0.85 0.85
  per-rule acc: 0.56 1.00 1.00
Epoch 1600 | Train: Loss=0.0077 Acc=100.0% | Test: Acc=85.4% | Best=85.4%(@1580)
  from x3: 0.86 0.86 0.85 0.85 0.85 0.85 0.85 0.85 0.85 0.85 0.85 0.85 0.85
  per-rule acc: 0.56 1.00 1.00
Epoch 1620 | Train: Loss=0.0042 Acc=100.0% | Test: Acc=85.5% | Best=85.5%(@1620)
  from x3: 0.86 0.86 0.86 0.86 0.85 0.85 0.85 0.86 0.85 0.85 0.85 0.86 0.86
  per-rule acc: 0.57 1.00 1.00
Epoch 1640 | Train: Loss=0.0056 Acc=100.0% | Test: Acc=85.7% | Best=85.7%(@1640)
  from x3: 0.86 0.86 0.86 0.86 0.86 0.86 0.86 0.86 0.86 0.86 0.86 0.86 0.86
  per-rule acc: 0.57 1.00 1.00
Epoch 1660 | Train: Loss=0.0087 Acc=100.0% | Test: Acc=86.5% | Best=86.5%(@1660)
  from x3: 0.87 0.87 0.86 0.86 0.87 0.87 0.86 0.86 0.87 0.87 0.87 0.87 0.87
  per-rule acc: 0.60 1.00 1.00
Epoch 1680 | Train: Loss=0.0047 Acc=100.0% | Test: Acc=87.3% | Best=87.3%(@1680)
  from x3: 0.87 0.87 0.87 0.87 0.87 0.87 0.87 0.87 0.87 0.87 0.87 0.87 0.87
  per-rule acc: 0.62 1.00 1.00
Epoch 1700 | Train: Loss=0.0059 Acc=100.0% | Test: Acc=86.3% | Best=87.3%(@1680)
  from x3: 0.86 0.86 0.86 0.86 0.86 0.86 0.86 0.86 0.86 0.86 0.86 0.86 0.86
  per-rule acc: 0.59 1.00 1.00
Epoch 1720 | Train: Loss=0.0053 Acc=100.0% | Test: Acc=86.7% | Best=87.3%(@1680)
  from x3: 0.87 0.87 0.87 0.87 0.87 0.87 0.87 0.87 0.87 0.87 0.87 0.87 0.87
  per-rule acc: 0.60 1.00 1.00
Epoch 1740 | Train: Loss=0.0041 Acc=100.0% | Test: Acc=87.6% | Best=87.6%(@1740)
  from x3: 0.88 0.88 0.87 0.88 0.88 0.88 0.88 0.88 0.88 0.88 0.88 0.88 0.88
  per-rule acc: 0.63 1.00 1.00
Epoch 1760 | Train: Loss=0.0095 Acc=99.9% | Test: Acc=86.4% | Best=87.6%(@1740)
  from x3: 0.86 0.87 0.86 0.86 0.86 0.86 0.86 0.86 0.86 0.86 0.86 0.87 0.86
  per-rule acc: 0.59 1.00 1.00
Epoch 1780 | Train: Loss=0.0050 Acc=100.0% | Test: Acc=88.6% | Best=88.6%(@1780)
  from x3: 0.89 0.89 0.89 0.89 0.89 0.89 0.89 0.88 0.88 0.89 0.89 0.89 0.89
  per-rule acc: 0.66 1.00 1.00
Epoch 1800 | Train: Loss=0.0058 Acc=100.0% | Test: Acc=88.2% | Best=88.6%(@1780)
  from x3: 0.88 0.88 0.88 0.88 0.88 0.88 0.88 0.88 0.88 0.88 0.88 0.88 0.88
  per-rule acc: 0.65 1.00 1.00
Epoch 1820 | Train: Loss=0.0042 Acc=100.0% | Test: Acc=88.7% | Best=88.7%(@1820)
  from x3: 0.89 0.89 0.89 0.89 0.89 0.89 0.89 0.89 0.89 0.89 0.89 0.89 0.89
  per-rule acc: 0.66 1.00 1.00
Epoch 1840 | Train: Loss=0.0068 Acc=100.0% | Test: Acc=88.1% | Best=88.7%(@1820)
  from x3: 0.88 0.88 0.88 0.88 0.88 0.88 0.88 0.88 0.88 0.88 0.88 0.88 0.88
  per-rule acc: 0.64 1.00 1.00
Epoch 1860 | Train: Loss=0.0044 Acc=100.0% | Test: Acc=88.4% | Best=88.7%(@1820)
  from x3: 0.89 0.88 0.88 0.88 0.88 0.88 0.88 0.88 0.88 0.88 0.88 0.88 0.88
  per-rule acc: 0.65 1.00 1.00
Epoch 1880 | Train: Loss=0.0034 Acc=100.0% | Test: Acc=89.0% | Best=89.0%(@1880)
  from x3: 0.89 0.89 0.89 0.89 0.89 0.89 0.89 0.89 0.89 0.89 0.89 0.89 0.89
  per-rule acc: 0.67 1.00 1.00
Epoch 1900 | Train: Loss=0.0061 Acc=100.0% | Test: Acc=88.8% | Best=89.0%(@1880)
  from x3: 0.89 0.89 0.89 0.89 0.89 0.89 0.89 0.89 0.89 0.89 0.89 0.89 0.89
  per-rule acc: 0.66 1.00 1.00
Epoch 1920 | Train: Loss=0.0055 Acc=100.0% | Test: Acc=89.5% | Best=89.5%(@1920)
  from x3: 0.90 0.89 0.89 0.89 0.89 0.89 0.89 0.89 0.89 0.89 0.89 0.89 0.89
  per-rule acc: 0.68 1.00 1.00
Epoch 1940 | Train: Loss=0.0055 Acc=100.0% | Test: Acc=89.5% | Best=89.5%(@1920)
  from x3: 0.90 0.89 0.89 0.89 0.89 0.89 0.89 0.89 0.89 0.89 0.89 0.89 0.89
  per-rule acc: 0.68 1.00 1.00
Epoch 1960 | Train: Loss=0.0047 Acc=100.0% | Test: Acc=89.8% | Best=89.8%(@1960)
  from x3: 0.90 0.90 0.90 0.90 0.90 0.90 0.90 0.90 0.90 0.90 0.90 0.90 0.90
  per-rule acc: 0.69 1.00 1.00
Epoch 1980 | Train: Loss=0.0041 Acc=100.0% | Test: Acc=90.1% | Best=90.1%(@1980)
  from x3: 0.90 0.90 0.90 0.90 0.90 0.90 0.90 0.90 0.90 0.90 0.90 0.90 0.90
  per-rule acc: 0.70 1.00 1.00
Epoch 2000 | Train: Loss=0.0036 Acc=100.0% | Test: Acc=90.4% | Best=90.4%(@2000)
  from x3: 0.90 0.90 0.90 0.90 0.90 0.90 0.90 0.90 0.90 0.90 0.90 0.90 0.90
  per-rule acc: 0.71 1.00 1.00
Epoch 2020 | Train: Loss=0.0036 Acc=100.0% | Test: Acc=90.7% | Best=90.7%(@2020)
  from x3: 0.91 0.91 0.91 0.91 0.91 0.91 0.91 0.91 0.91 0.91 0.91 0.91 0.91
  per-rule acc: 0.72 1.00 1.00
Epoch 2040 | Train: Loss=0.0053 Acc=100.0% | Test: Acc=90.2% | Best=90.7%(@2020)
  from x3: 0.90 0.90 0.90 0.90 0.90 0.90 0.90 0.90 0.90 0.90 0.90 0.90 0.90
  per-rule acc: 0.71 1.00 1.00
Epoch 2060 | Train: Loss=0.0061 Acc=100.0% | Test: Acc=90.9% | Best=90.9%(@2060)
  from x3: 0.91 0.91 0.91 0.91 0.91 0.91 0.91 0.91 0.91 0.91 0.91 0.91 0.91
  per-rule acc: 0.73 1.00 1.00
Epoch 2080 | Train: Loss=0.0081 Acc=100.0% | Test: Acc=91.0% | Best=91.0%(@2080)
  from x3: 0.91 0.91 0.91 0.91 0.91 0.91 0.91 0.91 0.91 0.91 0.91 0.91 0.91
  per-rule acc: 0.73 1.00 1.00
Epoch 2100 | Train: Loss=0.0046 Acc=100.0% | Test: Acc=91.6% | Best=91.6%(@2100)
  from x3: 0.92 0.92 0.92 0.92 0.92 0.92 0.92 0.92 0.92 0.92 0.92 0.92 0.92
  per-rule acc: 0.75 1.00 1.00
Epoch 2120 | Train: Loss=0.0059 Acc=100.0% | Test: Acc=91.5% | Best=91.6%(@2100)
  from x3: 0.92 0.91 0.91 0.91 0.91 0.91 0.91 0.91 0.92 0.92 0.92 0.92 0.92
  per-rule acc: 0.74 1.00 1.00
Epoch 2140 | Train: Loss=0.0040 Acc=100.0% | Test: Acc=92.0% | Best=92.0%(@2140)
  from x3: 0.92 0.92 0.92 0.92 0.92 0.92 0.92 0.92 0.92 0.92 0.92 0.92 0.92
  per-rule acc: 0.76 1.00 1.00
Epoch 2160 | Train: Loss=0.0039 Acc=100.0% | Test: Acc=92.0% | Best=92.0%(@2140)
  from x3: 0.92 0.92 0.92 0.92 0.92 0.92 0.92 0.92 0.92 0.92 0.92 0.92 0.92
  per-rule acc: 0.76 1.00 1.00
Epoch 2180 | Train: Loss=0.0032 Acc=100.0% | Test: Acc=92.5% | Best=92.5%(@2180)
  from x3: 0.92 0.92 0.92 0.92 0.92 0.93 0.93 0.93 0.93 0.93 0.93 0.93 0.93
  per-rule acc: 0.77 1.00 1.00
Epoch 2200 | Train: Loss=0.0043 Acc=100.0% | Test: Acc=92.8% | Best=92.8%(@2200)
  from x3: 0.93 0.93 0.93 0.93 0.93 0.93 0.93 0.93 0.93 0.93 0.93 0.93 0.93
  per-rule acc: 0.78 1.00 1.00
Epoch 2220 | Train: Loss=0.0052 Acc=100.0% | Test: Acc=92.7% | Best=92.8%(@2200)
  from x3: 0.93 0.93 0.93 0.93 0.93 0.93 0.93 0.93 0.93 0.93 0.93 0.93 0.93
  per-rule acc: 0.78 1.00 1.00
Epoch 2240 | Train: Loss=0.0049 Acc=100.0% | Test: Acc=92.8% | Best=92.8%(@2200)
  from x3: 0.93 0.93 0.93 0.93 0.93 0.93 0.93 0.93 0.93 0.93 0.93 0.93 0.93
  per-rule acc: 0.78 1.00 1.00
Epoch 2260 | Train: Loss=0.0050 Acc=100.0% | Test: Acc=93.3% | Best=93.3%(@2260)
  from x3: 0.93 0.93 0.93 0.93 0.93 0.93 0.93 0.93 0.93 0.93 0.93 0.93 0.93
  per-rule acc: 0.80 1.00 1.00
Epoch 2280 | Train: Loss=0.0037 Acc=100.0% | Test: Acc=93.5% | Best=93.5%(@2280)
  from x3: 0.94 0.94 0.93 0.93 0.93 0.93 0.93 0.94 0.94 0.94 0.93 0.93 0.93
  per-rule acc: 0.81 1.00 1.00
Epoch 2300 | Train: Loss=0.0050 Acc=100.0% | Test: Acc=93.4% | Best=93.5%(@2280)
  from x3: 0.94 0.93 0.93 0.93 0.93 0.93 0.93 0.93 0.93 0.93 0.93 0.93 0.93
  per-rule acc: 0.80 1.00 1.00
Epoch 2320 | Train: Loss=0.0091 Acc=100.0% | Test: Acc=93.8% | Best=93.8%(@2320)
  from x3: 0.94 0.94 0.94 0.94 0.94 0.94 0.94 0.94 0.94 0.94 0.94 0.94 0.94
  per-rule acc: 0.81 1.00 1.00
Epoch 2340 | Train: Loss=0.0040 Acc=100.0% | Test: Acc=93.5% | Best=93.8%(@2320)
  from x3: 0.94 0.94 0.94 0.94 0.93 0.94 0.94 0.94 0.94 0.94 0.93 0.93 0.93
  per-rule acc: 0.81 1.00 1.00
Epoch 2360 | Train: Loss=0.0043 Acc=100.0% | Test: Acc=94.0% | Best=94.0%(@2360)
  from x3: 0.94 0.94 0.94 0.94 0.94 0.94 0.94 0.94 0.94 0.94 0.94 0.94 0.94
  per-rule acc: 0.82 1.00 1.00
Epoch 2380 | Train: Loss=0.0042 Acc=100.0% | Test: Acc=94.0% | Best=94.0%(@2360)
  from x3: 0.94 0.94 0.94 0.94 0.94 0.94 0.94 0.94 0.94 0.94 0.94 0.94 0.94
  per-rule acc: 0.82 1.00 1.00
Epoch 2400 | Train: Loss=0.0035 Acc=100.0% | Test: Acc=94.2% | Best=94.2%(@2400)
  from x3: 0.94 0.94 0.94 0.94 0.94 0.94 0.94 0.94 0.94 0.94 0.94 0.94 0.94
  per-rule acc: 0.83 1.00 1.00
Epoch 2420 | Train: Loss=0.0038 Acc=100.0% | Test: Acc=94.1% | Best=94.2%(@2400)
  from x3: 0.94 0.94 0.94 0.94 0.94 0.94 0.94 0.94 0.94 0.94 0.94 0.94 0.94
  per-rule acc: 0.82 1.00 1.00
Epoch 2440 | Train: Loss=0.0029 Acc=100.0% | Test: Acc=94.3% | Best=94.3%(@2440)
  from x3: 0.94 0.94 0.94 0.94 0.94 0.94 0.94 0.94 0.94 0.94 0.94 0.94 0.94
  per-rule acc: 0.83 1.00 1.00
Epoch 2460 | Train: Loss=0.0029 Acc=100.0% | Test: Acc=94.3% | Best=94.3%(@2440)
  from x3: 0.94 0.94 0.94 0.94 0.94 0.94 0.94 0.94 0.94 0.94 0.94 0.94 0.94
  per-rule acc: 0.83 1.00 1.00
Epoch 2480 | Train: Loss=0.0030 Acc=100.0% | Test: Acc=94.3% | Best=94.3%(@2440)
  from x3: 0.94 0.94 0.94 0.94 0.94 0.94 0.94 0.94 0.94 0.94 0.94 0.94 0.94
  per-rule acc: 0.83 1.00 1.00
Epoch 2500 | Train: Loss=0.0037 Acc=100.0% | Test: Acc=94.2% | Best=94.3%(@2440)
  from x3: 0.94 0.94 0.94 0.94 0.94 0.94 0.94 0.94 0.94 0.94 0.94 0.94 0.94
  per-rule acc: 0.83 1.00 1.00
Epoch 2520 | Train: Loss=0.0029 Acc=100.0% | Test: Acc=94.7% | Best=94.7%(@2520)
  from x3: 0.95 0.95 0.95 0.95 0.95 0.95 0.95 0.95 0.95 0.95 0.95 0.95 0.95
  per-rule acc: 0.84 1.00 1.00
Epoch 2540 | Train: Loss=0.0033 Acc=100.0% | Test: Acc=94.7% | Best=94.7%(@2540)
  from x3: 0.95 0.95 0.95 0.95 0.95 0.95 0.95 0.95 0.95 0.95 0.95 0.95 0.95
  per-rule acc: 0.84 1.00 1.00
Epoch 2560 | Train: Loss=0.0052 Acc=100.0% | Test: Acc=94.6% | Best=94.7%(@2540)
  from x3: 0.95 0.95 0.95 0.95 0.95 0.95 0.95 0.95 0.95 0.95 0.95 0.95 0.95
  per-rule acc: 0.84 1.00 1.00
Epoch 2580 | Train: Loss=0.0086 Acc=100.0% | Test: Acc=94.8% | Best=94.8%(@2580)
  from x3: 0.95 0.95 0.95 0.95 0.95 0.95 0.95 0.95 0.95 0.95 0.95 0.95 0.95
  per-rule acc: 0.84 1.00 1.00
Epoch 2600 | Train: Loss=0.0032 Acc=100.0% | Test: Acc=94.7% | Best=94.8%(@2580)
  from x3: 0.95 0.95 0.95 0.95 0.95 0.95 0.95 0.95 0.95 0.95 0.95 0.95 0.95
  per-rule acc: 0.84 1.00 1.00
Epoch 2620 | Train: Loss=0.0032 Acc=100.0% | Test: Acc=94.7% | Best=94.8%(@2580)
  from x3: 0.95 0.95 0.95 0.95 0.95 0.95 0.95 0.95 0.95 0.95 0.95 0.95 0.95
  per-rule acc: 0.84 1.00 1.00
Epoch 2640 | Train: Loss=0.0027 Acc=100.0% | Test: Acc=94.7% | Best=94.8%(@2580)
  from x3: 0.95 0.95 0.95 0.95 0.95 0.95 0.95 0.95 0.95 0.95 0.95 0.95 0.95
  per-rule acc: 0.84 1.00 1.00
Epoch 2660 | Train: Loss=0.0026 Acc=100.0% | Test: Acc=94.7% | Best=94.8%(@2580)
  from x3: 0.95 0.95 0.95 0.95 0.95 0.95 0.95 0.95 0.95 0.95 0.95 0.95 0.95
  per-rule acc: 0.84 1.00 1.00
Epoch 2680 | Train: Loss=0.0035 Acc=100.0% | Test: Acc=94.8% | Best=94.8%(@2680)
  from x3: 0.95 0.95 0.95 0.95 0.95 0.95 0.95 0.95 0.95 0.95 0.95 0.95 0.95
  per-rule acc: 0.85 1.00 1.00
Epoch 2700 | Train: Loss=0.0035 Acc=100.0% | Test: Acc=94.9% | Best=94.9%(@2700)
  from x3: 0.95 0.95 0.95 0.95 0.95 0.95 0.95 0.95 0.95 0.95 0.95 0.95 0.95
  per-rule acc: 0.85 1.00 1.00
Epoch 2720 | Train: Loss=0.0032 Acc=100.0% | Test: Acc=94.9% | Best=94.9%(@2720)
  from x3: 0.95 0.95 0.95 0.95 0.95 0.95 0.95 0.95 0.95 0.95 0.95 0.95 0.95
  per-rule acc: 0.85 1.00 1.00
Epoch 2740 | Train: Loss=0.0038 Acc=100.0% | Test: Acc=94.9% | Best=94.9%(@2720)
  from x3: 0.95 0.95 0.95 0.95 0.95 0.95 0.95 0.95 0.95 0.95 0.95 0.95 0.95
  per-rule acc: 0.85 1.00 1.00
Epoch 2760 | Train: Loss=0.0029 Acc=100.0% | Test: Acc=95.1% | Best=95.1%(@2760)
  from x3: 0.95 0.95 0.95 0.95 0.95 0.95 0.95 0.95 0.95 0.95 0.95 0.95 0.95
  per-rule acc: 0.85 1.00 1.00
Epoch 2780 | Train: Loss=0.0025 Acc=100.0% | Test: Acc=95.0% | Best=95.1%(@2760)
  from x3: 0.95 0.95 0.95 0.95 0.95 0.95 0.95 0.95 0.95 0.95 0.95 0.95 0.95
  per-rule acc: 0.85 1.00 1.00
Epoch 2800 | Train: Loss=0.0018 Acc=100.0% | Test: Acc=95.3% | Best=95.3%(@2800)
  from x3: 0.96 0.95 0.95 0.95 0.95 0.95 0.95 0.95 0.95 0.95 0.95 0.95 0.95
  per-rule acc: 0.86 1.00 1.00
Epoch 2820 | Train: Loss=0.0032 Acc=100.0% | Test: Acc=95.1% | Best=95.3%(@2800)
  from x3: 0.95 0.95 0.95 0.95 0.95 0.95 0.95 0.95 0.95 0.95 0.95 0.95 0.95
  per-rule acc: 0.85 1.00 1.00
Epoch 2840 | Train: Loss=0.0027 Acc=100.0% | Test: Acc=95.2% | Best=95.3%(@2800)
  from x3: 0.95 0.95 0.95 0.95 0.95 0.95 0.95 0.95 0.95 0.95 0.95 0.95 0.95
  per-rule acc: 0.86 1.00 1.00
Epoch 2860 | Train: Loss=0.0022 Acc=100.0% | Test: Acc=95.2% | Best=95.3%(@2800)
  from x3: 0.95 0.95 0.95 0.95 0.95 0.95 0.95 0.95 0.95 0.95 0.95 0.95 0.95
  per-rule acc: 0.86 1.00 1.00
Epoch 2880 | Train: Loss=0.0022 Acc=100.0% | Test: Acc=95.4% | Best=95.4%(@2880)
  from x3: 0.96 0.95 0.95 0.95 0.95 0.95 0.95 0.95 0.95 0.95 0.95 0.95 0.95
  per-rule acc: 0.86 1.00 1.00
Epoch 2900 | Train: Loss=0.0028 Acc=100.0% | Test: Acc=95.2% | Best=95.4%(@2880)
  from x3: 0.95 0.95 0.95 0.95 0.95 0.95 0.95 0.95 0.95 0.95 0.95 0.95 0.95
  per-rule acc: 0.86 1.00 1.00
Epoch 2920 | Train: Loss=0.0033 Acc=100.0% | Test: Acc=94.7% | Best=95.4%(@2880)
  from x3: 0.95 0.95 0.95 0.95 0.95 0.95 0.95 0.95 0.95 0.95 0.95 0.95 0.95
  per-rule acc: 0.84 1.00 1.00
Epoch 2940 | Train: Loss=0.0024 Acc=100.0% | Test: Acc=95.3% | Best=95.4%(@2880)
  from x3: 0.96 0.95 0.95 0.95 0.95 0.95 0.95 0.95 0.95 0.95 0.95 0.95 0.95
  per-rule acc: 0.86 1.00 1.00
Epoch 2960 | Train: Loss=0.0024 Acc=100.0% | Test: Acc=95.2% | Best=95.4%(@2880)
  from x3: 0.95 0.95 0.95 0.95 0.95 0.95 0.95 0.95 0.95 0.95 0.95 0.95 0.95
  per-rule acc: 0.86 1.00 1.00
Epoch 2980 | Train: Loss=0.0019 Acc=100.0% | Test: Acc=95.2% | Best=95.4%(@2880)
  from x3: 0.95 0.95 0.95 0.95 0.95 0.95 0.95 0.95 0.95 0.95 0.95 0.95 0.95
  per-rule acc: 0.86 1.00 1.00
Epoch 3000 | Train: Loss=0.0016 Acc=100.0% | Test: Acc=95.7% | Best=95.7%(@3000)
  from x3: 0.96 0.96 0.96 0.96 0.96 0.96 0.96 0.96 0.96 0.96 0.96 0.96 0.96
  per-rule acc: 0.87 1.00 1.00
Epoch 3020 | Train: Loss=0.0029 Acc=100.0% | Test: Acc=95.3% | Best=95.7%(@3000)
  from x3: 0.95 0.95 0.95 0.95 0.95 0.95 0.95 0.95 0.95 0.95 0.95 0.95 0.95
  per-rule acc: 0.86 1.00 1.00
Epoch 3040 | Train: Loss=0.0025 Acc=100.0% | Test: Acc=95.3% | Best=95.7%(@3000)
  from x3: 0.95 0.95 0.95 0.95 0.95 0.95 0.95 0.95 0.95 0.95 0.95 0.95 0.95
  per-rule acc: 0.86 1.00 1.00
Epoch 3060 | Train: Loss=0.0019 Acc=100.0% | Test: Acc=95.5% | Best=95.7%(@3000)
  from x3: 0.96 0.95 0.95 0.95 0.95 0.95 0.95 0.95 0.95 0.95 0.95 0.95 0.95
  per-rule acc: 0.86 1.00 1.00
Epoch 3080 | Train: Loss=0.0024 Acc=100.0% | Test: Acc=95.4% | Best=95.7%(@3000)
  from x3: 0.96 0.95 0.95 0.95 0.95 0.95 0.95 0.95 0.95 0.95 0.95 0.95 0.95
  per-rule acc: 0.86 1.00 1.00
Epoch 3100 | Train: Loss=0.0024 Acc=100.0% | Test: Acc=95.3% | Best=95.7%(@3000)
  from x3: 0.95 0.95 0.95 0.95 0.95 0.95 0.95 0.95 0.95 0.95 0.95 0.95 0.95
  per-rule acc: 0.86 1.00 1.00
Epoch 3120 | Train: Loss=0.0016 Acc=100.0% | Test: Acc=95.6% | Best=95.7%(@3000)
  from x3: 0.96 0.96 0.96 0.96 0.96 0.96 0.96 0.96 0.96 0.96 0.96 0.96 0.96
  per-rule acc: 0.87 1.00 1.00
Epoch 3140 | Train: Loss=0.0024 Acc=100.0% | Test: Acc=95.4% | Best=95.7%(@3000)
  from x3: 0.96 0.95 0.95 0.95 0.95 0.95 0.95 0.95 0.95 0.95 0.95 0.95 0.95
  per-rule acc: 0.86 1.00 1.00
Epoch 3160 | Train: Loss=0.0029 Acc=100.0% | Test: Acc=95.5% | Best=95.7%(@3000)
  from x3: 0.96 0.95 0.95 0.95 0.95 0.95 0.95 0.95 0.95 0.95 0.95 0.95 0.95
  per-rule acc: 0.86 1.00 1.00
Epoch 3180 | Train: Loss=0.0023 Acc=100.0% | Test: Acc=95.5% | Best=95.7%(@3000)
  from x3: 0.96 0.95 0.95 0.95 0.95 0.95 0.95 0.95 0.95 0.95 0.95 0.96 0.96
  per-rule acc: 0.86 1.00 1.00
Epoch 3200 | Train: Loss=0.0026 Acc=100.0% | Test: Acc=95.4% | Best=95.7%(@3000)
  from x3: 0.96 0.95 0.95 0.95 0.95 0.95 0.95 0.95 0.95 0.95 0.95 0.95 0.95
  per-rule acc: 0.86 1.00 1.00
Epoch 3220 | Train: Loss=0.0024 Acc=100.0% | Test: Acc=95.4% | Best=95.7%(@3000)
  from x3: 0.96 0.95 0.95 0.95 0.95 0.95 0.95 0.95 0.95 0.95 0.95 0.95 0.95
  per-rule acc: 0.86 1.00 1.00
Epoch 3240 | Train: Loss=0.0021 Acc=100.0% | Test: Acc=95.5% | Best=95.7%(@3000)
  from x3: 0.95 0.95 0.95 0.95 0.95 0.95 0.95 0.95 0.95 0.95 0.95 0.95 0.95
  per-rule acc: 0.86 1.00 1.00
Epoch 3260 | Train: Loss=0.0028 Acc=100.0% | Test: Acc=95.5% | Best=95.7%(@3000)
  from x3: 0.96 0.95 0.96 0.96 0.96 0.96 0.96 0.96 0.96 0.96 0.96 0.96 0.96
  per-rule acc: 0.87 1.00 1.00
Epoch 3280 | Train: Loss=0.0023 Acc=100.0% | Test: Acc=95.8% | Best=95.8%(@3280)
  from x3: 0.96 0.96 0.96 0.96 0.96 0.96 0.96 0.96 0.96 0.96 0.96 0.96 0.96
  per-rule acc: 0.87 1.00 1.00
Epoch 3300 | Train: Loss=0.0018 Acc=100.0% | Test: Acc=95.8% | Best=95.8%(@3300)
  from x3: 0.96 0.96 0.96 0.96 0.96 0.96 0.96 0.96 0.96 0.96 0.96 0.96 0.96
  per-rule acc: 0.87 1.00 1.00
Epoch 3320 | Train: Loss=0.0015 Acc=100.0% | Test: Acc=95.7% | Best=95.8%(@3300)
  from x3: 0.96 0.96 0.96 0.96 0.96 0.96 0.96 0.96 0.96 0.96 0.96 0.96 0.96
  per-rule acc: 0.87 1.00 1.00
Epoch 3340 | Train: Loss=0.0012 Acc=100.0% | Test: Acc=95.8% | Best=95.8%(@3340)
  from x3: 0.96 0.96 0.96 0.96 0.96 0.96 0.96 0.96 0.96 0.96 0.96 0.96 0.96
  per-rule acc: 0.87 1.00 1.00
Epoch 3360 | Train: Loss=0.0063 Acc=99.9% | Test: Acc=95.2% | Best=95.8%(@3340)
  from x3: 0.95 0.95 0.95 0.95 0.95 0.95 0.95 0.95 0.95 0.95 0.95 0.95 0.95
  per-rule acc: 0.86 1.00 1.00
Epoch 3380 | Train: Loss=0.0028 Acc=100.0% | Test: Acc=95.9% | Best=95.9%(@3380)
  from x3: 0.96 0.96 0.96 0.96 0.96 0.96 0.96 0.96 0.96 0.96 0.96 0.96 0.96
  per-rule acc: 0.88 1.00 1.00
Epoch 3400 | Train: Loss=0.0029 Acc=100.0% | Test: Acc=95.9% | Best=95.9%(@3400)
  from x3: 0.96 0.96 0.96 0.96 0.96 0.96 0.96 0.96 0.96 0.96 0.96 0.96 0.96
  per-rule acc: 0.88 1.00 1.00
Epoch 3420 | Train: Loss=0.0024 Acc=100.0% | Test: Acc=95.9% | Best=95.9%(@3400)
  from x3: 0.96 0.96 0.96 0.96 0.96 0.96 0.96 0.96 0.96 0.96 0.96 0.96 0.96
  per-rule acc: 0.88 1.00 1.00
Epoch 3440 | Train: Loss=0.0019 Acc=100.0% | Test: Acc=95.9% | Best=95.9%(@3400)
  from x3: 0.96 0.96 0.96 0.96 0.96 0.96 0.96 0.96 0.96 0.96 0.96 0.96 0.96
  per-rule acc: 0.88 1.00 1.00
Epoch 3460 | Train: Loss=0.0015 Acc=100.0% | Test: Acc=95.9% | Best=95.9%(@3400)
  from x3: 0.96 0.96 0.96 0.96 0.96 0.96 0.96 0.96 0.96 0.96 0.96 0.96 0.96
  per-rule acc: 0.88 1.00 1.00
Epoch 3480 | Train: Loss=0.0012 Acc=100.0% | Test: Acc=96.0% | Best=96.0%(@3480)
  from x3: 0.96 0.96 0.96 0.96 0.96 0.96 0.96 0.96 0.96 0.96 0.96 0.96 0.96
  per-rule acc: 0.88 1.00 1.00
Epoch 3500 | Train: Loss=0.0010 Acc=100.0% | Test: Acc=96.0% | Best=96.0%(@3480)
  from x3: 0.96 0.96 0.96 0.96 0.96 0.96 0.96 0.96 0.96 0.96 0.96 0.96 0.96
  per-rule acc: 0.88 1.00 1.00
Epoch 3520 | Train: Loss=0.0008 Acc=100.0% | Test: Acc=96.0% | Best=96.0%(@3480)
  from x3: 0.96 0.96 0.96 0.96 0.96 0.96 0.96 0.96 0.96 0.96 0.96 0.96 0.96
  per-rule acc: 0.88 1.00 1.00
Epoch 3540 | Train: Loss=0.0006 Acc=100.0% | Test: Acc=95.9% | Best=96.0%(@3480)
  from x3: 0.96 0.96 0.96 0.96 0.96 0.96 0.96 0.96 0.96 0.96 0.96 0.96 0.96
  per-rule acc: 0.88 1.00 1.00
Epoch 3560 | Train: Loss=0.0005 Acc=100.0% | Test: Acc=96.0% | Best=96.0%(@3480)
  from x3: 0.96 0.96 0.96 0.96 0.96 0.96 0.96 0.96 0.96 0.96 0.96 0.96 0.96
  per-rule acc: 0.88 1.00 1.00
Epoch 3580 | Train: Loss=0.0004 Acc=100.0% | Test: Acc=96.0% | Best=96.0%(@3580)
  from x3: 0.96 0.96 0.96 0.96 0.96 0.96 0.96 0.96 0.96 0.96 0.96 0.96 0.96
  per-rule acc: 0.88 1.00 1.00
Epoch 3600 | Train: Loss=0.0003 Acc=100.0% | Test: Acc=96.0% | Best=96.0%(@3580)
  from x3: 0.96 0.96 0.96 0.96 0.96 0.96 0.96 0.96 0.96 0.96 0.96 0.96 0.96
  per-rule acc: 0.88 1.00 1.00
Epoch 3620 | Train: Loss=0.0003 Acc=100.0% | Test: Acc=96.0% | Best=96.0%(@3620)
  from x3: 0.96 0.96 0.96 0.96 0.96 0.96 0.96 0.96 0.96 0.96 0.96 0.96 0.96
  per-rule acc: 0.88 1.00 1.00
Epoch 3640 | Train: Loss=0.0002 Acc=100.0% | Test: Acc=96.0% | Best=96.0%(@3640)
  from x3: 0.96 0.96 0.96 0.96 0.96 0.96 0.96 0.96 0.96 0.96 0.96 0.96 0.96
  per-rule acc: 0.88 1.00 1.00
Epoch 3660 | Train: Loss=0.0002 Acc=100.0% | Test: Acc=96.1% | Best=96.1%(@3660)
  from x3: 0.96 0.96 0.96 0.96 0.96 0.96 0.96 0.96 0.96 0.96 0.96 0.96 0.96
  per-rule acc: 0.88 1.00 1.00
Epoch 3680 | Train: Loss=0.0001 Acc=100.0% | Test: Acc=96.1% | Best=96.1%(@3680)
  from x3: 0.96 0.96 0.96 0.96 0.96 0.96 0.96 0.96 0.96 0.96 0.96 0.96 0.96
  per-rule acc: 0.88 1.00 1.00
Epoch 3700 | Train: Loss=0.0007 Acc=100.0% | Test: Acc=95.9% | Best=96.1%(@3680)
  from x3: 0.96 0.96 0.96 0.96 0.96 0.96 0.96 0.96 0.96 0.96 0.96 0.96 0.96
  per-rule acc: 0.88 1.00 1.00
Epoch 3720 | Train: Loss=0.0015 Acc=100.0% | Test: Acc=95.8% | Best=96.1%(@3680)
  from x3: 0.96 0.96 0.96 0.96 0.96 0.96 0.96 0.96 0.96 0.96 0.96 0.96 0.96
  per-rule acc: 0.87 1.00 1.00
Epoch 3740 | Train: Loss=0.0022 Acc=100.0% | Test: Acc=95.7% | Best=96.1%(@3680)
  from x3: 0.96 0.96 0.96 0.96 0.96 0.96 0.96 0.96 0.96 0.96 0.96 0.96 0.96
  per-rule acc: 0.87 1.00 1.00
Epoch 3760 | Train: Loss=0.0064 Acc=99.9% | Test: Acc=94.2% | Best=96.1%(@3680)
  from x3: 0.94 0.94 0.94 0.94 0.94 0.94 0.94 0.94 0.94 0.94 0.94 0.94 0.94
  per-rule acc: 0.83 1.00 1.00
Epoch 3780 | Train: Loss=0.0025 Acc=100.0% | Test: Acc=95.7% | Best=96.1%(@3680)
  from x3: 0.96 0.96 0.96 0.96 0.96 0.96 0.96 0.96 0.96 0.96 0.96 0.96 0.96
  per-rule acc: 0.87 1.00 1.00
Epoch 3800 | Train: Loss=0.0022 Acc=100.0% | Test: Acc=95.7% | Best=96.1%(@3680)
  from x3: 0.96 0.96 0.96 0.96 0.96 0.96 0.96 0.96 0.96 0.96 0.96 0.96 0.96
  per-rule acc: 0.87 1.00 1.00
Epoch 3820 | Train: Loss=0.0018 Acc=100.0% | Test: Acc=95.8% | Best=96.1%(@3680)
  from x3: 0.96 0.96 0.96 0.96 0.96 0.96 0.96 0.96 0.96 0.96 0.96 0.96 0.96
  per-rule acc: 0.87 1.00 1.00
Epoch 3840 | Train: Loss=0.0014 Acc=100.0% | Test: Acc=95.8% | Best=96.1%(@3680)
  from x3: 0.96 0.96 0.96 0.96 0.96 0.96 0.96 0.96 0.96 0.96 0.96 0.96 0.96
  per-rule acc: 0.87 1.00 1.00
Epoch 3860 | Train: Loss=0.0011 Acc=100.0% | Test: Acc=95.8% | Best=96.1%(@3680)
  from x3: 0.96 0.96 0.96 0.96 0.96 0.96 0.96 0.96 0.96 0.96 0.96 0.96 0.96
  per-rule acc: 0.87 1.00 1.00
Epoch 3880 | Train: Loss=0.0009 Acc=100.0% | Test: Acc=95.9% | Best=96.1%(@3680)
  from x3: 0.96 0.96 0.96 0.96 0.96 0.96 0.96 0.96 0.96 0.96 0.96 0.96 0.96
  per-rule acc: 0.88 1.00 1.00
Epoch 3900 | Train: Loss=0.0007 Acc=100.0% | Test: Acc=95.9% | Best=96.1%(@3680)
  from x3: 0.96 0.96 0.96 0.96 0.96 0.96 0.96 0.96 0.96 0.96 0.96 0.96 0.96
  per-rule acc: 0.88 1.00 1.00
Epoch 3920 | Train: Loss=0.0006 Acc=100.0% | Test: Acc=96.0% | Best=96.1%(@3680)
  from x3: 0.96 0.96 0.96 0.96 0.96 0.96 0.96 0.96 0.96 0.96 0.96 0.96 0.96
  per-rule acc: 0.88 1.00 1.00
Epoch 3940 | Train: Loss=0.0005 Acc=100.0% | Test: Acc=96.1% | Best=96.1%(@3680)
  from x3: 0.96 0.96 0.96 0.96 0.96 0.96 0.96 0.96 0.96 0.96 0.96 0.96 0.96
  per-rule acc: 0.88 1.00 1.00
Epoch 3960 | Train: Loss=0.0004 Acc=100.0% | Test: Acc=96.1% | Best=96.1%(@3960)
  from x3: 0.96 0.96 0.96 0.96 0.96 0.96 0.96 0.96 0.96 0.96 0.96 0.96 0.96
  per-rule acc: 0.88 1.00 1.00
Epoch 3980 | Train: Loss=0.0003 Acc=100.0% | Test: Acc=96.2% | Best=96.2%(@3980)
  from x3: 0.96 0.96 0.96 0.96 0.96 0.96 0.96 0.96 0.96 0.96 0.96 0.96 0.96
  per-rule acc: 0.88 1.00 1.00
Epoch 4000 | Train: Loss=0.0002 Acc=100.0% | Test: Acc=96.2% | Best=96.2%(@4000)
  from x3: 0.96 0.96 0.96 0.96 0.96 0.96 0.96 0.96 0.96 0.96 0.96 0.96 0.96
  per-rule acc: 0.88 1.00 1.00
Epoch 4020 | Train: Loss=0.0043 Acc=100.0% | Test: Acc=96.4% | Best=96.4%(@4020)
  from x3: 0.97 0.96 0.96 0.96 0.96 0.96 0.96 0.96 0.96 0.96 0.96 0.96 0.96
  per-rule acc: 0.89 1.00 1.00
Epoch 4040 | Train: Loss=0.0014 Acc=100.0% | Test: Acc=96.3% | Best=96.4%(@4020)
  from x3: 0.97 0.96 0.96 0.96 0.96 0.96 0.96 0.96 0.96 0.96 0.96 0.96 0.96
  per-rule acc: 0.89 1.00 1.00
Epoch 4060 | Train: Loss=0.0023 Acc=100.0% | Test: Acc=96.0% | Best=96.4%(@4020)
  from x3: 0.96 0.96 0.96 0.96 0.96 0.96 0.96 0.96 0.96 0.96 0.96 0.96 0.96
  per-rule acc: 0.88 1.00 1.00
Epoch 4080 | Train: Loss=0.0024 Acc=100.0% | Test: Acc=96.0% | Best=96.4%(@4020)
  from x3: 0.96 0.96 0.96 0.96 0.96 0.96 0.96 0.96 0.96 0.96 0.96 0.96 0.96
  per-rule acc: 0.88 1.00 1.00
Epoch 4100 | Train: Loss=0.0021 Acc=100.0% | Test: Acc=96.0% | Best=96.4%(@4020)
  from x3: 0.96 0.96 0.96 0.96 0.96 0.96 0.96 0.96 0.96 0.96 0.96 0.96 0.96
  per-rule acc: 0.88 1.00 1.00
Epoch 4120 | Train: Loss=0.0018 Acc=100.0% | Test: Acc=96.0% | Best=96.4%(@4020)
  from x3: 0.96 0.96 0.96 0.96 0.96 0.96 0.96 0.96 0.96 0.96 0.96 0.96 0.96
  per-rule acc: 0.88 1.00 1.00
Epoch 4140 | Train: Loss=0.0014 Acc=100.0% | Test: Acc=96.0% | Best=96.4%(@4020)
  from x3: 0.96 0.96 0.96 0.96 0.96 0.96 0.96 0.96 0.96 0.96 0.96 0.96 0.96
  per-rule acc: 0.88 1.00 1.00
Epoch 4160 | Train: Loss=0.0012 Acc=100.0% | Test: Acc=96.0% | Best=96.4%(@4020)
  from x3: 0.96 0.96 0.96 0.96 0.96 0.96 0.96 0.96 0.96 0.96 0.96 0.96 0.96
  per-rule acc: 0.88 1.00 1.00
Epoch 4180 | Train: Loss=0.0009 Acc=100.0% | Test: Acc=96.0% | Best=96.4%(@4020)
  from x3: 0.96 0.96 0.96 0.96 0.96 0.96 0.96 0.96 0.96 0.96 0.96 0.96 0.96
  per-rule acc: 0.88 1.00 1.00
Epoch 4200 | Train: Loss=0.0007 Acc=100.0% | Test: Acc=96.0% | Best=96.4%(@4020)
  from x3: 0.96 0.96 0.96 0.96 0.96 0.96 0.96 0.96 0.96 0.96 0.96 0.96 0.96
  per-rule acc: 0.88 1.00 1.00
Epoch 4220 | Train: Loss=0.0006 Acc=100.0% | Test: Acc=96.0% | Best=96.4%(@4020)
  from x3: 0.96 0.96 0.96 0.96 0.96 0.96 0.96 0.96 0.96 0.96 0.96 0.96 0.96
  per-rule acc: 0.88 1.00 1.00
Epoch 4240 | Train: Loss=0.0005 Acc=100.0% | Test: Acc=96.1% | Best=96.4%(@4020)
  from x3: 0.96 0.96 0.96 0.96 0.96 0.96 0.96 0.96 0.96 0.96 0.96 0.96 0.96
  per-rule acc: 0.88 1.00 1.00
Epoch 4260 | Train: Loss=0.0004 Acc=100.0% | Test: Acc=96.2% | Best=96.4%(@4020)
  from x3: 0.96 0.96 0.96 0.96 0.96 0.96 0.96 0.96 0.96 0.96 0.96 0.96 0.96
  per-rule acc: 0.88 1.00 1.00
Epoch 4280 | Train: Loss=0.0003 Acc=100.0% | Test: Acc=96.2% | Best=96.4%(@4020)
  from x3: 0.96 0.96 0.96 0.96 0.96 0.96 0.96 0.96 0.96 0.96 0.96 0.96 0.96
  per-rule acc: 0.89 1.00 1.00
Epoch 4300 | Train: Loss=0.0003 Acc=100.0% | Test: Acc=96.2% | Best=96.4%(@4020)
  from x3: 0.96 0.96 0.96 0.96 0.96 0.96 0.96 0.96 0.96 0.96 0.96 0.96 0.96
  per-rule acc: 0.89 1.00 1.00
Epoch 4320 | Train: Loss=0.0002 Acc=100.0% | Test: Acc=96.3% | Best=96.4%(@4020)
  from x3: 0.96 0.96 0.96 0.96 0.96 0.96 0.96 0.96 0.96 0.96 0.96 0.96 0.96
  per-rule acc: 0.89 1.00 1.00
Epoch 4340 | Train: Loss=0.0002 Acc=100.0% | Test: Acc=96.4% | Best=96.4%(@4020)
  from x3: 0.96 0.96 0.96 0.96 0.96 0.96 0.96 0.96 0.96 0.96 0.96 0.96 0.96
  per-rule acc: 0.89 1.00 1.00
Epoch 4360 | Train: Loss=0.0001 Acc=100.0% | Test: Acc=96.4% | Best=96.4%(@4020)
  from x3: 0.96 0.96 0.96 0.96 0.96 0.96 0.96 0.96 0.96 0.96 0.96 0.96 0.96
  per-rule acc: 0.89 1.00 1.00
Epoch 4380 | Train: Loss=0.0001 Acc=100.0% | Test: Acc=96.4% | Best=96.4%(@4020)
  from x3: 0.96 0.96 0.96 0.96 0.96 0.96 0.96 0.96 0.96 0.96 0.96 0.96 0.96
  per-rule acc: 0.89 1.00 1.00
Epoch 4400 | Train: Loss=0.0001 Acc=100.0% | Test: Acc=96.5% | Best=96.5%(@4400)
  from x3: 0.96 0.96 0.96 0.96 0.96 0.96 0.96 0.96 0.96 0.96 0.96 0.96 0.96
  per-rule acc: 0.89 1.00 1.00
Epoch 4420 | Train: Loss=0.0001 Acc=100.0% | Test: Acc=96.5% | Best=96.5%(@4420)
  from x3: 0.96 0.96 0.97 0.97 0.97 0.97 0.97 0.97 0.97 0.97 0.97 0.97 0.97
  per-rule acc: 0.90 1.00 1.00
Epoch 4440 | Train: Loss=0.0001 Acc=100.0% | Test: Acc=96.5% | Best=96.5%(@4440)
  from x3: 0.97 0.97 0.97 0.97 0.97 0.97 0.97 0.97 0.97 0.97 0.97 0.97 0.97
  per-rule acc: 0.90 1.00 1.00
Epoch 4460 | Train: Loss=0.0001 Acc=100.0% | Test: Acc=96.6% | Best=96.6%(@4460)
  from x3: 0.97 0.97 0.97 0.97 0.97 0.97 0.97 0.97 0.97 0.97 0.97 0.97 0.97
  per-rule acc: 0.90 1.00 1.00
Epoch 4480 | Train: Loss=0.0000 Acc=100.0% | Test: Acc=96.6% | Best=96.6%(@4480)
  from x3: 0.97 0.97 0.97 0.97 0.97 0.97 0.97 0.97 0.97 0.97 0.97 0.97 0.97
  per-rule acc: 0.90 1.00 1.00
Epoch 4500 | Train: Loss=0.0000 Acc=100.0% | Test: Acc=96.6% | Best=96.6%(@4480)
  from x3: 0.97 0.97 0.97 0.97 0.97 0.97 0.97 0.97 0.97 0.97 0.97 0.97 0.97
  per-rule acc: 0.90 1.00 1.00
Epoch 4520 | Train: Loss=0.0000 Acc=100.0% | Test: Acc=96.7% | Best=96.7%(@4520)
  from x3: 0.97 0.97 0.97 0.97 0.97 0.97 0.97 0.97 0.97 0.97 0.97 0.97 0.97
  per-rule acc: 0.90 1.00 1.00
Epoch 4540 | Train: Loss=0.0000 Acc=100.0% | Test: Acc=96.6% | Best=96.7%(@4520)
  from x3: 0.97 0.97 0.97 0.97 0.97 0.97 0.97 0.97 0.97 0.97 0.97 0.97 0.97
  per-rule acc: 0.90 1.00 1.00
Epoch 4560 | Train: Loss=0.0000 Acc=100.0% | Test: Acc=96.6% | Best=96.7%(@4520)
  from x3: 0.97 0.97 0.97 0.97 0.97 0.97 0.97 0.97 0.97 0.97 0.97 0.97 0.97
  per-rule acc: 0.90 1.00 1.00
Epoch 4580 | Train: Loss=0.0009 Acc=100.0% | Test: Acc=96.6% | Best=96.7%(@4520)
  from x3: 0.97 0.97 0.97 0.97 0.97 0.97 0.97 0.97 0.97 0.97 0.97 0.97 0.97
  per-rule acc: 0.90 1.00 1.00
Epoch 4600 | Train: Loss=0.0004 Acc=100.0% | Test: Acc=96.6% | Best=96.7%(@4520)
  from x3: 0.96 0.97 0.97 0.97 0.97 0.97 0.97 0.97 0.97 0.97 0.97 0.97 0.97
  per-rule acc: 0.90 1.00 1.00
Epoch 4620 | Train: Loss=0.0008 Acc=100.0% | Test: Acc=96.4% | Best=96.7%(@4520)
  from x3: 0.96 0.96 0.96 0.96 0.96 0.96 0.96 0.96 0.96 0.96 0.96 0.96 0.96
  per-rule acc: 0.89 1.00 1.00
Epoch 4640 | Train: Loss=0.0017 Acc=100.0% | Test: Acc=96.1% | Best=96.7%(@4520)
  from x3: 0.96 0.96 0.96 0.96 0.96 0.96 0.96 0.96 0.96 0.96 0.96 0.96 0.96
  per-rule acc: 0.88 1.00 1.00
Epoch 4660 | Train: Loss=0.0019 Acc=100.0% | Test: Acc=96.1% | Best=96.7%(@4520)
  from x3: 0.96 0.96 0.96 0.96 0.96 0.96 0.96 0.96 0.96 0.96 0.96 0.96 0.96
  per-rule acc: 0.88 1.00 1.00
Epoch 4680 | Train: Loss=0.0018 Acc=100.0% | Test: Acc=96.2% | Best=96.7%(@4520)
  from x3: 0.96 0.96 0.96 0.96 0.96 0.96 0.96 0.96 0.96 0.96 0.96 0.96 0.96
  per-rule acc: 0.89 1.00 1.00
Epoch 4700 | Train: Loss=0.0016 Acc=100.0% | Test: Acc=96.2% | Best=96.7%(@4520)
  from x3: 0.96 0.96 0.96 0.96 0.96 0.96 0.96 0.96 0.96 0.96 0.96 0.96 0.96
  per-rule acc: 0.89 1.00 1.00
Epoch 4720 | Train: Loss=0.0014 Acc=100.0% | Test: Acc=96.2% | Best=96.7%(@4520)
  from x3: 0.96 0.96 0.96 0.96 0.96 0.96 0.96 0.96 0.96 0.96 0.96 0.96 0.96
  per-rule acc: 0.89 1.00 1.00
Epoch 4740 | Train: Loss=0.0011 Acc=100.0% | Test: Acc=96.3% | Best=96.7%(@4520)
  from x3: 0.96 0.96 0.96 0.96 0.96 0.96 0.96 0.96 0.96 0.96 0.96 0.96 0.96
  per-rule acc: 0.89 1.00 1.00
Epoch 4760 | Train: Loss=0.0009 Acc=100.0% | Test: Acc=96.3% | Best=96.7%(@4520)
  from x3: 0.96 0.96 0.96 0.96 0.96 0.96 0.96 0.96 0.96 0.96 0.96 0.96 0.96
  per-rule acc: 0.89 1.00 1.00
Epoch 4780 | Train: Loss=0.0007 Acc=100.0% | Test: Acc=96.4% | Best=96.7%(@4520)
  from x3: 0.96 0.96 0.96 0.96 0.96 0.96 0.96 0.96 0.96 0.96 0.96 0.96 0.96
  per-rule acc: 0.89 1.00 1.00
Epoch 4800 | Train: Loss=0.0006 Acc=100.0% | Test: Acc=96.4% | Best=96.7%(@4520)
  from x3: 0.96 0.96 0.96 0.96 0.96 0.96 0.96 0.96 0.96 0.96 0.96 0.96 0.96
  per-rule acc: 0.89 1.00 1.00
Epoch 4820 | Train: Loss=0.0005 Acc=100.0% | Test: Acc=96.4% | Best=96.7%(@4520)
  from x3: 0.96 0.96 0.96 0.96 0.96 0.96 0.96 0.96 0.96 0.96 0.96 0.96 0.96
  per-rule acc: 0.89 1.00 1.00
Epoch 4840 | Train: Loss=0.0004 Acc=100.0% | Test: Acc=96.4% | Best=96.7%(@4520)
  from x3: 0.96 0.96 0.96 0.96 0.96 0.96 0.96 0.96 0.96 0.96 0.96 0.96 0.96
  per-rule acc: 0.89 1.00 1.00
Epoch 4860 | Train: Loss=0.0003 Acc=100.0% | Test: Acc=96.5% | Best=96.7%(@4520)
  from x3: 0.96 0.96 0.96 0.96 0.96 0.96 0.96 0.96 0.96 0.96 0.96 0.96 0.96
  per-rule acc: 0.89 1.00 1.00
Epoch 4880 | Train: Loss=0.0003 Acc=100.0% | Test: Acc=96.5% | Best=96.7%(@4520)
  from x3: 0.97 0.96 0.96 0.96 0.96 0.96 0.96 0.96 0.96 0.96 0.96 0.96 0.96
  per-rule acc: 0.89 1.00 1.00
Epoch 4900 | Train: Loss=0.0002 Acc=100.0% | Test: Acc=96.5% | Best=96.7%(@4520)
  from x3: 0.97 0.97 0.97 0.97 0.97 0.97 0.97 0.97 0.97 0.97 0.97 0.97 0.97
  per-rule acc: 0.90 1.00 1.00
Epoch 4920 | Train: Loss=0.0002 Acc=100.0% | Test: Acc=96.6% | Best=96.7%(@4520)
  from x3: 0.97 0.97 0.97 0.97 0.97 0.97 0.97 0.97 0.97 0.97 0.97 0.97 0.97
  per-rule acc: 0.90 1.00 1.00
Epoch 4940 | Train: Loss=0.0001 Acc=100.0% | Test: Acc=96.7% | Best=96.7%(@4940)
  from x3: 0.97 0.97 0.97 0.97 0.97 0.97 0.97 0.97 0.97 0.97 0.97 0.97 0.97
  per-rule acc: 0.90 1.00 1.00
Epoch 4960 | Train: Loss=0.0001 Acc=100.0% | Test: Acc=96.8% | Best=96.8%(@4960)
  from x3: 0.97 0.97 0.97 0.97 0.97 0.97 0.97 0.97 0.97 0.97 0.97 0.97 0.97
  per-rule acc: 0.90 1.00 1.00
Epoch 4980 | Train: Loss=0.0001 Acc=100.0% | Test: Acc=96.8% | Best=96.8%(@4980)
  from x3: 0.97 0.97 0.97 0.97 0.97 0.97 0.97 0.97 0.97 0.97 0.97 0.97 0.97
  per-rule acc: 0.90 1.00 1.00
Epoch 5000 | Train: Loss=0.0001 Acc=100.0% | Test: Acc=96.8% | Best=96.8%(@5000)
  from x3: 0.97 0.97 0.97 0.97 0.97 0.97 0.97 0.97 0.97 0.97 0.97 0.97 0.97
  per-rule acc: 0.90 1.00 1.00
Epoch 5020 | Train: Loss=0.0001 Acc=100.0% | Test: Acc=96.8% | Best=96.8%(@5020)
  from x3: 0.97 0.97 0.97 0.97 0.97 0.97 0.97 0.97 0.97 0.97 0.97 0.97 0.97
  per-rule acc: 0.91 1.00 1.00
Epoch 5040 | Train: Loss=0.0001 Acc=100.0% | Test: Acc=96.9% | Best=96.9%(@5040)
  from x3: 0.97 0.97 0.97 0.97 0.97 0.97 0.97 0.97 0.97 0.97 0.97 0.97 0.97
  per-rule acc: 0.91 1.00 1.00
Epoch 5060 | Train: Loss=0.0000 Acc=100.0% | Test: Acc=96.9% | Best=96.9%(@5060)
  from x3: 0.97 0.97 0.97 0.97 0.97 0.97 0.97 0.97 0.97 0.97 0.97 0.97 0.97
  per-rule acc: 0.91 1.00 1.00
Epoch 5080 | Train: Loss=0.0000 Acc=100.0% | Test: Acc=96.9% | Best=96.9%(@5080)
  from x3: 0.97 0.97 0.97 0.97 0.97 0.97 0.97 0.97 0.97 0.97 0.97 0.97 0.97
  per-rule acc: 0.91 1.00 1.00
Epoch 5100 | Train: Loss=0.0000 Acc=100.0% | Test: Acc=97.0% | Best=97.0%(@5100)
  from x3: 0.97 0.97 0.97 0.97 0.97 0.97 0.97 0.97 0.97 0.97 0.97 0.97 0.97
  per-rule acc: 0.91 1.00 1.00
Epoch 5120 | Train: Loss=0.0000 Acc=100.0% | Test: Acc=97.0% | Best=97.0%(@5120)
  from x3: 0.97 0.97 0.97 0.97 0.97 0.97 0.97 0.97 0.97 0.97 0.97 0.97 0.97
  per-rule acc: 0.91 1.00 1.00
Epoch 5140 | Train: Loss=0.0000 Acc=100.0% | Test: Acc=97.0% | Best=97.0%(@5140)
  from x3: 0.97 0.97 0.97 0.97 0.97 0.97 0.97 0.97 0.97 0.97 0.97 0.97 0.97
  per-rule acc: 0.91 1.00 1.00
Epoch 5160 | Train: Loss=0.0000 Acc=100.0% | Test: Acc=97.0% | Best=97.0%(@5140)
  from x3: 0.97 0.97 0.97 0.97 0.97 0.97 0.97 0.97 0.97 0.97 0.97 0.97 0.97
  per-rule acc: 0.91 1.00 1.00
Epoch 5180 | Train: Loss=0.0000 Acc=100.0% | Test: Acc=97.0% | Best=97.0%(@5140)
  from x3: 0.97 0.97 0.97 0.97 0.97 0.97 0.97 0.97 0.97 0.97 0.97 0.97 0.97
  per-rule acc: 0.91 1.00 1.00
Epoch 5200 | Train: Loss=0.0000 Acc=100.0% | Test: Acc=97.0% | Best=97.0%(@5140)
  from x3: 0.97 0.97 0.97 0.97 0.97 0.97 0.97 0.97 0.97 0.97 0.97 0.97 0.97
  per-rule acc: 0.91 1.00 1.00
Epoch 5220 | Train: Loss=0.0000 Acc=100.0% | Test: Acc=97.0% | Best=97.0%(@5140)
  from x3: 0.97 0.97 0.97 0.97 0.97 0.97 0.97 0.97 0.97 0.97 0.97 0.97 0.97
  per-rule acc: 0.91 1.00 1.00
Epoch 5240 | Train: Loss=0.0000 Acc=100.0% | Test: Acc=97.0% | Best=97.0%(@5140)
  from x3: 0.97 0.97 0.97 0.97 0.97 0.97 0.97 0.97 0.97 0.97 0.97 0.97 0.97
  per-rule acc: 0.91 1.00 1.00
Epoch 5260 | Train: Loss=0.0000 Acc=100.0% | Test: Acc=97.0% | Best=97.0%(@5140)
  from x3: 0.97 0.97 0.97 0.97 0.97 0.97 0.97 0.97 0.97 0.97 0.97 0.97 0.97
  per-rule acc: 0.91 1.00 1.00
Epoch 5280 | Train: Loss=0.0000 Acc=100.0% | Test: Acc=97.0% | Best=97.0%(@5140)
  from x3: 0.97 0.97 0.97 0.97 0.97 0.97 0.97 0.97 0.97 0.97 0.97 0.97 0.97
  per-rule acc: 0.91 1.00 1.00
Epoch 5300 | Train: Loss=0.0002 Acc=100.0% | Test: Acc=96.6% | Best=97.0%(@5140)
  from x3: 0.97 0.97 0.97 0.97 0.97 0.97 0.97 0.97 0.97 0.97 0.97 0.97 0.97
  per-rule acc: 0.90 1.00 1.00
Epoch 5320 | Train: Loss=0.0032 Acc=100.0% | Test: Acc=96.1% | Best=97.0%(@5140)
  from x3: 0.96 0.96 0.96 0.96 0.96 0.96 0.96 0.96 0.96 0.96 0.96 0.96 0.96
  per-rule acc: 0.88 1.00 1.00
Epoch 5340 | Train: Loss=0.0007 Acc=100.0% | Test: Acc=96.2% | Best=97.0%(@5140)
  from x3: 0.96 0.96 0.96 0.96 0.96 0.96 0.96 0.96 0.96 0.96 0.96 0.96 0.96
  per-rule acc: 0.89 1.00 1.00
Epoch 5360 | Train: Loss=0.0011 Acc=100.0% | Test: Acc=96.2% | Best=97.0%(@5140)
  from x3: 0.96 0.96 0.96 0.96 0.96 0.96 0.96 0.96 0.96 0.96 0.96 0.96 0.96
  per-rule acc: 0.89 1.00 1.00
Epoch 5380 | Train: Loss=0.0014 Acc=100.0% | Test: Acc=96.1% | Best=97.0%(@5140)
  from x3: 0.96 0.96 0.96 0.96 0.96 0.96 0.96 0.96 0.96 0.96 0.96 0.96 0.96
  per-rule acc: 0.88 1.00 1.00
Epoch 5400 | Train: Loss=0.0014 Acc=100.0% | Test: Acc=96.1% | Best=97.0%(@5140)
  from x3: 0.96 0.96 0.96 0.96 0.96 0.96 0.96 0.96 0.96 0.96 0.96 0.96 0.96
  per-rule acc: 0.88 1.00 1.00
Epoch 5420 | Train: Loss=0.0013 Acc=100.0% | Test: Acc=96.2% | Best=97.0%(@5140)
  from x3: 0.96 0.96 0.96 0.96 0.96 0.96 0.96 0.96 0.96 0.96 0.96 0.96 0.96
  per-rule acc: 0.88 1.00 1.00
Epoch 5440 | Train: Loss=0.0011 Acc=100.0% | Test: Acc=96.1% | Best=97.0%(@5140)
  from x3: 0.96 0.96 0.96 0.96 0.96 0.96 0.96 0.96 0.96 0.96 0.96 0.96 0.96
  per-rule acc: 0.88 1.00 1.00
Epoch 5460 | Train: Loss=0.0010 Acc=100.0% | Test: Acc=96.2% | Best=97.0%(@5140)
  from x3: 0.96 0.96 0.96 0.96 0.96 0.96 0.96 0.96 0.96 0.96 0.96 0.96 0.96
  per-rule acc: 0.89 1.00 1.00
Epoch 5480 | Train: Loss=0.0008 Acc=100.0% | Test: Acc=96.2% | Best=97.0%(@5140)
  from x3: 0.96 0.96 0.96 0.96 0.96 0.96 0.96 0.96 0.96 0.96 0.96 0.96 0.96
  per-rule acc: 0.89 1.00 1.00
Epoch 5500 | Train: Loss=0.0006 Acc=100.0% | Test: Acc=96.2% | Best=97.0%(@5140)
  from x3: 0.96 0.96 0.96 0.96 0.96 0.96 0.96 0.96 0.96 0.96 0.96 0.96 0.96
  per-rule acc: 0.89 1.00 1.00
Epoch 5520 | Train: Loss=0.0005 Acc=100.0% | Test: Acc=96.2% | Best=97.0%(@5140)
  from x3: 0.96 0.96 0.96 0.96 0.96 0.96 0.96 0.96 0.96 0.96 0.96 0.96 0.96
  per-rule acc: 0.89 1.00 1.00
Epoch 5540 | Train: Loss=0.0004 Acc=100.0% | Test: Acc=96.3% | Best=97.0%(@5140)
  from x3: 0.96 0.96 0.96 0.96 0.96 0.96 0.96 0.96 0.96 0.96 0.96 0.96 0.96
  per-rule acc: 0.89 1.00 1.00
Epoch 5560 | Train: Loss=0.0003 Acc=100.0% | Test: Acc=96.3% | Best=97.0%(@5140)
  from x3: 0.96 0.96 0.96 0.96 0.96 0.96 0.96 0.96 0.96 0.96 0.96 0.96 0.96
  per-rule acc: 0.89 1.00 1.00
Epoch 5580 | Train: Loss=0.0003 Acc=100.0% | Test: Acc=96.4% | Best=97.0%(@5140)
  from x3: 0.96 0.96 0.96 0.96 0.96 0.96 0.96 0.96 0.96 0.96 0.96 0.96 0.96
  per-rule acc: 0.89 1.00 1.00
Epoch 5600 | Train: Loss=0.0002 Acc=100.0% | Test: Acc=96.4% | Best=97.0%(@5140)
  from x3: 0.96 0.96 0.96 0.96 0.96 0.96 0.96 0.96 0.96 0.96 0.96 0.96 0.96
  per-rule acc: 0.89 1.00 1.00
Epoch 5620 | Train: Loss=0.0002 Acc=100.0% | Test: Acc=96.4% | Best=97.0%(@5140)
  from x3: 0.96 0.96 0.96 0.96 0.96 0.96 0.96 0.96 0.96 0.96 0.96 0.96 0.96
  per-rule acc: 0.89 1.00 1.00
Epoch 5640 | Train: Loss=0.0001 Acc=100.0% | Test: Acc=96.4% | Best=97.0%(@5140)
  from x3: 0.96 0.96 0.96 0.96 0.96 0.96 0.96 0.96 0.96 0.96 0.96 0.96 0.96
  per-rule acc: 0.89 1.00 1.00
Epoch 5660 | Train: Loss=0.0001 Acc=100.0% | Test: Acc=96.4% | Best=97.0%(@5140)
  from x3: 0.97 0.96 0.96 0.96 0.96 0.96 0.96 0.96 0.96 0.96 0.96 0.96 0.96
  per-rule acc: 0.89 1.00 1.00
Epoch 5680 | Train: Loss=0.0001 Acc=100.0% | Test: Acc=96.5% | Best=97.0%(@5140)
  from x3: 0.97 0.96 0.97 0.97 0.97 0.97 0.97 0.97 0.97 0.97 0.97 0.97 0.97
  per-rule acc: 0.90 1.00 1.00
Epoch 5700 | Train: Loss=0.0001 Acc=100.0% | Test: Acc=96.5% | Best=97.0%(@5140)
  from x3: 0.97 0.97 0.97 0.97 0.97 0.97 0.97 0.97 0.97 0.97 0.97 0.97 0.97
  per-rule acc: 0.90 1.00 1.00
Epoch 5720 | Train: Loss=0.0001 Acc=100.0% | Test: Acc=96.5% | Best=97.0%(@5140)
  from x3: 0.97 0.97 0.97 0.97 0.97 0.97 0.97 0.97 0.97 0.97 0.97 0.97 0.97
  per-rule acc: 0.90 1.00 1.00
Epoch 5740 | Train: Loss=0.0001 Acc=100.0% | Test: Acc=96.6% | Best=97.0%(@5140)
  from x3: 0.97 0.97 0.97 0.97 0.97 0.97 0.97 0.97 0.97 0.97 0.97 0.97 0.97
  per-rule acc: 0.90 1.00 1.00
Epoch 5760 | Train: Loss=0.0000 Acc=100.0% | Test: Acc=96.6% | Best=97.0%(@5140)
  from x3: 0.97 0.97 0.97 0.97 0.97 0.97 0.97 0.97 0.97 0.97 0.97 0.97 0.97
  per-rule acc: 0.90 1.00 1.00
Epoch 5780 | Train: Loss=0.0000 Acc=100.0% | Test: Acc=96.6% | Best=97.0%(@5140)
  from x3: 0.97 0.97 0.97 0.97 0.97 0.97 0.97 0.97 0.97 0.97 0.97 0.97 0.97
  per-rule acc: 0.90 1.00 1.00
Epoch 5800 | Train: Loss=0.0000 Acc=100.0% | Test: Acc=96.7% | Best=97.0%(@5140)
  from x3: 0.97 0.97 0.97 0.97 0.97 0.97 0.97 0.97 0.97 0.97 0.97 0.97 0.97
  per-rule acc: 0.90 1.00 1.00
Epoch 5820 | Train: Loss=0.0000 Acc=100.0% | Test: Acc=96.7% | Best=97.0%(@5140)
  from x3: 0.97 0.97 0.97 0.97 0.97 0.97 0.97 0.97 0.97 0.97 0.97 0.97 0.97
  per-rule acc: 0.90 1.00 1.00
Epoch 5840 | Train: Loss=0.0000 Acc=100.0% | Test: Acc=96.7% | Best=97.0%(@5140)
  from x3: 0.97 0.97 0.97 0.97 0.97 0.97 0.97 0.97 0.97 0.97 0.97 0.97 0.97
  per-rule acc: 0.90 1.00 1.00
Epoch 5860 | Train: Loss=0.0002 Acc=100.0% | Test: Acc=96.8% | Best=97.0%(@5140)
  from x3: 0.97 0.97 0.97 0.97 0.97 0.97 0.97 0.97 0.97 0.97 0.97 0.97 0.97
  per-rule acc: 0.90 1.00 1.00
Epoch 5880 | Train: Loss=0.0058 Acc=100.0% | Test: Acc=96.4% | Best=97.0%(@5140)
  from x3: 0.97 0.96 0.96 0.96 0.96 0.96 0.96 0.96 0.96 0.96 0.96 0.96 0.96
  per-rule acc: 0.89 1.00 1.00
Epoch 5900 | Train: Loss=0.0005 Acc=100.0% | Test: Acc=96.3% | Best=97.0%(@5140)
  from x3: 0.96 0.96 0.96 0.96 0.96 0.96 0.96 0.96 0.96 0.96 0.96 0.96 0.96
  per-rule acc: 0.89 1.00 1.00
Epoch 5920 | Train: Loss=0.0010 Acc=100.0% | Test: Acc=96.2% | Best=97.0%(@5140)
  from x3: 0.96 0.96 0.96 0.96 0.96 0.96 0.96 0.96 0.96 0.96 0.96 0.96 0.96
  per-rule acc: 0.89 1.00 1.00
Epoch 5940 | Train: Loss=0.0013 Acc=100.0% | Test: Acc=96.0% | Best=97.0%(@5140)
  from x3: 0.96 0.96 0.96 0.96 0.96 0.96 0.96 0.96 0.96 0.96 0.96 0.96 0.96
  per-rule acc: 0.88 1.00 1.00
Epoch 5960 | Train: Loss=0.0014 Acc=100.0% | Test: Acc=96.0% | Best=97.0%(@5140)
  from x3: 0.96 0.96 0.96 0.96 0.96 0.96 0.96 0.96 0.96 0.96 0.96 0.96 0.96
  per-rule acc: 0.88 1.00 1.00
Epoch 5980 | Train: Loss=0.0013 Acc=100.0% | Test: Acc=96.0% | Best=97.0%(@5140)
  from x3: 0.96 0.96 0.96 0.96 0.96 0.96 0.96 0.96 0.96 0.96 0.96 0.96 0.96
  per-rule acc: 0.88 1.00 1.00
Epoch 6000 | Train: Loss=0.0012 Acc=100.0% | Test: Acc=96.0% | Best=97.0%(@5140)
  from x3: 0.96 0.96 0.96 0.96 0.96 0.96 0.96 0.96 0.96 0.96 0.96 0.96 0.96
  per-rule acc: 0.88 1.00 1.00
Epoch 6020 | Train: Loss=0.0010 Acc=100.0% | Test: Acc=96.0% | Best=97.0%(@5140)
  from x3: 0.96 0.96 0.96 0.96 0.96 0.96 0.96 0.96 0.96 0.96 0.96 0.96 0.96
  per-rule acc: 0.88 1.00 1.00
Epoch 6040 | Train: Loss=0.0008 Acc=100.0% | Test: Acc=96.0% | Best=97.0%(@5140)
  from x3: 0.96 0.96 0.96 0.96 0.96 0.96 0.96 0.96 0.96 0.96 0.96 0.96 0.96
  per-rule acc: 0.88 1.00 1.00
Epoch 6060 | Train: Loss=0.0007 Acc=100.0% | Test: Acc=96.0% | Best=97.0%(@5140)
  from x3: 0.96 0.96 0.96 0.96 0.96 0.96 0.96 0.96 0.96 0.96 0.96 0.96 0.96
  per-rule acc: 0.88 1.00 1.00
Epoch 6080 | Train: Loss=0.0006 Acc=100.0% | Test: Acc=96.0% | Best=97.0%(@5140)
  from x3: 0.96 0.96 0.96 0.96 0.96 0.96 0.96 0.96 0.96 0.96 0.96 0.96 0.96
  per-rule acc: 0.88 1.00 1.00
Epoch 6100 | Train: Loss=0.0004 Acc=100.0% | Test: Acc=96.1% | Best=97.0%(@5140)
  from x3: 0.96 0.96 0.96 0.96 0.96 0.96 0.96 0.96 0.96 0.96 0.96 0.96 0.96
  per-rule acc: 0.88 1.00 1.00
Epoch 6120 | Train: Loss=0.0004 Acc=100.0% | Test: Acc=96.1% | Best=97.0%(@5140)
  from x3: 0.96 0.96 0.96 0.96 0.96 0.96 0.96 0.96 0.96 0.96 0.96 0.96 0.96
  per-rule acc: 0.88 1.00 1.00
Epoch 6140 | Train: Loss=0.0003 Acc=100.0% | Test: Acc=96.2% | Best=97.0%(@5140)
  from x3: 0.96 0.96 0.96 0.96 0.96 0.96 0.96 0.96 0.96 0.96 0.96 0.96 0.96
  per-rule acc: 0.88 1.00 1.00
[Early stop] No improvement for 1000 consecutive epochs

==================================================
Saving model...
[OK] Model saved to: /home/cxm/ai/test0627-multitask-overlap/models/mixed_cond_d128l1_r16_n3_e50.pth
  File size: 2473.8 KB
  Best test accuracy: 97.04%

==================================================
Final generation test (given first two items, AB generates 3rd as prompt, validate from 4th)
==================================================

--- AB pair 1: (1, 1) ---

--- Statistics for AB=(1,1) ---
Exposed    samples:  1404 | In-dist: 18252/18252 (100.0%) | OOD: 22464/22464 (100.0%)
Unexposed  samples:  1405 | In-dist: 17107/18265 ( 93.7%) | OOD: 22106/22480 ( 98.3%)

--- AB pair 2: (1, 2) ---

--- Statistics for AB=(1,2) ---
Exposed    samples:  1404 | In-dist: 18252/18252 (100.0%) | OOD: 22464/22464 (100.0%)
Unexposed  samples:  1405 | In-dist: 18265/18265 (100.0%) | OOD: 22480/22480 (100.0%)

--- AB pair 3: (1, 3) ---

--- Statistics for AB=(1,3) ---
Exposed    samples:  1404 | In-dist: 18252/18252 (100.0%) | OOD: 22464/22464 (100.0%)
Unexposed  samples:  1405 | In-dist: 18265/18265 (100.0%) | OOD: 22480/22480 (100.0%)

--- Return code: 0 ---

======================================================================
Attention Analysis
======================================================================
Model config: addition (default), p=53
Best test accuracy: 0.9703622593302309
Training epochs: 6140

Random test sequence 1/5 (length 32): [42, 35, 24, 6, 30, 36, 13, 49, 9, 5, 14, 19, 33, 52, 32, 31, 10, 41, 51, 39]...

======================================================================
Attention Layer Training Result Summary
======================================================================
Input sequence: [42, 35, 24, 6, 30, 36, 13, 49, 9, 5, 14, 19, 33, 52, 32, 31, 10, 41, 51, 39, 37, 23, 7, 30, 37, 14, 51, 12, 10, 22, 32, 1]

--- Layer 0 ---
  Head 0: Entropy=0.448
    Attention coefficients from each query position to previous positions:
      i= 0 -> j=0:1.000
      i= 1 -> j=0:0.131, j=1:0.869
      i= 2 -> j=0:0.010, j=1:0.116, j=2:0.875
      i= 3 -> j=0:0.002, j=1:0.016, j=2:0.119, j=3:0.863
      i= 4 -> j=0:0.000, j=1:0.000, j=2:0.006, j=3:0.113, j=4:0.881
      i= 5 -> j=0:0.000, j=1:0.000, j=2:0.000, j=3:0.001, j=4:0.030, j=5:0.969
      i= 6 -> j=0:0.000, j=1:0.000, j=2:0.000, j=3:0.001, j=4:0.009, j=5:0.117, j=6:0.873
      i= 7 -> j=0:0.000, j=1:0.000, j=2:0.000, j=3:0.000, j=4:0.001, j=5:0.007, j=6:0.115, j=7:0.877
      i= 8 -> j=0:0.000, j=1:0.000, j=2:0.000, j=3:0.000, j=4:0.000, j=5:0.001, j=6:0.010, j=7:0.116, j=8:0.873
      i= 9 -> j=0:0.000, j=1:0.000, j=2:0.000, j=3:0.000, j=4:0.000, j=5:0.000, j=6:0.000, j=7:0.001, j=8:0.023, j=9:0.976
      i=10 -> j=0:0.001, j=1:0.001, j=2:0.001, j=3:0.000, j=4:0.000, j=5:0.000, j=6:0.000, j=7:0.002, j=8:0.018, j=9:0.222, j=10:0.755
      i=11 -> j=0:0.000, j=1:0.000, j=2:0.000, j=3:0.000, j=4:0.000, j=5:0.000, j=6:0.000, j=7:0.000, j=8:0.000, j=9:0.003, j=10:0.049, j=11:0.947
      i=12 -> j=0:0.000, j=1:0.000, j=2:0.000, j=3:0.000, j=4:0.000, j=5:0.000, j=6:0.000, j=7:0.000, j=8:0.000, j=9:0.000, j=10:0.006, j=11:0.120, j=12:0.873
      i=13 -> j=0:0.000, j=1:0.000, j=2:0.000, j=3:0.000, j=4:0.000, j=5:0.000, j=6:0.000, j=7:0.000, j=8:0.000, j=9:0.000, j=10:0.000, j=11:0.002, j=12:0.049, j=13:0.949
      i=14 -> j=0:0.001, j=1:0.001, j=2:0.000, j=3:0.001, j=4:0.001, j=5:0.000, j=6:0.000, j=7:0.000, j=8:0.000, j=9:0.000, j=10:0.001, j=11:0.006, j=12:0.038, j=13:0.169, j=14:0.782
      i=15 -> j=0:0.000, j=1:0.000, j=2:0.000, j=3:0.000, j=4:0.000, j=5:0.000, j=6:0.000, j=7:0.000, j=8:0.000, j=9:0.000, j=10:0.000, j=11:0.000, j=12:0.000, j=13:0.003, j=14:0.064, j=15:0.932
      i=16 -> j=0:0.000, j=1:0.000, j=2:0.000, j=3:0.000, j=4:0.000, j=5:0.000, j=6:0.000, j=7:0.000, j=8:0.000, j=9:0.000, j=10:0.000, j=11:0.000, j=12:0.000, j=13:0.000, j=14:0.005, j=15:0.071, j=16:0.923
      i=17 -> j=0:0.005, j=1:0.004, j=2:0.004, j=3:0.002, j=4:0.001, j=5:0.001, j=6:0.001, j=7:0.002, j=8:0.002, j=9:0.001, j=10:0.001, j=11:0.000, j=12:0.000, j=13:0.001, j=14:0.009, j=15:0.051, j=16:0.296, j=17:0.619
      i=18 -> j=0:0.001, j=1:0.001, j=2:0.001, j=3:0.001, j=4:0.000, j=5:0.000, j=6:0.000, j=7:0.000, j=8:0.001, j=9:0.000, j=10:0.000, j=11:0.000, j=12:0.000, j=13:0.000, j=14:0.001, j=15:0.003, j=16:0.022, j=17:0.131, j=18:0.836
      i=19 -> j=0:0.001, j=1:0.001, j=2:0.001, j=3:0.001, j=4:0.001, j=5:0.000, j=6:0.000, j=7:0.000, j=8:0.000, j=9:0.000, j=10:0.000, j=11:0.000, j=12:0.000, j=13:0.000, j=14:0.000, j=15:0.000, j=16:0.000, j=17:0.006, j=18:0.085, j=19:0.904
      i=20 -> j=0:0.000, j=1:0.000, j=2:0.000, j=3:0.000, j=4:0.000, j=5:0.000, j=6:0.000, j=7:0.000, j=8:0.000, j=9:0.000, j=10:0.000, j=11:0.000, j=12:0.000, j=13:0.000, j=14:0.000, j=15:0.000, j=16:0.000, j=17:0.001, j=18:0.005, j=19:0.073, j=20:0.918
      i=21 -> j=0:0.003, j=1:0.002, j=2:0.001, j=3:0.001, j=4:0.001, j=5:0.001, j=6:0.001, j=7:0.001, j=8:0.000, j=9:0.000, j=10:0.000, j=11:0.000, j=12:0.000, j=13:0.000, j=14:0.000, j=15:0.000, j=16:0.000, j=17:0.000, j=18:0.001, j=19:0.007, j=20:0.132, j=21:0.846
      i=22 -> j=0:0.002, j=1:0.001, j=2:0.001, j=3:0.001, j=4:0.000, j=5:0.000, j=6:0.001, j=7:0.001, j=8:0.000, j=9:0.000, j=10:0.000, j=11:0.000, j=12:0.000, j=13:0.000, j=14:0.000, j=15:0.000, j=16:0.000, j=17:0.000, j=18:0.000, j=19:0.001, j=20:0.009, j=21:0.080, j=22:0.902
      i=23 -> j=0:0.002, j=1:0.001, j=2:0.001, j=3:0.001, j=4:0.000, j=5:0.000, j=6:0.000, j=7:0.001, j=8:0.000, j=9:0.000, j=10:0.000, j=11:0.000, j=12:0.000, j=13:0.000, j=14:0.000, j=15:0.000, j=16:0.000, j=17:0.000, j=18:0.000, j=19:0.000, j=20:0.000, j=21:0.005, j=22:0.125, j=23:0.862
      i=24 -> j=0:0.001, j=1:0.001, j=2:0.001, j=3:0.001, j=4:0.000, j=5:0.000, j=6:0.000, j=7:0.000, j=8:0.000, j=9:0.000, j=10:0.000, j=11:0.000, j=12:0.000, j=13:0.000, j=14:0.000, j=15:0.000, j=16:0.000, j=17:0.000, j=18:0.000, j=19:0.000, j=20:0.000, j=21:0.000, j=22:0.006, j=23:0.060, j=24:0.929
      i=25 -> j=0:0.004, j=1:0.005, j=2:0.006, j=3:0.006, j=4:0.005, j=5:0.002, j=6:0.002, j=7:0.002, j=8:0.003, j=9:0.002, j=10:0.003, j=11:0.001, j=12:0.001, j=13:0.000, j=14:0.001, j=15:0.001, j=16:0.001, j=17:0.001, j=18:0.000, j=19:0.000, j=20:0.000, j=21:0.000, j=22:0.002, j=23:0.015, j=24:0.206, j=25:0.732
      i=26 -> j=0:0.003, j=1:0.002, j=2:0.002, j=3:0.003, j=4:0.003, j=5:0.002, j=6:0.001, j=7:0.001, j=8:0.001, j=9:0.001, j=10:0.002, j=11:0.001, j=12:0.000, j=13:0.000, j=14:0.000, j=15:0.000, j=16:0.000, j=17:0.001, j=18:0.000, j=19:0.000, j=20:0.000, j=21:0.000, j=22:0.000, j=23:0.002, j=24:0.022, j=25:0.113, j=26:0.837
      i=27 -> j=0:0.003, j=1:0.002, j=2:0.001, j=3:0.002, j=4:0.002, j=5:0.002, j=6:0.002, j=7:0.001, j=8:0.001, j=9:0.000, j=10:0.001, j=11:0.001, j=12:0.001, j=13:0.000, j=14:0.000, j=15:0.000, j=16:0.000, j=17:0.000, j=18:0.000, j=19:0.000, j=20:0.000, j=21:0.000, j=22:0.000, j=23:0.000, j=24:0.001, j=25:0.010, j=26:0.124, j=27:0.845
      i=28 -> j=0:0.002, j=1:0.001, j=2:0.000, j=3:0.000, j=4:0.000, j=5:0.001, j=6:0.001, j=7:0.001, j=8:0.000, j=9:0.000, j=10:0.000, j=11:0.000, j=12:0.000, j=13:0.000, j=14:0.000, j=15:0.000, j=16:0.000, j=17:0.000, j=18:0.000, j=19:0.000, j=20:0.000, j=21:0.000, j=22:0.000, j=23:0.000, j=24:0.000, j=25:0.000, j=26:0.005, j=27:0.061, j=28:0.927
      i=29 -> j=0:0.002, j=1:0.002, j=2:0.001, j=3:0.001, j=4:0.001, j=5:0.001, j=6:0.001, j=7:0.001, j=8:0.001, j=9:0.000, j=10:0.000, j=11:0.000, j=12:0.000, j=13:0.000, j=14:0.000, j=15:0.000, j=16:0.000, j=17:0.000, j=18:0.000, j=19:0.000, j=20:0.000, j=21:0.000, j=22:0.000, j=23:0.000, j=24:0.000, j=25:0.000, j=26:0.000, j=27:0.002, j=28:0.059, j=29:0.928
      i=30 -> j=0:0.008, j=1:0.009, j=2:0.007, j=3:0.004, j=4:0.002, j=5:0.001, j=6:0.003, j=7:0.004, j=8:0.004, j=9:0.002, j=10:0.002, j=11:0.001, j=12:0.001, j=13:0.001, j=14:0.002, j=15:0.001, j=16:0.001, j=17:0.001, j=18:0.001, j=19:0.000, j=20:0.000, j=21:0.001, j=22:0.000, j=23:0.000, j=24:0.000, j=25:0.000, j=26:0.001, j=27:0.006, j=28:0.043, j=29:0.161, j=30:0.732
      i=31 -> j=0:0.002, j=1:0.003, j=2:0.004, j=3:0.003, j=4:0.002, j=5:0.001, j=6:0.001, j=7:0.001, j=8:0.002, j=9:0.001, j=10:0.001, j=11:0.001, j=12:0.000, j=13:0.000, j=14:0.001, j=15:0.001, j=16:0.000, j=17:0.000, j=18:0.000, j=19:0.000, j=20:0.000, j=21:0.000, j=22:0.000, j=23:0.000, j=24:0.000, j=25:0.000, j=26:0.000, j=27:0.000, j=28:0.001, j=29:0.014, j=30:0.113, j=31:0.847
    Average attention per distance:
      d=0:0.871, d=1:0.111, d=2:0.012


======================================================================
QK Property Verification (Raw Scores, before Softmax)
======================================================================
Recurrence order init_len=2, num test sequences=1

--- [P1] Long-distance Orthogonality Verification ---
Ideal: raw_score mean ≈ 0 and small std when d > init_len

  Layer 0, Head 0:
    d= 1 (effective): mean=  2.113, std= 0.246, n=31
    d= 2 (effective): mean= -0.442, std= 0.522, n=30
    d>2 (long-distance): mean= -3.872, std= 1.422, n=435

--- [P2] Time-homogeneous Verification ---
Ideal: CV of raw_score across positions i ≈ 0 for fixed distance d
(CV = std / |mean|, smaller = more constant)

  Layer 0, Head 0:
    d= 1: mean=  2.113, std= 0.246, CV=0.116, n=31
    d= 2: mean= -0.442, std= 0.522, CV=1.181, n=30

======================================================================
QK Property Verification Completed
======================================================================
