=== Experiment: mixed_cond_d256l1_r16_n4_e50 ===
Time: 2026-06-27T02:14:11.617412
Task type: mixed_ab
Merged config: {
  "P": 53,
  "TASK": "mixed_ab",
  "NUM_MASK": 0,
  "A": 1,
  "B": 1,
  "AB_PAIRS": [
    [
      1,
      1
    ],
    [
      1,
      2
    ],
    [
      1,
      3
    ],
    [
      1,
      4
    ]
  ],
  "D_MODEL": 256,
  "N_HEAD": 1,
  "N_LAYER": 1,
  "BATCH_SIZE": 128,
  "EPOCHS": 10000,
  "LR": 0.0003,
  "SAVE_PATH": "models/mixed_cond_d256l1_r16_n4_e50.pth",
  "USE_GREEDY_GENERATE": true,
  "USE_LEARNABLE_PE": false,
  "MLP_RATIO": 16,
  "TRAIN_LEN": 16,
  "OOD_LEN": 32,
  "DROPOUT": 0.0,
  "TARGET_INIT_COVERAGE": 0.5,
  "MAX_UNIQUE_RATIO": 0.5,
  "WEIGHT_DECAY": 1,
  "ENTROPY_PENALTY_WEIGHT": 0.0,
  "FIRST_TASK_WEIGHT": 1.0,
  "RANDOM_SEED": 42,
  "EVAL_INTERVAL": 20,
  "EARLY_STOP_NO_IMPROVE": 1000,
  "EARLY_STOP_ACCURACY": 0.99,
  "USE_AB_TAG": false,
  "USE_CONDITIONAL_WTE": true,
  "COND_WTE_SHARED_RATIO": 0.0,
  "MIXED_AB_MAX_UNIQUE_RATIOS": [
    0.5,
    0.5,
    0.5,
    0.5
  ],
  "SKIP_FINAL_GENERATION_TEST": true
}
--- output ---
Using device: cuda

[Dataset] Mixed mode: generated 5616 + 5620 samples, length 16
AB parameter pairs: [(1, 1), (1, 2), (1, 3), (1, 4)]
  - AB=(1,1): train 1404 | test 1405 | exposed ~50.0%
  - AB=(1,2): train 1404 | test 1405 | exposed ~50.0%
  - AB=(1,3): train 1404 | test 1405 | exposed ~50.0%
  - AB=(1,4): train 1404 | test 1405 | exposed ~50.0%
--------------------------------------------------
[Model config] block_size: 32, train length: 16
[Number theory] AB parameter pairs: [(1, 1), (1, 2), (1, 3), (1, 4)]


Model parameters: 2.47M

Start training...
Epoch   0 | Train: Loss=4.0772 Acc=6.1% | Test: Acc=0.1% | Best=0.1%(@0)
  from x3: 0.00 0.00 0.00 0.00 0.00 0.00 0.00 0.00 0.00 0.00 0.00 0.00 0.00
  per-rule acc: 0.00 0.00 0.00 0.00
Epoch  20 | Train: Loss=0.0434 Acc=99.3% | Test: Acc=0.3% | Best=0.3%(@20)
  from x3: 0.01 0.00 0.00 0.00 0.00 0.00 0.00 0.00 0.00 0.00 0.00 0.00 0.00
  per-rule acc: 0.01 0.00 0.00 0.00
Epoch  40 | Train: Loss=0.0226 Acc=99.8% | Test: Acc=1.0% | Best=1.0%(@40)
  from x3: 0.02 0.01 0.01 0.01 0.01 0.01 0.01 0.01 0.01 0.01 0.01 0.01 0.01
  per-rule acc: 0.02 0.00 0.01 0.01
Epoch  60 | Train: Loss=0.0218 Acc=99.9% | Test: Acc=1.4% | Best=1.4%(@60)
  from x3: 0.02 0.01 0.01 0.01 0.01 0.01 0.01 0.01 0.01 0.01 0.01 0.01 0.01
  per-rule acc: 0.02 0.01 0.01 0.01
Epoch  80 | Train: Loss=0.0091 Acc=100.0% | Test: Acc=1.8% | Best=1.8%(@80)
  from x3: 0.02 0.02 0.02 0.02 0.02 0.02 0.02 0.02 0.02 0.02 0.02 0.02 0.02
  per-rule acc: 0.02 0.02 0.02 0.02
Epoch 100 | Train: Loss=0.0121 Acc=100.0% | Test: Acc=2.0% | Best=2.0%(@100)
  from x3: 0.02 0.02 0.02 0.02 0.02 0.02 0.02 0.02 0.02 0.02 0.02 0.02 0.02
  per-rule acc: 0.02 0.02 0.02 0.02
Epoch 120 | Train: Loss=0.0050 Acc=100.0% | Test: Acc=2.0% | Best=2.0%(@120)
  from x3: 0.02 0.02 0.02 0.02 0.02 0.02 0.02 0.02 0.02 0.02 0.02 0.02 0.02
  per-rule acc: 0.02 0.02 0.02 0.02
Epoch 140 | Train: Loss=0.0074 Acc=100.0% | Test: Acc=2.1% | Best=2.1%(@140)
  from x3: 0.02 0.02 0.02 0.02 0.02 0.02 0.02 0.02 0.02 0.02 0.02 0.02 0.02
  per-rule acc: 0.02 0.02 0.02 0.02
Epoch 160 | Train: Loss=0.0164 Acc=100.0% | Test: Acc=2.0% | Best=2.1%(@140)
  from x3: 0.02 0.02 0.02 0.02 0.02 0.02 0.02 0.02 0.02 0.02 0.02 0.02 0.02
  per-rule acc: 0.02 0.02 0.02 0.02
Epoch 180 | Train: Loss=0.0114 Acc=99.9% | Test: Acc=2.3% | Best=2.3%(@180)
  from x3: 0.02 0.02 0.02 0.02 0.02 0.02 0.02 0.02 0.02 0.02 0.02 0.02 0.02
  per-rule acc: 0.03 0.02 0.02 0.02
Epoch 200 | Train: Loss=0.0050 Acc=100.0% | Test: Acc=2.3% | Best=2.3%(@180)
  from x3: 0.02 0.02 0.02 0.02 0.02 0.02 0.02 0.02 0.02 0.02 0.02 0.02 0.02
  per-rule acc: 0.03 0.02 0.02 0.02
Epoch 220 | Train: Loss=0.0050 Acc=100.0% | Test: Acc=2.2% | Best=2.3%(@180)
  from x3: 0.02 0.02 0.02 0.02 0.02 0.02 0.02 0.02 0.02 0.02 0.02 0.02 0.02
  per-rule acc: 0.03 0.02 0.02 0.02
Epoch 240 | Train: Loss=0.0072 Acc=100.0% | Test: Acc=2.7% | Best=2.7%(@240)
  from x3: 0.03 0.03 0.03 0.03 0.03 0.03 0.03 0.03 0.03 0.03 0.03 0.03 0.03
  per-rule acc: 0.04 0.02 0.02 0.02
Epoch 260 | Train: Loss=0.0085 Acc=100.0% | Test: Acc=2.4% | Best=2.7%(@240)
  from x3: 0.02 0.02 0.02 0.02 0.02 0.02 0.02 0.02 0.02 0.02 0.02 0.02 0.02
  per-rule acc: 0.04 0.02 0.02 0.02
Epoch 280 | Train: Loss=0.0552 Acc=99.6% | Test: Acc=3.1% | Best=3.1%(@280)
  from x3: 0.03 0.03 0.03 0.03 0.03 0.03 0.03 0.03 0.03 0.03 0.03 0.03 0.03
  per-rule acc: 0.05 0.03 0.02 0.03
Epoch 300 | Train: Loss=0.0075 Acc=100.0% | Test: Acc=2.9% | Best=3.1%(@280)
  from x3: 0.03 0.03 0.03 0.03 0.03 0.03 0.03 0.03 0.03 0.03 0.03 0.03 0.03
  per-rule acc: 0.05 0.02 0.02 0.02
Epoch 320 | Train: Loss=0.0080 Acc=100.0% | Test: Acc=3.2% | Best=3.2%(@320)
  from x3: 0.03 0.03 0.03 0.03 0.03 0.03 0.03 0.03 0.03 0.03 0.03 0.03 0.03
  per-rule acc: 0.06 0.02 0.02 0.02
Epoch 340 | Train: Loss=0.0069 Acc=100.0% | Test: Acc=3.3% | Best=3.3%(@340)
  from x3: 0.03 0.03 0.03 0.03 0.03 0.03 0.03 0.03 0.03 0.03 0.03 0.03 0.03
  per-rule acc: 0.05 0.02 0.03 0.03
Epoch 360 | Train: Loss=0.0098 Acc=99.9% | Test: Acc=3.4% | Best=3.4%(@360)
  from x3: 0.04 0.03 0.03 0.03 0.03 0.03 0.03 0.03 0.03 0.03 0.03 0.03 0.03
  per-rule acc: 0.05 0.03 0.03 0.03
Epoch 380 | Train: Loss=0.0081 Acc=99.9% | Test: Acc=3.9% | Best=3.9%(@380)
  from x3: 0.04 0.04 0.04 0.04 0.04 0.04 0.04 0.04 0.04 0.04 0.04 0.04 0.04
  per-rule acc: 0.05 0.03 0.03 0.04
Epoch 400 | Train: Loss=0.0036 Acc=100.0% | Test: Acc=5.0% | Best=5.0%(@400)
  from x3: 0.05 0.05 0.05 0.05 0.05 0.05 0.05 0.05 0.05 0.05 0.05 0.05 0.05
  per-rule acc: 0.08 0.03 0.03 0.06
Epoch 420 | Train: Loss=0.3162 Acc=98.1% | Test: Acc=4.3% | Best=5.0%(@400)
  from x3: 0.04 0.04 0.04 0.04 0.04 0.04 0.04 0.04 0.04 0.04 0.04 0.04 0.04
  per-rule acc: 0.08 0.03 0.03 0.04
Epoch 440 | Train: Loss=0.0047 Acc=100.0% | Test: Acc=5.9% | Best=5.9%(@440)
  from x3: 0.05 0.06 0.06 0.06 0.06 0.06 0.06 0.06 0.06 0.06 0.06 0.06 0.06
  per-rule acc: 0.10 0.05 0.04 0.05
Epoch 460 | Train: Loss=0.0054 Acc=100.0% | Test: Acc=6.4% | Best=6.4%(@460)
  from x3: 0.06 0.07 0.06 0.06 0.06 0.06 0.06 0.06 0.06 0.06 0.06 0.06 0.07
  per-rule acc: 0.08 0.05 0.05 0.08
Epoch 480 | Train: Loss=0.0047 Acc=100.0% | Test: Acc=7.2% | Best=7.2%(@480)
  from x3: 0.07 0.07 0.07 0.07 0.07 0.07 0.07 0.07 0.07 0.07 0.07 0.07 0.07
  per-rule acc: 0.11 0.06 0.05 0.08
Epoch 500 | Train: Loss=0.0139 Acc=99.9% | Test: Acc=8.2% | Best=8.2%(@500)
  from x3: 0.07 0.08 0.08 0.08 0.08 0.08 0.08 0.08 0.08 0.08 0.08 0.08 0.08
  per-rule acc: 0.09 0.09 0.06 0.09
Epoch 520 | Train: Loss=0.0061 Acc=99.9% | Test: Acc=12.2% | Best=12.2%(@520)
  from x3: 0.12 0.12 0.12 0.12 0.12 0.12 0.12 0.12 0.12 0.12 0.12 0.12 0.12
  per-rule acc: 0.10 0.14 0.08 0.16
Epoch 540 | Train: Loss=0.0060 Acc=100.0% | Test: Acc=12.8% | Best=12.8%(@540)
  from x3: 0.12 0.13 0.13 0.13 0.13 0.13 0.13 0.13 0.13 0.13 0.13 0.13 0.13
  per-rule acc: 0.12 0.14 0.08 0.17
Epoch 560 | Train: Loss=0.0049 Acc=100.0% | Test: Acc=22.5% | Best=22.5%(@560)
  from x3: 0.21 0.22 0.22 0.23 0.23 0.23 0.23 0.23 0.23 0.23 0.23 0.23 0.23
  per-rule acc: 0.13 0.29 0.15 0.33
Epoch 580 | Train: Loss=0.0042 Acc=100.0% | Test: Acc=24.0% | Best=24.0%(@580)
  from x3: 0.21 0.24 0.24 0.24 0.24 0.24 0.24 0.24 0.24 0.24 0.24 0.24 0.24
  per-rule acc: 0.16 0.31 0.15 0.35
Epoch 600 | Train: Loss=0.0061 Acc=100.0% | Test: Acc=39.2% | Best=39.2%(@600)
  from x3: 0.37 0.39 0.39 0.39 0.39 0.39 0.39 0.39 0.39 0.39 0.40 0.40 0.40
  per-rule acc: 0.16 0.52 0.24 0.66
Epoch 620 | Train: Loss=0.0031 Acc=100.0% | Test: Acc=40.7% | Best=40.7%(@620)
  from x3: 0.38 0.40 0.41 0.41 0.41 0.41 0.41 0.41 0.41 0.41 0.41 0.41 0.41
  per-rule acc: 0.15 0.56 0.25 0.67
Epoch 640 | Train: Loss=0.0039 Acc=100.0% | Test: Acc=62.7% | Best=62.7%(@640)
  from x3: 0.61 0.63 0.63 0.63 0.63 0.63 0.63 0.63 0.63 0.63 0.63 0.63 0.63
  per-rule acc: 0.18 0.85 0.58 0.91
Epoch 660 | Train: Loss=0.0052 Acc=100.0% | Test: Acc=63.2% | Best=63.2%(@660)
  from x3: 0.61 0.63 0.63 0.63 0.63 0.63 0.63 0.63 0.63 0.63 0.63 0.64 0.64
  per-rule acc: 0.17 0.84 0.60 0.92
Epoch 680 | Train: Loss=0.0032 Acc=100.0% | Test: Acc=76.6% | Best=76.6%(@680)
  from x3: 0.76 0.77 0.77 0.77 0.77 0.77 0.77 0.77 0.77 0.77 0.77 0.77 0.77
  per-rule acc: 0.18 0.98 0.92 0.99
Epoch 700 | Train: Loss=0.0044 Acc=100.0% | Test: Acc=77.2% | Best=77.2%(@700)
  from x3: 0.77 0.77 0.77 0.77 0.77 0.77 0.77 0.77 0.77 0.77 0.77 0.77 0.77
  per-rule acc: 0.21 0.96 0.94 0.98
Epoch 720 | Train: Loss=0.0033 Acc=100.0% | Test: Acc=78.0% | Best=78.0%(@720)
  from x3: 0.77 0.78 0.78 0.78 0.78 0.78 0.78 0.78 0.78 0.78 0.78 0.78 0.78
  per-rule acc: 0.21 0.97 0.96 0.98
Epoch 740 | Train: Loss=0.0035 Acc=100.0% | Test: Acc=78.3% | Best=78.3%(@740)
  from x3: 0.78 0.78 0.78 0.78 0.78 0.78 0.78 0.78 0.78 0.78 0.78 0.78 0.78
  per-rule acc: 0.22 0.97 0.96 0.99
Epoch 760 | Train: Loss=0.0105 Acc=99.9% | Test: Acc=78.0% | Best=78.3%(@740)
  from x3: 0.78 0.78 0.78 0.78 0.78 0.78 0.78 0.78 0.78 0.78 0.78 0.78 0.78
  per-rule acc: 0.18 0.98 0.97 0.99
Epoch 780 | Train: Loss=0.0075 Acc=99.9% | Test: Acc=80.4% | Best=80.4%(@780)
  from x3: 0.80 0.80 0.80 0.80 0.80 0.80 0.80 0.80 0.80 0.80 0.81 0.81 0.81
  per-rule acc: 0.22 1.00 1.00 1.00
Epoch 800 | Train: Loss=0.0025 Acc=100.0% | Test: Acc=80.9% | Best=80.9%(@800)
  from x3: 0.80 0.81 0.81 0.81 0.81 0.81 0.81 0.81 0.81 0.81 0.81 0.81 0.81
  per-rule acc: 0.24 0.99 1.00 1.00
Epoch 820 | Train: Loss=0.0042 Acc=100.0% | Test: Acc=80.4% | Best=80.9%(@800)
  from x3: 0.80 0.80 0.80 0.80 0.80 0.80 0.80 0.80 0.80 0.80 0.80 0.80 0.80
  per-rule acc: 0.22 0.99 1.00 1.00
Epoch 840 | Train: Loss=0.0038 Acc=100.0% | Test: Acc=80.5% | Best=80.9%(@800)
  from x3: 0.80 0.80 0.80 0.80 0.80 0.80 0.80 0.81 0.81 0.81 0.81 0.81 0.81
  per-rule acc: 0.22 0.99 1.00 1.00
Epoch 860 | Train: Loss=0.0033 Acc=100.0% | Test: Acc=81.0% | Best=81.0%(@860)
  from x3: 0.80 0.81 0.81 0.81 0.81 0.81 0.81 0.81 0.81 0.81 0.81 0.81 0.81
  per-rule acc: 0.24 1.00 1.00 1.00
Epoch 880 | Train: Loss=0.0030 Acc=100.0% | Test: Acc=80.4% | Best=81.0%(@860)
  from x3: 0.80 0.80 0.80 0.80 0.80 0.80 0.80 0.80 0.80 0.80 0.80 0.80 0.80
  per-rule acc: 0.22 0.99 1.00 1.00
Epoch 900 | Train: Loss=0.0033 Acc=100.0% | Test: Acc=81.2% | Best=81.2%(@900)
  from x3: 0.80 0.81 0.81 0.81 0.81 0.81 0.81 0.81 0.81 0.81 0.81 0.81 0.81
  per-rule acc: 0.25 0.99 1.00 1.00
Epoch 920 | Train: Loss=0.0131 Acc=100.0% | Test: Acc=81.8% | Best=81.8%(@920)
  from x3: 0.82 0.82 0.82 0.82 0.82 0.82 0.82 0.82 0.82 0.82 0.82 0.82 0.82
  per-rule acc: 0.27 1.00 1.00 1.00
Epoch 940 | Train: Loss=0.0187 Acc=99.8% | Test: Acc=79.4% | Best=81.8%(@920)
  from x3: 0.79 0.79 0.79 0.79 0.79 0.79 0.79 0.79 0.79 0.79 0.79 0.79 0.79
  per-rule acc: 0.18 1.00 1.00 1.00
Epoch 960 | Train: Loss=0.0027 Acc=100.0% | Test: Acc=80.7% | Best=81.8%(@920)
  from x3: 0.80 0.81 0.81 0.81 0.81 0.81 0.81 0.81 0.81 0.81 0.81 0.81 0.81
  per-rule acc: 0.24 0.99 1.00 1.00
Epoch 980 | Train: Loss=0.0137 Acc=99.9% | Test: Acc=78.2% | Best=81.8%(@920)
  from x3: 0.78 0.78 0.78 0.78 0.78 0.78 0.78 0.78 0.78 0.78 0.78 0.78 0.78
  per-rule acc: 0.14 0.99 1.00 1.00
Epoch 1000 | Train: Loss=0.0028 Acc=100.0% | Test: Acc=81.5% | Best=81.8%(@920)
  from x3: 0.81 0.81 0.82 0.82 0.82 0.82 0.82 0.82 0.82 0.82 0.82 0.82 0.82
  per-rule acc: 0.26 1.00 1.00 1.00
Epoch 1020 | Train: Loss=0.0028 Acc=100.0% | Test: Acc=80.8% | Best=81.8%(@920)
  from x3: 0.80 0.81 0.81 0.81 0.81 0.81 0.81 0.81 0.81 0.81 0.81 0.81 0.81
  per-rule acc: 0.24 0.99 1.00 1.00
Epoch 1040 | Train: Loss=0.0016 Acc=100.0% | Test: Acc=82.2% | Best=82.2%(@1040)
  from x3: 0.82 0.82 0.82 0.82 0.82 0.82 0.82 0.82 0.82 0.82 0.82 0.82 0.82
  per-rule acc: 0.29 1.00 1.00 1.00
Epoch 1060 | Train: Loss=0.0062 Acc=100.0% | Test: Acc=80.0% | Best=82.2%(@1040)
  from x3: 0.80 0.80 0.80 0.80 0.80 0.80 0.80 0.80 0.80 0.80 0.80 0.80 0.80
  per-rule acc: 0.21 0.99 1.00 1.00
Epoch 1080 | Train: Loss=0.0019 Acc=100.0% | Test: Acc=82.1% | Best=82.2%(@1040)
  from x3: 0.82 0.82 0.82 0.82 0.82 0.82 0.82 0.82 0.82 0.82 0.82 0.82 0.82
  per-rule acc: 0.29 0.99 1.00 1.00
Epoch 1100 | Train: Loss=0.0021 Acc=100.0% | Test: Acc=82.6% | Best=82.6%(@1100)
  from x3: 0.82 0.83 0.83 0.83 0.83 0.83 0.83 0.83 0.83 0.83 0.83 0.83 0.83
  per-rule acc: 0.31 1.00 1.00 1.00
Epoch 1120 | Train: Loss=0.0029 Acc=100.0% | Test: Acc=81.2% | Best=82.6%(@1100)
  from x3: 0.81 0.81 0.81 0.81 0.81 0.81 0.81 0.81 0.81 0.81 0.81 0.81 0.81
  per-rule acc: 0.26 0.99 1.00 1.00
Epoch 1140 | Train: Loss=0.0025 Acc=100.0% | Test: Acc=81.1% | Best=82.6%(@1100)
  from x3: 0.81 0.81 0.81 0.81 0.81 0.81 0.81 0.81 0.81 0.81 0.81 0.81 0.81
  per-rule acc: 0.26 0.98 1.00 1.00
Epoch 1160 | Train: Loss=0.0156 Acc=99.8% | Test: Acc=77.6% | Best=82.6%(@1100)
  from x3: 0.78 0.78 0.78 0.78 0.78 0.78 0.78 0.78 0.78 0.78 0.78 0.78 0.78
  per-rule acc: 0.12 0.99 1.00 1.00
Epoch 1180 | Train: Loss=0.0031 Acc=100.0% | Test: Acc=82.1% | Best=82.6%(@1100)
  from x3: 0.82 0.82 0.82 0.82 0.82 0.82 0.82 0.82 0.82 0.82 0.82 0.82 0.82
  per-rule acc: 0.29 0.99 1.00 1.00
Epoch 1200 | Train: Loss=0.0024 Acc=100.0% | Test: Acc=81.2% | Best=82.6%(@1100)
  from x3: 0.81 0.81 0.81 0.81 0.81 0.81 0.81 0.81 0.81 0.81 0.81 0.81 0.81
  per-rule acc: 0.27 0.98 1.00 1.00
Epoch 1220 | Train: Loss=0.0018 Acc=100.0% | Test: Acc=81.4% | Best=82.6%(@1100)
  from x3: 0.81 0.81 0.81 0.81 0.81 0.81 0.81 0.81 0.81 0.81 0.81 0.81 0.81
  per-rule acc: 0.28 0.97 1.00 1.00
Epoch 1240 | Train: Loss=0.0013 Acc=100.0% | Test: Acc=83.0% | Best=83.0%(@1240)
  from x3: 0.83 0.83 0.83 0.83 0.83 0.83 0.83 0.83 0.83 0.83 0.83 0.83 0.83
  per-rule acc: 0.32 1.00 1.00 1.00
Epoch 1260 | Train: Loss=0.0029 Acc=100.0% | Test: Acc=80.8% | Best=83.0%(@1240)
  from x3: 0.80 0.81 0.81 0.81 0.81 0.81 0.81 0.81 0.81 0.81 0.81 0.81 0.81
  per-rule acc: 0.26 0.97 1.00 1.00
Epoch 1280 | Train: Loss=0.0027 Acc=100.0% | Test: Acc=80.4% | Best=83.0%(@1240)
  from x3: 0.80 0.80 0.80 0.80 0.80 0.80 0.80 0.80 0.80 0.80 0.80 0.80 0.80
  per-rule acc: 0.25 0.97 1.00 1.00
Epoch 1300 | Train: Loss=0.0018 Acc=100.0% | Test: Acc=81.9% | Best=83.0%(@1240)
  from x3: 0.82 0.82 0.82 0.82 0.82 0.82 0.82 0.82 0.82 0.82 0.82 0.82 0.82
  per-rule acc: 0.30 0.98 1.00 1.00
Epoch 1320 | Train: Loss=0.0015 Acc=100.0% | Test: Acc=82.2% | Best=83.0%(@1240)
  from x3: 0.82 0.82 0.82 0.82 0.82 0.82 0.82 0.82 0.82 0.82 0.82 0.82 0.82
  per-rule acc: 0.29 0.99 1.00 1.00
Epoch 1340 | Train: Loss=0.0028 Acc=100.0% | Test: Acc=81.0% | Best=83.0%(@1240)
  from x3: 0.81 0.81 0.81 0.81 0.81 0.81 0.81 0.81 0.81 0.81 0.81 0.81 0.81
  per-rule acc: 0.26 0.98 1.00 1.00
Epoch 1360 | Train: Loss=0.0204 Acc=99.8% | Test: Acc=78.8% | Best=83.0%(@1240)
  from x3: 0.79 0.79 0.79 0.79 0.79 0.79 0.79 0.79 0.79 0.79 0.79 0.79 0.79
  per-rule acc: 0.17 0.98 1.00 1.00
Epoch 1380 | Train: Loss=0.0036 Acc=100.0% | Test: Acc=82.1% | Best=83.0%(@1240)
  from x3: 0.82 0.82 0.82 0.82 0.82 0.82 0.82 0.82 0.82 0.82 0.82 0.82 0.82
  per-rule acc: 0.30 0.99 1.00 1.00
Epoch 1400 | Train: Loss=0.0012 Acc=100.0% | Test: Acc=83.6% | Best=83.6%(@1400)
  from x3: 0.83 0.84 0.84 0.84 0.84 0.84 0.84 0.84 0.84 0.84 0.84 0.84 0.84
  per-rule acc: 0.34 1.00 1.00 1.00
Epoch 1420 | Train: Loss=0.0027 Acc=100.0% | Test: Acc=82.1% | Best=83.6%(@1400)
  from x3: 0.82 0.82 0.82 0.82 0.82 0.82 0.82 0.82 0.82 0.82 0.82 0.82 0.82
  per-rule acc: 0.30 0.99 1.00 1.00
Epoch 1440 | Train: Loss=0.0023 Acc=100.0% | Test: Acc=80.7% | Best=83.6%(@1400)
  from x3: 0.80 0.81 0.81 0.81 0.81 0.81 0.81 0.81 0.81 0.81 0.81 0.81 0.81
  per-rule acc: 0.23 0.99 1.00 1.00
Epoch 1460 | Train: Loss=0.0024 Acc=100.0% | Test: Acc=82.3% | Best=83.6%(@1400)
  from x3: 0.82 0.82 0.82 0.82 0.82 0.82 0.82 0.82 0.82 0.82 0.82 0.82 0.82
  per-rule acc: 0.29 1.00 1.00 1.00
Epoch 1480 | Train: Loss=0.0024 Acc=100.0% | Test: Acc=81.7% | Best=83.6%(@1400)
  from x3: 0.81 0.82 0.82 0.82 0.82 0.82 0.82 0.82 0.82 0.82 0.82 0.82 0.82
  per-rule acc: 0.27 1.00 1.00 1.00
Epoch 1500 | Train: Loss=0.0015 Acc=100.0% | Test: Acc=82.7% | Best=83.6%(@1400)
  from x3: 0.82 0.83 0.83 0.83 0.83 0.83 0.83 0.83 0.83 0.83 0.83 0.83 0.83
  per-rule acc: 0.31 1.00 1.00 1.00
Epoch 1520 | Train: Loss=0.0014 Acc=100.0% | Test: Acc=82.8% | Best=83.6%(@1400)
  from x3: 0.82 0.83 0.83 0.83 0.83 0.83 0.83 0.83 0.83 0.83 0.83 0.83 0.83
  per-rule acc: 0.31 1.00 1.00 1.00
Epoch 1540 | Train: Loss=0.0014 Acc=100.0% | Test: Acc=83.2% | Best=83.6%(@1400)
  from x3: 0.83 0.83 0.83 0.83 0.83 0.83 0.83 0.83 0.83 0.83 0.83 0.83 0.83
  per-rule acc: 0.33 1.00 1.00 1.00
Epoch 1560 | Train: Loss=0.0021 Acc=100.0% | Test: Acc=82.7% | Best=83.6%(@1400)
  from x3: 0.82 0.83 0.83 0.83 0.83 0.83 0.83 0.83 0.83 0.83 0.83 0.83 0.83
  per-rule acc: 0.31 1.00 1.00 1.00
Epoch 1580 | Train: Loss=0.0022 Acc=100.0% | Test: Acc=81.2% | Best=83.6%(@1400)
  from x3: 0.81 0.81 0.81 0.81 0.81 0.81 0.81 0.81 0.81 0.81 0.81 0.81 0.81
  per-rule acc: 0.25 1.00 1.00 1.00
Epoch 1600 | Train: Loss=0.0024 Acc=100.0% | Test: Acc=82.0% | Best=83.6%(@1400)
  from x3: 0.82 0.82 0.82 0.82 0.82 0.82 0.82 0.82 0.82 0.82 0.82 0.82 0.82
  per-rule acc: 0.28 1.00 1.00 1.00
Epoch 1620 | Train: Loss=0.0023 Acc=100.0% | Test: Acc=82.0% | Best=83.6%(@1400)
  from x3: 0.82 0.82 0.82 0.82 0.82 0.82 0.82 0.82 0.82 0.82 0.82 0.82 0.82
  per-rule acc: 0.28 1.00 1.00 1.00
Epoch 1640 | Train: Loss=0.0007 Acc=100.0% | Test: Acc=83.7% | Best=83.7%(@1640)
  from x3: 0.83 0.84 0.84 0.84 0.84 0.84 0.84 0.84 0.84 0.84 0.84 0.84 0.84
  per-rule acc: 0.35 1.00 1.00 1.00
Epoch 1660 | Train: Loss=0.0020 Acc=100.0% | Test: Acc=81.3% | Best=83.7%(@1640)
  from x3: 0.81 0.81 0.81 0.81 0.81 0.81 0.81 0.81 0.81 0.81 0.81 0.81 0.81
  per-rule acc: 0.25 1.00 1.00 1.00
Epoch 1680 | Train: Loss=0.0021 Acc=100.0% | Test: Acc=81.8% | Best=83.7%(@1640)
  from x3: 0.82 0.82 0.82 0.82 0.82 0.82 0.82 0.82 0.82 0.82 0.82 0.82 0.82
  per-rule acc: 0.27 1.00 1.00 1.00
Epoch 1700 | Train: Loss=0.0102 Acc=100.0% | Test: Acc=84.2% | Best=84.2%(@1700)
  from x3: 0.84 0.84 0.84 0.84 0.84 0.84 0.84 0.84 0.84 0.84 0.84 0.84 0.84
  per-rule acc: 0.37 1.00 1.00 1.00
Epoch 1720 | Train: Loss=0.0015 Acc=100.0% | Test: Acc=84.0% | Best=84.2%(@1700)
  from x3: 0.84 0.84 0.84 0.84 0.84 0.84 0.84 0.84 0.84 0.84 0.84 0.84 0.84
  per-rule acc: 0.36 1.00 1.00 1.00
Epoch 1740 | Train: Loss=0.0024 Acc=100.0% | Test: Acc=81.5% | Best=84.2%(@1700)
  from x3: 0.81 0.82 0.82 0.82 0.82 0.82 0.82 0.82 0.82 0.82 0.82 0.82 0.82
  per-rule acc: 0.26 1.00 1.00 1.00
Epoch 1760 | Train: Loss=0.0010 Acc=100.0% | Test: Acc=84.6% | Best=84.6%(@1760)
  from x3: 0.84 0.85 0.85 0.85 0.85 0.85 0.85 0.85 0.85 0.85 0.85 0.85 0.85
  per-rule acc: 0.38 1.00 1.00 1.00
Epoch 1780 | Train: Loss=0.0021 Acc=100.0% | Test: Acc=81.5% | Best=84.6%(@1760)
  from x3: 0.81 0.81 0.81 0.81 0.81 0.81 0.81 0.81 0.81 0.81 0.81 0.81 0.81
  per-rule acc: 0.26 1.00 1.00 1.00
Epoch 1800 | Train: Loss=0.0013 Acc=100.0% | Test: Acc=83.6% | Best=84.6%(@1760)
  from x3: 0.83 0.84 0.84 0.84 0.84 0.84 0.84 0.84 0.84 0.84 0.84 0.84 0.84
  per-rule acc: 0.34 1.00 1.00 1.00
Epoch 1820 | Train: Loss=0.0025 Acc=100.0% | Test: Acc=82.2% | Best=84.6%(@1760)
  from x3: 0.82 0.82 0.82 0.82 0.82 0.82 0.82 0.82 0.82 0.82 0.82 0.82 0.82
  per-rule acc: 0.29 1.00 1.00 1.00
Epoch 1840 | Train: Loss=0.0020 Acc=100.0% | Test: Acc=81.3% | Best=84.6%(@1760)
  from x3: 0.81 0.81 0.81 0.81 0.81 0.81 0.81 0.81 0.81 0.81 0.81 0.81 0.81
  per-rule acc: 0.25 1.00 1.00 1.00
Epoch 1860 | Train: Loss=0.0022 Acc=100.0% | Test: Acc=81.6% | Best=84.6%(@1760)
  from x3: 0.81 0.82 0.82 0.82 0.82 0.82 0.82 0.82 0.82 0.82 0.82 0.82 0.82
  per-rule acc: 0.26 1.00 1.00 1.00
Epoch 1880 | Train: Loss=0.0110 Acc=99.9% | Test: Acc=80.6% | Best=84.6%(@1760)
  from x3: 0.80 0.81 0.81 0.81 0.81 0.81 0.81 0.81 0.81 0.81 0.81 0.81 0.81
  per-rule acc: 0.22 1.00 1.00 1.00
Epoch 1900 | Train: Loss=0.0063 Acc=100.0% | Test: Acc=84.1% | Best=84.6%(@1760)
  from x3: 0.84 0.84 0.84 0.84 0.84 0.84 0.84 0.84 0.84 0.84 0.84 0.84 0.84
  per-rule acc: 0.36 1.00 1.00 1.00
Epoch 1920 | Train: Loss=0.0022 Acc=100.0% | Test: Acc=81.5% | Best=84.6%(@1760)
  from x3: 0.81 0.82 0.82 0.82 0.82 0.82 0.82 0.82 0.82 0.82 0.82 0.82 0.82
  per-rule acc: 0.26 1.00 1.00 1.00
Epoch 1940 | Train: Loss=0.0014 Acc=100.0% | Test: Acc=83.0% | Best=84.6%(@1760)
  from x3: 0.83 0.83 0.83 0.83 0.83 0.83 0.83 0.83 0.83 0.83 0.83 0.83 0.83
  per-rule acc: 0.32 1.00 1.00 1.00
Epoch 1960 | Train: Loss=0.0019 Acc=100.0% | Test: Acc=81.3% | Best=84.6%(@1760)
  from x3: 0.81 0.81 0.81 0.81 0.81 0.81 0.81 0.81 0.81 0.81 0.81 0.81 0.81
  per-rule acc: 0.25 1.00 1.00 1.00
Epoch 1980 | Train: Loss=0.0017 Acc=100.0% | Test: Acc=83.3% | Best=84.6%(@1760)
  from x3: 0.83 0.83 0.83 0.83 0.83 0.83 0.83 0.83 0.83 0.83 0.83 0.83 0.83
  per-rule acc: 0.33 1.00 1.00 1.00
Epoch 2000 | Train: Loss=0.0025 Acc=100.0% | Test: Acc=82.0% | Best=84.6%(@1760)
  from x3: 0.82 0.82 0.82 0.82 0.82 0.82 0.82 0.82 0.82 0.82 0.82 0.82 0.82
  per-rule acc: 0.28 1.00 1.00 1.00
Epoch 2020 | Train: Loss=0.0018 Acc=100.0% | Test: Acc=81.2% | Best=84.6%(@1760)
  from x3: 0.81 0.81 0.81 0.81 0.81 0.81 0.81 0.81 0.81 0.81 0.81 0.81 0.81
  per-rule acc: 0.25 1.00 1.00 1.00
Epoch 2040 | Train: Loss=0.0013 Acc=100.0% | Test: Acc=84.0% | Best=84.6%(@1760)
  from x3: 0.84 0.84 0.84 0.84 0.84 0.84 0.84 0.84 0.84 0.84 0.84 0.84 0.84
  per-rule acc: 0.36 1.00 1.00 1.00
Epoch 2060 | Train: Loss=0.0021 Acc=100.0% | Test: Acc=81.7% | Best=84.6%(@1760)
  from x3: 0.81 0.82 0.82 0.82 0.82 0.82 0.82 0.82 0.82 0.82 0.82 0.82 0.82
  per-rule acc: 0.27 1.00 1.00 1.00
Epoch 2080 | Train: Loss=0.0020 Acc=100.0% | Test: Acc=82.1% | Best=84.6%(@1760)
  from x3: 0.82 0.82 0.82 0.82 0.82 0.82 0.82 0.82 0.82 0.82 0.82 0.82 0.82
  per-rule acc: 0.28 1.00 1.00 1.00
Epoch 2100 | Train: Loss=0.0016 Acc=100.0% | Test: Acc=81.0% | Best=84.6%(@1760)
  from x3: 0.81 0.81 0.81 0.81 0.81 0.81 0.81 0.81 0.81 0.81 0.81 0.81 0.81
  per-rule acc: 0.24 1.00 1.00 1.00
Epoch 2120 | Train: Loss=0.0062 Acc=100.0% | Test: Acc=83.7% | Best=84.6%(@1760)
  from x3: 0.83 0.84 0.84 0.84 0.84 0.84 0.84 0.84 0.84 0.84 0.84 0.84 0.84
  per-rule acc: 0.35 1.00 1.00 1.00
Epoch 2140 | Train: Loss=0.0022 Acc=100.0% | Test: Acc=81.5% | Best=84.6%(@1760)
  from x3: 0.81 0.82 0.82 0.82 0.82 0.82 0.82 0.82 0.82 0.82 0.82 0.82 0.82
  per-rule acc: 0.26 1.00 1.00 1.00
Epoch 2160 | Train: Loss=0.0008 Acc=100.0% | Test: Acc=84.1% | Best=84.6%(@1760)
  from x3: 0.84 0.84 0.84 0.84 0.84 0.84 0.84 0.84 0.84 0.84 0.84 0.84 0.84
  per-rule acc: 0.36 1.00 1.00 1.00
Epoch 2180 | Train: Loss=0.0020 Acc=100.0% | Test: Acc=81.4% | Best=84.6%(@1760)
  from x3: 0.81 0.81 0.81 0.81 0.81 0.81 0.81 0.81 0.81 0.81 0.81 0.81 0.81
  per-rule acc: 0.26 1.00 1.00 1.00
Epoch 2200 | Train: Loss=0.2973 Acc=95.7% | Test: Acc=81.6% | Best=84.6%(@1760)
  from x3: 0.82 0.82 0.82 0.82 0.82 0.82 0.82 0.82 0.82 0.82 0.82 0.82 0.82
  per-rule acc: 0.27 1.00 1.00 1.00
Epoch 2220 | Train: Loss=0.0086 Acc=100.0% | Test: Acc=84.4% | Best=84.6%(@1760)
  from x3: 0.84 0.84 0.84 0.84 0.84 0.84 0.84 0.84 0.84 0.84 0.84 0.84 0.84
  per-rule acc: 0.38 1.00 1.00 1.00
Epoch 2240 | Train: Loss=0.0022 Acc=100.0% | Test: Acc=81.7% | Best=84.6%(@1760)
  from x3: 0.81 0.82 0.82 0.82 0.82 0.82 0.82 0.82 0.82 0.82 0.82 0.82 0.82
  per-rule acc: 0.27 1.00 1.00 1.00
Epoch 2260 | Train: Loss=0.0009 Acc=100.0% | Test: Acc=83.4% | Best=84.6%(@1760)
  from x3: 0.83 0.83 0.83 0.83 0.83 0.83 0.83 0.83 0.83 0.83 0.83 0.83 0.83
  per-rule acc: 0.34 1.00 1.00 1.00
Epoch 2280 | Train: Loss=0.0019 Acc=100.0% | Test: Acc=81.4% | Best=84.6%(@1760)
  from x3: 0.81 0.81 0.81 0.81 0.81 0.81 0.81 0.81 0.81 0.81 0.81 0.81 0.81
  per-rule acc: 0.26 1.00 1.00 1.00
Epoch 2300 | Train: Loss=0.0021 Acc=100.0% | Test: Acc=81.8% | Best=84.6%(@1760)
  from x3: 0.81 0.82 0.82 0.82 0.82 0.82 0.82 0.82 0.82 0.82 0.82 0.82 0.82
  per-rule acc: 0.27 1.00 1.00 1.00
Epoch 2320 | Train: Loss=0.0015 Acc=100.0% | Test: Acc=80.7% | Best=84.6%(@1760)
  from x3: 0.80 0.81 0.81 0.81 0.81 0.81 0.81 0.81 0.81 0.81 0.81 0.81 0.81
  per-rule acc: 0.23 1.00 1.00 1.00
Epoch 2340 | Train: Loss=0.0020 Acc=100.0% | Test: Acc=82.4% | Best=84.6%(@1760)
  from x3: 0.82 0.82 0.82 0.82 0.82 0.82 0.82 0.82 0.82 0.82 0.82 0.82 0.82
  per-rule acc: 0.30 1.00 1.00 1.00
Epoch 2360 | Train: Loss=0.0019 Acc=100.0% | Test: Acc=82.5% | Best=84.6%(@1760)
  from x3: 0.82 0.83 0.83 0.83 0.83 0.83 0.83 0.83 0.83 0.83 0.83 0.83 0.83
  per-rule acc: 0.30 1.00 1.00 1.00
Epoch 2380 | Train: Loss=0.0018 Acc=100.0% | Test: Acc=81.1% | Best=84.6%(@1760)
  from x3: 0.81 0.81 0.81 0.81 0.81 0.81 0.81 0.81 0.81 0.81 0.81 0.81 0.81
  per-rule acc: 0.24 1.00 1.00 1.00
Epoch 2400 | Train: Loss=0.0020 Acc=100.0% | Test: Acc=82.3% | Best=84.6%(@1760)
  from x3: 0.82 0.82 0.82 0.82 0.82 0.82 0.82 0.82 0.82 0.82 0.82 0.82 0.82
  per-rule acc: 0.29 1.00 1.00 1.00
Epoch 2420 | Train: Loss=0.0023 Acc=100.0% | Test: Acc=81.6% | Best=84.6%(@1760)
  from x3: 0.81 0.82 0.82 0.82 0.82 0.82 0.82 0.82 0.82 0.82 0.82 0.82 0.82
  per-rule acc: 0.27 1.00 1.00 1.00
Epoch 2440 | Train: Loss=0.0021 Acc=100.0% | Test: Acc=81.6% | Best=84.6%(@1760)
  from x3: 0.81 0.82 0.82 0.82 0.82 0.82 0.82 0.82 0.82 0.82 0.82 0.82 0.82
  per-rule acc: 0.26 1.00 1.00 1.00
Epoch 2460 | Train: Loss=0.0015 Acc=100.0% | Test: Acc=80.8% | Best=84.6%(@1760)
  from x3: 0.81 0.81 0.81 0.81 0.81 0.81 0.81 0.81 0.81 0.81 0.81 0.81 0.81
  per-rule acc: 0.23 1.00 1.00 1.00
Epoch 2480 | Train: Loss=0.0021 Acc=100.0% | Test: Acc=82.0% | Best=84.6%(@1760)
  from x3: 0.82 0.82 0.82 0.82 0.82 0.82 0.82 0.82 0.82 0.82 0.82 0.82 0.82
  per-rule acc: 0.28 1.00 1.00 1.00
Epoch 2500 | Train: Loss=0.0226 Acc=99.9% | Test: Acc=84.1% | Best=84.6%(@1760)
  from x3: 0.84 0.84 0.84 0.84 0.84 0.84 0.84 0.84 0.84 0.84 0.84 0.84 0.84
  per-rule acc: 0.36 1.00 1.00 1.00
Epoch 2520 | Train: Loss=0.0021 Acc=100.0% | Test: Acc=81.5% | Best=84.6%(@1760)
  from x3: 0.81 0.82 0.82 0.82 0.82 0.82 0.82 0.82 0.82 0.82 0.82 0.82 0.82
  per-rule acc: 0.26 1.00 1.00 1.00
Epoch 2540 | Train: Loss=0.2244 Acc=96.8% | Test: Acc=81.2% | Best=84.6%(@1760)
  from x3: 0.81 0.81 0.81 0.81 0.81 0.81 0.81 0.81 0.81 0.81 0.81 0.81 0.81
  per-rule acc: 0.25 1.00 1.00 1.00
Epoch 2560 | Train: Loss=0.0015 Acc=100.0% | Test: Acc=83.0% | Best=84.6%(@1760)
  from x3: 0.83 0.83 0.83 0.83 0.83 0.83 0.83 0.83 0.83 0.83 0.83 0.83 0.83
  per-rule acc: 0.32 1.00 1.00 1.00
Epoch 2580 | Train: Loss=0.0014 Acc=100.0% | Test: Acc=82.9% | Best=84.6%(@1760)
  from x3: 0.83 0.83 0.83 0.83 0.83 0.83 0.83 0.83 0.83 0.83 0.83 0.83 0.83
  per-rule acc: 0.32 1.00 1.00 1.00
Epoch 2600 | Train: Loss=0.0019 Acc=100.0% | Test: Acc=81.3% | Best=84.6%(@1760)
  from x3: 0.81 0.81 0.81 0.81 0.81 0.81 0.81 0.81 0.81 0.81 0.81 0.81 0.81
  per-rule acc: 0.25 1.00 1.00 1.00
Epoch 2620 | Train: Loss=0.0020 Acc=100.0% | Test: Acc=81.7% | Best=84.6%(@1760)
  from x3: 0.81 0.82 0.82 0.82 0.82 0.82 0.82 0.82 0.82 0.82 0.82 0.82 0.82
  per-rule acc: 0.27 1.00 1.00 1.00
Epoch 2640 | Train: Loss=0.0034 Acc=100.0% | Test: Acc=78.5% | Best=84.6%(@1760)
  from x3: 0.78 0.78 0.78 0.78 0.78 0.78 0.78 0.78 0.78 0.78 0.78 0.78 0.78
  per-rule acc: 0.14 1.00 1.00 1.00
Epoch 2660 | Train: Loss=0.0012 Acc=100.0% | Test: Acc=83.5% | Best=84.6%(@1760)
  from x3: 0.83 0.84 0.84 0.84 0.84 0.84 0.84 0.84 0.84 0.84 0.84 0.84 0.84
  per-rule acc: 0.34 1.00 1.00 1.00
Epoch 2680 | Train: Loss=0.0020 Acc=100.0% | Test: Acc=81.5% | Best=84.6%(@1760)
  from x3: 0.81 0.81 0.81 0.81 0.81 0.81 0.81 0.81 0.81 0.81 0.81 0.81 0.81
  per-rule acc: 0.26 1.00 1.00 1.00
Epoch 2700 | Train: Loss=0.0012 Acc=100.0% | Test: Acc=83.3% | Best=84.6%(@1760)
  from x3: 0.83 0.83 0.83 0.83 0.83 0.83 0.83 0.83 0.83 0.83 0.83 0.83 0.83
  per-rule acc: 0.33 1.00 1.00 1.00
Epoch 2720 | Train: Loss=0.0019 Acc=100.0% | Test: Acc=81.9% | Best=84.6%(@1760)
  from x3: 0.82 0.82 0.82 0.82 0.82 0.82 0.82 0.82 0.82 0.82 0.82 0.82 0.82
  per-rule acc: 0.28 1.00 1.00 1.00
Epoch 2740 | Train: Loss=0.0013 Acc=100.0% | Test: Acc=84.4% | Best=84.6%(@1760)
  from x3: 0.84 0.84 0.84 0.84 0.84 0.84 0.84 0.84 0.84 0.84 0.84 0.84 0.84
  per-rule acc: 0.38 1.00 1.00 1.00
Epoch 2760 | Train: Loss=0.0014 Acc=100.0% | Test: Acc=82.9% | Best=84.6%(@1760)
  from x3: 0.83 0.83 0.83 0.83 0.83 0.83 0.83 0.83 0.83 0.83 0.83 0.83 0.83
  per-rule acc: 0.31 1.00 1.00 1.00
[Early stop] No improvement for 1000 consecutive epochs

==================================================
Saving model...
[OK] Model saved to: /home/cxm/ai/test0627-multitask-overlap/models/mixed_cond_d256l1_r16_n4_e50.pth
  File size: 9661.6 KB
  Best test accuracy: 84.62%

==================================================
Final generation test (given first two items, AB generates 3rd as prompt, validate from 4th)
==================================================

--- AB pair 1: (1, 1) ---

--- Statistics for AB=(1,1) ---
Exposed    samples:  1404 | In-dist: 18252/18252 (100.0%) | OOD: 22464/22464 (100.0%)
Unexposed  samples:  1405 | In-dist: 13766/18265 ( 75.4%) | OOD: 20752/22480 ( 92.3%)

--- AB pair 2: (1, 2) ---

--- Statistics for AB=(1,2) ---
Exposed    samples:  1404 | In-dist: 18252/18252 (100.0%) | OOD: 22464/22464 (100.0%)
Unexposed  samples:  1405 | In-dist: 18265/18265 (100.0%) | OOD: 22480/22480 (100.0%)

--- AB pair 3: (1, 3) ---

--- Statistics for AB=(1,3) ---
Exposed    samples:  1404 | In-dist: 18252/18252 (100.0%) | OOD: 22464/22464 (100.0%)
Unexposed  samples:  1405 | In-dist: 18265/18265 (100.0%) | OOD: 22480/22480 (100.0%)

--- AB pair 4: (1, 4) ---

--- Statistics for AB=(1,4) ---
Exposed    samples:  1404 | In-dist: 18252/18252 (100.0%) | OOD: 22464/22464 (100.0%)
Unexposed  samples:  1405 | In-dist: 18265/18265 (100.0%) | OOD: 22480/22480 (100.0%)

--- Return code: 0 ---

======================================================================
Attention Analysis
======================================================================
Model config: addition (default), p=53
Best test accuracy: 0.8461949082945525
Training epochs: 2760

Random test sequence 1/5 (length 32): [34, 51, 32, 30, 9, 39, 48, 34, 29, 10, 39, 49, 35, 31, 13, 44, 4, 48, 52, 47]...

======================================================================
Attention Layer Training Result Summary
======================================================================
Input sequence: [34, 51, 32, 30, 9, 39, 48, 34, 29, 10, 39, 49, 35, 31, 13, 44, 4, 48, 52, 47, 46, 40, 33, 20, 0, 20, 20, 40, 7, 47, 1, 48]

--- Layer 0 ---
  Head 0: Entropy=0.635
    Attention coefficients from each query position to previous positions:
      i= 0 -> j=0:1.000
      i= 1 -> j=0:0.948, j=1:0.052
      i= 2 -> j=0:0.189, j=1:0.804, j=2:0.008
      i= 3 -> j=0:0.001, j=1:0.284, j=2:0.680, j=3:0.034
      i= 4 -> j=0:0.000, j=1:0.001, j=2:0.271, j=3:0.717, j=4:0.011
      i= 5 -> j=0:0.000, j=1:0.000, j=2:0.002, j=3:0.241, j=4:0.733, j=5:0.024
      i= 6 -> j=0:0.000, j=1:0.000, j=2:0.000, j=3:0.001, j=4:0.301, j=5:0.675, j=6:0.023
      i= 7 -> j=0:0.000, j=1:0.000, j=2:0.000, j=3:0.000, j=4:0.007, j=5:0.452, j=6:0.531, j=7:0.010
      i= 8 -> j=0:0.000, j=1:0.000, j=2:0.000, j=3:0.000, j=4:0.000, j=5:0.000, j=6:0.196, j=7:0.716, j=8:0.087
      i= 9 -> j=0:0.000, j=1:0.000, j=2:0.000, j=3:0.000, j=4:0.000, j=5:0.000, j=6:0.005, j=7:0.354, j=8:0.637, j=9:0.004
      i=10 -> j=0:0.000, j=1:0.000, j=2:0.000, j=3:0.000, j=4:0.000, j=5:0.000, j=6:0.000, j=7:0.001, j=8:0.168, j=9:0.807, j=10:0.024
      i=11 -> j=0:0.000, j=1:0.000, j=2:0.000, j=3:0.000, j=4:0.000, j=5:0.000, j=6:0.000, j=7:0.000, j=8:0.000, j=9:0.311, j=10:0.671, j=11:0.017
      i=12 -> j=0:0.000, j=1:0.000, j=2:0.000, j=3:0.000, j=4:0.000, j=5:0.000, j=6:0.000, j=7:0.000, j=8:0.000, j=9:0.008, j=10:0.526, j=11:0.457, j=12:0.009
      i=13 -> j=0:0.000, j=1:0.000, j=2:0.000, j=3:0.000, j=4:0.000, j=5:0.000, j=6:0.000, j=7:0.000, j=8:0.000, j=9:0.000, j=10:0.002, j=11:0.314, j=12:0.655, j=13:0.028
      i=14 -> j=0:0.000, j=1:0.000, j=2:0.000, j=3:0.000, j=4:0.000, j=5:0.000, j=6:0.000, j=7:0.000, j=8:0.000, j=9:0.000, j=10:0.000, j=11:0.001, j=12:0.244, j=13:0.719, j=14:0.036
      i=15 -> j=0:0.000, j=1:0.000, j=2:0.000, j=3:0.000, j=4:0.000, j=5:0.000, j=6:0.000, j=7:0.000, j=8:0.000, j=9:0.000, j=10:0.000, j=11:0.000, j=12:0.000, j=13:0.078, j=14:0.854, j=15:0.068
      i=16 -> j=0:0.000, j=1:0.000, j=2:0.000, j=3:0.000, j=4:0.000, j=5:0.000, j=6:0.000, j=7:0.000, j=8:0.000, j=9:0.000, j=10:0.000, j=11:0.000, j=12:0.000, j=13:0.003, j=14:0.365, j=15:0.620, j=16:0.010
      i=17 -> j=0:0.000, j=1:0.000, j=2:0.000, j=3:0.000, j=4:0.000, j=5:0.000, j=6:0.000, j=7:0.000, j=8:0.000, j=9:0.000, j=10:0.000, j=11:0.000, j=12:0.000, j=13:0.000, j=14:0.001, j=15:0.335, j=16:0.637, j=17:0.027
      i=18 -> j=0:0.000, j=1:0.000, j=2:0.000, j=3:0.000, j=4:0.000, j=5:0.000, j=6:0.000, j=7:0.000, j=8:0.000, j=9:0.000, j=10:0.000, j=11:0.000, j=12:0.000, j=13:0.000, j=14:0.000, j=15:0.000, j=16:0.067, j=17:0.873, j=18:0.059
      i=19 -> j=0:0.000, j=1:0.000, j=2:0.000, j=3:0.000, j=4:0.000, j=5:0.000, j=6:0.000, j=7:0.000, j=8:0.000, j=9:0.000, j=10:0.000, j=11:0.000, j=12:0.000, j=13:0.000, j=14:0.000, j=15:0.000, j=16:0.002, j=17:0.261, j=18:0.710, j=19:0.027
      i=20 -> j=0:0.000, j=1:0.000, j=2:0.000, j=3:0.000, j=4:0.000, j=5:0.000, j=6:0.000, j=7:0.000, j=8:0.000, j=9:0.000, j=10:0.000, j=11:0.000, j=12:0.000, j=13:0.000, j=14:0.000, j=15:0.000, j=16:0.000, j=17:0.008, j=18:0.697, j=19:0.293, j=20:0.000
      i=21 -> j=0:0.000, j=1:0.000, j=2:0.000, j=3:0.000, j=4:0.000, j=5:0.000, j=6:0.000, j=7:0.000, j=8:0.000, j=9:0.000, j=10:0.000, j=11:0.000, j=12:0.000, j=13:0.000, j=14:0.000, j=15:0.000, j=16:0.000, j=17:0.000, j=18:0.000, j=19:0.213, j=20:0.737, j=21:0.049
      i=22 -> j=0:0.000, j=1:0.000, j=2:0.000, j=3:0.000, j=4:0.000, j=5:0.000, j=6:0.000, j=7:0.000, j=8:0.000, j=9:0.000, j=10:0.000, j=11:0.000, j=12:0.000, j=13:0.000, j=14:0.000, j=15:0.000, j=16:0.000, j=17:0.000, j=18:0.000, j=19:0.007, j=20:0.544, j=21:0.443, j=22:0.005
      i=23 -> j=0:0.000, j=1:0.000, j=2:0.000, j=3:0.000, j=4:0.000, j=5:0.000, j=6:0.000, j=7:0.000, j=8:0.000, j=9:0.000, j=10:0.000, j=11:0.000, j=12:0.000, j=13:0.000, j=14:0.000, j=15:0.000, j=16:0.000, j=17:0.000, j=18:0.000, j=19:0.000, j=20:0.002, j=21:0.176, j=22:0.803, j=23:0.019
      i=24 -> j=0:0.000, j=1:0.000, j=2:0.000, j=3:0.000, j=4:0.000, j=5:0.000, j=6:0.000, j=7:0.000, j=8:0.000, j=9:0.000, j=10:0.000, j=11:0.000, j=12:0.000, j=13:0.000, j=14:0.000, j=15:0.000, j=16:0.000, j=17:0.000, j=18:0.000, j=19:0.000, j=20:0.000, j=21:0.002, j=22:0.423, j=23:0.537, j=24:0.037
      i=25 -> j=0:0.000, j=1:0.000, j=2:0.000, j=3:0.000, j=4:0.000, j=5:0.000, j=6:0.000, j=7:0.000, j=8:0.000, j=9:0.000, j=10:0.000, j=11:0.000, j=12:0.000, j=13:0.000, j=14:0.000, j=15:0.000, j=16:0.000, j=17:0.000, j=18:0.000, j=19:0.000, j=20:0.000, j=21:0.000, j=22:0.001, j=23:0.104, j=24:0.879, j=25:0.017
      i=26 -> j=0:0.000, j=1:0.000, j=2:0.000, j=3:0.000, j=4:0.000, j=5:0.000, j=6:0.000, j=7:0.000, j=8:0.000, j=9:0.000, j=10:0.000, j=11:0.000, j=12:0.000, j=13:0.000, j=14:0.000, j=15:0.000, j=16:0.000, j=17:0.000, j=18:0.000, j=19:0.000, j=20:0.000, j=21:0.000, j=22:0.000, j=23:0.001, j=24:0.302, j=25:0.670, j=26:0.028
      i=27 -> j=0:0.000, j=1:0.000, j=2:0.000, j=3:0.000, j=4:0.000, j=5:0.000, j=6:0.000, j=7:0.000, j=8:0.000, j=9:0.000, j=10:0.000, j=11:0.000, j=12:0.000, j=13:0.000, j=14:0.000, j=15:0.000, j=16:0.000, j=17:0.000, j=18:0.000, j=19:0.000, j=20:0.000, j=21:0.000, j=22:0.000, j=23:0.000, j=24:0.001, j=25:0.145, j=26:0.781, j=27:0.073
      i=28 -> j=0:0.000, j=1:0.000, j=2:0.000, j=3:0.000, j=4:0.000, j=5:0.000, j=6:0.000, j=7:0.000, j=8:0.000, j=9:0.000, j=10:0.000, j=11:0.000, j=12:0.000, j=13:0.000, j=14:0.000, j=15:0.000, j=16:0.000, j=17:0.000, j=18:0.000, j=19:0.000, j=20:0.000, j=21:0.000, j=22:0.000, j=23:0.000, j=24:0.000, j=25:0.000, j=26:0.046, j=27:0.801, j=28:0.152
      i=29 -> j=0:0.000, j=1:0.000, j=2:0.000, j=3:0.000, j=4:0.000, j=5:0.000, j=6:0.000, j=7:0.000, j=8:0.000, j=9:0.000, j=10:0.000, j=11:0.000, j=12:0.000, j=13:0.000, j=14:0.000, j=15:0.000, j=16:0.000, j=17:0.000, j=18:0.000, j=19:0.000, j=20:0.000, j=21:0.000, j=22:0.000, j=23:0.000, j=24:0.000, j=25:0.000, j=26:0.001, j=27:0.189, j=28:0.787, j=29:0.022
      i=30 -> j=0:0.000, j=1:0.000, j=2:0.000, j=3:0.000, j=4:0.000, j=5:0.000, j=6:0.000, j=7:0.000, j=8:0.000, j=9:0.000, j=10:0.000, j=11:0.000, j=12:0.000, j=13:0.000, j=14:0.000, j=15:0.000, j=16:0.000, j=17:0.000, j=18:0.000, j=19:0.000, j=20:0.000, j=21:0.000, j=22:0.000, j=23:0.000, j=24:0.000, j=25:0.000, j=26:0.000, j=27:0.000, j=28:0.095, j=29:0.885, j=30:0.019
      i=31 -> j=0:0.000, j=1:0.000, j=2:0.000, j=3:0.000, j=4:0.000, j=5:0.000, j=6:0.000, j=7:0.000, j=8:0.000, j=9:0.000, j=10:0.000, j=11:0.000, j=12:0.000, j=13:0.000, j=14:0.000, j=15:0.000, j=16:0.000, j=17:0.000, j=18:0.000, j=19:0.000, j=20:0.000, j=21:0.000, j=22:0.000, j=23:0.000, j=24:0.000, j=25:0.000, j=26:0.000, j=27:0.000, j=28:0.001, j=29:0.415, j=30:0.549, j=31:0.034
    Average attention per distance:
      d=0:0.063, d=1:0.697, d=2:0.277


======================================================================
QK Property Verification (Raw Scores, before Softmax)
======================================================================
Recurrence order init_len=2, num test sequences=1

--- [P1] Long-distance Orthogonality Verification ---
Ideal: raw_score mean ≈ 0 and small std when d > init_len

  Layer 0, Head 0:
    d= 1 (effective): mean=  9.826, std= 0.554, n=31
    d= 2 (effective): mean=  8.776, std= 0.537, n=30
    d>2 (long-distance): mean= -1.629, std= 2.681, n=435

--- [P2] Time-homogeneous Verification ---
Ideal: CV of raw_score across positions i ≈ 0 for fixed distance d
(CV = std / |mean|, smaller = more constant)

  Layer 0, Head 0:
    d= 1: mean=  9.826, std= 0.554, CV=0.056, n=31
    d= 2: mean=  8.776, std= 0.537, CV=0.061, n=30

======================================================================
QK Property Verification Completed
======================================================================
