=== Experiment: mixed_cond_d128l1_r16_n4_e50 ===
Time: 2026-06-26T23:50:52.732612
Task type: mixed_ab
Merged config: {
  "P": 53,
  "TASK": "mixed_ab",
  "NUM_MASK": 0,
  "A": 1,
  "B": 1,
  "AB_PAIRS": [
    [
      1,
      1
    ],
    [
      1,
      2
    ],
    [
      1,
      3
    ],
    [
      1,
      4
    ]
  ],
  "D_MODEL": 128,
  "N_HEAD": 1,
  "N_LAYER": 1,
  "BATCH_SIZE": 128,
  "EPOCHS": 10000,
  "LR": 0.0003,
  "SAVE_PATH": "models/mixed_cond_d128l1_r16_n4_e50.pth",
  "USE_GREEDY_GENERATE": true,
  "USE_LEARNABLE_PE": false,
  "MLP_RATIO": 16,
  "TRAIN_LEN": 16,
  "OOD_LEN": 32,
  "DROPOUT": 0.0,
  "TARGET_INIT_COVERAGE": 0.5,
  "MAX_UNIQUE_RATIO": 0.5,
  "WEIGHT_DECAY": 1,
  "ENTROPY_PENALTY_WEIGHT": 0.0,
  "FIRST_TASK_WEIGHT": 1.0,
  "RANDOM_SEED": 42,
  "EVAL_INTERVAL": 20,
  "EARLY_STOP_NO_IMPROVE": 1000,
  "EARLY_STOP_ACCURACY": 0.99,
  "USE_AB_TAG": false,
  "USE_CONDITIONAL_WTE": true,
  "COND_WTE_SHARED_RATIO": 0.0,
  "MIXED_AB_MAX_UNIQUE_RATIOS": [
    0.5,
    0.5,
    0.5,
    0.5
  ],
  "SKIP_FINAL_GENERATION_TEST": true
}
--- output ---
Using device: cuda

[Dataset] Mixed mode: generated 5616 + 5620 samples, length 16
AB parameter pairs: [(1, 1), (1, 2), (1, 3), (1, 4)]
  - AB=(1,1): train 1404 | test 1405 | exposed ~50.0%
  - AB=(1,2): train 1404 | test 1405 | exposed ~50.0%
  - AB=(1,3): train 1404 | test 1405 | exposed ~50.0%
  - AB=(1,4): train 1404 | test 1405 | exposed ~50.0%
--------------------------------------------------
[Model config] block_size: 32, train length: 16
[Number theory] AB parameter pairs: [(1, 1), (1, 2), (1, 3), (1, 4)]


Model parameters: 0.64M

Start training...
Epoch   0 | Train: Loss=4.4313 Acc=3.9% | Test: Acc=0.2% | Best=0.2%(@0)
  from x3: 0.00 0.00 0.00 0.00 0.00 0.00 0.00 0.00 0.00 0.00 0.00 0.00 0.00
  per-rule acc: 0.00 0.00 0.00 0.00
Epoch  20 | Train: Loss=0.3792 Acc=98.8% | Test: Acc=0.6% | Best=0.6%(@20)
  from x3: 0.01 0.01 0.01 0.01 0.01 0.00 0.00 0.00 0.00 0.00 0.00 0.00 0.00
  per-rule acc: 0.01 0.00 0.00 0.01
Epoch  40 | Train: Loss=0.0791 Acc=99.6% | Test: Acc=1.3% | Best=1.3%(@40)
  from x3: 0.02 0.01 0.01 0.01 0.01 0.01 0.01 0.01 0.01 0.01 0.01 0.01 0.01
  per-rule acc: 0.02 0.01 0.01 0.01
Epoch  60 | Train: Loss=0.0504 Acc=99.7% | Test: Acc=1.6% | Best=1.6%(@60)
  from x3: 0.02 0.02 0.02 0.02 0.02 0.02 0.02 0.02 0.02 0.02 0.01 0.01 0.01
  per-rule acc: 0.02 0.01 0.02 0.01
Epoch  80 | Train: Loss=0.0388 Acc=99.8% | Test: Acc=1.8% | Best=1.8%(@80)
  from x3: 0.02 0.02 0.02 0.02 0.02 0.02 0.02 0.02 0.02 0.02 0.02 0.02 0.02
  per-rule acc: 0.02 0.02 0.02 0.02
Epoch 100 | Train: Loss=0.0307 Acc=99.9% | Test: Acc=1.9% | Best=1.9%(@100)
  from x3: 0.02 0.02 0.02 0.02 0.02 0.02 0.02 0.02 0.02 0.02 0.02 0.02 0.02
  per-rule acc: 0.02 0.02 0.02 0.02
Epoch 120 | Train: Loss=0.0574 Acc=99.9% | Test: Acc=1.8% | Best=1.9%(@100)
  from x3: 0.02 0.02 0.02 0.02 0.02 0.02 0.02 0.02 0.02 0.02 0.02 0.02 0.02
  per-rule acc: 0.02 0.02 0.02 0.02
Epoch 140 | Train: Loss=0.0266 Acc=99.9% | Test: Acc=1.8% | Best=1.9%(@100)
  from x3: 0.02 0.02 0.02 0.02 0.02 0.02 0.02 0.02 0.02 0.02 0.02 0.02 0.02
  per-rule acc: 0.02 0.02 0.02 0.02
Epoch 160 | Train: Loss=0.0233 Acc=99.9% | Test: Acc=1.9% | Best=1.9%(@160)
  from x3: 0.02 0.02 0.02 0.02 0.02 0.02 0.02 0.02 0.02 0.02 0.02 0.02 0.02
  per-rule acc: 0.02 0.02 0.02 0.02
Epoch 180 | Train: Loss=0.0666 Acc=100.0% | Test: Acc=1.9% | Best=1.9%(@160)
  from x3: 0.02 0.02 0.02 0.02 0.02 0.02 0.02 0.02 0.02 0.02 0.02 0.02 0.02
  per-rule acc: 0.02 0.02 0.02 0.02
Epoch 200 | Train: Loss=0.0194 Acc=100.0% | Test: Acc=1.9% | Best=1.9%(@200)
  from x3: 0.02 0.02 0.02 0.02 0.02 0.02 0.02 0.02 0.02 0.02 0.02 0.02 0.02
  per-rule acc: 0.02 0.02 0.02 0.02
Epoch 220 | Train: Loss=0.0298 Acc=99.9% | Test: Acc=2.1% | Best=2.1%(@220)
  from x3: 0.02 0.02 0.02 0.02 0.02 0.02 0.02 0.02 0.02 0.02 0.02 0.02 0.02
  per-rule acc: 0.02 0.02 0.02 0.02
Epoch 240 | Train: Loss=0.0160 Acc=100.0% | Test: Acc=2.0% | Best=2.1%(@220)
  from x3: 0.02 0.02 0.02 0.02 0.02 0.02 0.02 0.02 0.02 0.02 0.02 0.02 0.02
  per-rule acc: 0.02 0.02 0.02 0.02
Epoch 260 | Train: Loss=0.0174 Acc=100.0% | Test: Acc=2.0% | Best=2.1%(@220)
  from x3: 0.02 0.02 0.02 0.02 0.02 0.02 0.02 0.02 0.02 0.02 0.02 0.02 0.02
  per-rule acc: 0.02 0.02 0.02 0.02
Epoch 280 | Train: Loss=0.0178 Acc=99.9% | Test: Acc=2.1% | Best=2.1%(@280)
  from x3: 0.02 0.02 0.02 0.02 0.02 0.02 0.02 0.02 0.02 0.02 0.02 0.02 0.02
  per-rule acc: 0.02 0.02 0.02 0.02
Epoch 300 | Train: Loss=0.0204 Acc=99.9% | Test: Acc=2.1% | Best=2.1%(@280)
  from x3: 0.02 0.02 0.02 0.02 0.02 0.02 0.02 0.02 0.02 0.02 0.02 0.02 0.02
  per-rule acc: 0.02 0.02 0.02 0.02
Epoch 320 | Train: Loss=0.0240 Acc=99.9% | Test: Acc=2.1% | Best=2.1%(@280)
  from x3: 0.02 0.02 0.02 0.02 0.02 0.02 0.02 0.02 0.02 0.02 0.02 0.02 0.02
  per-rule acc: 0.01 0.03 0.02 0.02
Epoch 340 | Train: Loss=0.0169 Acc=99.9% | Test: Acc=2.1% | Best=2.1%(@280)
  from x3: 0.02 0.02 0.02 0.02 0.02 0.02 0.02 0.02 0.02 0.02 0.02 0.02 0.02
  per-rule acc: 0.02 0.03 0.02 0.02
Epoch 360 | Train: Loss=0.0270 Acc=100.0% | Test: Acc=2.2% | Best=2.2%(@360)
  from x3: 0.02 0.02 0.02 0.02 0.02 0.02 0.02 0.02 0.02 0.02 0.02 0.02 0.02
  per-rule acc: 0.02 0.02 0.02 0.02
Epoch 380 | Train: Loss=0.0201 Acc=99.9% | Test: Acc=2.3% | Best=2.3%(@380)
  from x3: 0.03 0.02 0.02 0.02 0.02 0.02 0.02 0.02 0.02 0.02 0.02 0.02 0.02
  per-rule acc: 0.02 0.03 0.02 0.02
Epoch 400 | Train: Loss=0.0173 Acc=99.9% | Test: Acc=2.2% | Best=2.3%(@380)
  from x3: 0.02 0.02 0.02 0.02 0.02 0.02 0.02 0.02 0.02 0.02 0.02 0.02 0.02
  per-rule acc: 0.02 0.03 0.02 0.02
Epoch 420 | Train: Loss=0.0181 Acc=99.9% | Test: Acc=2.2% | Best=2.3%(@380)
  from x3: 0.03 0.02 0.02 0.02 0.02 0.02 0.02 0.02 0.02 0.02 0.02 0.02 0.02
  per-rule acc: 0.02 0.03 0.02 0.02
Epoch 440 | Train: Loss=0.0557 Acc=100.0% | Test: Acc=2.2% | Best=2.3%(@380)
  from x3: 0.02 0.02 0.02 0.02 0.02 0.02 0.02 0.02 0.02 0.02 0.02 0.02 0.02
  per-rule acc: 0.02 0.03 0.02 0.02
Epoch 460 | Train: Loss=0.0137 Acc=99.9% | Test: Acc=2.4% | Best=2.4%(@460)
  from x3: 0.02 0.02 0.02 0.02 0.02 0.02 0.02 0.02 0.02 0.02 0.02 0.02 0.02
  per-rule acc: 0.02 0.03 0.02 0.02
Epoch 480 | Train: Loss=0.0193 Acc=99.9% | Test: Acc=2.5% | Best=2.5%(@480)
  from x3: 0.03 0.02 0.02 0.02 0.02 0.02 0.02 0.02 0.02 0.02 0.02 0.02 0.02
  per-rule acc: 0.03 0.03 0.02 0.02
Epoch 500 | Train: Loss=0.0137 Acc=99.9% | Test: Acc=2.4% | Best=2.5%(@480)
  from x3: 0.03 0.02 0.02 0.02 0.02 0.02 0.02 0.02 0.02 0.02 0.02 0.02 0.02
  per-rule acc: 0.02 0.03 0.02 0.02
Epoch 520 | Train: Loss=0.0160 Acc=99.9% | Test: Acc=2.6% | Best=2.6%(@520)
  from x3: 0.03 0.03 0.03 0.03 0.03 0.03 0.03 0.03 0.03 0.03 0.03 0.03 0.03
  per-rule acc: 0.02 0.03 0.02 0.02
Epoch 540 | Train: Loss=0.0168 Acc=99.9% | Test: Acc=2.7% | Best=2.7%(@540)
  from x3: 0.03 0.03 0.03 0.03 0.03 0.03 0.03 0.03 0.03 0.03 0.03 0.03 0.03
  per-rule acc: 0.03 0.03 0.02 0.02
Epoch 560 | Train: Loss=0.0192 Acc=99.9% | Test: Acc=2.5% | Best=2.7%(@540)
  from x3: 0.03 0.02 0.03 0.03 0.03 0.03 0.03 0.03 0.03 0.03 0.03 0.03 0.03
  per-rule acc: 0.02 0.03 0.02 0.02
Epoch 580 | Train: Loss=0.0143 Acc=99.9% | Test: Acc=2.9% | Best=2.9%(@580)
  from x3: 0.03 0.03 0.03 0.03 0.03 0.03 0.03 0.03 0.03 0.03 0.03 0.03 0.03
  per-rule acc: 0.03 0.03 0.02 0.03
Epoch 600 | Train: Loss=0.0092 Acc=100.0% | Test: Acc=2.9% | Best=2.9%(@600)
  from x3: 0.03 0.03 0.03 0.03 0.03 0.03 0.03 0.03 0.03 0.03 0.03 0.03 0.03
  per-rule acc: 0.03 0.04 0.03 0.02
Epoch 620 | Train: Loss=0.0275 Acc=99.9% | Test: Acc=3.1% | Best=3.1%(@620)
  from x3: 0.03 0.03 0.03 0.03 0.03 0.03 0.03 0.03 0.03 0.03 0.03 0.03 0.03
  per-rule acc: 0.03 0.04 0.03 0.03
Epoch 640 | Train: Loss=0.0163 Acc=99.9% | Test: Acc=3.1% | Best=3.1%(@640)
  from x3: 0.03 0.03 0.03 0.03 0.03 0.03 0.03 0.03 0.03 0.03 0.03 0.03 0.03
  per-rule acc: 0.03 0.04 0.03 0.03
Epoch 660 | Train: Loss=0.1549 Acc=99.6% | Test: Acc=3.0% | Best=3.1%(@640)
  from x3: 0.03 0.03 0.03 0.03 0.03 0.03 0.03 0.03 0.03 0.03 0.03 0.03 0.03
  per-rule acc: 0.03 0.04 0.03 0.02
Epoch 680 | Train: Loss=0.0103 Acc=99.9% | Test: Acc=3.3% | Best=3.3%(@680)
  from x3: 0.04 0.03 0.03 0.03 0.03 0.03 0.03 0.03 0.03 0.03 0.03 0.03 0.03
  per-rule acc: 0.03 0.05 0.03 0.03
Epoch 700 | Train: Loss=0.0113 Acc=100.0% | Test: Acc=3.9% | Best=3.9%(@700)
  from x3: 0.04 0.04 0.04 0.04 0.04 0.04 0.04 0.04 0.04 0.04 0.04 0.04 0.04
  per-rule acc: 0.04 0.06 0.03 0.03
Epoch 720 | Train: Loss=0.0117 Acc=99.9% | Test: Acc=4.3% | Best=4.3%(@720)
  from x3: 0.05 0.04 0.04 0.04 0.04 0.04 0.04 0.04 0.04 0.04 0.04 0.04 0.04
  per-rule acc: 0.04 0.07 0.04 0.03
Epoch 740 | Train: Loss=0.0166 Acc=99.9% | Test: Acc=4.4% | Best=4.4%(@740)
  from x3: 0.05 0.04 0.04 0.04 0.04 0.04 0.04 0.04 0.04 0.04 0.04 0.04 0.04
  per-rule acc: 0.04 0.08 0.03 0.03
Epoch 760 | Train: Loss=0.0183 Acc=100.0% | Test: Acc=5.1% | Best=5.1%(@760)
  from x3: 0.05 0.05 0.05 0.05 0.05 0.05 0.05 0.05 0.05 0.05 0.05 0.05 0.05
  per-rule acc: 0.04 0.09 0.04 0.04
Epoch 780 | Train: Loss=0.0107 Acc=100.0% | Test: Acc=5.7% | Best=5.7%(@780)
  from x3: 0.06 0.06 0.06 0.06 0.06 0.06 0.06 0.06 0.06 0.06 0.06 0.06 0.06
  per-rule acc: 0.03 0.11 0.05 0.04
Epoch 800 | Train: Loss=0.0096 Acc=100.0% | Test: Acc=7.0% | Best=7.0%(@800)
  from x3: 0.08 0.07 0.07 0.07 0.07 0.07 0.07 0.07 0.07 0.07 0.07 0.07 0.07
  per-rule acc: 0.04 0.14 0.05 0.04
Epoch 820 | Train: Loss=0.0087 Acc=100.0% | Test: Acc=8.2% | Best=8.2%(@820)
  from x3: 0.09 0.08 0.08 0.08 0.08 0.08 0.08 0.08 0.08 0.08 0.08 0.08 0.08
  per-rule acc: 0.05 0.17 0.06 0.05
Epoch 840 | Train: Loss=0.0089 Acc=100.0% | Test: Acc=10.5% | Best=10.5%(@840)
  from x3: 0.11 0.11 0.10 0.11 0.11 0.11 0.11 0.10 0.10 0.10 0.10 0.10 0.10
  per-rule acc: 0.05 0.22 0.09 0.06
Epoch 860 | Train: Loss=0.0143 Acc=99.9% | Test: Acc=12.5% | Best=12.5%(@860)
  from x3: 0.13 0.13 0.12 0.12 0.12 0.12 0.12 0.12 0.12 0.12 0.12 0.12 0.12
  per-rule acc: 0.04 0.29 0.10 0.07
Epoch 880 | Train: Loss=0.0087 Acc=99.9% | Test: Acc=17.2% | Best=17.2%(@880)
  from x3: 0.18 0.17 0.17 0.17 0.17 0.17 0.17 0.17 0.17 0.17 0.17 0.17 0.17
  per-rule acc: 0.05 0.39 0.16 0.09
Epoch 900 | Train: Loss=0.0106 Acc=100.0% | Test: Acc=20.3% | Best=20.3%(@900)
  from x3: 0.21 0.20 0.20 0.20 0.20 0.20 0.20 0.20 0.20 0.20 0.20 0.20 0.20
  per-rule acc: 0.06 0.45 0.19 0.12
Epoch 920 | Train: Loss=0.0100 Acc=100.0% | Test: Acc=28.9% | Best=28.9%(@920)
  from x3: 0.29 0.29 0.29 0.29 0.29 0.29 0.29 0.29 0.29 0.29 0.29 0.29 0.29
  per-rule acc: 0.07 0.61 0.31 0.16
Epoch 940 | Train: Loss=0.0078 Acc=100.0% | Test: Acc=33.9% | Best=33.9%(@940)
  from x3: 0.34 0.34 0.34 0.34 0.34 0.34 0.34 0.34 0.34 0.34 0.34 0.34 0.34
  per-rule acc: 0.07 0.69 0.37 0.22
Epoch 960 | Train: Loss=0.0067 Acc=100.0% | Test: Acc=40.2% | Best=40.2%(@960)
  from x3: 0.40 0.40 0.40 0.40 0.40 0.40 0.40 0.40 0.40 0.40 0.40 0.40 0.40
  per-rule acc: 0.08 0.78 0.50 0.26
Epoch 980 | Train: Loss=0.0290 Acc=99.8% | Test: Acc=41.2% | Best=41.2%(@980)
  from x3: 0.41 0.41 0.41 0.41 0.41 0.41 0.41 0.41 0.41 0.41 0.41 0.41 0.41
  per-rule acc: 0.08 0.74 0.56 0.27
Epoch 1000 | Train: Loss=0.0087 Acc=100.0% | Test: Acc=54.5% | Best=54.5%(@1000)
  from x3: 0.55 0.54 0.54 0.54 0.54 0.54 0.54 0.54 0.55 0.55 0.54 0.54 0.54
  per-rule acc: 0.09 0.91 0.75 0.43
Epoch 1020 | Train: Loss=0.0093 Acc=100.0% | Test: Acc=64.3% | Best=64.3%(@1020)
  from x3: 0.65 0.64 0.64 0.64 0.64 0.64 0.64 0.64 0.64 0.64 0.64 0.64 0.64
  per-rule acc: 0.11 0.97 0.89 0.59
Epoch 1040 | Train: Loss=0.0128 Acc=99.9% | Test: Acc=69.4% | Best=69.4%(@1040)
  from x3: 0.70 0.69 0.69 0.69 0.69 0.69 0.69 0.69 0.69 0.69 0.69 0.69 0.69
  per-rule acc: 0.12 0.99 0.96 0.71
Epoch 1060 | Train: Loss=0.0074 Acc=100.0% | Test: Acc=74.0% | Best=74.0%(@1060)
  from x3: 0.74 0.74 0.74 0.74 0.74 0.74 0.74 0.74 0.74 0.74 0.74 0.74 0.74
  per-rule acc: 0.13 1.00 0.99 0.84
Epoch 1080 | Train: Loss=0.0070 Acc=100.0% | Test: Acc=76.9% | Best=76.9%(@1080)
  from x3: 0.77 0.77 0.77 0.77 0.77 0.77 0.77 0.77 0.77 0.77 0.77 0.77 0.77
  per-rule acc: 0.15 1.00 1.00 0.93
Epoch 1100 | Train: Loss=0.0093 Acc=100.0% | Test: Acc=78.3% | Best=78.3%(@1100)
  from x3: 0.78 0.78 0.78 0.78 0.78 0.78 0.78 0.78 0.78 0.78 0.78 0.78 0.78
  per-rule acc: 0.17 1.00 1.00 0.96
Epoch 1120 | Train: Loss=0.0060 Acc=100.0% | Test: Acc=80.3% | Best=80.3%(@1120)
  from x3: 0.80 0.80 0.80 0.80 0.80 0.80 0.80 0.80 0.80 0.80 0.80 0.80 0.80
  per-rule acc: 0.22 1.00 1.00 0.99
Epoch 1140 | Train: Loss=0.0076 Acc=100.0% | Test: Acc=81.5% | Best=81.5%(@1140)
  from x3: 0.81 0.81 0.81 0.81 0.81 0.81 0.81 0.81 0.82 0.82 0.81 0.82 0.82
  per-rule acc: 0.26 1.00 1.00 1.00
Epoch 1160 | Train: Loss=0.0077 Acc=100.0% | Test: Acc=81.5% | Best=81.5%(@1160)
  from x3: 0.81 0.81 0.81 0.81 0.81 0.81 0.81 0.81 0.82 0.82 0.82 0.82 0.82
  per-rule acc: 0.26 1.00 1.00 1.00
Epoch 1180 | Train: Loss=0.0064 Acc=100.0% | Test: Acc=82.4% | Best=82.4%(@1180)
  from x3: 0.82 0.82 0.82 0.82 0.82 0.82 0.82 0.82 0.82 0.82 0.82 0.82 0.82
  per-rule acc: 0.29 1.00 1.00 1.00
Epoch 1200 | Train: Loss=0.0108 Acc=100.0% | Test: Acc=83.5% | Best=83.5%(@1200)
  from x3: 0.83 0.83 0.83 0.84 0.84 0.84 0.83 0.83 0.84 0.84 0.84 0.84 0.84
  per-rule acc: 0.34 1.00 1.00 1.00
Epoch 1220 | Train: Loss=0.0084 Acc=100.0% | Test: Acc=84.5% | Best=84.5%(@1220)
  from x3: 0.84 0.84 0.84 0.84 0.84 0.84 0.84 0.84 0.84 0.85 0.85 0.85 0.85
  per-rule acc: 0.38 1.00 1.00 1.00
Epoch 1240 | Train: Loss=0.0084 Acc=100.0% | Test: Acc=84.4% | Best=84.5%(@1220)
  from x3: 0.84 0.84 0.84 0.84 0.84 0.84 0.84 0.84 0.84 0.84 0.84 0.84 0.84
  per-rule acc: 0.38 1.00 1.00 1.00
Epoch 1260 | Train: Loss=0.0053 Acc=100.0% | Test: Acc=85.8% | Best=85.8%(@1260)
  from x3: 0.86 0.86 0.86 0.86 0.86 0.86 0.86 0.86 0.86 0.86 0.86 0.86 0.86
  per-rule acc: 0.43 1.00 1.00 1.00
Epoch 1280 | Train: Loss=0.0062 Acc=100.0% | Test: Acc=86.2% | Best=86.2%(@1280)
  from x3: 0.86 0.86 0.86 0.86 0.86 0.86 0.86 0.86 0.86 0.86 0.86 0.86 0.86
  per-rule acc: 0.45 1.00 1.00 1.00
Epoch 1300 | Train: Loss=0.0092 Acc=100.0% | Test: Acc=85.4% | Best=86.2%(@1280)
  from x3: 0.85 0.85 0.85 0.85 0.85 0.85 0.85 0.85 0.85 0.86 0.85 0.85 0.85
  per-rule acc: 0.42 1.00 1.00 1.00
Epoch 1320 | Train: Loss=0.0075 Acc=100.0% | Test: Acc=86.4% | Best=86.4%(@1320)
  from x3: 0.86 0.86 0.86 0.86 0.86 0.86 0.86 0.86 0.86 0.86 0.86 0.86 0.86
  per-rule acc: 0.46 1.00 1.00 1.00
Epoch 1340 | Train: Loss=0.0131 Acc=99.9% | Test: Acc=85.6% | Best=86.4%(@1320)
  from x3: 0.85 0.86 0.86 0.86 0.86 0.86 0.86 0.86 0.86 0.86 0.86 0.86 0.86
  per-rule acc: 0.42 1.00 1.00 1.00
Epoch 1360 | Train: Loss=0.0095 Acc=99.9% | Test: Acc=86.8% | Best=86.8%(@1360)
  from x3: 0.87 0.87 0.87 0.87 0.87 0.87 0.87 0.87 0.87 0.87 0.87 0.87 0.87
  per-rule acc: 0.47 1.00 1.00 1.00
Epoch 1380 | Train: Loss=0.0082 Acc=100.0% | Test: Acc=87.3% | Best=87.3%(@1380)
  from x3: 0.87 0.87 0.87 0.87 0.87 0.87 0.87 0.87 0.87 0.87 0.87 0.87 0.87
  per-rule acc: 0.49 1.00 1.00 1.00
Epoch 1400 | Train: Loss=0.0057 Acc=100.0% | Test: Acc=88.2% | Best=88.2%(@1400)
  from x3: 0.89 0.88 0.88 0.88 0.88 0.88 0.88 0.88 0.88 0.88 0.88 0.88 0.88
  per-rule acc: 0.53 1.00 1.00 1.00
Epoch 1420 | Train: Loss=0.0072 Acc=100.0% | Test: Acc=88.4% | Best=88.4%(@1420)
  from x3: 0.89 0.89 0.88 0.88 0.88 0.88 0.88 0.88 0.88 0.88 0.88 0.88 0.88
  per-rule acc: 0.54 1.00 1.00 1.00
Epoch 1440 | Train: Loss=0.0051 Acc=100.0% | Test: Acc=88.8% | Best=88.8%(@1440)
  from x3: 0.89 0.89 0.89 0.89 0.89 0.89 0.89 0.89 0.89 0.89 0.89 0.89 0.89
  per-rule acc: 0.55 1.00 1.00 1.00
Epoch 1460 | Train: Loss=0.0054 Acc=100.0% | Test: Acc=88.7% | Best=88.8%(@1440)
  from x3: 0.89 0.89 0.89 0.89 0.89 0.89 0.89 0.89 0.89 0.89 0.89 0.89 0.89
  per-rule acc: 0.55 1.00 1.00 1.00
Epoch 1480 | Train: Loss=0.0059 Acc=100.0% | Test: Acc=88.9% | Best=88.9%(@1480)
  from x3: 0.89 0.89 0.89 0.89 0.89 0.89 0.89 0.89 0.89 0.89 0.89 0.89 0.89
  per-rule acc: 0.56 1.00 1.00 1.00
Epoch 1500 | Train: Loss=0.0057 Acc=100.0% | Test: Acc=89.1% | Best=89.1%(@1500)
  from x3: 0.89 0.89 0.89 0.89 0.89 0.89 0.89 0.89 0.89 0.89 0.89 0.89 0.89
  per-rule acc: 0.56 1.00 1.00 1.00
Epoch 1520 | Train: Loss=0.0050 Acc=100.0% | Test: Acc=89.3% | Best=89.3%(@1520)
  from x3: 0.89 0.89 0.89 0.89 0.89 0.89 0.89 0.89 0.89 0.89 0.89 0.89 0.89
  per-rule acc: 0.57 1.00 1.00 1.00
Epoch 1540 | Train: Loss=0.0052 Acc=100.0% | Test: Acc=89.4% | Best=89.4%(@1540)
  from x3: 0.89 0.89 0.89 0.89 0.89 0.89 0.89 0.89 0.89 0.89 0.89 0.89 0.89
  per-rule acc: 0.57 1.00 1.00 1.00
Epoch 1560 | Train: Loss=0.0039 Acc=100.0% | Test: Acc=89.7% | Best=89.7%(@1560)
  from x3: 0.90 0.90 0.90 0.90 0.90 0.90 0.90 0.90 0.90 0.90 0.90 0.90 0.90
  per-rule acc: 0.59 1.00 1.00 1.00
Epoch 1580 | Train: Loss=0.0051 Acc=100.0% | Test: Acc=90.0% | Best=90.0%(@1580)
  from x3: 0.90 0.90 0.90 0.90 0.90 0.90 0.90 0.90 0.90 0.90 0.90 0.90 0.90
  per-rule acc: 0.60 1.00 1.00 1.00
Epoch 1600 | Train: Loss=0.0051 Acc=100.0% | Test: Acc=89.9% | Best=90.0%(@1580)
  from x3: 0.90 0.90 0.90 0.90 0.90 0.90 0.90 0.90 0.90 0.90 0.90 0.90 0.90
  per-rule acc: 0.60 1.00 1.00 1.00
Epoch 1620 | Train: Loss=0.0063 Acc=100.0% | Test: Acc=89.9% | Best=90.0%(@1580)
  from x3: 0.90 0.90 0.90 0.90 0.90 0.90 0.90 0.90 0.90 0.90 0.90 0.90 0.90
  per-rule acc: 0.59 1.00 1.00 1.00
Epoch 1640 | Train: Loss=0.0055 Acc=100.0% | Test: Acc=90.2% | Best=90.2%(@1640)
  from x3: 0.90 0.90 0.90 0.90 0.90 0.90 0.90 0.90 0.90 0.90 0.90 0.90 0.90
  per-rule acc: 0.61 1.00 1.00 1.00
Epoch 1660 | Train: Loss=0.0078 Acc=100.0% | Test: Acc=90.1% | Best=90.2%(@1640)
  from x3: 0.90 0.90 0.90 0.90 0.90 0.90 0.90 0.90 0.90 0.90 0.90 0.90 0.90
  per-rule acc: 0.60 1.00 1.00 1.00
Epoch 1680 | Train: Loss=0.0056 Acc=100.0% | Test: Acc=90.3% | Best=90.3%(@1680)
  from x3: 0.90 0.90 0.90 0.90 0.90 0.90 0.90 0.90 0.90 0.90 0.90 0.90 0.90
  per-rule acc: 0.61 1.00 1.00 1.00
Epoch 1700 | Train: Loss=0.0052 Acc=100.0% | Test: Acc=90.5% | Best=90.5%(@1700)
  from x3: 0.90 0.91 0.90 0.90 0.90 0.90 0.90 0.90 0.90 0.90 0.90 0.90 0.90
  per-rule acc: 0.62 1.00 1.00 1.00
Epoch 1720 | Train: Loss=0.0068 Acc=100.0% | Test: Acc=90.3% | Best=90.5%(@1700)
  from x3: 0.90 0.90 0.90 0.90 0.90 0.90 0.90 0.90 0.90 0.90 0.90 0.90 0.90
  per-rule acc: 0.61 1.00 1.00 1.00
Epoch 1740 | Train: Loss=0.0036 Acc=100.0% | Test: Acc=90.6% | Best=90.6%(@1740)
  from x3: 0.91 0.91 0.90 0.91 0.91 0.91 0.91 0.91 0.91 0.91 0.91 0.91 0.91
  per-rule acc: 0.62 1.00 1.00 1.00
Epoch 1760 | Train: Loss=0.0057 Acc=100.0% | Test: Acc=90.8% | Best=90.8%(@1760)
  from x3: 0.91 0.91 0.91 0.91 0.91 0.91 0.91 0.91 0.91 0.91 0.91 0.91 0.91
  per-rule acc: 0.63 1.00 1.00 1.00
Epoch 1780 | Train: Loss=0.0053 Acc=100.0% | Test: Acc=90.8% | Best=90.8%(@1760)
  from x3: 0.90 0.91 0.91 0.91 0.91 0.91 0.91 0.91 0.91 0.91 0.91 0.91 0.91
  per-rule acc: 0.63 1.00 1.00 1.00
Epoch 1800 | Train: Loss=0.0054 Acc=100.0% | Test: Acc=90.7% | Best=90.8%(@1760)
  from x3: 0.91 0.91 0.91 0.91 0.91 0.91 0.91 0.91 0.91 0.91 0.91 0.91 0.91
  per-rule acc: 0.63 1.00 1.00 1.00
Epoch 1820 | Train: Loss=0.0043 Acc=100.0% | Test: Acc=91.0% | Best=91.0%(@1820)
  from x3: 0.91 0.91 0.91 0.91 0.91 0.91 0.91 0.91 0.91 0.91 0.91 0.91 0.91
  per-rule acc: 0.64 1.00 1.00 1.00
Epoch 1840 | Train: Loss=0.0045 Acc=100.0% | Test: Acc=91.4% | Best=91.4%(@1840)
  from x3: 0.91 0.91 0.91 0.91 0.91 0.91 0.91 0.91 0.91 0.91 0.91 0.91 0.91
  per-rule acc: 0.65 1.00 1.00 1.00
Epoch 1860 | Train: Loss=0.0085 Acc=100.0% | Test: Acc=90.6% | Best=91.4%(@1840)
  from x3: 0.90 0.91 0.91 0.91 0.91 0.91 0.91 0.91 0.91 0.91 0.91 0.91 0.91
  per-rule acc: 0.62 1.00 1.00 1.00
Epoch 1880 | Train: Loss=0.0054 Acc=100.0% | Test: Acc=91.1% | Best=91.4%(@1840)
  from x3: 0.91 0.91 0.91 0.91 0.91 0.91 0.91 0.91 0.91 0.91 0.91 0.91 0.91
  per-rule acc: 0.64 1.00 1.00 1.00
Epoch 1900 | Train: Loss=0.0050 Acc=100.0% | Test: Acc=91.0% | Best=91.4%(@1840)
  from x3: 0.91 0.91 0.91 0.91 0.91 0.91 0.91 0.91 0.91 0.91 0.91 0.91 0.91
  per-rule acc: 0.64 1.00 1.00 1.00
Epoch 1920 | Train: Loss=0.0075 Acc=100.0% | Test: Acc=91.0% | Best=91.4%(@1840)
  from x3: 0.91 0.91 0.91 0.91 0.91 0.91 0.91 0.91 0.91 0.91 0.91 0.91 0.91
  per-rule acc: 0.64 1.00 1.00 1.00
Epoch 1940 | Train: Loss=0.0108 Acc=100.0% | Test: Acc=91.1% | Best=91.4%(@1840)
  from x3: 0.91 0.91 0.91 0.91 0.91 0.91 0.91 0.91 0.91 0.91 0.91 0.91 0.91
  per-rule acc: 0.64 1.00 1.00 1.00
Epoch 1960 | Train: Loss=0.0068 Acc=100.0% | Test: Acc=91.0% | Best=91.4%(@1840)
  from x3: 0.91 0.91 0.91 0.91 0.91 0.91 0.91 0.91 0.91 0.91 0.91 0.91 0.91
  per-rule acc: 0.64 1.00 1.00 1.00
Epoch 1980 | Train: Loss=0.0043 Acc=100.0% | Test: Acc=91.2% | Best=91.4%(@1840)
  from x3: 0.91 0.91 0.91 0.91 0.91 0.91 0.91 0.91 0.91 0.91 0.91 0.91 0.91
  per-rule acc: 0.65 1.00 1.00 1.00
Epoch 2000 | Train: Loss=0.0050 Acc=100.0% | Test: Acc=91.5% | Best=91.5%(@2000)
  from x3: 0.91 0.92 0.92 0.92 0.92 0.92 0.92 0.92 0.91 0.91 0.91 0.91 0.91
  per-rule acc: 0.66 1.00 1.00 1.00
Epoch 2020 | Train: Loss=0.0054 Acc=100.0% | Test: Acc=91.5% | Best=91.5%(@2020)
  from x3: 0.91 0.92 0.92 0.92 0.92 0.92 0.92 0.92 0.92 0.92 0.92 0.92 0.92
  per-rule acc: 0.66 1.00 1.00 1.00
Epoch 2040 | Train: Loss=0.0061 Acc=100.0% | Test: Acc=91.4% | Best=91.5%(@2020)
  from x3: 0.91 0.91 0.91 0.91 0.91 0.91 0.91 0.91 0.91 0.91 0.91 0.91 0.91
  per-rule acc: 0.65 1.00 1.00 1.00
Epoch 2060 | Train: Loss=0.0046 Acc=100.0% | Test: Acc=91.2% | Best=91.5%(@2020)
  from x3: 0.91 0.91 0.91 0.91 0.91 0.91 0.91 0.91 0.91 0.91 0.91 0.91 0.91
  per-rule acc: 0.65 1.00 1.00 1.00
Epoch 2080 | Train: Loss=0.0056 Acc=100.0% | Test: Acc=91.5% | Best=91.5%(@2020)
  from x3: 0.91 0.92 0.91 0.91 0.91 0.91 0.91 0.91 0.91 0.91 0.91 0.91 0.91
  per-rule acc: 0.66 1.00 1.00 1.00
Epoch 2100 | Train: Loss=0.0043 Acc=100.0% | Test: Acc=91.5% | Best=91.5%(@2020)
  from x3: 0.91 0.92 0.91 0.92 0.92 0.92 0.92 0.92 0.91 0.91 0.91 0.91 0.91
  per-rule acc: 0.66 1.00 1.00 1.00
Epoch 2120 | Train: Loss=0.0051 Acc=100.0% | Test: Acc=91.7% | Best=91.7%(@2120)
  from x3: 0.91 0.92 0.92 0.92 0.92 0.92 0.92 0.92 0.92 0.92 0.92 0.92 0.92
  per-rule acc: 0.67 1.00 1.00 1.00
Epoch 2140 | Train: Loss=0.0069 Acc=100.0% | Test: Acc=91.6% | Best=91.7%(@2120)
  from x3: 0.92 0.92 0.92 0.92 0.92 0.92 0.92 0.92 0.92 0.92 0.92 0.92 0.92
  per-rule acc: 0.66 1.00 1.00 1.00
Epoch 2160 | Train: Loss=0.0051 Acc=100.0% | Test: Acc=91.8% | Best=91.8%(@2160)
  from x3: 0.91 0.92 0.92 0.92 0.92 0.92 0.92 0.92 0.92 0.92 0.92 0.92 0.92
  per-rule acc: 0.67 1.00 1.00 1.00
Epoch 2180 | Train: Loss=0.0065 Acc=100.0% | Test: Acc=91.3% | Best=91.8%(@2160)
  from x3: 0.91 0.91 0.91 0.91 0.91 0.91 0.91 0.91 0.91 0.91 0.91 0.91 0.91
  per-rule acc: 0.65 1.00 1.00 1.00
Epoch 2200 | Train: Loss=0.0046 Acc=100.0% | Test: Acc=91.9% | Best=91.9%(@2200)
  from x3: 0.92 0.92 0.92 0.92 0.92 0.92 0.92 0.92 0.92 0.92 0.92 0.92 0.92
  per-rule acc: 0.68 1.00 1.00 1.00
Epoch 2220 | Train: Loss=0.0111 Acc=100.0% | Test: Acc=91.8% | Best=91.9%(@2200)
  from x3: 0.92 0.92 0.92 0.92 0.92 0.92 0.92 0.92 0.92 0.92 0.92 0.92 0.92
  per-rule acc: 0.67 1.00 1.00 1.00
Epoch 2240 | Train: Loss=0.0044 Acc=100.0% | Test: Acc=92.0% | Best=92.0%(@2240)
  from x3: 0.92 0.92 0.92 0.92 0.92 0.92 0.92 0.92 0.92 0.92 0.92 0.92 0.92
  per-rule acc: 0.68 1.00 1.00 1.00
Epoch 2260 | Train: Loss=0.0066 Acc=100.0% | Test: Acc=91.5% | Best=92.0%(@2240)
  from x3: 0.91 0.91 0.92 0.92 0.92 0.92 0.92 0.92 0.92 0.92 0.92 0.92 0.92
  per-rule acc: 0.66 1.00 1.00 1.00
Epoch 2280 | Train: Loss=0.0039 Acc=100.0% | Test: Acc=92.0% | Best=92.0%(@2280)
  from x3: 0.92 0.92 0.92 0.92 0.92 0.92 0.92 0.92 0.92 0.92 0.92 0.92 0.92
  per-rule acc: 0.68 1.00 1.00 1.00
Epoch 2300 | Train: Loss=0.0063 Acc=100.0% | Test: Acc=92.1% | Best=92.1%(@2300)
  from x3: 0.92 0.92 0.92 0.92 0.92 0.92 0.92 0.92 0.92 0.92 0.92 0.92 0.92
  per-rule acc: 0.68 1.00 1.00 1.00
Epoch 2320 | Train: Loss=0.0048 Acc=100.0% | Test: Acc=92.3% | Best=92.3%(@2320)
  from x3: 0.92 0.93 0.92 0.92 0.92 0.92 0.92 0.92 0.92 0.92 0.92 0.92 0.92
  per-rule acc: 0.69 1.00 1.00 1.00
Epoch 2340 | Train: Loss=0.0059 Acc=100.0% | Test: Acc=92.1% | Best=92.3%(@2320)
  from x3: 0.92 0.92 0.92 0.92 0.92 0.92 0.92 0.92 0.92 0.92 0.92 0.92 0.92
  per-rule acc: 0.69 1.00 1.00 1.00
Epoch 2360 | Train: Loss=0.0049 Acc=100.0% | Test: Acc=92.1% | Best=92.3%(@2320)
  from x3: 0.92 0.92 0.92 0.92 0.92 0.92 0.92 0.92 0.92 0.92 0.92 0.92 0.92
  per-rule acc: 0.68 1.00 1.00 1.00
Epoch 2380 | Train: Loss=0.0040 Acc=100.0% | Test: Acc=91.9% | Best=92.3%(@2320)
  from x3: 0.92 0.92 0.92 0.92 0.92 0.92 0.92 0.92 0.92 0.92 0.92 0.92 0.92
  per-rule acc: 0.68 1.00 1.00 1.00
Epoch 2400 | Train: Loss=0.0039 Acc=100.0% | Test: Acc=92.0% | Best=92.3%(@2320)
  from x3: 0.92 0.92 0.92 0.92 0.92 0.92 0.92 0.92 0.92 0.92 0.92 0.92 0.92
  per-rule acc: 0.68 1.00 1.00 1.00
Epoch 2420 | Train: Loss=0.0041 Acc=100.0% | Test: Acc=92.4% | Best=92.4%(@2420)
  from x3: 0.92 0.93 0.92 0.92 0.92 0.92 0.92 0.92 0.92 0.92 0.92 0.92 0.92
  per-rule acc: 0.70 1.00 1.00 1.00
Epoch 2440 | Train: Loss=0.0051 Acc=100.0% | Test: Acc=91.9% | Best=92.4%(@2420)
  from x3: 0.92 0.92 0.92 0.92 0.92 0.92 0.92 0.92 0.92 0.92 0.92 0.92 0.92
  per-rule acc: 0.68 1.00 1.00 1.00
Epoch 2460 | Train: Loss=0.0044 Acc=100.0% | Test: Acc=92.2% | Best=92.4%(@2420)
  from x3: 0.92 0.92 0.92 0.92 0.92 0.92 0.92 0.92 0.92 0.92 0.92 0.92 0.92
  per-rule acc: 0.69 1.00 1.00 1.00
Epoch 2480 | Train: Loss=0.0040 Acc=100.0% | Test: Acc=91.9% | Best=92.4%(@2420)
  from x3: 0.92 0.92 0.92 0.92 0.92 0.92 0.92 0.92 0.92 0.92 0.92 0.92 0.92
  per-rule acc: 0.68 1.00 1.00 1.00
Epoch 2500 | Train: Loss=0.0042 Acc=100.0% | Test: Acc=91.9% | Best=92.4%(@2420)
  from x3: 0.92 0.92 0.92 0.92 0.92 0.92 0.92 0.92 0.92 0.92 0.92 0.92 0.92
  per-rule acc: 0.68 1.00 1.00 1.00
Epoch 2520 | Train: Loss=0.0042 Acc=100.0% | Test: Acc=92.5% | Best=92.5%(@2520)
  from x3: 0.92 0.93 0.92 0.93 0.93 0.93 0.93 0.93 0.92 0.92 0.92 0.92 0.92
  per-rule acc: 0.70 1.00 1.00 1.00
Epoch 2540 | Train: Loss=0.0055 Acc=100.0% | Test: Acc=92.4% | Best=92.5%(@2520)
  from x3: 0.92 0.92 0.92 0.92 0.92 0.92 0.92 0.92 0.92 0.92 0.92 0.92 0.92
  per-rule acc: 0.70 1.00 1.00 1.00
Epoch 2560 | Train: Loss=0.0041 Acc=100.0% | Test: Acc=92.4% | Best=92.5%(@2520)
  from x3: 0.92 0.92 0.92 0.92 0.92 0.92 0.92 0.92 0.92 0.92 0.92 0.92 0.92
  per-rule acc: 0.69 1.00 1.00 1.00
Epoch 2580 | Train: Loss=0.0038 Acc=100.0% | Test: Acc=92.4% | Best=92.5%(@2520)
  from x3: 0.92 0.92 0.92 0.92 0.92 0.92 0.92 0.92 0.92 0.92 0.92 0.92 0.92
  per-rule acc: 0.70 1.00 1.00 1.00
Epoch 2600 | Train: Loss=0.0037 Acc=100.0% | Test: Acc=92.4% | Best=92.5%(@2520)
  from x3: 0.92 0.92 0.92 0.92 0.92 0.92 0.92 0.92 0.92 0.92 0.92 0.92 0.92
  per-rule acc: 0.70 1.00 1.00 1.00
Epoch 2620 | Train: Loss=0.0042 Acc=100.0% | Test: Acc=92.7% | Best=92.7%(@2620)
  from x3: 0.93 0.93 0.93 0.93 0.93 0.93 0.93 0.93 0.93 0.93 0.93 0.93 0.93
  per-rule acc: 0.71 1.00 1.00 1.00
Epoch 2640 | Train: Loss=0.0050 Acc=100.0% | Test: Acc=92.1% | Best=92.7%(@2620)
  from x3: 0.92 0.92 0.92 0.92 0.92 0.92 0.92 0.92 0.92 0.92 0.92 0.92 0.92
  per-rule acc: 0.68 1.00 1.00 1.00
Epoch 2660 | Train: Loss=0.0056 Acc=100.0% | Test: Acc=92.2% | Best=92.7%(@2620)
  from x3: 0.92 0.92 0.92 0.92 0.92 0.92 0.92 0.92 0.92 0.92 0.92 0.92 0.92
  per-rule acc: 0.69 1.00 1.00 1.00
Epoch 2680 | Train: Loss=0.0090 Acc=99.9% | Test: Acc=91.9% | Best=92.7%(@2620)
  from x3: 0.92 0.92 0.92 0.92 0.92 0.92 0.92 0.92 0.92 0.92 0.92 0.92 0.92
  per-rule acc: 0.68 1.00 1.00 1.00
Epoch 2700 | Train: Loss=0.0039 Acc=100.0% | Test: Acc=92.5% | Best=92.7%(@2620)
  from x3: 0.92 0.92 0.92 0.92 0.92 0.92 0.92 0.92 0.93 0.93 0.93 0.93 0.93
  per-rule acc: 0.70 1.00 1.00 1.00
Epoch 2720 | Train: Loss=0.0049 Acc=100.0% | Test: Acc=92.4% | Best=92.7%(@2620)
  from x3: 0.92 0.92 0.92 0.92 0.92 0.92 0.92 0.92 0.92 0.93 0.92 0.92 0.93
  per-rule acc: 0.70 1.00 1.00 1.00
Epoch 2740 | Train: Loss=0.0040 Acc=100.0% | Test: Acc=92.6% | Best=92.7%(@2620)
  from x3: 0.92 0.93 0.93 0.93 0.93 0.93 0.93 0.93 0.93 0.93 0.93 0.93 0.93
  per-rule acc: 0.70 1.00 1.00 1.00
Epoch 2760 | Train: Loss=0.0042 Acc=100.0% | Test: Acc=93.0% | Best=93.0%(@2760)
  from x3: 0.93 0.93 0.93 0.93 0.93 0.93 0.93 0.93 0.93 0.93 0.93 0.93 0.93
  per-rule acc: 0.72 1.00 1.00 1.00
Epoch 2780 | Train: Loss=0.0040 Acc=100.0% | Test: Acc=93.0% | Best=93.0%(@2760)
  from x3: 0.93 0.93 0.93 0.93 0.93 0.93 0.93 0.93 0.93 0.93 0.93 0.93 0.93
  per-rule acc: 0.72 1.00 1.00 1.00
Epoch 2800 | Train: Loss=0.0063 Acc=100.0% | Test: Acc=92.7% | Best=93.0%(@2760)
  from x3: 0.93 0.93 0.93 0.93 0.93 0.93 0.93 0.93 0.93 0.93 0.93 0.93 0.93
  per-rule acc: 0.71 1.00 1.00 1.00
Epoch 2820 | Train: Loss=0.0037 Acc=100.0% | Test: Acc=92.9% | Best=93.0%(@2760)
  from x3: 0.93 0.93 0.93 0.93 0.93 0.93 0.93 0.93 0.93 0.93 0.93 0.93 0.93
  per-rule acc: 0.72 1.00 1.00 1.00
Epoch 2840 | Train: Loss=0.0035 Acc=100.0% | Test: Acc=92.9% | Best=93.0%(@2760)
  from x3: 0.93 0.93 0.93 0.93 0.93 0.93 0.93 0.93 0.93 0.93 0.93 0.93 0.93
  per-rule acc: 0.71 1.00 1.00 1.00
Epoch 2860 | Train: Loss=0.0037 Acc=100.0% | Test: Acc=92.9% | Best=93.0%(@2760)
  from x3: 0.93 0.93 0.93 0.93 0.93 0.93 0.93 0.93 0.93 0.93 0.93 0.93 0.93
  per-rule acc: 0.72 1.00 1.00 1.00
Epoch 2880 | Train: Loss=0.0027 Acc=100.0% | Test: Acc=93.5% | Best=93.5%(@2880)
  from x3: 0.93 0.93 0.93 0.93 0.93 0.94 0.94 0.94 0.94 0.93 0.94 0.94 0.94
  per-rule acc: 0.74 1.00 1.00 1.00
Epoch 2900 | Train: Loss=0.0045 Acc=100.0% | Test: Acc=93.3% | Best=93.5%(@2880)
  from x3: 0.93 0.93 0.93 0.93 0.93 0.93 0.93 0.93 0.93 0.93 0.93 0.93 0.93
  per-rule acc: 0.73 1.00 1.00 1.00
Epoch 2920 | Train: Loss=0.0047 Acc=100.0% | Test: Acc=93.3% | Best=93.5%(@2880)
  from x3: 0.93 0.93 0.93 0.93 0.93 0.93 0.93 0.93 0.93 0.93 0.93 0.93 0.93
  per-rule acc: 0.73 1.00 1.00 1.00
Epoch 2940 | Train: Loss=0.0035 Acc=100.0% | Test: Acc=93.4% | Best=93.5%(@2880)
  from x3: 0.93 0.93 0.93 0.93 0.93 0.93 0.93 0.93 0.93 0.93 0.93 0.93 0.93
  per-rule acc: 0.74 1.00 1.00 1.00
Epoch 2960 | Train: Loss=0.0034 Acc=100.0% | Test: Acc=93.3% | Best=93.5%(@2880)
  from x3: 0.93 0.93 0.93 0.93 0.93 0.93 0.93 0.93 0.93 0.93 0.93 0.93 0.93
  per-rule acc: 0.73 1.00 1.00 1.00
Epoch 2980 | Train: Loss=0.0057 Acc=100.0% | Test: Acc=93.6% | Best=93.6%(@2980)
  from x3: 0.94 0.93 0.94 0.94 0.94 0.94 0.94 0.94 0.94 0.94 0.94 0.94 0.94
  per-rule acc: 0.74 1.00 1.00 1.00
Epoch 3000 | Train: Loss=0.0040 Acc=100.0% | Test: Acc=93.5% | Best=93.6%(@2980)
  from x3: 0.93 0.93 0.94 0.93 0.94 0.94 0.94 0.94 0.94 0.94 0.94 0.94 0.94
  per-rule acc: 0.74 1.00 1.00 1.00
Epoch 3020 | Train: Loss=0.0036 Acc=100.0% | Test: Acc=93.6% | Best=93.6%(@3020)
  from x3: 0.93 0.94 0.94 0.94 0.94 0.94 0.94 0.94 0.94 0.94 0.94 0.94 0.94
  per-rule acc: 0.74 1.00 1.00 1.00
Epoch 3040 | Train: Loss=0.0047 Acc=100.0% | Test: Acc=93.4% | Best=93.6%(@3020)
  from x3: 0.93 0.93 0.93 0.93 0.93 0.93 0.93 0.93 0.93 0.93 0.93 0.93 0.94
  per-rule acc: 0.74 1.00 1.00 1.00
Epoch 3060 | Train: Loss=0.0034 Acc=100.0% | Test: Acc=93.3% | Best=93.6%(@3020)
  from x3: 0.93 0.93 0.93 0.93 0.93 0.93 0.93 0.93 0.93 0.93 0.93 0.93 0.93
  per-rule acc: 0.73 1.00 1.00 1.00
Epoch 3080 | Train: Loss=0.0092 Acc=100.0% | Test: Acc=93.6% | Best=93.6%(@3080)
  from x3: 0.93 0.94 0.94 0.94 0.94 0.94 0.94 0.94 0.94 0.94 0.94 0.94 0.94
  per-rule acc: 0.74 1.00 1.00 1.00
Epoch 3100 | Train: Loss=0.0046 Acc=100.0% | Test: Acc=93.6% | Best=93.6%(@3080)
  from x3: 0.93 0.94 0.94 0.94 0.94 0.94 0.94 0.94 0.94 0.94 0.94 0.94 0.94
  per-rule acc: 0.74 1.00 1.00 1.00
Epoch 3120 | Train: Loss=0.0059 Acc=100.0% | Test: Acc=93.8% | Best=93.8%(@3120)
  from x3: 0.93 0.94 0.94 0.94 0.94 0.94 0.94 0.94 0.94 0.94 0.94 0.94 0.94
  per-rule acc: 0.75 1.00 1.00 1.00
Epoch 3140 | Train: Loss=0.0036 Acc=100.0% | Test: Acc=93.8% | Best=93.8%(@3140)
  from x3: 0.93 0.94 0.94 0.94 0.94 0.94 0.94 0.94 0.94 0.94 0.94 0.94 0.94
  per-rule acc: 0.75 1.00 1.00 1.00
Epoch 3160 | Train: Loss=0.0035 Acc=100.0% | Test: Acc=93.9% | Best=93.9%(@3160)
  from x3: 0.94 0.94 0.94 0.94 0.94 0.94 0.94 0.94 0.94 0.94 0.94 0.94 0.94
  per-rule acc: 0.76 1.00 1.00 1.00
Epoch 3180 | Train: Loss=0.0031 Acc=100.0% | Test: Acc=94.0% | Best=94.0%(@3180)
  from x3: 0.94 0.94 0.94 0.94 0.94 0.94 0.94 0.94 0.94 0.94 0.94 0.94 0.94
  per-rule acc: 0.76 1.00 1.00 1.00
Epoch 3200 | Train: Loss=0.0043 Acc=100.0% | Test: Acc=94.3% | Best=94.3%(@3200)
  from x3: 0.94 0.94 0.94 0.94 0.94 0.94 0.94 0.94 0.94 0.94 0.94 0.94 0.94
  per-rule acc: 0.77 1.00 1.00 1.00
Epoch 3220 | Train: Loss=0.0038 Acc=100.0% | Test: Acc=94.5% | Best=94.5%(@3220)
  from x3: 0.94 0.94 0.95 0.95 0.94 0.94 0.95 0.95 0.95 0.94 0.94 0.95 0.95
  per-rule acc: 0.78 1.00 1.00 1.00
Epoch 3240 | Train: Loss=0.0032 Acc=100.0% | Test: Acc=94.5% | Best=94.5%(@3240)
  from x3: 0.94 0.94 0.94 0.94 0.95 0.95 0.95 0.95 0.95 0.95 0.95 0.95 0.95
  per-rule acc: 0.78 1.00 1.00 1.00
Epoch 3260 | Train: Loss=0.0031 Acc=100.0% | Test: Acc=94.5% | Best=94.5%(@3260)
  from x3: 0.94 0.94 0.95 0.95 0.95 0.95 0.94 0.94 0.95 0.95 0.95 0.95 0.95
  per-rule acc: 0.78 1.00 1.00 1.00
Epoch 3280 | Train: Loss=0.0041 Acc=100.0% | Test: Acc=94.4% | Best=94.5%(@3260)
  from x3: 0.94 0.94 0.94 0.94 0.94 0.94 0.94 0.94 0.94 0.94 0.94 0.94 0.94
  per-rule acc: 0.78 1.00 1.00 1.00
Epoch 3300 | Train: Loss=0.0030 Acc=100.0% | Test: Acc=94.4% | Best=94.5%(@3260)
  from x3: 0.94 0.94 0.94 0.94 0.94 0.94 0.94 0.94 0.94 0.94 0.95 0.94 0.94
  per-rule acc: 0.78 1.00 1.00 1.00
Epoch 3320 | Train: Loss=0.0038 Acc=100.0% | Test: Acc=94.5% | Best=94.5%(@3260)
  from x3: 0.94 0.95 0.94 0.94 0.94 0.94 0.94 0.94 0.94 0.94 0.94 0.94 0.94
  per-rule acc: 0.78 1.00 1.00 1.00
Epoch 3340 | Train: Loss=0.0043 Acc=100.0% | Test: Acc=94.7% | Best=94.7%(@3340)
  from x3: 0.95 0.95 0.95 0.95 0.95 0.95 0.95 0.95 0.95 0.95 0.95 0.95 0.95
  per-rule acc: 0.79 1.00 1.00 1.00
Epoch 3360 | Train: Loss=0.0038 Acc=100.0% | Test: Acc=94.8% | Best=94.8%(@3360)
  from x3: 0.95 0.95 0.95 0.95 0.95 0.95 0.95 0.95 0.95 0.95 0.95 0.95 0.95
  per-rule acc: 0.79 1.00 1.00 1.00
Epoch 3380 | Train: Loss=0.0075 Acc=100.0% | Test: Acc=94.8% | Best=94.8%(@3380)
  from x3: 0.95 0.95 0.95 0.95 0.95 0.95 0.95 0.95 0.95 0.95 0.95 0.95 0.95
  per-rule acc: 0.79 1.00 1.00 1.00
Epoch 3400 | Train: Loss=0.0032 Acc=100.0% | Test: Acc=94.8% | Best=94.8%(@3380)
  from x3: 0.95 0.95 0.95 0.95 0.95 0.95 0.95 0.95 0.95 0.95 0.95 0.95 0.95
  per-rule acc: 0.79 1.00 1.00 1.00
Epoch 3420 | Train: Loss=0.0035 Acc=100.0% | Test: Acc=95.0% | Best=95.0%(@3420)
  from x3: 0.95 0.95 0.95 0.95 0.95 0.95 0.95 0.95 0.95 0.95 0.95 0.95 0.95
  per-rule acc: 0.80 1.00 1.00 1.00
Epoch 3440 | Train: Loss=0.0041 Acc=100.0% | Test: Acc=95.0% | Best=95.0%(@3440)
  from x3: 0.95 0.95 0.95 0.95 0.95 0.95 0.95 0.95 0.95 0.95 0.95 0.95 0.95
  per-rule acc: 0.80 1.00 1.00 1.00
Epoch 3460 | Train: Loss=0.0068 Acc=100.0% | Test: Acc=95.0% | Best=95.0%(@3440)
  from x3: 0.95 0.95 0.95 0.95 0.95 0.95 0.95 0.95 0.95 0.95 0.95 0.95 0.95
  per-rule acc: 0.80 1.00 1.00 1.00
Epoch 3480 | Train: Loss=0.0042 Acc=100.0% | Test: Acc=95.0% | Best=95.0%(@3440)
  from x3: 0.95 0.95 0.95 0.95 0.95 0.95 0.95 0.95 0.95 0.95 0.95 0.95 0.95
  per-rule acc: 0.80 1.00 1.00 1.00
Epoch 3500 | Train: Loss=0.0027 Acc=100.0% | Test: Acc=95.3% | Best=95.3%(@3500)
  from x3: 0.95 0.95 0.95 0.95 0.95 0.95 0.95 0.95 0.95 0.95 0.95 0.95 0.95
  per-rule acc: 0.81 1.00 1.00 1.00
Epoch 3520 | Train: Loss=0.0039 Acc=100.0% | Test: Acc=95.3% | Best=95.3%(@3520)
  from x3: 0.95 0.95 0.95 0.95 0.95 0.95 0.95 0.95 0.95 0.95 0.95 0.95 0.95
  per-rule acc: 0.81 1.00 1.00 1.00
Epoch 3540 | Train: Loss=0.0035 Acc=100.0% | Test: Acc=95.0% | Best=95.3%(@3520)
  from x3: 0.95 0.95 0.95 0.95 0.95 0.95 0.95 0.95 0.95 0.95 0.95 0.95 0.95
  per-rule acc: 0.80 1.00 1.00 1.00
Epoch 3560 | Train: Loss=0.0031 Acc=100.0% | Test: Acc=95.1% | Best=95.3%(@3520)
  from x3: 0.95 0.95 0.95 0.95 0.95 0.95 0.95 0.95 0.95 0.95 0.95 0.95 0.95
  per-rule acc: 0.81 1.00 1.00 1.00
Epoch 3580 | Train: Loss=0.0035 Acc=100.0% | Test: Acc=95.3% | Best=95.3%(@3580)
  from x3: 0.95 0.95 0.95 0.95 0.95 0.95 0.95 0.95 0.95 0.95 0.95 0.95 0.95
  per-rule acc: 0.81 1.00 1.00 1.00
Epoch 3600 | Train: Loss=0.0034 Acc=100.0% | Test: Acc=95.3% | Best=95.3%(@3580)
  from x3: 0.95 0.95 0.95 0.95 0.95 0.95 0.95 0.95 0.95 0.95 0.95 0.95 0.95
  per-rule acc: 0.81 1.00 1.00 1.00
Epoch 3620 | Train: Loss=0.0031 Acc=100.0% | Test: Acc=95.4% | Best=95.4%(@3620)
  from x3: 0.95 0.95 0.95 0.95 0.95 0.95 0.95 0.95 0.95 0.95 0.95 0.95 0.95
  per-rule acc: 0.81 1.00 1.00 1.00
Epoch 3640 | Train: Loss=0.0032 Acc=100.0% | Test: Acc=95.3% | Best=95.4%(@3620)
  from x3: 0.95 0.95 0.95 0.95 0.95 0.95 0.95 0.95 0.95 0.95 0.95 0.95 0.95
  per-rule acc: 0.81 1.00 1.00 1.00
Epoch 3660 | Train: Loss=0.0031 Acc=100.0% | Test: Acc=95.4% | Best=95.4%(@3660)
  from x3: 0.95 0.95 0.95 0.95 0.95 0.95 0.95 0.95 0.95 0.95 0.95 0.95 0.95
  per-rule acc: 0.82 1.00 1.00 1.00
Epoch 3680 | Train: Loss=0.0037 Acc=100.0% | Test: Acc=95.3% | Best=95.4%(@3660)
  from x3: 0.95 0.95 0.95 0.95 0.95 0.95 0.95 0.95 0.95 0.95 0.95 0.95 0.95
  per-rule acc: 0.81 1.00 1.00 1.00
Epoch 3700 | Train: Loss=0.0044 Acc=100.0% | Test: Acc=95.2% | Best=95.4%(@3660)
  from x3: 0.95 0.95 0.95 0.95 0.95 0.95 0.95 0.95 0.95 0.95 0.95 0.95 0.95
  per-rule acc: 0.81 1.00 1.00 1.00
Epoch 3720 | Train: Loss=0.0092 Acc=99.9% | Test: Acc=95.2% | Best=95.4%(@3660)
  from x3: 0.95 0.95 0.95 0.95 0.95 0.95 0.95 0.95 0.95 0.95 0.95 0.95 0.95
  per-rule acc: 0.81 1.00 1.00 1.00
Epoch 3740 | Train: Loss=0.0050 Acc=100.0% | Test: Acc=95.0% | Best=95.4%(@3660)
  from x3: 0.95 0.95 0.95 0.95 0.95 0.95 0.95 0.95 0.95 0.95 0.95 0.95 0.95
  per-rule acc: 0.80 1.00 1.00 1.00
Epoch 3760 | Train: Loss=0.0029 Acc=100.0% | Test: Acc=95.2% | Best=95.4%(@3660)
  from x3: 0.95 0.95 0.95 0.95 0.95 0.95 0.95 0.95 0.95 0.95 0.95 0.95 0.95
  per-rule acc: 0.81 1.00 1.00 1.00
Epoch 3780 | Train: Loss=0.0037 Acc=100.0% | Test: Acc=95.3% | Best=95.4%(@3660)
  from x3: 0.95 0.95 0.95 0.95 0.95 0.95 0.95 0.95 0.95 0.95 0.95 0.95 0.95
  per-rule acc: 0.81 1.00 1.00 1.00
Epoch 3800 | Train: Loss=0.0038 Acc=100.0% | Test: Acc=95.4% | Best=95.4%(@3660)
  from x3: 0.95 0.95 0.95 0.95 0.95 0.95 0.95 0.95 0.95 0.95 0.95 0.95 0.95
  per-rule acc: 0.81 1.00 1.00 1.00
Epoch 3820 | Train: Loss=0.0046 Acc=100.0% | Test: Acc=95.1% | Best=95.4%(@3660)
  from x3: 0.95 0.95 0.95 0.95 0.95 0.95 0.95 0.95 0.95 0.95 0.95 0.95 0.95
  per-rule acc: 0.81 1.00 1.00 1.00
Epoch 3840 | Train: Loss=0.0029 Acc=100.0% | Test: Acc=95.4% | Best=95.4%(@3660)
  from x3: 0.95 0.95 0.95 0.95 0.95 0.95 0.95 0.95 0.95 0.95 0.95 0.95 0.95
  per-rule acc: 0.82 1.00 1.00 1.00
Epoch 3860 | Train: Loss=0.0034 Acc=100.0% | Test: Acc=95.5% | Best=95.5%(@3860)
  from x3: 0.95 0.95 0.95 0.95 0.95 0.95 0.95 0.95 0.95 0.95 0.95 0.95 0.96
  per-rule acc: 0.82 1.00 1.00 1.00
Epoch 3880 | Train: Loss=0.0039 Acc=100.0% | Test: Acc=95.3% | Best=95.5%(@3860)
  from x3: 0.95 0.95 0.95 0.95 0.95 0.95 0.95 0.95 0.95 0.95 0.95 0.95 0.95
  per-rule acc: 0.81 1.00 1.00 1.00
Epoch 3900 | Train: Loss=0.0040 Acc=100.0% | Test: Acc=95.2% | Best=95.5%(@3860)
  from x3: 0.95 0.95 0.95 0.95 0.95 0.95 0.95 0.95 0.95 0.95 0.95 0.95 0.95
  per-rule acc: 0.81 1.00 1.00 1.00
Epoch 3920 | Train: Loss=0.0053 Acc=100.0% | Test: Acc=95.3% | Best=95.5%(@3860)
  from x3: 0.95 0.95 0.95 0.95 0.95 0.95 0.95 0.95 0.95 0.95 0.95 0.95 0.95
  per-rule acc: 0.81 1.00 1.00 1.00
Epoch 3940 | Train: Loss=0.0032 Acc=100.0% | Test: Acc=95.4% | Best=95.5%(@3860)
  from x3: 0.95 0.95 0.95 0.95 0.95 0.95 0.95 0.95 0.95 0.95 0.95 0.95 0.95
  per-rule acc: 0.82 1.00 1.00 1.00
Epoch 3960 | Train: Loss=0.0023 Acc=100.0% | Test: Acc=95.6% | Best=95.6%(@3960)
  from x3: 0.95 0.96 0.96 0.96 0.96 0.96 0.96 0.96 0.96 0.96 0.96 0.96 0.96
  per-rule acc: 0.82 1.00 1.00 1.00
Epoch 3980 | Train: Loss=0.0078 Acc=100.0% | Test: Acc=95.0% | Best=95.6%(@3960)
  from x3: 0.95 0.95 0.95 0.95 0.95 0.95 0.95 0.95 0.95 0.95 0.95 0.95 0.95
  per-rule acc: 0.80 1.00 1.00 1.00
Epoch 4000 | Train: Loss=0.0031 Acc=100.0% | Test: Acc=95.6% | Best=95.6%(@4000)
  from x3: 0.95 0.95 0.96 0.96 0.96 0.96 0.96 0.96 0.96 0.96 0.96 0.96 0.96
  per-rule acc: 0.82 1.00 1.00 1.00
Epoch 4020 | Train: Loss=0.0034 Acc=100.0% | Test: Acc=95.5% | Best=95.6%(@4000)
  from x3: 0.95 0.96 0.96 0.95 0.96 0.96 0.96 0.96 0.96 0.96 0.96 0.96 0.96
  per-rule acc: 0.82 1.00 1.00 1.00
Epoch 4040 | Train: Loss=0.0030 Acc=100.0% | Test: Acc=95.5% | Best=95.6%(@4000)
  from x3: 0.95 0.95 0.95 0.95 0.96 0.96 0.96 0.96 0.96 0.96 0.96 0.96 0.96
  per-rule acc: 0.82 1.00 1.00 1.00
Epoch 4060 | Train: Loss=0.0069 Acc=100.0% | Test: Acc=95.5% | Best=95.6%(@4000)
  from x3: 0.95 0.95 0.96 0.96 0.96 0.96 0.96 0.96 0.96 0.96 0.96 0.96 0.96
  per-rule acc: 0.82 1.00 1.00 1.00
Epoch 4080 | Train: Loss=0.0047 Acc=100.0% | Test: Acc=95.7% | Best=95.7%(@4080)
  from x3: 0.96 0.96 0.96 0.96 0.96 0.96 0.96 0.96 0.96 0.96 0.96 0.96 0.96
  per-rule acc: 0.83 1.00 1.00 1.00
Epoch 4100 | Train: Loss=0.0029 Acc=100.0% | Test: Acc=96.0% | Best=96.0%(@4100)
  from x3: 0.96 0.96 0.96 0.96 0.96 0.96 0.96 0.96 0.96 0.96 0.96 0.96 0.96
  per-rule acc: 0.84 1.00 1.00 1.00
Epoch 4120 | Train: Loss=0.0034 Acc=100.0% | Test: Acc=96.0% | Best=96.0%(@4120)
  from x3: 0.96 0.96 0.96 0.96 0.96 0.96 0.96 0.96 0.96 0.96 0.96 0.96 0.96
  per-rule acc: 0.84 1.00 1.00 1.00
Epoch 4140 | Train: Loss=0.0030 Acc=100.0% | Test: Acc=95.9% | Best=96.0%(@4120)
  from x3: 0.96 0.96 0.96 0.96 0.96 0.96 0.96 0.96 0.96 0.96 0.96 0.96 0.96
  per-rule acc: 0.84 1.00 1.00 1.00
Epoch 4160 | Train: Loss=0.0026 Acc=100.0% | Test: Acc=96.2% | Best=96.2%(@4160)
  from x3: 0.96 0.96 0.96 0.96 0.96 0.96 0.96 0.96 0.96 0.96 0.96 0.96 0.96
  per-rule acc: 0.85 1.00 1.00 1.00
Epoch 4180 | Train: Loss=0.0039 Acc=100.0% | Test: Acc=95.9% | Best=96.2%(@4160)
  from x3: 0.96 0.96 0.96 0.96 0.96 0.96 0.96 0.96 0.96 0.96 0.96 0.96 0.96
  per-rule acc: 0.84 1.00 1.00 1.00
Epoch 4200 | Train: Loss=0.0020 Acc=100.0% | Test: Acc=96.2% | Best=96.2%(@4200)
  from x3: 0.96 0.96 0.96 0.96 0.96 0.96 0.96 0.96 0.96 0.96 0.96 0.96 0.96
  per-rule acc: 0.85 1.00 1.00 1.00
Epoch 4220 | Train: Loss=0.0020 Acc=100.0% | Test: Acc=96.3% | Best=96.3%(@4220)
  from x3: 0.96 0.96 0.96 0.96 0.96 0.96 0.96 0.96 0.96 0.96 0.96 0.96 0.96
  per-rule acc: 0.85 1.00 1.00 1.00
Epoch 4240 | Train: Loss=0.0025 Acc=100.0% | Test: Acc=96.4% | Best=96.4%(@4240)
  from x3: 0.96 0.96 0.96 0.96 0.96 0.96 0.96 0.96 0.96 0.96 0.96 0.96 0.96
  per-rule acc: 0.86 1.00 1.00 1.00
Epoch 4260 | Train: Loss=0.0031 Acc=100.0% | Test: Acc=96.5% | Best=96.5%(@4260)
  from x3: 0.96 0.96 0.97 0.97 0.97 0.97 0.97 0.97 0.97 0.97 0.97 0.97 0.97
  per-rule acc: 0.86 1.00 1.00 1.00
Epoch 4280 | Train: Loss=0.0054 Acc=100.0% | Test: Acc=96.5% | Best=96.5%(@4260)
  from x3: 0.96 0.96 0.96 0.96 0.96 0.96 0.96 0.96 0.96 0.97 0.97 0.97 0.97
  per-rule acc: 0.86 1.00 1.00 1.00
Epoch 4300 | Train: Loss=0.0023 Acc=100.0% | Test: Acc=96.4% | Best=96.5%(@4260)
  from x3: 0.96 0.96 0.96 0.96 0.96 0.96 0.96 0.96 0.96 0.96 0.96 0.96 0.96
  per-rule acc: 0.86 1.00 1.00 1.00
Epoch 4320 | Train: Loss=0.0030 Acc=100.0% | Test: Acc=96.4% | Best=96.5%(@4260)
  from x3: 0.96 0.96 0.96 0.96 0.96 0.96 0.96 0.96 0.96 0.96 0.96 0.96 0.96
  per-rule acc: 0.86 1.00 1.00 1.00
Epoch 4340 | Train: Loss=0.0032 Acc=100.0% | Test: Acc=96.4% | Best=96.5%(@4260)
  from x3: 0.96 0.96 0.96 0.96 0.96 0.96 0.96 0.96 0.96 0.96 0.96 0.96 0.96
  per-rule acc: 0.86 1.00 1.00 1.00
Epoch 4360 | Train: Loss=0.0019 Acc=100.0% | Test: Acc=96.4% | Best=96.5%(@4260)
  from x3: 0.96 0.96 0.96 0.96 0.96 0.96 0.96 0.96 0.96 0.96 0.96 0.96 0.96
  per-rule acc: 0.86 1.00 1.00 1.00
Epoch 4380 | Train: Loss=0.0025 Acc=100.0% | Test: Acc=96.6% | Best=96.6%(@4380)
  from x3: 0.97 0.96 0.97 0.97 0.97 0.97 0.97 0.97 0.97 0.97 0.97 0.97 0.97
  per-rule acc: 0.86 1.00 1.00 1.00
Epoch 4400 | Train: Loss=0.0037 Acc=100.0% | Test: Acc=96.8% | Best=96.8%(@4400)
  from x3: 0.97 0.97 0.97 0.97 0.97 0.97 0.97 0.97 0.97 0.97 0.97 0.97 0.97
  per-rule acc: 0.87 1.00 1.00 1.00
Epoch 4420 | Train: Loss=0.0022 Acc=100.0% | Test: Acc=96.8% | Best=96.8%(@4400)
  from x3: 0.97 0.97 0.97 0.97 0.97 0.97 0.97 0.97 0.97 0.97 0.97 0.97 0.97
  per-rule acc: 0.87 1.00 1.00 1.00
Epoch 4440 | Train: Loss=0.0021 Acc=100.0% | Test: Acc=96.9% | Best=96.9%(@4440)
  from x3: 0.97 0.97 0.97 0.97 0.97 0.97 0.97 0.97 0.97 0.97 0.97 0.97 0.97
  per-rule acc: 0.88 1.00 1.00 1.00
Epoch 4460 | Train: Loss=0.0029 Acc=100.0% | Test: Acc=96.8% | Best=96.9%(@4440)
  from x3: 0.97 0.97 0.97 0.97 0.97 0.97 0.97 0.97 0.97 0.97 0.97 0.97 0.97
  per-rule acc: 0.87 1.00 1.00 1.00
Epoch 4480 | Train: Loss=0.0021 Acc=100.0% | Test: Acc=96.9% | Best=96.9%(@4440)
  from x3: 0.97 0.97 0.97 0.97 0.97 0.97 0.97 0.97 0.97 0.97 0.97 0.97 0.97
  per-rule acc: 0.88 1.00 1.00 1.00
Epoch 4500 | Train: Loss=0.0017 Acc=100.0% | Test: Acc=96.9% | Best=96.9%(@4440)
  from x3: 0.97 0.97 0.97 0.97 0.97 0.97 0.97 0.97 0.97 0.97 0.97 0.97 0.97
  per-rule acc: 0.88 1.00 1.00 1.00
Epoch 4520 | Train: Loss=0.0038 Acc=100.0% | Test: Acc=96.8% | Best=96.9%(@4440)
  from x3: 0.97 0.97 0.97 0.97 0.97 0.97 0.97 0.97 0.97 0.97 0.97 0.97 0.97
  per-rule acc: 0.87 1.00 1.00 1.00
Epoch 4540 | Train: Loss=0.0024 Acc=100.0% | Test: Acc=97.1% | Best=97.1%(@4540)
  from x3: 0.97 0.97 0.97 0.97 0.97 0.97 0.97 0.97 0.97 0.97 0.97 0.97 0.97
  per-rule acc: 0.88 1.00 1.00 1.00
Epoch 4560 | Train: Loss=0.0030 Acc=100.0% | Test: Acc=97.0% | Best=97.1%(@4540)
  from x3: 0.97 0.97 0.97 0.97 0.97 0.97 0.97 0.97 0.97 0.97 0.97 0.97 0.97
  per-rule acc: 0.88 1.00 1.00 1.00
Epoch 4580 | Train: Loss=0.0020 Acc=100.0% | Test: Acc=97.0% | Best=97.1%(@4540)
  from x3: 0.97 0.97 0.97 0.97 0.97 0.97 0.97 0.97 0.97 0.97 0.97 0.97 0.97
  per-rule acc: 0.88 1.00 1.00 1.00
Epoch 4600 | Train: Loss=0.0019 Acc=100.0% | Test: Acc=97.0% | Best=97.1%(@4540)
  from x3: 0.97 0.97 0.97 0.97 0.97 0.97 0.97 0.97 0.97 0.97 0.97 0.97 0.97
  per-rule acc: 0.88 1.00 1.00 1.00
Epoch 4620 | Train: Loss=0.0019 Acc=100.0% | Test: Acc=96.9% | Best=97.1%(@4540)
  from x3: 0.97 0.97 0.97 0.97 0.97 0.97 0.97 0.97 0.97 0.97 0.97 0.97 0.97
  per-rule acc: 0.88 1.00 1.00 1.00
Epoch 4640 | Train: Loss=0.0017 Acc=100.0% | Test: Acc=97.0% | Best=97.1%(@4540)
  from x3: 0.97 0.97 0.97 0.97 0.97 0.97 0.97 0.97 0.97 0.97 0.97 0.97 0.97
  per-rule acc: 0.88 1.00 1.00 1.00
Epoch 4660 | Train: Loss=0.0038 Acc=100.0% | Test: Acc=97.0% | Best=97.1%(@4540)
  from x3: 0.97 0.97 0.97 0.97 0.97 0.97 0.97 0.97 0.97 0.97 0.97 0.97 0.97
  per-rule acc: 0.88 1.00 1.00 1.00
Epoch 4680 | Train: Loss=0.0024 Acc=100.0% | Test: Acc=97.2% | Best=97.2%(@4680)
  from x3: 0.97 0.97 0.97 0.97 0.97 0.97 0.97 0.97 0.97 0.97 0.97 0.97 0.97
  per-rule acc: 0.89 1.00 1.00 1.00
Epoch 4700 | Train: Loss=0.0024 Acc=100.0% | Test: Acc=97.1% | Best=97.2%(@4680)
  from x3: 0.97 0.97 0.97 0.97 0.97 0.97 0.97 0.97 0.97 0.97 0.97 0.97 0.97
  per-rule acc: 0.89 1.00 1.00 1.00
Epoch 4720 | Train: Loss=0.0022 Acc=100.0% | Test: Acc=97.1% | Best=97.2%(@4680)
  from x3: 0.97 0.97 0.97 0.97 0.97 0.97 0.97 0.97 0.97 0.97 0.97 0.97 0.97
  per-rule acc: 0.89 1.00 1.00 1.00
Epoch 4740 | Train: Loss=0.0020 Acc=100.0% | Test: Acc=97.1% | Best=97.2%(@4680)
  from x3: 0.97 0.97 0.97 0.97 0.97 0.97 0.97 0.97 0.97 0.97 0.97 0.97 0.97
  per-rule acc: 0.88 1.00 1.00 1.00
Epoch 4760 | Train: Loss=0.0234 Acc=100.0% | Test: Acc=97.0% | Best=97.2%(@4680)
  from x3: 0.97 0.97 0.97 0.97 0.97 0.97 0.97 0.97 0.97 0.97 0.97 0.97 0.97
  per-rule acc: 0.88 1.00 1.00 1.00
Epoch 4780 | Train: Loss=0.0028 Acc=100.0% | Test: Acc=97.2% | Best=97.2%(@4780)
  from x3: 0.97 0.97 0.97 0.97 0.97 0.97 0.97 0.97 0.97 0.97 0.97 0.97 0.97
  per-rule acc: 0.89 1.00 1.00 1.00
Epoch 4800 | Train: Loss=0.0035 Acc=100.0% | Test: Acc=97.3% | Best=97.3%(@4800)
  from x3: 0.97 0.97 0.97 0.97 0.97 0.97 0.97 0.97 0.97 0.97 0.97 0.97 0.97
  per-rule acc: 0.89 1.00 1.00 1.00
Epoch 4820 | Train: Loss=0.0026 Acc=100.0% | Test: Acc=97.3% | Best=97.3%(@4800)
  from x3: 0.97 0.97 0.97 0.97 0.97 0.97 0.97 0.97 0.97 0.97 0.97 0.97 0.97
  per-rule acc: 0.89 1.00 1.00 1.00
Epoch 4840 | Train: Loss=0.0024 Acc=100.0% | Test: Acc=97.4% | Best=97.4%(@4840)
  from x3: 0.97 0.97 0.97 0.97 0.97 0.97 0.97 0.97 0.97 0.97 0.97 0.97 0.97
  per-rule acc: 0.90 1.00 1.00 1.00
Epoch 4860 | Train: Loss=0.0023 Acc=100.0% | Test: Acc=97.4% | Best=97.4%(@4860)
  from x3: 0.97 0.97 0.97 0.97 0.97 0.97 0.97 0.97 0.97 0.97 0.97 0.97 0.97
  per-rule acc: 0.90 1.00 1.00 1.00
Epoch 4880 | Train: Loss=0.0017 Acc=100.0% | Test: Acc=97.4% | Best=97.4%(@4860)
  from x3: 0.97 0.97 0.97 0.97 0.97 0.97 0.97 0.97 0.97 0.97 0.97 0.97 0.97
  per-rule acc: 0.90 1.00 1.00 1.00
Epoch 4900 | Train: Loss=0.0018 Acc=100.0% | Test: Acc=97.4% | Best=97.4%(@4900)
  from x3: 0.97 0.97 0.97 0.97 0.97 0.97 0.97 0.97 0.97 0.97 0.97 0.97 0.97
  per-rule acc: 0.90 1.00 1.00 1.00
Epoch 4920 | Train: Loss=0.0026 Acc=100.0% | Test: Acc=97.5% | Best=97.5%(@4920)
  from x3: 0.97 0.98 0.97 0.98 0.98 0.98 0.98 0.98 0.98 0.98 0.98 0.98 0.98
  per-rule acc: 0.90 1.00 1.00 1.00
Epoch 4940 | Train: Loss=0.0031 Acc=100.0% | Test: Acc=97.4% | Best=97.5%(@4920)
  from x3: 0.97 0.97 0.97 0.97 0.97 0.97 0.97 0.97 0.97 0.97 0.97 0.97 0.97
  per-rule acc: 0.90 1.00 1.00 1.00
Epoch 4960 | Train: Loss=0.0021 Acc=100.0% | Test: Acc=97.4% | Best=97.5%(@4920)
  from x3: 0.97 0.97 0.97 0.97 0.97 0.97 0.97 0.97 0.97 0.97 0.97 0.97 0.97
  per-rule acc: 0.90 1.00 1.00 1.00
Epoch 4980 | Train: Loss=0.0023 Acc=100.0% | Test: Acc=97.5% | Best=97.5%(@4920)
  from x3: 0.97 0.97 0.98 0.97 0.97 0.97 0.97 0.98 0.98 0.97 0.98 0.98 0.98
  per-rule acc: 0.90 1.00 1.00 1.00
Epoch 5000 | Train: Loss=0.0027 Acc=100.0% | Test: Acc=97.4% | Best=97.5%(@4920)
  from x3: 0.97 0.97 0.97 0.97 0.97 0.97 0.97 0.97 0.97 0.97 0.97 0.97 0.97
  per-rule acc: 0.90 1.00 1.00 1.00
Epoch 5020 | Train: Loss=0.0058 Acc=100.0% | Test: Acc=97.1% | Best=97.5%(@4920)
  from x3: 0.97 0.97 0.97 0.97 0.97 0.97 0.97 0.97 0.97 0.97 0.97 0.97 0.97
  per-rule acc: 0.88 1.00 1.00 1.00
Epoch 5040 | Train: Loss=0.0029 Acc=100.0% | Test: Acc=97.3% | Best=97.5%(@4920)
  from x3: 0.97 0.97 0.97 0.97 0.97 0.97 0.97 0.97 0.97 0.97 0.97 0.97 0.97
  per-rule acc: 0.89 1.00 1.00 1.00
Epoch 5060 | Train: Loss=0.0019 Acc=100.0% | Test: Acc=97.5% | Best=97.5%(@4920)
  from x3: 0.97 0.97 0.97 0.97 0.97 0.97 0.97 0.97 0.97 0.97 0.97 0.97 0.97
  per-rule acc: 0.90 1.00 1.00 1.00
Epoch 5080 | Train: Loss=0.0045 Acc=100.0% | Test: Acc=97.3% | Best=97.5%(@4920)
  from x3: 0.97 0.97 0.97 0.97 0.97 0.97 0.97 0.97 0.97 0.97 0.97 0.97 0.97
  per-rule acc: 0.89 1.00 1.00 1.00
Epoch 5100 | Train: Loss=0.0016 Acc=100.0% | Test: Acc=97.4% | Best=97.5%(@4920)
  from x3: 0.97 0.97 0.97 0.97 0.97 0.97 0.97 0.97 0.97 0.97 0.97 0.97 0.97
  per-rule acc: 0.89 1.00 1.00 1.00
Epoch 5120 | Train: Loss=0.0018 Acc=100.0% | Test: Acc=97.5% | Best=97.5%(@4920)
  from x3: 0.97 0.97 0.97 0.97 0.97 0.97 0.97 0.97 0.97 0.97 0.97 0.97 0.97
  per-rule acc: 0.90 1.00 1.00 1.00
Epoch 5140 | Train: Loss=0.0023 Acc=100.0% | Test: Acc=97.5% | Best=97.5%(@4920)
  from x3: 0.97 0.97 0.97 0.97 0.97 0.97 0.98 0.98 0.98 0.98 0.98 0.98 0.98
  per-rule acc: 0.90 1.00 1.00 1.00
Epoch 5160 | Train: Loss=0.0019 Acc=100.0% | Test: Acc=97.5% | Best=97.5%(@4920)
  from x3: 0.97 0.98 0.98 0.97 0.97 0.97 0.97 0.97 0.97 0.97 0.98 0.98 0.98
  per-rule acc: 0.90 1.00 1.00 1.00
Epoch 5180 | Train: Loss=0.0020 Acc=100.0% | Test: Acc=97.4% | Best=97.5%(@4920)
  from x3: 0.97 0.97 0.97 0.97 0.97 0.97 0.97 0.97 0.97 0.97 0.97 0.97 0.98
  per-rule acc: 0.90 1.00 1.00 1.00
Epoch 5200 | Train: Loss=0.0018 Acc=100.0% | Test: Acc=97.4% | Best=97.5%(@4920)
  from x3: 0.97 0.97 0.97 0.97 0.97 0.97 0.97 0.97 0.97 0.97 0.97 0.97 0.97
  per-rule acc: 0.90 1.00 1.00 1.00
Epoch 5220 | Train: Loss=0.0019 Acc=100.0% | Test: Acc=97.4% | Best=97.5%(@4920)
  from x3: 0.97 0.97 0.97 0.97 0.97 0.97 0.97 0.97 0.97 0.97 0.97 0.97 0.97
  per-rule acc: 0.89 1.00 1.00 1.00
Epoch 5240 | Train: Loss=0.0020 Acc=100.0% | Test: Acc=97.5% | Best=97.5%(@4920)
  from x3: 0.97 0.97 0.97 0.97 0.97 0.97 0.97 0.97 0.97 0.97 0.97 0.97 0.97
  per-rule acc: 0.90 1.00 1.00 1.00
Epoch 5260 | Train: Loss=0.0020 Acc=100.0% | Test: Acc=97.5% | Best=97.5%(@4920)
  from x3: 0.98 0.97 0.97 0.97 0.97 0.97 0.97 0.97 0.97 0.97 0.97 0.98 0.98
  per-rule acc: 0.90 1.00 1.00 1.00
Epoch 5280 | Train: Loss=0.0022 Acc=100.0% | Test: Acc=97.5% | Best=97.5%(@4920)
  from x3: 0.97 0.97 0.97 0.97 0.97 0.97 0.97 0.97 0.97 0.98 0.98 0.98 0.98
  per-rule acc: 0.90 1.00 1.00 1.00
Epoch 5300 | Train: Loss=0.0019 Acc=100.0% | Test: Acc=97.5% | Best=97.5%(@4920)
  from x3: 0.97 0.97 0.97 0.97 0.97 0.97 0.97 0.97 0.97 0.97 0.97 0.97 0.98
  per-rule acc: 0.90 1.00 1.00 1.00
Epoch 5320 | Train: Loss=0.0019 Acc=100.0% | Test: Acc=97.3% | Best=97.5%(@4920)
  from x3: 0.97 0.97 0.97 0.97 0.97 0.97 0.97 0.97 0.97 0.97 0.97 0.97 0.97
  per-rule acc: 0.89 1.00 1.00 1.00
Epoch 5340 | Train: Loss=0.0016 Acc=100.0% | Test: Acc=97.3% | Best=97.5%(@4920)
  from x3: 0.97 0.97 0.97 0.97 0.97 0.97 0.97 0.97 0.97 0.97 0.97 0.97 0.97
  per-rule acc: 0.89 1.00 1.00 1.00
Epoch 5360 | Train: Loss=0.0015 Acc=100.0% | Test: Acc=97.4% | Best=97.5%(@4920)
  from x3: 0.97 0.97 0.97 0.97 0.97 0.97 0.97 0.97 0.97 0.97 0.97 0.97 0.97
  per-rule acc: 0.89 1.00 1.00 1.00
Epoch 5380 | Train: Loss=0.0017 Acc=100.0% | Test: Acc=97.2% | Best=97.5%(@4920)
  from x3: 0.97 0.97 0.97 0.97 0.97 0.97 0.97 0.97 0.97 0.97 0.97 0.97 0.97
  per-rule acc: 0.89 1.00 1.00 1.00
Epoch 5400 | Train: Loss=0.0014 Acc=100.0% | Test: Acc=97.4% | Best=97.5%(@4920)
  from x3: 0.97 0.97 0.97 0.97 0.97 0.97 0.97 0.97 0.97 0.97 0.97 0.97 0.97
  per-rule acc: 0.89 1.00 1.00 1.00
Epoch 5420 | Train: Loss=0.0033 Acc=100.0% | Test: Acc=97.4% | Best=97.5%(@4920)
  from x3: 0.98 0.97 0.97 0.97 0.97 0.97 0.97 0.97 0.97 0.97 0.97 0.97 0.97
  per-rule acc: 0.90 1.00 1.00 1.00
Epoch 5440 | Train: Loss=0.0020 Acc=100.0% | Test: Acc=97.4% | Best=97.5%(@4920)
  from x3: 0.97 0.97 0.97 0.97 0.97 0.97 0.97 0.97 0.97 0.97 0.97 0.97 0.97
  per-rule acc: 0.90 1.00 1.00 1.00
Epoch 5460 | Train: Loss=0.0023 Acc=100.0% | Test: Acc=97.5% | Best=97.5%(@4920)
  from x3: 0.97 0.97 0.97 0.97 0.97 0.97 0.97 0.98 0.98 0.98 0.98 0.98 0.97
  per-rule acc: 0.90 1.00 1.00 1.00
Epoch 5480 | Train: Loss=0.0022 Acc=100.0% | Test: Acc=97.4% | Best=97.5%(@4920)
  from x3: 0.97 0.97 0.97 0.97 0.97 0.97 0.97 0.97 0.97 0.97 0.97 0.97 0.97
  per-rule acc: 0.90 1.00 1.00 1.00
Epoch 5500 | Train: Loss=0.0019 Acc=100.0% | Test: Acc=97.5% | Best=97.5%(@4920)
  from x3: 0.97 0.97 0.97 0.97 0.98 0.98 0.98 0.98 0.98 0.98 0.98 0.98 0.98
  per-rule acc: 0.90 1.00 1.00 1.00
Epoch 5520 | Train: Loss=0.0021 Acc=100.0% | Test: Acc=97.5% | Best=97.5%(@4920)
  from x3: 0.97 0.97 0.97 0.97 0.97 0.97 0.97 0.97 0.97 0.97 0.97 0.97 0.97
  per-rule acc: 0.90 1.00 1.00 1.00
Epoch 5540 | Train: Loss=0.0021 Acc=100.0% | Test: Acc=97.6% | Best=97.6%(@5540)
  from x3: 0.98 0.98 0.98 0.98 0.98 0.98 0.98 0.98 0.98 0.98 0.98 0.98 0.98
  per-rule acc: 0.90 1.00 1.00 1.00
Epoch 5560 | Train: Loss=0.0025 Acc=100.0% | Test: Acc=97.5% | Best=97.6%(@5540)
  from x3: 0.98 0.97 0.97 0.97 0.97 0.97 0.97 0.97 0.97 0.97 0.97 0.97 0.97
  per-rule acc: 0.90 1.00 1.00 1.00
Epoch 5580 | Train: Loss=0.0020 Acc=100.0% | Test: Acc=97.6% | Best=97.6%(@5580)
  from x3: 0.98 0.98 0.98 0.98 0.98 0.98 0.98 0.98 0.98 0.98 0.98 0.98 0.98
  per-rule acc: 0.90 1.00 1.00 1.00
Epoch 5600 | Train: Loss=0.0017 Acc=100.0% | Test: Acc=97.5% | Best=97.6%(@5580)
  from x3: 0.98 0.97 0.98 0.98 0.98 0.98 0.98 0.98 0.98 0.98 0.98 0.98 0.98
  per-rule acc: 0.90 1.00 1.00 1.00
Epoch 5620 | Train: Loss=0.0024 Acc=100.0% | Test: Acc=97.4% | Best=97.6%(@5580)
  from x3: 0.97 0.97 0.97 0.97 0.97 0.97 0.97 0.97 0.97 0.97 0.97 0.97 0.97
  per-rule acc: 0.90 1.00 1.00 1.00
Epoch 5640 | Train: Loss=0.0317 Acc=100.0% | Test: Acc=97.5% | Best=97.6%(@5580)
  from x3: 0.97 0.97 0.97 0.97 0.97 0.98 0.98 0.98 0.97 0.97 0.98 0.98 0.97
  per-rule acc: 0.90 1.00 1.00 1.00
Epoch 5660 | Train: Loss=0.0019 Acc=100.0% | Test: Acc=97.5% | Best=97.6%(@5580)
  from x3: 0.98 0.97 0.98 0.98 0.98 0.98 0.98 0.98 0.98 0.98 0.98 0.98 0.98
  per-rule acc: 0.90 1.00 1.00 1.00
Epoch 5680 | Train: Loss=0.0022 Acc=100.0% | Test: Acc=97.4% | Best=97.6%(@5580)
  from x3: 0.98 0.97 0.97 0.97 0.97 0.97 0.97 0.97 0.97 0.97 0.97 0.97 0.97
  per-rule acc: 0.90 1.00 1.00 1.00
Epoch 5700 | Train: Loss=0.0023 Acc=100.0% | Test: Acc=97.5% | Best=97.6%(@5580)
  from x3: 0.98 0.98 0.97 0.97 0.97 0.97 0.97 0.97 0.97 0.98 0.98 0.98 0.98
  per-rule acc: 0.90 1.00 1.00 1.00
Epoch 5720 | Train: Loss=0.0022 Acc=100.0% | Test: Acc=97.3% | Best=97.6%(@5580)
  from x3: 0.97 0.97 0.97 0.97 0.97 0.97 0.97 0.97 0.97 0.97 0.97 0.97 0.97
  per-rule acc: 0.89 1.00 1.00 1.00
Epoch 5740 | Train: Loss=0.0016 Acc=100.0% | Test: Acc=97.5% | Best=97.6%(@5580)
  from x3: 0.98 0.97 0.97 0.97 0.97 0.97 0.97 0.97 0.97 0.97 0.97 0.97 0.98
  per-rule acc: 0.90 1.00 1.00 1.00
Epoch 5760 | Train: Loss=0.0016 Acc=100.0% | Test: Acc=97.5% | Best=97.6%(@5580)
  from x3: 0.98 0.97 0.97 0.97 0.97 0.97 0.97 0.97 0.97 0.97 0.97 0.97 0.97
  per-rule acc: 0.90 1.00 1.00 1.00
Epoch 5780 | Train: Loss=0.0015 Acc=100.0% | Test: Acc=97.5% | Best=97.6%(@5580)
  from x3: 0.98 0.97 0.97 0.97 0.97 0.97 0.97 0.97 0.97 0.97 0.97 0.97 0.97
  per-rule acc: 0.90 1.00 1.00 1.00
Epoch 5800 | Train: Loss=0.0014 Acc=100.0% | Test: Acc=97.5% | Best=97.6%(@5580)
  from x3: 0.98 0.98 0.97 0.97 0.97 0.97 0.97 0.97 0.97 0.97 0.97 0.97 0.98
  per-rule acc: 0.90 1.00 1.00 1.00
Epoch 5820 | Train: Loss=0.0019 Acc=100.0% | Test: Acc=97.5% | Best=97.6%(@5580)
  from x3: 0.98 0.98 0.98 0.98 0.98 0.98 0.98 0.98 0.98 0.98 0.98 0.98 0.98
  per-rule acc: 0.90 1.00 1.00 1.00
Epoch 5840 | Train: Loss=0.0017 Acc=100.0% | Test: Acc=97.6% | Best=97.6%(@5840)
  from x3: 0.98 0.97 0.98 0.98 0.98 0.98 0.98 0.98 0.98 0.98 0.98 0.98 0.98
  per-rule acc: 0.90 1.00 1.00 1.00
Epoch 5860 | Train: Loss=0.0016 Acc=100.0% | Test: Acc=97.6% | Best=97.6%(@5860)
  from x3: 0.98 0.98 0.98 0.98 0.98 0.98 0.98 0.98 0.98 0.98 0.98 0.98 0.98
  per-rule acc: 0.91 1.00 1.00 1.00
Epoch 5880 | Train: Loss=0.0018 Acc=100.0% | Test: Acc=97.6% | Best=97.6%(@5860)
  from x3: 0.98 0.97 0.98 0.98 0.98 0.98 0.98 0.98 0.98 0.98 0.98 0.98 0.98
  per-rule acc: 0.90 1.00 1.00 1.00
Epoch 5900 | Train: Loss=0.0016 Acc=100.0% | Test: Acc=97.5% | Best=97.6%(@5860)
  from x3: 0.98 0.98 0.97 0.97 0.97 0.97 0.97 0.97 0.98 0.98 0.98 0.98 0.98
  per-rule acc: 0.90 1.00 1.00 1.00
Epoch 5920 | Train: Loss=0.0021 Acc=100.0% | Test: Acc=97.7% | Best=97.7%(@5920)
  from x3: 0.98 0.98 0.98 0.98 0.98 0.98 0.98 0.98 0.98 0.98 0.98 0.98 0.98
  per-rule acc: 0.91 1.00 1.00 1.00
Epoch 5940 | Train: Loss=0.0015 Acc=100.0% | Test: Acc=97.5% | Best=97.7%(@5920)
  from x3: 0.98 0.98 0.98 0.97 0.97 0.97 0.97 0.97 0.97 0.97 0.98 0.98 0.98
  per-rule acc: 0.90 1.00 1.00 1.00
Epoch 5960 | Train: Loss=0.0017 Acc=100.0% | Test: Acc=97.5% | Best=97.7%(@5920)
  from x3: 0.98 0.98 0.98 0.98 0.98 0.98 0.98 0.98 0.98 0.98 0.98 0.98 0.98
  per-rule acc: 0.90 1.00 1.00 1.00
Epoch 5980 | Train: Loss=0.0016 Acc=100.0% | Test: Acc=97.6% | Best=97.7%(@5920)
  from x3: 0.98 0.98 0.98 0.98 0.98 0.98 0.98 0.98 0.98 0.98 0.98 0.98 0.98
  per-rule acc: 0.90 1.00 1.00 1.00
Epoch 6000 | Train: Loss=0.0017 Acc=100.0% | Test: Acc=97.5% | Best=97.7%(@5920)
  from x3: 0.98 0.97 0.98 0.98 0.98 0.98 0.98 0.98 0.98 0.98 0.98 0.97 0.97
  per-rule acc: 0.90 1.00 1.00 1.00
Epoch 6020 | Train: Loss=0.0016 Acc=100.0% | Test: Acc=97.5% | Best=97.7%(@5920)
  from x3: 0.98 0.97 0.97 0.97 0.97 0.97 0.98 0.97 0.98 0.98 0.98 0.98 0.98
  per-rule acc: 0.90 1.00 1.00 1.00
Epoch 6040 | Train: Loss=0.0015 Acc=100.0% | Test: Acc=97.5% | Best=97.7%(@5920)
  from x3: 0.98 0.98 0.97 0.98 0.98 0.98 0.98 0.98 0.98 0.98 0.98 0.98 0.98
  per-rule acc: 0.90 1.00 1.00 1.00
Epoch 6060 | Train: Loss=0.0013 Acc=100.0% | Test: Acc=97.5% | Best=97.7%(@5920)
  from x3: 0.97 0.97 0.97 0.97 0.97 0.97 0.97 0.97 0.97 0.97 0.97 0.97 0.98
  per-rule acc: 0.90 1.00 1.00 1.00
Epoch 6080 | Train: Loss=0.0012 Acc=100.0% | Test: Acc=97.5% | Best=97.7%(@5920)
  from x3: 0.98 0.98 0.98 0.97 0.97 0.98 0.98 0.98 0.98 0.98 0.97 0.98 0.98
  per-rule acc: 0.90 1.00 1.00 1.00
Epoch 6100 | Train: Loss=0.0015 Acc=100.0% | Test: Acc=97.4% | Best=97.7%(@5920)
  from x3: 0.98 0.97 0.97 0.97 0.97 0.97 0.97 0.97 0.97 0.97 0.97 0.97 0.97
  per-rule acc: 0.90 1.00 1.00 1.00
Epoch 6120 | Train: Loss=0.0011 Acc=100.0% | Test: Acc=97.5% | Best=97.7%(@5920)
  from x3: 0.98 0.98 0.98 0.98 0.98 0.98 0.98 0.98 0.98 0.98 0.98 0.98 0.98
  per-rule acc: 0.90 1.00 1.00 1.00
Epoch 6140 | Train: Loss=0.0010 Acc=100.0% | Test: Acc=97.6% | Best=97.7%(@5920)
  from x3: 0.98 0.98 0.98 0.98 0.98 0.98 0.98 0.98 0.98 0.98 0.98 0.98 0.98
  per-rule acc: 0.90 1.00 1.00 1.00
Epoch 6160 | Train: Loss=0.0015 Acc=100.0% | Test: Acc=97.5% | Best=97.7%(@5920)
  from x3: 0.98 0.97 0.98 0.98 0.98 0.98 0.98 0.98 0.98 0.98 0.98 0.98 0.98
  per-rule acc: 0.90 1.00 1.00 1.00
Epoch 6180 | Train: Loss=0.0015 Acc=100.0% | Test: Acc=97.6% | Best=97.7%(@5920)
  from x3: 0.98 0.98 0.98 0.98 0.98 0.98 0.98 0.98 0.98 0.98 0.98 0.98 0.98
  per-rule acc: 0.90 1.00 1.00 1.00
Epoch 6200 | Train: Loss=0.0011 Acc=100.0% | Test: Acc=97.6% | Best=97.7%(@5920)
  from x3: 0.98 0.98 0.98 0.98 0.98 0.98 0.98 0.98 0.98 0.98 0.98 0.98 0.98
  per-rule acc: 0.90 1.00 1.00 1.00
Epoch 6220 | Train: Loss=0.0015 Acc=100.0% | Test: Acc=97.5% | Best=97.7%(@5920)
  from x3: 0.97 0.97 0.97 0.97 0.97 0.97 0.97 0.97 0.97 0.97 0.98 0.97 0.97
  per-rule acc: 0.90 1.00 1.00 1.00
Epoch 6240 | Train: Loss=0.0012 Acc=100.0% | Test: Acc=97.5% | Best=97.7%(@5920)
  from x3: 0.97 0.97 0.98 0.98 0.98 0.98 0.98 0.98 0.98 0.98 0.98 0.98 0.98
  per-rule acc: 0.90 1.00 1.00 1.00
Epoch 6260 | Train: Loss=0.0011 Acc=100.0% | Test: Acc=97.6% | Best=97.7%(@5920)
  from x3: 0.98 0.98 0.98 0.98 0.98 0.98 0.98 0.98 0.98 0.98 0.98 0.98 0.98
  per-rule acc: 0.90 1.00 1.00 1.00
Epoch 6280 | Train: Loss=0.0015 Acc=100.0% | Test: Acc=97.2% | Best=97.7%(@5920)
  from x3: 0.97 0.97 0.97 0.97 0.97 0.97 0.97 0.97 0.97 0.97 0.97 0.97 0.97
  per-rule acc: 0.89 1.00 1.00 1.00
Epoch 6300 | Train: Loss=0.0011 Acc=100.0% | Test: Acc=97.5% | Best=97.7%(@5920)
  from x3: 0.98 0.97 0.97 0.97 0.97 0.97 0.97 0.97 0.97 0.97 0.97 0.97 0.97
  per-rule acc: 0.90 1.00 1.00 1.00
Epoch 6320 | Train: Loss=0.0015 Acc=100.0% | Test: Acc=97.5% | Best=97.7%(@5920)
  from x3: 0.98 0.97 0.98 0.98 0.97 0.97 0.97 0.97 0.97 0.97 0.97 0.97 0.97
  per-rule acc: 0.90 1.00 1.00 1.00
Epoch 6340 | Train: Loss=0.0016 Acc=100.0% | Test: Acc=97.5% | Best=97.7%(@5920)
  from x3: 0.98 0.97 0.98 0.97 0.97 0.97 0.97 0.97 0.98 0.98 0.98 0.98 0.98
  per-rule acc: 0.90 1.00 1.00 1.00
Epoch 6360 | Train: Loss=0.0016 Acc=100.0% | Test: Acc=97.4% | Best=97.7%(@5920)
  from x3: 0.98 0.97 0.97 0.97 0.97 0.97 0.97 0.97 0.97 0.97 0.97 0.97 0.97
  per-rule acc: 0.90 1.00 1.00 1.00
Epoch 6380 | Train: Loss=0.0013 Acc=100.0% | Test: Acc=97.5% | Best=97.7%(@5920)
  from x3: 0.98 0.98 0.98 0.98 0.98 0.98 0.98 0.98 0.98 0.98 0.98 0.98 0.98
  per-rule acc: 0.90 1.00 1.00 1.00
Epoch 6400 | Train: Loss=0.0013 Acc=100.0% | Test: Acc=97.3% | Best=97.7%(@5920)
  from x3: 0.97 0.97 0.97 0.97 0.97 0.97 0.97 0.97 0.97 0.97 0.97 0.97 0.97
  per-rule acc: 0.89 1.00 1.00 1.00
Epoch 6420 | Train: Loss=0.0017 Acc=100.0% | Test: Acc=97.5% | Best=97.7%(@5920)
  from x3: 0.97 0.97 0.97 0.97 0.97 0.97 0.97 0.98 0.98 0.98 0.98 0.98 0.98
  per-rule acc: 0.90 1.00 1.00 1.00
Epoch 6440 | Train: Loss=0.0014 Acc=100.0% | Test: Acc=97.5% | Best=97.7%(@5920)
  from x3: 0.97 0.97 0.97 0.98 0.98 0.98 0.98 0.98 0.98 0.98 0.98 0.98 0.98
  per-rule acc: 0.90 1.00 1.00 1.00
Epoch 6460 | Train: Loss=0.0014 Acc=100.0% | Test: Acc=97.5% | Best=97.7%(@5920)
  from x3: 0.98 0.98 0.97 0.97 0.97 0.97 0.97 0.97 0.97 0.97 0.97 0.98 0.98
  per-rule acc: 0.90 1.00 1.00 1.00
Epoch 6480 | Train: Loss=0.0016 Acc=100.0% | Test: Acc=97.5% | Best=97.7%(@5920)
  from x3: 0.98 0.97 0.97 0.97 0.97 0.97 0.97 0.97 0.97 0.98 0.98 0.98 0.98
  per-rule acc: 0.90 1.00 1.00 1.00
Epoch 6500 | Train: Loss=0.0025 Acc=100.0% | Test: Acc=97.5% | Best=97.7%(@5920)
  from x3: 0.98 0.97 0.97 0.97 0.97 0.97 0.97 0.97 0.97 0.97 0.97 0.97 0.97
  per-rule acc: 0.90 1.00 1.00 1.00
Epoch 6520 | Train: Loss=0.0014 Acc=100.0% | Test: Acc=97.5% | Best=97.7%(@5920)
  from x3: 0.98 0.97 0.98 0.98 0.98 0.98 0.98 0.98 0.98 0.98 0.98 0.98 0.98
  per-rule acc: 0.90 1.00 1.00 1.00
Epoch 6540 | Train: Loss=0.0011 Acc=100.0% | Test: Acc=97.5% | Best=97.7%(@5920)
  from x3: 0.98 0.97 0.98 0.98 0.98 0.98 0.98 0.98 0.98 0.98 0.98 0.97 0.98
  per-rule acc: 0.90 1.00 1.00 1.00
Epoch 6560 | Train: Loss=0.0017 Acc=100.0% | Test: Acc=97.4% | Best=97.7%(@5920)
  from x3: 0.98 0.97 0.97 0.97 0.97 0.97 0.97 0.97 0.97 0.97 0.97 0.97 0.97
  per-rule acc: 0.90 1.00 1.00 1.00
Epoch 6580 | Train: Loss=0.0011 Acc=100.0% | Test: Acc=97.5% | Best=97.7%(@5920)
  from x3: 0.98 0.97 0.97 0.97 0.97 0.97 0.97 0.97 0.97 0.97 0.97 0.97 0.97
  per-rule acc: 0.90 1.00 1.00 1.00
Epoch 6600 | Train: Loss=0.0011 Acc=100.0% | Test: Acc=97.5% | Best=97.7%(@5920)
  from x3: 0.98 0.97 0.97 0.97 0.97 0.97 0.97 0.97 0.98 0.97 0.97 0.98 0.98
  per-rule acc: 0.90 1.00 1.00 1.00
Epoch 6620 | Train: Loss=0.0010 Acc=100.0% | Test: Acc=97.4% | Best=97.7%(@5920)
  from x3: 0.98 0.97 0.97 0.97 0.97 0.97 0.97 0.97 0.97 0.97 0.97 0.97 0.97
  per-rule acc: 0.90 1.00 1.00 1.00
Epoch 6640 | Train: Loss=0.0013 Acc=100.0% | Test: Acc=97.5% | Best=97.7%(@5920)
  from x3: 0.98 0.97 0.97 0.97 0.97 0.97 0.97 0.97 0.97 0.97 0.97 0.97 0.97
  per-rule acc: 0.90 1.00 1.00 1.00
Epoch 6660 | Train: Loss=0.0014 Acc=100.0% | Test: Acc=97.6% | Best=97.7%(@5920)
  from x3: 0.98 0.97 0.98 0.98 0.98 0.98 0.98 0.98 0.98 0.98 0.98 0.98 0.98
  per-rule acc: 0.90 1.00 1.00 1.00
Epoch 6680 | Train: Loss=0.0013 Acc=100.0% | Test: Acc=97.6% | Best=97.7%(@5920)
  from x3: 0.98 0.98 0.98 0.98 0.98 0.98 0.98 0.98 0.98 0.98 0.98 0.98 0.98
  per-rule acc: 0.90 1.00 1.00 1.00
Epoch 6700 | Train: Loss=0.0010 Acc=100.0% | Test: Acc=97.6% | Best=97.7%(@5920)
  from x3: 0.98 0.98 0.98 0.98 0.98 0.98 0.98 0.98 0.98 0.98 0.98 0.98 0.98
  per-rule acc: 0.90 1.00 1.00 1.00
Epoch 6720 | Train: Loss=0.0010 Acc=100.0% | Test: Acc=97.6% | Best=97.7%(@5920)
  from x3: 0.98 0.98 0.98 0.98 0.98 0.98 0.98 0.98 0.98 0.98 0.98 0.98 0.98
  per-rule acc: 0.90 1.00 1.00 1.00
Epoch 6740 | Train: Loss=0.0011 Acc=100.0% | Test: Acc=97.6% | Best=97.7%(@5920)
  from x3: 0.98 0.97 0.98 0.98 0.98 0.98 0.98 0.98 0.98 0.98 0.98 0.98 0.98
  per-rule acc: 0.90 1.00 1.00 1.00
Epoch 6760 | Train: Loss=0.0013 Acc=100.0% | Test: Acc=97.5% | Best=97.7%(@5920)
  from x3: 0.98 0.97 0.97 0.97 0.97 0.97 0.97 0.97 0.97 0.97 0.97 0.97 0.97
  per-rule acc: 0.90 1.00 1.00 1.00
Epoch 6780 | Train: Loss=0.0011 Acc=100.0% | Test: Acc=97.5% | Best=97.7%(@5920)
  from x3: 0.98 0.98 0.98 0.98 0.98 0.98 0.98 0.98 0.98 0.98 0.98 0.98 0.98
  per-rule acc: 0.90 1.00 1.00 1.00
Epoch 6800 | Train: Loss=0.0010 Acc=100.0% | Test: Acc=97.5% | Best=97.7%(@5920)
  from x3: 0.98 0.97 0.97 0.97 0.97 0.97 0.97 0.97 0.97 0.97 0.98 0.98 0.98
  per-rule acc: 0.90 1.00 1.00 1.00
Epoch 6820 | Train: Loss=0.0037 Acc=100.0% | Test: Acc=97.5% | Best=97.7%(@5920)
  from x3: 0.97 0.97 0.97 0.97 0.97 0.97 0.97 0.97 0.97 0.97 0.97 0.97 0.98
  per-rule acc: 0.90 1.00 1.00 1.00
Epoch 6840 | Train: Loss=0.0012 Acc=100.0% | Test: Acc=97.5% | Best=97.7%(@5920)
  from x3: 0.98 0.97 0.97 0.97 0.97 0.97 0.97 0.98 0.98 0.98 0.98 0.97 0.97
  per-rule acc: 0.90 1.00 1.00 1.00
Epoch 6860 | Train: Loss=0.0014 Acc=100.0% | Test: Acc=97.5% | Best=97.7%(@5920)
  from x3: 0.98 0.97 0.98 0.98 0.98 0.98 0.98 0.98 0.98 0.98 0.98 0.98 0.98
  per-rule acc: 0.90 1.00 1.00 1.00
Epoch 6880 | Train: Loss=0.0012 Acc=100.0% | Test: Acc=97.6% | Best=97.7%(@5920)
  from x3: 0.98 0.98 0.98 0.98 0.98 0.98 0.98 0.98 0.98 0.98 0.98 0.98 0.98
  per-rule acc: 0.90 1.00 1.00 1.00
Epoch 6900 | Train: Loss=0.0010 Acc=100.0% | Test: Acc=97.6% | Best=97.7%(@5920)
  from x3: 0.98 0.98 0.98 0.98 0.98 0.98 0.98 0.98 0.98 0.98 0.98 0.98 0.98
  per-rule acc: 0.91 1.00 1.00 1.00
Epoch 6920 | Train: Loss=0.0008 Acc=100.0% | Test: Acc=97.7% | Best=97.7%(@6920)
  from x3: 0.98 0.98 0.98 0.98 0.98 0.98 0.98 0.98 0.98 0.98 0.98 0.98 0.98
  per-rule acc: 0.91 1.00 1.00 1.00
Epoch 6940 | Train: Loss=0.0006 Acc=100.0% | Test: Acc=97.7% | Best=97.7%(@6940)
  from x3: 0.98 0.98 0.98 0.98 0.98 0.98 0.98 0.98 0.98 0.98 0.98 0.98 0.98
  per-rule acc: 0.91 1.00 1.00 1.00
Epoch 6960 | Train: Loss=0.0005 Acc=100.0% | Test: Acc=97.7% | Best=97.7%(@6940)
  from x3: 0.98 0.98 0.98 0.98 0.98 0.98 0.98 0.98 0.98 0.98 0.98 0.98 0.98
  per-rule acc: 0.91 1.00 1.00 1.00
Epoch 6980 | Train: Loss=0.0004 Acc=100.0% | Test: Acc=97.7% | Best=97.7%(@6980)
  from x3: 0.98 0.98 0.98 0.98 0.98 0.98 0.98 0.98 0.98 0.98 0.98 0.98 0.98
  per-rule acc: 0.91 1.00 1.00 1.00
Epoch 7000 | Train: Loss=0.0003 Acc=100.0% | Test: Acc=97.8% | Best=97.8%(@7000)
  from x3: 0.98 0.98 0.98 0.98 0.98 0.98 0.98 0.98 0.98 0.98 0.98 0.98 0.98
  per-rule acc: 0.91 1.00 1.00 1.00
Epoch 7020 | Train: Loss=0.0002 Acc=100.0% | Test: Acc=97.8% | Best=97.8%(@7020)
  from x3: 0.98 0.98 0.98 0.98 0.98 0.98 0.98 0.98 0.98 0.98 0.98 0.98 0.98
  per-rule acc: 0.91 1.00 1.00 1.00
Epoch 7040 | Train: Loss=0.0002 Acc=100.0% | Test: Acc=97.8% | Best=97.8%(@7020)
  from x3: 0.98 0.98 0.98 0.98 0.98 0.98 0.98 0.98 0.98 0.98 0.98 0.98 0.98
  per-rule acc: 0.91 1.00 1.00 1.00
Epoch 7060 | Train: Loss=0.0001 Acc=100.0% | Test: Acc=97.8% | Best=97.8%(@7020)
  from x3: 0.98 0.98 0.98 0.98 0.98 0.98 0.98 0.98 0.98 0.98 0.98 0.98 0.98
  per-rule acc: 0.91 1.00 1.00 1.00
Epoch 7080 | Train: Loss=0.0001 Acc=100.0% | Test: Acc=97.8% | Best=97.8%(@7080)
  from x3: 0.98 0.98 0.98 0.98 0.98 0.98 0.98 0.98 0.98 0.98 0.98 0.98 0.98
  per-rule acc: 0.91 1.00 1.00 1.00
Epoch 7100 | Train: Loss=0.0001 Acc=100.0% | Test: Acc=97.8% | Best=97.8%(@7100)
  from x3: 0.98 0.98 0.98 0.98 0.98 0.98 0.98 0.98 0.98 0.98 0.98 0.98 0.98
  per-rule acc: 0.91 1.00 1.00 1.00
Epoch 7120 | Train: Loss=0.0001 Acc=100.0% | Test: Acc=97.8% | Best=97.8%(@7120)
  from x3: 0.98 0.98 0.98 0.98 0.98 0.98 0.98 0.98 0.98 0.98 0.98 0.98 0.98
  per-rule acc: 0.91 1.00 1.00 1.00
Epoch 7140 | Train: Loss=0.0001 Acc=100.0% | Test: Acc=97.9% | Best=97.9%(@7140)
  from x3: 0.98 0.98 0.98 0.98 0.98 0.98 0.98 0.98 0.98 0.98 0.98 0.98 0.98
  per-rule acc: 0.91 1.00 1.00 1.00
Epoch 7160 | Train: Loss=0.0000 Acc=100.0% | Test: Acc=97.9% | Best=97.9%(@7140)
  from x3: 0.98 0.98 0.98 0.98 0.98 0.98 0.98 0.98 0.98 0.98 0.98 0.98 0.98
  per-rule acc: 0.91 1.00 1.00 1.00
Epoch 7180 | Train: Loss=0.0000 Acc=100.0% | Test: Acc=97.9% | Best=97.9%(@7140)
  from x3: 0.98 0.98 0.98 0.98 0.98 0.98 0.98 0.98 0.98 0.98 0.98 0.98 0.98
  per-rule acc: 0.91 1.00 1.00 1.00
Epoch 7200 | Train: Loss=0.0000 Acc=100.0% | Test: Acc=97.9% | Best=97.9%(@7200)
  from x3: 0.98 0.98 0.98 0.98 0.98 0.98 0.98 0.98 0.98 0.98 0.98 0.98 0.98
  per-rule acc: 0.91 1.00 1.00 1.00
Epoch 7220 | Train: Loss=0.0000 Acc=100.0% | Test: Acc=97.9% | Best=97.9%(@7200)
  from x3: 0.98 0.98 0.98 0.98 0.98 0.98 0.98 0.98 0.98 0.98 0.98 0.98 0.98
  per-rule acc: 0.91 1.00 1.00 1.00
Epoch 7240 | Train: Loss=0.0000 Acc=100.0% | Test: Acc=97.8% | Best=97.9%(@7200)
  from x3: 0.98 0.98 0.98 0.98 0.98 0.98 0.98 0.98 0.98 0.98 0.98 0.98 0.98
  per-rule acc: 0.91 1.00 1.00 1.00
Epoch 7260 | Train: Loss=0.0000 Acc=100.0% | Test: Acc=97.8% | Best=97.9%(@7200)
  from x3: 0.98 0.98 0.98 0.98 0.98 0.98 0.98 0.98 0.98 0.98 0.98 0.98 0.98
  per-rule acc: 0.91 1.00 1.00 1.00
Epoch 7280 | Train: Loss=0.0000 Acc=100.0% | Test: Acc=97.8% | Best=97.9%(@7200)
  from x3: 0.98 0.98 0.98 0.98 0.98 0.98 0.98 0.98 0.98 0.98 0.98 0.98 0.98
  per-rule acc: 0.91 1.00 1.00 1.00
Epoch 7300 | Train: Loss=0.0000 Acc=100.0% | Test: Acc=97.9% | Best=97.9%(@7300)
  from x3: 0.98 0.98 0.98 0.98 0.98 0.98 0.98 0.98 0.98 0.98 0.98 0.98 0.98
  per-rule acc: 0.91 1.00 1.00 1.00
Epoch 7320 | Train: Loss=0.0000 Acc=100.0% | Test: Acc=97.9% | Best=97.9%(@7320)
  from x3: 0.98 0.98 0.98 0.98 0.98 0.98 0.98 0.98 0.98 0.98 0.98 0.98 0.98
  per-rule acc: 0.92 1.00 1.00 1.00
Epoch 7340 | Train: Loss=0.0000 Acc=100.0% | Test: Acc=97.9% | Best=97.9%(@7340)
  from x3: 0.98 0.98 0.98 0.98 0.98 0.98 0.98 0.98 0.98 0.98 0.98 0.98 0.98
  per-rule acc: 0.92 1.00 1.00 1.00
Epoch 7360 | Train: Loss=0.0000 Acc=100.0% | Test: Acc=97.9% | Best=97.9%(@7360)
  from x3: 0.98 0.98 0.98 0.98 0.98 0.98 0.98 0.98 0.98 0.98 0.98 0.98 0.98
  per-rule acc: 0.92 1.00 1.00 1.00
Epoch 7380 | Train: Loss=0.0000 Acc=100.0% | Test: Acc=97.9% | Best=97.9%(@7360)
  from x3: 0.98 0.98 0.98 0.98 0.98 0.98 0.98 0.98 0.98 0.98 0.98 0.98 0.98
  per-rule acc: 0.92 1.00 1.00 1.00
Epoch 7400 | Train: Loss=0.0000 Acc=100.0% | Test: Acc=97.9% | Best=97.9%(@7360)
  from x3: 0.98 0.98 0.98 0.98 0.98 0.98 0.98 0.98 0.98 0.98 0.98 0.98 0.98
  per-rule acc: 0.92 1.00 1.00 1.00
Epoch 7420 | Train: Loss=0.0000 Acc=100.0% | Test: Acc=97.9% | Best=97.9%(@7360)
  from x3: 0.98 0.98 0.98 0.98 0.98 0.98 0.98 0.98 0.98 0.98 0.98 0.98 0.98
  per-rule acc: 0.92 1.00 1.00 1.00
Epoch 7440 | Train: Loss=0.0000 Acc=100.0% | Test: Acc=97.9% | Best=97.9%(@7360)
  from x3: 0.98 0.98 0.98 0.98 0.98 0.98 0.98 0.98 0.98 0.98 0.98 0.98 0.98
  per-rule acc: 0.92 1.00 1.00 1.00
Epoch 7460 | Train: Loss=0.0000 Acc=100.0% | Test: Acc=97.9% | Best=97.9%(@7360)
  from x3: 0.98 0.98 0.98 0.98 0.98 0.98 0.98 0.98 0.98 0.98 0.98 0.98 0.98
  per-rule acc: 0.92 1.00 1.00 1.00
Epoch 7480 | Train: Loss=0.0000 Acc=100.0% | Test: Acc=97.9% | Best=97.9%(@7360)
  from x3: 0.98 0.98 0.98 0.98 0.98 0.98 0.98 0.98 0.98 0.98 0.98 0.98 0.98
  per-rule acc: 0.92 1.00 1.00 1.00
Epoch 7500 | Train: Loss=0.0000 Acc=100.0% | Test: Acc=97.9% | Best=97.9%(@7360)
  from x3: 0.98 0.98 0.98 0.98 0.98 0.98 0.98 0.98 0.98 0.98 0.98 0.98 0.98
  per-rule acc: 0.92 1.00 1.00 1.00
Epoch 7520 | Train: Loss=0.0000 Acc=100.0% | Test: Acc=97.9% | Best=97.9%(@7360)
  from x3: 0.98 0.98 0.98 0.98 0.98 0.98 0.98 0.98 0.98 0.98 0.98 0.98 0.98
  per-rule acc: 0.92 1.00 1.00 1.00
Epoch 7540 | Train: Loss=0.0004 Acc=100.0% | Test: Acc=97.2% | Best=97.9%(@7360)
  from x3: 0.97 0.97 0.97 0.97 0.97 0.97 0.97 0.97 0.97 0.97 0.97 0.97 0.97
  per-rule acc: 0.89 1.00 1.00 1.00
Epoch 7560 | Train: Loss=0.0000 Acc=100.0% | Test: Acc=97.9% | Best=97.9%(@7360)
  from x3: 0.98 0.98 0.98 0.98 0.98 0.98 0.98 0.98 0.98 0.98 0.98 0.98 0.98
  per-rule acc: 0.92 1.00 1.00 1.00
Epoch 7580 | Train: Loss=0.0001 Acc=100.0% | Test: Acc=97.5% | Best=97.9%(@7360)
  from x3: 0.98 0.98 0.98 0.98 0.98 0.98 0.98 0.98 0.98 0.98 0.98 0.98 0.98
  per-rule acc: 0.90 1.00 1.00 1.00
Epoch 7600 | Train: Loss=0.0001 Acc=100.0% | Test: Acc=97.7% | Best=97.9%(@7360)
  from x3: 0.98 0.98 0.98 0.98 0.98 0.98 0.98 0.98 0.98 0.98 0.98 0.98 0.98
  per-rule acc: 0.91 1.00 1.00 1.00
Epoch 7620 | Train: Loss=0.0001 Acc=100.0% | Test: Acc=97.7% | Best=97.9%(@7360)
  from x3: 0.98 0.98 0.98 0.98 0.98 0.98 0.98 0.98 0.98 0.98 0.98 0.98 0.98
  per-rule acc: 0.91 1.00 1.00 1.00
Epoch 7640 | Train: Loss=0.0002 Acc=100.0% | Test: Acc=97.6% | Best=97.9%(@7360)
  from x3: 0.98 0.98 0.98 0.98 0.98 0.98 0.98 0.98 0.98 0.98 0.98 0.98 0.98
  per-rule acc: 0.90 1.00 1.00 1.00
Epoch 7660 | Train: Loss=0.0003 Acc=100.0% | Test: Acc=97.6% | Best=97.9%(@7360)
  from x3: 0.98 0.98 0.98 0.98 0.98 0.98 0.98 0.98 0.98 0.98 0.98 0.98 0.98
  per-rule acc: 0.90 1.00 1.00 1.00
Epoch 7680 | Train: Loss=0.0007 Acc=100.0% | Test: Acc=97.3% | Best=97.9%(@7360)
  from x3: 0.97 0.97 0.97 0.97 0.97 0.97 0.97 0.97 0.97 0.97 0.97 0.97 0.97
  per-rule acc: 0.89 1.00 1.00 1.00
Epoch 7700 | Train: Loss=0.0006 Acc=100.0% | Test: Acc=97.5% | Best=97.9%(@7360)
  from x3: 0.98 0.98 0.98 0.98 0.98 0.98 0.98 0.98 0.98 0.98 0.98 0.98 0.98
  per-rule acc: 0.90 1.00 1.00 1.00
Epoch 7720 | Train: Loss=0.0007 Acc=100.0% | Test: Acc=97.5% | Best=97.9%(@7360)
  from x3: 0.97 0.97 0.97 0.97 0.97 0.97 0.97 0.97 0.97 0.97 0.97 0.97 0.97
  per-rule acc: 0.90 1.00 1.00 1.00
Epoch 7740 | Train: Loss=0.0008 Acc=100.0% | Test: Acc=97.4% | Best=97.9%(@7360)
  from x3: 0.97 0.97 0.97 0.97 0.97 0.97 0.97 0.97 0.97 0.97 0.97 0.97 0.97
  per-rule acc: 0.89 1.00 1.00 1.00
Epoch 7760 | Train: Loss=0.0006 Acc=100.0% | Test: Acc=97.4% | Best=97.9%(@7360)
  from x3: 0.97 0.97 0.97 0.97 0.97 0.97 0.97 0.97 0.97 0.97 0.97 0.97 0.97
  per-rule acc: 0.90 1.00 1.00 1.00
Epoch 7780 | Train: Loss=0.0006 Acc=100.0% | Test: Acc=97.5% | Best=97.9%(@7360)
  from x3: 0.98 0.97 0.97 0.97 0.97 0.97 0.97 0.97 0.98 0.98 0.98 0.98 0.98
  per-rule acc: 0.90 1.00 1.00 1.00
Epoch 7800 | Train: Loss=0.0006 Acc=100.0% | Test: Acc=97.5% | Best=97.9%(@7360)
  from x3: 0.98 0.97 0.97 0.97 0.97 0.97 0.97 0.97 0.97 0.98 0.98 0.98 0.97
  per-rule acc: 0.90 1.00 1.00 1.00
Epoch 7820 | Train: Loss=0.0007 Acc=100.0% | Test: Acc=97.5% | Best=97.9%(@7360)
  from x3: 0.98 0.97 0.98 0.98 0.98 0.98 0.98 0.98 0.98 0.98 0.98 0.98 0.98
  per-rule acc: 0.90 1.00 1.00 1.00
Epoch 7840 | Train: Loss=0.0007 Acc=100.0% | Test: Acc=97.5% | Best=97.9%(@7360)
  from x3: 0.98 0.97 0.97 0.97 0.97 0.97 0.97 0.97 0.97 0.97 0.98 0.98 0.98
  per-rule acc: 0.90 1.00 1.00 1.00
Epoch 7860 | Train: Loss=0.0008 Acc=100.0% | Test: Acc=97.5% | Best=97.9%(@7360)
  from x3: 0.98 0.97 0.97 0.97 0.97 0.97 0.97 0.97 0.97 0.98 0.98 0.98 0.98
  per-rule acc: 0.90 1.00 1.00 1.00
Epoch 7880 | Train: Loss=0.0007 Acc=100.0% | Test: Acc=97.5% | Best=97.9%(@7360)
  from x3: 0.98 0.97 0.98 0.98 0.98 0.98 0.98 0.98 0.98 0.98 0.98 0.98 0.98
  per-rule acc: 0.90 1.00 1.00 1.00
Epoch 7900 | Train: Loss=0.0006 Acc=100.0% | Test: Acc=97.6% | Best=97.9%(@7360)
  from x3: 0.98 0.97 0.98 0.98 0.98 0.98 0.98 0.98 0.98 0.98 0.98 0.98 0.98
  per-rule acc: 0.90 1.00 1.00 1.00
Epoch 7920 | Train: Loss=0.0006 Acc=100.0% | Test: Acc=97.6% | Best=97.9%(@7360)
  from x3: 0.98 0.98 0.98 0.98 0.98 0.98 0.98 0.98 0.98 0.98 0.98 0.98 0.98
  per-rule acc: 0.90 1.00 1.00 1.00
Epoch 7940 | Train: Loss=0.0005 Acc=100.0% | Test: Acc=97.6% | Best=97.9%(@7360)
  from x3: 0.98 0.98 0.98 0.98 0.98 0.98 0.98 0.98 0.98 0.98 0.98 0.98 0.98
  per-rule acc: 0.91 1.00 1.00 1.00
Epoch 7960 | Train: Loss=0.0004 Acc=100.0% | Test: Acc=97.6% | Best=97.9%(@7360)
  from x3: 0.98 0.98 0.98 0.98 0.98 0.98 0.98 0.98 0.98 0.98 0.98 0.98 0.98
  per-rule acc: 0.91 1.00 1.00 1.00
Epoch 7980 | Train: Loss=0.0003 Acc=100.0% | Test: Acc=97.6% | Best=97.9%(@7360)
  from x3: 0.98 0.98 0.98 0.98 0.98 0.98 0.98 0.98 0.98 0.98 0.98 0.98 0.98
  per-rule acc: 0.91 1.00 1.00 1.00
Epoch 8000 | Train: Loss=0.0003 Acc=100.0% | Test: Acc=97.7% | Best=97.9%(@7360)
  from x3: 0.98 0.98 0.98 0.98 0.98 0.98 0.98 0.98 0.98 0.98 0.98 0.98 0.98
  per-rule acc: 0.91 1.00 1.00 1.00
Epoch 8020 | Train: Loss=0.0002 Acc=100.0% | Test: Acc=97.7% | Best=97.9%(@7360)
  from x3: 0.98 0.98 0.98 0.98 0.98 0.98 0.98 0.98 0.98 0.98 0.98 0.98 0.98
  per-rule acc: 0.91 1.00 1.00 1.00
Epoch 8040 | Train: Loss=0.0002 Acc=100.0% | Test: Acc=97.7% | Best=97.9%(@7360)
  from x3: 0.98 0.98 0.98 0.98 0.98 0.98 0.98 0.98 0.98 0.98 0.98 0.98 0.98
  per-rule acc: 0.91 1.00 1.00 1.00
Epoch 8060 | Train: Loss=0.0001 Acc=100.0% | Test: Acc=97.8% | Best=97.9%(@7360)
  from x3: 0.98 0.98 0.98 0.98 0.98 0.98 0.98 0.98 0.98 0.98 0.98 0.98 0.98
  per-rule acc: 0.91 1.00 1.00 1.00
Epoch 8080 | Train: Loss=0.0001 Acc=100.0% | Test: Acc=97.8% | Best=97.9%(@7360)
  from x3: 0.98 0.98 0.98 0.98 0.98 0.98 0.98 0.98 0.98 0.98 0.98 0.98 0.98
  per-rule acc: 0.91 1.00 1.00 1.00
Epoch 8100 | Train: Loss=0.0001 Acc=100.0% | Test: Acc=97.8% | Best=97.9%(@7360)
  from x3: 0.98 0.98 0.98 0.98 0.98 0.98 0.98 0.98 0.98 0.98 0.98 0.98 0.98
  per-rule acc: 0.91 1.00 1.00 1.00
Epoch 8120 | Train: Loss=0.0001 Acc=100.0% | Test: Acc=97.8% | Best=97.9%(@7360)
  from x3: 0.98 0.98 0.98 0.98 0.98 0.98 0.98 0.98 0.98 0.98 0.98 0.98 0.98
  per-rule acc: 0.91 1.00 1.00 1.00
Epoch 8140 | Train: Loss=0.0001 Acc=100.0% | Test: Acc=97.8% | Best=97.9%(@7360)
  from x3: 0.98 0.98 0.98 0.98 0.98 0.98 0.98 0.98 0.98 0.98 0.98 0.98 0.98
  per-rule acc: 0.91 1.00 1.00 1.00
Epoch 8160 | Train: Loss=0.0000 Acc=100.0% | Test: Acc=97.8% | Best=97.9%(@7360)
  from x3: 0.98 0.98 0.98 0.98 0.98 0.98 0.98 0.98 0.98 0.98 0.98 0.98 0.98
  per-rule acc: 0.91 1.00 1.00 1.00
Epoch 8180 | Train: Loss=0.0000 Acc=100.0% | Test: Acc=97.9% | Best=97.9%(@7360)
  from x3: 0.98 0.98 0.98 0.98 0.98 0.98 0.98 0.98 0.98 0.98 0.98 0.98 0.98
  per-rule acc: 0.91 1.00 1.00 1.00
Epoch 8200 | Train: Loss=0.0000 Acc=100.0% | Test: Acc=97.9% | Best=97.9%(@7360)
  from x3: 0.98 0.98 0.98 0.98 0.98 0.98 0.98 0.98 0.98 0.98 0.98 0.98 0.98
  per-rule acc: 0.92 1.00 1.00 1.00
Epoch 8220 | Train: Loss=0.0000 Acc=100.0% | Test: Acc=97.9% | Best=97.9%(@7360)
  from x3: 0.98 0.98 0.98 0.98 0.98 0.98 0.98 0.98 0.98 0.98 0.98 0.98 0.98
  per-rule acc: 0.92 1.00 1.00 1.00
Epoch 8240 | Train: Loss=0.0000 Acc=100.0% | Test: Acc=97.9% | Best=97.9%(@7360)
  from x3: 0.98 0.98 0.98 0.98 0.98 0.98 0.98 0.98 0.98 0.98 0.98 0.98 0.98
  per-rule acc: 0.92 1.00 1.00 1.00
Epoch 8260 | Train: Loss=0.0000 Acc=100.0% | Test: Acc=97.9% | Best=97.9%(@7360)
  from x3: 0.98 0.98 0.98 0.98 0.98 0.98 0.98 0.98 0.98 0.98 0.98 0.98 0.98
  per-rule acc: 0.92 1.00 1.00 1.00
Epoch 8280 | Train: Loss=0.0000 Acc=100.0% | Test: Acc=97.9% | Best=97.9%(@7360)
  from x3: 0.98 0.98 0.98 0.98 0.98 0.98 0.98 0.98 0.98 0.98 0.98 0.98 0.98
  per-rule acc: 0.92 1.00 1.00 1.00
Epoch 8300 | Train: Loss=0.0000 Acc=100.0% | Test: Acc=97.9% | Best=97.9%(@7360)
  from x3: 0.98 0.98 0.98 0.98 0.98 0.98 0.98 0.98 0.98 0.98 0.98 0.98 0.98
  per-rule acc: 0.92 1.00 1.00 1.00
Epoch 8320 | Train: Loss=0.0000 Acc=100.0% | Test: Acc=97.9% | Best=97.9%(@7360)
  from x3: 0.98 0.98 0.98 0.98 0.98 0.98 0.98 0.98 0.98 0.98 0.98 0.98 0.98
  per-rule acc: 0.92 1.00 1.00 1.00
Epoch 8340 | Train: Loss=0.0000 Acc=100.0% | Test: Acc=97.9% | Best=97.9%(@7360)
  from x3: 0.98 0.98 0.98 0.98 0.98 0.98 0.98 0.98 0.98 0.98 0.98 0.98 0.98
  per-rule acc: 0.92 1.00 1.00 1.00
Epoch 8360 | Train: Loss=0.0000 Acc=100.0% | Test: Acc=97.9% | Best=97.9%(@7360)
  from x3: 0.98 0.98 0.98 0.98 0.98 0.98 0.98 0.98 0.98 0.98 0.98 0.98 0.98
  per-rule acc: 0.92 1.00 1.00 1.00
[Early stop] No improvement for 1000 consecutive epochs

==================================================
Saving model...
[OK] Model saved to: /home/cxm/ai/test0627-multitask-overlap/models/mixed_cond_d128l1_r16_n4_e50.pth
  File size: 2501.6 KB
  Best test accuracy: 97.94%

==================================================
Final generation test (given first two items, AB generates 3rd as prompt, validate from 4th)
==================================================

--- AB pair 1: (1, 1) ---

--- Statistics for AB=(1,1) ---
Exposed    samples:  1404 | In-dist: 18252/18252 (100.0%) | OOD: 22464/22464 (100.0%)
Unexposed  samples:  1405 | In-dist: 17268/18265 ( 94.5%) | OOD: 22090/22480 ( 98.3%)

--- AB pair 2: (1, 2) ---

--- Statistics for AB=(1,2) ---
Exposed    samples:  1404 | In-dist: 18252/18252 (100.0%) | OOD: 22464/22464 (100.0%)
Unexposed  samples:  1405 | In-dist: 18265/18265 (100.0%) | OOD: 22480/22480 (100.0%)

--- AB pair 3: (1, 3) ---

--- Statistics for AB=(1,3) ---
Exposed    samples:  1404 | In-dist: 18252/18252 (100.0%) | OOD: 22464/22464 (100.0%)
Unexposed  samples:  1405 | In-dist: 18265/18265 (100.0%) | OOD: 22480/22480 (100.0%)

--- AB pair 4: (1, 4) ---

--- Statistics for AB=(1,4) ---
Exposed    samples:  1404 | In-dist: 18252/18252 (100.0%) | OOD: 22464/22464 (100.0%)
Unexposed  samples:  1405 | In-dist: 18265/18265 (100.0%) | OOD: 22480/22480 (100.0%)

--- Return code: 0 ---

======================================================================
Attention Analysis
======================================================================
Model config: addition (default), p=53
Best test accuracy: 0.9794141801259239
Training epochs: 8360

Random test sequence 1/5 (length 32): [23, 43, 13, 3, 16, 19, 35, 1, 36, 37, 20, 4, 24, 28, 52, 27, 26, 0, 26, 26]...

======================================================================
Attention Layer Training Result Summary
======================================================================
Input sequence: [23, 43, 13, 3, 16, 19, 35, 1, 36, 37, 20, 4, 24, 28, 52, 27, 26, 0, 26, 26, 52, 25, 24, 49, 20, 16, 36, 52, 35, 34, 16, 50]

--- Layer 0 ---
  Head 0: Entropy=0.623
    Attention coefficients from each query position to previous positions:
      i= 0 -> j=0:1.000
      i= 1 -> j=0:0.487, j=1:0.513
      i= 2 -> j=0:0.028, j=1:0.264, j=2:0.708
      i= 3 -> j=0:0.001, j=1:0.027, j=2:0.173, j=3:0.799
      i= 4 -> j=0:0.000, j=1:0.001, j=2:0.008, j=3:0.079, j=4:0.912
      i= 5 -> j=0:0.000, j=1:0.000, j=2:0.000, j=3:0.004, j=4:0.149, j=5:0.846
      i= 6 -> j=0:0.000, j=1:0.000, j=2:0.000, j=3:0.000, j=4:0.011, j=5:0.150, j=6:0.839
      i= 7 -> j=0:0.000, j=1:0.000, j=2:0.000, j=3:0.000, j=4:0.000, j=5:0.005, j=6:0.108, j=7:0.887
      i= 8 -> j=0:0.000, j=1:0.000, j=2:0.000, j=3:0.000, j=4:0.000, j=5:0.002, j=6:0.033, j=7:0.217, j=8:0.749
      i= 9 -> j=0:0.000, j=1:0.000, j=2:0.000, j=3:0.000, j=4:0.000, j=5:0.000, j=6:0.000, j=7:0.006, j=8:0.094, j=9:0.900
      i=10 -> j=0:0.001, j=1:0.000, j=2:0.000, j=3:0.000, j=4:0.000, j=5:0.000, j=6:0.001, j=7:0.006, j=8:0.056, j=9:0.363, j=10:0.572
      i=11 -> j=0:0.000, j=1:0.000, j=2:0.000, j=3:0.000, j=4:0.000, j=5:0.000, j=6:0.000, j=7:0.000, j=8:0.001, j=9:0.023, j=10:0.178, j=11:0.797
      i=12 -> j=0:0.000, j=1:0.000, j=2:0.000, j=3:0.000, j=4:0.000, j=5:0.000, j=6:0.000, j=7:0.000, j=8:0.000, j=9:0.000, j=10:0.002, j=11:0.116, j=12:0.882
      i=13 -> j=0:0.000, j=1:0.000, j=2:0.000, j=3:0.000, j=4:0.000, j=5:0.000, j=6:0.000, j=7:0.000, j=8:0.000, j=9:0.000, j=10:0.000, j=11:0.006, j=12:0.105, j=13:0.888
      i=14 -> j=0:0.001, j=1:0.001, j=2:0.001, j=3:0.002, j=4:0.002, j=5:0.001, j=6:0.000, j=7:0.000, j=8:0.000, j=9:0.000, j=10:0.001, j=11:0.013, j=12:0.093, j=13:0.285, j=14:0.600
      i=15 -> j=0:0.000, j=1:0.000, j=2:0.000, j=3:0.000, j=4:0.001, j=5:0.000, j=6:0.000, j=7:0.000, j=8:0.000, j=9:0.000, j=10:0.000, j=11:0.000, j=12:0.001, j=13:0.016, j=14:0.215, j=15:0.766
      i=16 -> j=0:0.001, j=1:0.001, j=2:0.000, j=3:0.000, j=4:0.000, j=5:0.001, j=6:0.000, j=7:0.000, j=8:0.000, j=9:0.000, j=10:0.000, j=11:0.000, j=12:0.000, j=13:0.001, j=14:0.020, j=15:0.159, j=16:0.816
      i=17 -> j=0:0.002, j=1:0.002, j=2:0.001, j=3:0.000, j=4:0.000, j=5:0.001, j=6:0.001, j=7:0.001, j=8:0.000, j=9:0.000, j=10:0.000, j=11:0.000, j=12:0.000, j=13:0.001, j=14:0.009, j=15:0.069, j=16:0.240, j=17:0.673
      i=18 -> j=0:0.002, j=1:0.002, j=2:0.001, j=3:0.000, j=4:0.000, j=5:0.000, j=6:0.000, j=7:0.000, j=8:0.000, j=9:0.000, j=10:0.000, j=11:0.000, j=12:0.000, j=13:0.000, j=14:0.000, j=15:0.001, j=16:0.018, j=17:0.197, j=18:0.776
      i=19 -> j=0:0.002, j=1:0.002, j=2:0.002, j=3:0.001, j=4:0.001, j=5:0.000, j=6:0.000, j=7:0.000, j=8:0.001, j=9:0.000, j=10:0.000, j=11:0.000, j=12:0.000, j=13:0.000, j=14:0.000, j=15:0.000, j=16:0.001, j=17:0.017, j=18:0.189, j=19:0.784
      i=20 -> j=0:0.004, j=1:0.004, j=2:0.005, j=3:0.004, j=4:0.003, j=5:0.002, j=6:0.001, j=7:0.001, j=8:0.002, j=9:0.002, j=10:0.002, j=11:0.001, j=12:0.000, j=13:0.000, j=14:0.000, j=15:0.000, j=16:0.001, j=17:0.010, j=18:0.077, j=19:0.274, j=20:0.608
      i=21 -> j=0:0.002, j=1:0.002, j=2:0.003, j=3:0.003, j=4:0.003, j=5:0.002, j=6:0.001, j=7:0.001, j=8:0.001, j=9:0.001, j=10:0.002, j=11:0.001, j=12:0.000, j=13:0.000, j=14:0.000, j=15:0.000, j=16:0.000, j=17:0.001, j=18:0.006, j=19:0.049, j=20:0.231, j=21:0.691
      i=22 -> j=0:0.000, j=1:0.000, j=2:0.000, j=3:0.000, j=4:0.001, j=5:0.000, j=6:0.000, j=7:0.000, j=8:0.000, j=9:0.000, j=10:0.000, j=11:0.000, j=12:0.000, j=13:0.000, j=14:0.000, j=15:0.000, j=16:0.000, j=17:0.000, j=18:0.000, j=19:0.000, j=20:0.002, j=21:0.097, j=22:0.898
      i=23 -> j=0:0.000, j=1:0.000, j=2:0.000, j=3:0.001, j=4:0.001, j=5:0.001, j=6:0.001, j=7:0.000, j=8:0.000, j=9:0.000, j=10:0.000, j=11:0.000, j=12:0.000, j=13:0.000, j=14:0.000, j=15:0.000, j=16:0.000, j=17:0.000, j=18:0.000, j=19:0.000, j=20:0.001, j=21:0.022, j=22:0.142, j=23:0.829
      i=24 -> j=0:0.001, j=1:0.001, j=2:0.001, j=3:0.002, j=4:0.002, j=5:0.003, j=6:0.003, j=7:0.003, j=8:0.002, j=9:0.001, j=10:0.001, j=11:0.001, j=12:0.000, j=13:0.001, j=14:0.001, j=15:0.000, j=16:0.000, j=17:0.000, j=18:0.000, j=19:0.000, j=20:0.001, j=21:0.009, j=22:0.073, j=23:0.256, j=24:0.638
      i=25 -> j=0:0.000, j=1:0.000, j=2:0.000, j=3:0.000, j=4:0.000, j=5:0.000, j=6:0.000, j=7:0.000, j=8:0.000, j=9:0.000, j=10:0.000, j=11:0.000, j=12:0.000, j=13:0.000, j=14:0.000, j=15:0.000, j=16:0.000, j=17:0.000, j=18:0.000, j=19:0.000, j=20:0.000, j=21:0.000, j=22:0.000, j=23:0.006, j=24:0.100, j=25:0.891
      i=26 -> j=0:0.001, j=1:0.000, j=2:0.000, j=3:0.000, j=4:0.000, j=5:0.000, j=6:0.001, j=7:0.001, j=8:0.001, j=9:0.001, j=10:0.000, j=11:0.000, j=12:0.000, j=13:0.000, j=14:0.000, j=15:0.000, j=16:0.000, j=17:0.000, j=18:0.000, j=19:0.000, j=20:0.000, j=21:0.000, j=22:0.000, j=23:0.001, j=24:0.019, j=25:0.215, j=26:0.758
      i=27 -> j=0:0.004, j=1:0.003, j=2:0.002, j=3:0.002, j=4:0.002, j=5:0.002, j=6:0.003, j=7:0.003, j=8:0.004, j=9:0.005, j=10:0.005, j=11:0.003, j=12:0.001, j=13:0.001, j=14:0.001, j=15:0.001, j=16:0.002, j=17:0.002, j=18:0.001, j=19:0.000, j=20:0.000, j=21:0.000, j=22:0.000, j=23:0.001, j=24:0.009, j=25:0.078, j=26:0.331, j=27:0.535
      i=28 -> j=0:0.001, j=1:0.001, j=2:0.001, j=3:0.001, j=4:0.001, j=5:0.000, j=6:0.000, j=7:0.000, j=8:0.001, j=9:0.001, j=10:0.001, j=11:0.001, j=12:0.001, j=13:0.000, j=14:0.000, j=15:0.000, j=16:0.000, j=17:0.001, j=18:0.000, j=19:0.000, j=20:0.000, j=21:0.000, j=22:0.000, j=23:0.000, j=24:0.000, j=25:0.000, j=26:0.010, j=27:0.137, j=28:0.840
      i=29 -> j=0:0.001, j=1:0.001, j=2:0.001, j=3:0.001, j=4:0.001, j=5:0.000, j=6:0.000, j=7:0.000, j=8:0.001, j=9:0.001, j=10:0.001, j=11:0.001, j=12:0.001, j=13:0.001, j=14:0.000, j=15:0.000, j=16:0.000, j=17:0.000, j=18:0.000, j=19:0.000, j=20:0.000, j=21:0.000, j=22:0.000, j=23:0.000, j=24:0.000, j=25:0.000, j=26:0.001, j=27:0.018, j=28:0.264, j=29:0.705
      i=30 -> j=0:0.000, j=1:0.000, j=2:0.000, j=3:0.000, j=4:0.000, j=5:0.000, j=6:0.000, j=7:0.000, j=8:0.000, j=9:0.000, j=10:0.000, j=11:0.000, j=12:0.000, j=13:0.000, j=14:0.000, j=15:0.000, j=16:0.000, j=17:0.000, j=18:0.000, j=19:0.000, j=20:0.000, j=21:0.000, j=22:0.000, j=23:0.000, j=24:0.000, j=25:0.000, j=26:0.000, j=27:0.000, j=28:0.011, j=29:0.081, j=30:0.904
      i=31 -> j=0:0.001, j=1:0.001, j=2:0.001, j=3:0.001, j=4:0.001, j=5:0.001, j=6:0.001, j=7:0.001, j=8:0.001, j=9:0.000, j=10:0.001, j=11:0.001, j=12:0.001, j=13:0.002, j=14:0.002, j=15:0.001, j=16:0.000, j=17:0.000, j=18:0.000, j=19:0.000, j=20:0.001, j=21:0.000, j=22:0.000, j=23:0.000, j=24:0.000, j=25:0.000, j=26:0.000, j=27:0.000, j=28:0.001, j=29:0.013, j=30:0.224, j=31:0.745
    Average attention per distance:
      d=0:0.773, d=1:0.198, d=2:0.027


======================================================================
QK Property Verification (Raw Scores, before Softmax)
======================================================================
Recurrence order init_len=2, num test sequences=1

--- [P1] Long-distance Orthogonality Verification ---
Ideal: raw_score mean ≈ 0 and small std when d > init_len

  Layer 0, Head 0:
    d= 1 (effective): mean=  4.693, std= 0.528, n=31
    d= 2 (effective): mean=  2.403, std= 0.569, n=30
    d>2 (long-distance): mean= -2.359, std= 2.000, n=435

--- [P2] Time-homogeneous Verification ---
Ideal: CV of raw_score across positions i ≈ 0 for fixed distance d
(CV = std / |mean|, smaller = more constant)

  Layer 0, Head 0:
    d= 1: mean=  4.693, std= 0.528, CV=0.112, n=31
    d= 2: mean=  2.403, std= 0.569, CV=0.237, n=30

======================================================================
QK Property Verification Completed
======================================================================
