=== Experiment: mixed_basic_d256l2r8h4_P127_N2_e0.7_seed999 ===
Time: 2026-07-24T07:37:54.574591
Task type: mixed_ab
GPU: cuda:4

=== Merged Config ===
--------------------------------------------------
Network Config
--------------------------------------------------
D_MODEL                   256
N_HEAD                    4
N_LAYER                   2
MLP_RATIO                 8
DROPOUT                   0.0
USE_LEARNABLE_PE          False
--------------------------------------------------
Dataset Config
--------------------------------------------------
P                         127
TASK                      mixed_ab
TRAIN_LEN                 16
OOD_LEN                   32
MAX_UNIQUE_RATIO          0.7
MIXED_AB_MAX_UNIQUE_RATIOS [0.7, 0.7]
AB_PAIRS                  [[1, 1], [1, 2]]
A                         1
B                         1
NUM_MASK                  2
--------------------------------------------------
Training Config
--------------------------------------------------
OPTIMIZER                 AdamW
SCHEDULER                 CosineAnnealingLR(T_max=EPOCHS)
BATCH_SIZE                512
LR                        0.0003
WEIGHT_DECAY              1
EPOCHS                    6000
RANDOM_SEED               999
FIRST_TASK_WEIGHT         1.0
ENTROPY_PENALTY_WEIGHT    0.0
EVAL_INTERVAL             20
EARLY_STOP_ACCURACY       0.99
EARLY_STOP_NO_IMPROVE     3000
USE_GREEDY_GENERATE       True
--------------------------------------------------

--- output ---
Using device: cuda

[Memory] start: device=cuda | CPU RSS=389.0MB | GPU alloc=0.0MB reserved=0.0MB
[Dataset] Mixed mode: generated 22580 + 9678 samples, length 16
AB parameter pairs: [(1, 1), (1, 2)]
  - AB=(1,1): train 11290 | test 4839 | exposed ~70.0%
  - AB=(1,2): train 11290 | test 4839 | exposed ~70.0%
--------------------------------------------------
[Model config] block_size: 32, train length: 16
[Number theory] AB parameter pairs: [(1, 1), (1, 2)]

[Memory] after dataset: device=cuda | CPU RSS=452.7MB | GPU alloc=0.0MB reserved=0.0MB

Random sample (index 7517): [5, 59, 64, 123, 60, 56, 116, 45, 34, 79, 113, 65, 51, 116, 40, 29]
Model parameters: 2.70M
[Memory check] Estimated required: 1.5 GB, available: 44.4 GB / total: 44.4 GB
[Memory] after model init: device=cuda | CPU RSS=536.8MB | GPU alloc=10.3MB reserved=24.0MB

Start training...
Epoch   0 | Train: Loss=5.1472 Acc=1.9% | Test: Acc=0.3% | Best=0.3%(@0)
  from x3: 0.00 0.00 0.00 0.00 0.00 0.00 0.00 0.00 0.00 0.00 0.00 0.01 0.01
  per-rule acc: 0.00 0.01
Epoch  20 | Train: Loss=0.1311 Acc=99.5% | Test: Acc=1.2% | Best=1.2%(@20)
  from x3: 0.01 0.01 0.01 0.01 0.01 0.01 0.01 0.01 0.01 0.01 0.01 0.01 0.01
  per-rule acc: 0.01 0.01
Epoch  40 | Train: Loss=0.0513 Acc=99.9% | Test: Acc=1.5% | Best=1.5%(@40)
  from x3: 0.02 0.02 0.02 0.02 0.01 0.02 0.02 0.01 0.01 0.01 0.01 0.02 0.02
  per-rule acc: 0.02 0.01
Epoch  60 | Train: Loss=0.0438 Acc=99.9% | Test: Acc=1.9% | Best=1.9%(@60)
  from x3: 0.02 0.02 0.02 0.02 0.02 0.02 0.02 0.02 0.02 0.02 0.02 0.02 0.02
  per-rule acc: 0.02 0.02
Epoch  80 | Train: Loss=0.0596 Acc=99.6% | Test: Acc=3.8% | Best=3.8%(@80)
  from x3: 0.03 0.04 0.04 0.04 0.04 0.04 0.04 0.04 0.04 0.04 0.04 0.04 0.04
  per-rule acc: 0.05 0.02
Epoch 100 | Train: Loss=0.0468 Acc=99.6% | Test: Acc=12.5% | Best=12.5%(@100)
  from x3: 0.11 0.13 0.13 0.13 0.13 0.13 0.13 0.13 0.13 0.13 0.13 0.13 0.13
  per-rule acc: 0.17 0.08
Epoch 120 | Train: Loss=0.0159 Acc=99.9% | Test: Acc=60.9% | Best=60.9%(@120)
  from x3: 0.57 0.62 0.61 0.61 0.61 0.61 0.61 0.61 0.61 0.61 0.61 0.61 0.61
  per-rule acc: 0.73 0.49
Epoch 140 | Train: Loss=0.0121 Acc=99.9% | Test: Acc=90.9% | Best=90.9%(@140)
  from x3: 0.87 0.91 0.91 0.91 0.91 0.91 0.91 0.91 0.91 0.91 0.91 0.91 0.91
  per-rule acc: 0.94 0.88
Epoch 160 | Train: Loss=0.0085 Acc=99.9% | Test: Acc=97.4% | Best=97.4%(@160)
  from x3: 0.95 0.97 0.98 0.98 0.98 0.98 0.98 0.98 0.98 0.98 0.98 0.98 0.98
  per-rule acc: 0.98 0.97
Epoch 180 | Train: Loss=0.0072 Acc=99.9% | Test: Acc=97.9% | Best=97.9%(@180)
  from x3: 0.96 0.98 0.98 0.98 0.98 0.98 0.98 0.98 0.98 0.98 0.98 0.98 0.98
  per-rule acc: 0.98 0.97
Epoch 200 | Train: Loss=0.0148 Acc=99.8% | Test: Acc=98.4% | Best=98.4%(@200)
  from x3: 0.97 0.99 0.99 0.99 0.99 0.99 0.99 0.99 0.99 0.99 0.99 0.99 0.99
  per-rule acc: 0.99 0.98
Epoch 220 | Train: Loss=0.0072 Acc=99.9% | Test: Acc=99.3% | Best=99.3%(@220)
  from x3: 0.98 0.99 0.99 0.99 0.99 0.99 0.99 0.99 0.99 0.99 0.99 0.99 0.99
  per-rule acc: 0.99 0.99
[Early stop] Epoch 220: test set reached high accuracy, continuing 200 extra epochs
Epoch 240 | Train: Loss=0.0045 Acc=100.0% | Test: Acc=99.5% | Best=99.5%(@240)
  from x3: 0.99 1.00 1.00 1.00 1.00 1.00 1.00 1.00 1.00 1.00 1.00 1.00 1.00
  per-rule acc: 1.00 0.99
Epoch 260 | Train: Loss=0.0079 Acc=99.9% | Test: Acc=99.4% | Best=99.5%(@240)
  from x3: 0.99 0.99 0.99 0.99 0.99 0.99 0.99 0.99 0.99 0.99 0.99 0.99 0.99
  per-rule acc: 0.99 0.99
Epoch 280 | Train: Loss=0.0037 Acc=100.0% | Test: Acc=99.5% | Best=99.5%(@240)
  from x3: 0.99 1.00 1.00 1.00 1.00 1.00 0.99 0.99 1.00 0.99 0.99 0.99 0.99
  per-rule acc: 1.00 0.99
Epoch 300 | Train: Loss=0.0036 Acc=100.0% | Test: Acc=99.4% | Best=99.5%(@240)
  from x3: 0.99 0.99 0.99 0.99 0.99 0.99 0.99 0.99 0.99 0.99 0.99 0.99 0.99
  per-rule acc: 0.99 0.99
Epoch 320 | Train: Loss=0.0091 Acc=100.0% | Test: Acc=99.4% | Best=99.5%(@240)
  from x3: 0.99 0.99 0.99 0.99 0.99 0.99 0.99 0.99 0.99 0.99 0.99 0.99 0.99
  per-rule acc: 0.99 0.99
Epoch 340 | Train: Loss=0.0047 Acc=100.0% | Test: Acc=99.5% | Best=99.5%(@240)
  from x3: 0.99 1.00 1.00 1.00 1.00 1.00 1.00 1.00 1.00 1.00 1.00 1.00 1.00
  per-rule acc: 1.00 0.99
Epoch 360 | Train: Loss=0.0040 Acc=100.0% | Test: Acc=99.5% | Best=99.5%(@240)
  from x3: 0.99 1.00 1.00 1.00 1.00 1.00 1.00 1.00 1.00 1.00 1.00 1.00 1.00
  per-rule acc: 0.99 1.00
Epoch 380 | Train: Loss=0.0053 Acc=99.9% | Test: Acc=99.3% | Best=99.5%(@240)
  from x3: 0.98 0.99 0.99 0.99 0.99 0.99 0.99 0.99 0.99 0.99 0.99 0.99 0.99
  per-rule acc: 0.99 0.99
Epoch 400 | Train: Loss=0.0035 Acc=100.0% | Test: Acc=99.5% | Best=99.5%(@240)
  from x3: 0.99 1.00 0.99 1.00 0.99 1.00 1.00 1.00 1.00 1.00 1.00 1.00 1.00
  per-rule acc: 0.99 0.99
Epoch 420 | Train: Loss=0.0040 Acc=100.0% | Test: Acc=99.5% | Best=99.5%(@240)
  from x3: 0.99 1.00 1.00 1.00 1.00 1.00 1.00 1.00 1.00 1.00 1.00 1.00 1.00
  per-rule acc: 0.99 1.00
[Early stop] Epoch 420: finished 200 extra epochs after reaching high accuracy

==================================================
Saving model...
Training epochs: 420
[OK] Model saved to: /data/cxm/models/mixed_ab_basic_bigP/mixed_basic_d256l2r8h4_P127_N2_e0.7_seed999.pth
  File size: 10556.3 KB
  Best test accuracy: 99.54%
[Memory] after training: device=cuda | CPU RSS=1204.7MB | GPU alloc=57.4MB reserved=648.0MB

==================================================
Final generation test (batched teacher forcing, validate from position 3)
==================================================

--- AB pair 1: (1, 1) ---

--- Statistics for AB=(1,1) ---
Exposed    samples: 11290 | In-dist: 146743/146770 (100.0%) | OOD: 180618/180640 (100.0%)
Unexposed  samples:  4839 | In-dist: 62581/62907 ( 99.5%) | OOD: 76972/77424 ( 99.4%)

--- Per-position accuracy for AB=(1,1) ---
  Position   3: Exposed-ID: 11263/11290 ( 99.8%) | Unexposed-ID: 4788/4839 ( 98.9%)
  Position   4: Exposed-ID: 11290/11290 (100.0%) | Unexposed-ID: 4817/4839 ( 99.5%)
  Position   5: Exposed-ID: 11290/11290 (100.0%) | Unexposed-ID: 4816/4839 ( 99.5%)
  Position   6: Exposed-ID: 11290/11290 (100.0%) | Unexposed-ID: 4815/4839 ( 99.5%)
  Position   7: Exposed-ID: 11290/11290 (100.0%) | Unexposed-ID: 4815/4839 ( 99.5%)
  Position   8: Exposed-ID: 11290/11290 (100.0%) | Unexposed-ID: 4816/4839 ( 99.5%)
  Position   9: Exposed-ID: 11290/11290 (100.0%) | Unexposed-ID: 4816/4839 ( 99.5%)
  Position  10: Exposed-ID: 11290/11290 (100.0%) | Unexposed-ID: 4816/4839 ( 99.5%)
  Position  11: Exposed-ID: 11290/11290 (100.0%) | Unexposed-ID: 4817/4839 ( 99.5%)
  Position  12: Exposed-ID: 11290/11290 (100.0%) | Unexposed-ID: 4816/4839 ( 99.5%)
  Position  13: Exposed-ID: 11290/11290 (100.0%) | Unexposed-ID: 4816/4839 ( 99.5%)
  Position  14: Exposed-ID: 11290/11290 (100.0%) | Unexposed-ID: 4816/4839 ( 99.5%)
  Position  15: Exposed-ID: 11290/11290 (100.0%) | Unexposed-ID: 4817/4839 ( 99.5%)
  Position  16: Exposed-OOD: 11290/11290 (100.0%) | Unexposed-OOD: 4816/4839 ( 99.5%)
  Position  17: Exposed-OOD: 11290/11290 (100.0%) | Unexposed-OOD: 4816/4839 ( 99.5%)
  Position  18: Exposed-OOD: 11290/11290 (100.0%) | Unexposed-OOD: 4815/4839 ( 99.5%)
  Position  19: Exposed-OOD: 11290/11290 (100.0%) | Unexposed-OOD: 4815/4839 ( 99.5%)
  Position  20: Exposed-OOD: 11290/11290 (100.0%) | Unexposed-OOD: 4814/4839 ( 99.5%)
  Position  21: Exposed-OOD: 11290/11290 (100.0%) | Unexposed-OOD: 4816/4839 ( 99.5%)
  Position  22: Exposed-OOD: 11290/11290 (100.0%) | Unexposed-OOD: 4814/4839 ( 99.5%)
  Position  23: Exposed-OOD: 11290/11290 (100.0%) | Unexposed-OOD: 4812/4839 ( 99.4%)
  Position  24: Exposed-OOD: 11290/11290 (100.0%) | Unexposed-OOD: 4812/4839 ( 99.4%)
  Position  25: Exposed-OOD: 11290/11290 (100.0%) | Unexposed-OOD: 4811/4839 ( 99.4%)
  Position  26: Exposed-OOD: 11289/11290 (100.0%) | Unexposed-OOD: 4811/4839 ( 99.4%)
  Position  27: Exposed-OOD: 11289/11290 (100.0%) | Unexposed-OOD: 4814/4839 ( 99.5%)
  Position  28: Exposed-OOD: 11284/11290 ( 99.9%) | Unexposed-OOD: 4805/4839 ( 99.3%)
  Position  29: Exposed-OOD: 11287/11290 (100.0%) | Unexposed-OOD: 4805/4839 ( 99.3%)
  Position  30: Exposed-OOD: 11288/11290 (100.0%) | Unexposed-OOD: 4805/4839 ( 99.3%)
  Position  31: Exposed-OOD: 11281/11290 ( 99.9%) | Unexposed-OOD: 4791/4839 ( 99.0%)

--- AB pair 2: (1, 2) ---

--- Statistics for AB=(1,2) ---
Exposed    samples: 11290 | In-dist: 146733/146770 (100.0%) | OOD: 180603/180640 (100.0%)
Unexposed  samples:  4839 | In-dist: 62647/62907 ( 99.6%) | OOD: 77042/77424 ( 99.5%)

--- Per-position accuracy for AB=(1,2) ---
  Position   3: Exposed-ID: 11253/11290 ( 99.7%) | Unexposed-ID: 4776/4839 ( 98.7%)
  Position   4: Exposed-ID: 11290/11290 (100.0%) | Unexposed-ID: 4822/4839 ( 99.6%)
  Position   5: Exposed-ID: 11290/11290 (100.0%) | Unexposed-ID: 4823/4839 ( 99.7%)
  Position   6: Exposed-ID: 11290/11290 (100.0%) | Unexposed-ID: 4822/4839 ( 99.6%)
  Position   7: Exposed-ID: 11290/11290 (100.0%) | Unexposed-ID: 4823/4839 ( 99.7%)
  Position   8: Exposed-ID: 11290/11290 (100.0%) | Unexposed-ID: 4822/4839 ( 99.6%)
  Position   9: Exposed-ID: 11290/11290 (100.0%) | Unexposed-ID: 4821/4839 ( 99.6%)
  Position  10: Exposed-ID: 11290/11290 (100.0%) | Unexposed-ID: 4822/4839 ( 99.6%)
  Position  11: Exposed-ID: 11290/11290 (100.0%) | Unexposed-ID: 4822/4839 ( 99.6%)
  Position  12: Exposed-ID: 11290/11290 (100.0%) | Unexposed-ID: 4822/4839 ( 99.6%)
  Position  13: Exposed-ID: 11290/11290 (100.0%) | Unexposed-ID: 4823/4839 ( 99.7%)
  Position  14: Exposed-ID: 11290/11290 (100.0%) | Unexposed-ID: 4825/4839 ( 99.7%)
  Position  15: Exposed-ID: 11290/11290 (100.0%) | Unexposed-ID: 4824/4839 ( 99.7%)
  Position  16: Exposed-OOD: 11290/11290 (100.0%) | Unexposed-OOD: 4824/4839 ( 99.7%)
  Position  17: Exposed-OOD: 11290/11290 (100.0%) | Unexposed-OOD: 4823/4839 ( 99.7%)
  Position  18: Exposed-OOD: 11290/11290 (100.0%) | Unexposed-OOD: 4824/4839 ( 99.7%)
  Position  19: Exposed-OOD: 11290/11290 (100.0%) | Unexposed-OOD: 4824/4839 ( 99.7%)
  Position  20: Exposed-OOD: 11290/11290 (100.0%) | Unexposed-OOD: 4824/4839 ( 99.7%)
  Position  21: Exposed-OOD: 11290/11290 (100.0%) | Unexposed-OOD: 4824/4839 ( 99.7%)
  Position  22: Exposed-OOD: 11290/11290 (100.0%) | Unexposed-OOD: 4825/4839 ( 99.7%)
  Position  23: Exposed-OOD: 11290/11290 (100.0%) | Unexposed-OOD: 4824/4839 ( 99.7%)
  Position  24: Exposed-OOD: 11290/11290 (100.0%) | Unexposed-OOD: 4822/4839 ( 99.6%)
  Position  25: Exposed-OOD: 11290/11290 (100.0%) | Unexposed-OOD: 4822/4839 ( 99.6%)
  Position  26: Exposed-OOD: 11290/11290 (100.0%) | Unexposed-OOD: 4819/4839 ( 99.6%)
  Position  27: Exposed-OOD: 11289/11290 (100.0%) | Unexposed-OOD: 4808/4839 ( 99.4%)
  Position  28: Exposed-OOD: 11285/11290 (100.0%) | Unexposed-OOD: 4806/4839 ( 99.3%)
  Position  29: Exposed-OOD: 11282/11290 ( 99.9%) | Unexposed-OOD: 4798/4839 ( 99.2%)
  Position  30: Exposed-OOD: 11282/11290 ( 99.9%) | Unexposed-OOD: 4797/4839 ( 99.1%)
  Position  31: Exposed-OOD: 11275/11290 ( 99.9%) | Unexposed-OOD: 4778/4839 ( 98.7%)
[Memory] after final test: device=cuda | CPU RSS=1276.8MB | GPU alloc=81.7MB reserved=1256.0MB

--- Return code: 0 ---

======================================================================
Attention Analysis
======================================================================
Model config: addition (default), p=127
Best test accuracy: 0.9953741237064238
Training epochs: 420

Random test sequence (length 32): [33, 74, 107, 54, 34, 88, 122, 83, 78, 34, 112, 19, 4, 23, 27, 50, 77, 0, 77, 77]...

======================================================================
Attention Layer Training Result Summary
======================================================================
Input sequence: [33, 74, 107, 54, 34, 88, 122, 83, 78, 34, 112, 19, 4, 23, 27, 50, 77, 0, 77, 77, 27, 104, 4, 108, 112, 93, 78, 44, 122, 39, 34, 73]

--- Layer 0 ---
  Head 0: Entropy=0.553
    Attention coefficients from each query position to previous positions:
      i= 0 -> j=0:1.000
      i= 1 -> j=0:0.852, j=1:0.148
      i= 2 -> j=0:0.040, j=1:0.913, j=2:0.047
      i= 3 -> j=0:0.000, j=1:0.083, j=2:0.860, j=3:0.057
      i= 4 -> j=0:0.000, j=1:0.000, j=2:0.042, j=3:0.913, j=4:0.045
      i= 5 -> j=0:0.000, j=1:0.000, j=2:0.000, j=3:0.131, j=4:0.799, j=5:0.069
      i= 6 -> j=0:0.000, j=1:0.000, j=2:0.000, j=3:0.000, j=4:0.063, j=5:0.870, j=6:0.066
      i= 7 -> j=0:0.000, j=1:0.000, j=2:0.000, j=3:0.000, j=4:0.000, j=5:0.067, j=6:0.895, j=7:0.038
      i= 8 -> j=0:0.001, j=1:0.000, j=2:0.000, j=3:0.000, j=4:0.000, j=5:0.000, j=6:0.077, j=7:0.880, j=8:0.042
      i= 9 -> j=0:0.001, j=1:0.002, j=2:0.000, j=3:0.000, j=4:0.000, j=5:0.000, j=6:0.000, j=7:0.099, j=8:0.826, j=9:0.072
      i=10 -> j=0:0.000, j=1:0.001, j=2:0.002, j=3:0.000, j=4:0.000, j=5:0.000, j=6:0.000, j=7:0.000, j=8:0.076, j=9:0.851, j=10:0.070
      i=11 -> j=0:0.000, j=1:0.000, j=2:0.001, j=3:0.002, j=4:0.000, j=5:0.000, j=6:0.000, j=7:0.000, j=8:0.000, j=9:0.067, j=10:0.852, j=11:0.077
      i=12 -> j=0:0.000, j=1:0.000, j=2:0.000, j=3:0.000, j=4:0.001, j=5:0.000, j=6:0.000, j=7:0.000, j=8:0.000, j=9:0.000, j=10:0.056, j=11:0.851, j=12:0.090
      i=13 -> j=0:0.001, j=1:0.000, j=2:0.000, j=3:0.000, j=4:0.001, j=5:0.001, j=6:0.000, j=7:0.000, j=8:0.000, j=9:0.000, j=10:0.000, j=11:0.076, j=12:0.880, j=13:0.040
      i=14 -> j=0:0.001, j=1:0.002, j=2:0.000, j=3:0.000, j=4:0.000, j=5:0.001, j=6:0.001, j=7:0.000, j=8:0.000, j=9:0.000, j=10:0.000, j=11:0.000, j=12:0.101, j=13:0.830, j=14:0.063
      i=15 -> j=0:0.000, j=1:0.001, j=2:0.001, j=3:0.000, j=4:0.000, j=5:0.000, j=6:0.000, j=7:0.001, j=8:0.000, j=9:0.000, j=10:0.000, j=11:0.000, j=12:0.000, j=13:0.045, j=14:0.902, j=15:0.049
      i=16 -> j=0:0.000, j=1:0.000, j=2:0.001, j=3:0.001, j=4:0.000, j=5:0.000, j=6:0.000, j=7:0.000, j=8:0.001, j=9:0.000, j=10:0.000, j=11:0.000, j=12:0.000, j=13:0.000, j=14:0.089, j=15:0.847, j=16:0.060
      i=17 -> j=0:0.000, j=1:0.000, j=2:0.000, j=3:0.001, j=4:0.001, j=5:0.000, j=6:0.000, j=7:0.000, j=8:0.000, j=9:0.001, j=10:0.000, j=11:0.000, j=12:0.000, j=13:0.000, j=14:0.000, j=15:0.054, j=16:0.787, j=17:0.153
      i=18 -> j=0:0.000, j=1:0.000, j=2:0.000, j=3:0.000, j=4:0.001, j=5:0.001, j=6:0.000, j=7:0.000, j=8:0.000, j=9:0.000, j=10:0.001, j=11:0.000, j=12:0.000, j=13:0.000, j=14:0.000, j=15:0.000, j=16:0.043, j=17:0.914, j=18:0.041
      i=19 -> j=0:0.003, j=1:0.000, j=2:0.000, j=3:0.000, j=4:0.000, j=5:0.001, j=6:0.001, j=7:0.000, j=8:0.000, j=9:0.000, j=10:0.000, j=11:0.001, j=12:0.000, j=13:0.000, j=14:0.000, j=15:0.000, j=16:0.000, j=17:0.076, j=18:0.856, j=19:0.060
      i=20 -> j=0:0.004, j=1:0.005, j=2:0.000, j=3:0.000, j=4:0.000, j=5:0.000, j=6:0.001, j=7:0.001, j=8:0.000, j=9:0.000, j=10:0.000, j=11:0.001, j=12:0.001, j=13:0.000, j=14:0.000, j=15:0.000, j=16:0.000, j=17:0.000, j=18:0.068, j=19:0.869, j=20:0.049
      i=21 -> j=0:0.000, j=1:0.003, j=2:0.004, j=3:0.000, j=4:0.000, j=5:0.000, j=6:0.000, j=7:0.001, j=8:0.001, j=9:0.000, j=10:0.000, j=11:0.000, j=12:0.000, j=13:0.001, j=14:0.000, j=15:0.000, j=16:0.000, j=17:0.000, j=18:0.000, j=19:0.055, j=20:0.894, j=21:0.040
      i=22 -> j=0:0.000, j=1:0.000, j=2:0.004, j=3:0.005, j=4:0.000, j=5:0.000, j=6:0.000, j=7:0.000, j=8:0.001, j=9:0.001, j=10:0.000, j=11:0.000, j=12:0.000, j=13:0.000, j=14:0.002, j=15:0.000, j=16:0.000, j=17:0.000, j=18:0.000, j=19:0.000, j=20:0.122, j=21:0.772, j=22:0.091
      i=23 -> j=0:0.000, j=1:0.000, j=2:0.000, j=3:0.004, j=4:0.004, j=5:0.000, j=6:0.000, j=7:0.000, j=8:0.000, j=9:0.001, j=10:0.001, j=11:0.000, j=12:0.000, j=13:0.000, j=14:0.001, j=15:0.001, j=16:0.000, j=17:0.000, j=18:0.000, j=19:0.000, j=20:0.000, j=21:0.064, j=22:0.879, j=23:0.044
      i=24 -> j=0:0.000, j=1:0.000, j=2:0.000, j=3:0.000, j=4:0.004, j=5:0.007, j=6:0.001, j=7:0.000, j=8:0.000, j=9:0.000, j=10:0.001, j=11:0.001, j=12:0.000, j=13:0.000, j=14:0.000, j=15:0.001, j=16:0.002, j=17:0.000, j=18:0.000, j=19:0.000, j=20:0.000, j=21:0.000, j=22:0.105, j=23:0.813, j=24:0.063
      i=25 -> j=0:0.003, j=1:0.000, j=2:0.000, j=3:0.000, j=4:0.000, j=5:0.004, j=6:0.007, j=7:0.000, j=8:0.000, j=9:0.000, j=10:0.000, j=11:0.001, j=12:0.001, j=13:0.000, j=14:0.000, j=15:0.000, j=16:0.000, j=17:0.001, j=18:0.000, j=19:0.000, j=20:0.000, j=21:0.000, j=22:0.000, j=23:0.056, j=24:0.829, j=25:0.095
      i=26 -> j=0:0.041, j=1:0.005, j=2:0.000, j=3:0.000, j=4:0.000, j=5:0.000, j=6:0.004, j=7:0.005, j=8:0.000, j=9:0.000, j=10:0.000, j=11:0.000, j=12:0.001, j=13:0.001, j=14:0.000, j=15:0.000, j=16:0.000, j=17:0.000, j=18:0.001, j=19:0.000, j=20:0.000, j=21:0.000, j=22:0.000, j=23:0.000, j=24:0.057, j=25:0.837, j=26:0.045
      i=27 -> j=0:0.013, j=1:0.068, j=2:0.005, j=3:0.000, j=4:0.000, j=5:0.000, j=6:0.000, j=7:0.006, j=8:0.007, j=9:0.001, j=10:0.000, j=11:0.000, j=12:0.000, j=13:0.002, j=14:0.002, j=15:0.001, j=16:0.000, j=17:0.000, j=18:0.001, j=19:0.003, j=20:0.001, j=21:0.000, j=22:0.000, j=23:0.000, j=24:0.000, j=25:0.092, j=26:0.718, j=27:0.080
      i=28 -> j=0:0.000, j=1:0.007, j=2:0.035, j=3:0.002, j=4:0.000, j=5:0.000, j=6:0.000, j=7:0.000, j=8:0.003, j=9:0.004, j=10:0.000, j=11:0.000, j=12:0.000, j=13:0.000, j=14:0.001, j=15:0.001, j=16:0.000, j=17:0.000, j=18:0.000, j=19:0.000, j=20:0.001, j=21:0.000, j=22:0.000, j=23:0.000, j=24:0.000, j=25:0.000, j=26:0.041, j=27:0.868, j=28:0.036
      i=29 -> j=0:0.000, j=1:0.000, j=2:0.005, j=3:0.042, j=4:0.003, j=5:0.000, j=6:0.000, j=7:0.000, j=8:0.000, j=9:0.002, j=10:0.002, j=11:0.000, j=12:0.000, j=13:0.000, j=14:0.000, j=15:0.001, j=16:0.001, j=17:0.000, j=18:0.000, j=19:0.000, j=20:0.000, j=21:0.001, j=22:0.000, j=23:0.000, j=24:0.000, j=25:0.000, j=26:0.000, j=27:0.044, j=28:0.863, j=29:0.036
      i=30 -> j=0:0.000, j=1:0.000, j=2:0.000, j=3:0.011, j=4:0.043, j=5:0.004, j=6:0.000, j=7:0.000, j=8:0.000, j=9:0.000, j=10:0.004, j=11:0.006, j=12:0.001, j=13:0.000, j=14:0.000, j=15:0.000, j=16:0.001, j=17:0.002, j=18:0.000, j=19:0.000, j=20:0.000, j=21:0.001, j=22:0.001, j=23:0.000, j=24:0.000, j=25:0.000, j=26:0.000, j=27:0.000, j=28:0.063, j=29:0.808, j=30:0.054
      i=31 -> j=0:0.000, j=1:0.000, j=2:0.000, j=3:0.000, j=4:0.007, j=5:0.054, j=6:0.004, j=7:0.000, j=8:0.000, j=9:0.000, j=10:0.000, j=11:0.005, j=12:0.005, j=13:0.000, j=14:0.000, j=15:0.000, j=16:0.000, j=17:0.001, j=18:0.001, j=19:0.000, j=20:0.000, j=21:0.000, j=22:0.000, j=23:0.001, j=24:0.000, j=25:0.000, j=26:0.000, j=27:0.000, j=28:0.000, j=29:0.061, j=30:0.793, j=31:0.066
    Average attention per distance:
      d=0:0.093, d=1:0.849, d=2:0.070, d=26:0.047
  Head 1: Entropy=0.598
    Attention coefficients from each query position to previous positions:
      i= 0 -> j=0:1.000
      i= 1 -> j=0:0.949, j=1:0.051
      i= 2 -> j=0:0.061, j=1:0.828, j=2:0.110
      i= 3 -> j=0:0.000, j=1:0.073, j=2:0.869, j=3:0.058
      i= 4 -> j=0:0.000, j=1:0.001, j=2:0.080, j=3:0.840, j=4:0.079
      i= 5 -> j=0:0.000, j=1:0.000, j=2:0.000, j=3:0.046, j=4:0.857, j=5:0.097
      i= 6 -> j=0:0.000, j=1:0.000, j=2:0.000, j=3:0.000, j=4:0.101, j=5:0.839, j=6:0.059
      i= 7 -> j=0:0.000, j=1:0.000, j=2:0.000, j=3:0.000, j=4:0.000, j=5:0.101, j=6:0.809, j=7:0.089
      i= 8 -> j=0:0.001, j=1:0.000, j=2:0.000, j=3:0.000, j=4:0.000, j=5:0.000, j=6:0.066, j=7:0.852, j=8:0.079
      i= 9 -> j=0:0.000, j=1:0.001, j=2:0.000, j=3:0.000, j=4:0.000, j=5:0.000, j=6:0.000, j=7:0.085, j=8:0.846, j=9:0.067
      i=10 -> j=0:0.000, j=1:0.000, j=2:0.001, j=3:0.000, j=4:0.000, j=5:0.000, j=6:0.000, j=7:0.001, j=8:0.083, j=9:0.861, j=10:0.054
      i=11 -> j=0:0.000, j=1:0.000, j=2:0.000, j=3:0.001, j=4:0.000, j=5:0.000, j=6:0.000, j=7:0.000, j=8:0.000, j=9:0.143, j=10:0.785, j=11:0.069
      i=12 -> j=0:0.000, j=1:0.000, j=2:0.000, j=3:0.000, j=4:0.001, j=5:0.000, j=6:0.000, j=7:0.000, j=8:0.000, j=9:0.000, j=10:0.073, j=11:0.853, j=12:0.072
      i=13 -> j=0:0.001, j=1:0.000, j=2:0.000, j=3:0.000, j=4:0.001, j=5:0.002, j=6:0.000, j=7:0.000, j=8:0.000, j=9:0.000, j=10:0.001, j=11:0.102, j=12:0.778, j=13:0.115
      i=14 -> j=0:0.001, j=1:0.001, j=2:0.000, j=3:0.000, j=4:0.000, j=5:0.000, j=6:0.001, j=7:0.000, j=8:0.000, j=9:0.000, j=10:0.000, j=11:0.000, j=12:0.045, j=13:0.906, j=14:0.046
      i=15 -> j=0:0.000, j=1:0.002, j=2:0.002, j=3:0.000, j=4:0.000, j=5:0.000, j=6:0.001, j=7:0.002, j=8:0.001, j=9:0.000, j=10:0.000, j=11:0.000, j=12:0.001, j=13:0.137, j=14:0.731, j=15:0.124
      i=16 -> j=0:0.000, j=1:0.000, j=2:0.001, j=3:0.001, j=4:0.000, j=5:0.000, j=6:0.000, j=7:0.000, j=8:0.001, j=9:0.000, j=10:0.000, j=11:0.000, j=12:0.000, j=13:0.001, j=14:0.036, j=15:0.898, j=16:0.060
      i=17 -> j=0:0.000, j=1:0.000, j=2:0.000, j=3:0.001, j=4:0.001, j=5:0.000, j=6:0.000, j=7:0.000, j=8:0.001, j=9:0.001, j=10:0.000, j=11:0.000, j=12:0.000, j=13:0.000, j=14:0.000, j=15:0.071, j=16:0.909, j=17:0.016
      i=18 -> j=0:0.001, j=1:0.000, j=2:0.000, j=3:0.001, j=4:0.003, j=5:0.004, j=6:0.001, j=7:0.000, j=8:0.000, j=9:0.001, j=10:0.003, j=11:0.001, j=12:0.000, j=13:0.000, j=14:0.000, j=15:0.001, j=16:0.174, j=17:0.643, j=18:0.167
      i=19 -> j=0:0.005, j=1:0.001, j=2:0.000, j=3:0.000, j=4:0.000, j=5:0.002, j=6:0.002, j=7:0.000, j=8:0.000, j=9:0.000, j=10:0.001, j=11:0.002, j=12:0.000, j=13:0.000, j=14:0.000, j=15:0.000, j=16:0.000, j=17:0.033, j=18:0.868, j=19:0.085
      i=20 -> j=0:0.003, j=1:0.005, j=2:0.001, j=3:0.000, j=4:0.000, j=5:0.000, j=6:0.001, j=7:0.001, j=8:0.000, j=9:0.000, j=10:0.000, j=11:0.001, j=12:0.001, j=13:0.000, j=14:0.000, j=15:0.000, j=16:0.000, j=17:0.000, j=18:0.064, j=19:0.842, j=20:0.080
      i=21 -> j=0:0.000, j=1:0.004, j=2:0.006, j=3:0.001, j=4:0.000, j=5:0.000, j=6:0.000, j=7:0.002, j=8:0.002, j=9:0.000, j=10:0.000, j=11:0.000, j=12:0.001, j=13:0.002, j=14:0.001, j=15:0.000, j=16:0.000, j=17:0.000, j=18:0.001, j=19:0.094, j=20:0.754, j=21:0.132
      i=22 -> j=0:0.000, j=1:0.000, j=2:0.002, j=3:0.003, j=4:0.000, j=5:0.000, j=6:0.000, j=7:0.000, j=8:0.001, j=9:0.001, j=10:0.000, j=11:0.000, j=12:0.000, j=13:0.000, j=14:0.001, j=15:0.000, j=16:0.000, j=17:0.000, j=18:0.000, j=19:0.000, j=20:0.034, j=21:0.887, j=22:0.069
      i=23 -> j=0:0.000, j=1:0.000, j=2:0.000, j=3:0.003, j=4:0.004, j=5:0.001, j=6:0.000, j=7:0.000, j=8:0.000, j=9:0.001, j=10:0.001, j=11:0.000, j=12:0.000, j=13:0.000, j=14:0.000, j=15:0.001, j=16:0.000, j=17:0.000, j=18:0.000, j=19:0.000, j=20:0.000, j=21:0.100, j=22:0.797, j=23:0.090
      i=24 -> j=0:0.000, j=1:0.000, j=2:0.000, j=3:0.000, j=4:0.002, j=5:0.003, j=6:0.000, j=7:0.000, j=8:0.000, j=9:0.000, j=10:0.001, j=11:0.001, j=12:0.000, j=13:0.000, j=14:0.000, j=15:0.000, j=16:0.001, j=17:0.000, j=18:0.000, j=19:0.000, j=20:0.000, j=21:0.000, j=22:0.062, j=23:0.876, j=24:0.054
      i=25 -> j=0:0.008, j=1:0.000, j=2:0.000, j=3:0.000, j=4:0.000, j=5:0.002, j=6:0.003, j=7:0.000, j=8:0.000, j=9:0.000, j=10:0.000, j=11:0.001, j=12:0.001, j=13:0.000, j=14:0.000, j=15:0.000, j=16:0.000, j=17:0.000, j=18:0.000, j=19:0.000, j=20:0.000, j=21:0.000, j=22:0.000, j=23:0.117, j=24:0.761, j=25:0.106
      i=26 -> j=0:0.039, j=1:0.007, j=2:0.000, j=3:0.000, j=4:0.000, j=5:0.000, j=6:0.002, j=7:0.003, j=8:0.000, j=9:0.000, j=10:0.000, j=11:0.000, j=12:0.001, j=13:0.001, j=14:0.000, j=15:0.000, j=16:0.000, j=17:0.000, j=18:0.001, j=19:0.000, j=20:0.000, j=21:0.000, j=22:0.000, j=23:0.001, j=24:0.062, j=25:0.822, j=26:0.060
      i=27 -> j=0:0.004, j=1:0.046, j=2:0.010, j=3:0.000, j=4:0.000, j=5:0.000, j=6:0.000, j=7:0.002, j=8:0.003, j=9:0.000, j=10:0.000, j=11:0.000, j=12:0.000, j=13:0.001, j=14:0.001, j=15:0.000, j=16:0.000, j=17:0.000, j=18:0.000, j=19:0.001, j=20:0.000, j=21:0.000, j=22:0.000, j=23:0.000, j=24:0.000, j=25:0.078, j=26:0.787, j=27:0.066
      i=28 -> j=0:0.000, j=1:0.007, j=2:0.050, j=3:0.009, j=4:0.000, j=5:0.000, j=6:0.000, j=7:0.000, j=8:0.002, j=9:0.004, j=10:0.001, j=11:0.000, j=12:0.000, j=13:0.000, j=14:0.001, j=15:0.001, j=16:0.000, j=17:0.000, j=18:0.000, j=19:0.000, j=20:0.001, j=21:0.000, j=22:0.000, j=23:0.000, j=24:0.000, j=25:0.000, j=26:0.072, j=27:0.792, j=28:0.060
      i=29 -> j=0:0.000, j=1:0.000, j=2:0.004, j=3:0.045, j=4:0.009, j=5:0.000, j=6:0.000, j=7:0.000, j=8:0.000, j=9:0.002, j=10:0.003, j=11:0.000, j=12:0.000, j=13:0.000, j=14:0.000, j=15:0.001, j=16:0.001, j=17:0.000, j=18:0.000, j=19:0.000, j=20:0.000, j=21:0.001, j=22:0.000, j=23:0.000, j=24:0.000, j=25:0.000, j=26:0.000, j=27:0.087, j=28:0.751, j=29:0.095
      i=30 -> j=0:0.000, j=1:0.000, j=2:0.000, j=3:0.003, j=4:0.035, j=5:0.009, j=6:0.000, j=7:0.000, j=8:0.000, j=9:0.000, j=10:0.002, j=11:0.003, j=12:0.000, j=13:0.000, j=14:0.000, j=15:0.000, j=16:0.001, j=17:0.000, j=18:0.000, j=19:0.000, j=20:0.000, j=21:0.000, j=22:0.001, j=23:0.000, j=24:0.000, j=25:0.000, j=26:0.000, j=27:0.000, j=28:0.059, j=29:0.809, j=30:0.074
      i=31 -> j=0:0.000, j=1:0.000, j=2:0.000, j=3:0.000, j=4:0.003, j=5:0.034, j=6:0.005, j=7:0.000, j=8:0.000, j=9:0.000, j=10:0.000, j=11:0.001, j=12:0.002, j=13:0.000, j=14:0.000, j=15:0.000, j=16:0.000, j=17:0.000, j=18:0.001, j=19:0.000, j=20:0.000, j=21:0.000, j=22:0.000, j=23:0.001, j=24:0.000, j=25:0.000, j=26:0.000, j=27:0.000, j=28:0.000, j=29:0.041, j=30:0.866, j=31:0.043
    Average attention per distance:
      d=0:0.107, d=1:0.828, d=2:0.079, d=26:0.042
  Head 2: Entropy=0.183
    Attention coefficients from each query position to previous positions:
      i= 0 -> j=0:1.000
      i= 1 -> j=0:0.007, j=1:0.993
      i= 2 -> j=0:0.000, j=1:0.002, j=2:0.998
      i= 3 -> j=0:0.000, j=1:0.000, j=2:0.005, j=3:0.995
      i= 4 -> j=0:0.000, j=1:0.000, j=2:0.000, j=3:0.009, j=4:0.991
      i= 5 -> j=0:0.000, j=1:0.000, j=2:0.000, j=3:0.000, j=4:0.003, j=5:0.997
      i= 6 -> j=0:0.000, j=1:0.000, j=2:0.000, j=3:0.000, j=4:0.000, j=5:0.007, j=6:0.993
      i= 7 -> j=0:0.000, j=1:0.000, j=2:0.000, j=3:0.000, j=4:0.000, j=5:0.000, j=6:0.004, j=7:0.996
      i= 8 -> j=0:0.000, j=1:0.000, j=2:0.000, j=3:0.000, j=4:0.000, j=5:0.000, j=6:0.000, j=7:0.005, j=8:0.995
      i= 9 -> j=0:0.000, j=1:0.000, j=2:0.000, j=3:0.000, j=4:0.000, j=5:0.000, j=6:0.000, j=7:0.000, j=8:0.008, j=9:0.991
      i=10 -> j=0:0.000, j=1:0.000, j=2:0.000, j=3:0.000, j=4:0.000, j=5:0.000, j=6:0.000, j=7:0.000, j=8:0.000, j=9:0.004, j=10:0.995
      i=11 -> j=0:0.000, j=1:0.000, j=2:0.000, j=3:0.000, j=4:0.000, j=5:0.000, j=6:0.000, j=7:0.000, j=8:0.000, j=9:0.000, j=10:0.005, j=11:0.994
      i=12 -> j=0:0.000, j=1:0.000, j=2:0.000, j=3:0.000, j=4:0.000, j=5:0.000, j=6:0.000, j=7:0.000, j=8:0.000, j=9:0.000, j=10:0.000, j=11:0.002, j=12:0.997
      i=13 -> j=0:0.000, j=1:0.000, j=2:0.000, j=3:0.000, j=4:0.000, j=5:0.000, j=6:0.000, j=7:0.000, j=8:0.000, j=9:0.000, j=10:0.000, j=11:0.000, j=12:0.003, j=13:0.997
      i=14 -> j=0:0.000, j=1:0.000, j=2:0.000, j=3:0.000, j=4:0.000, j=5:0.000, j=6:0.000, j=7:0.000, j=8:0.000, j=9:0.000, j=10:0.000, j=11:0.000, j=12:0.000, j=13:0.008, j=14:0.991
      i=15 -> j=0:0.000, j=1:0.000, j=2:0.000, j=3:0.000, j=4:0.000, j=5:0.000, j=6:0.000, j=7:0.000, j=8:0.000, j=9:0.000, j=10:0.000, j=11:0.000, j=12:0.000, j=13:0.000, j=14:0.003, j=15:0.995
      i=16 -> j=0:0.000, j=1:0.000, j=2:0.000, j=3:0.000, j=4:0.000, j=5:0.000, j=6:0.000, j=7:0.000, j=8:0.000, j=9:0.000, j=10:0.000, j=11:0.000, j=12:0.000, j=13:0.000, j=14:0.000, j=15:0.005, j=16:0.994
      i=17 -> j=0:0.039, j=1:0.018, j=2:0.005, j=3:0.003, j=4:0.003, j=5:0.006, j=6:0.007, j=7:0.005, j=8:0.004, j=9:0.003, j=10:0.007, j=11:0.008, j=12:0.011, j=13:0.008, j=14:0.003, j=15:0.022, j=16:0.223, j=17:0.624
      i=18 -> j=0:0.002, j=1:0.002, j=2:0.000, j=3:0.000, j=4:0.000, j=5:0.000, j=6:0.000, j=7:0.000, j=8:0.000, j=9:0.000, j=10:0.000, j=11:0.000, j=12:0.000, j=13:0.000, j=14:0.000, j=15:0.000, j=16:0.000, j=17:0.001, j=18:0.994
      i=19 -> j=0:0.000, j=1:0.002, j=2:0.001, j=3:0.000, j=4:0.000, j=5:0.000, j=6:0.000, j=7:0.000, j=8:0.000, j=9:0.000, j=10:0.000, j=11:0.000, j=12:0.000, j=13:0.000, j=14:0.000, j=15:0.000, j=16:0.000, j=17:0.000, j=18:0.004, j=19:0.991
      i=20 -> j=0:0.000, j=1:0.000, j=2:0.002, j=3:0.002, j=4:0.000, j=5:0.000, j=6:0.000, j=7:0.000, j=8:0.000, j=9:0.000, j=10:0.000, j=11:0.000, j=12:0.000, j=13:0.000, j=14:0.000, j=15:0.000, j=16:0.000, j=17:0.000, j=18:0.000, j=19:0.006, j=20:0.989
      i=21 -> j=0:0.000, j=1:0.000, j=2:0.000, j=3:0.001, j=4:0.002, j=5:0.000, j=6:0.000, j=7:0.000, j=8:0.000, j=9:0.000, j=10:0.000, j=11:0.000, j=12:0.000, j=13:0.000, j=14:0.000, j=15:0.000, j=16:0.000, j=17:0.000, j=18:0.000, j=19:0.000, j=20:0.003, j=21:0.992
      i=22 -> j=0:0.001, j=1:0.000, j=2:0.000, j=3:0.000, j=4:0.001, j=5:0.001, j=6:0.000, j=7:0.000, j=8:0.000, j=9:0.000, j=10:0.000, j=11:0.000, j=12:0.000, j=13:0.000, j=14:0.000, j=15:0.000, j=16:0.000, j=17:0.000, j=18:0.000, j=19:0.000, j=20:0.000, j=21:0.004, j=22:0.991
      i=23 -> j=0:0.018, j=1:0.002, j=2:0.000, j=3:0.000, j=4:0.001, j=5:0.002, j=6:0.003, j=7:0.001, j=8:0.000, j=9:0.000, j=10:0.000, j=11:0.000, j=12:0.000, j=13:0.000, j=14:0.000, j=15:0.000, j=16:0.000, j=17:0.000, j=18:0.000, j=19:0.000, j=20:0.000, j=21:0.000, j=22:0.007, j=23:0.966
      i=24 -> j=0:0.031, j=1:0.013, j=2:0.001, j=3:0.000, j=4:0.000, j=5:0.000, j=6:0.002, j=7:0.002, j=8:0.000, j=9:0.000, j=10:0.000, j=11:0.000, j=12:0.000, j=13:0.000, j=14:0.000, j=15:0.000, j=16:0.000, j=17:0.000, j=18:0.000, j=19:0.000, j=20:0.000, j=21:0.000, j=22:0.000, j=23:0.004, j=24:0.945
      i=25 -> j=0:0.005, j=1:0.023, j=2:0.012, j=3:0.001, j=4:0.000, j=5:0.000, j=6:0.000, j=7:0.002, j=8:0.002, j=9:0.000, j=10:0.000, j=11:0.000, j=12:0.000, j=13:0.000, j=14:0.000, j=15:0.000, j=16:0.000, j=17:0.000, j=18:0.000, j=19:0.000, j=20:0.000, j=21:0.000, j=22:0.000, j=23:0.000, j=24:0.005, j=25:0.950
      i=26 -> j=0:0.000, j=1:0.005, j=2:0.034, j=3:0.015, j=4:0.002, j=5:0.000, j=6:0.000, j=7:0.001, j=8:0.002, j=9:0.002, j=10:0.000, j=11:0.000, j=12:0.000, j=13:0.000, j=14:0.000, j=15:0.000, j=16:0.000, j=17:0.000, j=18:0.000, j=19:0.000, j=20:0.000, j=21:0.000, j=22:0.000, j=23:0.000, j=24:0.000, j=25:0.004, j=26:0.933
      i=27 -> j=0:0.000, j=1:0.000, j=2:0.006, j=3:0.028, j=4:0.014, j=5:0.001, j=6:0.000, j=7:0.000, j=8:0.001, j=9:0.002, j=10:0.002, j=11:0.000, j=12:0.000, j=13:0.000, j=14:0.000, j=15:0.000, j=16:0.000, j=17:0.000, j=18:0.000, j=19:0.000, j=20:0.000, j=21:0.000, j=22:0.000, j=23:0.000, j=24:0.000, j=25:0.000, j=26:0.005, j=27:0.939
      i=28 -> j=0:0.000, j=1:0.000, j=2:0.000, j=3:0.007, j=4:0.032, j=5:0.018, j=6:0.002, j=7:0.000, j=8:0.000, j=9:0.001, j=10:0.002, j=11:0.003, j=12:0.000, j=13:0.000, j=14:0.000, j=15:0.000, j=16:0.000, j=17:0.000, j=18:0.000, j=19:0.000, j=20:0.000, j=21:0.000, j=22:0.000, j=23:0.000, j=24:0.000, j=25:0.000, j=26:0.000, j=27:0.006, j=28:0.926
      i=29 -> j=0:0.001, j=1:0.000, j=2:0.000, j=3:0.000, j=4:0.002, j=5:0.019, j=6:0.008, j=7:0.001, j=8:0.000, j=9:0.000, j=10:0.000, j=11:0.001, j=12:0.001, j=13:0.000, j=14:0.000, j=15:0.000, j=16:0.000, j=17:0.000, j=18:0.000, j=19:0.000, j=20:0.000, j=21:0.000, j=22:0.000, j=23:0.000, j=24:0.000, j=25:0.000, j=26:0.000, j=27:0.000, j=28:0.002, j=29:0.963
      i=30 -> j=0:0.071, j=1:0.003, j=2:0.000, j=3:0.000, j=4:0.000, j=5:0.006, j=6:0.031, j=7:0.017, j=8:0.002, j=9:0.000, j=10:0.000, j=11:0.001, j=12:0.002, j=13:0.002, j=14:0.001, j=15:0.000, j=16:0.000, j=17:0.000, j=18:0.000, j=19:0.000, j=20:0.000, j=21:0.000, j=22:0.000, j=23:0.000, j=24:0.000, j=25:0.000, j=26:0.000, j=27:0.000, j=28:0.000, j=29:0.006, j=30:0.855
      i=31 -> j=0:0.219, j=1:0.047, j=2:0.001, j=3:0.000, j=4:0.000, j=5:0.000, j=6:0.003, j=7:0.019, j=8:0.009, j=9:0.001, j=10:0.000, j=11:0.000, j=12:0.000, j=13:0.001, j=14:0.001, j=15:0.000, j=16:0.000, j=17:0.000, j=18:0.000, j=19:0.000, j=20:0.000, j=21:0.000, j=22:0.000, j=23:0.000, j=24:0.000, j=25:0.000, j=26:0.000, j=27:0.000, j=28:0.000, j=29:0.000, j=30:0.002, j=31:0.695
    Average attention per distance:
      d=0:0.958, d=1:0.012, d=23:0.014, d=24:0.027, d=30:0.059, d=31:0.219
  Head 3: Entropy=1.105
    Attention coefficients from each query position to previous positions:
      i= 0 -> j=0:1.000
      i= 1 -> j=0:0.963, j=1:0.037
      i= 2 -> j=0:0.843, j=1:0.148, j=2:0.009
      i= 3 -> j=0:0.207, j=1:0.567, j=2:0.217, j=3:0.009
      i= 4 -> j=0:0.008, j=1:0.155, j=2:0.694, j=3:0.138, j=4:0.005
      i= 5 -> j=0:0.000, j=1:0.008, j=2:0.235, j=3:0.607, j=4:0.140, j=5:0.009
      i= 6 -> j=0:0.000, j=1:0.001, j=2:0.013, j=3:0.182, j=4:0.559, j=5:0.234, j=6:0.011
      i= 7 -> j=0:0.000, j=1:0.000, j=2:0.000, j=3:0.005, j=4:0.128, j=5:0.678, j=6:0.179, j=7:0.009
      i= 8 -> j=0:0.002, j=1:0.000, j=2:0.000, j=3:0.000, j=4:0.012, j=5:0.206, j=6:0.577, j=7:0.194, j=8:0.008
      i= 9 -> j=0:0.003, j=1:0.001, j=2:0.000, j=3:0.000, j=4:0.000, j=5:0.007, j=6:0.155, j=7:0.682, j=8:0.144, j=9:0.006
      i=10 -> j=0:0.004, j=1:0.003, j=2:0.001, j=3:0.000, j=4:0.000, j=5:0.000, j=6:0.007, j=7:0.181, j=8:0.630, j=9:0.167, j=10:0.007
      i=11 -> j=0:0.002, j=1:0.003, j=2:0.003, j=3:0.001, j=4:0.000, j=5:0.000, j=6:0.000, j=7:0.005, j=8:0.143, j=9:0.659, j=10:0.171, j=11:0.010
      i=12 -> j=0:0.002, j=1:0.002, j=2:0.004, j=3:0.005, j=4:0.001, j=5:0.000, j=6:0.000, j=7:0.000, j=8:0.008, j=9:0.161, j=10:0.621, j=11:0.187, j=12:0.009
      i=13 -> j=0:0.003, j=1:0.002, j=2:0.003, j=3:0.005, j=4:0.004, j=5:0.001, j=6:0.000, j=7:0.000, j=8:0.001, j=9:0.012, j=10:0.223, j=11:0.575, j=12:0.161, j=13:0.009
      i=14 -> j=0:0.005, j=1:0.003, j=2:0.002, j=3:0.003, j=4:0.004, j=5:0.004, j=6:0.002, j=7:0.000, j=8:0.000, j=9:0.001, j=10:0.011, j=11:0.174, j=12:0.598, j=13:0.184, j=14:0.009
      i=15 -> j=0:0.005, j=1:0.004, j=2:0.003, j=3:0.002, j=4:0.003, j=5:0.004, j=6:0.004, j=7:0.001, j=8:0.000, j=9:0.000, j=10:0.001, j=11:0.008, j=12:0.171, j=13:0.625, j=14:0.164, j=15:0.006
      i=16 -> j=0:0.002, j=1:0.004, j=2:0.004, j=3:0.003, j=4:0.002, j=5:0.002, j=6:0.003, j=7:0.003, j=8:0.001, j=9:0.000, j=10:0.000, j=11:0.000, j=12:0.008, j=13:0.175, j=14:0.647, j=15:0.139, j=16:0.006
      i=17 -> j=0:0.002, j=1:0.003, j=2:0.005, j=3:0.006, j=4:0.004, j=5:0.003, j=6:0.003, j=7:0.004, j=8:0.004, j=9:0.002, j=10:0.000, j=11:0.000, j=12:0.001, j=13:0.007, j=14:0.160, j=15:0.606, j=16:0.185, j=17:0.004
      i=18 -> j=0:0.002, j=1:0.002, j=2:0.003, j=3:0.005, j=4:0.004, j=5:0.002, j=6:0.002, j=7:0.002, j=8:0.004, j=9:0.003, j=10:0.001, j=11:0.000, j=12:0.000, j=13:0.000, j=14:0.008, j=15:0.212, j=16:0.690, j=17:0.055, j=18:0.006
      i=19 -> j=0:0.009, j=1:0.003, j=2:0.003, j=3:0.004, j=4:0.005, j=5:0.006, j=6:0.004, j=7:0.003, j=8:0.003, j=9:0.005, j=10:0.004, j=11:0.002, j=12:0.000, j=13:0.000, j=14:0.001, j=15:0.015, j=16:0.318, j=17:0.389, j=18:0.218, j=19:0.009
      i=20 -> j=0:0.014, j=1:0.007, j=2:0.003, j=3:0.002, j=4:0.003, j=5:0.005, j=6:0.005, j=7:0.003, j=8:0.002, j=9:0.003, j=10:0.004, j=11:0.004, j=12:0.002, j=13:0.000, j=14:0.000, j=15:0.001, j=16:0.011, j=17:0.115, j=18:0.655, j=19:0.153, j=20:0.008
      i=21 -> j=0:0.008, j=1:0.011, j=2:0.007, j=3:0.003, j=4:0.002, j=5:0.003, j=6:0.004, j=7:0.004, j=8:0.003, j=9:0.002, j=10:0.002, j=11:0.003, j=12:0.004, j=13:0.001, j=14:0.000, j=15:0.000, j=16:0.001, j=17:0.009, j=18:0.193, j=19:0.584, j=20:0.150, j=21:0.007
      i=22 -> j=0:0.002, j=1:0.007, j=2:0.012, j=3:0.007, j=4:0.002, j=5:0.002, j=6:0.002, j=7:0.004, j=8:0.004, j=9:0.003, j=10:0.002, j=11:0.002, j=12:0.004, j=13:0.003, j=14:0.001, j=15:0.000, j=16:0.000, j=17:0.001, j=18:0.007, j=19:0.170, j=20:0.600, j=21:0.156, j=22:0.008
      i=23 -> j=0:0.000, j=1:0.002, j=2:0.008, j=3:0.013, j=4:0.008, j=5:0.003, j=6:0.002, j=7:0.002, j=8:0.005, j=9:0.005, j=10:0.003, j=11:0.002, j=12:0.002, j=13:0.004, j=14:0.004, j=15:0.001, j=16:0.000, j=17:0.000, j=18:0.000, j=19:0.008, j=20:0.151, j=21:0.573, j=22:0.193, j=23:0.010
      i=24 -> j=0:0.000, j=1:0.000, j=2:0.002, j=3:0.007, j=4:0.013, j=5:0.007, j=6:0.002, j=7:0.002, j=8:0.003, j=9:0.005, j=10:0.005, j=11:0.003, j=12:0.002, j=13:0.002, j=14:0.004, j=15:0.003, j=16:0.001, j=17:0.000, j=18:0.000, j=19:0.000, j=20:0.008, j=21:0.174, j=22:0.572, j=23:0.177, j=24:0.007
      i=25 -> j=0:0.002, j=1:0.000, j=2:0.000, j=3:0.001, j=4:0.006, j=5:0.012, j=6:0.006, j=7:0.002, j=8:0.001, j=9:0.002, j=10:0.004, j=11:0.004, j=12:0.002, j=13:0.002, j=14:0.002, j=15:0.003, j=16:0.003, j=17:0.001, j=18:0.000, j=19:0.000, j=20:0.000, j=21:0.006, j=22:0.147, j=23:0.632, j=24:0.155, j=25:0.006
      i=26 -> j=0:0.023, j=1:0.002, j=2:0.001, j=3:0.000, j=4:0.002, j=5:0.008, j=6:0.013, j=7:0.007, j=8:0.003, j=9:0.002, j=10:0.003, j=11:0.004, j=12:0.005, j=13:0.003, j=14:0.002, j=15:0.002, j=16:0.004, j=17:0.003, j=18:0.001, j=19:0.000, j=20:0.000, j=21:0.000, j=22:0.008, j=23:0.150, j=24:0.579, j=25:0.166, j=26:0.008
      i=27 -> j=0:0.053, j=1:0.019, j=2:0.002, j=3:0.000, j=4:0.000, j=5:0.001, j=6:0.005, j=7:0.011, j=8:0.006, j=9:0.002, j=10:0.002, j=11:0.002, j=12:0.003, j=13:0.004, j=14:0.003, j=15:0.002, j=16:0.002, j=17:0.004, j=18:0.003, j=19:0.001, j=20:0.000, j=21:0.000, j=22:0.000, j=23:0.006, j=24:0.165, j=25:0.566, j=26:0.125, j=27:0.010
      i=28 -> j=0:0.020, j=1:0.047, j=2:0.021, j=3:0.003, j=4:0.001, j=5:0.000, j=6:0.002, j=7:0.006, j=8:0.012, j=9:0.006, j=10:0.002, j=11:0.002, j=12:0.003, j=13:0.004, j=14:0.004, j=15:0.003, j=16:0.002, j=17:0.002, j=18:0.003, j=19:0.003, j=20:0.001, j=21:0.000, j=22:0.000, j=23:0.000, j=24:0.010, j=25:0.177, j=26:0.505, j=27:0.150, j=28:0.009
      i=29 -> j=0:0.001, j=1:0.012, j=2:0.046, j=3:0.015, j=4:0.001, j=5:0.000, j=6:0.000, j=7:0.001, j=8:0.005, j=9:0.007, j=10:0.004, j=11:0.001, j=12:0.001, j=13:0.002, j=14:0.003, j=15:0.002, j=16:0.001, j=17:0.001, j=18:0.001, j=19:0.002, j=20:0.002, j=21:0.001, j=22:0.000, j=23:0.000, j=24:0.000, j=25:0.005, j=26:0.142, j=27:0.611, j=28:0.127, j=29:0.005
      i=30 -> j=0:0.000, j=1:0.001, j=2:0.016, j=3:0.051, j=4:0.016, j=5:0.002, j=6:0.000, j=7:0.000, j=8:0.001, j=9:0.006, j=10:0.011, j=11:0.006, j=12:0.002, j=13:0.001, j=14:0.002, j=15:0.004, j=16:0.004, j=17:0.002, j=18:0.001, j=19:0.002, j=20:0.003, j=21:0.003, j=22:0.001, j=23:0.000, j=24:0.000, j=25:0.000, j=26:0.007, j=27:0.148, j=28:0.524, j=29:0.178, j=30:0.006
      i=31 -> j=0:0.000, j=1:0.000, j=2:0.001, j=3:0.012, j=4:0.040, j=5:0.018, j=6:0.002, j=7:0.000, j=8:0.000, j=9:0.001, j=10:0.006, j=11:0.008, j=12:0.005, j=13:0.002, j=14:0.001, j=15:0.002, j=16:0.003, j=17:0.002, j=18:0.002, j=19:0.001, j=20:0.002, j=21:0.003, j=22:0.002, j=23:0.001, j=24:0.000, j=25:0.000, j=26:0.000, j=27:0.005, j=28:0.122, j=29:0.632, j=30:0.122, j=31:0.006
    Average attention per distance:
      d=0:0.040, d=1:0.188, d=2:0.609, d=3:0.174, d=20:0.012, d=26:0.019, d=27:0.047, d=28:0.015
      

--- Layer 1 ---
  Head 0: Entropy=1.438
    Attention coefficients from each query position to previous positions:
      i= 0 -> j=0:1.000
      i= 1 -> j=0:0.707, j=1:0.293
      i= 2 -> j=0:0.199, j=1:0.210, j=2:0.591
      i= 3 -> j=0:0.047, j=1:0.069, j=2:0.234, j=3:0.650
      i= 4 -> j=0:0.019, j=1:0.029, j=2:0.057, j=3:0.277, j=4:0.618
      i= 5 -> j=0:0.012, j=1:0.012, j=2:0.019, j=3:0.096, j=4:0.605, j=5:0.256
      i= 6 -> j=0:0.006, j=1:0.004, j=2:0.004, j=3:0.014, j=4:0.135, j=5:0.036, j=6:0.801
      i= 7 -> j=0:0.007, j=1:0.005, j=2:0.004, j=3:0.009, j=4:0.033, j=5:0.007, j=6:0.102, j=7:0.832
      i= 8 -> j=0:0.006, j=1:0.005, j=2:0.004, j=3:0.006, j=4:0.013, j=5:0.003, j=6:0.032, j=7:0.888, j=8:0.044
      i= 9 -> j=0:0.014, j=1:0.014, j=2:0.013, j=3:0.020, j=4:0.025, j=5:0.006, j=6:0.022, j=7:0.605, j=8:0.145, j=9:0.138
      i=10 -> j=0:0.014, j=1:0.012, j=2:0.013, j=3:0.029, j=4:0.044, j=5:0.011, j=6:0.025, j=7:0.291, j=8:0.106, j=9:0.255, j=10:0.201
      i=11 -> j=0:0.002, j=1:0.001, j=2:0.001, j=3:0.002, j=4:0.004, j=5:0.001, j=6:0.002, j=7:0.012, j=8:0.003, j=9:0.012, j=10:0.005, j=11:0.956
      i=12 -> j=0:0.004, j=1:0.003, j=2:0.002, j=3:0.004, j=4:0.009, j=5:0.002, j=6:0.005, j=7:0.022, j=8:0.004, j=9:0.013, j=10:0.005, j=11:0.815, j=12:0.111
      i=13 -> j=0:0.009, j=1:0.006, j=2:0.004, j=3:0.006, j=4:0.011, j=5:0.002, j=6:0.008, j=7:0.035, j=8:0.005, j=9:0.012, j=10:0.004, j=11:0.568, j=12:0.257, j=13:0.073
      i=14 -> j=0:0.012, j=1:0.010, j=2:0.006, j=3:0.008, j=4:0.011, j=5:0.002, j=6:0.006, j=7:0.045, j=8:0.006, j=9:0.009, j=10:0.002, j=11:0.149, j=12:0.186, j=13:0.146, j=14:0.401
      i=15 -> j=0:0.005, j=1:0.004, j=2:0.002, j=3:0.004, j=4:0.005, j=5:0.000, j=6:0.001, j=7:0.017, j=8:0.002, j=9:0.003, j=10:0.001, j=11:0.025, j=12:0.035, j=13:0.080, j=14:0.697, j=15:0.118
      i=16 -> j=0:0.006, j=1:0.005, j=2:0.003, j=3:0.006, j=4:0.008, j=5:0.001, j=6:0.001, j=7:0.016, j=8:0.003, j=9:0.004, j=10:0.001, j=11:0.027, j=12:0.015, j=13:0.041, j=14:0.677, j=15:0.120, j=16:0.066
      i=17 -> j=0:0.013, j=1:0.009, j=2:0.005, j=3:0.010, j=4:0.016, j=5:0.003, j=6:0.005, j=7:0.022, j=8:0.005, j=9:0.007, j=10:0.002, j=11:0.050, j=12:0.016, j=13:0.024, j=14:0.197, j=15:0.065, j=16:0.079, j=17:0.473
      i=18 -> j=0:0.020, j=1:0.012, j=2:0.006, j=3:0.008, j=4:0.014, j=5:0.002, j=6:0.005, j=7:0.019, j=8:0.004, j=9:0.006, j=10:0.002, j=11:0.036, j=12:0.011, j=13:0.012, j=14:0.080, j=15:0.023, j=16:0.042, j=17:0.647, j=18:0.051
      i=19 -> j=0:0.025, j=1:0.015, j=2:0.006, j=3:0.006, j=4:0.008, j=5:0.001, j=6:0.003, j=7:0.019, j=8:0.002, j=9:0.003, j=10:0.000, j=11:0.022, j=12:0.008, j=13:0.007, j=14:0.038, j=15:0.006, j=16:0.012, j=17:0.651, j=18:0.067, j=19:0.102
      i=20 -> j=0:0.019, j=1:0.017, j=2:0.009, j=3:0.009, j=4:0.008, j=5:0.001, j=6:0.002, j=7:0.020, j=8:0.003, j=9:0.003, j=10:0.000, j=11:0.015, j=12:0.007, j=13:0.007, j=14:0.031, j=15:0.004, j=16:0.005, j=17:0.171, j=18:0.037, j=19:0.075, j=20:0.559
      i=21 -> j=0:0.008, j=1:0.011, j=2:0.008, j=3:0.010, j=4:0.006, j=5:0.001, j=6:0.001, j=7:0.010, j=8:0.002, j=9:0.002, j=10:0.000, j=11:0.006, j=12:0.003, j=13:0.004, j=14:0.018, j=15:0.002, j=16:0.002, j=17:0.038, j=18:0.014, j=19:0.038, j=20:0.772, j=21:0.045
      i=22 -> j=0:0.006, j=1:0.010, j=2:0.009, j=3:0.021, j=4:0.019, j=5:0.001, j=6:0.001, j=7:0.011, j=8:0.003, j=9:0.003, j=10:0.001, j=11:0.011, j=12:0.003, j=13:0.004, j=14:0.025, j=15:0.003, j=16:0.003, j=17:0.032, j=18:0.009, j=19:0.019, j=20:0.687, j=21:0.063, j=22:0.057
      i=23 -> j=0:0.011, j=1:0.011, j=2:0.010, j=3:0.028, j=4:0.048, j=5:0.006, j=6:0.007, j=7:0.020, j=8:0.004, j=9:0.006, j=10:0.001, j=11:0.030, j=12:0.007, j=13:0.007, j=14:0.037, j=15:0.006, j=16:0.005, j=17:0.058, j=18:0.012, j=19:0.015, j=20:0.314, j=21:0.045, j=22:0.085, j=23:0.229
      i=24 -> j=0:0.015, j=1:0.009, j=2:0.008, j=3:0.018, j=4:0.048, j=5:0.009, j=6:0.018, j=7:0.033, j=8:0.004, j=9:0.005, j=10:0.001, j=11:0.033, j=12:0.009, j=13:0.007, j=14:0.029, j=15:0.004, j=16:0.005, j=17:0.067, j=18:0.011, j=19:0.011, j=20:0.131, j=21:0.019, j=22:0.055, j=23:0.326, j=24:0.125
      i=25 -> j=0:0.035, j=1:0.018, j=2:0.014, j=3:0.015, j=4:0.028, j=5:0.012, j=6:0.030, j=7:0.055, j=8:0.011, j=9:0.009, j=10:0.003, j=11:0.024, j=12:0.017, j=13:0.014, j=14:0.028, j=15:0.006, j=16:0.007, j=17:0.048, j=18:0.017, j=19:0.017, j=20:0.055, j=21:0.014, j=22:0.029, j=23:0.155, j=24:0.188, j=25:0.151
      i=26 -> j=0:0.041, j=1:0.028, j=2:0.024, j=3:0.019, j=4:0.018, j=5:0.005, j=6:0.015, j=7:0.075, j=8:0.015, j=9:0.010, j=10:0.002, j=11:0.019, j=12:0.015, j=13:0.017, j=14:0.043, j=15:0.006, j=16:0.005, j=17:0.038, j=18:0.012, j=19:0.015, j=20:0.061, j=21:0.008, j=22:0.010, j=23:0.045, j=24:0.079, j=25:0.123, j=26:0.251
      i=27 -> j=0:0.012, j=1:0.013, j=2:0.011, j=3:0.011, j=4:0.008, j=5:0.001, j=6:0.003, j=7:0.025, j=8:0.008, j=9:0.006, j=10:0.001, j=11:0.008, j=12:0.004, j=13:0.005, j=14:0.023, j=15:0.002, j=16:0.001, j=17:0.013, j=18:0.003, j=19:0.003, j=20:0.026, j=21:0.002, j=22:0.002, j=23:0.006, j=24:0.008, j=25:0.014, j=26:0.018, j=27:0.762
      i=28 -> j=0:0.009, j=1:0.014, j=2:0.014, j=3:0.022, j=4:0.015, j=5:0.003, j=6:0.004, j=7:0.021, j=8:0.012, j=9:0.014, j=10:0.004, j=11:0.020, j=12:0.005, j=13:0.006, j=14:0.023, j=15:0.004, j=16:0.003, j=17:0.016, j=18:0.004, j=19:0.004, j=20:0.026, j=21:0.004, j=22:0.003, j=23:0.007, j=24:0.006, j=25:0.010, j=26:0.012, j=27:0.662, j=28:0.054
      i=29 -> j=0:0.012, j=1:0.016, j=2:0.017, j=3:0.038, j=4:0.041, j=5:0.012, j=6:0.012, j=7:0.026, j=8:0.015, j=9:0.025, j=10:0.012, j=11:0.070, j=12:0.014, j=13:0.011, j=14:0.030, j=15:0.009, j=16:0.008, j=17:0.035, j=18:0.010, j=19:0.009, j=20:0.037, j=21:0.009, j=22:0.009, j=23:0.016, j=24:0.011, j=25:0.013, j=26:0.013, j=27:0.336, j=28:0.104, j=29:0.029
      i=30 -> j=0:0.017, j=1:0.014, j=2:0.012, j=3:0.026, j=4:0.070, j=5:0.024, j=6:0.036, j=7:0.034, j=8:0.010, j=9:0.019, j=10:0.009, j=11:0.109, j=12:0.028, j=13:0.015, j=14:0.031, j=15:0.007, j=16:0.007, j=17:0.059, j=18:0.013, j=19:0.009, j=20:0.029, j=21:0.005, j=22:0.006, j=23:0.015, j=24:0.009, j=25:0.008, j=26:0.005, j=27:0.074, j=28:0.098, j=29:0.094, j=30:0.110
      i=31 -> j=0:0.020, j=1:0.010, j=2:0.008, j=3:0.010, j=4:0.025, j=5:0.009, j=6:0.029, j=7:0.054, j=8:0.008, j=9:0.008, j=10:0.003, j=11:0.048, j=12:0.026, j=13:0.017, j=14:0.032, j=15:0.005, j=16:0.004, j=17:0.044, j=18:0.011, j=19:0.008, j=20:0.030, j=21:0.003, j=22:0.002, j=23:0.008, j=24:0.006, j=25:0.005, j=26:0.003, j=27:0.020, j=28:0.016, j=29:0.036, j=30:0.027, j=31:0.465
    Average attention per distance:
      d=0:0.332, d=1:0.285, d=2:0.173, d=3:0.057, d=4:0.019, d=5:0.013, d=6:0.016, d=7:0.014
      d=8:0.011, d=12:0.011, d=13:0.013, d=14:0.011, d=17:0.013, d=18:0.021, d=19:0.031, d=20:0.022
      d=21:0.013, d=22:0.011, d=23:0.013, d=24:0.023, d=25:0.027, d=26:0.031, d=27:0.019, d=28:0.011
      d=29:0.011, d=30:0.013, d=31:0.020
  Head 1: Entropy=1.594
    Attention coefficients from each query position to previous positions:
      i= 0 -> j=0:1.000
      i= 1 -> j=0:0.229, j=1:0.771
      i= 2 -> j=0:0.098, j=1:0.277, j=2:0.624
      i= 3 -> j=0:0.029, j=1:0.073, j=2:0.063, j=3:0.835
      i= 4 -> j=0:0.007, j=1:0.011, j=2:0.007, j=3:0.139, j=4:0.837
      i= 5 -> j=0:0.014, j=1:0.016, j=2:0.017, j=3:0.080, j=4:0.339, j=5:0.535
      i= 6 -> j=0:0.012, j=1:0.012, j=2:0.016, j=3:0.037, j=4:0.103, j=5:0.215, j=6:0.605
      i= 7 -> j=0:0.009, j=1:0.009, j=2:0.004, j=3:0.014, j=4:0.030, j=5:0.025, j=6:0.044, j=7:0.865
      i= 8 -> j=0:0.010, j=1:0.011, j=2:0.006, j=3:0.018, j=4:0.021, j=5:0.014, j=6:0.015, j=7:0.260, j=8:0.645
      i= 9 -> j=0:0.009, j=1:0.009, j=2:0.008, j=3:0.017, j=4:0.017, j=5:0.017, j=6:0.015, j=7:0.074, j=8:0.190, j=9:0.643
      i=10 -> j=0:0.012, j=1:0.010, j=2:0.010, j=3:0.016, j=4:0.022, j=5:0.027, j=6:0.029, j=7:0.061, j=8:0.097, j=9:0.244, j=10:0.470
      i=11 -> j=0:0.011, j=1:0.008, j=2:0.006, j=3:0.010, j=4:0.015, j=5:0.014, j=6:0.015, j=7:0.046, j=8:0.039, j=9:0.081, j=10:0.194, j=11:0.563
      i=12 -> j=0:0.008, j=1:0.006, j=2:0.002, j=3:0.005, j=4:0.006, j=5:0.003, j=6:0.002, j=7:0.022, j=8:0.009, j=9:0.010, j=10:0.021, j=11:0.042, j=12:0.864
      i=13 -> j=0:0.014, j=1:0.013, j=2:0.005, j=3:0.010, j=4:0.010, j=5:0.005, j=6:0.004, j=7:0.030, j=8:0.016, j=9:0.015, j=10:0.021, j=11:0.022, j=12:0.209, j=13:0.627
      i=14 -> j=0:0.016, j=1:0.015, j=2:0.010, j=3:0.017, j=4:0.013, j=5:0.008, j=6:0.006, j=7:0.025, j=8:0.018, j=9:0.022, j=10:0.031, j=11:0.021, j=12:0.089, j=13:0.253, j=14:0.455
      i=15 -> j=0:0.012, j=1:0.010, j=2:0.006, j=3:0.012, j=4:0.011, j=5:0.007, j=6:0.004, j=7:0.016, j=8:0.011, j=9:0.015, j=10:0.024, j=11:0.018, j=12:0.049, j=13:0.107, j=14:0.205, j=15:0.491
      i=16 -> j=0:0.023, j=1:0.016, j=2:0.010, j=3:0.017, j=4:0.017, j=5:0.012, j=6:0.007, j=7:0.020, j=8:0.013, j=9:0.016, j=10:0.027, j=11:0.021, j=12:0.049, j=13:0.069, j=14:0.092, j=15:0.158, j=16:0.433
      i=17 -> j=0:0.026, j=1:0.018, j=2:0.011, j=3:0.015, j=4:0.015, j=5:0.012, j=6:0.009, j=7:0.021, j=8:0.010, j=9:0.012, j=10:0.020, j=11:0.017, j=12:0.041, j=13:0.046, j=14:0.048, j=15:0.058, j=16:0.146, j=17:0.475
      i=18 -> j=0:0.041, j=1:0.034, j=2:0.021, j=3:0.024, j=4:0.020, j=5:0.016, j=6:0.013, j=7:0.032, j=8:0.016, j=9:0.016, j=10:0.023, j=11:0.016, j=12:0.046, j=13:0.056, j=14:0.049, j=15:0.039, j=16:0.071, j=17:0.193, j=18:0.273
      i=19 -> j=0:0.031, j=1:0.031, j=2:0.020, j=3:0.025, j=4:0.017, j=5:0.012, j=6:0.008, j=7:0.027, j=8:0.014, j=9:0.013, j=10:0.017, j=11:0.010, j=12:0.030, j=13:0.045, j=14:0.042, j=15:0.029, j=16:0.044, j=17:0.098, j=18:0.139, j=19:0.347
      i=20 -> j=0:0.024, j=1:0.026, j=2:0.018, j=3:0.028, j=4:0.020, j=5:0.011, j=6:0.007, j=7:0.022, j=8:0.013, j=9:0.013, j=10:0.016, j=11:0.008, j=12:0.020, j=13:0.030, j=14:0.030, j=15:0.021, j=16:0.029, j=17:0.051, j=18:0.060, j=19:0.127, j=20:0.427
      i=21 -> j=0:0.018, j=1:0.016, j=2:0.010, j=3:0.022, j=4:0.019, j=5:0.010, j=6:0.005, j=7:0.014, j=8:0.008, j=9:0.009, j=10:0.012, j=11:0.006, j=12:0.012, j=13:0.017, j=14:0.017, j=15:0.013, j=16:0.021, j=17:0.035, j=18:0.033, j=19:0.046, j=20:0.141, j=21:0.515
      i=22 -> j=0:0.027, j=1:0.017, j=2:0.011, j=3:0.020, j=4:0.021, j=5:0.014, j=6:0.008, j=7:0.015, j=8:0.008, j=9:0.009, j=10:0.014, j=11:0.008, j=12:0.014, j=13:0.015, j=14:0.013, j=15:0.010, j=16:0.019, j=17:0.037, j=18:0.030, j=19:0.028, j=20:0.053, j=21:0.149, j=22:0.460
      i=23 -> j=0:0.045, j=1:0.027, j=2:0.016, j=3:0.020, j=4:0.021, j=5:0.018, j=6:0.013, j=7:0.023, j=8:0.010, j=9:0.010, j=10:0.015, j=11:0.009, j=12:0.020, j=13:0.019, j=14:0.014, j=15:0.009, j=16:0.016, j=17:0.034, j=18:0.032, j=19:0.026, j=20:0.034, j=21:0.054, j=22:0.132, j=23:0.385
      i=24 -> j=0:0.056, j=1:0.042, j=2:0.021, j=3:0.021, j=4:0.017, j=5:0.013, j=6:0.011, j=7:0.028, j=8:0.013, j=9:0.010, j=10:0.012, j=11:0.007, j=12:0.018, j=13:0.021, j=14:0.014, j=15:0.007, j=16:0.010, j=17:0.021, j=18:0.023, j=19:0.020, j=20:0.025, j=21:0.025, j=22:0.038, j=23:0.091, j=24:0.438
      i=25 -> j=0:0.036, j=1:0.037, j=2:0.025, j=3:0.022, j=4:0.015, j=5:0.011, j=6:0.009, j=7:0.022, j=8:0.014, j=9:0.011, j=10:0.011, j=11:0.006, j=12:0.013, j=13:0.017, j=14:0.013, j=15:0.007, j=16:0.009, j=17:0.013, j=18:0.015, j=19:0.014, j=20:0.019, j=21:0.017, j=22:0.020, j=23:0.032, j=24:0.109, j=25:0.484
      i=26 -> j=0:0.022, j=1:0.028, j=2:0.022, j=3:0.027, j=4:0.021, j=5:0.013, j=6:0.010, j=7:0.021, j=8:0.016, j=9:0.012, j=10:0.012, j=11:0.009, j=12:0.011, j=13:0.013, j=14:0.013, j=15:0.010, j=16:0.011, j=17:0.013, j=18:0.015, j=19:0.015, j=20:0.022, j=21:0.022, j=22:0.024, j=23:0.034, j=24:0.060, j=25:0.176, j=26:0.347
      i=27 -> j=0:0.015, j=1:0.019, j=2:0.012, j=3:0.032, j=4:0.031, j=5:0.010, j=6:0.005, j=7:0.017, j=8:0.011, j=9:0.009, j=10:0.009, j=11:0.005, j=12:0.009, j=13:0.011, j=14:0.009, j=15:0.005, j=16:0.006, j=17:0.009, j=18:0.008, j=19:0.005, j=20:0.008, j=21:0.007, j=22:0.007, j=23:0.007, j=24:0.009, j=25:0.040, j=26:0.116, j=27:0.569
      i=28 -> j=0:0.017, j=1:0.015, j=2:0.007, j=3:0.031, j=4:0.047, j=5:0.014, j=6:0.006, j=7:0.019, j=8:0.010, j=9:0.008, j=10:0.008, j=11:0.006, j=12:0.012, j=13:0.012, j=14:0.007, j=15:0.003, j=16:0.005, j=17:0.008, j=18:0.006, j=19:0.003, j=20:0.004, j=21:0.003, j=22:0.003, j=23:0.004, j=24:0.003, j=25:0.009, j=26:0.019, j=27:0.054, j=28:0.657
      i=29 -> j=0:0.032, j=1:0.022, j=2:0.006, j=3:0.024, j=4:0.047, j=5:0.017, j=6:0.010, j=7:0.034, j=8:0.016, j=9:0.009, j=10:0.008, j=11:0.007, j=12:0.022, j=13:0.021, j=14:0.010, j=15:0.004, j=16:0.006, j=17:0.009, j=18:0.008, j=19:0.004, j=20:0.004, j=21:0.003, j=22:0.002, j=23:0.003, j=24:0.002, j=25:0.005, j=26:0.007, j=27:0.009, j=28:0.088, j=29:0.561
      i=30 -> j=0:0.033, j=1:0.018, j=2:0.010, j=3:0.013, j=4:0.019, j=5:0.015, j=6:0.015, j=7:0.027, j=8:0.012, j=9:0.007, j=10:0.007, j=11:0.006, j=12:0.015, j=13:0.015, j=14:0.009, j=15:0.004, j=16:0.005, j=17:0.007, j=18:0.008, j=19:0.005, j=20:0.005, j=21:0.003, j=22:0.003, j=23:0.003, j=24:0.004, j=25:0.009, j=26:0.013, j=27:0.013, j=28:0.050, j=29:0.240, j=30:0.406
      i=31 -> j=0:0.041, j=1:0.027, j=2:0.018, j=3:0.014, j=4:0.016, j=5:0.013, j=6:0.016, j=7:0.033, j=8:0.018, j=9:0.010, j=10:0.009, j=11:0.007, j=12:0.013, j=13:0.016, j=14:0.013, j=15:0.007, j=16:0.007, j=17:0.008, j=18:0.009, j=19:0.007, j=20:0.008, j=21:0.005, j=22:0.004, j=23:0.005, j=24:0.005, j=25:0.010, j=26:0.017, j=27:0.019, j=28:0.030, j=29:0.082, j=30:0.175, j=31:0.337
    Average attention per distance:
      d=0:0.561, d=1:0.166, d=2:0.058, d=3:0.029, d=4:0.023, d=5:0.021, d=6:0.018, d=7:0.013
      d=8:0.010, d=10:0.010, d=11:0.012, d=12:0.012, d=13:0.011, d=14:0.010, d=15:0.011, d=16:0.015
      d=17:0.018, d=18:0.018, d=19:0.015, d=20:0.013, d=21:0.014, d=22:0.019, d=23:0.026, d=24:0.032
      d=25:0.026, d=26:0.018, d=27:0.013, d=28:0.016, d=29:0.023, d=30:0.030, d=31:0.041
  Head 2: Entropy=0.930
    Attention coefficients from each query position to previous positions:
      i= 0 -> j=0:1.000
      i= 1 -> j=0:0.951, j=1:0.049
      i= 2 -> j=0:0.200, j=1:0.768, j=2:0.032
      i= 3 -> j=0:0.001, j=1:0.095, j=2:0.859, j=3:0.046
      i= 4 -> j=0:0.000, j=1:0.000, j=2:0.174, j=3:0.792, j=4:0.034
      i= 5 -> j=0:0.000, j=1:0.000, j=2:0.000, j=3:0.081, j=4:0.897, j=5:0.022
      i= 6 -> j=0:0.000, j=1:0.000, j=2:0.000, j=3:0.001, j=4:0.531, j=5:0.425, j=6:0.043
      i= 7 -> j=0:0.005, j=1:0.000, j=2:0.000, j=3:0.000, j=4:0.001, j=5:0.196, j=6:0.778, j=7:0.019
      i= 8 -> j=0:0.005, j=1:0.001, j=2:0.000, j=3:0.000, j=4:0.000, j=5:0.001, j=6:0.416, j=7:0.558, j=8:0.018
      i= 9 -> j=0:0.002, j=1:0.008, j=2:0.003, j=3:0.000, j=4:0.000, j=5:0.000, j=6:0.003, j=7:0.398, j=8:0.563, j=9:0.023
      i=10 -> j=0:0.000, j=1:0.002, j=2:0.006, j=3:0.006, j=4:0.000, j=5:0.000, j=6:0.000, j=7:0.003, j=8:0.107, j=9:0.841, j=10:0.033
      i=11 -> j=0:0.000, j=1:0.000, j=2:0.002, j=3:0.022, j=4:0.014, j=5:0.000, j=6:0.000, j=7:0.000, j=8:0.002, j=9:0.314, j=10:0.549, j=11:0.095
      i=12 -> j=0:0.001, j=1:0.000, j=2:0.000, j=3:0.002, j=4:0.012, j=5:0.005, j=6:0.000, j=7:0.000, j=8:0.000, j=9:0.001, j=10:0.174, j=11:0.743, j=12:0.061
      i=13 -> j=0:0.008, j=1:0.001, j=2:0.000, j=3:0.000, j=4:0.003, j=5:0.011, j=6:0.008, j=7:0.000, j=8:0.000, j=9:0.000, j=10:0.002, j=11:0.190, j=12:0.725, j=13:0.052
      i=14 -> j=0:0.011, j=1:0.007, j=2:0.001, j=3:0.000, j=4:0.000, j=5:0.002, j=6:0.012, j=7:0.009, j=8:0.000, j=9:0.000, j=10:0.000, j=11:0.002, j=12:0.188, j=13:0.714, j=14:0.053
      i=15 -> j=0:0.001, j=1:0.007, j=2:0.005, j=3:0.001, j=4:0.000, j=5:0.000, j=6:0.001, j=7:0.021, j=8:0.003, j=9:0.000, j=10:0.000, j=11:0.000, j=12:0.001, j=13:0.211, j=14:0.680, j=15:0.068
      i=16 -> j=0:0.000, j=1:0.001, j=2:0.007, j=3:0.010, j=4:0.001, j=5:0.000, j=6:0.000, j=7:0.005, j=8:0.006, j=9:0.001, j=10:0.000, j=11:0.000, j=12:0.000, j=13:0.002, j=14:0.076, j=15:0.862, j=16:0.028
      i=17 -> j=0:0.000, j=1:0.000, j=2:0.002, j=3:0.014, j=4:0.016, j=5:0.001, j=6:0.000, j=7:0.001, j=8:0.003, j=9:0.015, j=10:0.002, j=11:0.000, j=12:0.000, j=13:0.000, j=14:0.002, j=15:0.128, j=16:0.738, j=17:0.076
      i=18 -> j=0:0.003, j=1:0.000, j=2:0.001, j=3:0.005, j=4:0.028, j=5:0.011, j=6:0.002, j=7:0.001, j=8:0.001, j=9:0.004, j=10:0.012, j=11:0.012, j=12:0.001, j=13:0.000, j=14:0.000, j=15:0.003, j=16:0.142, j=17:0.727, j=18:0.046
      i=19 -> j=0:0.023, j=1:0.001, j=2:0.000, j=3:0.001, j=4:0.004, j=5:0.016, j=6:0.017, j=7:0.004, j=8:0.000, j=9:0.000, j=10:0.003, j=11:0.028, j=12:0.009, j=13:0.001, j=14:0.000, j=15:0.000, j=16:0.002, j=17:0.473, j=18:0.360, j=19:0.059
      i=20 -> j=0:0.029, j=1:0.017, j=2:0.002, j=3:0.000, j=4:0.000, j=5:0.002, j=6:0.015, j=7:0.015, j=8:0.001, j=9:0.000, j=10:0.000, j=11:0.004, j=12:0.024, j=13:0.010, j=14:0.001, j=15:0.000, j=16:0.000, j=17:0.007, j=18:0.097, j=19:0.699, j=20:0.077
      i=21 -> j=0:0.001, j=1:0.016, j=2:0.013, j=3:0.001, j=4:0.000, j=5:0.000, j=6:0.001, j=7:0.012, j=8:0.006, j=9:0.001, j=10:0.000, j=11:0.000, j=12:0.003, j=13:0.018, j=14:0.006, j=15:0.000, j=16:0.000, j=17:0.000, j=18:0.001, j=19:0.104, j=20:0.746, j=21:0.071
      i=22 -> j=0:0.000, j=1:0.000, j=2:0.011, j=3:0.013, j=4:0.001, j=5:0.000, j=6:0.000, j=7:0.001, j=8:0.004, j=9:0.002, j=10:0.000, j=11:0.000, j=12:0.000, j=13:0.002, j=14:0.007, j=15:0.002, j=16:0.000, j=17:0.000, j=18:0.000, j=19:0.000, j=20:0.068, j=21:0.859, j=22:0.029
      i=23 -> j=0:0.000, j=1:0.000, j=2:0.001, j=3:0.029, j=4:0.018, j=5:0.001, j=6:0.000, j=7:0.000, j=8:0.001, j=9:0.005, j=10:0.004, j=11:0.001, j=12:0.000, j=13:0.000, j=14:0.002, j=15:0.006, j=16:0.002, j=17:0.000, j=18:0.000, j=19:0.000, j=20:0.001, j=21:0.113, j=22:0.779, j=23:0.037
      i=24 -> j=0:0.000, j=1:0.000, j=2:0.000, j=3:0.002, j=4:0.026, j=5:0.017, j=6:0.002, j=7:0.000, j=8:0.000, j=9:0.000, j=10:0.007, j=11:0.010, j=12:0.000, j=13:0.000, j=14:0.000, j=15:0.001, j=16:0.004, j=17:0.007, j=18:0.000, j=19:0.000, j=20:0.000, j=21:0.000, j=22:0.077, j=23:0.825, j=24:0.021
      i=25 -> j=0:0.014, j=1:0.000, j=2:0.000, j=3:0.000, j=4:0.003, j=5:0.043, j=6:0.067, j=7:0.004, j=8:0.000, j=9:0.000, j=10:0.003, j=11:0.024, j=12:0.010, j=13:0.002, j=14:0.000, j=15:0.000, j=16:0.002, j=17:0.037, j=18:0.008, j=19:0.000, j=20:0.000, j=21:0.000, j=22:0.000, j=23:0.116, j=24:0.650, j=25:0.016
      i=26 -> j=0:0.155, j=1:0.013, j=2:0.000, j=3:0.000, j=4:0.000, j=5:0.001, j=6:0.019, j=7:0.023, j=8:0.001, j=9:0.000, j=10:0.000, j=11:0.001, j=12:0.015, j=13:0.015, j=14:0.002, j=15:0.000, j=16:0.000, j=17:0.007, j=18:0.013, j=19:0.005, j=20:0.001, j=21:0.000, j=22:0.000, j=23:0.001, j=24:0.128, j=25:0.579, j=26:0.017
      i=27 -> j=0:0.043, j=1:0.208, j=2:0.010, j=3:0.000, j=4:0.000, j=5:0.000, j=6:0.001, j=7:0.022, j=8:0.015, j=9:0.001, j=10:0.000, j=11:0.000, j=12:0.001, j=13:0.013, j=14:0.009, j=15:0.001, j=16:0.000, j=17:0.001, j=18:0.002, j=19:0.011, j=20:0.007, j=21:0.000, j=22:0.000, j=23:0.000, j=24:0.001, j=25:0.368, j=26:0.236, j=27:0.050
      i=28 -> j=0:0.000, j=1:0.017, j=2:0.112, j=3:0.010, j=4:0.000, j=5:0.000, j=6:0.000, j=7:0.001, j=8:0.011, j=9:0.007, j=10:0.001, j=11:0.000, j=12:0.000, j=13:0.001, j=14:0.004, j=15:0.004, j=16:0.000, j=17:0.000, j=18:0.000, j=19:0.001, j=20:0.006, j=21:0.003, j=22:0.000, j=23:0.000, j=24:0.000, j=25:0.001, j=26:0.082, j=27:0.699, j=28:0.041
      i=29 -> j=0:0.000, j=1:0.000, j=2:0.051, j=3:0.251, j=4:0.013, j=5:0.001, j=6:0.000, j=7:0.000, j=8:0.001, j=9:0.011, j=10:0.033, j=11:0.003, j=12:0.000, j=13:0.000, j=14:0.001, j=15:0.011, j=16:0.007, j=17:0.003, j=18:0.000, j=19:0.000, j=20:0.002, j=21:0.013, j=22:0.004, j=23:0.000, j=24:0.000, j=25:0.000, j=26:0.008, j=27:0.141, j=28:0.431, j=29:0.013
      i=30 -> j=0:0.000, j=1:0.000, j=2:0.000, j=3:0.082, j=4:0.338, j=5:0.017, j=6:0.000, j=7:0.000, j=8:0.000, j=9:0.001, j=10:0.035, j=11:0.035, j=12:0.001, j=13:0.000, j=14:0.000, j=15:0.001, j=16:0.006, j=17:0.020, j=18:0.001, j=19:0.000, j=20:0.000, j=21:0.001, j=22:0.008, j=23:0.003, j=24:0.000, j=25:0.000, j=26:0.000, j=27:0.001, j=28:0.102, j=29:0.313, j=30:0.034
      i=31 -> j=0:0.000, j=1:0.000, j=2:0.000, j=3:0.000, j=4:0.056, j=5:0.058, j=6:0.007, j=7:0.000, j=8:0.000, j=9:0.000, j=10:0.001, j=11:0.014, j=12:0.016, j=13:0.001, j=14:0.000, j=15:0.000, j=16:0.001, j=17:0.014, j=18:0.006, j=19:0.001, j=20:0.000, j=21:0.000, j=22:0.001, j=23:0.008, j=24:0.004, j=25:0.000, j=26:0.000, j=27:0.000, j=28:0.001, j=29:0.154, j=30:0.637, j=31:0.017
    Average attention per distance:
      d=0:0.071, d=1:0.677, d=2:0.188, d=8:0.013, d=14:0.012, d=19:0.023, d=20:0.022, d=25:0.012
      d=26:0.187, d=27:0.050
  Head 3: Entropy=1.685
    Attention coefficients from each query position to previous positions:
      i= 0 -> j=0:1.000
      i= 1 -> j=0:0.301, j=1:0.699
      i= 2 -> j=0:0.033, j=1:0.095, j=2:0.872
      i= 3 -> j=0:0.014, j=1:0.030, j=2:0.740, j=3:0.216
      i= 4 -> j=0:0.015, j=1:0.017, j=2:0.467, j=3:0.417, j=4:0.084
      i= 5 -> j=0:0.024, j=1:0.020, j=2:0.294, j=3:0.318, j=4:0.062, j=5:0.283
      i= 6 -> j=0:0.018, j=1:0.012, j=2:0.050, j=3:0.058, j=4:0.019, j=5:0.368, j=6:0.476
      i= 7 -> j=0:0.019, j=1:0.016, j=2:0.037, j=3:0.026, j=4:0.012, j=5:0.153, j=6:0.619, j=7:0.118
      i= 8 -> j=0:0.013, j=1:0.011, j=2:0.049, j=3:0.020, j=4:0.005, j=5:0.053, j=6:0.573, j=7:0.122, j=8:0.153
      i= 9 -> j=0:0.013, j=1:0.011, j=2:0.071, j=3:0.028, j=4:0.005, j=5:0.019, j=6:0.167, j=7:0.070, j=8:0.085, j=9:0.531
      i=10 -> j=0:0.008, j=1:0.007, j=2:0.043, j=3:0.020, j=4:0.003, j=5:0.007, j=6:0.019, j=7:0.013, j=8:0.019, j=9:0.143, j=10:0.719
      i=11 -> j=0:0.006, j=1:0.004, j=2:0.013, j=3:0.011, j=4:0.003, j=5:0.007, j=6:0.008, j=7:0.005, j=8:0.004, j=9:0.021, j=10:0.655, j=11:0.262
      i=12 -> j=0:0.010, j=1:0.006, j=2:0.011, j=3:0.008, j=4:0.003, j=5:0.010, j=6:0.018, j=7:0.006, j=8:0.003, j=9:0.008, j=10:0.282, j=11:0.535, j=12:0.102
      i=13 -> j=0:0.017, j=1:0.015, j=2:0.022, j=3:0.011, j=4:0.004, j=5:0.014, j=6:0.031, j=7:0.011, j=8:0.005, j=9:0.008, j=10:0.088, j=11:0.313, j=12:0.088, j=13:0.372
      i=14 -> j=0:0.016, j=1:0.016, j=2:0.032, j=3:0.016, j=4:0.006, j=5:0.012, j=6:0.032, j=7:0.015, j=8:0.008, j=9:0.010, j=10:0.037, j=11:0.108, j=12:0.038, j=13:0.173, j=14:0.479
      i=15 -> j=0:0.009, j=1:0.008, j=2:0.030, j=3:0.014, j=4:0.004, j=5:0.005, j=6:0.013, j=7:0.007, j=8:0.005, j=9:0.009, j=10:0.025, j=11:0.034, j=12:0.012, j=13:0.057, j=14:0.255, j=15:0.513
      i=16 -> j=0:0.011, j=1:0.007, j=2:0.025, j=3:0.019, j=4:0.006, j=5:0.007, j=6:0.011, j=7:0.007, j=8:0.004, j=9:0.009, j=10:0.037, j=11:0.027, j=12:0.007, j=13:0.021, j=14:0.086, j=15:0.365, j=16:0.351
      i=17 -> j=0:0.017, j=1:0.010, j=2:0.017, j=3:0.017, j=4:0.008, j=5:0.012, j=6:0.011, j=7:0.008, j=8:0.005, j=9:0.010, j=10:0.040, j=11:0.025, j=12:0.008, j=13:0.013, j=14:0.028, j=15:0.089, j=16:0.136, j=17:0.545
      i=18 -> j=0:0.025, j=1:0.016, j=2:0.018, j=3:0.014, j=4:0.007, j=5:0.014, j=6:0.018, j=7:0.009, j=8:0.005, j=9:0.007, j=10:0.034, j=11:0.031, j=12:0.009, j=13:0.016, j=14:0.023, j=15:0.039, j=16:0.053, j=17:0.445, j=18:0.216
      i=19 -> j=0:0.029, j=1:0.022, j=2:0.024, j=3:0.012, j=4:0.005, j=5:0.012, j=6:0.024, j=7:0.010, j=8:0.005, j=9:0.006, j=10:0.023, j=11:0.029, j=12:0.008, j=13:0.015, j=14:0.019, j=15:0.018, j=16:0.018, j=17:0.296, j=18:0.179, j=19:0.248
      i=20 -> j=0:0.025, j=1:0.026, j=2:0.045, j=3:0.018, j=4:0.007, j=5:0.011, j=6:0.025, j=7:0.015, j=8:0.008, j=9:0.009, j=10:0.017, j=11:0.022, j=12:0.008, j=13:0.016, j=14:0.021, j=15:0.015, j=16:0.010, j=17:0.086, j=18:0.066, j=19:0.155, j=20:0.395
      i=21 -> j=0:0.010, j=1:0.012, j=2:0.050, j=3:0.019, j=4:0.004, j=5:0.005, j=6:0.009, j=7:0.006, j=8:0.004, j=9:0.007, j=10:0.013, j=11:0.010, j=12:0.003, j=13:0.008, j=14:0.014, j=15:0.011, j=16:0.006, j=17:0.040, j=18:0.021, j=19:0.046, j=20:0.254, j=21:0.446
      i=22 -> j=0:0.007, j=1:0.005, j=2:0.029, j=3:0.022, j=4:0.005, j=5:0.005, j=6:0.006, j=7:0.004, j=8:0.002, j=9:0.005, j=10:0.014, j=11:0.008, j=12:0.002, j=13:0.005, j=14:0.008, j=15:0.008, j=16:0.005, j=17:0.025, j=18:0.008, j=19:0.010, j=20:0.073, j=21:0.230, j=22:0.515
      i=23 -> j=0:0.014, j=1:0.007, j=2:0.018, j=3:0.022, j=4:0.008, j=5:0.012, j=6:0.011, j=7:0.006, j=8:0.002, j=9:0.005, j=10:0.022, j=11:0.015, j=12:0.004, j=13:0.006, j=14:0.009, j=15:0.009, j=16:0.007, j=17:0.036, j=18:0.011, j=19:0.007, j=20:0.030, j=21:0.081, j=22:0.308, j=23:0.348
      i=24 -> j=0:0.031, j=1:0.014, j=2:0.013, j=3:0.014, j=4:0.006, j=5:0.021, j=6:0.024, j=7:0.008, j=8:0.003, j=9:0.004, j=10:0.020, j=11:0.020, j=12:0.005, j=13:0.008, j=14:0.009, j=15:0.006, j=16:0.005, j=17:0.041, j=18:0.013, j=19:0.006, j=20:0.015, j=21:0.024, j=22:0.096, j=23:0.237, j=24:0.356
      i=25 -> j=0:0.057, j=1:0.040, j=2:0.021, j=3:0.011, j=4:0.006, j=5:0.022, j=6:0.047, j=7:0.015, j=8:0.006, j=9:0.006, j=10:0.015, j=11:0.020, j=12:0.007, j=13:0.013, j=14:0.014, j=15:0.007, j=16:0.005, j=17:0.035, j=18:0.015, j=19:0.008, j=20:0.013, j=21:0.010, j=22:0.020, j=23:0.055, j=24:0.146, j=25:0.388
      i=26 -> j=0:0.042, j=1:0.052, j=2:0.040, j=3:0.011, j=4:0.004, j=5:0.010, j=6:0.028, j=7:0.012, j=8:0.010, j=9:0.012, j=10:0.014, j=11:0.012, j=12:0.008, j=13:0.016, j=14:0.018, j=15:0.009, j=16:0.006, j=17:0.028, j=18:0.016, j=19:0.012, j=20:0.018, j=21:0.012, j=22:0.013, j=23:0.020, j=24:0.051, j=25:0.254, j=26:0.272
      i=27 -> j=0:0.014, j=1:0.022, j=2:0.063, j=3:0.016, j=4:0.004, j=5:0.004, j=6:0.013, j=7:0.009, j=8:0.007, j=9:0.010, j=10:0.012, j=11:0.008, j=12:0.004, j=13:0.007, j=14:0.011, j=15:0.008, j=16:0.004, j=17:0.014, j=18:0.007, j=19:0.006, j=20:0.012, j=21:0.009, j=22:0.007, j=23:0.006, j=24:0.008, j=25:0.052, j=26:0.511, j=27:0.151
      i=28 -> j=0:0.010, j=1:0.012, j=2:0.071, j=3:0.037, j=4:0.009, j=5:0.006, j=6:0.008, j=7:0.008, j=8:0.005, j=9:0.011, j=10:0.026, j=11:0.012, j=12:0.004, j=13:0.006, j=14:0.009, j=15:0.008, j=16:0.005, j=17:0.016, j=18:0.006, j=19:0.004, j=20:0.009, j=21:0.008, j=22:0.008, j=23:0.005, j=24:0.004, j=25:0.014, j=26:0.247, j=27:0.199, j=28:0.235
      i=29 -> j=0:0.026, j=1:0.019, j=2:0.053, j=3:0.062, j=4:0.030, j=5:0.030, j=6:0.024, j=7:0.018, j=8:0.011, j=9:0.017, j=10:0.059, j=11:0.041, j=12:0.014, j=13:0.015, j=14:0.017, j=15:0.015, j=16:0.013, j=17:0.035, j=18:0.017, j=19:0.010, j=20:0.015, j=21:0.014, j=22:0.016, j=23:0.013, j=24:0.008, j=25:0.014, j=26:0.085, j=27:0.108, j=28:0.121, j=29:0.082
      i=30 -> j=0:0.029, j=1:0.015, j=2:0.033, j=3:0.051, j=4:0.021, j=5:0.046, j=6:0.030, j=7:0.013, j=8:0.006, j=9:0.010, j=10:0.071, j=11:0.062, j=12:0.016, j=13:0.021, j=14:0.018, j=15:0.011, j=16:0.010, j=17:0.050, j=18:0.019, j=19:0.008, j=20:0.013, j=21:0.010, j=22:0.014, j=23:0.013, j=24:0.008, j=25:0.013, j=26:0.042, j=27:0.045, j=28:0.058, j=29:0.047, j=30:0.196
      i=31 -> j=0:0.039, j=1:0.023, j=2:0.017, j=3:0.020, j=4:0.011, j=5:0.052, j=6:0.050, j=7:0.015, j=8:0.009, j=9:0.010, j=10:0.032, j=11:0.043, j=12:0.018, j=13:0.030, j=14:0.023, j=15:0.011, j=16:0.009, j=17:0.037, j=18:0.021, j=19:0.012, j=20:0.015, j=21:0.009, j=22:0.011, j=23:0.013, j=24:0.012, j=25:0.022, j=26:0.024, j=27:0.016, j=28:0.019, j=29:0.020, j=30:0.136, j=31:0.221
    Average attention per distance:
      d=0:0.370, d=1:0.270, d=2:0.129, d=3:0.046, d=4:0.017, d=5:0.014, d=6:0.016, d=7:0.018
      d=8:0.015, d=9:0.010, d=11:0.010, d=12:0.014, d=13:0.017, d=14:0.014, d=17:0.014, d=18:0.021
      d=19:0.029, d=20:0.024, d=21:0.013, d=23:0.013, d=24:0.026, d=25:0.048, d=26:0.045, d=27:0.028
      d=28:0.020, d=29:0.019, d=30:0.026, d=31:0.039

