=== Experiment: mixed_basic_d256l2r8h4_P127_N2_e0.7_seed12345 ===
Time: 2026-07-24T07:38:27.153809
Task type: mixed_ab
GPU: cuda:1

=== Merged Config ===
--------------------------------------------------
Network Config
--------------------------------------------------
D_MODEL                   256
N_HEAD                    4
N_LAYER                   2
MLP_RATIO                 8
DROPOUT                   0.0
USE_LEARNABLE_PE          False
--------------------------------------------------
Dataset Config
--------------------------------------------------
P                         127
TASK                      mixed_ab
TRAIN_LEN                 16
OOD_LEN                   32
MAX_UNIQUE_RATIO          0.7
MIXED_AB_MAX_UNIQUE_RATIOS [0.7, 0.7]
AB_PAIRS                  [[1, 1], [1, 2]]
A                         1
B                         1
NUM_MASK                  2
--------------------------------------------------
Training Config
--------------------------------------------------
OPTIMIZER                 AdamW
SCHEDULER                 CosineAnnealingLR(T_max=EPOCHS)
BATCH_SIZE                512
LR                        0.0003
WEIGHT_DECAY              1
EPOCHS                    6000
RANDOM_SEED               12345
FIRST_TASK_WEIGHT         1.0
ENTROPY_PENALTY_WEIGHT    0.0
EVAL_INTERVAL             20
EARLY_STOP_ACCURACY       0.99
EARLY_STOP_NO_IMPROVE     3000
USE_GREEDY_GENERATE       True
--------------------------------------------------

--- output ---
Using device: cuda

[Memory] start: device=cuda | CPU RSS=388.9MB | GPU alloc=0.0MB reserved=0.0MB
[Dataset] Mixed mode: generated 22580 + 9678 samples, length 16
AB parameter pairs: [(1, 1), (1, 2)]
  - AB=(1,1): train 11290 | test 4839 | exposed ~70.0%
  - AB=(1,2): train 11290 | test 4839 | exposed ~70.0%
--------------------------------------------------
[Model config] block_size: 32, train length: 16
[Number theory] AB parameter pairs: [(1, 1), (1, 2)]

[Memory] after dataset: device=cuda | CPU RSS=452.5MB | GPU alloc=0.0MB reserved=0.0MB

Random sample (index 17038): [68, 48, 57, 26, 13, 65, 91, 94, 22, 83, 0, 39, 39, 117, 68, 48]
Model parameters: 2.70M
[Memory check] Estimated required: 1.5 GB, available: 44.4 GB / total: 44.4 GB
[Memory] after model init: device=cuda | CPU RSS=536.7MB | GPU alloc=10.3MB reserved=24.0MB

Start training...
Epoch   0 | Train: Loss=5.1426 Acc=1.9% | Test: Acc=0.4% | Best=0.4%(@0)
  from x3: 0.00 0.00 0.00 0.00 0.00 0.00 0.00 0.00 0.00 0.00 0.00 0.02 0.01
  per-rule acc: 0.00 0.01
Epoch  20 | Train: Loss=0.1249 Acc=99.5% | Test: Acc=1.4% | Best=1.4%(@20)
  from x3: 0.01 0.01 0.02 0.02 0.01 0.01 0.01 0.01 0.01 0.01 0.01 0.02 0.01
  per-rule acc: 0.01 0.01
Epoch  40 | Train: Loss=0.0504 Acc=99.9% | Test: Acc=1.7% | Best=1.7%(@40)
  from x3: 0.01 0.02 0.02 0.02 0.02 0.02 0.02 0.02 0.02 0.02 0.02 0.02 0.02
  per-rule acc: 0.02 0.02
Epoch  60 | Train: Loss=0.0422 Acc=99.9% | Test: Acc=2.7% | Best=2.7%(@60)
  from x3: 0.02 0.03 0.03 0.03 0.03 0.03 0.03 0.03 0.03 0.03 0.03 0.03 0.03
  per-rule acc: 0.03 0.02
Epoch  80 | Train: Loss=0.0390 Acc=99.8% | Test: Acc=7.6% | Best=7.6%(@80)
  from x3: 0.07 0.08 0.08 0.08 0.08 0.08 0.08 0.08 0.08 0.08 0.08 0.08 0.08
  per-rule acc: 0.10 0.05
Epoch 100 | Train: Loss=0.0245 Acc=99.9% | Test: Acc=44.9% | Best=44.9%(@100)
  from x3: 0.42 0.46 0.45 0.45 0.45 0.45 0.45 0.45 0.45 0.45 0.45 0.45 0.45
  per-rule acc: 0.57 0.33
Epoch 120 | Train: Loss=0.0098 Acc=99.9% | Test: Acc=86.2% | Best=86.2%(@120)
  from x3: 0.82 0.87 0.87 0.87 0.87 0.87 0.86 0.87 0.87 0.87 0.87 0.87 0.87
  per-rule acc: 0.90 0.82
Epoch 140 | Train: Loss=0.0086 Acc=99.9% | Test: Acc=97.1% | Best=97.1%(@140)
  from x3: 0.95 0.97 0.97 0.97 0.97 0.97 0.97 0.97 0.97 0.97 0.97 0.97 0.97
  per-rule acc: 0.98 0.96
Epoch 160 | Train: Loss=0.0117 Acc=99.9% | Test: Acc=97.9% | Best=97.9%(@160)
  from x3: 0.96 0.98 0.98 0.98 0.98 0.98 0.98 0.98 0.98 0.98 0.98 0.98 0.98
  per-rule acc: 0.98 0.98
Epoch 180 | Train: Loss=0.0068 Acc=99.9% | Test: Acc=98.8% | Best=98.8%(@180)
  from x3: 0.97 0.99 0.99 0.99 0.99 0.99 0.99 0.99 0.99 0.99 0.99 0.99 0.99
  per-rule acc: 0.99 0.99
Epoch 200 | Train: Loss=0.0051 Acc=100.0% | Test: Acc=99.4% | Best=99.4%(@200)
  from x3: 0.99 0.99 0.99 0.99 0.99 0.99 0.99 0.99 0.99 0.99 0.99 0.99 0.99
  per-rule acc: 0.99 0.99
[Early stop] Epoch 200: test set reached high accuracy, continuing 200 extra epochs
Epoch 220 | Train: Loss=0.0044 Acc=100.0% | Test: Acc=99.5% | Best=99.5%(@220)
  from x3: 0.99 1.00 1.00 1.00 1.00 1.00 1.00 1.00 1.00 1.00 1.00 1.00 1.00
  per-rule acc: 1.00 0.99
Epoch 240 | Train: Loss=0.0054 Acc=99.9% | Test: Acc=99.6% | Best=99.6%(@240)
  from x3: 0.99 1.00 1.00 1.00 1.00 1.00 1.00 1.00 1.00 1.00 1.00 1.00 1.00
  per-rule acc: 1.00 1.00
Epoch 260 | Train: Loss=0.0082 Acc=100.0% | Test: Acc=99.5% | Best=99.6%(@240)
  from x3: 0.99 1.00 1.00 1.00 1.00 1.00 1.00 1.00 1.00 1.00 1.00 1.00 1.00
  per-rule acc: 1.00 0.99
Epoch 280 | Train: Loss=0.0066 Acc=99.9% | Test: Acc=99.3% | Best=99.6%(@240)
  from x3: 0.98 0.99 0.99 0.99 0.99 0.99 0.99 0.99 0.99 0.99 0.99 0.99 0.99
  per-rule acc: 0.99 0.99
Epoch 300 | Train: Loss=0.0051 Acc=99.9% | Test: Acc=99.4% | Best=99.6%(@240)
  from x3: 0.99 0.99 0.99 0.99 0.99 0.99 0.99 0.99 0.99 0.99 0.99 0.99 0.99
  per-rule acc: 0.99 0.99
Epoch 320 | Train: Loss=0.0058 Acc=100.0% | Test: Acc=99.6% | Best=99.6%(@320)
  from x3: 0.99 1.00 1.00 1.00 1.00 1.00 1.00 1.00 1.00 1.00 1.00 1.00 1.00
  per-rule acc: 1.00 1.00
Epoch 340 | Train: Loss=0.0082 Acc=99.9% | Test: Acc=99.2% | Best=99.6%(@320)
  from x3: 0.97 0.99 0.99 0.99 0.99 0.99 0.99 0.99 0.99 0.99 0.99 0.99 0.99
  per-rule acc: 0.99 0.99
Epoch 360 | Train: Loss=0.0080 Acc=99.9% | Test: Acc=99.4% | Best=99.6%(@320)
  from x3: 0.98 0.99 0.99 1.00 1.00 1.00 1.00 1.00 1.00 1.00 1.00 1.00 1.00
  per-rule acc: 1.00 0.99
Epoch 380 | Train: Loss=0.0085 Acc=99.9% | Test: Acc=99.5% | Best=99.6%(@320)
  from x3: 0.99 1.00 1.00 1.00 1.00 1.00 1.00 1.00 1.00 1.00 1.00 1.00 1.00
  per-rule acc: 1.00 0.99
Epoch 400 | Train: Loss=0.0044 Acc=100.0% | Test: Acc=99.7% | Best=99.7%(@400)
  from x3: 0.99 1.00 1.00 1.00 1.00 1.00 1.00 1.00 1.00 1.00 1.00 1.00 1.00
  per-rule acc: 1.00 1.00
[Early stop] Epoch 400: finished 200 extra epochs after reaching high accuracy

==================================================
Saving model...
Training epochs: 400
[OK] Model saved to: /mnt/workspace/hujiachen/models/mixed_ab_basic_bigP/mixed_basic_d256l2r8h4_P127_N2_e0.7_seed12345.pth
  File size: 10556.3 KB
  Best test accuracy: 99.71%
[Memory] after training: device=cuda | CPU RSS=1201.1MB | GPU alloc=57.4MB reserved=648.0MB

==================================================
Final generation test (batched teacher forcing, validate from position 3)
==================================================

--- AB pair 1: (1, 1) ---

--- Statistics for AB=(1,1) ---
Exposed    samples: 11290 | In-dist: 146729/146770 (100.0%) | OOD: 180362/180640 ( 99.8%)
Unexposed  samples:  4839 | In-dist: 62720/62907 ( 99.7%) | OOD: 76989/77424 ( 99.4%)

--- Per-position accuracy for AB=(1,1) ---
  Position   3: Exposed-ID: 11249/11290 ( 99.6%) | Unexposed-ID: 4797/4839 ( 99.1%)
  Position   4: Exposed-ID: 11290/11290 (100.0%) | Unexposed-ID: 4825/4839 ( 99.7%)
  Position   5: Exposed-ID: 11290/11290 (100.0%) | Unexposed-ID: 4825/4839 ( 99.7%)
  Position   6: Exposed-ID: 11290/11290 (100.0%) | Unexposed-ID: 4825/4839 ( 99.7%)
  Position   7: Exposed-ID: 11290/11290 (100.0%) | Unexposed-ID: 4826/4839 ( 99.7%)
  Position   8: Exposed-ID: 11290/11290 (100.0%) | Unexposed-ID: 4826/4839 ( 99.7%)
  Position   9: Exposed-ID: 11290/11290 (100.0%) | Unexposed-ID: 4826/4839 ( 99.7%)
  Position  10: Exposed-ID: 11290/11290 (100.0%) | Unexposed-ID: 4828/4839 ( 99.8%)
  Position  11: Exposed-ID: 11290/11290 (100.0%) | Unexposed-ID: 4828/4839 ( 99.8%)
  Position  12: Exposed-ID: 11290/11290 (100.0%) | Unexposed-ID: 4828/4839 ( 99.8%)
  Position  13: Exposed-ID: 11290/11290 (100.0%) | Unexposed-ID: 4829/4839 ( 99.8%)
  Position  14: Exposed-ID: 11290/11290 (100.0%) | Unexposed-ID: 4829/4839 ( 99.8%)
  Position  15: Exposed-ID: 11290/11290 (100.0%) | Unexposed-ID: 4828/4839 ( 99.8%)
  Position  16: Exposed-OOD: 11290/11290 (100.0%) | Unexposed-OOD: 4827/4839 ( 99.8%)
  Position  17: Exposed-OOD: 11290/11290 (100.0%) | Unexposed-OOD: 4827/4839 ( 99.8%)
  Position  18: Exposed-OOD: 11290/11290 (100.0%) | Unexposed-OOD: 4827/4839 ( 99.8%)
  Position  19: Exposed-OOD: 11290/11290 (100.0%) | Unexposed-OOD: 4827/4839 ( 99.8%)
  Position  20: Exposed-OOD: 11290/11290 (100.0%) | Unexposed-OOD: 4827/4839 ( 99.8%)
  Position  21: Exposed-OOD: 11290/11290 (100.0%) | Unexposed-OOD: 4828/4839 ( 99.8%)
  Position  22: Exposed-OOD: 11290/11290 (100.0%) | Unexposed-OOD: 4829/4839 ( 99.8%)
  Position  23: Exposed-OOD: 11290/11290 (100.0%) | Unexposed-OOD: 4828/4839 ( 99.8%)
  Position  24: Exposed-OOD: 11290/11290 (100.0%) | Unexposed-OOD: 4829/4839 ( 99.8%)
  Position  25: Exposed-OOD: 11290/11290 (100.0%) | Unexposed-OOD: 4828/4839 ( 99.8%)
  Position  26: Exposed-OOD: 11290/11290 (100.0%) | Unexposed-OOD: 4828/4839 ( 99.8%)
  Position  27: Exposed-OOD: 11289/11290 (100.0%) | Unexposed-OOD: 4825/4839 ( 99.7%)
  Position  28: Exposed-OOD: 11285/11290 (100.0%) | Unexposed-OOD: 4818/4839 ( 99.6%)
  Position  29: Exposed-OOD: 11286/11290 (100.0%) | Unexposed-OOD: 4814/4839 ( 99.5%)
  Position  30: Exposed-OOD: 11285/11290 (100.0%) | Unexposed-OOD: 4817/4839 ( 99.5%)
  Position  31: Exposed-OOD: 11027/11290 ( 97.7%) | Unexposed-OOD: 4610/4839 ( 95.3%)

--- AB pair 2: (1, 2) ---

--- Statistics for AB=(1,2) ---
Exposed    samples: 11290 | In-dist: 146737/146770 (100.0%) | OOD: 180265/180640 ( 99.8%)
Unexposed  samples:  4839 | In-dist: 62733/62907 ( 99.7%) | OOD: 76789/77424 ( 99.2%)

--- Per-position accuracy for AB=(1,2) ---
  Position   3: Exposed-ID: 11257/11290 ( 99.7%) | Unexposed-ID: 4773/4839 ( 98.6%)
  Position   4: Exposed-ID: 11290/11290 (100.0%) | Unexposed-ID: 4827/4839 ( 99.8%)
  Position   5: Exposed-ID: 11290/11290 (100.0%) | Unexposed-ID: 4828/4839 ( 99.8%)
  Position   6: Exposed-ID: 11290/11290 (100.0%) | Unexposed-ID: 4830/4839 ( 99.8%)
  Position   7: Exposed-ID: 11290/11290 (100.0%) | Unexposed-ID: 4830/4839 ( 99.8%)
  Position   8: Exposed-ID: 11290/11290 (100.0%) | Unexposed-ID: 4830/4839 ( 99.8%)
  Position   9: Exposed-ID: 11290/11290 (100.0%) | Unexposed-ID: 4830/4839 ( 99.8%)
  Position  10: Exposed-ID: 11290/11290 (100.0%) | Unexposed-ID: 4830/4839 ( 99.8%)
  Position  11: Exposed-ID: 11290/11290 (100.0%) | Unexposed-ID: 4831/4839 ( 99.8%)
  Position  12: Exposed-ID: 11290/11290 (100.0%) | Unexposed-ID: 4831/4839 ( 99.8%)
  Position  13: Exposed-ID: 11290/11290 (100.0%) | Unexposed-ID: 4831/4839 ( 99.8%)
  Position  14: Exposed-ID: 11290/11290 (100.0%) | Unexposed-ID: 4831/4839 ( 99.8%)
  Position  15: Exposed-ID: 11290/11290 (100.0%) | Unexposed-ID: 4831/4839 ( 99.8%)
  Position  16: Exposed-OOD: 11290/11290 (100.0%) | Unexposed-OOD: 4831/4839 ( 99.8%)
  Position  17: Exposed-OOD: 11290/11290 (100.0%) | Unexposed-OOD: 4830/4839 ( 99.8%)
  Position  18: Exposed-OOD: 11290/11290 (100.0%) | Unexposed-OOD: 4831/4839 ( 99.8%)
  Position  19: Exposed-OOD: 11290/11290 (100.0%) | Unexposed-OOD: 4831/4839 ( 99.8%)
  Position  20: Exposed-OOD: 11290/11290 (100.0%) | Unexposed-OOD: 4830/4839 ( 99.8%)
  Position  21: Exposed-OOD: 11290/11290 (100.0%) | Unexposed-OOD: 4830/4839 ( 99.8%)
  Position  22: Exposed-OOD: 11290/11290 (100.0%) | Unexposed-OOD: 4829/4839 ( 99.8%)
  Position  23: Exposed-OOD: 11290/11290 (100.0%) | Unexposed-OOD: 4828/4839 ( 99.8%)
  Position  24: Exposed-OOD: 11290/11290 (100.0%) | Unexposed-OOD: 4827/4839 ( 99.8%)
  Position  25: Exposed-OOD: 11290/11290 (100.0%) | Unexposed-OOD: 4821/4839 ( 99.6%)
  Position  26: Exposed-OOD: 11289/11290 (100.0%) | Unexposed-OOD: 4815/4839 ( 99.5%)
  Position  27: Exposed-OOD: 11282/11290 ( 99.9%) | Unexposed-OOD: 4799/4839 ( 99.2%)
  Position  28: Exposed-OOD: 11281/11290 ( 99.9%) | Unexposed-OOD: 4791/4839 ( 99.0%)
  Position  29: Exposed-OOD: 11279/11290 ( 99.9%) | Unexposed-OOD: 4781/4839 ( 98.8%)
  Position  30: Exposed-OOD: 11278/11290 ( 99.9%) | Unexposed-OOD: 4781/4839 ( 98.8%)
  Position  31: Exposed-OOD: 10956/11290 ( 97.0%) | Unexposed-OOD: 4534/4839 ( 93.7%)
[Memory] after final test: device=cuda | CPU RSS=1273.2MB | GPU alloc=81.7MB reserved=1256.0MB

--- Return code: 0 ---

======================================================================
Attention Analysis
======================================================================
Model config: addition (default), p=127
Best test accuracy: 0.997130684979414
Training epochs: 400

Random test sequence (length 32): [46, 103, 22, 125, 20, 18, 38, 56, 94, 23, 117, 13, 3, 16, 19, 35, 54, 89, 16, 105]...

======================================================================
Attention Layer Training Result Summary
======================================================================
Input sequence: [46, 103, 22, 125, 20, 18, 38, 56, 94, 23, 117, 13, 3, 16, 19, 35, 54, 89, 16, 105, 121, 99, 93, 65, 31, 96, 0, 96, 96, 65, 34, 99]

--- Layer 0 ---
  Head 0: Entropy=1.212
    Attention coefficients from each query position to previous positions:
      i= 0 -> j=0:1.000
      i= 1 -> j=0:0.942, j=1:0.058
      i= 2 -> j=0:0.700, j=1:0.291, j=2:0.009
      i= 3 -> j=0:0.130, j=1:0.732, j=2:0.132, j=3:0.006
      i= 4 -> j=0:0.005, j=1:0.141, j=2:0.637, j=3:0.209, j=4:0.008
      i= 5 -> j=0:0.000, j=1:0.004, j=2:0.124, j=3:0.714, j=4:0.146, j=5:0.012
      i= 6 -> j=0:0.000, j=1:0.000, j=2:0.006, j=3:0.164, j=4:0.615, j=5:0.206, j=6:0.009
      i= 7 -> j=0:0.001, j=1:0.000, j=2:0.001, j=3:0.011, j=4:0.160, j=5:0.555, j=6:0.265, j=7:0.008
      i= 8 -> j=0:0.004, j=1:0.001, j=2:0.000, j=3:0.000, j=4:0.005, j=5:0.097, j=6:0.754, j=7:0.132, j=8:0.006
      i= 9 -> j=0:0.007, j=1:0.005, j=2:0.001, j=3:0.000, j=4:0.000, j=5:0.004, j=6:0.184, j=7:0.594, j=8:0.194, j=9:0.011
      i=10 -> j=0:0.003, j=1:0.006, j=2:0.004, j=3:0.001, j=4:0.000, j=5:0.000, j=6:0.004, j=7:0.146, j=8:0.643, j=9:0.184, j=10:0.009
      i=11 -> j=0:0.001, j=1:0.002, j=2:0.006, j=3:0.004, j=4:0.001, j=5:0.000, j=6:0.000, j=7:0.005, j=8:0.142, j=9:0.613, j=10:0.219, j=11:0.006
      i=12 -> j=0:0.001, j=1:0.001, j=2:0.003, j=3:0.006, j=4:0.004, j=5:0.001, j=6:0.000, j=7:0.001, j=8:0.010, j=9:0.147, j=10:0.688, j=11:0.135, j=12:0.003
      i=13 -> j=0:0.002, j=1:0.001, j=2:0.001, j=3:0.003, j=4:0.007, j=5:0.004, j=6:0.001, j=7:0.000, j=8:0.000, j=9:0.006, j=10:0.161, j=11:0.691, j=12:0.113, j=13:0.010
      i=14 -> j=0:0.007, j=1:0.003, j=2:0.001, j=3:0.001, j=4:0.003, j=5:0.007, j=6:0.005, j=7:0.001, j=8:0.000, j=9:0.000, j=10:0.005, j=11:0.164, j=12:0.541, j=13:0.253, j=14:0.009
      i=15 -> j=0:0.006, j=1:0.006, j=2:0.002, j=3:0.001, j=4:0.001, j=5:0.002, j=6:0.006, j=7:0.004, j=8:0.001, j=9:0.000, j=10:0.000, j=11:0.005, j=12:0.137, j=13:0.667, j=14:0.155, j=15:0.009
      i=16 -> j=0:0.002, j=1:0.005, j=2:0.005, j=3:0.002, j=4:0.001, j=5:0.001, j=6:0.002, j=7:0.005, j=8:0.003, j=9:0.001, j=10:0.000, j=11:0.000, j=12:0.005, j=13:0.105, j=14:0.638, j=15:0.218, j=16:0.007
      i=17 -> j=0:0.001, j=1:0.002, j=2:0.006, j=3:0.005, j=4:0.002, j=5:0.001, j=6:0.001, j=7:0.002, j=8:0.005, j=9:0.004, j=10:0.001, j=11:0.000, j=12:0.000, j=13:0.004, j=14:0.145, j=15:0.645, j=16:0.169, j=17:0.008
      i=18 -> j=0:0.001, j=1:0.001, j=2:0.002, j=3:0.005, j=4:0.006, j=5:0.002, j=6:0.001, j=7:0.001, j=8:0.002, j=9:0.006, j=10:0.004, j=11:0.001, j=12:0.000, j=13:0.000, j=14:0.005, j=15:0.099, j=16:0.655, j=17:0.201, j=18:0.009
      i=19 -> j=0:0.006, j=1:0.002, j=2:0.001, j=3:0.002, j=4:0.005, j=5:0.005, j=6:0.002, j=7:0.001, j=8:0.001, j=9:0.002, j=10:0.006, j=11:0.003, j=12:0.000, j=13:0.000, j=14:0.000, j=15:0.004, j=16:0.125, j=17:0.643, j=18:0.183, j=19:0.007
      i=20 -> j=0:0.024, j=1:0.009, j=2:0.002, j=3:0.002, j=4:0.003, j=5:0.007, j=6:0.006, j=7:0.003, j=8:0.001, j=9:0.001, j=10:0.003, j=11:0.007, j=12:0.004, j=13:0.001, j=14:0.000, j=15:0.001, j=16:0.007, j=17:0.159, j=18:0.601, j=19:0.152, j=20:0.006
      i=21 -> j=0:0.019, j=1:0.030, j=2:0.008, j=3:0.002, j=4:0.001, j=5:0.003, j=6:0.007, j=7:0.006, j=8:0.003, j=9:0.001, j=10:0.001, j=11:0.003, j=12:0.006, j=13:0.005, j=14:0.001, j=15:0.000, j=16:0.000, j=17:0.005, j=18:0.119, j=19:0.652, j=20:0.120, j=21:0.008
      i=22 -> j=0:0.004, j=1:0.022, j=2:0.030, j=3:0.009, j=4:0.002, j=5:0.002, j=6:0.003, j=7:0.008, j=8:0.008, j=9:0.003, j=10:0.001, j=11:0.001, j=12:0.003, j=13:0.008, j=14:0.005, j=15:0.001, j=16:0.000, j=17:0.000, j=18:0.005, j=19:0.160, j=20:0.587, j=21:0.132, j=22:0.006
      i=23 -> j=0:0.001, j=1:0.006, j=2:0.032, j=3:0.042, j=4:0.013, j=5:0.005, j=6:0.003, j=7:0.005, j=8:0.012, j=9:0.011, j=10:0.005, j=11:0.002, j=12:0.002, j=13:0.005, j=14:0.012, j=15:0.008, j=16:0.002, j=17:0.001, j=18:0.001, j=19:0.011, j=20:0.173, j=21:0.477, j=22:0.161, j=23:0.010
      i=24 -> j=0:0.001, j=1:0.001, j=2:0.006, j=3:0.032, j=4:0.038, j=5:0.016, j=6:0.004, j=7:0.002, j=8:0.006, j=9:0.011, j=10:0.011, j=11:0.004, j=12:0.002, j=13:0.002, j=14:0.005, j=15:0.011, j=16:0.008, j=17:0.002, j=18:0.000, j=19:0.001, j=20:0.011, j=21:0.127, j=22:0.560, j=23:0.133, j=24:0.008
      i=25 -> j=0:0.003, j=1:0.001, j=2:0.001, j=3:0.005, j=4:0.028, j=5:0.042, j=6:0.014, j=7:0.003, j=8:0.002, j=9:0.005, j=10:0.011, j=11:0.010, j=12:0.003, j=13:0.002, j=14:0.002, j=15:0.004, j=16:0.011, j=17:0.007, j=18:0.002, j=19:0.000, j=20:0.001, j=21:0.008, j=22:0.162, j=23:0.543, j=24:0.122, j=25:0.009
      i=26 -> j=0:0.038, j=1:0.005, j=2:0.001, j=3:0.001, j=4:0.006, j=5:0.027, j=6:0.048, j=7:0.013, j=8:0.004, j=9:0.003, j=10:0.005, j=11:0.010, j=12:0.010, j=13:0.004, j=14:0.002, j=15:0.002, j=16:0.005, j=17:0.011, j=18:0.008, j=19:0.002, j=20:0.000, j=21:0.001, j=22:0.007, j=23:0.135, j=24:0.448, j=25:0.201, j=26:0.006
      i=27 -> j=0:0.096, j=1:0.037, j=2:0.003, j=3:0.001, j=4:0.001, j=5:0.004, j=6:0.028, j=7:0.033, j=8:0.012, j=9:0.003, j=10:0.002, j=11:0.004, j=12:0.009, j=13:0.009, j=14:0.004, j=15:0.001, j=16:0.002, j=17:0.004, j=18:0.010, j=19:0.006, j=20:0.001, j=21:0.000, j=22:0.001, j=23:0.009, j=24:0.139, j=25:0.509, j=26:0.064, j=27:0.008
      i=28 -> j=0:0.039, j=1:0.125, j=2:0.034, j=3:0.003, j=4:0.001, j=5:0.001, j=6:0.005, j=7:0.030, j=8:0.041, j=9:0.013, j=10:0.004, j=11:0.002, j=12:0.004, j=13:0.010, j=14:0.010, j=15:0.004, j=16:0.002, j=17:0.002, j=18:0.004, j=19:0.011, j=20:0.006, j=21:0.001, j=22:0.000, j=23:0.001, j=24:0.009, j=25:0.152, j=26:0.324, j=27:0.154, j=28:0.009
      i=29 -> j=0:0.003, j=1:0.032, j=2:0.089, j=3:0.032, j=4:0.003, j=5:0.001, j=6:0.001, j=7:0.005, j=8:0.028, j=9:0.035, j=10:0.014, j=11:0.003, j=12:0.002, j=13:0.004, j=14:0.010, j=15:0.010, j=16:0.004, j=17:0.002, j=18:0.002, j=19:0.005, j=20:0.010, j=21:0.006, j=22:0.001, j=23:0.000, j=24:0.001, j=25:0.008, j=26:0.103, j=27:0.435, j=28:0.142, j=29:0.009
      i=30 -> j=0:0.000, j=1:0.002, j=2:0.030, j=3:0.090, j=4:0.024, j=5:0.003, j=6:0.000, j=7:0.001, j=8:0.004, j=9:0.023, j=10:0.035, j=11:0.009, j=12:0.002, j=13:0.001, j=14:0.003, j=15:0.007, j=16:0.008, j=17:0.003, j=18:0.001, j=19:0.001, j=20:0.003, j=21:0.007, j=22:0.004, j=23:0.001, j=24:0.000, j=25:0.000, j=26:0.007, j=27:0.124, j=28:0.486, j=29:0.114, j=30:0.006
      i=31 -> j=0:0.000, j=1:0.000, j=2:0.002, j=3:0.031, j=4:0.087, j=5:0.032, j=6:0.002, j=7:0.000, j=8:0.001, j=9:0.004, j=10:0.024, j=11:0.033, j=12:0.007, j=13:0.002, j=14:0.002, j=15:0.003, j=16:0.008, j=17:0.007, j=18:0.003, j=19:0.001, j=20:0.001, j=21:0.004, j=22:0.007, j=23:0.005, j=24:0.001, j=25:0.000, j=26:0.000, j=27:0.005, j=28:0.115, j=29:0.470, j=30:0.130, j=31:0.009
    Average attention per distance:
      d=0:0.040, d=1:0.193, d=2:0.594, d=3:0.139, d=19:0.011, d=20:0.036, d=21:0.027, d=26:0.033
      d=27:0.097, d=28:0.033
  Head 1: Entropy=0.276
    Attention coefficients from each query position to previous positions:
      i= 0 -> j=0:1.000
      i= 1 -> j=0:0.007, j=1:0.993
      i= 2 -> j=0:0.000, j=1:0.004, j=2:0.996
      i= 3 -> j=0:0.000, j=1:0.000, j=2:0.005, j=3:0.995
      i= 4 -> j=0:0.000, j=1:0.000, j=2:0.000, j=3:0.006, j=4:0.994
      i= 5 -> j=0:0.000, j=1:0.000, j=2:0.000, j=3:0.000, j=4:0.003, j=5:0.997
      i= 6 -> j=0:0.000, j=1:0.000, j=2:0.000, j=3:0.000, j=4:0.000, j=5:0.004, j=6:0.994
      i= 7 -> j=0:0.000, j=1:0.001, j=2:0.001, j=3:0.000, j=4:0.000, j=5:0.000, j=6:0.007, j=7:0.990
      i= 8 -> j=0:0.000, j=1:0.000, j=2:0.001, j=3:0.000, j=4:0.000, j=5:0.000, j=6:0.000, j=7:0.006, j=8:0.992
      i= 9 -> j=0:0.000, j=1:0.000, j=2:0.000, j=3:0.001, j=4:0.000, j=5:0.000, j=6:0.000, j=7:0.000, j=8:0.004, j=9:0.994
      i=10 -> j=0:0.000, j=1:0.000, j=2:0.000, j=3:0.000, j=4:0.000, j=5:0.000, j=6:0.000, j=7:0.000, j=8:0.000, j=9:0.006, j=10:0.993
      i=11 -> j=0:0.001, j=1:0.000, j=2:0.000, j=3:0.000, j=4:0.000, j=5:0.001, j=6:0.001, j=7:0.000, j=8:0.000, j=9:0.000, j=10:0.008, j=11:0.989
      i=12 -> j=0:0.001, j=1:0.001, j=2:0.000, j=3:0.000, j=4:0.000, j=5:0.000, j=6:0.001, j=7:0.001, j=8:0.000, j=9:0.000, j=10:0.000, j=11:0.008, j=12:0.987
      i=13 -> j=0:0.000, j=1:0.000, j=2:0.000, j=3:0.000, j=4:0.000, j=5:0.000, j=6:0.000, j=7:0.000, j=8:0.000, j=9:0.000, j=10:0.000, j=11:0.000, j=12:0.005, j=13:0.993
      i=14 -> j=0:0.000, j=1:0.000, j=2:0.000, j=3:0.000, j=4:0.000, j=5:0.000, j=6:0.000, j=7:0.000, j=8:0.000, j=9:0.000, j=10:0.000, j=11:0.000, j=12:0.000, j=13:0.006, j=14:0.991
      i=15 -> j=0:0.000, j=1:0.000, j=2:0.000, j=3:0.000, j=4:0.000, j=5:0.000, j=6:0.000, j=7:0.000, j=8:0.000, j=9:0.000, j=10:0.000, j=11:0.000, j=12:0.000, j=13:0.000, j=14:0.005, j=15:0.992
      i=16 -> j=0:0.002, j=1:0.000, j=2:0.000, j=3:0.000, j=4:0.000, j=5:0.000, j=6:0.000, j=7:0.000, j=8:0.000, j=9:0.000, j=10:0.000, j=11:0.000, j=12:0.000, j=13:0.000, j=14:0.000, j=15:0.004, j=16:0.992
      i=17 -> j=0:0.004, j=1:0.001, j=2:0.000, j=3:0.000, j=4:0.000, j=5:0.000, j=6:0.000, j=7:0.000, j=8:0.000, j=9:0.000, j=10:0.000, j=11:0.000, j=12:0.000, j=13:0.000, j=14:0.000, j=15:0.000, j=16:0.004, j=17:0.989
      i=18 -> j=0:0.001, j=1:0.003, j=2:0.001, j=3:0.000, j=4:0.000, j=5:0.000, j=6:0.000, j=7:0.000, j=8:0.000, j=9:0.000, j=10:0.000, j=11:0.000, j=12:0.000, j=13:0.000, j=14:0.000, j=15:0.000, j=16:0.000, j=17:0.005, j=18:0.988
      i=19 -> j=0:0.000, j=1:0.003, j=2:0.005, j=3:0.002, j=4:0.000, j=5:0.000, j=6:0.000, j=7:0.000, j=8:0.001, j=9:0.000, j=10:0.000, j=11:0.000, j=12:0.000, j=13:0.000, j=14:0.000, j=15:0.000, j=16:0.000, j=17:0.000, j=18:0.008, j=19:0.979
      i=20 -> j=0:0.000, j=1:0.001, j=2:0.004, j=3:0.008, j=4:0.003, j=5:0.000, j=6:0.000, j=7:0.000, j=8:0.001, j=9:0.001, j=10:0.000, j=11:0.000, j=12:0.000, j=13:0.000, j=14:0.001, j=15:0.001, j=16:0.000, j=17:0.000, j=18:0.000, j=19:0.009, j=20:0.971
      i=21 -> j=0:0.000, j=1:0.000, j=2:0.000, j=3:0.003, j=4:0.005, j=5:0.002, j=6:0.000, j=7:0.000, j=8:0.000, j=9:0.000, j=10:0.000, j=11:0.000, j=12:0.000, j=13:0.000, j=14:0.000, j=15:0.001, j=16:0.000, j=17:0.000, j=18:0.000, j=19:0.000, j=20:0.004, j=21:0.982
      i=22 -> j=0:0.002, j=1:0.000, j=2:0.000, j=3:0.000, j=4:0.002, j=5:0.003, j=6:0.001, j=7:0.000, j=8:0.000, j=9:0.000, j=10:0.000, j=11:0.000, j=12:0.000, j=13:0.000, j=14:0.000, j=15:0.000, j=16:0.000, j=17:0.000, j=18:0.000, j=19:0.000, j=20:0.000, j=21:0.006, j=22:0.984
      i=23 -> j=0:0.045, j=1:0.005, j=2:0.000, j=3:0.000, j=4:0.001, j=5:0.004, j=6:0.008, j=7:0.003, j=8:0.001, j=9:0.000, j=10:0.000, j=11:0.001, j=12:0.001, j=13:0.000, j=14:0.000, j=15:0.000, j=16:0.000, j=17:0.001, j=18:0.001, j=19:0.000, j=20:0.000, j=21:0.000, j=22:0.011, j=23:0.915
      i=24 -> j=0:0.044, j=1:0.029, j=2:0.003, j=3:0.000, j=4:0.000, j=5:0.000, j=6:0.003, j=7:0.005, j=8:0.002, j=9:0.000, j=10:0.000, j=11:0.000, j=12:0.000, j=13:0.000, j=14:0.000, j=15:0.000, j=16:0.000, j=17:0.000, j=18:0.001, j=19:0.001, j=20:0.000, j=21:0.000, j=22:0.000, j=23:0.007, j=24:0.902
      i=25 -> j=0:0.006, j=1:0.034, j=2:0.024, j=3:0.002, j=4:0.000, j=5:0.000, j=6:0.000, j=7:0.002, j=8:0.004, j=9:0.002, j=10:0.000, j=11:0.000, j=12:0.000, j=13:0.000, j=14:0.000, j=15:0.000, j=16:0.000, j=17:0.000, j=18:0.000, j=19:0.001, j=20:0.000, j=21:0.000, j=22:0.000, j=23:0.000, j=24:0.007, j=25:0.915
      i=26 -> j=0:0.007, j=1:0.021, j=2:0.080, j=3:0.078, j=4:0.029, j=5:0.005, j=6:0.003, j=7:0.005, j=8:0.012, j=9:0.029, j=10:0.019, j=11:0.005, j=12:0.003, j=13:0.003, j=14:0.005, j=15:0.007, j=16:0.007, j=17:0.004, j=18:0.003, j=19:0.003, j=20:0.005, j=21:0.018, j=22:0.031, j=23:0.017, j=24:0.034, j=25:0.218, j=26:0.351
      i=27 -> j=0:0.000, j=1:0.000, j=2:0.006, j=3:0.037, j=4:0.023, j=5:0.002, j=6:0.000, j=7:0.000, j=8:0.000, j=9:0.002, j=10:0.004, j=11:0.001, j=12:0.000, j=13:0.000, j=14:0.000, j=15:0.000, j=16:0.000, j=17:0.000, j=18:0.000, j=19:0.000, j=20:0.000, j=21:0.000, j=22:0.000, j=23:0.000, j=24:0.000, j=25:0.000, j=26:0.002, j=27:0.918
      i=28 -> j=0:0.000, j=1:0.000, j=2:0.000, j=3:0.006, j=4:0.035, j=5:0.022, j=6:0.002, j=7:0.000, j=8:0.000, j=9:0.000, j=10:0.002, j=11:0.004, j=12:0.002, j=13:0.000, j=14:0.000, j=15:0.000, j=16:0.000, j=17:0.000, j=18:0.000, j=19:0.000, j=20:0.000, j=21:0.000, j=22:0.000, j=23:0.000, j=24:0.000, j=25:0.000, j=26:0.000, j=27:0.008, j=28:0.914
      i=29 -> j=0:0.019, j=1:0.001, j=2:0.000, j=3:0.001, j=4:0.011, j=5:0.071, j=6:0.045, j=7:0.004, j=8:0.000, j=9:0.000, j=10:0.001, j=11:0.004, j=12:0.006, j=13:0.002, j=14:0.001, j=15:0.000, j=16:0.000, j=17:0.001, j=18:0.001, j=19:0.000, j=20:0.000, j=21:0.000, j=22:0.000, j=23:0.001, j=24:0.001, j=25:0.000, j=26:0.000, j=27:0.000, j=28:0.011, j=29:0.817
      i=30 -> j=0:0.130, j=1:0.008, j=2:0.000, j=3:0.000, j=4:0.000, j=5:0.005, j=6:0.034, j=7:0.020, j=8:0.002, j=9:0.000, j=10:0.000, j=11:0.000, j=12:0.002, j=13:0.003, j=14:0.001, j=15:0.000, j=16:0.000, j=17:0.000, j=18:0.000, j=19:0.000, j=20:0.000, j=21:0.000, j=22:0.000, j=23:0.000, j=24:0.000, j=25:0.000, j=26:0.000, j=27:0.000, j=28:0.000, j=29:0.004, j=30:0.787
      i=31 -> j=0:0.259, j=1:0.103, j=2:0.006, j=3:0.000, j=4:0.000, j=5:0.000, j=6:0.004, j=7:0.026, j=8:0.017, j=9:0.001, j=10:0.000, j=11:0.000, j=12:0.000, j=13:0.001, j=14:0.002, j=15:0.001, j=16:0.000, j=17:0.000, j=18:0.000, j=19:0.000, j=20:0.000, j=21:0.000, j=22:0.000, j=23:0.000, j=24:0.000, j=25:0.000, j=26:0.000, j=27:0.000, j=28:0.000, j=29:0.000, j=30:0.004, j=31:0.573
    Average attention per distance:
      d=0:0.933, d=1:0.013, d=23:0.034, d=24:0.045, d=29:0.011, d=30:0.116, d=31:0.259
  Head 2: Entropy=0.296
    Attention coefficients from each query position to previous positions:
      i= 0 -> j=0:1.000
      i= 1 -> j=0:0.978, j=1:0.022
      i= 2 -> j=0:0.102, j=1:0.868, j=2:0.030
      i= 3 -> j=0:0.000, j=1:0.029, j=2:0.953, j=3:0.018
      i= 4 -> j=0:0.000, j=1:0.000, j=2:0.038, j=3:0.932, j=4:0.030
      i= 5 -> j=0:0.000, j=1:0.000, j=2:0.000, j=3:0.023, j=4:0.955, j=5:0.022
      i= 6 -> j=0:0.000, j=1:0.000, j=2:0.000, j=3:0.000, j=4:0.031, j=5:0.932, j=6:0.037
      i= 7 -> j=0:0.000, j=1:0.000, j=2:0.000, j=3:0.000, j=4:0.000, j=5:0.077, j=6:0.867, j=7:0.056
      i= 8 -> j=0:0.000, j=1:0.000, j=2:0.000, j=3:0.000, j=4:0.000, j=5:0.000, j=6:0.040, j=7:0.939, j=8:0.021
      i= 9 -> j=0:0.000, j=1:0.000, j=2:0.000, j=3:0.000, j=4:0.000, j=5:0.000, j=6:0.000, j=7:0.029, j=8:0.936, j=9:0.035
      i=10 -> j=0:0.000, j=1:0.000, j=2:0.000, j=3:0.000, j=4:0.000, j=5:0.000, j=6:0.000, j=7:0.000, j=8:0.034, j=9:0.925, j=10:0.040
      i=11 -> j=0:0.000, j=1:0.000, j=2:0.000, j=3:0.000, j=4:0.000, j=5:0.000, j=6:0.000, j=7:0.000, j=8:0.000, j=9:0.014, j=10:0.961, j=11:0.025
      i=12 -> j=0:0.000, j=1:0.000, j=2:0.000, j=3:0.000, j=4:0.000, j=5:0.000, j=6:0.000, j=7:0.000, j=8:0.000, j=9:0.000, j=10:0.063, j=11:0.894, j=12:0.042
      i=13 -> j=0:0.000, j=1:0.000, j=2:0.000, j=3:0.000, j=4:0.000, j=5:0.000, j=6:0.000, j=7:0.000, j=8:0.000, j=9:0.000, j=10:0.000, j=11:0.022, j=12:0.946, j=13:0.032
      i=14 -> j=0:0.000, j=1:0.000, j=2:0.000, j=3:0.000, j=4:0.000, j=5:0.000, j=6:0.000, j=7:0.000, j=8:0.000, j=9:0.000, j=10:0.000, j=11:0.000, j=12:0.039, j=13:0.925, j=14:0.036
      i=15 -> j=0:0.000, j=1:0.000, j=2:0.000, j=3:0.000, j=4:0.000, j=5:0.000, j=6:0.000, j=7:0.000, j=8:0.000, j=9:0.000, j=10:0.000, j=11:0.000, j=12:0.000, j=13:0.042, j=14:0.929, j=15:0.029
      i=16 -> j=0:0.000, j=1:0.000, j=2:0.000, j=3:0.000, j=4:0.000, j=5:0.000, j=6:0.000, j=7:0.000, j=8:0.000, j=9:0.000, j=10:0.000, j=11:0.000, j=12:0.000, j=13:0.000, j=14:0.039, j=15:0.942, j=16:0.019
      i=17 -> j=0:0.000, j=1:0.000, j=2:0.000, j=3:0.000, j=4:0.000, j=5:0.000, j=6:0.000, j=7:0.000, j=8:0.000, j=9:0.000, j=10:0.000, j=11:0.000, j=12:0.000, j=13:0.000, j=14:0.000, j=15:0.049, j=16:0.902, j=17:0.048
      i=18 -> j=0:0.000, j=1:0.000, j=2:0.000, j=3:0.000, j=4:0.000, j=5:0.000, j=6:0.000, j=7:0.000, j=8:0.000, j=9:0.000, j=10:0.000, j=11:0.000, j=12:0.000, j=13:0.000, j=14:0.000, j=15:0.000, j=16:0.040, j=17:0.924, j=18:0.036
      i=19 -> j=0:0.000, j=1:0.000, j=2:0.000, j=3:0.000, j=4:0.000, j=5:0.000, j=6:0.000, j=7:0.000, j=8:0.000, j=9:0.000, j=10:0.000, j=11:0.000, j=12:0.000, j=13:0.000, j=14:0.000, j=15:0.000, j=16:0.000, j=17:0.028, j=18:0.931, j=19:0.040
      i=20 -> j=0:0.000, j=1:0.000, j=2:0.000, j=3:0.000, j=4:0.000, j=5:0.000, j=6:0.000, j=7:0.000, j=8:0.000, j=9:0.000, j=10:0.000, j=11:0.000, j=12:0.000, j=13:0.000, j=14:0.000, j=15:0.000, j=16:0.000, j=17:0.000, j=18:0.028, j=19:0.937, j=20:0.034
      i=21 -> j=0:0.000, j=1:0.000, j=2:0.000, j=3:0.000, j=4:0.000, j=5:0.000, j=6:0.000, j=7:0.000, j=8:0.000, j=9:0.000, j=10:0.000, j=11:0.000, j=12:0.000, j=13:0.000, j=14:0.000, j=15:0.000, j=16:0.000, j=17:0.000, j=18:0.000, j=19:0.036, j=20:0.927, j=21:0.036
      i=22 -> j=0:0.000, j=1:0.000, j=2:0.000, j=3:0.000, j=4:0.000, j=5:0.000, j=6:0.000, j=7:0.000, j=8:0.000, j=9:0.000, j=10:0.000, j=11:0.000, j=12:0.000, j=13:0.000, j=14:0.000, j=15:0.000, j=16:0.000, j=17:0.000, j=18:0.000, j=19:0.000, j=20:0.032, j=21:0.941, j=22:0.027
      i=23 -> j=0:0.000, j=1:0.000, j=2:0.000, j=3:0.000, j=4:0.000, j=5:0.000, j=6:0.000, j=7:0.000, j=8:0.000, j=9:0.000, j=10:0.000, j=11:0.000, j=12:0.000, j=13:0.000, j=14:0.000, j=15:0.000, j=16:0.000, j=17:0.000, j=18:0.000, j=19:0.000, j=20:0.000, j=21:0.021, j=22:0.957, j=23:0.020
      i=24 -> j=0:0.000, j=1:0.000, j=2:0.000, j=3:0.000, j=4:0.000, j=5:0.001, j=6:0.000, j=7:0.000, j=8:0.000, j=9:0.000, j=10:0.000, j=11:0.000, j=12:0.000, j=13:0.000, j=14:0.000, j=15:0.000, j=16:0.000, j=17:0.000, j=18:0.000, j=19:0.000, j=20:0.000, j=21:0.000, j=22:0.051, j=23:0.900, j=24:0.048
      i=25 -> j=0:0.001, j=1:0.000, j=2:0.000, j=3:0.000, j=4:0.000, j=5:0.000, j=6:0.000, j=7:0.000, j=8:0.000, j=9:0.000, j=10:0.000, j=11:0.000, j=12:0.000, j=13:0.000, j=14:0.000, j=15:0.000, j=16:0.000, j=17:0.000, j=18:0.000, j=19:0.000, j=20:0.000, j=21:0.000, j=22:0.000, j=23:0.031, j=24:0.919, j=25:0.047
      i=26 -> j=0:0.005, j=1:0.001, j=2:0.000, j=3:0.000, j=4:0.000, j=5:0.000, j=6:0.000, j=7:0.000, j=8:0.000, j=9:0.000, j=10:0.000, j=11:0.000, j=12:0.000, j=13:0.000, j=14:0.000, j=15:0.000, j=16:0.000, j=17:0.000, j=18:0.000, j=19:0.000, j=20:0.000, j=21:0.000, j=22:0.000, j=23:0.000, j=24:0.014, j=25:0.965, j=26:0.015
      i=27 -> j=0:0.000, j=1:0.007, j=2:0.000, j=3:0.000, j=4:0.000, j=5:0.000, j=6:0.000, j=7:0.000, j=8:0.000, j=9:0.000, j=10:0.000, j=11:0.000, j=12:0.000, j=13:0.000, j=14:0.000, j=15:0.000, j=16:0.000, j=17:0.000, j=18:0.000, j=19:0.000, j=20:0.000, j=21:0.000, j=22:0.000, j=23:0.000, j=24:0.000, j=25:0.013, j=26:0.954, j=27:0.025
      i=28 -> j=0:0.000, j=1:0.001, j=2:0.009, j=3:0.001, j=4:0.000, j=5:0.000, j=6:0.000, j=7:0.000, j=8:0.000, j=9:0.000, j=10:0.000, j=11:0.000, j=12:0.000, j=13:0.000, j=14:0.000, j=15:0.000, j=16:0.000, j=17:0.000, j=18:0.000, j=19:0.000, j=20:0.000, j=21:0.000, j=22:0.000, j=23:0.000, j=24:0.000, j=25:0.000, j=26:0.032, j=27:0.911, j=28:0.045
      i=29 -> j=0:0.000, j=1:0.000, j=2:0.000, j=3:0.008, j=4:0.001, j=5:0.000, j=6:0.000, j=7:0.000, j=8:0.000, j=9:0.000, j=10:0.000, j=11:0.000, j=12:0.000, j=13:0.000, j=14:0.000, j=15:0.000, j=16:0.000, j=17:0.000, j=18:0.000, j=19:0.000, j=20:0.000, j=21:0.000, j=22:0.000, j=23:0.000, j=24:0.000, j=25:0.000, j=26:0.000, j=27:0.029, j=28:0.933, j=29:0.028
      i=30 -> j=0:0.000, j=1:0.000, j=2:0.000, j=3:0.000, j=4:0.009, j=5:0.001, j=6:0.000, j=7:0.000, j=8:0.000, j=9:0.000, j=10:0.000, j=11:0.000, j=12:0.000, j=13:0.000, j=14:0.000, j=15:0.000, j=16:0.000, j=17:0.000, j=18:0.000, j=19:0.000, j=20:0.000, j=21:0.000, j=22:0.000, j=23:0.000, j=24:0.000, j=25:0.000, j=26:0.000, j=27:0.000, j=28:0.042, j=29:0.900, j=30:0.047
      i=31 -> j=0:0.000, j=1:0.000, j=2:0.000, j=3:0.000, j=4:0.000, j=5:0.010, j=6:0.001, j=7:0.000, j=8:0.000, j=9:0.000, j=10:0.000, j=11:0.000, j=12:0.000, j=13:0.000, j=14:0.000, j=15:0.000, j=16:0.000, j=17:0.000, j=18:0.000, j=19:0.000, j=20:0.000, j=21:0.000, j=22:0.000, j=23:0.000, j=24:0.000, j=25:0.000, j=26:0.000, j=27:0.000, j=28:0.000, j=29:0.016, j=30:0.933, j=31:0.038
    Average attention per distance:
      d=0:0.063, d=1:0.930, d=2:0.036
  Head 3: Entropy=0.666
    Attention coefficients from each query position to previous positions:
      i= 0 -> j=0:1.000
      i= 1 -> j=0:0.873, j=1:0.127
      i= 2 -> j=0:0.077, j=1:0.879, j=2:0.044
      i= 3 -> j=0:0.001, j=1:0.149, j=2:0.788, j=3:0.062
      i= 4 -> j=0:0.000, j=1:0.001, j=2:0.120, j=3:0.720, j=4:0.159
      i= 5 -> j=0:0.000, j=1:0.000, j=2:0.000, j=3:0.054, j=4:0.910, j=5:0.036
      i= 6 -> j=0:0.000, j=1:0.000, j=2:0.000, j=3:0.001, j=4:0.169, j=5:0.741, j=6:0.089
      i= 7 -> j=0:0.001, j=1:0.000, j=2:0.000, j=3:0.000, j=4:0.001, j=5:0.109, j=6:0.834, j=7:0.054
      i= 8 -> j=0:0.002, j=1:0.001, j=2:0.000, j=3:0.000, j=4:0.000, j=5:0.001, j=6:0.116, j=7:0.824, j=8:0.056
      i= 9 -> j=0:0.001, j=1:0.003, j=2:0.001, j=3:0.000, j=4:0.000, j=5:0.000, j=6:0.001, j=7:0.150, j=8:0.747, j=9:0.097
      i=10 -> j=0:0.000, j=1:0.000, j=2:0.001, j=3:0.001, j=4:0.000, j=5:0.000, j=6:0.000, j=7:0.001, j=8:0.086, j=9:0.861, j=10:0.050
      i=11 -> j=0:0.000, j=1:0.000, j=2:0.001, j=3:0.002, j=4:0.001, j=5:0.000, j=6:0.000, j=7:0.000, j=8:0.001, j=9:0.172, j=10:0.752, j=11:0.070
      i=12 -> j=0:0.000, j=1:0.000, j=2:0.000, j=3:0.000, j=4:0.001, j=5:0.001, j=6:0.000, j=7:0.000, j=8:0.000, j=9:0.001, j=10:0.047, j=11:0.884, j=12:0.065
      i=13 -> j=0:0.002, j=1:0.000, j=2:0.000, j=3:0.000, j=4:0.000, j=5:0.001, j=6:0.000, j=7:0.000, j=8:0.000, j=9:0.000, j=10:0.000, j=11:0.064, j=12:0.900, j=13:0.032
      i=14 -> j=0:0.003, j=1:0.004, j=2:0.000, j=3:0.000, j=4:0.000, j=5:0.001, j=6:0.002, j=7:0.001, j=8:0.000, j=9:0.000, j=10:0.000, j=11:0.001, j=12:0.127, j=13:0.805, j=14:0.055
      i=15 -> j=0:0.001, j=1:0.006, j=2:0.005, j=3:0.001, j=4:0.000, j=5:0.000, j=6:0.001, j=7:0.003, j=8:0.001, j=9:0.000, j=10:0.000, j=11:0.000, j=12:0.002, j=13:0.125, j=14:0.708, j=15:0.146
      i=16 -> j=0:0.000, j=1:0.001, j=2:0.004, j=3:0.003, j=4:0.001, j=5:0.000, j=6:0.000, j=7:0.001, j=8:0.002, j=9:0.001, j=10:0.000, j=11:0.000, j=12:0.000, j=13:0.001, j=14:0.056, j=15:0.859, j=16:0.072
      i=17 -> j=0:0.000, j=1:0.000, j=2:0.001, j=3:0.004, j=4:0.004, j=5:0.000, j=6:0.000, j=7:0.000, j=8:0.001, j=9:0.002, j=10:0.001, j=11:0.000, j=12:0.000, j=13:0.000, j=14:0.001, j=15:0.114, j=16:0.796, j=17:0.078
      i=18 -> j=0:0.000, j=1:0.000, j=2:0.000, j=3:0.000, j=4:0.002, j=5:0.002, j=6:0.000, j=7:0.000, j=8:0.000, j=9:0.000, j=10:0.001, j=11:0.000, j=12:0.000, j=13:0.000, j=14:0.000, j=15:0.000, j=16:0.102, j=17:0.861, j=18:0.030
      i=19 -> j=0:0.004, j=1:0.001, j=2:0.000, j=3:0.000, j=4:0.001, j=5:0.004, j=6:0.004, j=7:0.001, j=8:0.000, j=9:0.000, j=10:0.001, j=11:0.002, j=12:0.001, j=13:0.000, j=14:0.000, j=15:0.000, j=16:0.001, j=17:0.125, j=18:0.806, j=19:0.050
      i=20 -> j=0:0.007, j=1:0.008, j=2:0.001, j=3:0.000, j=4:0.000, j=5:0.001, j=6:0.005, j=7:0.004, j=8:0.001, j=9:0.000, j=10:0.000, j=11:0.001, j=12:0.002, j=13:0.001, j=14:0.000, j=15:0.000, j=16:0.000, j=17:0.001, j=18:0.119, j=19:0.757, j=20:0.092
      i=21 -> j=0:0.000, j=1:0.004, j=2:0.003, j=3:0.000, j=4:0.000, j=5:0.000, j=6:0.000, j=7:0.002, j=8:0.002, j=9:0.000, j=10:0.000, j=11:0.000, j=12:0.000, j=13:0.001, j=14:0.001, j=15:0.000, j=16:0.000, j=17:0.000, j=18:0.000, j=19:0.052, j=20:0.886, j=21:0.045
      i=22 -> j=0:0.000, j=1:0.000, j=2:0.005, j=3:0.005, j=4:0.001, j=5:0.000, j=6:0.000, j=7:0.001, j=8:0.004, j=9:0.003, j=10:0.001, j=11:0.000, j=12:0.000, j=13:0.001, j=14:0.002, j=15:0.001, j=16:0.000, j=17:0.000, j=18:0.000, j=19:0.001, j=20:0.160, j=21:0.686, j=22:0.129
      i=23 -> j=0:0.000, j=1:0.000, j=2:0.000, j=3:0.004, j=4:0.004, j=5:0.000, j=6:0.000, j=7:0.000, j=8:0.000, j=9:0.003, j=10:0.002, j=11:0.000, j=12:0.000, j=13:0.000, j=14:0.000, j=15:0.001, j=16:0.000, j=17:0.000, j=18:0.000, j=19:0.000, j=20:0.001, j=21:0.050, j=22:0.894, j=23:0.040
      i=24 -> j=0:0.000, j=1:0.000, j=2:0.000, j=3:0.000, j=4:0.005, j=5:0.004, j=6:0.000, j=7:0.000, j=8:0.000, j=9:0.001, j=10:0.003, j=11:0.003, j=12:0.000, j=13:0.000, j=14:0.000, j=15:0.000, j=16:0.001, j=17:0.001, j=18:0.000, j=19:0.000, j=20:0.000, j=21:0.000, j=22:0.137, j=23:0.809, j=24:0.034
      i=25 -> j=0:0.007, j=1:0.000, j=2:0.000, j=3:0.000, j=4:0.000, j=5:0.007, j=6:0.006, j=7:0.001, j=8:0.000, j=9:0.000, j=10:0.001, j=11:0.005, j=12:0.003, j=13:0.001, j=14:0.000, j=15:0.000, j=16:0.001, j=17:0.002, j=18:0.001, j=19:0.000, j=20:0.000, j=21:0.000, j=22:0.001, j=23:0.155, j=24:0.751, j=25:0.058
      i=26 -> j=0:0.045, j=1:0.009, j=2:0.000, j=3:0.000, j=4:0.000, j=5:0.000, j=6:0.004, j=7:0.004, j=8:0.001, j=9:0.000, j=10:0.000, j=11:0.001, j=12:0.003, j=13:0.003, j=14:0.000, j=15:0.000, j=16:0.000, j=17:0.000, j=18:0.002, j=19:0.001, j=20:0.000, j=21:0.000, j=22:0.000, j=23:0.001, j=24:0.106, j=25:0.798, j=26:0.024
      i=27 -> j=0:0.011, j=1:0.090, j=2:0.007, j=3:0.000, j=4:0.000, j=5:0.000, j=6:0.001, j=7:0.007, j=8:0.007, j=9:0.001, j=10:0.000, j=11:0.000, j=12:0.001, j=13:0.006, j=14:0.003, j=15:0.001, j=16:0.000, j=17:0.000, j=18:0.001, j=19:0.002, j=20:0.001, j=21:0.000, j=22:0.000, j=23:0.000, j=24:0.001, j=25:0.073, j=26:0.727, j=27:0.062
      i=28 -> j=0:0.000, j=1:0.013, j=2:0.055, j=3:0.014, j=4:0.000, j=5:0.000, j=6:0.000, j=7:0.001, j=8:0.008, j=9:0.007, j=10:0.001, j=11:0.000, j=12:0.000, j=13:0.001, j=14:0.004, j=15:0.004, j=16:0.001, j=17:0.000, j=18:0.000, j=19:0.001, j=20:0.002, j=21:0.001, j=22:0.000, j=23:0.000, j=24:0.000, j=25:0.000, j=26:0.102, j=27:0.719, j=28:0.067
      i=29 -> j=0:0.000, j=1:0.000, j=2:0.009, j=3:0.070, j=4:0.010, j=5:0.000, j=6:0.000, j=7:0.000, j=8:0.001, j=9:0.006, j=10:0.005, j=11:0.001, j=12:0.000, j=13:0.000, j=14:0.001, j=15:0.004, j=16:0.003, j=17:0.001, j=18:0.000, j=19:0.000, j=20:0.001, j=21:0.002, j=22:0.001, j=23:0.000, j=24:0.000, j=25:0.000, j=26:0.001, j=27:0.084, j=28:0.740, j=29:0.063
      i=30 -> j=0:0.000, j=1:0.000, j=2:0.000, j=3:0.006, j=4:0.042, j=5:0.004, j=6:0.000, j=7:0.000, j=8:0.000, j=9:0.000, j=10:0.003, j=11:0.003, j=12:0.000, j=13:0.000, j=14:0.000, j=15:0.000, j=16:0.002, j=17:0.002, j=18:0.000, j=19:0.000, j=20:0.000, j=21:0.000, j=22:0.001, j=23:0.000, j=24:0.000, j=25:0.000, j=26:0.000, j=27:0.000, j=28:0.064, j=29:0.807, j=30:0.065
      i=31 -> j=0:0.000, j=1:0.000, j=2:0.000, j=3:0.000, j=4:0.004, j=5:0.034, j=6:0.005, j=7:0.000, j=8:0.000, j=9:0.000, j=10:0.000, j=11:0.003, j=12:0.003, j=13:0.000, j=14:0.000, j=15:0.000, j=16:0.000, j=17:0.002, j=18:0.002, j=19:0.000, j=20:0.000, j=21:0.000, j=22:0.000, j=23:0.001, j=24:0.000, j=25:0.000, j=26:0.000, j=27:0.000, j=28:0.000, j=29:0.074, j=30:0.841, j=31:0.031
    Average attention per distance:
      d=0:0.096, d=1:0.805, d=2:0.105, d=26:0.056

--- Layer 1 ---
  Head 0: Entropy=1.063
    Attention coefficients from each query position to previous positions:
      i= 0 -> j=0:1.000
      i= 1 -> j=0:0.886, j=1:0.114
      i= 2 -> j=0:0.060, j=1:0.934, j=2:0.006
      i= 3 -> j=0:0.009, j=1:0.732, j=2:0.189, j=3:0.071
      i= 4 -> j=0:0.000, j=1:0.002, j=2:0.503, j=3:0.470, j=4:0.025
      i= 5 -> j=0:0.000, j=1:0.000, j=2:0.121, j=3:0.723, j=4:0.155, j=5:0.001
      i= 6 -> j=0:0.000, j=1:0.000, j=2:0.000, j=3:0.007, j=4:0.088, j=5:0.749, j=6:0.155
      i= 7 -> j=0:0.002, j=1:0.000, j=2:0.000, j=3:0.000, j=4:0.000, j=5:0.117, j=6:0.879, j=7:0.001
      i= 8 -> j=0:0.039, j=1:0.079, j=2:0.001, j=3:0.000, j=4:0.000, j=5:0.015, j=6:0.720, j=7:0.117, j=8:0.029
      i= 9 -> j=0:0.001, j=1:0.004, j=2:0.015, j=3:0.001, j=4:0.000, j=5:0.000, j=6:0.000, j=7:0.436, j=8:0.515, j=9:0.028
      i=10 -> j=0:0.000, j=1:0.000, j=2:0.076, j=3:0.019, j=4:0.000, j=5:0.000, j=6:0.000, j=7:0.036, j=8:0.542, j=9:0.325, j=10:0.003
      i=11 -> j=0:0.000, j=1:0.000, j=2:0.008, j=3:0.026, j=4:0.006, j=5:0.000, j=6:0.000, j=7:0.000, j=8:0.003, j=9:0.097, j=10:0.756, j=11:0.101
      i=12 -> j=0:0.005, j=1:0.003, j=2:0.000, j=3:0.003, j=4:0.024, j=5:0.043, j=6:0.004, j=7:0.000, j=8:0.000, j=9:0.002, j=10:0.582, j=11:0.324, j=12:0.010
      i=13 -> j=0:0.011, j=1:0.003, j=2:0.001, j=3:0.002, j=4:0.003, j=5:0.021, j=6:0.027, j=7:0.001, j=8:0.000, j=9:0.000, j=10:0.007, j=11:0.527, j=12:0.303, j=13:0.092
      i=14 -> j=0:0.007, j=1:0.004, j=2:0.008, j=3:0.002, j=4:0.000, j=5:0.001, j=6:0.014, j=7:0.055, j=8:0.002, j=9:0.000, j=10:0.000, j=11:0.015, j=12:0.274, j=13:0.486, j=14:0.132
      i=15 -> j=0:0.001, j=1:0.012, j=2:0.005, j=3:0.002, j=4:0.000, j=5:0.000, j=6:0.002, j=7:0.008, j=8:0.005, j=9:0.000, j=10:0.000, j=11:0.000, j=12:0.001, j=13:0.011, j=14:0.736, j=15:0.218
      i=16 -> j=0:0.000, j=1:0.001, j=2:0.005, j=3:0.004, j=4:0.001, j=5:0.000, j=6:0.000, j=7:0.001, j=8:0.005, j=9:0.002, j=10:0.000, j=11:0.000, j=12:0.000, j=13:0.000, j=14:0.041, j=15:0.903, j=16:0.037
      i=17 -> j=0:0.000, j=1:0.000, j=2:0.004, j=3:0.016, j=4:0.004, j=5:0.000, j=6:0.000, j=7:0.001, j=8:0.004, j=9:0.008, j=10:0.004, j=11:0.000, j=12:0.000, j=13:0.000, j=14:0.000, j=15:0.356, j=16:0.484, j=17:0.117
      i=18 -> j=0:0.001, j=1:0.000, j=2:0.001, j=3:0.005, j=4:0.008, j=5:0.002, j=6:0.000, j=7:0.000, j=8:0.001, j=9:0.001, j=10:0.004, j=11:0.008, j=12:0.001, j=13:0.000, j=14:0.000, j=15:0.002, j=16:0.114, j=17:0.737, j=18:0.115
      i=19 -> j=0:0.041, j=1:0.010, j=2:0.000, j=3:0.001, j=4:0.004, j=5:0.044, j=6:0.036, j=7:0.001, j=8:0.000, j=9:0.001, j=10:0.025, j=11:0.028, j=12:0.003, j=13:0.001, j=14:0.000, j=15:0.000, j=16:0.001, j=17:0.203, j=18:0.545, j=19:0.058
      i=20 -> j=0:0.030, j=1:0.032, j=2:0.003, j=3:0.001, j=4:0.001, j=5:0.003, j=6:0.013, j=7:0.009, j=8:0.002, j=9:0.000, j=10:0.000, j=11:0.005, j=12:0.010, j=13:0.006, j=14:0.000, j=15:0.000, j=16:0.000, j=17:0.002, j=18:0.185, j=19:0.626, j=20:0.068
      i=21 -> j=0:0.001, j=1:0.003, j=2:0.020, j=3:0.003, j=4:0.000, j=5:0.000, j=6:0.000, j=7:0.028, j=8:0.014, j=9:0.000, j=10:0.000, j=11:0.000, j=12:0.007, j=13:0.005, j=14:0.001, j=15:0.000, j=16:0.000, j=17:0.000, j=18:0.001, j=19:0.381, j=20:0.529, j=21:0.006
      i=22 -> j=0:0.000, j=1:0.001, j=2:0.047, j=3:0.022, j=4:0.001, j=5:0.000, j=6:0.000, j=7:0.007, j=8:0.026, j=9:0.005, j=10:0.000, j=11:0.000, j=12:0.002, j=13:0.001, j=14:0.004, j=15:0.003, j=16:0.000, j=17:0.000, j=18:0.000, j=19:0.012, j=20:0.375, j=21:0.484, j=22:0.011
      i=23 -> j=0:0.000, j=1:0.000, j=2:0.003, j=3:0.017, j=4:0.005, j=5:0.000, j=6:0.000, j=7:0.000, j=8:0.002, j=9:0.005, j=10:0.002, j=11:0.000, j=12:0.000, j=13:0.000, j=14:0.000, j=15:0.008, j=16:0.001, j=17:0.000, j=18:0.000, j=19:0.000, j=20:0.002, j=21:0.377, j=22:0.546, j=23:0.031
      i=24 -> j=0:0.000, j=1:0.000, j=2:0.000, j=3:0.003, j=4:0.008, j=5:0.005, j=6:0.000, j=7:0.000, j=8:0.000, j=9:0.001, j=10:0.004, j=11:0.004, j=12:0.001, j=13:0.000, j=14:0.000, j=15:0.002, j=16:0.003, j=17:0.002, j=18:0.000, j=19:0.000, j=20:0.000, j=21:0.007, j=22:0.262, j=23:0.660, j=24:0.037
      i=25 -> j=0:0.005, j=1:0.000, j=2:0.000, j=3:0.000, j=4:0.002, j=5:0.020, j=6:0.013, j=7:0.003, j=8:0.001, j=9:0.000, j=10:0.001, j=11:0.010, j=12:0.010, j=13:0.001, j=14:0.000, j=15:0.000, j=16:0.002, j=17:0.010, j=18:0.003, j=19:0.001, j=20:0.000, j=21:0.000, j=22:0.005, j=23:0.201, j=24:0.655, j=25:0.057
      i=26 -> j=0:0.064, j=1:0.012, j=2:0.001, j=3:0.000, j=4:0.000, j=5:0.003, j=6:0.021, j=7:0.033, j=8:0.005, j=9:0.000, j=10:0.000, j=11:0.003, j=12:0.021, j=13:0.008, j=14:0.001, j=15:0.000, j=16:0.000, j=17:0.003, j=18:0.010, j=19:0.015, j=20:0.001, j=21:0.000, j=22:0.000, j=23:0.004, j=24:0.154, j=25:0.575, j=26:0.064
      i=27 -> j=0:0.029, j=1:0.124, j=2:0.022, j=3:0.002, j=4:0.000, j=5:0.000, j=6:0.002, j=7:0.044, j=8:0.028, j=9:0.002, j=10:0.000, j=11:0.001, j=12:0.008, j=13:0.009, j=14:0.009, j=15:0.002, j=16:0.000, j=17:0.000, j=18:0.002, j=19:0.026, j=20:0.006, j=21:0.001, j=22:0.000, j=23:0.000, j=24:0.004, j=25:0.142, j=26:0.494, j=27:0.041
      i=28 -> j=0:0.001, j=1:0.051, j=2:0.178, j=3:0.021, j=4:0.000, j=5:0.000, j=6:0.000, j=7:0.008, j=8:0.042, j=9:0.018, j=10:0.001, j=11:0.000, j=12:0.002, j=13:0.002, j=14:0.010, j=15:0.014, j=16:0.002, j=17:0.000, j=18:0.000, j=19:0.009, j=20:0.015, j=21:0.006, j=22:0.000, j=23:0.000, j=24:0.000, j=25:0.004, j=26:0.238, j=27:0.324, j=28:0.051
      i=29 -> j=0:0.000, j=1:0.001, j=2:0.107, j=3:0.111, j=4:0.008, j=5:0.000, j=6:0.000, j=7:0.001, j=8:0.009, j=9:0.029, j=10:0.012, j=11:0.002, j=12:0.002, j=13:0.000, j=14:0.002, j=15:0.020, j=16:0.009, j=17:0.001, j=18:0.000, j=19:0.002, j=20:0.005, j=21:0.015, j=22:0.005, j=23:0.000, j=24:0.000, j=25:0.000, j=26:0.009, j=27:0.131, j=28:0.467, j=29:0.051
      i=30 -> j=0:0.000, j=1:0.000, j=2:0.004, j=3:0.045, j=4:0.067, j=5:0.007, j=6:0.000, j=7:0.000, j=8:0.001, j=9:0.003, j=10:0.017, j=11:0.017, j=12:0.007, j=13:0.000, j=14:0.000, j=15:0.003, j=16:0.010, j=17:0.007, j=18:0.001, j=19:0.001, j=20:0.001, j=21:0.005, j=22:0.014, j=23:0.006, j=24:0.000, j=25:0.000, j=26:0.000, j=27:0.004, j=28:0.144, j=29:0.570, j=30:0.067
      i=31 -> j=0:0.001, j=1:0.000, j=2:0.000, j=3:0.004, j=4:0.027, j=5:0.078, j=6:0.015, j=7:0.002, j=8:0.000, j=9:0.000, j=10:0.003, j=11:0.032, j=12:0.035, j=13:0.003, j=14:0.000, j=15:0.001, j=16:0.003, j=17:0.012, j=18:0.008, j=19:0.005, j=20:0.001, j=21:0.001, j=22:0.004, j=23:0.015, j=24:0.007, j=25:0.001, j=26:0.000, j=27:0.000, j=28:0.004, j=29:0.152, j=30:0.521, j=31:0.064
    Average attention per distance:
      d=0:0.089, d=1:0.547, d=2:0.296, d=7:0.013, d=8:0.016, d=14:0.014, d=19:0.022, d=20:0.026
      d=25:0.013, d=26:0.104, d=27:0.052
  Head 1: Entropy=1.773
    Attention coefficients from each query position to previous positions:
      i= 0 -> j=0:1.000
      i= 1 -> j=0:0.265, j=1:0.735
      i= 2 -> j=0:0.061, j=1:0.177, j=2:0.762
      i= 3 -> j=0:0.009, j=1:0.012, j=2:0.041, j=3:0.939
      i= 4 -> j=0:0.039, j=1:0.059, j=2:0.066, j=3:0.563, j=4:0.273
      i= 5 -> j=0:0.044, j=1:0.071, j=2:0.049, j=3:0.193, j=4:0.203, j=5:0.440
      i= 6 -> j=0:0.009, j=1:0.012, j=2:0.017, j=3:0.169, j=4:0.065, j=5:0.065, j=6:0.663
      i= 7 -> j=0:0.007, j=1:0.007, j=2:0.030, j=3:0.162, j=4:0.027, j=5:0.009, j=6:0.062, j=7:0.696
      i= 8 -> j=0:0.005, j=1:0.004, j=2:0.011, j=3:0.097, j=4:0.011, j=5:0.002, j=6:0.005, j=7:0.068, j=8:0.797
      i= 9 -> j=0:0.011, j=1:0.008, j=2:0.010, j=3:0.081, j=4:0.021, j=5:0.009, j=6:0.025, j=7:0.055, j=8:0.436, j=9:0.344
      i=10 -> j=0:0.011, j=1:0.009, j=2:0.010, j=3:0.062, j=4:0.021, j=5:0.012, j=6:0.030, j=7:0.041, j=8:0.194, j=9:0.255, j=10:0.355
      i=11 -> j=0:0.010, j=1:0.008, j=2:0.019, j=3:0.091, j=4:0.020, j=5:0.006, j=6:0.012, j=7:0.047, j=8:0.136, j=9:0.106, j=10:0.152, j=11:0.393
      i=12 -> j=0:0.008, j=1:0.006, j=2:0.014, j=3:0.095, j=4:0.014, j=5:0.002, j=6:0.003, j=7:0.023, j=8:0.077, j=9:0.020, j=10:0.009, j=11:0.014, j=12:0.716
      i=13 -> j=0:0.007, j=1:0.005, j=2:0.009, j=3:0.075, j=4:0.010, j=5:0.001, j=6:0.002, j=7:0.016, j=8:0.087, j=9:0.019, j=10:0.008, j=11:0.008, j=12:0.344, j=13:0.408
      i=14 -> j=0:0.007, j=1:0.005, j=2:0.006, j=3:0.046, j=4:0.009, j=5:0.002, j=6:0.002, j=7:0.010, j=8:0.056, j=9:0.016, j=10:0.006, j=11:0.005, j=12:0.130, j=13:0.256, j=14:0.443
      i=15 -> j=0:0.003, j=1:0.002, j=2:0.005, j=3:0.061, j=4:0.006, j=5:0.001, j=6:0.001, j=7:0.007, j=8:0.060, j=9:0.006, j=10:0.001, j=11:0.001, j=12:0.070, j=13:0.045, j=14:0.078, j=15:0.654
      i=16 -> j=0:0.011, j=1:0.006, j=2:0.009, j=3:0.052, j=4:0.012, j=5:0.003, j=6:0.003, j=7:0.010, j=8:0.046, j=9:0.012, j=10:0.004, j=11:0.004, j=12:0.065, j=13:0.047, j=14:0.089, j=15:0.378, j=16:0.250
      i=17 -> j=0:0.009, j=1:0.005, j=2:0.005, j=3:0.050, j=4:0.008, j=5:0.001, j=6:0.002, j=7:0.007, j=8:0.039, j=9:0.007, j=10:0.002, j=11:0.001, j=12:0.068, j=13:0.021, j=14:0.017, j=15:0.073, j=16:0.060, j=17:0.623
      i=18 -> j=0:0.013, j=1:0.009, j=2:0.009, j=3:0.029, j=4:0.008, j=5:0.002, j=6:0.002, j=7:0.010, j=8:0.025, j=9:0.006, j=10:0.002, j=11:0.003, j=12:0.055, j=13:0.019, j=14:0.012, j=15:0.039, j=16:0.051, j=17:0.434, j=18:0.273
      i=19 -> j=0:0.009, j=1:0.008, j=2:0.016, j=3:0.068, j=4:0.008, j=5:0.001, j=6:0.001, j=7:0.012, j=8:0.050, j=9:0.006, j=10:0.001, j=11:0.001, j=12:0.071, j=13:0.011, j=14:0.002, j=15:0.010, j=16:0.005, j=17:0.020, j=18:0.007, j=19:0.695
      i=20 -> j=0:0.013, j=1:0.011, j=2:0.013, j=3:0.067, j=4:0.014, j=5:0.002, j=6:0.002, j=7:0.009, j=8:0.040, j=9:0.009, j=10:0.002, j=11:0.001, j=12:0.040, j=13:0.014, j=14:0.006, j=15:0.015, j=16:0.007, j=17:0.021, j=18:0.007, j=19:0.270, j=20:0.438
      i=21 -> j=0:0.028, j=1:0.024, j=2:0.022, j=3:0.042, j=4:0.024, j=5:0.013, j=6:0.010, j=7:0.015, j=8:0.027, j=9:0.015, j=10:0.009, j=11:0.008, j=12:0.028, j=13:0.022, j=14:0.019, j=15:0.033, j=16:0.026, j=17:0.042, j=18:0.039, j=19:0.126, j=20:0.269, j=21:0.162
      i=22 -> j=0:0.025, j=1:0.020, j=2:0.022, j=3:0.047, j=4:0.024, j=5:0.012, j=6:0.009, j=7:0.015, j=8:0.025, j=9:0.011, j=10:0.006, j=11:0.008, j=12:0.031, j=13:0.016, j=14:0.012, j=15:0.029, j=16:0.020, j=17:0.031, j=18:0.023, j=19:0.088, j=20:0.176, j=21:0.115, j=22:0.237
      i=23 -> j=0:0.033, j=1:0.025, j=2:0.020, j=3:0.077, j=4:0.029, j=5:0.010, j=6:0.011, j=7:0.019, j=8:0.045, j=9:0.013, j=10:0.005, j=11:0.004, j=12:0.057, j=13:0.018, j=14:0.009, j=15:0.022, j=16:0.012, j=17:0.030, j=18:0.009, j=19:0.103, j=20:0.134, j=21:0.031, j=22:0.039, j=23:0.244
      i=24 -> j=0:0.037, j=1:0.035, j=2:0.028, j=3:0.082, j=4:0.026, j=5:0.009, j=6:0.012, j=7:0.027, j=8:0.064, j=9:0.014, j=10:0.004, j=11:0.003, j=12:0.069, j=13:0.020, j=14:0.008, j=15:0.018, j=16:0.009, j=17:0.022, j=18:0.005, j=19:0.111, j=20:0.084, j=21:0.012, j=22:0.010, j=23:0.056, j=24:0.237
      i=25 -> j=0:0.035, j=1:0.039, j=2:0.042, j=3:0.111, j=4:0.024, j=5:0.006, j=6:0.009, j=7:0.031, j=8:0.095, j=9:0.017, j=10:0.004, j=11:0.002, j=12:0.071, j=13:0.020, j=14:0.007, j=15:0.018, j=16:0.007, j=17:0.014, j=18:0.003, j=19:0.101, j=20:0.062, j=21:0.006, j=22:0.003, j=23:0.012, j=24:0.052, j=25:0.211
      i=26 -> j=0:0.036, j=1:0.045, j=2:0.059, j=3:0.106, j=4:0.028, j=5:0.010, j=6:0.011, j=7:0.028, j=8:0.078, j=9:0.023, j=10:0.007, j=11:0.004, j=12:0.044, j=13:0.018, j=14:0.009, j=15:0.019, j=16:0.008, j=17:0.012, j=18:0.003, j=19:0.060, j=20:0.045, j=21:0.007, j=22:0.004, j=23:0.009, j=24:0.024, j=25:0.104, j=26:0.201
      i=27 -> j=0:0.031, j=1:0.036, j=2:0.050, j=3:0.155, j=4:0.037, j=5:0.012, j=6:0.012, j=7:0.023, j=8:0.075, j=9:0.029, j=10:0.011, j=11:0.006, j=12:0.046, j=13:0.019, j=14:0.010, j=15:0.022, j=16:0.010, j=17:0.014, j=18:0.003, j=19:0.049, j=20:0.045, j=21:0.007, j=22:0.005, j=23:0.008, j=24:0.015, j=25:0.047, j=26:0.092, j=27:0.132
      i=28 -> j=0:0.028, j=1:0.027, j=2:0.035, j=3:0.188, j=4:0.048, j=5:0.015, j=6:0.015, j=7:0.023, j=8:0.070, j=9:0.032, j=10:0.012, j=11:0.007, j=12:0.058, j=13:0.020, j=14:0.010, j=15:0.020, j=16:0.010, j=17:0.015, j=18:0.003, j=19:0.043, j=20:0.039, j=21:0.005, j=22:0.003, j=23:0.005, j=24:0.008, j=25:0.019, j=26:0.035, j=27:0.056, j=28:0.153
      i=29 -> j=0:0.030, j=1:0.025, j=2:0.023, j=3:0.136, j=4:0.052, j=5:0.021, j=6:0.025, j=7:0.028, j=8:0.057, j=9:0.028, j=10:0.013, j=11:0.008, j=12:0.062, j=13:0.024, j=14:0.011, j=15:0.016, j=16:0.009, j=17:0.015, j=18:0.003, j=19:0.037, j=20:0.031, j=21:0.004, j=22:0.002, j=23:0.005, j=24:0.007, j=25:0.014, j=26:0.019, j=27:0.028, j=28:0.087, j=29:0.181
      i=30 -> j=0:0.039, j=1:0.033, j=2:0.026, j=3:0.072, j=4:0.043, j=5:0.024, j=6:0.036, j=7:0.052, j=8:0.059, j=9:0.024, j=10:0.012, j=11:0.010, j=12:0.071, j=13:0.029, j=14:0.012, j=15:0.015, j=16:0.009, j=17:0.013, j=18:0.004, j=19:0.042, j=20:0.026, j=21:0.004, j=22:0.002, j=23:0.005, j=24:0.008, j=25:0.013, j=26:0.014, j=27:0.015, j=28:0.035, j=29:0.082, j=30:0.173
      i=31 -> j=0:0.047, j=1:0.045, j=2:0.030, j=3:0.062, j=4:0.035, j=5:0.018, j=6:0.032, j=7:0.058, j=8:0.086, j=9:0.028, j=10:0.012, j=11:0.007, j=12:0.064, j=13:0.037, j=14:0.019, j=15:0.023, j=16:0.010, j=17:0.013, j=18:0.004, j=19:0.042, j=20:0.030, j=21:0.005, j=22:0.002, j=23:0.004, j=24:0.006, j=25:0.011, j=26:0.012, j=27:0.011, j=28:0.017, j=29:0.030, j=30:0.054, j=31:0.146
    Average attention per distance:
      d=0:0.437, d=1:0.166, d=2:0.058, d=3:0.039, d=4:0.033, d=5:0.028, d=6:0.022, d=7:0.019
      d=8:0.017, d=9:0.016, d=10:0.015, d=11:0.018, d=12:0.018, d=13:0.015, d=14:0.014, d=15:0.015
      d=16:0.022, d=17:0.028, d=18:0.028, d=19:0.027, d=20:0.027, d=21:0.028, d=22:0.036, d=23:0.048
      d=24:0.057, d=25:0.061, d=26:0.051, d=27:0.037, d=28:0.035, d=29:0.031, d=30:0.042, d=31:0.047
  Head 2: Entropy=1.792
    Attention coefficients from each query position to previous positions:
      i= 0 -> j=0:1.000
      i= 1 -> j=0:0.813, j=1:0.187
      i= 2 -> j=0:0.720, j=1:0.214, j=2:0.066
      i= 3 -> j=0:0.171, j=1:0.213, j=2:0.349, j=3:0.267
      i= 4 -> j=0:0.014, j=1:0.031, j=2:0.104, j=3:0.317, j=4:0.534
      i= 5 -> j=0:0.001, j=1:0.001, j=2:0.023, j=3:0.149, j=4:0.525, j=5:0.300
      i= 6 -> j=0:0.002, j=1:0.000, j=2:0.006, j=3:0.041, j=4:0.124, j=5:0.643, j=6:0.183
      i= 7 -> j=0:0.057, j=1:0.008, j=2:0.006, j=3:0.041, j=4:0.078, j=5:0.319, j=6:0.368, j=7:0.122
      i= 8 -> j=0:0.076, j=1:0.021, j=2:0.017, j=3:0.033, j=4:0.023, j=5:0.053, j=6:0.231, j=7:0.245, j=8:0.299
      i= 9 -> j=0:0.018, j=1:0.020, j=2:0.031, j=3:0.015, j=4:0.003, j=5:0.002, j=6:0.020, j=7:0.147, j=8:0.482, j=9:0.262
      i=10 -> j=0:0.004, j=1:0.007, j=2:0.040, j=3:0.025, j=4:0.007, j=5:0.001, j=6:0.001, j=7:0.019, j=8:0.200, j=9:0.478, j=10:0.219
      i=11 -> j=0:0.007, j=1:0.004, j=2:0.012, j=3:0.028, j=4:0.022, j=5:0.005, j=6:0.002, j=7:0.007, j=8:0.068, j=9:0.224, j=10:0.431, j=11:0.190
      i=12 -> j=0:0.068, j=1:0.018, j=2:0.013, j=3:0.052, j=4:0.079, j=5:0.057, j=6:0.020, j=7:0.013, j=8:0.068, j=9:0.126, j=10:0.205, j=11:0.149, j=12:0.131
      i=13 -> j=0:0.018, j=1:0.006, j=2:0.015, j=3:0.019, j=4:0.016, j=5:0.020, j=6:0.012, j=7:0.018, j=8:0.013, j=9:0.003, j=10:0.009, j=11:0.266, j=12:0.399, j=13:0.184
      i=14 -> j=0:0.009, j=1:0.008, j=2:0.024, j=3:0.009, j=4:0.003, j=5:0.005, j=6:0.015, j=7:0.035, j=8:0.011, j=9:0.001, j=10:0.001, j=11:0.035, j=12:0.162, j=13:0.544, j=14:0.138
      i=15 -> j=0:0.011, j=1:0.009, j=2:0.021, j=3:0.017, j=4:0.006, j=5:0.003, j=6:0.006, j=7:0.018, j=8:0.033, j=9:0.006, j=10:0.001, j=11:0.004, j=12:0.035, j=13:0.246, j=14:0.513, j=15:0.071
      i=16 -> j=0:0.015, j=1:0.008, j=2:0.006, j=3:0.016, j=4:0.014, j=5:0.006, j=6:0.004, j=7:0.003, j=8:0.018, j=9:0.023, j=10:0.004, j=11:0.001, j=12:0.003, j=13:0.048, j=14:0.586, j=15:0.089, j=16:0.155
      i=17 -> j=0:0.003, j=1:0.001, j=2:0.008, j=3:0.017, j=4:0.011, j=5:0.003, j=6:0.001, j=7:0.003, j=8:0.012, j=9:0.012, j=10:0.005, j=11:0.003, j=12:0.005, j=13:0.002, j=14:0.010, j=15:0.050, j=16:0.772, j=17:0.082
      i=18 -> j=0:0.007, j=1:0.002, j=2:0.005, j=3:0.010, j=4:0.009, j=5:0.005, j=6:0.002, j=7:0.003, j=8:0.005, j=9:0.004, j=10:0.007, j=11:0.008, j=12:0.006, j=13:0.001, j=14:0.001, j=15:0.008, j=16:0.364, j=17:0.323, j=18:0.230
      i=19 -> j=0:0.080, j=1:0.018, j=2:0.015, j=3:0.034, j=4:0.036, j=5:0.034, j=6:0.018, j=7:0.014, j=8:0.028, j=9:0.020, j=10:0.017, j=11:0.015, j=12:0.031, j=13:0.026, j=14:0.015, j=15:0.007, j=16:0.087, j=17:0.165, j=18:0.287, j=19:0.053
      i=20 -> j=0:0.081, j=1:0.036, j=2:0.022, j=3:0.023, j=4:0.017, j=5:0.017, j=6:0.020, j=7:0.018, j=8:0.028, j=9:0.012, j=10:0.007, j=11:0.009, j=12:0.025, j=13:0.036, j=14:0.012, j=15:0.002, j=16:0.010, j=17:0.026, j=18:0.204, j=19:0.077, j=20:0.317
      i=21 -> j=0:0.020, j=1:0.028, j=2:0.040, j=3:0.027, j=4:0.013, j=5:0.006, j=6:0.007, j=7:0.016, j=8:0.032, j=9:0.013, j=10:0.004, j=11:0.004, j=12:0.015, j=13:0.034, j=14:0.022, j=15:0.004, j=16:0.004, j=17:0.003, j=18:0.016, j=19:0.037, j=20:0.451, j=21:0.205
      i=22 -> j=0:0.009, j=1:0.011, j=2:0.032, j=3:0.049, j=4:0.034, j=5:0.008, j=6:0.003, j=7:0.009, j=8:0.037, j=9:0.024, j=10:0.007, j=11:0.003, j=12:0.010, j=13:0.021, j=14:0.033, j=15:0.007, j=16:0.010, j=17:0.002, j=18:0.003, j=19:0.009, j=20:0.225, j=21:0.265, j=22:0.188
      i=23 -> j=0:0.004, j=1:0.002, j=2:0.021, j=3:0.059, j=4:0.055, j=5:0.012, j=6:0.002, j=7:0.009, j=8:0.028, j=9:0.017, j=10:0.008, j=11:0.007, j=12:0.015, j=13:0.008, j=14:0.010, j=15:0.009, j=16:0.033, j=17:0.003, j=18:0.001, j=19:0.004, j=20:0.034, j=21:0.069, j=22:0.365, j=23:0.223
      i=24 -> j=0:0.010, j=1:0.002, j=2:0.012, j=3:0.036, j=4:0.043, j=5:0.026, j=6:0.007, j=7:0.018, j=8:0.021, j=9:0.008, j=10:0.008, j=11:0.020, j=12:0.035, j=13:0.007, j=14:0.004, j=15:0.007, j=16:0.054, j=17:0.011, j=18:0.005, j=19:0.005, j=20:0.008, j=21:0.008, j=22:0.094, j=23:0.420, j=24:0.131
      i=25 -> j=0:0.057, j=1:0.007, j=2:0.015, j=3:0.022, j=4:0.020, j=5:0.032, j=6:0.029, j=7:0.054, j=8:0.031, j=9:0.007, j=10:0.006, j=11:0.030, j=12:0.065, j=13:0.015, j=14:0.004, j=15:0.005, j=16:0.034, j=17:0.020, j=18:0.023, j=19:0.011, j=20:0.008, j=21:0.003, j=22:0.013, j=23:0.128, j=24:0.256, j=25:0.104
      i=26 -> j=0:0.124, j=1:0.034, j=2:0.025, j=3:0.017, j=4:0.010, j=5:0.016, j=6:0.038, j=7:0.062, j=8:0.048, j=9:0.012, j=10:0.006, j=11:0.013, j=12:0.041, j=13:0.030, j=14:0.010, j=15:0.004, j=16:0.013, j=17:0.012, j=18:0.024, j=19:0.015, j=20:0.018, j=21:0.004, j=22:0.003, j=23:0.014, j=24:0.073, j=25:0.182, j=26:0.150
      i=27 -> j=0:0.054, j=1:0.065, j=2:0.079, j=3:0.025, j=4:0.008, j=5:0.004, j=6:0.011, j=7:0.053, j=8:0.072, j=9:0.019, j=10:0.005, j=11:0.007, j=12:0.028, j=13:0.025, j=14:0.014, j=15:0.006, j=16:0.011, j=17:0.005, j=18:0.012, j=19:0.015, j=20:0.034, j=21:0.008, j=22:0.002, j=23:0.002, j=24:0.009, j=25:0.069, j=26:0.226, j=27:0.132
      i=28 -> j=0:0.013, j=1:0.042, j=2:0.126, j=3:0.061, j=4:0.021, j=5:0.004, j=6:0.003, j=7:0.024, j=8:0.070, j=9:0.040, j=10:0.012, j=11:0.008, j=12:0.022, j=13:0.017, j=14:0.017, j=15:0.013, j=16:0.019, j=17:0.004, j=18:0.005, j=19:0.011, j=20:0.043, j=21:0.020, j=22:0.007, j=23:0.002, j=24:0.002, j=25:0.013, j=26:0.091, j=27:0.187, j=28:0.100
      i=29 -> j=0:0.003, j=1:0.009, j=2:0.061, j=3:0.098, j=4:0.078, j=5:0.012, j=6:0.002, j=7:0.009, j=8:0.035, j=9:0.039, j=10:0.029, j=11:0.019, j=12:0.026, j=13:0.010, j=14:0.010, j=15:0.014, j=16:0.035, j=17:0.008, j=18:0.004, j=19:0.007, j=20:0.023, j=21:0.022, j=22:0.019, j=23:0.006, j=24:0.002, j=25:0.003, j=26:0.017, j=27:0.074, j=28:0.174, j=29:0.152
      i=30 -> j=0:0.004, j=1:0.003, j=2:0.017, j=3:0.066, j=4:0.115, j=5:0.052, j=6:0.007, j=7:0.010, j=8:0.018, j=9:0.017, j=10:0.027, j=11:0.041, j=12:0.048, j=13:0.013, j=14:0.006, j=15:0.009, j=16:0.037, j=17:0.016, j=18:0.009, j=19:0.008, j=20:0.014, j=21:0.012, j=22:0.021, j=23:0.018, j=24:0.006, j=25:0.003, j=26:0.006, j=27:0.015, j=28:0.064, j=29:0.209, j=30:0.113
      i=31 -> j=0:0.011, j=1:0.002, j=2:0.008, j=3:0.028, j=4:0.050, j=5:0.097, j=6:0.042, j=7:0.032, j=8:0.018, j=9:0.007, j=10:0.011, j=11:0.050, j=12:0.084, j=13:0.026, j=14:0.007, j=15:0.006, j=16:0.024, j=17:0.018, j=18:0.020, j=19:0.015, j=20:0.014, j=21:0.007, j=22:0.012, j=23:0.022, j=24:0.015, j=25:0.006, j=26:0.005, j=27:0.005, j=28:0.013, j=29:0.081, j=30:0.183, j=31:0.083
    Average attention per distance:
      d=0:0.205, d=1:0.353, d=2:0.190, d=3:0.036, d=7:0.025, d=8:0.028, d=9:0.014, d=12:0.016
      d=13:0.021, d=14:0.020, d=15:0.015, d=16:0.011, d=17:0.012, d=18:0.025, d=19:0.049, d=20:0.046
      d=21:0.020, d=24:0.017, d=25:0.058, d=26:0.104, d=27:0.055, d=28:0.017, d=31:0.011
  Head 3: Entropy=1.784
    Attention coefficients from each query position to previous positions:
      i= 0 -> j=0:1.000
      i= 1 -> j=0:0.066, j=1:0.934
      i= 2 -> j=0:0.041, j=1:0.204, j=2:0.755
      i= 3 -> j=0:0.083, j=1:0.269, j=2:0.504, j=3:0.144
      i= 4 -> j=0:0.008, j=1:0.015, j=2:0.191, j=3:0.091, j=4:0.695
      i= 5 -> j=0:0.003, j=1:0.004, j=2:0.098, j=3:0.047, j=4:0.304, j=5:0.543
      i= 6 -> j=0:0.003, j=1:0.005, j=2:0.125, j=3:0.049, j=4:0.187, j=5:0.269, j=6:0.362
      i= 7 -> j=0:0.013, j=1:0.015, j=2:0.079, j=3:0.048, j=4:0.090, j=5:0.124, j=6:0.164, j=7:0.466
      i= 8 -> j=0:0.033, j=1:0.037, j=2:0.054, j=3:0.055, j=4:0.052, j=5:0.088, j=6:0.227, j=7:0.328, j=8:0.126
      i= 9 -> j=0:0.005, j=1:0.006, j=2:0.039, j=3:0.030, j=4:0.023, j=5:0.013, j=6:0.009, j=7:0.178, j=8:0.113, j=9:0.584
      i=10 -> j=0:0.001, j=1:0.002, j=2:0.036, j=3:0.018, j=4:0.016, j=5:0.005, j=6:0.001, j=7:0.095, j=8:0.051, j=9:0.181, j=10:0.594
      i=11 -> j=0:0.003, j=1:0.003, j=2:0.054, j=3:0.022, j=4:0.018, j=5:0.006, j=6:0.002, j=7:0.098, j=8:0.044, j=9:0.079, j=10:0.158, j=11:0.514
      i=12 -> j=0:0.024, j=1:0.022, j=2:0.052, j=3:0.045, j=4:0.045, j=5:0.034, j=6:0.020, j=7:0.063, j=8:0.055, j=9:0.075, j=10:0.143, j=11:0.261, j=12:0.161
      i=13 -> j=0:0.021, j=1:0.018, j=2:0.036, j=3:0.037, j=4:0.031, j=5:0.029, j=6:0.018, j=7:0.054, j=8:0.053, j=9:0.064, j=10:0.095, j=11:0.187, j=12:0.198, j=13:0.160
      i=14 -> j=0:0.009, j=1:0.008, j=2:0.041, j=3:0.030, j=4:0.017, j=5:0.009, j=6:0.004, j=7:0.041, j=8:0.039, j=9:0.028, j=10:0.022, j=11:0.064, j=12:0.249, j=13:0.109, j=14:0.332
      i=15 -> j=0:0.005, j=1:0.007, j=2:0.075, j=3:0.023, j=4:0.012, j=5:0.004, j=6:0.002, j=7:0.053, j=8:0.026, j=9:0.011, j=10:0.005, j=11:0.026, j=12:0.223, j=13:0.038, j=14:0.063, j=15:0.426
      i=16 -> j=0:0.004, j=1:0.004, j=2:0.026, j=3:0.019, j=4:0.010, j=5:0.004, j=6:0.002, j=7:0.016, j=8:0.015, j=9:0.009, j=10:0.006, j=11:0.012, j=12:0.039, j=13:0.012, j=14:0.019, j=15:0.224, j=16:0.579
      i=17 -> j=0:0.005, j=1:0.004, j=2:0.030, j=3:0.020, j=4:0.014, j=5:0.005, j=6:0.001, j=7:0.017, j=8:0.013, j=9:0.008, j=10:0.005, j=11:0.012, j=12:0.044, j=13:0.006, j=14:0.006, j=15:0.104, j=16:0.446, j=17:0.260
      i=18 -> j=0:0.005, j=1:0.004, j=2:0.028, j=3:0.017, j=4:0.013, j=5:0.005, j=6:0.001, j=7:0.018, j=8:0.011, j=9:0.005, j=10:0.003, j=11:0.008, j=12:0.041, j=13:0.004, j=14:0.002, j=15:0.029, j=16:0.132, j=17:0.093, j=18:0.579
      i=19 -> j=0:0.021, j=1:0.017, j=2:0.039, j=3:0.028, j=4:0.025, j=5:0.017, j=6:0.010, j=7:0.037, j=8:0.022, j=9:0.013, j=10:0.011, j=11:0.026, j=12:0.053, j=13:0.012, j=14:0.007, j=15:0.031, j=16:0.075, j=17:0.078, j=18:0.270, j=19:0.208
      i=20 -> j=0:0.016, j=1:0.015, j=2:0.030, j=3:0.027, j=4:0.017, j=5:0.012, j=6:0.009, j=7:0.027, j=8:0.025, j=9:0.013, j=10:0.009, j=11:0.013, j=12:0.031, j=13:0.017, j=14:0.014, j=15:0.024, j=16:0.031, j=17:0.037, j=18:0.127, j=19:0.241, j=20:0.265
      i=21 -> j=0:0.002, j=1:0.002, j=2:0.018, j=3:0.008, j=4:0.008, j=5:0.003, j=6:0.000, j=7:0.009, j=8:0.006, j=9:0.004, j=10:0.001, j=11:0.002, j=12:0.010, j=13:0.001, j=14:0.000, j=15:0.003, j=16:0.006, j=17:0.001, j=18:0.004, j=19:0.045, j=20:0.039, j=21:0.829
      i=22 -> j=0:0.002, j=1:0.002, j=2:0.014, j=3:0.005, j=4:0.007, j=5:0.002, j=6:0.000, j=7:0.007, j=8:0.004, j=9:0.002, j=10:0.001, j=11:0.001, j=12:0.008, j=13:0.000, j=14:0.000, j=15:0.001, j=16:0.004, j=17:0.001, j=18:0.002, j=19:0.020, j=20:0.013, j=21:0.293, j=22:0.610
      i=23 -> j=0:0.005, j=1:0.004, j=2:0.020, j=3:0.007, j=4:0.012, j=5:0.005, j=6:0.001, j=7:0.009, j=8:0.005, j=9:0.004, j=10:0.002, j=11:0.002, j=12:0.012, j=13:0.001, j=14:0.000, j=15:0.002, j=16:0.006, j=17:0.001, j=18:0.004, j=19:0.024, j=20:0.016, j=21:0.259, j=22:0.496, j=23:0.104
      i=24 -> j=0:0.008, j=1:0.008, j=2:0.034, j=3:0.011, j=4:0.020, j=5:0.009, j=6:0.001, j=7:0.015, j=8:0.009, j=9:0.007, j=10:0.003, j=11:0.004, j=12:0.018, j=13:0.002, j=14:0.001, j=15:0.003, j=16:0.007, j=17:0.002, j=18:0.005, j=19:0.028, j=20:0.019, j=21:0.235, j=22:0.409, j=23:0.094, j=24:0.047
      i=25 -> j=0:0.014, j=1:0.015, j=2:0.051, j=3:0.019, j=4:0.032, j=5:0.016, j=6:0.004, j=7:0.026, j=8:0.015, j=9:0.013, j=10:0.006, j=11:0.008, j=12:0.028, j=13:0.004, j=14:0.002, j=15:0.005, j=16:0.012, j=17:0.004, j=18:0.008, j=19:0.035, j=20:0.023, j=21:0.177, j=22:0.287, j=23:0.093, j=24:0.061, j=25:0.042
      i=26 -> j=0:0.018, j=1:0.023, j=2:0.074, j=3:0.024, j=4:0.035, j=5:0.017, j=6:0.005, j=7:0.042, j=8:0.020, j=9:0.015, j=10:0.007, j=11:0.010, j=12:0.041, j=13:0.005, j=14:0.002, j=15:0.006, j=16:0.012, j=17:0.004, j=18:0.007, j=19:0.035, j=20:0.019, j=21:0.088, j=22:0.129, j=23:0.050, j=24:0.047, j=25:0.046, j=26:0.220
      i=27 -> j=0:0.016, j=1:0.021, j=2:0.075, j=3:0.027, j=4:0.046, j=5:0.022, j=6:0.005, j=7:0.036, j=8:0.021, j=9:0.020, j=10:0.010, j=11:0.010, j=12:0.035, j=13:0.006, j=14:0.003, j=15:0.007, j=16:0.013, j=17:0.004, j=18:0.006, j=19:0.028, j=20:0.020, j=21:0.098, j=22:0.123, j=23:0.036, j=24:0.027, j=25:0.027, j=26:0.165, j=27:0.093
      i=28 -> j=0:0.017, j=1:0.019, j=2:0.071, j=3:0.030, j=4:0.054, j=5:0.027, j=6:0.007, j=7:0.037, j=8:0.023, j=9:0.023, j=10:0.011, j=11:0.012, j=12:0.037, j=13:0.006, j=14:0.003, j=15:0.008, j=16:0.014, j=17:0.004, j=18:0.006, j=19:0.026, j=20:0.018, j=21:0.083, j=22:0.105, j=23:0.030, j=24:0.020, j=25:0.019, j=26:0.118, j=27:0.077, j=28:0.095
      i=29 -> j=0:0.020, j=1:0.018, j=2:0.056, j=3:0.030, j=4:0.059, j=5:0.035, j=6:0.009, j=7:0.039, j=8:0.021, j=9:0.022, j=10:0.011, j=11:0.013, j=12:0.040, j=13:0.006, j=14:0.003, j=15:0.007, j=16:0.013, j=17:0.004, j=18:0.006, j=19:0.022, j=20:0.014, j=21:0.065, j=22:0.085, j=23:0.023, j=24:0.015, j=25:0.012, j=26:0.080, j=27:0.052, j=28:0.079, j=29:0.139
      i=30 -> j=0:0.022, j=1:0.020, j=2:0.056, j=3:0.026, j=4:0.051, j=5:0.030, j=6:0.009, j=7:0.048, j=8:0.022, j=9:0.024, j=10:0.012, j=11:0.014, j=12:0.042, j=13:0.006, j=14:0.003, j=15:0.007, j=16:0.014, j=17:0.004, j=18:0.006, j=19:0.023, j=20:0.013, j=21:0.058, j=22:0.069, j=23:0.017, j=24:0.010, j=25:0.008, j=26:0.054, j=27:0.031, j=28:0.044, j=29:0.076, j=30:0.179
      i=31 -> j=0:0.032, j=1:0.028, j=2:0.048, j=3:0.025, j=4:0.039, j=5:0.027, j=6:0.011, j=7:0.056, j=8:0.025, j=9:0.025, j=10:0.012, j=11:0.014, j=12:0.045, j=13:0.007, j=14:0.003, j=15:0.008, j=16:0.014, j=17:0.005, j=18:0.007, j=19:0.025, j=20:0.014, j=21:0.045, j=22:0.049, j=23:0.014, j=24:0.010, j=25:0.007, j=26:0.041, j=27:0.022, j=28:0.029, j=29:0.051, j=30:0.157, j=31:0.104
    Average attention per distance:
      d=0:0.380, d=1:0.189, d=2:0.121, d=3:0.068, d=4:0.040, d=5:0.029, d=6:0.025, d=7:0.024
      d=8:0.022, d=9:0.017, d=10:0.013, d=11:0.012, d=12:0.014, d=13:0.014, d=14:0.011, d=15:0.011
      d=16:0.012, d=17:0.014, d=18:0.015, d=19:0.018, d=20:0.016, d=21:0.017, d=22:0.021, d=23:0.027
      d=24:0.035, d=25:0.035, d=26:0.036, d=27:0.031, d=28:0.029, d=29:0.030, d=30:0.025, d=31:0.032

