=== Experiment: addition_seed5 ===
Time: 2026-07-09T07:37:02.155791
Task type: addition

=== Merged Config ===
--------------------------------------------------
Network Config
--------------------------------------------------
D_MODEL                   64
N_HEAD                    1
N_LAYER                   1
MLP_RATIO                 4
DROPOUT                   0.0
USE_LEARNABLE_PE          False
--------------------------------------------------
Dataset Config
--------------------------------------------------
P                         53
TASK                      addition
TRAIN_LEN                 16
OOD_LEN                   32
MAX_UNIQUE_RATIO          0.5
AB_PAIRS                  [[1, 1], [1, 2]]
A                         1
B                         1
NUM_MASK                  0
--------------------------------------------------
Training Config
--------------------------------------------------
OPTIMIZER                 AdamW
SCHEDULER                 CosineAnnealingLR(T_max=EPOCHS)
BATCH_SIZE                128
LR                        0.0003
WEIGHT_DECAY              1
EPOCHS                    10000
RANDOM_SEED               5
FIRST_TASK_WEIGHT         1.0
ENTROPY_PENALTY_WEIGHT    0.0
EVAL_INTERVAL             20
EARLY_STOP_ACCURACY       0.99
EARLY_STOP_NO_IMPROVE     1000
USE_GREEDY_GENERATE       True
--------------------------------------------------

--- output ---
Using device: cuda

[Dataset] Cycle traverse + sliding window: 1404 + 1405 samples, length 16, mod 53
  - Initial state coverage: 1404/2809 (50.0%)
Recurrence: X(k)=(1*X(k-1)+1*X(k-2)) mod 53
--------------------------------------------------
--------------------------------------------------
[Model config] block_size: 32, train length: 16
[Number theory] X(k)=(1*X(k-1)+1*X(k-2)) mod 53


Model parameters: 0.05M

Start training...
Epoch   0 | Train: Loss=3.9783 Acc=1.5% | Test: Acc=1.9% | Best=1.9%(@0)
  from x2: 0.02 0.02 0.02 0.02 0.02 0.02 0.02 0.02 0.02 0.02 0.02 0.02 0.02 0.02
Epoch  20 | Train: Loss=3.2857 Acc=26.0% | Test: Acc=0.2% | Best=1.9%(@0)
  from x2: 0.00 0.00 0.00 0.00 0.00 0.00 0.00 0.00 0.00 0.00 0.00 0.00 0.00 0.00
Epoch  40 | Train: Loss=2.6794 Acc=52.6% | Test: Acc=0.5% | Best=1.9%(@0)
  from x2: 0.01 0.01 0.00 0.00 0.00 0.00 0.00 0.00 0.00 0.00 0.00 0.00 0.00 0.00
Epoch  60 | Train: Loss=2.2273 Acc=68.1% | Test: Acc=0.8% | Best=1.9%(@0)
  from x2: 0.01 0.01 0.01 0.01 0.01 0.01 0.01 0.01 0.01 0.01 0.01 0.01 0.01 0.01
Epoch  80 | Train: Loss=1.8302 Acc=79.0% | Test: Acc=0.8% | Best=1.9%(@0)
  from x2: 0.02 0.01 0.01 0.00 0.01 0.01 0.01 0.01 0.01 0.01 0.01 0.01 0.01 0.01
Epoch 100 | Train: Loss=1.5072 Acc=85.4% | Test: Acc=0.8% | Best=1.9%(@0)
  from x2: 0.01 0.01 0.01 0.01 0.01 0.01 0.01 0.01 0.01 0.01 0.01 0.01 0.01 0.01
Epoch 120 | Train: Loss=1.2496 Acc=89.3% | Test: Acc=1.1% | Best=1.9%(@0)
  from x2: 0.02 0.01 0.01 0.01 0.01 0.01 0.01 0.01 0.01 0.01 0.01 0.01 0.01 0.01
Epoch 140 | Train: Loss=1.0466 Acc=91.1% | Test: Acc=1.2% | Best=1.9%(@0)
  from x2: 0.02 0.02 0.01 0.01 0.01 0.01 0.01 0.01 0.01 0.01 0.01 0.01 0.01 0.01
Epoch 160 | Train: Loss=0.8876 Acc=92.4% | Test: Acc=1.3% | Best=1.9%(@0)
  from x2: 0.02 0.01 0.01 0.01 0.01 0.01 0.01 0.01 0.01 0.01 0.01 0.01 0.01 0.01
Epoch 180 | Train: Loss=0.7612 Acc=93.7% | Test: Acc=1.4% | Best=1.9%(@0)
  from x2: 0.02 0.01 0.01 0.01 0.01 0.01 0.01 0.01 0.01 0.01 0.01 0.01 0.01 0.01
Epoch 200 | Train: Loss=0.6611 Acc=94.5% | Test: Acc=1.2% | Best=1.9%(@0)
  from x2: 0.02 0.01 0.01 0.01 0.01 0.01 0.01 0.01 0.01 0.01 0.01 0.01 0.01 0.01
Epoch 220 | Train: Loss=0.5809 Acc=95.2% | Test: Acc=1.1% | Best=1.9%(@0)
  from x2: 0.02 0.01 0.01 0.01 0.01 0.01 0.01 0.01 0.01 0.01 0.01 0.01 0.01 0.01
Epoch 240 | Train: Loss=0.5151 Acc=95.8% | Test: Acc=1.3% | Best=1.9%(@0)
  from x2: 0.02 0.01 0.01 0.01 0.01 0.01 0.01 0.01 0.01 0.01 0.01 0.01 0.01 0.01
Epoch 260 | Train: Loss=0.4591 Acc=96.5% | Test: Acc=1.5% | Best=1.9%(@0)
  from x2: 0.02 0.01 0.01 0.01 0.01 0.01 0.01 0.01 0.01 0.01 0.01 0.01 0.01 0.01
Epoch 280 | Train: Loss=0.4091 Acc=97.2% | Test: Acc=1.7% | Best=1.9%(@0)
  from x2: 0.02 0.02 0.02 0.01 0.02 0.02 0.02 0.02 0.02 0.02 0.02 0.02 0.02 0.02
Epoch 300 | Train: Loss=0.3626 Acc=97.7% | Test: Acc=2.1% | Best=2.1%(@300)
  from x2: 0.03 0.02 0.02 0.02 0.02 0.02 0.02 0.02 0.02 0.02 0.02 0.02 0.02 0.02
Epoch 320 | Train: Loss=0.3177 Acc=98.3% | Test: Acc=2.4% | Best=2.4%(@320)
  from x2: 0.03 0.03 0.03 0.02 0.02 0.02 0.02 0.02 0.02 0.02 0.02 0.02 0.02 0.02
Epoch 340 | Train: Loss=0.2731 Acc=98.8% | Test: Acc=2.9% | Best=2.9%(@340)
  from x2: 0.03 0.03 0.03 0.03 0.03 0.03 0.03 0.03 0.03 0.03 0.03 0.03 0.03 0.03
Epoch 360 | Train: Loss=0.2282 Acc=99.2% | Test: Acc=3.6% | Best=3.6%(@360)
  from x2: 0.05 0.04 0.03 0.03 0.03 0.03 0.04 0.04 0.04 0.04 0.04 0.04 0.04 0.04
Epoch 380 | Train: Loss=0.1822 Acc=99.5% | Test: Acc=5.0% | Best=5.0%(@380)
  from x2: 0.07 0.05 0.05 0.05 0.05 0.05 0.05 0.05 0.05 0.05 0.05 0.05 0.05 0.05
Epoch 400 | Train: Loss=0.1343 Acc=99.8% | Test: Acc=9.4% | Best=9.4%(@400)
  from x2: 0.12 0.09 0.09 0.09 0.09 0.09 0.09 0.09 0.09 0.09 0.09 0.09 0.09 0.09
Epoch 420 | Train: Loss=0.0872 Acc=99.9% | Test: Acc=18.6% | Best=18.6%(@420)
  from x2: 0.22 0.18 0.19 0.19 0.18 0.18 0.18 0.18 0.18 0.18 0.18 0.18 0.18 0.18
Epoch 440 | Train: Loss=0.0564 Acc=100.0% | Test: Acc=33.6% | Best=33.6%(@440)
  from x2: 0.37 0.33 0.33 0.33 0.33 0.33 0.33 0.33 0.33 0.33 0.33 0.33 0.33 0.33
Epoch 460 | Train: Loss=0.0448 Acc=100.0% | Test: Acc=52.5% | Best=52.5%(@460)
  from x2: 0.54 0.53 0.53 0.53 0.52 0.52 0.52 0.52 0.52 0.52 0.52 0.52 0.52 0.52
Epoch 480 | Train: Loss=0.0389 Acc=100.0% | Test: Acc=69.1% | Best=69.1%(@480)
  from x2: 0.70 0.68 0.69 0.69 0.69 0.69 0.69 0.69 0.69 0.69 0.69 0.69 0.69 0.69
Epoch 500 | Train: Loss=0.0348 Acc=100.0% | Test: Acc=82.7% | Best=82.7%(@500)
  from x2: 0.83 0.83 0.83 0.83 0.83 0.82 0.83 0.83 0.83 0.83 0.83 0.83 0.83 0.83
Epoch 520 | Train: Loss=0.0315 Acc=100.0% | Test: Acc=91.2% | Best=91.2%(@520)
  from x2: 0.91 0.91 0.91 0.91 0.91 0.91 0.91 0.91 0.91 0.91 0.91 0.91 0.91 0.91
Epoch 540 | Train: Loss=0.0286 Acc=100.0% | Test: Acc=95.7% | Best=95.7%(@540)
  from x2: 0.96 0.96 0.96 0.96 0.96 0.96 0.96 0.96 0.96 0.96 0.96 0.96 0.96 0.96
Epoch 560 | Train: Loss=0.0262 Acc=100.0% | Test: Acc=97.7% | Best=97.7%(@560)
  from x2: 0.98 0.98 0.98 0.98 0.98 0.98 0.98 0.98 0.98 0.98 0.98 0.98 0.98 0.98
Epoch 580 | Train: Loss=0.0239 Acc=100.0% | Test: Acc=98.9% | Best=98.9%(@580)
  from x2: 0.99 0.99 0.99 0.99 0.99 0.99 0.99 0.99 0.99 0.99 0.99 0.99 0.99 0.99
Epoch 600 | Train: Loss=0.0220 Acc=100.0% | Test: Acc=99.2% | Best=99.2%(@600)
  from x2: 1.00 0.99 0.99 0.99 0.99 0.99 0.99 0.99 0.99 0.99 0.99 0.99 0.99 0.99
[Early stop] Epoch 600: test set reached high accuracy

==================================================
Saving model...
[OK] Model saved to: /home/cxm/ai/test0709/models/addition_seed5.pth
  File size: 220.4 KB
  Best test accuracy: 99.25%

==================================================
Final generation test (full enumeration, validate from position 2)
==================================================

--- Statistics for X(k)=(1*X(k-1)+1*X(k-2)) mod 53 ---
Exposed    samples:  1404 | In-dist: 19656/19656 (100.0%) | OOD: 17559/22464 ( 78.2%)
Unexposed  samples:  1405 | In-dist: 19456/19670 ( 98.9%) | OOD: 16517/22480 ( 73.5%)

--- Per-position accuracy ---
  Position   2: Exposed-ID: 1404/1404 (100.0%) | Unexposed-ID: 1398/1405 ( 99.5%)
  Position   3: Exposed-ID: 1404/1404 (100.0%) | Unexposed-ID: 1395/1405 ( 99.3%)
  Position   4: Exposed-ID: 1404/1404 (100.0%) | Unexposed-ID: 1395/1405 ( 99.3%)
  Position   5: Exposed-ID: 1404/1404 (100.0%) | Unexposed-ID: 1395/1405 ( 99.3%)
  Position   6: Exposed-ID: 1404/1404 (100.0%) | Unexposed-ID: 1392/1405 ( 99.1%)
  Position   7: Exposed-ID: 1404/1404 (100.0%) | Unexposed-ID: 1391/1405 ( 99.0%)
  Position   8: Exposed-ID: 1404/1404 (100.0%) | Unexposed-ID: 1391/1405 ( 99.0%)
  Position   9: Exposed-ID: 1404/1404 (100.0%) | Unexposed-ID: 1388/1405 ( 98.8%)
  Position  10: Exposed-ID: 1404/1404 (100.0%) | Unexposed-ID: 1388/1405 ( 98.8%)
  Position  11: Exposed-ID: 1404/1404 (100.0%) | Unexposed-ID: 1388/1405 ( 98.8%)
  Position  12: Exposed-ID: 1404/1404 (100.0%) | Unexposed-ID: 1385/1405 ( 98.6%)
  Position  13: Exposed-ID: 1404/1404 (100.0%) | Unexposed-ID: 1385/1405 ( 98.6%)
  Position  14: Exposed-ID: 1404/1404 (100.0%) | Unexposed-ID: 1385/1405 ( 98.6%)
  Position  15: Exposed-ID: 1404/1404 (100.0%) | Unexposed-ID: 1380/1405 ( 98.2%)
  Position  16: Exposed-OOD: 1404/1404 (100.0%) | Unexposed-OOD: 1376/1405 ( 97.9%)
  Position  17: Exposed-OOD: 1404/1404 (100.0%) | Unexposed-OOD: 1373/1405 ( 97.7%)
  Position  18: Exposed-OOD: 1404/1404 (100.0%) | Unexposed-OOD: 1368/1405 ( 97.4%)
  Position  19: Exposed-OOD: 1404/1404 (100.0%) | Unexposed-OOD: 1358/1405 ( 96.7%)
  Position  20: Exposed-OOD: 1404/1404 (100.0%) | Unexposed-OOD: 1346/1405 ( 95.8%)
  Position  21: Exposed-OOD: 1404/1404 (100.0%) | Unexposed-OOD: 1333/1405 ( 94.9%)
  Position  22: Exposed-OOD: 1404/1404 (100.0%) | Unexposed-OOD: 1324/1405 ( 94.2%)
  Position  23: Exposed-OOD: 1403/1404 ( 99.9%) | Unexposed-OOD: 1321/1405 ( 94.0%)
  Position  24: Exposed-OOD: 1402/1404 ( 99.9%) | Unexposed-OOD: 1314/1405 ( 93.5%)
  Position  25: Exposed-OOD: 1386/1404 ( 98.7%) | Unexposed-OOD: 1267/1405 ( 90.2%)
  Position  26: Exposed-OOD: 1174/1404 ( 83.6%) | Unexposed-OOD: 960/1405 ( 68.3%)
  Position  27: Exposed-OOD: 752/1404 ( 53.6%) | Unexposed-OOD: 599/1405 ( 42.6%)
  Position  28: Exposed-OOD: 494/1404 ( 35.2%) | Unexposed-OOD: 465/1405 ( 33.1%)
  Position  29: Exposed-OOD: 400/1404 ( 28.5%) | Unexposed-OOD: 404/1405 ( 28.8%)
  Position  30: Exposed-OOD: 372/1404 ( 26.5%) | Unexposed-OOD: 370/1405 ( 26.3%)
  Position  31: Exposed-OOD: 348/1404 ( 24.8%) | Unexposed-OOD: 339/1405 ( 24.1%)

--- Return code: 0 ---

======================================================================
Attention Analysis
======================================================================
Model config: addition, a=1, b=1, p=53
Best test accuracy: 0.9924758515505846
Training epochs: 600

Random test sequence 1/5 (length 32): [1, 28, 29, 4, 33, 37, 17, 1, 18, 19, 37, 3, 40, 43, 30, 20, 50, 17, 14, 31]...

======================================================================
Attention Layer Training Result Summary
======================================================================
Input sequence: [1, 28, 29, 4, 33, 37, 17, 1, 18, 19, 37, 3, 40, 43, 30, 20, 50, 17, 14, 31, 45, 23, 15, 38, 0, 38, 38, 23, 8, 31, 39, 17]

--- Layer 0 ---
  Head 0: Entropy=0.941
    Attention coefficients from each query position to previous positions:
      i= 0 -> j=0:1.000
      i= 1 -> j=0:0.272, j=1:0.728
      i= 2 -> j=0:0.030, j=1:0.226, j=2:0.744
      i= 3 -> j=0:0.001, j=1:0.031, j=2:0.219, j=3:0.749
      i= 4 -> j=0:0.000, j=1:0.002, j=2:0.020, j=3:0.260, j=4:0.718
      i= 5 -> j=0:0.001, j=1:0.001, j=2:0.004, j=3:0.015, j=4:0.225, j=5:0.754
      i= 6 -> j=0:0.000, j=1:0.000, j=2:0.000, j=3:0.001, j=4:0.024, j=5:0.228, j=6:0.747
      i= 7 -> j=0:0.001, j=1:0.000, j=2:0.000, j=3:0.000, j=4:0.001, j=5:0.034, j=6:0.237, j=7:0.727
      i= 8 -> j=0:0.001, j=1:0.001, j=2:0.000, j=3:0.000, j=4:0.000, j=5:0.003, j=6:0.024, j=7:0.244, j=8:0.726
      i= 9 -> j=0:0.000, j=1:0.001, j=2:0.001, j=3:0.001, j=4:0.000, j=5:0.001, j=6:0.002, j=7:0.024, j=8:0.260, j=9:0.710
      i=10 -> j=0:0.000, j=1:0.000, j=2:0.001, j=3:0.001, j=4:0.001, j=5:0.001, j=6:0.001, j=7:0.003, j=8:0.025, j=9:0.270, j=10:0.697
      i=11 -> j=0:0.000, j=1:0.000, j=2:0.001, j=3:0.001, j=4:0.001, j=5:0.000, j=6:0.000, j=7:0.000, j=8:0.003, j=9:0.025, j=10:0.226, j=11:0.741
      i=12 -> j=0:0.000, j=1:0.000, j=2:0.000, j=3:0.001, j=4:0.000, j=5:0.000, j=6:0.001, j=7:0.000, j=8:0.001, j=9:0.001, j=10:0.043, j=11:0.248, j=12:0.704
      i=13 -> j=0:0.001, j=1:0.001, j=2:0.001, j=3:0.000, j=4:0.000, j=5:0.001, j=6:0.001, j=7:0.000, j=8:0.001, j=9:0.000, j=10:0.004, j=11:0.024, j=12:0.241, j=13:0.724
      i=14 -> j=0:0.001, j=1:0.002, j=2:0.001, j=3:0.000, j=4:0.000, j=5:0.000, j=6:0.001, j=7:0.000, j=8:0.001, j=9:0.000, j=10:0.001, j=11:0.005, j=12:0.039, j=13:0.223, j=14:0.725
      i=15 -> j=0:0.004, j=1:0.003, j=2:0.002, j=3:0.001, j=4:0.000, j=5:0.000, j=6:0.000, j=7:0.000, j=8:0.001, j=9:0.000, j=10:0.000, j=11:0.001, j=12:0.003, j=13:0.037, j=14:0.266, j=15:0.679
      i=16 -> j=0:0.004, j=1:0.002, j=2:0.003, j=3:0.003, j=4:0.001, j=5:0.001, j=6:0.000, j=7:0.000, j=8:0.001, j=9:0.001, j=10:0.000, j=11:0.000, j=12:0.001, j=13:0.003, j=14:0.034, j=15:0.196, j=16:0.751
      i=17 -> j=0:0.007, j=1:0.001, j=2:0.002, j=3:0.002, j=4:0.002, j=5:0.001, j=6:0.000, j=7:0.000, j=8:0.000, j=9:0.000, j=10:0.000, j=11:0.000, j=12:0.000, j=13:0.000, j=14:0.002, j=15:0.025, j=16:0.295, j=17:0.661
      i=18 -> j=0:0.012, j=1:0.002, j=2:0.002, j=3:0.002, j=4:0.001, j=5:0.001, j=6:0.000, j=7:0.000, j=8:0.000, j=9:0.000, j=10:0.000, j=11:0.001, j=12:0.001, j=13:0.001, j=14:0.001, j=15:0.003, j=16:0.026, j=17:0.235, j=18:0.712
      i=19 -> j=0:0.012, j=1:0.005, j=2:0.006, j=3:0.005, j=4:0.002, j=5:0.001, j=6:0.001, j=7:0.000, j=8:0.000, j=9:0.000, j=10:0.000, j=11:0.001, j=12:0.001, j=13:0.001, j=14:0.000, j=15:0.001, j=16:0.002, j=17:0.032, j=18:0.239, j=19:0.689
      i=20 -> j=0:0.006, j=1:0.010, j=2:0.010, j=3:0.011, j=4:0.002, j=5:0.003, j=6:0.002, j=7:0.001, j=8:0.002, j=9:0.000, j=10:0.001, j=11:0.000, j=12:0.000, j=13:0.001, j=14:0.001, j=15:0.001, j=16:0.001, j=17:0.004, j=18:0.029, j=19:0.236, j=20:0.678
      i=21 -> j=0:0.002, j=1:0.005, j=2:0.006, j=3:0.015, j=4:0.016, j=5:0.009, j=6:0.006, j=7:0.003, j=8:0.002, j=9:0.001, j=10:0.001, j=11:0.001, j=12:0.000, j=13:0.001, j=14:0.001, j=15:0.001, j=16:0.001, j=17:0.001, j=18:0.004, j=19:0.027, j=20:0.234, j=21:0.664
      i=22 -> j=0:0.003, j=1:0.004, j=2:0.007, j=3:0.018, j=4:0.046, j=5:0.011, j=6:0.006, j=7:0.002, j=8:0.001, j=9:0.001, j=10:0.001, j=11:0.001, j=12:0.000, j=13:0.001, j=14:0.000, j=15:0.001, j=16:0.001, j=17:0.001, j=18:0.001, j=19:0.002, j=20:0.031, j=21:0.213, j=22:0.647
      i=23 -> j=0:0.005, j=1:0.002, j=2:0.003, j=3:0.004, j=4:0.018, j=5:0.009, j=6:0.004, j=7:0.003, j=8:0.001, j=9:0.003, j=10:0.001, j=11:0.001, j=12:0.000, j=13:0.000, j=14:0.000, j=15:0.001, j=16:0.003, j=17:0.001, j=18:0.000, j=19:0.000, j=20:0.004, j=21:0.032, j=22:0.215, j=23:0.688
      i=24 -> j=0:0.040, j=1:0.012, j=2:0.004, j=3:0.001, j=4:0.014, j=5:0.012, j=6:0.039, j=7:0.021, j=8:0.005, j=9:0.010, j=10:0.002, j=11:0.002, j=12:0.001, j=13:0.001, j=14:0.001, j=15:0.001, j=16:0.001, j=17:0.001, j=18:0.000, j=19:0.000, j=20:0.001, j=21:0.003, j=22:0.020, j=23:0.217, j=24:0.590
      i=25 -> j=0:0.037, j=1:0.012, j=2:0.004, j=3:0.001, j=4:0.001, j=5:0.003, j=6:0.010, j=7:0.008, j=8:0.002, j=9:0.001, j=10:0.002, j=11:0.001, j=12:0.001, j=13:0.000, j=14:0.000, j=15:0.000, j=16:0.000, j=17:0.000, j=18:0.000, j=19:0.000, j=20:0.000, j=21:0.001, j=22:0.002, j=23:0.023, j=24:0.444, j=25:0.445
      i=26 -> j=0:0.039, j=1:0.044, j=2:0.020, j=3:0.004, j=4:0.001, j=5:0.002, j=6:0.006, j=7:0.011, j=8:0.007, j=9:0.002, j=10:0.003, j=11:0.001, j=12:0.002, j=13:0.001, j=14:0.001, j=15:0.000, j=16:0.000, j=17:0.000, j=18:0.000, j=19:0.000, j=20:0.001, j=21:0.001, j=22:0.000, j=23:0.002, j=24:0.118, j=25:0.227, j=26:0.510
      i=27 -> j=0:0.017, j=1:0.041, j=2:0.047, j=3:0.030, j=4:0.006, j=5:0.002, j=6:0.004, j=7:0.004, j=8:0.010, j=9:0.008, j=10:0.011, j=11:0.005, j=12:0.006, j=13:0.002, j=14:0.001, j=15:0.001, j=16:0.000, j=17:0.000, j=18:0.000, j=19:0.000, j=20:0.001, j=21:0.001, j=22:0.001, j=23:0.000, j=24:0.015, j=25:0.022, j=26:0.205, j=27:0.560
      i=28 -> j=0:0.006, j=1:0.014, j=2:0.065, j=3:0.117, j=4:0.025, j=5:0.004, j=6:0.003, j=7:0.003, j=8:0.007, j=9:0.009, j=10:0.012, j=11:0.008, j=12:0.007, j=13:0.001, j=14:0.001, j=15:0.001, j=16:0.001, j=17:0.000, j=18:0.000, j=19:0.001, j=20:0.001, j=21:0.001, j=22:0.001, j=23:0.000, j=24:0.004, j=25:0.002, j=26:0.020, j=27:0.178, j=28:0.509
      i=29 -> j=0:0.002, j=1:0.002, j=2:0.013, j=3:0.043, j=4:0.036, j=5:0.006, j=6:0.004, j=7:0.001, j=8:0.003, j=9:0.005, j=10:0.006, j=11:0.006, j=12:0.009, j=13:0.001, j=14:0.001, j=15:0.001, j=16:0.001, j=17:0.000, j=18:0.000, j=19:0.000, j=20:0.000, j=21:0.000, j=22:0.001, j=23:0.000, j=24:0.001, j=25:0.000, j=26:0.002, j=27:0.033, j=28:0.216, j=29:0.606
      i=30 -> j=0:0.004, j=1:0.002, j=2:0.004, j=3:0.011, j=4:0.065, j=5:0.025, j=6:0.021, j=7:0.004, j=8:0.001, j=9:0.004, j=10:0.005, j=11:0.012, j=12:0.023, j=13:0.004, j=14:0.003, j=15:0.002, j=16:0.002, j=17:0.001, j=18:0.000, j=19:0.000, j=20:0.000, j=21:0.000, j=22:0.001, j=23:0.000, j=24:0.001, j=25:0.000, j=26:0.000, j=27:0.003, j=28:0.025, j=29:0.234, j=30:0.542
      i=31 -> j=0:0.008, j=1:0.004, j=2:0.003, j=3:0.004, j=4:0.023, j=5:0.029, j=6:0.050, j=7:0.009, j=8:0.002, j=9:0.001, j=10:0.002, j=11:0.010, j=12:0.029, j=13:0.010, j=14:0.003, j=15:0.002, j=16:0.002, j=17:0.002, j=18:0.001, j=19:0.001, j=20:0.000, j=21:0.000, j=22:0.000, j=23:0.000, j=24:0.001, j=25:0.000, j=26:0.000, j=27:0.000, j=28:0.003, j=29:0.019, j=30:0.200, j=31:0.579
    Average attention per distance:
      d=0:0.678, d=1:0.240, d=2:0.030, d=18:0.015, d=19:0.013, d=24:0.020, d=25:0.051, d=26:0.047
      d=27:0.016


======================================================================
QK Property Verification (Raw Scores, before Softmax)
======================================================================
Recurrence order init_len=2, num test sequences=1

--- [P1] Long-distance Orthogonality Verification ---
Ideal: raw_score mean ≈ 0 and small std when d > init_len

  Layer 0, Head 0:
    d= 1 (effective): mean=  3.648, std= 0.381, n=31
    d= 2 (effective): mean=  1.524, std= 0.520, n=30
    d>2 (long-distance): mean= -1.453, std= 1.481, n=435

--- [P2] Time-homogeneous Verification ---
Ideal: CV of raw_score across positions i ≈ 0 for fixed distance d
(CV = std / |mean|, smaller = more constant)

  Layer 0, Head 0:
    d= 1: mean=  3.648, std= 0.381, CV=0.105, n=31
    d= 2: mean=  1.524, std= 0.520, CV=0.341, n=30

======================================================================
QK Property Verification Completed
======================================================================
