=== Experiment: addition_seed4 ===
Time: 2026-07-09T07:37:02.154657
Task type: addition

=== Merged Config ===
--------------------------------------------------
Network Config
--------------------------------------------------
D_MODEL                   64
N_HEAD                    1
N_LAYER                   1
MLP_RATIO                 4
DROPOUT                   0.0
USE_LEARNABLE_PE          False
--------------------------------------------------
Dataset Config
--------------------------------------------------
P                         53
TASK                      addition
TRAIN_LEN                 16
OOD_LEN                   32
MAX_UNIQUE_RATIO          0.5
AB_PAIRS                  [[1, 1], [1, 2]]
A                         1
B                         1
NUM_MASK                  0
--------------------------------------------------
Training Config
--------------------------------------------------
OPTIMIZER                 AdamW
SCHEDULER                 CosineAnnealingLR(T_max=EPOCHS)
BATCH_SIZE                128
LR                        0.0003
WEIGHT_DECAY              1
EPOCHS                    10000
RANDOM_SEED               4
FIRST_TASK_WEIGHT         1.0
ENTROPY_PENALTY_WEIGHT    0.0
EVAL_INTERVAL             20
EARLY_STOP_ACCURACY       0.99
EARLY_STOP_NO_IMPROVE     1000
USE_GREEDY_GENERATE       True
--------------------------------------------------

--- output ---
Using device: cuda

[Dataset] Cycle traverse + sliding window: 1404 + 1405 samples, length 16, mod 53
  - Initial state coverage: 1404/2809 (50.0%)
Recurrence: X(k)=(1*X(k-1)+1*X(k-2)) mod 53
--------------------------------------------------
--------------------------------------------------
[Model config] block_size: 32, train length: 16
[Number theory] X(k)=(1*X(k-1)+1*X(k-2)) mod 53


Model parameters: 0.05M

Start training...
Epoch   0 | Train: Loss=3.9745 Acc=2.4% | Test: Acc=1.3% | Best=1.3%(@0)
  from x2: 0.01 0.01 0.01 0.01 0.01 0.01 0.01 0.01 0.01 0.01 0.01 0.01 0.01 0.01
Epoch  20 | Train: Loss=3.2319 Acc=28.3% | Test: Acc=0.2% | Best=1.3%(@0)
  from x2: 0.01 0.01 0.00 0.00 0.00 0.00 0.00 0.00 0.00 0.00 0.00 0.00 0.00 0.00
Epoch  40 | Train: Loss=2.5911 Acc=55.1% | Test: Acc=0.5% | Best=1.3%(@0)
  from x2: 0.01 0.01 0.01 0.00 0.00 0.00 0.01 0.01 0.00 0.00 0.01 0.00 0.00 0.00
Epoch  60 | Train: Loss=2.1489 Acc=68.7% | Test: Acc=0.5% | Best=1.3%(@0)
  from x2: 0.01 0.01 0.00 0.01 0.00 0.00 0.01 0.00 0.00 0.00 0.00 0.00 0.00 0.00
Epoch  80 | Train: Loss=1.7670 Acc=78.6% | Test: Acc=0.7% | Best=1.3%(@0)
  from x2: 0.01 0.01 0.01 0.01 0.00 0.01 0.01 0.01 0.01 0.00 0.01 0.01 0.00 0.00
Epoch 100 | Train: Loss=1.4384 Acc=85.3% | Test: Acc=0.7% | Best=1.3%(@0)
  from x2: 0.02 0.01 0.01 0.01 0.01 0.01 0.00 0.01 0.01 0.00 0.00 0.00 0.00 0.00
Epoch 120 | Train: Loss=1.1824 Acc=89.2% | Test: Acc=0.8% | Best=1.3%(@0)
  from x2: 0.02 0.01 0.01 0.01 0.01 0.01 0.01 0.01 0.01 0.01 0.01 0.01 0.01 0.01
Epoch 140 | Train: Loss=0.9906 Acc=91.3% | Test: Acc=0.8% | Best=1.3%(@0)
  from x2: 0.02 0.01 0.01 0.01 0.01 0.01 0.01 0.01 0.01 0.01 0.01 0.01 0.01 0.01
Epoch 160 | Train: Loss=0.8463 Acc=92.7% | Test: Acc=0.8% | Best=1.3%(@0)
  from x2: 0.01 0.01 0.01 0.01 0.01 0.01 0.01 0.01 0.01 0.01 0.01 0.01 0.01 0.01
Epoch 180 | Train: Loss=0.7346 Acc=93.8% | Test: Acc=0.7% | Best=1.3%(@0)
  from x2: 0.01 0.01 0.01 0.01 0.01 0.01 0.01 0.01 0.01 0.01 0.01 0.01 0.01 0.01
Epoch 200 | Train: Loss=0.6440 Acc=94.7% | Test: Acc=0.7% | Best=1.3%(@0)
  from x2: 0.01 0.01 0.01 0.01 0.01 0.01 0.01 0.01 0.01 0.01 0.01 0.01 0.01 0.01
Epoch 220 | Train: Loss=0.5676 Acc=95.4% | Test: Acc=0.7% | Best=1.3%(@0)
  from x2: 0.01 0.01 0.01 0.01 0.01 0.01 0.01 0.01 0.01 0.01 0.01 0.01 0.01 0.01
Epoch 240 | Train: Loss=0.5021 Acc=96.0% | Test: Acc=0.8% | Best=1.3%(@0)
  from x2: 0.01 0.01 0.01 0.01 0.01 0.01 0.01 0.01 0.01 0.01 0.01 0.01 0.01 0.01
Epoch 260 | Train: Loss=0.4456 Acc=96.4% | Test: Acc=0.8% | Best=1.3%(@0)
  from x2: 0.01 0.01 0.01 0.01 0.01 0.01 0.01 0.01 0.01 0.01 0.01 0.01 0.01 0.01
Epoch 280 | Train: Loss=0.3967 Acc=96.9% | Test: Acc=1.0% | Best=1.3%(@0)
  from x2: 0.01 0.01 0.01 0.01 0.01 0.01 0.01 0.01 0.01 0.01 0.01 0.01 0.01 0.01
Epoch 300 | Train: Loss=0.3539 Acc=97.4% | Test: Acc=1.1% | Best=1.3%(@0)
  from x2: 0.02 0.01 0.01 0.01 0.01 0.01 0.01 0.01 0.01 0.01 0.01 0.01 0.01 0.01
Epoch 320 | Train: Loss=0.3161 Acc=97.8% | Test: Acc=1.2% | Best=1.3%(@0)
  from x2: 0.02 0.01 0.01 0.01 0.01 0.01 0.01 0.01 0.01 0.01 0.01 0.01 0.01 0.01
Epoch 340 | Train: Loss=0.2817 Acc=98.3% | Test: Acc=1.3% | Best=1.3%(@340)
  from x2: 0.02 0.01 0.01 0.01 0.01 0.01 0.01 0.01 0.01 0.01 0.01 0.01 0.01 0.01
Epoch 360 | Train: Loss=0.2496 Acc=98.6% | Test: Acc=1.5% | Best=1.5%(@360)
  from x2: 0.02 0.01 0.01 0.02 0.02 0.01 0.01 0.01 0.01 0.01 0.01 0.01 0.01 0.01
Epoch 380 | Train: Loss=0.2185 Acc=99.1% | Test: Acc=2.0% | Best=2.0%(@380)
  from x2: 0.02 0.02 0.02 0.02 0.02 0.02 0.02 0.02 0.02 0.02 0.02 0.02 0.02 0.02
Epoch 400 | Train: Loss=0.1880 Acc=99.3% | Test: Acc=2.2% | Best=2.2%(@400)
  from x2: 0.02 0.02 0.02 0.02 0.02 0.02 0.02 0.02 0.02 0.02 0.02 0.02 0.02 0.02
Epoch 420 | Train: Loss=0.1584 Acc=99.5% | Test: Acc=2.6% | Best=2.6%(@420)
  from x2: 0.03 0.03 0.02 0.03 0.03 0.03 0.03 0.03 0.03 0.03 0.03 0.03 0.03 0.03
Epoch 440 | Train: Loss=0.1295 Acc=99.7% | Test: Acc=3.5% | Best=3.5%(@440)
  from x2: 0.04 0.03 0.04 0.03 0.03 0.03 0.03 0.04 0.04 0.04 0.04 0.03 0.04 0.03
Epoch 460 | Train: Loss=0.1008 Acc=99.9% | Test: Acc=5.0% | Best=5.0%(@460)
  from x2: 0.06 0.05 0.05 0.05 0.05 0.05 0.05 0.05 0.05 0.05 0.05 0.05 0.05 0.05
Epoch 480 | Train: Loss=0.0731 Acc=100.0% | Test: Acc=7.6% | Best=7.6%(@480)
  from x2: 0.09 0.08 0.07 0.07 0.07 0.08 0.08 0.07 0.07 0.07 0.08 0.08 0.08 0.08
Epoch 500 | Train: Loss=0.0554 Acc=100.0% | Test: Acc=13.0% | Best=13.0%(@500)
  from x2: 0.15 0.13 0.13 0.13 0.13 0.13 0.13 0.13 0.13 0.13 0.13 0.13 0.13 0.13
Epoch 520 | Train: Loss=0.0475 Acc=100.0% | Test: Acc=22.0% | Best=22.0%(@520)
  from x2: 0.23 0.22 0.22 0.22 0.22 0.22 0.22 0.22 0.22 0.22 0.22 0.22 0.22 0.22
Epoch 540 | Train: Loss=0.0421 Acc=100.0% | Test: Acc=35.8% | Best=35.8%(@540)
  from x2: 0.36 0.36 0.36 0.36 0.36 0.36 0.36 0.36 0.36 0.36 0.36 0.36 0.36 0.36
Epoch 560 | Train: Loss=0.0377 Acc=100.0% | Test: Acc=49.1% | Best=49.1%(@560)
  from x2: 0.49 0.49 0.49 0.49 0.49 0.49 0.49 0.49 0.49 0.49 0.49 0.49 0.49 0.49
Epoch 580 | Train: Loss=0.0340 Acc=100.0% | Test: Acc=64.3% | Best=64.3%(@580)
  from x2: 0.64 0.64 0.65 0.65 0.65 0.65 0.64 0.64 0.64 0.64 0.64 0.64 0.64 0.64
Epoch 600 | Train: Loss=0.0309 Acc=100.0% | Test: Acc=77.3% | Best=77.3%(@600)
  from x2: 0.76 0.77 0.77 0.77 0.77 0.77 0.77 0.78 0.78 0.77 0.77 0.77 0.77 0.77
Epoch 620 | Train: Loss=0.0280 Acc=100.0% | Test: Acc=85.2% | Best=85.2%(@620)
  from x2: 0.85 0.85 0.85 0.85 0.85 0.85 0.85 0.85 0.85 0.85 0.85 0.85 0.85 0.85
Epoch 640 | Train: Loss=0.0255 Acc=100.0% | Test: Acc=91.4% | Best=91.4%(@640)
  from x2: 0.92 0.92 0.92 0.92 0.92 0.91 0.91 0.91 0.91 0.91 0.91 0.91 0.91 0.91
Epoch 660 | Train: Loss=0.0231 Acc=100.0% | Test: Acc=95.0% | Best=95.0%(@660)
  from x2: 0.95 0.95 0.95 0.95 0.95 0.95 0.95 0.95 0.95 0.95 0.95 0.95 0.95 0.95
Epoch 680 | Train: Loss=0.0210 Acc=100.0% | Test: Acc=97.7% | Best=97.7%(@680)
  from x2: 0.98 0.98 0.98 0.98 0.98 0.98 0.98 0.98 0.98 0.98 0.98 0.98 0.97 0.97
Epoch 700 | Train: Loss=0.0191 Acc=100.0% | Test: Acc=98.8% | Best=98.8%(@700)
  from x2: 0.99 0.99 0.99 0.99 0.99 0.99 0.99 0.99 0.99 0.99 0.99 0.99 0.99 0.99
Epoch 720 | Train: Loss=0.0174 Acc=100.0% | Test: Acc=99.3% | Best=99.3%(@720)
  from x2: 1.00 0.99 0.99 0.99 0.99 0.99 0.99 0.99 0.99 0.99 0.99 0.99 0.99 0.99
[Early stop] Epoch 720: test set reached high accuracy

==================================================
Saving model...
[OK] Model saved to: /home/cxm/ai/test0709/models/addition_seed4.pth
  File size: 220.4 KB
  Best test accuracy: 99.26%

==================================================
Final generation test (full enumeration, validate from position 2)
==================================================

--- Statistics for X(k)=(1*X(k-1)+1*X(k-2)) mod 53 ---
Exposed    samples:  1404 | In-dist: 19656/19656 (100.0%) | OOD: 21705/22464 ( 96.6%)
Unexposed  samples:  1405 | In-dist: 19537/19670 ( 99.3%) | OOD: 20345/22480 ( 90.5%)

--- Per-position accuracy ---
  Position   2: Exposed-ID: 1404/1404 (100.0%) | Unexposed-ID: 1400/1405 ( 99.6%)
  Position   3: Exposed-ID: 1404/1404 (100.0%) | Unexposed-ID: 1397/1405 ( 99.4%)
  Position   4: Exposed-ID: 1404/1404 (100.0%) | Unexposed-ID: 1395/1405 ( 99.3%)
  Position   5: Exposed-ID: 1404/1404 (100.0%) | Unexposed-ID: 1395/1405 ( 99.3%)
  Position   6: Exposed-ID: 1404/1404 (100.0%) | Unexposed-ID: 1395/1405 ( 99.3%)
  Position   7: Exposed-ID: 1404/1404 (100.0%) | Unexposed-ID: 1395/1405 ( 99.3%)
  Position   8: Exposed-ID: 1404/1404 (100.0%) | Unexposed-ID: 1395/1405 ( 99.3%)
  Position   9: Exposed-ID: 1404/1404 (100.0%) | Unexposed-ID: 1395/1405 ( 99.3%)
  Position  10: Exposed-ID: 1404/1404 (100.0%) | Unexposed-ID: 1395/1405 ( 99.3%)
  Position  11: Exposed-ID: 1404/1404 (100.0%) | Unexposed-ID: 1395/1405 ( 99.3%)
  Position  12: Exposed-ID: 1404/1404 (100.0%) | Unexposed-ID: 1395/1405 ( 99.3%)
  Position  13: Exposed-ID: 1404/1404 (100.0%) | Unexposed-ID: 1395/1405 ( 99.3%)
  Position  14: Exposed-ID: 1404/1404 (100.0%) | Unexposed-ID: 1395/1405 ( 99.3%)
  Position  15: Exposed-ID: 1404/1404 (100.0%) | Unexposed-ID: 1395/1405 ( 99.3%)
  Position  16: Exposed-OOD: 1404/1404 (100.0%) | Unexposed-OOD: 1395/1405 ( 99.3%)
  Position  17: Exposed-OOD: 1404/1404 (100.0%) | Unexposed-OOD: 1395/1405 ( 99.3%)
  Position  18: Exposed-OOD: 1404/1404 (100.0%) | Unexposed-OOD: 1394/1405 ( 99.2%)
  Position  19: Exposed-OOD: 1404/1404 (100.0%) | Unexposed-OOD: 1393/1405 ( 99.1%)
  Position  20: Exposed-OOD: 1404/1404 (100.0%) | Unexposed-OOD: 1387/1405 ( 98.7%)
  Position  21: Exposed-OOD: 1404/1404 (100.0%) | Unexposed-OOD: 1379/1405 ( 98.1%)
  Position  22: Exposed-OOD: 1404/1404 (100.0%) | Unexposed-OOD: 1376/1405 ( 97.9%)
  Position  23: Exposed-OOD: 1404/1404 (100.0%) | Unexposed-OOD: 1374/1405 ( 97.8%)
  Position  24: Exposed-OOD: 1404/1404 (100.0%) | Unexposed-OOD: 1375/1405 ( 97.9%)
  Position  25: Exposed-OOD: 1404/1404 (100.0%) | Unexposed-OOD: 1367/1405 ( 97.3%)
  Position  26: Exposed-OOD: 1397/1404 ( 99.5%) | Unexposed-OOD: 1272/1405 ( 90.5%)
  Position  27: Exposed-OOD: 1319/1404 ( 93.9%) | Unexposed-OOD: 1093/1405 ( 77.8%)
  Position  28: Exposed-OOD: 1259/1404 ( 89.7%) | Unexposed-OOD: 1023/1405 ( 72.8%)
  Position  29: Exposed-OOD: 1235/1404 ( 88.0%) | Unexposed-OOD: 1028/1405 ( 73.2%)
  Position  30: Exposed-OOD: 1233/1404 ( 87.8%) | Unexposed-OOD: 1048/1405 ( 74.6%)
  Position  31: Exposed-OOD: 1222/1404 ( 87.0%) | Unexposed-OOD: 1046/1405 ( 74.4%)

--- Return code: 0 ---

======================================================================
Attention Analysis
======================================================================
Model config: addition, a=1, b=1, p=53
Best test accuracy: 0.992628368073208
Training epochs: 720

Random test sequence 1/5 (length 32): [31, 38, 16, 1, 17, 18, 35, 0, 35, 35, 17, 52, 16, 15, 31, 46, 24, 17, 41, 5]...

======================================================================
Attention Layer Training Result Summary
======================================================================
Input sequence: [31, 38, 16, 1, 17, 18, 35, 0, 35, 35, 17, 52, 16, 15, 31, 46, 24, 17, 41, 5, 46, 51, 44, 42, 33, 22, 2, 24, 26, 50, 23, 20]

--- Layer 0 ---
  Head 0: Entropy=0.914
    Attention coefficients from each query position to previous positions:
      i= 0 -> j=0:1.000
      i= 1 -> j=0:0.253, j=1:0.747
      i= 2 -> j=0:0.022, j=1:0.308, j=2:0.671
      i= 3 -> j=0:0.002, j=1:0.024, j=2:0.236, j=3:0.738
      i= 4 -> j=0:0.000, j=1:0.001, j=2:0.026, j=3:0.302, j=4:0.671
      i= 5 -> j=0:0.001, j=1:0.001, j=2:0.002, j=3:0.034, j=4:0.306, j=5:0.656
      i= 6 -> j=0:0.003, j=1:0.000, j=2:0.000, j=3:0.002, j=4:0.020, j=5:0.306, j=6:0.668
      i= 7 -> j=0:0.005, j=1:0.002, j=2:0.000, j=3:0.001, j=4:0.001, j=5:0.032, j=6:0.234, j=7:0.724
      i= 8 -> j=0:0.001, j=1:0.001, j=2:0.000, j=3:0.000, j=4:0.000, j=5:0.002, j=6:0.025, j=7:0.537, j=8:0.433
      i= 9 -> j=0:0.000, j=1:0.001, j=2:0.001, j=3:0.001, j=4:0.000, j=5:0.000, j=6:0.002, j=7:0.183, j=8:0.288, j=9:0.523
      i=10 -> j=0:0.000, j=1:0.000, j=2:0.001, j=3:0.002, j=4:0.001, j=5:0.001, j=6:0.000, j=7:0.015, j=8:0.025, j=9:0.281, j=10:0.673
      i=11 -> j=0:0.000, j=1:0.000, j=2:0.000, j=3:0.001, j=4:0.002, j=5:0.001, j=6:0.001, j=7:0.003, j=8:0.002, j=9:0.029, j=10:0.294, j=11:0.667
      i=12 -> j=0:0.001, j=1:0.000, j=2:0.000, j=3:0.000, j=4:0.002, j=5:0.003, j=6:0.002, j=7:0.002, j=8:0.001, j=9:0.002, j=10:0.031, j=11:0.294, j=12:0.662
      i=13 -> j=0:0.001, j=1:0.000, j=2:0.000, j=3:0.000, j=4:0.000, j=5:0.001, j=6:0.001, j=7:0.002, j=8:0.000, j=9:0.000, j=10:0.001, j=11:0.025, j=12:0.313, j=13:0.654
      i=14 -> j=0:0.004, j=1:0.002, j=2:0.001, j=3:0.000, j=4:0.000, j=5:0.001, j=6:0.002, j=7:0.004, j=8:0.001, j=9:0.001, j=10:0.000, j=11:0.002, j=12:0.022, j=13:0.298, j=14:0.660
      i=15 -> j=0:0.000, j=1:0.000, j=2:0.001, j=3:0.000, j=4:0.000, j=5:0.000, j=6:0.000, j=7:0.004, j=8:0.002, j=9:0.001, j=10:0.000, j=11:0.000, j=12:0.001, j=13:0.018, j=14:0.286, j=15:0.687
      i=16 -> j=0:0.000, j=1:0.000, j=2:0.001, j=3:0.001, j=4:0.001, j=5:0.000, j=6:0.000, j=7:0.002, j=8:0.001, j=9:0.002, j=10:0.001, j=11:0.001, j=12:0.000, j=13:0.001, j=14:0.021, j=15:0.287, j=16:0.681
      i=17 -> j=0:0.002, j=1:0.000, j=2:0.001, j=3:0.001, j=4:0.004, j=5:0.001, j=6:0.000, j=7:0.000, j=8:0.000, j=9:0.001, j=10:0.003, j=11:0.002, j=12:0.000, j=13:0.000, j=14:0.002, j=15:0.020, j=16:0.239, j=17:0.722
      i=18 -> j=0:0.009, j=1:0.002, j=2:0.001, j=3:0.000, j=4:0.002, j=5:0.003, j=6:0.001, j=7:0.000, j=8:0.000, j=9:0.000, j=10:0.001, j=11:0.002, j=12:0.001, j=13:0.001, j=14:0.000, j=15:0.001, j=16:0.028, j=17:0.263, j=18:0.686
      i=19 -> j=0:0.018, j=1:0.011, j=2:0.003, j=3:0.001, j=4:0.001, j=5:0.001, j=6:0.002, j=7:0.001, j=8:0.000, j=9:0.000, j=10:0.001, j=11:0.002, j=12:0.002, j=13:0.002, j=14:0.001, j=15:0.000, j=16:0.003, j=17:0.028, j=18:0.284, j=19:0.639
      i=20 -> j=0:0.007, j=1:0.019, j=2:0.005, j=3:0.001, j=4:0.000, j=5:0.000, j=6:0.001, j=7:0.001, j=8:0.000, j=9:0.000, j=10:0.000, j=11:0.000, j=12:0.001, j=13:0.001, j=14:0.001, j=15:0.000, j=16:0.000, j=17:0.001, j=18:0.020, j=19:0.255, j=20:0.686
      i=21 -> j=0:0.002, j=1:0.018, j=2:0.016, j=3:0.003, j=4:0.000, j=5:0.000, j=6:0.001, j=7:0.004, j=8:0.004, j=9:0.001, j=10:0.000, j=11:0.000, j=12:0.000, j=13:0.000, j=14:0.003, j=15:0.001, j=16:0.000, j=17:0.000, j=18:0.001, j=19:0.023, j=20:0.251, j=21:0.670
      i=22 -> j=0:0.001, j=1:0.003, j=2:0.017, j=3:0.019, j=4:0.009, j=5:0.002, j=6:0.001, j=7:0.002, j=8:0.003, j=9:0.003, j=10:0.001, j=11:0.000, j=12:0.000, j=13:0.000, j=14:0.002, j=15:0.002, j=16:0.001, j=17:0.000, j=18:0.000, j=19:0.002, j=20:0.021, j=21:0.246, j=22:0.662
      i=23 -> j=0:0.001, j=1:0.001, j=2:0.003, j=3:0.008, j=4:0.019, j=5:0.003, j=6:0.001, j=7:0.000, j=8:0.001, j=9:0.001, j=10:0.002, j=11:0.001, j=12:0.000, j=13:0.000, j=14:0.000, j=15:0.001, j=16:0.002, j=17:0.001, j=18:0.000, j=19:0.000, j=20:0.001, j=21:0.017, j=22:0.302, j=23:0.635
      i=24 -> j=0:0.006, j=1:0.001, j=2:0.001, j=3:0.001, j=4:0.008, j=5:0.005, j=6:0.003, j=7:0.000, j=8:0.001, j=9:0.001, j=10:0.001, j=11:0.002, j=12:0.000, j=13:0.000, j=14:0.000, j=15:0.000, j=16:0.001, j=17:0.002, j=18:0.001, j=19:0.000, j=20:0.000, j=21:0.001, j=22:0.027, j=23:0.266, j=24:0.671
      i=25 -> j=0:0.082, j=1:0.011, j=2:0.003, j=3:0.003, j=4:0.008, j=5:0.020, j=6:0.016, j=7:0.001, j=8:0.001, j=9:0.001, j=10:0.001, j=11:0.002, j=12:0.002, j=13:0.001, j=14:0.000, j=15:0.000, j=16:0.001, j=17:0.002, j=18:0.003, j=19:0.002, j=20:0.000, j=21:0.000, j=22:0.002, j=23:0.021, j=24:0.212, j=25:0.604
      i=26 -> j=0:0.076, j=1:0.038, j=2:0.010, j=3:0.002, j=4:0.001, j=5:0.002, j=6:0.006, j=7:0.003, j=8:0.003, j=9:0.001, j=10:0.000, j=11:0.000, j=12:0.001, j=13:0.001, j=14:0.001, j=15:0.000, j=16:0.000, j=17:0.000, j=18:0.001, j=19:0.002, j=20:0.001, j=21:0.000, j=22:0.000, j=23:0.001, j=24:0.023, j=25:0.277, j=26:0.547
      i=27 -> j=0:0.013, j=1:0.045, j=2:0.034, j=3:0.007, j=4:0.001, j=5:0.001, j=6:0.002, j=7:0.004, j=8:0.005, j=9:0.002, j=10:0.000, j=11:0.000, j=12:0.000, j=13:0.001, j=14:0.002, j=15:0.000, j=16:0.000, j=17:0.000, j=18:0.000, j=19:0.001, j=20:0.002, j=21:0.001, j=22:0.001, j=23:0.000, j=24:0.001, j=25:0.028, j=26:0.273, j=27:0.575
      i=28 -> j=0:0.002, j=1:0.013, j=2:0.039, j=3:0.055, j=4:0.014, j=5:0.004, j=6:0.003, j=7:0.006, j=8:0.018, j=9:0.019, j=10:0.006, j=11:0.001, j=12:0.001, j=13:0.001, j=14:0.003, j=15:0.002, j=16:0.001, j=17:0.000, j=18:0.000, j=19:0.001, j=20:0.001, j=21:0.003, j=22:0.001, j=23:0.000, j=24:0.000, j=25:0.002, j=26:0.027, j=27:0.239, j=28:0.533
      i=29 -> j=0:0.000, j=1:0.001, j=2:0.004, j=3:0.021, j=4:0.039, j=5:0.007, j=6:0.001, j=7:0.001, j=8:0.003, j=9:0.010, j=10:0.015, j=11:0.003, j=12:0.001, j=13:0.000, j=14:0.001, j=15:0.001, j=16:0.001, j=17:0.001, j=18:0.000, j=19:0.000, j=20:0.000, j=21:0.001, j=22:0.001, j=23:0.001, j=24:0.000, j=25:0.000, j=26:0.002, j=27:0.025, j=28:0.255, j=29:0.606
      i=30 -> j=0:0.002, j=1:0.001, j=2:0.001, j=3:0.017, j=4:0.071, j=5:0.039, j=6:0.008, j=7:0.001, j=8:0.001, j=9:0.004, j=10:0.015, j=11:0.017, j=12:0.005, j=13:0.001, j=14:0.001, j=15:0.001, j=16:0.002, j=17:0.002, j=18:0.001, j=19:0.000, j=20:0.000, j=21:0.000, j=22:0.001, j=23:0.002, j=24:0.001, j=25:0.000, j=26:0.000, j=27:0.002, j=28:0.025, j=29:0.210, j=30:0.568
      i=31 -> j=0:0.010, j=1:0.002, j=2:0.000, j=3:0.001, j=4:0.011, j=5:0.030, j=6:0.032, j=7:0.002, j=8:0.001, j=9:0.001, j=10:0.003, j=11:0.008, j=12:0.009, j=13:0.003, j=14:0.001, j=15:0.000, j=16:0.001, j=17:0.001, j=18:0.002, j=19:0.001, j=20:0.000, j=21:0.000, j=22:0.000, j=23:0.001, j=24:0.001, j=25:0.002, j=26:0.000, j=27:0.000, j=28:0.002, j=29:0.015, j=30:0.229, j=31:0.631
    Average attention per distance:
      d=0:0.655, d=1:0.278, d=2:0.029, d=19:0.014, d=20:0.012, d=25:0.046, d=26:0.047, d=27:0.012
      d=31:0.010


======================================================================
QK Property Verification (Raw Scores, before Softmax)
======================================================================
Recurrence order init_len=2, num test sequences=1

--- [P1] Long-distance Orthogonality Verification ---
Ideal: raw_score mean ≈ 0 and small std when d > init_len

  Layer 0, Head 0:
    d= 1 (effective): mean=  3.997, std= 0.367, n=31
    d= 2 (effective): mean=  1.619, std= 0.470, n=30
    d>2 (long-distance): mean= -1.484, std= 1.380, n=435

--- [P2] Time-homogeneous Verification ---
Ideal: CV of raw_score across positions i ≈ 0 for fixed distance d
(CV = std / |mean|, smaller = more constant)

  Layer 0, Head 0:
    d= 1: mean=  3.997, std= 0.367, CV=0.092, n=31
    d= 2: mean=  1.619, std= 0.470, CV=0.290, n=30

======================================================================
QK Property Verification Completed
======================================================================
