=== Experiment: addition_seed3 ===
Time: 2026-07-09T07:37:02.151761
Task type: addition

=== Merged Config ===
--------------------------------------------------
Network Config
--------------------------------------------------
D_MODEL                   64
N_HEAD                    1
N_LAYER                   1
MLP_RATIO                 4
DROPOUT                   0.0
USE_LEARNABLE_PE          False
--------------------------------------------------
Dataset Config
--------------------------------------------------
P                         53
TASK                      addition
TRAIN_LEN                 16
OOD_LEN                   32
MAX_UNIQUE_RATIO          0.5
AB_PAIRS                  [[1, 1], [1, 2]]
A                         1
B                         1
NUM_MASK                  0
--------------------------------------------------
Training Config
--------------------------------------------------
OPTIMIZER                 AdamW
SCHEDULER                 CosineAnnealingLR(T_max=EPOCHS)
BATCH_SIZE                128
LR                        0.0003
WEIGHT_DECAY              1
EPOCHS                    10000
RANDOM_SEED               3
FIRST_TASK_WEIGHT         1.0
ENTROPY_PENALTY_WEIGHT    0.0
EVAL_INTERVAL             20
EARLY_STOP_ACCURACY       0.99
EARLY_STOP_NO_IMPROVE     1000
USE_GREEDY_GENERATE       True
--------------------------------------------------

--- output ---
Using device: cuda

[Dataset] Cycle traverse + sliding window: 1404 + 1405 samples, length 16, mod 53
  - Initial state coverage: 1404/2809 (50.0%)
Recurrence: X(k)=(1*X(k-1)+1*X(k-2)) mod 53
--------------------------------------------------
--------------------------------------------------
[Model config] block_size: 32, train length: 16
[Number theory] X(k)=(1*X(k-1)+1*X(k-2)) mod 53


Model parameters: 0.05M

Start training...
Epoch   0 | Train: Loss=3.9778 Acc=1.7% | Test: Acc=1.4% | Best=1.4%(@0)
  from x2: 0.01 0.01 0.01 0.01 0.01 0.01 0.02 0.01 0.01 0.02 0.02 0.01 0.01 0.02
Epoch  20 | Train: Loss=3.2523 Acc=27.7% | Test: Acc=0.2% | Best=1.4%(@0)
  from x2: 0.01 0.00 0.00 0.00 0.00 0.00 0.00 0.00 0.00 0.00 0.00 0.00 0.00 0.00
Epoch  40 | Train: Loss=2.6303 Acc=53.0% | Test: Acc=0.3% | Best=1.4%(@0)
  from x2: 0.01 0.01 0.01 0.00 0.00 0.00 0.00 0.00 0.00 0.00 0.00 0.00 0.00 0.00
Epoch  60 | Train: Loss=2.1873 Acc=67.0% | Test: Acc=0.3% | Best=1.4%(@0)
  from x2: 0.01 0.01 0.00 0.00 0.00 0.00 0.00 0.00 0.00 0.00 0.00 0.00 0.00 0.00
Epoch  80 | Train: Loss=1.8028 Acc=77.7% | Test: Acc=0.3% | Best=1.4%(@0)
  from x2: 0.01 0.01 0.00 0.00 0.00 0.00 0.00 0.00 0.00 0.00 0.00 0.00 0.00 0.00
Epoch 100 | Train: Loss=1.4826 Acc=84.6% | Test: Acc=0.4% | Best=1.4%(@0)
  from x2: 0.01 0.01 0.00 0.00 0.00 0.00 0.00 0.00 0.00 0.00 0.00 0.00 0.00 0.00
Epoch 120 | Train: Loss=1.2305 Acc=88.4% | Test: Acc=0.5% | Best=1.4%(@0)
  from x2: 0.01 0.01 0.01 0.01 0.00 0.00 0.00 0.00 0.00 0.00 0.00 0.00 0.00 0.00
Epoch 140 | Train: Loss=1.0382 Acc=90.4% | Test: Acc=0.6% | Best=1.4%(@0)
  from x2: 0.01 0.01 0.01 0.01 0.01 0.01 0.01 0.01 0.01 0.01 0.01 0.00 0.01 0.00
Epoch 160 | Train: Loss=0.8915 Acc=91.8% | Test: Acc=0.7% | Best=1.4%(@0)
  from x2: 0.01 0.01 0.01 0.01 0.01 0.01 0.01 0.01 0.01 0.01 0.01 0.01 0.01 0.01
Epoch 180 | Train: Loss=0.7752 Acc=93.1% | Test: Acc=0.8% | Best=1.4%(@0)
  from x2: 0.01 0.01 0.01 0.01 0.01 0.01 0.01 0.01 0.01 0.01 0.01 0.01 0.01 0.01
Epoch 200 | Train: Loss=0.6797 Acc=94.0% | Test: Acc=0.7% | Best=1.4%(@0)
  from x2: 0.01 0.01 0.01 0.01 0.01 0.01 0.01 0.01 0.01 0.01 0.01 0.01 0.01 0.01
Epoch 220 | Train: Loss=0.6001 Acc=94.7% | Test: Acc=0.8% | Best=1.4%(@0)
  from x2: 0.01 0.01 0.01 0.01 0.01 0.01 0.01 0.01 0.01 0.01 0.01 0.01 0.01 0.01
Epoch 240 | Train: Loss=0.5336 Acc=95.6% | Test: Acc=0.9% | Best=1.4%(@0)
  from x2: 0.01 0.01 0.01 0.01 0.01 0.01 0.01 0.01 0.01 0.01 0.01 0.01 0.01 0.01
Epoch 260 | Train: Loss=0.4775 Acc=96.3% | Test: Acc=1.0% | Best=1.4%(@0)
  from x2: 0.01 0.01 0.01 0.01 0.01 0.01 0.01 0.01 0.01 0.01 0.01 0.01 0.01 0.01
Epoch 280 | Train: Loss=0.4291 Acc=96.8% | Test: Acc=1.1% | Best=1.4%(@0)
  from x2: 0.01 0.01 0.01 0.01 0.01 0.01 0.01 0.01 0.01 0.01 0.01 0.01 0.01 0.01
Epoch 300 | Train: Loss=0.3864 Acc=97.2% | Test: Acc=1.2% | Best=1.4%(@0)
  from x2: 0.01 0.01 0.01 0.01 0.01 0.01 0.01 0.01 0.01 0.01 0.01 0.01 0.01 0.01
Epoch 320 | Train: Loss=0.3474 Acc=97.6% | Test: Acc=1.2% | Best=1.4%(@0)
  from x2: 0.01 0.01 0.01 0.01 0.01 0.01 0.01 0.01 0.01 0.01 0.01 0.01 0.01 0.01
Epoch 340 | Train: Loss=0.3115 Acc=98.0% | Test: Acc=1.3% | Best=1.4%(@0)
  from x2: 0.02 0.01 0.01 0.01 0.01 0.01 0.01 0.01 0.01 0.01 0.01 0.01 0.01 0.01
Epoch 360 | Train: Loss=0.2780 Acc=98.4% | Test: Acc=1.6% | Best=1.6%(@360)
  from x2: 0.02 0.02 0.02 0.02 0.02 0.02 0.02 0.02 0.02 0.02 0.02 0.02 0.01 0.01
Epoch 380 | Train: Loss=0.2469 Acc=98.7% | Test: Acc=1.9% | Best=1.9%(@380)
  from x2: 0.02 0.02 0.02 0.02 0.02 0.02 0.02 0.02 0.02 0.02 0.02 0.02 0.02 0.02
Epoch 400 | Train: Loss=0.2174 Acc=99.0% | Test: Acc=2.5% | Best=2.5%(@400)
  from x2: 0.03 0.02 0.02 0.02 0.02 0.02 0.03 0.03 0.03 0.02 0.02 0.02 0.02 0.02
Epoch 420 | Train: Loss=0.1879 Acc=99.3% | Test: Acc=2.9% | Best=2.9%(@420)
  from x2: 0.03 0.03 0.03 0.03 0.03 0.03 0.03 0.03 0.03 0.03 0.03 0.03 0.03 0.03
Epoch 440 | Train: Loss=0.1574 Acc=99.5% | Test: Acc=3.2% | Best=3.2%(@440)
  from x2: 0.03 0.03 0.03 0.03 0.03 0.03 0.03 0.03 0.03 0.03 0.03 0.03 0.03 0.03
Epoch 460 | Train: Loss=0.1266 Acc=99.7% | Test: Acc=4.3% | Best=4.3%(@460)
  from x2: 0.05 0.04 0.04 0.04 0.04 0.04 0.04 0.04 0.04 0.04 0.04 0.04 0.04 0.04
Epoch 480 | Train: Loss=0.0970 Acc=99.8% | Test: Acc=6.3% | Best=6.3%(@480)
  from x2: 0.07 0.06 0.06 0.06 0.06 0.06 0.06 0.06 0.06 0.06 0.06 0.06 0.06 0.07
Epoch 500 | Train: Loss=0.0697 Acc=99.9% | Test: Acc=9.5% | Best=9.5%(@500)
  from x2: 0.11 0.09 0.09 0.09 0.09 0.10 0.09 0.09 0.09 0.09 0.09 0.09 0.09 0.09
Epoch 520 | Train: Loss=0.0531 Acc=100.0% | Test: Acc=15.9% | Best=15.9%(@520)
  from x2: 0.19 0.16 0.16 0.16 0.15 0.16 0.16 0.16 0.16 0.16 0.16 0.16 0.16 0.16
Epoch 540 | Train: Loss=0.0454 Acc=100.0% | Test: Acc=27.0% | Best=27.0%(@540)
  from x2: 0.28 0.27 0.27 0.27 0.27 0.27 0.27 0.27 0.27 0.27 0.27 0.27 0.27 0.27
Epoch 560 | Train: Loss=0.0401 Acc=100.0% | Test: Acc=40.3% | Best=40.3%(@560)
  from x2: 0.40 0.40 0.40 0.41 0.40 0.40 0.40 0.40 0.40 0.40 0.40 0.40 0.40 0.40
Epoch 580 | Train: Loss=0.0361 Acc=100.0% | Test: Acc=55.9% | Best=55.9%(@580)
  from x2: 0.58 0.57 0.56 0.56 0.56 0.56 0.56 0.56 0.56 0.56 0.56 0.56 0.56 0.56
Epoch 600 | Train: Loss=0.0326 Acc=100.0% | Test: Acc=72.0% | Best=72.0%(@600)
  from x2: 0.73 0.72 0.72 0.72 0.72 0.72 0.72 0.72 0.72 0.72 0.72 0.72 0.72 0.72
Epoch 620 | Train: Loss=0.0295 Acc=100.0% | Test: Acc=84.9% | Best=84.9%(@620)
  from x2: 0.85 0.85 0.85 0.85 0.85 0.85 0.85 0.85 0.85 0.85 0.85 0.85 0.85 0.85
Epoch 640 | Train: Loss=0.0269 Acc=100.0% | Test: Acc=91.7% | Best=91.7%(@640)
  from x2: 0.92 0.92 0.92 0.92 0.92 0.92 0.92 0.92 0.92 0.92 0.92 0.92 0.92 0.92
Epoch 660 | Train: Loss=0.0246 Acc=100.0% | Test: Acc=95.4% | Best=95.4%(@660)
  from x2: 0.97 0.96 0.96 0.95 0.95 0.95 0.95 0.95 0.95 0.95 0.95 0.95 0.95 0.95
Epoch 680 | Train: Loss=0.0225 Acc=100.0% | Test: Acc=97.5% | Best=97.5%(@680)
  from x2: 0.99 0.98 0.98 0.98 0.98 0.98 0.97 0.97 0.97 0.97 0.97 0.97 0.97 0.97
Epoch 700 | Train: Loss=0.0207 Acc=100.0% | Test: Acc=98.3% | Best=98.3%(@700)
  from x2: 0.99 0.98 0.98 0.98 0.98 0.98 0.98 0.98 0.98 0.98 0.98 0.98 0.98 0.98
Epoch 720 | Train: Loss=0.0191 Acc=100.0% | Test: Acc=98.8% | Best=98.8%(@720)
  from x2: 1.00 0.99 0.99 0.99 0.99 0.99 0.99 0.99 0.99 0.99 0.99 0.99 0.99 0.99
Epoch 740 | Train: Loss=0.0177 Acc=100.0% | Test: Acc=98.8% | Best=98.8%(@740)
  from x2: 1.00 0.99 0.99 0.99 0.99 0.99 0.99 0.99 0.99 0.99 0.99 0.99 0.99 0.99
Epoch 760 | Train: Loss=0.0164 Acc=100.0% | Test: Acc=99.0% | Best=99.0%(@760)
  from x2: 1.00 0.99 0.99 0.99 0.99 0.99 0.99 0.99 0.99 0.99 0.99 0.99 0.99 0.99
Epoch 780 | Train: Loss=0.0152 Acc=100.0% | Test: Acc=99.0% | Best=99.0%(@780)
  from x2: 1.00 0.99 0.99 0.99 0.99 0.99 0.99 0.99 0.99 0.99 0.99 0.99 0.99 0.99
[Early stop] Epoch 780: test set reached high accuracy

==================================================
Saving model...
[OK] Model saved to: /home/cxm/ai/test0709/models/addition_seed3.pth
  File size: 220.4 KB
  Best test accuracy: 99.02%

==================================================
Final generation test (full enumeration, validate from position 2)
==================================================

--- Statistics for X(k)=(1*X(k-1)+1*X(k-2)) mod 53 ---
Exposed    samples:  1404 | In-dist: 19656/19656 (100.0%) | OOD: 17382/22464 ( 77.4%)
Unexposed  samples:  1405 | In-dist: 19461/19670 ( 98.9%) | OOD: 16613/22480 ( 73.9%)

--- Per-position accuracy ---
  Position   2: Exposed-ID: 1404/1404 (100.0%) | Unexposed-ID: 1403/1405 ( 99.9%)
  Position   3: Exposed-ID: 1404/1404 (100.0%) | Unexposed-ID: 1392/1405 ( 99.1%)
  Position   4: Exposed-ID: 1404/1404 (100.0%) | Unexposed-ID: 1392/1405 ( 99.1%)
  Position   5: Exposed-ID: 1404/1404 (100.0%) | Unexposed-ID: 1392/1405 ( 99.1%)
  Position   6: Exposed-ID: 1404/1404 (100.0%) | Unexposed-ID: 1391/1405 ( 99.0%)
  Position   7: Exposed-ID: 1404/1404 (100.0%) | Unexposed-ID: 1390/1405 ( 98.9%)
  Position   8: Exposed-ID: 1404/1404 (100.0%) | Unexposed-ID: 1390/1405 ( 98.9%)
  Position   9: Exposed-ID: 1404/1404 (100.0%) | Unexposed-ID: 1389/1405 ( 98.9%)
  Position  10: Exposed-ID: 1404/1404 (100.0%) | Unexposed-ID: 1388/1405 ( 98.8%)
  Position  11: Exposed-ID: 1404/1404 (100.0%) | Unexposed-ID: 1388/1405 ( 98.8%)
  Position  12: Exposed-ID: 1404/1404 (100.0%) | Unexposed-ID: 1387/1405 ( 98.7%)
  Position  13: Exposed-ID: 1404/1404 (100.0%) | Unexposed-ID: 1387/1405 ( 98.7%)
  Position  14: Exposed-ID: 1404/1404 (100.0%) | Unexposed-ID: 1387/1405 ( 98.7%)
  Position  15: Exposed-ID: 1404/1404 (100.0%) | Unexposed-ID: 1385/1405 ( 98.6%)
  Position  16: Exposed-OOD: 1404/1404 (100.0%) | Unexposed-OOD: 1385/1405 ( 98.6%)
  Position  17: Exposed-OOD: 1404/1404 (100.0%) | Unexposed-OOD: 1385/1405 ( 98.6%)
  Position  18: Exposed-OOD: 1404/1404 (100.0%) | Unexposed-OOD: 1382/1405 ( 98.4%)
  Position  19: Exposed-OOD: 1404/1404 (100.0%) | Unexposed-OOD: 1377/1405 ( 98.0%)
  Position  20: Exposed-OOD: 1404/1404 (100.0%) | Unexposed-OOD: 1364/1405 ( 97.1%)
  Position  21: Exposed-OOD: 1404/1404 (100.0%) | Unexposed-OOD: 1357/1405 ( 96.6%)
  Position  22: Exposed-OOD: 1404/1404 (100.0%) | Unexposed-OOD: 1354/1405 ( 96.4%)
  Position  23: Exposed-OOD: 1404/1404 (100.0%) | Unexposed-OOD: 1355/1405 ( 96.4%)
  Position  24: Exposed-OOD: 1404/1404 (100.0%) | Unexposed-OOD: 1350/1405 ( 96.1%)
  Position  25: Exposed-OOD: 1398/1404 ( 99.6%) | Unexposed-OOD: 1311/1405 ( 93.3%)
  Position  26: Exposed-OOD: 1110/1404 ( 79.1%) | Unexposed-OOD: 950/1405 ( 67.6%)
  Position  27: Exposed-OOD: 663/1404 ( 47.2%) | Unexposed-OOD: 503/1405 ( 35.8%)
  Position  28: Exposed-OOD: 465/1404 ( 33.1%) | Unexposed-OOD: 402/1405 ( 28.6%)
  Position  29: Exposed-OOD: 399/1404 ( 28.4%) | Unexposed-OOD: 390/1405 ( 27.8%)
  Position  30: Exposed-OOD: 356/1404 ( 25.4%) | Unexposed-OOD: 370/1405 ( 26.3%)
  Position  31: Exposed-OOD: 355/1404 ( 25.3%) | Unexposed-OOD: 378/1405 ( 26.9%)

--- Return code: 0 ---

======================================================================
Attention Analysis
======================================================================
Model config: addition, a=1, b=1, p=53
Best test accuracy: 0.9901881037112353
Training epochs: 780

Random test sequence 1/5 (length 32): [51, 43, 41, 31, 19, 50, 16, 13, 29, 42, 18, 7, 25, 32, 4, 36, 40, 23, 10, 33]...

======================================================================
Attention Layer Training Result Summary
======================================================================
Input sequence: [51, 43, 41, 31, 19, 50, 16, 13, 29, 42, 18, 7, 25, 32, 4, 36, 40, 23, 10, 33, 43, 23, 13, 36, 49, 32, 28, 7, 35, 42, 24, 13]

--- Layer 0 ---
  Head 0: Entropy=0.776
    Attention coefficients from each query position to previous positions:
      i= 0 -> j=0:1.000
      i= 1 -> j=0:0.202, j=1:0.798
      i= 2 -> j=0:0.016, j=1:0.197, j=2:0.788
      i= 3 -> j=0:0.002, j=1:0.015, j=2:0.169, j=3:0.814
      i= 4 -> j=0:0.001, j=1:0.001, j=2:0.020, j=3:0.175, j=4:0.804
      i= 5 -> j=0:0.000, j=1:0.000, j=2:0.002, j=3:0.014, j=4:0.199, j=5:0.785
      i= 6 -> j=0:0.001, j=1:0.000, j=2:0.000, j=3:0.002, j=4:0.024, j=5:0.197, j=6:0.776
      i= 7 -> j=0:0.002, j=1:0.001, j=2:0.001, j=3:0.000, j=4:0.003, j=5:0.015, j=6:0.210, j=7:0.768
      i= 8 -> j=0:0.002, j=1:0.003, j=2:0.002, j=3:0.001, j=4:0.000, j=5:0.001, j=6:0.011, j=7:0.155, j=8:0.825
      i= 9 -> j=0:0.001, j=1:0.001, j=2:0.002, j=3:0.001, j=4:0.001, j=5:0.000, j=6:0.001, j=7:0.020, j=8:0.192, j=9:0.781
      i=10 -> j=0:0.000, j=1:0.000, j=2:0.001, j=3:0.002, j=4:0.001, j=5:0.000, j=6:0.000, j=7:0.001, j=8:0.017, j=9:0.207, j=10:0.770
      i=11 -> j=0:0.001, j=1:0.000, j=2:0.001, j=3:0.001, j=4:0.002, j=5:0.001, j=6:0.000, j=7:0.000, j=8:0.001, j=9:0.023, j=10:0.184, j=11:0.786
      i=12 -> j=0:0.001, j=1:0.000, j=2:0.000, j=3:0.001, j=4:0.003, j=5:0.002, j=6:0.002, j=7:0.001, j=8:0.000, j=9:0.002, j=10:0.015, j=11:0.209, j=12:0.764
      i=13 -> j=0:0.000, j=1:0.000, j=2:0.000, j=3:0.000, j=4:0.001, j=5:0.001, j=6:0.001, j=7:0.001, j=8:0.000, j=9:0.000, j=10:0.001, j=11:0.012, j=12:0.172, j=13:0.809
      i=14 -> j=0:0.001, j=1:0.002, j=2:0.001, j=3:0.001, j=4:0.000, j=5:0.001, j=6:0.001, j=7:0.002, j=8:0.001, j=9:0.001, j=10:0.000, j=11:0.001, j=12:0.018, j=13:0.166, j=14:0.804
      i=15 -> j=0:0.001, j=1:0.001, j=2:0.001, j=3:0.001, j=4:0.000, j=5:0.000, j=6:0.001, j=7:0.001, j=8:0.001, j=9:0.001, j=10:0.000, j=11:0.000, j=12:0.001, j=13:0.018, j=14:0.199, j=15:0.773
      i=16 -> j=0:0.003, j=1:0.002, j=2:0.001, j=3:0.001, j=4:0.000, j=5:0.000, j=6:0.000, j=7:0.000, j=8:0.002, j=9:0.002, j=10:0.001, j=11:0.001, j=12:0.000, j=13:0.001, j=14:0.013, j=15:0.174, j=16:0.797
      i=17 -> j=0:0.007, j=1:0.002, j=2:0.001, j=3:0.001, j=4:0.000, j=5:0.000, j=6:0.000, j=7:0.000, j=8:0.001, j=9:0.001, j=10:0.001, j=11:0.001, j=12:0.000, j=13:0.000, j=14:0.001, j=15:0.016, j=16:0.218, j=17:0.748
      i=18 -> j=0:0.032, j=1:0.007, j=2:0.002, j=3:0.001, j=4:0.001, j=5:0.001, j=6:0.001, j=7:0.000, j=8:0.000, j=9:0.000, j=10:0.001, j=11:0.004, j=12:0.001, j=13:0.001, j=14:0.000, j=15:0.002, j=16:0.018, j=17:0.160, j=18:0.768
      i=19 -> j=0:0.012, j=1:0.010, j=2:0.005, j=3:0.002, j=4:0.001, j=5:0.000, j=6:0.001, j=7:0.000, j=8:0.000, j=9:0.000, j=10:0.000, j=11:0.001, j=12:0.001, j=13:0.001, j=14:0.000, j=15:0.001, j=16:0.001, j=17:0.018, j=18:0.191, j=19:0.754
      i=20 -> j=0:0.010, j=1:0.032, j=2:0.017, j=3:0.006, j=4:0.003, j=5:0.001, j=6:0.001, j=7:0.001, j=8:0.001, j=9:0.000, j=10:0.000, j=11:0.001, j=12:0.002, j=13:0.002, j=14:0.000, j=15:0.000, j=16:0.000, j=17:0.001, j=18:0.018, j=19:0.181, j=20:0.722
      i=21 -> j=0:0.001, j=1:0.005, j=2:0.010, j=3:0.012, j=4:0.009, j=5:0.002, j=6:0.001, j=7:0.001, j=8:0.001, j=9:0.000, j=10:0.000, j=11:0.000, j=12:0.001, j=13:0.001, j=14:0.001, j=15:0.001, j=16:0.000, j=17:0.000, j=18:0.001, j=19:0.014, j=20:0.200, j=21:0.739
      i=22 -> j=0:0.002, j=1:0.002, j=2:0.005, j=3:0.019, j=4:0.019, j=5:0.004, j=6:0.002, j=7:0.001, j=8:0.001, j=9:0.001, j=10:0.001, j=11:0.000, j=12:0.000, j=13:0.000, j=14:0.001, j=15:0.001, j=16:0.001, j=17:0.000, j=18:0.000, j=19:0.002, j=20:0.019, j=21:0.176, j=22:0.742
      i=23 -> j=0:0.003, j=1:0.000, j=2:0.001, j=3:0.003, j=4:0.012, j=5:0.013, j=6:0.006, j=7:0.003, j=8:0.001, j=9:0.001, j=10:0.001, j=11:0.001, j=12:0.000, j=13:0.000, j=14:0.000, j=15:0.001, j=16:0.001, j=17:0.001, j=18:0.000, j=19:0.000, j=20:0.001, j=21:0.012, j=22:0.201, j=23:0.738
      i=24 -> j=0:0.031, j=1:0.003, j=2:0.001, j=3:0.002, j=4:0.006, j=5:0.014, j=6:0.016, j=7:0.006, j=8:0.001, j=9:0.001, j=10:0.001, j=11:0.002, j=12:0.001, j=13:0.000, j=14:0.000, j=15:0.001, j=16:0.001, j=17:0.001, j=18:0.001, j=19:0.000, j=20:0.000, j=21:0.001, j=22:0.013, j=23:0.174, j=24:0.722
      i=25 -> j=0:0.047, j=1:0.014, j=2:0.002, j=3:0.001, j=4:0.002, j=5:0.006, j=6:0.013, j=7:0.012, j=8:0.003, j=9:0.001, j=10:0.001, j=11:0.001, j=12:0.001, j=13:0.001, j=14:0.000, j=15:0.000, j=16:0.000, j=17:0.000, j=18:0.002, j=19:0.001, j=20:0.000, j=21:0.000, j=22:0.001, j=23:0.017, j=24:0.178, j=25:0.698
      i=26 -> j=0:0.031, j=1:0.052, j=2:0.008, j=3:0.002, j=4:0.001, j=5:0.002, j=6:0.007, j=7:0.013, j=8:0.010, j=9:0.006, j=10:0.001, j=11:0.001, j=12:0.001, j=13:0.000, j=14:0.000, j=15:0.000, j=16:0.000, j=17:0.000, j=18:0.001, j=19:0.001, j=20:0.001, j=21:0.000, j=22:0.000, j=23:0.001, j=24:0.013, j=25:0.152, j=26:0.695
      i=27 -> j=0:0.010, j=1:0.057, j=2:0.037, j=3:0.018, j=4:0.004, j=5:0.001, j=6:0.002, j=7:0.005, j=8:0.018, j=9:0.020, j=10:0.005, j=11:0.003, j=12:0.001, j=13:0.001, j=14:0.001, j=15:0.000, j=16:0.000, j=17:0.000, j=18:0.001, j=19:0.001, j=20:0.002, j=21:0.001, j=22:0.000, j=23:0.001, j=24:0.001, j=25:0.016, j=26:0.170, j=27:0.624
      i=28 -> j=0:0.001, j=1:0.006, j=2:0.020, j=3:0.036, j=4:0.009, j=5:0.002, j=6:0.001, j=7:0.001, j=8:0.004, j=9:0.008, j=10:0.008, j=11:0.004, j=12:0.002, j=13:0.001, j=14:0.001, j=15:0.000, j=16:0.001, j=17:0.000, j=18:0.000, j=19:0.000, j=20:0.001, j=21:0.001, j=22:0.001, j=23:0.000, j=24:0.000, j=25:0.001, j=26:0.008, j=27:0.150, j=28:0.733
      i=29 -> j=0:0.001, j=1:0.002, j=2:0.006, j=3:0.021, j=4:0.028, j=5:0.011, j=6:0.003, j=7:0.001, j=8:0.003, j=9:0.005, j=10:0.015, j=11:0.010, j=12:0.005, j=13:0.002, j=14:0.001, j=15:0.000, j=16:0.001, j=17:0.001, j=18:0.000, j=19:0.000, j=20:0.000, j=21:0.001, j=22:0.002, j=23:0.001, j=24:0.000, j=25:0.000, j=26:0.001, j=27:0.016, j=28:0.151, j=29:0.713
      i=30 -> j=0:0.002, j=1:0.001, j=2:0.001, j=3:0.005, j=4:0.020, j=5:0.026, j=6:0.011, j=7:0.001, j=8:0.001, j=9:0.001, j=10:0.006, j=11:0.018, j=12:0.011, j=13:0.004, j=14:0.001, j=15:0.001, j=16:0.001, j=17:0.001, j=18:0.000, j=19:0.000, j=20:0.000, j=21:0.000, j=22:0.001, j=23:0.001, j=24:0.000, j=25:0.000, j=26:0.000, j=27:0.001, j=28:0.012, j=29:0.152, j=30:0.723
      i=31 -> j=0:0.008, j=1:0.002, j=2:0.001, j=3:0.001, j=4:0.007, j=5:0.019, j=6:0.045, j=7:0.015, j=8:0.002, j=9:0.001, j=10:0.003, j=11:0.006, j=12:0.011, j=13:0.011, j=14:0.005, j=15:0.002, j=16:0.001, j=17:0.001, j=18:0.001, j=19:0.000, j=20:0.000, j=21:0.000, j=22:0.001, j=23:0.001, j=24:0.002, j=25:0.001, j=26:0.000, j=27:0.000, j=28:0.001, j=29:0.016, j=30:0.191, j=31:0.644
    Average attention per distance:
      d=0:0.763, d=1:0.182, d=2:0.016, d=18:0.014, d=19:0.015, d=24:0.015, d=25:0.039, d=26:0.028
      


======================================================================
QK Property Verification (Raw Scores, before Softmax)
======================================================================
Recurrence order init_len=2, num test sequences=1

--- [P1] Long-distance Orthogonality Verification ---
Ideal: raw_score mean ≈ 0 and small std when d > init_len

  Layer 0, Head 0:
    d= 1 (effective): mean=  3.498, std= 0.202, n=31
    d= 2 (effective): mean=  1.041, std= 0.222, n=30
    d>2 (long-distance): mean= -1.473, std= 1.307, n=435

--- [P2] Time-homogeneous Verification ---
Ideal: CV of raw_score across positions i ≈ 0 for fixed distance d
(CV = std / |mean|, smaller = more constant)

  Layer 0, Head 0:
    d= 1: mean=  3.498, std= 0.202, CV=0.058, n=31
    d= 2: mean=  1.041, std= 0.222, CV=0.213, n=30

======================================================================
QK Property Verification Completed
======================================================================
