=== Experiment: addition_seed1 ===
Time: 2026-07-09T07:37:02.147357
Task type: addition

=== Merged Config ===
--------------------------------------------------
Network Config
--------------------------------------------------
D_MODEL                   64
N_HEAD                    1
N_LAYER                   1
MLP_RATIO                 4
DROPOUT                   0.0
USE_LEARNABLE_PE          False
--------------------------------------------------
Dataset Config
--------------------------------------------------
P                         53
TASK                      addition
TRAIN_LEN                 16
OOD_LEN                   32
MAX_UNIQUE_RATIO          0.5
AB_PAIRS                  [[1, 1], [1, 2]]
A                         1
B                         1
NUM_MASK                  0
--------------------------------------------------
Training Config
--------------------------------------------------
OPTIMIZER                 AdamW
SCHEDULER                 CosineAnnealingLR(T_max=EPOCHS)
BATCH_SIZE                128
LR                        0.0003
WEIGHT_DECAY              1
EPOCHS                    10000
RANDOM_SEED               1
FIRST_TASK_WEIGHT         1.0
ENTROPY_PENALTY_WEIGHT    0.0
EVAL_INTERVAL             20
EARLY_STOP_ACCURACY       0.99
EARLY_STOP_NO_IMPROVE     1000
USE_GREEDY_GENERATE       True
--------------------------------------------------

--- output ---
Using device: cuda

[Dataset] Cycle traverse + sliding window: 1404 + 1405 samples, length 16, mod 53
  - Initial state coverage: 1404/2809 (50.0%)
Recurrence: X(k)=(1*X(k-1)+1*X(k-2)) mod 53
--------------------------------------------------
--------------------------------------------------
[Model config] block_size: 32, train length: 16
[Number theory] X(k)=(1*X(k-1)+1*X(k-2)) mod 53


Model parameters: 0.05M

Start training...
Epoch   0 | Train: Loss=3.9700 Acc=2.3% | Test: Acc=1.2% | Best=1.2%(@0)
  from x2: 0.01 0.01 0.01 0.01 0.01 0.01 0.01 0.01 0.01 0.01 0.01 0.01 0.01 0.01
Epoch  20 | Train: Loss=3.2582 Acc=27.0% | Test: Acc=0.2% | Best=1.2%(@0)
  from x2: 0.01 0.01 0.00 0.00 0.00 0.00 0.00 0.00 0.00 0.00 0.00 0.00 0.00 0.00
Epoch  40 | Train: Loss=2.6214 Acc=53.7% | Test: Acc=0.3% | Best=1.2%(@0)
  from x2: 0.01 0.01 0.01 0.00 0.00 0.00 0.00 0.00 0.00 0.00 0.00 0.00 0.00 0.00
Epoch  60 | Train: Loss=2.1325 Acc=70.6% | Test: Acc=0.5% | Best=1.2%(@0)
  from x2: 0.01 0.01 0.01 0.01 0.00 0.00 0.00 0.00 0.00 0.00 0.00 0.00 0.00 0.00
Epoch  80 | Train: Loss=1.7191 Acc=80.9% | Test: Acc=0.9% | Best=1.2%(@0)
  from x2: 0.01 0.01 0.01 0.01 0.01 0.01 0.01 0.01 0.01 0.01 0.01 0.01 0.01 0.01
Epoch 100 | Train: Loss=1.3941 Acc=86.3% | Test: Acc=0.9% | Best=1.2%(@0)
  from x2: 0.01 0.01 0.01 0.01 0.01 0.01 0.01 0.01 0.01 0.01 0.01 0.01 0.01 0.01
Epoch 120 | Train: Loss=1.1407 Acc=90.1% | Test: Acc=1.2% | Best=1.2%(@0)
  from x2: 0.01 0.01 0.01 0.01 0.01 0.01 0.01 0.01 0.01 0.01 0.01 0.01 0.01 0.01
Epoch 140 | Train: Loss=0.9436 Acc=92.6% | Test: Acc=1.2% | Best=1.2%(@0)
  from x2: 0.02 0.01 0.01 0.01 0.01 0.01 0.01 0.01 0.01 0.01 0.01 0.01 0.01 0.01
Epoch 160 | Train: Loss=0.7901 Acc=94.3% | Test: Acc=1.1% | Best=1.2%(@0)
  from x2: 0.02 0.01 0.01 0.01 0.01 0.01 0.01 0.01 0.01 0.01 0.01 0.01 0.01 0.01
Epoch 180 | Train: Loss=0.6718 Acc=95.2% | Test: Acc=1.2% | Best=1.2%(@180)
  from x2: 0.02 0.02 0.01 0.01 0.01 0.01 0.01 0.01 0.01 0.01 0.01 0.01 0.01 0.01
Epoch 200 | Train: Loss=0.5793 Acc=95.9% | Test: Acc=1.5% | Best=1.5%(@200)
  from x2: 0.02 0.02 0.02 0.01 0.01 0.01 0.01 0.01 0.01 0.01 0.01 0.02 0.01 0.02
Epoch 220 | Train: Loss=0.5022 Acc=96.5% | Test: Acc=1.6% | Best=1.6%(@220)
  from x2: 0.02 0.02 0.02 0.02 0.02 0.02 0.02 0.02 0.02 0.01 0.01 0.01 0.01 0.01
Epoch 240 | Train: Loss=0.4347 Acc=97.0% | Test: Acc=1.9% | Best=1.9%(@240)
  from x2: 0.02 0.02 0.02 0.02 0.02 0.02 0.02 0.02 0.02 0.02 0.02 0.02 0.02 0.02
Epoch 260 | Train: Loss=0.3740 Acc=97.7% | Test: Acc=2.1% | Best=2.1%(@260)
  from x2: 0.02 0.02 0.02 0.02 0.02 0.02 0.02 0.02 0.02 0.02 0.02 0.02 0.02 0.02
Epoch 280 | Train: Loss=0.3186 Acc=98.3% | Test: Acc=2.2% | Best=2.2%(@280)
  from x2: 0.03 0.02 0.02 0.02 0.02 0.02 0.02 0.02 0.02 0.02 0.02 0.02 0.02 0.02
Epoch 300 | Train: Loss=0.2665 Acc=98.9% | Test: Acc=2.6% | Best=2.6%(@300)
  from x2: 0.03 0.02 0.02 0.02 0.03 0.03 0.03 0.03 0.03 0.03 0.03 0.03 0.03 0.03
Epoch 320 | Train: Loss=0.2161 Acc=99.3% | Test: Acc=3.4% | Best=3.4%(@320)
  from x2: 0.04 0.03 0.03 0.03 0.03 0.03 0.03 0.03 0.03 0.03 0.03 0.03 0.03 0.03
Epoch 340 | Train: Loss=0.1669 Acc=99.6% | Test: Acc=5.2% | Best=5.2%(@340)
  from x2: 0.06 0.05 0.05 0.05 0.05 0.05 0.05 0.05 0.05 0.05 0.05 0.05 0.05 0.05
Epoch 360 | Train: Loss=0.1197 Acc=99.9% | Test: Acc=9.2% | Best=9.2%(@360)
  from x2: 0.11 0.09 0.09 0.09 0.09 0.09 0.09 0.09 0.09 0.09 0.09 0.09 0.09 0.09
Epoch 380 | Train: Loss=0.0770 Acc=100.0% | Test: Acc=17.8% | Best=17.8%(@380)
  from x2: 0.18 0.18 0.18 0.18 0.18 0.18 0.18 0.18 0.18 0.18 0.18 0.18 0.18 0.18
Epoch 400 | Train: Loss=0.0572 Acc=100.0% | Test: Acc=29.5% | Best=29.5%(@400)
  from x2: 0.30 0.29 0.30 0.30 0.30 0.29 0.29 0.30 0.29 0.29 0.29 0.29 0.30 0.30
Epoch 420 | Train: Loss=0.0490 Acc=100.0% | Test: Acc=42.3% | Best=42.3%(@420)
  from x2: 0.42 0.42 0.42 0.42 0.42 0.42 0.42 0.42 0.42 0.42 0.42 0.42 0.42 0.42
Epoch 440 | Train: Loss=0.0436 Acc=100.0% | Test: Acc=59.6% | Best=59.6%(@440)
  from x2: 0.59 0.59 0.60 0.60 0.60 0.60 0.60 0.60 0.60 0.60 0.60 0.60 0.60 0.60
Epoch 460 | Train: Loss=0.0396 Acc=100.0% | Test: Acc=74.4% | Best=74.4%(@460)
  from x2: 0.72 0.75 0.75 0.75 0.75 0.74 0.74 0.74 0.74 0.74 0.75 0.75 0.75 0.75
Epoch 480 | Train: Loss=0.0362 Acc=100.0% | Test: Acc=85.9% | Best=85.9%(@480)
  from x2: 0.84 0.86 0.86 0.86 0.86 0.86 0.86 0.86 0.86 0.86 0.86 0.86 0.86 0.86
Epoch 500 | Train: Loss=0.0334 Acc=100.0% | Test: Acc=93.1% | Best=93.1%(@500)
  from x2: 0.92 0.93 0.93 0.93 0.93 0.93 0.93 0.93 0.93 0.93 0.93 0.93 0.93 0.93
Epoch 520 | Train: Loss=0.0309 Acc=100.0% | Test: Acc=96.7% | Best=96.7%(@520)
  from x2: 0.96 0.97 0.97 0.97 0.97 0.97 0.97 0.97 0.97 0.97 0.97 0.97 0.97 0.97
Epoch 540 | Train: Loss=0.0286 Acc=100.0% | Test: Acc=98.3% | Best=98.3%(@540)
  from x2: 0.98 0.98 0.98 0.98 0.98 0.98 0.98 0.98 0.98 0.98 0.98 0.98 0.98 0.98
Epoch 560 | Train: Loss=0.0264 Acc=100.0% | Test: Acc=99.0% | Best=99.0%(@560)
  from x2: 0.99 0.99 0.99 0.99 0.99 0.99 0.99 0.99 0.99 0.99 0.99 0.99 0.99 0.99
[Early stop] Epoch 560: test set reached high accuracy

==================================================
Saving model...
[OK] Model saved to: /home/cxm/ai/test0709/models/addition_seed1.pth
  File size: 220.4 KB
  Best test accuracy: 99.02%

==================================================
Final generation test (full enumeration, validate from position 2)
==================================================

--- Statistics for X(k)=(1*X(k-1)+1*X(k-2)) mod 53 ---
Exposed    samples:  1404 | In-dist: 19656/19656 (100.0%) | OOD: 20662/22464 ( 92.0%)
Unexposed  samples:  1405 | In-dist: 19481/19670 ( 99.0%) | OOD: 19629/22480 ( 87.3%)

--- Per-position accuracy ---
  Position   2: Exposed-ID: 1404/1404 (100.0%) | Unexposed-ID: 1392/1405 ( 99.1%)
  Position   3: Exposed-ID: 1404/1404 (100.0%) | Unexposed-ID: 1391/1405 ( 99.0%)
  Position   4: Exposed-ID: 1404/1404 (100.0%) | Unexposed-ID: 1391/1405 ( 99.0%)
  Position   5: Exposed-ID: 1404/1404 (100.0%) | Unexposed-ID: 1391/1405 ( 99.0%)
  Position   6: Exposed-ID: 1404/1404 (100.0%) | Unexposed-ID: 1392/1405 ( 99.1%)
  Position   7: Exposed-ID: 1404/1404 (100.0%) | Unexposed-ID: 1392/1405 ( 99.1%)
  Position   8: Exposed-ID: 1404/1404 (100.0%) | Unexposed-ID: 1392/1405 ( 99.1%)
  Position   9: Exposed-ID: 1404/1404 (100.0%) | Unexposed-ID: 1392/1405 ( 99.1%)
  Position  10: Exposed-ID: 1404/1404 (100.0%) | Unexposed-ID: 1391/1405 ( 99.0%)
  Position  11: Exposed-ID: 1404/1404 (100.0%) | Unexposed-ID: 1391/1405 ( 99.0%)
  Position  12: Exposed-ID: 1404/1404 (100.0%) | Unexposed-ID: 1391/1405 ( 99.0%)
  Position  13: Exposed-ID: 1404/1404 (100.0%) | Unexposed-ID: 1393/1405 ( 99.1%)
  Position  14: Exposed-ID: 1404/1404 (100.0%) | Unexposed-ID: 1391/1405 ( 99.0%)
  Position  15: Exposed-ID: 1404/1404 (100.0%) | Unexposed-ID: 1391/1405 ( 99.0%)
  Position  16: Exposed-OOD: 1404/1404 (100.0%) | Unexposed-OOD: 1390/1405 ( 98.9%)
  Position  17: Exposed-OOD: 1404/1404 (100.0%) | Unexposed-OOD: 1390/1405 ( 98.9%)
  Position  18: Exposed-OOD: 1404/1404 (100.0%) | Unexposed-OOD: 1387/1405 ( 98.7%)
  Position  19: Exposed-OOD: 1404/1404 (100.0%) | Unexposed-OOD: 1387/1405 ( 98.7%)
  Position  20: Exposed-OOD: 1404/1404 (100.0%) | Unexposed-OOD: 1376/1405 ( 97.9%)
  Position  21: Exposed-OOD: 1402/1404 ( 99.9%) | Unexposed-OOD: 1358/1405 ( 96.7%)
  Position  22: Exposed-OOD: 1400/1404 ( 99.7%) | Unexposed-OOD: 1349/1405 ( 96.0%)
  Position  23: Exposed-OOD: 1399/1404 ( 99.6%) | Unexposed-OOD: 1348/1405 ( 95.9%)
  Position  24: Exposed-OOD: 1399/1404 ( 99.6%) | Unexposed-OOD: 1343/1405 ( 95.6%)
  Position  25: Exposed-OOD: 1395/1404 ( 99.4%) | Unexposed-OOD: 1320/1405 ( 94.0%)
  Position  26: Exposed-OOD: 1332/1404 ( 94.9%) | Unexposed-OOD: 1187/1405 ( 84.5%)
  Position  27: Exposed-OOD: 1187/1404 ( 84.5%) | Unexposed-OOD: 990/1405 ( 70.5%)
  Position  28: Exposed-OOD: 1100/1404 ( 78.3%) | Unexposed-OOD: 925/1405 ( 65.8%)
  Position  29: Exposed-OOD: 1047/1404 ( 74.6%) | Unexposed-OOD: 945/1405 ( 67.3%)
  Position  30: Exposed-OOD: 1006/1404 ( 71.7%) | Unexposed-OOD: 962/1405 ( 68.5%)
  Position  31: Exposed-OOD: 975/1404 ( 69.4%) | Unexposed-OOD: 972/1405 ( 69.2%)

--- Return code: 0 ---

======================================================================
Attention Analysis
======================================================================
Model config: addition, a=1, b=1, p=53
Best test accuracy: 0.9901881037112353
Training epochs: 560

Random test sequence 1/5 (length 32): [7, 11, 18, 29, 47, 23, 17, 40, 4, 44, 48, 39, 34, 20, 1, 21, 22, 43, 12, 2]...

======================================================================
Attention Layer Training Result Summary
======================================================================
Input sequence: [7, 11, 18, 29, 47, 23, 17, 40, 4, 44, 48, 39, 34, 20, 1, 21, 22, 43, 12, 2, 14, 16, 30, 46, 23, 16, 39, 2, 41, 43, 31, 21]

--- Layer 0 ---
  Head 0: Entropy=0.954
    Attention coefficients from each query position to previous positions:
      i= 0 -> j=0:1.000
      i= 1 -> j=0:0.301, j=1:0.699
      i= 2 -> j=0:0.028, j=1:0.240, j=2:0.732
      i= 3 -> j=0:0.002, j=1:0.029, j=2:0.297, j=3:0.672
      i= 4 -> j=0:0.001, j=1:0.004, j=2:0.025, j=3:0.249, j=4:0.721
      i= 5 -> j=0:0.001, j=1:0.001, j=2:0.002, j=3:0.023, j=4:0.250, j=5:0.724
      i= 6 -> j=0:0.003, j=1:0.002, j=2:0.001, j=3:0.003, j=4:0.041, j=5:0.250, j=6:0.700
      i= 7 -> j=0:0.002, j=1:0.001, j=2:0.001, j=3:0.000, j=4:0.005, j=5:0.038, j=6:0.231, j=7:0.722
      i= 8 -> j=0:0.002, j=1:0.002, j=2:0.001, j=3:0.001, j=4:0.001, j=5:0.003, j=6:0.032, j=7:0.235, j=8:0.723
      i= 9 -> j=0:0.000, j=1:0.002, j=2:0.003, j=3:0.003, j=4:0.002, j=5:0.001, j=6:0.004, j=7:0.024, j=8:0.238, j=9:0.723
      i=10 -> j=0:0.000, j=1:0.000, j=2:0.000, j=3:0.001, j=4:0.002, j=5:0.001, j=6:0.001, j=7:0.002, j=8:0.024, j=9:0.234, j=10:0.734
      i=11 -> j=0:0.001, j=1:0.001, j=2:0.000, j=3:0.001, j=4:0.002, j=5:0.001, j=6:0.000, j=7:0.000, j=8:0.002, j=9:0.025, j=10:0.260, j=11:0.707
      i=12 -> j=0:0.002, j=1:0.001, j=2:0.000, j=3:0.000, j=4:0.001, j=5:0.002, j=6:0.001, j=7:0.001, j=8:0.001, j=9:0.003, j=10:0.027, j=11:0.241, j=12:0.721
      i=13 -> j=0:0.001, j=1:0.001, j=2:0.000, j=3:0.000, j=4:0.000, j=5:0.001, j=6:0.002, j=7:0.003, j=8:0.001, j=9:0.000, j=10:0.001, j=11:0.024, j=12:0.233, j=13:0.732
      i=14 -> j=0:0.001, j=1:0.002, j=2:0.002, j=3:0.000, j=4:0.000, j=5:0.000, j=6:0.002, j=7:0.003, j=8:0.002, j=9:0.001, j=10:0.000, j=11:0.001, j=12:0.016, j=13:0.289, j=14:0.682
      i=15 -> j=0:0.001, j=1:0.003, j=2:0.003, j=3:0.001, j=4:0.000, j=5:0.000, j=6:0.000, j=7:0.001, j=8:0.002, j=9:0.002, j=10:0.001, j=11:0.001, j=12:0.004, j=13:0.028, j=14:0.252, j=15:0.701
      i=16 -> j=0:0.002, j=1:0.002, j=2:0.002, j=3:0.004, j=4:0.003, j=5:0.000, j=6:0.001, j=7:0.000, j=8:0.001, j=9:0.004, j=10:0.003, j=11:0.002, j=12:0.002, j=13:0.003, j=14:0.031, j=15:0.249, j=16:0.692
      i=17 -> j=0:0.008, j=1:0.004, j=2:0.002, j=3:0.002, j=4:0.003, j=5:0.001, j=6:0.001, j=7:0.000, j=8:0.000, j=9:0.001, j=10:0.001, j=11:0.002, j=12:0.002, j=13:0.001, j=14:0.002, j=15:0.028, j=16:0.245, j=17:0.697
      i=18 -> j=0:0.025, j=1:0.012, j=2:0.002, j=3:0.001, j=4:0.004, j=5:0.002, j=6:0.001, j=7:0.000, j=8:0.000, j=9:0.000, j=10:0.001, j=11:0.002, j=12:0.003, j=13:0.000, j=14:0.000, j=15:0.002, j=16:0.032, j=17:0.246, j=18:0.664
      i=19 -> j=0:0.015, j=1:0.015, j=2:0.005, j=3:0.001, j=4:0.001, j=5:0.001, j=6:0.001, j=7:0.001, j=8:0.000, j=9:0.000, j=10:0.000, j=11:0.001, j=12:0.002, j=13:0.001, j=14:0.000, j=15:0.001, j=16:0.003, j=17:0.039, j=18:0.243, j=19:0.669
      i=20 -> j=0:0.006, j=1:0.020, j=2:0.015, j=3:0.002, j=4:0.001, j=5:0.002, j=6:0.002, j=7:0.002, j=8:0.001, j=9:0.000, j=10:0.000, j=11:0.000, j=12:0.001, j=13:0.001, j=14:0.001, j=15:0.001, j=16:0.001, j=17:0.002, j=18:0.034, j=19:0.245, j=20:0.662
      i=21 -> j=0:0.003, j=1:0.016, j=2:0.076, j=3:0.040, j=4:0.004, j=5:0.002, j=6:0.002, j=7:0.003, j=8:0.004, j=9:0.003, j=10:0.000, j=11:0.000, j=12:0.000, j=13:0.001, j=14:0.003, j=15:0.004, j=16:0.001, j=17:0.001, j=18:0.002, j=19:0.016, j=20:0.246, j=21:0.573
      i=22 -> j=0:0.001, j=1:0.001, j=2:0.007, j=3:0.017, j=4:0.007, j=5:0.003, j=6:0.002, j=7:0.001, j=8:0.001, j=9:0.001, j=10:0.000, j=11:0.000, j=12:0.000, j=13:0.000, j=14:0.001, j=15:0.001, j=16:0.001, j=17:0.001, j=18:0.000, j=19:0.004, j=20:0.021, j=21:0.221, j=22:0.709
      i=23 -> j=0:0.002, j=1:0.001, j=2:0.003, j=3:0.011, j=4:0.015, j=5:0.006, j=6:0.004, j=7:0.002, j=8:0.001, j=9:0.004, j=10:0.002, j=11:0.001, j=12:0.000, j=13:0.000, j=14:0.000, j=15:0.000, j=16:0.002, j=17:0.002, j=18:0.001, j=19:0.001, j=20:0.001, j=21:0.036, j=22:0.233, j=23:0.671
      i=24 -> j=0:0.011, j=1:0.002, j=2:0.001, j=3:0.003, j=4:0.012, j=5:0.014, j=6:0.011, j=7:0.004, j=8:0.001, j=9:0.002, j=10:0.003, j=11:0.003, j=12:0.001, j=13:0.000, j=14:0.000, j=15:0.000, j=16:0.002, j=17:0.002, j=18:0.002, j=19:0.002, j=20:0.000, j=21:0.003, j=22:0.021, j=23:0.244, j=24:0.655
      i=25 -> j=0:0.048, j=1:0.007, j=2:0.002, j=3:0.002, j=4:0.006, j=5:0.022, j=6:0.034, j=7:0.037, j=8:0.004, j=9:0.002, j=10:0.002, j=11:0.003, j=12:0.005, j=13:0.002, j=14:0.001, j=15:0.000, j=16:0.001, j=17:0.001, j=18:0.003, j=19:0.003, j=20:0.001, j=21:0.001, j=22:0.001, j=23:0.018, j=24:0.239, j=25:0.553
      i=26 -> j=0:0.033, j=1:0.015, j=2:0.005, j=3:0.001, j=4:0.001, j=5:0.003, j=6:0.009, j=7:0.031, j=8:0.011, j=9:0.005, j=10:0.002, j=11:0.002, j=12:0.002, j=13:0.002, j=14:0.001, j=15:0.000, j=16:0.000, j=17:0.001, j=18:0.002, j=19:0.002, j=20:0.001, j=21:0.000, j=22:0.000, j=23:0.001, j=24:0.025, j=25:0.234, j=26:0.610
      i=27 -> j=0:0.013, j=1:0.012, j=2:0.024, j=3:0.011, j=4:0.003, j=5:0.004, j=6:0.005, j=7:0.021, j=8:0.014, j=9:0.014, j=10:0.004, j=11:0.002, j=12:0.001, j=13:0.001, j=14:0.001, j=15:0.001, j=16:0.000, j=17:0.000, j=18:0.001, j=19:0.001, j=20:0.001, j=21:0.001, j=22:0.001, j=23:0.001, j=24:0.003, j=25:0.025, j=26:0.220, j=27:0.616
      i=28 -> j=0:0.002, j=1:0.007, j=2:0.034, j=3:0.065, j=4:0.012, j=5:0.003, j=6:0.002, j=7:0.003, j=8:0.009, j=9:0.023, j=10:0.009, j=11:0.003, j=12:0.001, j=13:0.001, j=14:0.003, j=15:0.003, j=16:0.001, j=17:0.001, j=18:0.000, j=19:0.000, j=20:0.001, j=21:0.004, j=22:0.003, j=23:0.001, j=24:0.001, j=25:0.003, j=26:0.022, j=27:0.185, j=28:0.599
      i=29 -> j=0:0.002, j=1:0.002, j=2:0.008, j=3:0.051, j=4:0.040, j=5:0.017, j=6:0.006, j=7:0.004, j=8:0.003, j=9:0.015, j=10:0.025, j=11:0.025, j=12:0.007, j=13:0.002, j=14:0.002, j=15:0.002, j=16:0.002, j=17:0.002, j=18:0.000, j=19:0.000, j=20:0.000, j=21:0.001, j=22:0.001, j=23:0.002, j=24:0.001, j=25:0.001, j=26:0.002, j=27:0.030, j=28:0.187, j=29:0.560
      i=30 -> j=0:0.002, j=1:0.002, j=2:0.002, j=3:0.014, j=4:0.050, j=5:0.034, j=6:0.017, j=7:0.004, j=8:0.002, j=9:0.004, j=10:0.011, j=11:0.030, j=12:0.018, j=13:0.004, j=14:0.003, j=15:0.003, j=16:0.004, j=17:0.003, j=18:0.001, j=19:0.000, j=20:0.000, j=21:0.000, j=22:0.000, j=23:0.001, j=24:0.001, j=25:0.001, j=26:0.000, j=27:0.002, j=28:0.022, j=29:0.206, j=30:0.559
      i=31 -> j=0:0.007, j=1:0.003, j=2:0.001, j=3:0.003, j=4:0.010, j=5:0.024, j=6:0.042, j=7:0.024, j=8:0.006, j=9:0.004, j=10:0.007, j=11:0.012, j=12:0.015, j=13:0.007, j=14:0.003, j=15:0.002, j=16:0.002, j=17:0.003, j=18:0.001, j=19:0.001, j=20:0.000, j=21:0.000, j=22:0.000, j=23:0.000, j=24:0.001, j=25:0.001, j=26:0.001, j=27:0.001, j=28:0.004, j=29:0.042, j=30:0.207, j=31:0.565
    Average attention per distance:
      d=0:0.680, d=1:0.240, d=2:0.028, d=18:0.017, d=19:0.025, d=20:0.013, d=24:0.013, d=25:0.039
      d=26:0.034, d=27:0.010


======================================================================
QK Property Verification (Raw Scores, before Softmax)
======================================================================
Recurrence order init_len=2, num test sequences=1

--- [P1] Long-distance Orthogonality Verification ---
Ideal: raw_score mean ≈ 0 and small std when d > init_len

  Layer 0, Head 0:
    d= 1 (effective): mean=  3.725, std= 0.278, n=31
    d= 2 (effective): mean=  1.541, std= 0.364, n=30
    d>2 (long-distance): mean= -1.188, std= 1.320, n=435

--- [P2] Time-homogeneous Verification ---
Ideal: CV of raw_score across positions i ≈ 0 for fixed distance d
(CV = std / |mean|, smaller = more constant)

  Layer 0, Head 0:
    d= 1: mean=  3.725, std= 0.278, CV=0.075, n=31
    d= 2: mean=  1.541, std= 0.364, CV=0.236, n=30

======================================================================
QK Property Verification Completed
======================================================================
