=== Experiment: addition_seed7 ===
Time: 2026-07-09T07:37:02.157834
Task type: addition

=== Merged Config ===
--------------------------------------------------
Network Config
--------------------------------------------------
D_MODEL                   64
N_HEAD                    1
N_LAYER                   1
MLP_RATIO                 4
DROPOUT                   0.0
USE_LEARNABLE_PE          False
--------------------------------------------------
Dataset Config
--------------------------------------------------
P                         53
TASK                      addition
TRAIN_LEN                 16
OOD_LEN                   32
MAX_UNIQUE_RATIO          0.5
AB_PAIRS                  [[1, 1], [1, 2]]
A                         1
B                         1
NUM_MASK                  0
--------------------------------------------------
Training Config
--------------------------------------------------
OPTIMIZER                 AdamW
SCHEDULER                 CosineAnnealingLR(T_max=EPOCHS)
BATCH_SIZE                128
LR                        0.0003
WEIGHT_DECAY              1
EPOCHS                    10000
RANDOM_SEED               7
FIRST_TASK_WEIGHT         1.0
ENTROPY_PENALTY_WEIGHT    0.0
EVAL_INTERVAL             20
EARLY_STOP_ACCURACY       0.99
EARLY_STOP_NO_IMPROVE     1000
USE_GREEDY_GENERATE       True
--------------------------------------------------

--- output ---
Using device: cuda

[Dataset] Cycle traverse + sliding window: 1404 + 1405 samples, length 16, mod 53
  - Initial state coverage: 1404/2809 (50.0%)
Recurrence: X(k)=(1*X(k-1)+1*X(k-2)) mod 53
--------------------------------------------------
--------------------------------------------------
[Model config] block_size: 32, train length: 16
[Number theory] X(k)=(1*X(k-1)+1*X(k-2)) mod 53


Model parameters: 0.05M

Start training...
Epoch   0 | Train: Loss=3.9741 Acc=2.4% | Test: Acc=1.1% | Best=1.1%(@0)
  from x2: 0.01 0.01 0.01 0.01 0.01 0.01 0.01 0.01 0.01 0.01 0.01 0.01 0.01 0.01
Epoch  20 | Train: Loss=3.2753 Acc=24.8% | Test: Acc=0.2% | Best=1.1%(@0)
  from x2: 0.01 0.00 0.00 0.00 0.00 0.00 0.00 0.00 0.00 0.00 0.00 0.00 0.00 0.00
Epoch  40 | Train: Loss=2.6539 Acc=49.7% | Test: Acc=0.4% | Best=1.1%(@0)
  from x2: 0.01 0.01 0.00 0.00 0.00 0.01 0.00 0.00 0.00 0.00 0.00 0.00 0.00 0.00
Epoch  60 | Train: Loss=2.1712 Acc=67.8% | Test: Acc=0.6% | Best=1.1%(@0)
  from x2: 0.01 0.01 0.01 0.01 0.00 0.01 0.01 0.01 0.00 0.00 0.00 0.00 0.00 0.00
Epoch  80 | Train: Loss=1.7534 Acc=80.5% | Test: Acc=0.8% | Best=1.1%(@0)
  from x2: 0.01 0.01 0.01 0.01 0.01 0.01 0.01 0.01 0.01 0.01 0.01 0.01 0.01 0.01
Epoch 100 | Train: Loss=1.4100 Acc=87.5% | Test: Acc=0.9% | Best=1.1%(@0)
  from x2: 0.02 0.01 0.01 0.01 0.01 0.01 0.01 0.01 0.01 0.01 0.01 0.01 0.01 0.01
Epoch 120 | Train: Loss=1.1381 Acc=91.2% | Test: Acc=1.0% | Best=1.1%(@0)
  from x2: 0.02 0.01 0.01 0.01 0.01 0.01 0.01 0.01 0.01 0.01 0.01 0.01 0.01 0.01
Epoch 140 | Train: Loss=0.9188 Acc=93.8% | Test: Acc=1.4% | Best=1.4%(@140)
  from x2: 0.02 0.01 0.01 0.01 0.01 0.01 0.01 0.01 0.01 0.01 0.01 0.01 0.01 0.01
Epoch 160 | Train: Loss=0.7327 Acc=95.9% | Test: Acc=1.7% | Best=1.7%(@160)
  from x2: 0.02 0.02 0.02 0.02 0.02 0.02 0.02 0.02 0.02 0.02 0.02 0.01 0.01 0.01
Epoch 180 | Train: Loss=0.5716 Acc=97.4% | Test: Acc=2.4% | Best=2.4%(@180)
  from x2: 0.03 0.03 0.03 0.03 0.02 0.02 0.02 0.02 0.02 0.02 0.02 0.02 0.02 0.02
Epoch 200 | Train: Loss=0.4309 Acc=98.5% | Test: Acc=3.5% | Best=3.5%(@200)
  from x2: 0.04 0.04 0.03 0.04 0.03 0.03 0.03 0.03 0.03 0.03 0.03 0.03 0.03 0.03
Epoch 220 | Train: Loss=0.3072 Acc=99.4% | Test: Acc=6.4% | Best=6.4%(@220)
  from x2: 0.07 0.07 0.07 0.07 0.07 0.06 0.06 0.06 0.06 0.06 0.06 0.06 0.06 0.06
Epoch 240 | Train: Loss=0.1979 Acc=99.8% | Test: Acc=13.1% | Best=13.1%(@240)
  from x2: 0.15 0.13 0.13 0.13 0.13 0.13 0.13 0.13 0.13 0.13 0.13 0.13 0.13 0.13
Epoch 260 | Train: Loss=0.1041 Acc=100.0% | Test: Acc=32.8% | Best=32.8%(@260)
  from x2: 0.37 0.33 0.32 0.33 0.33 0.33 0.33 0.32 0.32 0.32 0.32 0.32 0.32 0.32
Epoch 280 | Train: Loss=0.0620 Acc=100.0% | Test: Acc=57.4% | Best=57.4%(@280)
  from x2: 0.60 0.57 0.57 0.57 0.57 0.57 0.57 0.57 0.57 0.57 0.57 0.57 0.58 0.58
Epoch 300 | Train: Loss=0.0502 Acc=100.0% | Test: Acc=77.4% | Best=77.4%(@300)
  from x2: 0.79 0.77 0.77 0.77 0.77 0.77 0.77 0.77 0.77 0.77 0.77 0.77 0.77 0.78
Epoch 320 | Train: Loss=0.0441 Acc=100.0% | Test: Acc=89.4% | Best=89.4%(@320)
  from x2: 0.88 0.89 0.89 0.89 0.89 0.89 0.90 0.90 0.90 0.90 0.90 0.90 0.90 0.90
Epoch 340 | Train: Loss=0.0399 Acc=100.0% | Test: Acc=94.9% | Best=94.9%(@340)
  from x2: 0.94 0.95 0.95 0.95 0.95 0.95 0.95 0.95 0.95 0.95 0.95 0.95 0.95 0.95
Epoch 360 | Train: Loss=0.0364 Acc=100.0% | Test: Acc=97.5% | Best=97.5%(@360)
  from x2: 0.96 0.97 0.98 0.98 0.98 0.98 0.98 0.98 0.98 0.98 0.98 0.98 0.98 0.98
Epoch 380 | Train: Loss=0.0332 Acc=100.0% | Test: Acc=99.2% | Best=99.2%(@380)
  from x2: 0.98 0.99 0.99 0.99 0.99 0.99 0.99 0.99 0.99 0.99 0.99 0.99 0.99 0.99
[Early stop] Epoch 380: test set reached high accuracy

==================================================
Saving model...
[OK] Model saved to: /home/cxm/ai/test0709/models/addition_seed7.pth
  File size: 220.4 KB
  Best test accuracy: 99.19%

==================================================
Final generation test (full enumeration, validate from position 2)
==================================================

--- Statistics for X(k)=(1*X(k-1)+1*X(k-2)) mod 53 ---
Exposed    samples:  1404 | In-dist: 19656/19656 (100.0%) | OOD: 22346/22464 ( 99.5%)
Unexposed  samples:  1405 | In-dist: 19529/19670 ( 99.3%) | OOD: 22184/22480 ( 98.7%)

--- Per-position accuracy ---
  Position   2: Exposed-ID: 1404/1404 (100.0%) | Unexposed-ID: 1379/1405 ( 98.1%)
  Position   3: Exposed-ID: 1404/1404 (100.0%) | Unexposed-ID: 1393/1405 ( 99.1%)
  Position   4: Exposed-ID: 1404/1404 (100.0%) | Unexposed-ID: 1396/1405 ( 99.4%)
  Position   5: Exposed-ID: 1404/1404 (100.0%) | Unexposed-ID: 1395/1405 ( 99.3%)
  Position   6: Exposed-ID: 1404/1404 (100.0%) | Unexposed-ID: 1395/1405 ( 99.3%)
  Position   7: Exposed-ID: 1404/1404 (100.0%) | Unexposed-ID: 1395/1405 ( 99.3%)
  Position   8: Exposed-ID: 1404/1404 (100.0%) | Unexposed-ID: 1396/1405 ( 99.4%)
  Position   9: Exposed-ID: 1404/1404 (100.0%) | Unexposed-ID: 1397/1405 ( 99.4%)
  Position  10: Exposed-ID: 1404/1404 (100.0%) | Unexposed-ID: 1398/1405 ( 99.5%)
  Position  11: Exposed-ID: 1404/1404 (100.0%) | Unexposed-ID: 1397/1405 ( 99.4%)
  Position  12: Exposed-ID: 1404/1404 (100.0%) | Unexposed-ID: 1397/1405 ( 99.4%)
  Position  13: Exposed-ID: 1404/1404 (100.0%) | Unexposed-ID: 1397/1405 ( 99.4%)
  Position  14: Exposed-ID: 1404/1404 (100.0%) | Unexposed-ID: 1397/1405 ( 99.4%)
  Position  15: Exposed-ID: 1404/1404 (100.0%) | Unexposed-ID: 1397/1405 ( 99.4%)
  Position  16: Exposed-OOD: 1404/1404 (100.0%) | Unexposed-OOD: 1397/1405 ( 99.4%)
  Position  17: Exposed-OOD: 1404/1404 (100.0%) | Unexposed-OOD: 1397/1405 ( 99.4%)
  Position  18: Exposed-OOD: 1404/1404 (100.0%) | Unexposed-OOD: 1397/1405 ( 99.4%)
  Position  19: Exposed-OOD: 1404/1404 (100.0%) | Unexposed-OOD: 1397/1405 ( 99.4%)
  Position  20: Exposed-OOD: 1403/1404 ( 99.9%) | Unexposed-OOD: 1394/1405 ( 99.2%)
  Position  21: Exposed-OOD: 1397/1404 ( 99.5%) | Unexposed-OOD: 1389/1405 ( 98.9%)
  Position  22: Exposed-OOD: 1396/1404 ( 99.4%) | Unexposed-OOD: 1389/1405 ( 98.9%)
  Position  23: Exposed-OOD: 1396/1404 ( 99.4%) | Unexposed-OOD: 1389/1405 ( 98.9%)
  Position  24: Exposed-OOD: 1396/1404 ( 99.4%) | Unexposed-OOD: 1389/1405 ( 98.9%)
  Position  25: Exposed-OOD: 1396/1404 ( 99.4%) | Unexposed-OOD: 1389/1405 ( 98.9%)
  Position  26: Exposed-OOD: 1395/1404 ( 99.4%) | Unexposed-OOD: 1387/1405 ( 98.7%)
  Position  27: Exposed-OOD: 1390/1404 ( 99.0%) | Unexposed-OOD: 1373/1405 ( 97.7%)
  Position  28: Exposed-OOD: 1390/1404 ( 99.0%) | Unexposed-OOD: 1373/1405 ( 97.7%)
  Position  29: Exposed-OOD: 1390/1404 ( 99.0%) | Unexposed-OOD: 1375/1405 ( 97.9%)
  Position  30: Exposed-OOD: 1391/1404 ( 99.1%) | Unexposed-OOD: 1373/1405 ( 97.7%)
  Position  31: Exposed-OOD: 1390/1404 ( 99.0%) | Unexposed-OOD: 1376/1405 ( 97.9%)

--- Return code: 0 ---

======================================================================
Attention Analysis
======================================================================
Model config: addition, a=1, b=1, p=53
Best test accuracy: 0.9919166243009659
Training epochs: 380

Random test sequence 1/5 (length 32): [2, 50, 52, 49, 48, 44, 39, 30, 16, 46, 9, 2, 11, 13, 24, 37, 8, 45, 0, 45]...

======================================================================
Attention Layer Training Result Summary
======================================================================
Input sequence: [2, 50, 52, 49, 48, 44, 39, 30, 16, 46, 9, 2, 11, 13, 24, 37, 8, 45, 0, 45, 45, 37, 29, 13, 42, 2, 44, 46, 37, 30, 14, 44]

--- Layer 0 ---
  Head 0: Entropy=1.072
    Attention coefficients from each query position to previous positions:
      i= 0 -> j=0:1.000
      i= 1 -> j=0:0.637, j=1:0.363
      i= 2 -> j=0:0.080, j=1:0.488, j=2:0.432
      i= 3 -> j=0:0.002, j=1:0.058, j=2:0.535, j=3:0.405
      i= 4 -> j=0:0.000, j=1:0.005, j=2:0.047, j=3:0.394, j=4:0.553
      i= 5 -> j=0:0.001, j=1:0.003, j=2:0.003, j=3:0.055, j=4:0.476, j=5:0.462
      i= 6 -> j=0:0.002, j=1:0.001, j=2:0.000, j=3:0.001, j=4:0.052, j=5:0.600, j=6:0.344
      i= 7 -> j=0:0.002, j=1:0.001, j=2:0.000, j=3:0.000, j=4:0.002, j=5:0.034, j=6:0.638, j=7:0.322
      i= 8 -> j=0:0.000, j=1:0.004, j=2:0.002, j=3:0.001, j=4:0.001, j=5:0.002, j=6:0.054, j=7:0.549, j=8:0.387
      i= 9 -> j=0:0.000, j=1:0.001, j=2:0.003, j=3:0.002, j=4:0.001, j=5:0.000, j=6:0.002, j=7:0.029, j=8:0.599, j=9:0.362
      i=10 -> j=0:0.000, j=1:0.000, j=2:0.001, j=3:0.009, j=4:0.006, j=5:0.001, j=6:0.001, j=7:0.003, j=8:0.067, j=9:0.500, j=10:0.412
      i=11 -> j=0:0.000, j=1:0.000, j=2:0.000, j=3:0.001, j=4:0.002, j=5:0.002, j=6:0.000, j=7:0.000, j=8:0.002, j=9:0.043, j=10:0.582, j=11:0.368
      i=12 -> j=0:0.000, j=1:0.000, j=2:0.000, j=3:0.000, j=4:0.000, j=5:0.003, j=6:0.001, j=7:0.000, j=8:0.000, j=9:0.001, j=10:0.027, j=11:0.629, j=12:0.337
      i=13 -> j=0:0.003, j=1:0.001, j=2:0.000, j=3:0.000, j=4:0.000, j=5:0.001, j=6:0.001, j=7:0.002, j=8:0.001, j=9:0.000, j=10:0.002, j=11:0.065, j=12:0.374, j=13:0.549
      i=14 -> j=0:0.006, j=1:0.010, j=2:0.002, j=3:0.000, j=4:0.000, j=5:0.000, j=6:0.002, j=7:0.010, j=8:0.005, j=9:0.000, j=10:0.000, j=11:0.001, j=12:0.047, j=13:0.450, j=14:0.467
      i=15 -> j=0:0.001, j=1:0.006, j=2:0.009, j=3:0.001, j=4:0.000, j=5:0.000, j=6:0.000, j=7:0.001, j=8:0.005, j=9:0.001, j=10:0.000, j=11:0.000, j=12:0.002, j=13:0.053, j=14:0.493, j=15:0.427
      i=16 -> j=0:0.000, j=1:0.002, j=2:0.007, j=3:0.011, j=4:0.002, j=5:0.000, j=6:0.000, j=7:0.000, j=8:0.002, j=9:0.007, j=10:0.002, j=11:0.000, j=12:0.000, j=13:0.002, j=14:0.036, j=15:0.614, j=16:0.314
      i=17 -> j=0:0.001, j=1:0.001, j=2:0.001, j=3:0.005, j=4:0.007, j=5:0.001, j=6:0.000, j=7:0.000, j=8:0.000, j=9:0.002, j=10:0.004, j=11:0.003, j=12:0.000, j=13:0.000, j=14:0.003, j=15:0.062, j=16:0.440, j=17:0.471
      i=18 -> j=0:0.002, j=1:0.000, j=2:0.000, j=3:0.001, j=4:0.005, j=5:0.005, j=6:0.000, j=7:0.000, j=8:0.000, j=9:0.000, j=10:0.001, j=11:0.001, j=12:0.001, j=13:0.000, j=14:0.000, j=15:0.001, j=16:0.026, j=17:0.592, j=18:0.364
      i=19 -> j=0:0.026, j=1:0.002, j=2:0.000, j=3:0.000, j=4:0.000, j=5:0.004, j=6:0.002, j=7:0.000, j=8:0.000, j=9:0.000, j=10:0.000, j=11:0.001, j=12:0.001, j=13:0.001, j=14:0.000, j=15:0.000, j=16:0.001, j=17:0.030, j=18:0.704, j=19:0.227
      i=20 -> j=0:0.055, j=1:0.020, j=2:0.002, j=3:0.000, j=4:0.000, j=5:0.001, j=6:0.003, j=7:0.004, j=8:0.000, j=9:0.000, j=10:0.000, j=11:0.000, j=12:0.001, j=13:0.001, j=14:0.001, j=15:0.000, j=16:0.000, j=17:0.001, j=18:0.055, j=19:0.508, j=20:0.345
      i=21 -> j=0:0.011, j=1:0.030, j=2:0.055, j=3:0.003, j=4:0.000, j=5:0.000, j=6:0.001, j=7:0.006, j=8:0.004, j=9:0.000, j=10:0.000, j=11:0.000, j=12:0.000, j=13:0.001, j=14:0.002, j=15:0.001, j=16:0.000, j=17:0.000, j=18:0.001, j=19:0.032, j=20:0.532, j=21:0.321
      i=22 -> j=0:0.001, j=1:0.003, j=2:0.026, j=3:0.009, j=4:0.002, j=5:0.001, j=6:0.000, j=7:0.000, j=8:0.002, j=9:0.002, j=10:0.002, j=11:0.000, j=12:0.000, j=13:0.000, j=14:0.001, j=15:0.005, j=16:0.004, j=17:0.001, j=18:0.000, j=19:0.002, j=20:0.032, j=21:0.532, j=22:0.373
      i=23 -> j=0:0.001, j=1:0.001, j=2:0.004, j=3:0.011, j=4:0.008, j=5:0.004, j=6:0.000, j=7:0.000, j=8:0.001, j=9:0.001, j=10:0.002, j=11:0.001, j=12:0.000, j=13:0.000, j=14:0.000, j=15:0.000, j=16:0.003, j=17:0.002, j=18:0.000, j=19:0.000, j=20:0.002, j=21:0.034, j=22:0.461, j=23:0.464
      i=24 -> j=0:0.002, j=1:0.001, j=2:0.001, j=3:0.005, j=4:0.028, j=5:0.029, j=6:0.001, j=7:0.000, j=8:0.000, j=9:0.001, j=10:0.007, j=11:0.006, j=12:0.001, j=13:0.000, j=14:0.000, j=15:0.000, j=16:0.001, j=17:0.012, j=18:0.004, j=19:0.001, j=20:0.000, j=21:0.001, j=22:0.056, j=23:0.444, j=24:0.399
      i=25 -> j=0:0.026, j=1:0.003, j=2:0.000, j=3:0.001, j=4:0.004, j=5:0.033, j=6:0.009, j=7:0.001, j=8:0.000, j=9:0.000, j=10:0.001, j=11:0.004, j=12:0.008, j=13:0.001, j=14:0.000, j=15:0.000, j=16:0.000, j=17:0.001, j=18:0.003, j=19:0.003, j=20:0.000, j=21:0.000, j=22:0.003, j=23:0.046, j=24:0.417, j=25:0.438
      i=26 -> j=0:0.048, j=1:0.024, j=2:0.005, j=3:0.001, j=4:0.003, j=5:0.007, j=6:0.084, j=7:0.038, j=8:0.004, j=9:0.000, j=10:0.000, j=11:0.001, j=12:0.004, j=13:0.006, j=14:0.002, j=15:0.000, j=16:0.000, j=17:0.000, j=18:0.001, j=19:0.005, j=20:0.004, j=21:0.000, j=22:0.001, j=23:0.003, j=24:0.038, j=25:0.453, j=26:0.265
      i=27 -> j=0:0.012, j=1:0.051, j=2:0.023, j=3:0.003, j=4:0.001, j=5:0.000, j=6:0.008, j=7:0.044, j=8:0.014, j=9:0.002, j=10:0.000, j=11:0.000, j=12:0.001, j=13:0.003, j=14:0.007, j=15:0.001, j=16:0.000, j=17:0.000, j=18:0.000, j=19:0.001, j=20:0.004, j=21:0.002, j=22:0.001, j=23:0.000, j=24:0.003, j=25:0.043, j=26:0.341, j=27:0.436
      i=28 -> j=0:0.001, j=1:0.021, j=2:0.093, j=3:0.056, j=4:0.005, j=5:0.001, j=6:0.001, j=7:0.010, j=8:0.031, j=9:0.030, j=10:0.002, j=11:0.000, j=12:0.000, j=13:0.001, j=14:0.005, j=15:0.005, j=16:0.000, j=17:0.000, j=18:0.000, j=19:0.000, j=20:0.001, j=21:0.003, j=22:0.003, j=23:0.001, j=24:0.000, j=25:0.001, j=26:0.050, j=27:0.354, j=28:0.326
      i=29 -> j=0:0.000, j=1:0.002, j=2:0.008, j=3:0.052, j=4:0.013, j=5:0.002, j=6:0.000, j=7:0.000, j=8:0.002, j=9:0.026, j=10:0.007, j=11:0.001, j=12:0.000, j=13:0.000, j=14:0.000, j=15:0.002, j=16:0.002, j=17:0.000, j=18:0.000, j=19:0.000, j=20:0.000, j=21:0.001, j=22:0.003, j=23:0.001, j=24:0.000, j=25:0.000, j=26:0.001, j=27:0.028, j=28:0.465, j=29:0.382
      i=30 -> j=0:0.005, j=1:0.002, j=2:0.001, j=3:0.012, j=4:0.018, j=5:0.027, j=6:0.005, j=7:0.001, j=8:0.002, j=9:0.017, j=10:0.016, j=11:0.024, j=12:0.004, j=13:0.001, j=14:0.001, j=15:0.001, j=16:0.011, j=17:0.008, j=18:0.001, j=19:0.000, j=20:0.000, j=21:0.000, j=22:0.003, j=23:0.003, j=24:0.011, j=25:0.002, j=26:0.002, j=27:0.003, j=28:0.072, j=29:0.293, j=30:0.455
      i=31 -> j=0:0.021, j=1:0.005, j=2:0.000, j=3:0.001, j=4:0.005, j=5:0.030, j=6:0.045, j=7:0.005, j=8:0.001, j=9:0.003, j=10:0.016, j=11:0.079, j=12:0.084, j=13:0.007, j=14:0.001, j=15:0.000, j=16:0.001, j=17:0.004, j=18:0.006, j=19:0.001, j=20:0.000, j=21:0.000, j=22:0.000, j=23:0.001, j=24:0.005, j=25:0.002, j=26:0.001, j=27:0.000, j=28:0.002, j=29:0.027, j=30:0.336, j=31:0.312
    Average attention per distance:
      d=0:0.409, d=1:0.498, d=2:0.046, d=19:0.027, d=20:0.039, d=25:0.031, d=26:0.049, d=27:0.012
      d=31:0.021


======================================================================
QK Property Verification (Raw Scores, before Softmax)
======================================================================
Recurrence order init_len=2, num test sequences=1

--- [P1] Long-distance Orthogonality Verification ---
Ideal: raw_score mean ≈ 0 and small std when d > init_len

  Layer 0, Head 0:
    d= 1 (effective): mean=  4.717, std= 0.484, n=31
    d= 2 (effective): mean=  2.314, std= 0.361, n=30
    d>2 (long-distance): mean= -1.523, std= 1.930, n=435

--- [P2] Time-homogeneous Verification ---
Ideal: CV of raw_score across positions i ≈ 0 for fixed distance d
(CV = std / |mean|, smaller = more constant)

  Layer 0, Head 0:
    d= 1: mean=  4.717, std= 0.484, CV=0.103, n=31
    d= 2: mean=  2.314, std= 0.361, CV=0.156, n=30

======================================================================
QK Property Verification Completed
======================================================================
