=== Experiment: mixed_label_d128l1_r8_e90_40 ===
Time: 2026-06-26T09:26:39.331254
Task type: mixed_ab
Merged config: {
  "P": 53,
  "TASK": "mixed_ab",
  "NUM_MASK": 0,
  "A": 1,
  "B": 1,
  "AB_PAIRS": [
    [
      1,
      1
    ],
    [
      1,
      2
    ]
  ],
  "D_MODEL": 128,
  "N_HEAD": 1,
  "N_LAYER": 1,
  "BATCH_SIZE": 128,
  "EPOCHS": 10000,
  "LR": 0.0003,
  "SAVE_PATH": "models/mixed_label_d128l1_r8_e90_40.pth",
  "USE_GREEDY_GENERATE": true,
  "USE_LEARNABLE_PE": false,
  "MLP_RATIO": 8,
  "TRAIN_LEN": 16,
  "OOD_LEN": 32,
  "DROPOUT": 0.0,
  "TARGET_INIT_COVERAGE": 0.5,
  "MAX_UNIQUE_RATIO": 0.5,
  "WEIGHT_DECAY": 1,
  "ENTROPY_PENALTY_WEIGHT": 0.0,
  "FIRST_TASK_WEIGHT": 1.0,
  "RANDOM_SEED": 42,
  "EVAL_INTERVAL": 20,
  "EARLY_STOP_NO_IMPROVE": 1000,
  "EARLY_STOP_ACCURACY": 0.99,
  "SKIP_FINAL_GENERATION_TEST": true,
  "USE_AB_TAG": true,
  "USE_CONDITIONAL_WTE": false,
  "COND_WTE_SHARED_RATIO": 0.0,
  "MIXED_AB_MAX_UNIQUE_RATIOS": [
    0.9,
    0.4
  ]
}
--- output ---
Using device: cuda

[Dataset] Mixed mode: generated 3738 + 1880 samples, length 16
AB parameter pairs: [(1, 1), (1, 2)]
  - AB=(1,1): train 2592 | test 217 | exposed ~92.3%
  - AB=(1,2): train 1146 | test 1663 | exposed ~40.8%
--------------------------------------------------
[Model config] block_size: 32, train length: 16
[Number theory] AB parameter pairs: [(1, 1), (1, 2)]


Model parameters: 0.35M

Start training...
Epoch   0 | Train: Loss=4.2375 Acc=2.5% | Test: Acc=0.3% | Best=0.3%(@0)
  from x2: 0.00 0.00 0.00 0.00 0.00 0.00 0.00 0.00 0.00 0.00 0.00 0.00 0.00 0.00
  per-rule acc: 0.00 0.00
Epoch  20 | Train: Loss=0.7459 Acc=94.7% | Test: Acc=4.1% | Best=4.1%(@20)
  from x2: 0.05 0.04 0.04 0.04 0.04 0.04 0.04 0.04 0.04 0.04 0.04 0.04 0.04 0.04
  per-rule acc: 0.15 0.03
Epoch  40 | Train: Loss=0.1224 Acc=99.1% | Test: Acc=6.6% | Best=6.6%(@40)
  from x2: 0.07 0.06 0.06 0.06 0.06 0.06 0.06 0.06 0.07 0.07 0.07 0.07 0.07 0.07
  per-rule acc: 0.35 0.03
Epoch  60 | Train: Loss=0.0626 Acc=99.6% | Test: Acc=7.6% | Best=7.6%(@60)
  from x2: 0.08 0.07 0.08 0.08 0.08 0.08 0.08 0.08 0.08 0.08 0.08 0.08 0.07 0.08
  per-rule acc: 0.44 0.03
Epoch  80 | Train: Loss=0.0483 Acc=99.8% | Test: Acc=8.0% | Best=8.0%(@80)
  from x2: 0.08 0.08 0.08 0.08 0.08 0.08 0.08 0.08 0.08 0.08 0.08 0.08 0.08 0.08
  per-rule acc: 0.48 0.03
Epoch 100 | Train: Loss=0.0414 Acc=99.9% | Test: Acc=8.6% | Best=8.6%(@100)
  from x2: 0.08 0.09 0.09 0.09 0.09 0.09 0.09 0.09 0.09 0.09 0.09 0.09 0.09 0.09
  per-rule acc: 0.53 0.03
Epoch 120 | Train: Loss=0.0365 Acc=99.9% | Test: Acc=9.4% | Best=9.4%(@120)
  from x2: 0.09 0.09 0.09 0.09 0.10 0.10 0.10 0.10 0.09 0.09 0.09 0.09 0.09 0.09
  per-rule acc: 0.57 0.03
Epoch 140 | Train: Loss=0.0327 Acc=99.9% | Test: Acc=10.0% | Best=10.0%(@140)
  from x2: 0.09 0.10 0.10 0.10 0.10 0.10 0.10 0.10 0.10 0.10 0.10 0.10 0.10 0.10
  per-rule acc: 0.59 0.04
Epoch 160 | Train: Loss=0.0296 Acc=100.0% | Test: Acc=10.3% | Best=10.3%(@160)
  from x2: 0.09 0.10 0.10 0.10 0.10 0.10 0.10 0.10 0.10 0.10 0.10 0.10 0.10 0.10
  per-rule acc: 0.60 0.04
Epoch 180 | Train: Loss=0.0271 Acc=100.0% | Test: Acc=10.6% | Best=10.6%(@180)
  from x2: 0.10 0.11 0.11 0.11 0.11 0.11 0.11 0.11 0.11 0.11 0.11 0.11 0.11 0.11
  per-rule acc: 0.61 0.04
Epoch 200 | Train: Loss=0.0435 Acc=99.9% | Test: Acc=11.8% | Best=11.8%(@200)
  from x2: 0.10 0.12 0.12 0.12 0.12 0.12 0.12 0.12 0.12 0.12 0.12 0.12 0.12 0.12
  per-rule acc: 0.67 0.05
Epoch 220 | Train: Loss=0.0376 Acc=99.9% | Test: Acc=12.2% | Best=12.2%(@220)
  from x2: 0.10 0.12 0.12 0.12 0.12 0.12 0.12 0.12 0.12 0.12 0.12 0.12 0.12 0.12
  per-rule acc: 0.66 0.05
Epoch 240 | Train: Loss=0.0350 Acc=99.9% | Test: Acc=12.3% | Best=12.3%(@240)
  from x2: 0.11 0.13 0.12 0.13 0.12 0.12 0.13 0.12 0.12 0.12 0.12 0.12 0.12 0.12
  per-rule acc: 0.68 0.05
Epoch 260 | Train: Loss=0.0275 Acc=100.0% | Test: Acc=12.2% | Best=12.3%(@240)
  from x2: 0.11 0.12 0.12 0.12 0.12 0.12 0.12 0.12 0.12 0.12 0.12 0.12 0.12 0.12
  per-rule acc: 0.67 0.05
Epoch 280 | Train: Loss=0.0253 Acc=100.0% | Test: Acc=12.8% | Best=12.8%(@280)
  from x2: 0.11 0.13 0.13 0.13 0.13 0.13 0.13 0.13 0.13 0.13 0.13 0.13 0.13 0.13
  per-rule acc: 0.69 0.06
Epoch 300 | Train: Loss=0.0237 Acc=100.0% | Test: Acc=14.0% | Best=14.0%(@300)
  from x2: 0.12 0.14 0.14 0.14 0.14 0.14 0.14 0.14 0.14 0.14 0.14 0.14 0.14 0.14
  per-rule acc: 0.72 0.06
Epoch 320 | Train: Loss=0.0375 Acc=99.9% | Test: Acc=15.2% | Best=15.2%(@320)
  from x2: 0.13 0.16 0.16 0.16 0.15 0.15 0.15 0.15 0.15 0.15 0.16 0.15 0.15 0.15
  per-rule acc: 0.75 0.07
Epoch 340 | Train: Loss=0.0225 Acc=100.0% | Test: Acc=16.6% | Best=16.6%(@340)
  from x2: 0.15 0.17 0.17 0.17 0.17 0.17 0.17 0.17 0.17 0.17 0.17 0.16 0.16 0.16
  per-rule acc: 0.78 0.09
Epoch 360 | Train: Loss=0.0269 Acc=99.9% | Test: Acc=21.4% | Best=21.4%(@360)
  from x2: 0.20 0.23 0.22 0.22 0.22 0.22 0.22 0.22 0.21 0.21 0.21 0.21 0.21 0.20
  per-rule acc: 0.83 0.13
Epoch 380 | Train: Loss=0.0172 Acc=100.0% | Test: Acc=31.1% | Best=31.1%(@380)
  from x2: 0.35 0.34 0.32 0.32 0.32 0.31 0.31 0.31 0.30 0.30 0.30 0.30 0.29 0.27
  per-rule acc: 0.91 0.23
Epoch 400 | Train: Loss=0.0124 Acc=100.0% | Test: Acc=50.8% | Best=50.8%(@400)
  from x2: 0.62 0.55 0.53 0.52 0.52 0.51 0.51 0.50 0.49 0.49 0.49 0.48 0.47 0.44
  per-rule acc: 0.96 0.45
Epoch 420 | Train: Loss=0.0089 Acc=100.0% | Test: Acc=78.1% | Best=78.1%(@420)
  from x2: 0.86 0.81 0.80 0.80 0.79 0.79 0.78 0.78 0.77 0.77 0.76 0.76 0.75 0.72
  per-rule acc: 1.00 0.75
Epoch 440 | Train: Loss=0.0068 Acc=100.0% | Test: Acc=94.5% | Best=94.5%(@440)
  from x2: 0.97 0.96 0.95 0.95 0.95 0.95 0.95 0.95 0.94 0.94 0.94 0.94 0.93 0.91
  per-rule acc: 1.00 0.94
Epoch 460 | Train: Loss=0.0054 Acc=100.0% | Test: Acc=99.0% | Best=99.0%(@460)
  from x2: 0.99 0.99 0.99 0.99 0.99 0.99 0.99 0.99 0.99 0.99 0.99 0.99 0.99 0.98
  per-rule acc: 1.00 0.99
[Early stop] Epoch 460: test set reached high accuracy

==================================================
Saving model...
[OK] Model saved to: /home/cxm/ai/test0626-unbalanced/models/mixed_label_d128l1_r8_e90_40.pth
  File size: 1364.7 KB
  Best test accuracy: 99.01%

[Config] SKIP_FINAL_GENERATION_TEST=true, skipping final generation test.

--- Return code: 0 ---

======================================================================
Attention Analysis
======================================================================
Model config: addition (default), p=53
Best test accuracy: 0.9901215805471124
Training epochs: 460

Random test sequence 1/5 (length 32): [30, 48, 25, 20, 45, 12, 4, 16, 20, 36, 3, 39, 42, 28, 17, 45, 9, 1, 10, 11]...

======================================================================
Attention Layer Training Result Summary
======================================================================
Input sequence: [30, 48, 25, 20, 45, 12, 4, 16, 20, 36, 3, 39, 42, 28, 17, 45, 9, 1, 10, 11, 21, 32, 0, 32, 32, 11, 43, 1, 44, 45, 36, 28]

--- Layer 0 ---
  Head 0: Entropy=0.943
    Attention coefficients from each query position to previous positions:
      i= 0 -> j=0:1.000
      i= 1 -> j=0:0.143, j=1:0.857
      i= 2 -> j=0:0.014, j=1:0.134, j=2:0.852
      i= 3 -> j=0:0.002, j=1:0.013, j=2:0.135, j=3:0.851
      i= 4 -> j=0:0.000, j=1:0.002, j=2:0.012, j=3:0.137, j=4:0.849
      i= 5 -> j=0:0.000, j=1:0.000, j=2:0.001, j=3:0.012, j=4:0.127, j=5:0.859
      i= 6 -> j=0:0.001, j=1:0.001, j=2:0.001, j=3:0.002, j=4:0.013, j=5:0.132, j=6:0.851
      i= 7 -> j=0:0.001, j=1:0.001, j=2:0.000, j=3:0.000, j=4:0.001, j=5:0.012, j=6:0.130, j=7:0.854
      i= 8 -> j=0:0.001, j=1:0.001, j=2:0.001, j=3:0.001, j=4:0.001, j=5:0.002, j=6:0.013, j=7:0.133, j=8:0.848
      i= 9 -> j=0:0.001, j=1:0.001, j=2:0.001, j=3:0.001, j=4:0.001, j=5:0.001, j=6:0.002, j=7:0.014, j=8:0.143, j=9:0.835
      i=10 -> j=0:0.001, j=1:0.001, j=2:0.001, j=3:0.001, j=4:0.001, j=5:0.001, j=6:0.001, j=7:0.001, j=8:0.012, j=9:0.124, j=10:0.856
      i=11 -> j=0:0.001, j=1:0.001, j=2:0.001, j=3:0.001, j=4:0.002, j=5:0.001, j=6:0.001, j=7:0.000, j=8:0.002, j=9:0.014, j=10:0.136, j=11:0.840
      i=12 -> j=0:0.001, j=1:0.001, j=2:0.001, j=3:0.001, j=4:0.001, j=5:0.001, j=6:0.001, j=7:0.000, j=8:0.001, j=9:0.002, j=10:0.012, j=11:0.136, j=12:0.844
      i=13 -> j=0:0.002, j=1:0.001, j=2:0.001, j=3:0.001, j=4:0.001, j=5:0.001, j=6:0.001, j=7:0.000, j=8:0.001, j=9:0.001, j=10:0.001, j=11:0.011, j=12:0.129, j=13:0.849
      i=14 -> j=0:0.004, j=1:0.002, j=2:0.001, j=3:0.001, j=4:0.001, j=5:0.001, j=6:0.001, j=7:0.001, j=8:0.001, j=9:0.001, j=10:0.001, j=11:0.002, j=12:0.012, j=13:0.131, j=14:0.842
      i=15 -> j=0:0.005, j=1:0.003, j=2:0.002, j=3:0.002, j=4:0.001, j=5:0.001, j=6:0.001, j=7:0.001, j=8:0.001, j=9:0.001, j=10:0.000, j=11:0.000, j=12:0.001, j=13:0.012, j=14:0.130, j=15:0.839
      i=16 -> j=0:0.004, j=1:0.003, j=2:0.002, j=3:0.002, j=4:0.001, j=5:0.000, j=6:0.000, j=7:0.000, j=8:0.001, j=9:0.001, j=10:0.000, j=11:0.000, j=12:0.000, j=13:0.001, j=14:0.010, j=15:0.120, j=16:0.855
      i=17 -> j=0:0.015, j=1:0.008, j=2:0.004, j=3:0.004, j=4:0.003, j=5:0.001, j=6:0.001, j=7:0.000, j=8:0.001, j=9:0.001, j=10:0.001, j=11:0.001, j=12:0.000, j=13:0.001, j=14:0.002, j=15:0.012, j=16:0.133, j=17:0.813
      i=18 -> j=0:0.018, j=1:0.009, j=2:0.004, j=3:0.003, j=4:0.002, j=5:0.001, j=6:0.001, j=7:0.000, j=8:0.000, j=9:0.001, j=10:0.001, j=11:0.001, j=12:0.000, j=13:0.000, j=14:0.000, j=15:0.001, j=16:0.010, j=17:0.124, j=18:0.822
      i=19 -> j=0:0.048, j=1:0.031, j=2:0.015, j=3:0.008, j=4:0.006, j=5:0.003, j=6:0.002, j=7:0.001, j=8:0.001, j=9:0.001, j=10:0.001, j=11:0.001, j=12:0.001, j=13:0.001, j=14:0.001, j=15:0.001, j=16:0.001, j=17:0.013, j=18:0.117, j=19:0.747
      i=20 -> j=0:0.033, j=1:0.029, j=2:0.017, j=3:0.009, j=4:0.005, j=5:0.002, j=6:0.002, j=7:0.001, j=8:0.001, j=9:0.001, j=10:0.000, j=11:0.000, j=12:0.001, j=13:0.001, j=14:0.000, j=15:0.000, j=16:0.000, j=17:0.001, j=18:0.010, j=19:0.115, j=20:0.771
      i=21 -> j=0:0.030, j=1:0.034, j=2:0.027, j=3:0.017, j=4:0.008, j=5:0.004, j=6:0.003, j=7:0.001, j=8:0.002, j=9:0.001, j=10:0.001, j=11:0.000, j=12:0.000, j=13:0.001, j=14:0.001, j=15:0.001, j=16:0.000, j=17:0.000, j=18:0.001, j=19:0.010, j=20:0.110, j=21:0.749
      i=22 -> j=0:0.026, j=1:0.028, j=2:0.027, j=3:0.022, j=4:0.013, j=5:0.006, j=6:0.004, j=7:0.002, j=8:0.002, j=9:0.001, j=10:0.001, j=11:0.000, j=12:0.000, j=13:0.000, j=14:0.001, j=15:0.001, j=16:0.000, j=17:0.000, j=18:0.000, j=19:0.001, j=20:0.008, j=21:0.094, j=22:0.763
      i=23 -> j=0:0.033, j=1:0.030, j=2:0.029, j=3:0.029, j=4:0.024, j=5:0.013, j=6:0.008, j=7:0.003, j=8:0.003, j=9:0.002, j=10:0.001, j=11:0.001, j=12:0.000, j=13:0.000, j=14:0.000, j=15:0.001, j=16:0.000, j=17:0.000, j=18:0.000, j=19:0.000, j=20:0.001, j=21:0.009, j=22:0.130, j=23:0.681
      i=24 -> j=0:0.043, j=1:0.036, j=2:0.029, j=3:0.026, j=4:0.026, j=5:0.022, j=6:0.015, j=7:0.006, j=8:0.004, j=9:0.002, j=10:0.002, j=11:0.001, j=12:0.001, j=13:0.000, j=14:0.000, j=15:0.001, j=16:0.000, j=17:0.001, j=18:0.000, j=19:0.000, j=20:0.000, j=21:0.001, j=22:0.011, j=23:0.105, j=24:0.665
      i=25 -> j=0:0.070, j=1:0.066, j=2:0.052, j=3:0.037, j=4:0.035, j=5:0.037, j=6:0.034, j=7:0.021, j=8:0.011, j=9:0.006, j=10:0.004, j=11:0.002, j=12:0.002, j=13:0.001, j=14:0.001, j=15:0.001, j=16:0.000, j=17:0.001, j=18:0.001, j=19:0.001, j=20:0.000, j=21:0.000, j=22:0.001, j=23:0.008, j=24:0.082, j=25:0.525
      i=26 -> j=0:0.055, j=1:0.066, j=2:0.062, j=3:0.043, j=4:0.033, j=5:0.035, j=6:0.038, j=7:0.031, j=8:0.018, j=9:0.009, j=10:0.005, j=11:0.003, j=12:0.002, j=13:0.001, j=14:0.001, j=15:0.001, j=16:0.000, j=17:0.001, j=18:0.001, j=19:0.001, j=20:0.001, j=21:0.000, j=22:0.000, j=23:0.001, j=24:0.008, j=25:0.081, j=26:0.502
      i=27 -> j=0:0.036, j=1:0.054, j=2:0.063, j=3:0.049, j=4:0.034, j=5:0.031, j=6:0.033, j=7:0.036, j=8:0.028, j=9:0.016, j=10:0.009, j=11:0.004, j=12:0.003, j=13:0.002, j=14:0.002, j=15:0.001, j=16:0.000, j=17:0.001, j=18:0.000, j=19:0.001, j=20:0.001, j=21:0.000, j=22:0.000, j=23:0.000, j=24:0.001, j=25:0.008, j=26:0.077, j=27:0.509
      i=28 -> j=0:0.022, j=1:0.031, j=2:0.042, j=3:0.048, j=4:0.035, j=5:0.029, j=6:0.026, j=7:0.026, j=8:0.023, j=9:0.017, j=10:0.012, j=11:0.005, j=12:0.003, j=13:0.002, j=14:0.001, j=15:0.001, j=16:0.000, j=17:0.000, j=18:0.000, j=19:0.000, j=20:0.000, j=21:0.000, j=22:0.000, j=23:0.000, j=24:0.000, j=25:0.001, j=26:0.007, j=27:0.086, j=28:0.582
      i=29 -> j=0:0.027, j=1:0.029, j=2:0.037, j=3:0.050, j=4:0.053, j=5:0.050, j=6:0.040, j=7:0.034, j=8:0.027, j=9:0.025, j=10:0.024, j=11:0.014, j=12:0.008, j=13:0.004, j=14:0.003, j=15:0.002, j=16:0.001, j=17:0.001, j=18:0.000, j=19:0.000, j=20:0.000, j=21:0.001, j=22:0.001, j=23:0.000, j=24:0.000, j=25:0.000, j=26:0.001, j=27:0.007, j=28:0.078, j=29:0.483
      i=30 -> j=0:0.040, j=1:0.032, j=2:0.032, j=3:0.038, j=4:0.048, j=5:0.061, j=6:0.060, j=7:0.051, j=8:0.034, j=9:0.031, j=10:0.034, j=11:0.025, j=12:0.018, j=13:0.009, j=14:0.004, j=15:0.003, j=16:0.002, j=17:0.002, j=18:0.001, j=19:0.001, j=20:0.000, j=21:0.000, j=22:0.001, j=23:0.001, j=24:0.000, j=25:0.000, j=26:0.000, j=27:0.001, j=28:0.007, j=29:0.068, j=30:0.395
      i=31 -> j=0:0.034, j=1:0.030, j=2:0.025, j=3:0.024, j=4:0.027, j=5:0.044, j=6:0.053, j=7:0.049, j=8:0.030, j=9:0.022, j=10:0.027, j=11:0.025, j=12:0.026, j=13:0.015, j=14:0.007, j=15:0.004, j=16:0.002, j=17:0.002, j=18:0.001, j=19:0.001, j=20:0.001, j=21:0.000, j=22:0.001, j=23:0.001, j=24:0.001, j=25:0.000, j=26:0.000, j=27:0.000, j=28:0.001, j=29:0.007, j=30:0.068, j=31:0.474
    Average attention per distance:
      d=0:0.752, d=1:0.116, d=2:0.011, d=18:0.017, d=19:0.027, d=20:0.031, d=21:0.030, d=22:0.030
      d=23:0.039, d=24:0.052, d=25:0.059, d=26:0.049, d=27:0.034, d=28:0.026, d=29:0.028, d=30:0.035
      d=31:0.034


======================================================================
QK Property Verification (Raw Scores, before Softmax)
======================================================================
Recurrence order init_len=2, num test sequences=1

--- [P1] Long-distance Orthogonality Verification ---
Ideal: raw_score mean ≈ 0 and small std when d > init_len

  Layer 0, Head 0:
    d= 1 (effective): mean=  1.245, std= 0.221, n=31
    d= 2 (effective): mean= -1.128, std= 0.164, n=30
    d>2 (long-distance): mean= -2.546, std= 1.776, n=435

--- [P2] Time-homogeneous Verification ---
Ideal: CV of raw_score across positions i ≈ 0 for fixed distance d
(CV = std / |mean|, smaller = more constant)

  Layer 0, Head 0:
    d= 1: mean=  1.245, std= 0.221, CV=0.177, n=31
    d= 2: mean= -1.128, std= 0.164, CV=0.145, n=30

======================================================================
QK Property Verification Completed
======================================================================
