=== Experiment: mixed_label_d128l1_r8_e50_70 ===
Time: 2026-06-26T03:36:34.594014
Task type: mixed_ab
Merged config: {
  "P": 53,
  "TASK": "mixed_ab",
  "NUM_MASK": 0,
  "A": 1,
  "B": 1,
  "AB_PAIRS": [
    [
      1,
      1
    ],
    [
      1,
      2
    ]
  ],
  "D_MODEL": 128,
  "N_HEAD": 1,
  "N_LAYER": 1,
  "BATCH_SIZE": 128,
  "EPOCHS": 10000,
  "LR": 0.0003,
  "SAVE_PATH": "models/mixed_label_d128l1_r8_e50_70.pth",
  "USE_GREEDY_GENERATE": true,
  "USE_LEARNABLE_PE": false,
  "MLP_RATIO": 8,
  "TRAIN_LEN": 16,
  "OOD_LEN": 32,
  "DROPOUT": 0.0,
  "TARGET_INIT_COVERAGE": 0.5,
  "MAX_UNIQUE_RATIO": 0.5,
  "WEIGHT_DECAY": 1,
  "ENTROPY_PENALTY_WEIGHT": 0.0,
  "FIRST_TASK_WEIGHT": 1.0,
  "RANDOM_SEED": 42,
  "EVAL_INTERVAL": 20,
  "EARLY_STOP_NO_IMPROVE": 1000,
  "EARLY_STOP_ACCURACY": 0.99,
  "SKIP_FINAL_GENERATION_TEST": true,
  "USE_AB_TAG": true,
  "USE_CONDITIONAL_WTE": false,
  "COND_WTE_SHARED_RATIO": 0.0,
  "MIXED_AB_MAX_UNIQUE_RATIOS": [
    0.5,
    0.7
  ]
}
--- output ---
Using device: cuda

[Dataset] Mixed mode: generated 3382 + 2236 samples, length 16
AB parameter pairs: [(1, 1), (1, 2)]
  - AB=(1,1): train 1404 | test 1405 | exposed ~50.0%
  - AB=(1,2): train 1978 | test 831 | exposed ~70.4%
--------------------------------------------------
[Model config] block_size: 32, train length: 16
[Number theory] AB parameter pairs: [(1, 1), (1, 2)]


Model parameters: 0.35M

Start training...
Epoch   0 | Train: Loss=4.2418 Acc=2.8% | Test: Acc=0.2% | Best=0.2%(@0)
  from x2: 0.01 0.00 0.00 0.00 0.00 0.00 0.00 0.00 0.00 0.00 0.00 0.00 0.00 0.00
  per-rule acc: 0.00 0.00
Epoch  20 | Train: Loss=0.9004 Acc=94.4% | Test: Acc=2.3% | Best=2.3%(@20)
  from x2: 0.03 0.02 0.03 0.03 0.02 0.02 0.02 0.02 0.02 0.02 0.02 0.02 0.02 0.02
  per-rule acc: 0.03 0.02
Epoch  40 | Train: Loss=0.1983 Acc=98.3% | Test: Acc=2.3% | Best=2.3%(@20)
  from x2: 0.02 0.02 0.03 0.02 0.02 0.02 0.02 0.02 0.02 0.02 0.02 0.02 0.02 0.02
  per-rule acc: 0.03 0.02
Epoch  60 | Train: Loss=0.1058 Acc=99.1% | Test: Acc=2.5% | Best=2.5%(@60)
  from x2: 0.03 0.02 0.03 0.03 0.03 0.02 0.02 0.02 0.02 0.03 0.03 0.03 0.02 0.02
  per-rule acc: 0.03 0.02
Epoch  80 | Train: Loss=0.0962 Acc=99.3% | Test: Acc=2.5% | Best=2.5%(@80)
  from x2: 0.03 0.02 0.03 0.03 0.03 0.03 0.03 0.03 0.03 0.03 0.03 0.03 0.03 0.03
  per-rule acc: 0.03 0.02
Epoch 100 | Train: Loss=0.0689 Acc=99.5% | Test: Acc=2.8% | Best=2.8%(@100)
  from x2: 0.03 0.03 0.03 0.03 0.03 0.03 0.03 0.03 0.03 0.03 0.03 0.03 0.03 0.03
  per-rule acc: 0.03 0.03
Epoch 120 | Train: Loss=0.0788 Acc=99.6% | Test: Acc=2.7% | Best=2.8%(@100)
  from x2: 0.03 0.03 0.03 0.03 0.03 0.03 0.03 0.03 0.03 0.03 0.03 0.03 0.03 0.03
  per-rule acc: 0.03 0.03
Epoch 140 | Train: Loss=0.0789 Acc=99.6% | Test: Acc=3.0% | Best=3.0%(@140)
  from x2: 0.03 0.03 0.03 0.03 0.03 0.03 0.03 0.03 0.03 0.03 0.03 0.03 0.03 0.03
  per-rule acc: 0.03 0.03
Epoch 160 | Train: Loss=0.0674 Acc=99.6% | Test: Acc=3.3% | Best=3.3%(@160)
  from x2: 0.03 0.03 0.03 0.03 0.03 0.03 0.03 0.03 0.03 0.03 0.03 0.03 0.03 0.03
  per-rule acc: 0.03 0.04
Epoch 180 | Train: Loss=0.0456 Acc=99.8% | Test: Acc=3.5% | Best=3.5%(@180)
  from x2: 0.04 0.03 0.03 0.04 0.03 0.03 0.04 0.04 0.04 0.04 0.04 0.04 0.04 0.04
  per-rule acc: 0.03 0.05
Epoch 200 | Train: Loss=0.0649 Acc=99.7% | Test: Acc=3.8% | Best=3.8%(@200)
  from x2: 0.04 0.03 0.04 0.04 0.04 0.04 0.04 0.04 0.04 0.04 0.04 0.04 0.04 0.04
  per-rule acc: 0.03 0.05
Epoch 220 | Train: Loss=0.0570 Acc=99.7% | Test: Acc=4.3% | Best=4.3%(@220)
  from x2: 0.04 0.04 0.04 0.04 0.04 0.04 0.04 0.04 0.04 0.04 0.04 0.04 0.04 0.04
  per-rule acc: 0.03 0.06
Epoch 240 | Train: Loss=0.0472 Acc=99.7% | Test: Acc=4.2% | Best=4.3%(@220)
  from x2: 0.04 0.04 0.04 0.04 0.04 0.04 0.04 0.04 0.04 0.04 0.04 0.04 0.04 0.04
  per-rule acc: 0.03 0.06
Epoch 260 | Train: Loss=0.0474 Acc=99.8% | Test: Acc=4.7% | Best=4.7%(@260)
  from x2: 0.05 0.05 0.05 0.05 0.05 0.05 0.05 0.05 0.05 0.05 0.05 0.05 0.05 0.05
  per-rule acc: 0.03 0.07
Epoch 280 | Train: Loss=0.0515 Acc=99.7% | Test: Acc=5.3% | Best=5.3%(@280)
  from x2: 0.05 0.05 0.05 0.05 0.05 0.05 0.05 0.05 0.05 0.05 0.05 0.05 0.05 0.05
  per-rule acc: 0.03 0.08
Epoch 300 | Train: Loss=0.0468 Acc=99.8% | Test: Acc=5.9% | Best=5.9%(@300)
  from x2: 0.06 0.06 0.06 0.06 0.06 0.06 0.06 0.06 0.06 0.06 0.06 0.06 0.06 0.06
  per-rule acc: 0.04 0.09
Epoch 320 | Train: Loss=0.0480 Acc=99.7% | Test: Acc=6.2% | Best=6.2%(@320)
  from x2: 0.06 0.06 0.06 0.06 0.06 0.06 0.06 0.06 0.06 0.06 0.06 0.06 0.06 0.06
  per-rule acc: 0.04 0.10
Epoch 340 | Train: Loss=0.0487 Acc=99.7% | Test: Acc=7.0% | Best=7.0%(@340)
  from x2: 0.07 0.07 0.07 0.07 0.07 0.07 0.07 0.07 0.07 0.07 0.07 0.07 0.07 0.07
  per-rule acc: 0.04 0.12
Epoch 360 | Train: Loss=0.0463 Acc=99.8% | Test: Acc=7.6% | Best=7.6%(@360)
  from x2: 0.07 0.08 0.08 0.08 0.08 0.08 0.08 0.08 0.08 0.08 0.08 0.08 0.08 0.07
  per-rule acc: 0.04 0.13
Epoch 380 | Train: Loss=0.0425 Acc=99.8% | Test: Acc=8.4% | Best=8.4%(@380)
  from x2: 0.08 0.09 0.08 0.08 0.08 0.08 0.08 0.08 0.08 0.08 0.08 0.08 0.08 0.08
  per-rule acc: 0.04 0.15
Epoch 400 | Train: Loss=0.0450 Acc=99.7% | Test: Acc=9.2% | Best=9.2%(@400)
  from x2: 0.09 0.10 0.09 0.09 0.09 0.09 0.09 0.09 0.09 0.09 0.09 0.09 0.09 0.09
  per-rule acc: 0.04 0.17
Epoch 420 | Train: Loss=0.0397 Acc=99.9% | Test: Acc=11.1% | Best=11.1%(@420)
  from x2: 0.12 0.12 0.11 0.11 0.11 0.11 0.11 0.11 0.11 0.11 0.11 0.11 0.11 0.11
  per-rule acc: 0.05 0.22
Epoch 440 | Train: Loss=0.0320 Acc=99.9% | Test: Acc=14.7% | Best=14.7%(@440)
  from x2: 0.15 0.16 0.15 0.15 0.15 0.15 0.15 0.15 0.15 0.15 0.15 0.15 0.15 0.15
  per-rule acc: 0.07 0.28
Epoch 460 | Train: Loss=0.0196 Acc=100.0% | Test: Acc=21.2% | Best=21.2%(@460)
  from x2: 0.21 0.22 0.21 0.21 0.21 0.21 0.21 0.21 0.21 0.21 0.21 0.21 0.21 0.21
  per-rule acc: 0.11 0.38
Epoch 480 | Train: Loss=0.0134 Acc=100.0% | Test: Acc=31.8% | Best=31.8%(@480)
  from x2: 0.30 0.33 0.31 0.32 0.32 0.32 0.32 0.32 0.32 0.32 0.32 0.32 0.32 0.31
  per-rule acc: 0.20 0.52
Epoch 500 | Train: Loss=0.0101 Acc=100.0% | Test: Acc=53.5% | Best=53.5%(@500)
  from x2: 0.48 0.54 0.54 0.53 0.54 0.54 0.54 0.54 0.54 0.54 0.54 0.54 0.54 0.53
  per-rule acc: 0.42 0.73
Epoch 520 | Train: Loss=0.0078 Acc=100.0% | Test: Acc=78.4% | Best=78.4%(@520)
  from x2: 0.73 0.79 0.79 0.79 0.79 0.79 0.79 0.79 0.79 0.79 0.78 0.78 0.78 0.78
  per-rule acc: 0.71 0.90
Epoch 540 | Train: Loss=0.0061 Acc=100.0% | Test: Acc=94.7% | Best=94.7%(@540)
  from x2: 0.93 0.95 0.95 0.95 0.95 0.95 0.95 0.95 0.95 0.95 0.95 0.95 0.95 0.95
  per-rule acc: 0.92 0.98
Epoch 560 | Train: Loss=0.0049 Acc=100.0% | Test: Acc=98.8% | Best=98.8%(@560)
  from x2: 0.99 0.99 0.99 0.99 0.99 0.99 0.99 0.99 0.99 0.99 0.99 0.99 0.99 0.99
  per-rule acc: 0.98 1.00
Epoch 580 | Train: Loss=0.0039 Acc=100.0% | Test: Acc=99.8% | Best=99.8%(@580)
  from x2: 1.00 1.00 1.00 1.00 1.00 1.00 1.00 1.00 1.00 1.00 1.00 1.00 1.00 1.00
  per-rule acc: 1.00 1.00
[Early stop] Epoch 580: test set reached high accuracy

==================================================
Saving model...
[OK] Model saved to: /home/cxm/ai/test0626-unbalanced/models/mixed_label_d128l1_r8_e50_70.pth
  File size: 1364.7 KB
  Best test accuracy: 99.78%

[Config] SKIP_FINAL_GENERATION_TEST=true, skipping final generation test.

--- Return code: 0 ---

======================================================================
Attention Analysis
======================================================================
Model config: addition (default), p=53
Best test accuracy: 0.9977638640429338
Training epochs: 580

Random test sequence 1/5 (length 32): [10, 26, 36, 9, 45, 1, 46, 47, 40, 34, 21, 2, 23, 25, 48, 20, 15, 35, 50, 32]...

======================================================================
Attention Layer Training Result Summary
======================================================================
Input sequence: [10, 26, 36, 9, 45, 1, 46, 47, 40, 34, 21, 2, 23, 25, 48, 20, 15, 35, 50, 32, 29, 8, 37, 45, 29, 21, 50, 18, 15, 33, 48, 28]

--- Layer 0 ---
  Head 0: Entropy=0.581
    Attention coefficients from each query position to previous positions:
      i= 0 -> j=0:1.000
      i= 1 -> j=0:0.096, j=1:0.904
      i= 2 -> j=0:0.009, j=1:0.101, j=2:0.890
      i= 3 -> j=0:0.001, j=1:0.008, j=2:0.093, j=3:0.898
      i= 4 -> j=0:0.001, j=1:0.001, j=2:0.008, j=3:0.097, j=4:0.893
      i= 5 -> j=0:0.001, j=1:0.001, j=2:0.001, j=3:0.008, j=4:0.101, j=5:0.888
      i= 6 -> j=0:0.001, j=1:0.001, j=2:0.001, j=3:0.001, j=4:0.008, j=5:0.099, j=6:0.889
      i= 7 -> j=0:0.001, j=1:0.001, j=2:0.001, j=3:0.001, j=4:0.001, j=5:0.007, j=6:0.094, j=7:0.895
      i= 8 -> j=0:0.001, j=1:0.001, j=2:0.001, j=3:0.001, j=4:0.001, j=5:0.001, j=6:0.008, j=7:0.093, j=8:0.895
      i= 9 -> j=0:0.000, j=1:0.000, j=2:0.001, j=3:0.001, j=4:0.001, j=5:0.001, j=6:0.001, j=7:0.007, j=8:0.096, j=9:0.892
      i=10 -> j=0:0.000, j=1:0.000, j=2:0.001, j=3:0.001, j=4:0.001, j=5:0.001, j=6:0.000, j=7:0.001, j=8:0.008, j=9:0.089, j=10:0.899
      i=11 -> j=0:0.000, j=1:0.000, j=2:0.000, j=3:0.000, j=4:0.001, j=5:0.001, j=6:0.001, j=7:0.001, j=8:0.001, j=9:0.007, j=10:0.094, j=11:0.894
      i=12 -> j=0:0.001, j=1:0.000, j=2:0.000, j=3:0.000, j=4:0.001, j=5:0.001, j=6:0.001, j=7:0.001, j=8:0.001, j=9:0.001, j=10:0.008, j=11:0.095, j=12:0.891
      i=13 -> j=0:0.001, j=1:0.000, j=2:0.000, j=3:0.000, j=4:0.000, j=5:0.001, j=6:0.001, j=7:0.001, j=8:0.001, j=9:0.000, j=10:0.001, j=11:0.008, j=12:0.094, j=13:0.892
      i=14 -> j=0:0.001, j=1:0.001, j=2:0.001, j=3:0.000, j=4:0.000, j=5:0.000, j=6:0.000, j=7:0.001, j=8:0.001, j=9:0.000, j=10:0.001, j=11:0.001, j=12:0.008, j=13:0.101, j=14:0.885
      i=15 -> j=0:0.001, j=1:0.001, j=2:0.001, j=3:0.000, j=4:0.000, j=5:0.000, j=6:0.000, j=7:0.000, j=8:0.001, j=9:0.001, j=10:0.001, j=11:0.000, j=12:0.001, j=13:0.007, j=14:0.089, j=15:0.897
      i=16 -> j=0:0.001, j=1:0.001, j=2:0.001, j=3:0.001, j=4:0.001, j=5:0.001, j=6:0.000, j=7:0.000, j=8:0.001, j=9:0.001, j=10:0.001, j=11:0.000, j=12:0.001, j=13:0.001, j=14:0.008, j=15:0.098, j=16:0.883
      i=17 -> j=0:0.003, j=1:0.001, j=2:0.001, j=3:0.001, j=4:0.001, j=5:0.001, j=6:0.000, j=7:0.000, j=8:0.001, j=9:0.001, j=10:0.001, j=11:0.001, j=12:0.001, j=13:0.001, j=14:0.001, j=15:0.008, j=16:0.097, j=17:0.880
      i=18 -> j=0:0.004, j=1:0.002, j=2:0.001, j=3:0.001, j=4:0.001, j=5:0.001, j=6:0.001, j=7:0.000, j=8:0.000, j=9:0.000, j=10:0.001, j=11:0.001, j=12:0.001, j=13:0.001, j=14:0.001, j=15:0.001, j=16:0.008, j=17:0.096, j=18:0.879
      i=19 -> j=0:0.006, j=1:0.003, j=2:0.002, j=3:0.001, j=4:0.001, j=5:0.001, j=6:0.001, j=7:0.000, j=8:0.000, j=9:0.000, j=10:0.000, j=11:0.000, j=12:0.001, j=13:0.001, j=14:0.000, j=15:0.000, j=16:0.001, j=17:0.008, j=18:0.090, j=19:0.883
      i=20 -> j=0:0.008, j=1:0.006, j=2:0.005, j=3:0.002, j=4:0.001, j=5:0.001, j=6:0.001, j=7:0.001, j=8:0.001, j=9:0.000, j=10:0.000, j=11:0.000, j=12:0.001, j=13:0.001, j=14:0.001, j=15:0.001, j=16:0.001, j=17:0.002, j=18:0.008, j=19:0.096, j=20:0.864
      i=21 -> j=0:0.007, j=1:0.006, j=2:0.006, j=3:0.003, j=4:0.002, j=5:0.001, j=6:0.001, j=7:0.001, j=8:0.001, j=9:0.000, j=10:0.000, j=11:0.000, j=12:0.000, j=13:0.000, j=14:0.001, j=15:0.001, j=16:0.001, j=17:0.001, j=18:0.001, j=19:0.008, j=20:0.087, j=21:0.874
      i=22 -> j=0:0.008, j=1:0.007, j=2:0.007, j=3:0.005, j=4:0.003, j=5:0.002, j=6:0.001, j=7:0.001, j=8:0.001, j=9:0.001, j=10:0.001, j=11:0.000, j=12:0.000, j=13:0.000, j=14:0.000, j=15:0.001, j=16:0.001, j=17:0.001, j=18:0.000, j=19:0.001, j=20:0.007, j=21:0.091, j=22:0.864
      i=23 -> j=0:0.009, j=1:0.007, j=2:0.007, j=3:0.006, j=4:0.005, j=5:0.004, j=6:0.001, j=7:0.001, j=8:0.001, j=9:0.001, j=10:0.001, j=11:0.000, j=12:0.000, j=13:0.000, j=14:0.000, j=15:0.000, j=16:0.001, j=17:0.001, j=18:0.000, j=19:0.001, j=20:0.001, j=21:0.008, j=22:0.091, j=23:0.854
      i=24 -> j=0:0.017, j=1:0.012, j=2:0.010, j=3:0.008, j=4:0.007, j=5:0.007, j=6:0.003, j=7:0.002, j=8:0.001, j=9:0.001, j=10:0.001, j=11:0.001, j=12:0.001, j=13:0.000, j=14:0.000, j=15:0.000, j=16:0.001, j=17:0.001, j=18:0.001, j=19:0.001, j=20:0.001, j=21:0.001, j=22:0.008, j=23:0.093, j=24:0.823
      i=25 -> j=0:0.017, j=1:0.012, j=2:0.008, j=3:0.006, j=4:0.006, j=5:0.006, j=6:0.004, j=7:0.003, j=8:0.002, j=9:0.001, j=10:0.001, j=11:0.000, j=12:0.001, j=13:0.000, j=14:0.000, j=15:0.000, j=16:0.000, j=17:0.000, j=18:0.001, j=19:0.001, j=20:0.000, j=21:0.000, j=22:0.001, j=23:0.007, j=24:0.079, j=25:0.843
      i=26 -> j=0:0.024, j=1:0.022, j=2:0.017, j=3:0.012, j=4:0.010, j=5:0.008, j=6:0.007, j=7:0.006, j=8:0.004, j=9:0.002, j=10:0.001, j=11:0.001, j=12:0.001, j=13:0.001, j=14:0.000, j=15:0.000, j=16:0.000, j=17:0.000, j=18:0.001, j=19:0.001, j=20:0.001, j=21:0.001, j=22:0.001, j=23:0.001, j=24:0.007, j=25:0.083, j=26:0.788
      i=27 -> j=0:0.024, j=1:0.024, j=2:0.018, j=3:0.015, j=4:0.011, j=5:0.008, j=6:0.006, j=7:0.006, j=8:0.005, j=9:0.003, j=10:0.002, j=11:0.001, j=12:0.001, j=13:0.000, j=14:0.000, j=15:0.000, j=16:0.000, j=17:0.000, j=18:0.000, j=19:0.000, j=20:0.001, j=21:0.001, j=22:0.001, j=23:0.000, j=24:0.001, j=25:0.007, j=26:0.081, j=27:0.783
      i=28 -> j=0:0.031, j=1:0.027, j=2:0.020, j=3:0.016, j=4:0.014, j=5:0.009, j=6:0.007, j=7:0.007, j=8:0.007, j=9:0.005, j=10:0.003, j=11:0.001, j=12:0.001, j=13:0.001, j=14:0.001, j=15:0.001, j=16:0.001, j=17:0.000, j=18:0.000, j=19:0.000, j=20:0.001, j=21:0.001, j=22:0.001, j=23:0.001, j=24:0.000, j=25:0.001, j=26:0.006, j=27:0.082, j=28:0.755
      i=29 -> j=0:0.033, j=1:0.026, j=2:0.018, j=3:0.016, j=4:0.014, j=5:0.011, j=6:0.008, j=7:0.006, j=8:0.006, j=9:0.005, j=10:0.004, j=11:0.002, j=12:0.002, j=13:0.001, j=14:0.000, j=15:0.001, j=16:0.001, j=17:0.000, j=18:0.000, j=19:0.000, j=20:0.000, j=21:0.000, j=22:0.001, j=23:0.001, j=24:0.000, j=25:0.000, j=26:0.001, j=27:0.006, j=28:0.082, j=29:0.755
      i=30 -> j=0:0.042, j=1:0.035, j=2:0.024, j=3:0.018, j=4:0.015, j=5:0.015, j=6:0.011, j=7:0.007, j=8:0.006, j=9:0.005, j=10:0.005, j=11:0.003, j=12:0.003, j=13:0.001, j=14:0.001, j=15:0.001, j=16:0.000, j=17:0.000, j=18:0.000, j=19:0.000, j=20:0.000, j=21:0.000, j=22:0.000, j=23:0.001, j=24:0.001, j=25:0.000, j=26:0.000, j=27:0.001, j=28:0.006, j=29:0.078, j=30:0.721
      i=31 -> j=0:0.045, j=1:0.049, j=2:0.038, j=3:0.027, j=4:0.019, j=5:0.019, j=6:0.014, j=7:0.011, j=8:0.008, j=9:0.006, j=10:0.006, j=11:0.004, j=12:0.005, j=13:0.002, j=14:0.001, j=15:0.001, j=16:0.001, j=17:0.001, j=18:0.000, j=19:0.000, j=20:0.000, j=21:0.000, j=22:0.000, j=23:0.000, j=24:0.001, j=25:0.001, j=26:0.000, j=27:0.000, j=28:0.001, j=29:0.006, j=30:0.069, j=31:0.665
    Average attention per distance:
      d=0:0.860, d=1:0.091, d=24:0.013, d=25:0.017, d=26:0.020, d=27:0.021, d=28:0.027, d=29:0.035
      d=30:0.045, d=31:0.045


======================================================================
QK Property Verification (Raw Scores, before Softmax)
======================================================================
Recurrence order init_len=2, num test sequences=1

--- [P1] Long-distance Orthogonality Verification ---
Ideal: raw_score mean ≈ 0 and small std when d > init_len

  Layer 0, Head 0:
    d= 1 (effective): mean=  1.220, std= 0.077, n=31
    d= 2 (effective): mean= -1.261, std= 0.083, n=30
    d>2 (long-distance): mean= -3.129, std= 1.305, n=435

--- [P2] Time-homogeneous Verification ---
Ideal: CV of raw_score across positions i ≈ 0 for fixed distance d
(CV = std / |mean|, smaller = more constant)

  Layer 0, Head 0:
    d= 1: mean=  1.220, std= 0.077, CV=0.063, n=31
    d= 2: mean= -1.261, std= 0.083, CV=0.066, n=30

======================================================================
QK Property Verification Completed
======================================================================
