=== Experiment: mixed_cond_d128l1_r8_e40_90 ===
Time: 2026-06-26T07:32:54.869215
Task type: mixed_ab
Merged config: {
  "P": 53,
  "TASK": "mixed_ab",
  "NUM_MASK": 0,
  "A": 1,
  "B": 1,
  "AB_PAIRS": [
    [
      1,
      1
    ],
    [
      1,
      2
    ]
  ],
  "D_MODEL": 128,
  "N_HEAD": 1,
  "N_LAYER": 1,
  "BATCH_SIZE": 128,
  "EPOCHS": 10000,
  "LR": 0.0003,
  "SAVE_PATH": "models/mixed_cond_d128l1_r8_e40_90.pth",
  "USE_GREEDY_GENERATE": true,
  "USE_LEARNABLE_PE": false,
  "MLP_RATIO": 8,
  "TRAIN_LEN": 16,
  "OOD_LEN": 32,
  "DROPOUT": 0.0,
  "TARGET_INIT_COVERAGE": 0.5,
  "MAX_UNIQUE_RATIO": 0.5,
  "WEIGHT_DECAY": 1,
  "ENTROPY_PENALTY_WEIGHT": 0.0,
  "FIRST_TASK_WEIGHT": 1.0,
  "RANDOM_SEED": 42,
  "EVAL_INTERVAL": 20,
  "EARLY_STOP_NO_IMPROVE": 1000,
  "EARLY_STOP_ACCURACY": 0.99,
  "SKIP_FINAL_GENERATION_TEST": true,
  "USE_AB_TAG": false,
  "USE_CONDITIONAL_WTE": true,
  "COND_WTE_SHARED_RATIO": 0.0,
  "MIXED_AB_MAX_UNIQUE_RATIOS": [
    0.4,
    0.9
  ]
}
--- output ---
Using device: cuda

[Dataset] Mixed mode: generated 3738 + 1880 samples, length 16
AB parameter pairs: [(1, 1), (1, 2)]
  - AB=(1,1): train 1188 | test 1621 | exposed ~42.3%
  - AB=(1,2): train 2550 | test 259 | exposed ~90.8%
--------------------------------------------------
[Model config] block_size: 32, train length: 16
[Number theory] AB parameter pairs: [(1, 1), (1, 2)]


Model parameters: 0.36M

Start training...
Epoch   0 | Train: Loss=4.1688 Acc=2.9% | Test: Acc=0.1% | Best=0.1%(@0)
  from x3: 0.00 0.00 0.00 0.00 0.00 0.00 0.00 0.00 0.00 0.00 0.00 0.00 0.00
  per-rule acc: 0.00 0.00
Epoch  20 | Train: Loss=0.8351 Acc=96.7% | Test: Acc=0.5% | Best=0.5%(@20)
  from x3: 0.02 0.01 0.01 0.00 0.00 0.00 0.00 0.00 0.00 0.00 0.00 0.00 0.00
  per-rule acc: 0.00 0.01
Epoch  40 | Train: Loss=0.1166 Acc=99.5% | Test: Acc=1.3% | Best=1.3%(@40)
  from x3: 0.02 0.02 0.01 0.01 0.01 0.01 0.01 0.01 0.01 0.01 0.01 0.01 0.01
  per-rule acc: 0.01 0.02
Epoch  60 | Train: Loss=0.0517 Acc=99.7% | Test: Acc=1.6% | Best=1.6%(@60)
  from x3: 0.02 0.02 0.02 0.02 0.01 0.01 0.01 0.01 0.01 0.01 0.01 0.01 0.01
  per-rule acc: 0.01 0.02
Epoch  80 | Train: Loss=0.0397 Acc=99.8% | Test: Acc=1.8% | Best=1.8%(@80)
  from x3: 0.02 0.02 0.02 0.02 0.02 0.02 0.02 0.02 0.02 0.02 0.02 0.02 0.02
  per-rule acc: 0.02 0.03
Epoch 100 | Train: Loss=0.0316 Acc=99.9% | Test: Acc=2.7% | Best=2.7%(@100)
  from x3: 0.03 0.03 0.03 0.03 0.03 0.03 0.03 0.03 0.03 0.03 0.03 0.03 0.03
  per-rule acc: 0.02 0.08
Epoch 120 | Train: Loss=0.0251 Acc=99.9% | Test: Acc=5.2% | Best=5.2%(@120)
  from x3: 0.05 0.05 0.05 0.05 0.05 0.05 0.05 0.05 0.05 0.05 0.05 0.05 0.05
  per-rule acc: 0.02 0.25
Epoch 140 | Train: Loss=0.0199 Acc=100.0% | Test: Acc=10.3% | Best=10.3%(@140)
  from x3: 0.10 0.10 0.10 0.10 0.10 0.10 0.10 0.10 0.10 0.10 0.10 0.10 0.10
  per-rule acc: 0.02 0.62
Epoch 160 | Train: Loss=0.0161 Acc=100.0% | Test: Acc=14.0% | Best=14.0%(@160)
  from x3: 0.14 0.14 0.14 0.14 0.14 0.14 0.14 0.14 0.14 0.14 0.14 0.14 0.14
  per-rule acc: 0.02 0.89
Epoch 180 | Train: Loss=0.0601 Acc=100.0% | Test: Acc=15.2% | Best=15.2%(@180)
  from x3: 0.15 0.15 0.15 0.15 0.15 0.15 0.15 0.15 0.15 0.15 0.15 0.15 0.15
  per-rule acc: 0.02 0.97
Epoch 200 | Train: Loss=0.0123 Acc=100.0% | Test: Acc=15.4% | Best=15.4%(@200)
  from x3: 0.15 0.15 0.15 0.15 0.15 0.15 0.15 0.15 0.15 0.15 0.15 0.15 0.15
  per-rule acc: 0.02 0.99
Epoch 220 | Train: Loss=0.0124 Acc=100.0% | Test: Acc=15.5% | Best=15.5%(@220)
  from x3: 0.16 0.16 0.16 0.16 0.16 0.15 0.15 0.16 0.16 0.15 0.15 0.16 0.15
  per-rule acc: 0.02 0.99
Epoch 240 | Train: Loss=0.0094 Acc=100.0% | Test: Acc=15.6% | Best=15.6%(@240)
  from x3: 0.16 0.16 0.16 0.16 0.16 0.16 0.16 0.16 0.16 0.16 0.16 0.16 0.16
  per-rule acc: 0.02 1.00
Epoch 260 | Train: Loss=0.0117 Acc=100.0% | Test: Acc=15.9% | Best=15.9%(@260)
  from x3: 0.16 0.16 0.16 0.16 0.16 0.16 0.16 0.16 0.16 0.16 0.16 0.16 0.16
  per-rule acc: 0.02 1.00
Epoch 280 | Train: Loss=0.0133 Acc=100.0% | Test: Acc=15.7% | Best=15.9%(@260)
  from x3: 0.16 0.16 0.16 0.16 0.16 0.16 0.16 0.16 0.16 0.16 0.16 0.16 0.16
  per-rule acc: 0.02 1.00
Epoch 300 | Train: Loss=0.0149 Acc=99.9% | Test: Acc=15.7% | Best=15.9%(@260)
  from x3: 0.16 0.16 0.16 0.16 0.16 0.16 0.16 0.16 0.16 0.16 0.16 0.16 0.16
  per-rule acc: 0.02 1.00
Epoch 320 | Train: Loss=0.0126 Acc=99.9% | Test: Acc=15.8% | Best=15.9%(@260)
  from x3: 0.16 0.16 0.16 0.16 0.16 0.16 0.16 0.16 0.16 0.16 0.16 0.16 0.16
  per-rule acc: 0.02 1.00
Epoch 340 | Train: Loss=0.0199 Acc=99.8% | Test: Acc=15.8% | Best=15.9%(@260)
  from x3: 0.16 0.16 0.16 0.16 0.16 0.16 0.16 0.16 0.16 0.16 0.16 0.16 0.16
  per-rule acc: 0.02 1.00
Epoch 360 | Train: Loss=0.0103 Acc=100.0% | Test: Acc=16.0% | Best=16.0%(@360)
  from x3: 0.16 0.16 0.16 0.16 0.16 0.16 0.16 0.16 0.16 0.16 0.16 0.16 0.16
  per-rule acc: 0.03 1.00
Epoch 380 | Train: Loss=0.0145 Acc=99.9% | Test: Acc=16.0% | Best=16.0%(@380)
  from x3: 0.16 0.16 0.16 0.16 0.16 0.16 0.16 0.16 0.16 0.16 0.16 0.16 0.16
  per-rule acc: 0.03 1.00
Epoch 400 | Train: Loss=0.0066 Acc=100.0% | Test: Acc=16.2% | Best=16.2%(@400)
  from x3: 0.16 0.16 0.16 0.16 0.16 0.16 0.16 0.16 0.16 0.16 0.16 0.16 0.16
  per-rule acc: 0.03 1.00
Epoch 420 | Train: Loss=0.0075 Acc=100.0% | Test: Acc=16.2% | Best=16.2%(@420)
  from x3: 0.16 0.16 0.16 0.16 0.16 0.16 0.16 0.16 0.16 0.16 0.16 0.16 0.16
  per-rule acc: 0.03 1.00
Epoch 440 | Train: Loss=0.0052 Acc=100.0% | Test: Acc=16.5% | Best=16.5%(@440)
  from x3: 0.16 0.16 0.16 0.17 0.16 0.16 0.17 0.16 0.17 0.17 0.16 0.16 0.16
  per-rule acc: 0.03 1.00
Epoch 460 | Train: Loss=0.0068 Acc=100.0% | Test: Acc=16.6% | Best=16.6%(@460)
  from x3: 0.16 0.17 0.17 0.17 0.17 0.17 0.17 0.17 0.17 0.17 0.17 0.17 0.17
  per-rule acc: 0.03 1.00
Epoch 480 | Train: Loss=0.0060 Acc=100.0% | Test: Acc=17.1% | Best=17.1%(@480)
  from x3: 0.17 0.17 0.17 0.17 0.17 0.17 0.17 0.17 0.17 0.17 0.17 0.17 0.17
  per-rule acc: 0.04 1.00
Epoch 500 | Train: Loss=0.0055 Acc=100.0% | Test: Acc=17.3% | Best=17.3%(@500)
  from x3: 0.17 0.17 0.17 0.17 0.17 0.17 0.17 0.17 0.17 0.17 0.17 0.17 0.17
  per-rule acc: 0.04 1.00
Epoch 520 | Train: Loss=0.0046 Acc=100.0% | Test: Acc=17.2% | Best=17.3%(@500)
  from x3: 0.17 0.17 0.17 0.17 0.17 0.17 0.17 0.17 0.17 0.17 0.17 0.17 0.17
  per-rule acc: 0.04 1.00
Epoch 540 | Train: Loss=0.0054 Acc=100.0% | Test: Acc=17.5% | Best=17.5%(@540)
  from x3: 0.17 0.17 0.17 0.17 0.17 0.18 0.17 0.18 0.18 0.18 0.18 0.18 0.18
  per-rule acc: 0.04 1.00
Epoch 560 | Train: Loss=0.0054 Acc=100.0% | Test: Acc=17.8% | Best=17.8%(@560)
  from x3: 0.18 0.18 0.18 0.18 0.18 0.18 0.18 0.18 0.18 0.18 0.18 0.18 0.18
  per-rule acc: 0.05 1.00
Epoch 580 | Train: Loss=0.0054 Acc=100.0% | Test: Acc=18.3% | Best=18.3%(@580)
  from x3: 0.18 0.18 0.19 0.18 0.18 0.18 0.18 0.18 0.18 0.18 0.18 0.18 0.18
  per-rule acc: 0.05 1.00
Epoch 600 | Train: Loss=0.0046 Acc=100.0% | Test: Acc=19.3% | Best=19.3%(@600)
  from x3: 0.19 0.19 0.19 0.19 0.19 0.19 0.19 0.19 0.19 0.19 0.20 0.19 0.19
  per-rule acc: 0.06 1.00
Epoch 620 | Train: Loss=0.0039 Acc=100.0% | Test: Acc=20.4% | Best=20.4%(@620)
  from x3: 0.20 0.20 0.20 0.20 0.20 0.20 0.20 0.20 0.20 0.21 0.21 0.21 0.21
  per-rule acc: 0.08 1.00
Epoch 640 | Train: Loss=0.0057 Acc=100.0% | Test: Acc=20.8% | Best=20.8%(@640)
  from x3: 0.20 0.20 0.21 0.21 0.21 0.21 0.21 0.21 0.21 0.21 0.21 0.21 0.21
  per-rule acc: 0.08 1.00
Epoch 660 | Train: Loss=0.0058 Acc=100.0% | Test: Acc=22.4% | Best=22.4%(@660)
  from x3: 0.22 0.22 0.22 0.22 0.22 0.22 0.22 0.23 0.23 0.23 0.22 0.23 0.23
  per-rule acc: 0.10 1.00
Epoch 680 | Train: Loss=0.0051 Acc=100.0% | Test: Acc=23.7% | Best=23.7%(@680)
  from x3: 0.24 0.24 0.23 0.24 0.24 0.24 0.24 0.24 0.24 0.24 0.24 0.24 0.24
  per-rule acc: 0.12 1.00
Epoch 700 | Train: Loss=0.0055 Acc=100.0% | Test: Acc=25.3% | Best=25.3%(@700)
  from x3: 0.25 0.25 0.25 0.25 0.25 0.25 0.25 0.25 0.25 0.25 0.26 0.26 0.26
  per-rule acc: 0.13 1.00
Epoch 720 | Train: Loss=0.0073 Acc=100.0% | Test: Acc=25.4% | Best=25.4%(@720)
  from x3: 0.25 0.25 0.26 0.26 0.26 0.26 0.25 0.25 0.25 0.25 0.26 0.25 0.25
  per-rule acc: 0.14 1.00
Epoch 740 | Train: Loss=0.0034 Acc=100.0% | Test: Acc=31.5% | Best=31.5%(@740)
  from x3: 0.30 0.31 0.31 0.31 0.31 0.31 0.31 0.31 0.32 0.32 0.32 0.32 0.32
  per-rule acc: 0.21 1.00
Epoch 760 | Train: Loss=0.0030 Acc=100.0% | Test: Acc=34.0% | Best=34.0%(@760)
  from x3: 0.33 0.34 0.34 0.34 0.34 0.34 0.34 0.34 0.34 0.34 0.34 0.35 0.35
  per-rule acc: 0.23 1.00
Epoch 780 | Train: Loss=0.0043 Acc=100.0% | Test: Acc=37.0% | Best=37.0%(@780)
  from x3: 0.35 0.37 0.37 0.37 0.37 0.37 0.37 0.37 0.37 0.37 0.38 0.38 0.38
  per-rule acc: 0.27 1.00
Epoch 800 | Train: Loss=0.0035 Acc=100.0% | Test: Acc=42.9% | Best=42.9%(@800)
  from x3: 0.41 0.43 0.42 0.43 0.42 0.43 0.43 0.43 0.43 0.43 0.43 0.43 0.43
  per-rule acc: 0.34 1.00
Epoch 820 | Train: Loss=0.0037 Acc=100.0% | Test: Acc=44.9% | Best=44.9%(@820)
  from x3: 0.43 0.45 0.45 0.45 0.45 0.45 0.45 0.45 0.45 0.45 0.45 0.45 0.46
  per-rule acc: 0.36 1.00
Epoch 840 | Train: Loss=0.0041 Acc=100.0% | Test: Acc=46.5% | Best=46.5%(@840)
  from x3: 0.45 0.46 0.46 0.46 0.46 0.46 0.46 0.46 0.47 0.47 0.47 0.47 0.47
  per-rule acc: 0.38 1.00
Epoch 860 | Train: Loss=0.0064 Acc=100.0% | Test: Acc=44.0% | Best=46.5%(@840)
  from x3: 0.43 0.43 0.44 0.44 0.44 0.44 0.44 0.44 0.44 0.45 0.45 0.45 0.45
  per-rule acc: 0.35 1.00
Epoch 880 | Train: Loss=0.0101 Acc=99.9% | Test: Acc=46.1% | Best=46.5%(@840)
  from x3: 0.45 0.46 0.46 0.46 0.46 0.46 0.46 0.46 0.46 0.46 0.47 0.47 0.47
  per-rule acc: 0.38 1.00
Epoch 900 | Train: Loss=0.0038 Acc=100.0% | Test: Acc=58.6% | Best=58.6%(@900)
  from x3: 0.58 0.58 0.58 0.58 0.59 0.59 0.59 0.59 0.59 0.59 0.59 0.59 0.59
  per-rule acc: 0.52 1.00
Epoch 920 | Train: Loss=0.0036 Acc=100.0% | Test: Acc=63.4% | Best=63.4%(@920)
  from x3: 0.62 0.63 0.63 0.63 0.63 0.63 0.63 0.64 0.63 0.64 0.64 0.64 0.64
  per-rule acc: 0.57 1.00
Epoch 940 | Train: Loss=0.0031 Acc=100.0% | Test: Acc=66.5% | Best=66.5%(@940)
  from x3: 0.66 0.66 0.66 0.66 0.66 0.66 0.66 0.67 0.67 0.67 0.67 0.67 0.67
  per-rule acc: 0.61 1.00
Epoch 960 | Train: Loss=0.0033 Acc=100.0% | Test: Acc=71.2% | Best=71.2%(@960)
  from x3: 0.70 0.71 0.71 0.71 0.71 0.71 0.71 0.71 0.71 0.71 0.71 0.71 0.72
  per-rule acc: 0.67 1.00
Epoch 980 | Train: Loss=0.0034 Acc=100.0% | Test: Acc=76.0% | Best=76.0%(@980)
  from x3: 0.76 0.76 0.76 0.76 0.76 0.76 0.76 0.76 0.76 0.76 0.76 0.76 0.76
  per-rule acc: 0.72 1.00
Epoch 1000 | Train: Loss=0.0041 Acc=100.0% | Test: Acc=77.8% | Best=77.8%(@1000)
  from x3: 0.77 0.77 0.78 0.78 0.78 0.78 0.78 0.78 0.78 0.78 0.78 0.78 0.78
  per-rule acc: 0.74 1.00
Epoch 1020 | Train: Loss=0.0028 Acc=100.0% | Test: Acc=82.0% | Best=82.0%(@1020)
  from x3: 0.82 0.82 0.82 0.82 0.82 0.82 0.82 0.82 0.82 0.82 0.82 0.82 0.82
  per-rule acc: 0.79 1.00
Epoch 1040 | Train: Loss=0.0037 Acc=100.0% | Test: Acc=83.1% | Best=83.1%(@1040)
  from x3: 0.83 0.83 0.83 0.83 0.83 0.83 0.83 0.83 0.83 0.83 0.83 0.83 0.83
  per-rule acc: 0.80 1.00
Epoch 1060 | Train: Loss=0.0029 Acc=100.0% | Test: Acc=86.0% | Best=86.0%(@1060)
  from x3: 0.86 0.86 0.86 0.86 0.86 0.86 0.86 0.86 0.86 0.86 0.86 0.86 0.86
  per-rule acc: 0.84 1.00
Epoch 1080 | Train: Loss=0.0063 Acc=100.0% | Test: Acc=84.3% | Best=86.0%(@1060)
  from x3: 0.84 0.84 0.84 0.84 0.84 0.84 0.84 0.84 0.84 0.84 0.85 0.85 0.85
  per-rule acc: 0.82 1.00
Epoch 1100 | Train: Loss=0.0041 Acc=100.0% | Test: Acc=88.0% | Best=88.0%(@1100)
  from x3: 0.88 0.88 0.88 0.88 0.88 0.88 0.88 0.88 0.88 0.88 0.88 0.88 0.88
  per-rule acc: 0.86 1.00
Epoch 1120 | Train: Loss=0.0024 Acc=100.0% | Test: Acc=92.2% | Best=92.2%(@1120)
  from x3: 0.92 0.92 0.92 0.92 0.92 0.92 0.92 0.92 0.92 0.92 0.92 0.92 0.92
  per-rule acc: 0.91 1.00
Epoch 1140 | Train: Loss=0.0059 Acc=100.0% | Test: Acc=93.4% | Best=93.4%(@1140)
  from x3: 0.94 0.93 0.93 0.93 0.93 0.93 0.93 0.93 0.93 0.93 0.93 0.93 0.93
  per-rule acc: 0.92 1.00
Epoch 1160 | Train: Loss=0.0028 Acc=100.0% | Test: Acc=94.7% | Best=94.7%(@1160)
  from x3: 0.95 0.95 0.95 0.95 0.95 0.95 0.95 0.95 0.95 0.95 0.95 0.95 0.95
  per-rule acc: 0.94 1.00
Epoch 1180 | Train: Loss=0.0030 Acc=100.0% | Test: Acc=95.1% | Best=95.1%(@1180)
  from x3: 0.95 0.95 0.95 0.95 0.95 0.95 0.95 0.95 0.95 0.95 0.95 0.95 0.95
  per-rule acc: 0.94 1.00
Epoch 1200 | Train: Loss=0.0043 Acc=100.0% | Test: Acc=95.4% | Best=95.4%(@1200)
  from x3: 0.96 0.95 0.95 0.95 0.95 0.95 0.95 0.95 0.95 0.95 0.95 0.95 0.95
  per-rule acc: 0.95 1.00
Epoch 1220 | Train: Loss=0.0026 Acc=100.0% | Test: Acc=96.5% | Best=96.5%(@1220)
  from x3: 0.97 0.96 0.96 0.96 0.96 0.96 0.96 0.96 0.96 0.96 0.96 0.96 0.96
  per-rule acc: 0.96 1.00
Epoch 1240 | Train: Loss=0.0026 Acc=100.0% | Test: Acc=96.7% | Best=96.7%(@1240)
  from x3: 0.97 0.97 0.97 0.97 0.97 0.97 0.97 0.97 0.97 0.97 0.97 0.97 0.97
  per-rule acc: 0.96 1.00
Epoch 1260 | Train: Loss=0.0021 Acc=100.0% | Test: Acc=97.1% | Best=97.1%(@1260)
  from x3: 0.98 0.97 0.97 0.97 0.97 0.97 0.97 0.97 0.97 0.97 0.97 0.97 0.97
  per-rule acc: 0.97 1.00
Epoch 1280 | Train: Loss=0.0025 Acc=100.0% | Test: Acc=97.0% | Best=97.1%(@1260)
  from x3: 0.97 0.97 0.97 0.97 0.97 0.97 0.97 0.97 0.97 0.97 0.97 0.97 0.97
  per-rule acc: 0.96 1.00
Epoch 1300 | Train: Loss=0.0024 Acc=100.0% | Test: Acc=97.1% | Best=97.1%(@1300)
  from x3: 0.97 0.97 0.97 0.97 0.97 0.97 0.97 0.97 0.97 0.97 0.97 0.97 0.97
  per-rule acc: 0.97 1.00
Epoch 1320 | Train: Loss=0.0020 Acc=100.0% | Test: Acc=97.4% | Best=97.4%(@1320)
  from x3: 0.98 0.97 0.97 0.97 0.97 0.97 0.97 0.97 0.97 0.97 0.97 0.97 0.97
  per-rule acc: 0.97 1.00
Epoch 1340 | Train: Loss=0.0025 Acc=100.0% | Test: Acc=97.9% | Best=97.9%(@1340)
  from x3: 0.99 0.98 0.98 0.98 0.98 0.98 0.98 0.98 0.98 0.98 0.98 0.98 0.98
  per-rule acc: 0.98 1.00
Epoch 1360 | Train: Loss=0.0024 Acc=100.0% | Test: Acc=98.0% | Best=98.0%(@1360)
  from x3: 0.99 0.98 0.98 0.98 0.98 0.98 0.98 0.98 0.98 0.98 0.98 0.98 0.98
  per-rule acc: 0.98 1.00
Epoch 1380 | Train: Loss=0.0019 Acc=100.0% | Test: Acc=98.2% | Best=98.2%(@1380)
  from x3: 0.99 0.98 0.98 0.98 0.98 0.98 0.98 0.98 0.98 0.98 0.98 0.98 0.98
  per-rule acc: 0.98 1.00
Epoch 1400 | Train: Loss=0.0015 Acc=100.0% | Test: Acc=98.3% | Best=98.3%(@1400)
  from x3: 0.99 0.98 0.98 0.98 0.98 0.98 0.98 0.98 0.98 0.98 0.98 0.98 0.98
  per-rule acc: 0.98 1.00
Epoch 1420 | Train: Loss=0.0012 Acc=100.0% | Test: Acc=98.3% | Best=98.3%(@1420)
  from x3: 0.99 0.98 0.98 0.98 0.98 0.98 0.98 0.98 0.98 0.98 0.98 0.98 0.98
  per-rule acc: 0.98 1.00
Epoch 1440 | Train: Loss=0.0010 Acc=100.0% | Test: Acc=98.3% | Best=98.3%(@1420)
  from x3: 0.99 0.98 0.98 0.98 0.98 0.98 0.98 0.98 0.98 0.98 0.98 0.98 0.98
  per-rule acc: 0.98 1.00
Epoch 1460 | Train: Loss=0.0008 Acc=100.0% | Test: Acc=98.3% | Best=98.3%(@1420)
  from x3: 0.99 0.98 0.98 0.98 0.98 0.98 0.98 0.98 0.98 0.98 0.98 0.98 0.98
  per-rule acc: 0.98 1.00
Epoch 1480 | Train: Loss=0.0006 Acc=100.0% | Test: Acc=98.3% | Best=98.3%(@1420)
  from x3: 0.99 0.98 0.98 0.98 0.98 0.98 0.98 0.98 0.98 0.98 0.98 0.98 0.98
  per-rule acc: 0.98 1.00
Epoch 1500 | Train: Loss=0.0005 Acc=100.0% | Test: Acc=98.3% | Best=98.3%(@1420)
  from x3: 0.99 0.98 0.98 0.98 0.98 0.98 0.98 0.98 0.98 0.98 0.98 0.98 0.98
  per-rule acc: 0.98 1.00
Epoch 1520 | Train: Loss=0.0004 Acc=100.0% | Test: Acc=98.3% | Best=98.3%(@1420)
  from x3: 0.99 0.98 0.98 0.98 0.98 0.98 0.98 0.98 0.98 0.98 0.98 0.98 0.98
  per-rule acc: 0.98 1.00
Epoch 1540 | Train: Loss=0.0003 Acc=100.0% | Test: Acc=98.3% | Best=98.3%(@1420)
  from x3: 0.98 0.98 0.98 0.98 0.98 0.98 0.98 0.98 0.98 0.98 0.98 0.98 0.98
  per-rule acc: 0.98 1.00
Epoch 1560 | Train: Loss=0.0002 Acc=100.0% | Test: Acc=98.3% | Best=98.3%(@1420)
  from x3: 0.98 0.98 0.98 0.98 0.98 0.98 0.98 0.98 0.98 0.98 0.98 0.98 0.98
  per-rule acc: 0.98 1.00
Epoch 1580 | Train: Loss=0.0002 Acc=100.0% | Test: Acc=98.3% | Best=98.3%(@1420)
  from x3: 0.98 0.98 0.98 0.98 0.98 0.98 0.98 0.98 0.98 0.98 0.98 0.98 0.98
  per-rule acc: 0.98 1.00
Epoch 1600 | Train: Loss=0.0002 Acc=100.0% | Test: Acc=98.3% | Best=98.3%(@1420)
  from x3: 0.98 0.98 0.98 0.98 0.98 0.98 0.98 0.98 0.98 0.98 0.98 0.98 0.98
  per-rule acc: 0.98 1.00
Epoch 1620 | Train: Loss=0.0001 Acc=100.0% | Test: Acc=98.3% | Best=98.3%(@1420)
  from x3: 0.98 0.98 0.98 0.98 0.98 0.98 0.98 0.98 0.98 0.98 0.98 0.98 0.98
  per-rule acc: 0.98 1.00
Epoch 1640 | Train: Loss=0.0001 Acc=100.0% | Test: Acc=98.3% | Best=98.3%(@1420)
  from x3: 0.98 0.98 0.98 0.98 0.98 0.98 0.98 0.98 0.98 0.98 0.98 0.98 0.98
  per-rule acc: 0.98 1.00
Epoch 1660 | Train: Loss=0.0001 Acc=100.0% | Test: Acc=98.3% | Best=98.3%(@1420)
  from x3: 0.99 0.98 0.98 0.98 0.98 0.98 0.98 0.98 0.98 0.98 0.98 0.98 0.98
  per-rule acc: 0.98 1.00
Epoch 1680 | Train: Loss=0.0001 Acc=100.0% | Test: Acc=98.3% | Best=98.3%(@1420)
  from x3: 0.99 0.98 0.98 0.98 0.98 0.98 0.98 0.98 0.98 0.98 0.98 0.98 0.98
  per-rule acc: 0.98 1.00
Epoch 1700 | Train: Loss=0.0001 Acc=100.0% | Test: Acc=98.3% | Best=98.3%(@1420)
  from x3: 0.99 0.98 0.98 0.98 0.98 0.98 0.98 0.98 0.98 0.98 0.98 0.98 0.98
  per-rule acc: 0.98 1.00
Epoch 1720 | Train: Loss=0.0000 Acc=100.0% | Test: Acc=98.3% | Best=98.3%(@1420)
  from x3: 0.99 0.98 0.98 0.98 0.98 0.98 0.98 0.98 0.98 0.98 0.98 0.98 0.98
  per-rule acc: 0.98 1.00
Epoch 1740 | Train: Loss=0.0000 Acc=100.0% | Test: Acc=98.3% | Best=98.3%(@1420)
  from x3: 0.99 0.98 0.98 0.98 0.98 0.98 0.98 0.98 0.98 0.98 0.98 0.98 0.98
  per-rule acc: 0.98 1.00
Epoch 1760 | Train: Loss=0.0000 Acc=100.0% | Test: Acc=98.3% | Best=98.3%(@1420)
  from x3: 0.99 0.98 0.98 0.98 0.98 0.98 0.98 0.98 0.98 0.98 0.98 0.98 0.98
  per-rule acc: 0.98 1.00
Epoch 1780 | Train: Loss=0.0000 Acc=100.0% | Test: Acc=98.3% | Best=98.3%(@1420)
  from x3: 0.99 0.98 0.98 0.98 0.98 0.98 0.98 0.98 0.98 0.98 0.98 0.98 0.98
  per-rule acc: 0.98 1.00
Epoch 1800 | Train: Loss=0.0000 Acc=100.0% | Test: Acc=98.3% | Best=98.3%(@1420)
  from x3: 0.99 0.98 0.98 0.98 0.98 0.98 0.98 0.98 0.98 0.98 0.98 0.98 0.98
  per-rule acc: 0.98 1.00
Epoch 1820 | Train: Loss=0.0000 Acc=100.0% | Test: Acc=98.4% | Best=98.4%(@1820)
  from x3: 0.99 0.98 0.98 0.98 0.98 0.98 0.98 0.98 0.98 0.98 0.98 0.98 0.98
  per-rule acc: 0.98 1.00
Epoch 1840 | Train: Loss=0.0000 Acc=100.0% | Test: Acc=98.4% | Best=98.4%(@1840)
  from x3: 0.99 0.98 0.98 0.98 0.98 0.98 0.98 0.98 0.98 0.98 0.98 0.98 0.98
  per-rule acc: 0.98 1.00
Epoch 1860 | Train: Loss=0.0000 Acc=100.0% | Test: Acc=98.4% | Best=98.4%(@1860)
  from x3: 0.99 0.98 0.98 0.98 0.98 0.98 0.98 0.98 0.98 0.98 0.98 0.98 0.98
  per-rule acc: 0.98 1.00
Epoch 1880 | Train: Loss=0.0000 Acc=100.0% | Test: Acc=98.5% | Best=98.5%(@1880)
  from x3: 0.99 0.98 0.98 0.98 0.98 0.98 0.98 0.98 0.98 0.98 0.98 0.98 0.98
  per-rule acc: 0.98 1.00
Epoch 1900 | Train: Loss=0.0000 Acc=100.0% | Test: Acc=98.5% | Best=98.5%(@1900)
  from x3: 0.99 0.98 0.98 0.98 0.98 0.98 0.98 0.98 0.98 0.98 0.98 0.98 0.98
  per-rule acc: 0.98 1.00
Epoch 1920 | Train: Loss=0.0000 Acc=100.0% | Test: Acc=98.4% | Best=98.5%(@1900)
  from x3: 0.99 0.98 0.98 0.98 0.98 0.98 0.98 0.98 0.98 0.98 0.98 0.98 0.98
  per-rule acc: 0.98 1.00
Epoch 1940 | Train: Loss=0.0000 Acc=100.0% | Test: Acc=98.4% | Best=98.5%(@1900)
  from x3: 0.99 0.98 0.98 0.98 0.98 0.98 0.98 0.98 0.98 0.98 0.98 0.98 0.98
  per-rule acc: 0.98 1.00
Epoch 1960 | Train: Loss=0.0000 Acc=100.0% | Test: Acc=98.4% | Best=98.5%(@1900)
  from x3: 0.99 0.98 0.98 0.98 0.98 0.98 0.98 0.98 0.98 0.98 0.98 0.98 0.98
  per-rule acc: 0.98 1.00
Epoch 1980 | Train: Loss=0.0003 Acc=100.0% | Test: Acc=98.7% | Best=98.7%(@1980)
  from x3: 1.00 0.99 0.99 0.99 0.99 0.99 0.99 0.99 0.99 0.99 0.99 0.99 0.99
  per-rule acc: 0.98 1.00
Epoch 2000 | Train: Loss=0.0009 Acc=100.0% | Test: Acc=98.6% | Best=98.7%(@1980)
  from x3: 1.00 0.98 0.99 0.99 0.99 0.99 0.99 0.99 0.99 0.99 0.99 0.99 0.99
  per-rule acc: 0.98 1.00
Epoch 2020 | Train: Loss=0.0011 Acc=100.0% | Test: Acc=98.5% | Best=98.7%(@1980)
  from x3: 0.99 0.98 0.98 0.98 0.98 0.98 0.98 0.98 0.98 0.98 0.98 0.98 0.98
  per-rule acc: 0.98 1.00
Epoch 2040 | Train: Loss=0.0011 Acc=100.0% | Test: Acc=98.3% | Best=98.7%(@1980)
  from x3: 0.99 0.98 0.98 0.98 0.98 0.98 0.98 0.98 0.98 0.98 0.98 0.98 0.98
  per-rule acc: 0.98 1.00
Epoch 2060 | Train: Loss=0.0009 Acc=100.0% | Test: Acc=98.3% | Best=98.7%(@1980)
  from x3: 0.98 0.98 0.98 0.98 0.98 0.98 0.98 0.98 0.98 0.98 0.98 0.98 0.98
  per-rule acc: 0.98 1.00
Epoch 2080 | Train: Loss=0.0008 Acc=100.0% | Test: Acc=98.3% | Best=98.7%(@1980)
  from x3: 0.99 0.98 0.98 0.98 0.98 0.98 0.98 0.98 0.98 0.98 0.98 0.98 0.98
  per-rule acc: 0.98 1.00
Epoch 2100 | Train: Loss=0.0006 Acc=100.0% | Test: Acc=98.4% | Best=98.7%(@1980)
  from x3: 0.99 0.98 0.98 0.98 0.98 0.98 0.98 0.98 0.98 0.98 0.98 0.98 0.98
  per-rule acc: 0.98 1.00
Epoch 2120 | Train: Loss=0.0005 Acc=100.0% | Test: Acc=98.5% | Best=98.7%(@1980)
  from x3: 0.99 0.98 0.98 0.98 0.98 0.98 0.98 0.98 0.98 0.98 0.98 0.98 0.98
  per-rule acc: 0.98 1.00
Epoch 2140 | Train: Loss=0.0004 Acc=100.0% | Test: Acc=98.5% | Best=98.7%(@1980)
  from x3: 0.99 0.98 0.98 0.98 0.98 0.98 0.98 0.98 0.98 0.98 0.98 0.98 0.98
  per-rule acc: 0.98 1.00
Epoch 2160 | Train: Loss=0.0003 Acc=100.0% | Test: Acc=98.5% | Best=98.7%(@1980)
  from x3: 0.99 0.98 0.98 0.98 0.98 0.98 0.98 0.98 0.98 0.98 0.98 0.98 0.99
  per-rule acc: 0.98 1.00
Epoch 2180 | Train: Loss=0.0003 Acc=100.0% | Test: Acc=98.5% | Best=98.7%(@1980)
  from x3: 0.99 0.98 0.98 0.98 0.98 0.98 0.98 0.99 0.99 0.99 0.99 0.99 0.99
  per-rule acc: 0.98 1.00
Epoch 2200 | Train: Loss=0.0002 Acc=100.0% | Test: Acc=98.6% | Best=98.7%(@1980)
  from x3: 0.99 0.98 0.99 0.99 0.99 0.99 0.99 0.99 0.99 0.99 0.99 0.99 0.99
  per-rule acc: 0.98 1.00
Epoch 2220 | Train: Loss=0.0011 Acc=100.0% | Test: Acc=98.6% | Best=98.7%(@1980)
  from x3: 0.99 0.98 0.99 0.99 0.99 0.99 0.99 0.99 0.99 0.99 0.99 0.99 0.99
  per-rule acc: 0.98 1.00
Epoch 2240 | Train: Loss=0.0015 Acc=100.0% | Test: Acc=98.4% | Best=98.7%(@1980)
  from x3: 0.99 0.98 0.98 0.98 0.98 0.98 0.98 0.98 0.98 0.98 0.98 0.98 0.98
  per-rule acc: 0.98 1.00
Epoch 2260 | Train: Loss=0.0014 Acc=100.0% | Test: Acc=98.4% | Best=98.7%(@1980)
  from x3: 0.99 0.98 0.98 0.98 0.98 0.98 0.98 0.98 0.98 0.98 0.98 0.98 0.98
  per-rule acc: 0.98 1.00
Epoch 2280 | Train: Loss=0.0011 Acc=100.0% | Test: Acc=98.4% | Best=98.7%(@1980)
  from x3: 0.99 0.98 0.98 0.98 0.98 0.98 0.98 0.98 0.98 0.98 0.98 0.98 0.98
  per-rule acc: 0.98 1.00
Epoch 2300 | Train: Loss=0.0009 Acc=100.0% | Test: Acc=98.4% | Best=98.7%(@1980)
  from x3: 0.99 0.98 0.98 0.98 0.98 0.98 0.98 0.98 0.98 0.98 0.98 0.98 0.98
  per-rule acc: 0.98 1.00
Epoch 2320 | Train: Loss=0.0007 Acc=100.0% | Test: Acc=98.4% | Best=98.7%(@1980)
  from x3: 0.98 0.98 0.98 0.98 0.98 0.98 0.98 0.98 0.98 0.98 0.98 0.98 0.98
  per-rule acc: 0.98 1.00
Epoch 2340 | Train: Loss=0.0006 Acc=100.0% | Test: Acc=98.4% | Best=98.7%(@1980)
  from x3: 0.98 0.98 0.98 0.98 0.98 0.98 0.98 0.98 0.98 0.98 0.98 0.98 0.98
  per-rule acc: 0.98 1.00
Epoch 2360 | Train: Loss=0.0005 Acc=100.0% | Test: Acc=98.4% | Best=98.7%(@1980)
  from x3: 0.98 0.98 0.98 0.98 0.98 0.98 0.98 0.98 0.98 0.98 0.98 0.98 0.98
  per-rule acc: 0.98 1.00
Epoch 2380 | Train: Loss=0.0004 Acc=100.0% | Test: Acc=98.4% | Best=98.7%(@1980)
  from x3: 0.98 0.98 0.98 0.98 0.98 0.98 0.98 0.98 0.98 0.98 0.98 0.98 0.98
  per-rule acc: 0.98 1.00
Epoch 2400 | Train: Loss=0.0003 Acc=100.0% | Test: Acc=98.4% | Best=98.7%(@1980)
  from x3: 0.98 0.98 0.98 0.98 0.98 0.98 0.98 0.98 0.98 0.98 0.98 0.98 0.98
  per-rule acc: 0.98 1.00
Epoch 2420 | Train: Loss=0.0003 Acc=100.0% | Test: Acc=98.4% | Best=98.7%(@1980)
  from x3: 0.98 0.98 0.98 0.98 0.98 0.98 0.98 0.98 0.98 0.98 0.98 0.98 0.98
  per-rule acc: 0.98 1.00
Epoch 2440 | Train: Loss=0.0002 Acc=100.0% | Test: Acc=98.4% | Best=98.7%(@1980)
  from x3: 0.98 0.98 0.98 0.98 0.98 0.98 0.98 0.98 0.98 0.98 0.98 0.98 0.98
  per-rule acc: 0.98 1.00
Epoch 2460 | Train: Loss=0.0002 Acc=100.0% | Test: Acc=98.4% | Best=98.7%(@1980)
  from x3: 0.98 0.98 0.98 0.98 0.98 0.98 0.98 0.98 0.98 0.98 0.98 0.98 0.98
  per-rule acc: 0.98 1.00
Epoch 2480 | Train: Loss=0.0001 Acc=100.0% | Test: Acc=98.4% | Best=98.7%(@1980)
  from x3: 0.98 0.98 0.98 0.98 0.98 0.98 0.98 0.98 0.98 0.98 0.98 0.98 0.98
  per-rule acc: 0.98 1.00
Epoch 2500 | Train: Loss=0.0001 Acc=100.0% | Test: Acc=98.5% | Best=98.7%(@1980)
  from x3: 0.99 0.98 0.98 0.98 0.98 0.98 0.98 0.98 0.98 0.98 0.98 0.98 0.99
  per-rule acc: 0.98 1.00
Epoch 2520 | Train: Loss=0.0001 Acc=100.0% | Test: Acc=98.5% | Best=98.7%(@1980)
  from x3: 0.99 0.98 0.98 0.98 0.98 0.98 0.98 0.98 0.99 0.99 0.99 0.99 0.99
  per-rule acc: 0.98 1.00
Epoch 2540 | Train: Loss=0.0007 Acc=100.0% | Test: Acc=98.6% | Best=98.7%(@1980)
  from x3: 1.00 0.98 0.99 0.99 0.99 0.99 0.99 0.99 0.99 0.99 0.99 0.99 0.99
  per-rule acc: 0.98 1.00
Epoch 2560 | Train: Loss=0.0014 Acc=100.0% | Test: Acc=98.6% | Best=98.7%(@1980)
  from x3: 0.99 0.99 0.99 0.99 0.99 0.99 0.99 0.99 0.99 0.99 0.99 0.99 0.99
  per-rule acc: 0.98 1.00
Epoch 2580 | Train: Loss=0.0014 Acc=100.0% | Test: Acc=98.5% | Best=98.7%(@1980)
  from x3: 0.99 0.98 0.98 0.98 0.98 0.98 0.98 0.98 0.98 0.98 0.98 0.98 0.98
  per-rule acc: 0.98 1.00
Epoch 2600 | Train: Loss=0.0013 Acc=100.0% | Test: Acc=98.4% | Best=98.7%(@1980)
  from x3: 0.99 0.98 0.98 0.98 0.98 0.98 0.98 0.98 0.98 0.98 0.98 0.98 0.98
  per-rule acc: 0.98 1.00
Epoch 2620 | Train: Loss=0.0010 Acc=100.0% | Test: Acc=98.4% | Best=98.7%(@1980)
  from x3: 0.99 0.98 0.98 0.98 0.98 0.98 0.98 0.98 0.98 0.98 0.98 0.98 0.98
  per-rule acc: 0.98 1.00
Epoch 2640 | Train: Loss=0.0008 Acc=100.0% | Test: Acc=98.4% | Best=98.7%(@1980)
  from x3: 0.99 0.98 0.98 0.98 0.98 0.98 0.98 0.98 0.98 0.98 0.98 0.98 0.98
  per-rule acc: 0.98 1.00
Epoch 2660 | Train: Loss=0.0007 Acc=100.0% | Test: Acc=98.4% | Best=98.7%(@1980)
  from x3: 0.99 0.98 0.98 0.98 0.98 0.98 0.98 0.98 0.98 0.98 0.98 0.98 0.98
  per-rule acc: 0.98 1.00
Epoch 2680 | Train: Loss=0.0005 Acc=100.0% | Test: Acc=98.4% | Best=98.7%(@1980)
  from x3: 0.99 0.98 0.98 0.98 0.98 0.98 0.98 0.98 0.98 0.98 0.98 0.98 0.98
  per-rule acc: 0.98 1.00
Epoch 2700 | Train: Loss=0.0004 Acc=100.0% | Test: Acc=98.4% | Best=98.7%(@1980)
  from x3: 0.99 0.98 0.98 0.98 0.98 0.98 0.98 0.98 0.98 0.98 0.98 0.98 0.98
  per-rule acc: 0.98 1.00
Epoch 2720 | Train: Loss=0.0004 Acc=100.0% | Test: Acc=98.5% | Best=98.7%(@1980)
  from x3: 0.99 0.98 0.98 0.98 0.98 0.98 0.98 0.98 0.98 0.98 0.98 0.98 0.98
  per-rule acc: 0.98 1.00
Epoch 2740 | Train: Loss=0.0003 Acc=100.0% | Test: Acc=98.5% | Best=98.7%(@1980)
  from x3: 0.99 0.98 0.98 0.98 0.98 0.98 0.98 0.98 0.98 0.98 0.98 0.98 0.98
  per-rule acc: 0.98 1.00
Epoch 2760 | Train: Loss=0.0048 Acc=100.0% | Test: Acc=98.3% | Best=98.7%(@1980)
  from x3: 0.99 0.98 0.98 0.98 0.98 0.98 0.98 0.98 0.98 0.98 0.98 0.98 0.98
  per-rule acc: 0.98 1.00
Epoch 2780 | Train: Loss=0.0013 Acc=100.0% | Test: Acc=98.5% | Best=98.7%(@1980)
  from x3: 0.99 0.99 0.99 0.99 0.99 0.99 0.99 0.99 0.99 0.99 0.99 0.99 0.99
  per-rule acc: 0.98 1.00
Epoch 2800 | Train: Loss=0.0018 Acc=100.0% | Test: Acc=98.5% | Best=98.7%(@1980)
  from x3: 0.99 0.98 0.98 0.98 0.98 0.98 0.98 0.98 0.98 0.98 0.98 0.98 0.98
  per-rule acc: 0.98 1.00
Epoch 2820 | Train: Loss=0.0016 Acc=100.0% | Test: Acc=98.4% | Best=98.7%(@1980)
  from x3: 0.99 0.98 0.98 0.98 0.98 0.98 0.98 0.98 0.98 0.98 0.98 0.98 0.98
  per-rule acc: 0.98 1.00
Epoch 2840 | Train: Loss=0.0014 Acc=100.0% | Test: Acc=98.4% | Best=98.7%(@1980)
  from x3: 0.99 0.98 0.98 0.98 0.98 0.98 0.98 0.98 0.98 0.98 0.98 0.98 0.98
  per-rule acc: 0.98 1.00
Epoch 2860 | Train: Loss=0.0011 Acc=100.0% | Test: Acc=98.4% | Best=98.7%(@1980)
  from x3: 0.99 0.98 0.98 0.98 0.98 0.98 0.98 0.98 0.98 0.98 0.98 0.98 0.98
  per-rule acc: 0.98 1.00
Epoch 2880 | Train: Loss=0.0009 Acc=100.0% | Test: Acc=98.4% | Best=98.7%(@1980)
  from x3: 0.99 0.98 0.98 0.98 0.98 0.98 0.98 0.98 0.98 0.98 0.98 0.98 0.98
  per-rule acc: 0.98 1.00
Epoch 2900 | Train: Loss=0.0007 Acc=100.0% | Test: Acc=98.4% | Best=98.7%(@1980)
  from x3: 0.99 0.98 0.98 0.98 0.98 0.98 0.98 0.98 0.98 0.98 0.98 0.98 0.98
  per-rule acc: 0.98 1.00
Epoch 2920 | Train: Loss=0.0006 Acc=100.0% | Test: Acc=98.4% | Best=98.7%(@1980)
  from x3: 0.99 0.98 0.98 0.98 0.98 0.98 0.98 0.98 0.98 0.98 0.98 0.98 0.98
  per-rule acc: 0.98 1.00
Epoch 2940 | Train: Loss=0.0005 Acc=100.0% | Test: Acc=98.4% | Best=98.7%(@1980)
  from x3: 0.99 0.98 0.98 0.98 0.98 0.98 0.98 0.98 0.98 0.98 0.98 0.98 0.98
  per-rule acc: 0.98 1.00
Epoch 2960 | Train: Loss=0.0004 Acc=100.0% | Test: Acc=98.5% | Best=98.7%(@1980)
  from x3: 0.99 0.99 0.99 0.99 0.99 0.99 0.99 0.99 0.99 0.99 0.99 0.99 0.98
  per-rule acc: 0.98 1.00
Epoch 2980 | Train: Loss=0.0003 Acc=100.0% | Test: Acc=98.5% | Best=98.7%(@1980)
  from x3: 0.99 0.99 0.99 0.99 0.99 0.99 0.99 0.99 0.99 0.99 0.99 0.99 0.99
  per-rule acc: 0.98 1.00
[Early stop] No improvement for 1000 consecutive epochs

==================================================
Saving model...
[OK] Model saved to: /home/cxm/ai/test0626-unbalanced/models/mixed_cond_d128l1_r8_e40_90.pth
  File size: 1418.0 KB
  Best test accuracy: 98.68%

[Config] SKIP_FINAL_GENERATION_TEST=true, skipping final generation test.

--- Return code: 0 ---

======================================================================
Attention Analysis
======================================================================
Model config: addition (default), p=53
Best test accuracy: 0.986783960720131
Training epochs: 2980

Random test sequence 1/5 (length 32): [0, 52, 52, 51, 50, 48, 45, 40, 32, 19, 51, 17, 15, 32, 47, 26, 20, 46, 13, 6]...

======================================================================
Attention Layer Training Result Summary
======================================================================
Input sequence: [0, 52, 52, 51, 50, 48, 45, 40, 32, 19, 51, 17, 15, 32, 47, 26, 20, 46, 13, 6, 19, 25, 44, 16, 7, 23, 30, 0, 30, 30, 7, 37]

--- Layer 0 ---
  Head 0: Entropy=0.625
    Attention coefficients from each query position to previous positions:
      i= 0 -> j=0:1.000
      i= 1 -> j=0:0.177, j=1:0.823
      i= 2 -> j=0:0.030, j=1:0.177, j=2:0.793
      i= 3 -> j=0:0.008, j=1:0.037, j=2:0.204, j=3:0.751
      i= 4 -> j=0:0.003, j=1:0.007, j=2:0.038, j=3:0.209, j=4:0.743
      i= 5 -> j=0:0.000, j=1:0.000, j=2:0.001, j=3:0.006, j=4:0.088, j=5:0.904
      i= 6 -> j=0:0.001, j=1:0.000, j=2:0.001, j=3:0.001, j=4:0.014, j=5:0.120, j=6:0.863
      i= 7 -> j=0:0.001, j=1:0.001, j=2:0.001, j=3:0.001, j=4:0.004, j=5:0.016, j=6:0.149, j=7:0.827
      i= 8 -> j=0:0.000, j=1:0.000, j=2:0.000, j=3:0.000, j=4:0.000, j=5:0.000, j=6:0.001, j=7:0.024, j=8:0.974
      i= 9 -> j=0:0.003, j=1:0.002, j=2:0.003, j=3:0.001, j=4:0.003, j=5:0.003, j=6:0.008, j=7:0.047, j=8:0.220, j=9:0.711
      i=10 -> j=0:0.001, j=1:0.001, j=2:0.001, j=3:0.000, j=4:0.001, j=5:0.000, j=6:0.001, j=7:0.007, j=8:0.015, j=9:0.216, j=10:0.758
      i=11 -> j=0:0.003, j=1:0.003, j=2:0.003, j=3:0.001, j=4:0.003, j=5:0.001, j=6:0.002, j=7:0.009, j=8:0.006, j=9:0.095, j=10:0.198, j=11:0.675
      i=12 -> j=0:0.001, j=1:0.001, j=2:0.001, j=3:0.000, j=4:0.001, j=5:0.001, j=6:0.001, j=7:0.001, j=8:0.001, j=9:0.008, j=10:0.026, j=11:0.189, j=12:0.769
      i=13 -> j=0:0.000, j=1:0.000, j=2:0.000, j=3:0.000, j=4:0.000, j=5:0.000, j=6:0.000, j=7:0.000, j=8:0.000, j=9:0.000, j=10:0.000, j=11:0.002, j=12:0.019, j=13:0.979
      i=14 -> j=0:0.000, j=1:0.000, j=2:0.000, j=3:0.000, j=4:0.000, j=5:0.000, j=6:0.000, j=7:0.000, j=8:0.000, j=9:0.000, j=10:0.000, j=11:0.002, j=12:0.008, j=13:0.080, j=14:0.908
      i=15 -> j=0:0.000, j=1:0.000, j=2:0.000, j=3:0.000, j=4:0.000, j=5:0.000, j=6:0.000, j=7:0.000, j=8:0.000, j=9:0.000, j=10:0.000, j=11:0.000, j=12:0.000, j=13:0.001, j=14:0.026, j=15:0.973
      i=16 -> j=0:0.005, j=1:0.004, j=2:0.004, j=3:0.002, j=4:0.003, j=5:0.002, j=6:0.002, j=7:0.003, j=8:0.001, j=9:0.004, j=10:0.001, j=11:0.004, j=12:0.006, j=13:0.004, j=14:0.041, j=15:0.223, j=16:0.692
      i=17 -> j=0:0.001, j=1:0.000, j=2:0.000, j=3:0.000, j=4:0.000, j=5:0.000, j=6:0.000, j=7:0.000, j=8:0.000, j=9:0.000, j=10:0.000, j=11:0.000, j=12:0.000, j=13:0.000, j=14:0.001, j=15:0.004, j=16:0.070, j=17:0.920
      i=18 -> j=0:0.005, j=1:0.004, j=2:0.003, j=3:0.002, j=4:0.003, j=5:0.002, j=6:0.001, j=7:0.002, j=8:0.001, j=9:0.004, j=10:0.001, j=11:0.005, j=12:0.006, j=13:0.001, j=14:0.003, j=15:0.004, j=16:0.070, j=17:0.190, j=18:0.692
      i=19 -> j=0:0.005, j=1:0.004, j=2:0.003, j=3:0.001, j=4:0.002, j=5:0.001, j=6:0.001, j=7:0.002, j=8:0.001, j=9:0.003, j=10:0.001, j=11:0.003, j=12:0.006, j=13:0.000, j=14:0.001, j=15:0.001, j=16:0.019, j=17:0.027, j=18:0.159, j=19:0.758
      i=20 -> j=0:0.007, j=1:0.006, j=2:0.006, j=3:0.003, j=4:0.004, j=5:0.002, j=6:0.002, j=7:0.003, j=8:0.001, j=9:0.004, j=10:0.001, j=11:0.003, j=12:0.004, j=13:0.001, j=14:0.002, j=15:0.001, j=16:0.006, j=17:0.006, j=18:0.049, j=19:0.253, j=20:0.634
      i=21 -> j=0:0.003, j=1:0.003, j=2:0.003, j=3:0.001, j=4:0.002, j=5:0.001, j=6:0.001, j=7:0.001, j=8:0.001, j=9:0.002, j=10:0.000, j=11:0.001, j=12:0.001, j=13:0.000, j=14:0.001, j=15:0.000, j=16:0.001, j=17:0.001, j=18:0.005, j=19:0.023, j=20:0.124, j=21:0.826
      i=22 -> j=0:0.000, j=1:0.000, j=2:0.000, j=3:0.000, j=4:0.000, j=5:0.000, j=6:0.000, j=7:0.000, j=8:0.000, j=9:0.000, j=10:0.000, j=11:0.000, j=12:0.000, j=13:0.000, j=14:0.000, j=15:0.000, j=16:0.000, j=17:0.000, j=18:0.000, j=19:0.000, j=20:0.001, j=21:0.018, j=22:0.979
      i=23 -> j=0:0.007, j=1:0.006, j=2:0.006, j=3:0.003, j=4:0.004, j=5:0.002, j=6:0.002, j=7:0.004, j=8:0.001, j=9:0.006, j=10:0.001, j=11:0.004, j=12:0.006, j=13:0.001, j=14:0.001, j=15:0.001, j=16:0.005, j=17:0.001, j=18:0.003, j=19:0.007, j=20:0.018, j=21:0.052, j=22:0.146, j=23:0.713
      i=24 -> j=0:0.002, j=1:0.001, j=2:0.001, j=3:0.001, j=4:0.001, j=5:0.001, j=6:0.001, j=7:0.001, j=8:0.000, j=9:0.001, j=10:0.000, j=11:0.001, j=12:0.001, j=13:0.000, j=14:0.000, j=15:0.000, j=16:0.001, j=17:0.000, j=18:0.001, j=19:0.000, j=20:0.001, j=21:0.001, j=22:0.005, j=23:0.105, j=24:0.875
      i=25 -> j=0:0.001, j=1:0.001, j=2:0.001, j=3:0.001, j=4:0.001, j=5:0.001, j=6:0.001, j=7:0.001, j=8:0.000, j=9:0.001, j=10:0.000, j=11:0.001, j=12:0.001, j=13:0.000, j=14:0.000, j=15:0.000, j=16:0.000, j=17:0.000, j=18:0.000, j=19:0.000, j=20:0.000, j=21:0.000, j=22:0.000, j=23:0.009, j=24:0.084, j=25:0.896
      i=26 -> j=0:0.003, j=1:0.003, j=2:0.003, j=3:0.001, j=4:0.002, j=5:0.001, j=6:0.001, j=7:0.002, j=8:0.000, j=9:0.003, j=10:0.000, j=11:0.002, j=12:0.004, j=13:0.000, j=14:0.000, j=15:0.000, j=16:0.002, j=17:0.000, j=18:0.001, j=19:0.001, j=20:0.001, j=21:0.001, j=22:0.000, j=23:0.008, j=24:0.026, j=25:0.241, j=26:0.692
      i=27 -> j=0:0.004, j=1:0.005, j=2:0.005, j=3:0.003, j=4:0.003, j=5:0.002, j=6:0.002, j=7:0.003, j=8:0.002, j=9:0.004, j=10:0.001, j=11:0.003, j=12:0.004, j=13:0.001, j=14:0.001, j=15:0.001, j=16:0.002, j=17:0.001, j=18:0.001, j=19:0.002, j=20:0.002, j=21:0.001, j=22:0.000, j=23:0.002, j=24:0.004, j=25:0.023, j=26:0.206, j=27:0.714
      i=28 -> j=0:0.004, j=1:0.004, j=2:0.004, j=3:0.001, j=4:0.002, j=5:0.001, j=6:0.001, j=7:0.003, j=8:0.001, j=9:0.004, j=10:0.001, j=11:0.003, j=12:0.005, j=13:0.000, j=14:0.001, j=15:0.000, j=16:0.002, j=17:0.000, j=18:0.001, j=19:0.001, j=20:0.002, j=21:0.001, j=22:0.000, j=23:0.001, j=24:0.001, j=25:0.007, j=26:0.037, j=27:0.150, j=28:0.762
      i=29 -> j=0:0.004, j=1:0.004, j=2:0.004, j=3:0.001, j=4:0.003, j=5:0.001, j=6:0.001, j=7:0.003, j=8:0.001, j=9:0.004, j=10:0.001, j=11:0.003, j=12:0.006, j=13:0.000, j=14:0.001, j=15:0.000, j=16:0.002, j=17:0.000, j=18:0.001, j=19:0.001, j=20:0.001, j=21:0.001, j=22:0.000, j=23:0.001, j=24:0.001, j=25:0.002, j=26:0.005, j=27:0.031, j=28:0.203, j=29:0.715
      i=30 -> j=0:0.002, j=1:0.002, j=2:0.002, j=3:0.001, j=4:0.001, j=5:0.001, j=6:0.001, j=7:0.001, j=8:0.001, j=9:0.002, j=10:0.001, j=11:0.001, j=12:0.002, j=13:0.000, j=14:0.000, j=15:0.000, j=16:0.001, j=17:0.000, j=18:0.001, j=19:0.000, j=20:0.000, j=21:0.000, j=22:0.000, j=23:0.000, j=24:0.000, j=25:0.000, j=26:0.000, j=27:0.002, j=28:0.009, j=29:0.125, j=30:0.841
      i=31 -> j=0:0.002, j=1:0.002, j=2:0.002, j=3:0.001, j=4:0.001, j=5:0.001, j=6:0.001, j=7:0.002, j=8:0.001, j=9:0.002, j=10:0.001, j=11:0.001, j=12:0.002, j=13:0.001, j=14:0.001, j=15:0.000, j=16:0.001, j=17:0.001, j=18:0.001, j=19:0.001, j=20:0.001, j=21:0.000, j=22:0.000, j=23:0.000, j=24:0.000, j=25:0.000, j=26:0.000, j=27:0.001, j=28:0.001, j=29:0.010, j=30:0.107, j=31:0.855
    Average attention per distance:
      d=0:0.813, d=1:0.145, d=2:0.025


======================================================================
QK Property Verification (Raw Scores, before Softmax)
======================================================================
Recurrence order init_len=2, num test sequences=1

--- [P1] Long-distance Orthogonality Verification ---
Ideal: raw_score mean ≈ 0 and small std when d > init_len

  Layer 0, Head 0:
    d= 1 (effective): mean=  2.164, std= 0.431, n=31
    d= 2 (effective): mean=  0.080, std= 0.335, n=30
    d>2 (long-distance): mean= -2.902, std= 0.873, n=435

--- [P2] Time-homogeneous Verification ---
Ideal: CV of raw_score across positions i ≈ 0 for fixed distance d
(CV = std / |mean|, smaller = more constant)

  Layer 0, Head 0:
    d= 1: mean=  2.164, std= 0.431, CV=0.199, n=31
    d= 2: mean=  0.080, std= 0.335, CV=4.181, n=30

======================================================================
QK Property Verification Completed
======================================================================
