=== Experiment: mixed_basic_d1024l4_r16_e50_60 ===
Time: 2026-06-25T16:22:12.886890
Task type: mixed_ab
Merged config: {
  "P": 53,
  "TASK": "mixed_ab",
  "NUM_MASK": 0,
  "A": 1,
  "B": 1,
  "AB_PAIRS": [
    [
      1,
      1
    ],
    [
      1,
      2
    ]
  ],
  "D_MODEL": 1024,
  "N_HEAD": 1,
  "N_LAYER": 4,
  "BATCH_SIZE": 128,
  "EPOCHS": 10000,
  "LR": 0.0003,
  "SAVE_PATH": "models/mixed_basic_d1024l4_r16_e50_60.pth",
  "USE_GREEDY_GENERATE": true,
  "USE_LEARNABLE_PE": false,
  "MLP_RATIO": 16,
  "TRAIN_LEN": 16,
  "OOD_LEN": 32,
  "DROPOUT": 0.0,
  "TARGET_INIT_COVERAGE": 0.5,
  "MAX_UNIQUE_RATIO": 0.5,
  "WEIGHT_DECAY": 1,
  "ENTROPY_PENALTY_WEIGHT": 0.0,
  "FIRST_TASK_WEIGHT": 1.0,
  "RANDOM_SEED": 42,
  "EVAL_INTERVAL": 20,
  "EARLY_STOP_NO_IMPROVE": 1000,
  "EARLY_STOP_ACCURACY": 0.99,
  "SKIP_FINAL_GENERATION_TEST": true,
  "USE_AB_TAG": false,
  "USE_CONDITIONAL_WTE": false,
  "COND_WTE_SHARED_RATIO": 0.0,
  "MIXED_AB_MAX_UNIQUE_RATIOS": [
    0.5,
    0.6
  ]
}
--- output ---
Using device: cuda

[Dataset] Mixed mode: generated 3122 + 2496 samples, length 16
AB parameter pairs: [(1, 1), (1, 2)]
  - AB=(1,1): train 1404 | test 1405 | exposed ~50.0%
  - AB=(1,2): train 1718 | test 1091 | exposed ~61.2%
--------------------------------------------------
[Model config] block_size: 32, train length: 16
[Number theory] AB parameter pairs: [(1, 1), (1, 2)]


Model parameters: 151.68M

Start training...
Epoch   0 | Train: Loss=4.3913 Acc=4.2% | Test: Acc=0.7% | Best=0.7%(@0)
  from x3: 0.01 0.01 0.01 0.01 0.01 0.01 0.01 0.01 0.01 0.01 0.01 0.01 0.01
  per-rule acc: 0.01 0.01
Epoch  20 | Train: Loss=0.0202 Acc=99.6% | Test: Acc=2.4% | Best=2.4%(@20)
  from x3: 0.02 0.02 0.02 0.03 0.02 0.02 0.03 0.02 0.02 0.02 0.03 0.03 0.02
  per-rule acc: 0.03 0.02
Epoch  40 | Train: Loss=0.0410 Acc=99.4% | Test: Acc=2.6% | Best=2.6%(@40)
  from x3: 0.02 0.03 0.02 0.03 0.03 0.03 0.03 0.03 0.03 0.03 0.03 0.03 0.03
  per-rule acc: 0.04 0.01
Epoch  60 | Train: Loss=0.0059 Acc=99.9% | Test: Acc=2.6% | Best=2.6%(@40)
  from x3: 0.02 0.03 0.03 0.03 0.03 0.03 0.03 0.03 0.02 0.02 0.02 0.02 0.02
  per-rule acc: 0.04 0.01
Epoch  80 | Train: Loss=0.0035 Acc=99.9% | Test: Acc=2.5% | Best=2.6%(@40)
  from x3: 0.03 0.03 0.03 0.03 0.02 0.03 0.03 0.02 0.02 0.02 0.02 0.02 0.02
  per-rule acc: 0.04 0.01
Epoch 100 | Train: Loss=0.0025 Acc=99.9% | Test: Acc=2.2% | Best=2.6%(@40)
  from x3: 0.02 0.02 0.02 0.02 0.02 0.02 0.02 0.02 0.02 0.02 0.02 0.02 0.02
  per-rule acc: 0.03 0.01
Epoch 120 | Train: Loss=0.0026 Acc=99.9% | Test: Acc=2.0% | Best=2.6%(@40)
  from x3: 0.02 0.02 0.02 0.02 0.02 0.02 0.02 0.02 0.02 0.02 0.02 0.02 0.02
  per-rule acc: 0.03 0.01
Epoch 140 | Train: Loss=4.3078 Acc=2.5% | Test: Acc=1.6% | Best=2.6%(@40)
  from x3: 0.02 0.02 0.02 0.02 0.02 0.01 0.01 0.02 0.02 0.02 0.02 0.02 0.02
  per-rule acc: 0.02 0.02
Epoch 160 | Train: Loss=4.2357 Acc=3.7% | Test: Acc=1.3% | Best=2.6%(@40)
  from x3: 0.01 0.01 0.01 0.01 0.01 0.01 0.01 0.01 0.01 0.01 0.02 0.01 0.02
  per-rule acc: 0.02 0.01
Epoch 180 | Train: Loss=2.3311 Acc=51.7% | Test: Acc=1.3% | Best=2.6%(@40)
  from x3: 0.02 0.01 0.01 0.01 0.01 0.01 0.01 0.01 0.01 0.01 0.01 0.01 0.01
  per-rule acc: 0.01 0.01
Epoch 200 | Train: Loss=1.1138 Acc=74.7% | Test: Acc=1.6% | Best=2.6%(@40)
  from x3: 0.02 0.02 0.02 0.01 0.01 0.02 0.01 0.01 0.02 0.02 0.02 0.02 0.02
  per-rule acc: 0.02 0.01
Epoch 220 | Train: Loss=0.0511 Acc=99.0% | Test: Acc=1.4% | Best=2.6%(@40)
  from x3: 0.01 0.02 0.01 0.01 0.01 0.02 0.01 0.01 0.01 0.01 0.02 0.02 0.01
  per-rule acc: 0.02 0.01
Epoch 240 | Train: Loss=0.0121 Acc=99.8% | Test: Acc=1.6% | Best=2.6%(@40)
  from x3: 0.02 0.02 0.01 0.01 0.01 0.02 0.02 0.02 0.02 0.02 0.02 0.02 0.02
  per-rule acc: 0.02 0.01
Epoch 260 | Train: Loss=0.0081 Acc=99.9% | Test: Acc=1.7% | Best=2.6%(@40)
  from x3: 0.02 0.02 0.02 0.02 0.02 0.01 0.01 0.02 0.02 0.02 0.02 0.02 0.02
  per-rule acc: 0.02 0.01
Epoch 280 | Train: Loss=0.0078 Acc=99.9% | Test: Acc=1.7% | Best=2.6%(@40)
  from x3: 0.02 0.02 0.02 0.02 0.02 0.02 0.01 0.02 0.02 0.02 0.02 0.02 0.02
  per-rule acc: 0.02 0.01
Epoch 300 | Train: Loss=0.0050 Acc=99.9% | Test: Acc=1.8% | Best=2.6%(@40)
  from x3: 0.02 0.02 0.02 0.02 0.02 0.02 0.02 0.02 0.02 0.02 0.02 0.02 0.02
  per-rule acc: 0.02 0.02
Epoch 320 | Train: Loss=4.3083 Acc=2.4% | Test: Acc=1.7% | Best=2.6%(@40)
  from x3: 0.02 0.02 0.02 0.02 0.02 0.02 0.02 0.02 0.02 0.02 0.02 0.02 0.02
  per-rule acc: 0.02 0.02
Epoch 340 | Train: Loss=4.1593 Acc=5.3% | Test: Acc=1.4% | Best=2.6%(@40)
  from x3: 0.01 0.01 0.01 0.01 0.01 0.01 0.01 0.01 0.01 0.01 0.02 0.02 0.02
  per-rule acc: 0.01 0.01
Epoch 360 | Train: Loss=0.0368 Acc=99.5% | Test: Acc=2.2% | Best=2.6%(@40)
  from x3: 0.02 0.02 0.02 0.03 0.02 0.02 0.02 0.02 0.02 0.02 0.02 0.02 0.02
  per-rule acc: 0.02 0.02
Epoch 380 | Train: Loss=0.0080 Acc=99.9% | Test: Acc=2.0% | Best=2.6%(@40)
  from x3: 0.02 0.02 0.02 0.02 0.02 0.02 0.02 0.02 0.02 0.02 0.02 0.02 0.02
  per-rule acc: 0.02 0.02
Epoch 400 | Train: Loss=0.0061 Acc=99.9% | Test: Acc=1.9% | Best=2.6%(@40)
  from x3: 0.02 0.02 0.02 0.02 0.02 0.02 0.02 0.02 0.02 0.02 0.02 0.02 0.02
  per-rule acc: 0.02 0.01
Epoch 420 | Train: Loss=1.9471 Acc=75.8% | Test: Acc=2.0% | Best=2.6%(@40)
  from x3: 0.02 0.02 0.02 0.02 0.02 0.02 0.02 0.02 0.02 0.02 0.02 0.02 0.02
  per-rule acc: 0.02 0.01
Epoch 440 | Train: Loss=0.0045 Acc=99.9% | Test: Acc=1.9% | Best=2.6%(@40)
  from x3: 0.02 0.02 0.02 0.02 0.02 0.02 0.02 0.02 0.02 0.02 0.02 0.02 0.02
  per-rule acc: 0.02 0.01
Epoch 460 | Train: Loss=0.0038 Acc=99.9% | Test: Acc=1.8% | Best=2.6%(@40)
  from x3: 0.02 0.02 0.02 0.02 0.02 0.02 0.02 0.02 0.02 0.02 0.02 0.02 0.02
  per-rule acc: 0.02 0.01
Epoch 480 | Train: Loss=0.0042 Acc=99.9% | Test: Acc=2.0% | Best=2.6%(@40)
  from x3: 0.02 0.02 0.02 0.02 0.02 0.02 0.02 0.02 0.02 0.02 0.02 0.02 0.02
  per-rule acc: 0.02 0.01
Epoch 500 | Train: Loss=0.0031 Acc=99.9% | Test: Acc=1.9% | Best=2.6%(@40)
  from x3: 0.02 0.02 0.02 0.02 0.02 0.02 0.02 0.02 0.02 0.02 0.02 0.02 0.02
  per-rule acc: 0.02 0.01
Epoch 520 | Train: Loss=0.0033 Acc=99.9% | Test: Acc=1.9% | Best=2.6%(@40)
  from x3: 0.02 0.02 0.02 0.02 0.02 0.02 0.02 0.02 0.02 0.02 0.02 0.02 0.02
  per-rule acc: 0.02 0.01
Epoch 540 | Train: Loss=0.0033 Acc=99.9% | Test: Acc=1.8% | Best=2.6%(@40)
  from x3: 0.02 0.02 0.02 0.02 0.02 0.02 0.02 0.02 0.02 0.02 0.02 0.02 0.02
  per-rule acc: 0.02 0.01
Epoch 560 | Train: Loss=0.0024 Acc=99.9% | Test: Acc=1.7% | Best=2.6%(@40)
  from x3: 0.01 0.02 0.01 0.02 0.02 0.02 0.02 0.02 0.02 0.02 0.02 0.02 0.02
  per-rule acc: 0.02 0.01
Epoch 580 | Train: Loss=1.0856 Acc=89.9% | Test: Acc=1.6% | Best=2.6%(@40)
  from x3: 0.01 0.02 0.02 0.02 0.02 0.02 0.02 0.02 0.02 0.02 0.02 0.02 0.02
  per-rule acc: 0.02 0.01
Epoch 600 | Train: Loss=0.0025 Acc=99.9% | Test: Acc=1.5% | Best=2.6%(@40)
  from x3: 0.01 0.02 0.02 0.01 0.02 0.02 0.01 0.01 0.01 0.02 0.01 0.01 0.02
  per-rule acc: 0.02 0.01
Epoch 620 | Train: Loss=0.0135 Acc=99.8% | Test: Acc=1.5% | Best=2.6%(@40)
  from x3: 0.02 0.02 0.02 0.02 0.02 0.01 0.01 0.02 0.02 0.01 0.02 0.01 0.01
  per-rule acc: 0.02 0.01
Epoch 640 | Train: Loss=0.0025 Acc=99.9% | Test: Acc=1.6% | Best=2.6%(@40)
  from x3: 0.01 0.01 0.01 0.02 0.02 0.02 0.02 0.02 0.02 0.02 0.02 0.02 0.02
  per-rule acc: 0.02 0.01
Epoch 660 | Train: Loss=0.0020 Acc=99.9% | Test: Acc=1.5% | Best=2.6%(@40)
  from x3: 0.01 0.02 0.01 0.02 0.02 0.02 0.02 0.02 0.02 0.02 0.02 0.02 0.02
  per-rule acc: 0.02 0.01
Epoch 680 | Train: Loss=0.0027 Acc=99.9% | Test: Acc=1.7% | Best=2.6%(@40)
  from x3: 0.02 0.02 0.01 0.02 0.02 0.02 0.02 0.02 0.02 0.02 0.02 0.02 0.02
  per-rule acc: 0.02 0.01
Epoch 700 | Train: Loss=0.0020 Acc=99.9% | Test: Acc=1.6% | Best=2.6%(@40)
  from x3: 0.02 0.02 0.02 0.02 0.02 0.02 0.02 0.02 0.02 0.02 0.02 0.02 0.01
  per-rule acc: 0.02 0.01
Epoch 720 | Train: Loss=0.0026 Acc=99.9% | Test: Acc=1.7% | Best=2.6%(@40)
  from x3: 0.01 0.02 0.02 0.02 0.02 0.02 0.02 0.02 0.02 0.02 0.02 0.02 0.02
  per-rule acc: 0.02 0.01
Epoch 740 | Train: Loss=0.0019 Acc=99.9% | Test: Acc=1.7% | Best=2.6%(@40)
  from x3: 0.01 0.02 0.02 0.02 0.02 0.02 0.02 0.02 0.02 0.02 0.02 0.02 0.02
  per-rule acc: 0.02 0.01
Epoch 760 | Train: Loss=0.0026 Acc=99.9% | Test: Acc=1.7% | Best=2.6%(@40)
  from x3: 0.01 0.02 0.02 0.02 0.02 0.02 0.02 0.02 0.02 0.02 0.02 0.02 0.02
  per-rule acc: 0.02 0.01
Epoch 780 | Train: Loss=0.0019 Acc=99.9% | Test: Acc=1.7% | Best=2.6%(@40)
  from x3: 0.01 0.02 0.02 0.02 0.02 0.02 0.02 0.02 0.02 0.02 0.02 0.02 0.02
  per-rule acc: 0.02 0.01
Epoch 800 | Train: Loss=0.0026 Acc=99.9% | Test: Acc=1.8% | Best=2.6%(@40)
  from x3: 0.01 0.02 0.02 0.02 0.02 0.02 0.02 0.02 0.02 0.02 0.02 0.02 0.02
  per-rule acc: 0.02 0.01
Epoch 820 | Train: Loss=0.0018 Acc=99.9% | Test: Acc=1.6% | Best=2.6%(@40)
  from x3: 0.01 0.02 0.02 0.01 0.02 0.02 0.02 0.02 0.02 0.02 0.02 0.02 0.02
  per-rule acc: 0.02 0.01
Epoch 840 | Train: Loss=0.0024 Acc=99.9% | Test: Acc=1.7% | Best=2.6%(@40)
  from x3: 0.01 0.02 0.02 0.02 0.02 0.02 0.02 0.02 0.02 0.02 0.02 0.02 0.02
  per-rule acc: 0.02 0.01
Epoch 860 | Train: Loss=0.0017 Acc=99.9% | Test: Acc=1.5% | Best=2.6%(@40)
  from x3: 0.02 0.01 0.01 0.02 0.02 0.01 0.01 0.01 0.01 0.01 0.01 0.01 0.01
  per-rule acc: 0.02 0.01
Epoch 880 | Train: Loss=0.0023 Acc=99.9% | Test: Acc=1.9% | Best=2.6%(@40)
  from x3: 0.02 0.02 0.02 0.02 0.02 0.02 0.02 0.02 0.02 0.02 0.02 0.02 0.02
  per-rule acc: 0.02 0.02
Epoch 900 | Train: Loss=0.0015 Acc=99.9% | Test: Acc=1.5% | Best=2.6%(@40)
  from x3: 0.01 0.02 0.01 0.01 0.02 0.02 0.01 0.02 0.01 0.01 0.01 0.01 0.01
  per-rule acc: 0.02 0.01
Epoch 920 | Train: Loss=0.0021 Acc=99.9% | Test: Acc=1.6% | Best=2.6%(@40)
  from x3: 0.01 0.02 0.02 0.02 0.02 0.02 0.02 0.02 0.02 0.02 0.02 0.02 0.01
  per-rule acc: 0.02 0.01
Epoch 940 | Train: Loss=0.4292 Acc=98.7% | Test: Acc=1.9% | Best=2.6%(@40)
  from x3: 0.01 0.02 0.02 0.02 0.02 0.02 0.02 0.02 0.02 0.02 0.02 0.02 0.02
  per-rule acc: 0.02 0.01
Epoch 960 | Train: Loss=0.0017 Acc=99.9% | Test: Acc=1.7% | Best=2.6%(@40)
  from x3: 0.01 0.01 0.02 0.02 0.02 0.02 0.02 0.02 0.02 0.02 0.02 0.02 0.02
  per-rule acc: 0.02 0.01
Epoch 980 | Train: Loss=0.0022 Acc=99.9% | Test: Acc=1.7% | Best=2.6%(@40)
  from x3: 0.02 0.02 0.02 0.02 0.02 0.02 0.02 0.02 0.02 0.02 0.02 0.02 0.02
  per-rule acc: 0.02 0.01
Epoch 1000 | Train: Loss=0.0016 Acc=99.9% | Test: Acc=1.4% | Best=2.6%(@40)
  from x3: 0.01 0.01 0.01 0.02 0.01 0.01 0.01 0.01 0.01 0.01 0.01 0.01 0.01
  per-rule acc: 0.02 0.01
Epoch 1020 | Train: Loss=0.0021 Acc=99.9% | Test: Acc=1.6% | Best=2.6%(@40)
  from x3: 0.01 0.02 0.02 0.02 0.02 0.02 0.02 0.02 0.02 0.02 0.02 0.02 0.02
  per-rule acc: 0.02 0.01
Epoch 1040 | Train: Loss=0.0015 Acc=99.9% | Test: Acc=1.6% | Best=2.6%(@40)
  from x3: 0.01 0.01 0.02 0.02 0.02 0.02 0.02 0.02 0.02 0.02 0.02 0.02 0.02
  per-rule acc: 0.02 0.01
[Early stop] No improvement for 1000 consecutive epochs

==================================================
Saving model...
[OK] Model saved to: /home/cxm/ai/test0626-unbalanced/models/mixed_basic_d1024l4_r16_e50_60.pth
  File size: 592552.7 KB
  Best test accuracy: 2.61%

[Config] SKIP_FINAL_GENERATION_TEST=true, skipping final generation test.

--- Return code: 0 ---

======================================================================
Attention Analysis
======================================================================
Model config: addition (default), p=53
Best test accuracy: 0.026072485207100593
Training epochs: 1040

Random test sequence 1/5 (length 32): [52, 1, 0, 1, 1, 2, 3, 5, 8, 13, 21, 34, 2, 36, 38, 21, 6, 27, 33, 7]...

======================================================================
Attention Layer Training Result Summary
======================================================================
Input sequence: [52, 1, 0, 1, 1, 2, 3, 5, 8, 13, 21, 34, 2, 36, 38, 21, 6, 27, 33, 7, 40, 47, 34, 28, 9, 37, 46, 30, 23, 0, 23, 23]

--- Layer 0 ---
  Head 0: Entropy=1.632
    Attention coefficients from each query position to previous positions:
      i= 0 -> j=0:1.000
      i= 1 -> j=0:0.594, j=1:0.406
      i= 2 -> j=0:0.146, j=1:0.296, j=2:0.559
      i= 3 -> j=0:0.093, j=1:0.196, j=2:0.436, j=3:0.275
      i= 4 -> j=0:0.029, j=1:0.072, j=2:0.293, j=3:0.328, j=4:0.279
      i= 5 -> j=0:0.008, j=1:0.021, j=2:0.047, j=3:0.217, j=4:0.384, j=5:0.322
      i= 6 -> j=0:0.005, j=1:0.009, j=2:0.030, j=3:0.073, j=4:0.208, j=5:0.448, j=6:0.227
      i= 7 -> j=0:0.006, j=1:0.006, j=2:0.037, j=3:0.020, j=4:0.058, j=5:0.240, j=6:0.270, j=7:0.363
      i= 8 -> j=0:0.008, j=1:0.008, j=2:0.005, j=3:0.013, j=4:0.031, j=5:0.095, j=6:0.198, j=7:0.349, j=8:0.293
      i= 9 -> j=0:0.006, j=1:0.007, j=2:0.006, j=3:0.009, j=4:0.013, j=5:0.035, j=6:0.090, j=7:0.250, j=8:0.398, j=9:0.186
      i=10 -> j=0:0.003, j=1:0.003, j=2:0.005, j=3:0.003, j=4:0.004, j=5:0.007, j=6:0.012, j=7:0.050, j=8:0.205, j=9:0.584, j=10:0.123
      i=11 -> j=0:0.002, j=1:0.004, j=2:0.004, j=3:0.005, j=4:0.005, j=5:0.007, j=6:0.007, j=7:0.022, j=8:0.115, j=9:0.266, j=10:0.364, j=11:0.199
      i=12 -> j=0:0.003, j=1:0.003, j=2:0.002, j=3:0.004, j=4:0.005, j=5:0.004, j=6:0.003, j=7:0.005, j=8:0.028, j=9:0.048, j=10:0.327, j=11:0.264, j=12:0.303
      i=13 -> j=0:0.004, j=1:0.003, j=2:0.003, j=3:0.004, j=4:0.004, j=5:0.004, j=6:0.004, j=7:0.004, j=8:0.009, j=9:0.037, j=10:0.078, j=11:0.275, j=12:0.342, j=13:0.229
      i=14 -> j=0:0.005, j=1:0.002, j=2:0.007, j=3:0.002, j=4:0.002, j=5:0.003, j=6:0.003, j=7:0.003, j=8:0.004, j=9:0.051, j=10:0.006, j=11:0.105, j=12:0.119, j=13:0.272, j=14:0.418
      i=15 -> j=0:0.007, j=1:0.006, j=2:0.005, j=3:0.003, j=4:0.003, j=5:0.003, j=6:0.003, j=7:0.004, j=8:0.005, j=9:0.014, j=10:0.007, j=11:0.033, j=12:0.075, j=13:0.224, j=14:0.456, j=15:0.153
      i=16 -> j=0:0.009, j=1:0.007, j=2:0.006, j=3:0.004, j=4:0.003, j=5:0.003, j=6:0.003, j=7:0.004, j=8:0.004, j=9:0.008, j=10:0.004, j=11:0.012, j=12:0.019, j=13:0.064, j=14:0.260, j=15:0.273, j=16:0.319
      i=17 -> j=0:0.009, j=1:0.005, j=2:0.013, j=3:0.003, j=4:0.002, j=5:0.002, j=6:0.001, j=7:0.002, j=8:0.002, j=9:0.015, j=10:0.001, j=11:0.008, j=12:0.004, j=13:0.013, j=14:0.101, j=15:0.061, j=16:0.521, j=17:0.237
      i=18 -> j=0:0.016, j=1:0.013, j=2:0.007, j=3:0.010, j=4:0.008, j=5:0.004, j=6:0.005, j=7:0.003, j=8:0.004, j=9:0.003, j=10:0.007, j=11:0.005, j=12:0.006, j=13:0.007, j=14:0.014, j=15:0.135, j=16:0.199, j=17:0.301, j=18:0.254
      i=19 -> j=0:0.014, j=1:0.016, j=2:0.006, j=3:0.013, j=4:0.012, j=5:0.008, j=6:0.008, j=7:0.005, j=8:0.006, j=9:0.001, j=10:0.013, j=11:0.003, j=12:0.008, j=13:0.007, j=14:0.006, j=15:0.087, j=16:0.060, j=17:0.247, j=18:0.265, j=19:0.215
      i=20 -> j=0:0.016, j=1:0.011, j=2:0.008, j=3:0.009, j=4:0.009, j=5:0.006, j=6:0.005, j=7:0.003, j=8:0.003, j=9:0.002, j=10:0.003, j=11:0.004, j=12:0.004, j=13:0.003, j=14:0.004, j=15:0.008, j=16:0.016, j=17:0.034, j=18:0.173, j=19:0.521, j=20:0.160
      i=21 -> j=0:0.014, j=1:0.009, j=2:0.018, j=3:0.007, j=4:0.006, j=5:0.006, j=6:0.006, j=7:0.005, j=8:0.003, j=9:0.007, j=10:0.001, j=11:0.004, j=12:0.003, j=13:0.004, j=14:0.005, j=15:0.002, j=16:0.008, j=17:0.015, j=18:0.090, j=19:0.230, j=20:0.232, j=21:0.324
      i=22 -> j=0:0.011, j=1:0.015, j=2:0.012, j=3:0.011, j=4:0.009, j=5:0.010, j=6:0.007, j=7:0.007, j=8:0.006, j=9:0.003, j=10:0.003, j=11:0.002, j=12:0.004, j=13:0.005, j=14:0.004, j=15:0.005, j=16:0.005, j=17:0.010, j=18:0.032, j=19:0.108, j=20:0.180, j=21:0.379, j=22:0.172
      i=23 -> j=0:0.023, j=1:0.026, j=2:0.009, j=3:0.022, j=4:0.018, j=5:0.012, j=6:0.014, j=7:0.010, j=8:0.009, j=9:0.002, j=10:0.010, j=11:0.003, j=12:0.004, j=13:0.003, j=14:0.003, j=15:0.012, j=16:0.003, j=17:0.004, j=18:0.007, j=19:0.034, j=20:0.098, j=21:0.137, j=22:0.242, j=23:0.294
      i=24 -> j=0:0.013, j=1:0.013, j=2:0.014, j=3:0.013, j=4:0.011, j=5:0.010, j=6:0.008, j=7:0.007, j=8:0.008, j=9:0.006, j=10:0.005, j=11:0.003, j=12:0.003, j=13:0.003, j=14:0.003, j=15:0.003, j=16:0.004, j=17:0.003, j=18:0.005, j=19:0.011, j=20:0.017, j=21:0.065, j=22:0.211, j=23:0.318, j=24:0.244
      i=25 -> j=0:0.016, j=1:0.020, j=2:0.008, j=3:0.021, j=4:0.020, j=5:0.015, j=6:0.015, j=7:0.012, j=8:0.010, j=9:0.002, j=10:0.015, j=11:0.003, j=12:0.004, j=13:0.003, j=14:0.002, j=15:0.008, j=16:0.002, j=17:0.003, j=18:0.003, j=19:0.005, j=20:0.013, j=21:0.017, j=22:0.053, j=23:0.229, j=24:0.346, j=25:0.156
      i=26 -> j=0:0.013, j=1:0.010, j=2:0.014, j=3:0.011, j=4:0.011, j=5:0.010, j=6:0.010, j=7:0.008, j=8:0.007, j=9:0.010, j=10:0.005, j=11:0.007, j=12:0.003, j=13:0.003, j=14:0.002, j=15:0.002, j=16:0.003, j=17:0.002, j=18:0.003, j=19:0.004, j=20:0.003, j=21:0.006, j=22:0.025, j=23:0.064, j=24:0.132, j=25:0.370, j=26:0.260
      i=27 -> j=0:0.017, j=1:0.018, j=2:0.010, j=3:0.016, j=4:0.017, j=5:0.017, j=6:0.014, j=7:0.012, j=8:0.012, j=9:0.006, j=10:0.010, j=11:0.006, j=12:0.007, j=13:0.006, j=14:0.003, j=15:0.004, j=16:0.002, j=17:0.002, j=18:0.004, j=19:0.005, j=20:0.004, j=21:0.004, j=22:0.007, j=23:0.028, j=24:0.080, j=25:0.223, j=26:0.295, j=27:0.173
      i=28 -> j=0:0.013, j=1:0.014, j=2:0.016, j=3:0.012, j=4:0.011, j=5:0.012, j=6:0.014, j=7:0.014, j=8:0.011, j=9:0.013, j=10:0.007, j=11:0.008, j=12:0.006, j=13:0.007, j=14:0.005, j=15:0.003, j=16:0.003, j=17:0.003, j=18:0.003, j=19:0.003, j=20:0.004, j=21:0.004, j=22:0.005, j=23:0.007, j=24:0.016, j=25:0.075, j=26:0.229, j=27:0.256, j=28:0.228
      i=29 -> j=0:0.011, j=1:0.011, j=2:0.016, j=3:0.010, j=4:0.009, j=5:0.009, j=6:0.008, j=7:0.009, j=8:0.009, j=9:0.014, j=10:0.005, j=11:0.007, j=12:0.005, j=13:0.006, j=14:0.005, j=15:0.002, j=16:0.003, j=17:0.002, j=18:0.002, j=19:0.002, j=20:0.002, j=21:0.003, j=22:0.003, j=23:0.003, j=24:0.004, j=25:0.014, j=26:0.064, j=27:0.133, j=28:0.328, j=29:0.301
      i=30 -> j=0:0.013, j=1:0.014, j=2:0.018, j=3:0.014, j=4:0.013, j=5:0.012, j=6:0.013, j=7:0.014, j=8:0.013, j=9:0.017, j=10:0.009, j=11:0.009, j=12:0.007, j=13:0.009, j=14:0.008, j=15:0.005, j=16:0.005, j=17:0.004, j=18:0.003, j=19:0.002, j=20:0.003, j=21:0.004, j=22:0.004, j=23:0.004, j=24:0.004, j=25:0.009, j=26:0.026, j=27:0.060, j=28:0.182, j=29:0.279, j=30:0.226
      i=31 -> j=0:0.012, j=1:0.014, j=2:0.017, j=3:0.014, j=4:0.014, j=5:0.013, j=6:0.013, j=7:0.014, j=8:0.013, j=9:0.017, j=10:0.010, j=11:0.011, j=12:0.008, j=13:0.009, j=14:0.008, j=15:0.006, j=16:0.006, j=17:0.005, j=18:0.003, j=19:0.002, j=20:0.003, j=21:0.003, j=22:0.003, j=23:0.003, j=24:0.003, j=25:0.005, j=26:0.009, j=27:0.017, j=28:0.065, j=29:0.176, j=30:0.279, j=31:0.222
    Average attention per distance:
      d=0:0.285, d=1:0.354, d=2:0.206, d=3:0.076, d=4:0.025, d=5:0.011, d=19:0.012, d=20:0.013
      d=21:0.013, d=22:0.015, d=23:0.013, d=24:0.014, d=25:0.012, d=26:0.014, d=27:0.015, d=28:0.014
      d=29:0.014, d=30:0.013, d=31:0.012

--- Layer 1 ---
  Head 0: Entropy=1.071
    Attention coefficients from each query position to previous positions:
      i= 0 -> j=0:1.000
      i= 1 -> j=0:0.877, j=1:0.123
      i= 2 -> j=0:0.376, j=1:0.174, j=2:0.450
      i= 3 -> j=0:0.023, j=1:0.080, j=2:0.860, j=3:0.037
      i= 4 -> j=0:0.002, j=1:0.021, j=2:0.640, j=3:0.295, j=4:0.041
      i= 5 -> j=0:0.001, j=1:0.005, j=2:0.086, j=3:0.407, j=4:0.391, j=5:0.110
      i= 6 -> j=0:0.001, j=1:0.001, j=2:0.013, j=3:0.094, j=4:0.355, j=5:0.417, j=6:0.119
      i= 7 -> j=0:0.001, j=1:0.001, j=2:0.003, j=3:0.009, j=4:0.072, j=5:0.445, j=6:0.377, j=7:0.091
      i= 8 -> j=0:0.003, j=1:0.001, j=2:0.002, j=3:0.001, j=4:0.006, j=5:0.092, j=6:0.322, j=7:0.374, j=8:0.198
      i= 9 -> j=0:0.002, j=1:0.001, j=2:0.002, j=3:0.000, j=4:0.000, j=5:0.005, j=6:0.032, j=7:0.196, j=8:0.716, j=9:0.046
      i=10 -> j=0:0.002, j=1:0.001, j=2:0.004, j=3:0.000, j=4:0.000, j=5:0.001, j=6:0.003, j=7:0.033, j=8:0.639, j=9:0.279, j=10:0.038
      i=11 -> j=0:0.000, j=1:0.001, j=2:0.003, j=3:0.001, j=4:0.000, j=5:0.000, j=6:0.000, j=7:0.001, j=8:0.058, j=9:0.410, j=10:0.507, j=11:0.018
      i=12 -> j=0:0.001, j=1:0.001, j=2:0.003, j=3:0.002, j=4:0.001, j=5:0.000, j=6:0.000, j=7:0.000, j=8:0.004, j=9:0.068, j=10:0.574, j=11:0.256, j=12:0.092
      i=13 -> j=0:0.002, j=1:0.001, j=2:0.003, j=3:0.002, j=4:0.002, j=5:0.002, j=6:0.001, j=7:0.000, j=8:0.001, j=9:0.004, j=10:0.057, j=11:0.238, j=12:0.630, j=13:0.057
      i=14 -> j=0:0.003, j=1:0.001, j=2:0.002, j=3:0.001, j=4:0.001, j=5:0.002, j=6:0.001, j=7:0.000, j=8:0.000, j=9:0.000, j=10:0.002, j=11:0.028, j=12:0.620, j=13:0.305, j=14:0.035
      i=15 -> j=0:0.011, j=1:0.005, j=2:0.008, j=3:0.002, j=4:0.002, j=5:0.005, j=6:0.005, j=7:0.002, j=8:0.001, j=9:0.001, j=10:0.001, j=11:0.005, j=12:0.170, j=13:0.435, j=14:0.231, j=15:0.113
      i=16 -> j=0:0.011, j=1:0.008, j=2:0.015, j=3:0.003, j=4:0.002, j=5:0.003, j=6:0.004, j=7:0.004, j=8:0.004, j=9:0.001, j=10:0.001, j=11:0.000, j=12:0.008, j=13:0.073, j=14:0.241, j=15:0.602, j=16:0.022
      i=17 -> j=0:0.008, j=1:0.007, j=2:0.034, j=3:0.004, j=4:0.002, j=5:0.002, j=6:0.002, j=7:0.003, j=8:0.010, j=9:0.004, j=10:0.001, j=11:0.000, j=12:0.001, j=13:0.011, j=14:0.052, j=15:0.607, j=16:0.047, j=17:0.205
      i=18 -> j=0:0.001, j=1:0.001, j=2:0.005, j=3:0.002, j=4:0.001, j=5:0.001, j=6:0.000, j=7:0.000, j=8:0.001, j=9:0.002, j=10:0.001, j=11:0.000, j=12:0.000, j=13:0.000, j=14:0.001, j=15:0.018, j=16:0.039, j=17:0.861, j=18:0.066
      i=19 -> j=0:0.002, j=1:0.001, j=2:0.003, j=3:0.002, j=4:0.002, j=5:0.001, j=6:0.001, j=7:0.000, j=8:0.001, j=9:0.001, j=10:0.002, j=11:0.001, j=12:0.000, j=13:0.000, j=14:0.000, j=15:0.002, j=16:0.010, j=17:0.534, j=18:0.294, j=19:0.142
      i=20 -> j=0:0.003, j=1:0.002, j=2:0.004, j=3:0.002, j=4:0.002, j=5:0.003, j=6:0.001, j=7:0.001, j=8:0.001, j=9:0.001, j=10:0.002, j=11:0.001, j=12:0.001, j=13:0.000, j=14:0.000, j=15:0.000, j=16:0.001, j=17:0.077, j=18:0.249, j=19:0.393, j=20:0.255
      i=21 -> j=0:0.001, j=1:0.000, j=2:0.001, j=3:0.000, j=4:0.000, j=5:0.000, j=6:0.000, j=7:0.000, j=8:0.000, j=9:0.000, j=10:0.000, j=11:0.000, j=12:0.000, j=13:0.000, j=14:0.000, j=15:0.000, j=16:0.000, j=17:0.001, j=18:0.015, j=19:0.158, j=20:0.791, j=21:0.031
      i=22 -> j=0:0.001, j=1:0.001, j=2:0.002, j=3:0.000, j=4:0.000, j=5:0.000, j=6:0.001, j=7:0.000, j=8:0.001, j=9:0.000, j=10:0.000, j=11:0.000, j=12:0.000, j=13:0.000, j=14:0.000, j=15:0.000, j=16:0.000, j=17:0.000, j=18:0.001, j=19:0.023, j=20:0.670, j=21:0.286, j=22:0.013
      i=23 -> j=0:0.003, j=1:0.003, j=2:0.006, j=3:0.002, j=4:0.001, j=5:0.001, j=6:0.002, j=7:0.002, j=8:0.003, j=9:0.002, j=10:0.001, j=11:0.000, j=12:0.001, j=13:0.001, j=14:0.001, j=15:0.001, j=16:0.000, j=17:0.000, j=18:0.000, j=19:0.004, j=20:0.106, j=21:0.493, j=22:0.257, j=23:0.111
      i=24 -> j=0:0.003, j=1:0.004, j=2:0.008, j=3:0.005, j=4:0.003, j=5:0.002, j=6:0.002, j=7:0.002, j=8:0.004, j=9:0.003, j=10:0.002, j=11:0.001, j=12:0.001, j=13:0.001, j=14:0.001, j=15:0.002, j=16:0.001, j=17:0.001, j=18:0.000, j=19:0.001, j=20:0.007, j=21:0.062, j=22:0.274, j=23:0.522, j=24:0.087
      i=25 -> j=0:0.004, j=1:0.003, j=2:0.007, j=3:0.006, j=4:0.005, j=5:0.004, j=6:0.003, j=7:0.002, j=8:0.003, j=9:0.004, j=10:0.004, j=11:0.002, j=12:0.001, j=13:0.001, j=14:0.001, j=15:0.002, j=16:0.002, j=17:0.003, j=18:0.001, j=19:0.001, j=20:0.001, j=21:0.005, j=22:0.059, j=23:0.367, j=24:0.365, j=25:0.146
      i=26 -> j=0:0.004, j=1:0.002, j=2:0.007, j=3:0.003, j=4:0.003, j=5:0.003, j=6:0.002, j=7:0.001, j=8:0.001, j=9:0.001, j=10:0.002, j=11:0.001, j=12:0.001, j=13:0.001, j=14:0.000, j=15:0.000, j=16:0.000, j=17:0.002, j=18:0.001, j=19:0.001, j=20:0.001, j=21:0.001, j=22:0.003, j=23:0.068, j=24:0.256, j=25:0.540, j=26:0.095
      i=27 -> j=0:0.004, j=1:0.002, j=2:0.006, j=3:0.002, j=4:0.002, j=5:0.003, j=6:0.002, j=7:0.001, j=8:0.001, j=9:0.001, j=10:0.001, j=11:0.000, j=12:0.001, j=13:0.001, j=14:0.000, j=15:0.000, j=16:0.000, j=17:0.001, j=18:0.001, j=19:0.001, j=20:0.001, j=21:0.000, j=22:0.000, j=23:0.005, j=24:0.047, j=25:0.561, j=26:0.330, j=27:0.026
      i=28 -> j=0:0.008, j=1:0.004, j=2:0.013, j=3:0.002, j=4:0.002, j=5:0.003, j=6:0.003, j=7:0.002, j=8:0.003, j=9:0.001, j=10:0.001, j=11:0.000, j=12:0.001, j=13:0.001, j=14:0.000, j=15:0.000, j=16:0.000, j=17:0.000, j=18:0.001, j=19:0.002, j=20:0.003, j=21:0.000, j=22:0.000, j=23:0.001, j=24:0.007, j=25:0.213, j=26:0.504, j=27:0.190, j=28:0.036
      i=29 -> j=0:0.008, j=1:0.005, j=2:0.019, j=3:0.003, j=4:0.002, j=5:0.003, j=6:0.003, j=7:0.002, j=8:0.005, j=9:0.002, j=10:0.001, j=11:0.000, j=12:0.001, j=13:0.001, j=14:0.001, j=15:0.001, j=16:0.000, j=17:0.001, j=18:0.001, j=19:0.003, j=20:0.008, j=21:0.001, j=22:0.000, j=23:0.001, j=24:0.001, j=25:0.026, j=26:0.108, j=27:0.245, j=28:0.259, j=29:0.287
      i=30 -> j=0:0.001, j=1:0.001, j=2:0.005, j=3:0.001, j=4:0.000, j=5:0.001, j=6:0.000, j=7:0.000, j=8:0.001, j=9:0.001, j=10:0.000, j=11:0.000, j=12:0.000, j=13:0.000, j=14:0.000, j=15:0.000, j=16:0.000, j=17:0.000, j=18:0.000, j=19:0.000, j=20:0.001, j=21:0.000, j=22:0.000, j=23:0.000, j=24:0.000, j=25:0.001, j=26:0.002, j=27:0.017, j=28:0.130, j=29:0.792, j=30:0.043
      i=31 -> j=0:0.001, j=1:0.001, j=2:0.004, j=3:0.001, j=4:0.000, j=5:0.000, j=6:0.000, j=7:0.000, j=8:0.001, j=9:0.000, j=10:0.000, j=11:0.000, j=12:0.000, j=13:0.000, j=14:0.000, j=15:0.000, j=16:0.000, j=17:0.000, j=18:0.000, j=19:0.000, j=20:0.000, j=21:0.000, j=22:0.000, j=23:0.000, j=24:0.000, j=25:0.000, j=26:0.000, j=27:0.001, j=28:0.016, j=29:0.670, j=30:0.278, j=31:0.023
    Average attention per distance:
      d=0:0.130, d=1:0.435, d=2:0.391, d=3:0.062

--- Layer 2 ---
  Head 0: Entropy=1.019
    Attention coefficients from each query position to previous positions:
      i= 0 -> j=0:1.000
      i= 1 -> j=0:0.902, j=1:0.098
      i= 2 -> j=0:0.406, j=1:0.593, j=2:0.001
      i= 3 -> j=0:0.072, j=1:0.919, j=2:0.007, j=3:0.002
      i= 4 -> j=0:0.013, j=1:0.676, j=2:0.108, j=3:0.174, j=4:0.029
      i= 5 -> j=0:0.001, j=1:0.019, j=2:0.039, j=3:0.424, j=4:0.458, j=5:0.059
      i= 6 -> j=0:0.000, j=1:0.001, j=2:0.002, j=3:0.044, j=4:0.469, j=5:0.465, j=6:0.020
      i= 7 -> j=0:0.000, j=1:0.000, j=2:0.000, j=3:0.001, j=4:0.047, j=5:0.726, j=6:0.212, j=7:0.014
      i= 8 -> j=0:0.001, j=1:0.000, j=2:0.000, j=3:0.000, j=4:0.003, j=5:0.141, j=6:0.524, j=7:0.310, j=8:0.022
      i= 9 -> j=0:0.003, j=1:0.001, j=2:0.000, j=3:0.000, j=4:0.000, j=5:0.006, j=6:0.097, j=7:0.549, j=8:0.295, j=9:0.050
      i=10 -> j=0:0.003, j=1:0.003, j=2:0.000, j=3:0.000, j=4:0.000, j=5:0.000, j=6:0.003, j=7:0.073, j=8:0.441, j=9:0.444, j=10:0.032
      i=11 -> j=0:0.001, j=1:0.002, j=2:0.001, j=3:0.000, j=4:0.000, j=5:0.000, j=6:0.000, j=7:0.002, j=8:0.040, j=9:0.500, j=10:0.414, j=11:0.041
      i=12 -> j=0:0.000, j=1:0.001, j=2:0.000, j=3:0.001, j=4:0.000, j=5:0.000, j=6:0.000, j=7:0.000, j=8:0.002, j=9:0.066, j=10:0.554, j=11:0.356, j=12:0.019
      i=13 -> j=0:0.002, j=1:0.002, j=2:0.001, j=3:0.002, j=4:0.004, j=5:0.003, j=6:0.001, j=7:0.000, j=8:0.001, j=9:0.007, j=10:0.125, j=11:0.483, j=12:0.247, j=13:0.123
      i=14 -> j=0:0.001, j=1:0.001, j=2:0.000, j=3:0.001, j=4:0.002, j=5:0.003, j=6:0.001, j=7:0.000, j=8:0.000, j=9:0.000, j=10:0.004, j=11:0.071, j=12:0.331, j=13:0.499, j=14:0.085
      i=15 -> j=0:0.002, j=1:0.001, j=2:0.000, j=3:0.000, j=4:0.001, j=5:0.002, j=6:0.002, j=7:0.001, j=8:0.000, j=9:0.000, j=10:0.000, j=11:0.002, j=12:0.037, j=13:0.378, j=14:0.522, j=15:0.053
      i=16 -> j=0:0.001, j=1:0.001, j=2:0.000, j=3:0.000, j=4:0.000, j=5:0.001, j=6:0.001, j=7:0.001, j=8:0.000, j=9:0.000, j=10:0.000, j=11:0.000, j=12:0.001, j=13:0.064, j=14:0.557, j=15:0.305, j=16:0.066
      i=17 -> j=0:0.001, j=1:0.001, j=2:0.000, j=3:0.000, j=4:0.000, j=5:0.000, j=6:0.000, j=7:0.000, j=8:0.000, j=9:0.000, j=10:0.000, j=11:0.000, j=12:0.000, j=13:0.002, j=14:0.042, j=15:0.270, j=16:0.674, j=17:0.008
      i=18 -> j=0:0.001, j=1:0.002, j=2:0.001, j=3:0.001, j=4:0.001, j=5:0.001, j=6:0.001, j=7:0.001, j=8:0.001, j=9:0.002, j=10:0.001, j=11:0.000, j=12:0.000, j=13:0.000, j=14:0.003, j=15:0.047, j=16:0.751, j=17:0.148, j=18:0.039
      i=19 -> j=0:0.001, j=1:0.001, j=2:0.001, j=3:0.001, j=4:0.002, j=5:0.002, j=6:0.001, j=7:0.000, j=8:0.001, j=9:0.002, j=10:0.002, j=11:0.001, j=12:0.000, j=13:0.000, j=14:0.000, j=15:0.002, j=16:0.089, j=17:0.323, j=18:0.536, j=19:0.036
      i=20 -> j=0:0.001, j=1:0.001, j=2:0.000, j=3:0.001, j=4:0.002, j=5:0.003, j=6:0.001, j=7:0.000, j=8:0.000, j=9:0.001, j=10:0.001, j=11:0.001, j=12:0.000, j=13:0.000, j=14:0.000, j=15:0.000, j=16:0.002, j=17:0.022, j=18:0.569, j=19:0.364, j=20:0.031
      i=21 -> j=0:0.002, j=1:0.001, j=2:0.000, j=3:0.000, j=4:0.001, j=5:0.004, j=6:0.002, j=7:0.001, j=8:0.000, j=9:0.000, j=10:0.001, j=11:0.001, j=12:0.001, j=13:0.001, j=14:0.000, j=15:0.000, j=16:0.000, j=17:0.001, j=18:0.108, j=19:0.628, j=20:0.241, j=21:0.005
      i=22 -> j=0:0.005, j=1:0.006, j=2:0.001, j=3:0.001, j=4:0.002, j=5:0.006, j=6:0.007, j=7:0.004, j=8:0.002, j=9:0.001, j=10:0.001, j=11:0.002, j=12:0.003, j=13:0.008, j=14:0.003, j=15:0.001, j=16:0.000, j=17:0.000, j=18:0.010, j=19:0.128, j=20:0.548, j=21:0.191, j=22:0.071
      i=23 -> j=0:0.003, j=1:0.005, j=2:0.001, j=3:0.001, j=4:0.001, j=5:0.003, j=6:0.004, j=7:0.003, j=8:0.002, j=9:0.002, j=10:0.001, j=11:0.001, j=12:0.001, j=13:0.006, j=14:0.005, j=15:0.002, j=16:0.000, j=17:0.000, j=18:0.001, j=19:0.005, j=20:0.070, j=21:0.335, j=22:0.514, j=23:0.036
      i=24 -> j=0:0.001, j=1:0.003, j=2:0.001, j=3:0.001, j=4:0.001, j=5:0.001, j=6:0.001, j=7:0.001, j=8:0.002, j=9:0.002, j=10:0.001, j=11:0.000, j=12:0.000, j=13:0.002, j=14:0.003, j=15:0.003, j=16:0.001, j=17:0.000, j=18:0.000, j=19:0.000, j=20:0.003, j=21:0.061, j=22:0.570, j=23:0.262, j=24:0.079
      i=25 -> j=0:0.001, j=1:0.002, j=2:0.001, j=3:0.002, j=4:0.002, j=5:0.002, j=6:0.001, j=7:0.001, j=8:0.001, j=9:0.002, j=10:0.002, j=11:0.001, j=12:0.001, j=13:0.001, j=14:0.001, j=15:0.002, j=16:0.002, j=17:0.000, j=18:0.000, j=19:0.000, j=20:0.000, j=21:0.003, j=22:0.077, j=23:0.287, j=24:0.590, j=25:0.016
      i=26 -> j=0:0.001, j=1:0.001, j=2:0.001, j=3:0.001, j=4:0.002, j=5:0.003, j=6:0.002, j=7:0.001, j=8:0.001, j=9:0.002, j=10:0.002, j=11:0.002, j=12:0.001, j=13:0.001, j=14:0.001, j=15:0.001, j=16:0.002, j=17:0.001, j=18:0.001, j=19:0.000, j=20:0.000, j=21:0.000, j=22:0.002, j=23:0.035, j=24:0.771, j=25:0.149, j=26:0.019
      i=27 -> j=0:0.002, j=1:0.002, j=2:0.001, j=3:0.001, j=4:0.002, j=5:0.005, j=6:0.004, j=7:0.001, j=8:0.001, j=9:0.001, j=10:0.002, j=11:0.002, j=12:0.002, j=13:0.002, j=14:0.001, j=15:0.001, j=16:0.001, j=17:0.001, j=18:0.003, j=19:0.001, j=20:0.000, j=21:0.000, j=22:0.000, j=23:0.002, j=24:0.106, j=25:0.342, j=26:0.405, j=27:0.109
      i=28 -> j=0:0.002, j=1:0.002, j=2:0.001, j=3:0.001, j=4:0.001, j=5:0.003, j=6:0.003, j=7:0.002, j=8:0.001, j=9:0.001, j=10:0.001, j=11:0.001, j=12:0.002, j=13:0.003, j=14:0.002, j=15:0.001, j=16:0.000, j=17:0.000, j=18:0.002, j=19:0.001, j=20:0.000, j=21:0.000, j=22:0.000, j=23:0.000, j=24:0.002, j=25:0.031, j=26:0.335, j=27:0.548, j=28:0.054
      i=29 -> j=0:0.003, j=1:0.004, j=2:0.001, j=3:0.001, j=4:0.001, j=5:0.002, j=6:0.003, j=7:0.003, j=8:0.002, j=9:0.002, j=10:0.001, j=11:0.001, j=12:0.002, j=13:0.005, j=14:0.003, j=15:0.002, j=16:0.001, j=17:0.000, j=18:0.001, j=19:0.001, j=20:0.001, j=21:0.000, j=22:0.000, j=23:0.000, j=24:0.000, j=25:0.002, j=26:0.042, j=27:0.448, j=28:0.460, j=29:0.009
      i=30 -> j=0:0.003, j=1:0.005, j=2:0.002, j=3:0.002, j=4:0.002, j=5:0.003, j=6:0.003, j=7:0.003, j=8:0.004, j=9:0.004, j=10:0.002, j=11:0.002, j=12:0.002, j=13:0.005, j=14:0.006, j=15:0.005, j=16:0.002, j=17:0.001, j=18:0.001, j=19:0.001, j=20:0.002, j=21:0.001, j=22:0.001, j=23:0.000, j=24:0.000, j=25:0.000, j=26:0.003, j=27:0.077, j=28:0.747, j=29:0.099, j=30:0.012
      i=31 -> j=0:0.007, j=1:0.010, j=2:0.005, j=3:0.007, j=4:0.008, j=5:0.008, j=6:0.006, j=7:0.005, j=8:0.007, j=9:0.011, j=10:0.009, j=11:0.006, j=12:0.004, j=13:0.009, j=14:0.009, j=15:0.014, j=16:0.011, j=17:0.003, j=18:0.003, j=19:0.002, j=20:0.002, j=21:0.004, j=22:0.005, j=23:0.001, j=24:0.000, j=25:0.000, j=26:0.001, j=27:0.005, j=28:0.137, j=29:0.337, j=30:0.321, j=31:0.043
    Average attention per distance:
      d=0:0.071, d=1:0.377, d=2:0.488, d=3:0.092

--- Layer 3 ---
  Head 0: Entropy=1.424
    Attention coefficients from each query position to previous positions:
      i= 0 -> j=0:1.000
      i= 1 -> j=0:0.511, j=1:0.489
      i= 2 -> j=0:0.102, j=1:0.875, j=2:0.023
      i= 3 -> j=0:0.059, j=1:0.625, j=2:0.126, j=3:0.190
      i= 4 -> j=0:0.011, j=1:0.090, j=2:0.092, j=3:0.321, j=4:0.486
      i= 5 -> j=0:0.002, j=1:0.005, j=2:0.020, j=3:0.112, j=4:0.472, j=5:0.390
      i= 6 -> j=0:0.000, j=1:0.000, j=2:0.001, j=3:0.007, j=4:0.089, j=5:0.691, j=6:0.212
      i= 7 -> j=0:0.002, j=1:0.001, j=2:0.001, j=3:0.001, j=4:0.011, j=5:0.234, j=6:0.615, j=7:0.135
      i= 8 -> j=0:0.011, j=1:0.007, j=2:0.003, j=3:0.004, j=4:0.009, j=5:0.075, j=6:0.385, j=7:0.269, j=8:0.237
      i= 9 -> j=0:0.017, j=1:0.017, j=2:0.008, j=3:0.007, j=4:0.008, j=5:0.024, j=6:0.122, j=7:0.188, j=8:0.287, j=9:0.322
      i=10 -> j=0:0.009, j=1:0.013, j=2:0.006, j=3:0.005, j=4:0.003, j=5:0.004, j=6:0.015, j=7:0.051, j=8:0.162, j=9:0.502, j=10:0.229
      i=11 -> j=0:0.002, j=1:0.004, j=2:0.003, j=3:0.004, j=4:0.003, j=5:0.002, j=6:0.002, j=7:0.006, j=8:0.022, j=9:0.127, j=10:0.164, j=11:0.663
      i=12 -> j=0:0.002, j=1:0.003, j=2:0.003, j=3:0.005, j=4:0.005, j=5:0.004, j=6:0.003, j=7:0.004, j=8:0.009, j=9:0.036, j=10:0.094, j=11:0.509, j=12:0.324
      i=13 -> j=0:0.004, j=1:0.003, j=2:0.003, j=3:0.005, j=4:0.006, j=5:0.006, j=6:0.005, j=7:0.004, j=8:0.005, j=9:0.010, j=10:0.028, j=11:0.218, j=12:0.466, j=13:0.237
      i=14 -> j=0:0.003, j=1:0.002, j=2:0.001, j=3:0.001, j=4:0.001, j=5:0.002, j=6:0.002, j=7:0.002, j=8:0.001, j=9:0.001, j=10:0.002, j=11:0.024, j=12:0.268, j=13:0.568, j=14:0.122
      i=15 -> j=0:0.012, j=1:0.010, j=2:0.005, j=3:0.004, j=4:0.004, j=5:0.006, j=6:0.008, j=7:0.008, j=8:0.006, j=9:0.004, j=10:0.003, j=11:0.009, j=12:0.069, j=13:0.316, j=14:0.365, j=15:0.172
      i=16 -> j=0:0.016, j=1:0.018, j=2:0.011, j=3:0.011, j=4:0.008, j=5:0.007, j=6:0.009, j=7:0.010, j=8:0.012, j=9:0.010, j=10:0.007, j=11:0.011, j=12:0.037, j=13:0.111, j=14:0.196, j=15:0.186, j=16:0.339
      i=17 -> j=0:0.005, j=1:0.006, j=2:0.004, j=3:0.004, j=4:0.003, j=5:0.002, j=6:0.002, j=7:0.003, j=8:0.005, j=9:0.006, j=10:0.003, j=11:0.003, j=12:0.005, j=13:0.016, j=14:0.047, j=15:0.102, j=16:0.552, j=17:0.231
      i=18 -> j=0:0.002, j=1:0.002, j=2:0.002, j=3:0.002, j=4:0.002, j=5:0.001, j=6:0.001, j=7:0.001, j=8:0.002, j=9:0.003, j=10:0.002, j=11:0.002, j=12:0.001, j=13:0.002, j=14:0.004, j=15:0.019, j=16:0.220, j=17:0.480, j=18:0.252
      i=19 -> j=0:0.002, j=1:0.002, j=2:0.001, j=3:0.001, j=4:0.002, j=5:0.001, j=6:0.001, j=7:0.000, j=8:0.001, j=9:0.001, j=10:0.001, j=11:0.002, j=12:0.002, j=13:0.001, j=14:0.001, j=15:0.002, j=16:0.027, j=17:0.131, j=18:0.517, j=19:0.306
      i=20 -> j=0:0.007, j=1:0.006, j=2:0.003, j=3:0.003, j=4:0.004, j=5:0.005, j=6:0.003, j=7:0.002, j=8:0.002, j=9:0.002, j=10:0.002, j=11:0.005, j=12:0.007, j=13:0.004, j=14:0.001, j=15:0.002, j=16:0.005, j=17:0.016, j=18:0.153, j=19:0.453, j=20:0.316
      i=21 -> j=0:0.004, j=1:0.004, j=2:0.001, j=3:0.001, j=4:0.002, j=5:0.002, j=6:0.002, j=7:0.001, j=8:0.001, j=9:0.001, j=10:0.001, j=11:0.002, j=12:0.003, j=13:0.003, j=14:0.001, j=15:0.001, j=16:0.001, j=17:0.003, j=18:0.033, j=19:0.240, j=20:0.463, j=21:0.230
      i=22 -> j=0:0.006, j=1:0.007, j=2:0.004, j=3:0.004, j=4:0.003, j=5:0.003, j=6:0.004, j=7:0.003, j=8:0.003, j=9:0.002, j=10:0.002, j=11:0.002, j=12:0.004, j=13:0.005, j=14:0.003, j=15:0.002, j=16:0.003, j=17:0.003, j=18:0.007, j=19:0.040, j=20:0.168, j=21:0.423, j=22:0.298
      i=23 -> j=0:0.004, j=1:0.005, j=2:0.005, j=3:0.004, j=4:0.003, j=5:0.002, j=6:0.003, j=7:0.003, j=8:0.003, j=9:0.003, j=10:0.002, j=11:0.002, j=12:0.002, j=13:0.003, j=14:0.003, j=15:0.003, j=16:0.003, j=17:0.002, j=18:0.002, j=19:0.006, j=20:0.035, j=21:0.257, j=22:0.481, j=23:0.165
      i=24 -> j=0:0.003, j=1:0.003, j=2:0.004, j=3:0.004, j=4:0.003, j=5:0.002, j=6:0.002, j=7:0.002, j=8:0.002, j=9:0.002, j=10:0.002, j=11:0.002, j=12:0.001, j=13:0.001, j=14:0.001, j=15:0.002, j=16:0.004, j=17:0.002, j=18:0.001, j=19:0.001, j=20:0.006, j=21:0.036, j=22:0.223, j=23:0.291, j=24:0.399
      i=25 -> j=0:0.001, j=1:0.001, j=2:0.001, j=3:0.001, j=4:0.001, j=5:0.001, j=6:0.000, j=7:0.000, j=8:0.001, j=9:0.001, j=10:0.001, j=11:0.001, j=12:0.000, j=13:0.000, j=14:0.000, j=15:0.000, j=16:0.001, j=17:0.001, j=18:0.000, j=19:0.000, j=20:0.000, j=21:0.001, j=22:0.016, j=23:0.082, j=24:0.678, j=25:0.211
      i=26 -> j=0:0.002, j=1:0.002, j=2:0.001, j=3:0.001, j=4:0.002, j=5:0.002, j=6:0.001, j=7:0.001, j=8:0.001, j=9:0.001, j=10:0.001, j=11:0.001, j=12:0.001, j=13:0.001, j=14:0.000, j=15:0.001, j=16:0.001, j=17:0.001, j=18:0.001, j=19:0.000, j=20:0.000, j=21:0.000, j=22:0.001, j=23:0.008, j=24:0.168, j=25:0.643, j=26:0.157
      i=27 -> j=0:0.011, j=1:0.011, j=2:0.008, j=3:0.008, j=4:0.008, j=5:0.008, j=6:0.009, j=7:0.007, j=8:0.006, j=9:0.005, j=10:0.005, j=11:0.006, j=12:0.007, j=13:0.006, j=14:0.003, j=15:0.003, j=16:0.003, j=17:0.004, j=18:0.005, j=19:0.005, j=20:0.004, j=21:0.001, j=22:0.002, j=23:0.004, j=24:0.024, j=25:0.213, j=26:0.433, j=27:0.190
      i=28 -> j=0:0.021, j=1:0.023, j=2:0.020, j=3:0.018, j=4:0.016, j=5:0.015, j=6:0.017, j=7:0.017, j=8:0.016, j=9:0.014, j=10:0.012, j=11:0.011, j=12:0.012, j=13:0.013, j=14:0.011, j=15:0.009, j=16:0.007, j=17:0.006, j=18:0.009, j=19:0.012, j=20:0.013, j=21:0.006, j=22:0.005, j=23:0.005, j=24:0.009, j=25:0.048, j=26:0.231, j=27:0.261, j=28:0.145
      i=29 -> j=0:0.028, j=1:0.033, j=2:0.020, j=3:0.022, j=4:0.022, j=5:0.021, j=6:0.019, j=7:0.018, j=8:0.018, j=9:0.019, j=10:0.013, j=11:0.017, j=12:0.021, j=13:0.021, j=14:0.012, j=15:0.011, j=16:0.015, j=17:0.009, j=18:0.007, j=19:0.011, j=20:0.018, j=21:0.009, j=22:0.011, j=23:0.009, j=24:0.008, j=25:0.015, j=26:0.067, j=27:0.181, j=28:0.179, j=29:0.146
      i=30 -> j=0:0.029, j=1:0.032, j=2:0.025, j=3:0.028, j=4:0.028, j=5:0.025, j=6:0.021, j=7:0.021, j=8:0.022, j=9:0.025, j=10:0.020, j=11:0.022, j=12:0.022, j=13:0.021, j=14:0.016, j=15:0.016, j=16:0.021, j=17:0.013, j=18:0.009, j=19:0.010, j=20:0.017, j=21:0.013, j=22:0.018, j=23:0.015, j=24:0.010, j=25:0.009, j=26:0.024, j=27:0.068, j=28:0.118, j=29:0.165, j=30:0.116
      i=31 -> j=0:0.027, j=1:0.027, j=2:0.030, j=3:0.031, j=4:0.031, j=5:0.026, j=6:0.023, j=7:0.023, j=8:0.025, j=9:0.027, j=10:0.027, j=11:0.024, j=12:0.019, j=13:0.018, j=14:0.019, j=15:0.021, j=16:0.020, j=17:0.017, j=18:0.013, j=19:0.011, j=20:0.014, j=21:0.014, j=22:0.019, j=23:0.019, j=24:0.015, j=25:0.009, j=26:0.012, j=27:0.025, j=28:0.055, j=29:0.117, j=30:0.134, j=31:0.108
    Average attention per distance:
      d=0:0.276, d=1:0.422, d=2:0.194, d=3:0.044, d=21:0.011, d=22:0.011, d=23:0.011, d=24:0.012
      d=25:0.014, d=26:0.018, d=27:0.023, d=28:0.028, d=29:0.030, d=30:0.028, d=31:0.027


======================================================================
QK Property Verification (Raw Scores, before Softmax)
======================================================================
Recurrence order init_len=2, num test sequences=1

--- [P1] Long-distance Orthogonality Verification ---
Ideal: raw_score mean ≈ 0 and small std when d > init_len

  Layer 0, Head 0:
    d= 1 (effective): mean=  3.077, std= 0.315, n=31
    d= 2 (effective): mean=  2.538, std= 0.386, n=30
    d>2 (long-distance): mean= -0.615, std= 0.937, n=435

  Layer 1, Head 0:
    d= 1 (effective): mean=  4.097, std= 1.114, n=31
    d= 2 (effective): mean=  3.990, std= 0.889, n=30
    d>2 (long-distance): mean= -1.584, std= 1.427, n=435

  Layer 2, Head 0:
    d= 1 (effective): mean=  3.180, std= 1.034, n=31
    d= 2 (effective): mean=  3.636, std= 0.803, n=30
    d>2 (long-distance): mean= -2.241, std= 1.590, n=435

  Layer 3, Head 0:
    d= 1 (effective): mean=  3.500, std= 1.289, n=31
    d= 2 (effective): mean=  2.711, std= 0.885, n=30
    d>2 (long-distance): mean= -0.993, std= 0.776, n=435

--- [P2] Time-homogeneous Verification ---
Ideal: CV of raw_score across positions i ≈ 0 for fixed distance d
(CV = std / |mean|, smaller = more constant)

  Layer 0, Head 0:
    d= 1: mean=  3.077, std= 0.315, CV=0.103, n=31
    d= 2: mean=  2.538, std= 0.386, CV=0.152, n=30

  Layer 1, Head 0:
    d= 1: mean=  4.097, std= 1.114, CV=0.272, n=31
    d= 2: mean=  3.990, std= 0.889, CV=0.223, n=30

  Layer 2, Head 0:
    d= 1: mean=  3.180, std= 1.034, CV=0.325, n=31
    d= 2: mean=  3.636, std= 0.803, CV=0.221, n=30

  Layer 3, Head 0:
    d= 1: mean=  3.500, std= 1.289, CV=0.368, n=31
    d= 2: mean=  2.711, std= 0.885, CV=0.327, n=30

======================================================================
QK Property Verification Completed
======================================================================
