=== Experiment: mixed_cond_d128l1_r8_e80_40 ===
Time: 2026-06-26T07:47:57.283995
Task type: mixed_ab
Merged config: {
  "P": 53,
  "TASK": "mixed_ab",
  "NUM_MASK": 0,
  "A": 1,
  "B": 1,
  "AB_PAIRS": [
    [
      1,
      1
    ],
    [
      1,
      2
    ]
  ],
  "D_MODEL": 128,
  "N_HEAD": 1,
  "N_LAYER": 1,
  "BATCH_SIZE": 128,
  "EPOCHS": 10000,
  "LR": 0.0003,
  "SAVE_PATH": "models/mixed_cond_d128l1_r8_e80_40.pth",
  "USE_GREEDY_GENERATE": true,
  "USE_LEARNABLE_PE": false,
  "MLP_RATIO": 8,
  "TRAIN_LEN": 16,
  "OOD_LEN": 32,
  "DROPOUT": 0.0,
  "TARGET_INIT_COVERAGE": 0.5,
  "MAX_UNIQUE_RATIO": 0.5,
  "WEIGHT_DECAY": 1,
  "ENTROPY_PENALTY_WEIGHT": 0.0,
  "FIRST_TASK_WEIGHT": 1.0,
  "RANDOM_SEED": 42,
  "EVAL_INTERVAL": 20,
  "EARLY_STOP_NO_IMPROVE": 1000,
  "EARLY_STOP_ACCURACY": 0.99,
  "SKIP_FINAL_GENERATION_TEST": true,
  "USE_AB_TAG": false,
  "USE_CONDITIONAL_WTE": true,
  "COND_WTE_SHARED_RATIO": 0.0,
  "MIXED_AB_MAX_UNIQUE_RATIOS": [
    0.8,
    0.4
  ]
}
--- output ---
Using device: cuda

[Dataset] Mixed mode: generated 3412 + 2206 samples, length 16
AB parameter pairs: [(1, 1), (1, 2)]
  - AB=(1,1): train 2268 | test 541 | exposed ~80.7%
  - AB=(1,2): train 1144 | test 1665 | exposed ~40.7%
--------------------------------------------------
[Model config] block_size: 32, train length: 16
[Number theory] AB parameter pairs: [(1, 1), (1, 2)]


Model parameters: 0.36M

Start training...
Epoch   0 | Train: Loss=4.1969 Acc=3.2% | Test: Acc=0.1% | Best=0.1%(@0)
  from x3: 0.00 0.00 0.00 0.00 0.00 0.00 0.00 0.00 0.00 0.00 0.00 0.00 0.00
  per-rule acc: 0.00 0.00
Epoch  20 | Train: Loss=0.8203 Acc=96.3% | Test: Acc=0.6% | Best=0.6%(@20)
  from x3: 0.01 0.01 0.01 0.01 0.00 0.00 0.00 0.00 0.00 0.00 0.00 0.00 0.00
  per-rule acc: 0.01 0.00
Epoch  40 | Train: Loss=0.1892 Acc=98.0% | Test: Acc=1.3% | Best=1.3%(@40)
  from x3: 0.02 0.01 0.01 0.01 0.01 0.01 0.01 0.01 0.01 0.01 0.01 0.01 0.01
  per-rule acc: 0.02 0.01
Epoch  60 | Train: Loss=0.1152 Acc=98.3% | Test: Acc=1.5% | Best=1.5%(@60)
  from x3: 0.02 0.02 0.02 0.02 0.02 0.01 0.01 0.01 0.01 0.01 0.01 0.01 0.01
  per-rule acc: 0.02 0.02
Epoch  80 | Train: Loss=0.0846 Acc=98.7% | Test: Acc=1.7% | Best=1.7%(@80)
  from x3: 0.02 0.02 0.02 0.02 0.02 0.02 0.02 0.02 0.02 0.02 0.02 0.02 0.02
  per-rule acc: 0.02 0.02
Epoch 100 | Train: Loss=0.0648 Acc=99.1% | Test: Acc=1.6% | Best=1.7%(@80)
  from x3: 0.02 0.02 0.02 0.02 0.02 0.02 0.02 0.02 0.02 0.02 0.02 0.02 0.02
  per-rule acc: 0.02 0.01
Epoch 120 | Train: Loss=0.0501 Acc=99.4% | Test: Acc=1.8% | Best=1.8%(@120)
  from x3: 0.02 0.02 0.02 0.02 0.02 0.02 0.02 0.02 0.02 0.02 0.02 0.02 0.02
  per-rule acc: 0.03 0.02
Epoch 140 | Train: Loss=0.0411 Acc=99.6% | Test: Acc=1.9% | Best=1.9%(@140)
  from x3: 0.02 0.02 0.02 0.02 0.02 0.02 0.02 0.02 0.02 0.02 0.02 0.02 0.02
  per-rule acc: 0.03 0.02
Epoch 160 | Train: Loss=0.0352 Acc=99.7% | Test: Acc=2.4% | Best=2.4%(@160)
  from x3: 0.02 0.02 0.02 0.02 0.02 0.02 0.02 0.02 0.02 0.02 0.02 0.02 0.02
  per-rule acc: 0.04 0.02
Epoch 180 | Train: Loss=0.0318 Acc=99.8% | Test: Acc=2.5% | Best=2.5%(@180)
  from x3: 0.02 0.02 0.02 0.02 0.02 0.02 0.02 0.02 0.02 0.02 0.03 0.03 0.03
  per-rule acc: 0.05 0.02
Epoch 200 | Train: Loss=0.0267 Acc=99.9% | Test: Acc=2.7% | Best=2.7%(@200)
  from x3: 0.03 0.03 0.03 0.03 0.03 0.03 0.03 0.03 0.03 0.03 0.03 0.03 0.03
  per-rule acc: 0.06 0.02
Epoch 220 | Train: Loss=0.0244 Acc=99.9% | Test: Acc=3.0% | Best=3.0%(@220)
  from x3: 0.03 0.03 0.03 0.03 0.03 0.03 0.03 0.03 0.03 0.03 0.03 0.03 0.03
  per-rule acc: 0.07 0.02
Epoch 240 | Train: Loss=0.0342 Acc=99.9% | Test: Acc=3.8% | Best=3.8%(@240)
  from x3: 0.03 0.04 0.04 0.04 0.04 0.04 0.04 0.04 0.04 0.04 0.04 0.04 0.04
  per-rule acc: 0.10 0.02
Epoch 260 | Train: Loss=0.0231 Acc=99.9% | Test: Acc=4.8% | Best=4.8%(@260)
  from x3: 0.04 0.05 0.05 0.05 0.05 0.05 0.05 0.05 0.05 0.05 0.05 0.05 0.05
  per-rule acc: 0.14 0.02
Epoch 280 | Train: Loss=0.0210 Acc=99.9% | Test: Acc=5.6% | Best=5.6%(@280)
  from x3: 0.05 0.06 0.06 0.06 0.06 0.06 0.06 0.06 0.06 0.06 0.06 0.06 0.06
  per-rule acc: 0.17 0.02
Epoch 300 | Train: Loss=0.0202 Acc=99.9% | Test: Acc=6.7% | Best=6.7%(@300)
  from x3: 0.06 0.07 0.07 0.07 0.07 0.07 0.07 0.07 0.07 0.07 0.07 0.07 0.07
  per-rule acc: 0.21 0.02
Epoch 320 | Train: Loss=0.0181 Acc=99.9% | Test: Acc=7.7% | Best=7.7%(@320)
  from x3: 0.07 0.08 0.08 0.08 0.08 0.08 0.08 0.08 0.08 0.08 0.08 0.08 0.08
  per-rule acc: 0.25 0.02
Epoch 340 | Train: Loss=0.0197 Acc=99.9% | Test: Acc=8.8% | Best=8.8%(@340)
  from x3: 0.08 0.09 0.09 0.09 0.09 0.09 0.09 0.09 0.09 0.09 0.09 0.09 0.09
  per-rule acc: 0.29 0.02
Epoch 360 | Train: Loss=0.0149 Acc=100.0% | Test: Acc=10.2% | Best=10.2%(@360)
  from x3: 0.09 0.10 0.10 0.10 0.10 0.10 0.10 0.10 0.10 0.10 0.10 0.10 0.10
  per-rule acc: 0.35 0.02
Epoch 380 | Train: Loss=0.0184 Acc=99.9% | Test: Acc=11.3% | Best=11.3%(@380)
  from x3: 0.10 0.11 0.11 0.11 0.11 0.11 0.11 0.11 0.11 0.11 0.11 0.11 0.11
  per-rule acc: 0.39 0.02
Epoch 400 | Train: Loss=0.0149 Acc=99.9% | Test: Acc=12.3% | Best=12.3%(@400)
  from x3: 0.11 0.12 0.12 0.12 0.12 0.12 0.12 0.12 0.12 0.12 0.12 0.12 0.12
  per-rule acc: 0.43 0.02
Epoch 420 | Train: Loss=0.0154 Acc=99.9% | Test: Acc=13.1% | Best=13.1%(@420)
  from x3: 0.12 0.13 0.13 0.13 0.13 0.13 0.13 0.13 0.13 0.13 0.13 0.13 0.13
  per-rule acc: 0.46 0.02
Epoch 440 | Train: Loss=0.0217 Acc=99.9% | Test: Acc=13.7% | Best=13.7%(@440)
  from x3: 0.13 0.14 0.14 0.14 0.14 0.14 0.14 0.14 0.14 0.14 0.14 0.14 0.14
  per-rule acc: 0.48 0.03
Epoch 460 | Train: Loss=0.0136 Acc=99.9% | Test: Acc=14.7% | Best=14.7%(@460)
  from x3: 0.14 0.15 0.15 0.15 0.15 0.15 0.15 0.15 0.15 0.15 0.15 0.15 0.15
  per-rule acc: 0.52 0.02
Epoch 480 | Train: Loss=0.0169 Acc=99.9% | Test: Acc=15.3% | Best=15.3%(@480)
  from x3: 0.15 0.16 0.15 0.15 0.15 0.15 0.15 0.15 0.15 0.15 0.15 0.15 0.15
  per-rule acc: 0.54 0.03
Epoch 500 | Train: Loss=0.0160 Acc=99.9% | Test: Acc=15.7% | Best=15.7%(@500)
  from x3: 0.15 0.16 0.16 0.16 0.16 0.16 0.16 0.16 0.16 0.16 0.16 0.16 0.16
  per-rule acc: 0.56 0.03
Epoch 520 | Train: Loss=0.0129 Acc=100.0% | Test: Acc=15.9% | Best=15.9%(@520)
  from x3: 0.16 0.16 0.16 0.16 0.16 0.16 0.16 0.16 0.16 0.16 0.16 0.16 0.16
  per-rule acc: 0.57 0.03
Epoch 540 | Train: Loss=0.0114 Acc=99.9% | Test: Acc=16.3% | Best=16.3%(@540)
  from x3: 0.16 0.16 0.16 0.16 0.16 0.16 0.16 0.16 0.16 0.16 0.16 0.16 0.16
  per-rule acc: 0.58 0.03
Epoch 560 | Train: Loss=0.0111 Acc=100.0% | Test: Acc=16.6% | Best=16.6%(@560)
  from x3: 0.16 0.17 0.17 0.17 0.17 0.17 0.17 0.17 0.17 0.17 0.17 0.17 0.17
  per-rule acc: 0.60 0.03
Epoch 580 | Train: Loss=0.0107 Acc=100.0% | Test: Acc=16.8% | Best=16.8%(@580)
  from x3: 0.16 0.17 0.17 0.17 0.17 0.17 0.17 0.17 0.17 0.17 0.17 0.17 0.17
  per-rule acc: 0.61 0.03
Epoch 600 | Train: Loss=0.0126 Acc=100.0% | Test: Acc=17.4% | Best=17.4%(@600)
  from x3: 0.17 0.18 0.17 0.17 0.17 0.17 0.17 0.17 0.17 0.17 0.17 0.17 0.17
  per-rule acc: 0.62 0.03
Epoch 620 | Train: Loss=0.0120 Acc=99.9% | Test: Acc=17.1% | Best=17.4%(@600)
  from x3: 0.16 0.17 0.17 0.17 0.17 0.17 0.17 0.17 0.17 0.17 0.17 0.17 0.17
  per-rule acc: 0.62 0.03
Epoch 640 | Train: Loss=0.0082 Acc=100.0% | Test: Acc=17.5% | Best=17.5%(@640)
  from x3: 0.17 0.18 0.18 0.18 0.18 0.18 0.18 0.18 0.18 0.18 0.18 0.18 0.17
  per-rule acc: 0.63 0.03
Epoch 660 | Train: Loss=0.0109 Acc=100.0% | Test: Acc=17.5% | Best=17.5%(@640)
  from x3: 0.16 0.18 0.18 0.18 0.18 0.18 0.18 0.18 0.18 0.18 0.18 0.18 0.18
  per-rule acc: 0.63 0.03
Epoch 680 | Train: Loss=0.0094 Acc=100.0% | Test: Acc=18.2% | Best=18.2%(@680)
  from x3: 0.17 0.18 0.18 0.18 0.18 0.18 0.18 0.18 0.18 0.18 0.18 0.18 0.18
  per-rule acc: 0.65 0.03
Epoch 700 | Train: Loss=0.0131 Acc=99.9% | Test: Acc=18.0% | Best=18.2%(@680)
  from x3: 0.17 0.18 0.18 0.18 0.18 0.18 0.18 0.18 0.18 0.18 0.18 0.18 0.18
  per-rule acc: 0.65 0.03
Epoch 720 | Train: Loss=0.0109 Acc=100.0% | Test: Acc=18.5% | Best=18.5%(@720)
  from x3: 0.17 0.18 0.19 0.19 0.19 0.19 0.19 0.19 0.19 0.19 0.19 0.19 0.19
  per-rule acc: 0.66 0.03
Epoch 740 | Train: Loss=0.0102 Acc=100.0% | Test: Acc=18.7% | Best=18.7%(@740)
  from x3: 0.18 0.19 0.19 0.19 0.19 0.19 0.19 0.19 0.19 0.19 0.19 0.19 0.19
  per-rule acc: 0.66 0.03
Epoch 760 | Train: Loss=0.0138 Acc=99.9% | Test: Acc=18.2% | Best=18.7%(@740)
  from x3: 0.17 0.18 0.18 0.18 0.18 0.18 0.18 0.18 0.18 0.18 0.18 0.18 0.18
  per-rule acc: 0.65 0.03
Epoch 780 | Train: Loss=0.0090 Acc=100.0% | Test: Acc=18.7% | Best=18.7%(@780)
  from x3: 0.18 0.19 0.19 0.19 0.19 0.19 0.19 0.19 0.19 0.19 0.19 0.19 0.19
  per-rule acc: 0.67 0.03
Epoch 800 | Train: Loss=0.0081 Acc=100.0% | Test: Acc=18.8% | Best=18.8%(@800)
  from x3: 0.18 0.19 0.19 0.19 0.19 0.19 0.19 0.19 0.19 0.19 0.19 0.19 0.19
  per-rule acc: 0.66 0.04
Epoch 820 | Train: Loss=0.0097 Acc=100.0% | Test: Acc=18.6% | Best=18.8%(@800)
  from x3: 0.18 0.19 0.19 0.19 0.19 0.19 0.19 0.19 0.19 0.19 0.19 0.19 0.19
  per-rule acc: 0.65 0.03
Epoch 840 | Train: Loss=0.0086 Acc=100.0% | Test: Acc=18.6% | Best=18.8%(@800)
  from x3: 0.18 0.19 0.19 0.19 0.19 0.19 0.19 0.19 0.19 0.19 0.19 0.19 0.19
  per-rule acc: 0.65 0.04
Epoch 860 | Train: Loss=0.0076 Acc=100.0% | Test: Acc=18.9% | Best=18.9%(@860)
  from x3: 0.18 0.19 0.19 0.19 0.19 0.19 0.19 0.19 0.19 0.19 0.19 0.19 0.19
  per-rule acc: 0.67 0.03
Epoch 880 | Train: Loss=0.0098 Acc=100.0% | Test: Acc=19.0% | Best=19.0%(@880)
  from x3: 0.19 0.19 0.19 0.19 0.19 0.19 0.19 0.19 0.19 0.19 0.19 0.19 0.19
  per-rule acc: 0.67 0.03
Epoch 900 | Train: Loss=0.0117 Acc=100.0% | Test: Acc=18.9% | Best=19.0%(@880)
  from x3: 0.19 0.19 0.19 0.19 0.19 0.19 0.19 0.19 0.19 0.19 0.19 0.19 0.19
  per-rule acc: 0.66 0.04
Epoch 920 | Train: Loss=0.0082 Acc=100.0% | Test: Acc=19.3% | Best=19.3%(@920)
  from x3: 0.19 0.19 0.19 0.19 0.19 0.19 0.19 0.19 0.19 0.19 0.19 0.19 0.19
  per-rule acc: 0.67 0.04
Epoch 940 | Train: Loss=0.0092 Acc=100.0% | Test: Acc=18.9% | Best=19.3%(@920)
  from x3: 0.19 0.19 0.19 0.19 0.19 0.19 0.19 0.19 0.19 0.19 0.19 0.19 0.19
  per-rule acc: 0.65 0.04
Epoch 960 | Train: Loss=0.0080 Acc=100.0% | Test: Acc=19.7% | Best=19.7%(@960)
  from x3: 0.19 0.20 0.20 0.20 0.20 0.20 0.20 0.20 0.20 0.20 0.20 0.20 0.20
  per-rule acc: 0.68 0.04
Epoch 980 | Train: Loss=0.0345 Acc=99.9% | Test: Acc=18.9% | Best=19.7%(@960)
  from x3: 0.19 0.19 0.19 0.19 0.19 0.19 0.19 0.19 0.19 0.19 0.19 0.19 0.19
  per-rule acc: 0.66 0.04
Epoch 1000 | Train: Loss=0.0073 Acc=100.0% | Test: Acc=19.6% | Best=19.7%(@960)
  from x3: 0.19 0.20 0.20 0.20 0.20 0.20 0.20 0.20 0.20 0.20 0.20 0.20 0.20
  per-rule acc: 0.67 0.04
Epoch 1020 | Train: Loss=0.0096 Acc=99.9% | Test: Acc=19.9% | Best=19.9%(@1020)
  from x3: 0.20 0.20 0.20 0.20 0.20 0.20 0.20 0.20 0.20 0.20 0.20 0.20 0.20
  per-rule acc: 0.66 0.05
Epoch 1040 | Train: Loss=0.0091 Acc=100.0% | Test: Acc=19.6% | Best=19.9%(@1020)
  from x3: 0.20 0.20 0.20 0.20 0.20 0.20 0.20 0.20 0.20 0.19 0.20 0.20 0.20
  per-rule acc: 0.66 0.05
Epoch 1060 | Train: Loss=0.0078 Acc=100.0% | Test: Acc=20.5% | Best=20.5%(@1060)
  from x3: 0.20 0.21 0.20 0.20 0.20 0.20 0.21 0.21 0.21 0.21 0.21 0.20 0.21
  per-rule acc: 0.67 0.06
Epoch 1080 | Train: Loss=0.0092 Acc=100.0% | Test: Acc=20.8% | Best=20.8%(@1080)
  from x3: 0.21 0.21 0.21 0.21 0.21 0.21 0.21 0.21 0.21 0.21 0.21 0.21 0.21
  per-rule acc: 0.66 0.06
Epoch 1100 | Train: Loss=0.0088 Acc=100.0% | Test: Acc=20.7% | Best=20.8%(@1080)
  from x3: 0.21 0.21 0.21 0.21 0.21 0.21 0.21 0.21 0.21 0.21 0.21 0.21 0.21
  per-rule acc: 0.65 0.06
Epoch 1120 | Train: Loss=0.0089 Acc=100.0% | Test: Acc=21.4% | Best=21.4%(@1120)
  from x3: 0.21 0.22 0.21 0.21 0.21 0.21 0.21 0.21 0.21 0.21 0.21 0.21 0.21
  per-rule acc: 0.67 0.07
Epoch 1140 | Train: Loss=0.0075 Acc=100.0% | Test: Acc=22.1% | Best=22.1%(@1140)
  from x3: 0.22 0.22 0.22 0.22 0.22 0.22 0.22 0.22 0.22 0.22 0.22 0.22 0.22
  per-rule acc: 0.68 0.07
Epoch 1160 | Train: Loss=0.0069 Acc=100.0% | Test: Acc=22.3% | Best=22.3%(@1160)
  from x3: 0.22 0.22 0.22 0.22 0.22 0.22 0.22 0.22 0.22 0.22 0.22 0.22 0.22
  per-rule acc: 0.67 0.08
Epoch 1180 | Train: Loss=0.0064 Acc=100.0% | Test: Acc=23.6% | Best=23.6%(@1180)
  from x3: 0.23 0.23 0.23 0.24 0.24 0.24 0.24 0.24 0.24 0.24 0.24 0.24 0.24
  per-rule acc: 0.67 0.10
Epoch 1200 | Train: Loss=0.0060 Acc=100.0% | Test: Acc=24.1% | Best=24.1%(@1200)
  from x3: 0.24 0.24 0.24 0.24 0.24 0.24 0.24 0.24 0.24 0.24 0.24 0.24 0.24
  per-rule acc: 0.69 0.09
Epoch 1220 | Train: Loss=0.0091 Acc=100.0% | Test: Acc=25.1% | Best=25.1%(@1220)
  from x3: 0.25 0.25 0.25 0.25 0.25 0.25 0.25 0.25 0.25 0.25 0.25 0.25 0.25
  per-rule acc: 0.68 0.11
Epoch 1240 | Train: Loss=0.0064 Acc=100.0% | Test: Acc=25.9% | Best=25.9%(@1240)
  from x3: 0.26 0.26 0.26 0.26 0.26 0.26 0.26 0.26 0.26 0.26 0.26 0.26 0.26
  per-rule acc: 0.68 0.12
Epoch 1260 | Train: Loss=0.0060 Acc=100.0% | Test: Acc=29.6% | Best=29.6%(@1260)
  from x3: 0.30 0.30 0.30 0.30 0.30 0.30 0.30 0.29 0.30 0.30 0.30 0.30 0.30
  per-rule acc: 0.68 0.17
Epoch 1280 | Train: Loss=0.0058 Acc=100.0% | Test: Acc=30.3% | Best=30.3%(@1280)
  from x3: 0.31 0.30 0.30 0.30 0.30 0.30 0.30 0.30 0.30 0.30 0.30 0.30 0.30
  per-rule acc: 0.68 0.18
Epoch 1300 | Train: Loss=0.0114 Acc=100.0% | Test: Acc=32.3% | Best=32.3%(@1300)
  from x3: 0.32 0.32 0.32 0.32 0.32 0.32 0.32 0.32 0.32 0.32 0.32 0.32 0.32
  per-rule acc: 0.71 0.20
Epoch 1320 | Train: Loss=0.0072 Acc=100.0% | Test: Acc=36.1% | Best=36.1%(@1320)
  from x3: 0.37 0.36 0.36 0.36 0.36 0.36 0.36 0.36 0.36 0.36 0.36 0.36 0.36
  per-rule acc: 0.69 0.26
Epoch 1340 | Train: Loss=0.0101 Acc=99.9% | Test: Acc=38.8% | Best=38.8%(@1340)
  from x3: 0.39 0.39 0.39 0.39 0.39 0.39 0.39 0.39 0.39 0.39 0.39 0.39 0.39
  per-rule acc: 0.70 0.29
Epoch 1360 | Train: Loss=0.0049 Acc=100.0% | Test: Acc=46.4% | Best=46.4%(@1360)
  from x3: 0.48 0.47 0.47 0.47 0.47 0.47 0.46 0.46 0.46 0.46 0.46 0.46 0.46
  per-rule acc: 0.70 0.39
Epoch 1380 | Train: Loss=0.0066 Acc=100.0% | Test: Acc=54.0% | Best=54.0%(@1380)
  from x3: 0.54 0.54 0.54 0.54 0.54 0.54 0.54 0.54 0.54 0.54 0.54 0.54 0.54
  per-rule acc: 0.70 0.49
Epoch 1400 | Train: Loss=0.0056 Acc=100.0% | Test: Acc=65.1% | Best=65.1%(@1400)
  from x3: 0.65 0.65 0.65 0.65 0.65 0.65 0.65 0.65 0.65 0.65 0.65 0.65 0.65
  per-rule acc: 0.70 0.63
Epoch 1420 | Train: Loss=0.0070 Acc=100.0% | Test: Acc=70.8% | Best=70.8%(@1420)
  from x3: 0.70 0.71 0.71 0.71 0.71 0.71 0.71 0.71 0.71 0.71 0.71 0.71 0.71
  per-rule acc: 0.70 0.71
Epoch 1440 | Train: Loss=0.0129 Acc=100.0% | Test: Acc=82.3% | Best=82.3%(@1440)
  from x3: 0.82 0.82 0.82 0.82 0.82 0.82 0.82 0.82 0.82 0.82 0.82 0.82 0.82
  per-rule acc: 0.72 0.86
Epoch 1460 | Train: Loss=0.0072 Acc=100.0% | Test: Acc=87.6% | Best=87.6%(@1460)
  from x3: 0.87 0.88 0.88 0.88 0.88 0.88 0.88 0.88 0.88 0.87 0.87 0.87 0.87
  per-rule acc: 0.73 0.92
Epoch 1480 | Train: Loss=0.0050 Acc=100.0% | Test: Acc=90.7% | Best=90.7%(@1480)
  from x3: 0.91 0.91 0.91 0.91 0.91 0.91 0.91 0.91 0.91 0.91 0.91 0.91 0.91
  per-rule acc: 0.72 0.97
Epoch 1500 | Train: Loss=0.0049 Acc=100.0% | Test: Acc=92.3% | Best=92.3%(@1500)
  from x3: 0.92 0.92 0.92 0.92 0.92 0.92 0.92 0.92 0.92 0.92 0.92 0.92 0.92
  per-rule acc: 0.72 0.99
Epoch 1520 | Train: Loss=0.0053 Acc=100.0% | Test: Acc=92.8% | Best=92.8%(@1520)
  from x3: 0.93 0.93 0.93 0.93 0.93 0.93 0.93 0.93 0.93 0.93 0.93 0.93 0.93
  per-rule acc: 0.72 1.00
Epoch 1540 | Train: Loss=0.0058 Acc=100.0% | Test: Acc=93.4% | Best=93.4%(@1540)
  from x3: 0.93 0.93 0.93 0.93 0.93 0.93 0.93 0.93 0.93 0.93 0.93 0.93 0.93
  per-rule acc: 0.74 1.00
Epoch 1560 | Train: Loss=0.0069 Acc=100.0% | Test: Acc=93.7% | Best=93.7%(@1560)
  from x3: 0.93 0.94 0.94 0.94 0.94 0.94 0.94 0.94 0.94 0.94 0.94 0.94 0.94
  per-rule acc: 0.75 1.00
Epoch 1580 | Train: Loss=0.0112 Acc=100.0% | Test: Acc=93.7% | Best=93.7%(@1580)
  from x3: 0.94 0.94 0.94 0.94 0.94 0.94 0.94 0.94 0.94 0.94 0.94 0.94 0.94
  per-rule acc: 0.75 1.00
Epoch 1600 | Train: Loss=0.0065 Acc=100.0% | Test: Acc=94.0% | Best=94.0%(@1600)
  from x3: 0.93 0.94 0.94 0.94 0.94 0.94 0.94 0.94 0.94 0.94 0.94 0.94 0.94
  per-rule acc: 0.76 1.00
Epoch 1620 | Train: Loss=0.0127 Acc=99.9% | Test: Acc=93.3% | Best=94.0%(@1600)
  from x3: 0.93 0.93 0.93 0.93 0.93 0.93 0.93 0.93 0.93 0.93 0.93 0.93 0.93
  per-rule acc: 0.73 1.00
Epoch 1640 | Train: Loss=0.0079 Acc=100.0% | Test: Acc=94.0% | Best=94.0%(@1600)
  from x3: 0.94 0.94 0.94 0.94 0.94 0.94 0.94 0.94 0.94 0.94 0.94 0.94 0.94
  per-rule acc: 0.75 1.00
Epoch 1660 | Train: Loss=0.0065 Acc=100.0% | Test: Acc=94.3% | Best=94.3%(@1660)
  from x3: 0.94 0.94 0.94 0.94 0.94 0.94 0.94 0.94 0.94 0.94 0.94 0.94 0.94
  per-rule acc: 0.77 1.00
Epoch 1680 | Train: Loss=0.0077 Acc=100.0% | Test: Acc=94.1% | Best=94.3%(@1660)
  from x3: 0.94 0.94 0.94 0.94 0.94 0.94 0.94 0.94 0.94 0.94 0.94 0.94 0.94
  per-rule acc: 0.76 1.00
Epoch 1700 | Train: Loss=0.0054 Acc=100.0% | Test: Acc=93.6% | Best=94.3%(@1660)
  from x3: 0.93 0.94 0.94 0.94 0.94 0.94 0.94 0.94 0.94 0.94 0.94 0.94 0.94
  per-rule acc: 0.74 1.00
Epoch 1720 | Train: Loss=0.0072 Acc=100.0% | Test: Acc=94.0% | Best=94.3%(@1660)
  from x3: 0.94 0.94 0.94 0.94 0.94 0.94 0.94 0.94 0.94 0.94 0.94 0.94 0.94
  per-rule acc: 0.75 1.00
Epoch 1740 | Train: Loss=0.0056 Acc=100.0% | Test: Acc=93.9% | Best=94.3%(@1660)
  from x3: 0.94 0.94 0.94 0.94 0.94 0.94 0.94 0.94 0.94 0.94 0.94 0.94 0.94
  per-rule acc: 0.75 1.00
Epoch 1760 | Train: Loss=0.0074 Acc=100.0% | Test: Acc=94.3% | Best=94.3%(@1760)
  from x3: 0.94 0.94 0.94 0.94 0.94 0.94 0.94 0.94 0.94 0.94 0.94 0.94 0.94
  per-rule acc: 0.77 1.00
Epoch 1780 | Train: Loss=0.0076 Acc=100.0% | Test: Acc=93.5% | Best=94.3%(@1760)
  from x3: 0.93 0.94 0.94 0.94 0.94 0.94 0.94 0.94 0.94 0.94 0.94 0.94 0.94
  per-rule acc: 0.73 1.00
Epoch 1800 | Train: Loss=0.0051 Acc=100.0% | Test: Acc=93.9% | Best=94.3%(@1760)
  from x3: 0.94 0.94 0.94 0.94 0.94 0.94 0.94 0.94 0.94 0.94 0.94 0.94 0.94
  per-rule acc: 0.75 1.00
Epoch 1820 | Train: Loss=0.0048 Acc=100.0% | Test: Acc=93.9% | Best=94.3%(@1760)
  from x3: 0.93 0.94 0.94 0.94 0.94 0.94 0.94 0.94 0.94 0.94 0.94 0.94 0.94
  per-rule acc: 0.75 1.00
Epoch 1840 | Train: Loss=0.0052 Acc=100.0% | Test: Acc=93.8% | Best=94.3%(@1760)
  from x3: 0.94 0.94 0.94 0.94 0.94 0.94 0.94 0.94 0.94 0.94 0.94 0.94 0.94
  per-rule acc: 0.75 1.00
Epoch 1860 | Train: Loss=0.0119 Acc=99.9% | Test: Acc=94.1% | Best=94.3%(@1760)
  from x3: 0.94 0.94 0.94 0.94 0.94 0.94 0.94 0.94 0.94 0.94 0.94 0.94 0.94
  per-rule acc: 0.76 1.00
Epoch 1880 | Train: Loss=0.0044 Acc=100.0% | Test: Acc=94.1% | Best=94.3%(@1760)
  from x3: 0.94 0.94 0.94 0.94 0.94 0.94 0.94 0.94 0.94 0.94 0.94 0.94 0.94
  per-rule acc: 0.76 1.00
Epoch 1900 | Train: Loss=0.0057 Acc=100.0% | Test: Acc=94.2% | Best=94.3%(@1760)
  from x3: 0.94 0.94 0.94 0.94 0.94 0.94 0.94 0.94 0.94 0.94 0.94 0.94 0.94
  per-rule acc: 0.76 1.00
Epoch 1920 | Train: Loss=0.0050 Acc=100.0% | Test: Acc=94.0% | Best=94.3%(@1760)
  from x3: 0.94 0.94 0.94 0.94 0.94 0.94 0.94 0.94 0.94 0.94 0.94 0.94 0.94
  per-rule acc: 0.76 1.00
Epoch 1940 | Train: Loss=0.0051 Acc=100.0% | Test: Acc=94.2% | Best=94.3%(@1760)
  from x3: 0.94 0.94 0.94 0.94 0.94 0.94 0.94 0.94 0.94 0.94 0.94 0.94 0.94
  per-rule acc: 0.76 1.00
Epoch 1960 | Train: Loss=0.0052 Acc=100.0% | Test: Acc=94.0% | Best=94.3%(@1760)
  from x3: 0.94 0.94 0.94 0.94 0.94 0.94 0.94 0.94 0.94 0.94 0.94 0.94 0.94
  per-rule acc: 0.76 1.00
Epoch 1980 | Train: Loss=0.0047 Acc=100.0% | Test: Acc=94.4% | Best=94.4%(@1980)
  from x3: 0.94 0.94 0.94 0.94 0.94 0.94 0.94 0.94 0.94 0.94 0.94 0.94 0.94
  per-rule acc: 0.77 1.00
Epoch 2000 | Train: Loss=0.0138 Acc=99.9% | Test: Acc=94.3% | Best=94.4%(@1980)
  from x3: 0.94 0.94 0.94 0.94 0.94 0.94 0.94 0.94 0.94 0.94 0.94 0.94 0.94
  per-rule acc: 0.77 1.00
Epoch 2020 | Train: Loss=0.0077 Acc=100.0% | Test: Acc=94.2% | Best=94.4%(@1980)
  from x3: 0.94 0.94 0.94 0.94 0.94 0.94 0.94 0.94 0.94 0.94 0.94 0.94 0.94
  per-rule acc: 0.76 1.00
Epoch 2040 | Train: Loss=0.0075 Acc=100.0% | Test: Acc=94.4% | Best=94.4%(@1980)
  from x3: 0.94 0.94 0.94 0.94 0.94 0.94 0.94 0.94 0.94 0.94 0.94 0.94 0.94
  per-rule acc: 0.77 1.00
Epoch 2060 | Train: Loss=0.0048 Acc=100.0% | Test: Acc=94.0% | Best=94.4%(@1980)
  from x3: 0.94 0.94 0.94 0.94 0.94 0.94 0.94 0.94 0.94 0.94 0.94 0.94 0.94
  per-rule acc: 0.75 1.00
Epoch 2080 | Train: Loss=0.0059 Acc=100.0% | Test: Acc=94.4% | Best=94.4%(@2080)
  from x3: 0.94 0.94 0.94 0.94 0.94 0.94 0.94 0.94 0.94 0.94 0.94 0.94 0.94
  per-rule acc: 0.77 1.00
Epoch 2100 | Train: Loss=0.0052 Acc=100.0% | Test: Acc=94.0% | Best=94.4%(@2080)
  from x3: 0.94 0.94 0.94 0.94 0.94 0.94 0.94 0.94 0.94 0.94 0.94 0.94 0.94
  per-rule acc: 0.76 1.00
Epoch 2120 | Train: Loss=0.0052 Acc=100.0% | Test: Acc=94.2% | Best=94.4%(@2080)
  from x3: 0.94 0.94 0.94 0.94 0.94 0.94 0.94 0.94 0.94 0.94 0.94 0.94 0.94
  per-rule acc: 0.76 1.00
Epoch 2140 | Train: Loss=0.0063 Acc=100.0% | Test: Acc=94.1% | Best=94.4%(@2080)
  from x3: 0.94 0.94 0.94 0.94 0.94 0.94 0.94 0.94 0.94 0.94 0.94 0.94 0.94
  per-rule acc: 0.76 1.00
Epoch 2160 | Train: Loss=0.0050 Acc=100.0% | Test: Acc=94.4% | Best=94.4%(@2080)
  from x3: 0.94 0.95 0.94 0.94 0.94 0.94 0.94 0.94 0.94 0.94 0.94 0.94 0.94
  per-rule acc: 0.77 1.00
Epoch 2180 | Train: Loss=0.0060 Acc=100.0% | Test: Acc=93.9% | Best=94.4%(@2080)
  from x3: 0.94 0.94 0.94 0.94 0.94 0.94 0.94 0.94 0.94 0.94 0.94 0.94 0.94
  per-rule acc: 0.75 1.00
Epoch 2200 | Train: Loss=0.0039 Acc=100.0% | Test: Acc=94.1% | Best=94.4%(@2080)
  from x3: 0.94 0.94 0.94 0.94 0.94 0.94 0.94 0.94 0.94 0.94 0.94 0.94 0.94
  per-rule acc: 0.76 1.00
Epoch 2220 | Train: Loss=0.0071 Acc=100.0% | Test: Acc=94.2% | Best=94.4%(@2080)
  from x3: 0.94 0.94 0.94 0.94 0.94 0.94 0.94 0.94 0.94 0.94 0.94 0.94 0.94
  per-rule acc: 0.76 1.00
Epoch 2240 | Train: Loss=0.0047 Acc=100.0% | Test: Acc=93.9% | Best=94.4%(@2080)
  from x3: 0.93 0.94 0.94 0.94 0.94 0.94 0.94 0.94 0.94 0.94 0.94 0.94 0.94
  per-rule acc: 0.75 1.00
Epoch 2260 | Train: Loss=0.0044 Acc=100.0% | Test: Acc=94.0% | Best=94.4%(@2080)
  from x3: 0.94 0.94 0.94 0.94 0.94 0.94 0.94 0.94 0.94 0.94 0.94 0.94 0.94
  per-rule acc: 0.76 1.00
Epoch 2280 | Train: Loss=0.0076 Acc=100.0% | Test: Acc=93.9% | Best=94.4%(@2080)
  from x3: 0.94 0.94 0.94 0.94 0.94 0.94 0.94 0.94 0.94 0.94 0.94 0.94 0.94
  per-rule acc: 0.75 1.00
Epoch 2300 | Train: Loss=0.0049 Acc=100.0% | Test: Acc=94.0% | Best=94.4%(@2080)
  from x3: 0.94 0.94 0.94 0.94 0.94 0.94 0.94 0.94 0.94 0.94 0.94 0.94 0.94
  per-rule acc: 0.76 1.00
Epoch 2320 | Train: Loss=0.0043 Acc=100.0% | Test: Acc=94.1% | Best=94.4%(@2080)
  from x3: 0.94 0.94 0.94 0.94 0.94 0.94 0.94 0.94 0.94 0.94 0.94 0.94 0.94
  per-rule acc: 0.76 1.00
Epoch 2340 | Train: Loss=0.0062 Acc=100.0% | Test: Acc=94.5% | Best=94.5%(@2340)
  from x3: 0.94 0.95 0.95 0.95 0.95 0.95 0.95 0.95 0.95 0.95 0.95 0.95 0.95
  per-rule acc: 0.78 1.00
Epoch 2360 | Train: Loss=0.0064 Acc=100.0% | Test: Acc=94.3% | Best=94.5%(@2340)
  from x3: 0.94 0.94 0.94 0.94 0.94 0.94 0.94 0.94 0.94 0.94 0.94 0.94 0.94
  per-rule acc: 0.77 1.00
Epoch 2380 | Train: Loss=0.0044 Acc=100.0% | Test: Acc=94.1% | Best=94.5%(@2340)
  from x3: 0.94 0.94 0.94 0.94 0.94 0.94 0.94 0.94 0.94 0.94 0.94 0.94 0.94
  per-rule acc: 0.76 1.00
Epoch 2400 | Train: Loss=0.0081 Acc=100.0% | Test: Acc=94.7% | Best=94.7%(@2400)
  from x3: 0.94 0.95 0.95 0.95 0.95 0.95 0.95 0.95 0.95 0.95 0.95 0.95 0.95
  per-rule acc: 0.78 1.00
Epoch 2420 | Train: Loss=0.0046 Acc=100.0% | Test: Acc=93.9% | Best=94.7%(@2400)
  from x3: 0.94 0.94 0.94 0.94 0.94 0.94 0.94 0.94 0.94 0.94 0.94 0.94 0.94
  per-rule acc: 0.75 1.00
Epoch 2440 | Train: Loss=0.0054 Acc=100.0% | Test: Acc=94.5% | Best=94.7%(@2400)
  from x3: 0.94 0.95 0.95 0.95 0.95 0.95 0.95 0.95 0.94 0.94 0.94 0.94 0.94
  per-rule acc: 0.78 1.00
Epoch 2460 | Train: Loss=0.0055 Acc=100.0% | Test: Acc=94.1% | Best=94.7%(@2400)
  from x3: 0.93 0.94 0.94 0.94 0.94 0.94 0.94 0.94 0.94 0.94 0.94 0.94 0.94
  per-rule acc: 0.76 1.00
Epoch 2480 | Train: Loss=0.0045 Acc=100.0% | Test: Acc=94.4% | Best=94.7%(@2400)
  from x3: 0.94 0.95 0.95 0.95 0.95 0.95 0.95 0.95 0.94 0.94 0.94 0.94 0.94
  per-rule acc: 0.77 1.00
Epoch 2500 | Train: Loss=0.0057 Acc=100.0% | Test: Acc=94.3% | Best=94.7%(@2400)
  from x3: 0.94 0.94 0.94 0.94 0.94 0.94 0.94 0.94 0.94 0.94 0.94 0.94 0.94
  per-rule acc: 0.77 1.00
Epoch 2520 | Train: Loss=0.0046 Acc=100.0% | Test: Acc=94.3% | Best=94.7%(@2400)
  from x3: 0.94 0.95 0.94 0.94 0.94 0.94 0.94 0.94 0.94 0.94 0.94 0.94 0.94
  per-rule acc: 0.77 1.00
Epoch 2540 | Train: Loss=0.0036 Acc=100.0% | Test: Acc=94.1% | Best=94.7%(@2400)
  from x3: 0.94 0.94 0.94 0.94 0.94 0.94 0.94 0.94 0.94 0.94 0.94 0.94 0.94
  per-rule acc: 0.76 1.00
Epoch 2560 | Train: Loss=0.0051 Acc=100.0% | Test: Acc=94.4% | Best=94.7%(@2400)
  from x3: 0.94 0.95 0.95 0.95 0.95 0.95 0.95 0.95 0.94 0.94 0.94 0.94 0.94
  per-rule acc: 0.77 1.00
Epoch 2580 | Train: Loss=0.0063 Acc=100.0% | Test: Acc=94.1% | Best=94.7%(@2400)
  from x3: 0.93 0.94 0.94 0.94 0.94 0.94 0.94 0.94 0.94 0.94 0.94 0.94 0.94
  per-rule acc: 0.76 1.00
Epoch 2600 | Train: Loss=0.0045 Acc=100.0% | Test: Acc=93.9% | Best=94.7%(@2400)
  from x3: 0.93 0.94 0.94 0.94 0.94 0.94 0.94 0.94 0.94 0.94 0.94 0.94 0.94
  per-rule acc: 0.75 1.00
Epoch 2620 | Train: Loss=0.0056 Acc=100.0% | Test: Acc=94.4% | Best=94.7%(@2400)
  from x3: 0.94 0.95 0.94 0.94 0.94 0.94 0.94 0.94 0.94 0.95 0.95 0.94 0.94
  per-rule acc: 0.77 1.00
Epoch 2640 | Train: Loss=0.0047 Acc=100.0% | Test: Acc=94.3% | Best=94.7%(@2400)
  from x3: 0.94 0.94 0.94 0.94 0.94 0.94 0.94 0.94 0.94 0.94 0.94 0.94 0.94
  per-rule acc: 0.77 1.00
Epoch 2660 | Train: Loss=0.0063 Acc=100.0% | Test: Acc=94.8% | Best=94.8%(@2660)
  from x3: 0.94 0.95 0.95 0.95 0.95 0.95 0.95 0.95 0.95 0.95 0.95 0.95 0.95
  per-rule acc: 0.79 1.00
Epoch 2680 | Train: Loss=0.0054 Acc=100.0% | Test: Acc=95.0% | Best=95.0%(@2680)
  from x3: 0.94 0.95 0.95 0.95 0.95 0.95 0.95 0.95 0.95 0.95 0.95 0.95 0.95
  per-rule acc: 0.79 1.00
Epoch 2700 | Train: Loss=0.0038 Acc=100.0% | Test: Acc=94.4% | Best=95.0%(@2680)
  from x3: 0.94 0.95 0.94 0.94 0.94 0.94 0.94 0.94 0.94 0.94 0.94 0.94 0.94
  per-rule acc: 0.77 1.00
Epoch 2720 | Train: Loss=0.0059 Acc=100.0% | Test: Acc=94.5% | Best=95.0%(@2680)
  from x3: 0.94 0.95 0.95 0.95 0.95 0.95 0.95 0.95 0.95 0.95 0.95 0.95 0.95
  per-rule acc: 0.77 1.00
Epoch 2740 | Train: Loss=0.0122 Acc=99.9% | Test: Acc=94.5% | Best=95.0%(@2680)
  from x3: 0.94 0.95 0.95 0.95 0.95 0.95 0.95 0.95 0.95 0.95 0.95 0.95 0.95
  per-rule acc: 0.78 1.00
Epoch 2760 | Train: Loss=0.0044 Acc=100.0% | Test: Acc=94.2% | Best=95.0%(@2680)
  from x3: 0.93 0.94 0.94 0.94 0.94 0.94 0.94 0.94 0.94 0.94 0.94 0.94 0.94
  per-rule acc: 0.76 1.00
Epoch 2780 | Train: Loss=0.0054 Acc=100.0% | Test: Acc=94.4% | Best=95.0%(@2680)
  from x3: 0.94 0.95 0.94 0.94 0.94 0.94 0.94 0.94 0.94 0.94 0.94 0.94 0.94
  per-rule acc: 0.77 1.00
Epoch 2800 | Train: Loss=0.0054 Acc=100.0% | Test: Acc=94.7% | Best=95.0%(@2680)
  from x3: 0.94 0.95 0.95 0.95 0.95 0.95 0.95 0.95 0.95 0.95 0.95 0.95 0.95
  per-rule acc: 0.78 1.00
Epoch 2820 | Train: Loss=0.0047 Acc=100.0% | Test: Acc=94.0% | Best=95.0%(@2680)
  from x3: 0.94 0.94 0.94 0.94 0.94 0.94 0.94 0.94 0.94 0.94 0.94 0.94 0.94
  per-rule acc: 0.76 1.00
Epoch 2840 | Train: Loss=0.0049 Acc=100.0% | Test: Acc=94.3% | Best=95.0%(@2680)
  from x3: 0.93 0.95 0.94 0.94 0.94 0.94 0.94 0.94 0.94 0.94 0.94 0.94 0.94
  per-rule acc: 0.77 1.00
Epoch 2860 | Train: Loss=0.0092 Acc=99.9% | Test: Acc=94.7% | Best=95.0%(@2680)
  from x3: 0.94 0.95 0.95 0.95 0.95 0.95 0.95 0.95 0.95 0.95 0.95 0.95 0.95
  per-rule acc: 0.78 1.00
Epoch 2880 | Train: Loss=0.0038 Acc=100.0% | Test: Acc=94.4% | Best=95.0%(@2680)
  from x3: 0.94 0.95 0.94 0.94 0.94 0.94 0.94 0.94 0.94 0.95 0.95 0.95 0.95
  per-rule acc: 0.77 1.00
Epoch 2900 | Train: Loss=0.0043 Acc=100.0% | Test: Acc=94.5% | Best=95.0%(@2680)
  from x3: 0.94 0.95 0.95 0.95 0.95 0.95 0.95 0.95 0.95 0.95 0.95 0.95 0.95
  per-rule acc: 0.78 1.00
Epoch 2920 | Train: Loss=0.0030 Acc=100.0% | Test: Acc=94.6% | Best=95.0%(@2680)
  from x3: 0.94 0.95 0.95 0.95 0.95 0.95 0.95 0.95 0.95 0.95 0.95 0.95 0.95
  per-rule acc: 0.78 1.00
Epoch 2940 | Train: Loss=0.0049 Acc=100.0% | Test: Acc=94.6% | Best=95.0%(@2680)
  from x3: 0.94 0.95 0.95 0.95 0.95 0.95 0.95 0.95 0.95 0.95 0.95 0.95 0.95
  per-rule acc: 0.78 1.00
Epoch 2960 | Train: Loss=0.0051 Acc=100.0% | Test: Acc=94.1% | Best=95.0%(@2680)
  from x3: 0.93 0.94 0.94 0.94 0.94 0.94 0.94 0.94 0.94 0.94 0.94 0.94 0.94
  per-rule acc: 0.76 1.00
Epoch 2980 | Train: Loss=0.0049 Acc=100.0% | Test: Acc=94.0% | Best=95.0%(@2680)
  from x3: 0.94 0.94 0.94 0.94 0.94 0.94 0.94 0.94 0.94 0.94 0.94 0.94 0.94
  per-rule acc: 0.76 1.00
Epoch 3000 | Train: Loss=0.0056 Acc=100.0% | Test: Acc=94.5% | Best=95.0%(@2680)
  from x3: 0.94 0.95 0.95 0.95 0.95 0.95 0.95 0.95 0.95 0.95 0.95 0.95 0.95
  per-rule acc: 0.78 1.00
Epoch 3020 | Train: Loss=0.0053 Acc=100.0% | Test: Acc=94.8% | Best=95.0%(@2680)
  from x3: 0.94 0.95 0.95 0.95 0.95 0.95 0.95 0.95 0.95 0.95 0.95 0.95 0.95
  per-rule acc: 0.79 1.00
Epoch 3040 | Train: Loss=0.0072 Acc=100.0% | Test: Acc=94.6% | Best=95.0%(@2680)
  from x3: 0.94 0.95 0.95 0.95 0.95 0.95 0.95 0.95 0.95 0.95 0.95 0.95 0.95
  per-rule acc: 0.78 1.00
Epoch 3060 | Train: Loss=0.0046 Acc=100.0% | Test: Acc=94.6% | Best=95.0%(@2680)
  from x3: 0.94 0.95 0.95 0.95 0.95 0.95 0.95 0.95 0.95 0.95 0.95 0.95 0.95
  per-rule acc: 0.78 1.00
Epoch 3080 | Train: Loss=0.0052 Acc=100.0% | Test: Acc=94.3% | Best=95.0%(@2680)
  from x3: 0.94 0.95 0.94 0.94 0.94 0.94 0.94 0.94 0.94 0.94 0.94 0.94 0.94
  per-rule acc: 0.77 1.00
Epoch 3100 | Train: Loss=0.0058 Acc=100.0% | Test: Acc=94.2% | Best=95.0%(@2680)
  from x3: 0.94 0.94 0.94 0.94 0.94 0.94 0.94 0.94 0.94 0.94 0.94 0.94 0.94
  per-rule acc: 0.76 1.00
Epoch 3120 | Train: Loss=0.0043 Acc=100.0% | Test: Acc=94.2% | Best=95.0%(@2680)
  from x3: 0.93 0.94 0.94 0.94 0.94 0.94 0.94 0.94 0.94 0.94 0.94 0.94 0.94
  per-rule acc: 0.76 1.00
Epoch 3140 | Train: Loss=0.0062 Acc=100.0% | Test: Acc=94.7% | Best=95.0%(@2680)
  from x3: 0.94 0.95 0.95 0.95 0.95 0.95 0.95 0.95 0.95 0.95 0.95 0.95 0.95
  per-rule acc: 0.78 1.00
Epoch 3160 | Train: Loss=0.0057 Acc=100.0% | Test: Acc=94.6% | Best=95.0%(@2680)
  from x3: 0.94 0.95 0.95 0.95 0.95 0.95 0.95 0.95 0.95 0.95 0.95 0.95 0.95
  per-rule acc: 0.78 1.00
Epoch 3180 | Train: Loss=0.0048 Acc=100.0% | Test: Acc=94.7% | Best=95.0%(@2680)
  from x3: 0.94 0.95 0.95 0.95 0.95 0.95 0.95 0.95 0.95 0.95 0.95 0.95 0.95
  per-rule acc: 0.78 1.00
Epoch 3200 | Train: Loss=0.0091 Acc=99.9% | Test: Acc=94.2% | Best=95.0%(@2680)
  from x3: 0.93 0.94 0.94 0.94 0.94 0.94 0.94 0.94 0.94 0.94 0.94 0.94 0.94
  per-rule acc: 0.76 1.00
Epoch 3220 | Train: Loss=0.0052 Acc=100.0% | Test: Acc=94.4% | Best=95.0%(@2680)
  from x3: 0.93 0.95 0.94 0.94 0.94 0.94 0.94 0.94 0.94 0.94 0.94 0.94 0.94
  per-rule acc: 0.77 1.00
Epoch 3240 | Train: Loss=0.0089 Acc=100.0% | Test: Acc=94.5% | Best=95.0%(@2680)
  from x3: 0.94 0.95 0.95 0.95 0.95 0.95 0.95 0.95 0.95 0.95 0.95 0.95 0.95
  per-rule acc: 0.78 1.00
Epoch 3260 | Train: Loss=0.0085 Acc=99.9% | Test: Acc=94.1% | Best=95.0%(@2680)
  from x3: 0.94 0.94 0.94 0.94 0.94 0.94 0.94 0.94 0.94 0.94 0.94 0.94 0.94
  per-rule acc: 0.76 1.00
Epoch 3280 | Train: Loss=0.0046 Acc=100.0% | Test: Acc=94.2% | Best=95.0%(@2680)
  from x3: 0.93 0.94 0.94 0.94 0.94 0.94 0.94 0.94 0.94 0.94 0.94 0.94 0.94
  per-rule acc: 0.76 1.00
Epoch 3300 | Train: Loss=0.0046 Acc=100.0% | Test: Acc=94.4% | Best=95.0%(@2680)
  from x3: 0.94 0.94 0.94 0.94 0.94 0.94 0.94 0.94 0.94 0.94 0.94 0.94 0.94
  per-rule acc: 0.77 1.00
Epoch 3320 | Train: Loss=0.0049 Acc=100.0% | Test: Acc=94.4% | Best=95.0%(@2680)
  from x3: 0.94 0.94 0.95 0.94 0.94 0.94 0.94 0.94 0.94 0.94 0.94 0.94 0.94
  per-rule acc: 0.77 1.00
Epoch 3340 | Train: Loss=0.0050 Acc=100.0% | Test: Acc=94.2% | Best=95.0%(@2680)
  from x3: 0.93 0.94 0.94 0.94 0.94 0.94 0.94 0.94 0.94 0.94 0.94 0.94 0.94
  per-rule acc: 0.76 1.00
Epoch 3360 | Train: Loss=0.0064 Acc=100.0% | Test: Acc=94.3% | Best=95.0%(@2680)
  from x3: 0.94 0.94 0.94 0.94 0.94 0.94 0.94 0.94 0.94 0.94 0.94 0.94 0.94
  per-rule acc: 0.77 1.00
Epoch 3380 | Train: Loss=0.0038 Acc=100.0% | Test: Acc=94.4% | Best=95.0%(@2680)
  from x3: 0.94 0.95 0.94 0.94 0.94 0.94 0.94 0.94 0.94 0.94 0.94 0.94 0.94
  per-rule acc: 0.77 1.00
Epoch 3400 | Train: Loss=0.0041 Acc=100.0% | Test: Acc=94.5% | Best=95.0%(@2680)
  from x3: 0.94 0.95 0.95 0.95 0.95 0.95 0.95 0.95 0.95 0.95 0.95 0.95 0.95
  per-rule acc: 0.78 1.00
Epoch 3420 | Train: Loss=0.0037 Acc=100.0% | Test: Acc=94.3% | Best=95.0%(@2680)
  from x3: 0.94 0.94 0.94 0.94 0.94 0.94 0.94 0.94 0.94 0.94 0.94 0.94 0.94
  per-rule acc: 0.77 1.00
Epoch 3440 | Train: Loss=0.0076 Acc=100.0% | Test: Acc=94.5% | Best=95.0%(@2680)
  from x3: 0.94 0.95 0.95 0.95 0.95 0.95 0.95 0.95 0.95 0.95 0.95 0.95 0.95
  per-rule acc: 0.78 1.00
Epoch 3460 | Train: Loss=0.0034 Acc=100.0% | Test: Acc=94.4% | Best=95.0%(@2680)
  from x3: 0.94 0.94 0.94 0.94 0.94 0.94 0.94 0.94 0.94 0.94 0.94 0.94 0.94
  per-rule acc: 0.77 1.00
Epoch 3480 | Train: Loss=0.0049 Acc=100.0% | Test: Acc=94.2% | Best=95.0%(@2680)
  from x3: 0.94 0.94 0.94 0.94 0.94 0.94 0.94 0.94 0.94 0.94 0.94 0.94 0.94
  per-rule acc: 0.76 1.00
Epoch 3500 | Train: Loss=0.0031 Acc=100.0% | Test: Acc=94.3% | Best=95.0%(@2680)
  from x3: 0.94 0.95 0.94 0.94 0.94 0.94 0.94 0.94 0.94 0.94 0.94 0.94 0.94
  per-rule acc: 0.77 1.00
Epoch 3520 | Train: Loss=0.0048 Acc=100.0% | Test: Acc=94.3% | Best=95.0%(@2680)
  from x3: 0.93 0.94 0.94 0.94 0.94 0.94 0.94 0.94 0.94 0.94 0.94 0.94 0.94
  per-rule acc: 0.77 1.00
Epoch 3540 | Train: Loss=0.0040 Acc=100.0% | Test: Acc=94.5% | Best=95.0%(@2680)
  from x3: 0.94 0.95 0.95 0.95 0.95 0.95 0.95 0.95 0.95 0.95 0.95 0.95 0.95
  per-rule acc: 0.78 1.00
Epoch 3560 | Train: Loss=0.0046 Acc=100.0% | Test: Acc=94.4% | Best=95.0%(@2680)
  from x3: 0.94 0.95 0.94 0.94 0.94 0.94 0.94 0.94 0.94 0.94 0.94 0.94 0.94
  per-rule acc: 0.77 1.00
Epoch 3580 | Train: Loss=0.0048 Acc=100.0% | Test: Acc=94.5% | Best=95.0%(@2680)
  from x3: 0.94 0.95 0.95 0.95 0.95 0.95 0.95 0.95 0.95 0.95 0.95 0.95 0.95
  per-rule acc: 0.78 1.00
Epoch 3600 | Train: Loss=0.0046 Acc=100.0% | Test: Acc=94.3% | Best=95.0%(@2680)
  from x3: 0.93 0.94 0.94 0.94 0.94 0.94 0.94 0.94 0.94 0.94 0.94 0.94 0.94
  per-rule acc: 0.77 1.00
Epoch 3620 | Train: Loss=0.0070 Acc=100.0% | Test: Acc=94.8% | Best=95.0%(@2680)
  from x3: 0.94 0.95 0.95 0.95 0.95 0.95 0.95 0.95 0.95 0.95 0.95 0.95 0.95
  per-rule acc: 0.79 1.00
Epoch 3640 | Train: Loss=0.0040 Acc=100.0% | Test: Acc=94.3% | Best=95.0%(@2680)
  from x3: 0.94 0.94 0.94 0.94 0.94 0.94 0.94 0.94 0.94 0.94 0.94 0.94 0.94
  per-rule acc: 0.77 1.00
Epoch 3660 | Train: Loss=0.0041 Acc=100.0% | Test: Acc=94.4% | Best=95.0%(@2680)
  from x3: 0.94 0.95 0.94 0.94 0.94 0.94 0.94 0.94 0.94 0.94 0.94 0.94 0.94
  per-rule acc: 0.77 1.00
Epoch 3680 | Train: Loss=0.0041 Acc=100.0% | Test: Acc=94.4% | Best=95.0%(@2680)
  from x3: 0.94 0.94 0.94 0.94 0.94 0.94 0.94 0.94 0.94 0.94 0.94 0.94 0.94
  per-rule acc: 0.77 1.00
[Early stop] No improvement for 1000 consecutive epochs

==================================================
Saving model...
[OK] Model saved to: /home/cxm/ai/test0626-unbalanced/models/mixed_cond_d128l1_r8_e80_40.pth
  File size: 1418.0 KB
  Best test accuracy: 94.95%

[Config] SKIP_FINAL_GENERATION_TEST=true, skipping final generation test.

--- Return code: 0 ---

======================================================================
Attention Analysis
======================================================================
Model config: addition (default), p=53
Best test accuracy: 0.9495432038496409
Training epochs: 3680

Random test sequence 1/5 (length 32): [39, 21, 7, 28, 35, 10, 45, 2, 47, 49, 43, 39, 29, 15, 44, 6, 50, 3, 0, 3]...

======================================================================
Attention Layer Training Result Summary
======================================================================
Input sequence: [39, 21, 7, 28, 35, 10, 45, 2, 47, 49, 43, 39, 29, 15, 44, 6, 50, 3, 0, 3, 3, 6, 9, 15, 24, 39, 10, 49, 6, 2, 8, 10]

--- Layer 0 ---
  Head 0: Entropy=1.371
    Attention coefficients from each query position to previous positions:
      i= 0 -> j=0:1.000
      i= 1 -> j=0:0.264, j=1:0.736
      i= 2 -> j=0:0.257, j=1:0.192, j=2:0.551
      i= 3 -> j=0:0.109, j=1:0.198, j=2:0.234, j=3:0.460
      i= 4 -> j=0:0.010, j=1:0.057, j=2:0.157, j=3:0.237, j=4:0.539
      i= 5 -> j=0:0.002, j=1:0.018, j=2:0.088, j=3:0.187, j=4:0.258, j=5:0.446
      i= 6 -> j=0:0.000, j=1:0.000, j=2:0.007, j=3:0.073, j=4:0.321, j=5:0.315, j=6:0.284
      i= 7 -> j=0:0.000, j=1:0.000, j=2:0.000, j=3:0.009, j=4:0.086, j=5:0.272, j=6:0.170, j=7:0.462
      i= 8 -> j=0:0.001, j=1:0.000, j=2:0.000, j=3:0.004, j=4:0.026, j=5:0.143, j=6:0.203, j=7:0.160, j=8:0.463
      i= 9 -> j=0:0.002, j=1:0.000, j=2:0.000, j=3:0.000, j=4:0.000, j=5:0.017, j=6:0.100, j=7:0.196, j=8:0.162, j=9:0.524
      i=10 -> j=0:0.009, j=1:0.004, j=2:0.000, j=3:0.000, j=4:0.000, j=5:0.002, j=6:0.017, j=7:0.149, j=8:0.207, j=9:0.305, j=10:0.305
      i=11 -> j=0:0.001, j=1:0.001, j=2:0.000, j=3:0.000, j=4:0.000, j=5:0.000, j=6:0.000, j=7:0.004, j=8:0.041, j=9:0.192, j=10:0.180, j=11:0.579
      i=12 -> j=0:0.001, j=1:0.002, j=2:0.004, j=3:0.003, j=4:0.000, j=5:0.000, j=6:0.000, j=7:0.000, j=8:0.007, j=9:0.048, j=10:0.119, j=11:0.246, j=12:0.570
      i=13 -> j=0:0.000, j=1:0.000, j=2:0.002, j=3:0.004, j=4:0.001, j=5:0.000, j=6:0.000, j=7:0.000, j=8:0.001, j=9:0.008, j=10:0.055, j=11:0.197, j=12:0.222, j=13:0.511
      i=14 -> j=0:0.000, j=1:0.000, j=2:0.000, j=3:0.002, j=4:0.003, j=5:0.002, j=6:0.000, j=7:0.000, j=8:0.000, j=9:0.000, j=10:0.005, j=11:0.063, j=12:0.201, j=13:0.302, j=14:0.421
      i=15 -> j=0:0.002, j=1:0.001, j=2:0.000, j=3:0.001, j=4:0.002, j=5:0.006, j=6:0.002, j=7:0.000, j=8:0.000, j=9:0.000, j=10:0.000, j=11:0.004, j=12:0.055, j=13:0.159, j=14:0.245, j=15:0.522
      i=16 -> j=0:0.009, j=1:0.006, j=2:0.001, j=3:0.002, j=4:0.002, j=5:0.008, j=6:0.007, j=7:0.004, j=8:0.002, j=9:0.000, j=10:0.000, j=11:0.001, j=12:0.011, j=13:0.059, j=14:0.161, j=15:0.225, j=16:0.502
      i=17 -> j=0:0.004, j=1:0.005, j=2:0.002, j=3:0.001, j=4:0.000, j=5:0.001, j=6:0.002, j=7:0.004, j=8:0.002, j=9:0.000, j=10:0.000, j=11:0.000, j=12:0.000, j=13:0.010, j=14:0.131, j=15:0.189, j=16:0.190, j=17:0.459
      i=18 -> j=0:0.001, j=1:0.001, j=2:0.001, j=3:0.001, j=4:0.000, j=5:0.000, j=6:0.000, j=7:0.000, j=8:0.001, j=9:0.000, j=10:0.000, j=11:0.000, j=12:0.000, j=13:0.000, j=14:0.001, j=15:0.008, j=16:0.044, j=17:0.190, j=18:0.752
      i=19 -> j=0:0.001, j=1:0.001, j=2:0.003, j=3:0.005, j=4:0.002, j=5:0.001, j=6:0.000, j=7:0.000, j=8:0.002, j=9:0.004, j=10:0.001, j=11:0.000, j=12:0.000, j=13:0.000, j=14:0.000, j=15:0.008, j=16:0.066, j=17:0.264, j=18:0.238, j=19:0.404
      i=20 -> j=0:0.001, j=1:0.001, j=2:0.001, j=3:0.004, j=4:0.004, j=5:0.003, j=6:0.000, j=7:0.000, j=8:0.001, j=9:0.002, j=10:0.003, j=11:0.001, j=12:0.000, j=13:0.000, j=14:0.000, j=15:0.000, j=16:0.011, j=17:0.113, j=18:0.251, j=19:0.240, j=20:0.365
      i=21 -> j=0:0.008, j=1:0.004, j=2:0.002, j=3:0.005, j=4:0.006, j=5:0.006, j=6:0.002, j=7:0.001, j=8:0.001, j=9:0.001, j=10:0.002, j=11:0.004, j=12:0.002, j=13:0.000, j=14:0.000, j=15:0.000, j=16:0.002, j=17:0.007, j=18:0.048, j=19:0.140, j=20:0.253, j=21:0.509
      i=22 -> j=0:0.015, j=1:0.006, j=2:0.001, j=3:0.002, j=4:0.002, j=5:0.004, j=6:0.004, j=7:0.002, j=8:0.001, j=9:0.000, j=10:0.001, j=11:0.002, j=12:0.005, j=13:0.002, j=14:0.000, j=15:0.000, j=16:0.000, j=17:0.001, j=18:0.008, j=19:0.101, j=20:0.195, j=21:0.133, j=22:0.516
      i=23 -> j=0:0.012, j=1:0.013, j=2:0.004, j=3:0.002, j=4:0.001, j=5:0.002, j=6:0.003, j=7:0.004, j=8:0.003, j=9:0.001, j=10:0.000, j=11:0.000, j=12:0.002, j=13:0.003, j=14:0.001, j=15:0.000, j=16:0.000, j=17:0.000, j=18:0.000, j=19:0.009, j=20:0.077, j=21:0.138, j=22:0.248, j=23:0.476
      i=24 -> j=0:0.009, j=1:0.030, j=2:0.027, j=3:0.011, j=4:0.004, j=5:0.004, j=6:0.004, j=7:0.015, j=8:0.029, j=9:0.009, j=10:0.002, j=11:0.001, j=12:0.002, j=13:0.007, j=14:0.015, j=15:0.006, j=16:0.003, j=17:0.000, j=18:0.000, j=19:0.004, j=20:0.054, j=21:0.179, j=22:0.207, j=23:0.158, j=24:0.220
      i=25 -> j=0:0.001, j=1:0.004, j=2:0.007, j=3:0.010, j=4:0.004, j=5:0.002, j=6:0.000, j=7:0.001, j=8:0.003, j=9:0.004, j=10:0.001, j=11:0.000, j=12:0.000, j=13:0.000, j=14:0.001, j=15:0.002, j=16:0.002, j=17:0.000, j=18:0.000, j=19:0.000, j=20:0.000, j=21:0.003, j=22:0.052, j=23:0.160, j=24:0.207, j=25:0.536
      i=26 -> j=0:0.008, j=1:0.011, j=2:0.015, j=3:0.039, j=4:0.040, j=5:0.032, j=6:0.006, j=7:0.004, j=8:0.008, j=9:0.017, j=10:0.016, j=11:0.009, j=12:0.004, j=13:0.002, j=14:0.002, j=15:0.008, j=16:0.020, j=17:0.009, j=18:0.001, j=19:0.001, j=20:0.001, j=21:0.002, j=22:0.023, j=23:0.082, j=24:0.148, j=25:0.170, j=26:0.323
      i=27 -> j=0:0.005, j=1:0.002, j=2:0.001, j=3:0.005, j=4:0.011, j=5:0.014, j=6:0.004, j=7:0.001, j=8:0.001, j=9:0.002, j=10:0.004, j=11:0.006, j=12:0.002, j=13:0.000, j=14:0.000, j=15:0.000, j=16:0.004, j=17:0.006, j=18:0.001, j=19:0.000, j=20:0.000, j=21:0.000, j=22:0.001, j=23:0.009, j=24:0.079, j=25:0.211, j=26:0.193, j=27:0.436
      i=28 -> j=0:0.028, j=1:0.011, j=2:0.003, j=3:0.004, j=4:0.004, j=5:0.010, j=6:0.013, j=7:0.007, j=8:0.003, j=9:0.002, j=10:0.003, j=11:0.005, j=12:0.005, j=13:0.001, j=14:0.000, j=15:0.000, j=16:0.002, j=17:0.003, j=18:0.003, j=19:0.002, j=20:0.000, j=21:0.000, j=22:0.000, j=23:0.000, j=24:0.005, j=25:0.033, j=26:0.154, j=27:0.283, j=28:0.416
      i=29 -> j=0:0.025, j=1:0.018, j=2:0.004, j=3:0.003, j=4:0.002, j=5:0.005, j=6:0.011, j=7:0.015, j=8:0.005, j=9:0.002, j=10:0.001, j=11:0.002, j=12:0.004, j=13:0.004, j=14:0.001, j=15:0.000, j=16:0.001, j=17:0.001, j=18:0.002, j=19:0.005, j=20:0.002, j=21:0.000, j=22:0.000, j=23:0.000, j=24:0.001, j=25:0.007, j=26:0.090, j=27:0.195, j=28:0.174, j=29:0.421
      i=30 -> j=0:0.002, j=1:0.004, j=2:0.003, j=3:0.001, j=4:0.000, j=5:0.001, j=6:0.001, j=7:0.008, j=8:0.008, j=9:0.002, j=10:0.000, j=11:0.000, j=12:0.000, j=13:0.002, j=14:0.003, j=15:0.001, j=16:0.001, j=17:0.000, j=18:0.000, j=19:0.002, j=20:0.005, j=21:0.001, j=22:0.000, j=23:0.000, j=24:0.000, j=25:0.000, j=26:0.028, j=27:0.393, j=28:0.190, j=29:0.044, j=30:0.296
      i=31 -> j=0:0.012, j=1:0.022, j=2:0.029, j=3:0.029, j=4:0.015, j=5:0.012, j=6:0.006, j=7:0.014, j=8:0.033, j=9:0.037, j=10:0.016, j=11:0.006, j=12:0.004, j=13:0.005, j=14:0.010, j=15:0.016, j=16:0.015, j=17:0.004, j=18:0.002, j=19:0.004, j=20:0.010, j=21:0.010, j=22:0.008, j=23:0.001, j=24:0.001, j=25:0.000, j=26:0.003, j=27:0.017, j=28:0.063, j=29:0.129, j=30:0.185, j=31:0.280
    Average attention per distance:
      d=0:0.478, d=1:0.214, d=2:0.188, d=3:0.091, d=4:0.012, d=22:0.019, d=23:0.018, d=28:0.019
      d=29:0.019, d=30:0.012, d=31:0.012


======================================================================
QK Property Verification (Raw Scores, before Softmax)
======================================================================
Recurrence order init_len=2, num test sequences=1

--- [P1] Long-distance Orthogonality Verification ---
Ideal: raw_score mean ≈ 0 and small std when d > init_len

  Layer 0, Head 0:
    d= 1 (effective): mean=  1.573, std= 0.402, n=31
    d= 2 (effective): mean=  1.477, std= 0.603, n=30
    d>2 (long-distance): mean= -3.065, std= 1.987, n=435

--- [P2] Time-homogeneous Verification ---
Ideal: CV of raw_score across positions i ≈ 0 for fixed distance d
(CV = std / |mean|, smaller = more constant)

  Layer 0, Head 0:
    d= 1: mean=  1.573, std= 0.402, CV=0.256, n=31
    d= 2: mean=  1.477, std= 0.603, CV=0.408, n=30

======================================================================
QK Property Verification Completed
======================================================================
