=== Experiment: mixed_basic_d1024l4_r16_e40_80 ===
Time: 2026-06-26T05:33:11.849809
Task type: mixed_ab
Merged config: {
  "P": 53,
  "TASK": "mixed_ab",
  "NUM_MASK": 0,
  "A": 1,
  "B": 1,
  "AB_PAIRS": [
    [
      1,
      1
    ],
    [
      1,
      2
    ]
  ],
  "D_MODEL": 1024,
  "N_HEAD": 1,
  "N_LAYER": 4,
  "BATCH_SIZE": 128,
  "EPOCHS": 10000,
  "LR": 0.0003,
  "SAVE_PATH": "models/mixed_basic_d1024l4_r16_e40_80.pth",
  "USE_GREEDY_GENERATE": true,
  "USE_LEARNABLE_PE": false,
  "MLP_RATIO": 16,
  "TRAIN_LEN": 16,
  "OOD_LEN": 32,
  "DROPOUT": 0.0,
  "TARGET_INIT_COVERAGE": 0.5,
  "MAX_UNIQUE_RATIO": 0.5,
  "WEIGHT_DECAY": 1,
  "ENTROPY_PENALTY_WEIGHT": 0.0,
  "FIRST_TASK_WEIGHT": 1.0,
  "RANDOM_SEED": 42,
  "EVAL_INTERVAL": 20,
  "EARLY_STOP_NO_IMPROVE": 1000,
  "EARLY_STOP_ACCURACY": 0.99,
  "SKIP_FINAL_GENERATION_TEST": true,
  "USE_AB_TAG": false,
  "USE_CONDITIONAL_WTE": false,
  "COND_WTE_SHARED_RATIO": 0.0,
  "MIXED_AB_MAX_UNIQUE_RATIOS": [
    0.4,
    0.8
  ]
}
--- output ---
Using device: cuda

[Dataset] Mixed mode: generated 3476 + 2142 samples, length 16
AB parameter pairs: [(1, 1), (1, 2)]
  - AB=(1,1): train 1188 | test 1621 | exposed ~42.3%
  - AB=(1,2): train 2288 | test 521 | exposed ~81.5%
--------------------------------------------------
[Model config] block_size: 32, train length: 16
[Number theory] AB parameter pairs: [(1, 1), (1, 2)]


Model parameters: 151.68M

Start training...
Epoch   0 | Train: Loss=4.3573 Acc=3.7% | Test: Acc=0.8% | Best=0.8%(@0)
  from x3: 0.01 0.01 0.01 0.01 0.01 0.01 0.01 0.01 0.01 0.01 0.01 0.01 0.01
  per-rule acc: 0.01 0.00
Epoch  20 | Train: Loss=0.0168 Acc=99.7% | Test: Acc=2.7% | Best=2.7%(@20)
  from x3: 0.02 0.03 0.03 0.03 0.03 0.03 0.03 0.03 0.03 0.03 0.03 0.03 0.03
  per-rule acc: 0.03 0.01
Epoch  40 | Train: Loss=0.0211 Acc=99.6% | Test: Acc=3.3% | Best=3.3%(@40)
  from x3: 0.03 0.03 0.03 0.03 0.04 0.03 0.03 0.03 0.03 0.03 0.04 0.03 0.04
  per-rule acc: 0.04 0.01
Epoch  60 | Train: Loss=0.0141 Acc=99.7% | Test: Acc=2.9% | Best=3.3%(@40)
  from x3: 0.02 0.03 0.03 0.03 0.03 0.03 0.03 0.03 0.03 0.03 0.03 0.03 0.03
  per-rule acc: 0.04 0.01
Epoch  80 | Train: Loss=0.0137 Acc=99.8% | Test: Acc=4.1% | Best=4.1%(@80)
  from x3: 0.04 0.04 0.04 0.04 0.04 0.04 0.04 0.04 0.04 0.04 0.04 0.04 0.04
  per-rule acc: 0.05 0.00
Epoch 100 | Train: Loss=0.0028 Acc=99.9% | Test: Acc=3.4% | Best=4.1%(@80)
  from x3: 0.02 0.03 0.04 0.04 0.04 0.03 0.03 0.04 0.03 0.03 0.03 0.03 0.03
  per-rule acc: 0.04 0.01
Epoch 120 | Train: Loss=0.0090 Acc=99.8% | Test: Acc=4.1% | Best=4.1%(@120)
  from x3: 0.03 0.05 0.04 0.04 0.04 0.04 0.04 0.04 0.04 0.04 0.04 0.04 0.04
  per-rule acc: 0.05 0.01
Epoch 140 | Train: Loss=0.0031 Acc=99.9% | Test: Acc=3.7% | Best=4.1%(@120)
  from x3: 0.02 0.04 0.04 0.04 0.04 0.04 0.04 0.04 0.04 0.04 0.04 0.04 0.03
  per-rule acc: 0.05 0.01
Epoch 160 | Train: Loss=0.0091 Acc=99.8% | Test: Acc=4.4% | Best=4.4%(@160)
  from x3: 0.03 0.05 0.05 0.04 0.04 0.05 0.04 0.05 0.04 0.04 0.05 0.05 0.04
  per-rule acc: 0.05 0.01
Epoch 180 | Train: Loss=0.0066 Acc=99.8% | Test: Acc=5.1% | Best=5.1%(@180)
  from x3: 0.04 0.05 0.06 0.06 0.05 0.05 0.05 0.05 0.05 0.05 0.05 0.05 0.05
  per-rule acc: 0.06 0.01
Epoch 200 | Train: Loss=0.0020 Acc=99.9% | Test: Acc=2.9% | Best=5.1%(@180)
  from x3: 0.02 0.03 0.04 0.04 0.03 0.03 0.03 0.03 0.03 0.03 0.03 0.03 0.03
  per-rule acc: 0.03 0.01
Epoch 220 | Train: Loss=4.2945 Acc=2.1% | Test: Acc=1.7% | Best=5.1%(@180)
  from x3: 0.02 0.02 0.02 0.02 0.02 0.02 0.02 0.02 0.02 0.02 0.02 0.02 0.02
  per-rule acc: 0.02 0.02
Epoch 240 | Train: Loss=0.0419 Acc=99.5% | Test: Acc=12.7% | Best=12.7%(@240)
  from x3: 0.13 0.13 0.12 0.13 0.12 0.13 0.13 0.13 0.13 0.13 0.13 0.13 0.12
  per-rule acc: 0.16 0.02
Epoch 260 | Train: Loss=0.0038 Acc=99.9% | Test: Acc=9.1% | Best=12.7%(@240)
  from x3: 0.09 0.09 0.09 0.09 0.09 0.09 0.09 0.09 0.09 0.09 0.09 0.09 0.09
  per-rule acc: 0.12 0.01
Epoch 280 | Train: Loss=0.0084 Acc=99.8% | Test: Acc=10.4% | Best=12.7%(@240)
  from x3: 0.11 0.10 0.11 0.11 0.11 0.11 0.11 0.10 0.10 0.10 0.10 0.10 0.10
  per-rule acc: 0.13 0.01
Epoch 300 | Train: Loss=0.0033 Acc=99.9% | Test: Acc=7.9% | Best=12.7%(@240)
  from x3: 0.08 0.07 0.08 0.08 0.08 0.08 0.08 0.08 0.08 0.08 0.08 0.08 0.08
  per-rule acc: 0.10 0.01
Epoch 320 | Train: Loss=0.0022 Acc=99.9% | Test: Acc=10.0% | Best=12.7%(@240)
  from x3: 0.10 0.11 0.11 0.10 0.10 0.10 0.10 0.10 0.10 0.10 0.10 0.10 0.09
  per-rule acc: 0.12 0.03
Epoch 340 | Train: Loss=0.3028 Acc=97.8% | Test: Acc=10.4% | Best=12.7%(@240)
  from x3: 0.10 0.11 0.11 0.10 0.10 0.10 0.11 0.10 0.11 0.11 0.10 0.10 0.10
  per-rule acc: 0.13 0.03
Epoch 360 | Train: Loss=0.0025 Acc=99.9% | Test: Acc=8.9% | Best=12.7%(@240)
  from x3: 0.09 0.09 0.09 0.09 0.09 0.09 0.09 0.09 0.09 0.09 0.09 0.09 0.09
  per-rule acc: 0.11 0.03
Epoch 380 | Train: Loss=0.0034 Acc=99.9% | Test: Acc=11.9% | Best=12.7%(@240)
  from x3: 0.11 0.12 0.12 0.12 0.12 0.12 0.12 0.12 0.12 0.12 0.12 0.12 0.11
  per-rule acc: 0.14 0.06
Epoch 400 | Train: Loss=0.0025 Acc=99.9% | Test: Acc=8.3% | Best=12.7%(@240)
  from x3: 0.09 0.08 0.09 0.09 0.09 0.09 0.08 0.08 0.08 0.08 0.08 0.08 0.07
  per-rule acc: 0.10 0.04
Epoch 420 | Train: Loss=0.0020 Acc=99.9% | Test: Acc=11.0% | Best=12.7%(@240)
  from x3: 0.12 0.11 0.11 0.11 0.11 0.11 0.11 0.12 0.11 0.11 0.11 0.10 0.10
  per-rule acc: 0.12 0.08
Epoch 440 | Train: Loss=0.1870 Acc=98.4% | Test: Acc=12.8% | Best=12.8%(@440)
  from x3: 0.13 0.13 0.13 0.13 0.13 0.13 0.13 0.13 0.13 0.13 0.13 0.13 0.12
  per-rule acc: 0.15 0.07
Epoch 460 | Train: Loss=0.0022 Acc=99.9% | Test: Acc=11.4% | Best=12.8%(@440)
  from x3: 0.12 0.12 0.12 0.11 0.12 0.11 0.11 0.11 0.11 0.11 0.11 0.11 0.11
  per-rule acc: 0.12 0.10
Epoch 480 | Train: Loss=0.0016 Acc=99.9% | Test: Acc=14.4% | Best=14.4%(@480)
  from x3: 0.15 0.14 0.15 0.14 0.15 0.15 0.15 0.14 0.14 0.14 0.14 0.14 0.14
  per-rule acc: 0.14 0.15
Epoch 500 | Train: Loss=0.4692 Acc=98.0% | Test: Acc=13.1% | Best=14.4%(@480)
  from x3: 0.12 0.13 0.13 0.13 0.13 0.13 0.13 0.13 0.13 0.13 0.13 0.13 0.13
  per-rule acc: 0.14 0.10
Epoch 520 | Train: Loss=0.0019 Acc=99.9% | Test: Acc=15.9% | Best=15.9%(@520)
  from x3: 0.18 0.16 0.16 0.16 0.16 0.16 0.16 0.16 0.16 0.15 0.16 0.16 0.15
  per-rule acc: 0.14 0.23
Epoch 540 | Train: Loss=0.0057 Acc=99.9% | Test: Acc=21.7% | Best=21.7%(@540)
  from x3: 0.20 0.22 0.22 0.22 0.22 0.22 0.22 0.22 0.22 0.22 0.22 0.22 0.21
  per-rule acc: 0.20 0.27
Epoch 560 | Train: Loss=0.0020 Acc=99.9% | Test: Acc=20.9% | Best=21.7%(@540)
  from x3: 0.20 0.21 0.21 0.21 0.21 0.21 0.21 0.21 0.21 0.21 0.21 0.21 0.21
  per-rule acc: 0.16 0.35
Epoch 580 | Train: Loss=0.0018 Acc=99.9% | Test: Acc=23.0% | Best=23.0%(@580)
  from x3: 0.24 0.22 0.23 0.23 0.23 0.23 0.23 0.23 0.23 0.23 0.23 0.23 0.23
  per-rule acc: 0.20 0.33
Epoch 600 | Train: Loss=0.0022 Acc=99.9% | Test: Acc=22.1% | Best=23.0%(@580)
  from x3: 0.22 0.23 0.23 0.22 0.22 0.22 0.22 0.22 0.22 0.22 0.22 0.22 0.21
  per-rule acc: 0.17 0.39
Epoch 620 | Train: Loss=0.0018 Acc=99.9% | Test: Acc=27.2% | Best=27.2%(@620)
  from x3: 0.27 0.27 0.27 0.27 0.28 0.27 0.27 0.27 0.27 0.27 0.27 0.27 0.27
  per-rule acc: 0.22 0.45
Epoch 640 | Train: Loss=0.0022 Acc=99.9% | Test: Acc=26.4% | Best=27.2%(@620)
  from x3: 0.25 0.27 0.26 0.26 0.26 0.27 0.27 0.27 0.26 0.26 0.26 0.26 0.26
  per-rule acc: 0.19 0.50
Epoch 660 | Train: Loss=0.0018 Acc=99.9% | Test: Acc=31.1% | Best=31.1%(@660)
  from x3: 0.31 0.31 0.31 0.31 0.31 0.31 0.31 0.31 0.31 0.31 0.31 0.31 0.31
  per-rule acc: 0.24 0.54
Epoch 680 | Train: Loss=0.0022 Acc=99.9% | Test: Acc=30.4% | Best=31.1%(@660)
  from x3: 0.28 0.30 0.31 0.31 0.31 0.31 0.31 0.31 0.31 0.30 0.30 0.30 0.30
  per-rule acc: 0.22 0.58
Epoch 700 | Train: Loss=0.0016 Acc=99.9% | Test: Acc=36.8% | Best=36.8%(@700)
  from x3: 0.34 0.36 0.37 0.37 0.37 0.37 0.37 0.37 0.37 0.37 0.37 0.37 0.37
  per-rule acc: 0.29 0.62
Epoch 720 | Train: Loss=0.0021 Acc=99.9% | Test: Acc=34.6% | Best=36.8%(@700)
  from x3: 0.32 0.35 0.35 0.35 0.35 0.35 0.35 0.35 0.35 0.35 0.35 0.35 0.35
  per-rule acc: 0.25 0.65
Epoch 740 | Train: Loss=0.0016 Acc=99.9% | Test: Acc=37.9% | Best=37.9%(@740)
  from x3: 0.36 0.38 0.38 0.38 0.38 0.38 0.38 0.38 0.38 0.38 0.38 0.37 0.38
  per-rule acc: 0.30 0.63
Epoch 760 | Train: Loss=0.0021 Acc=99.9% | Test: Acc=37.2% | Best=37.9%(@740)
  from x3: 0.34 0.38 0.37 0.37 0.37 0.38 0.38 0.37 0.37 0.37 0.37 0.37 0.37
  per-rule acc: 0.27 0.69
Epoch 780 | Train: Loss=0.0016 Acc=99.9% | Test: Acc=41.2% | Best=41.2%(@780)
  from x3: 0.38 0.41 0.42 0.42 0.41 0.42 0.41 0.41 0.41 0.41 0.42 0.41 0.41
  per-rule acc: 0.34 0.65
Epoch 800 | Train: Loss=0.0020 Acc=99.9% | Test: Acc=40.6% | Best=41.2%(@780)
  from x3: 0.36 0.41 0.41 0.42 0.41 0.41 0.41 0.41 0.41 0.41 0.41 0.40 0.40
  per-rule acc: 0.31 0.71
Epoch 820 | Train: Loss=0.0016 Acc=99.9% | Test: Acc=45.3% | Best=45.3%(@820)
  from x3: 0.41 0.44 0.46 0.46 0.46 0.46 0.46 0.46 0.46 0.46 0.46 0.46 0.46
  per-rule acc: 0.38 0.70
Epoch 840 | Train: Loss=0.0020 Acc=99.9% | Test: Acc=44.1% | Best=45.3%(@820)
  from x3: 0.39 0.44 0.44 0.44 0.44 0.45 0.44 0.44 0.45 0.45 0.45 0.45 0.44
  per-rule acc: 0.34 0.74
Epoch 860 | Train: Loss=0.0023 Acc=99.9% | Test: Acc=49.5% | Best=49.5%(@860)
  from x3: 0.47 0.49 0.50 0.49 0.50 0.50 0.50 0.50 0.50 0.50 0.50 0.50 0.50
  per-rule acc: 0.43 0.70
Epoch 880 | Train: Loss=0.0018 Acc=99.9% | Test: Acc=48.8% | Best=49.5%(@860)
  from x3: 0.43 0.49 0.49 0.49 0.49 0.49 0.49 0.49 0.49 0.49 0.49 0.49 0.49
  per-rule acc: 0.40 0.77
Epoch 900 | Train: Loss=0.0021 Acc=99.9% | Test: Acc=51.8% | Best=51.8%(@900)
  from x3: 0.49 0.51 0.52 0.52 0.52 0.52 0.52 0.52 0.52 0.52 0.52 0.52 0.52
  per-rule acc: 0.43 0.78
Epoch 920 | Train: Loss=0.0019 Acc=99.9% | Test: Acc=50.1% | Best=51.8%(@900)
  from x3: 0.45 0.50 0.51 0.51 0.51 0.51 0.51 0.51 0.51 0.51 0.51 0.51 0.51
  per-rule acc: 0.40 0.83
Epoch 940 | Train: Loss=0.0025 Acc=99.9% | Test: Acc=52.7% | Best=52.7%(@940)
  from x3: 0.49 0.52 0.53 0.53 0.53 0.53 0.53 0.53 0.53 0.53 0.53 0.53 0.53
  per-rule acc: 0.45 0.76
Epoch 960 | Train: Loss=0.0018 Acc=99.9% | Test: Acc=53.3% | Best=53.3%(@960)
  from x3: 0.47 0.53 0.54 0.54 0.54 0.54 0.54 0.54 0.54 0.54 0.54 0.54 0.54
  per-rule acc: 0.43 0.85
Epoch 980 | Train: Loss=0.0118 Acc=99.9% | Test: Acc=53.7% | Best=53.7%(@980)
  from x3: 0.51 0.53 0.54 0.54 0.54 0.54 0.54 0.54 0.54 0.54 0.54 0.54 0.54
  per-rule acc: 0.46 0.76
Epoch 1000 | Train: Loss=0.0017 Acc=99.9% | Test: Acc=56.4% | Best=56.4%(@1000)
  from x3: 0.50 0.56 0.57 0.57 0.57 0.57 0.57 0.57 0.57 0.57 0.57 0.57 0.57
  per-rule acc: 0.46 0.88
Epoch 1020 | Train: Loss=0.0192 Acc=99.8% | Test: Acc=54.2% | Best=56.4%(@1000)
  from x3: 0.51 0.54 0.55 0.55 0.55 0.55 0.55 0.54 0.55 0.55 0.54 0.54 0.54
  per-rule acc: 0.48 0.74
Epoch 1040 | Train: Loss=0.0017 Acc=99.9% | Test: Acc=58.3% | Best=58.3%(@1040)
  from x3: 0.52 0.58 0.59 0.59 0.59 0.59 0.59 0.59 0.59 0.59 0.59 0.59 0.59
  per-rule acc: 0.49 0.87
Epoch 1060 | Train: Loss=0.0020 Acc=99.9% | Test: Acc=58.6% | Best=58.6%(@1060)
  from x3: 0.50 0.58 0.59 0.59 0.59 0.59 0.59 0.59 0.60 0.60 0.59 0.60 0.59
  per-rule acc: 0.49 0.89
Epoch 1080 | Train: Loss=0.0015 Acc=99.9% | Test: Acc=59.8% | Best=59.8%(@1080)
  from x3: 0.55 0.59 0.60 0.60 0.60 0.61 0.60 0.60 0.60 0.60 0.60 0.60 0.60
  per-rule acc: 0.51 0.86
Epoch 1100 | Train: Loss=0.0020 Acc=99.9% | Test: Acc=60.6% | Best=60.6%(@1100)
  from x3: 0.52 0.61 0.61 0.61 0.61 0.61 0.61 0.61 0.61 0.61 0.62 0.61 0.61
  per-rule acc: 0.51 0.90
Epoch 1120 | Train: Loss=0.0015 Acc=99.9% | Test: Acc=60.9% | Best=60.9%(@1120)
  from x3: 0.55 0.60 0.61 0.62 0.62 0.61 0.61 0.61 0.61 0.61 0.61 0.62 0.61
  per-rule acc: 0.52 0.87
Epoch 1140 | Train: Loss=0.0019 Acc=99.9% | Test: Acc=60.8% | Best=60.9%(@1120)
  from x3: 0.54 0.61 0.61 0.61 0.61 0.61 0.61 0.61 0.61 0.61 0.62 0.62 0.62
  per-rule acc: 0.51 0.91
Epoch 1160 | Train: Loss=0.0015 Acc=99.9% | Test: Acc=62.9% | Best=62.9%(@1160)
  from x3: 0.58 0.63 0.64 0.63 0.64 0.64 0.63 0.63 0.63 0.63 0.63 0.63 0.63
  per-rule acc: 0.55 0.87
Epoch 1180 | Train: Loss=0.0019 Acc=99.9% | Test: Acc=64.1% | Best=64.1%(@1180)
  from x3: 0.56 0.65 0.64 0.65 0.65 0.65 0.65 0.65 0.65 0.65 0.65 0.65 0.65
  per-rule acc: 0.55 0.92
Epoch 1200 | Train: Loss=0.0015 Acc=99.9% | Test: Acc=65.1% | Best=65.1%(@1200)
  from x3: 0.59 0.65 0.65 0.66 0.66 0.66 0.66 0.66 0.66 0.66 0.66 0.65 0.66
  per-rule acc: 0.57 0.90
Epoch 1220 | Train: Loss=0.0019 Acc=99.9% | Test: Acc=65.1% | Best=65.1%(@1200)
  from x3: 0.57 0.65 0.66 0.66 0.66 0.66 0.66 0.66 0.66 0.66 0.66 0.66 0.65
  per-rule acc: 0.56 0.93
Epoch 1240 | Train: Loss=0.0015 Acc=99.9% | Test: Acc=64.8% | Best=65.1%(@1200)
  from x3: 0.60 0.65 0.65 0.65 0.66 0.66 0.65 0.65 0.65 0.65 0.65 0.65 0.65
  per-rule acc: 0.57 0.89
Epoch 1260 | Train: Loss=0.0018 Acc=99.9% | Test: Acc=66.1% | Best=66.1%(@1260)
  from x3: 0.57 0.67 0.67 0.67 0.67 0.67 0.67 0.67 0.67 0.67 0.67 0.67 0.67
  per-rule acc: 0.58 0.92
Epoch 1280 | Train: Loss=0.0033 Acc=99.9% | Test: Acc=65.1% | Best=66.1%(@1260)
  from x3: 0.61 0.64 0.66 0.65 0.66 0.66 0.65 0.65 0.65 0.65 0.65 0.65 0.65
  per-rule acc: 0.58 0.86
Epoch 1300 | Train: Loss=0.0017 Acc=99.9% | Test: Acc=67.4% | Best=67.4%(@1300)
  from x3: 0.59 0.68 0.68 0.68 0.68 0.69 0.68 0.68 0.68 0.68 0.68 0.68 0.68
  per-rule acc: 0.59 0.93
Epoch 1320 | Train: Loss=0.0019 Acc=99.9% | Test: Acc=67.7% | Best=67.7%(@1320)
  from x3: 0.63 0.67 0.68 0.68 0.68 0.68 0.68 0.68 0.68 0.68 0.68 0.68 0.68
  per-rule acc: 0.61 0.89
Epoch 1340 | Train: Loss=0.0017 Acc=99.9% | Test: Acc=69.6% | Best=69.6%(@1340)
  from x3: 0.61 0.70 0.70 0.70 0.70 0.71 0.70 0.70 0.70 0.70 0.70 0.70 0.70
  per-rule acc: 0.62 0.94
Epoch 1360 | Train: Loss=0.0116 Acc=99.9% | Test: Acc=65.6% | Best=69.6%(@1340)
  from x3: 0.61 0.66 0.66 0.66 0.66 0.66 0.66 0.66 0.66 0.66 0.66 0.66 0.66
  per-rule acc: 0.60 0.83
Epoch 1380 | Train: Loss=0.0016 Acc=99.9% | Test: Acc=70.7% | Best=70.7%(@1380)
  from x3: 0.64 0.71 0.71 0.72 0.71 0.71 0.71 0.71 0.71 0.71 0.71 0.71 0.71
  per-rule acc: 0.63 0.94
Epoch 1400 | Train: Loss=0.0981 Acc=98.7% | Test: Acc=59.0% | Best=70.7%(@1380)
  from x3: 0.55 0.59 0.60 0.60 0.60 0.59 0.60 0.59 0.59 0.59 0.59 0.59 0.59
  per-rule acc: 0.54 0.75
Epoch 1420 | Train: Loss=0.0015 Acc=99.9% | Test: Acc=71.1% | Best=71.1%(@1420)
  from x3: 0.64 0.71 0.71 0.71 0.72 0.72 0.72 0.72 0.72 0.72 0.72 0.72 0.72
  per-rule acc: 0.64 0.95
Epoch 1440 | Train: Loss=0.0024 Acc=99.9% | Test: Acc=71.8% | Best=71.8%(@1440)
  from x3: 0.62 0.72 0.73 0.73 0.73 0.73 0.73 0.73 0.73 0.73 0.73 0.73 0.73
  per-rule acc: 0.65 0.93
Epoch 1460 | Train: Loss=0.0015 Acc=99.9% | Test: Acc=72.6% | Best=72.6%(@1460)
  from x3: 0.65 0.73 0.73 0.73 0.73 0.73 0.73 0.73 0.73 0.73 0.73 0.73 0.73
  per-rule acc: 0.66 0.94
Epoch 1480 | Train: Loss=0.0019 Acc=99.9% | Test: Acc=75.0% | Best=75.0%(@1480)
  from x3: 0.64 0.75 0.76 0.76 0.76 0.76 0.76 0.76 0.76 0.76 0.76 0.76 0.76
  per-rule acc: 0.68 0.96
Epoch 1500 | Train: Loss=0.0013 Acc=99.9% | Test: Acc=73.9% | Best=75.0%(@1480)
  from x3: 0.69 0.74 0.75 0.75 0.75 0.74 0.74 0.75 0.74 0.74 0.74 0.74 0.74
  per-rule acc: 0.67 0.94
Epoch 1520 | Train: Loss=0.0018 Acc=99.9% | Test: Acc=76.1% | Best=76.1%(@1520)
  from x3: 0.68 0.76 0.77 0.77 0.77 0.77 0.77 0.77 0.77 0.77 0.77 0.76 0.77
  per-rule acc: 0.70 0.97
Epoch 1540 | Train: Loss=0.0013 Acc=99.9% | Test: Acc=75.5% | Best=76.1%(@1520)
  from x3: 0.69 0.76 0.76 0.76 0.76 0.76 0.76 0.76 0.76 0.76 0.76 0.76 0.76
  per-rule acc: 0.69 0.95
Epoch 1560 | Train: Loss=0.0018 Acc=99.9% | Test: Acc=77.0% | Best=77.0%(@1560)
  from x3: 0.68 0.77 0.78 0.78 0.78 0.78 0.78 0.78 0.78 0.78 0.78 0.78 0.78
  per-rule acc: 0.71 0.96
Epoch 1580 | Train: Loss=0.0017 Acc=99.9% | Test: Acc=76.4% | Best=77.0%(@1560)
  from x3: 0.71 0.77 0.77 0.77 0.77 0.77 0.77 0.77 0.77 0.77 0.77 0.77 0.77
  per-rule acc: 0.71 0.93
Epoch 1600 | Train: Loss=0.0016 Acc=99.9% | Test: Acc=78.3% | Best=78.3%(@1600)
  from x3: 0.71 0.79 0.79 0.79 0.79 0.79 0.79 0.79 0.79 0.79 0.79 0.79 0.79
  per-rule acc: 0.73 0.96
Epoch 1620 | Train: Loss=0.0018 Acc=99.9% | Test: Acc=80.4% | Best=80.4%(@1620)
  from x3: 0.70 0.80 0.81 0.81 0.81 0.81 0.81 0.81 0.81 0.81 0.81 0.82 0.81
  per-rule acc: 0.75 0.97
Epoch 1640 | Train: Loss=0.0013 Acc=99.9% | Test: Acc=79.1% | Best=80.4%(@1620)
  from x3: 0.72 0.79 0.80 0.80 0.80 0.80 0.80 0.80 0.80 0.80 0.80 0.80 0.80
  per-rule acc: 0.74 0.96
Epoch 1660 | Train: Loss=0.0018 Acc=99.9% | Test: Acc=80.5% | Best=80.5%(@1660)
  from x3: 0.72 0.81 0.81 0.81 0.81 0.82 0.81 0.81 0.81 0.81 0.81 0.81 0.81
  per-rule acc: 0.75 0.97
Epoch 1680 | Train: Loss=0.0012 Acc=99.9% | Test: Acc=79.1% | Best=80.5%(@1660)
  from x3: 0.74 0.79 0.79 0.79 0.80 0.80 0.80 0.79 0.79 0.80 0.80 0.80 0.80
  per-rule acc: 0.74 0.95
Epoch 1700 | Train: Loss=0.0017 Acc=99.9% | Test: Acc=81.4% | Best=81.4%(@1700)
  from x3: 0.74 0.82 0.82 0.82 0.82 0.82 0.82 0.82 0.82 0.82 0.82 0.82 0.82
  per-rule acc: 0.76 0.97
Epoch 1720 | Train: Loss=0.0013 Acc=99.9% | Test: Acc=80.3% | Best=81.4%(@1700)
  from x3: 0.75 0.80 0.81 0.81 0.81 0.81 0.81 0.81 0.81 0.81 0.81 0.81 0.81
  per-rule acc: 0.76 0.95
Epoch 1740 | Train: Loss=0.0017 Acc=99.9% | Test: Acc=82.1% | Best=82.1%(@1740)
  from x3: 0.74 0.82 0.83 0.83 0.83 0.83 0.83 0.83 0.83 0.83 0.83 0.83 0.83
  per-rule acc: 0.77 0.97
Epoch 1760 | Train: Loss=0.0098 Acc=99.9% | Test: Acc=76.2% | Best=82.1%(@1740)
  from x3: 0.71 0.77 0.77 0.77 0.77 0.77 0.77 0.77 0.76 0.76 0.77 0.76 0.77
  per-rule acc: 0.71 0.93
Epoch 1780 | Train: Loss=0.0014 Acc=99.9% | Test: Acc=81.4% | Best=82.1%(@1740)
  from x3: 0.75 0.82 0.82 0.82 0.82 0.82 0.82 0.82 0.82 0.82 0.82 0.82 0.82
  per-rule acc: 0.76 0.97
Epoch 1800 | Train: Loss=0.0018 Acc=99.9% | Test: Acc=83.7% | Best=83.7%(@1800)
  from x3: 0.76 0.83 0.84 0.84 0.84 0.85 0.85 0.85 0.85 0.85 0.85 0.84 0.84
  per-rule acc: 0.79 0.97
Epoch 1820 | Train: Loss=0.0012 Acc=99.9% | Test: Acc=82.2% | Best=83.7%(@1800)
  from x3: 0.75 0.83 0.83 0.83 0.83 0.83 0.83 0.82 0.83 0.83 0.83 0.83 0.83
  per-rule acc: 0.78 0.96
Epoch 1840 | Train: Loss=0.0017 Acc=99.9% | Test: Acc=84.5% | Best=84.5%(@1840)
  from x3: 0.76 0.85 0.85 0.85 0.85 0.85 0.85 0.85 0.85 0.85 0.85 0.85 0.86
  per-rule acc: 0.80 0.97
Epoch 1860 | Train: Loss=0.0013 Acc=99.9% | Test: Acc=82.2% | Best=84.5%(@1840)
  from x3: 0.76 0.83 0.82 0.83 0.83 0.83 0.83 0.83 0.83 0.83 0.83 0.83 0.83
  per-rule acc: 0.78 0.96
Epoch 1880 | Train: Loss=0.0018 Acc=99.9% | Test: Acc=84.4% | Best=84.5%(@1840)
  from x3: 0.76 0.85 0.85 0.85 0.85 0.85 0.85 0.85 0.85 0.85 0.85 0.85 0.85
  per-rule acc: 0.80 0.97
Epoch 1900 | Train: Loss=0.0012 Acc=99.9% | Test: Acc=83.1% | Best=84.5%(@1840)
  from x3: 0.77 0.83 0.83 0.84 0.84 0.84 0.84 0.84 0.84 0.84 0.84 0.84 0.83
  per-rule acc: 0.79 0.96
Epoch 1920 | Train: Loss=0.0017 Acc=99.9% | Test: Acc=85.0% | Best=85.0%(@1920)
  from x3: 0.77 0.85 0.86 0.86 0.86 0.86 0.86 0.86 0.86 0.86 0.86 0.86 0.86
  per-rule acc: 0.81 0.97
Epoch 1940 | Train: Loss=0.0012 Acc=99.9% | Test: Acc=84.0% | Best=85.0%(@1920)
  from x3: 0.78 0.84 0.84 0.84 0.85 0.85 0.85 0.84 0.84 0.84 0.85 0.84 0.84
  per-rule acc: 0.80 0.97
Epoch 1960 | Train: Loss=0.0018 Acc=99.9% | Test: Acc=86.6% | Best=86.6%(@1960)
  from x3: 0.79 0.87 0.87 0.87 0.87 0.88 0.87 0.87 0.87 0.87 0.87 0.87 0.87
  per-rule acc: 0.83 0.98
Epoch 1980 | Train: Loss=0.0013 Acc=99.9% | Test: Acc=84.0% | Best=86.6%(@1960)
  from x3: 0.80 0.84 0.84 0.84 0.84 0.84 0.85 0.85 0.84 0.84 0.84 0.84 0.84
  per-rule acc: 0.80 0.96
Epoch 2000 | Train: Loss=0.0016 Acc=99.9% | Test: Acc=86.3% | Best=86.6%(@1960)
  from x3: 0.79 0.87 0.87 0.87 0.87 0.87 0.87 0.87 0.87 0.87 0.87 0.87 0.87
  per-rule acc: 0.83 0.97
Epoch 2020 | Train: Loss=0.0013 Acc=99.9% | Test: Acc=84.2% | Best=86.6%(@1960)
  from x3: 0.79 0.84 0.85 0.85 0.85 0.85 0.84 0.85 0.85 0.85 0.85 0.85 0.85
  per-rule acc: 0.80 0.97
Epoch 2040 | Train: Loss=0.0016 Acc=99.9% | Test: Acc=86.6% | Best=86.6%(@2040)
  from x3: 0.79 0.87 0.87 0.87 0.87 0.87 0.87 0.87 0.87 0.87 0.87 0.87 0.87
  per-rule acc: 0.83 0.98
Epoch 2060 | Train: Loss=0.0018 Acc=99.9% | Test: Acc=84.6% | Best=86.6%(@2040)
  from x3: 0.80 0.85 0.85 0.85 0.85 0.85 0.85 0.85 0.85 0.85 0.85 0.85 0.85
  per-rule acc: 0.81 0.95
Epoch 2080 | Train: Loss=0.0015 Acc=99.9% | Test: Acc=87.7% | Best=87.7%(@2080)
  from x3: 0.80 0.88 0.88 0.88 0.88 0.88 0.88 0.89 0.88 0.88 0.89 0.89 0.89
  per-rule acc: 0.84 0.98
Epoch 2100 | Train: Loss=0.0636 Acc=99.1% | Test: Acc=73.6% | Best=87.7%(@2080)
  from x3: 0.68 0.75 0.74 0.74 0.74 0.74 0.74 0.74 0.74 0.74 0.74 0.74 0.74
  per-rule acc: 0.69 0.87
Epoch 2120 | Train: Loss=0.0014 Acc=99.9% | Test: Acc=87.8% | Best=87.8%(@2120)
  from x3: 0.82 0.88 0.88 0.88 0.88 0.88 0.88 0.88 0.88 0.88 0.88 0.88 0.88
  per-rule acc: 0.85 0.98
Epoch 2140 | Train: Loss=0.0017 Acc=99.9% | Test: Acc=89.9% | Best=89.9%(@2140)
  from x3: 0.82 0.90 0.91 0.91 0.91 0.91 0.90 0.90 0.90 0.90 0.90 0.90 0.91
  per-rule acc: 0.87 0.98
Epoch 2160 | Train: Loss=0.0015 Acc=99.9% | Test: Acc=87.6% | Best=89.9%(@2140)
  from x3: 0.84 0.88 0.88 0.88 0.88 0.88 0.88 0.88 0.88 0.88 0.88 0.88 0.88
  per-rule acc: 0.84 0.98
Epoch 2180 | Train: Loss=0.0015 Acc=99.9% | Test: Acc=89.8% | Best=89.9%(@2140)
  from x3: 0.84 0.90 0.90 0.90 0.90 0.90 0.90 0.90 0.90 0.91 0.90 0.90 0.90
  per-rule acc: 0.87 0.99
Epoch 2200 | Train: Loss=0.1137 Acc=98.4% | Test: Acc=72.9% | Best=89.9%(@2140)
  from x3: 0.69 0.73 0.73 0.73 0.73 0.73 0.73 0.73 0.73 0.73 0.73 0.73 0.73
  per-rule acc: 0.68 0.87
Epoch 2220 | Train: Loss=0.0013 Acc=99.9% | Test: Acc=90.1% | Best=90.1%(@2220)
  from x3: 0.84 0.90 0.90 0.91 0.91 0.91 0.91 0.91 0.91 0.91 0.91 0.90 0.90
  per-rule acc: 0.87 0.98
Epoch 2240 | Train: Loss=0.0017 Acc=99.9% | Test: Acc=91.3% | Best=91.3%(@2240)
  from x3: 0.85 0.92 0.92 0.92 0.92 0.92 0.92 0.92 0.92 0.92 0.92 0.92 0.92
  per-rule acc: 0.89 0.98
Epoch 2260 | Train: Loss=0.0013 Acc=99.9% | Test: Acc=90.6% | Best=91.3%(@2240)
  from x3: 0.86 0.91 0.91 0.91 0.91 0.91 0.91 0.91 0.91 0.91 0.91 0.91 0.91
  per-rule acc: 0.88 0.98
Epoch 2280 | Train: Loss=0.0016 Acc=99.9% | Test: Acc=92.2% | Best=92.2%(@2280)
  from x3: 0.86 0.93 0.92 0.93 0.93 0.93 0.93 0.93 0.93 0.93 0.93 0.92 0.93
  per-rule acc: 0.90 0.98
Epoch 2300 | Train: Loss=0.0211 Acc=99.8% | Test: Acc=81.1% | Best=92.2%(@2280)
  from x3: 0.76 0.81 0.82 0.82 0.82 0.82 0.82 0.81 0.81 0.82 0.82 0.82 0.82
  per-rule acc: 0.77 0.93
Epoch 2320 | Train: Loss=0.0013 Acc=99.9% | Test: Acc=90.5% | Best=92.2%(@2280)
  from x3: 0.86 0.91 0.91 0.91 0.91 0.91 0.91 0.91 0.91 0.91 0.91 0.91 0.91
  per-rule acc: 0.88 0.98
Epoch 2340 | Train: Loss=0.0017 Acc=99.9% | Test: Acc=92.2% | Best=92.2%(@2340)
  from x3: 0.86 0.93 0.93 0.93 0.93 0.93 0.93 0.93 0.93 0.93 0.93 0.93 0.93
  per-rule acc: 0.90 0.98
Epoch 2360 | Train: Loss=0.0013 Acc=99.9% | Test: Acc=91.3% | Best=92.2%(@2340)
  from x3: 0.88 0.92 0.92 0.92 0.92 0.91 0.92 0.92 0.92 0.92 0.92 0.92 0.92
  per-rule acc: 0.89 0.98
Epoch 2380 | Train: Loss=0.0015 Acc=99.9% | Test: Acc=92.5% | Best=92.5%(@2380)
  from x3: 0.88 0.93 0.93 0.93 0.93 0.93 0.93 0.93 0.93 0.93 0.93 0.93 0.93
  per-rule acc: 0.91 0.98
Epoch 2400 | Train: Loss=0.1024 Acc=98.7% | Test: Acc=76.1% | Best=92.5%(@2380)
  from x3: 0.71 0.76 0.77 0.76 0.76 0.76 0.76 0.77 0.77 0.77 0.77 0.77 0.77
  per-rule acc: 0.72 0.89
Epoch 2420 | Train: Loss=0.0013 Acc=99.9% | Test: Acc=92.0% | Best=92.5%(@2380)
  from x3: 0.88 0.92 0.92 0.92 0.92 0.92 0.92 0.92 0.92 0.92 0.92 0.92 0.92
  per-rule acc: 0.90 0.98
Epoch 2440 | Train: Loss=0.0017 Acc=99.9% | Test: Acc=93.3% | Best=93.3%(@2440)
  from x3: 0.89 0.94 0.94 0.94 0.94 0.94 0.94 0.94 0.94 0.94 0.94 0.94 0.94
  per-rule acc: 0.92 0.98
Epoch 2460 | Train: Loss=0.0017 Acc=99.9% | Test: Acc=90.9% | Best=93.3%(@2440)
  from x3: 0.87 0.91 0.91 0.92 0.91 0.91 0.91 0.91 0.91 0.91 0.91 0.91 0.91
  per-rule acc: 0.89 0.98
Epoch 2480 | Train: Loss=0.0014 Acc=99.9% | Test: Acc=92.8% | Best=93.3%(@2440)
  from x3: 0.89 0.93 0.93 0.93 0.93 0.93 0.93 0.93 0.93 0.93 0.93 0.93 0.93
  per-rule acc: 0.91 0.98
Epoch 2500 | Train: Loss=0.0017 Acc=99.9% | Test: Acc=93.4% | Best=93.4%(@2500)
  from x3: 0.89 0.94 0.94 0.94 0.94 0.94 0.94 0.94 0.94 0.94 0.94 0.94 0.94
  per-rule acc: 0.92 0.98
Epoch 2520 | Train: Loss=0.0012 Acc=99.9% | Test: Acc=91.9% | Best=93.4%(@2500)
  from x3: 0.89 0.93 0.92 0.92 0.92 0.92 0.92 0.92 0.92 0.92 0.92 0.92 0.92
  per-rule acc: 0.90 0.98
Epoch 2540 | Train: Loss=0.0016 Acc=99.9% | Test: Acc=93.8% | Best=93.8%(@2540)
  from x3: 0.89 0.94 0.94 0.94 0.94 0.94 0.94 0.94 0.94 0.94 0.94 0.94 0.94
  per-rule acc: 0.92 0.98
Epoch 2560 | Train: Loss=0.0012 Acc=99.9% | Test: Acc=92.6% | Best=93.8%(@2540)
  from x3: 0.89 0.93 0.93 0.93 0.93 0.93 0.93 0.93 0.93 0.93 0.93 0.93 0.93
  per-rule acc: 0.91 0.98
Epoch 2580 | Train: Loss=0.0017 Acc=99.9% | Test: Acc=93.7% | Best=93.8%(@2540)
  from x3: 0.89 0.94 0.94 0.94 0.94 0.94 0.94 0.94 0.94 0.94 0.94 0.94 0.94
  per-rule acc: 0.92 0.98
Epoch 2600 | Train: Loss=0.0012 Acc=99.9% | Test: Acc=92.0% | Best=93.8%(@2540)
  from x3: 0.88 0.93 0.93 0.92 0.92 0.92 0.92 0.92 0.92 0.92 0.92 0.92 0.92
  per-rule acc: 0.90 0.98
Epoch 2620 | Train: Loss=0.0015 Acc=99.9% | Test: Acc=93.6% | Best=93.8%(@2540)
  from x3: 0.89 0.94 0.94 0.94 0.94 0.94 0.94 0.94 0.94 0.94 0.94 0.94 0.94
  per-rule acc: 0.92 0.99
Epoch 2640 | Train: Loss=0.1119 Acc=99.1% | Test: Acc=78.6% | Best=93.8%(@2540)
  from x3: 0.72 0.79 0.79 0.79 0.79 0.79 0.79 0.79 0.79 0.79 0.79 0.79 0.80
  per-rule acc: 0.73 0.95
Epoch 2660 | Train: Loss=0.0012 Acc=99.9% | Test: Acc=93.4% | Best=93.8%(@2540)
  from x3: 0.90 0.94 0.94 0.94 0.94 0.94 0.94 0.94 0.94 0.94 0.94 0.94 0.94
  per-rule acc: 0.92 0.98
Epoch 2680 | Train: Loss=0.0017 Acc=99.9% | Test: Acc=94.0% | Best=94.0%(@2680)
  from x3: 0.90 0.95 0.94 0.94 0.94 0.94 0.94 0.94 0.94 0.94 0.94 0.94 0.94
  per-rule acc: 0.93 0.98
Epoch 2700 | Train: Loss=0.0156 Acc=99.8% | Test: Acc=86.8% | Best=94.0%(@2680)
  from x3: 0.82 0.87 0.88 0.87 0.87 0.87 0.87 0.87 0.87 0.87 0.87 0.87 0.87
  per-rule acc: 0.84 0.95
Epoch 2720 | Train: Loss=0.0013 Acc=99.9% | Test: Acc=93.8% | Best=94.0%(@2680)
  from x3: 0.90 0.94 0.94 0.94 0.94 0.94 0.94 0.94 0.94 0.94 0.94 0.94 0.94
  per-rule acc: 0.92 0.98
Epoch 2740 | Train: Loss=0.0017 Acc=99.9% | Test: Acc=94.3% | Best=94.3%(@2740)
  from x3: 0.90 0.95 0.95 0.95 0.95 0.95 0.95 0.95 0.95 0.95 0.95 0.95 0.95
  per-rule acc: 0.93 0.98
Epoch 2760 | Train: Loss=0.0020 Acc=99.9% | Test: Acc=92.2% | Best=94.3%(@2740)
  from x3: 0.89 0.92 0.93 0.92 0.92 0.92 0.92 0.92 0.92 0.92 0.92 0.93 0.92
  per-rule acc: 0.90 0.98
Epoch 2780 | Train: Loss=0.0014 Acc=99.9% | Test: Acc=93.9% | Best=94.3%(@2740)
  from x3: 0.91 0.94 0.94 0.94 0.94 0.94 0.94 0.94 0.94 0.94 0.94 0.94 0.94
  per-rule acc: 0.92 0.99
Epoch 2800 | Train: Loss=0.0106 Acc=99.9% | Test: Acc=89.5% | Best=94.3%(@2740)
  from x3: 0.83 0.90 0.90 0.90 0.90 0.90 0.90 0.90 0.90 0.90 0.90 0.90 0.90
  per-rule acc: 0.87 0.96
Epoch 2820 | Train: Loss=0.0012 Acc=99.9% | Test: Acc=93.8% | Best=94.3%(@2740)
  from x3: 0.90 0.94 0.94 0.94 0.94 0.94 0.94 0.94 0.94 0.94 0.94 0.94 0.94
  per-rule acc: 0.92 0.98
Epoch 2840 | Train: Loss=0.0016 Acc=99.9% | Test: Acc=94.8% | Best=94.8%(@2840)
  from x3: 0.91 0.95 0.95 0.95 0.95 0.95 0.95 0.95 0.95 0.95 0.95 0.95 0.95
  per-rule acc: 0.94 0.99
Epoch 2860 | Train: Loss=0.0014 Acc=99.9% | Test: Acc=94.0% | Best=94.8%(@2840)
  from x3: 0.91 0.94 0.94 0.94 0.94 0.94 0.94 0.94 0.94 0.94 0.94 0.94 0.94
  per-rule acc: 0.93 0.98
Epoch 2880 | Train: Loss=0.0015 Acc=99.9% | Test: Acc=95.2% | Best=95.2%(@2880)
  from x3: 0.91 0.95 0.95 0.95 0.96 0.96 0.96 0.95 0.96 0.96 0.96 0.96 0.96
  per-rule acc: 0.94 0.99
Epoch 2900 | Train: Loss=0.0017 Acc=99.9% | Test: Acc=95.0% | Best=95.2%(@2880)
  from x3: 0.91 0.95 0.96 0.95 0.95 0.95 0.95 0.95 0.95 0.95 0.95 0.95 0.95
  per-rule acc: 0.94 0.99
Epoch 2920 | Train: Loss=0.0011 Acc=99.9% | Test: Acc=93.6% | Best=95.2%(@2880)
  from x3: 0.90 0.94 0.94 0.94 0.94 0.94 0.94 0.94 0.94 0.94 0.94 0.94 0.94
  per-rule acc: 0.92 0.98
Epoch 2940 | Train: Loss=0.0015 Acc=99.9% | Test: Acc=94.4% | Best=95.2%(@2880)
  from x3: 0.91 0.95 0.95 0.95 0.95 0.95 0.95 0.95 0.95 0.95 0.95 0.95 0.95
  per-rule acc: 0.93 0.98
Epoch 2960 | Train: Loss=0.0015 Acc=99.9% | Test: Acc=93.2% | Best=95.2%(@2880)
  from x3: 0.89 0.94 0.94 0.94 0.94 0.94 0.94 0.93 0.93 0.93 0.93 0.93 0.93
  per-rule acc: 0.92 0.98
Epoch 2980 | Train: Loss=0.0014 Acc=99.9% | Test: Acc=94.4% | Best=95.2%(@2880)
  from x3: 0.90 0.95 0.95 0.95 0.95 0.95 0.95 0.95 0.95 0.95 0.95 0.95 0.95
  per-rule acc: 0.93 0.98
Epoch 3000 | Train: Loss=0.0017 Acc=99.9% | Test: Acc=94.7% | Best=95.2%(@2880)
  from x3: 0.90 0.95 0.95 0.95 0.95 0.95 0.95 0.95 0.95 0.95 0.95 0.95 0.95
  per-rule acc: 0.94 0.98
Epoch 3020 | Train: Loss=0.0012 Acc=99.9% | Test: Acc=93.9% | Best=95.2%(@2880)
  from x3: 0.91 0.94 0.94 0.94 0.94 0.94 0.94 0.94 0.94 0.94 0.94 0.94 0.94
  per-rule acc: 0.92 0.99
Epoch 3040 | Train: Loss=0.0016 Acc=99.9% | Test: Acc=94.9% | Best=95.2%(@2880)
  from x3: 0.91 0.95 0.95 0.95 0.95 0.95 0.95 0.95 0.95 0.95 0.95 0.95 0.95
  per-rule acc: 0.94 0.99
Epoch 3060 | Train: Loss=0.0011 Acc=99.9% | Test: Acc=94.3% | Best=95.2%(@2880)
  from x3: 0.91 0.94 0.95 0.94 0.94 0.95 0.95 0.95 0.95 0.95 0.95 0.95 0.95
  per-rule acc: 0.93 0.98
Epoch 3080 | Train: Loss=0.0014 Acc=99.9% | Test: Acc=94.6% | Best=95.2%(@2880)
  from x3: 0.90 0.95 0.95 0.95 0.95 0.95 0.95 0.95 0.95 0.95 0.95 0.95 0.95
  per-rule acc: 0.93 0.99
Epoch 3100 | Train: Loss=0.0016 Acc=99.9% | Test: Acc=95.0% | Best=95.2%(@2880)
  from x3: 0.90 0.95 0.95 0.95 0.95 0.95 0.96 0.95 0.95 0.95 0.95 0.96 0.95
  per-rule acc: 0.94 0.99
Epoch 3120 | Train: Loss=0.0011 Acc=99.9% | Test: Acc=94.7% | Best=95.2%(@2880)
  from x3: 0.91 0.95 0.95 0.95 0.95 0.95 0.95 0.95 0.95 0.95 0.95 0.95 0.95
  per-rule acc: 0.93 0.98
Epoch 3140 | Train: Loss=0.0015 Acc=99.9% | Test: Acc=95.0% | Best=95.2%(@2880)
  from x3: 0.91 0.96 0.96 0.95 0.95 0.95 0.95 0.95 0.95 0.95 0.95 0.95 0.95
  per-rule acc: 0.94 0.98
Epoch 3160 | Train: Loss=0.0011 Acc=99.9% | Test: Acc=94.6% | Best=95.2%(@2880)
  from x3: 0.90 0.95 0.95 0.95 0.95 0.95 0.95 0.95 0.95 0.95 0.95 0.95 0.95
  per-rule acc: 0.93 0.99
Epoch 3180 | Train: Loss=0.0015 Acc=99.9% | Test: Acc=95.0% | Best=95.2%(@2880)
  from x3: 0.90 0.95 0.95 0.95 0.95 0.95 0.95 0.95 0.95 0.95 0.95 0.95 0.95
  per-rule acc: 0.94 0.99
Epoch 3200 | Train: Loss=0.0017 Acc=99.9% | Test: Acc=95.3% | Best=95.3%(@3200)
  from x3: 0.90 0.96 0.96 0.96 0.96 0.96 0.96 0.96 0.96 0.96 0.96 0.96 0.96
  per-rule acc: 0.94 0.99
Epoch 3220 | Train: Loss=0.0011 Acc=99.9% | Test: Acc=94.4% | Best=95.3%(@3200)
  from x3: 0.90 0.95 0.95 0.95 0.95 0.95 0.95 0.95 0.95 0.94 0.95 0.95 0.95
  per-rule acc: 0.93 0.98
Epoch 3240 | Train: Loss=0.0015 Acc=99.9% | Test: Acc=95.2% | Best=95.3%(@3200)
  from x3: 0.91 0.96 0.96 0.96 0.96 0.96 0.96 0.96 0.96 0.96 0.96 0.96 0.95
  per-rule acc: 0.94 0.98
Epoch 3260 | Train: Loss=0.0043 Acc=99.9% | Test: Acc=93.8% | Best=95.3%(@3200)
  from x3: 0.89 0.94 0.94 0.94 0.94 0.94 0.94 0.94 0.94 0.94 0.94 0.94 0.94
  per-rule acc: 0.92 0.98
Epoch 3280 | Train: Loss=0.0013 Acc=99.9% | Test: Acc=95.6% | Best=95.6%(@3280)
  from x3: 0.91 0.96 0.96 0.96 0.96 0.96 0.96 0.96 0.96 0.96 0.96 0.96 0.96
  per-rule acc: 0.95 0.99
Epoch 3300 | Train: Loss=0.0156 Acc=99.9% | Test: Acc=91.9% | Best=95.6%(@3280)
  from x3: 0.84 0.92 0.93 0.93 0.92 0.92 0.93 0.93 0.93 0.93 0.93 0.93 0.93
  per-rule acc: 0.90 0.97
Epoch 3320 | Train: Loss=0.0012 Acc=99.9% | Test: Acc=95.3% | Best=95.6%(@3280)
  from x3: 0.90 0.96 0.95 0.96 0.96 0.96 0.96 0.96 0.96 0.96 0.96 0.96 0.96
  per-rule acc: 0.94 0.99
Epoch 3340 | Train: Loss=0.0016 Acc=99.9% | Test: Acc=95.6% | Best=95.6%(@3340)
  from x3: 0.90 0.96 0.96 0.96 0.96 0.96 0.96 0.96 0.96 0.96 0.96 0.96 0.96
  per-rule acc: 0.95 0.99
Epoch 3360 | Train: Loss=0.0011 Acc=99.9% | Test: Acc=95.0% | Best=95.6%(@3340)
  from x3: 0.91 0.95 0.95 0.95 0.95 0.95 0.95 0.95 0.95 0.95 0.95 0.95 0.95
  per-rule acc: 0.94 0.99
Epoch 3380 | Train: Loss=0.0014 Acc=99.9% | Test: Acc=95.6% | Best=95.6%(@3340)
  from x3: 0.91 0.96 0.96 0.96 0.96 0.96 0.96 0.96 0.96 0.96 0.96 0.96 0.96
  per-rule acc: 0.95 0.99
Epoch 3400 | Train: Loss=0.0331 Acc=99.6% | Test: Acc=88.3% | Best=95.6%(@3340)
  from x3: 0.80 0.89 0.89 0.89 0.89 0.89 0.89 0.89 0.89 0.89 0.89 0.89 0.89
  per-rule acc: 0.86 0.95
Epoch 3420 | Train: Loss=0.0012 Acc=99.9% | Test: Acc=95.8% | Best=95.8%(@3420)
  from x3: 0.91 0.96 0.96 0.96 0.96 0.96 0.96 0.96 0.96 0.96 0.96 0.96 0.96
  per-rule acc: 0.95 0.99
Epoch 3440 | Train: Loss=0.0016 Acc=99.9% | Test: Acc=95.8% | Best=95.8%(@3420)
  from x3: 0.91 0.96 0.96 0.96 0.96 0.96 0.96 0.96 0.96 0.96 0.96 0.96 0.96
  per-rule acc: 0.95 0.98
Epoch 3460 | Train: Loss=0.0016 Acc=99.9% | Test: Acc=95.3% | Best=95.8%(@3420)
  from x3: 0.91 0.96 0.96 0.96 0.96 0.96 0.96 0.96 0.96 0.96 0.96 0.96 0.96
  per-rule acc: 0.94 0.99
Epoch 3480 | Train: Loss=0.0014 Acc=99.9% | Test: Acc=95.8% | Best=95.8%(@3480)
  from x3: 0.91 0.96 0.96 0.96 0.96 0.96 0.96 0.96 0.96 0.96 0.96 0.96 0.96
  per-rule acc: 0.95 0.99
Epoch 3500 | Train: Loss=0.0016 Acc=99.9% | Test: Acc=95.7% | Best=95.8%(@3480)
  from x3: 0.90 0.96 0.96 0.96 0.96 0.96 0.96 0.96 0.96 0.96 0.96 0.96 0.96
  per-rule acc: 0.95 0.99
Epoch 3520 | Train: Loss=0.0011 Acc=99.9% | Test: Acc=95.8% | Best=95.8%(@3480)
  from x3: 0.91 0.96 0.96 0.96 0.96 0.96 0.96 0.96 0.96 0.96 0.96 0.96 0.96
  per-rule acc: 0.95 0.99
Epoch 3540 | Train: Loss=0.0015 Acc=99.9% | Test: Acc=96.1% | Best=96.1%(@3540)
  from x3: 0.91 0.96 0.97 0.96 0.96 0.96 0.96 0.96 0.96 0.96 0.96 0.97 0.96
  per-rule acc: 0.95 0.99
Epoch 3560 | Train: Loss=0.0315 Acc=99.7% | Test: Acc=88.4% | Best=96.1%(@3540)
  from x3: 0.79 0.89 0.89 0.89 0.89 0.89 0.89 0.89 0.89 0.89 0.89 0.89 0.89
  per-rule acc: 0.86 0.96
Epoch 3580 | Train: Loss=0.0013 Acc=99.9% | Test: Acc=95.5% | Best=96.1%(@3540)
  from x3: 0.91 0.96 0.96 0.96 0.96 0.96 0.96 0.96 0.96 0.96 0.96 0.96 0.96
  per-rule acc: 0.94 0.99
Epoch 3600 | Train: Loss=0.0016 Acc=99.9% | Test: Acc=96.1% | Best=96.1%(@3600)
  from x3: 0.91 0.96 0.97 0.97 0.96 0.97 0.97 0.97 0.97 0.96 0.97 0.96 0.97
  per-rule acc: 0.95 0.99
Epoch 3620 | Train: Loss=0.0012 Acc=99.9% | Test: Acc=95.2% | Best=96.1%(@3600)
  from x3: 0.90 0.96 0.96 0.96 0.95 0.96 0.96 0.96 0.95 0.95 0.95 0.95 0.96
  per-rule acc: 0.94 0.99
Epoch 3640 | Train: Loss=0.0014 Acc=99.9% | Test: Acc=96.1% | Best=96.1%(@3640)
  from x3: 0.91 0.97 0.97 0.97 0.97 0.97 0.96 0.97 0.96 0.96 0.96 0.97 0.97
  per-rule acc: 0.95 0.99
Epoch 3660 | Train: Loss=0.0016 Acc=99.9% | Test: Acc=96.3% | Best=96.3%(@3660)
  from x3: 0.90 0.97 0.97 0.97 0.97 0.97 0.97 0.97 0.97 0.97 0.97 0.97 0.97
  per-rule acc: 0.95 0.99
Epoch 3680 | Train: Loss=0.0011 Acc=99.9% | Test: Acc=95.4% | Best=96.3%(@3660)
  from x3: 0.91 0.96 0.96 0.96 0.96 0.96 0.96 0.96 0.96 0.96 0.96 0.96 0.96
  per-rule acc: 0.94 0.99
Epoch 3700 | Train: Loss=0.0014 Acc=99.9% | Test: Acc=96.3% | Best=96.3%(@3700)
  from x3: 0.91 0.97 0.97 0.97 0.97 0.97 0.97 0.97 0.97 0.97 0.97 0.97 0.97
  per-rule acc: 0.96 0.99
Epoch 3720 | Train: Loss=0.0015 Acc=99.9% | Test: Acc=96.3% | Best=96.3%(@3720)
  from x3: 0.90 0.97 0.97 0.97 0.97 0.97 0.97 0.97 0.97 0.97 0.97 0.97 0.97
  per-rule acc: 0.96 0.99
Epoch 3740 | Train: Loss=0.0011 Acc=99.9% | Test: Acc=96.0% | Best=96.3%(@3720)
  from x3: 0.90 0.96 0.97 0.97 0.97 0.96 0.96 0.96 0.96 0.96 0.96 0.96 0.96
  per-rule acc: 0.95 0.99
Epoch 3760 | Train: Loss=0.0014 Acc=99.9% | Test: Acc=96.6% | Best=96.6%(@3760)
  from x3: 0.91 0.97 0.97 0.97 0.97 0.97 0.97 0.97 0.97 0.97 0.97 0.97 0.97
  per-rule acc: 0.96 0.99
Epoch 3780 | Train: Loss=0.0042 Acc=99.9% | Test: Acc=95.0% | Best=96.6%(@3760)
  from x3: 0.89 0.95 0.95 0.95 0.95 0.95 0.95 0.96 0.96 0.95 0.96 0.95 0.96
  per-rule acc: 0.94 0.98
Epoch 3800 | Train: Loss=0.0013 Acc=99.9% | Test: Acc=96.4% | Best=96.6%(@3760)
  from x3: 0.91 0.97 0.97 0.97 0.97 0.97 0.97 0.97 0.97 0.97 0.97 0.97 0.97
  per-rule acc: 0.96 0.99
Epoch 3820 | Train: Loss=0.0030 Acc=99.9% | Test: Acc=92.0% | Best=96.6%(@3760)
  from x3: 0.82 0.93 0.93 0.93 0.93 0.93 0.93 0.93 0.93 0.93 0.93 0.93 0.93
  per-rule acc: 0.90 0.97
Epoch 3840 | Train: Loss=0.0012 Acc=99.9% | Test: Acc=96.2% | Best=96.6%(@3760)
  from x3: 0.91 0.97 0.97 0.97 0.97 0.97 0.97 0.97 0.97 0.97 0.97 0.97 0.97
  per-rule acc: 0.95 0.99
Epoch 3860 | Train: Loss=0.0015 Acc=99.9% | Test: Acc=96.7% | Best=96.7%(@3860)
  from x3: 0.91 0.97 0.97 0.97 0.97 0.97 0.97 0.97 0.97 0.97 0.97 0.97 0.97
  per-rule acc: 0.96 0.99
Epoch 3880 | Train: Loss=0.0017 Acc=99.9% | Test: Acc=96.3% | Best=96.7%(@3860)
  from x3: 0.89 0.97 0.97 0.97 0.97 0.97 0.97 0.97 0.97 0.97 0.97 0.97 0.97
  per-rule acc: 0.96 0.98
Epoch 3900 | Train: Loss=0.0011 Acc=99.9% | Test: Acc=96.4% | Best=96.7%(@3860)
  from x3: 0.92 0.97 0.97 0.97 0.97 0.97 0.97 0.97 0.97 0.97 0.97 0.97 0.97
  per-rule acc: 0.96 0.99
Epoch 3920 | Train: Loss=0.0014 Acc=99.9% | Test: Acc=96.9% | Best=96.9%(@3920)
  from x3: 0.92 0.97 0.97 0.97 0.97 0.97 0.97 0.97 0.97 0.97 0.97 0.97 0.97
  per-rule acc: 0.96 0.99
Epoch 3940 | Train: Loss=0.0932 Acc=98.6% | Test: Acc=84.8% | Best=96.9%(@3920)
  from x3: 0.71 0.85 0.86 0.86 0.86 0.86 0.86 0.86 0.86 0.86 0.86 0.86 0.86
  per-rule acc: 0.82 0.93
Epoch 3960 | Train: Loss=0.0011 Acc=99.9% | Test: Acc=96.8% | Best=96.9%(@3920)
  from x3: 0.91 0.97 0.97 0.97 0.97 0.97 0.97 0.97 0.97 0.97 0.97 0.97 0.97
  per-rule acc: 0.96 0.99
Epoch 3980 | Train: Loss=0.0014 Acc=99.9% | Test: Acc=97.0% | Best=97.0%(@3980)
  from x3: 0.91 0.97 0.97 0.97 0.98 0.98 0.98 0.98 0.98 0.98 0.98 0.97 0.98
  per-rule acc: 0.96 0.99
Epoch 4000 | Train: Loss=0.0255 Acc=99.7% | Test: Acc=90.4% | Best=97.0%(@3980)
  from x3: 0.81 0.91 0.91 0.91 0.91 0.91 0.91 0.91 0.91 0.91 0.91 0.91 0.91
  per-rule acc: 0.88 0.97
Epoch 4020 | Train: Loss=0.0012 Acc=99.9% | Test: Acc=97.1% | Best=97.1%(@4020)
  from x3: 0.92 0.98 0.98 0.98 0.98 0.98 0.97 0.98 0.98 0.98 0.98 0.98 0.98
  per-rule acc: 0.97 0.99
Epoch 4040 | Train: Loss=0.0014 Acc=99.9% | Test: Acc=97.3% | Best=97.3%(@4040)
  from x3: 0.92 0.97 0.98 0.98 0.98 0.98 0.98 0.98 0.98 0.98 0.98 0.98 0.98
  per-rule acc: 0.97 0.99
Epoch 4060 | Train: Loss=0.0015 Acc=99.9% | Test: Acc=96.8% | Best=97.3%(@4040)
  from x3: 0.90 0.97 0.97 0.97 0.97 0.97 0.97 0.97 0.97 0.97 0.97 0.97 0.97
  per-rule acc: 0.96 0.99
Epoch 4080 | Train: Loss=0.0011 Acc=99.9% | Test: Acc=96.6% | Best=97.3%(@4040)
  from x3: 0.91 0.97 0.97 0.97 0.97 0.97 0.97 0.97 0.97 0.97 0.97 0.97 0.97
  per-rule acc: 0.96 0.99
Epoch 4100 | Train: Loss=0.0014 Acc=99.9% | Test: Acc=97.0% | Best=97.3%(@4040)
  from x3: 0.91 0.97 0.98 0.98 0.98 0.97 0.98 0.98 0.98 0.97 0.97 0.97 0.97
  per-rule acc: 0.97 0.99
Epoch 4120 | Train: Loss=0.0011 Acc=99.9% | Test: Acc=97.0% | Best=97.3%(@4040)
  from x3: 0.92 0.97 0.97 0.98 0.97 0.97 0.98 0.97 0.97 0.97 0.97 0.97 0.97
  per-rule acc: 0.96 0.99
Epoch 4140 | Train: Loss=0.0014 Acc=99.9% | Test: Acc=97.2% | Best=97.3%(@4040)
  from x3: 0.92 0.97 0.98 0.98 0.98 0.98 0.98 0.98 0.98 0.98 0.98 0.98 0.98
  per-rule acc: 0.97 0.99
Epoch 4160 | Train: Loss=0.0123 Acc=99.9% | Test: Acc=93.3% | Best=97.3%(@4040)
  from x3: 0.86 0.94 0.94 0.94 0.94 0.94 0.94 0.94 0.94 0.94 0.94 0.94 0.94
  per-rule acc: 0.92 0.98
Epoch 4180 | Train: Loss=0.0012 Acc=99.9% | Test: Acc=97.1% | Best=97.3%(@4040)
  from x3: 0.92 0.97 0.98 0.98 0.98 0.97 0.98 0.98 0.98 0.97 0.97 0.97 0.97
  per-rule acc: 0.96 0.99
Epoch 4200 | Train: Loss=0.0015 Acc=99.9% | Test: Acc=96.9% | Best=97.3%(@4040)
  from x3: 0.91 0.97 0.98 0.97 0.98 0.97 0.97 0.97 0.97 0.97 0.97 0.97 0.97
  per-rule acc: 0.96 0.99
Epoch 4220 | Train: Loss=0.0190 Acc=99.7% | Test: Acc=91.3% | Best=97.3%(@4040)
  from x3: 0.82 0.92 0.92 0.92 0.92 0.92 0.92 0.92 0.92 0.92 0.92 0.92 0.92
  per-rule acc: 0.89 0.97
Epoch 4240 | Train: Loss=0.0011 Acc=99.9% | Test: Acc=96.9% | Best=97.3%(@4040)
  from x3: 0.92 0.97 0.97 0.97 0.97 0.97 0.97 0.97 0.97 0.97 0.97 0.97 0.97
  per-rule acc: 0.96 0.99
Epoch 4260 | Train: Loss=0.0014 Acc=99.9% | Test: Acc=97.0% | Best=97.3%(@4040)
  from x3: 0.91 0.97 0.98 0.97 0.97 0.98 0.98 0.98 0.98 0.98 0.98 0.98 0.98
  per-rule acc: 0.96 0.99
Epoch 4280 | Train: Loss=0.0081 Acc=99.9% | Test: Acc=94.1% | Best=97.3%(@4040)
  from x3: 0.88 0.94 0.95 0.95 0.95 0.95 0.95 0.94 0.94 0.94 0.95 0.94 0.95
  per-rule acc: 0.93 0.99
Epoch 4300 | Train: Loss=0.0012 Acc=99.9% | Test: Acc=97.3% | Best=97.3%(@4300)
  from x3: 0.93 0.98 0.98 0.98 0.98 0.98 0.98 0.98 0.98 0.98 0.98 0.98 0.98
  per-rule acc: 0.97 0.99
Epoch 4320 | Train: Loss=0.0015 Acc=99.9% | Test: Acc=97.3% | Best=97.3%(@4300)
  from x3: 0.91 0.97 0.98 0.98 0.98 0.98 0.98 0.98 0.98 0.98 0.98 0.98 0.98
  per-rule acc: 0.97 0.99
Epoch 4340 | Train: Loss=0.0735 Acc=99.1% | Test: Acc=86.3% | Best=97.3%(@4300)
  from x3: 0.71 0.87 0.87 0.87 0.88 0.88 0.88 0.88 0.88 0.87 0.88 0.88 0.88
  per-rule acc: 0.84 0.92
Epoch 4360 | Train: Loss=0.0011 Acc=99.9% | Test: Acc=96.9% | Best=97.3%(@4300)
  from x3: 0.92 0.97 0.97 0.97 0.97 0.97 0.97 0.97 0.97 0.97 0.97 0.97 0.97
  per-rule acc: 0.96 0.99
Epoch 4380 | Train: Loss=0.0014 Acc=99.9% | Test: Acc=97.2% | Best=97.3%(@4300)
  from x3: 0.92 0.97 0.98 0.98 0.98 0.98 0.98 0.98 0.98 0.98 0.98 0.98 0.98
  per-rule acc: 0.97 0.99
Epoch 4400 | Train: Loss=0.0014 Acc=99.9% | Test: Acc=97.0% | Best=97.3%(@4300)
  from x3: 0.91 0.97 0.98 0.97 0.98 0.98 0.97 0.97 0.98 0.98 0.97 0.98 0.97
  per-rule acc: 0.96 0.99
Epoch 4420 | Train: Loss=0.0011 Acc=99.9% | Test: Acc=96.7% | Best=97.3%(@4300)
  from x3: 0.92 0.97 0.97 0.97 0.97 0.97 0.97 0.97 0.97 0.97 0.97 0.97 0.97
  per-rule acc: 0.96 0.99
Epoch 4440 | Train: Loss=0.0013 Acc=99.9% | Test: Acc=97.2% | Best=97.3%(@4300)
  from x3: 0.92 0.97 0.98 0.98 0.97 0.98 0.98 0.98 0.98 0.98 0.98 0.98 0.98
  per-rule acc: 0.97 0.99
Epoch 4460 | Train: Loss=0.0349 Acc=99.6% | Test: Acc=90.3% | Best=97.3%(@4300)
  from x3: 0.79 0.91 0.91 0.91 0.91 0.91 0.91 0.91 0.91 0.91 0.91 0.91 0.91
  per-rule acc: 0.89 0.96
Epoch 4480 | Train: Loss=0.0011 Acc=99.9% | Test: Acc=96.8% | Best=97.3%(@4300)
  from x3: 0.92 0.97 0.97 0.97 0.97 0.97 0.97 0.97 0.97 0.97 0.97 0.97 0.97
  per-rule acc: 0.96 0.99
Epoch 4500 | Train: Loss=0.0014 Acc=99.9% | Test: Acc=97.1% | Best=97.3%(@4300)
  from x3: 0.92 0.98 0.98 0.98 0.98 0.98 0.98 0.97 0.98 0.98 0.98 0.98 0.97
  per-rule acc: 0.97 0.99
Epoch 4520 | Train: Loss=0.0029 Acc=99.9% | Test: Acc=95.1% | Best=97.3%(@4300)
  from x3: 0.90 0.96 0.96 0.96 0.96 0.96 0.96 0.96 0.95 0.95 0.95 0.95 0.95
  per-rule acc: 0.94 0.99
Epoch 4540 | Train: Loss=0.0012 Acc=99.9% | Test: Acc=97.1% | Best=97.3%(@4300)
  from x3: 0.92 0.97 0.98 0.98 0.98 0.98 0.98 0.97 0.98 0.98 0.97 0.97 0.97
  per-rule acc: 0.96 0.99
Epoch 4560 | Train: Loss=0.0014 Acc=99.9% | Test: Acc=97.2% | Best=97.3%(@4300)
  from x3: 0.91 0.98 0.98 0.98 0.98 0.98 0.98 0.98 0.98 0.98 0.98 0.98 0.98
  per-rule acc: 0.97 0.99
Epoch 4580 | Train: Loss=0.0015 Acc=99.9% | Test: Acc=96.7% | Best=97.3%(@4300)
  from x3: 0.92 0.97 0.97 0.97 0.97 0.97 0.97 0.97 0.97 0.97 0.97 0.97 0.97
  per-rule acc: 0.96 0.99
Epoch 4600 | Train: Loss=0.0012 Acc=99.9% | Test: Acc=97.5% | Best=97.5%(@4600)
  from x3: 0.92 0.98 0.98 0.98 0.98 0.98 0.98 0.98 0.98 0.98 0.98 0.98 0.98
  per-rule acc: 0.97 0.99
Epoch 4620 | Train: Loss=0.0015 Acc=99.9% | Test: Acc=97.3% | Best=97.5%(@4600)
  from x3: 0.92 0.98 0.98 0.98 0.98 0.98 0.98 0.98 0.98 0.98 0.98 0.98 0.98
  per-rule acc: 0.97 0.99
Epoch 4640 | Train: Loss=0.0011 Acc=99.9% | Test: Acc=96.7% | Best=97.5%(@4600)
  from x3: 0.92 0.97 0.97 0.97 0.97 0.97 0.97 0.97 0.97 0.97 0.97 0.97 0.97
  per-rule acc: 0.96 0.99
Epoch 4660 | Train: Loss=0.0013 Acc=99.9% | Test: Acc=97.0% | Best=97.5%(@4600)
  from x3: 0.92 0.97 0.97 0.97 0.98 0.98 0.98 0.97 0.97 0.98 0.97 0.97 0.97
  per-rule acc: 0.96 0.99
Epoch 4680 | Train: Loss=0.0310 Acc=99.7% | Test: Acc=90.5% | Best=97.5%(@4600)
  from x3: 0.80 0.91 0.91 0.91 0.92 0.92 0.91 0.91 0.91 0.92 0.92 0.91 0.91
  per-rule acc: 0.88 0.97
Epoch 4700 | Train: Loss=0.0011 Acc=99.9% | Test: Acc=97.0% | Best=97.5%(@4600)
  from x3: 0.92 0.97 0.97 0.97 0.97 0.98 0.97 0.97 0.97 0.97 0.97 0.97 0.97
  per-rule acc: 0.96 0.99
Epoch 4720 | Train: Loss=0.0014 Acc=99.9% | Test: Acc=97.2% | Best=97.5%(@4600)
  from x3: 0.91 0.97 0.98 0.98 0.98 0.98 0.98 0.98 0.98 0.98 0.98 0.98 0.98
  per-rule acc: 0.97 0.99
Epoch 4740 | Train: Loss=0.0108 Acc=99.9% | Test: Acc=93.1% | Best=97.5%(@4600)
  from x3: 0.85 0.93 0.94 0.94 0.94 0.94 0.94 0.94 0.94 0.94 0.94 0.94 0.94
  per-rule acc: 0.91 0.99
Epoch 4760 | Train: Loss=0.0012 Acc=99.9% | Test: Acc=97.1% | Best=97.5%(@4600)
  from x3: 0.92 0.97 0.98 0.98 0.98 0.98 0.98 0.98 0.98 0.97 0.98 0.98 0.98
  per-rule acc: 0.96 0.99
Epoch 4780 | Train: Loss=0.0014 Acc=99.9% | Test: Acc=97.4% | Best=97.5%(@4600)
  from x3: 0.91 0.97 0.98 0.98 0.98 0.98 0.98 0.98 0.98 0.98 0.98 0.98 0.98
  per-rule acc: 0.97 0.99
Epoch 4800 | Train: Loss=0.0015 Acc=99.9% | Test: Acc=97.2% | Best=97.5%(@4600)
  from x3: 0.90 0.97 0.98 0.98 0.98 0.98 0.98 0.98 0.98 0.98 0.98 0.98 0.98
  per-rule acc: 0.97 0.99
Epoch 4820 | Train: Loss=0.0011 Acc=99.9% | Test: Acc=96.5% | Best=97.5%(@4600)
  from x3: 0.92 0.97 0.97 0.97 0.97 0.97 0.97 0.97 0.97 0.97 0.97 0.97 0.97
  per-rule acc: 0.96 0.99
Epoch 4840 | Train: Loss=0.0012 Acc=99.9% | Test: Acc=97.2% | Best=97.5%(@4600)
  from x3: 0.92 0.97 0.98 0.98 0.98 0.98 0.98 0.98 0.98 0.98 0.98 0.98 0.98
  per-rule acc: 0.97 0.99
Epoch 4860 | Train: Loss=0.0014 Acc=99.9% | Test: Acc=97.2% | Best=97.5%(@4600)
  from x3: 0.91 0.97 0.98 0.98 0.98 0.98 0.98 0.98 0.98 0.98 0.98 0.98 0.98
  per-rule acc: 0.97 0.99
Epoch 4880 | Train: Loss=0.0018 Acc=99.9% | Test: Acc=96.0% | Best=97.5%(@4600)
  from x3: 0.91 0.96 0.96 0.96 0.96 0.97 0.97 0.96 0.96 0.96 0.97 0.96 0.96
  per-rule acc: 0.95 0.99
Epoch 4900 | Train: Loss=0.0011 Acc=99.9% | Test: Acc=97.1% | Best=97.5%(@4600)
  from x3: 0.92 0.97 0.98 0.98 0.98 0.98 0.98 0.97 0.98 0.97 0.98 0.97 0.98
  per-rule acc: 0.96 0.99
Epoch 4920 | Train: Loss=0.0013 Acc=99.9% | Test: Acc=97.3% | Best=97.5%(@4600)
  from x3: 0.92 0.97 0.98 0.98 0.98 0.98 0.98 0.98 0.98 0.98 0.98 0.98 0.98
  per-rule acc: 0.97 0.99
Epoch 4940 | Train: Loss=0.0279 Acc=99.8% | Test: Acc=92.3% | Best=97.5%(@4600)
  from x3: 0.82 0.93 0.93 0.93 0.93 0.93 0.93 0.93 0.93 0.93 0.93 0.93 0.93
  per-rule acc: 0.91 0.97
Epoch 4960 | Train: Loss=0.0011 Acc=99.9% | Test: Acc=97.1% | Best=97.5%(@4600)
  from x3: 0.92 0.97 0.97 0.98 0.98 0.98 0.97 0.97 0.98 0.98 0.98 0.98 0.98
  per-rule acc: 0.96 0.99
Epoch 4980 | Train: Loss=0.0013 Acc=99.9% | Test: Acc=97.2% | Best=97.5%(@4600)
  from x3: 0.91 0.97 0.98 0.98 0.98 0.98 0.98 0.98 0.98 0.98 0.98 0.98 0.98
  per-rule acc: 0.97 0.99
Epoch 5000 | Train: Loss=0.0011 Acc=99.9% | Test: Acc=96.9% | Best=97.5%(@4600)
  from x3: 0.92 0.97 0.97 0.98 0.97 0.97 0.97 0.97 0.97 0.97 0.97 0.97 0.97
  per-rule acc: 0.96 0.99
Epoch 5020 | Train: Loss=0.0012 Acc=99.9% | Test: Acc=97.5% | Best=97.5%(@5020)
  from x3: 0.92 0.98 0.98 0.98 0.98 0.98 0.98 0.98 0.98 0.98 0.98 0.98 0.98
  per-rule acc: 0.97 0.99
Epoch 5040 | Train: Loss=0.0014 Acc=99.9% | Test: Acc=97.6% | Best=97.6%(@5040)
  from x3: 0.91 0.98 0.98 0.98 0.98 0.98 0.98 0.98 0.98 0.98 0.98 0.98 0.98
  per-rule acc: 0.97 0.99
Epoch 5060 | Train: Loss=0.0011 Acc=99.9% | Test: Acc=96.7% | Best=97.6%(@5040)
  from x3: 0.91 0.97 0.97 0.97 0.97 0.97 0.97 0.97 0.97 0.97 0.97 0.97 0.97
  per-rule acc: 0.96 0.99
Epoch 5080 | Train: Loss=0.0012 Acc=99.9% | Test: Acc=97.2% | Best=97.6%(@5040)
  from x3: 0.91 0.97 0.98 0.98 0.98 0.98 0.98 0.98 0.98 0.98 0.98 0.98 0.98
  per-rule acc: 0.97 0.99
Epoch 5100 | Train: Loss=0.0013 Acc=99.9% | Test: Acc=97.4% | Best=97.6%(@5040)
  from x3: 0.91 0.98 0.98 0.98 0.98 0.98 0.98 0.98 0.98 0.98 0.98 0.98 0.98
  per-rule acc: 0.97 0.99
Epoch 5120 | Train: Loss=0.0076 Acc=99.9% | Test: Acc=92.7% | Best=97.6%(@5040)
  from x3: 0.85 0.93 0.93 0.93 0.94 0.93 0.93 0.93 0.93 0.93 0.94 0.93 0.94
  per-rule acc: 0.91 0.98
Epoch 5140 | Train: Loss=0.0011 Acc=99.9% | Test: Acc=97.0% | Best=97.6%(@5040)
  from x3: 0.92 0.97 0.98 0.98 0.97 0.98 0.98 0.97 0.97 0.97 0.97 0.97 0.97
  per-rule acc: 0.96 0.99
Epoch 5160 | Train: Loss=0.0013 Acc=99.9% | Test: Acc=97.2% | Best=97.6%(@5040)
  from x3: 0.91 0.98 0.98 0.98 0.98 0.98 0.98 0.98 0.98 0.98 0.98 0.98 0.98
  per-rule acc: 0.97 0.99
Epoch 5180 | Train: Loss=0.0015 Acc=99.9% | Test: Acc=97.0% | Best=97.6%(@5040)
  from x3: 0.90 0.97 0.97 0.98 0.97 0.98 0.98 0.98 0.97 0.98 0.97 0.97 0.97
  per-rule acc: 0.96 0.99
Epoch 5200 | Train: Loss=0.0010 Acc=99.9% | Test: Acc=96.8% | Best=97.6%(@5040)
  from x3: 0.92 0.97 0.97 0.97 0.97 0.97 0.97 0.97 0.97 0.97 0.97 0.97 0.97
  per-rule acc: 0.96 0.99
Epoch 5220 | Train: Loss=0.0012 Acc=99.9% | Test: Acc=97.3% | Best=97.6%(@5040)
  from x3: 0.92 0.98 0.98 0.98 0.98 0.98 0.98 0.98 0.98 0.98 0.98 0.98 0.98
  per-rule acc: 0.97 0.99
Epoch 5240 | Train: Loss=0.0015 Acc=99.9% | Test: Acc=97.1% | Best=97.6%(@5040)
  from x3: 0.90 0.97 0.98 0.98 0.98 0.98 0.98 0.98 0.98 0.98 0.98 0.98 0.98
  per-rule acc: 0.97 0.99
Epoch 5260 | Train: Loss=0.0010 Acc=99.9% | Test: Acc=96.8% | Best=97.6%(@5040)
  from x3: 0.92 0.97 0.97 0.97 0.97 0.97 0.97 0.97 0.97 0.97 0.97 0.97 0.97
  per-rule acc: 0.96 0.99
Epoch 5280 | Train: Loss=0.0012 Acc=99.9% | Test: Acc=97.4% | Best=97.6%(@5040)
  from x3: 0.92 0.98 0.98 0.98 0.98 0.98 0.98 0.98 0.98 0.98 0.98 0.98 0.98
  per-rule acc: 0.97 0.99
Epoch 5300 | Train: Loss=0.0014 Acc=99.9% | Test: Acc=97.5% | Best=97.6%(@5040)
  from x3: 0.91 0.98 0.98 0.98 0.98 0.98 0.98 0.98 0.98 0.98 0.98 0.98 0.98
  per-rule acc: 0.97 0.99
Epoch 5320 | Train: Loss=0.0010 Acc=99.9% | Test: Acc=97.0% | Best=97.6%(@5040)
  from x3: 0.92 0.97 0.98 0.98 0.98 0.98 0.97 0.97 0.97 0.97 0.97 0.97 0.97
  per-rule acc: 0.96 0.99
Epoch 5340 | Train: Loss=0.0012 Acc=99.9% | Test: Acc=97.3% | Best=97.6%(@5040)
  from x3: 0.92 0.97 0.98 0.98 0.98 0.98 0.98 0.98 0.98 0.98 0.98 0.98 0.98
  per-rule acc: 0.97 0.99
Epoch 5360 | Train: Loss=0.0015 Acc=99.9% | Test: Acc=97.0% | Best=97.6%(@5040)
  from x3: 0.90 0.97 0.97 0.98 0.98 0.97 0.98 0.98 0.98 0.98 0.98 0.98 0.98
  per-rule acc: 0.96 0.99
Epoch 5380 | Train: Loss=0.0011 Acc=99.9% | Test: Acc=96.8% | Best=97.6%(@5040)
  from x3: 0.91 0.97 0.98 0.98 0.97 0.97 0.97 0.97 0.97 0.97 0.97 0.97 0.97
  per-rule acc: 0.96 0.99
Epoch 5400 | Train: Loss=0.0012 Acc=99.9% | Test: Acc=97.3% | Best=97.6%(@5040)
  from x3: 0.91 0.97 0.98 0.98 0.98 0.98 0.98 0.98 0.98 0.98 0.98 0.98 0.98
  per-rule acc: 0.97 0.99
Epoch 5420 | Train: Loss=0.0013 Acc=99.9% | Test: Acc=97.3% | Best=97.6%(@5040)
  from x3: 0.92 0.98 0.98 0.98 0.98 0.98 0.98 0.98 0.98 0.98 0.98 0.98 0.98
  per-rule acc: 0.97 0.99
Epoch 5440 | Train: Loss=0.0011 Acc=99.9% | Test: Acc=96.0% | Best=97.6%(@5040)
  from x3: 0.92 0.96 0.97 0.97 0.97 0.97 0.97 0.96 0.96 0.96 0.96 0.96 0.96
  per-rule acc: 0.95 0.99
Epoch 5460 | Train: Loss=0.0012 Acc=99.9% | Test: Acc=97.2% | Best=97.6%(@5040)
  from x3: 0.92 0.98 0.98 0.98 0.98 0.98 0.98 0.98 0.98 0.98 0.98 0.98 0.98
  per-rule acc: 0.97 0.99
Epoch 5480 | Train: Loss=0.0013 Acc=99.9% | Test: Acc=97.7% | Best=97.7%(@5480)
  from x3: 0.92 0.98 0.98 0.98 0.98 0.98 0.98 0.98 0.98 0.98 0.98 0.98 0.98
  per-rule acc: 0.97 0.99
Epoch 5500 | Train: Loss=0.0013 Acc=99.9% | Test: Acc=96.3% | Best=97.7%(@5480)
  from x3: 0.91 0.97 0.97 0.97 0.97 0.97 0.97 0.97 0.97 0.97 0.97 0.97 0.97
  per-rule acc: 0.95 0.99
Epoch 5520 | Train: Loss=0.0011 Acc=99.9% | Test: Acc=97.3% | Best=97.7%(@5480)
  from x3: 0.92 0.98 0.98 0.98 0.98 0.98 0.98 0.98 0.98 0.98 0.98 0.98 0.98
  per-rule acc: 0.97 0.99
Epoch 5540 | Train: Loss=0.0013 Acc=99.9% | Test: Acc=97.4% | Best=97.7%(@5480)
  from x3: 0.91 0.98 0.98 0.98 0.98 0.98 0.98 0.98 0.98 0.98 0.98 0.98 0.98
  per-rule acc: 0.97 0.99
Epoch 5560 | Train: Loss=0.0014 Acc=99.9% | Test: Acc=97.3% | Best=97.7%(@5480)
  from x3: 0.90 0.98 0.98 0.98 0.98 0.98 0.98 0.98 0.98 0.98 0.98 0.98 0.98
  per-rule acc: 0.97 0.99
Epoch 5580 | Train: Loss=0.0071 Acc=99.9% | Test: Acc=93.8% | Best=97.7%(@5480)
  from x3: 0.86 0.95 0.94 0.94 0.94 0.94 0.94 0.94 0.94 0.94 0.94 0.94 0.94
  per-rule acc: 0.92 0.99
Epoch 5600 | Train: Loss=0.0010 Acc=99.9% | Test: Acc=97.2% | Best=97.7%(@5480)
  from x3: 0.93 0.97 0.98 0.98 0.98 0.98 0.98 0.98 0.98 0.98 0.98 0.98 0.97
  per-rule acc: 0.97 0.99
Epoch 5620 | Train: Loss=0.0012 Acc=99.9% | Test: Acc=97.5% | Best=97.7%(@5480)
  from x3: 0.92 0.98 0.98 0.98 0.98 0.98 0.98 0.98 0.98 0.98 0.98 0.98 0.98
  per-rule acc: 0.97 0.99
Epoch 5640 | Train: Loss=0.0013 Acc=99.9% | Test: Acc=97.4% | Best=97.7%(@5480)
  from x3: 0.91 0.97 0.98 0.98 0.98 0.98 0.98 0.98 0.98 0.98 0.98 0.98 0.98
  per-rule acc: 0.97 0.99
Epoch 5660 | Train: Loss=0.0010 Acc=99.9% | Test: Acc=97.3% | Best=97.7%(@5480)
  from x3: 0.92 0.97 0.98 0.98 0.98 0.98 0.98 0.98 0.98 0.98 0.98 0.98 0.98
  per-rule acc: 0.97 0.99
Epoch 5680 | Train: Loss=0.0011 Acc=99.9% | Test: Acc=97.4% | Best=97.7%(@5480)
  from x3: 0.92 0.98 0.98 0.98 0.98 0.98 0.98 0.98 0.98 0.98 0.98 0.98 0.98
  per-rule acc: 0.97 0.99
Epoch 5700 | Train: Loss=0.0013 Acc=99.9% | Test: Acc=97.4% | Best=97.7%(@5480)
  from x3: 0.92 0.98 0.98 0.98 0.98 0.98 0.98 0.98 0.98 0.98 0.98 0.98 0.98
  per-rule acc: 0.97 0.99
Epoch 5720 | Train: Loss=0.0011 Acc=99.9% | Test: Acc=96.7% | Best=97.7%(@5480)
  from x3: 0.93 0.97 0.97 0.97 0.97 0.97 0.97 0.97 0.97 0.97 0.97 0.97 0.97
  per-rule acc: 0.96 0.99
Epoch 5740 | Train: Loss=0.0011 Acc=99.9% | Test: Acc=97.4% | Best=97.7%(@5480)
  from x3: 0.93 0.97 0.98 0.98 0.98 0.98 0.98 0.98 0.98 0.98 0.98 0.98 0.98
  per-rule acc: 0.97 0.99
Epoch 5760 | Train: Loss=0.0012 Acc=99.9% | Test: Acc=97.4% | Best=97.7%(@5480)
  from x3: 0.92 0.98 0.98 0.98 0.98 0.98 0.98 0.98 0.98 0.98 0.98 0.98 0.98
  per-rule acc: 0.97 0.99
Epoch 5780 | Train: Loss=0.0202 Acc=99.8% | Test: Acc=91.7% | Best=97.7%(@5480)
  from x3: 0.80 0.92 0.93 0.93 0.93 0.93 0.93 0.93 0.93 0.93 0.93 0.93 0.93
  per-rule acc: 0.90 0.98
Epoch 5800 | Train: Loss=0.0010 Acc=99.9% | Test: Acc=97.0% | Best=97.7%(@5480)
  from x3: 0.91 0.97 0.98 0.97 0.98 0.98 0.98 0.97 0.97 0.97 0.97 0.97 0.97
  per-rule acc: 0.96 0.99
Epoch 5820 | Train: Loss=0.0012 Acc=99.9% | Test: Acc=97.4% | Best=97.7%(@5480)
  from x3: 0.92 0.98 0.98 0.98 0.98 0.98 0.98 0.98 0.98 0.98 0.98 0.98 0.98
  per-rule acc: 0.97 0.99
Epoch 5840 | Train: Loss=0.0012 Acc=99.9% | Test: Acc=97.4% | Best=97.7%(@5480)
  from x3: 0.91 0.98 0.98 0.98 0.98 0.98 0.98 0.98 0.98 0.98 0.98 0.98 0.98
  per-rule acc: 0.97 0.99
Epoch 5860 | Train: Loss=0.0032 Acc=99.9% | Test: Acc=95.5% | Best=97.7%(@5480)
  from x3: 0.89 0.96 0.96 0.96 0.96 0.96 0.96 0.96 0.96 0.96 0.96 0.96 0.96
  per-rule acc: 0.94 0.99
Epoch 5880 | Train: Loss=0.0010 Acc=99.9% | Test: Acc=97.2% | Best=97.7%(@5480)
  from x3: 0.93 0.98 0.98 0.98 0.98 0.98 0.98 0.98 0.98 0.98 0.98 0.98 0.98
  per-rule acc: 0.97 0.99
Epoch 5900 | Train: Loss=0.0012 Acc=99.9% | Test: Acc=97.4% | Best=97.7%(@5480)
  from x3: 0.92 0.98 0.98 0.98 0.98 0.98 0.98 0.98 0.98 0.98 0.98 0.98 0.98
  per-rule acc: 0.97 0.99
Epoch 5920 | Train: Loss=0.0013 Acc=99.9% | Test: Acc=97.4% | Best=97.7%(@5480)
  from x3: 0.92 0.98 0.98 0.98 0.98 0.98 0.98 0.98 0.98 0.98 0.98 0.98 0.98
  per-rule acc: 0.97 0.99
Epoch 5940 | Train: Loss=0.0011 Acc=99.9% | Test: Acc=96.4% | Best=97.7%(@5480)
  from x3: 0.91 0.97 0.97 0.97 0.97 0.97 0.97 0.97 0.97 0.97 0.97 0.97 0.97
  per-rule acc: 0.95 0.99
Epoch 5960 | Train: Loss=0.0011 Acc=99.9% | Test: Acc=97.4% | Best=97.7%(@5480)
  from x3: 0.92 0.97 0.98 0.98 0.98 0.98 0.98 0.98 0.98 0.98 0.98 0.98 0.98
  per-rule acc: 0.97 0.99
Epoch 5980 | Train: Loss=0.0012 Acc=99.9% | Test: Acc=97.4% | Best=97.7%(@5480)
  from x3: 0.92 0.97 0.98 0.98 0.98 0.98 0.98 0.98 0.98 0.98 0.98 0.98 0.98
  per-rule acc: 0.97 0.99
Epoch 6000 | Train: Loss=0.0063 Acc=99.9% | Test: Acc=93.2% | Best=97.7%(@5480)
  from x3: 0.86 0.94 0.94 0.94 0.94 0.94 0.94 0.94 0.94 0.94 0.94 0.94 0.94
  per-rule acc: 0.92 0.98
Epoch 6020 | Train: Loss=0.0010 Acc=99.9% | Test: Acc=97.3% | Best=97.7%(@5480)
  from x3: 0.92 0.97 0.98 0.98 0.98 0.98 0.98 0.98 0.98 0.98 0.98 0.98 0.98
  per-rule acc: 0.97 0.99
Epoch 6040 | Train: Loss=0.0012 Acc=99.9% | Test: Acc=97.6% | Best=97.7%(@5480)
  from x3: 0.92 0.98 0.98 0.98 0.98 0.98 0.98 0.98 0.98 0.98 0.98 0.98 0.98
  per-rule acc: 0.97 0.99
Epoch 6060 | Train: Loss=0.0012 Acc=99.9% | Test: Acc=97.5% | Best=97.7%(@5480)
  from x3: 0.92 0.98 0.98 0.98 0.98 0.98 0.98 0.98 0.98 0.98 0.98 0.98 0.98
  per-rule acc: 0.97 0.99
Epoch 6080 | Train: Loss=0.0010 Acc=99.9% | Test: Acc=96.9% | Best=97.7%(@5480)
  from x3: 0.92 0.97 0.97 0.98 0.97 0.97 0.97 0.97 0.97 0.97 0.97 0.97 0.97
  per-rule acc: 0.96 0.99
Epoch 6100 | Train: Loss=0.0011 Acc=99.9% | Test: Acc=97.3% | Best=97.7%(@5480)
  from x3: 0.92 0.98 0.98 0.98 0.98 0.98 0.98 0.98 0.98 0.98 0.98 0.98 0.98
  per-rule acc: 0.97 0.99
Epoch 6120 | Train: Loss=0.0012 Acc=99.9% | Test: Acc=97.5% | Best=97.7%(@5480)
  from x3: 0.92 0.98 0.98 0.98 0.98 0.98 0.98 0.98 0.98 0.98 0.98 0.98 0.98
  per-rule acc: 0.97 0.99
Epoch 6140 | Train: Loss=0.0362 Acc=99.6% | Test: Acc=90.0% | Best=97.7%(@5480)
  from x3: 0.75 0.90 0.91 0.91 0.91 0.91 0.91 0.91 0.91 0.92 0.92 0.91 0.91
  per-rule acc: 0.88 0.97
Epoch 6160 | Train: Loss=0.0010 Acc=99.9% | Test: Acc=97.1% | Best=97.7%(@5480)
  from x3: 0.92 0.98 0.98 0.98 0.98 0.98 0.98 0.97 0.97 0.97 0.97 0.97 0.97
  per-rule acc: 0.96 0.99
Epoch 6180 | Train: Loss=0.0011 Acc=99.9% | Test: Acc=97.2% | Best=97.7%(@5480)
  from x3: 0.92 0.98 0.98 0.98 0.98 0.98 0.98 0.98 0.98 0.98 0.98 0.98 0.97
  per-rule acc: 0.97 0.99
Epoch 6200 | Train: Loss=0.0012 Acc=99.9% | Test: Acc=97.3% | Best=97.7%(@5480)
  from x3: 0.92 0.97 0.98 0.98 0.98 0.98 0.98 0.98 0.98 0.98 0.98 0.98 0.98
  per-rule acc: 0.97 0.99
Epoch 6220 | Train: Loss=0.0111 Acc=99.9% | Test: Acc=93.8% | Best=97.7%(@5480)
  from x3: 0.85 0.93 0.94 0.94 0.94 0.94 0.95 0.95 0.95 0.95 0.95 0.95 0.95
  per-rule acc: 0.92 0.98
Epoch 6240 | Train: Loss=0.0010 Acc=99.9% | Test: Acc=97.4% | Best=97.7%(@5480)
  from x3: 0.92 0.98 0.98 0.98 0.98 0.98 0.98 0.98 0.98 0.98 0.98 0.98 0.98
  per-rule acc: 0.97 0.99
Epoch 6260 | Train: Loss=0.0011 Acc=99.9% | Test: Acc=97.6% | Best=97.7%(@5480)
  from x3: 0.92 0.98 0.98 0.98 0.98 0.98 0.98 0.98 0.98 0.98 0.98 0.98 0.98
  per-rule acc: 0.97 0.99
Epoch 6280 | Train: Loss=0.0012 Acc=99.9% | Test: Acc=97.6% | Best=97.7%(@5480)
  from x3: 0.92 0.98 0.98 0.98 0.98 0.98 0.98 0.98 0.98 0.98 0.98 0.98 0.98
  per-rule acc: 0.97 0.99
Epoch 6300 | Train: Loss=0.0018 Acc=99.9% | Test: Acc=95.8% | Best=97.7%(@5480)
  from x3: 0.91 0.96 0.96 0.96 0.96 0.96 0.96 0.96 0.96 0.96 0.96 0.96 0.96
  per-rule acc: 0.95 0.99
Epoch 6320 | Train: Loss=0.0010 Acc=99.9% | Test: Acc=97.2% | Best=97.7%(@5480)
  from x3: 0.91 0.98 0.98 0.98 0.98 0.98 0.98 0.98 0.98 0.98 0.98 0.98 0.98
  per-rule acc: 0.97 0.99
Epoch 6340 | Train: Loss=0.0012 Acc=99.9% | Test: Acc=97.4% | Best=97.7%(@5480)
  from x3: 0.92 0.98 0.98 0.98 0.98 0.98 0.98 0.98 0.98 0.98 0.98 0.98 0.98
  per-rule acc: 0.97 0.99
Epoch 6360 | Train: Loss=0.0012 Acc=99.9% | Test: Acc=97.5% | Best=97.7%(@5480)
  from x3: 0.91 0.98 0.98 0.98 0.98 0.98 0.98 0.98 0.98 0.98 0.98 0.98 0.98
  per-rule acc: 0.97 0.99
Epoch 6380 | Train: Loss=0.0012 Acc=99.9% | Test: Acc=96.4% | Best=97.7%(@5480)
  from x3: 0.91 0.97 0.97 0.97 0.97 0.97 0.97 0.97 0.97 0.97 0.97 0.97 0.97
  per-rule acc: 0.96 0.99
Epoch 6400 | Train: Loss=0.0010 Acc=99.9% | Test: Acc=97.4% | Best=97.7%(@5480)
  from x3: 0.92 0.97 0.98 0.98 0.98 0.98 0.98 0.98 0.98 0.98 0.98 0.98 0.98
  per-rule acc: 0.97 0.99
Epoch 6420 | Train: Loss=0.0011 Acc=99.9% | Test: Acc=97.4% | Best=97.7%(@5480)
  from x3: 0.92 0.98 0.98 0.98 0.98 0.98 0.98 0.98 0.98 0.98 0.98 0.98 0.98
  per-rule acc: 0.97 0.99
Epoch 6440 | Train: Loss=0.0132 Acc=99.8% | Test: Acc=92.5% | Best=97.7%(@5480)
  from x3: 0.82 0.92 0.93 0.93 0.93 0.93 0.93 0.93 0.93 0.94 0.94 0.94 0.94
  per-rule acc: 0.91 0.98
Epoch 6460 | Train: Loss=0.0010 Acc=99.9% | Test: Acc=97.0% | Best=97.7%(@5480)
  from x3: 0.92 0.98 0.98 0.98 0.97 0.97 0.97 0.97 0.97 0.97 0.97 0.97 0.97
  per-rule acc: 0.96 0.99
Epoch 6480 | Train: Loss=0.0011 Acc=99.9% | Test: Acc=97.2% | Best=97.7%(@5480)
  from x3: 0.92 0.98 0.98 0.98 0.98 0.98 0.98 0.98 0.98 0.97 0.98 0.98 0.98
  per-rule acc: 0.97 0.99
[Early stop] No improvement for 1000 consecutive epochs

==================================================
Saving model...
[OK] Model saved to: /home/cxm/ai/test0626-unbalanced/models/mixed_basic_d1024l4_r16_e40_80.pth
  File size: 592552.7 KB
  Best test accuracy: 97.67%

[Config] SKIP_FINAL_GENERATION_TEST=true, skipping final generation test.

--- Return code: 0 ---

======================================================================
Attention Analysis
======================================================================
Model config: addition (default), p=53
Best test accuracy: 0.976657329598506
Training epochs: 6480

Random test sequence 1/5 (length 32): [27, 25, 52, 24, 23, 47, 17, 11, 28, 39, 14, 0, 14, 14, 28, 42, 17, 6, 23, 29]...

======================================================================
Attention Layer Training Result Summary
======================================================================
Input sequence: [27, 25, 52, 24, 23, 47, 17, 11, 28, 39, 14, 0, 14, 14, 28, 42, 17, 6, 23, 29, 52, 28, 27, 2, 29, 31, 7, 38, 45, 30, 22, 52]

--- Layer 0 ---
  Head 0: Entropy=0.564
    Attention coefficients from each query position to previous positions:
      i= 0 -> j=0:1.000
      i= 1 -> j=0:0.874, j=1:0.126
      i= 2 -> j=0:0.067, j=1:0.836, j=2:0.097
      i= 3 -> j=0:0.000, j=1:0.118, j=2:0.799, j=3:0.083
      i= 4 -> j=0:0.000, j=1:0.000, j=2:0.073, j=3:0.807, j=4:0.119
      i= 5 -> j=0:0.000, j=1:0.000, j=2:0.000, j=3:0.066, j=4:0.811, j=5:0.123
      i= 6 -> j=0:0.000, j=1:0.000, j=2:0.000, j=3:0.000, j=4:0.058, j=5:0.849, j=6:0.093
      i= 7 -> j=0:0.000, j=1:0.000, j=2:0.000, j=3:0.000, j=4:0.000, j=5:0.075, j=6:0.823, j=7:0.102
      i= 8 -> j=0:0.000, j=1:0.000, j=2:0.000, j=3:0.000, j=4:0.000, j=5:0.000, j=6:0.060, j=7:0.856, j=8:0.084
      i= 9 -> j=0:0.000, j=1:0.000, j=2:0.000, j=3:0.000, j=4:0.000, j=5:0.000, j=6:0.000, j=7:0.086, j=8:0.829, j=9:0.085
      i=10 -> j=0:0.000, j=1:0.000, j=2:0.000, j=3:0.000, j=4:0.000, j=5:0.000, j=6:0.000, j=7:0.000, j=8:0.080, j=9:0.807, j=10:0.112
      i=11 -> j=0:0.000, j=1:0.000, j=2:0.000, j=3:0.000, j=4:0.000, j=5:0.000, j=6:0.000, j=7:0.000, j=8:0.000, j=9:0.073, j=10:0.871, j=11:0.056
      i=12 -> j=0:0.000, j=1:0.000, j=2:0.000, j=3:0.000, j=4:0.000, j=5:0.000, j=6:0.000, j=7:0.000, j=8:0.000, j=9:0.000, j=10:0.093, j=11:0.725, j=12:0.182
      i=13 -> j=0:0.000, j=1:0.000, j=2:0.000, j=3:0.000, j=4:0.000, j=5:0.000, j=6:0.000, j=7:0.000, j=8:0.000, j=9:0.000, j=10:0.000, j=11:0.029, j=12:0.852, j=13:0.119
      i=14 -> j=0:0.000, j=1:0.000, j=2:0.000, j=3:0.000, j=4:0.000, j=5:0.000, j=6:0.000, j=7:0.000, j=8:0.000, j=9:0.000, j=10:0.000, j=11:0.000, j=12:0.069, j=13:0.824, j=14:0.107
      i=15 -> j=0:0.000, j=1:0.000, j=2:0.000, j=3:0.000, j=4:0.000, j=5:0.000, j=6:0.000, j=7:0.000, j=8:0.000, j=9:0.000, j=10:0.000, j=11:0.000, j=12:0.000, j=13:0.073, j=14:0.864, j=15:0.063
      i=16 -> j=0:0.000, j=1:0.000, j=2:0.000, j=3:0.000, j=4:0.000, j=5:0.000, j=6:0.000, j=7:0.000, j=8:0.000, j=9:0.000, j=10:0.000, j=11:0.000, j=12:0.000, j=13:0.000, j=14:0.101, j=15:0.805, j=16:0.094
      i=17 -> j=0:0.000, j=1:0.000, j=2:0.000, j=3:0.000, j=4:0.000, j=5:0.000, j=6:0.000, j=7:0.000, j=8:0.000, j=9:0.000, j=10:0.000, j=11:0.000, j=12:0.000, j=13:0.000, j=14:0.000, j=15:0.079, j=16:0.799, j=17:0.121
      i=18 -> j=0:0.000, j=1:0.000, j=2:0.000, j=3:0.000, j=4:0.000, j=5:0.000, j=6:0.000, j=7:0.000, j=8:0.000, j=9:0.000, j=10:0.000, j=11:0.000, j=12:0.000, j=13:0.000, j=14:0.000, j=15:0.000, j=16:0.065, j=17:0.825, j=18:0.109
      i=19 -> j=0:0.000, j=1:0.000, j=2:0.000, j=3:0.000, j=4:0.000, j=5:0.000, j=6:0.000, j=7:0.000, j=8:0.000, j=9:0.000, j=10:0.000, j=11:0.000, j=12:0.000, j=13:0.000, j=14:0.000, j=15:0.000, j=16:0.000, j=17:0.095, j=18:0.839, j=19:0.066
      i=20 -> j=0:0.000, j=1:0.000, j=2:0.000, j=3:0.000, j=4:0.000, j=5:0.000, j=6:0.000, j=7:0.000, j=8:0.000, j=9:0.000, j=10:0.000, j=11:0.000, j=12:0.000, j=13:0.000, j=14:0.000, j=15:0.000, j=16:0.000, j=17:0.000, j=18:0.056, j=19:0.830, j=20:0.114
      i=21 -> j=0:0.000, j=1:0.000, j=2:0.000, j=3:0.000, j=4:0.000, j=5:0.000, j=6:0.000, j=7:0.000, j=8:0.000, j=9:0.000, j=10:0.000, j=11:0.000, j=12:0.000, j=13:0.000, j=14:0.000, j=15:0.000, j=16:0.000, j=17:0.000, j=18:0.000, j=19:0.076, j=20:0.807, j=21:0.116
      i=22 -> j=0:0.000, j=1:0.000, j=2:0.000, j=3:0.000, j=4:0.000, j=5:0.000, j=6:0.000, j=7:0.000, j=8:0.000, j=9:0.000, j=10:0.000, j=11:0.000, j=12:0.000, j=13:0.000, j=14:0.000, j=15:0.000, j=16:0.000, j=17:0.000, j=18:0.000, j=19:0.000, j=20:0.071, j=21:0.851, j=22:0.078
      i=23 -> j=0:0.000, j=1:0.000, j=2:0.000, j=3:0.000, j=4:0.000, j=5:0.000, j=6:0.000, j=7:0.000, j=8:0.000, j=9:0.000, j=10:0.000, j=11:0.000, j=12:0.000, j=13:0.000, j=14:0.000, j=15:0.000, j=16:0.000, j=17:0.000, j=18:0.000, j=19:0.000, j=20:0.000, j=21:0.115, j=22:0.822, j=23:0.062
      i=24 -> j=0:0.000, j=1:0.000, j=2:0.000, j=3:0.000, j=4:0.000, j=5:0.000, j=6:0.000, j=7:0.000, j=8:0.000, j=9:0.000, j=10:0.000, j=11:0.000, j=12:0.000, j=13:0.000, j=14:0.000, j=15:0.000, j=16:0.000, j=17:0.000, j=18:0.000, j=19:0.000, j=20:0.000, j=21:0.001, j=22:0.122, j=23:0.810, j=24:0.067
      i=25 -> j=0:0.000, j=1:0.000, j=2:0.000, j=3:0.000, j=4:0.000, j=5:0.000, j=6:0.000, j=7:0.000, j=8:0.000, j=9:0.000, j=10:0.000, j=11:0.000, j=12:0.000, j=13:0.000, j=14:0.000, j=15:0.000, j=16:0.000, j=17:0.000, j=18:0.000, j=19:0.000, j=20:0.000, j=21:0.000, j=22:0.001, j=23:0.145, j=24:0.780, j=25:0.074
      i=26 -> j=0:0.000, j=1:0.000, j=2:0.000, j=3:0.000, j=4:0.000, j=5:0.000, j=6:0.000, j=7:0.000, j=8:0.000, j=9:0.000, j=10:0.000, j=11:0.000, j=12:0.000, j=13:0.000, j=14:0.000, j=15:0.000, j=16:0.000, j=17:0.000, j=18:0.000, j=19:0.000, j=20:0.000, j=21:0.000, j=22:0.000, j=23:0.000, j=24:0.089, j=25:0.795, j=26:0.115
      i=27 -> j=0:0.000, j=1:0.000, j=2:0.000, j=3:0.000, j=4:0.000, j=5:0.000, j=6:0.000, j=7:0.000, j=8:0.000, j=9:0.000, j=10:0.000, j=11:0.000, j=12:0.000, j=13:0.000, j=14:0.000, j=15:0.000, j=16:0.000, j=17:0.000, j=18:0.000, j=19:0.000, j=20:0.000, j=21:0.000, j=22:0.000, j=23:0.000, j=24:0.000, j=25:0.073, j=26:0.845, j=27:0.082
      i=28 -> j=0:0.000, j=1:0.000, j=2:0.000, j=3:0.000, j=4:0.000, j=5:0.000, j=6:0.000, j=7:0.000, j=8:0.000, j=9:0.000, j=10:0.000, j=11:0.000, j=12:0.000, j=13:0.000, j=14:0.000, j=15:0.000, j=16:0.000, j=17:0.000, j=18:0.000, j=19:0.000, j=20:0.000, j=21:0.000, j=22:0.000, j=23:0.000, j=24:0.000, j=25:0.000, j=26:0.063, j=27:0.791, j=28:0.145
      i=29 -> j=0:0.000, j=1:0.000, j=2:0.000, j=3:0.000, j=4:0.000, j=5:0.000, j=6:0.000, j=7:0.000, j=8:0.000, j=9:0.000, j=10:0.000, j=11:0.000, j=12:0.000, j=13:0.000, j=14:0.000, j=15:0.000, j=16:0.000, j=17:0.000, j=18:0.000, j=19:0.000, j=20:0.000, j=21:0.000, j=22:0.000, j=23:0.000, j=24:0.000, j=25:0.000, j=26:0.000, j=27:0.075, j=28:0.796, j=29:0.129
      i=30 -> j=0:0.000, j=1:0.000, j=2:0.000, j=3:0.000, j=4:0.000, j=5:0.000, j=6:0.000, j=7:0.000, j=8:0.000, j=9:0.000, j=10:0.000, j=11:0.000, j=12:0.000, j=13:0.000, j=14:0.000, j=15:0.000, j=16:0.000, j=17:0.000, j=18:0.000, j=19:0.000, j=20:0.000, j=21:0.000, j=22:0.000, j=23:0.000, j=24:0.000, j=25:0.000, j=26:0.000, j=27:0.000, j=28:0.105, j=29:0.853, j=30:0.041
      i=31 -> j=0:0.000, j=1:0.000, j=2:0.000, j=3:0.000, j=4:0.000, j=5:0.000, j=6:0.000, j=7:0.000, j=8:0.000, j=9:0.000, j=10:0.000, j=11:0.000, j=12:0.000, j=13:0.000, j=14:0.000, j=15:0.000, j=16:0.000, j=17:0.000, j=18:0.000, j=19:0.000, j=20:0.000, j=21:0.000, j=22:0.000, j=23:0.000, j=24:0.000, j=25:0.000, j=26:0.000, j=27:0.000, j=28:0.000, j=29:0.062, j=30:0.817, j=31:0.120
    Average attention per distance:
      d=0:0.128, d=1:0.822, d=2:0.080

--- Layer 1 ---
  Head 0: Entropy=2.545
    Attention coefficients from each query position to previous positions:
      i= 0 -> j=0:1.000
      i= 1 -> j=0:0.503, j=1:0.497
      i= 2 -> j=0:0.332, j=1:0.362, j=2:0.305
      i= 3 -> j=0:0.251, j=1:0.267, j=2:0.245, j=3:0.237
      i= 4 -> j=0:0.203, j=1:0.219, j=2:0.194, j=3:0.191, j=4:0.192
      i= 5 -> j=0:0.163, j=1:0.159, j=2:0.165, j=3:0.179, j=4:0.195, j=5:0.139
      i= 6 -> j=0:0.129, j=1:0.115, j=2:0.150, j=3:0.161, j=4:0.172, j=5:0.117, j=6:0.156
      i= 7 -> j=0:0.115, j=1:0.102, j=2:0.131, j=3:0.141, j=4:0.156, j=5:0.103, j=6:0.146, j=7:0.106
      i= 8 -> j=0:0.113, j=1:0.117, j=2:0.107, j=3:0.106, j=4:0.107, j=5:0.113, j=6:0.111, j=7:0.112, j=8:0.112
      i= 9 -> j=0:0.097, j=1:0.090, j=2:0.109, j=3:0.115, j=4:0.109, j=5:0.092, j=6:0.093, j=7:0.105, j=8:0.114, j=9:0.076
      i=10 -> j=0:0.092, j=1:0.094, j=2:0.091, j=3:0.090, j=4:0.088, j=5:0.092, j=6:0.087, j=7:0.095, j=8:0.098, j=9:0.084, j=10:0.089
      i=11 -> j=0:0.076, j=1:0.068, j=2:0.087, j=3:0.090, j=4:0.091, j=5:0.071, j=6:0.086, j=7:0.075, j=8:0.066, j=9:0.108, j=10:0.090, j=11:0.091
      i=12 -> j=0:0.072, j=1:0.066, j=2:0.080, j=3:0.082, j=4:0.084, j=5:0.068, j=6:0.079, j=7:0.071, j=8:0.064, j=9:0.094, j=10:0.083, j=11:0.084, j=12:0.074
      i=13 -> j=0:0.067, j=1:0.061, j=2:0.075, j=3:0.077, j=4:0.079, j=5:0.064, j=6:0.074, j=7:0.066, j=8:0.061, j=9:0.085, j=10:0.077, j=11:0.080, j=12:0.069, j=13:0.067
      i=14 -> j=0:0.067, j=1:0.066, j=2:0.067, j=3:0.066, j=4:0.067, j=5:0.068, j=6:0.066, j=7:0.067, j=8:0.068, j=9:0.066, j=10:0.068, j=11:0.070, j=12:0.068, j=13:0.067, j=14:0.059
      i=15 -> j=0:0.062, j=1:0.060, j=2:0.064, j=3:0.066, j=4:0.066, j=5:0.058, j=6:0.066, j=7:0.060, j=8:0.053, j=9:0.075, j=10:0.066, j=11:0.062, j=12:0.061, j=13:0.061, j=14:0.070, j=15:0.051
      i=16 -> j=0:0.058, j=1:0.054, j=2:0.061, j=3:0.063, j=4:0.064, j=5:0.053, j=6:0.062, j=7:0.056, j=8:0.050, j=9:0.072, j=10:0.062, j=11:0.060, j=12:0.057, j=13:0.057, j=14:0.057, j=15:0.058, j=16:0.058
      i=17 -> j=0:0.055, j=1:0.055, j=2:0.055, j=3:0.054, j=4:0.054, j=5:0.057, j=6:0.054, j=7:0.057, j=8:0.059, j=9:0.051, j=10:0.052, j=11:0.052, j=12:0.056, j=13:0.057, j=14:0.055, j=15:0.060, j=16:0.066, j=17:0.052
      i=18 -> j=0:0.049, j=1:0.046, j=2:0.054, j=3:0.056, j=4:0.057, j=5:0.047, j=6:0.054, j=7:0.049, j=8:0.045, j=9:0.060, j=10:0.054, j=11:0.054, j=12:0.050, j=13:0.050, j=14:0.045, j=15:0.059, j=16:0.064, j=17:0.048, j=18:0.060
      i=19 -> j=0:0.047, j=1:0.045, j=2:0.051, j=3:0.052, j=4:0.053, j=5:0.047, j=6:0.051, j=7:0.047, j=8:0.046, j=9:0.054, j=10:0.051, j=11:0.051, j=12:0.049, j=13:0.048, j=14:0.045, j=15:0.054, j=16:0.058, j=17:0.047, j=18:0.057, j=19:0.047
      i=20 -> j=0:0.045, j=1:0.041, j=2:0.050, j=3:0.052, j=4:0.053, j=5:0.044, j=6:0.049, j=7:0.045, j=8:0.043, j=9:0.052, j=10:0.048, j=11:0.049, j=12:0.047, j=13:0.047, j=14:0.043, j=15:0.051, j=16:0.057, j=17:0.045, j=18:0.059, j=19:0.044, j=20:0.038
      i=21 -> j=0:0.046, j=1:0.048, j=2:0.044, j=3:0.043, j=4:0.042, j=5:0.048, j=6:0.044, j=7:0.047, j=8:0.048, j=9:0.042, j=10:0.044, j=11:0.044, j=12:0.046, j=13:0.046, j=14:0.047, j=15:0.044, j=16:0.043, j=17:0.046, j=18:0.042, j=19:0.047, j=20:0.050, j=21:0.048
      i=22 -> j=0:0.043, j=1:0.041, j=2:0.044, j=3:0.044, j=4:0.045, j=5:0.041, j=6:0.045, j=7:0.042, j=8:0.040, j=9:0.048, j=10:0.045, j=11:0.045, j=12:0.043, j=13:0.042, j=14:0.038, j=15:0.049, j=16:0.050, j=17:0.040, j=18:0.045, j=19:0.043, j=20:0.042, j=21:0.042, j=22:0.044
      i=23 -> j=0:0.042, j=1:0.042, j=2:0.042, j=3:0.042, j=4:0.042, j=5:0.042, j=6:0.041, j=7:0.043, j=8:0.044, j=9:0.039, j=10:0.041, j=11:0.041, j=12:0.042, j=13:0.043, j=14:0.046, j=15:0.038, j=16:0.036, j=17:0.044, j=18:0.039, j=19:0.042, j=20:0.043, j=21:0.042, j=22:0.047, j=23:0.038
      i=24 -> j=0:0.041, j=1:0.043, j=2:0.039, j=3:0.039, j=4:0.038, j=5:0.041, j=6:0.039, j=7:0.041, j=8:0.043, j=9:0.038, j=10:0.040, j=11:0.040, j=12:0.040, j=13:0.040, j=14:0.041, j=15:0.040, j=16:0.040, j=17:0.040, j=18:0.040, j=19:0.040, j=20:0.041, j=21:0.042, j=22:0.033, j=23:0.047, j=24:0.034
      i=25 -> j=0:0.039, j=1:0.041, j=2:0.037, j=3:0.037, j=4:0.037, j=5:0.040, j=6:0.037, j=7:0.039, j=8:0.042, j=9:0.035, j=10:0.038, j=11:0.038, j=12:0.039, j=13:0.039, j=14:0.042, j=15:0.036, j=16:0.035, j=17:0.040, j=18:0.037, j=19:0.039, j=20:0.040, j=21:0.040, j=22:0.034, j=23:0.044, j=24:0.034, j=25:0.041
      i=26 -> j=0:0.037, j=1:0.038, j=2:0.037, j=3:0.037, j=4:0.037, j=5:0.037, j=6:0.037, j=7:0.037, j=8:0.038, j=9:0.036, j=10:0.037, j=11:0.037, j=12:0.037, j=13:0.037, j=14:0.037, j=15:0.037, j=16:0.037, j=17:0.037, j=18:0.037, j=19:0.037, j=20:0.037, j=21:0.037, j=22:0.035, j=23:0.039, j=24:0.035, j=25:0.038, j=26:0.037
      i=27 -> j=0:0.036, j=1:0.036, j=2:0.036, j=3:0.036, j=4:0.036, j=5:0.036, j=6:0.036, j=7:0.036, j=8:0.036, j=9:0.035, j=10:0.036, j=11:0.035, j=12:0.036, j=13:0.036, j=14:0.036, j=15:0.035, j=16:0.035, j=17:0.036, j=18:0.035, j=19:0.036, j=20:0.037, j=21:0.036, j=22:0.035, j=23:0.036, j=24:0.036, j=25:0.036, j=26:0.036, j=27:0.036
      i=28 -> j=0:0.034, j=1:0.034, j=2:0.034, j=3:0.034, j=4:0.034, j=5:0.034, j=6:0.035, j=7:0.034, j=8:0.034, j=9:0.035, j=10:0.034, j=11:0.035, j=12:0.035, j=13:0.034, j=14:0.033, j=15:0.037, j=16:0.038, j=17:0.033, j=18:0.037, j=19:0.034, j=20:0.031, j=21:0.032, j=22:0.040, j=23:0.031, j=24:0.037, j=25:0.035, j=26:0.033, j=27:0.036, j=28:0.033
      i=29 -> j=0:0.032, j=1:0.030, j=2:0.034, j=3:0.034, j=4:0.035, j=5:0.030, j=6:0.034, j=7:0.031, j=8:0.029, j=9:0.038, j=10:0.034, j=11:0.034, j=12:0.032, j=13:0.032, j=14:0.028, j=15:0.039, j=16:0.041, j=17:0.030, j=18:0.039, j=19:0.031, j=20:0.027, j=21:0.029, j=22:0.044, j=23:0.025, j=24:0.041, j=25:0.030, j=26:0.035, j=27:0.030, j=28:0.034, j=29:0.037
      i=30 -> j=0:0.033, j=1:0.035, j=2:0.031, j=3:0.031, j=4:0.030, j=5:0.035, j=6:0.031, j=7:0.034, j=8:0.036, j=9:0.029, j=10:0.031, j=11:0.031, j=12:0.033, j=13:0.033, j=14:0.037, j=15:0.028, j=16:0.027, j=17:0.035, j=18:0.028, j=19:0.034, j=20:0.038, j=21:0.036, j=22:0.025, j=23:0.040, j=24:0.026, j=25:0.035, j=26:0.029, j=27:0.037, j=28:0.031, j=29:0.029, j=30:0.032
      i=31 -> j=0:0.032, j=1:0.034, j=2:0.030, j=3:0.030, j=4:0.029, j=5:0.033, j=6:0.030, j=7:0.032, j=8:0.034, j=9:0.029, j=10:0.031, j=11:0.031, j=12:0.031, j=13:0.032, j=14:0.034, j=15:0.029, j=16:0.029, j=17:0.032, j=18:0.030, j=19:0.032, j=20:0.033, j=21:0.033, j=22:0.029, j=23:0.034, j=24:0.030, j=25:0.032, j=26:0.030, j=27:0.033, j=28:0.030, j=29:0.026, j=30:0.035, j=31:0.031
    Average attention per distance:
      d=0:0.122, d=1:0.102, d=2:0.088, d=3:0.080, d=4:0.071, d=5:0.064, d=6:0.060, d=7:0.060
      d=8:0.054, d=9:0.055, d=10:0.051, d=11:0.049, d=12:0.047, d=13:0.047, d=14:0.044, d=15:0.042
      d=16:0.043, d=17:0.041, d=18:0.040, d=19:0.039, d=20:0.038, d=21:0.036, d=22:0.036, d=23:0.037
      d=24:0.035, d=25:0.035, d=26:0.034, d=27:0.033, d=28:0.031, d=29:0.032, d=30:0.033, d=31:0.032

--- Layer 2 ---
  Head 0: Entropy=0.826
    Attention coefficients from each query position to previous positions:
      i= 0 -> j=0:1.000
      i= 1 -> j=0:0.933, j=1:0.067
      i= 2 -> j=0:0.139, j=1:0.813, j=2:0.048
      i= 3 -> j=0:0.003, j=1:0.345, j=2:0.630, j=3:0.022
      i= 4 -> j=0:0.000, j=1:0.003, j=2:0.148, j=3:0.797, j=4:0.052
      i= 5 -> j=0:0.000, j=1:0.000, j=2:0.004, j=3:0.451, j=4:0.542, j=5:0.003
      i= 6 -> j=0:0.000, j=1:0.000, j=2:0.000, j=3:0.012, j=4:0.560, j=5:0.256, j=6:0.172
      i= 7 -> j=0:0.000, j=1:0.000, j=2:0.000, j=3:0.000, j=4:0.007, j=5:0.480, j=6:0.440, j=7:0.073
      i= 8 -> j=0:0.001, j=1:0.000, j=2:0.000, j=3:0.000, j=4:0.000, j=5:0.002, j=6:0.645, j=7:0.328, j=8:0.023
      i= 9 -> j=0:0.001, j=1:0.000, j=2:0.000, j=3:0.000, j=4:0.000, j=5:0.000, j=6:0.001, j=7:0.093, j=8:0.888, j=9:0.017
      i=10 -> j=0:0.000, j=1:0.002, j=2:0.001, j=3:0.000, j=4:0.000, j=5:0.000, j=6:0.000, j=7:0.004, j=8:0.207, j=9:0.739, j=10:0.048
      i=11 -> j=0:0.000, j=1:0.001, j=2:0.003, j=3:0.001, j=4:0.000, j=5:0.000, j=6:0.000, j=7:0.000, j=8:0.003, j=9:0.343, j=10:0.604, j=11:0.044
      i=12 -> j=0:0.000, j=1:0.000, j=2:0.001, j=3:0.004, j=4:0.002, j=5:0.000, j=6:0.000, j=7:0.000, j=8:0.000, j=9:0.013, j=10:0.371, j=11:0.572, j=12:0.035
      i=13 -> j=0:0.000, j=1:0.000, j=2:0.000, j=3:0.003, j=4:0.006, j=5:0.001, j=6:0.000, j=7:0.000, j=8:0.000, j=9:0.000, j=10:0.020, j=11:0.611, j=12:0.334, j=13:0.025
      i=14 -> j=0:0.001, j=1:0.000, j=2:0.000, j=3:0.001, j=4:0.004, j=5:0.002, j=6:0.005, j=7:0.000, j=8:0.000, j=9:0.000, j=10:0.000, j=11:0.041, j=12:0.316, j=13:0.590, j=14:0.038
      i=15 -> j=0:0.000, j=1:0.000, j=2:0.000, j=3:0.000, j=4:0.000, j=5:0.000, j=6:0.001, j=7:0.000, j=8:0.000, j=9:0.000, j=10:0.000, j=11:0.000, j=12:0.002, j=13:0.153, j=14:0.824, j=15:0.020
      i=16 -> j=0:0.001, j=1:0.001, j=2:0.000, j=3:0.000, j=4:0.000, j=5:0.000, j=6:0.000, j=7:0.001, j=8:0.001, j=9:0.000, j=10:0.000, j=11:0.000, j=12:0.000, j=13:0.002, j=14:0.210, j=15:0.734, j=16:0.049
      i=17 -> j=0:0.000, j=1:0.000, j=2:0.001, j=3:0.001, j=4:0.000, j=5:0.000, j=6:0.000, j=7:0.000, j=8:0.000, j=9:0.002, j=10:0.000, j=11:0.000, j=12:0.000, j=13:0.000, j=14:0.001, j=15:0.426, j=16:0.564, j=17:0.004
      i=18 -> j=0:0.001, j=1:0.001, j=2:0.005, j=3:0.004, j=4:0.002, j=5:0.000, j=6:0.000, j=7:0.000, j=8:0.001, j=9:0.007, j=10:0.001, j=11:0.000, j=12:0.000, j=13:0.000, j=14:0.000, j=15:0.008, j=16:0.392, j=17:0.436, j=18:0.142
      i=19 -> j=0:0.000, j=1:0.000, j=2:0.000, j=3:0.001, j=4:0.001, j=5:0.001, j=6:0.000, j=7:0.000, j=8:0.000, j=9:0.000, j=10:0.005, j=11:0.004, j=12:0.000, j=13:0.000, j=14:0.000, j=15:0.000, j=16:0.007, j=17:0.465, j=18:0.400, j=19:0.114
      i=20 -> j=0:0.001, j=1:0.000, j=2:0.001, j=3:0.003, j=4:0.003, j=5:0.001, j=6:0.001, j=7:0.000, j=8:0.000, j=9:0.001, j=10:0.002, j=11:0.008, j=12:0.001, j=13:0.000, j=14:0.000, j=15:0.000, j=16:0.000, j=17:0.004, j=18:0.672, j=19:0.290, j=20:0.011
      i=21 -> j=0:0.003, j=1:0.001, j=2:0.001, j=3:0.001, j=4:0.002, j=5:0.001, j=6:0.004, j=7:0.000, j=8:0.000, j=9:0.000, j=10:0.000, j=11:0.001, j=12:0.003, j=13:0.001, j=14:0.000, j=15:0.000, j=16:0.000, j=17:0.000, j=18:0.017, j=19:0.291, j=20:0.567, j=21:0.105
      i=22 -> j=0:0.001, j=1:0.001, j=2:0.001, j=3:0.000, j=4:0.000, j=5:0.000, j=6:0.001, j=7:0.001, j=8:0.000, j=9:0.000, j=10:0.000, j=11:0.000, j=12:0.000, j=13:0.001, j=14:0.001, j=15:0.000, j=16:0.000, j=17:0.000, j=18:0.000, j=19:0.001, j=20:0.133, j=21:0.762, j=22:0.097
      i=23 -> j=0:0.001, j=1:0.002, j=2:0.002, j=3:0.002, j=4:0.001, j=5:0.000, j=6:0.001, j=7:0.001, j=8:0.001, j=9:0.001, j=10:0.000, j=11:0.000, j=12:0.000, j=13:0.001, j=14:0.002, j=15:0.002, j=16:0.000, j=17:0.000, j=18:0.000, j=19:0.000, j=20:0.006, j=21:0.440, j=22:0.486, j=23:0.053
      i=24 -> j=0:0.000, j=1:0.000, j=2:0.001, j=3:0.001, j=4:0.000, j=5:0.000, j=6:0.000, j=7:0.000, j=8:0.001, j=9:0.001, j=10:0.000, j=11:0.000, j=12:0.000, j=13:0.000, j=14:0.000, j=15:0.001, j=16:0.000, j=17:0.000, j=18:0.000, j=19:0.000, j=20:0.000, j=21:0.002, j=22:0.467, j=23:0.445, j=24:0.080
      i=25 -> j=0:0.000, j=1:0.000, j=2:0.001, j=3:0.003, j=4:0.003, j=5:0.001, j=6:0.001, j=7:0.000, j=8:0.000, j=9:0.002, j=10:0.003, j=11:0.001, j=12:0.000, j=13:0.000, j=14:0.000, j=15:0.001, j=16:0.005, j=17:0.001, j=18:0.000, j=19:0.000, j=20:0.000, j=21:0.000, j=22:0.004, j=23:0.277, j=24:0.594, j=25:0.101
      i=26 -> j=0:0.000, j=1:0.000, j=2:0.001, j=3:0.001, j=4:0.002, j=5:0.000, j=6:0.002, j=7:0.000, j=8:0.000, j=9:0.001, j=10:0.001, j=11:0.000, j=12:0.000, j=13:0.000, j=14:0.000, j=15:0.000, j=16:0.000, j=17:0.000, j=18:0.001, j=19:0.000, j=20:0.000, j=21:0.000, j=22:0.000, j=23:0.002, j=24:0.589, j=25:0.331, j=26:0.067
      i=27 -> j=0:0.002, j=1:0.001, j=2:0.001, j=3:0.002, j=4:0.002, j=5:0.002, j=6:0.004, j=7:0.001, j=8:0.001, j=9:0.001, j=10:0.002, j=11:0.005, j=12:0.002, j=13:0.001, j=14:0.000, j=15:0.000, j=16:0.000, j=17:0.001, j=18:0.006, j=19:0.002, j=20:0.000, j=21:0.000, j=22:0.000, j=23:0.000, j=24:0.010, j=25:0.526, j=26:0.340, j=27:0.087
      i=28 -> j=0:0.000, j=1:0.000, j=2:0.000, j=3:0.000, j=4:0.000, j=5:0.000, j=6:0.000, j=7:0.001, j=8:0.001, j=9:0.000, j=10:0.000, j=11:0.000, j=12:0.000, j=13:0.000, j=14:0.000, j=15:0.000, j=16:0.000, j=17:0.000, j=18:0.000, j=19:0.001, j=20:0.000, j=21:0.000, j=22:0.000, j=23:0.000, j=24:0.000, j=25:0.002, j=26:0.692, j=27:0.291, j=28:0.008
      i=29 -> j=0:0.001, j=1:0.002, j=2:0.001, j=3:0.000, j=4:0.000, j=5:0.001, j=6:0.001, j=7:0.003, j=8:0.005, j=9:0.001, j=10:0.000, j=11:0.000, j=12:0.001, j=13:0.002, j=14:0.003, j=15:0.000, j=16:0.000, j=17:0.000, j=18:0.000, j=19:0.000, j=20:0.002, j=21:0.001, j=22:0.000, j=23:0.000, j=24:0.000, j=25:0.000, j=26:0.042, j=27:0.329, j=28:0.554, j=29:0.049
      i=30 -> j=0:0.001, j=1:0.001, j=2:0.001, j=3:0.002, j=4:0.001, j=5:0.000, j=6:0.000, j=7:0.001, j=8:0.001, j=9:0.003, j=10:0.002, j=11:0.001, j=12:0.000, j=13:0.001, j=14:0.001, j=15:0.002, j=16:0.001, j=17:0.000, j=18:0.000, j=19:0.000, j=20:0.001, j=21:0.003, j=22:0.000, j=23:0.000, j=24:0.000, j=25:0.000, j=26:0.000, j=27:0.004, j=28:0.441, j=29:0.491, j=30:0.041
      i=31 -> j=0:0.000, j=1:0.000, j=2:0.002, j=3:0.003, j=4:0.002, j=5:0.000, j=6:0.001, j=7:0.000, j=8:0.000, j=9:0.005, j=10:0.002, j=11:0.001, j=12:0.000, j=13:0.000, j=14:0.000, j=15:0.003, j=16:0.002, j=17:0.000, j=18:0.000, j=19:0.000, j=20:0.000, j=21:0.000, j=22:0.005, j=23:0.001, j=24:0.000, j=25:0.000, j=26:0.000, j=27:0.000, j=28:0.007, j=29:0.769, j=30:0.138, j=31:0.055
    Average attention per distance:
      d=0:0.086, d=1:0.539, d=2:0.399

--- Layer 3 ---
  Head 0: Entropy=2.303
    Attention coefficients from each query position to previous positions:
      i= 0 -> j=0:1.000
      i= 1 -> j=0:0.644, j=1:0.356
      i= 2 -> j=0:0.350, j=1:0.209, j=2:0.442
      i= 3 -> j=0:0.219, j=1:0.152, j=2:0.312, j=3:0.318
      i= 4 -> j=0:0.047, j=1:0.032, j=2:0.080, j=3:0.109, j=4:0.732
      i= 5 -> j=0:0.040, j=1:0.029, j=2:0.063, j=3:0.090, j=4:0.456, j=5:0.323
      i= 6 -> j=0:0.041, j=1:0.030, j=2:0.057, j=3:0.080, j=4:0.277, j=5:0.252, j=6:0.263
      i= 7 -> j=0:0.051, j=1:0.042, j=2:0.070, j=3:0.094, j=4:0.206, j=5:0.212, j=6:0.256, j=7:0.070
      i= 8 -> j=0:0.063, j=1:0.053, j=2:0.076, j=3:0.096, j=4:0.143, j=5:0.165, j=6:0.227, j=7:0.118, j=8:0.059
      i= 9 -> j=0:0.062, j=1:0.052, j=2:0.075, j=3:0.091, j=4:0.140, j=5:0.147, j=6:0.191, j=7:0.128, j=8:0.073, j=9:0.041
      i=10 -> j=0:0.035, j=1:0.024, j=2:0.047, j=3:0.060, j=4:0.185, j=5:0.135, j=6:0.135, j=7:0.055, j=8:0.038, j=9:0.027, j=10:0.259
      i=11 -> j=0:0.022, j=1:0.015, j=2:0.028, j=3:0.037, j=4:0.126, j=5:0.092, j=6:0.084, j=7:0.030, j=8:0.023, j=9:0.020, j=10:0.148, j=11:0.377
      i=12 -> j=0:0.022, j=1:0.015, j=2:0.026, j=3:0.033, j=4:0.100, j=5:0.081, j=6:0.078, j=7:0.029, j=8:0.024, j=9:0.023, j=10:0.110, j=11:0.281, j=12:0.179
      i=13 -> j=0:0.021, j=1:0.014, j=2:0.023, j=3:0.029, j=4:0.081, j=5:0.069, j=6:0.072, j=7:0.025, j=8:0.020, j=9:0.020, j=10:0.079, j=11:0.187, j=12:0.155, j=13:0.208
      i=14 -> j=0:0.029, j=1:0.021, j=2:0.028, j=3:0.034, j=4:0.065, j=5:0.061, j=6:0.069, j=7:0.033, j=8:0.030, j=9:0.034, j=10:0.073, j=11:0.124, j=12:0.141, j=13:0.217, j=14:0.039
      i=15 -> j=0:0.037, j=1:0.026, j=2:0.032, j=3:0.037, j=4:0.064, j=5:0.060, j=6:0.068, j=7:0.038, j=8:0.034, j=9:0.036, j=10:0.076, j=11:0.104, j=12:0.116, j=13:0.181, j=14:0.055, j=15:0.035
      i=16 -> j=0:0.028, j=1:0.018, j=2:0.027, j=3:0.031, j=4:0.079, j=5:0.058, j=6:0.059, j=7:0.024, j=8:0.019, j=9:0.016, j=10:0.076, j=11:0.124, j=12:0.086, j=13:0.121, j=14:0.034, j=15:0.029, j=16:0.171
      i=17 -> j=0:0.020, j=1:0.013, j=2:0.020, j=3:0.024, j=4:0.063, j=5:0.045, j=6:0.042, j=7:0.015, j=8:0.011, j=9:0.010, j=10:0.053, j=11:0.097, j=12:0.056, j=13:0.066, j=14:0.019, j=15:0.019, j=16:0.104, j=17:0.322
      i=18 -> j=0:0.023, j=1:0.017, j=2:0.023, j=3:0.025, j=4:0.054, j=5:0.042, j=6:0.040, j=7:0.016, j=8:0.013, j=9:0.011, j=10:0.045, j=11:0.083, j=12:0.052, j=13:0.057, j=14:0.020, j=15:0.022, j=16:0.076, j=17:0.208, j=18:0.173
      i=19 -> j=0:0.031, j=1:0.023, j=2:0.030, j=3:0.030, j=4:0.048, j=5:0.038, j=6:0.036, j=7:0.018, j=8:0.015, j=9:0.014, j=10:0.041, j=11:0.072, j=12:0.052, j=13:0.058, j=14:0.026, j=15:0.032, j=16:0.073, j=17:0.162, j=18:0.170, j=19:0.032
      i=20 -> j=0:0.036, j=1:0.029, j=2:0.039, j=3:0.040, j=4:0.057, j=5:0.045, j=6:0.043, j=7:0.022, j=8:0.018, j=9:0.017, j=10:0.040, j=11:0.065, j=12:0.054, j=13:0.061, j=14:0.026, j=15:0.029, j=16:0.061, j=17:0.105, j=18:0.129, j=19:0.046, j=20:0.037
      i=21 -> j=0:0.039, j=1:0.035, j=2:0.045, j=3:0.047, j=4:0.062, j=5:0.049, j=6:0.045, j=7:0.027, j=8:0.023, j=9:0.021, j=10:0.038, j=11:0.053, j=12:0.048, j=13:0.055, j=14:0.029, j=15:0.031, j=16:0.056, j=17:0.076, j=18:0.088, j=19:0.053, j=20:0.044, j=21:0.036
      i=22 -> j=0:0.024, j=1:0.018, j=2:0.028, j=3:0.032, j=4:0.064, j=5:0.045, j=6:0.040, j=7:0.019, j=8:0.014, j=9:0.011, j=10:0.036, j=11:0.057, j=12:0.041, j=13:0.049, j=14:0.016, j=15:0.016, j=16:0.052, j=17:0.093, j=18:0.079, j=19:0.028, j=20:0.027, j=21:0.026, j=22:0.185
      i=23 -> j=0:0.025, j=1:0.018, j=2:0.028, j=3:0.033, j=4:0.069, j=5:0.050, j=6:0.043, j=7:0.020, j=8:0.015, j=9:0.011, j=10:0.030, j=11:0.045, j=12:0.032, j=13:0.038, j=14:0.014, j=15:0.014, j=16:0.043, j=17:0.081, j=18:0.067, j=19:0.027, j=20:0.029, j=21:0.031, j=22:0.189, j=23:0.049
      i=24 -> j=0:0.024, j=1:0.017, j=2:0.025, j=3:0.029, j=4:0.068, j=5:0.053, j=6:0.046, j=7:0.021, j=8:0.015, j=9:0.012, j=10:0.030, j=11:0.046, j=12:0.031, j=13:0.034, j=14:0.012, j=15:0.012, j=16:0.038, j=17:0.083, j=18:0.068, j=19:0.021, j=20:0.024, j=21:0.028, j=22:0.148, j=23:0.050, j=24:0.067
      i=25 -> j=0:0.031, j=1:0.024, j=2:0.030, j=3:0.033, j=4:0.058, j=5:0.053, j=6:0.053, j=7:0.030, j=8:0.023, j=9:0.018, j=10:0.031, j=11:0.039, j=12:0.029, j=13:0.030, j=14:0.015, j=15:0.015, j=16:0.033, j=17:0.062, j=18:0.058, j=19:0.023, j=20:0.029, j=21:0.035, j=22:0.101, j=23:0.058, j=24:0.076, j=25:0.015
      i=26 -> j=0:0.025, j=1:0.018, j=2:0.025, j=3:0.028, j=4:0.055, j=5:0.047, j=6:0.047, j=7:0.021, j=8:0.017, j=9:0.014, j=10:0.032, j=11:0.046, j=12:0.034, j=13:0.037, j=14:0.012, j=15:0.011, j=16:0.030, j=17:0.060, j=18:0.057, j=19:0.017, j=20:0.018, j=21:0.020, j=22:0.074, j=23:0.035, j=24:0.052, j=25:0.014, j=26:0.155
      i=27 -> j=0:0.028, j=1:0.022, j=2:0.030, j=3:0.031, j=4:0.049, j=5:0.042, j=6:0.045, j=7:0.025, j=8:0.020, j=9:0.018, j=10:0.037, j=11:0.044, j=12:0.031, j=13:0.031, j=14:0.013, j=15:0.012, j=16:0.026, j=17:0.044, j=18:0.045, j=19:0.017, j=20:0.019, j=21:0.021, j=22:0.063, j=23:0.037, j=24:0.052, j=25:0.020, j=26:0.147, j=27:0.032
      i=28 -> j=0:0.031, j=1:0.027, j=2:0.034, j=3:0.035, j=4:0.047, j=5:0.040, j=6:0.041, j=7:0.028, j=8:0.025, j=9:0.023, j=10:0.044, j=11:0.049, j=12:0.034, j=13:0.031, j=14:0.015, j=15:0.014, j=16:0.024, j=17:0.035, j=18:0.036, j=19:0.018, j=20:0.020, j=21:0.022, j=22:0.054, j=23:0.037, j=24:0.047, j=25:0.029, j=26:0.107, j=27:0.041, j=28:0.014
      i=29 -> j=0:0.019, j=1:0.014, j=2:0.021, j=3:0.025, j=4:0.051, j=5:0.037, j=6:0.035, j=7:0.016, j=8:0.012, j=9:0.010, j=10:0.035, j=11:0.048, j=12:0.030, j=13:0.030, j=14:0.011, j=15:0.009, j=16:0.026, j=17:0.048, j=18:0.039, j=19:0.011, j=20:0.012, j=21:0.013, j=22:0.062, j=23:0.022, j=24:0.028, j=25:0.009, j=26:0.070, j=27:0.023, j=28:0.010, j=29:0.227
      i=30 -> j=0:0.017, j=1:0.013, j=2:0.020, j=3:0.023, j=4:0.050, j=5:0.037, j=6:0.033, j=7:0.015, j=8:0.011, j=9:0.009, j=10:0.034, j=11:0.052, j=12:0.032, j=13:0.030, j=14:0.010, j=15:0.009, j=16:0.022, j=17:0.042, j=18:0.034, j=19:0.009, j=20:0.010, j=21:0.011, j=22:0.051, j=23:0.019, j=24:0.024, j=25:0.008, j=26:0.055, j=27:0.020, j=28:0.011, j=29:0.193, j=30:0.097
      i=31 -> j=0:0.021, j=1:0.016, j=2:0.023, j=3:0.026, j=4:0.049, j=5:0.040, j=6:0.037, j=7:0.019, j=8:0.015, j=9:0.013, j=10:0.033, j=11:0.050, j=12:0.036, j=13:0.036, j=14:0.015, j=15:0.013, j=16:0.023, j=17:0.036, j=18:0.031, j=19:0.011, j=20:0.012, j=21:0.013, j=22:0.041, j=23:0.019, j=24:0.024, j=25:0.009, j=26:0.047, j=27:0.022, j=28:0.017, j=29:0.117, j=30:0.082, j=31:0.050
    Average attention per distance:
      d=0:0.199, d=1:0.153, d=2:0.109, d=3:0.076, d=4:0.059, d=5:0.056, d=6:0.054, d=7:0.050
      d=8:0.043, d=9:0.037, d=10:0.031, d=11:0.029, d=12:0.030, d=13:0.030, d=14:0.028, d=15:0.027
      d=16:0.029, d=17:0.032, d=18:0.037, d=19:0.038, d=20:0.037, d=21:0.031, d=22:0.028, d=23:0.028
      d=24:0.030, d=25:0.034, d=26:0.033, d=27:0.030, d=28:0.023, d=29:0.018, d=30:0.017, d=31:0.021


======================================================================
QK Property Verification (Raw Scores, before Softmax)
======================================================================
Recurrence order init_len=2, num test sequences=1

--- [P1] Long-distance Orthogonality Verification ---
Ideal: raw_score mean ≈ 0 and small std when d > init_len

  Layer 0, Head 0:
    d= 1 (effective): mean= 11.328, std= 0.238, n=31
    d= 2 (effective): mean=  8.964, std= 0.299, n=30
    d>2 (long-distance): mean= -1.039, std= 2.396, n=435

  Layer 1, Head 0:
    d= 1 (effective): mean=  0.037, std= 0.097, n=31
    d= 2 (effective): mean=  0.026, std= 0.112, n=30
    d>2 (long-distance): mean=  0.003, std= 0.078, n=435

  Layer 2, Head 0:
    d= 1 (effective): mean=  6.720, std= 0.869, n=31
    d= 2 (effective): mean=  6.399, std= 0.635, n=30
    d>2 (long-distance): mean= -0.862, std= 2.104, n=435

  Layer 3, Head 0:
    d= 1 (effective): mean=  0.345, std= 0.908, n=31
    d= 2 (effective): mean=  0.146, std= 0.751, n=30
    d>2 (long-distance): mean= -0.439, std= 0.539, n=435

--- [P2] Time-homogeneous Verification ---
Ideal: CV of raw_score across positions i ≈ 0 for fixed distance d
(CV = std / |mean|, smaller = more constant)

  Layer 0, Head 0:
    d= 1: mean= 11.328, std= 0.238, CV=0.021, n=31
    d= 2: mean=  8.964, std= 0.299, CV=0.033, n=30

  Layer 1, Head 0:
    d= 1: mean=  0.037, std= 0.097, CV=2.634, n=31
    d= 2: mean=  0.026, std= 0.112, CV=4.372, n=30

  Layer 2, Head 0:
    d= 1: mean=  6.720, std= 0.869, CV=0.129, n=31
    d= 2: mean=  6.399, std= 0.635, CV=0.099, n=30

  Layer 3, Head 0:
    d= 1: mean=  0.345, std= 0.908, CV=2.633, n=31
    d= 2: mean=  0.146, std= 0.751, CV=5.134, n=30

======================================================================
QK Property Verification Completed
======================================================================
