=== Experiment: mixed_basic_d1024l4_r16_e70_50 ===
Time: 2026-06-25T22:01:35.210794
Task type: mixed_ab
Merged config: {
  "P": 53,
  "TASK": "mixed_ab",
  "NUM_MASK": 0,
  "A": 1,
  "B": 1,
  "AB_PAIRS": [
    [
      1,
      1
    ],
    [
      1,
      2
    ]
  ],
  "D_MODEL": 1024,
  "N_HEAD": 1,
  "N_LAYER": 4,
  "BATCH_SIZE": 128,
  "EPOCHS": 10000,
  "LR": 0.0003,
  "SAVE_PATH": "models/mixed_basic_d1024l4_r16_e70_50.pth",
  "USE_GREEDY_GENERATE": true,
  "USE_LEARNABLE_PE": false,
  "MLP_RATIO": 16,
  "TRAIN_LEN": 16,
  "OOD_LEN": 32,
  "DROPOUT": 0.0,
  "TARGET_INIT_COVERAGE": 0.5,
  "MAX_UNIQUE_RATIO": 0.5,
  "WEIGHT_DECAY": 1,
  "ENTROPY_PENALTY_WEIGHT": 0.0,
  "FIRST_TASK_WEIGHT": 1.0,
  "RANDOM_SEED": 42,
  "EVAL_INTERVAL": 20,
  "EARLY_STOP_NO_IMPROVE": 1000,
  "EARLY_STOP_ACCURACY": 0.99,
  "SKIP_FINAL_GENERATION_TEST": true,
  "USE_AB_TAG": false,
  "USE_CONDITIONAL_WTE": false,
  "COND_WTE_SHARED_RATIO": 0.0,
  "MIXED_AB_MAX_UNIQUE_RATIOS": [
    0.7,
    0.5
  ]
}
--- output ---
Using device: cuda

[Dataset] Mixed mode: generated 3458 + 2160 samples, length 16
AB parameter pairs: [(1, 1), (1, 2)]
  - AB=(1,1): train 2052 | test 757 | exposed ~73.1%
  - AB=(1,2): train 1406 | test 1403 | exposed ~50.1%
--------------------------------------------------
[Model config] block_size: 32, train length: 16
[Number theory] AB parameter pairs: [(1, 1), (1, 2)]


Model parameters: 151.68M

Start training...
Epoch   0 | Train: Loss=4.3888 Acc=3.7% | Test: Acc=0.7% | Best=0.7%(@0)
  from x3: 0.01 0.01 0.01 0.01 0.01 0.01 0.01 0.01 0.01 0.01 0.01 0.01 0.01
  per-rule acc: 0.01 0.01
Epoch  20 | Train: Loss=0.0193 Acc=99.6% | Test: Acc=2.5% | Best=2.5%(@20)
  from x3: 0.03 0.03 0.03 0.03 0.02 0.02 0.02 0.02 0.02 0.03 0.03 0.02 0.02
  per-rule acc: 0.03 0.02
Epoch  40 | Train: Loss=0.0178 Acc=99.6% | Test: Acc=2.5% | Best=2.5%(@40)
  from x3: 0.03 0.03 0.03 0.02 0.02 0.03 0.03 0.03 0.02 0.02 0.02 0.03 0.02
  per-rule acc: 0.05 0.01
Epoch  60 | Train: Loss=0.0023 Acc=99.9% | Test: Acc=2.5% | Best=2.5%(@40)
  from x3: 0.03 0.03 0.02 0.03 0.02 0.03 0.02 0.02 0.02 0.03 0.02 0.03 0.02
  per-rule acc: 0.03 0.02
Epoch  80 | Train: Loss=0.0027 Acc=99.9% | Test: Acc=2.3% | Best=2.5%(@40)
  from x3: 0.03 0.02 0.02 0.02 0.02 0.02 0.02 0.02 0.02 0.02 0.02 0.02 0.03
  per-rule acc: 0.03 0.02
Epoch 100 | Train: Loss=4.3051 Acc=2.3% | Test: Acc=1.2% | Best=2.5%(@40)
  from x3: 0.01 0.01 0.01 0.01 0.01 0.01 0.01 0.01 0.01 0.01 0.01 0.01 0.01
  per-rule acc: 0.01 0.01
Epoch 120 | Train: Loss=3.8679 Acc=10.9% | Test: Acc=1.3% | Best=2.5%(@40)
  from x3: 0.01 0.01 0.01 0.01 0.01 0.02 0.01 0.01 0.01 0.01 0.01 0.01 0.01
  per-rule acc: 0.01 0.01
Epoch 140 | Train: Loss=0.0886 Acc=98.3% | Test: Acc=1.7% | Best=2.5%(@40)
  from x3: 0.02 0.02 0.02 0.02 0.02 0.02 0.02 0.02 0.02 0.02 0.02 0.02 0.02
  per-rule acc: 0.02 0.02
Epoch 160 | Train: Loss=0.0218 Acc=99.7% | Test: Acc=1.7% | Best=2.5%(@40)
  from x3: 0.02 0.02 0.02 0.02 0.02 0.02 0.02 0.02 0.02 0.02 0.02 0.02 0.01
  per-rule acc: 0.02 0.01
Epoch 180 | Train: Loss=0.0203 Acc=99.7% | Test: Acc=1.8% | Best=2.5%(@40)
  from x3: 0.02 0.02 0.02 0.02 0.02 0.02 0.02 0.02 0.02 0.02 0.02 0.02 0.01
  per-rule acc: 0.02 0.02
Epoch 200 | Train: Loss=0.0338 Acc=99.7% | Test: Acc=1.4% | Best=2.5%(@40)
  from x3: 0.02 0.01 0.01 0.01 0.01 0.01 0.01 0.01 0.01 0.01 0.01 0.01 0.01
  per-rule acc: 0.02 0.01
Epoch 220 | Train: Loss=0.0037 Acc=99.9% | Test: Acc=1.7% | Best=2.5%(@40)
  from x3: 0.02 0.02 0.02 0.02 0.02 0.02 0.02 0.02 0.02 0.02 0.02 0.02 0.02
  per-rule acc: 0.02 0.02
Epoch 240 | Train: Loss=4.3098 Acc=2.1% | Test: Acc=1.3% | Best=2.5%(@40)
  from x3: 0.01 0.01 0.01 0.01 0.01 0.01 0.01 0.01 0.01 0.01 0.01 0.01 0.01
  per-rule acc: 0.01 0.01
Epoch 260 | Train: Loss=0.3733 Acc=93.5% | Test: Acc=1.8% | Best=2.5%(@40)
  from x3: 0.01 0.02 0.02 0.02 0.02 0.02 0.02 0.02 0.02 0.02 0.02 0.02 0.02
  per-rule acc: 0.02 0.02
Epoch 280 | Train: Loss=0.0058 Acc=99.9% | Test: Acc=1.8% | Best=2.5%(@40)
  from x3: 0.02 0.02 0.02 0.02 0.02 0.02 0.02 0.02 0.02 0.02 0.02 0.02 0.02
  per-rule acc: 0.02 0.02
Epoch 300 | Train: Loss=0.0254 Acc=99.7% | Test: Acc=1.9% | Best=2.5%(@40)
  from x3: 0.02 0.02 0.02 0.02 0.02 0.02 0.02 0.02 0.02 0.02 0.02 0.02 0.02
  per-rule acc: 0.02 0.02
Epoch 320 | Train: Loss=0.0048 Acc=99.9% | Test: Acc=1.9% | Best=2.5%(@40)
  from x3: 0.02 0.02 0.02 0.02 0.02 0.02 0.02 0.02 0.02 0.02 0.02 0.02 0.02
  per-rule acc: 0.02 0.02
Epoch 340 | Train: Loss=0.0034 Acc=99.9% | Test: Acc=2.1% | Best=2.5%(@40)
  from x3: 0.02 0.02 0.02 0.02 0.02 0.02 0.02 0.02 0.02 0.02 0.02 0.02 0.02
  per-rule acc: 0.03 0.02
Epoch 360 | Train: Loss=0.0099 Acc=99.9% | Test: Acc=2.1% | Best=2.5%(@40)
  from x3: 0.02 0.02 0.02 0.02 0.02 0.02 0.02 0.02 0.02 0.02 0.02 0.02 0.02
  per-rule acc: 0.02 0.02
Epoch 380 | Train: Loss=0.0038 Acc=99.9% | Test: Acc=2.0% | Best=2.5%(@40)
  from x3: 0.02 0.02 0.02 0.02 0.02 0.02 0.02 0.02 0.02 0.02 0.02 0.02 0.02
  per-rule acc: 0.02 0.02
Epoch 400 | Train: Loss=0.0028 Acc=99.9% | Test: Acc=1.9% | Best=2.5%(@40)
  from x3: 0.02 0.02 0.02 0.02 0.02 0.02 0.02 0.02 0.02 0.02 0.02 0.02 0.02
  per-rule acc: 0.02 0.02
Epoch 420 | Train: Loss=0.0107 Acc=99.9% | Test: Acc=1.8% | Best=2.5%(@40)
  from x3: 0.02 0.02 0.02 0.02 0.02 0.02 0.02 0.02 0.02 0.02 0.02 0.02 0.02
  per-rule acc: 0.03 0.01
Epoch 440 | Train: Loss=0.0032 Acc=99.9% | Test: Acc=1.9% | Best=2.5%(@40)
  from x3: 0.02 0.02 0.02 0.02 0.02 0.02 0.02 0.02 0.02 0.02 0.02 0.02 0.02
  per-rule acc: 0.02 0.02
Epoch 460 | Train: Loss=0.0023 Acc=99.9% | Test: Acc=1.6% | Best=2.5%(@40)
  from x3: 0.02 0.02 0.02 0.02 0.02 0.02 0.02 0.01 0.02 0.01 0.01 0.02 0.02
  per-rule acc: 0.02 0.01
Epoch 480 | Train: Loss=0.2697 Acc=98.3% | Test: Acc=1.8% | Best=2.5%(@40)
  from x3: 0.02 0.02 0.02 0.02 0.02 0.02 0.02 0.02 0.02 0.02 0.02 0.02 0.02
  per-rule acc: 0.02 0.02
Epoch 500 | Train: Loss=0.0027 Acc=99.9% | Test: Acc=1.9% | Best=2.5%(@40)
  from x3: 0.02 0.02 0.02 0.02 0.02 0.02 0.02 0.02 0.02 0.02 0.02 0.02 0.02
  per-rule acc: 0.02 0.02
Epoch 520 | Train: Loss=0.0026 Acc=99.9% | Test: Acc=1.8% | Best=2.5%(@40)
  from x3: 0.02 0.02 0.02 0.02 0.02 0.02 0.02 0.02 0.02 0.02 0.02 0.02 0.02
  per-rule acc: 0.02 0.02
Epoch 540 | Train: Loss=0.0028 Acc=99.9% | Test: Acc=1.8% | Best=2.5%(@40)
  from x3: 0.02 0.02 0.02 0.02 0.02 0.02 0.02 0.02 0.02 0.02 0.02 0.02 0.02
  per-rule acc: 0.02 0.02
Epoch 560 | Train: Loss=0.0021 Acc=99.9% | Test: Acc=1.9% | Best=2.5%(@40)
  from x3: 0.02 0.02 0.02 0.02 0.02 0.02 0.02 0.02 0.02 0.02 0.02 0.02 0.02
  per-rule acc: 0.03 0.01
Epoch 580 | Train: Loss=0.0043 Acc=99.9% | Test: Acc=1.9% | Best=2.5%(@40)
  from x3: 0.02 0.02 0.02 0.02 0.02 0.02 0.02 0.02 0.02 0.02 0.02 0.02 0.02
  per-rule acc: 0.03 0.01
Epoch 600 | Train: Loss=0.0026 Acc=99.9% | Test: Acc=2.0% | Best=2.5%(@40)
  from x3: 0.02 0.02 0.02 0.02 0.02 0.02 0.02 0.02 0.02 0.02 0.02 0.02 0.02
  per-rule acc: 0.02 0.02
Epoch 620 | Train: Loss=0.0017 Acc=99.9% | Test: Acc=2.1% | Best=2.5%(@40)
  from x3: 0.02 0.02 0.02 0.02 0.02 0.02 0.02 0.02 0.02 0.02 0.02 0.02 0.02
  per-rule acc: 0.03 0.02
Epoch 640 | Train: Loss=0.0027 Acc=99.9% | Test: Acc=2.1% | Best=2.5%(@40)
  from x3: 0.02 0.02 0.02 0.02 0.02 0.02 0.02 0.02 0.02 0.02 0.02 0.02 0.02
  per-rule acc: 0.03 0.02
Epoch 660 | Train: Loss=0.0018 Acc=99.9% | Test: Acc=2.2% | Best=2.5%(@40)
  from x3: 0.02 0.02 0.02 0.02 0.02 0.02 0.02 0.02 0.02 0.02 0.02 0.02 0.02
  per-rule acc: 0.03 0.02
Epoch 680 | Train: Loss=0.9030 Acc=93.3% | Test: Acc=1.8% | Best=2.5%(@40)
  from x3: 0.01 0.02 0.02 0.02 0.02 0.02 0.02 0.02 0.02 0.02 0.02 0.02 0.02
  per-rule acc: 0.03 0.01
Epoch 700 | Train: Loss=0.0020 Acc=99.9% | Test: Acc=2.5% | Best=2.5%(@40)
  from x3: 0.02 0.03 0.03 0.03 0.02 0.03 0.02 0.02 0.02 0.02 0.02 0.02 0.02
  per-rule acc: 0.03 0.02
Epoch 720 | Train: Loss=0.0170 Acc=99.9% | Test: Acc=2.1% | Best=2.5%(@40)
  from x3: 0.02 0.02 0.02 0.02 0.02 0.02 0.02 0.02 0.02 0.02 0.02 0.02 0.02
  per-rule acc: 0.03 0.01
Epoch 740 | Train: Loss=0.0020 Acc=99.9% | Test: Acc=2.5% | Best=2.5%(@40)
  from x3: 0.03 0.03 0.03 0.03 0.02 0.02 0.02 0.02 0.02 0.02 0.03 0.03 0.02
  per-rule acc: 0.03 0.02
Epoch 760 | Train: Loss=0.0015 Acc=99.9% | Test: Acc=2.1% | Best=2.5%(@40)
  from x3: 0.03 0.02 0.02 0.02 0.02 0.02 0.02 0.02 0.02 0.02 0.02 0.02 0.02
  per-rule acc: 0.03 0.01
Epoch 780 | Train: Loss=0.0022 Acc=99.9% | Test: Acc=2.6% | Best=2.6%(@780)
  from x3: 0.02 0.03 0.03 0.03 0.03 0.03 0.03 0.03 0.03 0.03 0.03 0.03 0.03
  per-rule acc: 0.03 0.02
Epoch 800 | Train: Loss=0.0016 Acc=99.9% | Test: Acc=2.4% | Best=2.6%(@780)
  from x3: 0.02 0.02 0.03 0.02 0.03 0.02 0.02 0.02 0.02 0.02 0.02 0.02 0.02
  per-rule acc: 0.04 0.02
Epoch 820 | Train: Loss=0.0021 Acc=99.9% | Test: Acc=2.7% | Best=2.7%(@820)
  from x3: 0.03 0.02 0.03 0.03 0.03 0.03 0.03 0.03 0.03 0.03 0.03 0.03 0.03
  per-rule acc: 0.04 0.02
Epoch 840 | Train: Loss=0.0015 Acc=99.9% | Test: Acc=2.3% | Best=2.7%(@820)
  from x3: 0.03 0.02 0.02 0.02 0.02 0.02 0.02 0.02 0.02 0.02 0.02 0.02 0.02
  per-rule acc: 0.04 0.02
Epoch 860 | Train: Loss=0.0024 Acc=99.9% | Test: Acc=2.6% | Best=2.7%(@820)
  from x3: 0.03 0.02 0.03 0.02 0.03 0.03 0.03 0.03 0.03 0.03 0.03 0.03 0.03
  per-rule acc: 0.04 0.02
Epoch 880 | Train: Loss=0.0017 Acc=99.9% | Test: Acc=2.3% | Best=2.7%(@820)
  from x3: 0.03 0.02 0.02 0.02 0.02 0.02 0.02 0.02 0.02 0.02 0.02 0.02 0.02
  per-rule acc: 0.04 0.02
Epoch 900 | Train: Loss=0.0017 Acc=99.9% | Test: Acc=2.5% | Best=2.7%(@820)
  from x3: 0.03 0.03 0.03 0.02 0.02 0.02 0.02 0.02 0.02 0.03 0.03 0.03 0.02
  per-rule acc: 0.04 0.02
Epoch 920 | Train: Loss=0.0020 Acc=99.9% | Test: Acc=2.9% | Best=2.9%(@920)
  from x3: 0.03 0.03 0.03 0.03 0.03 0.03 0.03 0.03 0.03 0.03 0.03 0.03 0.03
  per-rule acc: 0.05 0.02
Epoch 940 | Train: Loss=0.0016 Acc=99.9% | Test: Acc=2.8% | Best=2.9%(@920)
  from x3: 0.03 0.03 0.03 0.03 0.03 0.03 0.03 0.03 0.03 0.03 0.03 0.03 0.03
  per-rule acc: 0.05 0.02
Epoch 960 | Train: Loss=0.0020 Acc=99.9% | Test: Acc=2.7% | Best=2.9%(@920)
  from x3: 0.03 0.03 0.03 0.03 0.03 0.03 0.03 0.03 0.03 0.03 0.03 0.03 0.03
  per-rule acc: 0.04 0.02
Epoch 980 | Train: Loss=0.0014 Acc=99.9% | Test: Acc=2.8% | Best=2.9%(@920)
  from x3: 0.03 0.03 0.03 0.03 0.03 0.03 0.03 0.03 0.03 0.03 0.03 0.03 0.03
  per-rule acc: 0.05 0.02
Epoch 1000 | Train: Loss=0.0022 Acc=99.9% | Test: Acc=2.8% | Best=2.9%(@920)
  from x3: 0.03 0.03 0.03 0.03 0.03 0.03 0.03 0.03 0.03 0.03 0.03 0.03 0.03
  per-rule acc: 0.04 0.02
Epoch 1020 | Train: Loss=0.0014 Acc=99.9% | Test: Acc=3.6% | Best=3.6%(@1020)
  from x3: 0.03 0.03 0.04 0.03 0.04 0.04 0.04 0.04 0.04 0.04 0.04 0.04 0.04
  per-rule acc: 0.06 0.02
Epoch 1040 | Train: Loss=0.0020 Acc=99.9% | Test: Acc=3.0% | Best=3.6%(@1020)
  from x3: 0.03 0.03 0.03 0.03 0.03 0.03 0.03 0.03 0.03 0.03 0.03 0.03 0.03
  per-rule acc: 0.05 0.02
Epoch 1060 | Train: Loss=0.8653 Acc=91.6% | Test: Acc=4.0% | Best=4.0%(@1060)
  from x3: 0.04 0.04 0.04 0.04 0.04 0.04 0.04 0.04 0.04 0.04 0.04 0.04 0.04
  per-rule acc: 0.07 0.02
Epoch 1080 | Train: Loss=0.0017 Acc=99.9% | Test: Acc=3.7% | Best=4.0%(@1060)
  from x3: 0.04 0.04 0.04 0.04 0.04 0.04 0.04 0.04 0.04 0.04 0.04 0.04 0.03
  per-rule acc: 0.07 0.02
Epoch 1100 | Train: Loss=0.0021 Acc=99.9% | Test: Acc=3.7% | Best=4.0%(@1060)
  from x3: 0.04 0.04 0.04 0.04 0.04 0.04 0.04 0.04 0.04 0.04 0.04 0.04 0.04
  per-rule acc: 0.06 0.02
Epoch 1120 | Train: Loss=0.0015 Acc=99.9% | Test: Acc=4.1% | Best=4.1%(@1120)
  from x3: 0.05 0.04 0.04 0.04 0.04 0.04 0.04 0.04 0.04 0.04 0.04 0.04 0.04
  per-rule acc: 0.08 0.02
Epoch 1140 | Train: Loss=0.0023 Acc=99.9% | Test: Acc=4.1% | Best=4.1%(@1140)
  from x3: 0.05 0.04 0.04 0.04 0.04 0.04 0.04 0.04 0.04 0.04 0.04 0.04 0.04
  per-rule acc: 0.07 0.03
Epoch 1160 | Train: Loss=0.0016 Acc=99.9% | Test: Acc=5.2% | Best=5.2%(@1160)
  from x3: 0.06 0.05 0.05 0.06 0.05 0.05 0.05 0.05 0.05 0.05 0.05 0.05 0.05
  per-rule acc: 0.10 0.02
Epoch 1180 | Train: Loss=0.0025 Acc=99.9% | Test: Acc=5.2% | Best=5.2%(@1160)
  from x3: 0.06 0.05 0.05 0.05 0.05 0.05 0.05 0.05 0.05 0.05 0.05 0.05 0.05
  per-rule acc: 0.09 0.03
Epoch 1200 | Train: Loss=0.0014 Acc=99.9% | Test: Acc=7.7% | Best=7.7%(@1200)
  from x3: 0.08 0.08 0.08 0.08 0.08 0.08 0.08 0.08 0.07 0.07 0.07 0.07 0.07
  per-rule acc: 0.16 0.03
Epoch 1220 | Train: Loss=0.0019 Acc=99.9% | Test: Acc=7.7% | Best=7.7%(@1220)
  from x3: 0.08 0.08 0.08 0.08 0.08 0.08 0.08 0.08 0.08 0.08 0.08 0.08 0.08
  per-rule acc: 0.15 0.04
Epoch 1240 | Train: Loss=0.0022 Acc=99.9% | Test: Acc=7.5% | Best=7.7%(@1220)
  from x3: 0.07 0.07 0.07 0.08 0.07 0.07 0.07 0.07 0.08 0.08 0.08 0.08 0.08
  per-rule acc: 0.14 0.04
Epoch 1260 | Train: Loss=0.0017 Acc=99.9% | Test: Acc=10.8% | Best=10.8%(@1260)
  from x3: 0.11 0.11 0.11 0.11 0.11 0.11 0.11 0.11 0.11 0.11 0.11 0.11 0.11
  per-rule acc: 0.23 0.04
Epoch 1280 | Train: Loss=0.0020 Acc=99.9% | Test: Acc=10.1% | Best=10.8%(@1260)
  from x3: 0.10 0.10 0.10 0.10 0.10 0.10 0.10 0.10 0.10 0.10 0.10 0.10 0.10
  per-rule acc: 0.20 0.05
Epoch 1300 | Train: Loss=0.0015 Acc=99.9% | Test: Acc=18.0% | Best=18.0%(@1300)
  from x3: 0.17 0.18 0.18 0.18 0.18 0.18 0.18 0.18 0.18 0.18 0.18 0.18 0.18
  per-rule acc: 0.39 0.07
Epoch 1320 | Train: Loss=0.0019 Acc=99.9% | Test: Acc=16.8% | Best=18.0%(@1300)
  from x3: 0.17 0.17 0.17 0.16 0.17 0.17 0.17 0.17 0.17 0.17 0.17 0.17 0.17
  per-rule acc: 0.35 0.07
Epoch 1340 | Train: Loss=0.0015 Acc=99.9% | Test: Acc=28.4% | Best=28.4%(@1340)
  from x3: 0.29 0.29 0.29 0.28 0.28 0.28 0.28 0.28 0.28 0.28 0.28 0.28 0.28
  per-rule acc: 0.61 0.11
Epoch 1360 | Train: Loss=0.0019 Acc=99.9% | Test: Acc=28.0% | Best=28.4%(@1340)
  from x3: 0.29 0.29 0.28 0.28 0.28 0.28 0.28 0.28 0.28 0.28 0.28 0.28 0.28
  per-rule acc: 0.57 0.12
Epoch 1380 | Train: Loss=0.0018 Acc=99.9% | Test: Acc=38.4% | Best=38.4%(@1380)
  from x3: 0.39 0.39 0.38 0.38 0.38 0.38 0.38 0.38 0.38 0.38 0.39 0.38 0.38
  per-rule acc: 0.76 0.18
Epoch 1400 | Train: Loss=0.0019 Acc=99.9% | Test: Acc=38.8% | Best=38.8%(@1400)
  from x3: 0.38 0.39 0.39 0.39 0.39 0.39 0.39 0.39 0.39 0.39 0.39 0.39 0.39
  per-rule acc: 0.73 0.20
Epoch 1420 | Train: Loss=0.0021 Acc=99.9% | Test: Acc=40.5% | Best=40.5%(@1420)
  from x3: 0.40 0.40 0.41 0.40 0.40 0.40 0.41 0.41 0.41 0.41 0.41 0.41 0.40
  per-rule acc: 0.74 0.22
Epoch 1440 | Train: Loss=0.0021 Acc=99.9% | Test: Acc=55.7% | Best=55.7%(@1440)
  from x3: 0.56 0.56 0.56 0.56 0.55 0.55 0.56 0.56 0.56 0.56 0.56 0.55 0.55
  per-rule acc: 0.91 0.37
Epoch 1460 | Train: Loss=0.0322 Acc=99.8% | Test: Acc=56.5% | Best=56.5%(@1460)
  from x3: 0.57 0.57 0.56 0.56 0.56 0.56 0.56 0.56 0.57 0.56 0.56 0.57 0.56
  per-rule acc: 0.86 0.40
Epoch 1480 | Train: Loss=0.0021 Acc=99.9% | Test: Acc=65.2% | Best=65.2%(@1480)
  from x3: 0.66 0.66 0.66 0.65 0.65 0.65 0.65 0.65 0.65 0.65 0.65 0.65 0.65
  per-rule acc: 0.93 0.50
Epoch 1500 | Train: Loss=0.0023 Acc=99.9% | Test: Acc=65.4% | Best=65.4%(@1500)
  from x3: 0.66 0.65 0.66 0.65 0.65 0.65 0.66 0.65 0.65 0.65 0.65 0.65 0.65
  per-rule acc: 0.94 0.50
Epoch 1520 | Train: Loss=0.0017 Acc=99.9% | Test: Acc=75.0% | Best=75.0%(@1520)
  from x3: 0.77 0.75 0.75 0.75 0.75 0.75 0.75 0.75 0.75 0.75 0.75 0.75 0.75
  per-rule acc: 0.96 0.64
Epoch 1540 | Train: Loss=0.0022 Acc=99.9% | Test: Acc=75.6% | Best=75.6%(@1540)
  from x3: 0.76 0.76 0.76 0.75 0.76 0.75 0.76 0.76 0.76 0.76 0.76 0.76 0.76
  per-rule acc: 0.96 0.64
Epoch 1560 | Train: Loss=0.0019 Acc=99.9% | Test: Acc=81.3% | Best=81.3%(@1560)
  from x3: 0.83 0.81 0.81 0.81 0.81 0.81 0.81 0.81 0.81 0.81 0.81 0.81 0.81
  per-rule acc: 0.98 0.73
Epoch 1580 | Train: Loss=0.0019 Acc=99.9% | Test: Acc=84.5% | Best=84.5%(@1580)
  from x3: 0.85 0.85 0.84 0.85 0.84 0.84 0.84 0.84 0.84 0.84 0.85 0.84 0.85
  per-rule acc: 0.98 0.77
Epoch 1600 | Train: Loss=0.0023 Acc=99.9% | Test: Acc=82.8% | Best=84.5%(@1580)
  from x3: 0.84 0.83 0.83 0.83 0.83 0.83 0.83 0.83 0.83 0.83 0.83 0.83 0.83
  per-rule acc: 0.98 0.75
Epoch 1620 | Train: Loss=0.0018 Acc=99.9% | Test: Acc=88.6% | Best=88.6%(@1620)
  from x3: 0.89 0.89 0.89 0.88 0.88 0.88 0.88 0.88 0.88 0.88 0.88 0.89 0.89
  per-rule acc: 0.99 0.83
Epoch 1640 | Train: Loss=0.0022 Acc=99.9% | Test: Acc=88.8% | Best=88.8%(@1640)
  from x3: 0.90 0.89 0.89 0.89 0.89 0.89 0.89 0.89 0.89 0.89 0.89 0.89 0.89
  per-rule acc: 0.99 0.84
Epoch 1660 | Train: Loss=0.0016 Acc=99.9% | Test: Acc=91.2% | Best=91.2%(@1660)
  from x3: 0.92 0.92 0.91 0.91 0.91 0.91 0.91 0.91 0.91 0.91 0.91 0.91 0.91
  per-rule acc: 0.99 0.87
Epoch 1680 | Train: Loss=0.0022 Acc=99.9% | Test: Acc=92.4% | Best=92.4%(@1680)
  from x3: 0.92 0.93 0.92 0.92 0.92 0.92 0.93 0.93 0.93 0.93 0.93 0.92 0.93
  per-rule acc: 0.99 0.89
Epoch 1700 | Train: Loss=0.0235 Acc=99.9% | Test: Acc=87.3% | Best=92.4%(@1680)
  from x3: 0.85 0.88 0.87 0.87 0.87 0.87 0.87 0.88 0.87 0.88 0.88 0.88 0.88
  per-rule acc: 0.97 0.82
Epoch 1720 | Train: Loss=0.0018 Acc=99.9% | Test: Acc=94.7% | Best=94.7%(@1720)
  from x3: 0.94 0.95 0.94 0.95 0.95 0.95 0.95 0.95 0.95 0.95 0.95 0.95 0.95
  per-rule acc: 0.99 0.92
Epoch 1740 | Train: Loss=0.0022 Acc=99.9% | Test: Acc=94.7% | Best=94.7%(@1740)
  from x3: 0.95 0.95 0.95 0.95 0.95 0.95 0.95 0.95 0.95 0.95 0.95 0.95 0.95
  per-rule acc: 0.99 0.92
Epoch 1760 | Train: Loss=0.0015 Acc=99.9% | Test: Acc=95.2% | Best=95.2%(@1760)
  from x3: 0.95 0.96 0.95 0.95 0.95 0.95 0.95 0.95 0.95 0.95 0.95 0.95 0.95
  per-rule acc: 0.99 0.93
Epoch 1780 | Train: Loss=0.0021 Acc=99.9% | Test: Acc=96.4% | Best=96.4%(@1780)
  from x3: 0.96 0.97 0.96 0.96 0.96 0.96 0.96 0.96 0.97 0.97 0.97 0.97 0.97
  per-rule acc: 0.99 0.95
Epoch 1800 | Train: Loss=0.0023 Acc=99.9% | Test: Acc=96.2% | Best=96.4%(@1780)
  from x3: 0.96 0.96 0.96 0.96 0.96 0.96 0.96 0.96 0.96 0.96 0.96 0.96 0.96
  per-rule acc: 0.99 0.95
Epoch 1820 | Train: Loss=0.0016 Acc=99.9% | Test: Acc=96.3% | Best=96.4%(@1780)
  from x3: 0.96 0.97 0.96 0.96 0.96 0.96 0.96 0.96 0.96 0.97 0.96 0.96 0.96
  per-rule acc: 0.99 0.95
Epoch 1840 | Train: Loss=0.0021 Acc=99.9% | Test: Acc=96.9% | Best=96.9%(@1840)
  from x3: 0.97 0.97 0.97 0.97 0.97 0.97 0.97 0.97 0.97 0.97 0.97 0.97 0.97
  per-rule acc: 0.99 0.96
Epoch 1860 | Train: Loss=0.0032 Acc=99.9% | Test: Acc=95.8% | Best=96.9%(@1840)
  from x3: 0.94 0.96 0.96 0.96 0.96 0.96 0.96 0.96 0.96 0.96 0.96 0.96 0.96
  per-rule acc: 0.99 0.94
Epoch 1880 | Train: Loss=0.0019 Acc=99.9% | Test: Acc=97.3% | Best=97.3%(@1880)
  from x3: 0.97 0.98 0.97 0.97 0.97 0.97 0.97 0.97 0.97 0.97 0.97 0.97 0.97
  per-rule acc: 0.99 0.96
Epoch 1900 | Train: Loss=0.0022 Acc=99.9% | Test: Acc=97.1% | Best=97.3%(@1880)
  from x3: 0.97 0.97 0.97 0.97 0.97 0.97 0.97 0.97 0.97 0.97 0.97 0.97 0.97
  per-rule acc: 0.99 0.96
Epoch 1920 | Train: Loss=0.0014 Acc=99.9% | Test: Acc=96.9% | Best=97.3%(@1880)
  from x3: 0.96 0.97 0.97 0.97 0.97 0.97 0.97 0.97 0.97 0.97 0.97 0.97 0.97
  per-rule acc: 0.99 0.96
Epoch 1940 | Train: Loss=0.0020 Acc=99.9% | Test: Acc=97.7% | Best=97.7%(@1940)
  from x3: 0.97 0.98 0.98 0.98 0.98 0.98 0.98 0.98 0.98 0.98 0.98 0.98 0.98
  per-rule acc: 0.99 0.97
Epoch 1960 | Train: Loss=0.2639 Acc=98.5% | Test: Acc=89.5% | Best=97.7%(@1940)
  from x3: 0.89 0.90 0.89 0.89 0.89 0.89 0.90 0.90 0.90 0.90 0.90 0.90 0.90
  per-rule acc: 0.98 0.85
Epoch 1980 | Train: Loss=0.0018 Acc=99.9% | Test: Acc=97.9% | Best=97.9%(@1980)
  from x3: 0.98 0.98 0.98 0.98 0.98 0.98 0.98 0.98 0.98 0.98 0.98 0.98 0.98
  per-rule acc: 0.99 0.97
Epoch 2000 | Train: Loss=0.0022 Acc=99.9% | Test: Acc=98.0% | Best=98.0%(@2000)
  from x3: 0.97 0.98 0.98 0.98 0.98 0.98 0.98 0.98 0.98 0.98 0.98 0.98 0.98
  per-rule acc: 0.99 0.97
Epoch 2020 | Train: Loss=0.0014 Acc=99.9% | Test: Acc=97.4% | Best=98.0%(@2000)
  from x3: 0.97 0.98 0.97 0.97 0.97 0.97 0.97 0.97 0.97 0.98 0.98 0.97 0.97
  per-rule acc: 0.99 0.97
Epoch 2040 | Train: Loss=0.0020 Acc=99.9% | Test: Acc=98.2% | Best=98.2%(@2040)
  from x3: 0.98 0.98 0.98 0.98 0.98 0.98 0.98 0.98 0.98 0.98 0.98 0.98 0.98
  per-rule acc: 0.99 0.98
Epoch 2060 | Train: Loss=0.0030 Acc=99.9% | Test: Acc=97.6% | Best=98.2%(@2040)
  from x3: 0.97 0.98 0.98 0.98 0.98 0.98 0.98 0.98 0.98 0.98 0.98 0.98 0.98
  per-rule acc: 0.99 0.97
Epoch 2080 | Train: Loss=0.0016 Acc=99.9% | Test: Acc=98.0% | Best=98.2%(@2040)
  from x3: 0.97 0.98 0.98 0.98 0.98 0.98 0.98 0.98 0.98 0.98 0.98 0.98 0.98
  per-rule acc: 0.99 0.97
Epoch 2100 | Train: Loss=0.0022 Acc=99.9% | Test: Acc=98.2% | Best=98.2%(@2100)
  from x3: 0.98 0.98 0.98 0.98 0.98 0.98 0.98 0.98 0.98 0.98 0.98 0.98 0.98
  per-rule acc: 0.99 0.98
Epoch 2120 | Train: Loss=0.0014 Acc=99.9% | Test: Acc=97.9% | Best=98.2%(@2100)
  from x3: 0.97 0.98 0.98 0.98 0.98 0.98 0.98 0.98 0.98 0.98 0.98 0.98 0.98
  per-rule acc: 0.99 0.97
Epoch 2140 | Train: Loss=0.0021 Acc=99.9% | Test: Acc=98.2% | Best=98.2%(@2140)
  from x3: 0.98 0.98 0.98 0.98 0.98 0.98 0.98 0.98 0.98 0.98 0.98 0.98 0.98
  per-rule acc: 0.99 0.98
Epoch 2160 | Train: Loss=0.0240 Acc=99.9% | Test: Acc=95.2% | Best=98.2%(@2140)
  from x3: 0.94 0.95 0.95 0.95 0.95 0.95 0.95 0.96 0.95 0.96 0.95 0.96 0.96
  per-rule acc: 0.99 0.93
Epoch 2180 | Train: Loss=0.0018 Acc=99.9% | Test: Acc=98.1% | Best=98.2%(@2140)
  from x3: 0.97 0.98 0.98 0.98 0.98 0.98 0.98 0.98 0.98 0.98 0.98 0.98 0.98
  per-rule acc: 0.99 0.97
Epoch 2200 | Train: Loss=0.0022 Acc=99.9% | Test: Acc=98.2% | Best=98.2%(@2140)
  from x3: 0.98 0.98 0.98 0.98 0.98 0.98 0.98 0.98 0.98 0.98 0.98 0.98 0.98
  per-rule acc: 0.99 0.98
Epoch 2220 | Train: Loss=0.0016 Acc=99.9% | Test: Acc=98.2% | Best=98.2%(@2140)
  from x3: 0.97 0.98 0.98 0.98 0.98 0.98 0.98 0.98 0.98 0.98 0.98 0.98 0.98
  per-rule acc: 0.99 0.98
Epoch 2240 | Train: Loss=0.0021 Acc=99.9% | Test: Acc=98.4% | Best=98.4%(@2240)
  from x3: 0.97 0.98 0.98 0.98 0.98 0.98 0.98 0.99 0.99 0.98 0.98 0.98 0.98
  per-rule acc: 0.99 0.98
Epoch 2260 | Train: Loss=0.0066 Acc=99.9% | Test: Acc=96.5% | Best=98.4%(@2240)
  from x3: 0.95 0.97 0.96 0.96 0.96 0.96 0.97 0.96 0.97 0.97 0.97 0.97 0.97
  per-rule acc: 0.99 0.95
Epoch 2280 | Train: Loss=0.0018 Acc=99.9% | Test: Acc=98.4% | Best=98.4%(@2240)
  from x3: 0.98 0.99 0.98 0.98 0.98 0.98 0.98 0.99 0.98 0.98 0.98 0.98 0.98
  per-rule acc: 0.99 0.98
Epoch 2300 | Train: Loss=0.0022 Acc=99.9% | Test: Acc=98.6% | Best=98.6%(@2300)
  from x3: 0.98 0.98 0.99 0.99 0.99 0.99 0.99 0.99 0.99 0.99 0.99 0.99 0.99
  per-rule acc: 0.99 0.98
Epoch 2320 | Train: Loss=0.0015 Acc=99.9% | Test: Acc=98.3% | Best=98.6%(@2300)
  from x3: 0.97 0.98 0.98 0.98 0.98 0.98 0.98 0.98 0.98 0.98 0.98 0.98 0.98
  per-rule acc: 0.99 0.98
Epoch 2340 | Train: Loss=0.0020 Acc=99.9% | Test: Acc=98.5% | Best=98.6%(@2300)
  from x3: 0.98 0.98 0.99 0.99 0.99 0.99 0.99 0.99 0.99 0.99 0.98 0.99 0.99
  per-rule acc: 0.99 0.98
Epoch 2360 | Train: Loss=0.0200 Acc=99.9% | Test: Acc=90.2% | Best=98.6%(@2300)
  from x3: 0.87 0.90 0.90 0.90 0.90 0.90 0.90 0.91 0.91 0.91 0.91 0.91 0.91
  per-rule acc: 0.98 0.86
Epoch 2380 | Train: Loss=0.0017 Acc=99.9% | Test: Acc=98.4% | Best=98.6%(@2300)
  from x3: 0.97 0.99 0.98 0.99 0.99 0.98 0.99 0.99 0.99 0.99 0.99 0.99 0.99
  per-rule acc: 0.99 0.98
Epoch 2400 | Train: Loss=0.0021 Acc=99.9% | Test: Acc=98.6% | Best=98.6%(@2400)
  from x3: 0.98 0.99 0.99 0.99 0.99 0.99 0.99 0.99 0.99 0.99 0.99 0.99 0.99
  per-rule acc: 0.99 0.98
Epoch 2420 | Train: Loss=0.0016 Acc=99.9% | Test: Acc=98.5% | Best=98.6%(@2400)
  from x3: 0.97 0.98 0.99 0.99 0.99 0.99 0.99 0.99 0.99 0.99 0.99 0.99 0.99
  per-rule acc: 0.99 0.98
Epoch 2440 | Train: Loss=0.0021 Acc=99.9% | Test: Acc=98.4% | Best=98.6%(@2400)
  from x3: 0.98 0.99 0.98 0.98 0.99 0.98 0.98 0.98 0.98 0.99 0.99 0.99 0.99
  per-rule acc: 0.99 0.98
Epoch 2460 | Train: Loss=0.0015 Acc=99.9% | Test: Acc=98.3% | Best=98.6%(@2400)
  from x3: 0.98 0.98 0.98 0.98 0.98 0.98 0.98 0.98 0.98 0.98 0.98 0.98 0.98
  per-rule acc: 0.99 0.98
Epoch 2480 | Train: Loss=0.0020 Acc=99.9% | Test: Acc=98.4% | Best=98.6%(@2400)
  from x3: 0.98 0.98 0.98 0.98 0.98 0.98 0.98 0.98 0.99 0.98 0.98 0.98 0.98
  per-rule acc: 0.99 0.98
Epoch 2500 | Train: Loss=0.0015 Acc=99.9% | Test: Acc=98.1% | Best=98.6%(@2400)
  from x3: 0.97 0.98 0.98 0.98 0.98 0.98 0.98 0.98 0.98 0.98 0.98 0.98 0.98
  per-rule acc: 0.99 0.97
Epoch 2520 | Train: Loss=0.0020 Acc=99.9% | Test: Acc=98.5% | Best=98.6%(@2400)
  from x3: 0.98 0.99 0.98 0.98 0.98 0.99 0.99 0.99 0.99 0.99 0.99 0.99 0.99
  per-rule acc: 0.99 0.98
Epoch 2540 | Train: Loss=0.0015 Acc=99.9% | Test: Acc=98.1% | Best=98.6%(@2400)
  from x3: 0.97 0.98 0.98 0.98 0.98 0.98 0.98 0.98 0.98 0.98 0.98 0.98 0.98
  per-rule acc: 0.99 0.97
Epoch 2560 | Train: Loss=0.0019 Acc=99.9% | Test: Acc=98.5% | Best=98.6%(@2400)
  from x3: 0.98 0.98 0.98 0.98 0.98 0.99 0.98 0.99 0.99 0.99 0.99 0.99 0.99
  per-rule acc: 0.99 0.98
Epoch 2580 | Train: Loss=0.2324 Acc=97.9% | Test: Acc=92.4% | Best=98.6%(@2400)
  from x3: 0.90 0.93 0.92 0.92 0.93 0.92 0.93 0.93 0.93 0.93 0.93 0.93 0.93
  per-rule acc: 0.98 0.89
Epoch 2600 | Train: Loss=0.0017 Acc=99.9% | Test: Acc=98.3% | Best=98.6%(@2400)
  from x3: 0.98 0.98 0.98 0.98 0.98 0.98 0.98 0.98 0.98 0.98 0.98 0.98 0.98
  per-rule acc: 0.99 0.98
Epoch 2620 | Train: Loss=0.0021 Acc=99.9% | Test: Acc=98.5% | Best=98.6%(@2400)
  from x3: 0.98 0.98 0.98 0.98 0.99 0.99 0.99 0.99 0.99 0.99 0.99 0.99 0.99
  per-rule acc: 0.99 0.98
Epoch 2640 | Train: Loss=0.0015 Acc=99.9% | Test: Acc=98.4% | Best=98.6%(@2400)
  from x3: 0.98 0.98 0.98 0.98 0.98 0.98 0.98 0.99 0.98 0.99 0.99 0.99 0.99
  per-rule acc: 0.99 0.98
Epoch 2660 | Train: Loss=0.0021 Acc=99.9% | Test: Acc=98.5% | Best=98.6%(@2400)
  from x3: 0.98 0.99 0.99 0.99 0.99 0.99 0.99 0.99 0.99 0.99 0.99 0.99 0.99
  per-rule acc: 0.99 0.98
Epoch 2680 | Train: Loss=0.0014 Acc=99.9% | Test: Acc=98.5% | Best=98.6%(@2400)
  from x3: 0.97 0.99 0.99 0.99 0.99 0.99 0.99 0.99 0.99 0.99 0.99 0.99 0.99
  per-rule acc: 0.99 0.98
Epoch 2700 | Train: Loss=0.0019 Acc=99.9% | Test: Acc=98.6% | Best=98.6%(@2400)
  from x3: 0.98 0.98 0.99 0.99 0.99 0.99 0.99 0.99 0.99 0.99 0.99 0.99 0.99
  per-rule acc: 0.99 0.98
Epoch 2720 | Train: Loss=0.0030 Acc=99.9% | Test: Acc=98.4% | Best=98.6%(@2400)
  from x3: 0.98 0.98 0.98 0.98 0.99 0.99 0.99 0.99 0.99 0.99 0.99 0.99 0.99
  per-rule acc: 1.00 0.98
Epoch 2740 | Train: Loss=0.0016 Acc=99.9% | Test: Acc=98.4% | Best=98.6%(@2400)
  from x3: 0.98 0.98 0.98 0.98 0.98 0.98 0.99 0.99 0.98 0.99 0.99 0.99 0.99
  per-rule acc: 0.99 0.98
Epoch 2760 | Train: Loss=0.0022 Acc=99.9% | Test: Acc=98.6% | Best=98.6%(@2760)
  from x3: 0.98 0.98 0.99 0.99 0.99 0.99 0.99 0.99 0.99 0.99 0.99 0.99 0.99
  per-rule acc: 0.99 0.98
Epoch 2780 | Train: Loss=0.0015 Acc=99.9% | Test: Acc=98.4% | Best=98.6%(@2760)
  from x3: 0.98 0.98 0.98 0.98 0.98 0.98 0.98 0.99 0.99 0.99 0.99 0.99 0.99
  per-rule acc: 0.99 0.98
Epoch 2800 | Train: Loss=0.0020 Acc=99.9% | Test: Acc=98.5% | Best=98.6%(@2760)
  from x3: 0.98 0.99 0.99 0.99 0.99 0.99 0.99 0.99 0.99 0.99 0.99 0.99 0.99
  per-rule acc: 0.99 0.98
Epoch 2820 | Train: Loss=0.0021 Acc=99.9% | Test: Acc=98.7% | Best=98.7%(@2820)
  from x3: 0.98 0.99 0.99 0.99 0.99 0.99 0.99 0.99 0.99 0.99 0.99 0.99 0.99
  per-rule acc: 1.00 0.98
Epoch 2840 | Train: Loss=0.0015 Acc=99.9% | Test: Acc=98.4% | Best=98.7%(@2820)
  from x3: 0.98 0.98 0.98 0.98 0.98 0.99 0.98 0.99 0.98 0.99 0.99 0.99 0.99
  per-rule acc: 1.00 0.98
Epoch 2860 | Train: Loss=0.0020 Acc=99.9% | Test: Acc=98.6% | Best=98.7%(@2820)
  from x3: 0.98 0.99 0.99 0.99 0.99 0.99 0.99 0.99 0.99 0.99 0.99 0.99 0.99
  per-rule acc: 1.00 0.98
Epoch 2880 | Train: Loss=0.0014 Acc=99.9% | Test: Acc=98.4% | Best=98.7%(@2820)
  from x3: 0.98 0.98 0.98 0.98 0.98 0.98 0.99 0.99 0.98 0.98 0.98 0.99 0.99
  per-rule acc: 0.99 0.98
Epoch 2900 | Train: Loss=0.0020 Acc=99.9% | Test: Acc=98.7% | Best=98.7%(@2900)
  from x3: 0.98 0.98 0.99 0.99 0.99 0.99 0.99 0.99 0.99 0.99 0.99 0.99 0.99
  per-rule acc: 1.00 0.98
Epoch 2920 | Train: Loss=0.0014 Acc=99.9% | Test: Acc=98.4% | Best=98.7%(@2900)
  from x3: 0.97 0.98 0.98 0.98 0.98 0.98 0.99 0.99 0.99 0.99 0.99 0.99 0.99
  per-rule acc: 1.00 0.98
Epoch 2940 | Train: Loss=0.0019 Acc=99.9% | Test: Acc=98.6% | Best=98.7%(@2900)
  from x3: 0.98 0.98 0.99 0.99 0.99 0.99 0.99 0.99 0.99 0.99 0.99 0.99 0.99
  per-rule acc: 1.00 0.98
Epoch 2960 | Train: Loss=0.0014 Acc=99.9% | Test: Acc=98.3% | Best=98.7%(@2900)
  from x3: 0.97 0.98 0.98 0.98 0.98 0.98 0.98 0.98 0.98 0.98 0.98 0.98 0.99
  per-rule acc: 1.00 0.98
Epoch 2980 | Train: Loss=0.0019 Acc=99.9% | Test: Acc=98.6% | Best=98.7%(@2900)
  from x3: 0.98 0.98 0.99 0.99 0.99 0.99 0.99 0.99 0.99 0.99 0.99 0.99 0.99
  per-rule acc: 1.00 0.98
Epoch 3000 | Train: Loss=0.0038 Acc=99.9% | Test: Acc=97.8% | Best=98.7%(@2900)
  from x3: 0.96 0.98 0.98 0.98 0.98 0.98 0.98 0.98 0.98 0.98 0.98 0.98 0.98
  per-rule acc: 0.99 0.97
Epoch 3020 | Train: Loss=0.0018 Acc=99.9% | Test: Acc=98.6% | Best=98.7%(@2900)
  from x3: 0.98 0.98 0.99 0.99 0.99 0.99 0.99 0.99 0.99 0.99 0.99 0.99 0.99
  per-rule acc: 1.00 0.98
Epoch 3040 | Train: Loss=0.0020 Acc=99.9% | Test: Acc=98.7% | Best=98.7%(@2900)
  from x3: 0.98 0.99 0.99 0.99 0.99 0.99 0.99 0.99 0.99 0.99 0.99 0.99 0.99
  per-rule acc: 1.00 0.98
Epoch 3060 | Train: Loss=0.4749 Acc=88.7% | Test: Acc=10.6% | Best=98.7%(@2900)
  from x3: 0.13 0.12 0.11 0.11 0.10 0.10 0.10 0.10 0.10 0.10 0.10 0.10 0.10
  per-rule acc: 0.14 0.08
Epoch 3080 | Train: Loss=0.0015 Acc=99.9% | Test: Acc=98.6% | Best=98.7%(@2900)
  from x3: 0.97 0.98 0.98 0.99 0.99 0.99 0.99 0.99 0.99 0.99 0.99 0.99 0.99
  per-rule acc: 1.00 0.98
Epoch 3100 | Train: Loss=0.0019 Acc=99.9% | Test: Acc=98.7% | Best=98.7%(@3100)
  from x3: 0.98 0.99 0.99 0.99 0.99 0.99 0.99 0.99 0.99 0.99 0.99 0.99 0.99
  per-rule acc: 1.00 0.98
Epoch 3120 | Train: Loss=0.2916 Acc=97.8% | Test: Acc=91.9% | Best=98.7%(@3100)
  from x3: 0.89 0.92 0.91 0.92 0.92 0.92 0.92 0.92 0.92 0.93 0.93 0.93 0.93
  per-rule acc: 0.98 0.89
Epoch 3140 | Train: Loss=0.0016 Acc=99.9% | Test: Acc=98.7% | Best=98.7%(@3100)
  from x3: 0.98 0.98 0.99 0.99 0.99 0.99 0.99 0.99 0.99 0.99 0.99 0.99 0.99
  per-rule acc: 1.00 0.98
Epoch 3160 | Train: Loss=0.0020 Acc=99.9% | Test: Acc=98.7% | Best=98.7%(@3100)
  from x3: 0.98 0.99 0.99 0.99 0.99 0.99 0.99 0.99 0.99 0.99 0.99 0.99 0.99
  per-rule acc: 1.00 0.98
Epoch 3180 | Train: Loss=0.0015 Acc=99.9% | Test: Acc=98.4% | Best=98.7%(@3100)
  from x3: 0.97 0.98 0.98 0.98 0.98 0.98 0.99 0.98 0.99 0.99 0.99 0.99 0.99
  per-rule acc: 0.99 0.98
Epoch 3200 | Train: Loss=0.0018 Acc=99.9% | Test: Acc=98.6% | Best=98.7%(@3100)
  from x3: 0.98 0.98 0.99 0.99 0.99 0.99 0.99 0.99 0.99 0.99 0.99 0.99 0.99
  per-rule acc: 1.00 0.98
Epoch 3220 | Train: Loss=0.0021 Acc=99.9% | Test: Acc=98.8% | Best=98.8%(@3220)
  from x3: 0.98 0.99 0.99 0.99 0.99 0.99 0.99 0.99 0.99 0.99 0.99 0.99 0.99
  per-rule acc: 1.00 0.98
Epoch 3240 | Train: Loss=0.0015 Acc=99.9% | Test: Acc=98.7% | Best=98.8%(@3220)
  from x3: 0.98 0.98 0.99 0.99 0.99 0.99 0.99 0.99 0.99 0.99 0.99 0.99 0.99
  per-rule acc: 1.00 0.98
Epoch 3260 | Train: Loss=0.0020 Acc=99.9% | Test: Acc=98.7% | Best=98.8%(@3220)
  from x3: 0.98 0.99 0.99 0.99 0.99 0.99 0.99 0.99 0.99 0.99 0.99 0.99 0.99
  per-rule acc: 1.00 0.98
Epoch 3280 | Train: Loss=0.0014 Acc=99.9% | Test: Acc=98.6% | Best=98.8%(@3220)
  from x3: 0.97 0.98 0.99 0.98 0.99 0.99 0.99 0.99 0.99 0.99 0.99 0.99 0.99
  per-rule acc: 1.00 0.98
Epoch 3300 | Train: Loss=0.0018 Acc=99.9% | Test: Acc=98.8% | Best=98.8%(@3220)
  from x3: 0.98 0.99 0.99 0.99 0.99 0.99 0.99 0.99 0.99 0.99 0.99 0.99 0.99
  per-rule acc: 1.00 0.98
Epoch 3320 | Train: Loss=0.0026 Acc=99.9% | Test: Acc=98.8% | Best=98.8%(@3220)
  from x3: 0.98 0.99 0.99 0.99 0.99 0.99 0.99 0.99 0.99 0.99 0.99 0.99 0.99
  per-rule acc: 1.00 0.98
Epoch 3340 | Train: Loss=0.0016 Acc=99.9% | Test: Acc=98.8% | Best=98.8%(@3220)
  from x3: 0.98 0.99 0.99 0.99 0.99 0.99 0.99 0.99 0.99 0.99 0.99 0.99 0.99
  per-rule acc: 1.00 0.98
Epoch 3360 | Train: Loss=0.0020 Acc=99.9% | Test: Acc=98.9% | Best=98.9%(@3360)
  from x3: 0.98 0.99 0.99 0.99 0.99 0.99 0.99 0.99 0.99 0.99 0.99 0.99 0.99
  per-rule acc: 1.00 0.99
Epoch 3380 | Train: Loss=0.0016 Acc=99.9% | Test: Acc=98.7% | Best=98.9%(@3360)
  from x3: 0.97 0.99 0.99 0.99 0.99 0.99 0.99 0.99 0.99 0.99 0.99 0.99 0.99
  per-rule acc: 0.99 0.98
Epoch 3400 | Train: Loss=0.0017 Acc=99.9% | Test: Acc=98.8% | Best=98.9%(@3360)
  from x3: 0.98 0.99 0.99 0.99 0.99 0.99 0.99 0.99 0.99 0.99 0.99 0.99 0.99
  per-rule acc: 1.00 0.98
Epoch 3420 | Train: Loss=0.0020 Acc=99.9% | Test: Acc=98.9% | Best=98.9%(@3420)
  from x3: 0.98 0.99 0.99 0.99 0.99 0.99 0.99 0.99 0.99 0.99 0.99 0.99 0.99
  per-rule acc: 1.00 0.99
Epoch 3440 | Train: Loss=0.0015 Acc=99.9% | Test: Acc=98.8% | Best=98.9%(@3420)
  from x3: 0.98 0.99 0.99 0.99 0.99 0.99 0.99 0.99 0.99 0.99 0.99 0.99 0.99
  per-rule acc: 0.99 0.98
Epoch 3460 | Train: Loss=0.0019 Acc=99.9% | Test: Acc=98.9% | Best=98.9%(@3420)
  from x3: 0.98 0.99 0.99 0.99 0.99 0.99 0.99 0.99 0.99 0.99 0.99 0.99 0.99
  per-rule acc: 1.00 0.99
Epoch 3480 | Train: Loss=0.0173 Acc=99.9% | Test: Acc=96.7% | Best=98.9%(@3420)
  from x3: 0.94 0.96 0.96 0.97 0.97 0.97 0.97 0.97 0.97 0.97 0.97 0.97 0.97
  per-rule acc: 0.99 0.95
Epoch 3500 | Train: Loss=0.0017 Acc=99.9% | Test: Acc=99.0% | Best=99.0%(@3500)
  from x3: 0.98 0.99 0.99 0.99 0.99 0.99 0.99 0.99 0.99 0.99 0.99 0.99 0.99
  per-rule acc: 1.00 0.99
Epoch 3520 | Train: Loss=0.0020 Acc=99.9% | Test: Acc=99.0% | Best=99.0%(@3520)
  from x3: 0.98 0.99 0.99 0.99 0.99 0.99 0.99 0.99 0.99 0.99 0.99 0.99 0.99
  per-rule acc: 1.00 0.99
[Early stop] Epoch 3520: test set reached high accuracy

==================================================
Saving model...
[OK] Model saved to: /home/cxm/ai/test0626-unbalanced/models/mixed_basic_d1024l4_r16_e70_50.pth
  File size: 592552.7 KB
  Best test accuracy: 99.02%

[Config] SKIP_FINAL_GENERATION_TEST=true, skipping final generation test.

--- Return code: 0 ---

======================================================================
Attention Analysis
======================================================================
Model config: addition (default), p=53
Best test accuracy: 0.9901709401709402
Training epochs: 3520

Random test sequence 1/5 (length 32): [31, 36, 14, 50, 11, 8, 19, 27, 46, 20, 13, 33, 46, 26, 19, 45, 11, 3, 14, 17]...

======================================================================
Attention Layer Training Result Summary
======================================================================
Input sequence: [31, 36, 14, 50, 11, 8, 19, 27, 46, 20, 13, 33, 46, 26, 19, 45, 11, 3, 14, 17, 31, 48, 26, 21, 47, 15, 9, 24, 33, 4, 37, 41]

--- Layer 0 ---
  Head 0: Entropy=0.572
    Attention coefficients from each query position to previous positions:
      i= 0 -> j=0:1.000
      i= 1 -> j=0:0.872, j=1:0.128
      i= 2 -> j=0:0.055, j=1:0.825, j=2:0.120
      i= 3 -> j=0:0.000, j=1:0.081, j=2:0.808, j=3:0.111
      i= 4 -> j=0:0.000, j=1:0.000, j=2:0.078, j=3:0.800, j=4:0.122
      i= 5 -> j=0:0.000, j=1:0.000, j=2:0.000, j=3:0.067, j=4:0.758, j=5:0.175
      i= 6 -> j=0:0.000, j=1:0.000, j=2:0.000, j=3:0.000, j=4:0.047, j=5:0.856, j=6:0.097
      i= 7 -> j=0:0.000, j=1:0.000, j=2:0.000, j=3:0.000, j=4:0.000, j=5:0.056, j=6:0.843, j=7:0.101
      i= 8 -> j=0:0.000, j=1:0.000, j=2:0.000, j=3:0.000, j=4:0.000, j=5:0.000, j=6:0.058, j=7:0.834, j=8:0.107
      i= 9 -> j=0:0.000, j=1:0.000, j=2:0.000, j=3:0.000, j=4:0.000, j=5:0.000, j=6:0.000, j=7:0.073, j=8:0.803, j=9:0.124
      i=10 -> j=0:0.000, j=1:0.000, j=2:0.000, j=3:0.000, j=4:0.000, j=5:0.000, j=6:0.000, j=7:0.000, j=8:0.062, j=9:0.826, j=10:0.111
      i=11 -> j=0:0.000, j=1:0.000, j=2:0.000, j=3:0.000, j=4:0.000, j=5:0.000, j=6:0.000, j=7:0.000, j=8:0.000, j=9:0.061, j=10:0.803, j=11:0.135
      i=12 -> j=0:0.000, j=1:0.000, j=2:0.000, j=3:0.000, j=4:0.000, j=5:0.000, j=6:0.000, j=7:0.000, j=8:0.000, j=9:0.000, j=10:0.055, j=11:0.827, j=12:0.118
      i=13 -> j=0:0.000, j=1:0.000, j=2:0.000, j=3:0.000, j=4:0.000, j=5:0.000, j=6:0.000, j=7:0.000, j=8:0.000, j=9:0.000, j=10:0.000, j=11:0.070, j=12:0.815, j=13:0.115
      i=14 -> j=0:0.000, j=1:0.000, j=2:0.000, j=3:0.000, j=4:0.000, j=5:0.000, j=6:0.000, j=7:0.000, j=8:0.000, j=9:0.000, j=10:0.000, j=11:0.000, j=12:0.046, j=13:0.859, j=14:0.094
      i=15 -> j=0:0.000, j=1:0.000, j=2:0.000, j=3:0.000, j=4:0.000, j=5:0.000, j=6:0.000, j=7:0.000, j=8:0.000, j=9:0.000, j=10:0.000, j=11:0.000, j=12:0.000, j=13:0.062, j=14:0.812, j=15:0.126
      i=16 -> j=0:0.000, j=1:0.000, j=2:0.000, j=3:0.000, j=4:0.000, j=5:0.000, j=6:0.000, j=7:0.000, j=8:0.000, j=9:0.000, j=10:0.000, j=11:0.000, j=12:0.000, j=13:0.000, j=14:0.087, j=15:0.791, j=16:0.121
      i=17 -> j=0:0.000, j=1:0.000, j=2:0.000, j=3:0.000, j=4:0.000, j=5:0.000, j=6:0.000, j=7:0.000, j=8:0.000, j=9:0.000, j=10:0.000, j=11:0.000, j=12:0.000, j=13:0.000, j=14:0.000, j=15:0.049, j=16:0.796, j=17:0.154
      i=18 -> j=0:0.000, j=1:0.000, j=2:0.000, j=3:0.000, j=4:0.000, j=5:0.000, j=6:0.000, j=7:0.000, j=8:0.000, j=9:0.000, j=10:0.000, j=11:0.000, j=12:0.000, j=13:0.000, j=14:0.000, j=15:0.000, j=16:0.049, j=17:0.830, j=18:0.121
      i=19 -> j=0:0.000, j=1:0.000, j=2:0.000, j=3:0.000, j=4:0.000, j=5:0.000, j=6:0.000, j=7:0.000, j=8:0.000, j=9:0.000, j=10:0.000, j=11:0.000, j=12:0.000, j=13:0.000, j=14:0.000, j=15:0.000, j=16:0.000, j=17:0.050, j=18:0.830, j=19:0.120
      i=20 -> j=0:0.000, j=1:0.000, j=2:0.000, j=3:0.000, j=4:0.000, j=5:0.000, j=6:0.000, j=7:0.000, j=8:0.000, j=9:0.000, j=10:0.000, j=11:0.000, j=12:0.000, j=13:0.000, j=14:0.000, j=15:0.000, j=16:0.000, j=17:0.000, j=18:0.059, j=19:0.810, j=20:0.131
      i=21 -> j=0:0.000, j=1:0.000, j=2:0.000, j=3:0.000, j=4:0.000, j=5:0.000, j=6:0.000, j=7:0.000, j=8:0.000, j=9:0.000, j=10:0.000, j=11:0.000, j=12:0.000, j=13:0.000, j=14:0.000, j=15:0.000, j=16:0.000, j=17:0.000, j=18:0.000, j=19:0.089, j=20:0.804, j=21:0.107
      i=22 -> j=0:0.000, j=1:0.000, j=2:0.000, j=3:0.000, j=4:0.000, j=5:0.000, j=6:0.000, j=7:0.000, j=8:0.000, j=9:0.000, j=10:0.000, j=11:0.000, j=12:0.000, j=13:0.000, j=14:0.000, j=15:0.000, j=16:0.000, j=17:0.000, j=18:0.000, j=19:0.000, j=20:0.067, j=21:0.820, j=22:0.113
      i=23 -> j=0:0.000, j=1:0.000, j=2:0.000, j=3:0.000, j=4:0.000, j=5:0.000, j=6:0.000, j=7:0.000, j=8:0.000, j=9:0.000, j=10:0.000, j=11:0.000, j=12:0.000, j=13:0.000, j=14:0.000, j=15:0.000, j=16:0.000, j=17:0.000, j=18:0.000, j=19:0.000, j=20:0.000, j=21:0.066, j=22:0.808, j=23:0.126
      i=24 -> j=0:0.000, j=1:0.000, j=2:0.000, j=3:0.000, j=4:0.000, j=5:0.000, j=6:0.000, j=7:0.000, j=8:0.000, j=9:0.000, j=10:0.000, j=11:0.000, j=12:0.000, j=13:0.000, j=14:0.000, j=15:0.000, j=16:0.000, j=17:0.000, j=18:0.000, j=19:0.000, j=20:0.000, j=21:0.000, j=22:0.055, j=23:0.824, j=24:0.121
      i=25 -> j=0:0.000, j=1:0.000, j=2:0.000, j=3:0.000, j=4:0.000, j=5:0.000, j=6:0.000, j=7:0.000, j=8:0.000, j=9:0.000, j=10:0.000, j=11:0.000, j=12:0.000, j=13:0.000, j=14:0.000, j=15:0.000, j=16:0.000, j=17:0.000, j=18:0.000, j=19:0.000, j=20:0.000, j=21:0.000, j=22:0.000, j=23:0.053, j=24:0.823, j=25:0.124
      i=26 -> j=0:0.000, j=1:0.000, j=2:0.000, j=3:0.000, j=4:0.000, j=5:0.000, j=6:0.000, j=7:0.000, j=8:0.000, j=9:0.000, j=10:0.000, j=11:0.000, j=12:0.000, j=13:0.000, j=14:0.000, j=15:0.000, j=16:0.000, j=17:0.000, j=18:0.000, j=19:0.000, j=20:0.000, j=21:0.000, j=22:0.000, j=23:0.000, j=24:0.056, j=25:0.813, j=26:0.130
      i=27 -> j=0:0.000, j=1:0.000, j=2:0.000, j=3:0.000, j=4:0.000, j=5:0.000, j=6:0.000, j=7:0.000, j=8:0.000, j=9:0.000, j=10:0.000, j=11:0.000, j=12:0.000, j=13:0.000, j=14:0.000, j=15:0.000, j=16:0.000, j=17:0.000, j=18:0.000, j=19:0.000, j=20:0.000, j=21:0.000, j=22:0.000, j=23:0.000, j=24:0.000, j=25:0.083, j=26:0.816, j=27:0.100
      i=28 -> j=0:0.000, j=1:0.000, j=2:0.000, j=3:0.000, j=4:0.000, j=5:0.000, j=6:0.000, j=7:0.000, j=8:0.000, j=9:0.000, j=10:0.000, j=11:0.000, j=12:0.000, j=13:0.000, j=14:0.000, j=15:0.000, j=16:0.000, j=17:0.000, j=18:0.000, j=19:0.000, j=20:0.000, j=21:0.000, j=22:0.000, j=23:0.000, j=24:0.000, j=25:0.000, j=26:0.063, j=27:0.805, j=28:0.131
      i=29 -> j=0:0.000, j=1:0.000, j=2:0.000, j=3:0.000, j=4:0.000, j=5:0.000, j=6:0.000, j=7:0.000, j=8:0.000, j=9:0.000, j=10:0.000, j=11:0.000, j=12:0.000, j=13:0.000, j=14:0.000, j=15:0.000, j=16:0.000, j=17:0.000, j=18:0.000, j=19:0.000, j=20:0.000, j=21:0.000, j=22:0.000, j=23:0.000, j=24:0.000, j=25:0.000, j=26:0.000, j=27:0.058, j=28:0.792, j=29:0.150
      i=30 -> j=0:0.000, j=1:0.000, j=2:0.000, j=3:0.000, j=4:0.000, j=5:0.000, j=6:0.000, j=7:0.000, j=8:0.000, j=9:0.000, j=10:0.000, j=11:0.000, j=12:0.000, j=13:0.000, j=14:0.000, j=15:0.000, j=16:0.000, j=17:0.000, j=18:0.000, j=19:0.000, j=20:0.000, j=21:0.000, j=22:0.000, j=23:0.000, j=24:0.000, j=25:0.000, j=26:0.000, j=27:0.000, j=28:0.081, j=29:0.810, j=30:0.109
      i=31 -> j=0:0.000, j=1:0.000, j=2:0.000, j=3:0.000, j=4:0.000, j=5:0.000, j=6:0.000, j=7:0.000, j=8:0.000, j=9:0.000, j=10:0.000, j=11:0.000, j=12:0.000, j=13:0.000, j=14:0.000, j=15:0.000, j=16:0.000, j=17:0.000, j=18:0.000, j=19:0.000, j=20:0.000, j=21:0.000, j=22:0.000, j=23:0.000, j=24:0.000, j=25:0.000, j=26:0.000, j=27:0.000, j=28:0.000, j=29:0.068, j=30:0.800, j=31:0.132
    Average attention per distance:
      d=0:0.149, d=1:0.817, d=2:0.063

--- Layer 1 ---
  Head 0: Entropy=0.498
    Attention coefficients from each query position to previous positions:
      i= 0 -> j=0:1.000
      i= 1 -> j=0:0.997, j=1:0.003
      i= 2 -> j=0:0.909, j=1:0.090, j=2:0.000
      i= 3 -> j=0:0.058, j=1:0.812, j=2:0.130, j=3:0.001
      i= 4 -> j=0:0.000, j=1:0.069, j=2:0.848, j=3:0.082, j=4:0.000
      i= 5 -> j=0:0.000, j=1:0.000, j=2:0.078, j=3:0.834, j=4:0.088, j=5:0.000
      i= 6 -> j=0:0.000, j=1:0.000, j=2:0.000, j=3:0.053, j=4:0.875, j=5:0.072, j=6:0.000
      i= 7 -> j=0:0.000, j=1:0.000, j=2:0.000, j=3:0.000, j=4:0.060, j=5:0.772, j=6:0.168, j=7:0.000
      i= 8 -> j=0:0.000, j=1:0.000, j=2:0.000, j=3:0.000, j=4:0.000, j=5:0.055, j=6:0.898, j=7:0.047, j=8:0.000
      i= 9 -> j=0:0.000, j=1:0.000, j=2:0.000, j=3:0.000, j=4:0.000, j=5:0.000, j=6:0.068, j=7:0.817, j=8:0.115, j=9:0.000
      i=10 -> j=0:0.000, j=1:0.000, j=2:0.000, j=3:0.000, j=4:0.000, j=5:0.000, j=6:0.000, j=7:0.049, j=8:0.884, j=9:0.067, j=10:0.000
      i=11 -> j=0:0.000, j=1:0.000, j=2:0.000, j=3:0.000, j=4:0.000, j=5:0.000, j=6:0.000, j=7:0.000, j=8:0.083, j=9:0.846, j=10:0.071, j=11:0.000
      i=12 -> j=0:0.000, j=1:0.000, j=2:0.000, j=3:0.000, j=4:0.000, j=5:0.000, j=6:0.000, j=7:0.000, j=8:0.000, j=9:0.061, j=10:0.843, j=11:0.096, j=12:0.000
      i=13 -> j=0:0.000, j=1:0.000, j=2:0.000, j=3:0.000, j=4:0.000, j=5:0.000, j=6:0.000, j=7:0.000, j=8:0.000, j=9:0.000, j=10:0.063, j=11:0.832, j=12:0.105, j=13:0.000
      i=14 -> j=0:0.000, j=1:0.000, j=2:0.000, j=3:0.000, j=4:0.000, j=5:0.000, j=6:0.000, j=7:0.000, j=8:0.000, j=9:0.000, j=10:0.000, j=11:0.052, j=12:0.891, j=13:0.057, j=14:0.000
      i=15 -> j=0:0.000, j=1:0.000, j=2:0.000, j=3:0.000, j=4:0.000, j=5:0.000, j=6:0.000, j=7:0.000, j=8:0.000, j=9:0.000, j=10:0.000, j=11:0.000, j=12:0.087, j=13:0.803, j=14:0.110, j=15:0.000
      i=16 -> j=0:0.000, j=1:0.000, j=2:0.000, j=3:0.000, j=4:0.000, j=5:0.000, j=6:0.000, j=7:0.000, j=8:0.000, j=9:0.000, j=10:0.000, j=11:0.000, j=12:0.000, j=13:0.028, j=14:0.913, j=15:0.058, j=16:0.000
      i=17 -> j=0:0.000, j=1:0.000, j=2:0.000, j=3:0.000, j=4:0.000, j=5:0.000, j=6:0.000, j=7:0.000, j=8:0.000, j=9:0.000, j=10:0.000, j=11:0.000, j=12:0.000, j=13:0.000, j=14:0.090, j=15:0.827, j=16:0.082, j=17:0.000
      i=18 -> j=0:0.000, j=1:0.000, j=2:0.000, j=3:0.000, j=4:0.000, j=5:0.000, j=6:0.000, j=7:0.000, j=8:0.000, j=9:0.000, j=10:0.000, j=11:0.000, j=12:0.000, j=13:0.000, j=14:0.000, j=15:0.082, j=16:0.851, j=17:0.067, j=18:0.000
      i=19 -> j=0:0.000, j=1:0.000, j=2:0.000, j=3:0.000, j=4:0.000, j=5:0.000, j=6:0.000, j=7:0.000, j=8:0.000, j=9:0.000, j=10:0.000, j=11:0.000, j=12:0.000, j=13:0.000, j=14:0.000, j=15:0.000, j=16:0.085, j=17:0.820, j=18:0.095, j=19:0.000
      i=20 -> j=0:0.000, j=1:0.000, j=2:0.000, j=3:0.000, j=4:0.000, j=5:0.000, j=6:0.000, j=7:0.000, j=8:0.000, j=9:0.000, j=10:0.000, j=11:0.000, j=12:0.000, j=13:0.000, j=14:0.000, j=15:0.000, j=16:0.000, j=17:0.057, j=18:0.842, j=19:0.100, j=20:0.000
      i=21 -> j=0:0.000, j=1:0.000, j=2:0.000, j=3:0.000, j=4:0.000, j=5:0.000, j=6:0.000, j=7:0.000, j=8:0.000, j=9:0.000, j=10:0.000, j=11:0.000, j=12:0.000, j=13:0.000, j=14:0.000, j=15:0.000, j=16:0.000, j=17:0.000, j=18:0.045, j=19:0.833, j=20:0.121, j=21:0.000
      i=22 -> j=0:0.000, j=1:0.000, j=2:0.000, j=3:0.000, j=4:0.000, j=5:0.000, j=6:0.000, j=7:0.000, j=8:0.000, j=9:0.000, j=10:0.000, j=11:0.000, j=12:0.000, j=13:0.000, j=14:0.000, j=15:0.000, j=16:0.000, j=17:0.000, j=18:0.000, j=19:0.062, j=20:0.867, j=21:0.071, j=22:0.000
      i=23 -> j=0:0.000, j=1:0.000, j=2:0.000, j=3:0.000, j=4:0.000, j=5:0.000, j=6:0.000, j=7:0.000, j=8:0.000, j=9:0.000, j=10:0.000, j=11:0.000, j=12:0.000, j=13:0.000, j=14:0.000, j=15:0.000, j=16:0.000, j=17:0.000, j=18:0.000, j=19:0.000, j=20:0.060, j=21:0.859, j=22:0.080, j=23:0.000
      i=24 -> j=0:0.000, j=1:0.000, j=2:0.000, j=3:0.000, j=4:0.000, j=5:0.000, j=6:0.000, j=7:0.000, j=8:0.000, j=9:0.000, j=10:0.000, j=11:0.000, j=12:0.000, j=13:0.000, j=14:0.000, j=15:0.000, j=16:0.000, j=17:0.000, j=18:0.000, j=19:0.000, j=20:0.000, j=21:0.089, j=22:0.761, j=23:0.149, j=24:0.000
      i=25 -> j=0:0.000, j=1:0.000, j=2:0.000, j=3:0.000, j=4:0.000, j=5:0.000, j=6:0.000, j=7:0.000, j=8:0.000, j=9:0.000, j=10:0.000, j=11:0.000, j=12:0.000, j=13:0.000, j=14:0.000, j=15:0.000, j=16:0.000, j=17:0.000, j=18:0.000, j=19:0.000, j=20:0.000, j=21:0.000, j=22:0.035, j=23:0.923, j=24:0.042, j=25:0.000
      i=26 -> j=0:0.000, j=1:0.000, j=2:0.000, j=3:0.000, j=4:0.000, j=5:0.000, j=6:0.000, j=7:0.000, j=8:0.000, j=9:0.000, j=10:0.000, j=11:0.000, j=12:0.000, j=13:0.000, j=14:0.000, j=15:0.000, j=16:0.000, j=17:0.000, j=18:0.000, j=19:0.000, j=20:0.000, j=21:0.000, j=22:0.000, j=23:0.070, j=24:0.720, j=25:0.210, j=26:0.001
      i=27 -> j=0:0.000, j=1:0.000, j=2:0.000, j=3:0.000, j=4:0.000, j=5:0.000, j=6:0.000, j=7:0.000, j=8:0.000, j=9:0.000, j=10:0.000, j=11:0.000, j=12:0.000, j=13:0.000, j=14:0.000, j=15:0.000, j=16:0.000, j=17:0.000, j=18:0.000, j=19:0.000, j=20:0.000, j=21:0.000, j=22:0.000, j=23:0.000, j=24:0.045, j=25:0.872, j=26:0.082, j=27:0.000
      i=28 -> j=0:0.000, j=1:0.000, j=2:0.000, j=3:0.000, j=4:0.000, j=5:0.000, j=6:0.000, j=7:0.000, j=8:0.000, j=9:0.000, j=10:0.000, j=11:0.000, j=12:0.000, j=13:0.000, j=14:0.000, j=15:0.000, j=16:0.000, j=17:0.000, j=18:0.000, j=19:0.000, j=20:0.000, j=21:0.000, j=22:0.000, j=23:0.000, j=24:0.000, j=25:0.068, j=26:0.856, j=27:0.076, j=28:0.000
      i=29 -> j=0:0.000, j=1:0.000, j=2:0.000, j=3:0.000, j=4:0.000, j=5:0.000, j=6:0.000, j=7:0.000, j=8:0.000, j=9:0.000, j=10:0.000, j=11:0.000, j=12:0.000, j=13:0.000, j=14:0.000, j=15:0.000, j=16:0.000, j=17:0.000, j=18:0.000, j=19:0.000, j=20:0.000, j=21:0.000, j=22:0.000, j=23:0.000, j=24:0.000, j=25:0.000, j=26:0.078, j=27:0.822, j=28:0.100, j=29:0.000
      i=30 -> j=0:0.000, j=1:0.000, j=2:0.000, j=3:0.000, j=4:0.000, j=5:0.000, j=6:0.000, j=7:0.000, j=8:0.000, j=9:0.000, j=10:0.000, j=11:0.000, j=12:0.000, j=13:0.000, j=14:0.000, j=15:0.000, j=16:0.000, j=17:0.000, j=18:0.000, j=19:0.000, j=20:0.000, j=21:0.000, j=22:0.000, j=23:0.000, j=24:0.000, j=25:0.000, j=26:0.000, j=27:0.059, j=28:0.808, j=29:0.132, j=30:0.000
      i=31 -> j=0:0.000, j=1:0.000, j=2:0.000, j=3:0.000, j=4:0.000, j=5:0.000, j=6:0.000, j=7:0.000, j=8:0.000, j=9:0.000, j=10:0.000, j=11:0.000, j=12:0.000, j=13:0.000, j=14:0.000, j=15:0.000, j=16:0.000, j=17:0.000, j=18:0.000, j=19:0.000, j=20:0.000, j=21:0.000, j=22:0.000, j=23:0.000, j=24:0.000, j=25:0.000, j=26:0.000, j=27:0.000, j=28:0.070, j=29:0.878, j=30:0.052, j=31:0.000
    Average attention per distance:
      d=0:0.032, d=1:0.123, d=2:0.844, d=3:0.064

--- Layer 2 ---
  Head 0: Entropy=1.807
    Attention coefficients from each query position to previous positions:
      i= 0 -> j=0:1.000
      i= 1 -> j=0:0.783, j=1:0.217
      i= 2 -> j=0:0.038, j=1:0.012, j=2:0.950
      i= 3 -> j=0:0.048, j=1:0.021, j=2:0.859, j=3:0.071
      i= 4 -> j=0:0.026, j=1:0.012, j=2:0.870, j=3:0.073, j=4:0.018
      i= 5 -> j=0:0.047, j=1:0.026, j=2:0.673, j=3:0.139, j=4:0.060, j=5:0.055
      i= 6 -> j=0:0.076, j=1:0.045, j=2:0.451, j=3:0.161, j=4:0.106, j=5:0.107, j=6:0.054
      i= 7 -> j=0:0.075, j=1:0.041, j=2:0.396, j=3:0.127, j=4:0.093, j=5:0.107, j=6:0.058, j=7:0.103
      i= 8 -> j=0:0.020, j=1:0.007, j=2:0.241, j=3:0.027, j=4:0.016, j=5:0.024, j=6:0.013, j=7:0.041, j=8:0.611
      i= 9 -> j=0:0.021, j=1:0.009, j=2:0.241, j=3:0.028, j=4:0.015, j=5:0.023, j=6:0.014, j=7:0.045, j=8:0.599, j=9:0.004
      i=10 -> j=0:0.045, j=1:0.025, j=2:0.225, j=3:0.051, j=4:0.030, j=5:0.038, j=6:0.029, j=7:0.065, j=8:0.360, j=9:0.016, j=10:0.115
      i=11 -> j=0:0.014, j=1:0.006, j=2:0.176, j=3:0.020, j=4:0.008, j=5:0.010, j=6:0.006, j=7:0.019, j=8:0.213, j=9:0.003, j=10:0.071, j=11:0.454
      i=12 -> j=0:0.020, j=1:0.010, j=2:0.157, j=3:0.031, j=4:0.017, j=5:0.019, j=6:0.011, j=7:0.027, j=8:0.177, j=9:0.009, j=10:0.084, j=11:0.424, j=12:0.013
      i=13 -> j=0:0.036, j=1:0.019, j=2:0.158, j=3:0.042, j=4:0.025, j=5:0.028, j=6:0.017, j=7:0.033, j=8:0.129, j=9:0.011, j=10:0.082, j=11:0.303, j=12:0.022, j=13:0.094
      i=14 -> j=0:0.009, j=1:0.003, j=2:0.101, j=3:0.009, j=4:0.004, j=5:0.005, j=6:0.002, j=7:0.006, j=8:0.060, j=9:0.001, j=10:0.020, j=11:0.141, j=12:0.003, j=13:0.046, j=14:0.588
      i=15 -> j=0:0.012, j=1:0.004, j=2:0.098, j=3:0.011, j=4:0.005, j=5:0.007, j=6:0.004, j=7:0.010, j=8:0.079, j=9:0.001, j=10:0.023, j=11:0.115, j=12:0.006, j=13:0.055, j=14:0.563, j=15:0.005
      i=16 -> j=0:0.035, j=1:0.019, j=2:0.130, j=3:0.033, j=4:0.019, j=5:0.022, j=6:0.015, j=7:0.027, j=8:0.095, j=9:0.006, j=10:0.042, j=11:0.096, j=12:0.015, j=13:0.069, j=14:0.310, j=15:0.019, j=16:0.049
      i=17 -> j=0:0.009, j=1:0.004, j=2:0.062, j=3:0.009, j=4:0.004, j=5:0.004, j=6:0.002, j=7:0.005, j=8:0.031, j=9:0.001, j=10:0.010, j=11:0.028, j=12:0.001, j=13:0.012, j=14:0.083, j=15:0.003, j=16:0.014, j=17:0.719
      i=18 -> j=0:0.008, j=1:0.003, j=2:0.058, j=3:0.008, j=4:0.003, j=5:0.004, j=6:0.002, j=7:0.005, j=8:0.030, j=9:0.001, j=10:0.010, j=11:0.030, j=12:0.001, j=13:0.011, j=14:0.070, j=15:0.003, j=16:0.014, j=17:0.722, j=18:0.018
      i=19 -> j=0:0.012, j=1:0.005, j=2:0.072, j=3:0.013, j=4:0.006, j=5:0.007, j=6:0.003, j=7:0.007, j=8:0.036, j=9:0.001, j=10:0.014, j=11:0.041, j=12:0.002, j=13:0.013, j=14:0.059, j=15:0.003, j=16:0.016, j=17:0.584, j=18:0.033, j=19:0.072
      i=20 -> j=0:0.013, j=1:0.005, j=2:0.075, j=3:0.013, j=4:0.007, j=5:0.007, j=6:0.004, j=7:0.008, j=8:0.038, j=9:0.001, j=10:0.015, j=11:0.046, j=12:0.002, j=13:0.015, j=14:0.064, j=15:0.003, j=16:0.015, j=17:0.509, j=18:0.041, j=19:0.103, j=20:0.016
      i=21 -> j=0:0.026, j=1:0.014, j=2:0.092, j=3:0.026, j=4:0.015, j=5:0.017, j=6:0.011, j=7:0.018, j=8:0.057, j=9:0.004, j=10:0.026, j=11:0.058, j=12:0.007, j=13:0.029, j=14:0.083, j=15:0.007, j=16:0.023, j=17:0.258, j=18:0.050, j=19:0.115, j=20:0.037, j=21:0.026
      i=22 -> j=0:0.024, j=1:0.011, j=2:0.118, j=3:0.024, j=4:0.012, j=5:0.014, j=6:0.008, j=7:0.015, j=8:0.064, j=9:0.002, j=10:0.021, j=11:0.050, j=12:0.004, j=13:0.021, j=14:0.075, j=15:0.004, j=16:0.014, j=17:0.238, j=18:0.025, j=19:0.074, j=20:0.023, j=21:0.019, j=22:0.138
      i=23 -> j=0:0.017, j=1:0.008, j=2:0.110, j=3:0.019, j=4:0.008, j=5:0.009, j=6:0.005, j=7:0.011, j=8:0.056, j=9:0.001, j=10:0.016, j=11:0.040, j=12:0.002, j=13:0.014, j=14:0.061, j=15:0.002, j=16:0.010, j=17:0.212, j=18:0.013, j=19:0.042, j=20:0.013, j=21:0.013, j=22:0.139, j=23:0.180
      i=24 -> j=0:0.017, j=1:0.009, j=2:0.086, j=3:0.020, j=4:0.010, j=5:0.010, j=6:0.006, j=7:0.012, j=8:0.050, j=9:0.002, j=10:0.019, j=11:0.042, j=12:0.003, j=13:0.016, j=14:0.056, j=15:0.003, j=16:0.013, j=17:0.211, j=18:0.015, j=19:0.039, j=20:0.013, j=21:0.015, j=22:0.121, j=23:0.193, j=24:0.018
      i=25 -> j=0:0.030, j=1:0.018, j=2:0.091, j=3:0.033, j=4:0.020, j=5:0.021, j=6:0.015, j=7:0.022, j=8:0.060, j=9:0.007, j=10:0.029, j=11:0.052, j=12:0.008, j=13:0.024, j=14:0.052, j=15:0.007, j=16:0.019, j=17:0.121, j=18:0.019, j=19:0.034, j=20:0.014, j=21:0.016, j=22:0.072, j=23:0.096, j=24:0.023, j=25:0.096
      i=26 -> j=0:0.022, j=1:0.011, j=2:0.094, j=3:0.025, j=4:0.014, j=5:0.015, j=6:0.009, j=7:0.015, j=8:0.056, j=9:0.003, j=10:0.023, j=11:0.052, j=12:0.005, j=13:0.018, j=14:0.050, j=15:0.004, j=16:0.013, j=17:0.158, j=18:0.015, j=19:0.031, j=20:0.008, j=21:0.009, j=22:0.060, j=23:0.086, j=24:0.019, j=25:0.118, j=26:0.067
      i=27 -> j=0:0.024, j=1:0.013, j=2:0.088, j=3:0.025, j=4:0.014, j=5:0.016, j=6:0.010, j=7:0.017, j=8:0.056, j=9:0.004, j=10:0.024, j=11:0.051, j=12:0.006, j=13:0.021, j=14:0.054, j=15:0.004, j=16:0.014, j=17:0.144, j=18:0.018, j=19:0.037, j=20:0.011, j=21:0.010, j=22:0.054, j=23:0.069, j=24:0.019, j=25:0.107, j=26:0.076, j=27:0.015
      i=28 -> j=0:0.023, j=1:0.012, j=2:0.104, j=3:0.024, j=4:0.013, j=5:0.014, j=6:0.009, j=7:0.016, j=8:0.064, j=9:0.003, j=10:0.022, j=11:0.052, j=12:0.005, j=13:0.021, j=14:0.060, j=15:0.003, j=16:0.012, j=17:0.140, j=18:0.014, j=19:0.031, j=20:0.008, j=21:0.007, j=22:0.042, j=23:0.042, j=24:0.011, j=25:0.082, j=26:0.067, j=27:0.016, j=28:0.082
      i=29 -> j=0:0.025, j=1:0.015, j=2:0.084, j=3:0.026, j=4:0.015, j=5:0.017, j=6:0.012, j=7:0.019, j=8:0.057, j=9:0.005, j=10:0.025, j=11:0.046, j=12:0.007, j=13:0.023, j=14:0.056, j=15:0.006, j=16:0.015, j=17:0.110, j=18:0.016, j=19:0.033, j=20:0.012, j=21:0.011, j=22:0.047, j=23:0.047, j=24:0.014, j=25:0.071, j=26:0.065, j=27:0.024, j=28:0.092, j=29:0.006
      i=30 -> j=0:0.027, j=1:0.016, j=2:0.096, j=3:0.031, j=4:0.018, j=5:0.019, j=6:0.013, j=7:0.022, j=8:0.066, j=9:0.006, j=10:0.028, j=11:0.055, j=12:0.008, j=13:0.026, j=14:0.061, j=15:0.007, j=16:0.017, j=17:0.111, j=18:0.016, j=19:0.029, j=20:0.011, j=21:0.010, j=22:0.041, j=23:0.037, j=24:0.011, j=25:0.050, j=26:0.038, j=27:0.019, j=28:0.071, j=29:0.006, j=30:0.032
      i=31 -> j=0:0.010, j=1:0.004, j=2:0.065, j=3:0.012, j=4:0.006, j=5:0.006, j=6:0.003, j=7:0.007, j=8:0.038, j=9:0.001, j=10:0.011, j=11:0.034, j=12:0.002, j=13:0.010, j=14:0.035, j=15:0.002, j=16:0.006, j=17:0.093, j=18:0.005, j=19:0.012, j=20:0.002, j=21:0.002, j=22:0.017, j=23:0.016, j=24:0.002, j=25:0.020, j=26:0.010, j=27:0.003, j=28:0.021, j=29:0.001, j=30:0.013, j=31:0.529
    Average attention per distance:
      d=0:0.200, d=1:0.173, d=2:0.125, d=3:0.094, d=4:0.063, d=5:0.053, d=6:0.042, d=7:0.041
      d=8:0.035, d=9:0.033, d=10:0.031, d=11:0.029, d=12:0.026, d=13:0.027, d=14:0.029, d=15:0.022
      d=16:0.023, d=17:0.023, d=18:0.022, d=19:0.025, d=20:0.029, d=21:0.028, d=22:0.027, d=23:0.027
      d=24:0.025, d=25:0.027, d=26:0.031, d=27:0.031, d=28:0.036, d=29:0.035, d=30:0.016

--- Layer 3 ---
  Head 0: Entropy=2.047
    Attention coefficients from each query position to previous positions:
      i= 0 -> j=0:1.000
      i= 1 -> j=0:0.738, j=1:0.262
      i= 2 -> j=0:0.037, j=1:0.016, j=2:0.948
      i= 3 -> j=0:0.039, j=1:0.020, j=2:0.905, j=3:0.036
      i= 4 -> j=0:0.018, j=1:0.009, j=2:0.901, j=3:0.024, j=4:0.049
      i= 5 -> j=0:0.028, j=1:0.016, j=2:0.779, j=3:0.048, j=4:0.105, j=5:0.024
      i= 6 -> j=0:0.041, j=1:0.024, j=2:0.533, j=3:0.071, j=4:0.170, j=5:0.057, j=6:0.104
      i= 7 -> j=0:0.042, j=1:0.022, j=2:0.353, j=3:0.056, j=4:0.134, j=5:0.064, j=6:0.136, j=7:0.192
      i= 8 -> j=0:0.035, j=1:0.016, j=2:0.313, j=3:0.041, j=4:0.101, j=5:0.053, j=6:0.142, j=7:0.237, j=8:0.063
      i= 9 -> j=0:0.030, j=1:0.013, j=2:0.306, j=3:0.031, j=4:0.075, j=5:0.042, j=6:0.133, j=7:0.260, j=8:0.068, j=9:0.041
      i=10 -> j=0:0.029, j=1:0.014, j=2:0.262, j=3:0.029, j=4:0.054, j=5:0.029, j=6:0.085, j=7:0.178, j=8:0.061, j=9:0.056, j=10:0.204
      i=11 -> j=0:0.026, j=1:0.012, j=2:0.238, j=3:0.025, j=4:0.046, j=5:0.022, j=6:0.065, j=7:0.141, j=8:0.048, j=9:0.058, j=10:0.260, j=11:0.059
      i=12 -> j=0:0.031, j=1:0.016, j=2:0.197, j=3:0.030, j=4:0.049, j=5:0.025, j=6:0.061, j=7:0.116, j=8:0.047, j=9:0.064, j=10:0.251, j=11:0.074, j=12:0.039
      i=13 -> j=0:0.029, j=1:0.014, j=2:0.168, j=3:0.027, j=4:0.046, j=5:0.023, j=6:0.052, j=7:0.088, j=8:0.031, j=9:0.042, j=10:0.184, j=11:0.067, j=12:0.049, j=13:0.180
      i=14 -> j=0:0.030, j=1:0.015, j=2:0.160, j=3:0.025, j=4:0.042, j=5:0.022, j=6:0.048, j=7:0.079, j=8:0.026, j=9:0.033, j=10:0.138, j=11:0.054, j=12:0.051, j=13:0.212, j=14:0.064
      i=15 -> j=0:0.028, j=1:0.013, j=2:0.167, j=3:0.022, j=4:0.037, j=5:0.019, j=6:0.044, j=7:0.074, j=8:0.022, j=9:0.026, j=10:0.115, j=11:0.043, j=12:0.049, j=13:0.241, j=14:0.071, j=15:0.027
      i=16 -> j=0:0.034, j=1:0.018, j=2:0.167, j=3:0.028, j=4:0.041, j=5:0.023, j=6:0.047, j=7:0.074, j=8:0.027, j=9:0.028, j=10:0.092, j=11:0.035, j=12:0.041, j=13:0.173, j=14:0.070, j=15:0.042, j=16:0.062
      i=17 -> j=0:0.024, j=1:0.013, j=2:0.125, j=3:0.020, j=4:0.029, j=5:0.016, j=6:0.031, j=7:0.048, j=8:0.018, j=9:0.019, j=10:0.057, j=11:0.021, j=12:0.022, j=13:0.092, j=14:0.039, j=15:0.031, j=16:0.050, j=17:0.345
      i=18 -> j=0:0.023, j=1:0.012, j=2:0.122, j=3:0.020, j=4:0.029, j=5:0.015, j=6:0.029, j=7:0.044, j=8:0.017, j=9:0.018, j=10:0.056, j=11:0.020, j=12:0.020, j=13:0.084, j=14:0.035, j=15:0.030, j=16:0.050, j=17:0.367, j=18:0.011
      i=19 -> j=0:0.024, j=1:0.013, j=2:0.115, j=3:0.021, j=4:0.031, j=5:0.016, j=6:0.029, j=7:0.041, j=8:0.016, j=9:0.017, j=10:0.050, j=11:0.019, j=12:0.017, j=13:0.061, j=14:0.024, j=15:0.022, j=16:0.041, j=17:0.310, j=18:0.015, j=19:0.118
      i=20 -> j=0:0.029, j=1:0.017, j=2:0.107, j=3:0.026, j=4:0.036, j=5:0.021, j=6:0.035, j=7:0.046, j=8:0.021, j=9:0.021, j=10:0.051, j=11:0.023, j=12:0.022, j=13:0.060, j=14:0.027, j=15:0.024, j=16:0.041, j=17:0.208, j=18:0.021, j=19:0.118, j=20:0.045
      i=21 -> j=0:0.037, j=1:0.026, j=2:0.089, j=3:0.033, j=4:0.042, j=5:0.030, j=6:0.042, j=7:0.050, j=8:0.029, j=9:0.028, j=10:0.049, j=11:0.029, j=12:0.029, j=13:0.056, j=14:0.032, j=15:0.028, j=16:0.040, j=17:0.109, j=18:0.029, j=19:0.093, j=20:0.055, j=21:0.046
      i=22 -> j=0:0.013, j=1:0.006, j=2:0.098, j=3:0.011, j=4:0.017, j=5:0.008, j=6:0.018, j=7:0.028, j=8:0.009, j=9:0.008, j=10:0.025, j=11:0.008, j=12:0.008, j=13:0.033, j=14:0.010, j=15:0.007, j=16:0.014, j=17:0.104, j=18:0.006, j=19:0.073, j=20:0.030, j=21:0.023, j=22:0.444
      i=23 -> j=0:0.014, j=1:0.007, j=2:0.091, j=3:0.012, j=4:0.018, j=5:0.009, j=6:0.018, j=7:0.027, j=8:0.010, j=9:0.009, j=10:0.025, j=11:0.008, j=12:0.008, j=13:0.028, j=14:0.010, j=15:0.007, j=16:0.013, j=17:0.074, j=18:0.005, j=19:0.048, j=20:0.025, j=21:0.022, j=22:0.478, j=23:0.036
      i=24 -> j=0:0.012, j=1:0.006, j=2:0.087, j=3:0.010, j=4:0.016, j=5:0.008, j=6:0.016, j=7:0.024, j=8:0.008, j=9:0.008, j=10:0.023, j=11:0.007, j=12:0.006, j=13:0.024, j=14:0.008, j=15:0.006, j=16:0.011, j=17:0.063, j=18:0.004, j=19:0.034, j=20:0.018, j=21:0.018, j=22:0.509, j=23:0.038, j=24:0.036
      i=25 -> j=0:0.015, j=1:0.008, j=2:0.084, j=3:0.013, j=4:0.021, j=5:0.010, j=6:0.020, j=7:0.028, j=8:0.011, j=9:0.011, j=10:0.029, j=11:0.011, j=12:0.009, j=13:0.027, j=14:0.011, j=15:0.008, j=16:0.013, j=17:0.066, j=18:0.005, j=19:0.031, j=20:0.017, j=21:0.017, j=22:0.283, j=23:0.041, j=24:0.057, j=25:0.156
      i=26 -> j=0:0.020, j=1:0.012, j=2:0.083, j=3:0.018, j=4:0.026, j=5:0.015, j=6:0.025, j=7:0.034, j=8:0.015, j=9:0.015, j=10:0.034, j=11:0.015, j=12:0.013, j=13:0.032, j=14:0.014, j=15:0.011, j=16:0.017, j=17:0.062, j=18:0.007, j=19:0.034, j=20:0.019, j=21:0.020, j=22:0.179, j=23:0.040, j=24:0.062, j=25:0.160, j=26:0.017
      i=27 -> j=0:0.018, j=1:0.009, j=2:0.090, j=3:0.015, j=4:0.024, j=5:0.013, j=6:0.023, j=7:0.032, j=8:0.013, j=9:0.012, j=10:0.032, j=11:0.013, j=12:0.011, j=13:0.031, j=14:0.012, j=15:0.008, j=16:0.014, j=17:0.061, j=18:0.005, j=19:0.031, j=20:0.016, j=21:0.016, j=22:0.169, j=23:0.033, j=24:0.063, j=25:0.209, j=26:0.016, j=27:0.010
      i=28 -> j=0:0.020, j=1:0.011, j=2:0.102, j=3:0.017, j=4:0.026, j=5:0.014, j=6:0.027, j=7:0.038, j=8:0.015, j=9:0.014, j=10:0.036, j=11:0.015, j=12:0.013, j=13:0.036, j=14:0.015, j=15:0.010, j=16:0.015, j=17:0.061, j=18:0.006, j=19:0.033, j=20:0.017, j=21:0.016, j=22:0.130, j=23:0.025, j=24:0.048, j=25:0.176, j=26:0.020, j=27:0.016, j=28:0.027
      i=29 -> j=0:0.021, j=1:0.012, j=2:0.105, j=3:0.019, j=4:0.027, j=5:0.015, j=6:0.028, j=7:0.039, j=8:0.017, j=9:0.015, j=10:0.038, j=11:0.016, j=12:0.014, j=13:0.038, j=14:0.016, j=15:0.011, j=16:0.017, j=17:0.060, j=18:0.007, j=19:0.033, j=20:0.018, j=21:0.017, j=22:0.118, j=23:0.023, j=24:0.038, j=25:0.132, j=26:0.020, j=27:0.020, j=28:0.036, j=29:0.030
      i=30 -> j=0:0.023, j=1:0.014, j=2:0.101, j=3:0.021, j=4:0.030, j=5:0.017, j=6:0.029, j=7:0.040, j=8:0.019, j=9:0.018, j=10:0.040, j=11:0.018, j=12:0.016, j=13:0.039, j=14:0.019, j=15:0.013, j=16:0.019, j=17:0.061, j=18:0.008, j=19:0.032, j=20:0.019, j=21:0.019, j=22:0.103, j=23:0.022, j=24:0.031, j=25:0.089, j=26:0.018, j=27:0.022, j=28:0.041, j=29:0.041, j=30:0.017
      i=31 -> j=0:0.019, j=1:0.011, j=2:0.087, j=3:0.017, j=4:0.025, j=5:0.014, j=6:0.024, j=7:0.033, j=8:0.015, j=9:0.015, j=10:0.035, j=11:0.015, j=12:0.013, j=13:0.033, j=14:0.015, j=15:0.011, j=16:0.016, j=17:0.054, j=18:0.006, j=19:0.025, j=20:0.014, j=21:0.014, j=22:0.080, j=23:0.017, j=24:0.022, j=25:0.059, j=26:0.011, j=27:0.014, j=28:0.029, j=29:0.039, j=30:0.017, j=31:0.202
    Average attention per distance:
      d=0:0.153, d=1:0.146, d=2:0.131, d=3:0.106, d=4:0.075, d=5:0.061, d=6:0.051, d=7:0.046
      d=8:0.042, d=9:0.040, d=10:0.033, d=11:0.031, d=12:0.030, d=13:0.030, d=14:0.031, d=15:0.028
      d=16:0.028, d=17:0.027, d=18:0.027, d=19:0.024, d=20:0.028, d=21:0.028, d=22:0.026, d=23:0.027
      d=24:0.028, d=25:0.029, d=26:0.032, d=27:0.036, d=28:0.037, d=29:0.041, d=30:0.017, d=31:0.019


======================================================================
QK Property Verification (Raw Scores, before Softmax)
======================================================================
Recurrence order init_len=2, num test sequences=1

--- [P1] Long-distance Orthogonality Verification ---
Ideal: raw_score mean ≈ 0 and small std when d > init_len

  Layer 0, Head 0:
    d= 1 (effective): mean= 15.395, std= 0.347, n=31
    d= 2 (effective): mean= 12.817, std= 0.232, n=30
    d>2 (long-distance): mean= -1.248, std= 3.058, n=435

  Layer 1, Head 0:
    d= 1 (effective): mean=  9.282, std= 0.332, n=31
    d= 2 (effective): mean= 11.535, std= 0.463, n=30
    d>2 (long-distance): mean= -0.412, std= 3.344, n=435

  Layer 2, Head 0:
    d= 1 (effective): mean=  0.678, std= 1.436, n=31
    d= 2 (effective): mean=  0.390, std= 1.389, n=30
    d>2 (long-distance): mean= -0.418, std= 1.077, n=435

  Layer 3, Head 0:
    d= 1 (effective): mean=  1.351, std= 1.031, n=31
    d= 2 (effective): mean=  1.436, std= 1.104, n=30
    d>2 (long-distance): mean=  0.495, std= 0.767, n=435

--- [P2] Time-homogeneous Verification ---
Ideal: CV of raw_score across positions i ≈ 0 for fixed distance d
(CV = std / |mean|, smaller = more constant)

  Layer 0, Head 0:
    d= 1: mean= 15.395, std= 0.347, CV=0.023, n=31
    d= 2: mean= 12.817, std= 0.232, CV=0.018, n=30

  Layer 1, Head 0:
    d= 1: mean=  9.282, std= 0.332, CV=0.036, n=31
    d= 2: mean= 11.535, std= 0.463, CV=0.040, n=30

  Layer 2, Head 0:
    d= 1: mean=  0.678, std= 1.436, CV=2.117, n=31
    d= 2: mean=  0.390, std= 1.389, CV=3.560, n=30

  Layer 3, Head 0:
    d= 1: mean=  1.351, std= 1.031, CV=0.763, n=31
    d= 2: mean=  1.436, std= 1.104, CV=0.769, n=30

======================================================================
QK Property Verification Completed
======================================================================
