=== Experiment: mixed_label_d128l1_r8_e40_60 ===
Time: 2026-06-26T03:06:40.490896
Task type: mixed_ab
Merged config: {
  "P": 53,
  "TASK": "mixed_ab",
  "NUM_MASK": 0,
  "A": 1,
  "B": 1,
  "AB_PAIRS": [
    [
      1,
      1
    ],
    [
      1,
      2
    ]
  ],
  "D_MODEL": 128,
  "N_HEAD": 1,
  "N_LAYER": 1,
  "BATCH_SIZE": 128,
  "EPOCHS": 10000,
  "LR": 0.0003,
  "SAVE_PATH": "models/mixed_label_d128l1_r8_e40_60.pth",
  "USE_GREEDY_GENERATE": true,
  "USE_LEARNABLE_PE": false,
  "MLP_RATIO": 8,
  "TRAIN_LEN": 16,
  "OOD_LEN": 32,
  "DROPOUT": 0.0,
  "TARGET_INIT_COVERAGE": 0.5,
  "MAX_UNIQUE_RATIO": 0.5,
  "WEIGHT_DECAY": 1,
  "ENTROPY_PENALTY_WEIGHT": 0.0,
  "FIRST_TASK_WEIGHT": 1.0,
  "RANDOM_SEED": 42,
  "EVAL_INTERVAL": 20,
  "EARLY_STOP_NO_IMPROVE": 1000,
  "EARLY_STOP_ACCURACY": 0.99,
  "SKIP_FINAL_GENERATION_TEST": true,
  "USE_AB_TAG": true,
  "USE_CONDITIONAL_WTE": false,
  "COND_WTE_SHARED_RATIO": 0.0,
  "MIXED_AB_MAX_UNIQUE_RATIOS": [
    0.4,
    0.6
  ]
}
--- output ---
Using device: cuda

[Dataset] Mixed mode: generated 2904 + 2714 samples, length 16
AB parameter pairs: [(1, 1), (1, 2)]
  - AB=(1,1): train 1188 | test 1621 | exposed ~42.3%
  - AB=(1,2): train 1716 | test 1093 | exposed ~61.1%
--------------------------------------------------
[Model config] block_size: 32, train length: 16
[Number theory] AB parameter pairs: [(1, 1), (1, 2)]


Model parameters: 0.35M

Start training...
Epoch   0 | Train: Loss=4.2479 Acc=3.4% | Test: Acc=0.5% | Best=0.5%(@0)
  from x2: 0.01 0.01 0.01 0.01 0.00 0.00 0.00 0.00 0.00 0.00 0.00 0.00 0.00 0.00
  per-rule acc: 0.00 0.01
Epoch  20 | Train: Loss=0.9406 Acc=94.6% | Test: Acc=2.3% | Best=2.3%(@20)
  from x2: 0.02 0.02 0.03 0.02 0.02 0.02 0.02 0.02 0.02 0.02 0.02 0.02 0.02 0.02
  per-rule acc: 0.03 0.02
Epoch  40 | Train: Loss=0.1972 Acc=98.6% | Test: Acc=2.3% | Best=2.3%(@40)
  from x2: 0.03 0.02 0.02 0.02 0.02 0.02 0.02 0.02 0.02 0.02 0.02 0.02 0.02 0.02
  per-rule acc: 0.02 0.02
Epoch  60 | Train: Loss=0.0939 Acc=99.3% | Test: Acc=2.3% | Best=2.3%(@40)
  from x2: 0.02 0.02 0.02 0.02 0.02 0.02 0.02 0.02 0.02 0.02 0.02 0.02 0.02 0.02
  per-rule acc: 0.02 0.02
Epoch  80 | Train: Loss=0.0803 Acc=99.7% | Test: Acc=2.3% | Best=2.3%(@40)
  from x2: 0.02 0.02 0.02 0.02 0.02 0.02 0.02 0.02 0.02 0.02 0.02 0.02 0.02 0.02
  per-rule acc: 0.02 0.02
Epoch 100 | Train: Loss=0.0669 Acc=99.7% | Test: Acc=2.4% | Best=2.4%(@100)
  from x2: 0.02 0.02 0.02 0.02 0.02 0.02 0.02 0.02 0.02 0.02 0.02 0.02 0.02 0.02
  per-rule acc: 0.02 0.02
Epoch 120 | Train: Loss=0.0439 Acc=99.9% | Test: Acc=2.5% | Best=2.5%(@120)
  from x2: 0.02 0.02 0.03 0.03 0.03 0.03 0.03 0.03 0.03 0.03 0.03 0.03 0.03 0.03
  per-rule acc: 0.02 0.03
Epoch 140 | Train: Loss=0.0634 Acc=99.9% | Test: Acc=2.5% | Best=2.5%(@120)
  from x2: 0.03 0.02 0.03 0.02 0.03 0.03 0.03 0.02 0.02 0.02 0.03 0.03 0.02 0.02
  per-rule acc: 0.02 0.03
Epoch 160 | Train: Loss=0.0562 Acc=99.8% | Test: Acc=2.8% | Best=2.8%(@160)
  from x2: 0.03 0.03 0.03 0.03 0.03 0.03 0.03 0.03 0.03 0.03 0.03 0.03 0.03 0.03
  per-rule acc: 0.03 0.03
Epoch 180 | Train: Loss=0.0397 Acc=99.9% | Test: Acc=2.7% | Best=2.8%(@160)
  from x2: 0.03 0.03 0.03 0.03 0.03 0.03 0.03 0.03 0.03 0.03 0.03 0.03 0.03 0.03
  per-rule acc: 0.03 0.03
Epoch 200 | Train: Loss=0.0531 Acc=99.8% | Test: Acc=2.8% | Best=2.8%(@200)
  from x2: 0.03 0.03 0.03 0.03 0.03 0.03 0.03 0.03 0.03 0.03 0.03 0.03 0.03 0.03
  per-rule acc: 0.03 0.03
Epoch 220 | Train: Loss=0.0464 Acc=99.9% | Test: Acc=3.0% | Best=3.0%(@220)
  from x2: 0.03 0.03 0.03 0.03 0.03 0.03 0.03 0.03 0.03 0.03 0.03 0.03 0.03 0.03
  per-rule acc: 0.03 0.04
Epoch 240 | Train: Loss=0.0427 Acc=99.8% | Test: Acc=3.2% | Best=3.2%(@240)
  from x2: 0.03 0.03 0.03 0.03 0.03 0.03 0.03 0.03 0.03 0.03 0.03 0.03 0.03 0.03
  per-rule acc: 0.03 0.04
Epoch 260 | Train: Loss=0.0430 Acc=99.9% | Test: Acc=3.3% | Best=3.3%(@260)
  from x2: 0.04 0.03 0.03 0.03 0.03 0.03 0.03 0.03 0.03 0.03 0.03 0.03 0.03 0.03
  per-rule acc: 0.03 0.04
Epoch 280 | Train: Loss=0.0383 Acc=99.8% | Test: Acc=3.6% | Best=3.6%(@280)
  from x2: 0.04 0.03 0.04 0.04 0.04 0.04 0.04 0.04 0.04 0.04 0.04 0.04 0.04 0.04
  per-rule acc: 0.03 0.05
Epoch 300 | Train: Loss=0.0369 Acc=99.9% | Test: Acc=3.7% | Best=3.7%(@300)
  from x2: 0.04 0.04 0.04 0.04 0.04 0.04 0.04 0.04 0.04 0.04 0.04 0.04 0.04 0.04
  per-rule acc: 0.03 0.05
Epoch 320 | Train: Loss=0.0340 Acc=99.9% | Test: Acc=4.1% | Best=4.1%(@320)
  from x2: 0.05 0.04 0.04 0.04 0.04 0.04 0.04 0.04 0.04 0.04 0.04 0.04 0.04 0.04
  per-rule acc: 0.03 0.06
Epoch 340 | Train: Loss=0.0309 Acc=99.9% | Test: Acc=4.7% | Best=4.7%(@340)
  from x2: 0.05 0.05 0.04 0.05 0.05 0.05 0.05 0.05 0.05 0.05 0.05 0.05 0.05 0.05
  per-rule acc: 0.04 0.06
Epoch 360 | Train: Loss=0.0297 Acc=99.9% | Test: Acc=5.1% | Best=5.1%(@360)
  from x2: 0.05 0.05 0.05 0.05 0.05 0.05 0.05 0.05 0.05 0.05 0.05 0.05 0.05 0.05
  per-rule acc: 0.04 0.07
Epoch 380 | Train: Loss=0.0355 Acc=99.8% | Test: Acc=5.6% | Best=5.6%(@380)
  from x2: 0.06 0.06 0.06 0.06 0.06 0.06 0.06 0.06 0.06 0.06 0.06 0.06 0.06 0.06
  per-rule acc: 0.04 0.08
Epoch 400 | Train: Loss=0.0344 Acc=99.9% | Test: Acc=5.9% | Best=5.9%(@400)
  from x2: 0.07 0.06 0.06 0.06 0.06 0.06 0.06 0.06 0.06 0.06 0.06 0.06 0.06 0.06
  per-rule acc: 0.04 0.09
Epoch 420 | Train: Loss=0.0309 Acc=99.9% | Test: Acc=6.6% | Best=6.6%(@420)
  from x2: 0.07 0.07 0.06 0.07 0.06 0.07 0.07 0.07 0.07 0.07 0.07 0.06 0.07 0.07
  per-rule acc: 0.04 0.10
Epoch 440 | Train: Loss=0.0288 Acc=99.9% | Test: Acc=7.9% | Best=7.9%(@440)
  from x2: 0.09 0.08 0.08 0.08 0.08 0.08 0.08 0.08 0.08 0.08 0.08 0.08 0.08 0.08
  per-rule acc: 0.04 0.13
Epoch 460 | Train: Loss=0.0296 Acc=99.9% | Test: Acc=9.8% | Best=9.8%(@460)
  from x2: 0.10 0.10 0.10 0.10 0.10 0.10 0.10 0.10 0.10 0.10 0.10 0.10 0.10 0.10
  per-rule acc: 0.05 0.17
Epoch 480 | Train: Loss=0.0156 Acc=100.0% | Test: Acc=13.0% | Best=13.0%(@480)
  from x2: 0.14 0.13 0.13 0.13 0.13 0.13 0.13 0.13 0.13 0.13 0.13 0.13 0.13 0.13
  per-rule acc: 0.07 0.22
Epoch 500 | Train: Loss=0.0128 Acc=100.0% | Test: Acc=17.2% | Best=17.2%(@500)
  from x2: 0.18 0.17 0.17 0.17 0.17 0.17 0.17 0.17 0.17 0.17 0.17 0.17 0.17 0.17
  per-rule acc: 0.10 0.28
Epoch 520 | Train: Loss=0.0103 Acc=100.0% | Test: Acc=23.8% | Best=23.8%(@520)
  from x2: 0.24 0.24 0.23 0.24 0.24 0.24 0.24 0.24 0.24 0.24 0.24 0.24 0.24 0.24
  per-rule acc: 0.15 0.37
Epoch 540 | Train: Loss=0.0082 Acc=100.0% | Test: Acc=34.4% | Best=34.4%(@540)
  from x2: 0.34 0.35 0.35 0.35 0.35 0.34 0.34 0.34 0.34 0.34 0.34 0.34 0.34 0.34
  per-rule acc: 0.24 0.50
Epoch 560 | Train: Loss=0.0066 Acc=100.0% | Test: Acc=49.9% | Best=49.9%(@560)
  from x2: 0.48 0.51 0.50 0.50 0.50 0.50 0.50 0.50 0.50 0.50 0.50 0.50 0.49 0.49
  per-rule acc: 0.39 0.66
Epoch 580 | Train: Loss=0.0054 Acc=100.0% | Test: Acc=69.5% | Best=69.5%(@580)
  from x2: 0.66 0.70 0.70 0.70 0.70 0.70 0.70 0.70 0.70 0.70 0.69 0.69 0.69 0.69
  per-rule acc: 0.61 0.82
Epoch 600 | Train: Loss=0.0044 Acc=100.0% | Test: Acc=86.0% | Best=86.0%(@600)
  from x2: 0.84 0.87 0.87 0.86 0.86 0.86 0.86 0.86 0.86 0.86 0.86 0.86 0.86 0.85
  per-rule acc: 0.81 0.93
Epoch 620 | Train: Loss=0.0037 Acc=100.0% | Test: Acc=95.2% | Best=95.2%(@620)
  from x2: 0.94 0.96 0.95 0.95 0.96 0.95 0.95 0.95 0.95 0.95 0.95 0.95 0.95 0.95
  per-rule acc: 0.93 0.98
Epoch 640 | Train: Loss=0.0031 Acc=100.0% | Test: Acc=98.4% | Best=98.4%(@640)
  from x2: 0.98 0.99 0.99 0.98 0.99 0.98 0.98 0.98 0.98 0.98 0.98 0.98 0.98 0.98
  per-rule acc: 0.98 1.00
Epoch 660 | Train: Loss=0.0026 Acc=100.0% | Test: Acc=99.6% | Best=99.6%(@660)
  from x2: 1.00 1.00 1.00 1.00 1.00 1.00 1.00 1.00 1.00 1.00 1.00 1.00 1.00 1.00
  per-rule acc: 0.99 1.00
[Early stop] Epoch 660: test set reached high accuracy

==================================================
Saving model...
[OK] Model saved to: /home/cxm/ai/test0626-unbalanced/models/mixed_label_d128l1_r8_e40_60.pth
  File size: 1364.7 KB
  Best test accuracy: 99.63%

[Config] SKIP_FINAL_GENERATION_TEST=true, skipping final generation test.

--- Return code: 0 ---

======================================================================
Attention Analysis
======================================================================
Model config: addition (default), p=53
Best test accuracy: 0.9962890830613749
Training epochs: 660

Random test sequence 1/5 (length 32): [22, 4, 26, 30, 3, 33, 36, 16, 52, 15, 14, 29, 43, 19, 9, 28, 37, 12, 49, 8]...

======================================================================
Attention Layer Training Result Summary
======================================================================
Input sequence: [22, 4, 26, 30, 3, 33, 36, 16, 52, 15, 14, 29, 43, 19, 9, 28, 37, 12, 49, 8, 4, 12, 16, 28, 44, 19, 10, 29, 39, 15, 1, 16]

--- Layer 0 ---
  Head 0: Entropy=0.571
    Attention coefficients from each query position to previous positions:
      i= 0 -> j=0:1.000
      i= 1 -> j=0:0.079, j=1:0.921
      i= 2 -> j=0:0.007, j=1:0.085, j=2:0.908
      i= 3 -> j=0:0.001, j=1:0.007, j=2:0.087, j=3:0.904
      i= 4 -> j=0:0.001, j=1:0.001, j=2:0.006, j=3:0.084, j=4:0.907
      i= 5 -> j=0:0.001, j=1:0.001, j=2:0.001, j=3:0.007, j=4:0.082, j=5:0.908
      i= 6 -> j=0:0.001, j=1:0.001, j=2:0.001, j=3:0.001, j=4:0.007, j=5:0.092, j=6:0.897
      i= 7 -> j=0:0.001, j=1:0.001, j=2:0.001, j=3:0.001, j=4:0.001, j=5:0.007, j=6:0.081, j=7:0.909
      i= 8 -> j=0:0.000, j=1:0.001, j=2:0.001, j=3:0.001, j=4:0.001, j=5:0.001, j=6:0.007, j=7:0.083, j=8:0.905
      i= 9 -> j=0:0.000, j=1:0.001, j=2:0.001, j=3:0.001, j=4:0.001, j=5:0.001, j=6:0.001, j=7:0.008, j=8:0.090, j=9:0.897
      i=10 -> j=0:0.000, j=1:0.000, j=2:0.000, j=3:0.001, j=4:0.001, j=5:0.001, j=6:0.000, j=7:0.001, j=8:0.006, j=9:0.079, j=10:0.910
      i=11 -> j=0:0.000, j=1:0.000, j=2:0.000, j=3:0.001, j=4:0.001, j=5:0.001, j=6:0.001, j=7:0.001, j=8:0.001, j=9:0.007, j=10:0.087, j=11:0.900
      i=12 -> j=0:0.000, j=1:0.000, j=2:0.000, j=3:0.000, j=4:0.001, j=5:0.001, j=6:0.001, j=7:0.001, j=8:0.001, j=9:0.001, j=10:0.006, j=11:0.079, j=12:0.909
      i=13 -> j=0:0.001, j=1:0.001, j=2:0.000, j=3:0.000, j=4:0.000, j=5:0.001, j=6:0.001, j=7:0.001, j=8:0.001, j=9:0.001, j=10:0.001, j=11:0.007, j=12:0.086, j=13:0.898
      i=14 -> j=0:0.001, j=1:0.001, j=2:0.000, j=3:0.000, j=4:0.000, j=5:0.000, j=6:0.000, j=7:0.001, j=8:0.001, j=9:0.001, j=10:0.001, j=11:0.001, j=12:0.008, j=13:0.080, j=14:0.905
      i=15 -> j=0:0.000, j=1:0.000, j=2:0.000, j=3:0.000, j=4:0.000, j=5:0.000, j=6:0.000, j=7:0.000, j=8:0.001, j=9:0.001, j=10:0.000, j=11:0.000, j=12:0.001, j=13:0.006, j=14:0.079, j=15:0.909
      i=16 -> j=0:0.001, j=1:0.001, j=2:0.001, j=3:0.001, j=4:0.001, j=5:0.000, j=6:0.000, j=7:0.000, j=8:0.000, j=9:0.001, j=10:0.001, j=11:0.001, j=12:0.001, j=13:0.001, j=14:0.007, j=15:0.088, j=16:0.897
      i=17 -> j=0:0.002, j=1:0.001, j=2:0.001, j=3:0.001, j=4:0.001, j=5:0.001, j=6:0.000, j=7:0.000, j=8:0.000, j=9:0.000, j=10:0.001, j=11:0.001, j=12:0.001, j=13:0.001, j=14:0.001, j=15:0.007, j=16:0.083, j=17:0.901
      i=18 -> j=0:0.003, j=1:0.002, j=2:0.001, j=3:0.001, j=4:0.001, j=5:0.001, j=6:0.000, j=7:0.000, j=8:0.000, j=9:0.000, j=10:0.000, j=11:0.001, j=12:0.001, j=13:0.001, j=14:0.001, j=15:0.001, j=16:0.008, j=17:0.081, j=18:0.897
      i=19 -> j=0:0.004, j=1:0.003, j=2:0.002, j=3:0.001, j=4:0.001, j=5:0.001, j=6:0.001, j=7:0.000, j=8:0.000, j=9:0.000, j=10:0.000, j=11:0.000, j=12:0.001, j=13:0.001, j=14:0.001, j=15:0.001, j=16:0.001, j=17:0.006, j=18:0.078, j=19:0.898
      i=20 -> j=0:0.004, j=1:0.005, j=2:0.003, j=3:0.002, j=4:0.001, j=5:0.001, j=6:0.001, j=7:0.001, j=8:0.000, j=9:0.000, j=10:0.000, j=11:0.000, j=12:0.001, j=13:0.001, j=14:0.001, j=15:0.001, j=16:0.001, j=17:0.001, j=18:0.007, j=19:0.081, j=20:0.890
      i=21 -> j=0:0.005, j=1:0.005, j=2:0.004, j=3:0.003, j=4:0.002, j=5:0.001, j=6:0.001, j=7:0.001, j=8:0.001, j=9:0.000, j=10:0.000, j=11:0.000, j=12:0.000, j=13:0.000, j=14:0.001, j=15:0.001, j=16:0.001, j=17:0.001, j=18:0.001, j=19:0.007, j=20:0.080, j=21:0.886
      i=22 -> j=0:0.007, j=1:0.006, j=2:0.005, j=3:0.004, j=4:0.003, j=5:0.002, j=6:0.001, j=7:0.001, j=8:0.001, j=9:0.000, j=10:0.000, j=11:0.000, j=12:0.000, j=13:0.000, j=14:0.000, j=15:0.001, j=16:0.001, j=17:0.001, j=18:0.001, j=19:0.001, j=20:0.007, j=21:0.075, j=22:0.883
      i=23 -> j=0:0.010, j=1:0.007, j=2:0.005, j=3:0.004, j=4:0.004, j=5:0.003, j=6:0.001, j=7:0.001, j=8:0.000, j=9:0.000, j=10:0.000, j=11:0.000, j=12:0.000, j=13:0.000, j=14:0.000, j=15:0.000, j=16:0.001, j=17:0.001, j=18:0.001, j=19:0.000, j=20:0.001, j=21:0.006, j=22:0.080, j=23:0.874
      i=24 -> j=0:0.017, j=1:0.012, j=2:0.007, j=3:0.005, j=4:0.005, j=5:0.004, j=6:0.002, j=7:0.002, j=8:0.001, j=9:0.000, j=10:0.000, j=11:0.001, j=12:0.001, j=13:0.000, j=14:0.000, j=15:0.000, j=16:0.000, j=17:0.001, j=18:0.001, j=19:0.001, j=20:0.001, j=21:0.001, j=22:0.007, j=23:0.078, j=24:0.854
      i=25 -> j=0:0.031, j=1:0.022, j=2:0.014, j=3:0.008, j=4:0.007, j=5:0.006, j=6:0.005, j=7:0.004, j=8:0.002, j=9:0.001, j=10:0.001, j=11:0.001, j=12:0.001, j=13:0.001, j=14:0.000, j=15:0.000, j=16:0.000, j=17:0.001, j=18:0.001, j=19:0.001, j=20:0.001, j=21:0.001, j=22:0.001, j=23:0.007, j=24:0.076, j=25:0.808
      i=26 -> j=0:0.027, j=1:0.025, j=2:0.020, j=3:0.011, j=4:0.008, j=5:0.005, j=6:0.004, j=7:0.004, j=8:0.003, j=9:0.001, j=10:0.001, j=11:0.001, j=12:0.001, j=13:0.001, j=14:0.000, j=15:0.000, j=16:0.000, j=17:0.000, j=18:0.000, j=19:0.001, j=20:0.001, j=21:0.001, j=22:0.001, j=23:0.001, j=24:0.006, j=25:0.070, j=26:0.808
      i=27 -> j=0:0.030, j=1:0.028, j=2:0.030, j=3:0.020, j=4:0.013, j=5:0.008, j=6:0.006, j=7:0.005, j=8:0.004, j=9:0.003, j=10:0.001, j=11:0.001, j=12:0.001, j=13:0.001, j=14:0.000, j=15:0.000, j=16:0.000, j=17:0.000, j=18:0.000, j=19:0.000, j=20:0.001, j=21:0.001, j=22:0.001, j=23:0.001, j=24:0.001, j=25:0.005, j=26:0.077, j=27:0.760
      i=28 -> j=0:0.035, j=1:0.029, j=2:0.029, j=3:0.024, j=4:0.019, j=5:0.011, j=6:0.006, j=7:0.005, j=8:0.004, j=9:0.003, j=10:0.002, j=11:0.002, j=12:0.001, j=13:0.001, j=14:0.000, j=15:0.000, j=16:0.000, j=17:0.000, j=18:0.000, j=19:0.000, j=20:0.000, j=21:0.001, j=22:0.001, j=23:0.000, j=24:0.000, j=25:0.001, j=26:0.006, j=27:0.060, j=28:0.756
      i=29 -> j=0:0.056, j=1:0.040, j=2:0.033, j=3:0.027, j=4:0.026, j=5:0.020, j=6:0.012, j=7:0.007, j=8:0.006, j=9:0.005, j=10:0.004, j=11:0.003, j=12:0.002, j=13:0.001, j=14:0.001, j=15:0.001, j=16:0.001, j=17:0.000, j=18:0.000, j=19:0.000, j=20:0.000, j=21:0.000, j=22:0.001, j=23:0.001, j=24:0.001, j=25:0.000, j=26:0.001, j=27:0.005, j=28:0.070, j=29:0.676
      i=30 -> j=0:0.061, j=1:0.046, j=2:0.034, j=3:0.024, j=4:0.023, j=5:0.023, j=6:0.016, j=7:0.010, j=8:0.006, j=9:0.004, j=10:0.004, j=11:0.004, j=12:0.003, j=13:0.001, j=14:0.001, j=15:0.000, j=16:0.000, j=17:0.001, j=18:0.000, j=19:0.000, j=20:0.000, j=21:0.000, j=22:0.000, j=23:0.001, j=24:0.001, j=25:0.000, j=26:0.000, j=27:0.001, j=28:0.006, j=29:0.061, j=30:0.669
      i=31 -> j=0:0.058, j=1:0.060, j=2:0.047, j=3:0.028, j=4:0.022, j=5:0.021, j=6:0.021, j=7:0.018, j=8:0.010, j=9:0.005, j=10:0.004, j=11:0.004, j=12:0.003, j=13:0.002, j=14:0.001, j=15:0.001, j=16:0.000, j=17:0.000, j=18:0.000, j=19:0.000, j=20:0.000, j=21:0.000, j=22:0.000, j=23:0.000, j=24:0.000, j=25:0.001, j=26:0.000, j=27:0.000, j=28:0.001, j=29:0.004, j=30:0.057, j=31:0.627
    Average attention per distance:
      d=0:0.865, d=1:0.079, d=23:0.011, d=24:0.019, d=25:0.026, d=26:0.026, d=27:0.028, d=28:0.034
      d=29:0.050, d=30:0.060, d=31:0.058


======================================================================
QK Property Verification (Raw Scores, before Softmax)
======================================================================
Recurrence order init_len=2, num test sequences=1

--- [P1] Long-distance Orthogonality Verification ---
Ideal: raw_score mean ≈ 0 and small std when d > init_len

  Layer 0, Head 0:
    d= 1 (effective): mean=  1.087, std= 0.049, n=31
    d= 2 (effective): mean= -1.409, std= 0.067, n=30
    d>2 (long-distance): mean= -3.130, std= 1.377, n=435

--- [P2] Time-homogeneous Verification ---
Ideal: CV of raw_score across positions i ≈ 0 for fixed distance d
(CV = std / |mean|, smaller = more constant)

  Layer 0, Head 0:
    d= 1: mean=  1.087, std= 0.049, CV=0.045, n=31
    d= 2: mean= -1.409, std= 0.067, CV=0.047, n=30

======================================================================
QK Property Verification Completed
======================================================================
