=== Experiment: mixed_label_d128l1_r8_e60_40 ===
Time: 2026-06-26T03:54:46.820200
Task type: mixed_ab
Merged config: {
  "P": 53,
  "TASK": "mixed_ab",
  "NUM_MASK": 0,
  "A": 1,
  "B": 1,
  "AB_PAIRS": [
    [
      1,
      1
    ],
    [
      1,
      2
    ]
  ],
  "D_MODEL": 128,
  "N_HEAD": 1,
  "N_LAYER": 1,
  "BATCH_SIZE": 128,
  "EPOCHS": 10000,
  "LR": 0.0003,
  "SAVE_PATH": "models/mixed_label_d128l1_r8_e60_40.pth",
  "USE_GREEDY_GENERATE": true,
  "USE_LEARNABLE_PE": false,
  "MLP_RATIO": 8,
  "TRAIN_LEN": 16,
  "OOD_LEN": 32,
  "DROPOUT": 0.0,
  "TARGET_INIT_COVERAGE": 0.5,
  "MAX_UNIQUE_RATIO": 0.5,
  "WEIGHT_DECAY": 1,
  "ENTROPY_PENALTY_WEIGHT": 0.0,
  "FIRST_TASK_WEIGHT": 1.0,
  "RANDOM_SEED": 42,
  "EVAL_INTERVAL": 20,
  "EARLY_STOP_NO_IMPROVE": 1000,
  "EARLY_STOP_ACCURACY": 0.99,
  "SKIP_FINAL_GENERATION_TEST": true,
  "USE_AB_TAG": true,
  "USE_CONDITIONAL_WTE": false,
  "COND_WTE_SHARED_RATIO": 0.0,
  "MIXED_AB_MAX_UNIQUE_RATIOS": [
    0.6,
    0.4
  ]
}
--- output ---
Using device: cuda

[Dataset] Mixed mode: generated 2872 + 2746 samples, length 16
AB parameter pairs: [(1, 1), (1, 2)]
  - AB=(1,1): train 1728 | test 1081 | exposed ~61.5%
  - AB=(1,2): train 1144 | test 1665 | exposed ~40.7%
--------------------------------------------------
[Model config] block_size: 32, train length: 16
[Number theory] AB parameter pairs: [(1, 1), (1, 2)]


Model parameters: 0.35M

Start training...
Epoch   0 | Train: Loss=4.2501 Acc=3.2% | Test: Acc=0.4% | Best=0.4%(@0)
  from x2: 0.01 0.01 0.01 0.00 0.00 0.00 0.00 0.00 0.00 0.00 0.00 0.00 0.00 0.00
  per-rule acc: 0.00 0.00
Epoch  20 | Train: Loss=0.9211 Acc=94.6% | Test: Acc=2.6% | Best=2.6%(@20)
  from x2: 0.03 0.03 0.03 0.02 0.03 0.03 0.02 0.02 0.03 0.03 0.03 0.03 0.03 0.03
  per-rule acc: 0.03 0.02
Epoch  40 | Train: Loss=0.1844 Acc=98.8% | Test: Acc=3.0% | Best=3.0%(@40)
  from x2: 0.03 0.03 0.03 0.03 0.03 0.03 0.03 0.03 0.03 0.03 0.03 0.03 0.03 0.03
  per-rule acc: 0.04 0.02
Epoch  60 | Train: Loss=0.0814 Acc=99.4% | Test: Acc=3.0% | Best=3.0%(@60)
  from x2: 0.03 0.03 0.03 0.03 0.03 0.03 0.03 0.03 0.03 0.03 0.03 0.03 0.03 0.03
  per-rule acc: 0.04 0.02
Epoch  80 | Train: Loss=0.0523 Acc=99.7% | Test: Acc=3.0% | Best=3.0%(@60)
  from x2: 0.03 0.03 0.03 0.03 0.03 0.03 0.03 0.03 0.03 0.03 0.03 0.03 0.03 0.03
  per-rule acc: 0.04 0.02
Epoch 100 | Train: Loss=0.0423 Acc=99.8% | Test: Acc=3.2% | Best=3.2%(@100)
  from x2: 0.03 0.03 0.03 0.03 0.03 0.03 0.03 0.03 0.03 0.03 0.03 0.03 0.03 0.03
  per-rule acc: 0.05 0.02
Epoch 120 | Train: Loss=0.0778 Acc=99.9% | Test: Acc=3.4% | Best=3.4%(@120)
  from x2: 0.04 0.03 0.03 0.03 0.03 0.03 0.03 0.03 0.03 0.03 0.03 0.03 0.03 0.03
  per-rule acc: 0.05 0.02
Epoch 140 | Train: Loss=0.0564 Acc=99.8% | Test: Acc=3.6% | Best=3.6%(@140)
  from x2: 0.04 0.04 0.03 0.03 0.03 0.03 0.04 0.04 0.04 0.04 0.04 0.04 0.04 0.04
  per-rule acc: 0.05 0.03
Epoch 160 | Train: Loss=0.0412 Acc=99.8% | Test: Acc=3.7% | Best=3.7%(@160)
  from x2: 0.04 0.04 0.04 0.04 0.04 0.04 0.04 0.04 0.04 0.04 0.04 0.04 0.04 0.04
  per-rule acc: 0.06 0.02
Epoch 180 | Train: Loss=0.0323 Acc=99.9% | Test: Acc=3.9% | Best=3.9%(@180)
  from x2: 0.04 0.04 0.04 0.04 0.04 0.04 0.04 0.04 0.04 0.04 0.04 0.04 0.04 0.04
  per-rule acc: 0.06 0.03
Epoch 200 | Train: Loss=0.0488 Acc=99.9% | Test: Acc=4.2% | Best=4.2%(@200)
  from x2: 0.05 0.04 0.04 0.04 0.04 0.04 0.04 0.04 0.04 0.04 0.04 0.04 0.04 0.04
  per-rule acc: 0.07 0.03
Epoch 220 | Train: Loss=0.0287 Acc=100.0% | Test: Acc=4.4% | Best=4.4%(@220)
  from x2: 0.05 0.04 0.04 0.04 0.04 0.04 0.04 0.04 0.04 0.04 0.04 0.04 0.04 0.04
  per-rule acc: 0.07 0.03
Epoch 240 | Train: Loss=0.0402 Acc=99.9% | Test: Acc=4.8% | Best=4.8%(@240)
  from x2: 0.05 0.05 0.05 0.05 0.05 0.05 0.05 0.05 0.05 0.05 0.05 0.05 0.05 0.05
  per-rule acc: 0.08 0.03
Epoch 260 | Train: Loss=0.0277 Acc=100.0% | Test: Acc=5.0% | Best=5.0%(@260)
  from x2: 0.06 0.05 0.05 0.05 0.05 0.05 0.05 0.05 0.05 0.05 0.05 0.05 0.05 0.05
  per-rule acc: 0.08 0.03
Epoch 280 | Train: Loss=0.0334 Acc=99.9% | Test: Acc=5.3% | Best=5.3%(@280)
  from x2: 0.06 0.05 0.05 0.05 0.05 0.05 0.05 0.05 0.05 0.05 0.05 0.05 0.05 0.05
  per-rule acc: 0.09 0.03
Epoch 300 | Train: Loss=0.0367 Acc=99.9% | Test: Acc=5.5% | Best=5.5%(@300)
  from x2: 0.06 0.05 0.05 0.05 0.06 0.05 0.05 0.05 0.05 0.05 0.06 0.06 0.06 0.06
  per-rule acc: 0.10 0.03
Epoch 320 | Train: Loss=0.0310 Acc=99.9% | Test: Acc=5.9% | Best=5.9%(@320)
  from x2: 0.06 0.06 0.06 0.06 0.06 0.06 0.06 0.06 0.06 0.06 0.06 0.06 0.06 0.06
  per-rule acc: 0.10 0.03
Epoch 340 | Train: Loss=0.0310 Acc=99.9% | Test: Acc=6.1% | Best=6.1%(@340)
  from x2: 0.07 0.06 0.06 0.06 0.06 0.06 0.06 0.06 0.06 0.06 0.06 0.06 0.06 0.06
  per-rule acc: 0.11 0.03
Epoch 360 | Train: Loss=0.0414 Acc=99.9% | Test: Acc=6.6% | Best=6.6%(@360)
  from x2: 0.07 0.07 0.06 0.06 0.06 0.07 0.07 0.06 0.07 0.06 0.07 0.07 0.07 0.07
  per-rule acc: 0.12 0.03
Epoch 380 | Train: Loss=0.0319 Acc=99.9% | Test: Acc=7.2% | Best=7.2%(@380)
  from x2: 0.08 0.07 0.07 0.07 0.07 0.07 0.07 0.07 0.07 0.07 0.07 0.07 0.07 0.07
  per-rule acc: 0.13 0.03
Epoch 400 | Train: Loss=0.0307 Acc=99.9% | Test: Acc=7.2% | Best=7.2%(@380)
  from x2: 0.08 0.07 0.07 0.07 0.07 0.07 0.07 0.07 0.07 0.07 0.07 0.07 0.07 0.07
  per-rule acc: 0.13 0.03
Epoch 420 | Train: Loss=0.0324 Acc=99.9% | Test: Acc=8.0% | Best=8.0%(@420)
  from x2: 0.09 0.08 0.08 0.08 0.08 0.08 0.08 0.08 0.08 0.08 0.08 0.08 0.08 0.08
  per-rule acc: 0.15 0.03
Epoch 440 | Train: Loss=0.0376 Acc=99.8% | Test: Acc=8.5% | Best=8.5%(@440)
  from x2: 0.10 0.08 0.08 0.08 0.08 0.08 0.08 0.08 0.08 0.08 0.08 0.08 0.08 0.08
  per-rule acc: 0.16 0.03
Epoch 460 | Train: Loss=0.0307 Acc=99.9% | Test: Acc=9.3% | Best=9.3%(@460)
  from x2: 0.11 0.09 0.09 0.09 0.09 0.09 0.09 0.09 0.09 0.09 0.09 0.09 0.09 0.09
  per-rule acc: 0.18 0.03
Epoch 480 | Train: Loss=0.0351 Acc=99.9% | Test: Acc=10.2% | Best=10.2%(@480)
  from x2: 0.12 0.10 0.10 0.10 0.10 0.10 0.10 0.10 0.10 0.10 0.10 0.10 0.10 0.10
  per-rule acc: 0.20 0.04
Epoch 500 | Train: Loss=0.0295 Acc=99.9% | Test: Acc=10.9% | Best=10.9%(@500)
  from x2: 0.12 0.11 0.11 0.11 0.11 0.11 0.11 0.11 0.11 0.11 0.11 0.11 0.11 0.11
  per-rule acc: 0.22 0.04
Epoch 520 | Train: Loss=0.0466 Acc=99.8% | Test: Acc=12.0% | Best=12.0%(@520)
  from x2: 0.13 0.12 0.12 0.12 0.12 0.12 0.12 0.12 0.12 0.12 0.12 0.12 0.12 0.12
  per-rule acc: 0.24 0.04
Epoch 540 | Train: Loss=0.0322 Acc=99.8% | Test: Acc=13.4% | Best=13.4%(@540)
  from x2: 0.14 0.13 0.14 0.14 0.13 0.13 0.13 0.13 0.13 0.13 0.13 0.13 0.13 0.13
  per-rule acc: 0.26 0.05
Epoch 560 | Train: Loss=0.0362 Acc=99.9% | Test: Acc=14.2% | Best=14.2%(@560)
  from x2: 0.14 0.14 0.15 0.14 0.14 0.14 0.14 0.14 0.14 0.14 0.14 0.14 0.14 0.14
  per-rule acc: 0.29 0.05
Epoch 580 | Train: Loss=0.0306 Acc=99.9% | Test: Acc=16.2% | Best=16.2%(@580)
  from x2: 0.17 0.16 0.16 0.16 0.16 0.16 0.16 0.16 0.16 0.16 0.16 0.16 0.16 0.16
  per-rule acc: 0.33 0.05
Epoch 600 | Train: Loss=0.0298 Acc=99.9% | Test: Acc=17.6% | Best=17.6%(@600)
  from x2: 0.17 0.18 0.18 0.18 0.18 0.18 0.18 0.18 0.18 0.18 0.18 0.18 0.17 0.17
  per-rule acc: 0.36 0.06
Epoch 620 | Train: Loss=0.0273 Acc=99.9% | Test: Acc=20.5% | Best=20.5%(@620)
  from x2: 0.20 0.21 0.21 0.21 0.21 0.21 0.21 0.21 0.21 0.20 0.20 0.20 0.20 0.20
  per-rule acc: 0.40 0.07
Epoch 640 | Train: Loss=0.0152 Acc=100.0% | Test: Acc=25.3% | Best=25.3%(@640)
  from x2: 0.26 0.26 0.26 0.25 0.25 0.25 0.25 0.25 0.25 0.25 0.25 0.25 0.25 0.25
  per-rule acc: 0.48 0.10
Epoch 660 | Train: Loss=0.0118 Acc=100.0% | Test: Acc=34.7% | Best=34.7%(@660)
  from x2: 0.38 0.36 0.35 0.35 0.35 0.34 0.34 0.34 0.34 0.34 0.34 0.34 0.34 0.34
  per-rule acc: 0.62 0.17
Epoch 680 | Train: Loss=0.0093 Acc=100.0% | Test: Acc=50.9% | Best=50.9%(@680)
  from x2: 0.54 0.52 0.51 0.51 0.51 0.51 0.51 0.51 0.51 0.50 0.50 0.50 0.50 0.50
  per-rule acc: 0.78 0.33
Epoch 700 | Train: Loss=0.0075 Acc=100.0% | Test: Acc=71.8% | Best=71.8%(@700)
  from x2: 0.75 0.74 0.73 0.72 0.72 0.71 0.72 0.72 0.71 0.71 0.71 0.71 0.71 0.70
  per-rule acc: 0.93 0.58
Epoch 720 | Train: Loss=0.0062 Acc=100.0% | Test: Acc=87.2% | Best=87.2%(@720)
  from x2: 0.89 0.89 0.89 0.88 0.87 0.87 0.87 0.87 0.87 0.87 0.86 0.86 0.86 0.86
  per-rule acc: 0.99 0.79
Epoch 740 | Train: Loss=0.0052 Acc=100.0% | Test: Acc=95.6% | Best=95.6%(@740)
  from x2: 0.96 0.96 0.96 0.96 0.95 0.96 0.96 0.96 0.96 0.95 0.95 0.95 0.95 0.94
  per-rule acc: 1.00 0.93
Epoch 760 | Train: Loss=0.0043 Acc=100.0% | Test: Acc=98.5% | Best=98.5%(@760)
  from x2: 0.99 0.99 0.99 0.99 0.98 0.98 0.98 0.98 0.98 0.98 0.98 0.98 0.98 0.98
  per-rule acc: 1.00 0.97
Epoch 780 | Train: Loss=0.0037 Acc=100.0% | Test: Acc=99.5% | Best=99.5%(@780)
  from x2: 1.00 1.00 1.00 1.00 0.99 0.99 0.99 1.00 1.00 0.99 0.99 1.00 0.99 0.99
  per-rule acc: 1.00 0.99
[Early stop] Epoch 780: test set reached high accuracy

==================================================
Saving model...
[OK] Model saved to: /home/cxm/ai/test0626-unbalanced/models/mixed_label_d128l1_r8_e60_40.pth
  File size: 1364.7 KB
  Best test accuracy: 99.52%

[Config] SKIP_FINAL_GENERATION_TEST=true, skipping final generation test.

--- Return code: 0 ---

======================================================================
Attention Analysis
======================================================================
Model config: addition (default), p=53
Best test accuracy: 0.9952398293621891
Training epochs: 780

Random test sequence 1/5 (length 32): [41, 39, 27, 13, 40, 0, 40, 40, 27, 14, 41, 2, 43, 45, 35, 27, 9, 36, 45, 28]...

======================================================================
Attention Layer Training Result Summary
======================================================================
Input sequence: [41, 39, 27, 13, 40, 0, 40, 40, 27, 14, 41, 2, 43, 45, 35, 27, 9, 36, 45, 28, 20, 48, 15, 10, 25, 35, 7, 42, 49, 38, 34, 19]

--- Layer 0 ---
  Head 0: Entropy=0.522
    Attention coefficients from each query position to previous positions:
      i= 0 -> j=0:1.000
      i= 1 -> j=0:0.083, j=1:0.917
      i= 2 -> j=0:0.006, j=1:0.076, j=2:0.918
      i= 3 -> j=0:0.001, j=1:0.007, j=2:0.079, j=3:0.914
      i= 4 -> j=0:0.001, j=1:0.001, j=2:0.006, j=3:0.084, j=4:0.908
      i= 5 -> j=0:0.000, j=1:0.000, j=2:0.000, j=3:0.004, j=4:0.061, j=5:0.934
      i= 6 -> j=0:0.001, j=1:0.001, j=2:0.001, j=3:0.001, j=4:0.007, j=5:0.110, j=6:0.879
      i= 7 -> j=0:0.001, j=1:0.001, j=2:0.001, j=3:0.001, j=4:0.001, j=5:0.009, j=6:0.089, j=7:0.898
      i= 8 -> j=0:0.000, j=1:0.001, j=2:0.001, j=3:0.000, j=4:0.000, j=5:0.001, j=6:0.006, j=7:0.075, j=8:0.916
      i= 9 -> j=0:0.000, j=1:0.000, j=2:0.001, j=3:0.001, j=4:0.001, j=5:0.001, j=6:0.001, j=7:0.006, j=8:0.076, j=9:0.914
      i=10 -> j=0:0.001, j=1:0.001, j=2:0.001, j=3:0.001, j=4:0.002, j=5:0.001, j=6:0.001, j=7:0.001, j=8:0.007, j=9:0.081, j=10:0.903
      i=11 -> j=0:0.000, j=1:0.000, j=2:0.000, j=3:0.000, j=4:0.001, j=5:0.001, j=6:0.001, j=7:0.001, j=8:0.001, j=9:0.006, j=10:0.078, j=11:0.911
      i=12 -> j=0:0.001, j=1:0.001, j=2:0.001, j=3:0.001, j=4:0.001, j=5:0.001, j=6:0.002, j=7:0.001, j=8:0.001, j=9:0.001, j=10:0.007, j=11:0.082, j=12:0.901
      i=13 -> j=0:0.001, j=1:0.001, j=2:0.000, j=3:0.000, j=4:0.000, j=5:0.001, j=6:0.001, j=7:0.001, j=8:0.001, j=9:0.000, j=10:0.001, j=11:0.007, j=12:0.085, j=13:0.901
      i=14 -> j=0:0.001, j=1:0.001, j=2:0.001, j=3:0.000, j=4:0.000, j=5:0.000, j=6:0.001, j=7:0.001, j=8:0.001, j=9:0.000, j=10:0.001, j=11:0.001, j=12:0.006, j=13:0.073, j=14:0.913
      i=15 -> j=0:0.001, j=1:0.001, j=2:0.001, j=3:0.000, j=4:0.000, j=5:0.000, j=6:0.000, j=7:0.000, j=8:0.001, j=9:0.001, j=10:0.000, j=11:0.000, j=12:0.001, j=13:0.005, j=14:0.079, j=15:0.909
      i=16 -> j=0:0.001, j=1:0.001, j=2:0.001, j=3:0.001, j=4:0.001, j=5:0.000, j=6:0.000, j=7:0.000, j=8:0.001, j=9:0.001, j=10:0.001, j=11:0.001, j=12:0.000, j=13:0.001, j=14:0.007, j=15:0.076, j=16:0.909
      i=17 -> j=0:0.002, j=1:0.001, j=2:0.001, j=3:0.001, j=4:0.001, j=5:0.001, j=6:0.001, j=7:0.000, j=8:0.000, j=9:0.001, j=10:0.001, j=11:0.001, j=12:0.001, j=13:0.000, j=14:0.001, j=15:0.006, j=16:0.079, j=17:0.903
      i=18 -> j=0:0.002, j=1:0.001, j=2:0.001, j=3:0.001, j=4:0.001, j=5:0.001, j=6:0.001, j=7:0.000, j=8:0.000, j=9:0.000, j=10:0.001, j=11:0.001, j=12:0.001, j=13:0.001, j=14:0.001, j=15:0.001, j=16:0.007, j=17:0.087, j=18:0.894
      i=19 -> j=0:0.002, j=1:0.002, j=2:0.001, j=3:0.001, j=4:0.001, j=5:0.001, j=6:0.001, j=7:0.001, j=8:0.000, j=9:0.000, j=10:0.000, j=11:0.000, j=12:0.001, j=13:0.001, j=14:0.000, j=15:0.000, j=16:0.001, j=17:0.006, j=18:0.075, j=19:0.908
      i=20 -> j=0:0.003, j=1:0.003, j=2:0.002, j=3:0.001, j=4:0.001, j=5:0.001, j=6:0.001, j=7:0.001, j=8:0.001, j=9:0.000, j=10:0.000, j=11:0.000, j=12:0.000, j=13:0.001, j=14:0.001, j=15:0.001, j=16:0.000, j=17:0.001, j=18:0.006, j=19:0.078, j=20:0.899
      i=21 -> j=0:0.004, j=1:0.003, j=2:0.003, j=3:0.002, j=4:0.002, j=5:0.001, j=6:0.001, j=7:0.001, j=8:0.001, j=9:0.000, j=10:0.000, j=11:0.000, j=12:0.000, j=13:0.000, j=14:0.001, j=15:0.001, j=16:0.001, j=17:0.001, j=18:0.001, j=19:0.007, j=20:0.083, j=21:0.887
      i=22 -> j=0:0.010, j=1:0.007, j=2:0.006, j=3:0.005, j=4:0.004, j=5:0.003, j=6:0.002, j=7:0.002, j=8:0.001, j=9:0.001, j=10:0.001, j=11:0.001, j=12:0.000, j=13:0.000, j=14:0.001, j=15:0.001, j=16:0.001, j=17:0.001, j=18:0.001, j=19:0.001, j=20:0.007, j=21:0.086, j=22:0.858
      i=23 -> j=0:0.010, j=1:0.007, j=2:0.005, j=3:0.004, j=4:0.004, j=5:0.003, j=6:0.002, j=7:0.001, j=8:0.001, j=9:0.001, j=10:0.001, j=11:0.001, j=12:0.000, j=13:0.000, j=14:0.000, j=15:0.001, j=16:0.001, j=17:0.001, j=18:0.001, j=19:0.001, j=20:0.001, j=21:0.007, j=22:0.073, j=23:0.874
      i=24 -> j=0:0.009, j=1:0.007, j=2:0.005, j=3:0.003, j=4:0.003, j=5:0.003, j=6:0.002, j=7:0.001, j=8:0.001, j=9:0.001, j=10:0.001, j=11:0.001, j=12:0.000, j=13:0.000, j=14:0.000, j=15:0.000, j=16:0.000, j=17:0.001, j=18:0.001, j=19:0.000, j=20:0.000, j=21:0.001, j=22:0.005, j=23:0.076, j=24:0.879
      i=25 -> j=0:0.011, j=1:0.010, j=2:0.008, j=3:0.005, j=4:0.004, j=5:0.004, j=6:0.003, j=7:0.002, j=8:0.001, j=9:0.001, j=10:0.001, j=11:0.001, j=12:0.001, j=13:0.000, j=14:0.000, j=15:0.000, j=16:0.000, j=17:0.001, j=18:0.001, j=19:0.001, j=20:0.001, j=21:0.001, j=22:0.001, j=23:0.006, j=24:0.075, j=25:0.861
      i=26 -> j=0:0.009, j=1:0.009, j=2:0.009, j=3:0.006, j=4:0.005, j=5:0.003, j=6:0.003, j=7:0.003, j=8:0.002, j=9:0.001, j=10:0.001, j=11:0.001, j=12:0.000, j=13:0.000, j=14:0.000, j=15:0.000, j=16:0.000, j=17:0.000, j=18:0.000, j=19:0.001, j=20:0.001, j=21:0.001, j=22:0.000, j=23:0.001, j=24:0.006, j=25:0.079, j=26:0.858
      i=27 -> j=0:0.017, j=1:0.016, j=2:0.016, j=3:0.014, j=4:0.012, j=5:0.008, j=6:0.007, j=7:0.005, j=8:0.004, j=9:0.003, j=10:0.002, j=11:0.001, j=12:0.001, j=13:0.001, j=14:0.001, j=15:0.001, j=16:0.000, j=17:0.000, j=18:0.000, j=19:0.001, j=20:0.001, j=21:0.001, j=22:0.001, j=23:0.001, j=24:0.001, j=25:0.006, j=26:0.080, j=27:0.801
      i=28 -> j=0:0.023, j=1:0.016, j=2:0.014, j=3:0.015, j=4:0.014, j=5:0.010, j=6:0.008, j=7:0.006, j=8:0.005, j=9:0.004, j=10:0.003, j=11:0.002, j=12:0.001, j=13:0.001, j=14:0.001, j=15:0.001, j=16:0.001, j=17:0.001, j=18:0.000, j=19:0.000, j=20:0.001, j=21:0.001, j=22:0.001, j=23:0.001, j=24:0.001, j=25:0.001, j=26:0.007, j=27:0.078, j=28:0.785
      i=29 -> j=0:0.049, j=1:0.031, j=2:0.022, j=3:0.021, j=4:0.024, j=5:0.021, j=6:0.017, j=7:0.012, j=8:0.009, j=9:0.007, j=10:0.006, j=11:0.004, j=12:0.002, j=13:0.001, j=14:0.001, j=15:0.001, j=16:0.001, j=17:0.001, j=18:0.001, j=19:0.001, j=20:0.001, j=21:0.001, j=22:0.001, j=23:0.001, j=24:0.001, j=25:0.001, j=26:0.001, j=27:0.006, j=28:0.066, j=29:0.689
      i=30 -> j=0:0.030, j=1:0.020, j=2:0.013, j=3:0.009, j=4:0.009, j=5:0.009, j=6:0.008, j=7:0.006, j=8:0.004, j=9:0.003, j=10:0.003, j=11:0.002, j=12:0.001, j=13:0.001, j=14:0.001, j=15:0.001, j=16:0.000, j=17:0.001, j=18:0.000, j=19:0.000, j=20:0.000, j=21:0.000, j=22:0.000, j=23:0.001, j=24:0.000, j=25:0.000, j=26:0.000, j=27:0.001, j=28:0.005, j=29:0.066, j=30:0.806
      i=31 -> j=0:0.047, j=1:0.043, j=2:0.033, j=3:0.020, j=4:0.015, j=5:0.014, j=6:0.015, j=7:0.014, j=8:0.011, j=9:0.007, j=10:0.005, j=11:0.004, j=12:0.003, j=13:0.002, j=14:0.002, j=15:0.001, j=16:0.001, j=17:0.001, j=18:0.001, j=19:0.001, j=20:0.001, j=21:0.000, j=22:0.000, j=23:0.001, j=24:0.001, j=25:0.001, j=26:0.001, j=27:0.001, j=28:0.001, j=29:0.006, j=30:0.063, j=31:0.686
    Average attention per distance:
      d=0:0.879, d=1:0.078, d=24:0.012, d=25:0.014, d=26:0.014, d=27:0.016, d=28:0.022, d=29:0.034
      d=30:0.036, d=31:0.047


======================================================================
QK Property Verification (Raw Scores, before Softmax)
======================================================================
Recurrence order init_len=2, num test sequences=1

--- [P1] Long-distance Orthogonality Verification ---
Ideal: raw_score mean ≈ 0 and small std when d > init_len

  Layer 0, Head 0:
    d= 1 (effective): mean=  1.091, std= 0.262, n=31
    d= 2 (effective): mean= -1.439, std= 0.212, n=30
    d>2 (long-distance): mean= -3.177, std= 1.131, n=435

--- [P2] Time-homogeneous Verification ---
Ideal: CV of raw_score across positions i ≈ 0 for fixed distance d
(CV = std / |mean|, smaller = more constant)

  Layer 0, Head 0:
    d= 1: mean=  1.091, std= 0.262, CV=0.240, n=31
    d= 2: mean= -1.439, std= 0.212, CV=0.147, n=30

======================================================================
QK Property Verification Completed
======================================================================
