=== Experiment: mixed_cond_d128l1_r8_e50_60 ===
Time: 2026-06-26T01:11:27.981211
Task type: mixed_ab
Merged config: {
  "P": 53,
  "TASK": "mixed_ab",
  "NUM_MASK": 0,
  "A": 1,
  "B": 1,
  "AB_PAIRS": [
    [
      1,
      1
    ],
    [
      1,
      2
    ]
  ],
  "D_MODEL": 128,
  "N_HEAD": 1,
  "N_LAYER": 1,
  "BATCH_SIZE": 128,
  "EPOCHS": 10000,
  "LR": 0.0003,
  "SAVE_PATH": "models/mixed_cond_d128l1_r8_e50_60.pth",
  "USE_GREEDY_GENERATE": true,
  "USE_LEARNABLE_PE": false,
  "MLP_RATIO": 8,
  "TRAIN_LEN": 16,
  "OOD_LEN": 32,
  "DROPOUT": 0.0,
  "TARGET_INIT_COVERAGE": 0.5,
  "MAX_UNIQUE_RATIO": 0.5,
  "WEIGHT_DECAY": 1,
  "ENTROPY_PENALTY_WEIGHT": 0.0,
  "FIRST_TASK_WEIGHT": 1.0,
  "RANDOM_SEED": 42,
  "EVAL_INTERVAL": 20,
  "EARLY_STOP_NO_IMPROVE": 1000,
  "EARLY_STOP_ACCURACY": 0.99,
  "SKIP_FINAL_GENERATION_TEST": true,
  "USE_AB_TAG": false,
  "USE_CONDITIONAL_WTE": true,
  "COND_WTE_SHARED_RATIO": 0.0,
  "MIXED_AB_MAX_UNIQUE_RATIOS": [
    0.5,
    0.6
  ]
}
--- output ---
Using device: cuda

[Dataset] Mixed mode: generated 3122 + 2496 samples, length 16
AB parameter pairs: [(1, 1), (1, 2)]
  - AB=(1,1): train 1404 | test 1405 | exposed ~50.0%
  - AB=(1,2): train 1718 | test 1091 | exposed ~61.2%
--------------------------------------------------
[Model config] block_size: 32, train length: 16
[Number theory] AB parameter pairs: [(1, 1), (1, 2)]


Model parameters: 0.36M

Start training...
Epoch   0 | Train: Loss=4.1837 Acc=3.3% | Test: Acc=0.1% | Best=0.1%(@0)
  from x3: 0.00 0.00 0.00 0.00 0.00 0.00 0.00 0.00 0.00 0.00 0.00 0.00 0.00
  per-rule acc: 0.00 0.00
Epoch  20 | Train: Loss=0.8947 Acc=96.5% | Test: Acc=0.4% | Best=0.4%(@20)
  from x3: 0.01 0.01 0.01 0.00 0.00 0.00 0.00 0.00 0.00 0.00 0.00 0.00 0.00
  per-rule acc: 0.00 0.00
Epoch  40 | Train: Loss=0.1551 Acc=99.0% | Test: Acc=1.2% | Best=1.2%(@40)
  from x3: 0.02 0.01 0.01 0.01 0.01 0.01 0.01 0.01 0.01 0.01 0.01 0.01 0.01
  per-rule acc: 0.01 0.01
Epoch  60 | Train: Loss=0.0724 Acc=99.3% | Test: Acc=1.4% | Best=1.4%(@60)
  from x3: 0.02 0.01 0.01 0.01 0.01 0.01 0.01 0.01 0.01 0.01 0.01 0.01 0.01
  per-rule acc: 0.01 0.01
Epoch  80 | Train: Loss=0.0500 Acc=99.6% | Test: Acc=1.5% | Best=1.5%(@80)
  from x3: 0.02 0.02 0.02 0.01 0.01 0.01 0.01 0.01 0.01 0.01 0.01 0.01 0.01
  per-rule acc: 0.01 0.02
Epoch 100 | Train: Loss=0.0403 Acc=99.8% | Test: Acc=1.6% | Best=1.6%(@100)
  from x3: 0.02 0.02 0.02 0.02 0.02 0.02 0.02 0.02 0.02 0.02 0.02 0.02 0.02
  per-rule acc: 0.02 0.02
Epoch 120 | Train: Loss=0.0332 Acc=99.9% | Test: Acc=1.8% | Best=1.8%(@120)
  from x3: 0.02 0.02 0.02 0.02 0.02 0.02 0.02 0.02 0.02 0.02 0.02 0.02 0.02
  per-rule acc: 0.02 0.02
Epoch 140 | Train: Loss=0.0275 Acc=99.9% | Test: Acc=1.9% | Best=1.9%(@140)
  from x3: 0.02 0.02 0.02 0.02 0.02 0.02 0.02 0.02 0.02 0.02 0.02 0.02 0.02
  per-rule acc: 0.02 0.02
Epoch 160 | Train: Loss=0.0228 Acc=100.0% | Test: Acc=1.9% | Best=1.9%(@160)
  from x3: 0.02 0.02 0.02 0.02 0.02 0.02 0.02 0.02 0.02 0.02 0.02 0.02 0.02
  per-rule acc: 0.02 0.02
Epoch 180 | Train: Loss=0.0190 Acc=100.0% | Test: Acc=2.0% | Best=2.0%(@180)
  from x3: 0.02 0.02 0.02 0.02 0.02 0.02 0.02 0.02 0.02 0.02 0.02 0.02 0.02
  per-rule acc: 0.02 0.02
Epoch 200 | Train: Loss=0.0615 Acc=99.9% | Test: Acc=2.1% | Best=2.1%(@200)
  from x3: 0.02 0.02 0.02 0.02 0.02 0.02 0.02 0.02 0.02 0.02 0.02 0.02 0.02
  per-rule acc: 0.02 0.03
Epoch 220 | Train: Loss=0.0170 Acc=100.0% | Test: Acc=2.0% | Best=2.1%(@200)
  from x3: 0.02 0.02 0.02 0.02 0.02 0.02 0.02 0.02 0.02 0.02 0.02 0.02 0.02
  per-rule acc: 0.02 0.02
Epoch 240 | Train: Loss=0.0157 Acc=100.0% | Test: Acc=2.1% | Best=2.1%(@240)
  from x3: 0.02 0.02 0.02 0.02 0.02 0.02 0.02 0.02 0.02 0.02 0.02 0.02 0.02
  per-rule acc: 0.02 0.03
Epoch 260 | Train: Loss=0.0302 Acc=99.9% | Test: Acc=2.3% | Best=2.3%(@260)
  from x3: 0.02 0.02 0.02 0.02 0.02 0.02 0.02 0.02 0.02 0.02 0.02 0.02 0.02
  per-rule acc: 0.02 0.03
Epoch 280 | Train: Loss=0.0184 Acc=100.0% | Test: Acc=2.4% | Best=2.4%(@280)
  from x3: 0.03 0.02 0.02 0.02 0.02 0.02 0.02 0.02 0.02 0.02 0.02 0.02 0.02
  per-rule acc: 0.02 0.03
Epoch 300 | Train: Loss=0.0106 Acc=100.0% | Test: Acc=2.8% | Best=2.8%(@300)
  from x3: 0.03 0.03 0.03 0.03 0.03 0.03 0.03 0.03 0.03 0.03 0.03 0.03 0.03
  per-rule acc: 0.02 0.04
Epoch 320 | Train: Loss=0.0101 Acc=100.0% | Test: Acc=3.5% | Best=3.5%(@320)
  from x3: 0.03 0.03 0.04 0.04 0.04 0.04 0.04 0.03 0.03 0.04 0.03 0.03 0.03
  per-rule acc: 0.02 0.06
Epoch 340 | Train: Loss=0.0110 Acc=100.0% | Test: Acc=3.8% | Best=3.8%(@340)
  from x3: 0.04 0.04 0.04 0.04 0.04 0.04 0.04 0.04 0.04 0.04 0.04 0.04 0.04
  per-rule acc: 0.02 0.06
Epoch 360 | Train: Loss=0.0111 Acc=100.0% | Test: Acc=4.0% | Best=4.0%(@360)
  from x3: 0.05 0.04 0.04 0.04 0.04 0.04 0.04 0.04 0.04 0.04 0.04 0.04 0.04
  per-rule acc: 0.02 0.07
Epoch 380 | Train: Loss=0.0096 Acc=100.0% | Test: Acc=5.6% | Best=5.6%(@380)
  from x3: 0.07 0.05 0.06 0.06 0.06 0.06 0.06 0.06 0.06 0.06 0.05 0.05 0.05
  per-rule acc: 0.02 0.10
Epoch 400 | Train: Loss=0.0106 Acc=100.0% | Test: Acc=7.1% | Best=7.1%(@400)
  from x3: 0.08 0.07 0.07 0.07 0.07 0.07 0.07 0.07 0.07 0.07 0.07 0.07 0.07
  per-rule acc: 0.02 0.14
Epoch 420 | Train: Loss=0.0205 Acc=99.9% | Test: Acc=8.5% | Best=8.5%(@420)
  from x3: 0.09 0.09 0.08 0.08 0.08 0.08 0.08 0.08 0.08 0.08 0.08 0.08 0.08
  per-rule acc: 0.02 0.17
Epoch 440 | Train: Loss=0.0151 Acc=99.9% | Test: Acc=13.9% | Best=13.9%(@440)
  from x3: 0.15 0.14 0.14 0.14 0.14 0.14 0.14 0.14 0.14 0.14 0.14 0.14 0.14
  per-rule acc: 0.02 0.29
Epoch 460 | Train: Loss=0.0754 Acc=99.8% | Test: Acc=13.6% | Best=13.9%(@440)
  from x3: 0.15 0.14 0.13 0.14 0.13 0.14 0.14 0.14 0.14 0.14 0.14 0.14 0.13
  per-rule acc: 0.02 0.29
Epoch 480 | Train: Loss=0.0150 Acc=99.9% | Test: Acc=24.4% | Best=24.4%(@480)
  from x3: 0.25 0.24 0.24 0.24 0.24 0.24 0.24 0.24 0.24 0.24 0.24 0.24 0.24
  per-rule acc: 0.02 0.53
Epoch 500 | Train: Loss=0.0101 Acc=99.9% | Test: Acc=31.6% | Best=31.6%(@500)
  from x3: 0.32 0.32 0.32 0.32 0.32 0.32 0.32 0.32 0.31 0.32 0.32 0.32 0.32
  per-rule acc: 0.02 0.69
Epoch 520 | Train: Loss=0.0113 Acc=99.9% | Test: Acc=35.7% | Best=35.7%(@520)
  from x3: 0.37 0.36 0.36 0.36 0.36 0.36 0.36 0.36 0.36 0.35 0.36 0.36 0.35
  per-rule acc: 0.02 0.79
Epoch 540 | Train: Loss=0.0129 Acc=100.0% | Test: Acc=39.6% | Best=39.6%(@540)
  from x3: 0.41 0.40 0.40 0.40 0.40 0.40 0.40 0.40 0.39 0.39 0.39 0.39 0.39
  per-rule acc: 0.03 0.87
Epoch 560 | Train: Loss=0.0083 Acc=100.0% | Test: Acc=42.1% | Best=42.1%(@560)
  from x3: 0.43 0.43 0.42 0.42 0.42 0.42 0.42 0.42 0.42 0.42 0.42 0.42 0.42
  per-rule acc: 0.03 0.93
Epoch 580 | Train: Loss=0.0084 Acc=100.0% | Test: Acc=43.7% | Best=43.7%(@580)
  from x3: 0.44 0.44 0.44 0.44 0.44 0.44 0.44 0.44 0.44 0.44 0.44 0.44 0.43
  per-rule acc: 0.03 0.95
Epoch 600 | Train: Loss=0.0082 Acc=100.0% | Test: Acc=45.3% | Best=45.3%(@600)
  from x3: 0.45 0.45 0.46 0.45 0.45 0.45 0.45 0.45 0.45 0.45 0.45 0.45 0.45
  per-rule acc: 0.05 0.98
Epoch 620 | Train: Loss=0.0634 Acc=99.9% | Test: Acc=45.6% | Best=45.6%(@620)
  from x3: 0.45 0.46 0.46 0.46 0.46 0.46 0.46 0.46 0.46 0.46 0.46 0.46 0.46
  per-rule acc: 0.05 0.98
Epoch 640 | Train: Loss=0.0078 Acc=100.0% | Test: Acc=47.3% | Best=47.3%(@640)
  from x3: 0.47 0.47 0.47 0.47 0.47 0.47 0.47 0.47 0.47 0.47 0.47 0.47 0.47
  per-rule acc: 0.07 1.00
Epoch 660 | Train: Loss=0.0087 Acc=100.0% | Test: Acc=48.1% | Best=48.1%(@660)
  from x3: 0.48 0.48 0.48 0.48 0.48 0.48 0.48 0.48 0.48 0.48 0.48 0.48 0.48
  per-rule acc: 0.08 1.00
Epoch 680 | Train: Loss=0.0142 Acc=99.9% | Test: Acc=49.1% | Best=49.1%(@680)
  from x3: 0.49 0.49 0.49 0.49 0.49 0.49 0.49 0.49 0.49 0.49 0.49 0.49 0.49
  per-rule acc: 0.10 1.00
Epoch 700 | Train: Loss=0.0067 Acc=100.0% | Test: Acc=51.8% | Best=51.8%(@700)
  from x3: 0.51 0.52 0.52 0.52 0.52 0.52 0.52 0.52 0.52 0.52 0.52 0.52 0.52
  per-rule acc: 0.14 1.00
Epoch 720 | Train: Loss=0.0064 Acc=100.0% | Test: Acc=53.6% | Best=53.6%(@720)
  from x3: 0.53 0.54 0.54 0.54 0.54 0.54 0.54 0.54 0.54 0.54 0.54 0.53 0.54
  per-rule acc: 0.18 1.00
Epoch 740 | Train: Loss=0.0088 Acc=100.0% | Test: Acc=55.9% | Best=55.9%(@740)
  from x3: 0.56 0.56 0.56 0.56 0.56 0.56 0.56 0.56 0.56 0.56 0.56 0.56 0.56
  per-rule acc: 0.22 1.00
Epoch 760 | Train: Loss=0.0065 Acc=100.0% | Test: Acc=58.3% | Best=58.3%(@760)
  from x3: 0.58 0.58 0.58 0.58 0.58 0.58 0.58 0.58 0.58 0.58 0.58 0.58 0.58
  per-rule acc: 0.26 1.00
Epoch 780 | Train: Loss=0.0067 Acc=100.0% | Test: Acc=60.0% | Best=60.0%(@780)
  from x3: 0.59 0.60 0.60 0.60 0.60 0.60 0.60 0.60 0.60 0.60 0.60 0.60 0.60
  per-rule acc: 0.29 1.00
Epoch 800 | Train: Loss=0.0060 Acc=100.0% | Test: Acc=63.9% | Best=63.9%(@800)
  from x3: 0.64 0.64 0.64 0.64 0.64 0.64 0.64 0.64 0.64 0.64 0.64 0.64 0.64
  per-rule acc: 0.36 1.00
Epoch 820 | Train: Loss=0.0118 Acc=99.9% | Test: Acc=68.2% | Best=68.2%(@820)
  from x3: 0.68 0.68 0.68 0.68 0.68 0.68 0.68 0.68 0.68 0.68 0.68 0.68 0.68
  per-rule acc: 0.43 1.00
Epoch 840 | Train: Loss=0.0062 Acc=100.0% | Test: Acc=72.7% | Best=72.7%(@840)
  from x3: 0.73 0.73 0.73 0.73 0.73 0.73 0.73 0.73 0.73 0.73 0.73 0.73 0.73
  per-rule acc: 0.51 1.00
Epoch 860 | Train: Loss=0.0056 Acc=100.0% | Test: Acc=76.0% | Best=76.0%(@860)
  from x3: 0.76 0.76 0.76 0.76 0.76 0.76 0.76 0.76 0.76 0.76 0.76 0.76 0.76
  per-rule acc: 0.57 1.00
Epoch 880 | Train: Loss=0.0074 Acc=99.9% | Test: Acc=76.2% | Best=76.2%(@880)
  from x3: 0.76 0.76 0.76 0.76 0.76 0.76 0.76 0.76 0.76 0.76 0.76 0.76 0.76
  per-rule acc: 0.58 1.00
Epoch 900 | Train: Loss=0.0094 Acc=100.0% | Test: Acc=80.5% | Best=80.5%(@900)
  from x3: 0.80 0.80 0.80 0.81 0.81 0.81 0.81 0.81 0.81 0.81 0.81 0.81 0.81
  per-rule acc: 0.65 1.00
Epoch 920 | Train: Loss=0.0066 Acc=100.0% | Test: Acc=82.0% | Best=82.0%(@920)
  from x3: 0.82 0.82 0.82 0.82 0.82 0.82 0.82 0.82 0.82 0.82 0.82 0.82 0.82
  per-rule acc: 0.68 1.00
Epoch 940 | Train: Loss=0.0061 Acc=100.0% | Test: Acc=84.1% | Best=84.1%(@940)
  from x3: 0.84 0.84 0.84 0.84 0.84 0.84 0.84 0.84 0.84 0.84 0.84 0.84 0.84
  per-rule acc: 0.72 1.00
Epoch 960 | Train: Loss=0.0061 Acc=100.0% | Test: Acc=85.5% | Best=85.5%(@960)
  from x3: 0.86 0.85 0.85 0.85 0.85 0.85 0.85 0.85 0.85 0.85 0.86 0.86 0.86
  per-rule acc: 0.74 1.00
Epoch 980 | Train: Loss=0.0061 Acc=100.0% | Test: Acc=85.9% | Best=85.9%(@980)
  from x3: 0.86 0.86 0.86 0.86 0.86 0.86 0.86 0.86 0.86 0.86 0.86 0.86 0.86
  per-rule acc: 0.75 1.00
Epoch 1000 | Train: Loss=0.0062 Acc=100.0% | Test: Acc=86.1% | Best=86.1%(@1000)
  from x3: 0.86 0.86 0.86 0.86 0.86 0.86 0.86 0.86 0.86 0.86 0.86 0.86 0.86
  per-rule acc: 0.75 1.00
Epoch 1020 | Train: Loss=0.0065 Acc=100.0% | Test: Acc=87.3% | Best=87.3%(@1020)
  from x3: 0.88 0.87 0.87 0.87 0.87 0.87 0.87 0.87 0.87 0.87 0.87 0.87 0.87
  per-rule acc: 0.77 1.00
Epoch 1040 | Train: Loss=0.0061 Acc=100.0% | Test: Acc=88.9% | Best=88.9%(@1040)
  from x3: 0.89 0.89 0.89 0.89 0.89 0.89 0.89 0.89 0.89 0.89 0.89 0.89 0.89
  per-rule acc: 0.80 1.00
Epoch 1060 | Train: Loss=0.0096 Acc=100.0% | Test: Acc=89.0% | Best=89.0%(@1060)
  from x3: 0.89 0.89 0.89 0.89 0.89 0.89 0.89 0.89 0.89 0.89 0.89 0.89 0.89
  per-rule acc: 0.80 1.00
Epoch 1080 | Train: Loss=0.0050 Acc=100.0% | Test: Acc=89.8% | Best=89.8%(@1080)
  from x3: 0.91 0.90 0.90 0.90 0.90 0.90 0.90 0.90 0.90 0.90 0.90 0.90 0.90
  per-rule acc: 0.82 1.00
Epoch 1100 | Train: Loss=0.0063 Acc=100.0% | Test: Acc=89.8% | Best=89.8%(@1080)
  from x3: 0.91 0.90 0.90 0.90 0.90 0.90 0.90 0.90 0.90 0.90 0.90 0.90 0.90
  per-rule acc: 0.82 1.00
Epoch 1120 | Train: Loss=0.0080 Acc=100.0% | Test: Acc=90.1% | Best=90.1%(@1120)
  from x3: 0.90 0.90 0.90 0.90 0.90 0.90 0.90 0.90 0.90 0.90 0.90 0.90 0.90
  per-rule acc: 0.82 1.00
Epoch 1140 | Train: Loss=0.0047 Acc=100.0% | Test: Acc=91.0% | Best=91.0%(@1140)
  from x3: 0.92 0.91 0.91 0.91 0.91 0.91 0.91 0.91 0.91 0.91 0.91 0.91 0.91
  per-rule acc: 0.84 1.00
Epoch 1160 | Train: Loss=0.0053 Acc=100.0% | Test: Acc=90.9% | Best=91.0%(@1140)
  from x3: 0.91 0.91 0.91 0.91 0.91 0.91 0.91 0.91 0.91 0.91 0.91 0.91 0.91
  per-rule acc: 0.84 1.00
Epoch 1180 | Train: Loss=0.0042 Acc=100.0% | Test: Acc=91.3% | Best=91.3%(@1180)
  from x3: 0.92 0.92 0.91 0.91 0.91 0.91 0.91 0.91 0.91 0.91 0.91 0.91 0.91
  per-rule acc: 0.85 1.00
Epoch 1200 | Train: Loss=0.0068 Acc=100.0% | Test: Acc=91.0% | Best=91.3%(@1180)
  from x3: 0.92 0.91 0.91 0.91 0.91 0.91 0.91 0.91 0.91 0.91 0.91 0.91 0.91
  per-rule acc: 0.84 1.00
Epoch 1220 | Train: Loss=0.0047 Acc=100.0% | Test: Acc=91.9% | Best=91.9%(@1220)
  from x3: 0.93 0.92 0.92 0.92 0.92 0.92 0.92 0.92 0.92 0.92 0.92 0.92 0.92
  per-rule acc: 0.86 1.00
Epoch 1240 | Train: Loss=0.0035 Acc=100.0% | Test: Acc=92.6% | Best=92.6%(@1240)
  from x3: 0.93 0.92 0.93 0.93 0.93 0.93 0.93 0.93 0.93 0.93 0.93 0.93 0.93
  per-rule acc: 0.87 1.00
Epoch 1260 | Train: Loss=0.0037 Acc=100.0% | Test: Acc=92.8% | Best=92.8%(@1260)
  from x3: 0.94 0.93 0.93 0.93 0.93 0.93 0.93 0.93 0.93 0.93 0.93 0.93 0.93
  per-rule acc: 0.87 1.00
Epoch 1280 | Train: Loss=0.0043 Acc=100.0% | Test: Acc=92.8% | Best=92.8%(@1260)
  from x3: 0.94 0.93 0.93 0.93 0.93 0.93 0.93 0.93 0.93 0.93 0.93 0.93 0.93
  per-rule acc: 0.87 1.00
Epoch 1300 | Train: Loss=0.0036 Acc=100.0% | Test: Acc=93.4% | Best=93.4%(@1300)
  from x3: 0.94 0.93 0.93 0.93 0.93 0.93 0.93 0.93 0.93 0.93 0.93 0.93 0.93
  per-rule acc: 0.88 1.00
Epoch 1320 | Train: Loss=0.0043 Acc=100.0% | Test: Acc=93.6% | Best=93.6%(@1320)
  from x3: 0.95 0.94 0.93 0.94 0.93 0.93 0.93 0.94 0.94 0.93 0.94 0.94 0.94
  per-rule acc: 0.89 1.00
Epoch 1340 | Train: Loss=0.0052 Acc=100.0% | Test: Acc=93.7% | Best=93.7%(@1340)
  from x3: 0.94 0.94 0.94 0.94 0.94 0.94 0.94 0.94 0.94 0.94 0.94 0.94 0.94
  per-rule acc: 0.89 1.00
Epoch 1360 | Train: Loss=0.0035 Acc=100.0% | Test: Acc=93.5% | Best=93.7%(@1340)
  from x3: 0.94 0.94 0.93 0.93 0.94 0.93 0.94 0.94 0.93 0.93 0.93 0.93 0.93
  per-rule acc: 0.88 1.00
Epoch 1380 | Train: Loss=0.0035 Acc=100.0% | Test: Acc=93.7% | Best=93.7%(@1380)
  from x3: 0.94 0.94 0.94 0.94 0.94 0.94 0.94 0.94 0.94 0.94 0.94 0.94 0.94
  per-rule acc: 0.89 1.00
Epoch 1400 | Train: Loss=0.0031 Acc=100.0% | Test: Acc=93.8% | Best=93.8%(@1400)
  from x3: 0.94 0.94 0.94 0.94 0.94 0.94 0.94 0.94 0.94 0.94 0.94 0.94 0.94
  per-rule acc: 0.89 1.00
Epoch 1420 | Train: Loss=0.0025 Acc=100.0% | Test: Acc=94.0% | Best=94.0%(@1420)
  from x3: 0.95 0.94 0.94 0.94 0.94 0.94 0.94 0.94 0.94 0.94 0.94 0.94 0.94
  per-rule acc: 0.89 1.00
Epoch 1440 | Train: Loss=0.0030 Acc=100.0% | Test: Acc=93.9% | Best=94.0%(@1420)
  from x3: 0.94 0.94 0.94 0.94 0.94 0.94 0.94 0.94 0.94 0.94 0.94 0.94 0.94
  per-rule acc: 0.89 1.00
Epoch 1460 | Train: Loss=0.0026 Acc=100.0% | Test: Acc=93.9% | Best=94.0%(@1420)
  from x3: 0.94 0.94 0.94 0.94 0.94 0.94 0.94 0.94 0.94 0.94 0.94 0.94 0.94
  per-rule acc: 0.89 1.00
Epoch 1480 | Train: Loss=0.0033 Acc=100.0% | Test: Acc=94.0% | Best=94.0%(@1420)
  from x3: 0.94 0.94 0.94 0.94 0.94 0.94 0.94 0.94 0.94 0.94 0.94 0.94 0.94
  per-rule acc: 0.89 1.00
Epoch 1500 | Train: Loss=0.0103 Acc=100.0% | Test: Acc=93.6% | Best=94.0%(@1420)
  from x3: 0.94 0.94 0.94 0.94 0.94 0.94 0.94 0.94 0.94 0.94 0.94 0.94 0.94
  per-rule acc: 0.89 1.00
Epoch 1520 | Train: Loss=0.0039 Acc=100.0% | Test: Acc=93.8% | Best=94.0%(@1420)
  from x3: 0.94 0.94 0.94 0.94 0.94 0.94 0.94 0.94 0.94 0.94 0.94 0.94 0.94
  per-rule acc: 0.89 1.00
Epoch 1540 | Train: Loss=0.0049 Acc=100.0% | Test: Acc=93.5% | Best=94.0%(@1420)
  from x3: 0.94 0.93 0.93 0.93 0.93 0.93 0.93 0.93 0.93 0.93 0.93 0.93 0.93
  per-rule acc: 0.88 1.00
Epoch 1560 | Train: Loss=0.0026 Acc=100.0% | Test: Acc=94.3% | Best=94.3%(@1560)
  from x3: 0.95 0.94 0.94 0.94 0.94 0.94 0.94 0.94 0.94 0.94 0.94 0.94 0.94
  per-rule acc: 0.90 1.00
Epoch 1580 | Train: Loss=0.0074 Acc=100.0% | Test: Acc=93.7% | Best=94.3%(@1560)
  from x3: 0.94 0.94 0.94 0.94 0.94 0.94 0.94 0.94 0.94 0.94 0.94 0.94 0.94
  per-rule acc: 0.89 1.00
Epoch 1600 | Train: Loss=0.0029 Acc=100.0% | Test: Acc=93.9% | Best=94.3%(@1560)
  from x3: 0.94 0.94 0.94 0.94 0.94 0.94 0.94 0.94 0.94 0.94 0.94 0.94 0.94
  per-rule acc: 0.89 1.00
Epoch 1620 | Train: Loss=0.0031 Acc=100.0% | Test: Acc=94.0% | Best=94.3%(@1560)
  from x3: 0.94 0.94 0.94 0.94 0.94 0.94 0.94 0.94 0.94 0.94 0.94 0.94 0.94
  per-rule acc: 0.89 1.00
Epoch 1640 | Train: Loss=0.0024 Acc=100.0% | Test: Acc=94.1% | Best=94.3%(@1560)
  from x3: 0.95 0.94 0.94 0.94 0.94 0.94 0.94 0.94 0.94 0.94 0.94 0.94 0.94
  per-rule acc: 0.90 1.00
Epoch 1660 | Train: Loss=0.0024 Acc=100.0% | Test: Acc=94.3% | Best=94.3%(@1660)
  from x3: 0.95 0.94 0.94 0.94 0.94 0.94 0.94 0.94 0.94 0.94 0.94 0.94 0.94
  per-rule acc: 0.90 1.00
Epoch 1680 | Train: Loss=0.0026 Acc=100.0% | Test: Acc=94.2% | Best=94.3%(@1660)
  from x3: 0.95 0.94 0.94 0.94 0.94 0.94 0.94 0.94 0.94 0.94 0.94 0.94 0.94
  per-rule acc: 0.90 1.00
Epoch 1700 | Train: Loss=0.0023 Acc=100.0% | Test: Acc=94.3% | Best=94.3%(@1660)
  from x3: 0.95 0.94 0.94 0.94 0.94 0.94 0.94 0.94 0.94 0.94 0.94 0.94 0.94
  per-rule acc: 0.90 1.00
Epoch 1720 | Train: Loss=0.0030 Acc=100.0% | Test: Acc=94.1% | Best=94.3%(@1660)
  from x3: 0.95 0.94 0.94 0.94 0.94 0.94 0.94 0.94 0.94 0.94 0.94 0.94 0.94
  per-rule acc: 0.90 1.00
Epoch 1740 | Train: Loss=0.0028 Acc=100.0% | Test: Acc=93.8% | Best=94.3%(@1660)
  from x3: 0.95 0.94 0.94 0.94 0.94 0.94 0.94 0.94 0.94 0.94 0.94 0.94 0.94
  per-rule acc: 0.89 1.00
Epoch 1760 | Train: Loss=0.0021 Acc=100.0% | Test: Acc=94.4% | Best=94.4%(@1760)
  from x3: 0.95 0.94 0.94 0.94 0.94 0.94 0.94 0.94 0.94 0.94 0.94 0.94 0.94
  per-rule acc: 0.90 1.00
Epoch 1780 | Train: Loss=0.0030 Acc=100.0% | Test: Acc=94.2% | Best=94.4%(@1760)
  from x3: 0.95 0.94 0.94 0.94 0.94 0.94 0.94 0.94 0.94 0.94 0.94 0.94 0.94
  per-rule acc: 0.90 1.00
Epoch 1800 | Train: Loss=0.0027 Acc=100.0% | Test: Acc=94.5% | Best=94.5%(@1800)
  from x3: 0.95 0.94 0.94 0.94 0.94 0.94 0.94 0.94 0.94 0.94 0.94 0.94 0.94
  per-rule acc: 0.90 1.00
Epoch 1820 | Train: Loss=0.0029 Acc=100.0% | Test: Acc=94.6% | Best=94.6%(@1820)
  from x3: 0.95 0.94 0.94 0.95 0.95 0.95 0.95 0.95 0.95 0.95 0.95 0.95 0.95
  per-rule acc: 0.90 1.00
Epoch 1840 | Train: Loss=0.0041 Acc=100.0% | Test: Acc=94.0% | Best=94.6%(@1820)
  from x3: 0.95 0.94 0.94 0.94 0.94 0.94 0.94 0.94 0.94 0.94 0.94 0.94 0.94
  per-rule acc: 0.89 1.00
Epoch 1860 | Train: Loss=0.0024 Acc=100.0% | Test: Acc=94.5% | Best=94.6%(@1820)
  from x3: 0.95 0.94 0.94 0.94 0.94 0.94 0.94 0.94 0.94 0.94 0.94 0.94 0.94
  per-rule acc: 0.90 1.00
Epoch 1880 | Train: Loss=0.0025 Acc=100.0% | Test: Acc=94.4% | Best=94.6%(@1820)
  from x3: 0.95 0.94 0.94 0.94 0.94 0.94 0.94 0.94 0.94 0.94 0.94 0.95 0.95
  per-rule acc: 0.90 1.00
Epoch 1900 | Train: Loss=0.0022 Acc=100.0% | Test: Acc=94.7% | Best=94.7%(@1900)
  from x3: 0.95 0.95 0.95 0.95 0.95 0.95 0.95 0.95 0.95 0.95 0.95 0.95 0.95
  per-rule acc: 0.91 1.00
Epoch 1920 | Train: Loss=0.0022 Acc=100.0% | Test: Acc=94.4% | Best=94.7%(@1900)
  from x3: 0.95 0.94 0.94 0.94 0.94 0.94 0.94 0.94 0.94 0.94 0.94 0.94 0.94
  per-rule acc: 0.90 1.00
Epoch 1940 | Train: Loss=0.0026 Acc=100.0% | Test: Acc=94.2% | Best=94.7%(@1900)
  from x3: 0.95 0.94 0.94 0.94 0.94 0.94 0.94 0.94 0.94 0.94 0.94 0.94 0.94
  per-rule acc: 0.90 1.00
Epoch 1960 | Train: Loss=0.0046 Acc=100.0% | Test: Acc=94.3% | Best=94.7%(@1900)
  from x3: 0.95 0.94 0.94 0.94 0.94 0.94 0.94 0.94 0.94 0.94 0.94 0.94 0.94
  per-rule acc: 0.90 1.00
Epoch 1980 | Train: Loss=0.0024 Acc=100.0% | Test: Acc=94.6% | Best=94.7%(@1900)
  from x3: 0.95 0.94 0.95 0.95 0.95 0.95 0.94 0.94 0.95 0.95 0.95 0.95 0.95
  per-rule acc: 0.90 1.00
Epoch 2000 | Train: Loss=0.0023 Acc=100.0% | Test: Acc=94.6% | Best=94.7%(@1900)
  from x3: 0.95 0.94 0.94 0.95 0.95 0.95 0.95 0.95 0.95 0.95 0.95 0.95 0.95
  per-rule acc: 0.90 1.00
Epoch 2020 | Train: Loss=0.0021 Acc=100.0% | Test: Acc=94.5% | Best=94.7%(@1900)
  from x3: 0.95 0.94 0.94 0.94 0.94 0.94 0.94 0.94 0.94 0.94 0.94 0.94 0.94
  per-rule acc: 0.90 1.00
Epoch 2040 | Train: Loss=0.0024 Acc=100.0% | Test: Acc=94.6% | Best=94.7%(@1900)
  from x3: 0.95 0.94 0.95 0.94 0.95 0.95 0.95 0.95 0.95 0.95 0.95 0.95 0.95
  per-rule acc: 0.90 1.00
Epoch 2060 | Train: Loss=0.0026 Acc=100.0% | Test: Acc=94.6% | Best=94.7%(@1900)
  from x3: 0.95 0.94 0.95 0.95 0.95 0.95 0.95 0.95 0.95 0.95 0.95 0.95 0.95
  per-rule acc: 0.90 1.00
Epoch 2080 | Train: Loss=0.0029 Acc=100.0% | Test: Acc=94.4% | Best=94.7%(@1900)
  from x3: 0.95 0.94 0.94 0.94 0.94 0.94 0.94 0.94 0.94 0.94 0.94 0.94 0.94
  per-rule acc: 0.90 1.00
Epoch 2100 | Train: Loss=0.0030 Acc=100.0% | Test: Acc=94.5% | Best=94.7%(@1900)
  from x3: 0.95 0.94 0.94 0.94 0.94 0.94 0.94 0.94 0.94 0.94 0.94 0.94 0.94
  per-rule acc: 0.90 1.00
Epoch 2120 | Train: Loss=0.0031 Acc=100.0% | Test: Acc=94.6% | Best=94.7%(@1900)
  from x3: 0.95 0.95 0.94 0.95 0.95 0.95 0.95 0.95 0.95 0.95 0.95 0.95 0.95
  per-rule acc: 0.90 1.00
Epoch 2140 | Train: Loss=0.0027 Acc=100.0% | Test: Acc=94.6% | Best=94.7%(@1900)
  from x3: 0.95 0.95 0.95 0.95 0.95 0.95 0.95 0.95 0.95 0.95 0.95 0.95 0.95
  per-rule acc: 0.90 1.00
Epoch 2160 | Train: Loss=0.0026 Acc=100.0% | Test: Acc=94.4% | Best=94.7%(@1900)
  from x3: 0.95 0.94 0.94 0.94 0.94 0.94 0.94 0.94 0.94 0.94 0.94 0.94 0.94
  per-rule acc: 0.90 1.00
Epoch 2180 | Train: Loss=0.0027 Acc=100.0% | Test: Acc=94.5% | Best=94.7%(@1900)
  from x3: 0.95 0.94 0.94 0.94 0.94 0.94 0.94 0.94 0.94 0.94 0.94 0.94 0.94
  per-rule acc: 0.90 1.00
Epoch 2200 | Train: Loss=0.0033 Acc=100.0% | Test: Acc=94.0% | Best=94.7%(@1900)
  from x3: 0.94 0.94 0.94 0.94 0.94 0.94 0.94 0.94 0.94 0.94 0.94 0.94 0.94
  per-rule acc: 0.89 1.00
Epoch 2220 | Train: Loss=0.0024 Acc=100.0% | Test: Acc=94.5% | Best=94.7%(@1900)
  from x3: 0.95 0.94 0.94 0.94 0.94 0.94 0.94 0.94 0.94 0.94 0.94 0.94 0.94
  per-rule acc: 0.90 1.00
Epoch 2240 | Train: Loss=0.0020 Acc=100.0% | Test: Acc=94.5% | Best=94.7%(@1900)
  from x3: 0.95 0.94 0.94 0.94 0.94 0.94 0.94 0.94 0.94 0.94 0.94 0.94 0.94
  per-rule acc: 0.90 1.00
Epoch 2260 | Train: Loss=0.0025 Acc=100.0% | Test: Acc=94.4% | Best=94.7%(@1900)
  from x3: 0.95 0.94 0.94 0.94 0.94 0.94 0.94 0.94 0.94 0.94 0.94 0.94 0.94
  per-rule acc: 0.90 1.00
Epoch 2280 | Train: Loss=0.0026 Acc=100.0% | Test: Acc=94.3% | Best=94.7%(@1900)
  from x3: 0.95 0.94 0.94 0.94 0.94 0.94 0.94 0.94 0.94 0.94 0.94 0.94 0.94
  per-rule acc: 0.90 1.00
Epoch 2300 | Train: Loss=0.0070 Acc=99.9% | Test: Acc=93.0% | Best=94.7%(@1900)
  from x3: 0.93 0.93 0.93 0.93 0.93 0.93 0.93 0.93 0.93 0.93 0.93 0.93 0.93
  per-rule acc: 0.88 1.00
Epoch 2320 | Train: Loss=0.0035 Acc=100.0% | Test: Acc=94.5% | Best=94.7%(@1900)
  from x3: 0.95 0.94 0.94 0.94 0.94 0.94 0.94 0.95 0.94 0.94 0.94 0.94 0.94
  per-rule acc: 0.90 1.00
Epoch 2340 | Train: Loss=0.0026 Acc=100.0% | Test: Acc=94.6% | Best=94.7%(@1900)
  from x3: 0.95 0.94 0.95 0.95 0.94 0.94 0.94 0.94 0.95 0.95 0.95 0.95 0.95
  per-rule acc: 0.90 1.00
Epoch 2360 | Train: Loss=0.0042 Acc=100.0% | Test: Acc=94.0% | Best=94.7%(@1900)
  from x3: 0.95 0.94 0.94 0.94 0.94 0.94 0.94 0.94 0.94 0.94 0.94 0.94 0.94
  per-rule acc: 0.89 1.00
Epoch 2380 | Train: Loss=0.0029 Acc=100.0% | Test: Acc=94.2% | Best=94.7%(@1900)
  from x3: 0.95 0.94 0.94 0.94 0.94 0.94 0.94 0.94 0.94 0.94 0.94 0.94 0.94
  per-rule acc: 0.90 1.00
Epoch 2400 | Train: Loss=0.0022 Acc=100.0% | Test: Acc=94.7% | Best=94.7%(@2400)
  from x3: 0.95 0.95 0.95 0.95 0.95 0.95 0.95 0.95 0.95 0.95 0.95 0.95 0.95
  per-rule acc: 0.91 1.00
Epoch 2420 | Train: Loss=0.0033 Acc=100.0% | Test: Acc=94.3% | Best=94.7%(@2400)
  from x3: 0.95 0.94 0.94 0.94 0.94 0.94 0.94 0.94 0.94 0.94 0.94 0.94 0.94
  per-rule acc: 0.90 1.00
Epoch 2440 | Train: Loss=0.0041 Acc=100.0% | Test: Acc=94.1% | Best=94.7%(@2400)
  from x3: 0.95 0.94 0.94 0.94 0.94 0.94 0.94 0.94 0.94 0.94 0.94 0.94 0.94
  per-rule acc: 0.89 1.00
Epoch 2460 | Train: Loss=0.0036 Acc=100.0% | Test: Acc=94.2% | Best=94.7%(@2400)
  from x3: 0.95 0.94 0.94 0.94 0.94 0.94 0.94 0.94 0.94 0.94 0.94 0.94 0.94
  per-rule acc: 0.90 1.00
Epoch 2480 | Train: Loss=0.0021 Acc=100.0% | Test: Acc=94.4% | Best=94.7%(@2400)
  from x3: 0.95 0.94 0.94 0.94 0.94 0.94 0.94 0.94 0.94 0.94 0.94 0.94 0.94
  per-rule acc: 0.90 1.00
Epoch 2500 | Train: Loss=0.0040 Acc=100.0% | Test: Acc=93.7% | Best=94.7%(@2400)
  from x3: 0.95 0.94 0.94 0.94 0.94 0.94 0.93 0.94 0.94 0.94 0.94 0.94 0.94
  per-rule acc: 0.89 1.00
Epoch 2520 | Train: Loss=0.0085 Acc=100.0% | Test: Acc=94.3% | Best=94.7%(@2400)
  from x3: 0.95 0.94 0.94 0.94 0.94 0.94 0.94 0.94 0.94 0.94 0.94 0.94 0.94
  per-rule acc: 0.90 1.00
Epoch 2540 | Train: Loss=0.0064 Acc=100.0% | Test: Acc=93.7% | Best=94.7%(@2400)
  from x3: 0.94 0.93 0.94 0.94 0.94 0.94 0.94 0.94 0.94 0.94 0.94 0.94 0.94
  per-rule acc: 0.89 1.00
Epoch 2560 | Train: Loss=0.0026 Acc=100.0% | Test: Acc=94.6% | Best=94.7%(@2400)
  from x3: 0.95 0.94 0.95 0.95 0.95 0.95 0.95 0.95 0.95 0.95 0.95 0.95 0.95
  per-rule acc: 0.90 1.00
Epoch 2580 | Train: Loss=0.0052 Acc=100.0% | Test: Acc=94.1% | Best=94.7%(@2400)
  from x3: 0.94 0.94 0.94 0.94 0.94 0.94 0.94 0.94 0.94 0.94 0.94 0.94 0.94
  per-rule acc: 0.89 1.00
Epoch 2600 | Train: Loss=0.0025 Acc=100.0% | Test: Acc=94.6% | Best=94.7%(@2400)
  from x3: 0.95 0.94 0.95 0.95 0.95 0.94 0.94 0.95 0.95 0.95 0.95 0.95 0.95
  per-rule acc: 0.90 1.00
Epoch 2620 | Train: Loss=0.0061 Acc=100.0% | Test: Acc=94.1% | Best=94.7%(@2400)
  from x3: 0.95 0.94 0.94 0.94 0.94 0.94 0.94 0.94 0.94 0.94 0.94 0.94 0.94
  per-rule acc: 0.89 1.00
Epoch 2640 | Train: Loss=0.0022 Acc=100.0% | Test: Acc=94.5% | Best=94.7%(@2400)
  from x3: 0.95 0.94 0.94 0.94 0.94 0.94 0.94 0.94 0.94 0.94 0.94 0.95 0.95
  per-rule acc: 0.90 1.00
Epoch 2660 | Train: Loss=0.0029 Acc=100.0% | Test: Acc=94.0% | Best=94.7%(@2400)
  from x3: 0.95 0.94 0.94 0.94 0.94 0.94 0.94 0.94 0.94 0.94 0.94 0.94 0.94
  per-rule acc: 0.89 1.00
Epoch 2680 | Train: Loss=0.0039 Acc=100.0% | Test: Acc=94.3% | Best=94.7%(@2400)
  from x3: 0.95 0.94 0.94 0.94 0.94 0.94 0.94 0.94 0.94 0.94 0.94 0.94 0.94
  per-rule acc: 0.90 1.00
Epoch 2700 | Train: Loss=0.0014 Acc=100.0% | Test: Acc=94.6% | Best=94.7%(@2400)
  from x3: 0.95 0.95 0.95 0.95 0.95 0.95 0.95 0.95 0.95 0.95 0.95 0.95 0.95
  per-rule acc: 0.90 1.00
Epoch 2720 | Train: Loss=0.0018 Acc=100.0% | Test: Acc=94.7% | Best=94.7%(@2400)
  from x3: 0.95 0.95 0.95 0.95 0.95 0.95 0.95 0.95 0.95 0.95 0.95 0.95 0.95
  per-rule acc: 0.91 1.00
Epoch 2740 | Train: Loss=0.0016 Acc=100.0% | Test: Acc=94.5% | Best=94.7%(@2400)
  from x3: 0.95 0.94 0.94 0.94 0.94 0.94 0.95 0.94 0.94 0.95 0.95 0.94 0.94
  per-rule acc: 0.90 1.00
Epoch 2760 | Train: Loss=0.0020 Acc=100.0% | Test: Acc=94.6% | Best=94.7%(@2400)
  from x3: 0.95 0.94 0.94 0.94 0.95 0.95 0.95 0.94 0.94 0.95 0.95 0.95 0.95
  per-rule acc: 0.90 1.00
Epoch 2780 | Train: Loss=0.0015 Acc=100.0% | Test: Acc=94.9% | Best=94.9%(@2780)
  from x3: 0.95 0.95 0.95 0.95 0.95 0.95 0.95 0.95 0.95 0.95 0.95 0.95 0.95
  per-rule acc: 0.91 1.00
Epoch 2800 | Train: Loss=0.0022 Acc=100.0% | Test: Acc=94.8% | Best=94.9%(@2780)
  from x3: 0.95 0.95 0.95 0.95 0.95 0.95 0.95 0.95 0.95 0.95 0.95 0.95 0.95
  per-rule acc: 0.91 1.00
Epoch 2820 | Train: Loss=0.0029 Acc=100.0% | Test: Acc=94.7% | Best=94.9%(@2780)
  from x3: 0.95 0.95 0.95 0.95 0.95 0.95 0.95 0.95 0.95 0.95 0.95 0.95 0.95
  per-rule acc: 0.91 1.00
Epoch 2840 | Train: Loss=0.0024 Acc=100.0% | Test: Acc=94.9% | Best=94.9%(@2840)
  from x3: 0.96 0.95 0.95 0.95 0.95 0.95 0.95 0.95 0.95 0.95 0.95 0.95 0.95
  per-rule acc: 0.91 1.00
Epoch 2860 | Train: Loss=0.0049 Acc=100.0% | Test: Acc=94.7% | Best=94.9%(@2840)
  from x3: 0.96 0.95 0.95 0.95 0.95 0.95 0.95 0.95 0.95 0.95 0.95 0.95 0.94
  per-rule acc: 0.91 1.00
Epoch 2880 | Train: Loss=0.0160 Acc=99.9% | Test: Acc=93.7% | Best=94.9%(@2840)
  from x3: 0.94 0.94 0.94 0.94 0.94 0.94 0.94 0.94 0.94 0.94 0.94 0.94 0.94
  per-rule acc: 0.89 1.00
Epoch 2900 | Train: Loss=0.0024 Acc=100.0% | Test: Acc=94.9% | Best=94.9%(@2840)
  from x3: 0.95 0.95 0.95 0.95 0.95 0.95 0.95 0.95 0.95 0.95 0.95 0.95 0.95
  per-rule acc: 0.91 1.00
Epoch 2920 | Train: Loss=0.0023 Acc=100.0% | Test: Acc=94.8% | Best=94.9%(@2840)
  from x3: 0.95 0.95 0.95 0.95 0.95 0.95 0.95 0.95 0.95 0.95 0.95 0.95 0.95
  per-rule acc: 0.91 1.00
Epoch 2940 | Train: Loss=0.0025 Acc=100.0% | Test: Acc=95.0% | Best=95.0%(@2940)
  from x3: 0.96 0.95 0.95 0.95 0.95 0.95 0.95 0.95 0.95 0.95 0.95 0.95 0.95
  per-rule acc: 0.91 1.00
Epoch 2960 | Train: Loss=0.0024 Acc=100.0% | Test: Acc=94.9% | Best=95.0%(@2940)
  from x3: 0.95 0.95 0.95 0.95 0.95 0.95 0.95 0.95 0.95 0.95 0.95 0.95 0.95
  per-rule acc: 0.91 1.00
Epoch 2980 | Train: Loss=0.0024 Acc=100.0% | Test: Acc=95.1% | Best=95.1%(@2980)
  from x3: 0.96 0.95 0.95 0.95 0.95 0.95 0.95 0.95 0.95 0.95 0.95 0.95 0.95
  per-rule acc: 0.91 1.00
Epoch 3000 | Train: Loss=0.0025 Acc=100.0% | Test: Acc=95.0% | Best=95.1%(@2980)
  from x3: 0.96 0.95 0.95 0.95 0.95 0.95 0.95 0.95 0.95 0.95 0.95 0.95 0.95
  per-rule acc: 0.91 1.00
Epoch 3020 | Train: Loss=0.0023 Acc=100.0% | Test: Acc=95.0% | Best=95.1%(@2980)
  from x3: 0.96 0.95 0.95 0.95 0.95 0.95 0.95 0.95 0.95 0.95 0.95 0.95 0.95
  per-rule acc: 0.91 1.00
Epoch 3040 | Train: Loss=0.0023 Acc=100.0% | Test: Acc=95.0% | Best=95.1%(@2980)
  from x3: 0.96 0.95 0.95 0.95 0.95 0.95 0.95 0.95 0.95 0.95 0.95 0.95 0.95
  per-rule acc: 0.91 1.00
Epoch 3060 | Train: Loss=0.0021 Acc=100.0% | Test: Acc=95.1% | Best=95.1%(@2980)
  from x3: 0.96 0.95 0.95 0.95 0.95 0.95 0.95 0.95 0.95 0.95 0.95 0.95 0.95
  per-rule acc: 0.91 1.00
Epoch 3080 | Train: Loss=0.0020 Acc=100.0% | Test: Acc=95.0% | Best=95.1%(@2980)
  from x3: 0.96 0.95 0.95 0.95 0.95 0.95 0.95 0.95 0.95 0.95 0.95 0.95 0.95
  per-rule acc: 0.91 1.00
Epoch 3100 | Train: Loss=0.0017 Acc=100.0% | Test: Acc=95.0% | Best=95.1%(@2980)
  from x3: 0.96 0.95 0.95 0.95 0.95 0.95 0.95 0.95 0.95 0.95 0.95 0.95 0.95
  per-rule acc: 0.91 1.00
Epoch 3120 | Train: Loss=0.0015 Acc=100.0% | Test: Acc=95.0% | Best=95.1%(@2980)
  from x3: 0.96 0.95 0.95 0.95 0.95 0.95 0.95 0.95 0.95 0.95 0.95 0.95 0.95
  per-rule acc: 0.91 1.00
Epoch 3140 | Train: Loss=0.0018 Acc=100.0% | Test: Acc=95.3% | Best=95.3%(@3140)
  from x3: 0.96 0.95 0.95 0.95 0.95 0.95 0.95 0.95 0.95 0.95 0.95 0.95 0.95
  per-rule acc: 0.92 1.00
Epoch 3160 | Train: Loss=0.0024 Acc=100.0% | Test: Acc=95.3% | Best=95.3%(@3160)
  from x3: 0.96 0.95 0.95 0.95 0.95 0.95 0.95 0.95 0.95 0.95 0.95 0.95 0.95
  per-rule acc: 0.92 1.00
Epoch 3180 | Train: Loss=0.0046 Acc=100.0% | Test: Acc=95.3% | Best=95.3%(@3160)
  from x3: 0.96 0.95 0.95 0.95 0.95 0.95 0.95 0.95 0.95 0.95 0.95 0.95 0.95
  per-rule acc: 0.92 1.00
Epoch 3200 | Train: Loss=0.0023 Acc=100.0% | Test: Acc=95.2% | Best=95.3%(@3160)
  from x3: 0.96 0.95 0.95 0.95 0.95 0.95 0.95 0.95 0.95 0.95 0.95 0.95 0.95
  per-rule acc: 0.91 1.00
Epoch 3220 | Train: Loss=0.0021 Acc=100.0% | Test: Acc=95.3% | Best=95.3%(@3220)
  from x3: 0.96 0.95 0.95 0.95 0.95 0.95 0.95 0.95 0.95 0.95 0.95 0.95 0.95
  per-rule acc: 0.92 1.00
Epoch 3240 | Train: Loss=0.0023 Acc=100.0% | Test: Acc=95.2% | Best=95.3%(@3220)
  from x3: 0.96 0.95 0.95 0.95 0.95 0.95 0.95 0.95 0.95 0.95 0.95 0.95 0.95
  per-rule acc: 0.91 1.00
Epoch 3260 | Train: Loss=0.0017 Acc=100.0% | Test: Acc=95.2% | Best=95.3%(@3220)
  from x3: 0.96 0.95 0.95 0.95 0.95 0.95 0.95 0.95 0.95 0.95 0.95 0.95 0.95
  per-rule acc: 0.92 1.00
Epoch 3280 | Train: Loss=0.0020 Acc=100.0% | Test: Acc=95.2% | Best=95.3%(@3220)
  from x3: 0.96 0.95 0.95 0.95 0.95 0.95 0.95 0.95 0.95 0.95 0.95 0.95 0.95
  per-rule acc: 0.91 1.00
Epoch 3300 | Train: Loss=0.0053 Acc=100.0% | Test: Acc=94.7% | Best=95.3%(@3220)
  from x3: 0.96 0.95 0.95 0.95 0.95 0.95 0.95 0.95 0.95 0.95 0.95 0.95 0.95
  per-rule acc: 0.91 1.00
Epoch 3320 | Train: Loss=0.0022 Acc=100.0% | Test: Acc=95.2% | Best=95.3%(@3220)
  from x3: 0.96 0.95 0.95 0.95 0.95 0.95 0.95 0.95 0.95 0.95 0.95 0.95 0.95
  per-rule acc: 0.92 1.00
Epoch 3340 | Train: Loss=0.0020 Acc=100.0% | Test: Acc=95.2% | Best=95.3%(@3220)
  from x3: 0.96 0.95 0.95 0.95 0.95 0.95 0.95 0.95 0.95 0.95 0.95 0.95 0.95
  per-rule acc: 0.91 1.00
Epoch 3360 | Train: Loss=0.0020 Acc=100.0% | Test: Acc=95.3% | Best=95.3%(@3360)
  from x3: 0.96 0.95 0.95 0.95 0.95 0.95 0.95 0.95 0.95 0.95 0.95 0.95 0.95
  per-rule acc: 0.92 1.00
Epoch 3380 | Train: Loss=0.0020 Acc=100.0% | Test: Acc=95.3% | Best=95.3%(@3360)
  from x3: 0.96 0.95 0.95 0.95 0.95 0.95 0.95 0.95 0.95 0.95 0.95 0.95 0.95
  per-rule acc: 0.92 1.00
Epoch 3400 | Train: Loss=0.0015 Acc=100.0% | Test: Acc=95.3% | Best=95.3%(@3360)
  from x3: 0.96 0.95 0.95 0.95 0.95 0.95 0.95 0.95 0.95 0.95 0.95 0.95 0.95
  per-rule acc: 0.92 1.00
Epoch 3420 | Train: Loss=0.0018 Acc=100.0% | Test: Acc=95.1% | Best=95.3%(@3360)
  from x3: 0.96 0.95 0.95 0.95 0.95 0.95 0.95 0.95 0.95 0.95 0.95 0.95 0.95
  per-rule acc: 0.91 1.00
Epoch 3440 | Train: Loss=0.0015 Acc=100.0% | Test: Acc=95.4% | Best=95.4%(@3440)
  from x3: 0.96 0.95 0.95 0.95 0.95 0.95 0.95 0.95 0.95 0.95 0.95 0.95 0.95
  per-rule acc: 0.92 1.00
Epoch 3460 | Train: Loss=0.0021 Acc=100.0% | Test: Acc=95.2% | Best=95.4%(@3440)
  from x3: 0.96 0.95 0.95 0.95 0.95 0.95 0.95 0.95 0.95 0.95 0.95 0.95 0.95
  per-rule acc: 0.92 1.00
Epoch 3480 | Train: Loss=0.0016 Acc=100.0% | Test: Acc=95.5% | Best=95.5%(@3480)
  from x3: 0.96 0.95 0.96 0.95 0.96 0.96 0.96 0.95 0.96 0.96 0.95 0.95 0.95
  per-rule acc: 0.92 1.00
Epoch 3500 | Train: Loss=0.0022 Acc=100.0% | Test: Acc=95.4% | Best=95.5%(@3480)
  from x3: 0.96 0.95 0.95 0.95 0.95 0.95 0.95 0.95 0.95 0.95 0.95 0.95 0.95
  per-rule acc: 0.92 1.00
Epoch 3520 | Train: Loss=0.0023 Acc=100.0% | Test: Acc=95.2% | Best=95.5%(@3480)
  from x3: 0.96 0.95 0.95 0.95 0.95 0.95 0.95 0.95 0.95 0.95 0.95 0.95 0.95
  per-rule acc: 0.92 1.00
Epoch 3540 | Train: Loss=0.0053 Acc=100.0% | Test: Acc=94.9% | Best=95.5%(@3480)
  from x3: 0.95 0.95 0.95 0.95 0.95 0.95 0.95 0.95 0.95 0.95 0.95 0.95 0.95
  per-rule acc: 0.91 1.00
Epoch 3560 | Train: Loss=0.0021 Acc=100.0% | Test: Acc=95.2% | Best=95.5%(@3480)
  from x3: 0.96 0.95 0.95 0.95 0.95 0.95 0.95 0.95 0.95 0.95 0.95 0.95 0.95
  per-rule acc: 0.92 1.00
Epoch 3580 | Train: Loss=0.0019 Acc=100.0% | Test: Acc=95.3% | Best=95.5%(@3480)
  from x3: 0.96 0.95 0.95 0.95 0.95 0.95 0.95 0.95 0.95 0.95 0.95 0.95 0.95
  per-rule acc: 0.92 1.00
Epoch 3600 | Train: Loss=0.0017 Acc=100.0% | Test: Acc=95.1% | Best=95.5%(@3480)
  from x3: 0.96 0.95 0.95 0.95 0.95 0.95 0.95 0.95 0.95 0.95 0.95 0.95 0.95
  per-rule acc: 0.91 1.00
Epoch 3620 | Train: Loss=0.0015 Acc=100.0% | Test: Acc=95.1% | Best=95.5%(@3480)
  from x3: 0.96 0.95 0.95 0.95 0.95 0.95 0.95 0.95 0.95 0.95 0.95 0.95 0.95
  per-rule acc: 0.91 1.00
Epoch 3640 | Train: Loss=0.0017 Acc=100.0% | Test: Acc=95.2% | Best=95.5%(@3480)
  from x3: 0.96 0.95 0.95 0.95 0.95 0.95 0.95 0.95 0.95 0.95 0.95 0.95 0.95
  per-rule acc: 0.91 1.00
Epoch 3660 | Train: Loss=0.0018 Acc=100.0% | Test: Acc=95.2% | Best=95.5%(@3480)
  from x3: 0.96 0.95 0.95 0.95 0.95 0.95 0.95 0.95 0.95 0.95 0.95 0.95 0.95
  per-rule acc: 0.91 1.00
Epoch 3680 | Train: Loss=0.0011 Acc=100.0% | Test: Acc=95.3% | Best=95.5%(@3480)
  from x3: 0.96 0.95 0.95 0.95 0.95 0.95 0.95 0.95 0.95 0.95 0.95 0.95 0.95
  per-rule acc: 0.92 1.00
Epoch 3700 | Train: Loss=0.0019 Acc=100.0% | Test: Acc=95.1% | Best=95.5%(@3480)
  from x3: 0.96 0.95 0.95 0.95 0.95 0.95 0.95 0.95 0.95 0.95 0.95 0.95 0.95
  per-rule acc: 0.91 1.00
Epoch 3720 | Train: Loss=0.0017 Acc=100.0% | Test: Acc=95.1% | Best=95.5%(@3480)
  from x3: 0.96 0.95 0.95 0.95 0.95 0.95 0.95 0.95 0.95 0.95 0.95 0.95 0.95
  per-rule acc: 0.91 1.00
Epoch 3740 | Train: Loss=0.0017 Acc=100.0% | Test: Acc=95.3% | Best=95.5%(@3480)
  from x3: 0.96 0.95 0.95 0.95 0.95 0.95 0.95 0.95 0.95 0.95 0.95 0.95 0.95
  per-rule acc: 0.92 1.00
Epoch 3760 | Train: Loss=0.0022 Acc=100.0% | Test: Acc=95.3% | Best=95.5%(@3480)
  from x3: 0.96 0.95 0.95 0.95 0.95 0.95 0.95 0.95 0.95 0.95 0.95 0.95 0.95
  per-rule acc: 0.92 1.00
Epoch 3780 | Train: Loss=0.0015 Acc=100.0% | Test: Acc=95.4% | Best=95.5%(@3480)
  from x3: 0.96 0.95 0.95 0.95 0.95 0.95 0.95 0.95 0.95 0.95 0.95 0.95 0.95
  per-rule acc: 0.92 1.00
Epoch 3800 | Train: Loss=0.0021 Acc=100.0% | Test: Acc=95.2% | Best=95.5%(@3480)
  from x3: 0.96 0.95 0.95 0.95 0.95 0.95 0.95 0.95 0.95 0.95 0.95 0.95 0.95
  per-rule acc: 0.91 1.00
Epoch 3820 | Train: Loss=0.0019 Acc=100.0% | Test: Acc=95.1% | Best=95.5%(@3480)
  from x3: 0.96 0.95 0.95 0.95 0.95 0.95 0.95 0.95 0.95 0.95 0.95 0.95 0.95
  per-rule acc: 0.91 1.00
Epoch 3840 | Train: Loss=0.0133 Acc=99.9% | Test: Acc=94.0% | Best=95.5%(@3480)
  from x3: 0.94 0.94 0.94 0.94 0.94 0.94 0.94 0.94 0.94 0.94 0.94 0.94 0.94
  per-rule acc: 0.89 1.00
Epoch 3860 | Train: Loss=0.0017 Acc=100.0% | Test: Acc=95.3% | Best=95.5%(@3480)
  from x3: 0.96 0.95 0.95 0.95 0.95 0.95 0.95 0.95 0.95 0.95 0.95 0.95 0.95
  per-rule acc: 0.92 1.00
Epoch 3880 | Train: Loss=0.0018 Acc=100.0% | Test: Acc=95.2% | Best=95.5%(@3480)
  from x3: 0.96 0.95 0.95 0.95 0.95 0.95 0.95 0.95 0.95 0.95 0.95 0.95 0.95
  per-rule acc: 0.92 1.00
Epoch 3900 | Train: Loss=0.0016 Acc=100.0% | Test: Acc=95.4% | Best=95.5%(@3480)
  from x3: 0.96 0.95 0.95 0.95 0.95 0.95 0.95 0.95 0.95 0.95 0.95 0.95 0.95
  per-rule acc: 0.92 1.00
Epoch 3920 | Train: Loss=0.0018 Acc=100.0% | Test: Acc=95.1% | Best=95.5%(@3480)
  from x3: 0.96 0.95 0.95 0.95 0.95 0.95 0.95 0.95 0.95 0.95 0.95 0.95 0.95
  per-rule acc: 0.91 1.00
Epoch 3940 | Train: Loss=0.0025 Acc=100.0% | Test: Acc=93.8% | Best=95.5%(@3480)
  from x3: 0.94 0.94 0.94 0.94 0.94 0.94 0.94 0.94 0.94 0.94 0.94 0.94 0.94
  per-rule acc: 0.89 1.00
Epoch 3960 | Train: Loss=0.0018 Acc=100.0% | Test: Acc=95.2% | Best=95.5%(@3480)
  from x3: 0.96 0.95 0.95 0.95 0.95 0.95 0.95 0.95 0.95 0.95 0.95 0.95 0.95
  per-rule acc: 0.92 1.00
Epoch 3980 | Train: Loss=0.0018 Acc=100.0% | Test: Acc=95.2% | Best=95.5%(@3480)
  from x3: 0.96 0.95 0.95 0.95 0.95 0.95 0.95 0.95 0.95 0.95 0.95 0.95 0.95
  per-rule acc: 0.91 1.00
Epoch 4000 | Train: Loss=0.0017 Acc=100.0% | Test: Acc=95.2% | Best=95.5%(@3480)
  from x3: 0.96 0.95 0.95 0.95 0.95 0.95 0.95 0.95 0.95 0.95 0.95 0.95 0.95
  per-rule acc: 0.92 1.00
Epoch 4020 | Train: Loss=0.0021 Acc=100.0% | Test: Acc=95.2% | Best=95.5%(@3480)
  from x3: 0.96 0.95 0.95 0.95 0.95 0.95 0.95 0.95 0.95 0.95 0.95 0.95 0.95
  per-rule acc: 0.91 1.00
Epoch 4040 | Train: Loss=0.0017 Acc=100.0% | Test: Acc=95.3% | Best=95.5%(@3480)
  from x3: 0.96 0.95 0.95 0.95 0.95 0.95 0.95 0.95 0.95 0.95 0.95 0.95 0.95
  per-rule acc: 0.92 1.00
Epoch 4060 | Train: Loss=0.0018 Acc=100.0% | Test: Acc=95.2% | Best=95.5%(@3480)
  from x3: 0.96 0.95 0.95 0.95 0.95 0.95 0.95 0.95 0.95 0.95 0.95 0.95 0.95
  per-rule acc: 0.91 1.00
Epoch 4080 | Train: Loss=0.0019 Acc=100.0% | Test: Acc=95.2% | Best=95.5%(@3480)
  from x3: 0.96 0.95 0.95 0.95 0.95 0.95 0.95 0.95 0.95 0.95 0.95 0.95 0.95
  per-rule acc: 0.92 1.00
Epoch 4100 | Train: Loss=0.0019 Acc=100.0% | Test: Acc=95.1% | Best=95.5%(@3480)
  from x3: 0.96 0.95 0.95 0.95 0.95 0.95 0.95 0.95 0.95 0.95 0.95 0.95 0.95
  per-rule acc: 0.91 1.00
Epoch 4120 | Train: Loss=0.0016 Acc=100.0% | Test: Acc=95.1% | Best=95.5%(@3480)
  from x3: 0.96 0.95 0.95 0.95 0.95 0.95 0.95 0.95 0.95 0.95 0.95 0.95 0.95
  per-rule acc: 0.91 1.00
Epoch 4140 | Train: Loss=0.0017 Acc=100.0% | Test: Acc=95.3% | Best=95.5%(@3480)
  from x3: 0.96 0.95 0.95 0.95 0.95 0.95 0.95 0.95 0.95 0.95 0.95 0.95 0.95
  per-rule acc: 0.92 1.00
Epoch 4160 | Train: Loss=0.0017 Acc=100.0% | Test: Acc=95.2% | Best=95.5%(@3480)
  from x3: 0.96 0.95 0.95 0.95 0.95 0.95 0.95 0.95 0.95 0.95 0.95 0.95 0.95
  per-rule acc: 0.91 1.00
Epoch 4180 | Train: Loss=0.0017 Acc=100.0% | Test: Acc=95.1% | Best=95.5%(@3480)
  from x3: 0.96 0.95 0.95 0.95 0.95 0.95 0.95 0.95 0.95 0.95 0.95 0.95 0.95
  per-rule acc: 0.91 1.00
Epoch 4200 | Train: Loss=0.0014 Acc=100.0% | Test: Acc=95.1% | Best=95.5%(@3480)
  from x3: 0.96 0.95 0.95 0.95 0.95 0.95 0.95 0.95 0.95 0.95 0.95 0.95 0.95
  per-rule acc: 0.91 1.00
Epoch 4220 | Train: Loss=0.0572 Acc=99.5% | Test: Acc=94.2% | Best=95.5%(@3480)
  from x3: 0.95 0.94 0.94 0.94 0.94 0.94 0.94 0.94 0.94 0.94 0.94 0.94 0.94
  per-rule acc: 0.90 1.00
Epoch 4240 | Train: Loss=0.0014 Acc=100.0% | Test: Acc=95.2% | Best=95.5%(@3480)
  from x3: 0.96 0.95 0.95 0.95 0.95 0.95 0.95 0.95 0.95 0.95 0.95 0.95 0.95
  per-rule acc: 0.92 1.00
Epoch 4260 | Train: Loss=0.0018 Acc=100.0% | Test: Acc=95.2% | Best=95.5%(@3480)
  from x3: 0.96 0.95 0.95 0.95 0.95 0.95 0.95 0.95 0.95 0.95 0.95 0.95 0.95
  per-rule acc: 0.91 1.00
Epoch 4280 | Train: Loss=0.0016 Acc=100.0% | Test: Acc=95.1% | Best=95.5%(@3480)
  from x3: 0.96 0.95 0.95 0.95 0.95 0.95 0.95 0.95 0.95 0.95 0.95 0.95 0.95
  per-rule acc: 0.91 1.00
Epoch 4300 | Train: Loss=0.0014 Acc=100.0% | Test: Acc=95.1% | Best=95.5%(@3480)
  from x3: 0.96 0.95 0.95 0.95 0.95 0.95 0.95 0.95 0.95 0.95 0.95 0.95 0.95
  per-rule acc: 0.91 1.00
Epoch 4320 | Train: Loss=0.0015 Acc=100.0% | Test: Acc=95.2% | Best=95.5%(@3480)
  from x3: 0.96 0.95 0.95 0.95 0.95 0.95 0.95 0.95 0.95 0.95 0.95 0.95 0.95
  per-rule acc: 0.91 1.00
Epoch 4340 | Train: Loss=0.0020 Acc=100.0% | Test: Acc=95.0% | Best=95.5%(@3480)
  from x3: 0.96 0.95 0.95 0.95 0.95 0.95 0.95 0.95 0.95 0.95 0.95 0.95 0.95
  per-rule acc: 0.91 1.00
Epoch 4360 | Train: Loss=0.0025 Acc=100.0% | Test: Acc=94.1% | Best=95.5%(@3480)
  from x3: 0.95 0.94 0.94 0.94 0.94 0.94 0.94 0.94 0.94 0.94 0.94 0.94 0.94
  per-rule acc: 0.89 1.00
Epoch 4380 | Train: Loss=0.0018 Acc=100.0% | Test: Acc=94.9% | Best=95.5%(@3480)
  from x3: 0.95 0.95 0.95 0.95 0.95 0.95 0.95 0.95 0.95 0.95 0.95 0.95 0.95
  per-rule acc: 0.91 1.00
Epoch 4400 | Train: Loss=0.0017 Acc=100.0% | Test: Acc=95.0% | Best=95.5%(@3480)
  from x3: 0.95 0.95 0.95 0.95 0.95 0.95 0.95 0.95 0.95 0.95 0.95 0.95 0.95
  per-rule acc: 0.91 1.00
Epoch 4420 | Train: Loss=0.0011 Acc=100.0% | Test: Acc=95.0% | Best=95.5%(@3480)
  from x3: 0.96 0.95 0.95 0.95 0.95 0.95 0.95 0.95 0.95 0.95 0.95 0.95 0.95
  per-rule acc: 0.91 1.00
Epoch 4440 | Train: Loss=0.0020 Acc=100.0% | Test: Acc=94.9% | Best=95.5%(@3480)
  from x3: 0.96 0.95 0.95 0.95 0.95 0.95 0.95 0.95 0.95 0.95 0.95 0.95 0.95
  per-rule acc: 0.91 1.00
Epoch 4460 | Train: Loss=0.0016 Acc=100.0% | Test: Acc=94.8% | Best=95.5%(@3480)
  from x3: 0.95 0.95 0.95 0.95 0.95 0.95 0.95 0.95 0.95 0.95 0.95 0.95 0.95
  per-rule acc: 0.91 1.00
Epoch 4480 | Train: Loss=0.0015 Acc=100.0% | Test: Acc=95.0% | Best=95.5%(@3480)
  from x3: 0.96 0.95 0.95 0.95 0.95 0.95 0.95 0.95 0.95 0.95 0.95 0.95 0.95
  per-rule acc: 0.91 1.00
[Early stop] No improvement for 1000 consecutive epochs

==================================================
Saving model...
[OK] Model saved to: /home/cxm/ai/test0626-unbalanced/models/mixed_cond_d128l1_r8_e50_60.pth
  File size: 1418.0 KB
  Best test accuracy: 95.53%

[Config] SKIP_FINAL_GENERATION_TEST=true, skipping final generation test.

--- Return code: 0 ---

======================================================================
Attention Analysis
======================================================================
Model config: addition (default), p=53
Best test accuracy: 0.9552514792899408
Training epochs: 4480

Random test sequence 1/5 (length 32): [49, 7, 3, 10, 13, 23, 36, 6, 42, 48, 37, 32, 16, 48, 11, 6, 17, 23, 40, 10]...

======================================================================
Attention Layer Training Result Summary
======================================================================
Input sequence: [49, 7, 3, 10, 13, 23, 36, 6, 42, 48, 37, 32, 16, 48, 11, 6, 17, 23, 40, 10, 50, 7, 4, 11, 15, 26, 41, 14, 2, 16, 18, 34]

--- Layer 0 ---
  Head 0: Entropy=1.298
    Attention coefficients from each query position to previous positions:
      i= 0 -> j=0:1.000
      i= 1 -> j=0:0.238, j=1:0.762
      i= 2 -> j=0:0.097, j=1:0.318, j=2:0.584
      i= 3 -> j=0:0.018, j=1:0.064, j=2:0.233, j=3:0.686
      i= 4 -> j=0:0.001, j=1:0.002, j=2:0.017, j=3:0.110, j=4:0.871
      i= 5 -> j=0:0.003, j=1:0.004, j=2:0.019, j=3:0.070, j=4:0.281, j=5:0.623
      i= 6 -> j=0:0.001, j=1:0.001, j=2:0.006, j=3:0.016, j=4:0.046, j=5:0.211, j=6:0.718
      i= 7 -> j=0:0.004, j=1:0.005, j=2:0.011, j=3:0.019, j=4:0.027, j=5:0.100, j=6:0.288, j=7:0.545
      i= 8 -> j=0:0.003, j=1:0.003, j=2:0.006, j=3:0.008, j=4:0.007, j=5:0.034, j=6:0.103, j=7:0.315, j=8:0.521
      i= 9 -> j=0:0.004, j=1:0.004, j=2:0.007, j=3:0.007, j=4:0.005, j=5:0.015, j=6:0.032, j=7:0.115, j=8:0.266, j=9:0.545
      i=10 -> j=0:0.002, j=1:0.002, j=2:0.002, j=3:0.002, j=4:0.001, j=5:0.003, j=6:0.006, j=7:0.031, j=8:0.086, j=9:0.222, j=10:0.643
      i=11 -> j=0:0.013, j=1:0.011, j=2:0.014, j=3:0.012, j=4:0.008, j=5:0.017, j=6:0.021, j=7:0.046, j=8:0.084, j=9:0.151, j=10:0.287, j=11:0.337
      i=12 -> j=0:0.011, j=1:0.008, j=2:0.009, j=3:0.007, j=4:0.005, j=5:0.011, j=6:0.010, j=7:0.017, j=8:0.026, j=9:0.046, j=10:0.110, j=11:0.259, j=12:0.480
      i=13 -> j=0:0.008, j=1:0.007, j=2:0.007, j=3:0.005, j=4:0.003, j=5:0.006, j=6:0.005, j=7:0.008, j=8:0.013, j=9:0.020, j=10:0.035, j=11:0.113, j=12:0.239, j=13:0.531
      i=14 -> j=0:0.005, j=1:0.005, j=2:0.006, j=3:0.004, j=4:0.002, j=5:0.003, j=6:0.003, j=7:0.004, j=8:0.006, j=9:0.009, j=10:0.012, j=11:0.043, j=12:0.091, j=13:0.227, j=14:0.577
      i=15 -> j=0:0.006, j=1:0.006, j=2:0.007, j=3:0.006, j=4:0.003, j=5:0.004, j=6:0.003, j=7:0.005, j=8:0.007, j=9:0.009, j=10:0.010, j=11:0.027, j=12:0.045, j=13:0.093, j=14:0.243, j=15:0.526
      i=16 -> j=0:0.006, j=1:0.006, j=2:0.008, j=3:0.007, j=4:0.004, j=5:0.005, j=6:0.004, j=7:0.004, j=8:0.005, j=9:0.006, j=10:0.005, j=11:0.012, j=12:0.019, j=13:0.034, j=14:0.089, j=15:0.271, j=16:0.514
      i=17 -> j=0:0.004, j=1:0.003, j=2:0.004, j=3:0.004, j=4:0.003, j=5:0.003, j=6:0.002, j=7:0.002, j=8:0.003, j=9:0.003, j=10:0.002, j=11:0.005, j=12:0.007, j=13:0.009, j=14:0.019, j=15:0.072, j=16:0.223, j=17:0.633
      i=18 -> j=0:0.017, j=1:0.016, j=2:0.019, j=3:0.017, j=4:0.012, j=5:0.016, j=6:0.012, j=7:0.013, j=8:0.015, j=9:0.014, j=10:0.012, j=11:0.020, j=12:0.022, j=13:0.025, j=14:0.040, j=15:0.079, j=16:0.143, j=17:0.232, j=18:0.275
      i=19 -> j=0:0.005, j=1:0.004, j=2:0.004, j=3:0.004, j=4:0.002, j=5:0.004, j=6:0.003, j=7:0.003, j=8:0.004, j=9:0.003, j=10:0.002, j=11:0.004, j=12:0.004, j=13:0.003, j=14:0.004, j=15:0.009, j=16:0.024, j=17:0.069, j=18:0.182, j=19:0.663
      i=20 -> j=0:0.015, j=1:0.012, j=2:0.012, j=3:0.010, j=4:0.007, j=5:0.010, j=6:0.008, j=7:0.009, j=8:0.010, j=9:0.009, j=10:0.007, j=11:0.010, j=12:0.009, j=13:0.006, j=14:0.006, j=15:0.009, j=16:0.021, j=17:0.048, j=18:0.117, j=19:0.267, j=20:0.398
      i=21 -> j=0:0.003, j=1:0.003, j=2:0.002, j=3:0.002, j=4:0.001, j=5:0.001, j=6:0.001, j=7:0.001, j=8:0.002, j=9:0.002, j=10:0.001, j=11:0.002, j=12:0.001, j=13:0.001, j=14:0.001, j=15:0.001, j=16:0.002, j=17:0.003, j=18:0.017, j=19:0.059, j=20:0.185, j=21:0.709
      i=22 -> j=0:0.015, j=1:0.015, j=2:0.014, j=3:0.011, j=4:0.006, j=5:0.009, j=6:0.007, j=7:0.008, j=8:0.010, j=9:0.009, j=10:0.007, j=11:0.010, j=12:0.008, j=13:0.006, j=14:0.004, j=15:0.003, j=16:0.004, j=17:0.005, j=18:0.021, j=19:0.038, j=20:0.110, j=21:0.245, j=22:0.433
      i=23 -> j=0:0.012, j=1:0.011, j=2:0.012, j=3:0.010, j=4:0.007, j=5:0.008, j=6:0.006, j=7:0.006, j=8:0.008, j=9:0.008, j=10:0.006, j=11:0.008, j=12:0.006, j=13:0.005, j=14:0.004, j=15:0.003, j=16:0.004, j=17:0.004, j=18:0.010, j=19:0.012, j=20:0.036, j=21:0.073, j=22:0.222, j=23:0.521
      i=24 -> j=0:0.007, j=1:0.008, j=2:0.009, j=3:0.007, j=4:0.005, j=5:0.006, j=6:0.004, j=7:0.004, j=8:0.005, j=9:0.005, j=10:0.004, j=11:0.006, j=12:0.004, j=13:0.003, j=14:0.002, j=15:0.002, j=16:0.002, j=17:0.002, j=18:0.005, j=19:0.003, j=20:0.012, j=21:0.018, j=22:0.086, j=23:0.228, j=24:0.563
      i=25 -> j=0:0.014, j=1:0.013, j=2:0.014, j=3:0.012, j=4:0.010, j=5:0.011, j=6:0.009, j=7:0.008, j=8:0.008, j=9:0.008, j=10:0.006, j=11:0.009, j=12:0.009, j=13:0.007, j=14:0.005, j=15:0.004, j=16:0.004, j=17:0.004, j=18:0.007, j=19:0.004, j=20:0.008, j=21:0.006, j=22:0.028, j=23:0.070, j=24:0.238, j=25:0.483
      i=26 -> j=0:0.004, j=1:0.003, j=2:0.004, j=3:0.004, j=4:0.003, j=5:0.003, j=6:0.003, j=7:0.002, j=8:0.002, j=9:0.002, j=10:0.001, j=11:0.002, j=12:0.002, j=13:0.002, j=14:0.001, j=15:0.001, j=16:0.001, j=17:0.001, j=18:0.001, j=19:0.000, j=20:0.001, j=21:0.001, j=22:0.004, j=23:0.012, j=24:0.054, j=25:0.157, j=26:0.729
      i=27 -> j=0:0.006, j=1:0.007, j=2:0.007, j=3:0.007, j=4:0.005, j=5:0.006, j=6:0.005, j=7:0.005, j=8:0.005, j=9:0.004, j=10:0.003, j=11:0.004, j=12:0.004, j=13:0.004, j=14:0.003, j=15:0.002, j=16:0.002, j=17:0.001, j=18:0.002, j=19:0.001, j=20:0.002, j=21:0.001, j=22:0.002, j=23:0.003, j=24:0.009, j=25:0.032, j=26:0.218, j=27:0.648
      i=28 -> j=0:0.006, j=1:0.005, j=2:0.006, j=3:0.005, j=4:0.003, j=5:0.005, j=6:0.005, j=7:0.005, j=8:0.005, j=9:0.004, j=10:0.003, j=11:0.003, j=12:0.003, j=13:0.002, j=14:0.002, j=15:0.002, j=16:0.002, j=17:0.001, j=18:0.002, j=19:0.001, j=20:0.001, j=21:0.000, j=22:0.001, j=23:0.002, j=24:0.004, j=25:0.016, j=26:0.061, j=27:0.177, j=28:0.668
      i=29 -> j=0:0.021, j=1:0.019, j=2:0.020, j=3:0.019, j=4:0.018, j=5:0.020, j=6:0.018, j=7:0.018, j=8:0.018, j=9:0.017, j=10:0.014, j=11:0.015, j=12:0.014, j=13:0.011, j=14:0.011, j=15:0.010, j=16:0.011, j=17:0.009, j=18:0.011, j=19:0.005, j=20:0.007, j=21:0.005, j=22:0.008, j=23:0.009, j=24:0.011, j=25:0.016, j=26:0.026, j=27:0.063, j=28:0.229, j=29:0.326
      i=30 -> j=0:0.009, j=1:0.008, j=2:0.008, j=3:0.007, j=4:0.005, j=5:0.007, j=6:0.006, j=7:0.007, j=8:0.007, j=9:0.006, j=10:0.005, j=11:0.005, j=12:0.005, j=13:0.004, j=14:0.003, j=15:0.003, j=16:0.003, j=17:0.002, j=18:0.003, j=19:0.001, j=20:0.002, j=21:0.001, j=22:0.001, j=23:0.002, j=24:0.002, j=25:0.003, j=26:0.004, j=27:0.011, j=28:0.051, j=29:0.156, j=30:0.665
      i=31 -> j=0:0.008, j=1:0.008, j=2:0.008, j=3:0.007, j=4:0.005, j=5:0.006, j=6:0.005, j=7:0.006, j=8:0.007, j=9:0.007, j=10:0.006, j=11:0.006, j=12:0.005, j=13:0.004, j=14:0.003, j=15:0.003, j=16:0.003, j=17:0.002, j=18:0.004, j=19:0.002, j=20:0.002, j=21:0.001, j=22:0.002, j=23:0.001, j=24:0.001, j=25:0.002, j=26:0.001, j=27:0.004, j=28:0.019, j=29:0.080, j=30:0.222, j=31:0.561
    Average attention per distance:
      d=0:0.586, d=1:0.232, d=2:0.083, d=3:0.030, d=4:0.013, d=29:0.012


======================================================================
QK Property Verification (Raw Scores, before Softmax)
======================================================================
Recurrence order init_len=2, num test sequences=1

--- [P1] Long-distance Orthogonality Verification ---
Ideal: raw_score mean ≈ 0 and small std when d > init_len

  Layer 0, Head 0:
    d= 1 (effective): mean=  1.935, std= 0.352, n=31
    d= 2 (effective): mean=  0.827, std= 0.182, n=30
    d>2 (long-distance): mean= -1.773, std= 0.716, n=435

--- [P2] Time-homogeneous Verification ---
Ideal: CV of raw_score across positions i ≈ 0 for fixed distance d
(CV = std / |mean|, smaller = more constant)

  Layer 0, Head 0:
    d= 1: mean=  1.935, std= 0.352, CV=0.182, n=31
    d= 2: mean=  0.827, std= 0.182, CV=0.220, n=30

======================================================================
QK Property Verification Completed
======================================================================
