=== Experiment: mixed_basic_d1024l4_r16_e50_70 ===
Time: 2026-06-25T15:23:57.623152
Task type: mixed_ab
Merged config: {
  "P": 53,
  "TASK": "mixed_ab",
  "NUM_MASK": 0,
  "A": 1,
  "B": 1,
  "AB_PAIRS": [
    [
      1,
      1
    ],
    [
      1,
      2
    ]
  ],
  "D_MODEL": 1024,
  "N_HEAD": 1,
  "N_LAYER": 4,
  "BATCH_SIZE": 128,
  "EPOCHS": 10000,
  "LR": 0.0003,
  "SAVE_PATH": "models/mixed_basic_d1024l4_r16_e50_70.pth",
  "USE_GREEDY_GENERATE": true,
  "USE_LEARNABLE_PE": false,
  "MLP_RATIO": 16,
  "TRAIN_LEN": 16,
  "OOD_LEN": 32,
  "DROPOUT": 0.0,
  "TARGET_INIT_COVERAGE": 0.5,
  "MAX_UNIQUE_RATIO": 0.5,
  "WEIGHT_DECAY": 1,
  "ENTROPY_PENALTY_WEIGHT": 0.0,
  "FIRST_TASK_WEIGHT": 1.0,
  "RANDOM_SEED": 42,
  "EVAL_INTERVAL": 20,
  "EARLY_STOP_NO_IMPROVE": 1000,
  "EARLY_STOP_ACCURACY": 0.99,
  "SKIP_FINAL_GENERATION_TEST": true,
  "USE_AB_TAG": false,
  "USE_CONDITIONAL_WTE": false,
  "COND_WTE_SHARED_RATIO": 0.0,
  "MIXED_AB_MAX_UNIQUE_RATIOS": [
    0.5,
    0.7
  ]
}
--- output ---
Using device: cuda

[Dataset] Mixed mode: generated 3382 + 2236 samples, length 16
AB parameter pairs: [(1, 1), (1, 2)]
  - AB=(1,1): train 1404 | test 1405 | exposed ~50.0%
  - AB=(1,2): train 1978 | test 831 | exposed ~70.4%
--------------------------------------------------
[Model config] block_size: 32, train length: 16
[Number theory] AB parameter pairs: [(1, 1), (1, 2)]


Model parameters: 151.68M

Start training...
Epoch   0 | Train: Loss=4.4394 Acc=3.8% | Test: Acc=0.7% | Best=0.7%(@0)
  from x3: 0.01 0.01 0.01 0.00 0.01 0.01 0.01 0.01 0.01 0.01 0.01 0.01 0.01
  per-rule acc: 0.01 0.00
Epoch  20 | Train: Loss=0.0199 Acc=99.6% | Test: Acc=2.6% | Best=2.6%(@20)
  from x3: 0.02 0.02 0.02 0.03 0.03 0.03 0.03 0.03 0.03 0.03 0.03 0.03 0.03
  per-rule acc: 0.04 0.01
Epoch  40 | Train: Loss=0.0312 Acc=99.5% | Test: Acc=2.4% | Best=2.6%(@20)
  from x3: 0.02 0.02 0.02 0.03 0.02 0.02 0.02 0.02 0.03 0.03 0.03 0.02 0.02
  per-rule acc: 0.03 0.01
Epoch  60 | Train: Loss=0.0219 Acc=99.6% | Test: Acc=2.9% | Best=2.9%(@60)
  from x3: 0.02 0.03 0.03 0.03 0.03 0.03 0.03 0.03 0.03 0.03 0.03 0.03 0.03
  per-rule acc: 0.04 0.02
Epoch  80 | Train: Loss=0.0124 Acc=99.8% | Test: Acc=3.5% | Best=3.5%(@80)
  from x3: 0.03 0.03 0.04 0.03 0.04 0.04 0.04 0.04 0.04 0.04 0.04 0.04 0.03
  per-rule acc: 0.05 0.01
Epoch 100 | Train: Loss=0.0159 Acc=99.7% | Test: Acc=3.2% | Best=3.5%(@80)
  from x3: 0.03 0.03 0.03 0.03 0.03 0.03 0.03 0.03 0.03 0.03 0.03 0.03 0.03
  per-rule acc: 0.04 0.01
Epoch 120 | Train: Loss=0.0052 Acc=99.9% | Test: Acc=2.9% | Best=3.5%(@80)
  from x3: 0.02 0.03 0.03 0.03 0.03 0.03 0.03 0.03 0.03 0.03 0.03 0.03 0.02
  per-rule acc: 0.04 0.01
Epoch 140 | Train: Loss=0.0021 Acc=99.9% | Test: Acc=2.9% | Best=3.5%(@80)
  from x3: 0.02 0.03 0.03 0.03 0.03 0.03 0.03 0.03 0.03 0.03 0.03 0.03 0.03
  per-rule acc: 0.04 0.01
Epoch 160 | Train: Loss=0.0025 Acc=99.9% | Test: Acc=2.3% | Best=3.5%(@80)
  from x3: 0.02 0.02 0.03 0.03 0.02 0.02 0.02 0.02 0.03 0.02 0.02 0.02 0.02
  per-rule acc: 0.03 0.01
Epoch 180 | Train: Loss=4.3260 Acc=1.9% | Test: Acc=1.7% | Best=3.5%(@80)
  from x3: 0.02 0.02 0.02 0.02 0.02 0.02 0.02 0.02 0.02 0.02 0.02 0.02 0.02
  per-rule acc: 0.02 0.02
Epoch 200 | Train: Loss=4.3073 Acc=2.3% | Test: Acc=1.2% | Best=3.5%(@80)
  from x3: 0.01 0.01 0.01 0.01 0.01 0.01 0.01 0.01 0.01 0.01 0.01 0.01 0.01
  per-rule acc: 0.01 0.01
Epoch 220 | Train: Loss=4.2545 Acc=3.4% | Test: Acc=1.4% | Best=3.5%(@80)
  from x3: 0.01 0.01 0.02 0.01 0.01 0.01 0.02 0.01 0.02 0.01 0.01 0.01 0.01
  per-rule acc: 0.01 0.01
Epoch 240 | Train: Loss=0.1989 Acc=96.4% | Test: Acc=2.1% | Best=3.5%(@80)
  from x3: 0.01 0.02 0.02 0.02 0.02 0.02 0.02 0.02 0.02 0.02 0.02 0.02 0.02
  per-rule acc: 0.02 0.02
Epoch 260 | Train: Loss=0.0083 Acc=99.9% | Test: Acc=1.8% | Best=3.5%(@80)
  from x3: 0.01 0.02 0.02 0.02 0.02 0.02 0.02 0.02 0.02 0.02 0.02 0.02 0.02
  per-rule acc: 0.02 0.01
Epoch 280 | Train: Loss=0.0084 Acc=99.9% | Test: Acc=1.8% | Best=3.5%(@80)
  from x3: 0.01 0.01 0.02 0.02 0.02 0.02 0.02 0.02 0.02 0.02 0.02 0.02 0.02
  per-rule acc: 0.02 0.01
Epoch 300 | Train: Loss=0.0055 Acc=99.9% | Test: Acc=1.8% | Best=3.5%(@80)
  from x3: 0.01 0.02 0.02 0.02 0.02 0.02 0.02 0.02 0.02 0.02 0.02 0.02 0.02
  per-rule acc: 0.02 0.01
Epoch 320 | Train: Loss=0.0036 Acc=99.9% | Test: Acc=1.7% | Best=3.5%(@80)
  from x3: 0.01 0.02 0.02 0.02 0.02 0.02 0.02 0.02 0.02 0.02 0.02 0.02 0.02
  per-rule acc: 0.02 0.01
Epoch 340 | Train: Loss=0.0045 Acc=99.9% | Test: Acc=1.7% | Best=3.5%(@80)
  from x3: 0.01 0.02 0.02 0.02 0.02 0.02 0.02 0.02 0.02 0.02 0.02 0.02 0.02
  per-rule acc: 0.02 0.01
Epoch 360 | Train: Loss=0.0028 Acc=99.9% | Test: Acc=1.4% | Best=3.5%(@80)
  from x3: 0.01 0.02 0.01 0.02 0.02 0.01 0.01 0.01 0.01 0.01 0.01 0.01 0.01
  per-rule acc: 0.02 0.01
Epoch 380 | Train: Loss=0.0039 Acc=99.9% | Test: Acc=1.5% | Best=3.5%(@80)
  from x3: 0.01 0.02 0.01 0.02 0.01 0.01 0.01 0.02 0.01 0.02 0.02 0.01 0.01
  per-rule acc: 0.02 0.01
Epoch 400 | Train: Loss=0.0023 Acc=99.9% | Test: Acc=1.2% | Best=3.5%(@80)
  from x3: 0.02 0.01 0.01 0.01 0.01 0.01 0.01 0.01 0.01 0.01 0.01 0.01 0.01
  per-rule acc: 0.02 0.01
Epoch 420 | Train: Loss=0.0035 Acc=99.9% | Test: Acc=1.2% | Best=3.5%(@80)
  from x3: 0.01 0.02 0.01 0.01 0.01 0.01 0.01 0.01 0.01 0.01 0.01 0.01 0.01
  per-rule acc: 0.01 0.01
Epoch 440 | Train: Loss=0.0023 Acc=99.9% | Test: Acc=1.2% | Best=3.5%(@80)
  from x3: 0.01 0.01 0.01 0.01 0.01 0.01 0.01 0.01 0.01 0.01 0.01 0.01 0.01
  per-rule acc: 0.02 0.01
Epoch 460 | Train: Loss=0.0030 Acc=99.9% | Test: Acc=1.3% | Best=3.5%(@80)
  from x3: 0.02 0.01 0.01 0.01 0.01 0.01 0.01 0.01 0.01 0.01 0.01 0.01 0.01
  per-rule acc: 0.02 0.01
Epoch 480 | Train: Loss=0.0019 Acc=99.9% | Test: Acc=1.3% | Best=3.5%(@80)
  from x3: 0.01 0.01 0.01 0.01 0.01 0.01 0.01 0.01 0.01 0.01 0.01 0.01 0.01
  per-rule acc: 0.02 0.01
Epoch 500 | Train: Loss=0.0029 Acc=99.9% | Test: Acc=1.2% | Best=3.5%(@80)
  from x3: 0.01 0.01 0.01 0.01 0.02 0.01 0.01 0.01 0.01 0.01 0.01 0.01 0.01
  per-rule acc: 0.01 0.01
Epoch 520 | Train: Loss=0.0116 Acc=99.9% | Test: Acc=1.7% | Best=3.5%(@80)
  from x3: 0.01 0.02 0.02 0.02 0.02 0.02 0.02 0.02 0.02 0.02 0.02 0.02 0.02
  per-rule acc: 0.02 0.02
Epoch 540 | Train: Loss=0.0024 Acc=99.9% | Test: Acc=1.3% | Best=3.5%(@80)
  from x3: 0.01 0.01 0.01 0.01 0.01 0.01 0.01 0.01 0.01 0.01 0.01 0.01 0.01
  per-rule acc: 0.01 0.01
Epoch 560 | Train: Loss=0.0030 Acc=99.9% | Test: Acc=1.2% | Best=3.5%(@80)
  from x3: 0.02 0.02 0.01 0.01 0.01 0.01 0.01 0.01 0.01 0.01 0.01 0.01 0.01
  per-rule acc: 0.01 0.01
Epoch 580 | Train: Loss=0.0018 Acc=99.9% | Test: Acc=1.2% | Best=3.5%(@80)
  from x3: 0.02 0.02 0.01 0.01 0.01 0.01 0.01 0.01 0.01 0.01 0.01 0.01 0.01
  per-rule acc: 0.01 0.01
Epoch 600 | Train: Loss=0.0026 Acc=99.9% | Test: Acc=1.3% | Best=3.5%(@80)
  from x3: 0.02 0.01 0.01 0.01 0.01 0.01 0.01 0.01 0.01 0.01 0.01 0.01 0.01
  per-rule acc: 0.01 0.01
Epoch 620 | Train: Loss=0.0016 Acc=99.9% | Test: Acc=1.7% | Best=3.5%(@80)
  from x3: 0.02 0.02 0.02 0.02 0.02 0.02 0.02 0.02 0.02 0.02 0.02 0.02 0.02
  per-rule acc: 0.02 0.01
Epoch 640 | Train: Loss=0.0024 Acc=99.9% | Test: Acc=1.6% | Best=3.5%(@80)
  from x3: 0.02 0.02 0.02 0.02 0.01 0.01 0.02 0.02 0.01 0.02 0.02 0.02 0.02
  per-rule acc: 0.02 0.01
Epoch 660 | Train: Loss=0.0030 Acc=99.9% | Test: Acc=1.4% | Best=3.5%(@80)
  from x3: 0.01 0.02 0.02 0.01 0.01 0.01 0.01 0.01 0.01 0.01 0.01 0.01 0.01
  per-rule acc: 0.01 0.01
Epoch 680 | Train: Loss=0.0019 Acc=99.9% | Test: Acc=1.5% | Best=3.5%(@80)
  from x3: 0.01 0.01 0.02 0.02 0.02 0.01 0.01 0.01 0.01 0.01 0.01 0.02 0.01
  per-rule acc: 0.02 0.01
Epoch 700 | Train: Loss=0.0027 Acc=99.9% | Test: Acc=1.5% | Best=3.5%(@80)
  from x3: 0.01 0.02 0.01 0.02 0.01 0.02 0.01 0.01 0.01 0.01 0.01 0.01 0.01
  per-rule acc: 0.02 0.01
Epoch 720 | Train: Loss=0.0079 Acc=99.9% | Test: Acc=1.7% | Best=3.5%(@80)
  from x3: 0.02 0.02 0.02 0.02 0.02 0.02 0.02 0.02 0.02 0.02 0.02 0.02 0.02
  per-rule acc: 0.02 0.01
Epoch 740 | Train: Loss=0.0022 Acc=99.9% | Test: Acc=1.5% | Best=3.5%(@80)
  from x3: 0.01 0.02 0.02 0.02 0.01 0.01 0.01 0.01 0.01 0.01 0.01 0.01 0.01
  per-rule acc: 0.02 0.01
Epoch 760 | Train: Loss=0.0703 Acc=99.4% | Test: Acc=2.1% | Best=3.5%(@80)
  from x3: 0.02 0.02 0.02 0.02 0.02 0.02 0.02 0.02 0.02 0.02 0.02 0.02 0.02
  per-rule acc: 0.03 0.01
Epoch 780 | Train: Loss=0.0020 Acc=99.9% | Test: Acc=1.7% | Best=3.5%(@80)
  from x3: 0.02 0.02 0.02 0.02 0.02 0.02 0.02 0.02 0.02 0.02 0.02 0.01 0.01
  per-rule acc: 0.02 0.01
Epoch 800 | Train: Loss=0.0026 Acc=99.9% | Test: Acc=1.6% | Best=3.5%(@80)
  from x3: 0.02 0.02 0.02 0.02 0.02 0.02 0.02 0.02 0.02 0.01 0.01 0.01 0.02
  per-rule acc: 0.02 0.01
Epoch 820 | Train: Loss=0.0015 Acc=99.9% | Test: Acc=1.9% | Best=3.5%(@80)
  from x3: 0.02 0.02 0.02 0.02 0.02 0.02 0.02 0.02 0.02 0.02 0.02 0.02 0.02
  per-rule acc: 0.02 0.01
Epoch 840 | Train: Loss=0.0022 Acc=99.9% | Test: Acc=2.0% | Best=3.5%(@80)
  from x3: 0.01 0.02 0.02 0.02 0.02 0.02 0.02 0.02 0.02 0.02 0.02 0.02 0.02
  per-rule acc: 0.02 0.01
Epoch 860 | Train: Loss=0.0026 Acc=99.9% | Test: Acc=1.9% | Best=3.5%(@80)
  from x3: 0.02 0.02 0.02 0.02 0.02 0.02 0.02 0.02 0.02 0.02 0.02 0.02 0.02
  per-rule acc: 0.02 0.01
Epoch 880 | Train: Loss=0.0017 Acc=99.9% | Test: Acc=1.9% | Best=3.5%(@80)
  from x3: 0.02 0.02 0.02 0.02 0.02 0.02 0.02 0.02 0.02 0.02 0.02 0.02 0.02
  per-rule acc: 0.02 0.01
Epoch 900 | Train: Loss=0.0026 Acc=99.9% | Test: Acc=1.8% | Best=3.5%(@80)
  from x3: 0.01 0.02 0.02 0.02 0.02 0.02 0.02 0.02 0.02 0.02 0.02 0.02 0.02
  per-rule acc: 0.02 0.02
Epoch 920 | Train: Loss=0.0016 Acc=99.9% | Test: Acc=2.2% | Best=3.5%(@80)
  from x3: 0.02 0.02 0.02 0.02 0.02 0.02 0.02 0.02 0.02 0.02 0.02 0.02 0.02
  per-rule acc: 0.02 0.02
Epoch 940 | Train: Loss=0.0024 Acc=99.9% | Test: Acc=1.9% | Best=3.5%(@80)
  from x3: 0.02 0.02 0.02 0.02 0.02 0.02 0.02 0.02 0.02 0.02 0.02 0.02 0.02
  per-rule acc: 0.02 0.02
Epoch 960 | Train: Loss=0.0016 Acc=99.9% | Test: Acc=2.2% | Best=3.5%(@80)
  from x3: 0.02 0.02 0.02 0.02 0.02 0.02 0.02 0.02 0.02 0.02 0.02 0.02 0.02
  per-rule acc: 0.03 0.01
Epoch 980 | Train: Loss=0.0022 Acc=99.9% | Test: Acc=1.9% | Best=3.5%(@80)
  from x3: 0.02 0.02 0.02 0.02 0.02 0.02 0.02 0.02 0.02 0.02 0.02 0.02 0.02
  per-rule acc: 0.02 0.01
Epoch 1000 | Train: Loss=0.0029 Acc=99.9% | Test: Acc=2.2% | Best=3.5%(@80)
  from x3: 0.02 0.02 0.02 0.02 0.02 0.02 0.02 0.02 0.02 0.02 0.02 0.02 0.02
  per-rule acc: 0.03 0.01
Epoch 1020 | Train: Loss=0.0020 Acc=99.9% | Test: Acc=2.0% | Best=3.5%(@80)
  from x3: 0.02 0.02 0.02 0.02 0.02 0.02 0.02 0.02 0.02 0.02 0.02 0.02 0.02
  per-rule acc: 0.02 0.01
Epoch 1040 | Train: Loss=0.0025 Acc=99.9% | Test: Acc=2.0% | Best=3.5%(@80)
  from x3: 0.02 0.02 0.02 0.02 0.02 0.02 0.02 0.02 0.02 0.02 0.02 0.02 0.02
  per-rule acc: 0.02 0.02
Epoch 1060 | Train: Loss=0.0015 Acc=99.9% | Test: Acc=2.0% | Best=3.5%(@80)
  from x3: 0.02 0.02 0.02 0.02 0.02 0.02 0.02 0.02 0.02 0.02 0.02 0.02 0.02
  per-rule acc: 0.02 0.01
Epoch 1080 | Train: Loss=0.0022 Acc=99.9% | Test: Acc=2.1% | Best=3.5%(@80)
  from x3: 0.02 0.02 0.02 0.02 0.02 0.02 0.02 0.02 0.02 0.02 0.02 0.02 0.02
  per-rule acc: 0.02 0.02
[Early stop] No improvement for 1000 consecutive epochs

==================================================
Saving model...
[OK] Model saved to: /home/cxm/ai/test0626-unbalanced/models/mixed_basic_d1024l4_r16_e50_70.pth
  File size: 592552.7 KB
  Best test accuracy: 3.47%

[Config] SKIP_FINAL_GENERATION_TEST=true, skipping final generation test.

--- Return code: 0 ---

======================================================================
Attention Analysis
======================================================================
Model config: addition (default), p=53
Best test accuracy: 0.03474611256364387
Training epochs: 1080

Random test sequence 1/5 (length 32): [20, 32, 52, 31, 30, 8, 38, 46, 31, 24, 2, 26, 28, 1, 29, 30, 6, 36, 42, 25]...

======================================================================
Attention Layer Training Result Summary
======================================================================
Input sequence: [20, 32, 52, 31, 30, 8, 38, 46, 31, 24, 2, 26, 28, 1, 29, 30, 6, 36, 42, 25, 14, 39, 0, 39, 39, 25, 11, 36, 47, 30, 24, 1]

--- Layer 0 ---
  Head 0: Entropy=1.594
    Attention coefficients from each query position to previous positions:
      i= 0 -> j=0:1.000
      i= 1 -> j=0:0.677, j=1:0.323
      i= 2 -> j=0:0.390, j=1:0.386, j=2:0.224
      i= 3 -> j=0:0.057, j=1:0.316, j=2:0.400, j=3:0.228
      i= 4 -> j=0:0.026, j=1:0.060, j=2:0.206, j=3:0.383, j=4:0.325
      i= 5 -> j=0:0.010, j=1:0.018, j=2:0.074, j=3:0.210, j=4:0.497, j=5:0.190
      i= 6 -> j=0:0.003, j=1:0.010, j=2:0.032, j=3:0.060, j=4:0.205, j=5:0.540, j=6:0.149
      i= 7 -> j=0:0.004, j=1:0.006, j=2:0.009, j=3:0.017, j=4:0.065, j=5:0.260, j=6:0.346, j=7:0.292
      i= 8 -> j=0:0.004, j=1:0.006, j=2:0.006, j=3:0.006, j=4:0.014, j=5:0.084, j=6:0.170, j=7:0.466, j=8:0.244
      i= 9 -> j=0:0.005, j=1:0.004, j=2:0.004, j=3:0.004, j=4:0.010, j=5:0.031, j=6:0.114, j=7:0.221, j=8:0.346, j=9:0.262
      i=10 -> j=0:0.004, j=1:0.006, j=2:0.006, j=3:0.005, j=4:0.004, j=5:0.007, j=6:0.017, j=7:0.079, j=8:0.222, j=9:0.379, j=10:0.272
      i=11 -> j=0:0.004, j=1:0.003, j=2:0.004, j=3:0.006, j=4:0.008, j=5:0.005, j=6:0.017, j=7:0.021, j=8:0.084, j=9:0.439, j=10:0.269, j=11:0.138
      i=12 -> j=0:0.004, j=1:0.002, j=2:0.003, j=3:0.006, j=4:0.009, j=5:0.005, j=6:0.010, j=7:0.007, j=8:0.022, j=9:0.161, j=10:0.213, j=11:0.289, j=12:0.268
      i=13 -> j=0:0.002, j=1:0.002, j=2:0.003, j=3:0.002, j=4:0.004, j=5:0.007, j=6:0.003, j=7:0.004, j=8:0.005, j=9:0.015, j=10:0.069, j=11:0.339, j=12:0.363, j=13:0.183
      i=14 -> j=0:0.004, j=1:0.005, j=2:0.004, j=3:0.002, j=4:0.002, j=5:0.005, j=6:0.002, j=7:0.006, j=8:0.004, j=9:0.004, j=10:0.023, j=11:0.126, j=12:0.277, j=13:0.265, j=14:0.272
      i=15 -> j=0:0.009, j=1:0.004, j=2:0.003, j=3:0.003, j=4:0.004, j=5:0.003, j=6:0.007, j=7:0.004, j=8:0.005, j=9:0.006, j=10:0.005, j=11:0.015, j=12:0.079, j=13:0.333, j=14:0.252, j=15:0.268
      i=16 -> j=0:0.008, j=1:0.012, j=2:0.010, j=3:0.005, j=4:0.003, j=5:0.005, j=6:0.003, j=7:0.007, j=8:0.006, j=9:0.004, j=10:0.008, j=11:0.021, j=12:0.033, j=13:0.073, j=14:0.234, j=15:0.313, j=16:0.256
      i=17 -> j=0:0.007, j=1:0.011, j=2:0.009, j=3:0.005, j=4:0.003, j=5:0.003, j=6:0.002, j=7:0.004, j=8:0.004, j=9:0.004, j=10:0.005, j=11:0.008, j=12:0.009, j=13:0.017, j=14:0.071, j=15:0.246, j=16:0.439, j=17:0.154
      i=18 -> j=0:0.009, j=1:0.007, j=2:0.008, j=3:0.007, j=4:0.007, j=5:0.005, j=6:0.003, j=7:0.002, j=8:0.003, j=9:0.005, j=10:0.004, j=11:0.005, j=12:0.005, j=13:0.007, j=14:0.013, j=15:0.096, j=16:0.205, j=17:0.343, j=18:0.268
      i=19 -> j=0:0.010, j=1:0.014, j=2:0.014, j=3:0.010, j=4:0.007, j=5:0.008, j=6:0.003, j=7:0.004, j=8:0.003, j=9:0.003, j=10:0.007, j=11:0.011, j=12:0.006, j=13:0.004, j=14:0.008, j=15:0.017, j=16:0.116, j=17:0.145, j=18:0.439, j=19:0.172
      i=20 -> j=0:0.011, j=1:0.006, j=2:0.004, j=3:0.006, j=4:0.008, j=5:0.004, j=6:0.006, j=7:0.002, j=8:0.002, j=9:0.002, j=10:0.002, j=11:0.002, j=12:0.003, j=13:0.003, j=14:0.002, j=15:0.005, j=16:0.010, j=17:0.080, j=18:0.186, j=19:0.512, j=20:0.146
      i=21 -> j=0:0.017, j=1:0.009, j=2:0.007, j=3:0.008, j=4:0.010, j=5:0.005, j=6:0.010, j=7:0.004, j=8:0.003, j=9:0.003, j=10:0.002, j=11:0.002, j=12:0.003, j=13:0.005, j=14:0.004, j=15:0.005, j=16:0.006, j=17:0.031, j=18:0.069, j=19:0.386, j=20:0.251, j=21:0.159
      i=22 -> j=0:0.015, j=1:0.011, j=2:0.010, j=3:0.009, j=4:0.010, j=5:0.008, j=6:0.009, j=7:0.005, j=8:0.005, j=9:0.003, j=10:0.002, j=11:0.001, j=12:0.002, j=13:0.004, j=14:0.003, j=15:0.004, j=16:0.003, j=17:0.005, j=18:0.019, j=19:0.095, j=20:0.205, j=21:0.358, j=22:0.211
      i=23 -> j=0:0.015, j=1:0.010, j=2:0.010, j=3:0.012, j=4:0.011, j=5:0.005, j=6:0.011, j=7:0.006, j=8:0.007, j=9:0.006, j=10:0.002, j=11:0.001, j=12:0.002, j=13:0.003, j=14:0.004, j=15:0.006, j=16:0.003, j=17:0.007, j=18:0.006, j=19:0.030, j=20:0.051, j=21:0.163, j=22:0.475, j=23:0.153
      i=24 -> j=0:0.014, j=1:0.010, j=2:0.010, j=3:0.015, j=4:0.015, j=5:0.007, j=6:0.013, j=7:0.006, j=8:0.008, j=9:0.008, j=10:0.004, j=11:0.002, j=12:0.002, j=13:0.003, j=14:0.003, j=15:0.005, j=16:0.004, j=17:0.008, j=18:0.004, j=19:0.011, j=20:0.014, j=21:0.055, j=22:0.345, j=23:0.268, j=24:0.165
      i=25 -> j=0:0.008, j=1:0.013, j=2:0.015, j=3:0.012, j=4:0.009, j=5:0.014, j=6:0.005, j=7:0.009, j=8:0.007, j=9:0.005, j=10:0.008, j=11:0.007, j=12:0.003, j=13:0.002, j=14:0.002, j=15:0.002, j=16:0.004, j=17:0.002, j=18:0.004, j=19:0.002, j=20:0.007, j=21:0.021, j=22:0.044, j=23:0.260, j=24:0.418, j=25:0.116
      i=26 -> j=0:0.016, j=1:0.009, j=2:0.010, j=3:0.011, j=4:0.018, j=5:0.014, j=6:0.016, j=7:0.007, j=8:0.008, j=9:0.010, j=10:0.006, j=11:0.005, j=12:0.005, j=13:0.004, j=14:0.002, j=15:0.004, j=16:0.003, j=17:0.006, j=18:0.006, j=19:0.006, j=20:0.003, j=21:0.004, j=22:0.017, j=23:0.040, j=24:0.121, j=25:0.439, j=26:0.210
      i=27 -> j=0:0.012, j=1:0.015, j=2:0.014, j=3:0.010, j=4:0.010, j=5:0.016, j=6:0.009, j=7:0.012, j=8:0.008, j=9:0.006, j=10:0.008, j=11:0.010, j=12:0.007, j=13:0.004, j=14:0.003, j=15:0.002, j=16:0.002, j=17:0.002, j=18:0.004, j=19:0.003, j=20:0.004, j=21:0.004, j=22:0.004, j=23:0.019, j=24:0.082, j=25:0.187, j=26:0.408, j=27:0.133
      i=28 -> j=0:0.014, j=1:0.020, j=2:0.018, j=3:0.012, j=4:0.009, j=5:0.016, j=6:0.010, j=7:0.018, j=8:0.013, j=9:0.008, j=10:0.012, j=11:0.013, j=12:0.009, j=13:0.006, j=14:0.006, j=15:0.003, j=16:0.003, j=17:0.002, j=18:0.004, j=19:0.003, j=20:0.006, j=21:0.006, j=22:0.003, j=23:0.010, j=24:0.027, j=25:0.062, j=26:0.262, j=27:0.247, j=28:0.175
      i=29 -> j=0:0.012, j=1:0.009, j=2:0.009, j=3:0.010, j=4:0.011, j=5:0.008, j=6:0.012, j=7:0.008, j=8:0.010, j=9:0.011, j=10:0.006, j=11:0.005, j=12:0.006, j=13:0.008, j=14:0.005, j=15:0.005, j=16:0.002, j=17:0.003, j=18:0.002, j=19:0.004, j=20:0.003, j=21:0.003, j=22:0.004, j=23:0.002, j=24:0.004, j=25:0.022, j=26:0.072, j=27:0.247, j=28:0.301, j=29:0.199
      i=30 -> j=0:0.009, j=1:0.008, j=2:0.010, j=3:0.010, j=4:0.012, j=5:0.009, j=6:0.009, j=7:0.007, j=8:0.009, j=9:0.010, j=10:0.007, j=11:0.006, j=12:0.006, j=13:0.006, j=14:0.005, j=15:0.006, j=16:0.003, j=17:0.003, j=18:0.002, j=19:0.002, j=20:0.002, j=21:0.002, j=22:0.004, j=23:0.002, j=24:0.002, j=25:0.006, j=26:0.025, j=27:0.071, j=28:0.211, j=29:0.358, j=30:0.179
      i=31 -> j=0:0.010, j=1:0.013, j=2:0.017, j=3:0.013, j=4:0.014, j=5:0.019, j=6:0.008, j=7:0.012, j=8:0.010, j=9:0.010, j=10:0.014, j=11:0.018, j=12:0.010, j=13:0.007, j=14:0.006, j=15:0.008, j=16:0.007, j=17:0.003, j=18:0.004, j=19:0.002, j=20:0.002, j=21:0.003, j=22:0.003, j=23:0.004, j=24:0.004, j=25:0.003, j=26:0.012, j=27:0.011, j=28:0.056, j=29:0.225, j=30:0.285, j=31:0.189
    Average attention per distance:
      d=0:0.235, d=1:0.378, d=2:0.248, d=3:0.077, d=4:0.021, d=20:0.012, d=21:0.012, d=22:0.012
      d=23:0.012, d=24:0.011, d=25:0.010, d=26:0.015, d=27:0.013, d=28:0.011, d=29:0.012, d=30:0.011
      

--- Layer 1 ---
  Head 0: Entropy=1.115
    Attention coefficients from each query position to previous positions:
      i= 0 -> j=0:1.000
      i= 1 -> j=0:0.690, j=1:0.310
      i= 2 -> j=0:0.115, j=1:0.775, j=2:0.110
      i= 3 -> j=0:0.050, j=1:0.260, j=2:0.537, j=3:0.153
      i= 4 -> j=0:0.000, j=1:0.011, j=2:0.067, j=3:0.915, j=4:0.007
      i= 5 -> j=0:0.000, j=1:0.002, j=2:0.020, j=3:0.859, j=4:0.082, j=5:0.037
      i= 6 -> j=0:0.000, j=1:0.001, j=2:0.004, j=3:0.110, j=4:0.222, j=5:0.476, j=6:0.186
      i= 7 -> j=0:0.001, j=1:0.000, j=2:0.000, j=3:0.000, j=4:0.032, j=5:0.230, j=6:0.661, j=7:0.076
      i= 8 -> j=0:0.003, j=1:0.000, j=2:0.000, j=3:0.000, j=4:0.005, j=5:0.057, j=6:0.747, j=7:0.155, j=8:0.032
      i= 9 -> j=0:0.000, j=1:0.000, j=2:0.000, j=3:0.000, j=4:0.000, j=5:0.001, j=6:0.012, j=7:0.343, j=8:0.607, j=9:0.036
      i=10 -> j=0:0.003, j=1:0.002, j=2:0.001, j=3:0.000, j=4:0.000, j=5:0.001, j=6:0.005, j=7:0.010, j=8:0.050, j=9:0.845, j=10:0.084
      i=11 -> j=0:0.000, j=1:0.002, j=2:0.002, j=3:0.003, j=4:0.000, j=5:0.000, j=6:0.000, j=7:0.006, j=8:0.065, j=9:0.177, j=10:0.696, j=11:0.049
      i=12 -> j=0:0.000, j=1:0.000, j=2:0.001, j=3:0.002, j=4:0.001, j=5:0.000, j=6:0.000, j=7:0.000, j=8:0.001, j=9:0.016, j=10:0.222, j=11:0.468, j=12:0.288
      i=13 -> j=0:0.001, j=1:0.000, j=2:0.001, j=3:0.001, j=4:0.002, j=5:0.001, j=6:0.001, j=7:0.000, j=8:0.000, j=9:0.001, j=10:0.013, j=11:0.194, j=12:0.557, j=13:0.227
      i=14 -> j=0:0.002, j=1:0.000, j=2:0.000, j=3:0.000, j=4:0.002, j=5:0.002, j=6:0.002, j=7:0.000, j=8:0.000, j=9:0.000, j=10:0.000, j=11:0.026, j=12:0.206, j=13:0.628, j=14:0.130
      i=15 -> j=0:0.000, j=1:0.000, j=2:0.000, j=3:0.000, j=4:0.000, j=5:0.000, j=6:0.000, j=7:0.002, j=8:0.001, j=9:0.000, j=10:0.000, j=11:0.000, j=12:0.007, j=13:0.063, j=14:0.922, j=15:0.003
      i=16 -> j=0:0.002, j=1:0.002, j=2:0.001, j=3:0.001, j=4:0.000, j=5:0.000, j=6:0.001, j=7:0.003, j=8:0.002, j=9:0.000, j=10:0.000, j=11:0.000, j=12:0.001, j=13:0.027, j=14:0.600, j=15:0.293, j=16:0.067
      i=17 -> j=0:0.004, j=1:0.005, j=2:0.004, j=3:0.004, j=4:0.002, j=5:0.001, j=6:0.002, j=7:0.005, j=8:0.006, j=9:0.003, j=10:0.001, j=11:0.001, j=12:0.000, j=13:0.004, j=14:0.049, j=15:0.322, j=16:0.381, j=17:0.206
      i=18 -> j=0:0.001, j=1:0.002, j=2:0.002, j=3:0.005, j=4:0.001, j=5:0.000, j=6:0.000, j=7:0.002, j=8:0.004, j=9:0.002, j=10:0.003, j=11:0.000, j=12:0.000, j=13:0.000, j=14:0.004, j=15:0.015, j=16:0.235, j=17:0.652, j=18:0.070
      i=19 -> j=0:0.005, j=1:0.002, j=2:0.003, j=3:0.002, j=4:0.007, j=5:0.003, j=6:0.002, j=7:0.001, j=8:0.001, j=9:0.002, j=10:0.002, j=11:0.003, j=12:0.001, j=13:0.000, j=14:0.000, j=15:0.007, j=16:0.021, j=17:0.228, j=18:0.599, j=19:0.111
      i=20 -> j=0:0.002, j=1:0.001, j=2:0.001, j=3:0.002, j=4:0.004, j=5:0.003, j=6:0.002, j=7:0.001, j=8:0.000, j=9:0.001, j=10:0.001, j=11:0.003, j=12:0.001, j=13:0.000, j=14:0.000, j=15:0.000, j=16:0.001, j=17:0.027, j=18:0.301, j=19:0.304, j=20:0.342
      i=21 -> j=0:0.003, j=1:0.002, j=2:0.001, j=3:0.002, j=4:0.003, j=5:0.003, j=6:0.004, j=7:0.003, j=8:0.001, j=9:0.000, j=10:0.001, j=11:0.002, j=12:0.002, j=13:0.002, j=14:0.000, j=15:0.000, j=16:0.000, j=17:0.002, j=18:0.028, j=19:0.118, j=20:0.656, j=21:0.165
      i=22 -> j=0:0.002, j=1:0.003, j=2:0.002, j=3:0.002, j=4:0.001, j=5:0.002, j=6:0.003, j=7:0.004, j=8:0.002, j=9:0.000, j=10:0.001, j=11:0.001, j=12:0.001, j=13:0.002, j=14:0.001, j=15:0.000, j=16:0.000, j=17:0.000, j=18:0.002, j=19:0.018, j=20:0.324, j=21:0.519, j=22:0.111
      i=23 -> j=0:0.004, j=1:0.009, j=2:0.006, j=3:0.012, j=4:0.004, j=5:0.004, j=6:0.007, j=7:0.016, j=8:0.017, j=9:0.003, j=10:0.005, j=11:0.002, j=12:0.002, j=13:0.006, j=14:0.010, j=15:0.003, j=16:0.001, j=17:0.002, j=18:0.002, j=19:0.010, j=20:0.079, j=21:0.428, j=22:0.350, j=23:0.019
      i=24 -> j=0:0.006, j=1:0.012, j=2:0.011, j=3:0.021, j=4:0.007, j=5:0.006, j=6:0.008, j=7:0.016, j=8:0.021, j=9:0.007, j=10:0.010, j=11:0.003, j=12:0.002, j=13:0.004, j=14:0.008, j=15:0.006, j=16:0.004, j=17:0.003, j=18:0.001, j=19:0.003, j=20:0.009, j=21:0.107, j=22:0.542, j=23:0.116, j=24:0.067
      i=25 -> j=0:0.013, j=1:0.008, j=2:0.009, j=3:0.007, j=4:0.015, j=5:0.010, j=6:0.009, j=7:0.004, j=8:0.003, j=9:0.008, j=10:0.005, j=11:0.006, j=12:0.002, j=13:0.002, j=14:0.001, j=15:0.007, j=16:0.004, j=17:0.004, j=18:0.002, j=19:0.001, j=20:0.001, j=21:0.004, j=22:0.069, j=23:0.183, j=24:0.322, j=25:0.299
      i=26 -> j=0:0.013, j=1:0.004, j=2:0.004, j=3:0.002, j=4:0.009, j=5:0.007, j=6:0.006, j=7:0.001, j=8:0.001, j=9:0.003, j=10:0.002, j=11:0.005, j=12:0.002, j=13:0.001, j=14:0.000, j=15:0.002, j=16:0.001, j=17:0.002, j=18:0.002, j=19:0.000, j=20:0.000, j=21:0.000, j=22:0.002, j=23:0.038, j=24:0.240, j=25:0.470, j=26:0.183
      i=27 -> j=0:0.015, j=1:0.010, j=2:0.007, j=3:0.005, j=4:0.009, j=5:0.009, j=6:0.009, j=7:0.006, j=8:0.003, j=9:0.004, j=10:0.004, j=11:0.008, j=12:0.005, j=13:0.004, j=14:0.001, j=15:0.002, j=16:0.001, j=17:0.003, j=18:0.004, j=19:0.003, j=20:0.001, j=21:0.001, j=22:0.001, j=23:0.006, j=24:0.034, j=25:0.186, j=26:0.462, j=27:0.198
      i=28 -> j=0:0.043, j=1:0.018, j=2:0.015, j=3:0.005, j=4:0.021, j=5:0.019, j=6:0.022, j=7:0.005, j=8:0.003, j=9:0.007, j=10:0.002, j=11:0.010, j=12:0.006, j=13:0.007, j=14:0.002, j=15:0.008, j=16:0.001, j=17:0.002, j=18:0.006, j=19:0.004, j=20:0.004, j=21:0.001, j=22:0.001, j=23:0.002, j=24:0.006, j=25:0.023, j=26:0.124, j=27:0.362, j=28:0.271
      i=29 -> j=0:0.001, j=1:0.003, j=2:0.002, j=3:0.005, j=4:0.001, j=5:0.001, j=6:0.001, j=7:0.006, j=8:0.006, j=9:0.001, j=10:0.002, j=11:0.001, j=12:0.001, j=13:0.002, j=14:0.004, j=15:0.000, j=16:0.000, j=17:0.000, j=18:0.000, j=19:0.001, j=20:0.001, j=21:0.001, j=22:0.000, j=23:0.000, j=24:0.000, j=25:0.002, j=26:0.024, j=27:0.134, j=28:0.796, j=29:0.005
      i=30 -> j=0:0.002, j=1:0.008, j=2:0.007, j=3:0.021, j=4:0.003, j=5:0.003, j=6:0.003, j=7:0.018, j=8:0.022, j=9:0.003, j=10:0.009, j=11:0.002, j=12:0.003, j=13:0.005, j=14:0.012, j=15:0.002, j=16:0.003, j=17:0.002, j=18:0.001, j=19:0.003, j=20:0.003, j=21:0.005, j=22:0.002, j=23:0.001, j=24:0.001, j=25:0.002, j=26:0.008, j=27:0.063, j=28:0.742, j=29:0.033, j=30:0.010
      i=31 -> j=0:0.006, j=1:0.013, j=2:0.013, j=3:0.034, j=4:0.010, j=5:0.009, j=6:0.008, j=7:0.021, j=8:0.022, j=9:0.008, j=10:0.017, j=11:0.006, j=12:0.005, j=13:0.006, j=14:0.009, j=15:0.007, j=16:0.006, j=17:0.006, j=18:0.002, j=19:0.003, j=20:0.002, j=21:0.005, j=22:0.006, j=23:0.003, j=24:0.002, j=25:0.002, j=26:0.002, j=27:0.013, j=28:0.215, j=29:0.182, j=30:0.232, j=31:0.127
    Average attention per distance:
      d=0:0.156, d=1:0.502, d=2:0.288, d=3:0.044, d=22:0.011, d=23:0.010, d=27:0.013, d=28:0.022
      

--- Layer 2 ---
  Head 0: Entropy=1.222
    Attention coefficients from each query position to previous positions:
      i= 0 -> j=0:1.000
      i= 1 -> j=0:0.892, j=1:0.108
      i= 2 -> j=0:0.666, j=1:0.193, j=2:0.141
      i= 3 -> j=0:0.011, j=1:0.142, j=2:0.666, j=3:0.181
      i= 4 -> j=0:0.005, j=1:0.036, j=2:0.556, j=3:0.029, j=4:0.375
      i= 5 -> j=0:0.000, j=1:0.001, j=2:0.013, j=3:0.009, j=4:0.914, j=5:0.064
      i= 6 -> j=0:0.000, j=1:0.000, j=2:0.001, j=3:0.004, j=4:0.468, j=5:0.476, j=6:0.052
      i= 7 -> j=0:0.003, j=1:0.003, j=2:0.002, j=3:0.025, j=4:0.013, j=5:0.099, j=6:0.655, j=7:0.199
      i= 8 -> j=0:0.003, j=1:0.005, j=2:0.002, j=3:0.011, j=4:0.001, j=5:0.004, j=6:0.063, j=7:0.433, j=8:0.479
      i= 9 -> j=0:0.008, j=1:0.003, j=2:0.001, j=3:0.002, j=4:0.001, j=5:0.004, j=6:0.090, j=7:0.273, j=8:0.211, j=9:0.409
      i=10 -> j=0:0.001, j=1:0.005, j=2:0.003, j=3:0.005, j=4:0.000, j=5:0.000, j=6:0.001, j=7:0.065, j=8:0.322, j=9:0.455, j=10:0.143
      i=11 -> j=0:0.002, j=1:0.002, j=2:0.004, j=3:0.001, j=4:0.002, j=5:0.001, j=6:0.001, j=7:0.010, j=8:0.037, j=9:0.834, j=10:0.031, j=11:0.075
      i=12 -> j=0:0.001, j=1:0.002, j=2:0.003, j=3:0.004, j=4:0.004, j=5:0.002, j=6:0.001, j=7:0.005, j=8:0.030, j=9:0.068, j=10:0.157, j=11:0.468, j=12:0.254
      i=13 -> j=0:0.002, j=1:0.002, j=2:0.001, j=3:0.004, j=4:0.005, j=5:0.004, j=6:0.002, j=7:0.003, j=8:0.006, j=9:0.004, j=10:0.043, j=11:0.178, j=12:0.564, j=13:0.183
      i=14 -> j=0:0.002, j=1:0.002, j=2:0.001, j=3:0.003, j=4:0.001, j=5:0.002, j=6:0.002, j=7:0.002, j=8:0.002, j=9:0.000, j=10:0.008, j=11:0.008, j=12:0.228, j=13:0.453, j=14:0.284
      i=15 -> j=0:0.027, j=1:0.003, j=2:0.002, j=3:0.001, j=4:0.004, j=5:0.012, j=6:0.014, j=7:0.002, j=8:0.001, j=9:0.001, j=10:0.002, j=11:0.008, j=12:0.076, j=13:0.372, j=14:0.203, j=15:0.271
      i=16 -> j=0:0.003, j=1:0.001, j=2:0.001, j=3:0.000, j=4:0.000, j=5:0.001, j=6:0.001, j=7:0.001, j=8:0.000, j=9:0.000, j=10:0.000, j=11:0.000, j=12:0.001, j=13:0.011, j=14:0.075, j=15:0.827, j=16:0.076
      i=17 -> j=0:0.005, j=1:0.003, j=2:0.004, j=3:0.001, j=4:0.002, j=5:0.001, j=6:0.001, j=7:0.002, j=8:0.002, j=9:0.002, j=10:0.001, j=11:0.000, j=12:0.000, j=13:0.002, j=14:0.025, j=15:0.380, j=16:0.435, j=17:0.134
      i=18 -> j=0:0.003, j=1:0.002, j=2:0.003, j=3:0.002, j=4:0.005, j=5:0.002, j=6:0.001, j=7:0.001, j=8:0.001, j=9:0.004, j=10:0.001, j=11:0.001, j=12:0.000, j=13:0.000, j=14:0.006, j=15:0.050, j=16:0.399, j=17:0.388, j=18:0.132
      i=19 -> j=0:0.005, j=1:0.003, j=2:0.003, j=3:0.004, j=4:0.004, j=5:0.003, j=6:0.002, j=7:0.002, j=8:0.003, j=9:0.001, j=10:0.002, j=11:0.002, j=12:0.001, j=13:0.000, j=14:0.001, j=15:0.001, j=16:0.011, j=17:0.096, j=18:0.713, j=19:0.142
      i=20 -> j=0:0.009, j=1:0.004, j=2:0.003, j=3:0.003, j=4:0.005, j=5:0.005, j=6:0.003, j=7:0.003, j=8:0.002, j=9:0.001, j=10:0.002, j=11:0.002, j=12:0.001, j=13:0.001, j=14:0.001, j=15:0.000, j=16:0.001, j=17:0.019, j=18:0.403, j=19:0.331, j=20:0.201
      i=21 -> j=0:0.022, j=1:0.008, j=2:0.006, j=3:0.005, j=4:0.008, j=5:0.011, j=6:0.010, j=7:0.006, j=8:0.004, j=9:0.002, j=10:0.002, j=11:0.003, j=12:0.003, j=13:0.003, j=14:0.002, j=15:0.001, j=16:0.001, j=17:0.005, j=18:0.061, j=19:0.183, j=20:0.409, j=21:0.242
      i=22 -> j=0:0.015, j=1:0.007, j=2:0.007, j=3:0.004, j=4:0.006, j=5:0.006, j=6:0.007, j=7:0.006, j=8:0.004, j=9:0.002, j=10:0.002, j=11:0.001, j=12:0.002, j=13:0.002, j=14:0.003, j=15:0.001, j=16:0.000, j=17:0.001, j=18:0.005, j=19:0.047, j=20:0.267, j=21:0.540, j=22:0.064
      i=23 -> j=0:0.018, j=1:0.009, j=2:0.013, j=3:0.006, j=4:0.013, j=5:0.009, j=6:0.010, j=7:0.008, j=8:0.006, j=9:0.006, j=10:0.002, j=11:0.002, j=12:0.002, j=13:0.003, j=14:0.004, j=15:0.007, j=16:0.002, j=17:0.001, j=18:0.002, j=19:0.010, j=20:0.069, j=21:0.505, j=22:0.237, j=23:0.056
      i=24 -> j=0:0.016, j=1:0.009, j=2:0.016, j=3:0.009, j=4:0.029, j=5:0.016, j=6:0.011, j=7:0.010, j=8:0.009, j=9:0.013, j=10:0.004, j=11:0.004, j=12:0.002, j=13:0.002, j=14:0.005, j=15:0.012, j=16:0.005, j=17:0.004, j=18:0.002, j=19:0.003, j=20:0.010, j=21:0.117, j=22:0.285, j=23:0.271, j=24:0.138
      i=25 -> j=0:0.016, j=1:0.014, j=2:0.015, j=3:0.017, j=4:0.027, j=5:0.021, j=6:0.015, j=7:0.017, j=8:0.018, j=9:0.014, j=10:0.011, j=11:0.008, j=12:0.006, j=13:0.004, j=14:0.007, j=15:0.005, j=16:0.008, j=17:0.009, j=18:0.004, j=19:0.004, j=20:0.003, j=21:0.010, j=22:0.045, j=23:0.124, j=24:0.312, j=25:0.264
      i=26 -> j=0:0.014, j=1:0.010, j=2:0.008, j=3:0.010, j=4:0.012, j=5:0.015, j=6:0.013, j=7:0.011, j=8:0.011, j=9:0.007, j=10:0.007, j=11:0.005, j=12:0.005, j=13:0.003, j=14:0.004, j=15:0.001, j=16:0.003, j=17:0.005, j=18:0.004, j=19:0.003, j=20:0.001, j=21:0.001, j=22:0.003, j=23:0.013, j=24:0.092, j=25:0.397, j=26:0.342
      i=27 -> j=0:0.021, j=1:0.013, j=2:0.010, j=3:0.010, j=4:0.012, j=5:0.017, j=6:0.019, j=7:0.014, j=8:0.012, j=9:0.009, j=10:0.008, j=11:0.008, j=12:0.007, j=13:0.006, j=14:0.006, j=15:0.002, j=16:0.002, j=17:0.005, j=18:0.007, j=19:0.005, j=20:0.003, j=21:0.002, j=22:0.001, j=23:0.003, j=24:0.020, j=25:0.177, j=26:0.376, j=27:0.226
      i=28 -> j=0:0.010, j=1:0.012, j=2:0.010, j=3:0.012, j=4:0.005, j=5:0.005, j=6:0.008, j=7:0.012, j=8:0.012, j=9:0.007, j=10:0.009, j=11:0.005, j=12:0.006, j=13:0.005, j=14:0.005, j=15:0.002, j=16:0.001, j=17:0.002, j=18:0.002, j=19:0.005, j=20:0.003, j=21:0.002, j=22:0.001, j=23:0.001, j=24:0.001, j=25:0.022, j=26:0.261, j=27:0.446, j=28:0.128
      i=29 -> j=0:0.026, j=1:0.009, j=2:0.012, j=3:0.004, j=4:0.014, j=5:0.016, j=6:0.018, j=7:0.008, j=8:0.005, j=9:0.016, j=10:0.003, j=11:0.006, j=12:0.004, j=13:0.007, j=14:0.007, j=15:0.011, j=16:0.003, j=17:0.003, j=18:0.003, j=19:0.002, j=20:0.005, j=21:0.006, j=22:0.001, j=23:0.001, j=24:0.002, j=25:0.010, j=26:0.062, j=27:0.304, j=28:0.051, j=29:0.382
      i=30 -> j=0:0.003, j=1:0.001, j=2:0.002, j=3:0.001, j=4:0.004, j=5:0.003, j=6:0.002, j=7:0.001, j=8:0.001, j=9:0.004, j=10:0.000, j=11:0.001, j=12:0.000, j=13:0.001, j=14:0.001, j=15:0.004, j=16:0.001, j=17:0.001, j=18:0.000, j=19:0.000, j=20:0.001, j=21:0.001, j=22:0.000, j=23:0.000, j=24:0.000, j=25:0.000, j=26:0.002, j=27:0.014, j=28:0.013, j=29:0.827, j=30:0.109
      i=31 -> j=0:0.001, j=1:0.000, j=2:0.001, j=3:0.000, j=4:0.003, j=5:0.002, j=6:0.001, j=7:0.000, j=8:0.000, j=9:0.002, j=10:0.000, j=11:0.001, j=12:0.000, j=13:0.000, j=14:0.000, j=15:0.002, j=16:0.001, j=17:0.001, j=18:0.000, j=19:0.000, j=20:0.000, j=21:0.000, j=22:0.000, j=23:0.000, j=24:0.000, j=25:0.000, j=26:0.000, j=27:0.001, j=28:0.003, j=29:0.352, j=30:0.597, j=31:0.028
    Average attention per distance:
      d=0:0.215, d=1:0.445, d=2:0.276, d=3:0.036, d=20:0.011, d=21:0.012, d=22:0.010

--- Layer 3 ---
  Head 0: Entropy=1.544
    Attention coefficients from each query position to previous positions:
      i= 0 -> j=0:1.000
      i= 1 -> j=0:0.540, j=1:0.460
      i= 2 -> j=0:0.176, j=1:0.540, j=2:0.284
      i= 3 -> j=0:0.020, j=1:0.404, j=2:0.471, j=3:0.106
      i= 4 -> j=0:0.031, j=1:0.106, j=2:0.448, j=3:0.198, j=4:0.218
      i= 5 -> j=0:0.018, j=1:0.040, j=2:0.228, j=3:0.201, j=4:0.293, j=5:0.220
      i= 6 -> j=0:0.009, j=1:0.010, j=2:0.055, j=3:0.122, j=4:0.295, j=5:0.358, j=6:0.152
      i= 7 -> j=0:0.003, j=1:0.001, j=2:0.003, j=3:0.017, j=4:0.048, j=5:0.155, j=6:0.527, j=7:0.245
      i= 8 -> j=0:0.002, j=1:0.001, j=2:0.001, j=3:0.001, j=4:0.004, j=5:0.016, j=6:0.193, j=7:0.709, j=8:0.074
      i= 9 -> j=0:0.008, j=1:0.006, j=2:0.004, j=3:0.001, j=4:0.007, j=5:0.017, j=6:0.098, j=7:0.454, j=8:0.265, j=9:0.139
      i=10 -> j=0:0.002, j=1:0.003, j=2:0.002, j=3:0.001, j=4:0.001, j=5:0.001, j=6:0.006, j=7:0.108, j=8:0.370, j=9:0.218, j=10:0.288
      i=11 -> j=0:0.003, j=1:0.004, j=2:0.006, j=3:0.003, j=4:0.004, j=5:0.004, j=6:0.004, j=7:0.008, j=8:0.038, j=9:0.139, j=10:0.668, j=11:0.120
      i=12 -> j=0:0.002, j=1:0.002, j=2:0.003, j=3:0.003, j=4:0.003, j=5:0.002, j=6:0.001, j=7:0.001, j=8:0.006, j=9:0.032, j=10:0.604, j=11:0.229, j=12:0.114
      i=13 -> j=0:0.002, j=1:0.002, j=2:0.002, j=3:0.003, j=4:0.004, j=5:0.003, j=6:0.002, j=7:0.001, j=8:0.001, j=9:0.007, j=10:0.153, j=11:0.243, j=12:0.465, j=13:0.111
      i=14 -> j=0:0.002, j=1:0.001, j=2:0.001, j=3:0.001, j=4:0.002, j=5:0.002, j=6:0.002, j=7:0.001, j=8:0.000, j=9:0.001, j=10:0.008, j=11:0.043, j=12:0.374, j=13:0.453, j=14:0.109
      i=15 -> j=0:0.025, j=1:0.017, j=2:0.018, j=3:0.006, j=4:0.023, j=5:0.027, j=6:0.020, j=7:0.007, j=8:0.005, j=9:0.009, j=10:0.010, j=11:0.036, j=12:0.116, j=13:0.231, j=14:0.178, j=15:0.271
      i=16 -> j=0:0.010, j=1:0.010, j=2:0.007, j=3:0.003, j=4:0.005, j=5:0.006, j=6:0.008, j=7:0.008, j=8:0.004, j=9:0.003, j=10:0.002, j=11:0.005, j=12:0.020, j=13:0.121, j=14:0.512, j=15:0.171, j=16:0.105
      i=17 -> j=0:0.015, j=1:0.015, j=2:0.019, j=3:0.006, j=4:0.014, j=5:0.013, j=6:0.009, j=7:0.006, j=8:0.005, j=9:0.008, j=10:0.005, j=11:0.008, j=12:0.011, j=13:0.027, j=14:0.074, j=15:0.295, j=16:0.350, j=17:0.120
      i=18 -> j=0:0.014, j=1:0.012, j=2:0.021, j=3:0.006, j=4:0.021, j=5:0.018, j=6:0.007, j=7:0.002, j=8:0.003, j=9:0.008, j=10:0.007, j=11:0.009, j=12:0.006, j=13:0.005, j=14:0.006, j=15:0.148, j=16:0.294, j=17:0.271, j=18:0.140
      i=19 -> j=0:0.007, j=1:0.006, j=2:0.008, j=3:0.010, j=4:0.008, j=5:0.006, j=6:0.004, j=7:0.003, j=8:0.003, j=9:0.005, j=10:0.008, j=11:0.006, j=12:0.002, j=13:0.001, j=14:0.002, j=15:0.014, j=16:0.149, j=17:0.397, j=18:0.169, j=19:0.190
      i=20 -> j=0:0.009, j=1:0.007, j=2:0.007, j=3:0.008, j=4:0.009, j=5:0.009, j=6:0.007, j=7:0.004, j=8:0.002, j=9:0.004, j=10:0.006, j=11:0.008, j=12:0.005, j=13:0.002, j=14:0.001, j=15:0.005, j=16:0.020, j=17:0.106, j=18:0.152, j=19:0.558, j=20:0.070
      i=21 -> j=0:0.010, j=1:0.008, j=2:0.007, j=3:0.005, j=4:0.008, j=5:0.009, j=6:0.008, j=7:0.004, j=8:0.002, j=9:0.002, j=10:0.002, j=11:0.005, j=12:0.006, j=13:0.004, j=14:0.001, j=15:0.003, j=16:0.003, j=17:0.014, j=18:0.056, j=19:0.495, j=20:0.244, j=21:0.102
      i=22 -> j=0:0.012, j=1:0.013, j=2:0.010, j=3:0.008, j=4:0.008, j=5:0.008, j=6:0.010, j=7:0.012, j=8:0.006, j=9:0.004, j=10:0.003, j=11:0.004, j=12:0.005, j=13:0.007, j=14:0.005, j=15:0.004, j=16:0.002, j=17:0.004, j=18:0.013, j=19:0.128, j=20:0.287, j=21:0.338, j=22:0.111
      i=23 -> j=0:0.013, j=1:0.016, j=2:0.014, j=3:0.011, j=4:0.009, j=5:0.008, j=6:0.010, j=7:0.015, j=8:0.011, j=9:0.007, j=10:0.004, j=11:0.004, j=12:0.004, j=13:0.007, j=14:0.009, j=15:0.006, j=16:0.004, j=17:0.003, j=18:0.005, j=19:0.019, j=20:0.096, j=21:0.318, j=22:0.314, j=23:0.091
      i=24 -> j=0:0.009, j=1:0.012, j=2:0.012, j=3:0.014, j=4:0.008, j=5:0.007, j=6:0.007, j=7:0.011, j=8:0.012, j=9:0.009, j=10:0.006, j=11:0.004, j=12:0.002, j=13:0.003, j=14:0.006, j=15:0.006, j=16:0.005, j=17:0.003, j=18:0.002, j=19:0.002, j=20:0.012, j=21:0.089, j=22:0.338, j=23:0.305, j=24:0.115
      i=25 -> j=0:0.007, j=1:0.007, j=2:0.008, j=3:0.011, j=4:0.009, j=5:0.007, j=6:0.006, j=7:0.005, j=8:0.007, j=9:0.007, j=10:0.008, j=11:0.005, j=12:0.002, j=13:0.002, j=14:0.002, j=15:0.004, j=16:0.005, j=17:0.004, j=18:0.002, j=19:0.001, j=20:0.002, j=21:0.009, j=22:0.072, j=23:0.232, j=24:0.355, j=25:0.218
      i=26 -> j=0:0.005, j=1:0.005, j=2:0.005, j=3:0.006, j=4:0.006, j=5:0.006, j=6:0.005, j=7:0.004, j=8:0.003, j=9:0.004, j=10:0.005, j=11:0.004, j=12:0.003, j=13:0.002, j=14:0.001, j=15:0.002, j=16:0.003, j=17:0.003, j=18:0.002, j=19:0.001, j=20:0.001, j=21:0.001, j=22:0.005, j=23:0.032, j=24:0.191, j=25:0.583, j=26:0.113
      i=27 -> j=0:0.013, j=1:0.010, j=2:0.012, j=3:0.006, j=4:0.015, j=5:0.016, j=6:0.011, j=7:0.004, j=8:0.003, j=9:0.006, j=10:0.006, j=11:0.009, j=12:0.008, j=13:0.004, j=14:0.001, j=15:0.006, j=16:0.004, j=17:0.005, j=18:0.007, j=19:0.004, j=20:0.002, j=21:0.002, j=22:0.006, j=23:0.016, j=24:0.067, j=25:0.353, j=26:0.316, j=27:0.088
      i=28 -> j=0:0.007, j=1:0.007, j=2:0.005, j=3:0.005, j=4:0.004, j=5:0.005, j=6:0.007, j=7:0.009, j=8:0.005, j=9:0.004, j=10:0.004, j=11:0.004, j=12:0.005, j=13:0.004, j=14:0.003, j=15:0.002, j=16:0.001, j=17:0.002, j=18:0.002, j=19:0.004, j=20:0.002, j=21:0.001, j=22:0.001, j=23:0.001, j=24:0.008, j=25:0.147, j=26:0.455, j=27:0.196, j=28:0.098
      i=29 -> j=0:0.022, j=1:0.021, j=2:0.028, j=3:0.010, j=4:0.026, j=5:0.027, j=6:0.018, j=7:0.008, j=8:0.007, j=9:0.013, j=10:0.009, j=11:0.013, j=12:0.014, j=13:0.010, j=14:0.004, j=15:0.020, j=16:0.007, j=17:0.006, j=18:0.010, j=19:0.006, j=20:0.006, j=21:0.006, j=22:0.010, j=23:0.007, j=24:0.008, j=25:0.023, j=26:0.098, j=27:0.170, j=28:0.146, j=29:0.245
      i=30 -> j=0:0.017, j=1:0.018, j=2:0.023, j=3:0.014, j=4:0.018, j=5:0.017, j=6:0.015, j=7:0.012, j=8:0.012, j=9:0.015, j=10:0.013, j=11:0.012, j=12:0.011, j=13:0.010, j=14:0.008, j=15:0.015, j=16:0.009, j=17:0.007, j=18:0.006, j=19:0.005, j=20:0.007, j=21:0.008, j=22:0.009, j=23:0.006, j=24:0.004, j=25:0.005, j=26:0.018, j=27:0.061, j=28:0.215, j=29:0.239, j=30:0.172
      i=31 -> j=0:0.011, j=1:0.011, j=2:0.015, j=3:0.011, j=4:0.013, j=5:0.012, j=6:0.010, j=7:0.008, j=8:0.007, j=9:0.011, j=10:0.012, j=11:0.010, j=12:0.007, j=13:0.005, j=14:0.005, j=15:0.010, j=16:0.009, j=17:0.007, j=18:0.004, j=19:0.002, j=20:0.003, j=21:0.004, j=22:0.007, j=23:0.005, j=24:0.002, j=25:0.002, j=26:0.003, j=27:0.015, j=28:0.092, j=29:0.215, j=30:0.311, j=31:0.163
    Average attention per distance:
      d=0:0.189, d=1:0.354, d=2:0.307, d=3:0.092, d=4:0.017, d=15:0.010, d=16:0.010, d=21:0.011
      d=22:0.011, d=23:0.011, d=24:0.010, d=25:0.012, d=26:0.010, d=27:0.015, d=28:0.015, d=29:0.019
      d=30:0.014, d=31:0.011


======================================================================
QK Property Verification (Raw Scores, before Softmax)
======================================================================
Recurrence order init_len=2, num test sequences=1

--- [P1] Long-distance Orthogonality Verification ---
Ideal: raw_score mean ≈ 0 and small std when d > init_len

  Layer 0, Head 0:
    d= 1 (effective): mean=  3.428, std= 0.312, n=31
    d= 2 (effective): mean=  3.012, std= 0.328, n=30
    d>2 (long-distance): mean= -0.429, std= 0.904, n=435

  Layer 1, Head 0:
    d= 1 (effective): mean=  3.303, std= 1.202, n=31
    d= 2 (effective): mean=  2.714, std= 0.786, n=30
    d>2 (long-distance): mean= -2.084, std= 1.288, n=435

  Layer 2, Head 0:
    d= 1 (effective): mean=  3.515, std= 1.351, n=31
    d= 2 (effective): mean=  2.924, std= 1.191, n=30
    d>2 (long-distance): mean= -1.287, std= 1.062, n=435

  Layer 3, Head 0:
    d= 1 (effective): mean=  2.969, std= 0.876, n=31
    d= 2 (effective): mean=  2.863, std= 0.811, n=30
    d>2 (long-distance): mean= -0.867, std= 0.915, n=435

--- [P2] Time-homogeneous Verification ---
Ideal: CV of raw_score across positions i ≈ 0 for fixed distance d
(CV = std / |mean|, smaller = more constant)

  Layer 0, Head 0:
    d= 1: mean=  3.428, std= 0.312, CV=0.091, n=31
    d= 2: mean=  3.012, std= 0.328, CV=0.109, n=30

  Layer 1, Head 0:
    d= 1: mean=  3.303, std= 1.202, CV=0.364, n=31
    d= 2: mean=  2.714, std= 0.786, CV=0.289, n=30

  Layer 2, Head 0:
    d= 1: mean=  3.515, std= 1.351, CV=0.384, n=31
    d= 2: mean=  2.924, std= 1.191, CV=0.407, n=30

  Layer 3, Head 0:
    d= 1: mean=  2.969, std= 0.876, CV=0.295, n=31
    d= 2: mean=  2.863, std= 0.811, CV=0.283, n=30

======================================================================
QK Property Verification Completed
======================================================================
