=== Experiment: mixed_label_d128l1_r8_e40_80 ===
Time: 2026-06-26T09:11:35.835538
Task type: mixed_ab
Merged config: {
  "P": 53,
  "TASK": "mixed_ab",
  "NUM_MASK": 0,
  "A": 1,
  "B": 1,
  "AB_PAIRS": [
    [
      1,
      1
    ],
    [
      1,
      2
    ]
  ],
  "D_MODEL": 128,
  "N_HEAD": 1,
  "N_LAYER": 1,
  "BATCH_SIZE": 128,
  "EPOCHS": 10000,
  "LR": 0.0003,
  "SAVE_PATH": "models/mixed_label_d128l1_r8_e40_80.pth",
  "USE_GREEDY_GENERATE": true,
  "USE_LEARNABLE_PE": false,
  "MLP_RATIO": 8,
  "TRAIN_LEN": 16,
  "OOD_LEN": 32,
  "DROPOUT": 0.0,
  "TARGET_INIT_COVERAGE": 0.5,
  "MAX_UNIQUE_RATIO": 0.5,
  "WEIGHT_DECAY": 1,
  "ENTROPY_PENALTY_WEIGHT": 0.0,
  "FIRST_TASK_WEIGHT": 1.0,
  "RANDOM_SEED": 42,
  "EVAL_INTERVAL": 20,
  "EARLY_STOP_NO_IMPROVE": 1000,
  "EARLY_STOP_ACCURACY": 0.99,
  "SKIP_FINAL_GENERATION_TEST": true,
  "USE_AB_TAG": true,
  "USE_CONDITIONAL_WTE": false,
  "COND_WTE_SHARED_RATIO": 0.0,
  "MIXED_AB_MAX_UNIQUE_RATIOS": [
    0.4,
    0.8
  ]
}
--- output ---
Using device: cuda

[Dataset] Mixed mode: generated 3476 + 2142 samples, length 16
AB parameter pairs: [(1, 1), (1, 2)]
  - AB=(1,1): train 1188 | test 1621 | exposed ~42.3%
  - AB=(1,2): train 2288 | test 521 | exposed ~81.5%
--------------------------------------------------
[Model config] block_size: 32, train length: 16
[Number theory] AB parameter pairs: [(1, 1), (1, 2)]


Model parameters: 0.35M

Start training...
Epoch   0 | Train: Loss=4.2376 Acc=2.8% | Test: Acc=0.3% | Best=0.3%(@0)
  from x2: 0.01 0.01 0.01 0.00 0.00 0.00 0.00 0.00 0.00 0.00 0.00 0.00 0.00 0.00
  per-rule acc: 0.00 0.01
Epoch  20 | Train: Loss=0.9384 Acc=93.7% | Test: Acc=2.5% | Best=2.5%(@20)
  from x2: 0.02 0.02 0.02 0.02 0.03 0.03 0.03 0.03 0.02 0.02 0.03 0.03 0.02 0.03
  per-rule acc: 0.03 0.02
Epoch  40 | Train: Loss=0.1982 Acc=98.4% | Test: Acc=2.4% | Best=2.5%(@20)
  from x2: 0.02 0.02 0.02 0.02 0.02 0.02 0.02 0.02 0.02 0.02 0.03 0.03 0.03 0.03
  per-rule acc: 0.02 0.02
Epoch  60 | Train: Loss=0.0994 Acc=99.1% | Test: Acc=2.5% | Best=2.5%(@60)
  from x2: 0.02 0.02 0.02 0.02 0.03 0.03 0.03 0.03 0.03 0.03 0.03 0.03 0.03 0.03
  per-rule acc: 0.02 0.03
Epoch  80 | Train: Loss=0.0685 Acc=99.5% | Test: Acc=2.6% | Best=2.6%(@80)
  from x2: 0.03 0.02 0.02 0.02 0.03 0.03 0.03 0.03 0.03 0.03 0.03 0.03 0.03 0.03
  per-rule acc: 0.02 0.03
Epoch 100 | Train: Loss=0.0914 Acc=99.5% | Test: Acc=3.0% | Best=3.0%(@100)
  from x2: 0.03 0.03 0.03 0.03 0.03 0.03 0.03 0.03 0.03 0.03 0.03 0.03 0.03 0.03
  per-rule acc: 0.02 0.05
Epoch 120 | Train: Loss=0.0815 Acc=99.6% | Test: Acc=3.3% | Best=3.3%(@120)
  from x2: 0.03 0.03 0.03 0.03 0.03 0.03 0.03 0.03 0.03 0.03 0.03 0.03 0.03 0.03
  per-rule acc: 0.02 0.07
Epoch 140 | Train: Loss=0.0688 Acc=99.6% | Test: Acc=4.0% | Best=4.0%(@140)
  from x2: 0.04 0.04 0.04 0.04 0.04 0.04 0.04 0.04 0.04 0.04 0.04 0.04 0.04 0.04
  per-rule acc: 0.02 0.09
Epoch 160 | Train: Loss=0.0455 Acc=99.7% | Test: Acc=4.6% | Best=4.6%(@160)
  from x2: 0.04 0.05 0.05 0.05 0.05 0.05 0.05 0.05 0.05 0.05 0.05 0.05 0.05 0.05
  per-rule acc: 0.02 0.12
Epoch 180 | Train: Loss=0.0617 Acc=99.7% | Test: Acc=5.7% | Best=5.7%(@180)
  from x2: 0.06 0.06 0.06 0.06 0.06 0.06 0.06 0.06 0.06 0.06 0.06 0.06 0.06 0.06
  per-rule acc: 0.02 0.16
Epoch 200 | Train: Loss=0.0591 Acc=99.7% | Test: Acc=6.5% | Best=6.5%(@200)
  from x2: 0.06 0.06 0.06 0.07 0.06 0.06 0.06 0.06 0.07 0.07 0.07 0.07 0.07 0.07
  per-rule acc: 0.02 0.19
Epoch 220 | Train: Loss=0.0431 Acc=99.8% | Test: Acc=7.3% | Best=7.3%(@220)
  from x2: 0.07 0.07 0.07 0.07 0.07 0.07 0.07 0.07 0.07 0.07 0.07 0.07 0.08 0.07
  per-rule acc: 0.02 0.22
Epoch 240 | Train: Loss=0.0547 Acc=99.8% | Test: Acc=8.0% | Best=8.0%(@240)
  from x2: 0.08 0.08 0.08 0.08 0.08 0.08 0.08 0.08 0.08 0.08 0.08 0.08 0.08 0.08
  per-rule acc: 0.02 0.26
Epoch 260 | Train: Loss=0.0531 Acc=99.7% | Test: Acc=9.2% | Best=9.2%(@260)
  from x2: 0.09 0.09 0.09 0.09 0.09 0.09 0.09 0.09 0.09 0.09 0.09 0.09 0.09 0.09
  per-rule acc: 0.03 0.29
Epoch 280 | Train: Loss=0.0384 Acc=99.8% | Test: Acc=10.1% | Best=10.1%(@280)
  from x2: 0.10 0.11 0.10 0.10 0.10 0.10 0.10 0.10 0.10 0.10 0.10 0.10 0.10 0.10
  per-rule acc: 0.03 0.33
Epoch 300 | Train: Loss=0.0386 Acc=99.8% | Test: Acc=11.9% | Best=11.9%(@300)
  from x2: 0.11 0.12 0.12 0.12 0.12 0.12 0.12 0.12 0.12 0.12 0.12 0.12 0.12 0.12
  per-rule acc: 0.03 0.39
Epoch 320 | Train: Loss=0.0321 Acc=99.9% | Test: Acc=14.1% | Best=14.1%(@320)
  from x2: 0.13 0.15 0.14 0.14 0.14 0.14 0.14 0.14 0.14 0.14 0.14 0.14 0.14 0.14
  per-rule acc: 0.04 0.46
Epoch 340 | Train: Loss=0.0310 Acc=99.9% | Test: Acc=18.8% | Best=18.8%(@340)
  from x2: 0.18 0.20 0.19 0.19 0.19 0.19 0.19 0.19 0.19 0.19 0.19 0.19 0.19 0.19
  per-rule acc: 0.06 0.58
Epoch 360 | Train: Loss=0.0152 Acc=100.0% | Test: Acc=27.2% | Best=27.2%(@360)
  from x2: 0.25 0.28 0.27 0.27 0.27 0.27 0.27 0.27 0.27 0.27 0.27 0.27 0.27 0.27
  per-rule acc: 0.13 0.72
Epoch 380 | Train: Loss=0.0113 Acc=100.0% | Test: Acc=44.8% | Best=44.8%(@380)
  from x2: 0.38 0.45 0.45 0.45 0.45 0.46 0.45 0.45 0.45 0.46 0.46 0.45 0.45 0.46
  per-rule acc: 0.31 0.87
Epoch 400 | Train: Loss=0.0086 Acc=100.0% | Test: Acc=70.3% | Best=70.3%(@400)
  from x2: 0.63 0.71 0.70 0.70 0.71 0.71 0.71 0.71 0.71 0.71 0.71 0.71 0.71 0.71
  per-rule acc: 0.62 0.97
Epoch 420 | Train: Loss=0.0066 Acc=100.0% | Test: Acc=88.8% | Best=88.8%(@420)
  from x2: 0.85 0.89 0.89 0.89 0.89 0.89 0.89 0.89 0.89 0.89 0.89 0.89 0.89 0.89
  per-rule acc: 0.85 1.00
Epoch 440 | Train: Loss=0.0052 Acc=100.0% | Test: Acc=96.9% | Best=96.9%(@440)
  from x2: 0.96 0.97 0.97 0.97 0.97 0.97 0.97 0.97 0.97 0.97 0.97 0.97 0.97 0.97
  per-rule acc: 0.96 1.00
Epoch 460 | Train: Loss=0.0041 Acc=100.0% | Test: Acc=99.2% | Best=99.2%(@460)
  from x2: 0.99 0.99 0.99 0.99 0.99 0.99 0.99 0.99 0.99 0.99 0.99 0.99 0.99 0.99
  per-rule acc: 0.99 1.00
[Early stop] Epoch 460: test set reached high accuracy

==================================================
Saving model...
[OK] Model saved to: /home/cxm/ai/test0626-unbalanced/models/mixed_label_d128l1_r8_e40_80.pth
  File size: 1364.7 KB
  Best test accuracy: 99.25%

[Config] SKIP_FINAL_GENERATION_TEST=true, skipping final generation test.

--- Return code: 0 ---

======================================================================
Attention Analysis
======================================================================
Model config: addition (default), p=53
Best test accuracy: 0.9924969987995198
Training epochs: 460

Random test sequence 1/5 (length 32): [11, 45, 3, 48, 51, 46, 44, 37, 28, 12, 40, 52, 39, 38, 24, 9, 33, 42, 22, 11]...

======================================================================
Attention Layer Training Result Summary
======================================================================
Input sequence: [11, 45, 3, 48, 51, 46, 44, 37, 28, 12, 40, 52, 39, 38, 24, 9, 33, 42, 22, 11, 33, 44, 24, 15, 39, 1, 40, 41, 28, 16, 44, 7]

--- Layer 0 ---
  Head 0: Entropy=0.757
    Attention coefficients from each query position to previous positions:
      i= 0 -> j=0:1.000
      i= 1 -> j=0:0.105, j=1:0.895
      i= 2 -> j=0:0.010, j=1:0.115, j=2:0.875
      i= 3 -> j=0:0.002, j=1:0.011, j=2:0.113, j=3:0.874
      i= 4 -> j=0:0.000, j=1:0.001, j=2:0.009, j=3:0.102, j=4:0.887
      i= 5 -> j=0:0.000, j=1:0.000, j=2:0.001, j=3:0.008, j=4:0.108, j=5:0.882
      i= 6 -> j=0:0.001, j=1:0.000, j=2:0.000, j=3:0.001, j=4:0.009, j=5:0.107, j=6:0.881
      i= 7 -> j=0:0.001, j=1:0.001, j=2:0.000, j=3:0.000, j=4:0.001, j=5:0.008, j=6:0.111, j=7:0.878
      i= 8 -> j=0:0.001, j=1:0.001, j=2:0.001, j=3:0.001, j=4:0.000, j=5:0.001, j=6:0.009, j=7:0.112, j=8:0.874
      i= 9 -> j=0:0.000, j=1:0.001, j=2:0.001, j=3:0.001, j=4:0.000, j=5:0.000, j=6:0.001, j=7:0.009, j=8:0.116, j=9:0.870
      i=10 -> j=0:0.000, j=1:0.000, j=2:0.001, j=3:0.001, j=4:0.001, j=5:0.000, j=6:0.001, j=7:0.001, j=8:0.011, j=9:0.105, j=10:0.879
      i=11 -> j=0:0.000, j=1:0.000, j=2:0.000, j=3:0.001, j=4:0.001, j=5:0.001, j=6:0.001, j=7:0.000, j=8:0.002, j=9:0.010, j=10:0.113, j=11:0.871
      i=12 -> j=0:0.001, j=1:0.000, j=2:0.000, j=3:0.000, j=4:0.001, j=5:0.001, j=6:0.001, j=7:0.000, j=8:0.000, j=9:0.001, j=10:0.009, j=11:0.103, j=12:0.882
      i=13 -> j=0:0.001, j=1:0.001, j=2:0.001, j=3:0.000, j=4:0.001, j=5:0.001, j=6:0.001, j=7:0.001, j=8:0.001, j=9:0.001, j=10:0.002, j=11:0.010, j=12:0.115, j=13:0.866
      i=14 -> j=0:0.001, j=1:0.001, j=2:0.001, j=3:0.000, j=4:0.000, j=5:0.000, j=6:0.001, j=7:0.001, j=8:0.001, j=9:0.001, j=10:0.001, j=11:0.001, j=12:0.010, j=13:0.108, j=14:0.873
      i=15 -> j=0:0.001, j=1:0.001, j=2:0.001, j=3:0.001, j=4:0.001, j=5:0.000, j=6:0.000, j=7:0.001, j=8:0.001, j=9:0.001, j=10:0.001, j=11:0.001, j=12:0.001, j=13:0.010, j=14:0.101, j=15:0.879
      i=16 -> j=0:0.001, j=1:0.001, j=2:0.001, j=3:0.001, j=4:0.001, j=5:0.000, j=6:0.000, j=7:0.000, j=8:0.000, j=9:0.001, j=10:0.001, j=11:0.000, j=12:0.000, j=13:0.001, j=14:0.008, j=15:0.106, j=16:0.878
      i=17 -> j=0:0.003, j=1:0.002, j=2:0.001, j=3:0.001, j=4:0.001, j=5:0.000, j=6:0.000, j=7:0.000, j=8:0.000, j=9:0.001, j=10:0.001, j=11:0.001, j=12:0.000, j=13:0.001, j=14:0.001, j=15:0.009, j=16:0.111, j=17:0.866
      i=18 -> j=0:0.006, j=1:0.003, j=2:0.002, j=3:0.001, j=4:0.001, j=5:0.001, j=6:0.001, j=7:0.000, j=8:0.000, j=9:0.000, j=10:0.001, j=11:0.001, j=12:0.001, j=13:0.001, j=14:0.000, j=15:0.001, j=16:0.009, j=17:0.110, j=18:0.860
      i=19 -> j=0:0.013, j=1:0.007, j=2:0.003, j=3:0.002, j=4:0.001, j=5:0.001, j=6:0.001, j=7:0.001, j=8:0.000, j=9:0.000, j=10:0.001, j=11:0.001, j=12:0.001, j=13:0.001, j=14:0.000, j=15:0.000, j=16:0.001, j=17:0.009, j=18:0.108, j=19:0.848
      i=20 -> j=0:0.012, j=1:0.010, j=2:0.005, j=3:0.002, j=4:0.001, j=5:0.001, j=6:0.001, j=7:0.001, j=8:0.000, j=9:0.000, j=10:0.000, j=11:0.000, j=12:0.000, j=13:0.001, j=14:0.000, j=15:0.000, j=16:0.000, j=17:0.001, j=18:0.009, j=19:0.103, j=20:0.850
      i=21 -> j=0:0.018, j=1:0.017, j=2:0.012, j=3:0.006, j=4:0.003, j=5:0.001, j=6:0.001, j=7:0.001, j=8:0.001, j=9:0.001, j=10:0.001, j=11:0.000, j=12:0.000, j=13:0.001, j=14:0.001, j=15:0.001, j=16:0.000, j=17:0.000, j=18:0.001, j=19:0.009, j=20:0.101, j=21:0.823
      i=22 -> j=0:0.022, j=1:0.019, j=2:0.015, j=3:0.010, j=4:0.006, j=5:0.002, j=6:0.001, j=7:0.001, j=8:0.001, j=9:0.001, j=10:0.001, j=11:0.000, j=12:0.000, j=13:0.000, j=14:0.001, j=15:0.001, j=16:0.001, j=17:0.000, j=18:0.001, j=19:0.001, j=20:0.009, j=21:0.105, j=22:0.801
      i=23 -> j=0:0.033, j=1:0.025, j=2:0.020, j=3:0.016, j=4:0.013, j=5:0.006, j=6:0.003, j=7:0.002, j=8:0.001, j=9:0.001, j=10:0.001, j=11:0.001, j=12:0.000, j=13:0.000, j=14:0.000, j=15:0.001, j=16:0.001, j=17:0.001, j=18:0.001, j=19:0.001, j=20:0.001, j=21:0.009, j=22:0.096, j=23:0.767
      i=24 -> j=0:0.042, j=1:0.029, j=2:0.021, j=3:0.017, j=4:0.016, j=5:0.010, j=6:0.006, j=7:0.003, j=8:0.001, j=9:0.001, j=10:0.001, j=11:0.001, j=12:0.001, j=13:0.000, j=14:0.000, j=15:0.000, j=16:0.000, j=17:0.001, j=18:0.001, j=19:0.000, j=20:0.000, j=21:0.001, j=22:0.007, j=23:0.086, j=24:0.755
      i=25 -> j=0:0.046, j=1:0.041, j=2:0.027, j=3:0.018, j=4:0.017, j=5:0.013, j=6:0.010, j=7:0.005, j=8:0.003, j=9:0.001, j=10:0.001, j=11:0.001, j=12:0.001, j=13:0.001, j=14:0.000, j=15:0.000, j=16:0.000, j=17:0.001, j=18:0.001, j=19:0.001, j=20:0.000, j=21:0.000, j=22:0.001, j=23:0.007, j=24:0.091, j=25:0.711
      i=26 -> j=0:0.052, j=1:0.054, j=2:0.046, j=3:0.031, j=4:0.025, j=5:0.019, j=6:0.017, j=7:0.012, j=8:0.007, j=9:0.003, j=10:0.002, j=11:0.001, j=12:0.001, j=13:0.001, j=14:0.001, j=15:0.000, j=16:0.000, j=17:0.000, j=18:0.001, j=19:0.001, j=20:0.001, j=21:0.000, j=22:0.000, j=23:0.001, j=24:0.007, j=25:0.082, j=26:0.635
      i=27 -> j=0:0.040, j=1:0.047, j=2:0.050, j=3:0.038, j=4:0.028, j=5:0.019, j=6:0.015, j=7:0.013, j=8:0.009, j=9:0.006, j=10:0.003, j=11:0.001, j=12:0.001, j=13:0.001, j=14:0.001, j=15:0.000, j=16:0.000, j=17:0.000, j=18:0.000, j=19:0.000, j=20:0.001, j=21:0.001, j=22:0.000, j=23:0.000, j=24:0.001, j=25:0.007, j=26:0.081, j=27:0.636
      i=28 -> j=0:0.043, j=1:0.042, j=2:0.046, j=3:0.041, j=4:0.034, j=5:0.024, j=6:0.017, j=7:0.014, j=8:0.012, j=9:0.009, j=10:0.006, j=11:0.003, j=12:0.001, j=13:0.001, j=14:0.001, j=15:0.001, j=16:0.000, j=17:0.000, j=18:0.000, j=19:0.000, j=20:0.000, j=21:0.001, j=22:0.000, j=23:0.000, j=24:0.000, j=25:0.001, j=26:0.007, j=27:0.078, j=28:0.617
      i=29 -> j=0:0.053, j=1:0.039, j=2:0.038, j=3:0.040, j=4:0.039, j=5:0.035, j=6:0.024, j=7:0.018, j=8:0.012, j=9:0.011, j=10:0.009, j=11:0.005, j=12:0.002, j=13:0.001, j=14:0.001, j=15:0.001, j=16:0.001, j=17:0.000, j=18:0.000, j=19:0.000, j=20:0.000, j=21:0.000, j=22:0.001, j=23:0.000, j=24:0.000, j=25:0.000, j=26:0.001, j=27:0.006, j=28:0.075, j=29:0.587
      i=30 -> j=0:0.071, j=1:0.055, j=2:0.042, j=3:0.038, j=4:0.038, j=5:0.042, j=6:0.032, j=7:0.023, j=8:0.014, j=9:0.012, j=10:0.010, j=11:0.008, j=12:0.004, j=13:0.002, j=14:0.001, j=15:0.001, j=16:0.001, j=17:0.001, j=18:0.000, j=19:0.000, j=20:0.000, j=21:0.000, j=22:0.000, j=23:0.000, j=24:0.000, j=25:0.000, j=26:0.000, j=27:0.001, j=28:0.006, j=29:0.067, j=30:0.530
      i=31 -> j=0:0.068, j=1:0.057, j=2:0.044, j=3:0.034, j=4:0.032, j=5:0.042, j=6:0.037, j=7:0.031, j=8:0.018, j=9:0.012, j=10:0.010, j=11:0.009, j=12:0.006, j=13:0.004, j=14:0.002, j=15:0.001, j=16:0.000, j=17:0.000, j=18:0.000, j=19:0.000, j=20:0.000, j=21:0.000, j=22:0.000, j=23:0.000, j=24:0.000, j=25:0.000, j=26:0.000, j=27:0.000, j=28:0.001, j=29:0.005, j=30:0.066, j=31:0.519
    Average attention per distance:
      d=0:0.808, d=1:0.100, d=19:0.010, d=20:0.014, d=21:0.016, d=22:0.019, d=23:0.026, d=24:0.037
      d=25:0.044, d=26:0.044, d=27:0.038, d=28:0.040, d=29:0.051, d=30:0.064, d=31:0.068


======================================================================
QK Property Verification (Raw Scores, before Softmax)
======================================================================
Recurrence order init_len=2, num test sequences=1

--- [P1] Long-distance Orthogonality Verification ---
Ideal: raw_score mean ≈ 0 and small std when d > init_len

  Layer 0, Head 0:
    d= 1 (effective): mean=  1.300, std= 0.081, n=31
    d= 2 (effective): mean= -1.159, std= 0.056, n=30
    d>2 (long-distance): mean= -2.841, std= 1.651, n=435

--- [P2] Time-homogeneous Verification ---
Ideal: CV of raw_score across positions i ≈ 0 for fixed distance d
(CV = std / |mean|, smaller = more constant)

  Layer 0, Head 0:
    d= 1: mean=  1.300, std= 0.081, CV=0.062, n=31
    d= 2: mean= -1.159, std= 0.056, CV=0.049, n=30

======================================================================
QK Property Verification Completed
======================================================================
