=== Experiment: mixed_label_d128l1_r8_e70_50 ===
Time: 2026-06-26T03:53:34.535767
Task type: mixed_ab
Merged config: {
  "P": 53,
  "TASK": "mixed_ab",
  "NUM_MASK": 0,
  "A": 1,
  "B": 1,
  "AB_PAIRS": [
    [
      1,
      1
    ],
    [
      1,
      2
    ]
  ],
  "D_MODEL": 128,
  "N_HEAD": 1,
  "N_LAYER": 1,
  "BATCH_SIZE": 128,
  "EPOCHS": 10000,
  "LR": 0.0003,
  "SAVE_PATH": "models/mixed_label_d128l1_r8_e70_50.pth",
  "USE_GREEDY_GENERATE": true,
  "USE_LEARNABLE_PE": false,
  "MLP_RATIO": 8,
  "TRAIN_LEN": 16,
  "OOD_LEN": 32,
  "DROPOUT": 0.0,
  "TARGET_INIT_COVERAGE": 0.5,
  "MAX_UNIQUE_RATIO": 0.5,
  "WEIGHT_DECAY": 1,
  "ENTROPY_PENALTY_WEIGHT": 0.0,
  "FIRST_TASK_WEIGHT": 1.0,
  "RANDOM_SEED": 42,
  "EVAL_INTERVAL": 20,
  "EARLY_STOP_NO_IMPROVE": 1000,
  "EARLY_STOP_ACCURACY": 0.99,
  "SKIP_FINAL_GENERATION_TEST": true,
  "USE_AB_TAG": true,
  "USE_CONDITIONAL_WTE": false,
  "COND_WTE_SHARED_RATIO": 0.0,
  "MIXED_AB_MAX_UNIQUE_RATIOS": [
    0.7,
    0.5
  ]
}
--- output ---
Using device: cuda

[Dataset] Mixed mode: generated 3458 + 2160 samples, length 16
AB parameter pairs: [(1, 1), (1, 2)]
  - AB=(1,1): train 2052 | test 757 | exposed ~73.1%
  - AB=(1,2): train 1406 | test 1403 | exposed ~50.1%
--------------------------------------------------
[Model config] block_size: 32, train length: 16
[Number theory] AB parameter pairs: [(1, 1), (1, 2)]


Model parameters: 0.35M

Start training...
Epoch   0 | Train: Loss=4.2463 Acc=2.8% | Test: Acc=0.2% | Best=0.2%(@0)
  from x2: 0.00 0.00 0.00 0.00 0.00 0.00 0.00 0.00 0.00 0.00 0.00 0.00 0.00 0.00
  per-rule acc: 0.00 0.00
Epoch  20 | Train: Loss=0.8766 Acc=94.0% | Test: Acc=2.7% | Best=2.7%(@20)
  from x2: 0.03 0.03 0.03 0.03 0.03 0.03 0.03 0.03 0.03 0.03 0.03 0.03 0.03 0.03
  per-rule acc: 0.03 0.03
Epoch  40 | Train: Loss=0.1900 Acc=98.5% | Test: Acc=3.0% | Best=3.0%(@40)
  from x2: 0.04 0.03 0.03 0.03 0.03 0.03 0.03 0.03 0.03 0.03 0.03 0.03 0.03 0.03
  per-rule acc: 0.04 0.03
Epoch  60 | Train: Loss=0.0999 Acc=99.2% | Test: Acc=2.9% | Best=3.0%(@40)
  from x2: 0.03 0.03 0.03 0.03 0.03 0.03 0.03 0.03 0.03 0.03 0.03 0.03 0.03 0.03
  per-rule acc: 0.04 0.02
Epoch  80 | Train: Loss=0.0730 Acc=99.4% | Test: Acc=3.1% | Best=3.1%(@80)
  from x2: 0.04 0.03 0.03 0.03 0.03 0.03 0.03 0.03 0.03 0.03 0.03 0.03 0.03 0.03
  per-rule acc: 0.05 0.02
Epoch 100 | Train: Loss=0.0598 Acc=99.6% | Test: Acc=3.4% | Best=3.4%(@100)
  from x2: 0.04 0.03 0.03 0.03 0.03 0.03 0.03 0.03 0.03 0.03 0.03 0.03 0.03 0.03
  per-rule acc: 0.05 0.03
Epoch 120 | Train: Loss=0.0836 Acc=99.5% | Test: Acc=3.9% | Best=3.9%(@120)
  from x2: 0.05 0.03 0.04 0.04 0.04 0.04 0.04 0.04 0.04 0.04 0.04 0.04 0.04 0.04
  per-rule acc: 0.06 0.03
Epoch 140 | Train: Loss=0.0801 Acc=99.6% | Test: Acc=4.1% | Best=4.1%(@140)
  from x2: 0.05 0.04 0.04 0.04 0.04 0.04 0.04 0.04 0.04 0.04 0.04 0.04 0.04 0.04
  per-rule acc: 0.06 0.03
Epoch 160 | Train: Loss=0.0730 Acc=99.6% | Test: Acc=4.6% | Best=4.6%(@160)
  from x2: 0.06 0.04 0.05 0.05 0.05 0.05 0.05 0.05 0.05 0.05 0.05 0.05 0.05 0.04
  per-rule acc: 0.07 0.03
Epoch 180 | Train: Loss=0.0660 Acc=99.5% | Test: Acc=4.6% | Best=4.6%(@160)
  from x2: 0.05 0.04 0.04 0.04 0.05 0.04 0.05 0.05 0.05 0.05 0.05 0.05 0.05 0.05
  per-rule acc: 0.08 0.03
Epoch 200 | Train: Loss=0.0477 Acc=99.7% | Test: Acc=5.4% | Best=5.4%(@200)
  from x2: 0.06 0.05 0.05 0.05 0.05 0.05 0.06 0.06 0.05 0.05 0.06 0.06 0.05 0.06
  per-rule acc: 0.09 0.03
Epoch 220 | Train: Loss=0.0643 Acc=99.6% | Test: Acc=6.1% | Best=6.1%(@220)
  from x2: 0.07 0.06 0.06 0.06 0.06 0.06 0.06 0.06 0.06 0.06 0.06 0.06 0.06 0.06
  per-rule acc: 0.11 0.04
Epoch 240 | Train: Loss=0.0641 Acc=99.6% | Test: Acc=6.3% | Best=6.3%(@240)
  from x2: 0.07 0.06 0.06 0.06 0.06 0.06 0.06 0.06 0.06 0.06 0.06 0.06 0.06 0.06
  per-rule acc: 0.11 0.04
Epoch 260 | Train: Loss=0.0608 Acc=99.7% | Test: Acc=6.7% | Best=6.7%(@260)
  from x2: 0.07 0.06 0.07 0.07 0.07 0.07 0.07 0.07 0.07 0.07 0.07 0.07 0.07 0.07
  per-rule acc: 0.13 0.03
Epoch 280 | Train: Loss=0.0496 Acc=99.7% | Test: Acc=7.2% | Best=7.2%(@280)
  from x2: 0.07 0.06 0.07 0.07 0.07 0.07 0.07 0.07 0.07 0.07 0.07 0.07 0.07 0.07
  per-rule acc: 0.13 0.04
Epoch 300 | Train: Loss=0.0612 Acc=99.7% | Test: Acc=7.2% | Best=7.2%(@300)
  from x2: 0.07 0.06 0.07 0.07 0.07 0.07 0.07 0.07 0.07 0.07 0.07 0.08 0.08 0.07
  per-rule acc: 0.14 0.04
Epoch 320 | Train: Loss=0.0504 Acc=99.6% | Test: Acc=8.1% | Best=8.1%(@320)
  from x2: 0.08 0.07 0.08 0.08 0.08 0.08 0.08 0.08 0.08 0.08 0.08 0.08 0.08 0.09
  per-rule acc: 0.16 0.04
Epoch 340 | Train: Loss=0.0439 Acc=99.7% | Test: Acc=8.7% | Best=8.7%(@340)
  from x2: 0.08 0.07 0.08 0.09 0.09 0.09 0.09 0.09 0.09 0.09 0.09 0.09 0.09 0.09
  per-rule acc: 0.17 0.04
Epoch 360 | Train: Loss=0.0552 Acc=99.7% | Test: Acc=9.4% | Best=9.4%(@360)
  from x2: 0.09 0.09 0.09 0.09 0.09 0.09 0.09 0.09 0.09 0.10 0.09 0.10 0.09 0.10
  per-rule acc: 0.19 0.04
Epoch 380 | Train: Loss=0.0424 Acc=99.8% | Test: Acc=10.1% | Best=10.1%(@380)
  from x2: 0.09 0.09 0.10 0.10 0.10 0.10 0.10 0.10 0.10 0.10 0.10 0.10 0.10 0.10
  per-rule acc: 0.20 0.05
Epoch 400 | Train: Loss=0.0494 Acc=99.7% | Test: Acc=11.5% | Best=11.5%(@400)
  from x2: 0.10 0.10 0.12 0.12 0.12 0.11 0.12 0.12 0.12 0.12 0.12 0.12 0.12 0.12
  per-rule acc: 0.23 0.05
Epoch 420 | Train: Loss=0.0546 Acc=99.7% | Test: Acc=12.1% | Best=12.1%(@420)
  from x2: 0.10 0.11 0.13 0.13 0.12 0.12 0.12 0.13 0.12 0.12 0.12 0.12 0.12 0.12
  per-rule acc: 0.24 0.06
Epoch 440 | Train: Loss=0.0364 Acc=99.9% | Test: Acc=14.9% | Best=14.9%(@440)
  from x2: 0.13 0.14 0.15 0.15 0.15 0.15 0.15 0.15 0.16 0.15 0.15 0.15 0.15 0.15
  per-rule acc: 0.29 0.07
Epoch 460 | Train: Loss=0.0349 Acc=99.9% | Test: Acc=21.0% | Best=21.0%(@460)
  from x2: 0.19 0.21 0.21 0.21 0.21 0.21 0.21 0.21 0.21 0.21 0.21 0.21 0.21 0.21
  per-rule acc: 0.38 0.12
Epoch 480 | Train: Loss=0.0163 Acc=100.0% | Test: Acc=33.0% | Best=33.0%(@480)
  from x2: 0.33 0.35 0.33 0.33 0.33 0.33 0.33 0.33 0.33 0.33 0.33 0.33 0.32 0.32
  per-rule acc: 0.53 0.22
Epoch 500 | Train: Loss=0.0128 Acc=100.0% | Test: Acc=57.1% | Best=57.1%(@500)
  from x2: 0.62 0.59 0.58 0.58 0.57 0.57 0.57 0.57 0.57 0.56 0.56 0.56 0.56 0.55
  per-rule acc: 0.78 0.46
Epoch 520 | Train: Loss=0.0096 Acc=100.0% | Test: Acc=84.7% | Best=84.7%(@520)
  from x2: 0.88 0.86 0.86 0.85 0.85 0.84 0.85 0.85 0.84 0.84 0.84 0.84 0.84 0.83
  per-rule acc: 0.95 0.79
Epoch 540 | Train: Loss=0.0074 Acc=100.0% | Test: Acc=96.8% | Best=96.8%(@540)
  from x2: 0.98 0.98 0.97 0.97 0.97 0.97 0.97 0.97 0.97 0.97 0.96 0.96 0.96 0.96
  per-rule acc: 1.00 0.95
Epoch 560 | Train: Loss=0.0059 Acc=100.0% | Test: Acc=99.7% | Best=99.7%(@560)
  from x2: 1.00 1.00 1.00 1.00 1.00 1.00 1.00 1.00 1.00 1.00 1.00 1.00 0.99 0.99
  per-rule acc: 1.00 1.00
[Early stop] Epoch 560: test set reached high accuracy

==================================================
Saving model...
[OK] Model saved to: /home/cxm/ai/test0626-unbalanced/models/mixed_label_d128l1_r8_e70_50.pth
  File size: 1364.7 KB
  Best test accuracy: 99.72%

[Config] SKIP_FINAL_GENERATION_TEST=true, skipping final generation test.

--- Return code: 0 ---

======================================================================
Attention Analysis
======================================================================
Model config: addition (default), p=53
Best test accuracy: 0.9972222222222222
Training epochs: 560

Random test sequence 1/5 (length 32): [42, 18, 7, 25, 32, 4, 36, 40, 23, 10, 33, 43, 23, 13, 36, 49, 32, 28, 7, 35]...

======================================================================
Attention Layer Training Result Summary
======================================================================
Input sequence: [42, 18, 7, 25, 32, 4, 36, 40, 23, 10, 33, 43, 23, 13, 36, 49, 32, 28, 7, 35, 42, 24, 13, 37, 50, 34, 31, 12, 43, 2, 45, 47]

--- Layer 0 ---
  Head 0: Entropy=0.764
    Attention coefficients from each query position to previous positions:
      i= 0 -> j=0:1.000
      i= 1 -> j=0:0.136, j=1:0.864
      i= 2 -> j=0:0.014, j=1:0.136, j=2:0.850
      i= 3 -> j=0:0.002, j=1:0.012, j=2:0.121, j=3:0.865
      i= 4 -> j=0:0.001, j=1:0.002, j=2:0.014, j=3:0.130, j=4:0.853
      i= 5 -> j=0:0.001, j=1:0.001, j=2:0.002, j=3:0.013, j=4:0.140, j=5:0.845
      i= 6 -> j=0:0.001, j=1:0.001, j=2:0.001, j=3:0.002, j=4:0.015, j=5:0.133, j=6:0.848
      i= 7 -> j=0:0.001, j=1:0.001, j=2:0.001, j=3:0.001, j=4:0.003, j=5:0.015, j=6:0.145, j=7:0.833
      i= 8 -> j=0:0.001, j=1:0.001, j=2:0.001, j=3:0.001, j=4:0.001, j=5:0.002, j=6:0.014, j=7:0.134, j=8:0.846
      i= 9 -> j=0:0.000, j=1:0.001, j=2:0.001, j=3:0.001, j=4:0.000, j=5:0.001, j=6:0.002, j=7:0.012, j=8:0.122, j=9:0.861
      i=10 -> j=0:0.000, j=1:0.000, j=2:0.000, j=3:0.001, j=4:0.001, j=5:0.000, j=6:0.001, j=7:0.002, j=8:0.012, j=9:0.125, j=10:0.858
      i=11 -> j=0:0.001, j=1:0.000, j=2:0.000, j=3:0.001, j=4:0.001, j=5:0.001, j=6:0.001, j=7:0.001, j=8:0.002, j=9:0.013, j=10:0.128, j=11:0.851
      i=12 -> j=0:0.001, j=1:0.001, j=2:0.000, j=3:0.000, j=4:0.001, j=5:0.001, j=6:0.001, j=7:0.001, j=8:0.001, j=9:0.002, j=10:0.013, j=11:0.139, j=12:0.839
      i=13 -> j=0:0.002, j=1:0.001, j=2:0.001, j=3:0.000, j=4:0.001, j=5:0.001, j=6:0.001, j=7:0.001, j=8:0.001, j=9:0.001, j=10:0.002, j=11:0.014, j=12:0.125, j=13:0.850
      i=14 -> j=0:0.002, j=1:0.002, j=2:0.001, j=3:0.001, j=4:0.001, j=5:0.001, j=6:0.001, j=7:0.001, j=8:0.001, j=9:0.001, j=10:0.001, j=11:0.002, j=12:0.013, j=13:0.122, j=14:0.852
      i=15 -> j=0:0.001, j=1:0.001, j=2:0.001, j=3:0.000, j=4:0.000, j=5:0.000, j=6:0.000, j=7:0.001, j=8:0.001, j=9:0.000, j=10:0.000, j=11:0.001, j=12:0.002, j=13:0.012, j=14:0.133, j=15:0.846
      i=16 -> j=0:0.003, j=1:0.002, j=2:0.002, j=3:0.001, j=4:0.001, j=5:0.001, j=6:0.001, j=7:0.001, j=8:0.001, j=9:0.001, j=10:0.001, j=11:0.001, j=12:0.001, j=13:0.002, j=14:0.014, j=15:0.140, j=16:0.829
      i=17 -> j=0:0.006, j=1:0.003, j=2:0.002, j=3:0.002, j=4:0.002, j=5:0.001, j=6:0.001, j=7:0.001, j=8:0.001, j=9:0.001, j=10:0.001, j=11:0.001, j=12:0.001, j=13:0.001, j=14:0.002, j=15:0.014, j=16:0.134, j=17:0.827
      i=18 -> j=0:0.010, j=1:0.005, j=2:0.003, j=3:0.002, j=4:0.002, j=5:0.002, j=6:0.001, j=7:0.001, j=8:0.000, j=9:0.000, j=10:0.001, j=11:0.001, j=12:0.001, j=13:0.001, j=14:0.001, j=15:0.002, j=16:0.014, j=17:0.133, j=18:0.821
      i=19 -> j=0:0.011, j=1:0.007, j=2:0.004, j=3:0.002, j=4:0.002, j=5:0.001, j=6:0.001, j=7:0.001, j=8:0.000, j=9:0.000, j=10:0.000, j=11:0.001, j=12:0.001, j=13:0.001, j=14:0.001, j=15:0.000, j=16:0.002, j=17:0.012, j=18:0.126, j=19:0.828
      i=20 -> j=0:0.021, j=1:0.015, j=2:0.008, j=3:0.005, j=4:0.003, j=5:0.002, j=6:0.002, j=7:0.002, j=8:0.001, j=9:0.000, j=10:0.000, j=11:0.000, j=12:0.001, j=13:0.001, j=14:0.001, j=15:0.001, j=16:0.001, j=17:0.002, j=18:0.013, j=19:0.118, j=20:0.802
      i=21 -> j=0:0.016, j=1:0.016, j=2:0.012, j=3:0.007, j=4:0.004, j=5:0.003, j=6:0.002, j=7:0.002, j=8:0.001, j=9:0.001, j=10:0.000, j=11:0.000, j=12:0.000, j=13:0.001, j=14:0.001, j=15:0.001, j=16:0.001, j=17:0.001, j=18:0.002, j=19:0.012, j=20:0.125, j=21:0.791
      i=22 -> j=0:0.021, j=1:0.020, j=2:0.017, j=3:0.015, j=4:0.009, j=5:0.005, j=6:0.004, j=7:0.003, j=8:0.002, j=9:0.001, j=10:0.001, j=11:0.001, j=12:0.001, j=13:0.001, j=14:0.001, j=15:0.001, j=16:0.001, j=17:0.001, j=18:0.001, j=19:0.002, j=20:0.014, j=21:0.123, j=22:0.757
      i=23 -> j=0:0.014, j=1:0.012, j=2:0.010, j=3:0.010, j=4:0.008, j=5:0.006, j=6:0.003, j=7:0.002, j=8:0.001, j=9:0.001, j=10:0.001, j=11:0.000, j=12:0.000, j=13:0.000, j=14:0.000, j=15:0.000, j=16:0.001, j=17:0.001, j=18:0.000, j=19:0.000, j=20:0.002, j=21:0.009, j=22:0.110, j=23:0.807
      i=24 -> j=0:0.024, j=1:0.018, j=2:0.015, j=3:0.013, j=4:0.012, j=5:0.010, j=6:0.007, j=7:0.004, j=8:0.002, j=9:0.001, j=10:0.001, j=11:0.001, j=12:0.001, j=13:0.000, j=14:0.000, j=15:0.000, j=16:0.001, j=17:0.001, j=18:0.001, j=19:0.000, j=20:0.001, j=21:0.001, j=22:0.011, j=23:0.113, j=24:0.761
      i=25 -> j=0:0.026, j=1:0.022, j=2:0.017, j=3:0.014, j=4:0.013, j=5:0.012, j=6:0.011, j=7:0.007, j=8:0.004, j=9:0.002, j=10:0.001, j=11:0.001, j=12:0.001, j=13:0.001, j=14:0.000, j=15:0.000, j=16:0.000, j=17:0.001, j=18:0.001, j=19:0.001, j=20:0.001, j=21:0.000, j=22:0.002, j=23:0.012, j=24:0.121, j=25:0.728
      i=26 -> j=0:0.031, j=1:0.033, j=2:0.026, j=3:0.020, j=4:0.017, j=5:0.016, j=6:0.016, j=7:0.014, j=8:0.009, j=9:0.004, j=10:0.002, j=11:0.002, j=12:0.002, j=13:0.002, j=14:0.001, j=15:0.000, j=16:0.000, j=17:0.001, j=18:0.001, j=19:0.001, j=20:0.001, j=21:0.000, j=22:0.001, j=23:0.002, j=24:0.011, j=25:0.109, j=26:0.678
      i=27 -> j=0:0.022, j=1:0.025, j=2:0.022, j=3:0.018, j=4:0.013, j=5:0.010, j=6:0.009, j=7:0.010, j=8:0.007, j=9:0.004, j=10:0.002, j=11:0.001, j=12:0.001, j=13:0.001, j=14:0.001, j=15:0.000, j=16:0.000, j=17:0.000, j=18:0.000, j=19:0.000, j=20:0.001, j=21:0.000, j=22:0.000, j=23:0.000, j=24:0.001, j=25:0.011, j=26:0.107, j=27:0.731
      i=28 -> j=0:0.032, j=1:0.033, j=2:0.029, j=3:0.028, j=4:0.023, j=5:0.016, j=6:0.013, j=7:0.013, j=8:0.012, j=9:0.009, j=10:0.006, j=11:0.004, j=12:0.002, j=13:0.002, j=14:0.001, j=15:0.001, j=16:0.001, j=17:0.000, j=18:0.000, j=19:0.000, j=20:0.001, j=21:0.001, j=22:0.001, j=23:0.000, j=24:0.000, j=25:0.002, j=26:0.010, j=27:0.107, j=28:0.654
      i=29 -> j=0:0.033, j=1:0.028, j=2:0.022, j=3:0.024, j=4:0.022, j=5:0.018, j=6:0.012, j=7:0.011, j=8:0.011, j=9:0.010, j=10:0.008, j=11:0.005, j=12:0.003, j=13:0.002, j=14:0.001, j=15:0.001, j=16:0.001, j=17:0.001, j=18:0.000, j=19:0.000, j=20:0.000, j=21:0.000, j=22:0.001, j=23:0.000, j=24:0.000, j=25:0.001, j=26:0.001, j=27:0.011, j=28:0.108, j=29:0.665
      i=30 -> j=0:0.041, j=1:0.031, j=2:0.022, j=3:0.023, j=4:0.021, j=5:0.022, j=6:0.017, j=7:0.013, j=8:0.011, j=9:0.009, j=10:0.009, j=11:0.007, j=12:0.005, j=13:0.003, j=14:0.002, j=15:0.001, j=16:0.001, j=17:0.001, j=18:0.000, j=19:0.000, j=20:0.000, j=21:0.000, j=22:0.000, j=23:0.000, j=24:0.000, j=25:0.000, j=26:0.000, j=27:0.001, j=28:0.010, j=29:0.103, j=30:0.645
      i=31 -> j=0:0.048, j=1:0.048, j=2:0.035, j=3:0.027, j=4:0.023, j=5:0.023, j=6:0.021, j=7:0.018, j=8:0.013, j=9:0.011, j=10:0.010, j=11:0.010, j=12:0.008, j=13:0.005, j=14:0.003, j=15:0.002, j=16:0.001, j=17:0.001, j=18:0.001, j=19:0.000, j=20:0.000, j=21:0.000, j=22:0.000, j=23:0.000, j=24:0.000, j=25:0.001, j=26:0.000, j=27:0.000, j=28:0.001, j=29:0.010, j=30:0.094, j=31:0.584
    Average attention per distance:
      d=0:0.802, d=1:0.124, d=2:0.013, d=19:0.010, d=20:0.013, d=21:0.013, d=22:0.013, d=23:0.015
      d=24:0.021, d=25:0.025, d=26:0.026, d=27:0.025, d=28:0.027, d=29:0.033, d=30:0.045, d=31:0.048


======================================================================
QK Property Verification (Raw Scores, before Softmax)
======================================================================
Recurrence order init_len=2, num test sequences=1

--- [P1] Long-distance Orthogonality Verification ---
Ideal: raw_score mean ≈ 0 and small std when d > init_len

  Layer 0, Head 0:
    d= 1 (effective): mean=  1.440, std= 0.189, n=31
    d= 2 (effective): mean= -0.863, std= 0.146, n=30
    d>2 (long-distance): mean= -2.779, std= 1.450, n=435

--- [P2] Time-homogeneous Verification ---
Ideal: CV of raw_score across positions i ≈ 0 for fixed distance d
(CV = std / |mean|, smaller = more constant)

  Layer 0, Head 0:
    d= 1: mean=  1.440, std= 0.189, CV=0.131, n=31
    d= 2: mean= -0.863, std= 0.146, CV=0.170, n=30

======================================================================
QK Property Verification Completed
======================================================================
