=== Experiment: mixed_label_d128l1_r8_e60_50 ===
Time: 2026-06-26T03:56:09.760849
Task type: mixed_ab
Merged config: {
  "P": 53,
  "TASK": "mixed_ab",
  "NUM_MASK": 0,
  "A": 1,
  "B": 1,
  "AB_PAIRS": [
    [
      1,
      1
    ],
    [
      1,
      2
    ]
  ],
  "D_MODEL": 128,
  "N_HEAD": 1,
  "N_LAYER": 1,
  "BATCH_SIZE": 128,
  "EPOCHS": 10000,
  "LR": 0.0003,
  "SAVE_PATH": "models/mixed_label_d128l1_r8_e60_50.pth",
  "USE_GREEDY_GENERATE": true,
  "USE_LEARNABLE_PE": false,
  "MLP_RATIO": 8,
  "TRAIN_LEN": 16,
  "OOD_LEN": 32,
  "DROPOUT": 0.0,
  "TARGET_INIT_COVERAGE": 0.5,
  "MAX_UNIQUE_RATIO": 0.5,
  "WEIGHT_DECAY": 1,
  "ENTROPY_PENALTY_WEIGHT": 0.0,
  "FIRST_TASK_WEIGHT": 1.0,
  "RANDOM_SEED": 42,
  "EVAL_INTERVAL": 20,
  "EARLY_STOP_NO_IMPROVE": 1000,
  "EARLY_STOP_ACCURACY": 0.99,
  "SKIP_FINAL_GENERATION_TEST": true,
  "USE_AB_TAG": true,
  "USE_CONDITIONAL_WTE": false,
  "COND_WTE_SHARED_RATIO": 0.0,
  "MIXED_AB_MAX_UNIQUE_RATIOS": [
    0.6,
    0.5
  ]
}
--- output ---
Using device: cuda

[Dataset] Mixed mode: generated 3132 + 2486 samples, length 16
AB parameter pairs: [(1, 1), (1, 2)]
  - AB=(1,1): train 1728 | test 1081 | exposed ~61.5%
  - AB=(1,2): train 1404 | test 1405 | exposed ~50.0%
--------------------------------------------------
[Model config] block_size: 32, train length: 16
[Number theory] AB parameter pairs: [(1, 1), (1, 2)]


Model parameters: 0.35M

Start training...
Epoch   0 | Train: Loss=4.2435 Acc=3.1% | Test: Acc=0.4% | Best=0.4%(@0)
  from x2: 0.01 0.01 0.01 0.00 0.00 0.00 0.00 0.00 0.00 0.00 0.00 0.00 0.00 0.00
  per-rule acc: 0.00 0.00
Epoch  20 | Train: Loss=0.8882 Acc=94.7% | Test: Acc=2.8% | Best=2.8%(@20)
  from x2: 0.03 0.03 0.03 0.03 0.03 0.03 0.03 0.03 0.03 0.03 0.03 0.03 0.03 0.03
  per-rule acc: 0.03 0.03
Epoch  40 | Train: Loss=0.1898 Acc=98.6% | Test: Acc=2.5% | Best=2.8%(@20)
  from x2: 0.03 0.02 0.03 0.02 0.02 0.02 0.02 0.02 0.02 0.02 0.02 0.02 0.02 0.02
  per-rule acc: 0.03 0.02
Epoch  60 | Train: Loss=0.0993 Acc=99.2% | Test: Acc=2.3% | Best=2.8%(@20)
  from x2: 0.03 0.02 0.02 0.02 0.02 0.02 0.02 0.02 0.02 0.02 0.02 0.02 0.02 0.02
  per-rule acc: 0.03 0.02
Epoch  80 | Train: Loss=0.0686 Acc=99.5% | Test: Acc=2.5% | Best=2.8%(@20)
  from x2: 0.03 0.03 0.02 0.02 0.02 0.02 0.02 0.02 0.02 0.02 0.02 0.02 0.02 0.02
  per-rule acc: 0.03 0.02
Epoch 100 | Train: Loss=0.0536 Acc=99.7% | Test: Acc=2.6% | Best=2.8%(@20)
  from x2: 0.03 0.03 0.03 0.03 0.03 0.03 0.03 0.03 0.03 0.03 0.03 0.03 0.03 0.03
  per-rule acc: 0.03 0.02
Epoch 120 | Train: Loss=0.0809 Acc=99.7% | Test: Acc=2.9% | Best=2.9%(@120)
  from x2: 0.03 0.03 0.03 0.03 0.03 0.03 0.03 0.03 0.03 0.03 0.03 0.03 0.03 0.03
  per-rule acc: 0.04 0.02
Epoch 140 | Train: Loss=0.0766 Acc=99.7% | Test: Acc=3.2% | Best=3.2%(@140)
  from x2: 0.04 0.03 0.03 0.03 0.03 0.03 0.03 0.03 0.03 0.03 0.03 0.03 0.03 0.03
  per-rule acc: 0.04 0.03
Epoch 160 | Train: Loss=0.0514 Acc=99.7% | Test: Acc=3.0% | Best=3.2%(@140)
  from x2: 0.04 0.03 0.03 0.03 0.03 0.03 0.03 0.03 0.03 0.03 0.03 0.03 0.03 0.03
  per-rule acc: 0.04 0.03
Epoch 180 | Train: Loss=0.0733 Acc=99.7% | Test: Acc=3.3% | Best=3.3%(@180)
  from x2: 0.04 0.03 0.03 0.03 0.03 0.03 0.03 0.03 0.03 0.03 0.03 0.03 0.03 0.03
  per-rule acc: 0.04 0.03
Epoch 200 | Train: Loss=0.0599 Acc=99.8% | Test: Acc=3.5% | Best=3.5%(@200)
  from x2: 0.04 0.03 0.03 0.03 0.03 0.04 0.03 0.03 0.03 0.03 0.03 0.03 0.03 0.03
  per-rule acc: 0.04 0.03
Epoch 220 | Train: Loss=0.0571 Acc=99.8% | Test: Acc=3.7% | Best=3.7%(@220)
  from x2: 0.04 0.03 0.03 0.03 0.04 0.04 0.04 0.04 0.04 0.04 0.04 0.04 0.04 0.04
  per-rule acc: 0.05 0.03
Epoch 240 | Train: Loss=0.0390 Acc=99.8% | Test: Acc=3.7% | Best=3.7%(@240)
  from x2: 0.04 0.04 0.04 0.04 0.04 0.04 0.04 0.04 0.04 0.04 0.04 0.04 0.04 0.04
  per-rule acc: 0.05 0.03
Epoch 260 | Train: Loss=0.0551 Acc=99.8% | Test: Acc=4.0% | Best=4.0%(@260)
  from x2: 0.05 0.04 0.04 0.04 0.04 0.04 0.04 0.04 0.04 0.04 0.04 0.04 0.04 0.04
  per-rule acc: 0.05 0.03
Epoch 280 | Train: Loss=0.0397 Acc=99.8% | Test: Acc=4.3% | Best=4.3%(@280)
  from x2: 0.05 0.04 0.04 0.04 0.04 0.04 0.04 0.04 0.04 0.04 0.04 0.04 0.04 0.04
  per-rule acc: 0.06 0.03
Epoch 300 | Train: Loss=0.0345 Acc=99.8% | Test: Acc=4.4% | Best=4.4%(@300)
  from x2: 0.05 0.04 0.04 0.04 0.04 0.04 0.04 0.04 0.04 0.04 0.04 0.04 0.04 0.04
  per-rule acc: 0.06 0.03
Epoch 320 | Train: Loss=0.0487 Acc=99.8% | Test: Acc=4.8% | Best=4.8%(@320)
  from x2: 0.06 0.05 0.05 0.05 0.05 0.05 0.05 0.05 0.05 0.05 0.05 0.05 0.05 0.05
  per-rule acc: 0.07 0.03
Epoch 340 | Train: Loss=0.0385 Acc=99.8% | Test: Acc=5.3% | Best=5.3%(@340)
  from x2: 0.06 0.05 0.05 0.05 0.05 0.05 0.05 0.05 0.05 0.05 0.05 0.05 0.05 0.05
  per-rule acc: 0.08 0.03
Epoch 360 | Train: Loss=0.0473 Acc=99.8% | Test: Acc=5.4% | Best=5.4%(@360)
  from x2: 0.06 0.06 0.05 0.05 0.05 0.05 0.05 0.05 0.05 0.05 0.05 0.05 0.06 0.05
  per-rule acc: 0.08 0.04
Epoch 380 | Train: Loss=0.0357 Acc=99.9% | Test: Acc=5.9% | Best=5.9%(@380)
  from x2: 0.07 0.06 0.06 0.06 0.06 0.06 0.06 0.06 0.06 0.06 0.06 0.06 0.06 0.06
  per-rule acc: 0.09 0.04
Epoch 400 | Train: Loss=0.0467 Acc=99.8% | Test: Acc=6.8% | Best=6.8%(@400)
  from x2: 0.08 0.07 0.07 0.07 0.07 0.07 0.07 0.07 0.07 0.07 0.07 0.07 0.07 0.07
  per-rule acc: 0.10 0.04
Epoch 420 | Train: Loss=0.0472 Acc=99.8% | Test: Acc=7.2% | Best=7.2%(@420)
  from x2: 0.08 0.07 0.07 0.07 0.07 0.07 0.07 0.07 0.07 0.07 0.07 0.07 0.07 0.07
  per-rule acc: 0.11 0.04
Epoch 440 | Train: Loss=0.0404 Acc=99.8% | Test: Acc=8.2% | Best=8.2%(@440)
  from x2: 0.09 0.08 0.08 0.08 0.08 0.08 0.08 0.08 0.08 0.08 0.08 0.08 0.08 0.08
  per-rule acc: 0.13 0.05
Epoch 460 | Train: Loss=0.0524 Acc=99.7% | Test: Acc=9.7% | Best=9.7%(@460)
  from x2: 0.10 0.09 0.10 0.10 0.10 0.10 0.10 0.10 0.10 0.10 0.10 0.10 0.10 0.10
  per-rule acc: 0.13 0.07
Epoch 480 | Train: Loss=0.0387 Acc=99.8% | Test: Acc=10.3% | Best=10.3%(@480)
  from x2: 0.11 0.10 0.10 0.10 0.10 0.10 0.10 0.10 0.10 0.10 0.10 0.10 0.10 0.10
  per-rule acc: 0.16 0.06
Epoch 500 | Train: Loss=0.0277 Acc=99.9% | Test: Acc=12.6% | Best=12.6%(@500)
  from x2: 0.12 0.13 0.13 0.13 0.13 0.13 0.13 0.13 0.13 0.13 0.12 0.13 0.13 0.13
  per-rule acc: 0.19 0.07
Epoch 520 | Train: Loss=0.0360 Acc=99.9% | Test: Acc=16.2% | Best=16.2%(@520)
  from x2: 0.16 0.16 0.16 0.16 0.16 0.16 0.16 0.16 0.16 0.16 0.16 0.16 0.16 0.16
  per-rule acc: 0.24 0.10
Epoch 540 | Train: Loss=0.0167 Acc=100.0% | Test: Acc=25.4% | Best=25.4%(@540)
  from x2: 0.27 0.26 0.25 0.25 0.25 0.26 0.25 0.25 0.25 0.25 0.25 0.25 0.25 0.25
  per-rule acc: 0.35 0.18
Epoch 560 | Train: Loss=0.0127 Acc=100.0% | Test: Acc=41.0% | Best=41.0%(@560)
  from x2: 0.42 0.42 0.42 0.41 0.41 0.41 0.41 0.41 0.41 0.41 0.41 0.41 0.40 0.40
  per-rule acc: 0.54 0.31
Epoch 580 | Train: Loss=0.0096 Acc=100.0% | Test: Acc=65.5% | Best=65.5%(@580)
  from x2: 0.66 0.67 0.66 0.66 0.65 0.66 0.65 0.65 0.65 0.65 0.65 0.65 0.65 0.64
  per-rule acc: 0.78 0.56
Epoch 600 | Train: Loss=0.0075 Acc=100.0% | Test: Acc=88.5% | Best=88.5%(@600)
  from x2: 0.88 0.89 0.89 0.89 0.89 0.89 0.89 0.89 0.89 0.88 0.88 0.88 0.88 0.87
  per-rule acc: 0.97 0.82
Epoch 620 | Train: Loss=0.0061 Acc=100.0% | Test: Acc=97.9% | Best=97.9%(@620)
  from x2: 0.98 0.98 0.98 0.98 0.98 0.98 0.98 0.98 0.98 0.98 0.98 0.98 0.98 0.97
  per-rule acc: 1.00 0.96
Epoch 640 | Train: Loss=0.0050 Acc=100.0% | Test: Acc=99.8% | Best=99.8%(@640)
  from x2: 1.00 1.00 1.00 1.00 1.00 1.00 1.00 1.00 1.00 1.00 1.00 1.00 1.00 1.00
  per-rule acc: 1.00 1.00
[Early stop] Epoch 640: test set reached high accuracy

==================================================
Saving model...
[OK] Model saved to: /home/cxm/ai/test0626-unbalanced/models/mixed_label_d128l1_r8_e60_50.pth
  File size: 1364.7 KB
  Best test accuracy: 99.77%

[Config] SKIP_FINAL_GENERATION_TEST=true, skipping final generation test.

--- Return code: 0 ---

======================================================================
Attention Analysis
======================================================================
Model config: addition (default), p=53
Best test accuracy: 0.9976726813009998
Training epochs: 640

Random test sequence 1/5 (length 32): [32, 23, 2, 25, 27, 52, 26, 25, 51, 23, 21, 44, 12, 3, 15, 18, 33, 51, 31, 29]...

======================================================================
Attention Layer Training Result Summary
======================================================================
Input sequence: [32, 23, 2, 25, 27, 52, 26, 25, 51, 23, 21, 44, 12, 3, 15, 18, 33, 51, 31, 29, 7, 36, 43, 26, 16, 42, 5, 47, 52, 46, 45, 38]

--- Layer 0 ---
  Head 0: Entropy=0.639
    Attention coefficients from each query position to previous positions:
      i= 0 -> j=0:1.000
      i= 1 -> j=0:0.099, j=1:0.901
      i= 2 -> j=0:0.010, j=1:0.102, j=2:0.888
      i= 3 -> j=0:0.002, j=1:0.009, j=2:0.100, j=3:0.889
      i= 4 -> j=0:0.001, j=1:0.001, j=2:0.009, j=3:0.095, j=4:0.894
      i= 5 -> j=0:0.001, j=1:0.001, j=2:0.002, j=3:0.010, j=4:0.103, j=5:0.883
      i= 6 -> j=0:0.001, j=1:0.001, j=2:0.001, j=3:0.002, j=4:0.010, j=5:0.100, j=6:0.887
      i= 7 -> j=0:0.001, j=1:0.001, j=2:0.001, j=3:0.001, j=4:0.001, j=5:0.009, j=6:0.103, j=7:0.884
      i= 8 -> j=0:0.001, j=1:0.001, j=2:0.001, j=3:0.001, j=4:0.001, j=5:0.002, j=6:0.010, j=7:0.103, j=8:0.882
      i= 9 -> j=0:0.000, j=1:0.001, j=2:0.001, j=3:0.001, j=4:0.000, j=5:0.001, j=6:0.001, j=7:0.009, j=8:0.099, j=9:0.888
      i=10 -> j=0:0.000, j=1:0.000, j=2:0.001, j=3:0.001, j=4:0.001, j=5:0.001, j=6:0.001, j=7:0.002, j=8:0.010, j=9:0.105, j=10:0.880
      i=11 -> j=0:0.000, j=1:0.000, j=2:0.000, j=3:0.000, j=4:0.001, j=5:0.001, j=6:0.001, j=7:0.001, j=8:0.001, j=9:0.009, j=10:0.095, j=11:0.891
      i=12 -> j=0:0.001, j=1:0.001, j=2:0.000, j=3:0.000, j=4:0.001, j=5:0.001, j=6:0.001, j=7:0.001, j=8:0.001, j=9:0.002, j=10:0.010, j=11:0.104, j=12:0.878
      i=13 -> j=0:0.002, j=1:0.001, j=2:0.001, j=3:0.001, j=4:0.001, j=5:0.001, j=6:0.001, j=7:0.001, j=8:0.001, j=9:0.001, j=10:0.002, j=11:0.010, j=12:0.095, j=13:0.883
      i=14 -> j=0:0.001, j=1:0.001, j=2:0.001, j=3:0.001, j=4:0.000, j=5:0.000, j=6:0.001, j=7:0.001, j=8:0.001, j=9:0.001, j=10:0.001, j=11:0.002, j=12:0.011, j=13:0.102, j=14:0.877
      i=15 -> j=0:0.001, j=1:0.001, j=2:0.001, j=3:0.001, j=4:0.001, j=5:0.000, j=6:0.000, j=7:0.001, j=8:0.001, j=9:0.001, j=10:0.001, j=11:0.001, j=12:0.002, j=13:0.010, j=14:0.097, j=15:0.881
      i=16 -> j=0:0.001, j=1:0.001, j=2:0.001, j=3:0.001, j=4:0.000, j=5:0.000, j=6:0.000, j=7:0.000, j=8:0.000, j=9:0.001, j=10:0.001, j=11:0.001, j=12:0.001, j=13:0.001, j=14:0.008, j=15:0.095, j=16:0.888
      i=17 -> j=0:0.002, j=1:0.002, j=2:0.001, j=3:0.001, j=4:0.001, j=5:0.001, j=6:0.000, j=7:0.000, j=8:0.000, j=9:0.001, j=10:0.001, j=11:0.001, j=12:0.001, j=13:0.001, j=14:0.002, j=15:0.010, j=16:0.103, j=17:0.874
      i=18 -> j=0:0.005, j=1:0.002, j=2:0.001, j=3:0.001, j=4:0.001, j=5:0.001, j=6:0.001, j=7:0.000, j=8:0.000, j=9:0.000, j=10:0.001, j=11:0.001, j=12:0.001, j=13:0.001, j=14:0.001, j=15:0.001, j=16:0.009, j=17:0.101, j=18:0.873
      i=19 -> j=0:0.011, j=1:0.008, j=2:0.004, j=3:0.002, j=4:0.002, j=5:0.002, j=6:0.001, j=7:0.001, j=8:0.001, j=9:0.001, j=10:0.001, j=11:0.001, j=12:0.001, j=13:0.001, j=14:0.001, j=15:0.001, j=16:0.002, j=17:0.011, j=18:0.102, j=19:0.849
      i=20 -> j=0:0.007, j=1:0.006, j=2:0.004, j=3:0.002, j=4:0.001, j=5:0.001, j=6:0.001, j=7:0.001, j=8:0.001, j=9:0.000, j=10:0.000, j=11:0.000, j=12:0.001, j=13:0.001, j=14:0.001, j=15:0.001, j=16:0.001, j=17:0.002, j=18:0.010, j=19:0.096, j=20:0.866
      i=21 -> j=0:0.010, j=1:0.010, j=2:0.008, j=3:0.005, j=4:0.003, j=5:0.002, j=6:0.001, j=7:0.001, j=8:0.001, j=9:0.001, j=10:0.001, j=11:0.000, j=12:0.000, j=13:0.001, j=14:0.001, j=15:0.001, j=16:0.001, j=17:0.001, j=18:0.002, j=19:0.010, j=20:0.097, j=21:0.845
      i=22 -> j=0:0.010, j=1:0.009, j=2:0.007, j=3:0.006, j=4:0.004, j=5:0.002, j=6:0.001, j=7:0.001, j=8:0.001, j=9:0.001, j=10:0.001, j=11:0.000, j=12:0.000, j=13:0.000, j=14:0.000, j=15:0.001, j=16:0.001, j=17:0.001, j=18:0.001, j=19:0.002, j=20:0.009, j=21:0.099, j=22:0.843
      i=23 -> j=0:0.011, j=1:0.008, j=2:0.006, j=3:0.006, j=4:0.005, j=5:0.003, j=6:0.002, j=7:0.001, j=8:0.001, j=9:0.001, j=10:0.001, j=11:0.001, j=12:0.000, j=13:0.000, j=14:0.000, j=15:0.000, j=16:0.001, j=17:0.001, j=18:0.001, j=19:0.001, j=20:0.001, j=21:0.008, j=22:0.092, j=23:0.849
      i=24 -> j=0:0.034, j=1:0.022, j=2:0.017, j=3:0.015, j=4:0.013, j=5:0.012, j=6:0.007, j=7:0.004, j=8:0.002, j=9:0.002, j=10:0.002, j=11:0.001, j=12:0.001, j=13:0.001, j=14:0.001, j=15:0.001, j=16:0.001, j=17:0.001, j=18:0.001, j=19:0.001, j=20:0.001, j=21:0.002, j=22:0.009, j=23:0.087, j=24:0.763
      i=25 -> j=0:0.028, j=1:0.022, j=2:0.017, j=3:0.013, j=4:0.010, j=5:0.010, j=6:0.008, j=7:0.005, j=8:0.003, j=9:0.002, j=10:0.001, j=11:0.001, j=12:0.001, j=13:0.001, j=14:0.001, j=15:0.000, j=16:0.000, j=17:0.001, j=18:0.001, j=19:0.001, j=20:0.001, j=21:0.001, j=22:0.002, j=23:0.009, j=24:0.084, j=25:0.781
      i=26 -> j=0:0.030, j=1:0.026, j=2:0.023, j=3:0.016, j=4:0.010, j=5:0.010, j=6:0.008, j=7:0.007, j=8:0.005, j=9:0.003, j=10:0.001, j=11:0.001, j=12:0.001, j=13:0.001, j=14:0.001, j=15:0.000, j=16:0.000, j=17:0.000, j=18:0.001, j=19:0.001, j=20:0.001, j=21:0.001, j=22:0.001, j=23:0.002, j=24:0.008, j=25:0.090, j=26:0.754
      i=27 -> j=0:0.025, j=1:0.023, j=2:0.023, j=3:0.017, j=4:0.011, j=5:0.010, j=6:0.008, j=7:0.007, j=8:0.006, j=9:0.005, j=10:0.003, j=11:0.001, j=12:0.001, j=13:0.001, j=14:0.001, j=15:0.001, j=16:0.000, j=17:0.000, j=18:0.000, j=19:0.001, j=20:0.001, j=21:0.001, j=22:0.001, j=23:0.001, j=24:0.001, j=25:0.009, j=26:0.083, j=27:0.759
      i=28 -> j=0:0.026, j=1:0.021, j=2:0.021, j=3:0.019, j=4:0.015, j=5:0.014, j=6:0.008, j=7:0.008, j=8:0.007, j=9:0.006, j=10:0.004, j=11:0.002, j=12:0.001, j=13:0.001, j=14:0.001, j=15:0.001, j=16:0.000, j=17:0.000, j=18:0.000, j=19:0.000, j=20:0.000, j=21:0.001, j=22:0.001, j=23:0.001, j=24:0.001, j=25:0.001, j=26:0.008, j=27:0.079, j=28:0.752
      i=29 -> j=0:0.025, j=1:0.018, j=2:0.016, j=3:0.014, j=4:0.013, j=5:0.012, j=6:0.008, j=7:0.006, j=8:0.005, j=9:0.005, j=10:0.003, j=11:0.002, j=12:0.001, j=13:0.001, j=14:0.000, j=15:0.000, j=16:0.000, j=17:0.000, j=18:0.000, j=19:0.000, j=20:0.000, j=21:0.000, j=22:0.001, j=23:0.000, j=24:0.000, j=25:0.000, j=26:0.001, j=27:0.007, j=28:0.085, j=29:0.773
      i=30 -> j=0:0.035, j=1:0.025, j=2:0.019, j=3:0.016, j=4:0.016, j=5:0.017, j=6:0.013, j=7:0.010, j=8:0.007, j=9:0.006, j=10:0.004, j=11:0.004, j=12:0.003, j=13:0.002, j=14:0.001, j=15:0.001, j=16:0.000, j=17:0.000, j=18:0.000, j=19:0.000, j=20:0.000, j=21:0.000, j=22:0.000, j=23:0.000, j=24:0.000, j=25:0.000, j=26:0.000, j=27:0.001, j=28:0.008, j=29:0.084, j=30:0.726
      i=31 -> j=0:0.056, j=1:0.048, j=2:0.038, j=3:0.030, j=4:0.025, j=5:0.027, j=6:0.026, j=7:0.023, j=8:0.017, j=9:0.012, j=10:0.010, j=11:0.009, j=12:0.008, j=13:0.006, j=14:0.003, j=15:0.002, j=16:0.001, j=17:0.001, j=18:0.001, j=19:0.001, j=20:0.001, j=21:0.000, j=22:0.001, j=23:0.001, j=24:0.001, j=25:0.001, j=26:0.001, j=27:0.001, j=28:0.001, j=29:0.007, j=30:0.064, j=31:0.578
    Average attention per distance:
      d=0:0.846, d=1:0.095, d=23:0.014, d=24:0.020, d=25:0.022, d=26:0.022, d=27:0.021, d=28:0.023
      d=29:0.030, d=30:0.042, d=31:0.056


======================================================================
QK Property Verification (Raw Scores, before Softmax)
======================================================================
Recurrence order init_len=2, num test sequences=1

--- [P1] Long-distance Orthogonality Verification ---
Ideal: raw_score mean ≈ 0 and small std when d > init_len

  Layer 0, Head 0:
    d= 1 (effective): mean=  1.152, std= 0.191, n=31
    d= 2 (effective): mean= -1.190, std= 0.154, n=30
    d>2 (long-distance): mean= -3.033, std= 1.297, n=435

--- [P2] Time-homogeneous Verification ---
Ideal: CV of raw_score across positions i ≈ 0 for fixed distance d
(CV = std / |mean|, smaller = more constant)

  Layer 0, Head 0:
    d= 1: mean=  1.152, std= 0.191, CV=0.166, n=31
    d= 2: mean= -1.190, std= 0.154, CV=0.129, n=30

======================================================================
QK Property Verification Completed
======================================================================
