=== Experiment: mixed_cond_d128l1_r8_e50_70 ===
Time: 2026-06-26T01:25:08.708039
Task type: mixed_ab
Merged config: {
  "P": 53,
  "TASK": "mixed_ab",
  "NUM_MASK": 0,
  "A": 1,
  "B": 1,
  "AB_PAIRS": [
    [
      1,
      1
    ],
    [
      1,
      2
    ]
  ],
  "D_MODEL": 128,
  "N_HEAD": 1,
  "N_LAYER": 1,
  "BATCH_SIZE": 128,
  "EPOCHS": 10000,
  "LR": 0.0003,
  "SAVE_PATH": "models/mixed_cond_d128l1_r8_e50_70.pth",
  "USE_GREEDY_GENERATE": true,
  "USE_LEARNABLE_PE": false,
  "MLP_RATIO": 8,
  "TRAIN_LEN": 16,
  "OOD_LEN": 32,
  "DROPOUT": 0.0,
  "TARGET_INIT_COVERAGE": 0.5,
  "MAX_UNIQUE_RATIO": 0.5,
  "WEIGHT_DECAY": 1,
  "ENTROPY_PENALTY_WEIGHT": 0.0,
  "FIRST_TASK_WEIGHT": 1.0,
  "RANDOM_SEED": 42,
  "EVAL_INTERVAL": 20,
  "EARLY_STOP_NO_IMPROVE": 1000,
  "EARLY_STOP_ACCURACY": 0.99,
  "SKIP_FINAL_GENERATION_TEST": true,
  "USE_AB_TAG": false,
  "USE_CONDITIONAL_WTE": true,
  "COND_WTE_SHARED_RATIO": 0.0,
  "MIXED_AB_MAX_UNIQUE_RATIOS": [
    0.5,
    0.7
  ]
}
--- output ---
Using device: cuda

[Dataset] Mixed mode: generated 3382 + 2236 samples, length 16
AB parameter pairs: [(1, 1), (1, 2)]
  - AB=(1,1): train 1404 | test 1405 | exposed ~50.0%
  - AB=(1,2): train 1978 | test 831 | exposed ~70.4%
--------------------------------------------------
[Model config] block_size: 32, train length: 16
[Number theory] AB parameter pairs: [(1, 1), (1, 2)]


Model parameters: 0.36M

Start training...
Epoch   0 | Train: Loss=4.1827 Acc=3.1% | Test: Acc=0.1% | Best=0.1%(@0)
  from x3: 0.00 0.00 0.00 0.00 0.00 0.00 0.00 0.00 0.00 0.00 0.00 0.00 0.00
  per-rule acc: 0.00 0.00
Epoch  20 | Train: Loss=0.8884 Acc=96.3% | Test: Acc=0.2% | Best=0.2%(@20)
  from x3: 0.01 0.00 0.00 0.00 0.00 0.00 0.00 0.00 0.00 0.00 0.00 0.00 0.00
  per-rule acc: 0.00 0.00
Epoch  40 | Train: Loss=0.1470 Acc=99.1% | Test: Acc=0.8% | Best=0.8%(@40)
  from x3: 0.01 0.01 0.01 0.01 0.01 0.01 0.01 0.01 0.01 0.01 0.01 0.01 0.01
  per-rule acc: 0.01 0.01
Epoch  60 | Train: Loss=0.0674 Acc=99.4% | Test: Acc=1.1% | Best=1.1%(@60)
  from x3: 0.02 0.01 0.01 0.01 0.01 0.01 0.01 0.01 0.01 0.01 0.01 0.01 0.01
  per-rule acc: 0.01 0.01
Epoch  80 | Train: Loss=0.0479 Acc=99.6% | Test: Acc=1.4% | Best=1.4%(@80)
  from x3: 0.02 0.02 0.01 0.01 0.01 0.01 0.01 0.01 0.01 0.01 0.01 0.01 0.01
  per-rule acc: 0.01 0.01
Epoch 100 | Train: Loss=0.0391 Acc=99.8% | Test: Acc=1.7% | Best=1.7%(@100)
  from x3: 0.02 0.02 0.02 0.02 0.02 0.02 0.02 0.02 0.02 0.02 0.02 0.02 0.02
  per-rule acc: 0.02 0.02
Epoch 120 | Train: Loss=0.0323 Acc=99.8% | Test: Acc=1.9% | Best=1.9%(@120)
  from x3: 0.02 0.02 0.02 0.02 0.02 0.02 0.02 0.02 0.02 0.02 0.02 0.02 0.02
  per-rule acc: 0.02 0.02
Epoch 140 | Train: Loss=0.0267 Acc=99.9% | Test: Acc=1.8% | Best=1.9%(@120)
  from x3: 0.02 0.02 0.02 0.02 0.02 0.02 0.02 0.02 0.02 0.02 0.02 0.02 0.02
  per-rule acc: 0.02 0.02
Epoch 160 | Train: Loss=0.0219 Acc=100.0% | Test: Acc=1.9% | Best=1.9%(@160)
  from x3: 0.02 0.02 0.02 0.02 0.02 0.02 0.02 0.02 0.02 0.02 0.02 0.02 0.02
  per-rule acc: 0.02 0.02
Epoch 180 | Train: Loss=0.0182 Acc=100.0% | Test: Acc=2.1% | Best=2.1%(@180)
  from x3: 0.02 0.02 0.02 0.02 0.02 0.02 0.02 0.02 0.02 0.02 0.02 0.02 0.02
  per-rule acc: 0.02 0.03
Epoch 200 | Train: Loss=0.1072 Acc=100.0% | Test: Acc=2.1% | Best=2.1%(@180)
  from x3: 0.02 0.02 0.02 0.02 0.02 0.02 0.02 0.02 0.02 0.02 0.02 0.02 0.02
  per-rule acc: 0.02 0.03
Epoch 220 | Train: Loss=0.0220 Acc=100.0% | Test: Acc=2.7% | Best=2.7%(@220)
  from x3: 0.03 0.03 0.03 0.03 0.03 0.03 0.03 0.03 0.03 0.03 0.03 0.03 0.03
  per-rule acc: 0.02 0.04
Epoch 240 | Train: Loss=0.0163 Acc=100.0% | Test: Acc=2.9% | Best=2.9%(@240)
  from x3: 0.03 0.03 0.03 0.03 0.03 0.03 0.03 0.03 0.03 0.03 0.03 0.03 0.03
  per-rule acc: 0.02 0.05
Epoch 260 | Train: Loss=0.0169 Acc=100.0% | Test: Acc=3.6% | Best=3.6%(@260)
  from x3: 0.03 0.03 0.04 0.04 0.04 0.04 0.04 0.04 0.04 0.04 0.04 0.04 0.04
  per-rule acc: 0.02 0.06
Epoch 280 | Train: Loss=0.0157 Acc=100.0% | Test: Acc=4.6% | Best=4.6%(@280)
  from x3: 0.05 0.04 0.04 0.04 0.04 0.05 0.05 0.05 0.05 0.05 0.05 0.05 0.05
  per-rule acc: 0.02 0.09
Epoch 300 | Train: Loss=0.0142 Acc=99.9% | Test: Acc=6.3% | Best=6.3%(@300)
  from x3: 0.07 0.06 0.06 0.06 0.06 0.06 0.06 0.06 0.06 0.06 0.06 0.06 0.06
  per-rule acc: 0.02 0.13
Epoch 320 | Train: Loss=0.0135 Acc=100.0% | Test: Acc=8.8% | Best=8.8%(@320)
  from x3: 0.09 0.09 0.09 0.09 0.09 0.09 0.09 0.09 0.09 0.09 0.09 0.09 0.09
  per-rule acc: 0.02 0.19
Epoch 340 | Train: Loss=0.0114 Acc=100.0% | Test: Acc=12.3% | Best=12.3%(@340)
  from x3: 0.13 0.12 0.12 0.12 0.12 0.12 0.12 0.12 0.12 0.12 0.12 0.12 0.12
  per-rule acc: 0.02 0.29
Epoch 360 | Train: Loss=0.0104 Acc=100.0% | Test: Acc=18.5% | Best=18.5%(@360)
  from x3: 0.20 0.19 0.18 0.18 0.18 0.18 0.18 0.18 0.18 0.18 0.18 0.18 0.18
  per-rule acc: 0.02 0.46
Epoch 380 | Train: Loss=0.0276 Acc=100.0% | Test: Acc=28.5% | Best=28.5%(@380)
  from x3: 0.29 0.28 0.28 0.28 0.28 0.28 0.28 0.28 0.28 0.28 0.28 0.28 0.28
  per-rule acc: 0.02 0.73
Epoch 400 | Train: Loss=0.0112 Acc=100.0% | Test: Acc=31.4% | Best=31.4%(@400)
  from x3: 0.32 0.31 0.32 0.32 0.31 0.31 0.31 0.31 0.31 0.31 0.31 0.31 0.31
  per-rule acc: 0.03 0.80
Epoch 420 | Train: Loss=0.0128 Acc=100.0% | Test: Acc=34.1% | Best=34.1%(@420)
  from x3: 0.35 0.34 0.34 0.34 0.34 0.34 0.34 0.34 0.34 0.34 0.34 0.34 0.34
  per-rule acc: 0.03 0.87
Epoch 440 | Train: Loss=0.0331 Acc=100.0% | Test: Acc=36.8% | Best=36.8%(@440)
  from x3: 0.37 0.37 0.37 0.37 0.37 0.37 0.37 0.37 0.37 0.37 0.37 0.37 0.37
  per-rule acc: 0.03 0.95
Epoch 460 | Train: Loss=0.0148 Acc=99.9% | Test: Acc=38.1% | Best=38.1%(@460)
  from x3: 0.39 0.38 0.38 0.38 0.38 0.38 0.38 0.38 0.38 0.38 0.38 0.38 0.38
  per-rule acc: 0.04 0.97
Epoch 480 | Train: Loss=0.0136 Acc=100.0% | Test: Acc=39.2% | Best=39.2%(@480)
  from x3: 0.39 0.39 0.39 0.39 0.39 0.39 0.39 0.39 0.39 0.39 0.39 0.39 0.39
  per-rule acc: 0.04 0.98
Epoch 500 | Train: Loss=0.0109 Acc=99.9% | Test: Acc=39.4% | Best=39.4%(@500)
  from x3: 0.40 0.39 0.39 0.39 0.39 0.39 0.39 0.39 0.39 0.39 0.39 0.39 0.39
  per-rule acc: 0.04 0.99
Epoch 520 | Train: Loss=0.0084 Acc=100.0% | Test: Acc=40.7% | Best=40.7%(@520)
  from x3: 0.41 0.41 0.41 0.41 0.41 0.41 0.41 0.41 0.41 0.41 0.41 0.41 0.41
  per-rule acc: 0.06 1.00
Epoch 540 | Train: Loss=0.0083 Acc=100.0% | Test: Acc=41.2% | Best=41.2%(@540)
  from x3: 0.41 0.41 0.41 0.41 0.41 0.41 0.41 0.41 0.41 0.41 0.41 0.41 0.41
  per-rule acc: 0.06 1.00
Epoch 560 | Train: Loss=0.0097 Acc=100.0% | Test: Acc=43.3% | Best=43.3%(@560)
  from x3: 0.43 0.43 0.43 0.43 0.43 0.43 0.43 0.43 0.43 0.43 0.43 0.43 0.43
  per-rule acc: 0.10 1.00
Epoch 580 | Train: Loss=0.0076 Acc=100.0% | Test: Acc=44.9% | Best=44.9%(@580)
  from x3: 0.45 0.45 0.45 0.45 0.45 0.45 0.45 0.45 0.45 0.45 0.45 0.45 0.45
  per-rule acc: 0.12 1.00
Epoch 600 | Train: Loss=0.0090 Acc=99.9% | Test: Acc=47.5% | Best=47.5%(@600)
  from x3: 0.47 0.47 0.47 0.47 0.47 0.48 0.48 0.48 0.48 0.48 0.48 0.48 0.48
  per-rule acc: 0.16 1.00
Epoch 620 | Train: Loss=0.0090 Acc=100.0% | Test: Acc=50.2% | Best=50.2%(@620)
  from x3: 0.49 0.50 0.50 0.50 0.50 0.50 0.50 0.50 0.50 0.50 0.50 0.50 0.50
  per-rule acc: 0.21 1.00
Epoch 640 | Train: Loss=0.0091 Acc=100.0% | Test: Acc=53.5% | Best=53.5%(@640)
  from x3: 0.53 0.53 0.53 0.53 0.54 0.54 0.54 0.54 0.54 0.54 0.54 0.54 0.53
  per-rule acc: 0.26 1.00
Epoch 660 | Train: Loss=0.0091 Acc=100.0% | Test: Acc=55.1% | Best=55.1%(@660)
  from x3: 0.54 0.55 0.55 0.55 0.55 0.55 0.55 0.55 0.55 0.55 0.55 0.55 0.55
  per-rule acc: 0.29 1.00
Epoch 680 | Train: Loss=0.0092 Acc=99.9% | Test: Acc=59.9% | Best=59.9%(@680)
  from x3: 0.59 0.60 0.60 0.60 0.60 0.60 0.60 0.60 0.60 0.60 0.60 0.60 0.60
  per-rule acc: 0.36 1.00
Epoch 700 | Train: Loss=0.0090 Acc=100.0% | Test: Acc=63.5% | Best=63.5%(@700)
  from x3: 0.63 0.64 0.64 0.64 0.63 0.63 0.64 0.63 0.63 0.63 0.63 0.64 0.64
  per-rule acc: 0.42 1.00
Epoch 720 | Train: Loss=0.0099 Acc=99.9% | Test: Acc=66.5% | Best=66.5%(@720)
  from x3: 0.65 0.66 0.66 0.66 0.67 0.67 0.67 0.67 0.67 0.67 0.67 0.67 0.67
  per-rule acc: 0.47 1.00
Epoch 740 | Train: Loss=0.0068 Acc=100.0% | Test: Acc=73.4% | Best=73.4%(@740)
  from x3: 0.73 0.73 0.73 0.73 0.73 0.73 0.73 0.74 0.74 0.74 0.73 0.73 0.73
  per-rule acc: 0.58 1.00
Epoch 760 | Train: Loss=0.0101 Acc=99.9% | Test: Acc=74.0% | Best=74.0%(@760)
  from x3: 0.73 0.74 0.74 0.74 0.74 0.74 0.74 0.74 0.74 0.74 0.74 0.74 0.74
  per-rule acc: 0.59 1.00
Epoch 780 | Train: Loss=0.0102 Acc=99.9% | Test: Acc=77.4% | Best=77.4%(@780)
  from x3: 0.77 0.77 0.77 0.77 0.77 0.77 0.78 0.78 0.78 0.77 0.78 0.78 0.78
  per-rule acc: 0.64 1.00
Epoch 800 | Train: Loss=0.0051 Acc=100.0% | Test: Acc=82.3% | Best=82.3%(@800)
  from x3: 0.83 0.82 0.82 0.82 0.82 0.82 0.82 0.82 0.82 0.82 0.82 0.82 0.82
  per-rule acc: 0.72 1.00
Epoch 820 | Train: Loss=0.0059 Acc=100.0% | Test: Acc=83.2% | Best=83.2%(@820)
  from x3: 0.84 0.83 0.83 0.83 0.83 0.83 0.83 0.83 0.83 0.83 0.83 0.83 0.83
  per-rule acc: 0.73 1.00
Epoch 840 | Train: Loss=0.0052 Acc=100.0% | Test: Acc=85.1% | Best=85.1%(@840)
  from x3: 0.85 0.85 0.85 0.85 0.85 0.85 0.85 0.85 0.85 0.85 0.85 0.85 0.85
  per-rule acc: 0.76 1.00
Epoch 860 | Train: Loss=0.0052 Acc=100.0% | Test: Acc=85.5% | Best=85.5%(@860)
  from x3: 0.86 0.86 0.86 0.85 0.85 0.85 0.85 0.86 0.85 0.85 0.85 0.85 0.85
  per-rule acc: 0.77 1.00
Epoch 880 | Train: Loss=0.0055 Acc=100.0% | Test: Acc=87.0% | Best=87.0%(@880)
  from x3: 0.88 0.87 0.87 0.87 0.87 0.87 0.87 0.87 0.87 0.87 0.87 0.87 0.87
  per-rule acc: 0.79 1.00
Epoch 900 | Train: Loss=0.0053 Acc=100.0% | Test: Acc=87.1% | Best=87.1%(@900)
  from x3: 0.88 0.87 0.87 0.87 0.87 0.87 0.87 0.87 0.87 0.87 0.87 0.87 0.87
  per-rule acc: 0.79 1.00
Epoch 920 | Train: Loss=0.0060 Acc=100.0% | Test: Acc=88.2% | Best=88.2%(@920)
  from x3: 0.89 0.88 0.88 0.88 0.88 0.88 0.88 0.88 0.88 0.88 0.88 0.88 0.88
  per-rule acc: 0.81 1.00
Epoch 940 | Train: Loss=0.0054 Acc=100.0% | Test: Acc=88.8% | Best=88.8%(@940)
  from x3: 0.89 0.89 0.89 0.89 0.89 0.89 0.89 0.89 0.89 0.89 0.89 0.89 0.89
  per-rule acc: 0.82 1.00
Epoch 960 | Train: Loss=0.0085 Acc=100.0% | Test: Acc=89.5% | Best=89.5%(@960)
  from x3: 0.90 0.89 0.89 0.89 0.89 0.89 0.89 0.89 0.89 0.89 0.89 0.89 0.90
  per-rule acc: 0.83 1.00
Epoch 980 | Train: Loss=0.0047 Acc=100.0% | Test: Acc=90.0% | Best=90.0%(@980)
  from x3: 0.90 0.90 0.90 0.90 0.90 0.90 0.90 0.90 0.90 0.90 0.90 0.90 0.90
  per-rule acc: 0.84 1.00
Epoch 1000 | Train: Loss=0.0043 Acc=100.0% | Test: Acc=90.0% | Best=90.0%(@980)
  from x3: 0.91 0.90 0.90 0.90 0.90 0.90 0.90 0.90 0.90 0.90 0.90 0.90 0.90
  per-rule acc: 0.84 1.00
Epoch 1020 | Train: Loss=0.0054 Acc=100.0% | Test: Acc=89.7% | Best=90.0%(@980)
  from x3: 0.91 0.90 0.90 0.90 0.90 0.90 0.90 0.90 0.90 0.90 0.90 0.90 0.89
  per-rule acc: 0.84 1.00
Epoch 1040 | Train: Loss=0.0055 Acc=100.0% | Test: Acc=90.7% | Best=90.7%(@1040)
  from x3: 0.91 0.91 0.91 0.91 0.91 0.91 0.91 0.91 0.91 0.91 0.91 0.91 0.91
  per-rule acc: 0.85 1.00
Epoch 1060 | Train: Loss=0.0039 Acc=100.0% | Test: Acc=91.1% | Best=91.1%(@1060)
  from x3: 0.92 0.91 0.91 0.91 0.91 0.91 0.91 0.91 0.91 0.91 0.91 0.91 0.91
  per-rule acc: 0.86 1.00
Epoch 1080 | Train: Loss=0.0052 Acc=100.0% | Test: Acc=91.4% | Best=91.4%(@1080)
  from x3: 0.92 0.91 0.91 0.91 0.91 0.91 0.91 0.91 0.91 0.91 0.91 0.91 0.91
  per-rule acc: 0.86 1.00
Epoch 1100 | Train: Loss=0.0058 Acc=100.0% | Test: Acc=91.6% | Best=91.6%(@1100)
  from x3: 0.92 0.91 0.92 0.92 0.92 0.92 0.92 0.92 0.92 0.92 0.92 0.92 0.92
  per-rule acc: 0.87 1.00
Epoch 1120 | Train: Loss=0.0039 Acc=100.0% | Test: Acc=91.9% | Best=91.9%(@1120)
  from x3: 0.92 0.92 0.92 0.92 0.92 0.92 0.92 0.92 0.92 0.92 0.92 0.92 0.92
  per-rule acc: 0.87 1.00
Epoch 1140 | Train: Loss=0.0081 Acc=99.9% | Test: Acc=91.0% | Best=91.9%(@1120)
  from x3: 0.91 0.91 0.91 0.91 0.91 0.91 0.91 0.91 0.91 0.91 0.91 0.91 0.91
  per-rule acc: 0.86 1.00
Epoch 1160 | Train: Loss=0.0042 Acc=100.0% | Test: Acc=91.6% | Best=91.9%(@1120)
  from x3: 0.92 0.91 0.92 0.92 0.92 0.92 0.92 0.92 0.92 0.92 0.92 0.92 0.92
  per-rule acc: 0.87 1.00
Epoch 1180 | Train: Loss=0.0024 Acc=100.0% | Test: Acc=91.9% | Best=91.9%(@1180)
  from x3: 0.93 0.92 0.92 0.92 0.92 0.92 0.92 0.92 0.92 0.92 0.92 0.92 0.92
  per-rule acc: 0.87 1.00
Epoch 1200 | Train: Loss=0.0037 Acc=100.0% | Test: Acc=91.7% | Best=91.9%(@1180)
  from x3: 0.92 0.92 0.92 0.92 0.92 0.92 0.92 0.92 0.92 0.92 0.92 0.92 0.92
  per-rule acc: 0.87 1.00
Epoch 1220 | Train: Loss=0.0049 Acc=100.0% | Test: Acc=91.8% | Best=91.9%(@1180)
  from x3: 0.92 0.92 0.92 0.92 0.92 0.92 0.92 0.92 0.92 0.92 0.92 0.92 0.92
  per-rule acc: 0.87 1.00
Epoch 1240 | Train: Loss=0.0051 Acc=100.0% | Test: Acc=91.7% | Best=91.9%(@1180)
  from x3: 0.92 0.92 0.92 0.92 0.92 0.92 0.92 0.92 0.92 0.92 0.92 0.92 0.92
  per-rule acc: 0.87 1.00
Epoch 1260 | Train: Loss=0.0059 Acc=100.0% | Test: Acc=92.4% | Best=92.4%(@1260)
  from x3: 0.93 0.92 0.92 0.92 0.92 0.92 0.92 0.92 0.92 0.92 0.92 0.92 0.92
  per-rule acc: 0.88 1.00
Epoch 1280 | Train: Loss=0.0034 Acc=100.0% | Test: Acc=92.7% | Best=92.7%(@1280)
  from x3: 0.94 0.93 0.93 0.93 0.93 0.93 0.93 0.93 0.93 0.93 0.93 0.93 0.93
  per-rule acc: 0.88 1.00
Epoch 1300 | Train: Loss=0.0035 Acc=100.0% | Test: Acc=92.7% | Best=92.7%(@1280)
  from x3: 0.93 0.93 0.93 0.93 0.93 0.93 0.93 0.93 0.93 0.93 0.93 0.93 0.93
  per-rule acc: 0.88 1.00
Epoch 1320 | Train: Loss=0.0033 Acc=100.0% | Test: Acc=93.2% | Best=93.2%(@1320)
  from x3: 0.93 0.93 0.93 0.93 0.93 0.93 0.93 0.93 0.93 0.93 0.93 0.93 0.93
  per-rule acc: 0.89 1.00
Epoch 1340 | Train: Loss=0.0037 Acc=100.0% | Test: Acc=92.6% | Best=93.2%(@1320)
  from x3: 0.93 0.93 0.92 0.92 0.93 0.93 0.93 0.93 0.93 0.93 0.93 0.93 0.93
  per-rule acc: 0.88 1.00
Epoch 1360 | Train: Loss=0.0062 Acc=100.0% | Test: Acc=93.3% | Best=93.3%(@1360)
  from x3: 0.94 0.93 0.93 0.93 0.93 0.93 0.93 0.93 0.93 0.93 0.93 0.93 0.93
  per-rule acc: 0.89 1.00
Epoch 1380 | Train: Loss=0.0029 Acc=100.0% | Test: Acc=94.0% | Best=94.0%(@1380)
  from x3: 0.95 0.94 0.94 0.94 0.94 0.94 0.94 0.94 0.94 0.94 0.94 0.94 0.94
  per-rule acc: 0.90 1.00
Epoch 1400 | Train: Loss=0.0027 Acc=100.0% | Test: Acc=94.1% | Best=94.1%(@1400)
  from x3: 0.95 0.94 0.94 0.94 0.94 0.94 0.94 0.94 0.94 0.94 0.94 0.94 0.94
  per-rule acc: 0.91 1.00
Epoch 1420 | Train: Loss=0.0036 Acc=100.0% | Test: Acc=93.3% | Best=94.1%(@1400)
  from x3: 0.94 0.93 0.93 0.93 0.93 0.93 0.93 0.93 0.93 0.93 0.93 0.93 0.93
  per-rule acc: 0.89 1.00
Epoch 1440 | Train: Loss=0.0023 Acc=100.0% | Test: Acc=94.3% | Best=94.3%(@1440)
  from x3: 0.95 0.94 0.94 0.94 0.94 0.94 0.94 0.94 0.94 0.94 0.94 0.94 0.94
  per-rule acc: 0.91 1.00
Epoch 1460 | Train: Loss=0.0065 Acc=99.9% | Test: Acc=93.6% | Best=94.3%(@1440)
  from x3: 0.94 0.94 0.93 0.93 0.94 0.94 0.94 0.94 0.94 0.94 0.94 0.94 0.93
  per-rule acc: 0.90 1.00
Epoch 1480 | Train: Loss=0.0022 Acc=100.0% | Test: Acc=94.5% | Best=94.5%(@1480)
  from x3: 0.95 0.94 0.94 0.94 0.94 0.94 0.94 0.94 0.94 0.94 0.94 0.94 0.94
  per-rule acc: 0.91 1.00
Epoch 1500 | Train: Loss=0.0019 Acc=100.0% | Test: Acc=94.9% | Best=94.9%(@1500)
  from x3: 0.96 0.95 0.95 0.95 0.95 0.95 0.95 0.95 0.95 0.95 0.95 0.95 0.95
  per-rule acc: 0.92 1.00
Epoch 1520 | Train: Loss=0.0027 Acc=100.0% | Test: Acc=95.2% | Best=95.2%(@1520)
  from x3: 0.96 0.95 0.95 0.95 0.95 0.95 0.95 0.95 0.95 0.95 0.95 0.95 0.95
  per-rule acc: 0.92 1.00
Epoch 1540 | Train: Loss=0.0027 Acc=100.0% | Test: Acc=95.5% | Best=95.5%(@1540)
  from x3: 0.96 0.96 0.95 0.95 0.95 0.95 0.95 0.95 0.95 0.95 0.95 0.95 0.95
  per-rule acc: 0.93 1.00
Epoch 1560 | Train: Loss=0.0024 Acc=100.0% | Test: Acc=95.9% | Best=95.9%(@1560)
  from x3: 0.97 0.96 0.96 0.96 0.96 0.96 0.96 0.96 0.96 0.96 0.96 0.96 0.96
  per-rule acc: 0.93 1.00
Epoch 1580 | Train: Loss=0.0028 Acc=100.0% | Test: Acc=95.7% | Best=95.9%(@1560)
  from x3: 0.97 0.96 0.96 0.96 0.96 0.96 0.96 0.96 0.96 0.96 0.96 0.96 0.96
  per-rule acc: 0.93 1.00
Epoch 1600 | Train: Loss=0.0026 Acc=100.0% | Test: Acc=95.7% | Best=95.9%(@1560)
  from x3: 0.97 0.96 0.96 0.96 0.96 0.96 0.96 0.96 0.96 0.96 0.96 0.96 0.96
  per-rule acc: 0.93 1.00
Epoch 1620 | Train: Loss=0.0024 Acc=100.0% | Test: Acc=96.3% | Best=96.3%(@1620)
  from x3: 0.97 0.96 0.96 0.96 0.96 0.96 0.96 0.96 0.96 0.96 0.96 0.96 0.96
  per-rule acc: 0.94 1.00
Epoch 1640 | Train: Loss=0.0025 Acc=100.0% | Test: Acc=96.2% | Best=96.3%(@1620)
  from x3: 0.97 0.96 0.96 0.96 0.96 0.96 0.96 0.96 0.96 0.96 0.96 0.96 0.96
  per-rule acc: 0.94 1.00
Epoch 1660 | Train: Loss=0.0024 Acc=100.0% | Test: Acc=96.2% | Best=96.3%(@1620)
  from x3: 0.97 0.96 0.96 0.96 0.96 0.96 0.96 0.96 0.96 0.96 0.96 0.96 0.96
  per-rule acc: 0.94 1.00
Epoch 1680 | Train: Loss=0.0015 Acc=100.0% | Test: Acc=96.4% | Best=96.4%(@1680)
  from x3: 0.98 0.96 0.96 0.96 0.96 0.96 0.96 0.96 0.96 0.96 0.96 0.96 0.96
  per-rule acc: 0.94 1.00
Epoch 1700 | Train: Loss=0.0018 Acc=100.0% | Test: Acc=96.5% | Best=96.5%(@1700)
  from x3: 0.98 0.96 0.96 0.96 0.96 0.96 0.96 0.96 0.96 0.96 0.96 0.97 0.97
  per-rule acc: 0.94 1.00
Epoch 1720 | Train: Loss=0.0020 Acc=100.0% | Test: Acc=96.4% | Best=96.5%(@1700)
  from x3: 0.98 0.96 0.96 0.96 0.96 0.96 0.96 0.96 0.96 0.96 0.96 0.96 0.96
  per-rule acc: 0.94 1.00
Epoch 1740 | Train: Loss=0.0079 Acc=99.9% | Test: Acc=94.8% | Best=96.5%(@1700)
  from x3: 0.95 0.95 0.95 0.95 0.95 0.95 0.95 0.95 0.95 0.95 0.95 0.95 0.95
  per-rule acc: 0.92 1.00
Epoch 1760 | Train: Loss=0.0022 Acc=100.0% | Test: Acc=96.5% | Best=96.5%(@1700)
  from x3: 0.98 0.96 0.96 0.96 0.96 0.96 0.96 0.96 0.96 0.96 0.96 0.96 0.96
  per-rule acc: 0.94 1.00
Epoch 1780 | Train: Loss=0.0025 Acc=100.0% | Test: Acc=96.2% | Best=96.5%(@1700)
  from x3: 0.97 0.96 0.96 0.96 0.96 0.96 0.96 0.96 0.96 0.96 0.96 0.96 0.96
  per-rule acc: 0.94 1.00
Epoch 1800 | Train: Loss=0.0014 Acc=100.0% | Test: Acc=96.6% | Best=96.6%(@1800)
  from x3: 0.98 0.96 0.97 0.96 0.96 0.96 0.97 0.97 0.97 0.97 0.97 0.97 0.97
  per-rule acc: 0.95 1.00
Epoch 1820 | Train: Loss=0.0020 Acc=100.0% | Test: Acc=96.4% | Best=96.6%(@1800)
  from x3: 0.98 0.96 0.96 0.96 0.96 0.96 0.96 0.96 0.96 0.96 0.96 0.96 0.96
  per-rule acc: 0.94 1.00
Epoch 1840 | Train: Loss=0.0018 Acc=100.0% | Test: Acc=96.5% | Best=96.6%(@1800)
  from x3: 0.98 0.96 0.96 0.96 0.96 0.96 0.96 0.96 0.96 0.96 0.96 0.96 0.96
  per-rule acc: 0.94 1.00
Epoch 1860 | Train: Loss=0.0013 Acc=100.0% | Test: Acc=96.5% | Best=96.6%(@1800)
  from x3: 0.98 0.97 0.96 0.96 0.96 0.96 0.96 0.96 0.96 0.96 0.96 0.96 0.96
  per-rule acc: 0.94 1.00
Epoch 1880 | Train: Loss=0.0023 Acc=100.0% | Test: Acc=96.4% | Best=96.6%(@1800)
  from x3: 0.98 0.96 0.96 0.96 0.96 0.96 0.96 0.96 0.96 0.96 0.96 0.96 0.96
  per-rule acc: 0.94 1.00
Epoch 1900 | Train: Loss=0.0015 Acc=100.0% | Test: Acc=96.5% | Best=96.6%(@1800)
  from x3: 0.98 0.96 0.96 0.96 0.96 0.96 0.96 0.96 0.96 0.96 0.96 0.96 0.96
  per-rule acc: 0.94 1.00
Epoch 1920 | Train: Loss=0.0306 Acc=99.9% | Test: Acc=95.4% | Best=96.6%(@1800)
  from x3: 0.96 0.95 0.95 0.95 0.95 0.95 0.95 0.95 0.95 0.95 0.95 0.95 0.95
  per-rule acc: 0.93 1.00
Epoch 1940 | Train: Loss=0.0019 Acc=100.0% | Test: Acc=96.6% | Best=96.6%(@1940)
  from x3: 0.98 0.97 0.97 0.97 0.97 0.97 0.97 0.97 0.97 0.97 0.96 0.96 0.96
  per-rule acc: 0.95 1.00
Epoch 1960 | Train: Loss=0.0020 Acc=100.0% | Test: Acc=96.6% | Best=96.6%(@1940)
  from x3: 0.98 0.97 0.97 0.97 0.97 0.97 0.97 0.97 0.97 0.97 0.97 0.97 0.97
  per-rule acc: 0.95 1.00
Epoch 1980 | Train: Loss=0.0017 Acc=100.0% | Test: Acc=96.8% | Best=96.8%(@1980)
  from x3: 0.98 0.97 0.97 0.97 0.97 0.97 0.97 0.97 0.97 0.97 0.97 0.97 0.97
  per-rule acc: 0.95 1.00
Epoch 2000 | Train: Loss=0.0026 Acc=100.0% | Test: Acc=96.9% | Best=96.9%(@2000)
  from x3: 0.98 0.97 0.97 0.97 0.97 0.97 0.97 0.97 0.97 0.97 0.97 0.97 0.97
  per-rule acc: 0.95 1.00
Epoch 2020 | Train: Loss=0.0016 Acc=100.0% | Test: Acc=96.9% | Best=96.9%(@2000)
  from x3: 0.98 0.97 0.97 0.97 0.97 0.97 0.97 0.97 0.97 0.97 0.97 0.97 0.97
  per-rule acc: 0.95 1.00
Epoch 2040 | Train: Loss=0.0017 Acc=100.0% | Test: Acc=96.9% | Best=96.9%(@2000)
  from x3: 0.98 0.97 0.97 0.97 0.97 0.97 0.97 0.97 0.97 0.97 0.97 0.97 0.97
  per-rule acc: 0.95 1.00
Epoch 2060 | Train: Loss=0.0018 Acc=100.0% | Test: Acc=96.9% | Best=96.9%(@2000)
  from x3: 0.98 0.97 0.97 0.97 0.97 0.97 0.97 0.97 0.97 0.97 0.97 0.97 0.97
  per-rule acc: 0.95 1.00
Epoch 2080 | Train: Loss=0.0025 Acc=100.0% | Test: Acc=96.9% | Best=96.9%(@2080)
  from x3: 0.98 0.97 0.97 0.97 0.97 0.97 0.97 0.97 0.97 0.97 0.97 0.97 0.97
  per-rule acc: 0.95 1.00
Epoch 2100 | Train: Loss=0.0019 Acc=100.0% | Test: Acc=96.8% | Best=96.9%(@2080)
  from x3: 0.98 0.97 0.97 0.97 0.97 0.97 0.97 0.97 0.97 0.97 0.97 0.97 0.97
  per-rule acc: 0.95 1.00
Epoch 2120 | Train: Loss=0.0017 Acc=100.0% | Test: Acc=96.9% | Best=96.9%(@2080)
  from x3: 0.98 0.97 0.97 0.97 0.97 0.97 0.97 0.97 0.97 0.97 0.97 0.97 0.97
  per-rule acc: 0.95 1.00
Epoch 2140 | Train: Loss=0.0019 Acc=100.0% | Test: Acc=96.7% | Best=96.9%(@2080)
  from x3: 0.98 0.97 0.97 0.97 0.97 0.97 0.97 0.97 0.97 0.97 0.97 0.97 0.97
  per-rule acc: 0.95 1.00
Epoch 2160 | Train: Loss=0.0022 Acc=100.0% | Test: Acc=96.7% | Best=96.9%(@2080)
  from x3: 0.98 0.97 0.97 0.97 0.97 0.97 0.97 0.97 0.97 0.97 0.97 0.97 0.97
  per-rule acc: 0.95 1.00
Epoch 2180 | Train: Loss=0.0047 Acc=100.0% | Test: Acc=96.4% | Best=96.9%(@2080)
  from x3: 0.97 0.97 0.96 0.96 0.96 0.96 0.96 0.96 0.96 0.96 0.96 0.96 0.96
  per-rule acc: 0.94 1.00
Epoch 2200 | Train: Loss=0.0027 Acc=100.0% | Test: Acc=96.8% | Best=96.9%(@2080)
  from x3: 0.98 0.97 0.97 0.97 0.97 0.97 0.97 0.97 0.97 0.97 0.97 0.97 0.97
  per-rule acc: 0.95 1.00
Epoch 2220 | Train: Loss=0.0022 Acc=100.0% | Test: Acc=96.9% | Best=96.9%(@2220)
  from x3: 0.98 0.97 0.97 0.97 0.97 0.97 0.97 0.97 0.97 0.97 0.97 0.97 0.97
  per-rule acc: 0.95 1.00
Epoch 2240 | Train: Loss=0.0018 Acc=100.0% | Test: Acc=96.9% | Best=96.9%(@2220)
  from x3: 0.98 0.97 0.97 0.97 0.97 0.97 0.97 0.97 0.97 0.97 0.97 0.97 0.97
  per-rule acc: 0.95 1.00
Epoch 2260 | Train: Loss=0.0016 Acc=100.0% | Test: Acc=97.0% | Best=97.0%(@2260)
  from x3: 0.98 0.97 0.97 0.97 0.97 0.97 0.97 0.97 0.97 0.97 0.97 0.97 0.97
  per-rule acc: 0.95 1.00
Epoch 2280 | Train: Loss=0.0019 Acc=100.0% | Test: Acc=97.1% | Best=97.1%(@2280)
  from x3: 0.98 0.97 0.97 0.97 0.97 0.97 0.97 0.97 0.97 0.97 0.97 0.97 0.97
  per-rule acc: 0.95 1.00
Epoch 2300 | Train: Loss=0.0018 Acc=100.0% | Test: Acc=97.1% | Best=97.1%(@2280)
  from x3: 0.98 0.97 0.97 0.97 0.97 0.97 0.97 0.97 0.97 0.97 0.97 0.97 0.97
  per-rule acc: 0.95 1.00
Epoch 2320 | Train: Loss=0.0015 Acc=100.0% | Test: Acc=97.0% | Best=97.1%(@2280)
  from x3: 0.98 0.97 0.97 0.97 0.97 0.97 0.97 0.97 0.97 0.97 0.97 0.97 0.97
  per-rule acc: 0.95 1.00
Epoch 2340 | Train: Loss=0.0012 Acc=100.0% | Test: Acc=97.0% | Best=97.1%(@2280)
  from x3: 0.98 0.97 0.97 0.97 0.97 0.97 0.97 0.97 0.97 0.97 0.97 0.97 0.97
  per-rule acc: 0.95 1.00
Epoch 2360 | Train: Loss=0.0011 Acc=100.0% | Test: Acc=97.0% | Best=97.1%(@2280)
  from x3: 0.98 0.97 0.97 0.97 0.97 0.97 0.97 0.97 0.97 0.97 0.97 0.97 0.97
  per-rule acc: 0.95 1.00
Epoch 2380 | Train: Loss=0.0012 Acc=100.0% | Test: Acc=96.9% | Best=97.1%(@2280)
  from x3: 0.98 0.97 0.97 0.97 0.97 0.97 0.97 0.97 0.97 0.97 0.97 0.97 0.97
  per-rule acc: 0.95 1.00
Epoch 2400 | Train: Loss=0.0018 Acc=100.0% | Test: Acc=97.0% | Best=97.1%(@2280)
  from x3: 0.98 0.97 0.97 0.97 0.97 0.97 0.97 0.97 0.97 0.97 0.97 0.97 0.97
  per-rule acc: 0.95 1.00
Epoch 2420 | Train: Loss=0.0019 Acc=100.0% | Test: Acc=96.9% | Best=97.1%(@2280)
  from x3: 0.98 0.97 0.97 0.97 0.97 0.97 0.97 0.97 0.97 0.97 0.97 0.97 0.97
  per-rule acc: 0.95 1.00
Epoch 2440 | Train: Loss=0.0016 Acc=100.0% | Test: Acc=96.9% | Best=97.1%(@2280)
  from x3: 0.98 0.97 0.97 0.97 0.97 0.97 0.97 0.97 0.97 0.97 0.97 0.97 0.97
  per-rule acc: 0.95 1.00
Epoch 2460 | Train: Loss=0.0016 Acc=100.0% | Test: Acc=97.1% | Best=97.1%(@2280)
  from x3: 0.98 0.97 0.97 0.97 0.97 0.97 0.97 0.97 0.97 0.97 0.97 0.97 0.97
  per-rule acc: 0.95 1.00
Epoch 2480 | Train: Loss=0.0016 Acc=100.0% | Test: Acc=97.1% | Best=97.1%(@2280)
  from x3: 0.98 0.97 0.97 0.97 0.97 0.97 0.97 0.97 0.97 0.97 0.97 0.97 0.97
  per-rule acc: 0.95 1.00
Epoch 2500 | Train: Loss=0.0015 Acc=100.0% | Test: Acc=96.9% | Best=97.1%(@2280)
  from x3: 0.98 0.97 0.97 0.97 0.97 0.97 0.97 0.97 0.97 0.97 0.97 0.97 0.97
  per-rule acc: 0.95 1.00
Epoch 2520 | Train: Loss=0.0013 Acc=100.0% | Test: Acc=97.0% | Best=97.1%(@2280)
  from x3: 0.98 0.97 0.97 0.97 0.97 0.97 0.97 0.97 0.97 0.97 0.97 0.97 0.97
  per-rule acc: 0.95 1.00
Epoch 2540 | Train: Loss=0.0016 Acc=100.0% | Test: Acc=96.9% | Best=97.1%(@2280)
  from x3: 0.98 0.97 0.97 0.97 0.97 0.97 0.97 0.97 0.97 0.97 0.97 0.97 0.97
  per-rule acc: 0.95 1.00
Epoch 2560 | Train: Loss=0.0018 Acc=100.0% | Test: Acc=96.9% | Best=97.1%(@2280)
  from x3: 0.98 0.97 0.97 0.97 0.97 0.97 0.97 0.97 0.97 0.97 0.97 0.97 0.97
  per-rule acc: 0.95 1.00
Epoch 2580 | Train: Loss=0.0016 Acc=100.0% | Test: Acc=96.8% | Best=97.1%(@2280)
  from x3: 0.98 0.97 0.97 0.97 0.97 0.97 0.97 0.97 0.97 0.97 0.97 0.97 0.97
  per-rule acc: 0.95 1.00
Epoch 2600 | Train: Loss=0.0022 Acc=100.0% | Test: Acc=96.9% | Best=97.1%(@2280)
  from x3: 0.98 0.97 0.97 0.97 0.97 0.97 0.97 0.97 0.97 0.97 0.97 0.97 0.97
  per-rule acc: 0.95 1.00
Epoch 2620 | Train: Loss=0.0022 Acc=100.0% | Test: Acc=96.8% | Best=97.1%(@2280)
  from x3: 0.98 0.97 0.97 0.97 0.97 0.97 0.97 0.97 0.97 0.97 0.97 0.97 0.97
  per-rule acc: 0.95 1.00
Epoch 2640 | Train: Loss=0.0016 Acc=100.0% | Test: Acc=96.9% | Best=97.1%(@2280)
  from x3: 0.98 0.97 0.97 0.97 0.97 0.97 0.97 0.97 0.97 0.97 0.97 0.97 0.97
  per-rule acc: 0.95 1.00
Epoch 2660 | Train: Loss=0.0016 Acc=100.0% | Test: Acc=97.0% | Best=97.1%(@2280)
  from x3: 0.98 0.97 0.97 0.97 0.97 0.97 0.97 0.97 0.97 0.97 0.97 0.97 0.97
  per-rule acc: 0.95 1.00
Epoch 2680 | Train: Loss=0.0017 Acc=100.0% | Test: Acc=96.9% | Best=97.1%(@2280)
  from x3: 0.98 0.97 0.97 0.97 0.97 0.97 0.97 0.97 0.97 0.97 0.97 0.97 0.97
  per-rule acc: 0.95 1.00
Epoch 2700 | Train: Loss=0.0015 Acc=100.0% | Test: Acc=96.9% | Best=97.1%(@2280)
  from x3: 0.98 0.97 0.97 0.97 0.97 0.97 0.97 0.97 0.97 0.97 0.97 0.97 0.97
  per-rule acc: 0.95 1.00
Epoch 2720 | Train: Loss=0.0013 Acc=100.0% | Test: Acc=97.0% | Best=97.1%(@2280)
  from x3: 0.98 0.97 0.97 0.97 0.97 0.97 0.97 0.97 0.97 0.97 0.97 0.97 0.97
  per-rule acc: 0.95 1.00
Epoch 2740 | Train: Loss=0.0018 Acc=100.0% | Test: Acc=97.0% | Best=97.1%(@2280)
  from x3: 0.98 0.97 0.97 0.97 0.97 0.97 0.97 0.97 0.97 0.97 0.97 0.97 0.97
  per-rule acc: 0.95 1.00
Epoch 2760 | Train: Loss=0.0018 Acc=100.0% | Test: Acc=96.7% | Best=97.1%(@2280)
  from x3: 0.98 0.97 0.97 0.97 0.97 0.97 0.97 0.97 0.97 0.97 0.97 0.97 0.97
  per-rule acc: 0.95 1.00
Epoch 2780 | Train: Loss=0.0014 Acc=100.0% | Test: Acc=96.9% | Best=97.1%(@2280)
  from x3: 0.98 0.97 0.97 0.97 0.97 0.97 0.97 0.97 0.97 0.97 0.97 0.97 0.97
  per-rule acc: 0.95 1.00
Epoch 2800 | Train: Loss=0.0014 Acc=100.0% | Test: Acc=96.9% | Best=97.1%(@2280)
  from x3: 0.98 0.97 0.97 0.97 0.97 0.97 0.97 0.97 0.97 0.97 0.97 0.97 0.97
  per-rule acc: 0.95 1.00
Epoch 2820 | Train: Loss=0.0019 Acc=100.0% | Test: Acc=96.9% | Best=97.1%(@2280)
  from x3: 0.98 0.97 0.97 0.97 0.97 0.97 0.97 0.97 0.97 0.97 0.97 0.97 0.97
  per-rule acc: 0.95 1.00
Epoch 2840 | Train: Loss=0.0019 Acc=100.0% | Test: Acc=96.9% | Best=97.1%(@2280)
  from x3: 0.98 0.97 0.97 0.97 0.97 0.97 0.97 0.97 0.97 0.97 0.97 0.97 0.97
  per-rule acc: 0.95 1.00
Epoch 2860 | Train: Loss=0.0039 Acc=100.0% | Test: Acc=96.2% | Best=97.1%(@2280)
  from x3: 0.97 0.96 0.96 0.96 0.96 0.96 0.96 0.96 0.96 0.96 0.96 0.96 0.96
  per-rule acc: 0.94 1.00
Epoch 2880 | Train: Loss=0.0025 Acc=100.0% | Test: Acc=96.8% | Best=97.1%(@2280)
  from x3: 0.98 0.97 0.97 0.97 0.97 0.97 0.97 0.97 0.97 0.97 0.97 0.97 0.97
  per-rule acc: 0.95 1.00
Epoch 2900 | Train: Loss=0.0017 Acc=100.0% | Test: Acc=96.9% | Best=97.1%(@2280)
  from x3: 0.98 0.97 0.97 0.97 0.97 0.97 0.97 0.97 0.97 0.97 0.97 0.97 0.97
  per-rule acc: 0.95 1.00
Epoch 2920 | Train: Loss=0.0017 Acc=100.0% | Test: Acc=96.8% | Best=97.1%(@2280)
  from x3: 0.98 0.97 0.97 0.97 0.97 0.97 0.97 0.97 0.97 0.97 0.97 0.97 0.97
  per-rule acc: 0.95 1.00
Epoch 2940 | Train: Loss=0.0018 Acc=100.0% | Test: Acc=96.8% | Best=97.1%(@2280)
  from x3: 0.98 0.97 0.97 0.97 0.97 0.97 0.97 0.97 0.97 0.97 0.97 0.97 0.97
  per-rule acc: 0.95 1.00
Epoch 2960 | Train: Loss=0.0014 Acc=100.0% | Test: Acc=96.8% | Best=97.1%(@2280)
  from x3: 0.98 0.97 0.97 0.97 0.97 0.97 0.97 0.97 0.97 0.97 0.97 0.97 0.97
  per-rule acc: 0.95 1.00
Epoch 2980 | Train: Loss=0.0018 Acc=100.0% | Test: Acc=96.8% | Best=97.1%(@2280)
  from x3: 0.98 0.97 0.97 0.97 0.97 0.97 0.97 0.97 0.97 0.97 0.97 0.97 0.97
  per-rule acc: 0.95 1.00
Epoch 3000 | Train: Loss=0.0019 Acc=100.0% | Test: Acc=96.8% | Best=97.1%(@2280)
  from x3: 0.98 0.97 0.97 0.97 0.97 0.97 0.97 0.97 0.97 0.97 0.97 0.97 0.97
  per-rule acc: 0.95 1.00
Epoch 3020 | Train: Loss=0.0016 Acc=100.0% | Test: Acc=96.8% | Best=97.1%(@2280)
  from x3: 0.98 0.97 0.97 0.97 0.97 0.97 0.97 0.97 0.97 0.97 0.97 0.97 0.97
  per-rule acc: 0.95 1.00
Epoch 3040 | Train: Loss=0.0017 Acc=100.0% | Test: Acc=96.7% | Best=97.1%(@2280)
  from x3: 0.98 0.97 0.97 0.97 0.97 0.97 0.97 0.97 0.97 0.97 0.97 0.97 0.97
  per-rule acc: 0.95 1.00
Epoch 3060 | Train: Loss=0.0018 Acc=100.0% | Test: Acc=96.8% | Best=97.1%(@2280)
  from x3: 0.98 0.97 0.97 0.97 0.97 0.97 0.97 0.97 0.97 0.97 0.97 0.97 0.97
  per-rule acc: 0.95 1.00
Epoch 3080 | Train: Loss=0.0016 Acc=100.0% | Test: Acc=96.7% | Best=97.1%(@2280)
  from x3: 0.98 0.97 0.97 0.97 0.97 0.97 0.97 0.97 0.97 0.97 0.97 0.97 0.97
  per-rule acc: 0.95 1.00
Epoch 3100 | Train: Loss=0.0013 Acc=100.0% | Test: Acc=96.8% | Best=97.1%(@2280)
  from x3: 0.98 0.97 0.97 0.97 0.97 0.97 0.97 0.97 0.97 0.97 0.97 0.97 0.97
  per-rule acc: 0.95 1.00
Epoch 3120 | Train: Loss=0.0017 Acc=100.0% | Test: Acc=96.8% | Best=97.1%(@2280)
  from x3: 0.98 0.97 0.97 0.97 0.97 0.97 0.97 0.97 0.97 0.97 0.97 0.97 0.97
  per-rule acc: 0.95 1.00
Epoch 3140 | Train: Loss=0.0018 Acc=100.0% | Test: Acc=96.7% | Best=97.1%(@2280)
  from x3: 0.98 0.97 0.97 0.97 0.97 0.97 0.97 0.97 0.97 0.97 0.97 0.97 0.97
  per-rule acc: 0.95 1.00
Epoch 3160 | Train: Loss=0.0015 Acc=100.0% | Test: Acc=96.7% | Best=97.1%(@2280)
  from x3: 0.98 0.97 0.97 0.97 0.97 0.97 0.97 0.97 0.97 0.97 0.97 0.97 0.97
  per-rule acc: 0.95 1.00
Epoch 3180 | Train: Loss=0.0012 Acc=100.0% | Test: Acc=96.8% | Best=97.1%(@2280)
  from x3: 0.98 0.97 0.97 0.97 0.97 0.97 0.97 0.97 0.97 0.97 0.97 0.97 0.97
  per-rule acc: 0.95 1.00
Epoch 3200 | Train: Loss=0.0019 Acc=100.0% | Test: Acc=96.9% | Best=97.1%(@2280)
  from x3: 0.98 0.97 0.97 0.97 0.97 0.97 0.97 0.97 0.97 0.97 0.97 0.97 0.97
  per-rule acc: 0.95 1.00
Epoch 3220 | Train: Loss=0.0017 Acc=100.0% | Test: Acc=97.0% | Best=97.1%(@2280)
  from x3: 0.98 0.97 0.97 0.97 0.97 0.97 0.97 0.97 0.97 0.97 0.97 0.97 0.97
  per-rule acc: 0.95 1.00
Epoch 3240 | Train: Loss=0.0060 Acc=100.0% | Test: Acc=95.4% | Best=97.1%(@2280)
  from x3: 0.96 0.95 0.95 0.95 0.95 0.95 0.95 0.95 0.95 0.95 0.95 0.95 0.95
  per-rule acc: 0.93 1.00
Epoch 3260 | Train: Loss=0.0017 Acc=100.0% | Test: Acc=97.0% | Best=97.1%(@2280)
  from x3: 0.98 0.97 0.97 0.97 0.97 0.97 0.97 0.97 0.97 0.97 0.97 0.97 0.97
  per-rule acc: 0.95 1.00
Epoch 3280 | Train: Loss=0.0091 Acc=100.0% | Test: Acc=96.5% | Best=97.1%(@2280)
  from x3: 0.97 0.96 0.96 0.96 0.96 0.96 0.96 0.96 0.96 0.96 0.96 0.96 0.96
  per-rule acc: 0.94 1.00
[Early stop] No improvement for 1000 consecutive epochs

==================================================
Saving model...
[OK] Model saved to: /home/cxm/ai/test0626-unbalanced/models/mixed_cond_d128l1_r8_e50_70.pth
  File size: 1418.0 KB
  Best test accuracy: 97.09%

[Config] SKIP_FINAL_GENERATION_TEST=true, skipping final generation test.

--- Return code: 0 ---

======================================================================
Attention Analysis
======================================================================
Model config: addition (default), p=53
Best test accuracy: 0.9708614283748452
Training epochs: 3280

Random test sequence 1/5 (length 32): [29, 14, 43, 4, 47, 51, 45, 43, 35, 25, 7, 32, 39, 18, 4, 22, 26, 48, 21, 16]...

======================================================================
Attention Layer Training Result Summary
======================================================================
Input sequence: [29, 14, 43, 4, 47, 51, 45, 43, 35, 25, 7, 32, 39, 18, 4, 22, 26, 48, 21, 16, 37, 0, 37, 37, 21, 5, 26, 31, 4, 35, 39, 21]

--- Layer 0 ---
  Head 0: Entropy=1.168
    Attention coefficients from each query position to previous positions:
      i= 0 -> j=0:1.000
      i= 1 -> j=0:0.311, j=1:0.689
      i= 2 -> j=0:0.070, j=1:0.239, j=2:0.691
      i= 3 -> j=0:0.018, j=1:0.071, j=2:0.283, j=3:0.629
      i= 4 -> j=0:0.005, j=1:0.015, j=2:0.073, j=3:0.266, j=4:0.640
      i= 5 -> j=0:0.002, j=1:0.004, j=2:0.014, j=3:0.067, j=4:0.281, j=5:0.632
      i= 6 -> j=0:0.003, j=1:0.005, j=2:0.010, j=3:0.032, j=4:0.097, j=5:0.255, j=6:0.597
      i= 7 -> j=0:0.002, j=1:0.002, j=2:0.002, j=3:0.006, j=4:0.016, j=5:0.060, j=6:0.216, j=7:0.695
      i= 8 -> j=0:0.002, j=1:0.002, j=2:0.002, j=3:0.003, j=4:0.004, j=5:0.010, j=6:0.042, j=7:0.236, j=8:0.699
      i= 9 -> j=0:0.003, j=1:0.004, j=2:0.003, j=3:0.004, j=4:0.005, j=5:0.011, j=6:0.032, j=7:0.107, j=8:0.301, j=9:0.530
      i=10 -> j=0:0.001, j=1:0.002, j=2:0.001, j=3:0.001, j=4:0.002, j=5:0.002, j=6:0.006, j=7:0.014, j=8:0.054, j=9:0.230, j=10:0.688
      i=11 -> j=0:0.003, j=1:0.003, j=2:0.002, j=3:0.002, j=4:0.002, j=5:0.003, j=6:0.006, j=7:0.008, j=8:0.022, j=9:0.090, j=10:0.266, j=11:0.593
      i=12 -> j=0:0.001, j=1:0.002, j=2:0.001, j=3:0.001, j=4:0.001, j=5:0.001, j=6:0.001, j=7:0.001, j=8:0.003, j=9:0.015, j=10:0.050, j=11:0.231, j=12:0.691
      i=13 -> j=0:0.002, j=1:0.003, j=2:0.002, j=3:0.002, j=4:0.001, j=5:0.002, j=6:0.002, j=7:0.001, j=8:0.002, j=9:0.007, j=10:0.015, j=11:0.073, j=12:0.269, j=13:0.619
      i=14 -> j=0:0.002, j=1:0.003, j=2:0.002, j=3:0.003, j=4:0.002, j=5:0.002, j=6:0.002, j=7:0.001, j=8:0.002, j=9:0.003, j=10:0.005, j=11:0.020, j=12:0.076, j=13:0.255, j=14:0.620
      i=15 -> j=0:0.003, j=1:0.004, j=2:0.004, j=3:0.004, j=4:0.003, j=5:0.003, j=6:0.003, j=7:0.002, j=8:0.002, j=9:0.003, j=10:0.003, j=11:0.006, j=12:0.015, j=13:0.063, j=14:0.288, j=15:0.595
      i=16 -> j=0:0.003, j=1:0.004, j=2:0.003, j=3:0.004, j=4:0.003, j=5:0.004, j=6:0.003, j=7:0.002, j=8:0.002, j=9:0.002, j=10:0.002, j=11:0.004, j=12:0.007, j=13:0.021, j=14:0.099, j=15:0.238, j=16:0.600
      i=17 -> j=0:0.003, j=1:0.003, j=2:0.002, j=3:0.003, j=4:0.003, j=5:0.004, j=6:0.004, j=7:0.002, j=8:0.002, j=9:0.002, j=10:0.002, j=11:0.002, j=12:0.002, j=13:0.004, j=14:0.019, j=15:0.064, j=16:0.282, j=17:0.595
      i=18 -> j=0:0.007, j=1:0.006, j=2:0.004, j=3:0.004, j=4:0.004, j=5:0.006, j=6:0.006, j=7:0.004, j=8:0.003, j=9:0.003, j=10:0.003, j=11:0.003, j=12:0.002, j=13:0.003, j=14:0.008, j=15:0.021, j=16:0.089, j=17:0.253, j=18:0.572
      i=19 -> j=0:0.006, j=1:0.006, j=2:0.003, j=3:0.003, j=4:0.003, j=5:0.004, j=6:0.004, j=7:0.003, j=8:0.003, j=9:0.002, j=10:0.002, j=11:0.002, j=12:0.001, j=13:0.002, j=14:0.004, j=15:0.008, j=16:0.030, j=17:0.086, j=18:0.263, j=19:0.565
      i=20 -> j=0:0.012, j=1:0.012, j=2:0.007, j=3:0.006, j=4:0.005, j=5:0.006, j=6:0.007, j=7:0.005, j=8:0.005, j=9:0.005, j=10:0.004, j=11:0.003, j=12:0.003, j=13:0.003, j=14:0.003, j=15:0.005, j=16:0.008, j=17:0.020, j=18:0.084, j=19:0.282, j=20:0.517
      i=21 -> j=0:0.005, j=1:0.007, j=2:0.005, j=3:0.004, j=4:0.003, j=5:0.002, j=6:0.002, j=7:0.001, j=8:0.002, j=9:0.002, j=10:0.002, j=11:0.001, j=12:0.001, j=13:0.001, j=14:0.001, j=15:0.001, j=16:0.001, j=17:0.002, j=18:0.012, j=19:0.053, j=20:0.177, j=21:0.716
      i=22 -> j=0:0.010, j=1:0.013, j=2:0.012, j=3:0.011, j=4:0.008, j=5:0.007, j=6:0.006, j=7:0.004, j=8:0.005, j=9:0.006, j=10:0.006, j=11:0.005, j=12:0.003, j=13:0.003, j=14:0.003, j=15:0.003, j=16:0.003, j=17:0.004, j=18:0.009, j=19:0.022, j=20:0.064, j=21:0.274, j=22:0.519
      i=23 -> j=0:0.009, j=1:0.011, j=2:0.012, j=3:0.013, j=4:0.012, j=5:0.010, j=6:0.007, j=7:0.004, j=8:0.005, j=9:0.006, j=10:0.006, j=11:0.006, j=12:0.004, j=13:0.004, j=14:0.004, j=15:0.003, j=16:0.003, j=17:0.004, j=18:0.005, j=19:0.008, j=20:0.020, j=21:0.081, j=22:0.225, j=23:0.538
      i=24 -> j=0:0.008, j=1:0.009, j=2:0.009, j=3:0.012, j=4:0.012, j=5:0.011, j=6:0.009, j=7:0.005, j=8:0.004, j=9:0.004, j=10:0.004, j=11:0.005, j=12:0.004, j=13:0.004, j=14:0.004, j=15:0.003, j=16:0.002, j=17:0.003, j=18:0.003, j=19:0.003, j=20:0.007, j=21:0.022, j=22:0.069, j=23:0.217, j=24:0.567
      i=25 -> j=0:0.011, j=1:0.012, j=2:0.011, j=3:0.014, j=4:0.014, j=5:0.016, j=6:0.015, j=7:0.009, j=8:0.007, j=9:0.006, j=10:0.006, j=11:0.006, j=12:0.006, j=13:0.006, j=14:0.006, j=15:0.005, j=16:0.004, j=17:0.004, j=18:0.004, j=19:0.004, j=20:0.007, j=21:0.011, j=22:0.028, j=23:0.084, j=24:0.280, j=25:0.423
      i=26 -> j=0:0.006, j=1:0.007, j=2:0.006, j=3:0.007, j=4:0.007, j=5:0.009, j=6:0.009, j=7:0.006, j=8:0.005, j=9:0.004, j=10:0.003, j=11:0.003, j=12:0.003, j=13:0.003, j=14:0.003, j=15:0.003, j=16:0.002, j=17:0.002, j=18:0.002, j=19:0.002, j=20:0.003, j=21:0.003, j=22:0.008, j=23:0.022, j=24:0.092, j=25:0.195, j=26:0.584
      i=27 -> j=0:0.006, j=1:0.007, j=2:0.006, j=3:0.006, j=4:0.006, j=5:0.008, j=6:0.009, j=7:0.008, j=8:0.007, j=9:0.005, j=10:0.003, j=11:0.003, j=12:0.003, j=13:0.003, j=14:0.004, j=15:0.004, j=16:0.003, j=17:0.002, j=18:0.002, j=19:0.002, j=20:0.003, j=21:0.003, j=22:0.005, j=23:0.008, j=24:0.027, j=25:0.067, j=26:0.266, j=27:0.525
      i=28 -> j=0:0.007, j=1:0.008, j=2:0.006, j=3:0.006, j=4:0.005, j=5:0.006, j=6:0.008, j=7:0.007, j=8:0.007, j=9:0.006, j=10:0.005, j=11:0.003, j=12:0.002, j=13:0.002, j=14:0.003, j=15:0.003, j=16:0.002, j=17:0.002, j=18:0.002, j=19:0.002, j=20:0.002, j=21:0.001, j=22:0.002, j=23:0.002, j=24:0.006, j=25:0.018, j=26:0.078, j=27:0.241, j=28:0.560
      i=29 -> j=0:0.006, j=1:0.005, j=2:0.005, j=3:0.005, j=4:0.005, j=5:0.006, j=6:0.005, j=7:0.005, j=8:0.006, j=9:0.007, j=10:0.006, j=11:0.004, j=12:0.002, j=13:0.002, j=14:0.002, j=15:0.003, j=16:0.003, j=17:0.003, j=18:0.002, j=19:0.001, j=20:0.002, j=21:0.001, j=22:0.003, j=23:0.003, j=24:0.003, j=25:0.005, j=26:0.012, j=27:0.043, j=28:0.200, j=29:0.647
      i=30 -> j=0:0.006, j=1:0.006, j=2:0.004, j=3:0.004, j=4:0.004, j=5:0.004, j=6:0.004, j=7:0.003, j=8:0.003, j=9:0.004, j=10:0.004, j=11:0.004, j=12:0.002, j=13:0.002, j=14:0.001, j=15:0.001, j=16:0.001, j=17:0.002, j=18:0.002, j=19:0.001, j=20:0.001, j=21:0.001, j=22:0.001, j=23:0.001, j=24:0.001, j=25:0.002, j=26:0.004, j=27:0.013, j=28:0.062, j=29:0.208, j=30:0.645
      i=31 -> j=0:0.013, j=1:0.014, j=2:0.011, j=3:0.011, j=4:0.010, j=5:0.010, j=6:0.009, j=7:0.007, j=8:0.007, j=9:0.009, j=10:0.009, j=11:0.010, j=12:0.008, j=13:0.006, j=14:0.005, j=15:0.004, j=16:0.003, j=17:0.004, j=18:0.004, j=19:0.004, j=20:0.004, j=21:0.003, j=22:0.003, j=23:0.003, j=24:0.002, j=25:0.003, j=26:0.003, j=27:0.006, j=28:0.020, j=29:0.066, j=30:0.246, j=31:0.484
    Average attention per distance:
      d=0:0.615, d=1:0.251, d=2:0.072, d=3:0.020, d=31:0.013


======================================================================
QK Property Verification (Raw Scores, before Softmax)
======================================================================
Recurrence order init_len=2, num test sequences=1

--- [P1] Long-distance Orthogonality Verification ---
Ideal: raw_score mean ≈ 0 and small std when d > init_len

  Layer 0, Head 0:
    d= 1 (effective): mean=  2.306, std= 0.245, n=31
    d= 2 (effective): mean=  1.057, std= 0.203, n=30
    d>2 (long-distance): mean= -1.761, std= 0.677, n=435

--- [P2] Time-homogeneous Verification ---
Ideal: CV of raw_score across positions i ≈ 0 for fixed distance d
(CV = std / |mean|, smaller = more constant)

  Layer 0, Head 0:
    d= 1: mean=  2.306, std= 0.245, CV=0.106, n=31
    d= 2: mean=  1.057, std= 0.203, CV=0.192, n=30

======================================================================
QK Property Verification Completed
======================================================================
