=== Experiment: mixed_basic_d1024l4_r8_t16 ===
Time: 2026-06-25T08:32:10.202215
Task type: mixed_ab
Merged config: {
  "P": 53,
  "TASK": "mixed_ab",
  "NUM_MASK": 2,
  "A": 1,
  "B": 1,
  "AB_PAIRS": [
    [
      1,
      1
    ],
    [
      1,
      2
    ]
  ],
  "D_MODEL": 1024,
  "N_HEAD": 1,
  "N_LAYER": 4,
  "BATCH_SIZE": 128,
  "EPOCHS": 10000,
  "LR": 0.0003,
  "SAVE_PATH": "models/mixed_basic_d1024l4_r8_t16.pth",
  "USE_GREEDY_GENERATE": true,
  "USE_LEARNABLE_PE": false,
  "MLP_RATIO": 8,
  "TRAIN_LEN": 16,
  "OOD_LEN": 32,
  "DROPOUT": 0.0,
  "TARGET_INIT_COVERAGE": 0.5,
  "MAX_UNIQUE_RATIO": 0.5,
  "WEIGHT_DECAY": 1,
  "ENTROPY_PENALTY_WEIGHT": 0.0,
  "FIRST_TASK_WEIGHT": 1.0,
  "RANDOM_SEED": 42,
  "EVAL_INTERVAL": 20,
  "EARLY_STOP_NO_IMPROVE": 2000,
  "EARLY_STOP_ACCURACY": 0.99,
  "USE_AB_TAG": false,
  "USE_CONDITIONAL_WTE": false,
  "COND_WTE_SHARED_RATIO": 0.0
}
--- output ---
Using device: cuda

[Dataset] Mixed mode: generated 2810 + 2808 samples, length 16
AB parameter pairs: [(1, 1), (1, 2)]
--------------------------------------------------
[Model config] block_size: 32, train length: 16
[Number theory] AB parameter pairs: [(1, 1), (1, 2)]


Model parameters: 84.54M

Start training...
Epoch   0 | Train: Loss=4.3602 Acc=5.3% | Test: Acc=0.9% | Best=0.9%(@0)
  from x3: 0.01 0.01 0.01 0.01 0.01 0.01 0.01 0.01 0.01 0.01 0.01 0.01 0.01
  per-rule acc: 0.01 0.01
Epoch  20 | Train: Loss=0.0229 Acc=99.5% | Test: Acc=2.0% | Best=2.0%(@20)
  from x3: 0.02 0.02 0.02 0.02 0.02 0.02 0.02 0.02 0.02 0.02 0.02 0.02 0.02
  per-rule acc: 0.03 0.01
Epoch  40 | Train: Loss=0.0071 Acc=99.9% | Test: Acc=2.3% | Best=2.3%(@40)
  from x3: 0.02 0.03 0.02 0.02 0.02 0.02 0.02 0.02 0.02 0.02 0.02 0.02 0.02
  per-rule acc: 0.03 0.01
Epoch  60 | Train: Loss=0.0086 Acc=99.8% | Test: Acc=2.8% | Best=2.8%(@60)
  from x3: 0.03 0.03 0.03 0.03 0.03 0.03 0.03 0.03 0.03 0.03 0.03 0.03 0.03
  per-rule acc: 0.04 0.01
Epoch  80 | Train: Loss=0.0021 Acc=99.9% | Test: Acc=2.4% | Best=2.8%(@60)
  from x3: 0.02 0.03 0.02 0.02 0.02 0.02 0.02 0.02 0.02 0.02 0.02 0.02 0.02
  per-rule acc: 0.03 0.01
Epoch 100 | Train: Loss=0.0027 Acc=99.9% | Test: Acc=2.3% | Best=2.8%(@60)
  from x3: 0.02 0.02 0.02 0.02 0.02 0.02 0.02 0.02 0.02 0.02 0.02 0.02 0.03
  per-rule acc: 0.03 0.01
Epoch 120 | Train: Loss=4.3131 Acc=2.2% | Test: Acc=1.6% | Best=2.8%(@60)
  from x3: 0.02 0.02 0.02 0.02 0.02 0.02 0.02 0.02 0.02 0.02 0.02 0.02 0.01
  per-rule acc: 0.02 0.02
Epoch 140 | Train: Loss=0.2394 Acc=95.8% | Test: Acc=3.7% | Best=3.7%(@140)
  from x3: 0.04 0.04 0.04 0.04 0.04 0.04 0.04 0.04 0.04 0.04 0.04 0.04 0.04
  per-rule acc: 0.06 0.01
Epoch 160 | Train: Loss=0.0031 Acc=99.9% | Test: Acc=4.3% | Best=4.3%(@160)
  from x3: 0.05 0.05 0.04 0.04 0.04 0.04 0.04 0.04 0.04 0.04 0.04 0.04 0.04
  per-rule acc: 0.07 0.01
Epoch 180 | Train: Loss=0.0040 Acc=99.9% | Test: Acc=4.2% | Best=4.3%(@160)
  from x3: 0.04 0.05 0.04 0.04 0.04 0.04 0.04 0.04 0.04 0.04 0.04 0.04 0.04
  per-rule acc: 0.07 0.01
Epoch 200 | Train: Loss=1.0832 Acc=88.1% | Test: Acc=3.6% | Best=4.3%(@160)
  from x3: 0.03 0.04 0.04 0.04 0.04 0.04 0.03 0.04 0.03 0.04 0.03 0.04 0.04
  per-rule acc: 0.05 0.02
Epoch 220 | Train: Loss=0.0029 Acc=99.9% | Test: Acc=7.1% | Best=7.1%(@220)
  from x3: 0.07 0.07 0.07 0.07 0.07 0.07 0.07 0.07 0.07 0.07 0.07 0.07 0.07
  per-rule acc: 0.13 0.02
Epoch 240 | Train: Loss=0.0036 Acc=99.9% | Test: Acc=7.0% | Best=7.1%(@220)
  from x3: 0.06 0.07 0.08 0.07 0.07 0.07 0.07 0.07 0.07 0.07 0.07 0.07 0.07
  per-rule acc: 0.13 0.02
Epoch 260 | Train: Loss=0.0822 Acc=98.6% | Test: Acc=11.0% | Best=11.0%(@260)
  from x3: 0.10 0.11 0.11 0.11 0.11 0.11 0.11 0.11 0.11 0.11 0.11 0.11 0.11
  per-rule acc: 0.20 0.02
Epoch 280 | Train: Loss=0.0029 Acc=99.9% | Test: Acc=11.1% | Best=11.1%(@280)
  from x3: 0.10 0.12 0.12 0.11 0.11 0.11 0.11 0.11 0.11 0.11 0.11 0.11 0.11
  per-rule acc: 0.20 0.02
Epoch 300 | Train: Loss=0.0035 Acc=99.9% | Test: Acc=10.9% | Best=11.1%(@280)
  from x3: 0.10 0.11 0.11 0.11 0.11 0.11 0.11 0.11 0.11 0.11 0.11 0.11 0.11
  per-rule acc: 0.19 0.03
Epoch 320 | Train: Loss=0.0022 Acc=99.9% | Test: Acc=14.3% | Best=14.3%(@320)
  from x3: 0.12 0.14 0.15 0.14 0.14 0.15 0.14 0.14 0.14 0.14 0.14 0.15 0.14
  per-rule acc: 0.26 0.02
Epoch 340 | Train: Loss=0.0032 Acc=99.9% | Test: Acc=13.6% | Best=14.3%(@320)
  from x3: 0.12 0.14 0.14 0.14 0.14 0.14 0.14 0.14 0.14 0.14 0.14 0.13 0.13
  per-rule acc: 0.25 0.03
Epoch 360 | Train: Loss=0.0033 Acc=99.9% | Test: Acc=13.1% | Best=14.3%(@320)
  from x3: 0.11 0.14 0.14 0.14 0.13 0.13 0.13 0.13 0.13 0.13 0.13 0.12 0.12
  per-rule acc: 0.23 0.03
Epoch 380 | Train: Loss=0.0022 Acc=99.9% | Test: Acc=20.9% | Best=20.9%(@380)
  from x3: 0.18 0.22 0.21 0.21 0.21 0.21 0.21 0.21 0.21 0.21 0.21 0.21 0.21
  per-rule acc: 0.36 0.06
Epoch 400 | Train: Loss=0.0031 Acc=99.9% | Test: Acc=21.2% | Best=21.2%(@400)
  from x3: 0.19 0.22 0.22 0.21 0.21 0.21 0.21 0.21 0.21 0.21 0.22 0.21 0.21
  per-rule acc: 0.36 0.07
Epoch 420 | Train: Loss=0.0174 Acc=99.7% | Test: Acc=26.7% | Best=26.7%(@420)
  from x3: 0.24 0.27 0.27 0.27 0.27 0.27 0.27 0.27 0.27 0.27 0.27 0.27 0.26
  per-rule acc: 0.44 0.09
Epoch 440 | Train: Loss=0.0027 Acc=99.9% | Test: Acc=27.8% | Best=27.8%(@440)
  from x3: 0.26 0.28 0.28 0.28 0.28 0.28 0.28 0.28 0.28 0.28 0.28 0.27 0.27
  per-rule acc: 0.45 0.11
Epoch 460 | Train: Loss=0.0032 Acc=99.9% | Test: Acc=29.3% | Best=29.3%(@460)
  from x3: 0.27 0.30 0.30 0.30 0.30 0.30 0.30 0.30 0.30 0.29 0.29 0.29 0.29
  per-rule acc: 0.45 0.14
Epoch 480 | Train: Loss=0.0021 Acc=99.9% | Test: Acc=34.8% | Best=34.8%(@480)
  from x3: 0.33 0.35 0.35 0.35 0.35 0.35 0.35 0.35 0.35 0.35 0.35 0.35 0.35
  per-rule acc: 0.52 0.17
Epoch 500 | Train: Loss=0.0028 Acc=99.9% | Test: Acc=35.7% | Best=35.7%(@500)
  from x3: 0.34 0.36 0.36 0.36 0.36 0.36 0.36 0.36 0.36 0.36 0.36 0.36 0.35
  per-rule acc: 0.51 0.20
Epoch 520 | Train: Loss=0.0133 Acc=99.8% | Test: Acc=39.2% | Best=39.2%(@520)
  from x3: 0.37 0.39 0.39 0.40 0.39 0.40 0.40 0.40 0.40 0.40 0.40 0.39 0.39
  per-rule acc: 0.55 0.24
Epoch 540 | Train: Loss=0.0024 Acc=99.9% | Test: Acc=43.6% | Best=43.6%(@540)
  from x3: 0.43 0.44 0.44 0.44 0.44 0.44 0.44 0.44 0.43 0.43 0.44 0.43 0.43
  per-rule acc: 0.60 0.27
Epoch 560 | Train: Loss=0.0029 Acc=99.9% | Test: Acc=45.3% | Best=45.3%(@560)
  from x3: 0.44 0.44 0.45 0.46 0.46 0.46 0.46 0.46 0.46 0.46 0.45 0.45 0.45
  per-rule acc: 0.59 0.32
Epoch 580 | Train: Loss=0.0027 Acc=99.9% | Test: Acc=49.2% | Best=49.2%(@580)
  from x3: 0.47 0.49 0.49 0.49 0.49 0.49 0.49 0.50 0.50 0.50 0.50 0.50 0.50
  per-rule acc: 0.66 0.32
Epoch 600 | Train: Loss=0.0024 Acc=99.9% | Test: Acc=51.3% | Best=51.3%(@600)
  from x3: 0.50 0.51 0.52 0.52 0.52 0.52 0.52 0.52 0.51 0.51 0.51 0.51 0.51
  per-rule acc: 0.65 0.38
Epoch 620 | Train: Loss=0.0029 Acc=99.9% | Test: Acc=53.7% | Best=53.7%(@620)
  from x3: 0.52 0.53 0.54 0.54 0.54 0.54 0.54 0.54 0.54 0.54 0.54 0.54 0.54
  per-rule acc: 0.70 0.37
Epoch 640 | Train: Loss=0.0026 Acc=99.9% | Test: Acc=55.8% | Best=55.8%(@640)
  from x3: 0.54 0.55 0.56 0.56 0.56 0.56 0.56 0.56 0.56 0.56 0.56 0.56 0.56
  per-rule acc: 0.68 0.43
Epoch 660 | Train: Loss=0.0515 Acc=99.2% | Test: Acc=50.4% | Best=55.8%(@640)
  from x3: 0.48 0.50 0.50 0.50 0.51 0.51 0.51 0.51 0.51 0.51 0.51 0.51 0.51
  per-rule acc: 0.63 0.38
Epoch 680 | Train: Loss=0.0022 Acc=99.9% | Test: Acc=61.8% | Best=61.8%(@680)
  from x3: 0.60 0.61 0.62 0.62 0.62 0.62 0.62 0.62 0.62 0.62 0.62 0.62 0.62
  per-rule acc: 0.73 0.51
Epoch 700 | Train: Loss=0.0026 Acc=99.9% | Test: Acc=63.9% | Best=63.9%(@700)
  from x3: 0.63 0.63 0.64 0.64 0.64 0.64 0.64 0.64 0.64 0.64 0.64 0.64 0.64
  per-rule acc: 0.73 0.54
Epoch 720 | Train: Loss=0.0018 Acc=99.9% | Test: Acc=66.4% | Best=66.4%(@720)
  from x3: 0.64 0.65 0.66 0.67 0.67 0.67 0.67 0.67 0.67 0.67 0.67 0.67 0.67
  per-rule acc: 0.78 0.55
Epoch 740 | Train: Loss=0.0025 Acc=99.9% | Test: Acc=67.2% | Best=67.2%(@740)
  from x3: 0.66 0.66 0.68 0.67 0.68 0.68 0.68 0.67 0.68 0.68 0.67 0.67 0.67
  per-rule acc: 0.76 0.58
Epoch 760 | Train: Loss=0.0019 Acc=99.9% | Test: Acc=69.8% | Best=69.8%(@760)
  from x3: 0.68 0.68 0.70 0.70 0.70 0.70 0.70 0.70 0.70 0.70 0.70 0.70 0.70
  per-rule acc: 0.81 0.58
Epoch 780 | Train: Loss=0.0025 Acc=99.9% | Test: Acc=72.8% | Best=72.8%(@780)
  from x3: 0.70 0.71 0.72 0.73 0.73 0.73 0.73 0.73 0.73 0.74 0.74 0.73 0.74
  per-rule acc: 0.81 0.64
Epoch 800 | Train: Loss=0.0960 Acc=98.5% | Test: Acc=39.4% | Best=72.8%(@780)
  from x3: 0.37 0.40 0.40 0.40 0.40 0.40 0.40 0.39 0.40 0.40 0.39 0.39 0.39
  per-rule acc: 0.49 0.30
Epoch 820 | Train: Loss=0.0017 Acc=99.9% | Test: Acc=75.3% | Best=75.3%(@820)
  from x3: 0.72 0.74 0.75 0.75 0.75 0.76 0.76 0.76 0.76 0.76 0.76 0.76 0.76
  per-rule acc: 0.84 0.66
Epoch 840 | Train: Loss=0.0024 Acc=99.9% | Test: Acc=78.0% | Best=78.0%(@840)
  from x3: 0.75 0.77 0.78 0.78 0.78 0.79 0.79 0.78 0.79 0.78 0.79 0.79 0.78
  per-rule acc: 0.85 0.71
Epoch 860 | Train: Loss=0.0064 Acc=99.9% | Test: Acc=75.5% | Best=78.0%(@840)
  from x3: 0.71 0.74 0.75 0.76 0.76 0.76 0.76 0.76 0.76 0.76 0.76 0.76 0.76
  per-rule acc: 0.85 0.65
Epoch 880 | Train: Loss=0.0021 Acc=99.9% | Test: Acc=80.9% | Best=80.9%(@880)
  from x3: 0.78 0.79 0.80 0.81 0.81 0.82 0.81 0.81 0.82 0.82 0.82 0.81 0.81
  per-rule acc: 0.87 0.74
Epoch 900 | Train: Loss=0.0024 Acc=99.9% | Test: Acc=84.8% | Best=84.8%(@900)
  from x3: 0.81 0.83 0.84 0.85 0.86 0.85 0.85 0.85 0.85 0.85 0.85 0.86 0.86
  per-rule acc: 0.90 0.79
Epoch 920 | Train: Loss=0.0018 Acc=99.9% | Test: Acc=82.7% | Best=84.8%(@900)
  from x3: 0.80 0.82 0.83 0.83 0.83 0.83 0.83 0.83 0.83 0.83 0.83 0.83 0.83
  per-rule acc: 0.91 0.75
Epoch 940 | Train: Loss=0.0022 Acc=99.9% | Test: Acc=86.0% | Best=86.0%(@940)
  from x3: 0.82 0.84 0.86 0.86 0.87 0.87 0.87 0.87 0.87 0.87 0.87 0.86 0.87
  per-rule acc: 0.92 0.80
Epoch 960 | Train: Loss=0.0384 Acc=99.5% | Test: Acc=74.3% | Best=86.0%(@940)
  from x3: 0.68 0.73 0.74 0.75 0.75 0.75 0.75 0.75 0.75 0.75 0.75 0.75 0.75
  per-rule acc: 0.85 0.63
Epoch 980 | Train: Loss=0.0018 Acc=99.9% | Test: Acc=87.3% | Best=87.3%(@980)
  from x3: 0.83 0.86 0.88 0.88 0.88 0.88 0.88 0.88 0.88 0.88 0.88 0.88 0.88
  per-rule acc: 0.93 0.82
Epoch 1000 | Train: Loss=0.0023 Acc=99.9% | Test: Acc=90.1% | Best=90.1%(@1000)
  from x3: 0.86 0.88 0.90 0.90 0.91 0.91 0.91 0.91 0.91 0.91 0.91 0.91 0.91
  per-rule acc: 0.93 0.87
Epoch 1020 | Train: Loss=0.0023 Acc=99.9% | Test: Acc=86.0% | Best=90.1%(@1000)
  from x3: 0.82 0.84 0.86 0.87 0.87 0.86 0.87 0.87 0.87 0.87 0.87 0.87 0.87
  per-rule acc: 0.94 0.78
Epoch 1040 | Train: Loss=0.0020 Acc=99.9% | Test: Acc=91.4% | Best=91.4%(@1040)
  from x3: 0.87 0.89 0.92 0.92 0.92 0.92 0.92 0.92 0.92 0.92 0.92 0.92 0.92
  per-rule acc: 0.95 0.88
Epoch 1060 | Train: Loss=0.0737 Acc=98.7% | Test: Acc=78.0% | Best=91.4%(@1040)
  from x3: 0.71 0.75 0.78 0.78 0.79 0.79 0.79 0.79 0.79 0.79 0.79 0.79 0.79
  per-rule acc: 0.83 0.73
Epoch 1080 | Train: Loss=0.0018 Acc=99.9% | Test: Acc=91.8% | Best=91.8%(@1080)
  from x3: 0.87 0.90 0.92 0.92 0.92 0.92 0.92 0.92 0.92 0.93 0.93 0.93 0.92
  per-rule acc: 0.95 0.88
Epoch 1100 | Train: Loss=0.0264 Acc=99.5% | Test: Acc=84.3% | Best=91.8%(@1080)
  from x3: 0.77 0.82 0.84 0.84 0.85 0.85 0.85 0.85 0.86 0.85 0.86 0.86 0.85
  per-rule acc: 0.89 0.79
Epoch 1120 | Train: Loss=0.0018 Acc=99.9% | Test: Acc=92.4% | Best=92.4%(@1120)
  from x3: 0.87 0.91 0.92 0.93 0.93 0.93 0.93 0.93 0.93 0.93 0.93 0.93 0.93
  per-rule acc: 0.96 0.89
Epoch 1140 | Train: Loss=0.0023 Acc=99.9% | Test: Acc=94.6% | Best=94.6%(@1140)
  from x3: 0.88 0.93 0.95 0.95 0.95 0.95 0.95 0.95 0.95 0.96 0.96 0.96 0.95
  per-rule acc: 0.96 0.93
Epoch 1160 | Train: Loss=0.0084 Acc=99.9% | Test: Acc=90.4% | Best=94.6%(@1140)
  from x3: 0.83 0.89 0.90 0.91 0.91 0.91 0.91 0.91 0.91 0.92 0.92 0.92 0.92
  per-rule acc: 0.95 0.86
Epoch 1180 | Train: Loss=0.0019 Acc=99.9% | Test: Acc=94.5% | Best=94.6%(@1140)
  from x3: 0.89 0.93 0.94 0.95 0.95 0.95 0.95 0.95 0.95 0.95 0.95 0.95 0.95
  per-rule acc: 0.96 0.93
Epoch 1200 | Train: Loss=0.0023 Acc=99.9% | Test: Acc=96.1% | Best=96.1%(@1200)
  from x3: 0.90 0.94 0.96 0.97 0.97 0.97 0.97 0.97 0.97 0.97 0.97 0.97 0.97
  per-rule acc: 0.97 0.95
Epoch 1220 | Train: Loss=0.0035 Acc=99.9% | Test: Acc=90.6% | Best=96.1%(@1200)
  from x3: 0.84 0.88 0.91 0.91 0.91 0.91 0.91 0.91 0.92 0.91 0.92 0.92 0.92
  per-rule acc: 0.93 0.88
Epoch 1240 | Train: Loss=0.0017 Acc=99.9% | Test: Acc=95.5% | Best=96.1%(@1200)
  from x3: 0.90 0.94 0.95 0.96 0.96 0.96 0.96 0.96 0.96 0.96 0.96 0.96 0.96
  per-rule acc: 0.97 0.94
Epoch 1260 | Train: Loss=0.0022 Acc=99.9% | Test: Acc=96.3% | Best=96.3%(@1260)
  from x3: 0.90 0.95 0.97 0.97 0.97 0.97 0.97 0.97 0.97 0.97 0.97 0.97 0.97
  per-rule acc: 0.97 0.95
Epoch 1280 | Train: Loss=0.0016 Acc=99.9% | Test: Acc=94.7% | Best=96.3%(@1260)
  from x3: 0.89 0.93 0.95 0.95 0.95 0.95 0.95 0.95 0.96 0.96 0.96 0.96 0.96
  per-rule acc: 0.96 0.93
Epoch 1300 | Train: Loss=0.0021 Acc=99.9% | Test: Acc=96.4% | Best=96.4%(@1300)
  from x3: 0.90 0.95 0.96 0.97 0.97 0.97 0.97 0.97 0.97 0.97 0.97 0.97 0.97
  per-rule acc: 0.97 0.96
Epoch 1320 | Train: Loss=0.0156 Acc=99.7% | Test: Acc=90.3% | Best=96.4%(@1300)
  from x3: 0.82 0.88 0.90 0.91 0.91 0.91 0.91 0.91 0.91 0.92 0.91 0.92 0.92
  per-rule acc: 0.93 0.88
Epoch 1340 | Train: Loss=0.0017 Acc=99.9% | Test: Acc=96.5% | Best=96.5%(@1340)
  from x3: 0.90 0.95 0.96 0.97 0.97 0.97 0.97 0.97 0.98 0.97 0.98 0.97 0.98
  per-rule acc: 0.98 0.95
Epoch 1360 | Train: Loss=0.0022 Acc=99.9% | Test: Acc=97.3% | Best=97.3%(@1360)
  from x3: 0.91 0.96 0.97 0.98 0.98 0.98 0.98 0.98 0.98 0.98 0.98 0.98 0.98
  per-rule acc: 0.98 0.97
Epoch 1380 | Train: Loss=0.0269 Acc=99.7% | Test: Acc=90.2% | Best=97.3%(@1360)
  from x3: 0.80 0.88 0.90 0.91 0.91 0.91 0.91 0.91 0.92 0.92 0.92 0.92 0.92
  per-rule acc: 0.94 0.87
Epoch 1400 | Train: Loss=0.0017 Acc=99.9% | Test: Acc=96.7% | Best=97.3%(@1360)
  from x3: 0.90 0.95 0.97 0.97 0.97 0.98 0.98 0.98 0.98 0.98 0.98 0.98 0.98
  per-rule acc: 0.97 0.96
Epoch 1420 | Train: Loss=0.0518 Acc=99.1% | Test: Acc=87.8% | Best=97.3%(@1360)
  from x3: 0.74 0.85 0.87 0.89 0.89 0.89 0.89 0.90 0.90 0.90 0.90 0.90 0.90
  per-rule acc: 0.93 0.83
Epoch 1440 | Train: Loss=0.0018 Acc=99.9% | Test: Acc=97.1% | Best=97.3%(@1360)
  from x3: 0.90 0.96 0.97 0.98 0.98 0.98 0.98 0.98 0.98 0.98 0.98 0.98 0.98
  per-rule acc: 0.98 0.96
Epoch 1460 | Train: Loss=0.0023 Acc=99.9% | Test: Acc=97.8% | Best=97.8%(@1460)
  from x3: 0.91 0.97 0.98 0.98 0.98 0.99 0.99 0.99 0.99 0.99 0.99 0.99 0.99
  per-rule acc: 0.98 0.98
Epoch 1480 | Train: Loss=0.0017 Acc=99.9% | Test: Acc=95.6% | Best=97.8%(@1460)
  from x3: 0.90 0.94 0.96 0.96 0.96 0.96 0.96 0.97 0.97 0.97 0.97 0.97 0.97
  per-rule acc: 0.97 0.94
Epoch 1500 | Train: Loss=0.0020 Acc=99.9% | Test: Acc=97.3% | Best=97.8%(@1460)
  from x3: 0.91 0.96 0.98 0.98 0.98 0.98 0.98 0.98 0.98 0.98 0.98 0.98 0.98
  per-rule acc: 0.98 0.97
Epoch 1520 | Train: Loss=0.0619 Acc=99.0% | Test: Acc=88.6% | Best=97.8%(@1460)
  from x3: 0.77 0.85 0.87 0.89 0.90 0.90 0.90 0.90 0.90 0.91 0.91 0.91 0.91
  per-rule acc: 0.92 0.85
Epoch 1540 | Train: Loss=0.0017 Acc=99.9% | Test: Acc=96.9% | Best=97.8%(@1460)
  from x3: 0.91 0.96 0.97 0.97 0.98 0.98 0.98 0.98 0.98 0.98 0.98 0.98 0.98
  per-rule acc: 0.98 0.96
Epoch 1560 | Train: Loss=0.0022 Acc=99.9% | Test: Acc=97.8% | Best=97.8%(@1560)
  from x3: 0.91 0.97 0.98 0.98 0.98 0.99 0.99 0.99 0.99 0.99 0.99 0.99 0.99
  per-rule acc: 0.98 0.97
Epoch 1580 | Train: Loss=0.0028 Acc=99.9% | Test: Acc=95.4% | Best=97.8%(@1560)
  from x3: 0.87 0.94 0.95 0.96 0.96 0.96 0.96 0.96 0.96 0.96 0.96 0.96 0.96
  per-rule acc: 0.97 0.94
Epoch 1600 | Train: Loss=0.0020 Acc=99.9% | Test: Acc=97.8% | Best=97.8%(@1560)
  from x3: 0.91 0.97 0.98 0.98 0.98 0.99 0.99 0.99 0.99 0.99 0.99 0.99 0.99
  per-rule acc: 0.98 0.98
Epoch 1620 | Train: Loss=0.0592 Acc=98.7% | Test: Acc=88.0% | Best=97.8%(@1560)
  from x3: 0.73 0.85 0.88 0.89 0.89 0.90 0.90 0.90 0.90 0.90 0.90 0.90 0.90
  per-rule acc: 0.91 0.85
Epoch 1640 | Train: Loss=0.0017 Acc=99.9% | Test: Acc=97.4% | Best=97.8%(@1560)
  from x3: 0.91 0.96 0.97 0.98 0.98 0.98 0.98 0.98 0.98 0.98 0.98 0.98 0.98
  per-rule acc: 0.98 0.97
Epoch 1660 | Train: Loss=0.0021 Acc=99.9% | Test: Acc=98.0% | Best=98.0%(@1660)
  from x3: 0.92 0.97 0.98 0.98 0.99 0.99 0.99 0.99 0.99 0.99 0.99 0.99 0.99
  per-rule acc: 0.98 0.98
Epoch 1680 | Train: Loss=0.0016 Acc=99.9% | Test: Acc=96.8% | Best=98.0%(@1660)
  from x3: 0.91 0.96 0.97 0.97 0.97 0.97 0.97 0.98 0.98 0.98 0.98 0.98 0.98
  per-rule acc: 0.98 0.96
Epoch 1700 | Train: Loss=0.0020 Acc=99.9% | Test: Acc=97.8% | Best=98.0%(@1660)
  from x3: 0.91 0.97 0.98 0.98 0.99 0.99 0.99 0.99 0.99 0.99 0.99 0.99 0.99
  per-rule acc: 0.98 0.98
Epoch 1720 | Train: Loss=0.0023 Acc=99.9% | Test: Acc=98.1% | Best=98.1%(@1720)
  from x3: 0.91 0.97 0.98 0.99 0.99 0.99 0.99 0.99 0.99 0.99 0.99 0.99 0.99
  per-rule acc: 0.98 0.98
Epoch 1740 | Train: Loss=0.0016 Acc=99.9% | Test: Acc=97.5% | Best=98.1%(@1720)
  from x3: 0.91 0.96 0.97 0.98 0.98 0.98 0.98 0.98 0.98 0.98 0.98 0.98 0.98
  per-rule acc: 0.98 0.97
Epoch 1760 | Train: Loss=0.0021 Acc=99.9% | Test: Acc=98.3% | Best=98.3%(@1760)
  from x3: 0.91 0.97 0.98 0.99 0.99 0.99 0.99 0.99 0.99 0.99 0.99 0.99 0.99
  per-rule acc: 0.98 0.98
Epoch 1780 | Train: Loss=0.0026 Acc=99.9% | Test: Acc=94.3% | Best=98.3%(@1760)
  from x3: 0.87 0.93 0.94 0.95 0.95 0.95 0.95 0.95 0.95 0.95 0.95 0.95 0.95
  per-rule acc: 0.96 0.92
Epoch 1800 | Train: Loss=0.0019 Acc=99.9% | Test: Acc=98.2% | Best=98.3%(@1760)
  from x3: 0.92 0.97 0.98 0.99 0.99 0.99 0.99 0.99 0.99 0.99 0.99 0.99 0.99
  per-rule acc: 0.98 0.98
Epoch 1820 | Train: Loss=0.0473 Acc=99.2% | Test: Acc=89.5% | Best=98.3%(@1760)
  from x3: 0.76 0.87 0.89 0.90 0.91 0.91 0.91 0.91 0.91 0.91 0.91 0.91 0.91
  per-rule acc: 0.92 0.87
Epoch 1840 | Train: Loss=0.0017 Acc=99.9% | Test: Acc=97.6% | Best=98.3%(@1760)
  from x3: 0.91 0.97 0.97 0.98 0.98 0.98 0.98 0.98 0.99 0.99 0.99 0.99 0.99
  per-rule acc: 0.98 0.97
Epoch 1860 | Train: Loss=0.0023 Acc=99.9% | Test: Acc=98.2% | Best=98.3%(@1760)
  from x3: 0.91 0.97 0.98 0.99 0.99 0.99 0.99 0.99 0.99 0.99 0.99 0.99 0.99
  per-rule acc: 0.98 0.98
Epoch 1880 | Train: Loss=0.0016 Acc=99.9% | Test: Acc=97.7% | Best=98.3%(@1760)
  from x3: 0.91 0.97 0.98 0.98 0.98 0.98 0.99 0.99 0.99 0.99 0.99 0.99 0.99
  per-rule acc: 0.98 0.98
Epoch 1900 | Train: Loss=0.0021 Acc=99.9% | Test: Acc=98.1% | Best=98.3%(@1760)
  from x3: 0.91 0.97 0.98 0.99 0.99 0.99 0.99 0.99 0.99 0.99 0.99 0.99 0.99
  per-rule acc: 0.98 0.98
Epoch 1920 | Train: Loss=0.0019 Acc=99.9% | Test: Acc=96.9% | Best=98.3%(@1760)
  from x3: 0.90 0.95 0.97 0.97 0.97 0.98 0.98 0.98 0.98 0.98 0.98 0.98 0.98
  per-rule acc: 0.97 0.96
Epoch 1940 | Train: Loss=0.0020 Acc=99.9% | Test: Acc=98.0% | Best=98.3%(@1760)
  from x3: 0.91 0.97 0.98 0.98 0.99 0.99 0.99 0.99 0.99 0.99 0.99 0.99 0.99
  per-rule acc: 0.98 0.98
Epoch 1960 | Train: Loss=0.0073 Acc=99.9% | Test: Acc=94.8% | Best=98.3%(@1760)
  from x3: 0.86 0.93 0.94 0.95 0.96 0.96 0.96 0.96 0.96 0.96 0.96 0.96 0.96
  per-rule acc: 0.96 0.93
Epoch 1980 | Train: Loss=0.0019 Acc=99.9% | Test: Acc=98.1% | Best=98.3%(@1760)
  from x3: 0.91 0.97 0.98 0.98 0.99 0.99 0.99 0.99 0.99 0.99 0.99 0.99 0.99
  per-rule acc: 0.98 0.98
Epoch 2000 | Train: Loss=0.0023 Acc=99.9% | Test: Acc=98.4% | Best=98.4%(@2000)
  from x3: 0.91 0.97 0.98 0.99 0.99 0.99 0.99 0.99 0.99 0.99 0.99 0.99 0.99
  per-rule acc: 0.98 0.99
Epoch 2020 | Train: Loss=0.0015 Acc=99.9% | Test: Acc=97.7% | Best=98.4%(@2000)
  from x3: 0.92 0.96 0.98 0.98 0.98 0.98 0.98 0.99 0.99 0.99 0.99 0.99 0.99
  per-rule acc: 0.98 0.97
Epoch 2040 | Train: Loss=0.0021 Acc=99.9% | Test: Acc=98.1% | Best=98.4%(@2000)
  from x3: 0.91 0.97 0.98 0.99 0.99 0.99 0.99 0.99 0.99 0.99 0.99 0.99 0.99
  per-rule acc: 0.98 0.98
Epoch 2060 | Train: Loss=0.0061 Acc=99.9% | Test: Acc=94.6% | Best=98.4%(@2000)
  from x3: 0.87 0.92 0.94 0.95 0.95 0.95 0.96 0.96 0.96 0.96 0.96 0.96 0.96
  per-rule acc: 0.95 0.94
Epoch 2080 | Train: Loss=0.0018 Acc=99.9% | Test: Acc=98.0% | Best=98.4%(@2000)
  from x3: 0.91 0.97 0.98 0.98 0.99 0.99 0.99 0.99 0.99 0.99 0.99 0.99 0.99
  per-rule acc: 0.99 0.97
Epoch 2100 | Train: Loss=0.0022 Acc=99.9% | Test: Acc=98.3% | Best=98.4%(@2000)
  from x3: 0.91 0.97 0.98 0.99 0.99 0.99 0.99 0.99 0.99 0.99 0.99 0.99 0.99
  per-rule acc: 0.98 0.98
Epoch 2120 | Train: Loss=0.0019 Acc=99.9% | Test: Acc=97.1% | Best=98.4%(@2000)
  from x3: 0.90 0.95 0.97 0.98 0.98 0.98 0.98 0.98 0.98 0.98 0.98 0.98 0.98
  per-rule acc: 0.98 0.96
Epoch 2140 | Train: Loss=0.0020 Acc=99.9% | Test: Acc=98.3% | Best=98.4%(@2000)
  from x3: 0.91 0.97 0.98 0.99 0.99 0.99 0.99 0.99 0.99 0.99 0.99 0.99 0.99
  per-rule acc: 0.98 0.98
Epoch 2160 | Train: Loss=0.0129 Acc=99.8% | Test: Acc=94.2% | Best=98.4%(@2000)
  from x3: 0.84 0.92 0.94 0.95 0.95 0.95 0.95 0.96 0.96 0.96 0.96 0.96 0.96
  per-rule acc: 0.96 0.92
Epoch 2180 | Train: Loss=0.0018 Acc=99.9% | Test: Acc=98.3% | Best=98.4%(@2000)
  from x3: 0.91 0.97 0.98 0.99 0.99 0.99 0.99 0.99 0.99 0.99 0.99 0.99 0.99
  per-rule acc: 0.98 0.98
Epoch 2200 | Train: Loss=0.0022 Acc=99.9% | Test: Acc=98.4% | Best=98.4%(@2200)
  from x3: 0.91 0.98 0.99 0.99 0.99 0.99 0.99 0.99 0.99 0.99 0.99 0.99 0.99
  per-rule acc: 0.98 0.99
Epoch 2220 | Train: Loss=0.0018 Acc=99.9% | Test: Acc=96.8% | Best=98.4%(@2200)
  from x3: 0.90 0.96 0.97 0.97 0.97 0.97 0.98 0.98 0.98 0.98 0.98 0.98 0.98
  per-rule acc: 0.98 0.96
Epoch 2240 | Train: Loss=0.0020 Acc=99.9% | Test: Acc=98.3% | Best=98.4%(@2200)
  from x3: 0.92 0.97 0.98 0.99 0.99 0.99 0.99 0.99 0.99 0.99 0.99 0.99 0.99
  per-rule acc: 0.98 0.99
Epoch 2260 | Train: Loss=0.0027 Acc=99.9% | Test: Acc=98.1% | Best=98.4%(@2200)
  from x3: 0.90 0.97 0.98 0.99 0.99 0.99 0.99 0.99 0.99 0.99 0.99 0.99 0.99
  per-rule acc: 0.98 0.98
Epoch 2280 | Train: Loss=0.0016 Acc=99.9% | Test: Acc=97.9% | Best=98.4%(@2200)
  from x3: 0.91 0.97 0.98 0.98 0.98 0.98 0.99 0.99 0.99 0.99 0.99 0.99 0.99
  per-rule acc: 0.98 0.98
Epoch 2300 | Train: Loss=0.0021 Acc=99.9% | Test: Acc=98.4% | Best=98.4%(@2200)
  from x3: 0.92 0.97 0.98 0.99 0.99 0.99 0.99 0.99 0.99 0.99 0.99 0.99 0.99
  per-rule acc: 0.98 0.98
Epoch 2320 | Train: Loss=0.0485 Acc=99.0% | Test: Acc=81.7% | Best=98.4%(@2200)
  from x3: 0.62 0.79 0.82 0.82 0.83 0.84 0.84 0.84 0.84 0.84 0.84 0.84 0.84
  per-rule acc: 0.86 0.77
Epoch 2340 | Train: Loss=0.0016 Acc=99.9% | Test: Acc=98.3% | Best=98.4%(@2200)
  from x3: 0.92 0.97 0.98 0.99 0.99 0.99 0.99 0.99 0.99 0.99 0.99 0.99 0.99
  per-rule acc: 0.98 0.99
Epoch 2360 | Train: Loss=0.0021 Acc=99.9% | Test: Acc=98.3% | Best=98.4%(@2200)
  from x3: 0.92 0.98 0.98 0.99 0.99 0.99 0.99 0.99 0.99 0.99 0.99 0.99 0.99
  per-rule acc: 0.98 0.99
Epoch 2380 | Train: Loss=0.0022 Acc=99.9% | Test: Acc=97.4% | Best=98.4%(@2200)
  from x3: 0.90 0.96 0.97 0.98 0.98 0.98 0.98 0.98 0.98 0.98 0.98 0.98 0.98
  per-rule acc: 0.98 0.97
Epoch 2400 | Train: Loss=0.0020 Acc=99.9% | Test: Acc=98.1% | Best=98.4%(@2200)
  from x3: 0.91 0.97 0.98 0.99 0.99 0.99 0.99 0.99 0.99 0.99 0.99 0.99 0.99
  per-rule acc: 0.98 0.98
Epoch 2420 | Train: Loss=0.0023 Acc=99.9% | Test: Acc=98.3% | Best=98.4%(@2200)
  from x3: 0.90 0.97 0.99 0.99 0.99 0.99 0.99 0.99 0.99 0.99 0.99 0.99 0.99
  per-rule acc: 0.98 0.99
Epoch 2440 | Train: Loss=0.0016 Acc=99.9% | Test: Acc=97.7% | Best=98.4%(@2200)
  from x3: 0.91 0.96 0.98 0.98 0.98 0.98 0.99 0.99 0.99 0.99 0.99 0.99 0.99
  per-rule acc: 0.98 0.97
Epoch 2460 | Train: Loss=0.0020 Acc=99.9% | Test: Acc=98.2% | Best=98.4%(@2200)
  from x3: 0.92 0.97 0.98 0.99 0.99 0.99 0.99 0.99 0.99 0.99 0.99 0.99 0.99
  per-rule acc: 0.98 0.98
Epoch 2480 | Train: Loss=0.0380 Acc=99.4% | Test: Acc=91.8% | Best=98.4%(@2200)
  from x3: 0.77 0.90 0.91 0.93 0.93 0.93 0.93 0.93 0.94 0.94 0.94 0.94 0.94
  per-rule acc: 0.94 0.90
Epoch 2500 | Train: Loss=0.0016 Acc=99.9% | Test: Acc=97.6% | Best=98.4%(@2200)
  from x3: 0.91 0.97 0.98 0.98 0.98 0.98 0.98 0.98 0.98 0.98 0.99 0.99 0.99
  per-rule acc: 0.98 0.97
Epoch 2520 | Train: Loss=0.0020 Acc=99.9% | Test: Acc=98.2% | Best=98.4%(@2200)
  from x3: 0.91 0.97 0.98 0.99 0.99 0.99 0.99 0.99 0.99 0.99 0.99 0.99 0.99
  per-rule acc: 0.98 0.98
Epoch 2540 | Train: Loss=0.0241 Acc=99.6% | Test: Acc=91.8% | Best=98.4%(@2200)
  from x3: 0.79 0.89 0.92 0.93 0.93 0.93 0.93 0.93 0.93 0.94 0.94 0.94 0.94
  per-rule acc: 0.93 0.90
Epoch 2560 | Train: Loss=0.0016 Acc=99.9% | Test: Acc=97.5% | Best=98.4%(@2200)
  from x3: 0.91 0.96 0.97 0.98 0.98 0.98 0.98 0.98 0.98 0.99 0.99 0.99 0.99
  per-rule acc: 0.98 0.97
Epoch 2580 | Train: Loss=0.0020 Acc=99.9% | Test: Acc=98.1% | Best=98.4%(@2200)
  from x3: 0.91 0.97 0.98 0.98 0.99 0.99 0.99 0.99 0.99 0.99 0.99 0.99 0.99
  per-rule acc: 0.98 0.98
Epoch 2600 | Train: Loss=0.0437 Acc=99.2% | Test: Acc=90.3% | Best=98.4%(@2200)
  from x3: 0.77 0.87 0.90 0.91 0.91 0.92 0.92 0.92 0.92 0.92 0.92 0.93 0.93
  per-rule acc: 0.93 0.88
Epoch 2620 | Train: Loss=0.0017 Acc=99.9% | Test: Acc=98.2% | Best=98.4%(@2200)
  from x3: 0.92 0.97 0.98 0.98 0.99 0.99 0.99 0.99 0.99 0.99 0.99 0.99 0.99
  per-rule acc: 0.99 0.98
Epoch 2640 | Train: Loss=0.0021 Acc=99.9% | Test: Acc=98.4% | Best=98.4%(@2200)
  from x3: 0.92 0.98 0.99 0.99 0.99 0.99 0.99 0.99 0.99 0.99 0.99 0.99 0.99
  per-rule acc: 0.99 0.98
Epoch 2660 | Train: Loss=0.0016 Acc=99.9% | Test: Acc=98.0% | Best=98.4%(@2200)
  from x3: 0.92 0.97 0.98 0.98 0.99 0.99 0.99 0.99 0.99 0.99 0.99 0.99 0.99
  per-rule acc: 0.98 0.98
Epoch 2680 | Train: Loss=0.0020 Acc=99.9% | Test: Acc=98.3% | Best=98.4%(@2200)
  from x3: 0.92 0.97 0.99 0.99 0.99 0.99 0.99 0.99 0.99 0.99 0.99 0.99 0.99
  per-rule acc: 0.98 0.98
Epoch 2700 | Train: Loss=0.0385 Acc=99.4% | Test: Acc=91.6% | Best=98.4%(@2200)
  from x3: 0.79 0.88 0.91 0.92 0.93 0.93 0.93 0.93 0.93 0.94 0.94 0.94 0.94
  per-rule acc: 0.94 0.89
Epoch 2720 | Train: Loss=0.0017 Acc=99.9% | Test: Acc=98.4% | Best=98.4%(@2200)
  from x3: 0.92 0.97 0.98 0.99 0.99 0.99 0.99 0.99 0.99 0.99 0.99 0.99 0.99
  per-rule acc: 0.98 0.99
Epoch 2740 | Train: Loss=0.0021 Acc=99.9% | Test: Acc=98.5% | Best=98.5%(@2740)
  from x3: 0.91 0.98 0.98 0.99 0.99 0.99 0.99 0.99 0.99 0.99 0.99 0.99 1.00
  per-rule acc: 0.98 0.99
Epoch 2760 | Train: Loss=0.0058 Acc=99.9% | Test: Acc=94.8% | Best=98.5%(@2740)
  from x3: 0.86 0.93 0.95 0.95 0.96 0.96 0.96 0.96 0.96 0.96 0.96 0.96 0.96
  per-rule acc: 0.96 0.93
Epoch 2780 | Train: Loss=0.0018 Acc=99.9% | Test: Acc=98.4% | Best=98.5%(@2740)
  from x3: 0.92 0.98 0.98 0.99 0.99 0.99 0.99 0.99 0.99 0.99 0.99 0.99 0.99
  per-rule acc: 0.98 0.99
Epoch 2800 | Train: Loss=0.0026 Acc=99.9% | Test: Acc=98.2% | Best=98.5%(@2740)
  from x3: 0.91 0.97 0.98 0.99 0.99 0.99 0.99 0.99 0.99 0.99 0.99 0.99 0.99
  per-rule acc: 0.98 0.98
Epoch 2820 | Train: Loss=0.0015 Acc=99.9% | Test: Acc=98.1% | Best=98.5%(@2740)
  from x3: 0.91 0.97 0.98 0.98 0.99 0.99 0.99 0.99 0.99 0.99 0.99 0.99 0.99
  per-rule acc: 0.98 0.98
Epoch 2840 | Train: Loss=0.0019 Acc=99.9% | Test: Acc=98.2% | Best=98.5%(@2740)
  from x3: 0.91 0.97 0.98 0.99 0.99 0.99 0.99 0.99 0.99 0.99 0.99 0.99 0.99
  per-rule acc: 0.98 0.98
Epoch 2860 | Train: Loss=0.0022 Acc=99.9% | Test: Acc=98.1% | Best=98.5%(@2740)
  from x3: 0.91 0.97 0.98 0.99 0.99 0.99 0.99 0.99 0.99 0.99 0.99 0.99 0.99
  per-rule acc: 0.98 0.98
Epoch 2880 | Train: Loss=0.0016 Acc=99.9% | Test: Acc=97.4% | Best=98.5%(@2740)
  from x3: 0.91 0.96 0.97 0.98 0.98 0.98 0.98 0.98 0.98 0.98 0.98 0.98 0.98
  per-rule acc: 0.98 0.97
Epoch 2900 | Train: Loss=0.0022 Acc=99.9% | Test: Acc=97.9% | Best=98.5%(@2740)
  from x3: 0.91 0.97 0.98 0.98 0.99 0.99 0.99 0.99 0.99 0.99 0.99 0.99 0.99
  per-rule acc: 0.98 0.98
Epoch 2920 | Train: Loss=0.0021 Acc=99.9% | Test: Acc=98.4% | Best=98.5%(@2740)
  from x3: 0.91 0.97 0.98 0.99 0.99 0.99 0.99 0.99 0.99 0.99 0.99 0.99 0.99
  per-rule acc: 0.98 0.99
Epoch 2940 | Train: Loss=0.0025 Acc=99.9% | Test: Acc=96.2% | Best=98.5%(@2740)
  from x3: 0.89 0.95 0.96 0.97 0.97 0.97 0.97 0.97 0.97 0.97 0.97 0.97 0.97
  per-rule acc: 0.97 0.95
Epoch 2960 | Train: Loss=0.0018 Acc=99.9% | Test: Acc=98.2% | Best=98.5%(@2740)
  from x3: 0.91 0.97 0.98 0.99 0.99 0.99 0.99 0.99 0.99 0.99 0.99 0.99 0.99
  per-rule acc: 0.98 0.98
Epoch 2980 | Train: Loss=0.0015 Acc=99.9% | Test: Acc=97.9% | Best=98.5%(@2740)
  from x3: 0.91 0.97 0.98 0.98 0.98 0.99 0.99 0.99 0.99 0.99 0.99 0.99 0.99
  per-rule acc: 0.98 0.98
Epoch 3000 | Train: Loss=0.0020 Acc=99.9% | Test: Acc=98.3% | Best=98.5%(@2740)
  from x3: 0.91 0.97 0.98 0.99 0.99 0.99 0.99 0.99 0.99 0.99 0.99 0.99 0.99
  per-rule acc: 0.98 0.98
Epoch 3020 | Train: Loss=0.0372 Acc=99.4% | Test: Acc=89.6% | Best=98.5%(@2740)
  from x3: 0.73 0.87 0.89 0.90 0.91 0.91 0.92 0.91 0.92 0.92 0.92 0.92 0.92
  per-rule acc: 0.93 0.87
Epoch 3040 | Train: Loss=0.0017 Acc=99.9% | Test: Acc=98.2% | Best=98.5%(@2740)
  from x3: 0.91 0.97 0.98 0.99 0.99 0.99 0.99 0.99 0.99 0.99 0.99 0.99 0.99
  per-rule acc: 0.98 0.98
Epoch 3060 | Train: Loss=0.0021 Acc=99.9% | Test: Acc=98.5% | Best=98.5%(@2740)
  from x3: 0.91 0.97 0.99 0.99 0.99 0.99 0.99 0.99 0.99 0.99 0.99 0.99 0.99
  per-rule acc: 0.98 0.99
Epoch 3080 | Train: Loss=0.0059 Acc=99.9% | Test: Acc=95.9% | Best=98.5%(@2740)
  from x3: 0.86 0.94 0.96 0.96 0.97 0.97 0.97 0.97 0.97 0.97 0.97 0.97 0.97
  per-rule acc: 0.96 0.96
Epoch 3100 | Train: Loss=0.0017 Acc=99.9% | Test: Acc=98.3% | Best=98.5%(@2740)
  from x3: 0.93 0.98 0.98 0.99 0.99 0.99 0.99 0.99 0.99 0.99 0.99 0.99 0.99
  per-rule acc: 0.98 0.98
Epoch 3120 | Train: Loss=0.0021 Acc=99.9% | Test: Acc=98.5% | Best=98.5%(@2740)
  from x3: 0.91 0.98 0.98 0.99 0.99 0.99 0.99 0.99 0.99 0.99 0.99 0.99 0.99
  per-rule acc: 0.98 0.99
Epoch 3140 | Train: Loss=0.0066 Acc=99.9% | Test: Acc=95.5% | Best=98.5%(@2740)
  from x3: 0.87 0.93 0.95 0.96 0.96 0.96 0.97 0.97 0.97 0.97 0.97 0.97 0.97
  per-rule acc: 0.96 0.95
Epoch 3160 | Train: Loss=0.0018 Acc=99.9% | Test: Acc=98.3% | Best=98.5%(@2740)
  from x3: 0.92 0.97 0.98 0.99 0.99 0.99 0.99 0.99 0.99 0.99 0.99 0.99 0.99
  per-rule acc: 0.98 0.98
Epoch 3180 | Train: Loss=0.0021 Acc=99.9% | Test: Acc=98.3% | Best=98.5%(@2740)
  from x3: 0.91 0.97 0.98 0.99 0.99 0.99 0.99 0.99 0.99 0.99 0.99 0.99 0.99
  per-rule acc: 0.98 0.98
Epoch 3200 | Train: Loss=0.0017 Acc=99.9% | Test: Acc=97.9% | Best=98.5%(@2740)
  from x3: 0.92 0.97 0.98 0.98 0.99 0.99 0.99 0.99 0.99 0.99 0.99 0.99 0.99
  per-rule acc: 0.99 0.97
Epoch 3220 | Train: Loss=0.0019 Acc=99.9% | Test: Acc=98.5% | Best=98.5%(@2740)
  from x3: 0.92 0.98 0.99 0.99 0.99 0.99 0.99 0.99 0.99 0.99 0.99 0.99 0.99
  per-rule acc: 0.99 0.98
Epoch 3240 | Train: Loss=0.0024 Acc=99.9% | Test: Acc=98.3% | Best=98.5%(@2740)
  from x3: 0.91 0.97 0.98 0.99 0.99 0.99 0.99 0.99 0.99 0.99 0.99 0.99 0.99
  per-rule acc: 0.99 0.98
Epoch 3260 | Train: Loss=0.0041 Acc=99.9% | Test: Acc=96.3% | Best=98.5%(@2740)
  from x3: 0.88 0.95 0.96 0.97 0.97 0.97 0.97 0.97 0.97 0.98 0.98 0.98 0.98
  per-rule acc: 0.97 0.96
Epoch 3280 | Train: Loss=0.0018 Acc=99.9% | Test: Acc=98.2% | Best=98.5%(@2740)
  from x3: 0.92 0.97 0.98 0.99 0.99 0.99 0.99 0.99 0.99 0.99 0.99 0.99 0.99
  per-rule acc: 0.98 0.98
Epoch 3300 | Train: Loss=0.0025 Acc=99.9% | Test: Acc=97.3% | Best=98.5%(@2740)
  from x3: 0.91 0.96 0.97 0.97 0.98 0.98 0.98 0.98 0.98 0.98 0.98 0.98 0.98
  per-rule acc: 0.98 0.97
Epoch 3320 | Train: Loss=0.0019 Acc=99.9% | Test: Acc=98.2% | Best=98.5%(@2740)
  from x3: 0.91 0.98 0.98 0.98 0.99 0.99 0.99 0.99 0.99 0.99 0.99 0.99 0.99
  per-rule acc: 0.98 0.98
Epoch 3340 | Train: Loss=0.0021 Acc=99.9% | Test: Acc=98.1% | Best=98.5%(@2740)
  from x3: 0.91 0.98 0.98 0.99 0.99 0.99 0.99 0.99 0.99 0.99 0.99 0.99 0.99
  per-rule acc: 0.98 0.98
Epoch 3360 | Train: Loss=0.0015 Acc=99.9% | Test: Acc=98.3% | Best=98.5%(@2740)
  from x3: 0.91 0.97 0.98 0.99 0.99 0.99 0.99 0.99 0.99 0.99 0.99 0.99 0.99
  per-rule acc: 0.99 0.98
Epoch 3380 | Train: Loss=0.0019 Acc=99.9% | Test: Acc=98.5% | Best=98.5%(@2740)
  from x3: 0.91 0.97 0.99 0.99 0.99 0.99 0.99 0.99 0.99 0.99 0.99 0.99 0.99
  per-rule acc: 0.99 0.98
Epoch 3400 | Train: Loss=0.0142 Acc=99.8% | Test: Acc=93.6% | Best=98.5%(@2740)
  from x3: 0.82 0.92 0.94 0.95 0.94 0.95 0.95 0.95 0.95 0.95 0.95 0.95 0.95
  per-rule acc: 0.95 0.92
Epoch 3420 | Train: Loss=0.0017 Acc=99.9% | Test: Acc=98.3% | Best=98.5%(@2740)
  from x3: 0.92 0.97 0.98 0.99 0.99 0.99 0.99 0.99 0.99 0.99 0.99 0.99 0.99
  per-rule acc: 0.98 0.98
Epoch 3440 | Train: Loss=0.0020 Acc=99.9% | Test: Acc=98.5% | Best=98.5%(@2740)
  from x3: 0.92 0.98 0.98 0.99 0.99 0.99 0.99 0.99 0.99 0.99 0.99 0.99 0.99
  per-rule acc: 0.99 0.98
Epoch 3460 | Train: Loss=0.0142 Acc=99.8% | Test: Acc=94.9% | Best=98.5%(@2740)
  from x3: 0.84 0.94 0.95 0.95 0.96 0.96 0.96 0.96 0.96 0.96 0.96 0.96 0.96
  per-rule acc: 0.97 0.93
Epoch 3480 | Train: Loss=0.0016 Acc=99.9% | Test: Acc=98.2% | Best=98.5%(@2740)
  from x3: 0.92 0.97 0.98 0.99 0.99 0.99 0.99 0.99 0.99 0.99 0.99 0.99 0.99
  per-rule acc: 0.98 0.98
Epoch 3500 | Train: Loss=0.0020 Acc=99.9% | Test: Acc=98.2% | Best=98.5%(@2740)
  from x3: 0.92 0.97 0.98 0.99 0.99 0.99 0.99 0.99 0.99 0.99 0.99 0.99 0.99
  per-rule acc: 0.98 0.98
Epoch 3520 | Train: Loss=0.0318 Acc=99.5% | Test: Acc=92.6% | Best=98.5%(@2740)
  from x3: 0.81 0.90 0.92 0.93 0.94 0.94 0.94 0.94 0.94 0.94 0.94 0.94 0.94
  per-rule acc: 0.94 0.91
Epoch 3540 | Train: Loss=0.0016 Acc=99.9% | Test: Acc=98.4% | Best=98.5%(@2740)
  from x3: 0.92 0.98 0.99 0.99 0.99 0.99 0.99 0.99 0.99 0.99 0.99 0.99 0.99
  per-rule acc: 0.99 0.98
Epoch 3560 | Train: Loss=0.0020 Acc=99.9% | Test: Acc=98.4% | Best=98.5%(@2740)
  from x3: 0.92 0.98 0.99 0.99 0.99 0.99 0.99 0.99 0.99 0.99 0.99 0.99 0.99
  per-rule acc: 0.99 0.98
Epoch 3580 | Train: Loss=0.0026 Acc=99.9% | Test: Acc=96.8% | Best=98.5%(@2740)
  from x3: 0.90 0.96 0.97 0.97 0.97 0.97 0.97 0.98 0.98 0.98 0.98 0.98 0.98
  per-rule acc: 0.97 0.96
Epoch 3600 | Train: Loss=0.0018 Acc=99.9% | Test: Acc=98.3% | Best=98.5%(@2740)
  from x3: 0.92 0.97 0.98 0.99 0.99 0.99 0.99 0.99 0.99 0.99 0.99 0.99 0.99
  per-rule acc: 0.99 0.98
Epoch 3620 | Train: Loss=0.0021 Acc=99.9% | Test: Acc=98.3% | Best=98.5%(@2740)
  from x3: 0.91 0.97 0.99 0.99 0.99 0.99 0.99 0.99 0.99 0.99 0.99 0.99 0.99
  per-rule acc: 0.98 0.98
Epoch 3640 | Train: Loss=0.0019 Acc=99.9% | Test: Acc=97.6% | Best=98.5%(@2740)
  from x3: 0.90 0.96 0.97 0.98 0.98 0.98 0.99 0.99 0.99 0.99 0.99 0.99 0.99
  per-rule acc: 0.98 0.98
Epoch 3660 | Train: Loss=0.0019 Acc=99.9% | Test: Acc=98.7% | Best=98.7%(@3660)
  from x3: 0.92 0.98 0.99 0.99 0.99 0.99 0.99 1.00 1.00 1.00 1.00 1.00 1.00
  per-rule acc: 0.99 0.99
Epoch 3680 | Train: Loss=0.0084 Acc=99.8% | Test: Acc=92.1% | Best=98.7%(@3660)
  from x3: 0.78 0.91 0.92 0.93 0.93 0.94 0.94 0.94 0.94 0.94 0.94 0.94 0.94
  per-rule acc: 0.93 0.91
Epoch 3700 | Train: Loss=0.0019 Acc=99.9% | Test: Acc=97.3% | Best=98.7%(@3660)
  from x3: 0.90 0.96 0.97 0.98 0.98 0.98 0.98 0.98 0.98 0.98 0.98 0.98 0.98
  per-rule acc: 0.98 0.96
Epoch 3720 | Train: Loss=0.0031 Acc=99.9% | Test: Acc=96.6% | Best=98.7%(@3660)
  from x3: 0.90 0.96 0.97 0.97 0.97 0.97 0.97 0.97 0.98 0.98 0.98 0.98 0.98
  per-rule acc: 0.98 0.96
Epoch 3740 | Train: Loss=0.0019 Acc=99.9% | Test: Acc=98.3% | Best=98.7%(@3660)
  from x3: 0.92 0.98 0.98 0.99 0.99 0.99 0.99 0.99 0.99 0.99 0.99 0.99 0.99
  per-rule acc: 0.98 0.98
Epoch 3760 | Train: Loss=0.0016 Acc=99.9% | Test: Acc=98.2% | Best=98.7%(@3660)
  from x3: 0.92 0.97 0.98 0.99 0.99 0.99 0.99 0.99 0.99 0.99 0.99 0.99 0.99
  per-rule acc: 0.98 0.98
Epoch 3780 | Train: Loss=0.0019 Acc=99.9% | Test: Acc=98.3% | Best=98.7%(@3660)
  from x3: 0.92 0.97 0.98 0.99 0.99 0.99 0.99 0.99 0.99 0.99 0.99 0.99 0.99
  per-rule acc: 0.98 0.98
Epoch 3800 | Train: Loss=0.0022 Acc=99.9% | Test: Acc=98.2% | Best=98.7%(@3660)
  from x3: 0.91 0.97 0.98 0.99 0.99 0.99 0.99 0.99 0.99 0.99 0.99 0.99 0.99
  per-rule acc: 0.98 0.98
Epoch 3820 | Train: Loss=0.0043 Acc=99.9% | Test: Acc=95.5% | Best=98.7%(@3660)
  from x3: 0.88 0.94 0.95 0.96 0.96 0.96 0.96 0.96 0.97 0.97 0.97 0.97 0.97
  per-rule acc: 0.97 0.94
Epoch 3840 | Train: Loss=0.0017 Acc=99.9% | Test: Acc=98.3% | Best=98.7%(@3660)
  from x3: 0.91 0.97 0.98 0.99 0.99 0.99 0.99 0.99 0.99 0.99 0.99 0.99 0.99
  per-rule acc: 0.98 0.98
Epoch 3860 | Train: Loss=0.0020 Acc=99.9% | Test: Acc=98.4% | Best=98.7%(@3660)
  from x3: 0.91 0.98 0.98 0.99 0.99 0.99 0.99 0.99 0.99 0.99 0.99 0.99 0.99
  per-rule acc: 0.98 0.98
Epoch 3880 | Train: Loss=0.0050 Acc=99.9% | Test: Acc=95.8% | Best=98.7%(@3660)
  from x3: 0.87 0.94 0.95 0.96 0.96 0.97 0.97 0.97 0.97 0.97 0.97 0.97 0.97
  per-rule acc: 0.97 0.95
Epoch 3900 | Train: Loss=0.0017 Acc=99.9% | Test: Acc=98.4% | Best=98.7%(@3660)
  from x3: 0.92 0.97 0.98 0.99 0.99 0.99 0.99 0.99 0.99 0.99 0.99 0.99 0.99
  per-rule acc: 0.98 0.98
Epoch 3920 | Train: Loss=0.0276 Acc=99.6% | Test: Acc=93.0% | Best=98.7%(@3660)
  from x3: 0.81 0.90 0.93 0.94 0.94 0.94 0.94 0.95 0.95 0.95 0.95 0.95 0.95
  per-rule acc: 0.94 0.92
Epoch 3940 | Train: Loss=0.0017 Acc=99.9% | Test: Acc=98.4% | Best=98.7%(@3660)
  from x3: 0.92 0.98 0.98 0.99 0.99 0.99 0.99 0.99 0.99 0.99 0.99 0.99 0.99
  per-rule acc: 0.98 0.98
Epoch 3960 | Train: Loss=0.0019 Acc=99.9% | Test: Acc=98.4% | Best=98.7%(@3660)
  from x3: 0.91 0.98 0.98 0.99 0.99 0.99 0.99 0.99 0.99 0.99 0.99 0.99 0.99
  per-rule acc: 0.98 0.98
Epoch 3980 | Train: Loss=0.0100 Acc=99.9% | Test: Acc=94.5% | Best=98.7%(@3660)
  from x3: 0.86 0.93 0.94 0.95 0.95 0.95 0.95 0.96 0.96 0.96 0.96 0.96 0.96
  per-rule acc: 0.97 0.92
Epoch 4000 | Train: Loss=0.0017 Acc=99.9% | Test: Acc=98.4% | Best=98.7%(@3660)
  from x3: 0.92 0.97 0.99 0.99 0.99 0.99 0.99 0.99 0.99 0.99 0.99 0.99 0.99
  per-rule acc: 0.99 0.98
Epoch 4020 | Train: Loss=0.0023 Acc=99.9% | Test: Acc=98.3% | Best=98.7%(@3660)
  from x3: 0.92 0.98 0.98 0.99 0.99 0.99 0.99 0.99 0.99 0.99 0.99 0.99 0.99
  per-rule acc: 0.99 0.98
Epoch 4040 | Train: Loss=0.0016 Acc=99.9% | Test: Acc=98.3% | Best=98.7%(@3660)
  from x3: 0.92 0.98 0.98 0.99 0.99 0.99 0.99 0.99 0.99 0.99 0.99 0.99 0.99
  per-rule acc: 0.99 0.98
Epoch 4060 | Train: Loss=0.0019 Acc=99.9% | Test: Acc=98.4% | Best=98.7%(@3660)
  from x3: 0.92 0.98 0.99 0.99 0.99 0.99 0.99 0.99 0.99 0.99 0.99 0.99 0.99
  per-rule acc: 0.99 0.98
Epoch 4080 | Train: Loss=0.0020 Acc=99.9% | Test: Acc=98.3% | Best=98.7%(@3660)
  from x3: 0.91 0.98 0.99 0.99 0.99 0.99 0.99 0.99 0.99 0.99 0.99 0.99 0.99
  per-rule acc: 0.98 0.98
Epoch 4100 | Train: Loss=0.0018 Acc=99.9% | Test: Acc=97.8% | Best=98.7%(@3660)
  from x3: 0.91 0.97 0.98 0.98 0.98 0.99 0.99 0.99 0.99 0.99 0.99 0.99 0.99
  per-rule acc: 0.98 0.98
Epoch 4120 | Train: Loss=0.0018 Acc=99.9% | Test: Acc=98.5% | Best=98.7%(@3660)
  from x3: 0.92 0.98 0.99 0.99 0.99 0.99 0.99 0.99 0.99 0.99 0.99 0.99 0.99
  per-rule acc: 0.99 0.98
Epoch 4140 | Train: Loss=0.0020 Acc=99.9% | Test: Acc=98.4% | Best=98.7%(@3660)
  from x3: 0.91 0.97 0.99 0.99 0.99 0.99 0.99 0.99 0.99 0.99 0.99 0.99 0.99
  per-rule acc: 0.98 0.98
Epoch 4160 | Train: Loss=0.0029 Acc=99.9% | Test: Acc=96.4% | Best=98.7%(@3660)
  from x3: 0.88 0.95 0.96 0.97 0.97 0.97 0.97 0.97 0.97 0.97 0.97 0.97 0.97
  per-rule acc: 0.98 0.95
Epoch 4180 | Train: Loss=0.0017 Acc=99.9% | Test: Acc=98.5% | Best=98.7%(@3660)
  from x3: 0.92 0.98 0.99 0.99 0.99 0.99 0.99 0.99 0.99 0.99 0.99 0.99 0.99
  per-rule acc: 0.99 0.98
Epoch 4200 | Train: Loss=0.0020 Acc=99.9% | Test: Acc=98.4% | Best=98.7%(@3660)
  from x3: 0.91 0.98 0.99 0.99 0.99 0.99 0.99 0.99 0.99 0.99 0.99 0.99 0.99
  per-rule acc: 0.98 0.98
Epoch 4220 | Train: Loss=0.0097 Acc=99.9% | Test: Acc=95.0% | Best=98.7%(@3660)
  from x3: 0.87 0.94 0.95 0.95 0.96 0.96 0.96 0.96 0.96 0.96 0.96 0.96 0.96
  per-rule acc: 0.97 0.93
Epoch 4240 | Train: Loss=0.0017 Acc=99.9% | Test: Acc=98.4% | Best=98.7%(@3660)
  from x3: 0.92 0.98 0.98 0.99 0.99 0.99 0.99 0.99 0.99 0.99 0.99 0.99 0.99
  per-rule acc: 0.98 0.98
Epoch 4260 | Train: Loss=0.0019 Acc=99.9% | Test: Acc=98.5% | Best=98.7%(@3660)
  from x3: 0.92 0.98 0.99 0.99 0.99 0.99 0.99 0.99 0.99 0.99 0.99 0.99 0.99
  per-rule acc: 0.99 0.99
Epoch 4280 | Train: Loss=0.0186 Acc=99.8% | Test: Acc=93.8% | Best=98.7%(@3660)
  from x3: 0.83 0.93 0.94 0.95 0.95 0.95 0.95 0.95 0.95 0.95 0.95 0.95 0.95
  per-rule acc: 0.96 0.91
Epoch 4300 | Train: Loss=0.0016 Acc=99.9% | Test: Acc=98.3% | Best=98.7%(@3660)
  from x3: 0.92 0.98 0.98 0.99 0.99 0.99 0.99 0.99 0.99 0.99 0.99 0.99 0.99
  per-rule acc: 0.98 0.98
Epoch 4320 | Train: Loss=0.0019 Acc=99.9% | Test: Acc=98.4% | Best=98.7%(@3660)
  from x3: 0.92 0.98 0.98 0.99 0.99 0.99 0.99 0.99 0.99 0.99 0.99 0.99 0.99
  per-rule acc: 0.98 0.99
Epoch 4340 | Train: Loss=0.0059 Acc=99.9% | Test: Acc=96.8% | Best=98.7%(@3660)
  from x3: 0.89 0.95 0.96 0.97 0.97 0.98 0.98 0.98 0.98 0.98 0.98 0.98 0.98
  per-rule acc: 0.97 0.96
Epoch 4360 | Train: Loss=0.0017 Acc=99.9% | Test: Acc=98.5% | Best=98.7%(@3660)
  from x3: 0.92 0.98 0.98 0.99 0.99 0.99 0.99 0.99 0.99 0.99 0.99 0.99 0.99
  per-rule acc: 0.98 0.99
Epoch 4380 | Train: Loss=0.0019 Acc=99.9% | Test: Acc=98.5% | Best=98.7%(@3660)
  from x3: 0.92 0.98 0.99 0.99 0.99 0.99 0.99 0.99 0.99 0.99 0.99 0.99 0.99
  per-rule acc: 0.98 0.99
Epoch 4400 | Train: Loss=0.0019 Acc=99.9% | Test: Acc=97.9% | Best=98.7%(@3660)
  from x3: 0.92 0.97 0.98 0.98 0.98 0.98 0.98 0.99 0.99 0.99 0.99 0.99 0.99
  per-rule acc: 0.98 0.98
Epoch 4420 | Train: Loss=0.0018 Acc=99.9% | Test: Acc=98.5% | Best=98.7%(@3660)
  from x3: 0.92 0.98 0.99 0.99 0.99 0.99 0.99 0.99 0.99 0.99 0.99 0.99 0.99
  per-rule acc: 0.98 0.99
Epoch 4440 | Train: Loss=0.0020 Acc=99.9% | Test: Acc=98.3% | Best=98.7%(@3660)
  from x3: 0.92 0.97 0.99 0.99 0.99 0.99 0.99 0.99 0.99 0.99 0.99 0.99 0.99
  per-rule acc: 0.98 0.98
Epoch 4460 | Train: Loss=0.0020 Acc=99.9% | Test: Acc=98.2% | Best=98.7%(@3660)
  from x3: 0.91 0.97 0.98 0.99 0.99 0.99 0.99 0.99 0.99 0.99 0.99 0.99 0.99
  per-rule acc: 0.98 0.98
Epoch 4480 | Train: Loss=0.0017 Acc=99.9% | Test: Acc=98.7% | Best=98.7%(@4480)
  from x3: 0.93 0.98 0.99 0.99 0.99 0.99 0.99 0.99 1.00 0.99 0.99 0.99 0.99
  per-rule acc: 0.99 0.99
Epoch 4500 | Train: Loss=0.0020 Acc=99.9% | Test: Acc=98.7% | Best=98.7%(@4480)
  from x3: 0.92 0.98 0.99 0.99 0.99 0.99 0.99 0.99 0.99 0.99 0.99 0.99 0.99
  per-rule acc: 0.98 0.99
Epoch 4520 | Train: Loss=0.0041 Acc=99.9% | Test: Acc=96.8% | Best=98.7%(@4480)
  from x3: 0.89 0.96 0.97 0.97 0.97 0.97 0.98 0.98 0.98 0.98 0.98 0.98 0.98
  per-rule acc: 0.97 0.96
Epoch 4540 | Train: Loss=0.0017 Acc=99.9% | Test: Acc=98.5% | Best=98.7%(@4480)
  from x3: 0.93 0.98 0.98 0.99 0.99 0.99 0.99 0.99 0.99 0.99 0.99 0.99 0.99
  per-rule acc: 0.99 0.98
Epoch 4560 | Train: Loss=0.0019 Acc=99.9% | Test: Acc=98.6% | Best=98.7%(@4480)
  from x3: 0.92 0.98 0.99 0.99 0.99 0.99 0.99 0.99 0.99 0.99 0.99 0.99 0.99
  per-rule acc: 0.98 0.99
Epoch 4580 | Train: Loss=0.0066 Acc=99.9% | Test: Acc=95.3% | Best=98.7%(@4480)
  from x3: 0.86 0.94 0.95 0.96 0.96 0.96 0.96 0.96 0.97 0.97 0.97 0.97 0.97
  per-rule acc: 0.96 0.94
Epoch 4600 | Train: Loss=0.0017 Acc=99.9% | Test: Acc=98.5% | Best=98.7%(@4480)
  from x3: 0.93 0.98 0.98 0.99 0.99 0.99 0.99 0.99 0.99 0.99 0.99 0.99 0.99
  per-rule acc: 0.99 0.98
Epoch 4620 | Train: Loss=0.0019 Acc=99.9% | Test: Acc=98.5% | Best=98.7%(@4480)
  from x3: 0.93 0.98 0.99 0.99 0.99 0.99 0.99 0.99 0.99 0.99 0.99 0.99 0.99
  per-rule acc: 0.99 0.98
Epoch 4640 | Train: Loss=0.0046 Acc=99.9% | Test: Acc=96.0% | Best=98.7%(@4480)
  from x3: 0.89 0.95 0.96 0.96 0.96 0.97 0.97 0.97 0.97 0.97 0.97 0.97 0.97
  per-rule acc: 0.97 0.95
Epoch 4660 | Train: Loss=0.0017 Acc=99.9% | Test: Acc=98.5% | Best=98.7%(@4480)
  from x3: 0.92 0.98 0.98 0.99 0.99 0.99 0.99 0.99 0.99 0.99 0.99 0.99 0.99
  per-rule acc: 0.99 0.98
Epoch 4680 | Train: Loss=0.0019 Acc=99.9% | Test: Acc=98.4% | Best=98.7%(@4480)
  from x3: 0.92 0.98 0.98 0.99 0.99 0.99 0.99 0.99 0.99 0.99 0.99 0.99 0.99
  per-rule acc: 0.98 0.98
Epoch 4700 | Train: Loss=0.0135 Acc=99.8% | Test: Acc=95.5% | Best=98.7%(@4480)
  from x3: 0.84 0.94 0.95 0.96 0.97 0.97 0.97 0.97 0.97 0.97 0.97 0.97 0.97
  per-rule acc: 0.97 0.94
Epoch 4720 | Train: Loss=0.0016 Acc=99.9% | Test: Acc=98.5% | Best=98.7%(@4480)
  from x3: 0.93 0.98 0.98 0.99 0.99 0.99 0.99 0.99 0.99 0.99 0.99 0.99 0.99
  per-rule acc: 0.99 0.98
Epoch 4740 | Train: Loss=0.0019 Acc=99.9% | Test: Acc=98.6% | Best=98.7%(@4480)
  from x3: 0.92 0.98 0.98 0.99 0.99 0.99 0.99 0.99 0.99 0.99 0.99 0.99 0.99
  per-rule acc: 0.99 0.99
Epoch 4760 | Train: Loss=0.0019 Acc=99.9% | Test: Acc=98.5% | Best=98.7%(@4480)
  from x3: 0.92 0.98 0.98 0.99 0.99 0.99 0.99 0.99 0.99 0.99 0.99 0.99 0.99
  per-rule acc: 0.99 0.98
Epoch 4780 | Train: Loss=0.0025 Acc=99.9% | Test: Acc=97.1% | Best=98.7%(@4480)
  from x3: 0.90 0.96 0.97 0.98 0.98 0.98 0.98 0.98 0.98 0.98 0.98 0.98 0.98
  per-rule acc: 0.97 0.97
Epoch 4800 | Train: Loss=0.0017 Acc=99.9% | Test: Acc=98.4% | Best=98.7%(@4480)
  from x3: 0.93 0.97 0.98 0.99 0.99 0.99 0.99 0.99 0.99 0.99 0.99 0.99 0.99
  per-rule acc: 0.99 0.98
Epoch 4820 | Train: Loss=0.0019 Acc=99.9% | Test: Acc=98.3% | Best=98.7%(@4480)
  from x3: 0.92 0.97 0.98 0.99 0.99 0.99 0.99 0.99 0.99 0.99 0.99 0.99 0.99
  per-rule acc: 0.98 0.98
Epoch 4840 | Train: Loss=0.0040 Acc=99.9% | Test: Acc=96.2% | Best=98.7%(@4480)
  from x3: 0.88 0.95 0.96 0.97 0.97 0.97 0.97 0.97 0.97 0.97 0.97 0.97 0.97
  per-rule acc: 0.97 0.95
Epoch 4860 | Train: Loss=0.0017 Acc=99.9% | Test: Acc=98.6% | Best=98.7%(@4480)
  from x3: 0.93 0.98 0.98 0.99 0.99 0.99 0.99 0.99 0.99 0.99 0.99 0.99 0.99
  per-rule acc: 0.99 0.98
Epoch 4880 | Train: Loss=0.0018 Acc=99.9% | Test: Acc=98.5% | Best=98.7%(@4480)
  from x3: 0.93 0.98 0.99 0.99 0.99 0.99 0.99 0.99 0.99 0.99 0.99 0.99 0.99
  per-rule acc: 0.99 0.98
Epoch 4900 | Train: Loss=0.0050 Acc=99.9% | Test: Acc=96.8% | Best=98.7%(@4480)
  from x3: 0.89 0.96 0.97 0.97 0.98 0.98 0.98 0.98 0.98 0.98 0.98 0.98 0.98
  per-rule acc: 0.97 0.96
Epoch 4920 | Train: Loss=0.0016 Acc=99.9% | Test: Acc=98.4% | Best=98.7%(@4480)
  from x3: 0.93 0.98 0.98 0.99 0.99 0.99 0.99 0.99 0.99 0.99 0.99 0.99 0.99
  per-rule acc: 0.98 0.98
Epoch 4940 | Train: Loss=0.0019 Acc=99.9% | Test: Acc=98.3% | Best=98.7%(@4480)
  from x3: 0.92 0.98 0.98 0.99 0.99 0.99 0.99 0.99 0.99 0.99 0.99 0.99 0.99
  per-rule acc: 0.98 0.98
Epoch 4960 | Train: Loss=0.0343 Acc=99.6% | Test: Acc=93.9% | Best=98.7%(@4480)
  from x3: 0.83 0.91 0.94 0.95 0.95 0.95 0.95 0.95 0.96 0.95 0.96 0.96 0.96
  per-rule acc: 0.94 0.94
Epoch 4980 | Train: Loss=0.0051 Acc=99.9% | Test: Acc=95.2% | Best=98.7%(@4480)
  from x3: 0.87 0.94 0.95 0.96 0.96 0.96 0.96 0.96 0.96 0.96 0.96 0.96 0.96
  per-rule acc: 0.97 0.93
Epoch 5000 | Train: Loss=0.0049 Acc=99.9% | Test: Acc=95.7% | Best=98.7%(@4480)
  from x3: 0.88 0.95 0.96 0.96 0.97 0.97 0.97 0.97 0.97 0.97 0.97 0.97 0.97
  per-rule acc: 0.98 0.94
Epoch 5020 | Train: Loss=0.0016 Acc=99.9% | Test: Acc=98.5% | Best=98.7%(@4480)
  from x3: 0.93 0.97 0.98 0.99 0.99 0.99 0.99 0.99 0.99 0.99 0.99 0.99 0.99
  per-rule acc: 0.99 0.98
Epoch 5040 | Train: Loss=0.0019 Acc=99.9% | Test: Acc=98.3% | Best=98.7%(@4480)
  from x3: 0.93 0.98 0.98 0.99 0.99 0.99 0.99 0.99 0.99 0.99 0.99 0.99 0.99
  per-rule acc: 0.99 0.98
Epoch 5060 | Train: Loss=0.0016 Acc=99.9% | Test: Acc=98.3% | Best=98.7%(@4480)
  from x3: 0.92 0.98 0.98 0.99 0.99 0.99 0.99 0.99 0.99 0.99 0.99 0.99 0.99
  per-rule acc: 0.99 0.98
Epoch 5080 | Train: Loss=0.0017 Acc=99.9% | Test: Acc=98.5% | Best=98.7%(@4480)
  from x3: 0.92 0.98 0.99 0.99 0.99 0.99 0.99 0.99 0.99 0.99 0.99 0.99 0.99
  per-rule acc: 0.98 0.99
Epoch 5100 | Train: Loss=0.0019 Acc=99.9% | Test: Acc=98.4% | Best=98.7%(@4480)
  from x3: 0.92 0.98 0.99 0.99 0.99 0.99 0.99 0.99 0.99 0.99 0.99 0.99 0.99
  per-rule acc: 0.98 0.99
Epoch 5120 | Train: Loss=0.0124 Acc=99.9% | Test: Acc=95.3% | Best=98.7%(@4480)
  from x3: 0.86 0.94 0.95 0.96 0.96 0.96 0.96 0.96 0.96 0.96 0.97 0.97 0.97
  per-rule acc: 0.97 0.93
Epoch 5140 | Train: Loss=0.0016 Acc=99.9% | Test: Acc=98.3% | Best=98.7%(@4480)
  from x3: 0.93 0.97 0.98 0.99 0.99 0.99 0.99 0.99 0.99 0.99 0.99 0.99 0.99
  per-rule acc: 0.98 0.98
Epoch 5160 | Train: Loss=0.0018 Acc=99.9% | Test: Acc=98.3% | Best=98.7%(@4480)
  from x3: 0.92 0.97 0.98 0.99 0.99 0.99 0.99 0.99 0.99 0.99 0.99 0.99 0.99
  per-rule acc: 0.98 0.98
Epoch 5180 | Train: Loss=0.0018 Acc=99.9% | Test: Acc=98.5% | Best=98.7%(@4480)
  from x3: 0.92 0.97 0.99 0.99 0.99 0.99 0.99 0.99 0.99 1.00 0.99 0.99 0.99
  per-rule acc: 0.98 0.99
Epoch 5200 | Train: Loss=0.0022 Acc=99.9% | Test: Acc=97.5% | Best=98.7%(@4480)
  from x3: 0.91 0.97 0.98 0.98 0.98 0.98 0.98 0.98 0.98 0.98 0.98 0.98 0.98
  per-rule acc: 0.97 0.98
Epoch 5220 | Train: Loss=0.0016 Acc=99.9% | Test: Acc=98.4% | Best=98.7%(@4480)
  from x3: 0.93 0.98 0.99 0.99 0.99 0.99 0.99 0.99 0.99 0.99 0.99 0.99 0.99
  per-rule acc: 0.98 0.99
Epoch 5240 | Train: Loss=0.0018 Acc=99.9% | Test: Acc=98.4% | Best=98.7%(@4480)
  from x3: 0.92 0.98 0.98 0.99 0.99 0.99 0.99 0.99 0.99 0.99 0.99 0.99 0.99
  per-rule acc: 0.98 0.99
Epoch 5260 | Train: Loss=0.0019 Acc=99.9% | Test: Acc=98.5% | Best=98.7%(@4480)
  from x3: 0.92 0.98 0.99 0.99 0.99 0.99 0.99 0.99 0.99 0.99 0.99 0.99 0.99
  per-rule acc: 0.98 0.99
Epoch 5280 | Train: Loss=0.0032 Acc=99.9% | Test: Acc=96.2% | Best=98.7%(@4480)
  from x3: 0.88 0.95 0.96 0.97 0.97 0.97 0.97 0.97 0.97 0.97 0.97 0.97 0.97
  per-rule acc: 0.97 0.95
Epoch 5300 | Train: Loss=0.0016 Acc=99.9% | Test: Acc=98.5% | Best=98.7%(@4480)
  from x3: 0.93 0.98 0.99 0.99 0.99 0.99 0.99 0.99 0.99 0.99 0.99 0.99 0.99
  per-rule acc: 0.99 0.98
Epoch 5320 | Train: Loss=0.0017 Acc=99.9% | Test: Acc=98.5% | Best=98.7%(@4480)
  from x3: 0.92 0.98 0.99 0.99 0.99 0.99 0.99 0.99 0.99 0.99 0.99 0.99 0.99
  per-rule acc: 0.98 0.99
Epoch 5340 | Train: Loss=0.0069 Acc=99.9% | Test: Acc=95.6% | Best=98.7%(@4480)
  from x3: 0.87 0.94 0.95 0.96 0.96 0.97 0.96 0.97 0.97 0.97 0.97 0.97 0.97
  per-rule acc: 0.96 0.95
Epoch 5360 | Train: Loss=0.0015 Acc=99.9% | Test: Acc=98.1% | Best=98.7%(@4480)
  from x3: 0.92 0.97 0.98 0.98 0.99 0.99 0.99 0.99 0.99 0.99 0.99 0.99 0.99
  per-rule acc: 0.98 0.98
Epoch 5380 | Train: Loss=0.0017 Acc=99.9% | Test: Acc=98.4% | Best=98.7%(@4480)
  from x3: 0.92 0.98 0.98 0.99 0.99 0.99 0.99 0.99 0.99 0.99 0.99 0.99 0.99
  per-rule acc: 0.98 0.98
Epoch 5400 | Train: Loss=0.0018 Acc=99.9% | Test: Acc=98.4% | Best=98.7%(@4480)
  from x3: 0.92 0.98 0.99 0.99 0.99 0.99 0.99 0.99 0.99 0.99 0.99 0.99 0.99
  per-rule acc: 0.98 0.98
Epoch 5420 | Train: Loss=0.0115 Acc=99.8% | Test: Acc=94.4% | Best=98.7%(@4480)
  from x3: 0.84 0.93 0.94 0.95 0.95 0.95 0.95 0.96 0.96 0.96 0.96 0.96 0.96
  per-rule acc: 0.96 0.93
Epoch 5440 | Train: Loss=0.0016 Acc=99.9% | Test: Acc=98.5% | Best=98.7%(@4480)
  from x3: 0.93 0.98 0.98 0.99 0.99 0.99 0.99 0.99 0.99 0.99 0.99 0.99 0.99
  per-rule acc: 0.99 0.98
Epoch 5460 | Train: Loss=0.0017 Acc=99.9% | Test: Acc=98.5% | Best=98.7%(@4480)
  from x3: 0.92 0.98 0.98 0.99 0.99 0.99 0.99 0.99 0.99 0.99 0.99 0.99 0.99
  per-rule acc: 0.99 0.98
Epoch 5480 | Train: Loss=0.0018 Acc=99.9% | Test: Acc=98.5% | Best=98.7%(@4480)
  from x3: 0.92 0.98 0.98 0.99 0.99 0.99 0.99 0.99 0.99 0.99 0.99 0.99 0.99
  per-rule acc: 0.98 0.99
Epoch 5500 | Train: Loss=0.0331 Acc=99.5% | Test: Acc=92.0% | Best=98.7%(@4480)
  from x3: 0.79 0.89 0.92 0.93 0.93 0.93 0.94 0.94 0.94 0.94 0.94 0.94 0.94
  per-rule acc: 0.95 0.89
Epoch 5520 | Train: Loss=0.0041 Acc=99.9% | Test: Acc=96.4% | Best=98.7%(@4480)
  from x3: 0.89 0.95 0.96 0.97 0.97 0.97 0.97 0.97 0.97 0.97 0.97 0.97 0.97
  per-rule acc: 0.97 0.96
Epoch 5540 | Train: Loss=0.0016 Acc=99.9% | Test: Acc=98.6% | Best=98.7%(@4480)
  from x3: 0.93 0.98 0.98 0.99 0.99 0.99 0.99 0.99 0.99 0.99 0.99 0.99 0.99
  per-rule acc: 0.99 0.98
Epoch 5560 | Train: Loss=0.0017 Acc=99.9% | Test: Acc=98.7% | Best=98.7%(@4480)
  from x3: 0.92 0.98 0.99 0.99 0.99 0.99 0.99 1.00 1.00 1.00 1.00 1.00 1.00
  per-rule acc: 0.99 0.99
Epoch 5580 | Train: Loss=0.0016 Acc=99.9% | Test: Acc=97.9% | Best=98.7%(@4480)
  from x3: 0.92 0.97 0.98 0.98 0.98 0.98 0.98 0.98 0.99 0.99 0.99 0.99 0.99
  per-rule acc: 0.98 0.97
Epoch 5600 | Train: Loss=0.0016 Acc=99.9% | Test: Acc=98.4% | Best=98.7%(@4480)
  from x3: 0.93 0.98 0.98 0.99 0.99 0.99 0.99 0.99 0.99 0.99 0.99 0.99 0.99
  per-rule acc: 0.99 0.98
Epoch 5620 | Train: Loss=0.0018 Acc=99.9% | Test: Acc=98.5% | Best=98.7%(@4480)
  from x3: 0.93 0.98 0.98 0.99 0.99 0.99 0.99 0.99 0.99 0.99 0.99 0.99 0.99
  per-rule acc: 0.99 0.98
Epoch 5640 | Train: Loss=0.0018 Acc=99.9% | Test: Acc=98.7% | Best=98.7%(@4480)
  from x3: 0.93 0.98 0.99 0.99 0.99 0.99 0.99 0.99 0.99 0.99 1.00 0.99 1.00
  per-rule acc: 0.99 0.99
Epoch 5660 | Train: Loss=0.0042 Acc=99.9% | Test: Acc=96.4% | Best=98.7%(@4480)
  from x3: 0.89 0.95 0.96 0.97 0.97 0.97 0.97 0.97 0.97 0.97 0.97 0.97 0.97
  per-rule acc: 0.97 0.96
Epoch 5680 | Train: Loss=0.0015 Acc=99.9% | Test: Acc=98.4% | Best=98.7%(@4480)
  from x3: 0.93 0.98 0.98 0.99 0.99 0.99 0.99 0.99 0.99 0.99 0.99 0.99 0.99
  per-rule acc: 0.99 0.98
Epoch 5700 | Train: Loss=0.0017 Acc=99.9% | Test: Acc=98.4% | Best=98.7%(@4480)
  from x3: 0.93 0.97 0.98 0.99 0.99 0.99 0.99 0.99 0.99 0.99 0.99 0.99 0.99
  per-rule acc: 0.98 0.98
Epoch 5720 | Train: Loss=0.0016 Acc=99.9% | Test: Acc=98.5% | Best=98.7%(@4480)
  from x3: 0.93 0.98 0.98 0.99 0.99 0.99 0.99 0.99 0.99 0.99 0.99 0.99 0.99
  per-rule acc: 0.99 0.98
Epoch 5740 | Train: Loss=0.0016 Acc=99.9% | Test: Acc=98.6% | Best=98.7%(@4480)
  from x3: 0.93 0.98 0.99 0.99 0.99 0.99 0.99 0.99 0.99 0.99 0.99 0.99 0.99
  per-rule acc: 0.99 0.98
Epoch 5760 | Train: Loss=0.0018 Acc=99.9% | Test: Acc=98.7% | Best=98.7%(@4480)
  from x3: 0.93 0.98 0.99 0.99 0.99 0.99 0.99 0.99 0.99 0.99 0.99 0.99 0.99
  per-rule acc: 0.99 0.99
Epoch 5780 | Train: Loss=0.0034 Acc=99.9% | Test: Acc=95.6% | Best=98.7%(@4480)
  from x3: 0.87 0.94 0.95 0.96 0.97 0.97 0.97 0.97 0.97 0.97 0.97 0.97 0.97
  per-rule acc: 0.97 0.95
Epoch 5800 | Train: Loss=0.0016 Acc=99.9% | Test: Acc=98.5% | Best=98.7%(@4480)
  from x3: 0.93 0.98 0.99 0.99 0.99 0.99 0.99 0.99 0.99 0.99 0.99 0.99 0.99
  per-rule acc: 0.99 0.98
Epoch 5820 | Train: Loss=0.0017 Acc=99.9% | Test: Acc=98.6% | Best=98.7%(@4480)
  from x3: 0.93 0.98 0.99 0.99 0.99 0.99 0.99 0.99 0.99 0.99 0.99 0.99 0.99
  per-rule acc: 0.99 0.99
Epoch 5840 | Train: Loss=0.0241 Acc=99.6% | Test: Acc=89.8% | Best=98.7%(@4480)
  from x3: 0.77 0.88 0.90 0.91 0.91 0.91 0.91 0.91 0.92 0.92 0.92 0.92 0.92
  per-rule acc: 0.92 0.87
Epoch 5860 | Train: Loss=0.0016 Acc=99.9% | Test: Acc=98.1% | Best=98.7%(@4480)
  from x3: 0.92 0.97 0.98 0.99 0.99 0.99 0.99 0.99 0.99 0.99 0.99 0.99 0.99
  per-rule acc: 0.99 0.98
Epoch 5880 | Train: Loss=0.0016 Acc=99.9% | Test: Acc=98.5% | Best=98.7%(@4480)
  from x3: 0.93 0.98 0.99 0.99 0.99 0.99 0.99 0.99 0.99 0.99 0.99 0.99 0.99
  per-rule acc: 0.99 0.98
Epoch 5900 | Train: Loss=0.0017 Acc=99.9% | Test: Acc=98.6% | Best=98.7%(@4480)
  from x3: 0.92 0.98 0.99 0.99 0.99 0.99 0.99 0.99 0.99 0.99 0.99 0.99 0.99
  per-rule acc: 0.99 0.99
Epoch 5920 | Train: Loss=0.0018 Acc=99.9% | Test: Acc=98.5% | Best=98.7%(@4480)
  from x3: 0.92 0.98 0.99 0.99 0.99 0.99 0.99 0.99 0.99 0.99 0.99 0.99 0.99
  per-rule acc: 0.98 0.99
Epoch 5940 | Train: Loss=0.0018 Acc=99.9% | Test: Acc=98.1% | Best=98.7%(@4480)
  from x3: 0.92 0.97 0.98 0.98 0.99 0.99 0.99 0.99 0.99 0.99 0.99 0.99 0.99
  per-rule acc: 0.98 0.98
Epoch 5960 | Train: Loss=0.0016 Acc=99.9% | Test: Acc=98.8% | Best=98.8%(@5960)
  from x3: 0.94 0.98 0.99 0.99 0.99 0.99 0.99 0.99 0.99 0.99 1.00 1.00 1.00
  per-rule acc: 0.99 0.99
Epoch 5980 | Train: Loss=0.0017 Acc=99.9% | Test: Acc=98.8% | Best=98.8%(@5960)
  from x3: 0.93 0.98 0.99 0.99 0.99 0.99 0.99 0.99 0.99 0.99 1.00 0.99 0.99
  per-rule acc: 0.99 0.99
Epoch 6000 | Train: Loss=0.0016 Acc=99.9% | Test: Acc=98.4% | Best=98.8%(@5960)
  from x3: 0.93 0.98 0.98 0.99 0.99 0.99 0.99 0.99 0.99 0.99 0.99 0.99 0.99
  per-rule acc: 0.98 0.99
Epoch 6020 | Train: Loss=0.0016 Acc=99.9% | Test: Acc=98.6% | Best=98.8%(@5960)
  from x3: 0.93 0.98 0.99 0.99 0.99 0.99 0.99 0.99 0.99 0.99 0.99 0.99 0.99
  per-rule acc: 0.99 0.99
Epoch 6040 | Train: Loss=0.0017 Acc=99.9% | Test: Acc=98.6% | Best=98.8%(@5960)
  from x3: 0.93 0.98 0.99 0.99 0.99 0.99 0.99 0.99 0.99 0.99 0.99 0.99 0.99
  per-rule acc: 0.98 0.99
Epoch 6060 | Train: Loss=0.0017 Acc=99.9% | Test: Acc=98.7% | Best=98.8%(@5960)
  from x3: 0.93 0.98 0.99 0.99 0.99 0.99 0.99 0.99 0.99 0.99 0.99 0.99 1.00
  per-rule acc: 0.99 0.99
Epoch 6080 | Train: Loss=0.0020 Acc=99.9% | Test: Acc=97.7% | Best=98.8%(@5960)
  from x3: 0.92 0.97 0.98 0.98 0.98 0.98 0.98 0.98 0.98 0.98 0.98 0.99 0.99
  per-rule acc: 0.98 0.97
Epoch 6100 | Train: Loss=0.0016 Acc=99.9% | Test: Acc=98.6% | Best=98.8%(@5960)
  from x3: 0.93 0.98 0.99 0.99 0.99 0.99 0.99 0.99 0.99 0.99 0.99 0.99 0.99
  per-rule acc: 0.99 0.98
Epoch 6120 | Train: Loss=0.0017 Acc=99.9% | Test: Acc=98.6% | Best=98.8%(@5960)
  from x3: 0.93 0.98 0.99 0.99 0.99 0.99 0.99 0.99 0.99 0.99 0.99 0.99 0.99
  per-rule acc: 0.99 0.99
Epoch 6140 | Train: Loss=0.0019 Acc=99.9% | Test: Acc=98.5% | Best=98.8%(@5960)
  from x3: 0.92 0.98 0.99 0.99 0.99 0.99 0.99 0.99 0.99 0.99 0.99 0.99 0.99
  per-rule acc: 0.98 0.98
Epoch 6160 | Train: Loss=0.0016 Acc=99.9% | Test: Acc=98.2% | Best=98.8%(@5960)
  from x3: 0.93 0.97 0.98 0.99 0.99 0.99 0.99 0.99 0.99 0.99 0.99 0.99 0.99
  per-rule acc: 0.98 0.98
Epoch 6180 | Train: Loss=0.0016 Acc=99.9% | Test: Acc=98.6% | Best=98.8%(@5960)
  from x3: 0.94 0.98 0.99 0.99 0.99 0.99 0.99 0.99 0.99 0.99 0.99 0.99 0.99
  per-rule acc: 0.99 0.99
Epoch 6200 | Train: Loss=0.0017 Acc=99.9% | Test: Acc=98.7% | Best=98.8%(@5960)
  from x3: 0.93 0.97 0.99 0.99 0.99 0.99 0.99 0.99 0.99 0.99 0.99 0.99 0.99
  per-rule acc: 0.99 0.99
Epoch 6220 | Train: Loss=0.0017 Acc=99.9% | Test: Acc=98.8% | Best=98.8%(@6220)
  from x3: 0.93 0.98 0.99 0.99 0.99 0.99 0.99 1.00 1.00 1.00 1.00 1.00 1.00
  per-rule acc: 0.99 0.99
Epoch 6240 | Train: Loss=0.0087 Acc=99.9% | Test: Acc=94.8% | Best=98.8%(@6220)
  from x3: 0.86 0.94 0.94 0.95 0.96 0.96 0.96 0.96 0.96 0.96 0.96 0.96 0.96
  per-rule acc: 0.97 0.92
Epoch 6260 | Train: Loss=0.0015 Acc=99.9% | Test: Acc=98.7% | Best=98.8%(@6220)
  from x3: 0.94 0.98 0.99 0.99 0.99 0.99 0.99 0.99 0.99 0.99 0.99 0.99 0.99
  per-rule acc: 0.99 0.98
Epoch 6280 | Train: Loss=0.0016 Acc=99.9% | Test: Acc=98.7% | Best=98.8%(@6220)
  from x3: 0.94 0.98 0.99 0.99 0.99 0.99 0.99 0.99 0.99 0.99 0.99 0.99 0.99
  per-rule acc: 0.99 0.99
Epoch 6300 | Train: Loss=0.0016 Acc=99.9% | Test: Acc=98.8% | Best=98.8%(@6300)
  from x3: 0.94 0.98 0.99 0.99 0.99 0.99 0.99 0.99 0.99 0.99 0.99 0.99 0.99
  per-rule acc: 0.99 0.99
Epoch 6320 | Train: Loss=0.0018 Acc=99.9% | Test: Acc=98.6% | Best=98.8%(@6300)
  from x3: 0.93 0.98 0.99 0.99 0.99 0.99 0.99 0.99 0.99 0.99 0.99 1.00 0.99
  per-rule acc: 0.99 0.99
Epoch 6340 | Train: Loss=0.0026 Acc=99.9% | Test: Acc=97.2% | Best=98.8%(@6300)
  from x3: 0.90 0.96 0.97 0.98 0.98 0.98 0.98 0.98 0.98 0.98 0.98 0.98 0.98
  per-rule acc: 0.98 0.97
Epoch 6360 | Train: Loss=0.0015 Acc=99.9% | Test: Acc=98.5% | Best=98.8%(@6300)
  from x3: 0.94 0.98 0.99 0.99 0.99 0.99 0.99 0.99 0.99 0.99 0.99 0.99 0.99
  per-rule acc: 0.99 0.98
Epoch 6380 | Train: Loss=0.0060 Acc=99.9% | Test: Acc=94.3% | Best=98.8%(@6300)
  from x3: 0.84 0.93 0.94 0.95 0.95 0.95 0.95 0.96 0.96 0.96 0.96 0.96 0.96
  per-rule acc: 0.96 0.93
Epoch 6400 | Train: Loss=0.0016 Acc=99.9% | Test: Acc=98.3% | Best=98.8%(@6300)
  from x3: 0.93 0.98 0.98 0.99 0.99 0.99 0.99 0.99 0.99 0.99 0.99 0.99 0.99
  per-rule acc: 0.99 0.98
Epoch 6420 | Train: Loss=0.0016 Acc=99.9% | Test: Acc=98.7% | Best=98.8%(@6300)
  from x3: 0.93 0.98 0.99 0.99 0.99 0.99 0.99 0.99 0.99 0.99 0.99 0.99 0.99
  per-rule acc: 0.99 0.99
Epoch 6440 | Train: Loss=0.0016 Acc=99.9% | Test: Acc=98.8% | Best=98.8%(@6300)
  from x3: 0.93 0.98 0.99 0.99 0.99 0.99 0.99 0.99 0.99 0.99 0.99 0.99 0.99
  per-rule acc: 0.99 0.99
Epoch 6460 | Train: Loss=0.0017 Acc=99.9% | Test: Acc=98.9% | Best=98.9%(@6460)
  from x3: 0.93 0.98 0.99 0.99 0.99 0.99 1.00 1.00 1.00 1.00 1.00 1.00 1.00
  per-rule acc: 0.99 0.99
Epoch 6480 | Train: Loss=0.0052 Acc=99.9% | Test: Acc=96.6% | Best=98.9%(@6460)
  from x3: 0.89 0.96 0.97 0.97 0.97 0.97 0.98 0.98 0.98 0.98 0.98 0.98 0.98
  per-rule acc: 0.98 0.96
Epoch 6500 | Train: Loss=0.0015 Acc=99.9% | Test: Acc=98.6% | Best=98.9%(@6460)
  from x3: 0.94 0.98 0.99 0.99 0.99 0.99 0.99 0.99 0.99 0.99 0.99 0.99 0.99
  per-rule acc: 0.99 0.98
Epoch 6520 | Train: Loss=0.0016 Acc=99.9% | Test: Acc=98.7% | Best=98.9%(@6460)
  from x3: 0.94 0.98 0.99 0.99 0.99 0.99 0.99 0.99 0.99 0.99 0.99 0.99 0.99
  per-rule acc: 0.99 0.99
Epoch 6540 | Train: Loss=0.0016 Acc=99.9% | Test: Acc=98.8% | Best=98.9%(@6460)
  from x3: 0.94 0.98 0.99 0.99 0.99 0.99 0.99 0.99 0.99 0.99 0.99 0.99 0.99
  per-rule acc: 0.99 0.99
Epoch 6560 | Train: Loss=0.0215 Acc=99.6% | Test: Acc=92.4% | Best=98.9%(@6460)
  from x3: 0.79 0.90 0.92 0.93 0.94 0.94 0.94 0.94 0.94 0.94 0.94 0.94 0.94
  per-rule acc: 0.94 0.91
Epoch 6580 | Train: Loss=0.0015 Acc=99.9% | Test: Acc=98.6% | Best=98.9%(@6460)
  from x3: 0.94 0.98 0.99 0.99 0.99 0.99 0.99 0.99 0.99 0.99 0.99 0.99 0.99
  per-rule acc: 0.99 0.99
Epoch 6600 | Train: Loss=0.0015 Acc=99.9% | Test: Acc=98.7% | Best=98.9%(@6460)
  from x3: 0.94 0.98 0.99 0.99 0.99 0.99 0.99 0.99 0.99 0.99 0.99 0.99 0.99
  per-rule acc: 0.99 0.99
Epoch 6620 | Train: Loss=0.0016 Acc=99.9% | Test: Acc=98.8% | Best=98.9%(@6460)
  from x3: 0.94 0.98 0.99 0.99 0.99 0.99 0.99 0.99 0.99 0.99 0.99 0.99 0.99
  per-rule acc: 0.99 0.99
Epoch 6640 | Train: Loss=0.0016 Acc=99.9% | Test: Acc=99.0% | Best=99.0%(@6640)
  from x3: 0.94 0.98 0.99 0.99 0.99 1.00 0.99 1.00 1.00 1.00 1.00 1.00 1.00
  per-rule acc: 0.99 0.99
Epoch 6660 | Train: Loss=0.0015 Acc=99.9% | Test: Acc=98.6% | Best=99.0%(@6640)
  from x3: 0.94 0.98 0.99 0.99 0.99 0.99 0.99 0.99 0.99 0.99 0.99 0.99 0.99
  per-rule acc: 0.99 0.98
Epoch 6680 | Train: Loss=0.0015 Acc=99.9% | Test: Acc=98.8% | Best=99.0%(@6640)
  from x3: 0.94 0.98 0.99 0.99 0.99 0.99 0.99 0.99 0.99 0.99 0.99 0.99 0.99
  per-rule acc: 0.99 0.99
Epoch 6700 | Train: Loss=0.0016 Acc=99.9% | Test: Acc=98.9% | Best=99.0%(@6640)
  from x3: 0.94 0.98 0.99 0.99 0.99 0.99 0.99 0.99 0.99 0.99 1.00 0.99 0.99
  per-rule acc: 0.99 0.99
Epoch 6720 | Train: Loss=0.0017 Acc=99.9% | Test: Acc=98.8% | Best=99.0%(@6640)
  from x3: 0.94 0.98 0.99 0.99 0.99 0.99 0.99 0.99 0.99 1.00 1.00 0.99 1.00
  per-rule acc: 0.99 0.99
Epoch 6740 | Train: Loss=0.0200 Acc=99.7% | Test: Acc=93.0% | Best=99.0%(@6640)
  from x3: 0.82 0.92 0.93 0.94 0.94 0.94 0.94 0.94 0.95 0.95 0.95 0.95 0.95
  per-rule acc: 0.96 0.90
Epoch 6760 | Train: Loss=0.0015 Acc=99.9% | Test: Acc=98.4% | Best=99.0%(@6640)
  from x3: 0.94 0.98 0.99 0.99 0.99 0.99 0.99 0.99 0.99 0.99 0.99 0.99 0.99
  per-rule acc: 0.99 0.98
Epoch 6780 | Train: Loss=0.0015 Acc=99.9% | Test: Acc=98.6% | Best=99.0%(@6640)
  from x3: 0.94 0.98 0.99 0.99 0.99 0.99 0.99 0.99 0.99 0.99 0.99 0.99 0.99
  per-rule acc: 0.99 0.98
Epoch 6800 | Train: Loss=0.0015 Acc=99.9% | Test: Acc=98.7% | Best=99.0%(@6640)
  from x3: 0.94 0.98 0.98 0.99 0.99 0.99 0.99 0.99 0.99 0.99 0.99 0.99 0.99
  per-rule acc: 0.99 0.99
Epoch 6820 | Train: Loss=0.0016 Acc=99.9% | Test: Acc=98.8% | Best=99.0%(@6640)
  from x3: 0.94 0.98 0.99 0.99 0.99 0.99 0.99 0.99 0.99 0.99 0.99 0.99 0.99
  per-rule acc: 0.99 0.99
Epoch 6840 | Train: Loss=0.0062 Acc=99.8% | Test: Acc=93.9% | Best=99.0%(@6640)
  from x3: 0.85 0.92 0.94 0.95 0.95 0.95 0.95 0.95 0.95 0.95 0.95 0.95 0.95
  per-rule acc: 0.94 0.94
Epoch 6860 | Train: Loss=0.0015 Acc=99.9% | Test: Acc=98.6% | Best=99.0%(@6640)
  from x3: 0.93 0.98 0.99 0.99 0.99 0.99 0.99 0.99 0.99 0.99 0.99 0.99 0.99
  per-rule acc: 0.98 0.99
Epoch 6880 | Train: Loss=0.0015 Acc=99.9% | Test: Acc=98.8% | Best=99.0%(@6640)
  from x3: 0.94 0.98 0.99 0.99 0.99 0.99 0.99 0.99 0.99 0.99 0.99 0.99 0.99
  per-rule acc: 0.99 0.99
Epoch 6900 | Train: Loss=0.0015 Acc=99.9% | Test: Acc=98.7% | Best=99.0%(@6640)
  from x3: 0.94 0.98 0.99 0.99 0.99 0.99 0.99 0.99 0.99 0.99 0.99 0.99 0.99
  per-rule acc: 0.99 0.99
Epoch 6920 | Train: Loss=0.0016 Acc=99.9% | Test: Acc=98.8% | Best=99.0%(@6640)
  from x3: 0.94 0.98 0.99 0.99 0.99 0.99 0.99 0.99 0.99 0.99 0.99 0.99 0.99
  per-rule acc: 0.99 0.99
Epoch 6940 | Train: Loss=0.0055 Acc=99.9% | Test: Acc=97.3% | Best=99.0%(@6640)
  from x3: 0.90 0.96 0.97 0.98 0.98 0.98 0.98 0.98 0.98 0.98 0.98 0.98 0.98
  per-rule acc: 0.98 0.97
Epoch 6960 | Train: Loss=0.0015 Acc=99.9% | Test: Acc=98.8% | Best=99.0%(@6640)
  from x3: 0.94 0.99 0.99 0.99 0.99 0.99 0.99 0.99 0.99 0.99 0.99 0.99 0.99
  per-rule acc: 0.99 0.99
Epoch 6980 | Train: Loss=0.0015 Acc=99.9% | Test: Acc=98.9% | Best=99.0%(@6640)
  from x3: 0.94 0.98 0.99 0.99 0.99 0.99 0.99 0.99 0.99 0.99 0.99 0.99 0.99
  per-rule acc: 0.99 0.99
Epoch 7000 | Train: Loss=0.0093 Acc=99.8% | Test: Acc=95.5% | Best=99.0%(@6640)
  from x3: 0.86 0.94 0.96 0.96 0.96 0.96 0.97 0.97 0.97 0.97 0.97 0.97 0.97
  per-rule acc: 0.96 0.95
Epoch 7020 | Train: Loss=0.0015 Acc=99.9% | Test: Acc=98.1% | Best=99.0%(@6640)
  from x3: 0.93 0.98 0.98 0.98 0.99 0.99 0.99 0.99 0.99 0.99 0.99 0.99 0.99
  per-rule acc: 0.98 0.98
Epoch 7040 | Train: Loss=0.0015 Acc=99.9% | Test: Acc=98.6% | Best=99.0%(@6640)
  from x3: 0.94 0.98 0.99 0.99 0.99 0.99 0.99 0.99 0.99 0.99 0.99 0.99 0.99
  per-rule acc: 0.99 0.99
Epoch 7060 | Train: Loss=0.0015 Acc=99.9% | Test: Acc=98.7% | Best=99.0%(@6640)
  from x3: 0.94 0.98 0.99 0.99 0.99 0.99 0.99 0.99 0.99 0.99 0.99 0.99 0.99
  per-rule acc: 0.99 0.99
Epoch 7080 | Train: Loss=0.0016 Acc=99.9% | Test: Acc=98.8% | Best=99.0%(@6640)
  from x3: 0.94 0.98 0.99 0.99 0.99 0.99 0.99 0.99 0.99 0.99 0.99 0.99 0.99
  per-rule acc: 0.99 0.99
Epoch 7100 | Train: Loss=0.0018 Acc=99.9% | Test: Acc=98.7% | Best=99.0%(@6640)
  from x3: 0.93 0.98 0.99 0.99 0.99 0.99 0.99 0.99 0.99 0.99 0.99 0.99 0.99
  per-rule acc: 0.99 0.99
Epoch 7120 | Train: Loss=0.0061 Acc=99.9% | Test: Acc=96.1% | Best=99.0%(@6640)
  from x3: 0.89 0.95 0.96 0.96 0.97 0.97 0.97 0.97 0.97 0.97 0.97 0.97 0.97
  per-rule acc: 0.97 0.95
Epoch 7140 | Train: Loss=0.0014 Acc=99.9% | Test: Acc=98.9% | Best=99.0%(@6640)
  from x3: 0.95 0.99 0.99 0.99 0.99 0.99 0.99 0.99 0.99 0.99 0.99 0.99 0.99
  per-rule acc: 0.99 0.99
Epoch 7160 | Train: Loss=0.0015 Acc=99.9% | Test: Acc=99.0% | Best=99.0%(@6640)
  from x3: 0.95 0.98 0.99 0.99 0.99 0.99 0.99 0.99 0.99 0.99 0.99 0.99 0.99
  per-rule acc: 0.99 0.99
Epoch 7180 | Train: Loss=0.0015 Acc=99.9% | Test: Acc=99.0% | Best=99.0%(@7180)
  from x3: 0.95 0.99 0.99 0.99 0.99 1.00 1.00 1.00 1.00 1.00 1.00 1.00 1.00
  per-rule acc: 0.99 0.99
[Early stop] Epoch 7180: test set reached high accuracy

==================================================
Saving model...
[OK] Model saved to: /home/cxm/ai/test0625-basic2/models/mixed_basic_d1024l4_r8_t16.pth
  File size: 330280.4 KB
  Best test accuracy: 99.02%

==================================================
Final generation test (given first two items, AB generates 3rd as prompt, validate from 4th)
==================================================

--- AB pair 1: (1, 1) ---

--- Statistics for AB=(1,1) ---
Exposed    samples:  1405 | In-dist: 18135/18265 ( 99.3%) | OOD: 22320/22480 ( 99.3%)
Unexposed  samples:  1404 | In-dist: 17383/18252 ( 95.2%) | OOD: 21051/22464 ( 93.7%)

--- AB pair 2: (1, 2) ---

--- Statistics for AB=(1,2) ---
Exposed    samples:  1405 | In-dist: 18187/18265 ( 99.6%) | OOD: 22390/22480 ( 99.6%)
Unexposed  samples:  1404 | In-dist: 16717/18252 ( 91.6%) | OOD: 18780/22464 ( 83.6%)

--- Return code: 0 ---

======================================================================
Attention Analysis
======================================================================
Model config: addition (default), p=53
Best test accuracy: 0.990247644093798
Training epochs: 7180

Random test sequence 1/5 (length 32): [24, 31, 2, 33, 35, 15, 50, 12, 9, 21, 30, 51, 28, 26, 1, 27, 28, 2, 30, 32]...

======================================================================
Attention Layer Training Result Summary
======================================================================
Input sequence: [24, 31, 2, 33, 35, 15, 50, 12, 9, 21, 30, 51, 28, 26, 1, 27, 28, 2, 30, 32, 9, 41, 50, 38, 35, 20, 2, 22, 24, 46, 17, 10]

--- Layer 0 ---
  Head 0: Entropy=0.779
    Attention coefficients from each query position to previous positions:
      i= 0 -> j=0:1.000
      i= 1 -> j=0:0.684, j=1:0.316
      i= 2 -> j=0:0.058, j=1:0.666, j=2:0.276
      i= 3 -> j=0:0.001, j=1:0.048, j=2:0.642, j=3:0.309
      i= 4 -> j=0:0.000, j=1:0.001, j=2:0.062, j=3:0.644, j=4:0.293
      i= 5 -> j=0:0.000, j=1:0.000, j=2:0.001, j=3:0.060, j=4:0.664, j=5:0.276
      i= 6 -> j=0:0.000, j=1:0.000, j=2:0.000, j=3:0.001, j=4:0.058, j=5:0.646, j=6:0.295
      i= 7 -> j=0:0.000, j=1:0.000, j=2:0.000, j=3:0.000, j=4:0.001, j=5:0.052, j=6:0.614, j=7:0.334
      i= 8 -> j=0:0.000, j=1:0.000, j=2:0.000, j=3:0.000, j=4:0.000, j=5:0.001, j=6:0.051, j=7:0.668, j=8:0.280
      i= 9 -> j=0:0.000, j=1:0.000, j=2:0.000, j=3:0.000, j=4:0.000, j=5:0.000, j=6:0.001, j=7:0.052, j=8:0.675, j=9:0.272
      i=10 -> j=0:0.000, j=1:0.000, j=2:0.000, j=3:0.000, j=4:0.000, j=5:0.000, j=6:0.000, j=7:0.001, j=8:0.056, j=9:0.670, j=10:0.274
      i=11 -> j=0:0.000, j=1:0.000, j=2:0.000, j=3:0.000, j=4:0.000, j=5:0.000, j=6:0.000, j=7:0.000, j=8:0.001, j=9:0.059, j=10:0.676, j=11:0.264
      i=12 -> j=0:0.000, j=1:0.000, j=2:0.000, j=3:0.000, j=4:0.000, j=5:0.000, j=6:0.000, j=7:0.000, j=8:0.000, j=9:0.001, j=10:0.052, j=11:0.653, j=12:0.295
      i=13 -> j=0:0.000, j=1:0.000, j=2:0.000, j=3:0.000, j=4:0.000, j=5:0.000, j=6:0.000, j=7:0.000, j=8:0.000, j=9:0.000, j=10:0.001, j=11:0.064, j=12:0.670, j=13:0.265
      i=14 -> j=0:0.000, j=1:0.000, j=2:0.000, j=3:0.000, j=4:0.000, j=5:0.000, j=6:0.000, j=7:0.000, j=8:0.000, j=9:0.000, j=10:0.000, j=11:0.001, j=12:0.065, j=13:0.627, j=14:0.307
      i=15 -> j=0:0.000, j=1:0.000, j=2:0.000, j=3:0.000, j=4:0.000, j=5:0.000, j=6:0.000, j=7:0.000, j=8:0.000, j=9:0.000, j=10:0.000, j=11:0.000, j=12:0.001, j=13:0.053, j=14:0.619, j=15:0.327
      i=16 -> j=0:0.000, j=1:0.000, j=2:0.000, j=3:0.000, j=4:0.000, j=5:0.000, j=6:0.000, j=7:0.000, j=8:0.000, j=9:0.000, j=10:0.000, j=11:0.000, j=12:0.000, j=13:0.001, j=14:0.046, j=15:0.664, j=16:0.289
      i=17 -> j=0:0.000, j=1:0.000, j=2:0.000, j=3:0.000, j=4:0.000, j=5:0.000, j=6:0.000, j=7:0.000, j=8:0.000, j=9:0.000, j=10:0.000, j=11:0.000, j=12:0.000, j=13:0.000, j=14:0.001, j=15:0.061, j=16:0.679, j=17:0.258
      i=18 -> j=0:0.000, j=1:0.000, j=2:0.000, j=3:0.000, j=4:0.000, j=5:0.000, j=6:0.000, j=7:0.000, j=8:0.000, j=9:0.000, j=10:0.000, j=11:0.000, j=12:0.000, j=13:0.000, j=14:0.000, j=15:0.001, j=16:0.054, j=17:0.673, j=18:0.271
      i=19 -> j=0:0.000, j=1:0.000, j=2:0.000, j=3:0.000, j=4:0.000, j=5:0.000, j=6:0.000, j=7:0.000, j=8:0.000, j=9:0.000, j=10:0.000, j=11:0.000, j=12:0.000, j=13:0.000, j=14:0.000, j=15:0.000, j=16:0.001, j=17:0.059, j=18:0.673, j=19:0.266
      i=20 -> j=0:0.000, j=1:0.000, j=2:0.000, j=3:0.000, j=4:0.000, j=5:0.000, j=6:0.000, j=7:0.000, j=8:0.000, j=9:0.000, j=10:0.000, j=11:0.000, j=12:0.000, j=13:0.000, j=14:0.000, j=15:0.000, j=16:0.000, j=17:0.001, j=18:0.059, j=19:0.650, j=20:0.288
      i=21 -> j=0:0.000, j=1:0.000, j=2:0.000, j=3:0.000, j=4:0.000, j=5:0.000, j=6:0.000, j=7:0.000, j=8:0.000, j=9:0.000, j=10:0.000, j=11:0.000, j=12:0.000, j=13:0.000, j=14:0.000, j=15:0.000, j=16:0.000, j=17:0.000, j=18:0.001, j=19:0.060, j=20:0.650, j=21:0.288
      i=22 -> j=0:0.000, j=1:0.000, j=2:0.000, j=3:0.000, j=4:0.000, j=5:0.000, j=6:0.000, j=7:0.000, j=8:0.000, j=9:0.000, j=10:0.000, j=11:0.000, j=12:0.000, j=13:0.000, j=14:0.000, j=15:0.000, j=16:0.000, j=17:0.000, j=18:0.000, j=19:0.001, j=20:0.066, j=21:0.645, j=22:0.286
      i=23 -> j=0:0.000, j=1:0.000, j=2:0.000, j=3:0.000, j=4:0.000, j=5:0.000, j=6:0.000, j=7:0.000, j=8:0.000, j=9:0.000, j=10:0.000, j=11:0.000, j=12:0.000, j=13:0.000, j=14:0.000, j=15:0.000, j=16:0.000, j=17:0.000, j=18:0.000, j=19:0.000, j=20:0.001, j=21:0.054, j=22:0.639, j=23:0.305
      i=24 -> j=0:0.000, j=1:0.000, j=2:0.000, j=3:0.000, j=4:0.000, j=5:0.000, j=6:0.000, j=7:0.000, j=8:0.000, j=9:0.000, j=10:0.000, j=11:0.000, j=12:0.000, j=13:0.000, j=14:0.000, j=15:0.000, j=16:0.000, j=17:0.000, j=18:0.000, j=19:0.000, j=20:0.000, j=21:0.001, j=22:0.054, j=23:0.637, j=24:0.306
      i=25 -> j=0:0.000, j=1:0.000, j=2:0.000, j=3:0.000, j=4:0.000, j=5:0.000, j=6:0.000, j=7:0.000, j=8:0.000, j=9:0.000, j=10:0.000, j=11:0.000, j=12:0.000, j=13:0.000, j=14:0.000, j=15:0.000, j=16:0.000, j=17:0.000, j=18:0.000, j=19:0.000, j=20:0.000, j=21:0.000, j=22:0.001, j=23:0.055, j=24:0.610, j=25:0.332
      i=26 -> j=0:0.000, j=1:0.000, j=2:0.000, j=3:0.000, j=4:0.000, j=5:0.000, j=6:0.000, j=7:0.000, j=8:0.000, j=9:0.000, j=10:0.000, j=11:0.000, j=12:0.000, j=13:0.000, j=14:0.000, j=15:0.000, j=16:0.000, j=17:0.000, j=18:0.000, j=19:0.000, j=20:0.000, j=21:0.000, j=22:0.000, j=23:0.001, j=24:0.053, j=25:0.687, j=26:0.258
      i=27 -> j=0:0.000, j=1:0.000, j=2:0.000, j=3:0.000, j=4:0.000, j=5:0.000, j=6:0.000, j=7:0.000, j=8:0.000, j=9:0.000, j=10:0.000, j=11:0.000, j=12:0.000, j=13:0.000, j=14:0.000, j=15:0.000, j=16:0.000, j=17:0.000, j=18:0.000, j=19:0.000, j=20:0.000, j=21:0.000, j=22:0.000, j=23:0.000, j=24:0.001, j=25:0.050, j=26:0.651, j=27:0.296
      i=28 -> j=0:0.000, j=1:0.000, j=2:0.000, j=3:0.000, j=4:0.000, j=5:0.000, j=6:0.000, j=7:0.000, j=8:0.000, j=9:0.000, j=10:0.000, j=11:0.000, j=12:0.000, j=13:0.000, j=14:0.000, j=15:0.000, j=16:0.000, j=17:0.000, j=18:0.000, j=19:0.000, j=20:0.000, j=21:0.000, j=22:0.000, j=23:0.000, j=24:0.000, j=25:0.001, j=26:0.060, j=27:0.657, j=28:0.280
      i=29 -> j=0:0.000, j=1:0.000, j=2:0.000, j=3:0.000, j=4:0.000, j=5:0.000, j=6:0.000, j=7:0.000, j=8:0.000, j=9:0.000, j=10:0.000, j=11:0.000, j=12:0.000, j=13:0.000, j=14:0.000, j=15:0.000, j=16:0.000, j=17:0.000, j=18:0.000, j=19:0.000, j=20:0.000, j=21:0.000, j=22:0.000, j=23:0.000, j=24:0.000, j=25:0.000, j=26:0.001, j=27:0.052, j=28:0.667, j=29:0.278
      i=30 -> j=0:0.000, j=1:0.000, j=2:0.000, j=3:0.000, j=4:0.000, j=5:0.000, j=6:0.000, j=7:0.000, j=8:0.000, j=9:0.000, j=10:0.000, j=11:0.000, j=12:0.000, j=13:0.000, j=14:0.000, j=15:0.000, j=16:0.000, j=17:0.000, j=18:0.000, j=19:0.000, j=20:0.000, j=21:0.000, j=22:0.000, j=23:0.000, j=24:0.000, j=25:0.000, j=26:0.000, j=27:0.001, j=28:0.056, j=29:0.664, j=30:0.277
      i=31 -> j=0:0.000, j=1:0.000, j=2:0.000, j=3:0.000, j=4:0.000, j=5:0.000, j=6:0.000, j=7:0.000, j=8:0.000, j=9:0.000, j=10:0.000, j=11:0.000, j=12:0.000, j=13:0.000, j=14:0.000, j=15:0.000, j=16:0.000, j=17:0.000, j=18:0.000, j=19:0.000, j=20:0.000, j=21:0.000, j=22:0.000, j=23:0.000, j=24:0.000, j=25:0.000, j=26:0.000, j=27:0.000, j=28:0.001, j=29:0.056, j=30:0.642, j=31:0.299
    Average attention per distance:
      d=0:0.311, d=1:0.655, d=2:0.056

--- Layer 1 ---
  Head 0: Entropy=0.560
    Attention coefficients from each query position to previous positions:
      i= 0 -> j=0:1.000
      i= 1 -> j=0:0.915, j=1:0.085
      i= 2 -> j=0:0.058, j=1:0.761, j=2:0.181
      i= 3 -> j=0:0.000, j=1:0.036, j=2:0.850, j=3:0.114
      i= 4 -> j=0:0.000, j=1:0.000, j=2:0.046, j=3:0.916, j=4:0.038
      i= 5 -> j=0:0.000, j=1:0.000, j=2:0.000, j=3:0.135, j=4:0.746, j=5:0.118
      i= 6 -> j=0:0.000, j=1:0.000, j=2:0.000, j=3:0.000, j=4:0.051, j=5:0.854, j=6:0.095
      i= 7 -> j=0:0.000, j=1:0.000, j=2:0.000, j=3:0.000, j=4:0.000, j=5:0.085, j=6:0.829, j=7:0.086
      i= 8 -> j=0:0.000, j=1:0.000, j=2:0.000, j=3:0.000, j=4:0.000, j=5:0.000, j=6:0.039, j=7:0.902, j=8:0.058
      i= 9 -> j=0:0.000, j=1:0.000, j=2:0.000, j=3:0.000, j=4:0.000, j=5:0.000, j=6:0.000, j=7:0.118, j=8:0.822, j=9:0.060
      i=10 -> j=0:0.000, j=1:0.000, j=2:0.000, j=3:0.000, j=4:0.000, j=5:0.000, j=6:0.000, j=7:0.001, j=8:0.128, j=9:0.735, j=10:0.135
      i=11 -> j=0:0.000, j=1:0.000, j=2:0.000, j=3:0.000, j=4:0.000, j=5:0.000, j=6:0.000, j=7:0.000, j=8:0.000, j=9:0.058, j=10:0.540, j=11:0.402
      i=12 -> j=0:0.000, j=1:0.000, j=2:0.000, j=3:0.000, j=4:0.000, j=5:0.000, j=6:0.000, j=7:0.000, j=8:0.000, j=9:0.000, j=10:0.014, j=11:0.885, j=12:0.101
      i=13 -> j=0:0.000, j=1:0.000, j=2:0.000, j=3:0.000, j=4:0.000, j=5:0.000, j=6:0.000, j=7:0.000, j=8:0.000, j=9:0.000, j=10:0.000, j=11:0.093, j=12:0.710, j=13:0.197
      i=14 -> j=0:0.000, j=1:0.000, j=2:0.000, j=3:0.000, j=4:0.000, j=5:0.000, j=6:0.000, j=7:0.000, j=8:0.000, j=9:0.000, j=10:0.000, j=11:0.000, j=12:0.026, j=13:0.915, j=14:0.059
      i=15 -> j=0:0.000, j=1:0.000, j=2:0.000, j=3:0.000, j=4:0.000, j=5:0.000, j=6:0.000, j=7:0.000, j=8:0.000, j=9:0.000, j=10:0.000, j=11:0.000, j=12:0.000, j=13:0.079, j=14:0.822, j=15:0.099
      i=16 -> j=0:0.000, j=1:0.000, j=2:0.000, j=3:0.000, j=4:0.000, j=5:0.000, j=6:0.000, j=7:0.000, j=8:0.000, j=9:0.000, j=10:0.000, j=11:0.000, j=12:0.000, j=13:0.000, j=14:0.041, j=15:0.878, j=16:0.081
      i=17 -> j=0:0.000, j=1:0.000, j=2:0.000, j=3:0.000, j=4:0.000, j=5:0.000, j=6:0.000, j=7:0.000, j=8:0.000, j=9:0.000, j=10:0.000, j=11:0.000, j=12:0.000, j=13:0.000, j=14:0.000, j=15:0.117, j=16:0.814, j=17:0.069
      i=18 -> j=0:0.000, j=1:0.000, j=2:0.000, j=3:0.000, j=4:0.000, j=5:0.000, j=6:0.000, j=7:0.000, j=8:0.000, j=9:0.000, j=10:0.000, j=11:0.000, j=12:0.000, j=13:0.000, j=14:0.000, j=15:0.001, j=16:0.123, j=17:0.749, j=18:0.127
      i=19 -> j=0:0.000, j=1:0.000, j=2:0.000, j=3:0.000, j=4:0.000, j=5:0.000, j=6:0.000, j=7:0.000, j=8:0.000, j=9:0.000, j=10:0.000, j=11:0.000, j=12:0.000, j=13:0.000, j=14:0.000, j=15:0.000, j=16:0.001, j=17:0.065, j=18:0.710, j=19:0.224
      i=20 -> j=0:0.000, j=1:0.000, j=2:0.000, j=3:0.000, j=4:0.000, j=5:0.000, j=6:0.000, j=7:0.000, j=8:0.000, j=9:0.000, j=10:0.000, j=11:0.000, j=12:0.000, j=13:0.000, j=14:0.000, j=15:0.000, j=16:0.000, j=17:0.000, j=18:0.030, j=19:0.789, j=20:0.181
      i=21 -> j=0:0.000, j=1:0.000, j=2:0.000, j=3:0.000, j=4:0.000, j=5:0.000, j=6:0.000, j=7:0.000, j=8:0.000, j=9:0.000, j=10:0.000, j=11:0.000, j=12:0.000, j=13:0.000, j=14:0.000, j=15:0.000, j=16:0.000, j=17:0.000, j=18:0.000, j=19:0.044, j=20:0.675, j=21:0.281
      i=22 -> j=0:0.000, j=1:0.000, j=2:0.000, j=3:0.000, j=4:0.000, j=5:0.000, j=6:0.000, j=7:0.000, j=8:0.000, j=9:0.000, j=10:0.000, j=11:0.000, j=12:0.000, j=13:0.000, j=14:0.000, j=15:0.000, j=16:0.000, j=17:0.000, j=18:0.000, j=19:0.000, j=20:0.021, j=21:0.954, j=22:0.025
      i=23 -> j=0:0.000, j=1:0.000, j=2:0.000, j=3:0.000, j=4:0.000, j=5:0.000, j=6:0.000, j=7:0.000, j=8:0.000, j=9:0.000, j=10:0.000, j=11:0.000, j=12:0.000, j=13:0.000, j=14:0.000, j=15:0.000, j=16:0.000, j=17:0.000, j=18:0.000, j=19:0.000, j=20:0.000, j=21:0.192, j=22:0.696, j=23:0.111
      i=24 -> j=0:0.000, j=1:0.000, j=2:0.000, j=3:0.000, j=4:0.000, j=5:0.000, j=6:0.000, j=7:0.000, j=8:0.000, j=9:0.000, j=10:0.000, j=11:0.000, j=12:0.000, j=13:0.000, j=14:0.000, j=15:0.000, j=16:0.000, j=17:0.000, j=18:0.000, j=19:0.000, j=20:0.000, j=21:0.000, j=22:0.040, j=23:0.852, j=24:0.107
      i=25 -> j=0:0.000, j=1:0.000, j=2:0.000, j=3:0.000, j=4:0.000, j=5:0.000, j=6:0.000, j=7:0.000, j=8:0.000, j=9:0.000, j=10:0.000, j=11:0.000, j=12:0.000, j=13:0.000, j=14:0.000, j=15:0.000, j=16:0.000, j=17:0.000, j=18:0.000, j=19:0.000, j=20:0.000, j=21:0.000, j=22:0.000, j=23:0.076, j=24:0.880, j=25:0.044
      i=26 -> j=0:0.000, j=1:0.000, j=2:0.000, j=3:0.000, j=4:0.000, j=5:0.000, j=6:0.000, j=7:0.000, j=8:0.000, j=9:0.000, j=10:0.000, j=11:0.000, j=12:0.000, j=13:0.000, j=14:0.000, j=15:0.000, j=16:0.000, j=17:0.000, j=18:0.000, j=19:0.000, j=20:0.000, j=21:0.000, j=22:0.000, j=23:0.000, j=24:0.092, j=25:0.802, j=26:0.106
      i=27 -> j=0:0.000, j=1:0.000, j=2:0.000, j=3:0.000, j=4:0.000, j=5:0.000, j=6:0.000, j=7:0.000, j=8:0.000, j=9:0.000, j=10:0.000, j=11:0.000, j=12:0.000, j=13:0.000, j=14:0.000, j=15:0.000, j=16:0.000, j=17:0.000, j=18:0.000, j=19:0.000, j=20:0.000, j=21:0.000, j=22:0.000, j=23:0.000, j=24:0.000, j=25:0.068, j=26:0.800, j=27:0.132
      i=28 -> j=0:0.000, j=1:0.000, j=2:0.000, j=3:0.000, j=4:0.000, j=5:0.000, j=6:0.000, j=7:0.000, j=8:0.000, j=9:0.000, j=10:0.000, j=11:0.000, j=12:0.000, j=13:0.000, j=14:0.000, j=15:0.000, j=16:0.000, j=17:0.000, j=18:0.000, j=19:0.000, j=20:0.000, j=21:0.000, j=22:0.000, j=23:0.000, j=24:0.000, j=25:0.000, j=26:0.051, j=27:0.864, j=28:0.084
      i=29 -> j=0:0.000, j=1:0.000, j=2:0.000, j=3:0.000, j=4:0.000, j=5:0.000, j=6:0.000, j=7:0.000, j=8:0.000, j=9:0.000, j=10:0.000, j=11:0.000, j=12:0.000, j=13:0.000, j=14:0.000, j=15:0.000, j=16:0.000, j=17:0.000, j=18:0.000, j=19:0.000, j=20:0.000, j=21:0.000, j=22:0.000, j=23:0.000, j=24:0.000, j=25:0.000, j=26:0.000, j=27:0.074, j=28:0.838, j=29:0.088
      i=30 -> j=0:0.000, j=1:0.000, j=2:0.000, j=3:0.000, j=4:0.000, j=5:0.000, j=6:0.000, j=7:0.000, j=8:0.000, j=9:0.000, j=10:0.000, j=11:0.000, j=12:0.000, j=13:0.000, j=14:0.000, j=15:0.000, j=16:0.000, j=17:0.000, j=18:0.000, j=19:0.000, j=20:0.000, j=21:0.000, j=22:0.000, j=23:0.000, j=24:0.000, j=25:0.000, j=26:0.000, j=27:0.000, j=28:0.080, j=29:0.665, j=30:0.255
      i=31 -> j=0:0.000, j=1:0.000, j=2:0.000, j=3:0.000, j=4:0.000, j=5:0.000, j=6:0.000, j=7:0.000, j=8:0.000, j=9:0.000, j=10:0.000, j=11:0.000, j=12:0.000, j=13:0.000, j=14:0.000, j=15:0.000, j=16:0.000, j=17:0.000, j=18:0.000, j=19:0.000, j=20:0.000, j=21:0.000, j=22:0.000, j=23:0.000, j=24:0.000, j=25:0.000, j=26:0.000, j=27:0.000, j=28:0.000, j=29:0.031, j=30:0.860, j=31:0.109
    Average attention per distance:
      d=0:0.152, d=1:0.807, d=2:0.070

--- Layer 2 ---
  Head 0: Entropy=1.667
    Attention coefficients from each query position to previous positions:
      i= 0 -> j=0:1.000
      i= 1 -> j=0:0.146, j=1:0.854
      i= 2 -> j=0:0.113, j=1:0.864, j=2:0.023
      i= 3 -> j=0:0.017, j=1:0.104, j=2:0.007, j=3:0.872
      i= 4 -> j=0:0.023, j=1:0.112, j=2:0.013, j=3:0.749, j=4:0.103
      i= 5 -> j=0:0.031, j=1:0.151, j=2:0.025, j=3:0.513, j=4:0.221, j=5:0.060
      i= 6 -> j=0:0.004, j=1:0.026, j=2:0.003, j=3:0.048, j=4:0.031, j=5:0.012, j=6:0.876
      i= 7 -> j=0:0.002, j=1:0.021, j=2:0.001, j=3:0.033, j=4:0.020, j=5:0.009, j=6:0.674, j=7:0.240
      i= 8 -> j=0:0.007, j=1:0.040, j=2:0.003, j=3:0.059, j=4:0.025, j=5:0.013, j=6:0.190, j=7:0.198, j=8:0.464
      i= 9 -> j=0:0.004, j=1:0.020, j=2:0.002, j=3:0.040, j=4:0.011, j=5:0.006, j=6:0.045, j=7:0.058, j=8:0.161, j=9:0.655
      i=10 -> j=0:0.010, j=1:0.030, j=2:0.005, j=3:0.057, j=4:0.021, j=5:0.011, j=6:0.047, j=7:0.056, j=8:0.126, j=9:0.599, j=10:0.039
      i=11 -> j=0:0.013, j=1:0.037, j=2:0.006, j=3:0.064, j=4:0.028, j=5:0.015, j=6:0.064, j=7:0.054, j=8:0.102, j=9:0.538, j=10:0.070, j=11:0.011
      i=12 -> j=0:0.020, j=1:0.052, j=2:0.010, j=3:0.072, j=4:0.039, j=5:0.022, j=6:0.116, j=7:0.064, j=8:0.095, j=9:0.357, j=10:0.104, j=11:0.028, j=12:0.020
      i=13 -> j=0:0.028, j=1:0.061, j=2:0.015, j=3:0.068, j=4:0.045, j=5:0.031, j=6:0.142, j=7:0.074, j=8:0.092, j=9:0.188, j=10:0.098, j=11:0.055, j=12:0.046, j=13:0.057
      i=14 -> j=0:0.028, j=1:0.059, j=2:0.016, j=3:0.066, j=4:0.039, j=5:0.029, j=6:0.128, j=7:0.075, j=8:0.096, j=9:0.138, j=10:0.068, j=11:0.051, j=12:0.055, j=13:0.072, j=14:0.079
      i=15 -> j=0:0.014, j=1:0.044, j=2:0.004, j=3:0.052, j=4:0.016, j=5:0.008, j=6:0.066, j=7:0.032, j=8:0.062, j=9:0.115, j=10:0.018, j=11:0.009, j=12:0.017, j=13:0.056, j=14:0.106, j=15:0.380
      i=16 -> j=0:0.006, j=1:0.016, j=2:0.002, j=3:0.021, j=4:0.006, j=5:0.003, j=6:0.018, j=7:0.009, j=8:0.019, j=9:0.040, j=10:0.005, j=11:0.002, j=12:0.004, j=13:0.016, j=14:0.038, j=15:0.087, j=16:0.708
      i=17 -> j=0:0.007, j=1:0.018, j=2:0.002, j=3:0.022, j=4:0.007, j=5:0.003, j=6:0.017, j=7:0.008, j=8:0.015, j=9:0.036, j=10:0.006, j=11:0.002, j=12:0.004, j=13:0.017, j=14:0.048, j=15:0.072, j=16:0.635, j=17:0.079
      i=18 -> j=0:0.018, j=1:0.037, j=2:0.007, j=3:0.038, j=4:0.017, j=5:0.008, j=6:0.035, j=7:0.014, j=8:0.023, j=9:0.044, j=10:0.013, j=11:0.006, j=12:0.008, j=13:0.024, j=14:0.065, j=15:0.069, j=16:0.389, j=17:0.161, j=18:0.024
      i=19 -> j=0:0.026, j=1:0.053, j=2:0.012, j=3:0.045, j=4:0.025, j=5:0.013, j=6:0.051, j=7:0.020, j=8:0.027, j=9:0.044, j=10:0.016, j=11:0.008, j=12:0.010, j=13:0.024, j=14:0.061, j=15:0.060, j=16:0.237, j=17:0.203, j=18:0.045, j=19:0.021
      i=20 -> j=0:0.029, j=1:0.072, j=2:0.013, j=3:0.056, j=4:0.029, j=5:0.015, j=6:0.065, j=7:0.026, j=8:0.034, j=9:0.050, j=10:0.015, j=11:0.007, j=12:0.009, j=13:0.020, j=14:0.047, j=15:0.054, j=16:0.172, j=17:0.164, j=18:0.054, j=19:0.037, j=20:0.031
      i=21 -> j=0:0.034, j=1:0.067, j=2:0.019, j=3:0.058, j=4:0.033, j=5:0.020, j=6:0.054, j=7:0.032, j=8:0.041, j=9:0.050, j=10:0.019, j=11:0.011, j=12:0.014, j=13:0.024, j=14:0.042, j=15:0.055, j=16:0.113, j=17:0.102, j=18:0.059, j=19:0.061, j=20:0.052, j=21:0.039
      i=22 -> j=0:0.031, j=1:0.054, j=2:0.019, j=3:0.058, j=4:0.033, j=5:0.022, j=6:0.046, j=7:0.033, j=8:0.043, j=9:0.054, j=10:0.021, j=11:0.013, j=12:0.015, j=13:0.024, j=14:0.036, j=15:0.051, j=16:0.094, j=17:0.056, j=18:0.038, j=19:0.048, j=20:0.050, j=21:0.055, j=22:0.105
      i=23 -> j=0:0.018, j=1:0.054, j=2:0.008, j=3:0.069, j=4:0.025, j=5:0.010, j=6:0.041, j=7:0.020, j=8:0.029, j=9:0.053, j=10:0.008, j=11:0.003, j=12:0.003, j=13:0.009, j=14:0.021, j=15:0.028, j=16:0.108, j=17:0.030, j=18:0.012, j=19:0.016, j=20:0.023, j=21:0.077, j=22:0.253, j=23:0.080
      i=24 -> j=0:0.004, j=1:0.012, j=2:0.002, j=3:0.015, j=4:0.006, j=5:0.002, j=6:0.012, j=7:0.005, j=8:0.007, j=9:0.013, j=10:0.002, j=11:0.001, j=12:0.001, j=13:0.002, j=14:0.004, j=15:0.006, j=16:0.024, j=17:0.006, j=18:0.002, j=19:0.002, j=20:0.003, j=21:0.010, j=22:0.038, j=23:0.013, j=24:0.809
      i=25 -> j=0:0.004, j=1:0.013, j=2:0.002, j=3:0.015, j=4:0.007, j=5:0.003, j=6:0.016, j=7:0.006, j=8:0.008, j=9:0.013, j=10:0.003, j=11:0.001, j=12:0.001, j=13:0.002, j=14:0.004, j=15:0.005, j=16:0.020, j=17:0.006, j=18:0.002, j=19:0.002, j=20:0.002, j=21:0.010, j=22:0.038, j=23:0.013, j=24:0.574, j=25:0.229
      i=26 -> j=0:0.009, j=1:0.025, j=2:0.003, j=3:0.025, j=4:0.012, j=5:0.006, j=6:0.032, j=7:0.013, j=8:0.015, j=9:0.023, j=10:0.005, j=11:0.002, j=12:0.002, j=13:0.004, j=14:0.007, j=15:0.007, j=16:0.023, j=17:0.009, j=18:0.003, j=19:0.003, j=20:0.003, j=21:0.011, j=22:0.051, j=23:0.015, j=24:0.357, j=25:0.301, j=26:0.034
      i=27 -> j=0:0.005, j=1:0.015, j=2:0.002, j=3:0.015, j=4:0.006, j=5:0.003, j=6:0.017, j=7:0.008, j=8:0.010, j=9:0.015, j=10:0.003, j=11:0.001, j=12:0.002, j=13:0.003, j=14:0.005, j=15:0.006, j=16:0.014, j=17:0.005, j=18:0.002, j=19:0.002, j=20:0.002, j=21:0.003, j=22:0.015, j=23:0.005, j=24:0.044, j=25:0.045, j=26:0.014, j=27:0.734
      i=28 -> j=0:0.012, j=1:0.025, j=2:0.007, j=3:0.025, j=4:0.013, j=5:0.008, j=6:0.024, j=7:0.017, j=8:0.021, j=9:0.027, j=10:0.009, j=11:0.005, j=12:0.005, j=13:0.008, j=14:0.011, j=15:0.012, j=16:0.023, j=17:0.010, j=18:0.005, j=19:0.005, j=20:0.005, j=21:0.009, j=22:0.026, j=23:0.012, j=24:0.051, j=25:0.054, j=26:0.028, j=27:0.505, j=28:0.038
      i=29 -> j=0:0.006, j=1:0.017, j=2:0.003, j=3:0.020, j=4:0.008, j=5:0.004, j=6:0.016, j=7:0.009, j=8:0.013, j=9:0.021, j=10:0.005, j=11:0.002, j=12:0.003, j=13:0.005, j=14:0.008, j=15:0.008, j=16:0.019, j=17:0.006, j=18:0.002, j=19:0.002, j=20:0.002, j=21:0.004, j=22:0.014, j=23:0.005, j=24:0.036, j=25:0.019, j=26:0.009, j=27:0.137, j=28:0.027, j=29:0.569
      i=30 -> j=0:0.006, j=1:0.017, j=2:0.004, j=3:0.019, j=4:0.009, j=5:0.005, j=6:0.014, j=7:0.008, j=8:0.011, j=9:0.019, j=10:0.005, j=11:0.002, j=12:0.003, j=13:0.005, j=14:0.007, j=15:0.006, j=16:0.014, j=17:0.005, j=18:0.002, j=19:0.002, j=20:0.002, j=21:0.004, j=22:0.012, j=23:0.004, j=24:0.032, j=25:0.016, j=26:0.007, j=27:0.071, j=28:0.033, j=29:0.646, j=30:0.009
      i=31 -> j=0:0.014, j=1:0.030, j=2:0.009, j=3:0.035, j=4:0.020, j=5:0.011, j=6:0.029, j=7:0.017, j=8:0.020, j=9:0.031, j=10:0.013, j=11:0.007, j=12:0.007, j=13:0.011, j=14:0.017, j=15:0.014, j=16:0.026, j=17:0.012, j=18:0.006, j=19:0.004, j=20:0.005, j=21:0.009, j=22:0.022, j=23:0.009, j=24:0.056, j=25:0.029, j=26:0.012, j=27:0.058, j=28:0.044, j=29:0.369, j=30:0.032, j=31:0.022
    Average attention per distance:
      d=0:0.290, d=1:0.238, d=2:0.131, d=3:0.066, d=4:0.049, d=5:0.035, d=6:0.034, d=7:0.032
      d=8:0.024, d=9:0.021, d=10:0.017, d=11:0.017, d=12:0.019, d=13:0.019, d=14:0.021, d=15:0.017
      d=16:0.016, d=17:0.018, d=18:0.018, d=19:0.022, d=20:0.024, d=21:0.018, d=22:0.019, d=23:0.013
      d=24:0.010, d=25:0.014, d=26:0.012, d=27:0.015, d=28:0.017, d=29:0.010, d=30:0.018, d=31:0.014

--- Layer 3 ---
  Head 0: Entropy=0.657
    Attention coefficients from each query position to previous positions:
      i= 0 -> j=0:1.000
      i= 1 -> j=0:0.988, j=1:0.012
      i= 2 -> j=0:0.772, j=1:0.227, j=2:0.001
      i= 3 -> j=0:0.021, j=1:0.785, j=2:0.193, j=3:0.001
      i= 4 -> j=0:0.000, j=1:0.040, j=2:0.803, j=3:0.156, j=4:0.001
      i= 5 -> j=0:0.000, j=1:0.000, j=2:0.032, j=3:0.736, j=4:0.230, j=5:0.002
      i= 6 -> j=0:0.000, j=1:0.000, j=2:0.000, j=3:0.021, j=4:0.733, j=5:0.244, j=6:0.001
      i= 7 -> j=0:0.000, j=1:0.000, j=2:0.000, j=3:0.000, j=4:0.053, j=5:0.749, j=6:0.196, j=7:0.001
      i= 8 -> j=0:0.005, j=1:0.000, j=2:0.000, j=3:0.000, j=4:0.001, j=5:0.038, j=6:0.789, j=7:0.166, j=8:0.001
      i= 9 -> j=0:0.002, j=1:0.002, j=2:0.000, j=3:0.000, j=4:0.000, j=5:0.000, j=6:0.016, j=7:0.758, j=8:0.220, j=9:0.002
      i=10 -> j=0:0.000, j=1:0.003, j=2:0.003, j=3:0.000, j=4:0.000, j=5:0.000, j=6:0.000, j=7:0.040, j=8:0.687, j=9:0.264, j=10:0.001
      i=11 -> j=0:0.000, j=1:0.000, j=2:0.005, j=3:0.004, j=4:0.000, j=5:0.000, j=6:0.000, j=7:0.000, j=8:0.033, j=9:0.824, j=10:0.132, j=11:0.001
      i=12 -> j=0:0.000, j=1:0.000, j=2:0.000, j=3:0.004, j=4:0.005, j=5:0.001, j=6:0.000, j=7:0.000, j=8:0.001, j=9:0.059, j=10:0.834, j=11:0.096, j=12:0.001
      i=13 -> j=0:0.000, j=1:0.000, j=2:0.000, j=3:0.000, j=4:0.001, j=5:0.001, j=6:0.000, j=7:0.000, j=8:0.000, j=9:0.000, j=10:0.010, j=11:0.536, j=12:0.449, j=13:0.003
      i=14 -> j=0:0.001, j=1:0.000, j=2:0.000, j=3:0.000, j=4:0.001, j=5:0.014, j=6:0.009, j=7:0.001, j=8:0.000, j=9:0.000, j=10:0.002, j=11:0.104, j=12:0.806, j=13:0.061, j=14:0.000
      i=15 -> j=0:0.001, j=1:0.000, j=2:0.000, j=3:0.000, j=4:0.000, j=5:0.000, j=6:0.002, j=7:0.001, j=8:0.000, j=9:0.000, j=10:0.000, j=11:0.000, j=12:0.018, j=13:0.820, j=14:0.156, j=15:0.001
      i=16 -> j=0:0.001, j=1:0.003, j=2:0.001, j=3:0.000, j=4:0.000, j=5:0.000, j=6:0.001, j=7:0.006, j=8:0.004, j=9:0.001, j=10:0.000, j=11:0.000, j=12:0.001, j=13:0.096, j=14:0.806, j=15:0.080, j=16:0.000
      i=17 -> j=0:0.000, j=1:0.001, j=2:0.002, j=3:0.001, j=4:0.000, j=5:0.000, j=6:0.000, j=7:0.001, j=8:0.007, j=9:0.007, j=10:0.000, j=11:0.000, j=12:0.000, j=13:0.000, j=14:0.091, j=15:0.767, j=16:0.122, j=17:0.000
      i=18 -> j=0:0.000, j=1:0.000, j=2:0.001, j=3:0.003, j=4:0.001, j=5:0.000, j=6:0.000, j=7:0.000, j=8:0.000, j=9:0.008, j=10:0.006, j=11:0.001, j=12:0.000, j=13:0.000, j=14:0.001, j=15:0.038, j=16:0.764, j=17:0.175, j=18:0.001
      i=19 -> j=0:0.000, j=1:0.000, j=2:0.000, j=3:0.000, j=4:0.001, j=5:0.000, j=6:0.000, j=7:0.000, j=8:0.000, j=9:0.000, j=10:0.001, j=11:0.001, j=12:0.000, j=13:0.000, j=14:0.000, j=15:0.000, j=16:0.016, j=17:0.675, j=18:0.302, j=19:0.003
      i=20 -> j=0:0.000, j=1:0.000, j=2:0.000, j=3:0.000, j=4:0.000, j=5:0.001, j=6:0.000, j=7:0.000, j=8:0.000, j=9:0.000, j=10:0.000, j=11:0.002, j=12:0.002, j=13:0.000, j=14:0.000, j=15:0.000, j=16:0.000, j=17:0.030, j=18:0.835, j=19:0.129, j=20:0.001
      i=21 -> j=0:0.000, j=1:0.000, j=2:0.000, j=3:0.000, j=4:0.000, j=5:0.000, j=6:0.000, j=7:0.000, j=8:0.000, j=9:0.000, j=10:0.000, j=11:0.000, j=12:0.001, j=13:0.000, j=14:0.000, j=15:0.000, j=16:0.000, j=17:0.000, j=18:0.020, j=19:0.621, j=20:0.355, j=21:0.002
      i=22 -> j=0:0.001, j=1:0.001, j=2:0.000, j=3:0.000, j=4:0.000, j=5:0.000, j=6:0.001, j=7:0.002, j=8:0.001, j=9:0.000, j=10:0.000, j=11:0.000, j=12:0.001, j=13:0.005, j=14:0.005, j=15:0.000, j=16:0.000, j=17:0.000, j=18:0.001, j=19:0.063, j=20:0.791, j=21:0.129, j=22:0.000
      i=23 -> j=0:0.000, j=1:0.000, j=2:0.000, j=3:0.000, j=4:0.000, j=5:0.000, j=6:0.000, j=7:0.000, j=8:0.001, j=9:0.000, j=10:0.000, j=11:0.000, j=12:0.000, j=13:0.000, j=14:0.002, j=15:0.001, j=16:0.000, j=17:0.000, j=18:0.000, j=19:0.000, j=20:0.018, j=21:0.729, j=22:0.244, j=23:0.002
      i=24 -> j=0:0.000, j=1:0.000, j=2:0.000, j=3:0.001, j=4:0.000, j=5:0.000, j=6:0.000, j=7:0.000, j=8:0.000, j=9:0.001, j=10:0.000, j=11:0.000, j=12:0.000, j=13:0.000, j=14:0.000, j=15:0.002, j=16:0.002, j=17:0.000, j=18:0.000, j=19:0.000, j=20:0.000, j=21:0.018, j=22:0.737, j=23:0.235, j=24:0.001
      i=25 -> j=0:0.000, j=1:0.000, j=2:0.000, j=3:0.001, j=4:0.001, j=5:0.000, j=6:0.000, j=7:0.000, j=8:0.000, j=9:0.001, j=10:0.001, j=11:0.000, j=12:0.000, j=13:0.000, j=14:0.000, j=15:0.000, j=16:0.003, j=17:0.004, j=18:0.000, j=19:0.000, j=20:0.000, j=21:0.000, j=22:0.047, j=23:0.721, j=24:0.218, j=25:0.002
      i=26 -> j=0:0.000, j=1:0.000, j=2:0.000, j=3:0.000, j=4:0.001, j=5:0.001, j=6:0.000, j=7:0.000, j=8:0.000, j=9:0.000, j=10:0.001, j=11:0.002, j=12:0.001, j=13:0.000, j=14:0.000, j=15:0.000, j=16:0.001, j=17:0.005, j=18:0.007, j=19:0.000, j=20:0.000, j=21:0.000, j=22:0.000, j=23:0.033, j=24:0.618, j=25:0.328, j=26:0.001
      i=27 -> j=0:0.000, j=1:0.000, j=2:0.000, j=3:0.000, j=4:0.000, j=5:0.001, j=6:0.001, j=7:0.000, j=8:0.000, j=9:0.000, j=10:0.000, j=11:0.001, j=12:0.002, j=13:0.001, j=14:0.000, j=15:0.000, j=16:0.000, j=17:0.000, j=18:0.005, j=19:0.004, j=20:0.000, j=21:0.000, j=22:0.000, j=23:0.000, j=24:0.026, j=25:0.761, j=26:0.197, j=27:0.001
      i=28 -> j=0:0.001, j=1:0.000, j=2:0.000, j=3:0.000, j=4:0.000, j=5:0.000, j=6:0.001, j=7:0.001, j=8:0.000, j=9:0.000, j=10:0.000, j=11:0.000, j=12:0.001, j=13:0.002, j=14:0.001, j=15:0.000, j=16:0.000, j=17:0.000, j=18:0.000, j=19:0.005, j=20:0.005, j=21:0.000, j=22:0.000, j=23:0.000, j=24:0.000, j=25:0.037, j=26:0.742, j=27:0.202, j=28:0.001
      i=29 -> j=0:0.000, j=1:0.001, j=2:0.000, j=3:0.000, j=4:0.000, j=5:0.000, j=6:0.000, j=7:0.001, j=8:0.001, j=9:0.000, j=10:0.000, j=11:0.000, j=12:0.000, j=13:0.001, j=14:0.003, j=15:0.001, j=16:0.000, j=17:0.000, j=18:0.000, j=19:0.001, j=20:0.008, j=21:0.008, j=22:0.000, j=23:0.000, j=24:0.000, j=25:0.001, j=26:0.060, j=27:0.788, j=28:0.127, j=29:0.000
      i=30 -> j=0:0.000, j=1:0.000, j=2:0.000, j=3:0.000, j=4:0.000, j=5:0.000, j=6:0.000, j=7:0.000, j=8:0.000, j=9:0.001, j=10:0.000, j=11:0.000, j=12:0.000, j=13:0.000, j=14:0.001, j=15:0.001, j=16:0.000, j=17:0.000, j=18:0.000, j=19:0.000, j=20:0.000, j=21:0.003, j=22:0.003, j=23:0.000, j=24:0.000, j=25:0.000, j=26:0.000, j=27:0.028, j=28:0.786, j=29:0.173, j=30:0.001
      i=31 -> j=0:0.000, j=1:0.000, j=2:0.000, j=3:0.000, j=4:0.000, j=5:0.000, j=6:0.000, j=7:0.000, j=8:0.000, j=9:0.001, j=10:0.001, j=11:0.000, j=12:0.000, j=13:0.000, j=14:0.000, j=15:0.001, j=16:0.003, j=17:0.001, j=18:0.000, j=19:0.000, j=20:0.000, j=21:0.000, j=22:0.005, j=23:0.005, j=24:0.000, j=25:0.000, j=26:0.000, j=27:0.000, j=28:0.053, j=29:0.809, j=30:0.119, j=31:0.001
    Average attention per distance:
      d=0:0.033, d=1:0.223, d=2:0.753, d=3:0.040


======================================================================
QK Property Verification (Raw Scores, before Softmax)
======================================================================
Recurrence order init_len=2, num test sequences=1

--- [P1] Long-distance Orthogonality Verification ---
Ideal: raw_score mean ≈ 0 and small std when d > init_len

  Layer 0, Head 0:
    d= 1 (effective): mean=  9.101, std= 0.196, n=31
    d= 2 (effective): mean=  6.648, std= 0.152, n=30
    d>2 (long-distance): mean= -0.780, std= 1.810, n=435

  Layer 1, Head 0:
    d= 1 (effective): mean= 14.568, std= 0.744, n=31
    d= 2 (effective): mean= 11.966, std= 0.653, n=30
    d>2 (long-distance): mean= -0.906, std= 2.506, n=435

  Layer 2, Head 0:
    d= 1 (effective): mean=  1.575, std= 1.587, n=31
    d= 2 (effective): mean=  1.272, std= 0.986, n=30
    d>2 (long-distance): mean= -0.333, std= 0.875, n=435

  Layer 3, Head 0:
    d= 1 (effective): mean=  7.518, std= 0.769, n=31
    d= 2 (effective): mean=  8.880, std= 0.319, n=30
    d>2 (long-distance): mean=  0.537, std= 2.396, n=435

--- [P2] Time-homogeneous Verification ---
Ideal: CV of raw_score across positions i ≈ 0 for fixed distance d
(CV = std / |mean|, smaller = more constant)

  Layer 0, Head 0:
    d= 1: mean=  9.101, std= 0.196, CV=0.022, n=31
    d= 2: mean=  6.648, std= 0.152, CV=0.023, n=30

  Layer 1, Head 0:
    d= 1: mean= 14.568, std= 0.744, CV=0.051, n=31
    d= 2: mean= 11.966, std= 0.653, CV=0.055, n=30

  Layer 2, Head 0:
    d= 1: mean=  1.575, std= 1.587, CV=1.007, n=31
    d= 2: mean=  1.272, std= 0.986, CV=0.775, n=30

  Layer 3, Head 0:
    d= 1: mean=  7.518, std= 0.769, CV=0.102, n=31
    d= 2: mean=  8.880, std= 0.319, CV=0.036, n=30

======================================================================
QK Property Verification Completed
======================================================================
