=== Experiment: mixed_basic_d1024l1_r16_t16_c0.5 ===
Time: 2026-06-17T22:58:09.999381
Task type: mixed_ab
Merged config: {
  "P": 53,
  "TASK": "mixed_ab",
  "NUM_MASK": 2,
  "A": 1,
  "B": 1,
  "AB_PAIRS": [
    [
      1,
      1
    ],
    [
      1,
      2
    ]
  ],
  "D_MODEL": 1024,
  "N_HEAD": 1,
  "N_LAYER": 1,
  "BATCH_SIZE": 128,
  "EPOCHS": 10000,
  "LR": 0.0003,
  "SAVE_PATH": "models/mixed_basic_d1024l1_r16_t16_c0.5.pth",
  "USE_GREEDY_GENERATE": true,
  "USE_LEARNABLE_PE": false,
  "MLP_RATIO": 16,
  "TRAIN_LEN": 16,
  "OOD_LEN": 32,
  "DROPOUT": 0.0,
  "TARGET_INIT_COVERAGE": 0.5,
  "MAX_UNIQUE_RATIO": 0.5,
  "WEIGHT_DECAY": 1,
  "ENTROPY_PENALTY_WEIGHT": 0.0,
  "FIRST_TASK_WEIGHT": 1.0,
  "RANDOM_SEED": 42,
  "EVAL_INTERVAL": 20,
  "EARLY_STOP_NO_IMPROVE": 2000,
  "EARLY_STOP_ACCURACY": 0.99,
  "USE_AB_TAG": false,
  "USE_CONDITIONAL_WTE": false,
  "COND_WTE_SHARED_RATIO": 0.0
}
--- output ---
Using device: cuda

[Dataset] Mixed mode: generated 2810 + 2808 samples, length 16
AB parameter pairs: [(1, 1), (1, 2)]
--------------------------------------------------
[Model config] block_size: 32, train length: 16
[Number theory] AB parameter pairs: [(1, 1), (1, 2)]


Model parameters: 38.36M

Start training...
Epoch   0 | Train: Loss=4.1048 Acc=9.5% | Test: Acc=0.7% | Best=0.7%(@0)
  from x3: 0.01 0.01 0.01 0.01 0.01 0.01 0.01 0.01 0.01 0.01 0.01 0.01 0.01
  per-rule acc: 0.01 0.01
Epoch  20 | Train: Loss=0.0365 Acc=99.2% | Test: Acc=5.5% | Best=5.5%(@20)
  from x3: 0.07 0.06 0.06 0.06 0.05 0.05 0.05 0.05 0.05 0.05 0.05 0.05 0.05
  per-rule acc: 0.08 0.03
Epoch  40 | Train: Loss=0.0311 Acc=99.3% | Test: Acc=5.9% | Best=5.9%(@40)
  from x3: 0.07 0.06 0.06 0.06 0.06 0.06 0.06 0.06 0.06 0.06 0.06 0.06 0.06
  per-rule acc: 0.10 0.02
Epoch  60 | Train: Loss=0.0207 Acc=99.8% | Test: Acc=5.9% | Best=5.9%(@60)
  from x3: 0.08 0.07 0.06 0.06 0.06 0.06 0.06 0.05 0.06 0.06 0.06 0.06 0.06
  per-rule acc: 0.10 0.02
Epoch  80 | Train: Loss=0.0051 Acc=99.9% | Test: Acc=6.0% | Best=6.0%(@80)
  from x3: 0.08 0.06 0.06 0.06 0.06 0.06 0.06 0.06 0.06 0.06 0.06 0.06 0.06
  per-rule acc: 0.10 0.02
Epoch 100 | Train: Loss=0.0185 Acc=99.7% | Test: Acc=6.3% | Best=6.3%(@100)
  from x3: 0.07 0.07 0.07 0.07 0.06 0.06 0.06 0.06 0.06 0.06 0.06 0.06 0.06
  per-rule acc: 0.10 0.02
Epoch 120 | Train: Loss=0.0040 Acc=99.9% | Test: Acc=6.1% | Best=6.3%(@100)
  from x3: 0.07 0.07 0.06 0.06 0.06 0.06 0.06 0.06 0.06 0.06 0.06 0.06 0.06
  per-rule acc: 0.10 0.02
Epoch 140 | Train: Loss=0.0044 Acc=99.9% | Test: Acc=6.6% | Best=6.6%(@140)
  from x3: 0.08 0.07 0.07 0.07 0.06 0.06 0.07 0.06 0.06 0.06 0.06 0.06 0.06
  per-rule acc: 0.11 0.02
Epoch 160 | Train: Loss=0.0633 Acc=99.3% | Test: Acc=5.9% | Best=6.6%(@140)
  from x3: 0.07 0.06 0.06 0.06 0.06 0.06 0.06 0.06 0.06 0.06 0.06 0.06 0.06
  per-rule acc: 0.09 0.02
Epoch 180 | Train: Loss=0.0034 Acc=99.9% | Test: Acc=5.7% | Best=6.6%(@140)
  from x3: 0.07 0.06 0.06 0.06 0.06 0.06 0.05 0.05 0.05 0.05 0.05 0.05 0.05
  per-rule acc: 0.09 0.02
Epoch 200 | Train: Loss=0.0045 Acc=99.9% | Test: Acc=6.4% | Best=6.6%(@140)
  from x3: 0.08 0.07 0.07 0.07 0.06 0.06 0.06 0.06 0.06 0.06 0.06 0.06 0.06
  per-rule acc: 0.11 0.02
Epoch 220 | Train: Loss=0.0087 Acc=99.9% | Test: Acc=5.6% | Best=6.6%(@140)
  from x3: 0.07 0.06 0.06 0.06 0.06 0.06 0.05 0.05 0.05 0.05 0.05 0.05 0.05
  per-rule acc: 0.09 0.02
Epoch 240 | Train: Loss=0.0033 Acc=99.9% | Test: Acc=5.5% | Best=6.6%(@140)
  from x3: 0.07 0.06 0.06 0.06 0.05 0.05 0.05 0.05 0.05 0.05 0.05 0.05 0.05
  per-rule acc: 0.09 0.02
Epoch 260 | Train: Loss=0.0035 Acc=99.9% | Test: Acc=5.1% | Best=6.6%(@140)
  from x3: 0.07 0.06 0.05 0.05 0.05 0.05 0.05 0.05 0.05 0.05 0.05 0.05 0.05
  per-rule acc: 0.08 0.02
Epoch 280 | Train: Loss=0.0295 Acc=99.6% | Test: Acc=5.5% | Best=6.6%(@140)
  from x3: 0.07 0.06 0.06 0.06 0.05 0.05 0.05 0.05 0.05 0.05 0.05 0.05 0.05
  per-rule acc: 0.09 0.02
Epoch 300 | Train: Loss=0.0031 Acc=99.9% | Test: Acc=4.9% | Best=6.6%(@140)
  from x3: 0.07 0.06 0.05 0.05 0.05 0.05 0.05 0.04 0.04 0.04 0.04 0.04 0.04
  per-rule acc: 0.08 0.02
Epoch 320 | Train: Loss=0.0036 Acc=99.9% | Test: Acc=5.0% | Best=6.6%(@140)
  from x3: 0.07 0.05 0.05 0.05 0.05 0.05 0.05 0.05 0.05 0.05 0.05 0.05 0.05
  per-rule acc: 0.08 0.02
Epoch 340 | Train: Loss=0.0092 Acc=99.9% | Test: Acc=5.0% | Best=6.6%(@140)
  from x3: 0.07 0.05 0.05 0.05 0.05 0.05 0.05 0.05 0.05 0.05 0.05 0.05 0.05
  per-rule acc: 0.08 0.02
Epoch 360 | Train: Loss=0.0031 Acc=99.9% | Test: Acc=4.7% | Best=6.6%(@140)
  from x3: 0.07 0.05 0.05 0.05 0.05 0.04 0.04 0.05 0.04 0.04 0.04 0.04 0.04
  per-rule acc: 0.07 0.02
Epoch 380 | Train: Loss=0.0130 Acc=99.8% | Test: Acc=5.1% | Best=6.6%(@140)
  from x3: 0.07 0.06 0.06 0.05 0.05 0.05 0.05 0.05 0.05 0.05 0.05 0.04 0.04
  per-rule acc: 0.07 0.03
Epoch 400 | Train: Loss=0.0030 Acc=99.9% | Test: Acc=4.2% | Best=6.6%(@140)
  from x3: 0.06 0.05 0.05 0.04 0.04 0.04 0.04 0.04 0.04 0.04 0.04 0.04 0.04
  per-rule acc: 0.06 0.02
Epoch 420 | Train: Loss=0.0032 Acc=99.9% | Test: Acc=4.1% | Best=6.6%(@140)
  from x3: 0.06 0.05 0.04 0.04 0.04 0.04 0.04 0.04 0.04 0.04 0.04 0.04 0.03
  per-rule acc: 0.06 0.02
Epoch 440 | Train: Loss=0.0346 Acc=99.5% | Test: Acc=4.6% | Best=6.6%(@140)
  from x3: 0.06 0.05 0.05 0.05 0.05 0.04 0.04 0.04 0.04 0.04 0.04 0.04 0.04
  per-rule acc: 0.07 0.02
Epoch 460 | Train: Loss=0.0034 Acc=99.9% | Test: Acc=4.2% | Best=6.6%(@140)
  from x3: 0.07 0.05 0.04 0.04 0.04 0.04 0.04 0.04 0.04 0.04 0.04 0.04 0.04
  per-rule acc: 0.07 0.02
Epoch 480 | Train: Loss=0.0050 Acc=99.9% | Test: Acc=4.0% | Best=6.6%(@140)
  from x3: 0.06 0.05 0.04 0.04 0.04 0.04 0.04 0.04 0.04 0.04 0.04 0.04 0.04
  per-rule acc: 0.06 0.02
Epoch 500 | Train: Loss=0.0044 Acc=99.9% | Test: Acc=3.6% | Best=6.6%(@140)
  from x3: 0.05 0.04 0.04 0.04 0.04 0.04 0.03 0.03 0.03 0.03 0.03 0.03 0.03
  per-rule acc: 0.05 0.02
Epoch 520 | Train: Loss=0.0030 Acc=99.9% | Test: Acc=3.6% | Best=6.6%(@140)
  from x3: 0.05 0.04 0.04 0.04 0.04 0.04 0.03 0.03 0.03 0.03 0.03 0.03 0.03
  per-rule acc: 0.05 0.02
Epoch 540 | Train: Loss=0.0156 Acc=99.6% | Test: Acc=4.1% | Best=6.6%(@140)
  from x3: 0.06 0.05 0.04 0.04 0.04 0.04 0.04 0.04 0.04 0.04 0.04 0.04 0.04
  per-rule acc: 0.06 0.02
Epoch 560 | Train: Loss=0.0028 Acc=99.9% | Test: Acc=3.6% | Best=6.6%(@140)
  from x3: 0.05 0.04 0.04 0.04 0.03 0.03 0.03 0.03 0.03 0.03 0.03 0.03 0.03
  per-rule acc: 0.05 0.02
Epoch 580 | Train: Loss=0.0029 Acc=99.9% | Test: Acc=3.7% | Best=6.6%(@140)
  from x3: 0.06 0.04 0.04 0.04 0.04 0.03 0.03 0.03 0.03 0.03 0.03 0.03 0.03
  per-rule acc: 0.05 0.02
Epoch 600 | Train: Loss=0.0083 Acc=99.9% | Test: Acc=3.2% | Best=6.6%(@140)
  from x3: 0.05 0.04 0.03 0.03 0.03 0.03 0.03 0.03 0.03 0.03 0.03 0.03 0.03
  per-rule acc: 0.04 0.02
Epoch 620 | Train: Loss=0.0038 Acc=99.9% | Test: Acc=3.8% | Best=6.6%(@140)
  from x3: 0.05 0.04 0.04 0.04 0.04 0.04 0.03 0.04 0.03 0.03 0.03 0.04 0.04
  per-rule acc: 0.05 0.02
Epoch 640 | Train: Loss=0.0044 Acc=99.9% | Test: Acc=3.4% | Best=6.6%(@140)
  from x3: 0.05 0.04 0.03 0.03 0.03 0.03 0.03 0.03 0.03 0.03 0.03 0.03 0.03
  per-rule acc: 0.05 0.02
Epoch 660 | Train: Loss=0.0038 Acc=99.9% | Test: Acc=3.3% | Best=6.6%(@140)
  from x3: 0.05 0.04 0.03 0.03 0.03 0.03 0.03 0.03 0.03 0.03 0.03 0.03 0.03
  per-rule acc: 0.05 0.02
Epoch 680 | Train: Loss=0.0039 Acc=99.9% | Test: Acc=3.2% | Best=6.6%(@140)
  from x3: 0.05 0.04 0.03 0.03 0.03 0.03 0.03 0.03 0.03 0.03 0.03 0.03 0.03
  per-rule acc: 0.05 0.02
Epoch 700 | Train: Loss=0.0028 Acc=99.9% | Test: Acc=3.1% | Best=6.6%(@140)
  from x3: 0.05 0.04 0.03 0.03 0.03 0.03 0.03 0.03 0.03 0.03 0.03 0.03 0.03
  per-rule acc: 0.04 0.02
Epoch 720 | Train: Loss=0.0405 Acc=99.6% | Test: Acc=3.7% | Best=6.6%(@140)
  from x3: 0.05 0.04 0.04 0.04 0.04 0.04 0.03 0.04 0.03 0.03 0.03 0.03 0.03
  per-rule acc: 0.05 0.02
Epoch 740 | Train: Loss=0.0028 Acc=99.9% | Test: Acc=3.1% | Best=6.6%(@140)
  from x3: 0.04 0.04 0.03 0.03 0.03 0.03 0.03 0.03 0.03 0.03 0.03 0.03 0.03
  per-rule acc: 0.04 0.02
Epoch 760 | Train: Loss=0.0109 Acc=99.8% | Test: Acc=3.2% | Best=6.6%(@140)
  from x3: 0.05 0.04 0.03 0.03 0.03 0.03 0.03 0.03 0.03 0.03 0.03 0.03 0.03
  per-rule acc: 0.04 0.02
Epoch 780 | Train: Loss=0.0029 Acc=99.9% | Test: Acc=2.9% | Best=6.6%(@140)
  from x3: 0.04 0.03 0.03 0.03 0.03 0.03 0.03 0.03 0.03 0.03 0.03 0.03 0.03
  per-rule acc: 0.04 0.02
Epoch 800 | Train: Loss=0.0026 Acc=99.9% | Test: Acc=3.7% | Best=6.6%(@140)
  from x3: 0.05 0.04 0.04 0.04 0.04 0.04 0.04 0.04 0.03 0.03 0.03 0.03 0.03
  per-rule acc: 0.05 0.02
Epoch 820 | Train: Loss=0.0032 Acc=99.9% | Test: Acc=3.1% | Best=6.6%(@140)
  from x3: 0.04 0.03 0.03 0.03 0.03 0.03 0.03 0.03 0.03 0.03 0.03 0.03 0.03
  per-rule acc: 0.04 0.02
Epoch 840 | Train: Loss=0.0026 Acc=99.9% | Test: Acc=3.2% | Best=6.6%(@140)
  from x3: 0.05 0.04 0.03 0.03 0.03 0.03 0.03 0.03 0.03 0.03 0.03 0.03 0.03
  per-rule acc: 0.04 0.02
Epoch 860 | Train: Loss=0.0141 Acc=99.8% | Test: Acc=3.7% | Best=6.6%(@140)
  from x3: 0.05 0.04 0.04 0.04 0.04 0.03 0.04 0.03 0.03 0.03 0.04 0.03 0.03
  per-rule acc: 0.05 0.03
Epoch 880 | Train: Loss=0.0029 Acc=99.9% | Test: Acc=3.0% | Best=6.6%(@140)
  from x3: 0.05 0.03 0.03 0.03 0.03 0.03 0.03 0.03 0.03 0.03 0.03 0.03 0.03
  per-rule acc: 0.04 0.02
Epoch 900 | Train: Loss=0.0048 Acc=99.9% | Test: Acc=3.8% | Best=6.6%(@140)
  from x3: 0.05 0.04 0.04 0.04 0.04 0.04 0.04 0.04 0.04 0.04 0.04 0.04 0.04
  per-rule acc: 0.05 0.03
Epoch 920 | Train: Loss=0.0030 Acc=99.9% | Test: Acc=3.0% | Best=6.6%(@140)
  from x3: 0.04 0.03 0.03 0.03 0.03 0.03 0.03 0.03 0.03 0.03 0.03 0.03 0.03
  per-rule acc: 0.04 0.02
Epoch 940 | Train: Loss=0.0036 Acc=99.9% | Test: Acc=3.6% | Best=6.6%(@140)
  from x3: 0.05 0.04 0.04 0.04 0.04 0.03 0.03 0.03 0.03 0.03 0.03 0.03 0.03
  per-rule acc: 0.04 0.03
Epoch 960 | Train: Loss=0.0028 Acc=99.9% | Test: Acc=3.2% | Best=6.6%(@140)
  from x3: 0.04 0.04 0.03 0.03 0.03 0.03 0.03 0.03 0.03 0.03 0.03 0.03 0.03
  per-rule acc: 0.04 0.02
Epoch 980 | Train: Loss=0.0037 Acc=99.9% | Test: Acc=3.6% | Best=6.6%(@140)
  from x3: 0.05 0.04 0.04 0.04 0.03 0.03 0.03 0.03 0.03 0.03 0.03 0.03 0.03
  per-rule acc: 0.05 0.03
Epoch 1000 | Train: Loss=0.0032 Acc=99.9% | Test: Acc=3.0% | Best=6.6%(@140)
  from x3: 0.04 0.04 0.03 0.03 0.03 0.03 0.03 0.03 0.03 0.03 0.03 0.03 0.03
  per-rule acc: 0.03 0.03
Epoch 1020 | Train: Loss=0.0024 Acc=99.9% | Test: Acc=3.5% | Best=6.6%(@140)
  from x3: 0.04 0.04 0.03 0.04 0.04 0.03 0.03 0.03 0.03 0.03 0.03 0.03 0.03
  per-rule acc: 0.04 0.03
Epoch 1040 | Train: Loss=0.0074 Acc=99.9% | Test: Acc=3.1% | Best=6.6%(@140)
  from x3: 0.04 0.03 0.03 0.03 0.03 0.03 0.03 0.03 0.03 0.03 0.03 0.03 0.03
  per-rule acc: 0.03 0.03
Epoch 1060 | Train: Loss=0.0029 Acc=99.9% | Test: Acc=3.4% | Best=6.6%(@140)
  from x3: 0.05 0.04 0.04 0.03 0.03 0.03 0.03 0.03 0.03 0.03 0.03 0.03 0.03
  per-rule acc: 0.04 0.03
Epoch 1080 | Train: Loss=0.0034 Acc=99.9% | Test: Acc=3.2% | Best=6.6%(@140)
  from x3: 0.04 0.04 0.03 0.03 0.03 0.03 0.03 0.03 0.03 0.03 0.03 0.03 0.03
  per-rule acc: 0.04 0.02
Epoch 1100 | Train: Loss=0.0028 Acc=99.9% | Test: Acc=3.6% | Best=6.6%(@140)
  from x3: 0.05 0.04 0.04 0.04 0.04 0.03 0.03 0.03 0.03 0.03 0.03 0.03 0.03
  per-rule acc: 0.05 0.02
Epoch 1120 | Train: Loss=0.0034 Acc=99.9% | Test: Acc=3.2% | Best=6.6%(@140)
  from x3: 0.04 0.04 0.03 0.03 0.03 0.03 0.03 0.03 0.03 0.03 0.03 0.03 0.03
  per-rule acc: 0.04 0.02
Epoch 1140 | Train: Loss=0.0025 Acc=99.9% | Test: Acc=3.6% | Best=6.6%(@140)
  from x3: 0.05 0.04 0.04 0.04 0.03 0.03 0.03 0.03 0.03 0.03 0.03 0.03 0.03
  per-rule acc: 0.04 0.03
Epoch 1160 | Train: Loss=0.0272 Acc=99.8% | Test: Acc=3.8% | Best=6.6%(@140)
  from x3: 0.05 0.04 0.04 0.04 0.04 0.04 0.04 0.04 0.04 0.04 0.03 0.03 0.03
  per-rule acc: 0.04 0.03
Epoch 1180 | Train: Loss=0.0029 Acc=99.9% | Test: Acc=3.4% | Best=6.6%(@140)
  from x3: 0.05 0.04 0.03 0.03 0.03 0.03 0.03 0.03 0.03 0.03 0.03 0.03 0.03
  per-rule acc: 0.04 0.03
Epoch 1200 | Train: Loss=0.0308 Acc=99.8% | Test: Acc=3.7% | Best=6.6%(@140)
  from x3: 0.05 0.04 0.04 0.04 0.04 0.04 0.03 0.04 0.04 0.04 0.04 0.03 0.03
  per-rule acc: 0.05 0.03
Epoch 1220 | Train: Loss=0.0032 Acc=99.9% | Test: Acc=3.9% | Best=6.6%(@140)
  from x3: 0.05 0.05 0.04 0.04 0.04 0.04 0.04 0.04 0.04 0.04 0.04 0.04 0.04
  per-rule acc: 0.04 0.03
Epoch 1240 | Train: Loss=0.0269 Acc=99.6% | Test: Acc=4.4% | Best=6.6%(@140)
  from x3: 0.05 0.05 0.04 0.04 0.04 0.04 0.04 0.04 0.04 0.04 0.04 0.04 0.04
  per-rule acc: 0.05 0.04
Epoch 1260 | Train: Loss=0.0027 Acc=99.9% | Test: Acc=4.1% | Best=6.6%(@140)
  from x3: 0.05 0.04 0.04 0.04 0.04 0.04 0.04 0.04 0.04 0.04 0.04 0.04 0.04
  per-rule acc: 0.05 0.04
Epoch 1280 | Train: Loss=0.0025 Acc=99.9% | Test: Acc=4.3% | Best=6.6%(@140)
  from x3: 0.05 0.05 0.04 0.04 0.04 0.04 0.04 0.04 0.04 0.04 0.04 0.04 0.04
  per-rule acc: 0.05 0.03
Epoch 1300 | Train: Loss=0.0038 Acc=99.9% | Test: Acc=3.6% | Best=6.6%(@140)
  from x3: 0.05 0.04 0.04 0.03 0.04 0.03 0.03 0.03 0.03 0.03 0.03 0.03 0.03
  per-rule acc: 0.04 0.03
Epoch 1320 | Train: Loss=0.0024 Acc=99.9% | Test: Acc=4.5% | Best=6.6%(@140)
  from x3: 0.05 0.05 0.05 0.04 0.04 0.04 0.04 0.04 0.04 0.04 0.04 0.04 0.04
  per-rule acc: 0.05 0.04
Epoch 1340 | Train: Loss=0.0030 Acc=99.9% | Test: Acc=3.9% | Best=6.6%(@140)
  from x3: 0.05 0.05 0.04 0.04 0.04 0.04 0.04 0.04 0.04 0.04 0.04 0.04 0.04
  per-rule acc: 0.05 0.03
Epoch 1360 | Train: Loss=0.0022 Acc=99.9% | Test: Acc=4.3% | Best=6.6%(@140)
  from x3: 0.05 0.05 0.05 0.04 0.04 0.04 0.04 0.04 0.04 0.04 0.04 0.04 0.04
  per-rule acc: 0.05 0.04
Epoch 1380 | Train: Loss=0.0031 Acc=99.9% | Test: Acc=4.2% | Best=6.6%(@140)
  from x3: 0.05 0.04 0.04 0.04 0.04 0.04 0.04 0.04 0.04 0.04 0.04 0.04 0.04
  per-rule acc: 0.05 0.04
Epoch 1400 | Train: Loss=0.0025 Acc=99.9% | Test: Acc=4.5% | Best=6.6%(@140)
  from x3: 0.06 0.05 0.04 0.04 0.04 0.04 0.04 0.04 0.04 0.04 0.04 0.04 0.04
  per-rule acc: 0.05 0.04
Epoch 1420 | Train: Loss=0.0063 Acc=99.9% | Test: Acc=4.1% | Best=6.6%(@140)
  from x3: 0.05 0.05 0.04 0.04 0.04 0.04 0.04 0.04 0.04 0.04 0.04 0.04 0.04
  per-rule acc: 0.05 0.04
Epoch 1440 | Train: Loss=0.0039 Acc=99.9% | Test: Acc=4.2% | Best=6.6%(@140)
  from x3: 0.05 0.05 0.04 0.04 0.04 0.04 0.04 0.04 0.04 0.04 0.04 0.04 0.04
  per-rule acc: 0.05 0.04
Epoch 1460 | Train: Loss=0.0052 Acc=99.9% | Test: Acc=3.9% | Best=6.6%(@140)
  from x3: 0.05 0.04 0.04 0.04 0.04 0.04 0.04 0.04 0.04 0.04 0.04 0.04 0.04
  per-rule acc: 0.04 0.04
Epoch 1480 | Train: Loss=0.0024 Acc=99.9% | Test: Acc=4.3% | Best=6.6%(@140)
  from x3: 0.05 0.05 0.04 0.04 0.04 0.04 0.04 0.04 0.04 0.04 0.04 0.04 0.04
  per-rule acc: 0.05 0.04
Epoch 1500 | Train: Loss=0.0378 Acc=99.7% | Test: Acc=4.3% | Best=6.6%(@140)
  from x3: 0.05 0.05 0.04 0.04 0.04 0.04 0.04 0.04 0.04 0.04 0.04 0.04 0.04
  per-rule acc: 0.05 0.03
Epoch 1520 | Train: Loss=0.0025 Acc=99.9% | Test: Acc=4.3% | Best=6.6%(@140)
  from x3: 0.05 0.05 0.04 0.04 0.04 0.04 0.04 0.04 0.04 0.04 0.04 0.04 0.04
  per-rule acc: 0.05 0.04
Epoch 1540 | Train: Loss=0.0061 Acc=99.9% | Test: Acc=5.0% | Best=6.6%(@140)
  from x3: 0.06 0.06 0.05 0.05 0.05 0.05 0.05 0.05 0.05 0.05 0.05 0.05 0.05
  per-rule acc: 0.06 0.04
Epoch 1560 | Train: Loss=0.0028 Acc=99.9% | Test: Acc=4.2% | Best=6.6%(@140)
  from x3: 0.05 0.05 0.04 0.04 0.04 0.04 0.04 0.04 0.04 0.04 0.04 0.04 0.04
  per-rule acc: 0.05 0.04
Epoch 1580 | Train: Loss=0.0024 Acc=99.9% | Test: Acc=4.2% | Best=6.6%(@140)
  from x3: 0.05 0.05 0.04 0.04 0.04 0.04 0.04 0.04 0.04 0.04 0.04 0.04 0.04
  per-rule acc: 0.05 0.04
Epoch 1600 | Train: Loss=0.0269 Acc=99.7% | Test: Acc=4.2% | Best=6.6%(@140)
  from x3: 0.05 0.05 0.04 0.04 0.04 0.04 0.04 0.04 0.04 0.04 0.04 0.04 0.04
  per-rule acc: 0.05 0.04
Epoch 1620 | Train: Loss=0.0024 Acc=99.9% | Test: Acc=4.6% | Best=6.6%(@140)
  from x3: 0.06 0.05 0.04 0.04 0.05 0.04 0.04 0.04 0.04 0.04 0.04 0.04 0.04
  per-rule acc: 0.05 0.04
Epoch 1640 | Train: Loss=0.0050 Acc=99.9% | Test: Acc=4.1% | Best=6.6%(@140)
  from x3: 0.05 0.05 0.04 0.04 0.04 0.04 0.04 0.04 0.04 0.04 0.04 0.04 0.04
  per-rule acc: 0.05 0.04
Epoch 1660 | Train: Loss=0.0046 Acc=99.9% | Test: Acc=3.9% | Best=6.6%(@140)
  from x3: 0.05 0.04 0.04 0.04 0.04 0.04 0.04 0.04 0.04 0.04 0.04 0.04 0.04
  per-rule acc: 0.04 0.04
Epoch 1680 | Train: Loss=0.0023 Acc=99.9% | Test: Acc=4.7% | Best=6.6%(@140)
  from x3: 0.06 0.05 0.05 0.05 0.05 0.05 0.05 0.05 0.05 0.05 0.05 0.04 0.04
  per-rule acc: 0.06 0.04
Epoch 1700 | Train: Loss=0.0663 Acc=99.6% | Test: Acc=4.5% | Best=6.6%(@140)
  from x3: 0.06 0.06 0.05 0.04 0.04 0.04 0.04 0.04 0.04 0.04 0.04 0.04 0.04
  per-rule acc: 0.05 0.04
Epoch 1720 | Train: Loss=0.0030 Acc=99.9% | Test: Acc=4.8% | Best=6.6%(@140)
  from x3: 0.06 0.05 0.05 0.05 0.05 0.05 0.05 0.05 0.05 0.05 0.05 0.05 0.05
  per-rule acc: 0.05 0.04
Epoch 1740 | Train: Loss=0.0031 Acc=99.9% | Test: Acc=4.2% | Best=6.6%(@140)
  from x3: 0.05 0.05 0.04 0.04 0.04 0.04 0.04 0.04 0.04 0.04 0.04 0.04 0.04
  per-rule acc: 0.05 0.04
Epoch 1760 | Train: Loss=0.0027 Acc=99.9% | Test: Acc=4.6% | Best=6.6%(@140)
  from x3: 0.06 0.06 0.05 0.04 0.04 0.04 0.04 0.04 0.04 0.04 0.04 0.04 0.04
  per-rule acc: 0.05 0.04
Epoch 1780 | Train: Loss=0.0030 Acc=99.9% | Test: Acc=4.5% | Best=6.6%(@140)
  from x3: 0.05 0.05 0.04 0.04 0.04 0.04 0.04 0.04 0.04 0.04 0.04 0.04 0.04
  per-rule acc: 0.05 0.04
Epoch 1800 | Train: Loss=0.0024 Acc=99.9% | Test: Acc=5.0% | Best=6.6%(@140)
  from x3: 0.06 0.06 0.05 0.05 0.05 0.05 0.05 0.05 0.05 0.05 0.05 0.05 0.05
  per-rule acc: 0.06 0.04
Epoch 1820 | Train: Loss=0.0043 Acc=99.9% | Test: Acc=4.3% | Best=6.6%(@140)
  from x3: 0.05 0.05 0.04 0.04 0.04 0.04 0.04 0.04 0.04 0.04 0.04 0.04 0.04
  per-rule acc: 0.05 0.04
Epoch 1840 | Train: Loss=0.0023 Acc=99.9% | Test: Acc=5.1% | Best=6.6%(@140)
  from x3: 0.06 0.05 0.05 0.05 0.05 0.05 0.05 0.05 0.05 0.05 0.05 0.05 0.05
  per-rule acc: 0.06 0.04
Epoch 1860 | Train: Loss=0.0031 Acc=99.9% | Test: Acc=4.7% | Best=6.6%(@140)
  from x3: 0.05 0.05 0.05 0.05 0.05 0.05 0.05 0.05 0.05 0.05 0.05 0.05 0.04
  per-rule acc: 0.05 0.04
Epoch 1880 | Train: Loss=0.0023 Acc=99.9% | Test: Acc=5.0% | Best=6.6%(@140)
  from x3: 0.06 0.06 0.05 0.05 0.05 0.05 0.05 0.05 0.05 0.05 0.05 0.05 0.05
  per-rule acc: 0.06 0.04
Epoch 1900 | Train: Loss=0.0033 Acc=99.9% | Test: Acc=4.9% | Best=6.6%(@140)
  from x3: 0.05 0.05 0.05 0.05 0.05 0.05 0.05 0.05 0.05 0.05 0.05 0.05 0.05
  per-rule acc: 0.05 0.04
Epoch 1920 | Train: Loss=0.0024 Acc=99.9% | Test: Acc=5.3% | Best=6.6%(@140)
  from x3: 0.06 0.06 0.05 0.05 0.05 0.05 0.05 0.05 0.05 0.05 0.05 0.05 0.05
  per-rule acc: 0.06 0.04
Epoch 1940 | Train: Loss=0.0386 Acc=99.6% | Test: Acc=4.0% | Best=6.6%(@140)
  from x3: 0.04 0.05 0.04 0.04 0.04 0.04 0.04 0.04 0.04 0.04 0.04 0.04 0.04
  per-rule acc: 0.04 0.04
Epoch 1960 | Train: Loss=0.0025 Acc=99.9% | Test: Acc=5.3% | Best=6.6%(@140)
  from x3: 0.06 0.06 0.05 0.05 0.05 0.05 0.05 0.05 0.05 0.05 0.05 0.05 0.05
  per-rule acc: 0.06 0.04
Epoch 1980 | Train: Loss=0.0503 Acc=99.7% | Test: Acc=5.9% | Best=6.6%(@140)
  from x3: 0.06 0.07 0.06 0.06 0.06 0.06 0.06 0.06 0.06 0.06 0.06 0.06 0.06
  per-rule acc: 0.07 0.05
Epoch 2000 | Train: Loss=0.0024 Acc=99.9% | Test: Acc=5.0% | Best=6.6%(@140)
  from x3: 0.06 0.06 0.05 0.05 0.05 0.05 0.05 0.05 0.05 0.05 0.05 0.05 0.05
  per-rule acc: 0.05 0.05
Epoch 2020 | Train: Loss=0.0413 Acc=99.9% | Test: Acc=5.0% | Best=6.6%(@140)
  from x3: 0.06 0.06 0.05 0.05 0.05 0.05 0.05 0.05 0.05 0.05 0.05 0.05 0.05
  per-rule acc: 0.06 0.04
Epoch 2040 | Train: Loss=0.0030 Acc=99.9% | Test: Acc=5.1% | Best=6.6%(@140)
  from x3: 0.06 0.06 0.05 0.05 0.05 0.05 0.05 0.05 0.05 0.05 0.05 0.05 0.05
  per-rule acc: 0.06 0.05
Epoch 2060 | Train: Loss=0.0524 Acc=99.7% | Test: Acc=5.4% | Best=6.6%(@140)
  from x3: 0.07 0.06 0.05 0.05 0.05 0.05 0.05 0.05 0.05 0.05 0.05 0.05 0.05
  per-rule acc: 0.06 0.05
Epoch 2080 | Train: Loss=0.0023 Acc=99.9% | Test: Acc=5.3% | Best=6.6%(@140)
  from x3: 0.06 0.06 0.05 0.05 0.05 0.05 0.05 0.05 0.05 0.05 0.05 0.05 0.05
  per-rule acc: 0.06 0.05
Epoch 2100 | Train: Loss=0.0031 Acc=99.9% | Test: Acc=4.6% | Best=6.6%(@140)
  from x3: 0.06 0.05 0.04 0.04 0.05 0.05 0.05 0.04 0.04 0.05 0.05 0.04 0.04
  per-rule acc: 0.05 0.04
Epoch 2120 | Train: Loss=0.0027 Acc=99.9% | Test: Acc=5.5% | Best=6.6%(@140)
  from x3: 0.07 0.06 0.06 0.05 0.06 0.05 0.05 0.05 0.05 0.05 0.05 0.05 0.05
  per-rule acc: 0.06 0.05
Epoch 2140 | Train: Loss=0.0029 Acc=99.9% | Test: Acc=5.1% | Best=6.6%(@140)
  from x3: 0.06 0.06 0.05 0.05 0.05 0.05 0.05 0.05 0.05 0.05 0.05 0.05 0.05
  per-rule acc: 0.06 0.04
[Early stop] No improvement for 2000 consecutive epochs

==================================================
Saving model...
[OK] Model saved to: /home/cxm/ai/test0617-basic/models/mixed_basic_d1024l1_r16_t16_c0.5.pth
  File size: 149857.3 KB
  Best test accuracy: 6.60%

==================================================
Final generation test (given first two items, AB generates 3rd as prompt, validate from 4th)
==================================================

--- AB pair 1: (1, 1) ---

--- Statistics for AB=(1,1) ---
Exposed    samples:  1405 | In-dist: 18148/18265 ( 99.4%) | OOD: 22335/22480 ( 99.4%)
Unexposed  samples:  1404 | In-dist:  9924/18252 ( 54.4%) | OOD: 13243/22464 ( 59.0%)

--- AB pair 2: (1, 2) ---

--- Statistics for AB=(1,2) ---
Exposed    samples:  1405 | In-dist: 18174/18265 ( 99.5%) | OOD: 22375/22480 ( 99.5%)
Unexposed  samples:  1404 | In-dist:  4554/18252 ( 25.0%) | OOD:  6076/22464 ( 27.0%)

--- Return code: 0 ---

======================================================================
Attention Analysis
======================================================================
Model config: addition (default), p=53
Best test accuracy: 0.06596537365768135
Training epochs: 2140

Random test sequence 1/5 (length 32): [36, 15, 51, 13, 11, 24, 35, 6, 41, 47, 35, 29, 11, 40, 51, 38, 36, 21, 4, 25]...

======================================================================
Attention Layer Training Result Summary
======================================================================
Input sequence: [36, 15, 51, 13, 11, 24, 35, 6, 41, 47, 35, 29, 11, 40, 51, 38, 36, 21, 4, 25, 29, 1, 30, 31, 8, 39, 47, 33, 27, 7, 34, 41]

--- Layer 0 ---
  Head 0: Entropy=1.770
    Attention coefficients from each query position to previous positions:
      i= 0 -> j=0:1.000
      i= 1 -> j=0:0.694, j=1:0.306
      i= 2 -> j=0:0.246, j=1:0.486, j=2:0.269
      i= 3 -> j=0:0.128, j=1:0.202, j=2:0.418, j=3:0.252
      i= 4 -> j=0:0.084, j=1:0.115, j=2:0.248, j=3:0.430, j=4:0.123
      i= 5 -> j=0:0.018, j=1:0.039, j=2:0.092, j=3:0.232, j=4:0.450, j=5:0.170
      i= 6 -> j=0:0.007, j=1:0.016, j=2:0.020, j=3:0.120, j=4:0.256, j=5:0.433, j=6:0.147
      i= 7 -> j=0:0.011, j=1:0.012, j=2:0.022, j=3:0.072, j=4:0.076, j=5:0.235, j=6:0.432, j=7:0.139
      i= 8 -> j=0:0.003, j=1:0.012, j=2:0.011, j=3:0.021, j=4:0.054, j=5:0.200, j=6:0.192, j=7:0.442, j=8:0.065
      i= 9 -> j=0:0.005, j=1:0.008, j=2:0.013, j=3:0.020, j=4:0.029, j=5:0.061, j=6:0.117, j=7:0.263, j=8:0.396, j=9:0.088
      i=10 -> j=0:0.003, j=1:0.004, j=2:0.004, j=3:0.006, j=4:0.008, j=5:0.016, j=6:0.074, j=7:0.109, j=8:0.256, j=9:0.301, j=10:0.220
      i=11 -> j=0:0.002, j=1:0.003, j=2:0.004, j=3:0.006, j=4:0.013, j=5:0.017, j=6:0.026, j=7:0.109, j=8:0.040, j=9:0.209, j=10:0.418, j=11:0.154
      i=12 -> j=0:0.003, j=1:0.002, j=2:0.002, j=3:0.003, j=4:0.002, j=5:0.005, j=6:0.009, j=7:0.018, j=8:0.039, j=9:0.144, j=10:0.203, j=11:0.468, j=12:0.102
      i=13 -> j=0:0.005, j=1:0.004, j=2:0.003, j=3:0.004, j=4:0.005, j=5:0.008, j=6:0.007, j=7:0.018, j=8:0.026, j=9:0.035, j=10:0.165, j=11:0.212, j=12:0.439, j=13:0.069
      i=14 -> j=0:0.005, j=1:0.003, j=2:0.001, j=3:0.002, j=4:0.002, j=5:0.004, j=6:0.005, j=7:0.007, j=8:0.012, j=9:0.018, j=10:0.022, j=11:0.178, j=12:0.193, j=13:0.364, j=14:0.183
      i=15 -> j=0:0.005, j=1:0.003, j=2:0.004, j=3:0.002, j=4:0.002, j=5:0.001, j=6:0.002, j=7:0.003, j=8:0.006, j=9:0.006, j=10:0.016, j=11:0.024, j=12:0.122, j=13:0.197, j=14:0.486, j=15:0.121
      i=16 -> j=0:0.006, j=1:0.007, j=2:0.006, j=3:0.004, j=4:0.003, j=5:0.003, j=6:0.003, j=7:0.004, j=8:0.004, j=9:0.007, j=10:0.013, j=11:0.022, j=12:0.056, j=13:0.147, j=14:0.218, j=15:0.305, j=16:0.192
      i=17 -> j=0:0.010, j=1:0.008, j=2:0.008, j=3:0.008, j=4:0.005, j=5:0.005, j=6:0.005, j=7:0.004, j=8:0.003, j=9:0.007, j=10:0.011, j=11:0.027, j=12:0.037, j=13:0.109, j=14:0.075, j=15:0.389, j=16:0.220, j=17:0.068
      i=18 -> j=0:0.012, j=1:0.010, j=2:0.012, j=3:0.008, j=4:0.007, j=5:0.004, j=6:0.003, j=7:0.003, j=8:0.003, j=9:0.005, j=10:0.004, j=11:0.005, j=12:0.011, j=13:0.019, j=14:0.039, j=15:0.070, j=16:0.226, j=17:0.411, j=18:0.148
      i=19 -> j=0:0.026, j=1:0.017, j=2:0.018, j=3:0.019, j=4:0.014, j=5:0.009, j=6:0.009, j=7:0.007, j=8:0.003, j=9:0.008, j=10:0.010, j=11:0.008, j=12:0.016, j=13:0.021, j=14:0.035, j=15:0.037, j=16:0.089, j=17:0.267, j=18:0.326, j=19:0.062
      i=20 -> j=0:0.021, j=1:0.014, j=2:0.012, j=3:0.011, j=4:0.013, j=5:0.009, j=6:0.007, j=7:0.005, j=8:0.003, j=9:0.003, j=10:0.003, j=11:0.004, j=12:0.011, j=13:0.012, j=14:0.013, j=15:0.026, j=16:0.040, j=17:0.090, j=18:0.305, j=19:0.207, j=20:0.190
      i=21 -> j=0:0.017, j=1:0.019, j=2:0.022, j=3:0.013, j=4:0.014, j=5:0.009, j=6:0.010, j=7:0.006, j=8:0.005, j=9:0.005, j=10:0.004, j=11:0.004, j=12:0.006, j=13:0.007, j=14:0.012, j=15:0.017, j=16:0.027, j=17:0.042, j=18:0.160, j=19:0.170, j=20:0.356, j=21:0.075
      i=22 -> j=0:0.026, j=1:0.041, j=2:0.035, j=3:0.026, j=4:0.015, j=5:0.011, j=6:0.011, j=7:0.007, j=8:0.006, j=9:0.006, j=10:0.006, j=11:0.004, j=12:0.004, j=13:0.007, j=14:0.013, j=15:0.010, j=16:0.016, j=17:0.041, j=18:0.062, j=19:0.079, j=20:0.242, j=21:0.273, j=22:0.060
      i=23 -> j=0:0.017, j=1:0.016, j=2:0.019, j=3:0.015, j=4:0.012, j=5:0.011, j=6:0.010, j=7:0.007, j=8:0.006, j=9:0.008, j=10:0.004, j=11:0.002, j=12:0.002, j=13:0.002, j=14:0.003, j=15:0.004, j=16:0.007, j=17:0.008, j=18:0.015, j=19:0.050, j=20:0.121, j=21:0.163, j=22:0.313, j=23:0.186
      i=24 -> j=0:0.015, j=1:0.021, j=2:0.021, j=3:0.025, j=4:0.015, j=5:0.009, j=6:0.008, j=7:0.006, j=8:0.006, j=9:0.007, j=10:0.004, j=11:0.003, j=12:0.002, j=13:0.002, j=14:0.002, j=15:0.002, j=16:0.003, j=17:0.005, j=18:0.010, j=19:0.016, j=20:0.041, j=21:0.073, j=22:0.206, j=23:0.322, j=24:0.175
      i=25 -> j=0:0.014, j=1:0.014, j=2:0.011, j=3:0.011, j=4:0.011, j=5:0.011, j=6:0.010, j=7:0.008, j=8:0.006, j=9:0.009, j=10:0.006, j=11:0.005, j=12:0.003, j=13:0.003, j=14:0.002, j=15:0.002, j=16:0.003, j=17:0.006, j=18:0.006, j=19:0.007, j=20:0.021, j=21:0.039, j=22:0.108, j=23:0.258, j=24:0.349, j=25:0.077
      i=26 -> j=0:0.022, j=1:0.022, j=2:0.017, j=3:0.020, j=4:0.018, j=5:0.016, j=6:0.013, j=7:0.015, j=8:0.012, j=9:0.003, j=10:0.006, j=11:0.005, j=12:0.005, j=13:0.006, j=14:0.003, j=15:0.003, j=16:0.003, j=17:0.003, j=18:0.009, j=19:0.011, j=20:0.014, j=21:0.018, j=22:0.035, j=23:0.134, j=24:0.154, j=25:0.369, j=26:0.065
      i=27 -> j=0:0.016, j=1:0.020, j=2:0.016, j=3:0.014, j=4:0.013, j=5:0.013, j=6:0.014, j=7:0.012, j=8:0.008, j=9:0.009, j=10:0.005, j=11:0.006, j=12:0.005, j=13:0.004, j=14:0.003, j=15:0.002, j=16:0.001, j=17:0.001, j=18:0.003, j=19:0.003, j=20:0.005, j=21:0.005, j=22:0.019, j=23:0.033, j=24:0.080, j=25:0.278, j=26:0.231, j=27:0.182
      i=28 -> j=0:0.023, j=1:0.026, j=2:0.033, j=3:0.019, j=4:0.014, j=5:0.011, j=6:0.014, j=7:0.011, j=8:0.017, j=9:0.014, j=10:0.009, j=11:0.009, j=12:0.007, j=13:0.005, j=14:0.005, j=15:0.003, j=16:0.003, j=17:0.002, j=18:0.002, j=19:0.002, j=20:0.003, j=21:0.003, j=22:0.010, j=23:0.015, j=24:0.023, j=25:0.088, j=26:0.185, j=27:0.315, j=28:0.126
      i=29 -> j=0:0.024, j=1:0.033, j=2:0.026, j=3:0.025, j=4:0.025, j=5:0.020, j=6:0.019, j=7:0.017, j=8:0.016, j=9:0.016, j=10:0.011, j=11:0.010, j=12:0.010, j=13:0.009, j=14:0.006, j=15:0.005, j=16:0.003, j=17:0.002, j=18:0.002, j=19:0.002, j=20:0.002, j=21:0.004, j=22:0.002, j=23:0.006, j=24:0.013, j=25:0.030, j=26:0.061, j=27:0.205, j=28:0.295, j=29:0.101
      i=30 -> j=0:0.021, j=1:0.020, j=2:0.024, j=3:0.023, j=4:0.025, j=5:0.024, j=6:0.022, j=7:0.016, j=8:0.017, j=9:0.015, j=10:0.017, j=11:0.011, j=12:0.009, j=13:0.011, j=14:0.009, j=15:0.010, j=16:0.006, j=17:0.003, j=18:0.003, j=19:0.004, j=20:0.004, j=21:0.004, j=22:0.007, j=23:0.005, j=24:0.016, j=25:0.032, j=26:0.034, j=27:0.097, j=28:0.187, j=29:0.283, j=30:0.039
      i=31 -> j=0:0.024, j=1:0.034, j=2:0.026, j=3:0.023, j=4:0.020, j=5:0.023, j=6:0.014, j=7:0.013, j=8:0.013, j=9:0.019, j=10:0.017, j=11:0.021, j=12:0.011, j=13:0.008, j=14:0.006, j=15:0.008, j=16:0.004, j=17:0.004, j=18:0.003, j=19:0.002, j=20:0.002, j=21:0.002, j=22:0.002, j=23:0.004, j=24:0.004, j=25:0.010, j=26:0.028, j=27:0.054, j=28:0.062, j=29:0.118, j=30:0.366, j=31:0.055
    Average attention per distance:
      d=0:0.163, d=1:0.374, d=2:0.224, d=3:0.108, d=4:0.048, d=5:0.023, d=6:0.012, d=18:0.011
      d=19:0.015, d=20:0.018, d=21:0.018, d=22:0.017, d=23:0.016, d=24:0.016, d=25:0.019, d=26:0.025
      d=27:0.022, d=28:0.026, d=29:0.023, d=30:0.028, d=31:0.024


======================================================================
QK Property Verification (Raw Scores, before Softmax)
======================================================================
Recurrence order init_len=2, num test sequences=1

--- [P1] Long-distance Orthogonality Verification ---
Ideal: raw_score mean ≈ 0 and small std when d > init_len

  Layer 0, Head 0:
    d= 1 (effective): mean=  2.879, std= 0.336, n=31
    d= 2 (effective): mean=  2.395, std= 0.278, n=30
    d>2 (long-distance): mean= -0.613, std= 1.061, n=435

--- [P2] Time-homogeneous Verification ---
Ideal: CV of raw_score across positions i ≈ 0 for fixed distance d
(CV = std / |mean|, smaller = more constant)

  Layer 0, Head 0:
    d= 1: mean=  2.879, std= 0.336, CV=0.117, n=31
    d= 2: mean=  2.395, std= 0.278, CV=0.116, n=30

======================================================================
QK Property Verification Completed
======================================================================
