=== Experiment: mixed_basic_d512l2_r4_t16 ===
Time: 2026-06-25T07:17:33.553333
Task type: mixed_ab
Merged config: {
  "P": 53,
  "TASK": "mixed_ab",
  "NUM_MASK": 2,
  "A": 1,
  "B": 1,
  "AB_PAIRS": [
    [
      1,
      1
    ],
    [
      1,
      2
    ]
  ],
  "D_MODEL": 512,
  "N_HEAD": 1,
  "N_LAYER": 2,
  "BATCH_SIZE": 128,
  "EPOCHS": 10000,
  "LR": 0.0003,
  "SAVE_PATH": "models/mixed_basic_d512l2_r4_t16.pth",
  "USE_GREEDY_GENERATE": true,
  "USE_LEARNABLE_PE": false,
  "MLP_RATIO": 4,
  "TRAIN_LEN": 16,
  "OOD_LEN": 32,
  "DROPOUT": 0.0,
  "TARGET_INIT_COVERAGE": 0.5,
  "MAX_UNIQUE_RATIO": 0.5,
  "WEIGHT_DECAY": 1,
  "ENTROPY_PENALTY_WEIGHT": 0.0,
  "FIRST_TASK_WEIGHT": 1.0,
  "RANDOM_SEED": 42,
  "EVAL_INTERVAL": 20,
  "EARLY_STOP_NO_IMPROVE": 2000,
  "EARLY_STOP_ACCURACY": 0.99,
  "USE_AB_TAG": false,
  "USE_CONDITIONAL_WTE": false,
  "COND_WTE_SHARED_RATIO": 0.0
}
--- output ---
Using device: cuda

[Dataset] Mixed mode: generated 2810 + 2808 samples, length 16
AB parameter pairs: [(1, 1), (1, 2)]
--------------------------------------------------
[Model config] block_size: 32, train length: 16
[Number theory] AB parameter pairs: [(1, 1), (1, 2)]


Model parameters: 6.47M

Start training...
Epoch   0 | Train: Loss=4.0996 Acc=8.1% | Test: Acc=0.5% | Best=0.5%(@0)
  from x3: 0.01 0.01 0.01 0.01 0.00 0.01 0.00 0.00 0.00 0.00 0.00 0.00 0.01
  per-rule acc: 0.01 0.00
Epoch  20 | Train: Loss=0.0262 Acc=99.7% | Test: Acc=2.4% | Best=2.4%(@20)
  from x3: 0.03 0.04 0.03 0.02 0.02 0.02 0.02 0.02 0.02 0.02 0.02 0.02 0.02
  per-rule acc: 0.03 0.01
Epoch  40 | Train: Loss=0.0045 Acc=99.9% | Test: Acc=2.3% | Best=2.4%(@20)
  from x3: 0.02 0.03 0.02 0.02 0.02 0.02 0.02 0.02 0.02 0.02 0.02 0.02 0.02
  per-rule acc: 0.03 0.01
Epoch  60 | Train: Loss=0.0047 Acc=99.9% | Test: Acc=2.5% | Best=2.5%(@60)
  from x3: 0.03 0.03 0.03 0.03 0.03 0.02 0.02 0.02 0.02 0.02 0.02 0.02 0.02
  per-rule acc: 0.03 0.02
Epoch  80 | Train: Loss=0.0709 Acc=99.0% | Test: Acc=2.1% | Best=2.5%(@60)
  from x3: 0.03 0.03 0.02 0.02 0.02 0.02 0.02 0.02 0.02 0.02 0.02 0.02 0.02
  per-rule acc: 0.03 0.01
Epoch 100 | Train: Loss=0.0026 Acc=99.9% | Test: Acc=2.8% | Best=2.8%(@100)
  from x3: 0.04 0.03 0.03 0.03 0.03 0.03 0.03 0.03 0.03 0.03 0.03 0.03 0.03
  per-rule acc: 0.03 0.02
Epoch 120 | Train: Loss=0.0037 Acc=99.9% | Test: Acc=2.5% | Best=2.8%(@100)
  from x3: 0.03 0.03 0.03 0.02 0.03 0.03 0.02 0.02 0.02 0.02 0.02 0.02 0.02
  per-rule acc: 0.03 0.02
Epoch 140 | Train: Loss=0.1868 Acc=98.5% | Test: Acc=2.8% | Best=2.8%(@100)
  from x3: 0.03 0.03 0.03 0.03 0.03 0.03 0.03 0.03 0.03 0.03 0.03 0.03 0.03
  per-rule acc: 0.04 0.02
Epoch 160 | Train: Loss=0.0234 Acc=99.8% | Test: Acc=3.9% | Best=3.9%(@160)
  from x3: 0.04 0.03 0.04 0.04 0.04 0.04 0.04 0.04 0.04 0.04 0.04 0.04 0.04
  per-rule acc: 0.05 0.02
Epoch 180 | Train: Loss=0.0030 Acc=99.9% | Test: Acc=3.3% | Best=3.9%(@160)
  from x3: 0.04 0.04 0.03 0.03 0.03 0.03 0.03 0.03 0.03 0.03 0.03 0.03 0.03
  per-rule acc: 0.04 0.02
Epoch 200 | Train: Loss=0.0033 Acc=99.9% | Test: Acc=3.3% | Best=3.9%(@160)
  from x3: 0.04 0.04 0.03 0.03 0.03 0.03 0.03 0.03 0.03 0.03 0.03 0.03 0.03
  per-rule acc: 0.04 0.03
Epoch 220 | Train: Loss=0.0254 Acc=99.7% | Test: Acc=5.1% | Best=5.1%(@220)
  from x3: 0.06 0.05 0.05 0.05 0.05 0.05 0.05 0.05 0.05 0.05 0.05 0.05 0.05
  per-rule acc: 0.06 0.04
Epoch 240 | Train: Loss=0.0026 Acc=99.9% | Test: Acc=4.4% | Best=5.1%(@220)
  from x3: 0.06 0.05 0.04 0.04 0.04 0.04 0.04 0.04 0.04 0.04 0.04 0.04 0.04
  per-rule acc: 0.06 0.03
Epoch 260 | Train: Loss=0.0031 Acc=99.9% | Test: Acc=4.4% | Best=5.1%(@220)
  from x3: 0.05 0.05 0.04 0.04 0.04 0.04 0.04 0.04 0.04 0.04 0.04 0.04 0.04
  per-rule acc: 0.06 0.03
Epoch 280 | Train: Loss=0.0023 Acc=99.9% | Test: Acc=5.4% | Best=5.4%(@280)
  from x3: 0.06 0.06 0.05 0.05 0.05 0.05 0.05 0.05 0.05 0.05 0.05 0.05 0.05
  per-rule acc: 0.07 0.04
Epoch 300 | Train: Loss=0.0029 Acc=99.9% | Test: Acc=4.7% | Best=5.4%(@280)
  from x3: 0.06 0.05 0.05 0.05 0.04 0.05 0.05 0.05 0.05 0.05 0.05 0.04 0.04
  per-rule acc: 0.06 0.03
Epoch 320 | Train: Loss=0.3895 Acc=95.1% | Test: Acc=5.5% | Best=5.5%(@320)
  from x3: 0.06 0.05 0.06 0.05 0.06 0.05 0.05 0.06 0.06 0.05 0.05 0.05 0.06
  per-rule acc: 0.07 0.04
Epoch 340 | Train: Loss=0.0022 Acc=99.9% | Test: Acc=7.1% | Best=7.1%(@340)
  from x3: 0.08 0.07 0.07 0.07 0.07 0.07 0.07 0.07 0.07 0.07 0.07 0.07 0.07
  per-rule acc: 0.09 0.05
Epoch 360 | Train: Loss=0.0029 Acc=99.9% | Test: Acc=6.4% | Best=7.1%(@340)
  from x3: 0.07 0.07 0.06 0.06 0.06 0.06 0.06 0.06 0.06 0.06 0.06 0.06 0.06
  per-rule acc: 0.08 0.04
Epoch 380 | Train: Loss=0.0210 Acc=99.8% | Test: Acc=9.5% | Best=9.5%(@380)
  from x3: 0.10 0.09 0.10 0.09 0.10 0.10 0.10 0.09 0.09 0.09 0.09 0.09 0.09
  per-rule acc: 0.14 0.05
Epoch 400 | Train: Loss=0.0023 Acc=99.9% | Test: Acc=8.7% | Best=9.5%(@380)
  from x3: 0.10 0.09 0.09 0.09 0.08 0.08 0.09 0.09 0.09 0.09 0.09 0.08 0.09
  per-rule acc: 0.11 0.06
Epoch 420 | Train: Loss=0.0029 Acc=99.9% | Test: Acc=8.1% | Best=9.5%(@380)
  from x3: 0.09 0.09 0.08 0.08 0.08 0.08 0.08 0.08 0.08 0.08 0.08 0.08 0.08
  per-rule acc: 0.11 0.06
Epoch 440 | Train: Loss=0.0129 Acc=99.9% | Test: Acc=11.5% | Best=11.5%(@440)
  from x3: 0.12 0.11 0.11 0.12 0.12 0.12 0.12 0.11 0.11 0.11 0.11 0.11 0.11
  per-rule acc: 0.17 0.06
Epoch 460 | Train: Loss=0.0024 Acc=99.9% | Test: Acc=10.8% | Best=11.5%(@440)
  from x3: 0.12 0.11 0.11 0.11 0.11 0.11 0.11 0.11 0.11 0.11 0.11 0.11 0.10
  per-rule acc: 0.15 0.07
Epoch 480 | Train: Loss=0.0030 Acc=99.9% | Test: Acc=10.7% | Best=11.5%(@440)
  from x3: 0.12 0.11 0.10 0.11 0.11 0.11 0.11 0.10 0.10 0.11 0.11 0.10 0.10
  per-rule acc: 0.15 0.07
Epoch 500 | Train: Loss=0.0021 Acc=99.9% | Test: Acc=13.5% | Best=13.5%(@500)
  from x3: 0.14 0.13 0.14 0.14 0.14 0.13 0.13 0.13 0.13 0.13 0.13 0.13 0.13
  per-rule acc: 0.19 0.08
Epoch 520 | Train: Loss=0.0028 Acc=99.9% | Test: Acc=11.9% | Best=13.5%(@500)
  from x3: 0.12 0.12 0.12 0.12 0.12 0.12 0.12 0.12 0.12 0.12 0.12 0.12 0.12
  per-rule acc: 0.16 0.08
Epoch 540 | Train: Loss=0.0195 Acc=99.8% | Test: Acc=15.4% | Best=15.4%(@540)
  from x3: 0.15 0.15 0.15 0.15 0.15 0.16 0.15 0.15 0.15 0.15 0.15 0.16 0.16
  per-rule acc: 0.22 0.09
Epoch 560 | Train: Loss=0.0024 Acc=99.9% | Test: Acc=15.1% | Best=15.4%(@540)
  from x3: 0.15 0.15 0.15 0.15 0.15 0.15 0.15 0.15 0.15 0.15 0.15 0.15 0.15
  per-rule acc: 0.20 0.10
Epoch 580 | Train: Loss=0.0031 Acc=99.9% | Test: Acc=15.7% | Best=15.7%(@580)
  from x3: 0.15 0.16 0.16 0.16 0.16 0.16 0.16 0.16 0.16 0.15 0.16 0.16 0.16
  per-rule acc: 0.21 0.10
Epoch 600 | Train: Loss=0.0021 Acc=99.9% | Test: Acc=18.4% | Best=18.4%(@600)
  from x3: 0.18 0.18 0.18 0.18 0.18 0.19 0.19 0.18 0.18 0.18 0.18 0.18 0.19
  per-rule acc: 0.27 0.10
Epoch 620 | Train: Loss=0.0027 Acc=99.9% | Test: Acc=18.1% | Best=18.4%(@600)
  from x3: 0.18 0.19 0.18 0.18 0.18 0.18 0.18 0.18 0.18 0.18 0.18 0.18 0.18
  per-rule acc: 0.25 0.11
Epoch 640 | Train: Loss=0.0021 Acc=99.9% | Test: Acc=21.5% | Best=21.5%(@640)
  from x3: 0.21 0.21 0.21 0.22 0.22 0.21 0.22 0.22 0.22 0.21 0.21 0.21 0.22
  per-rule acc: 0.31 0.12
Epoch 660 | Train: Loss=0.0029 Acc=99.9% | Test: Acc=20.7% | Best=21.5%(@640)
  from x3: 0.21 0.21 0.20 0.21 0.21 0.20 0.21 0.21 0.21 0.21 0.21 0.21 0.21
  per-rule acc: 0.28 0.13
Epoch 680 | Train: Loss=0.0042 Acc=99.9% | Test: Acc=22.4% | Best=22.4%(@680)
  from x3: 0.22 0.22 0.23 0.23 0.23 0.22 0.22 0.22 0.22 0.22 0.22 0.22 0.22
  per-rule acc: 0.31 0.14
Epoch 700 | Train: Loss=0.0026 Acc=99.9% | Test: Acc=22.8% | Best=22.8%(@700)
  from x3: 0.24 0.23 0.23 0.23 0.23 0.23 0.23 0.23 0.23 0.23 0.23 0.22 0.22
  per-rule acc: 0.31 0.15
Epoch 720 | Train: Loss=0.0120 Acc=99.9% | Test: Acc=25.3% | Best=25.3%(@720)
  from x3: 0.24 0.25 0.25 0.25 0.25 0.25 0.25 0.25 0.25 0.25 0.25 0.26 0.26
  per-rule acc: 0.35 0.16
Epoch 740 | Train: Loss=0.0026 Acc=99.9% | Test: Acc=26.5% | Best=26.5%(@740)
  from x3: 0.27 0.27 0.27 0.27 0.27 0.27 0.27 0.26 0.26 0.26 0.26 0.26 0.26
  per-rule acc: 0.36 0.17
Epoch 760 | Train: Loss=0.0178 Acc=99.8% | Test: Acc=25.9% | Best=26.5%(@740)
  from x3: 0.25 0.25 0.26 0.26 0.26 0.26 0.26 0.26 0.26 0.26 0.26 0.26 0.26
  per-rule acc: 0.36 0.16
Epoch 780 | Train: Loss=0.0026 Acc=99.9% | Test: Acc=29.4% | Best=29.4%(@780)
  from x3: 0.29 0.29 0.29 0.29 0.29 0.29 0.29 0.30 0.30 0.29 0.30 0.30 0.30
  per-rule acc: 0.38 0.21
Epoch 800 | Train: Loss=0.1101 Acc=98.6% | Test: Acc=25.0% | Best=29.4%(@780)
  from x3: 0.24 0.25 0.25 0.25 0.25 0.25 0.25 0.25 0.25 0.25 0.25 0.25 0.25
  per-rule acc: 0.34 0.16
Epoch 820 | Train: Loss=0.0023 Acc=99.9% | Test: Acc=35.0% | Best=35.0%(@820)
  from x3: 0.33 0.35 0.35 0.35 0.35 0.35 0.35 0.35 0.35 0.35 0.35 0.35 0.36
  per-rule acc: 0.45 0.25
Epoch 840 | Train: Loss=0.0503 Acc=99.7% | Test: Acc=29.7% | Best=35.0%(@820)
  from x3: 0.28 0.30 0.30 0.30 0.30 0.30 0.30 0.30 0.30 0.30 0.30 0.30 0.30
  per-rule acc: 0.40 0.19
Epoch 860 | Train: Loss=0.0022 Acc=99.9% | Test: Acc=37.7% | Best=37.7%(@860)
  from x3: 0.35 0.38 0.38 0.38 0.38 0.38 0.38 0.38 0.38 0.38 0.38 0.38 0.38
  per-rule acc: 0.49 0.27
Epoch 880 | Train: Loss=0.0349 Acc=99.8% | Test: Acc=33.4% | Best=37.7%(@860)
  from x3: 0.33 0.34 0.33 0.34 0.34 0.34 0.34 0.34 0.34 0.33 0.34 0.34 0.34
  per-rule acc: 0.44 0.22
Epoch 900 | Train: Loss=0.0024 Acc=99.9% | Test: Acc=39.7% | Best=39.7%(@900)
  from x3: 0.38 0.40 0.40 0.40 0.40 0.40 0.40 0.40 0.40 0.40 0.40 0.40 0.40
  per-rule acc: 0.50 0.29
Epoch 920 | Train: Loss=0.0093 Acc=99.9% | Test: Acc=38.4% | Best=39.7%(@900)
  from x3: 0.36 0.38 0.39 0.39 0.39 0.39 0.39 0.39 0.38 0.39 0.39 0.39 0.38
  per-rule acc: 0.51 0.26
Epoch 940 | Train: Loss=0.0027 Acc=99.9% | Test: Acc=43.1% | Best=43.1%(@940)
  from x3: 0.41 0.43 0.43 0.43 0.43 0.43 0.43 0.43 0.43 0.43 0.43 0.43 0.43
  per-rule acc: 0.52 0.34
Epoch 960 | Train: Loss=0.0406 Acc=99.8% | Test: Acc=37.4% | Best=43.1%(@940)
  from x3: 0.35 0.37 0.38 0.38 0.38 0.38 0.38 0.38 0.38 0.38 0.38 0.38 0.38
  per-rule acc: 0.49 0.26
Epoch 980 | Train: Loss=0.0022 Acc=99.9% | Test: Acc=45.8% | Best=45.8%(@980)
  from x3: 0.45 0.46 0.46 0.46 0.46 0.46 0.46 0.46 0.46 0.46 0.46 0.46 0.46
  per-rule acc: 0.56 0.36
Epoch 1000 | Train: Loss=0.0386 Acc=99.8% | Test: Acc=37.7% | Best=45.8%(@980)
  from x3: 0.35 0.38 0.38 0.38 0.38 0.38 0.38 0.38 0.38 0.38 0.38 0.38 0.38
  per-rule acc: 0.48 0.27
Epoch 1020 | Train: Loss=0.0022 Acc=99.9% | Test: Acc=50.2% | Best=50.2%(@1020)
  from x3: 0.47 0.50 0.50 0.51 0.51 0.51 0.51 0.50 0.50 0.51 0.50 0.50 0.50
  per-rule acc: 0.60 0.40
Epoch 1040 | Train: Loss=0.0031 Acc=99.9% | Test: Acc=51.0% | Best=51.0%(@1040)
  from x3: 0.48 0.52 0.51 0.51 0.51 0.51 0.51 0.51 0.51 0.51 0.51 0.51 0.51
  per-rule acc: 0.59 0.43
Epoch 1060 | Train: Loss=0.0022 Acc=99.9% | Test: Acc=53.5% | Best=53.5%(@1060)
  from x3: 0.50 0.54 0.54 0.54 0.54 0.54 0.54 0.54 0.54 0.54 0.54 0.54 0.54
  per-rule acc: 0.63 0.44
Epoch 1080 | Train: Loss=0.0034 Acc=99.9% | Test: Acc=53.6% | Best=53.6%(@1080)
  from x3: 0.51 0.54 0.54 0.54 0.54 0.54 0.54 0.54 0.54 0.54 0.54 0.54 0.54
  per-rule acc: 0.61 0.46
Epoch 1100 | Train: Loss=0.0022 Acc=99.9% | Test: Acc=56.0% | Best=56.0%(@1100)
  from x3: 0.52 0.56 0.56 0.56 0.56 0.56 0.56 0.56 0.56 0.56 0.56 0.56 0.56
  per-rule acc: 0.67 0.45
Epoch 1120 | Train: Loss=0.0031 Acc=99.9% | Test: Acc=57.0% | Best=57.0%(@1120)
  from x3: 0.54 0.57 0.57 0.57 0.57 0.57 0.57 0.57 0.57 0.57 0.57 0.57 0.57
  per-rule acc: 0.65 0.49
Epoch 1140 | Train: Loss=0.0100 Acc=99.9% | Test: Acc=50.6% | Best=57.0%(@1120)
  from x3: 0.49 0.51 0.51 0.51 0.51 0.51 0.51 0.51 0.51 0.51 0.51 0.51 0.51
  per-rule acc: 0.62 0.39
Epoch 1160 | Train: Loss=0.0023 Acc=99.9% | Test: Acc=59.2% | Best=59.2%(@1160)
  from x3: 0.57 0.59 0.59 0.60 0.59 0.60 0.60 0.60 0.59 0.59 0.59 0.59 0.59
  per-rule acc: 0.68 0.51
Epoch 1180 | Train: Loss=0.0032 Acc=99.9% | Test: Acc=60.9% | Best=60.9%(@1180)
  from x3: 0.58 0.62 0.61 0.61 0.61 0.61 0.61 0.61 0.61 0.61 0.61 0.61 0.61
  per-rule acc: 0.68 0.54
Epoch 1200 | Train: Loss=0.0229 Acc=99.8% | Test: Acc=55.1% | Best=60.9%(@1180)
  from x3: 0.51 0.55 0.55 0.55 0.55 0.55 0.55 0.55 0.55 0.55 0.55 0.55 0.55
  per-rule acc: 0.65 0.45
Epoch 1220 | Train: Loss=0.0024 Acc=99.9% | Test: Acc=64.6% | Best=64.6%(@1220)
  from x3: 0.61 0.65 0.65 0.65 0.65 0.65 0.65 0.65 0.65 0.65 0.65 0.65 0.65
  per-rule acc: 0.73 0.56
Epoch 1240 | Train: Loss=0.0030 Acc=99.9% | Test: Acc=67.0% | Best=67.0%(@1240)
  from x3: 0.63 0.67 0.67 0.67 0.67 0.67 0.67 0.67 0.68 0.68 0.68 0.67 0.67
  per-rule acc: 0.73 0.61
Epoch 1260 | Train: Loss=0.0020 Acc=99.9% | Test: Acc=66.0% | Best=67.0%(@1240)
  from x3: 0.63 0.66 0.66 0.66 0.66 0.66 0.66 0.66 0.66 0.66 0.66 0.66 0.66
  per-rule acc: 0.75 0.57
Epoch 1280 | Train: Loss=0.0374 Acc=99.8% | Test: Acc=54.3% | Best=67.0%(@1240)
  from x3: 0.50 0.55 0.55 0.55 0.55 0.54 0.55 0.55 0.55 0.55 0.55 0.55 0.55
  per-rule acc: 0.65 0.43
Epoch 1300 | Train: Loss=0.0022 Acc=99.9% | Test: Acc=68.0% | Best=68.0%(@1300)
  from x3: 0.64 0.68 0.68 0.68 0.68 0.68 0.68 0.68 0.68 0.68 0.68 0.68 0.68
  per-rule acc: 0.76 0.60
Epoch 1320 | Train: Loss=0.0031 Acc=99.9% | Test: Acc=69.9% | Best=69.9%(@1320)
  from x3: 0.66 0.70 0.70 0.70 0.70 0.70 0.70 0.70 0.70 0.70 0.70 0.70 0.70
  per-rule acc: 0.76 0.64
Epoch 1340 | Train: Loss=0.0340 Acc=99.7% | Test: Acc=61.4% | Best=69.9%(@1320)
  from x3: 0.56 0.61 0.62 0.62 0.62 0.62 0.62 0.62 0.62 0.62 0.62 0.62 0.62
  per-rule acc: 0.71 0.52
Epoch 1360 | Train: Loss=0.0023 Acc=99.9% | Test: Acc=72.3% | Best=72.3%(@1360)
  from x3: 0.69 0.72 0.72 0.73 0.73 0.73 0.73 0.73 0.73 0.73 0.73 0.73 0.73
  per-rule acc: 0.80 0.65
Epoch 1380 | Train: Loss=0.0237 Acc=99.8% | Test: Acc=61.6% | Best=72.3%(@1360)
  from x3: 0.57 0.62 0.62 0.62 0.62 0.62 0.62 0.62 0.62 0.62 0.62 0.62 0.62
  per-rule acc: 0.71 0.52
Epoch 1400 | Train: Loss=0.0022 Acc=99.9% | Test: Acc=72.9% | Best=72.9%(@1400)
  from x3: 0.69 0.73 0.73 0.73 0.73 0.73 0.73 0.73 0.73 0.73 0.73 0.73 0.73
  per-rule acc: 0.80 0.66
Epoch 1420 | Train: Loss=0.0249 Acc=99.8% | Test: Acc=64.2% | Best=72.9%(@1400)
  from x3: 0.60 0.64 0.65 0.65 0.65 0.65 0.65 0.64 0.64 0.65 0.65 0.65 0.65
  per-rule acc: 0.75 0.53
Epoch 1440 | Train: Loss=0.0023 Acc=99.9% | Test: Acc=75.5% | Best=75.5%(@1440)
  from x3: 0.72 0.76 0.76 0.76 0.76 0.76 0.76 0.76 0.76 0.76 0.76 0.76 0.76
  per-rule acc: 0.83 0.68
Epoch 1460 | Train: Loss=0.0033 Acc=99.9% | Test: Acc=77.1% | Best=77.1%(@1460)
  from x3: 0.73 0.78 0.77 0.77 0.77 0.77 0.77 0.77 0.77 0.77 0.77 0.77 0.77
  per-rule acc: 0.82 0.73
Epoch 1480 | Train: Loss=0.0133 Acc=99.9% | Test: Acc=67.1% | Best=77.1%(@1460)
  from x3: 0.62 0.67 0.67 0.67 0.67 0.67 0.68 0.68 0.67 0.67 0.67 0.67 0.68
  per-rule acc: 0.77 0.57
Epoch 1500 | Train: Loss=0.0026 Acc=99.9% | Test: Acc=78.2% | Best=78.2%(@1500)
  from x3: 0.75 0.79 0.78 0.78 0.78 0.78 0.78 0.78 0.78 0.78 0.78 0.78 0.78
  per-rule acc: 0.84 0.73
Epoch 1520 | Train: Loss=0.0231 Acc=99.8% | Test: Acc=66.9% | Best=78.2%(@1500)
  from x3: 0.64 0.68 0.67 0.67 0.67 0.67 0.67 0.67 0.67 0.67 0.67 0.67 0.67
  per-rule acc: 0.78 0.56
Epoch 1540 | Train: Loss=0.0022 Acc=99.9% | Test: Acc=79.1% | Best=79.1%(@1540)
  from x3: 0.77 0.79 0.79 0.79 0.79 0.79 0.79 0.79 0.79 0.79 0.79 0.79 0.79
  per-rule acc: 0.85 0.73
Epoch 1560 | Train: Loss=0.0251 Acc=99.9% | Test: Acc=67.7% | Best=79.1%(@1540)
  from x3: 0.63 0.68 0.68 0.68 0.68 0.68 0.68 0.68 0.68 0.68 0.68 0.68 0.68
  per-rule acc: 0.79 0.57
Epoch 1580 | Train: Loss=0.0021 Acc=99.9% | Test: Acc=81.0% | Best=81.0%(@1580)
  from x3: 0.78 0.81 0.81 0.81 0.81 0.81 0.81 0.81 0.81 0.81 0.81 0.81 0.81
  per-rule acc: 0.86 0.76
Epoch 1600 | Train: Loss=0.0030 Acc=99.9% | Test: Acc=82.0% | Best=82.0%(@1600)
  from x3: 0.79 0.82 0.82 0.82 0.82 0.82 0.82 0.82 0.82 0.82 0.82 0.82 0.82
  per-rule acc: 0.85 0.79
Epoch 1620 | Train: Loss=0.0528 Acc=99.8% | Test: Acc=72.0% | Best=82.0%(@1600)
  from x3: 0.67 0.72 0.72 0.72 0.72 0.72 0.73 0.72 0.72 0.72 0.72 0.72 0.72
  per-rule acc: 0.80 0.64
Epoch 1640 | Train: Loss=0.0023 Acc=99.9% | Test: Acc=83.0% | Best=83.0%(@1640)
  from x3: 0.81 0.83 0.83 0.83 0.83 0.83 0.83 0.83 0.83 0.83 0.83 0.83 0.83
  per-rule acc: 0.87 0.79
Epoch 1660 | Train: Loss=0.0031 Acc=99.9% | Test: Acc=84.9% | Best=84.9%(@1660)
  from x3: 0.82 0.85 0.85 0.85 0.85 0.85 0.85 0.85 0.85 0.85 0.85 0.85 0.85
  per-rule acc: 0.88 0.81
Epoch 1680 | Train: Loss=0.0264 Acc=99.7% | Test: Acc=72.1% | Best=84.9%(@1660)
  from x3: 0.67 0.73 0.72 0.72 0.72 0.72 0.72 0.72 0.72 0.73 0.73 0.73 0.73
  per-rule acc: 0.81 0.64
Epoch 1700 | Train: Loss=0.0023 Acc=99.9% | Test: Acc=85.1% | Best=85.1%(@1700)
  from x3: 0.83 0.85 0.85 0.85 0.85 0.85 0.85 0.85 0.85 0.85 0.85 0.85 0.85
  per-rule acc: 0.89 0.81
Epoch 1720 | Train: Loss=0.0030 Acc=99.9% | Test: Acc=87.1% | Best=87.1%(@1720)
  from x3: 0.84 0.87 0.87 0.87 0.87 0.87 0.87 0.87 0.87 0.87 0.87 0.87 0.87
  per-rule acc: 0.90 0.85
Epoch 1740 | Train: Loss=0.0021 Acc=99.9% | Test: Acc=85.1% | Best=87.1%(@1720)
  from x3: 0.83 0.85 0.85 0.85 0.85 0.85 0.85 0.85 0.85 0.85 0.85 0.85 0.85
  per-rule acc: 0.89 0.81
Epoch 1760 | Train: Loss=0.0026 Acc=99.9% | Test: Acc=87.1% | Best=87.1%(@1720)
  from x3: 0.85 0.87 0.87 0.87 0.87 0.87 0.87 0.87 0.87 0.87 0.87 0.87 0.87
  per-rule acc: 0.90 0.84
Epoch 1780 | Train: Loss=0.0221 Acc=99.9% | Test: Acc=74.3% | Best=87.1%(@1720)
  from x3: 0.70 0.74 0.75 0.75 0.75 0.75 0.75 0.75 0.75 0.75 0.75 0.75 0.75
  per-rule acc: 0.82 0.67
Epoch 1800 | Train: Loss=0.0024 Acc=99.9% | Test: Acc=87.5% | Best=87.5%(@1800)
  from x3: 0.86 0.88 0.88 0.88 0.88 0.88 0.88 0.88 0.88 0.88 0.88 0.88 0.88
  per-rule acc: 0.90 0.85
Epoch 1820 | Train: Loss=0.0031 Acc=99.9% | Test: Acc=89.0% | Best=89.0%(@1820)
  from x3: 0.86 0.89 0.89 0.89 0.89 0.89 0.89 0.89 0.89 0.89 0.89 0.89 0.89
  per-rule acc: 0.92 0.87
Epoch 1840 | Train: Loss=0.0160 Acc=99.9% | Test: Acc=78.7% | Best=89.0%(@1820)
  from x3: 0.75 0.79 0.79 0.79 0.79 0.79 0.79 0.79 0.79 0.79 0.79 0.79 0.79
  per-rule acc: 0.85 0.72
Epoch 1860 | Train: Loss=0.0022 Acc=99.9% | Test: Acc=88.3% | Best=89.0%(@1820)
  from x3: 0.86 0.89 0.88 0.88 0.88 0.88 0.88 0.88 0.88 0.89 0.89 0.88 0.88
  per-rule acc: 0.91 0.86
Epoch 1880 | Train: Loss=0.0029 Acc=99.9% | Test: Acc=90.3% | Best=90.3%(@1880)
  from x3: 0.87 0.90 0.91 0.91 0.91 0.91 0.91 0.91 0.91 0.91 0.91 0.91 0.91
  per-rule acc: 0.93 0.88
Epoch 1900 | Train: Loss=0.0467 Acc=99.6% | Test: Acc=71.5% | Best=90.3%(@1880)
  from x3: 0.67 0.72 0.72 0.72 0.72 0.72 0.72 0.72 0.72 0.72 0.72 0.72 0.72
  per-rule acc: 0.81 0.62
Epoch 1920 | Train: Loss=0.0019 Acc=99.9% | Test: Acc=88.4% | Best=90.3%(@1880)
  from x3: 0.87 0.89 0.89 0.89 0.89 0.89 0.89 0.89 0.89 0.89 0.89 0.89 0.89
  per-rule acc: 0.92 0.85
Epoch 1940 | Train: Loss=0.0022 Acc=99.9% | Test: Acc=89.6% | Best=90.3%(@1880)
  from x3: 0.87 0.90 0.90 0.90 0.90 0.90 0.90 0.90 0.90 0.90 0.90 0.90 0.90
  per-rule acc: 0.92 0.87
Epoch 1960 | Train: Loss=0.0029 Acc=99.9% | Test: Acc=90.5% | Best=90.5%(@1960)
  from x3: 0.88 0.91 0.91 0.91 0.91 0.91 0.91 0.91 0.91 0.91 0.91 0.91 0.91
  per-rule acc: 0.93 0.88
Epoch 1980 | Train: Loss=0.0031 Acc=99.9% | Test: Acc=91.3% | Best=91.3%(@1980)
  from x3: 0.89 0.92 0.91 0.91 0.91 0.91 0.91 0.91 0.91 0.91 0.91 0.91 0.91
  per-rule acc: 0.94 0.89
Epoch 2000 | Train: Loss=0.0020 Acc=99.9% | Test: Acc=90.1% | Best=91.3%(@1980)
  from x3: 0.88 0.91 0.90 0.90 0.90 0.90 0.90 0.90 0.90 0.90 0.90 0.90 0.90
  per-rule acc: 0.93 0.87
Epoch 2020 | Train: Loss=0.0026 Acc=99.9% | Test: Acc=90.9% | Best=91.3%(@1980)
  from x3: 0.89 0.91 0.91 0.91 0.91 0.91 0.91 0.91 0.91 0.91 0.91 0.91 0.91
  per-rule acc: 0.93 0.88
Epoch 2040 | Train: Loss=0.0029 Acc=99.9% | Test: Acc=91.6% | Best=91.6%(@2040)
  from x3: 0.89 0.92 0.92 0.92 0.92 0.92 0.92 0.92 0.92 0.92 0.92 0.92 0.92
  per-rule acc: 0.94 0.89
Epoch 2060 | Train: Loss=0.0020 Acc=99.9% | Test: Acc=89.6% | Best=91.6%(@2040)
  from x3: 0.88 0.90 0.90 0.90 0.90 0.90 0.90 0.90 0.90 0.90 0.90 0.90 0.90
  per-rule acc: 0.93 0.87
Epoch 2080 | Train: Loss=0.0026 Acc=99.9% | Test: Acc=91.3% | Best=91.6%(@2040)
  from x3: 0.89 0.92 0.91 0.91 0.91 0.91 0.91 0.91 0.91 0.91 0.91 0.91 0.91
  per-rule acc: 0.93 0.89
Epoch 2100 | Train: Loss=0.0178 Acc=99.8% | Test: Acc=82.3% | Best=91.6%(@2040)
  from x3: 0.77 0.83 0.83 0.83 0.83 0.83 0.83 0.83 0.83 0.83 0.83 0.83 0.83
  per-rule acc: 0.87 0.78
Epoch 2120 | Train: Loss=0.0023 Acc=99.9% | Test: Acc=90.4% | Best=91.6%(@2040)
  from x3: 0.89 0.91 0.90 0.90 0.90 0.90 0.91 0.91 0.91 0.91 0.91 0.91 0.90
  per-rule acc: 0.93 0.87
Epoch 2140 | Train: Loss=0.0223 Acc=99.9% | Test: Acc=79.7% | Best=91.6%(@2040)
  from x3: 0.76 0.80 0.80 0.80 0.80 0.80 0.80 0.80 0.80 0.80 0.80 0.80 0.80
  per-rule acc: 0.87 0.72
Epoch 2160 | Train: Loss=0.0024 Acc=99.9% | Test: Acc=91.0% | Best=91.6%(@2040)
  from x3: 0.89 0.91 0.91 0.91 0.91 0.91 0.91 0.91 0.91 0.91 0.91 0.91 0.91
  per-rule acc: 0.93 0.89
Epoch 2180 | Train: Loss=0.0030 Acc=99.9% | Test: Acc=92.2% | Best=92.2%(@2180)
  from x3: 0.90 0.92 0.92 0.92 0.92 0.92 0.92 0.92 0.92 0.92 0.92 0.92 0.92
  per-rule acc: 0.94 0.90
Epoch 2200 | Train: Loss=0.0089 Acc=99.9% | Test: Acc=84.9% | Best=92.2%(@2180)
  from x3: 0.82 0.85 0.85 0.85 0.85 0.85 0.85 0.85 0.85 0.85 0.85 0.85 0.85
  per-rule acc: 0.89 0.81
Epoch 2220 | Train: Loss=0.0023 Acc=99.9% | Test: Acc=91.1% | Best=92.2%(@2180)
  from x3: 0.89 0.91 0.91 0.91 0.91 0.91 0.91 0.91 0.91 0.91 0.91 0.91 0.91
  per-rule acc: 0.93 0.89
Epoch 2240 | Train: Loss=0.0029 Acc=99.9% | Test: Acc=92.4% | Best=92.4%(@2240)
  from x3: 0.91 0.93 0.93 0.93 0.93 0.93 0.93 0.93 0.93 0.93 0.93 0.93 0.93
  per-rule acc: 0.95 0.90
Epoch 2260 | Train: Loss=0.0030 Acc=99.9% | Test: Acc=92.4% | Best=92.4%(@2240)
  from x3: 0.90 0.93 0.93 0.93 0.93 0.93 0.93 0.93 0.93 0.93 0.93 0.93 0.92
  per-rule acc: 0.95 0.90
Epoch 2280 | Train: Loss=0.0019 Acc=99.9% | Test: Acc=91.0% | Best=92.4%(@2240)
  from x3: 0.90 0.91 0.91 0.91 0.91 0.91 0.91 0.91 0.91 0.91 0.91 0.91 0.91
  per-rule acc: 0.94 0.88
Epoch 2300 | Train: Loss=0.0027 Acc=99.9% | Test: Acc=91.7% | Best=92.4%(@2240)
  from x3: 0.90 0.92 0.92 0.92 0.92 0.92 0.92 0.92 0.92 0.92 0.92 0.92 0.92
  per-rule acc: 0.94 0.90
Epoch 2320 | Train: Loss=0.0029 Acc=99.9% | Test: Acc=93.0% | Best=93.0%(@2320)
  from x3: 0.91 0.93 0.93 0.93 0.93 0.93 0.93 0.93 0.93 0.93 0.93 0.93 0.93
  per-rule acc: 0.95 0.91
Epoch 2340 | Train: Loss=0.0019 Acc=99.9% | Test: Acc=92.1% | Best=93.0%(@2320)
  from x3: 0.91 0.92 0.92 0.92 0.92 0.92 0.92 0.92 0.92 0.92 0.92 0.92 0.92
  per-rule acc: 0.94 0.90
Epoch 2360 | Train: Loss=0.0026 Acc=99.9% | Test: Acc=92.6% | Best=93.0%(@2320)
  from x3: 0.91 0.93 0.93 0.93 0.93 0.93 0.93 0.93 0.93 0.93 0.93 0.93 0.93
  per-rule acc: 0.95 0.91
Epoch 2380 | Train: Loss=0.0029 Acc=99.9% | Test: Acc=93.1% | Best=93.1%(@2380)
  from x3: 0.91 0.93 0.93 0.93 0.93 0.93 0.93 0.93 0.93 0.93 0.93 0.93 0.93
  per-rule acc: 0.95 0.91
Epoch 2400 | Train: Loss=0.0021 Acc=99.9% | Test: Acc=92.8% | Best=93.1%(@2380)
  from x3: 0.91 0.93 0.93 0.93 0.93 0.93 0.93 0.93 0.93 0.93 0.93 0.93 0.93
  per-rule acc: 0.95 0.91
Epoch 2420 | Train: Loss=0.0027 Acc=99.9% | Test: Acc=93.1% | Best=93.1%(@2420)
  from x3: 0.92 0.93 0.93 0.93 0.93 0.93 0.93 0.93 0.93 0.93 0.93 0.93 0.93
  per-rule acc: 0.95 0.91
Epoch 2440 | Train: Loss=0.0028 Acc=99.9% | Test: Acc=93.0% | Best=93.1%(@2420)
  from x3: 0.92 0.93 0.93 0.93 0.93 0.93 0.93 0.93 0.93 0.93 0.93 0.93 0.93
  per-rule acc: 0.95 0.91
Epoch 2460 | Train: Loss=0.0018 Acc=99.9% | Test: Acc=92.4% | Best=93.1%(@2420)
  from x3: 0.91 0.93 0.92 0.92 0.92 0.92 0.92 0.92 0.93 0.93 0.93 0.93 0.93
  per-rule acc: 0.95 0.90
Epoch 2480 | Train: Loss=0.0025 Acc=99.9% | Test: Acc=92.9% | Best=93.1%(@2420)
  from x3: 0.91 0.93 0.93 0.93 0.93 0.93 0.93 0.93 0.93 0.93 0.93 0.93 0.93
  per-rule acc: 0.95 0.91
Epoch 2500 | Train: Loss=0.0028 Acc=99.9% | Test: Acc=93.9% | Best=93.9%(@2500)
  from x3: 0.92 0.94 0.94 0.94 0.94 0.94 0.94 0.94 0.94 0.94 0.94 0.94 0.94
  per-rule acc: 0.95 0.92
Epoch 2520 | Train: Loss=0.0022 Acc=99.9% | Test: Acc=91.6% | Best=93.9%(@2500)
  from x3: 0.89 0.92 0.92 0.92 0.92 0.92 0.92 0.92 0.92 0.92 0.92 0.92 0.92
  per-rule acc: 0.94 0.89
Epoch 2540 | Train: Loss=0.0024 Acc=99.9% | Test: Acc=92.6% | Best=93.9%(@2500)
  from x3: 0.91 0.93 0.93 0.93 0.93 0.93 0.93 0.93 0.93 0.93 0.93 0.93 0.93
  per-rule acc: 0.95 0.91
Epoch 2560 | Train: Loss=0.0455 Acc=99.5% | Test: Acc=83.7% | Best=93.9%(@2500)
  from x3: 0.80 0.84 0.84 0.84 0.84 0.84 0.84 0.84 0.84 0.84 0.84 0.84 0.84
  per-rule acc: 0.87 0.80
Epoch 2580 | Train: Loss=0.0021 Acc=99.9% | Test: Acc=92.7% | Best=93.9%(@2500)
  from x3: 0.91 0.93 0.93 0.93 0.93 0.93 0.93 0.93 0.93 0.93 0.93 0.93 0.93
  per-rule acc: 0.95 0.91
Epoch 2600 | Train: Loss=0.0028 Acc=99.9% | Test: Acc=93.7% | Best=93.9%(@2500)
  from x3: 0.92 0.94 0.94 0.94 0.94 0.94 0.94 0.94 0.94 0.94 0.94 0.94 0.94
  per-rule acc: 0.95 0.92
Epoch 2620 | Train: Loss=0.0029 Acc=99.9% | Test: Acc=93.9% | Best=93.9%(@2500)
  from x3: 0.92 0.94 0.94 0.94 0.94 0.94 0.94 0.94 0.94 0.94 0.94 0.94 0.94
  per-rule acc: 0.96 0.92
Epoch 2640 | Train: Loss=0.0019 Acc=99.9% | Test: Acc=92.4% | Best=93.9%(@2500)
  from x3: 0.91 0.92 0.92 0.92 0.92 0.92 0.92 0.92 0.92 0.92 0.92 0.92 0.92
  per-rule acc: 0.95 0.90
Epoch 2660 | Train: Loss=0.0025 Acc=99.9% | Test: Acc=92.8% | Best=93.9%(@2500)
  from x3: 0.92 0.93 0.93 0.93 0.93 0.93 0.93 0.93 0.93 0.93 0.93 0.93 0.93
  per-rule acc: 0.95 0.91
Epoch 2680 | Train: Loss=0.0028 Acc=99.9% | Test: Acc=93.4% | Best=93.9%(@2500)
  from x3: 0.92 0.94 0.94 0.94 0.94 0.94 0.94 0.94 0.94 0.94 0.94 0.94 0.94
  per-rule acc: 0.95 0.92
Epoch 2700 | Train: Loss=0.0020 Acc=99.9% | Test: Acc=92.9% | Best=93.9%(@2500)
  from x3: 0.92 0.93 0.93 0.93 0.93 0.93 0.93 0.93 0.93 0.93 0.93 0.93 0.93
  per-rule acc: 0.96 0.90
Epoch 2720 | Train: Loss=0.0024 Acc=99.9% | Test: Acc=93.2% | Best=93.9%(@2500)
  from x3: 0.92 0.93 0.93 0.93 0.93 0.93 0.93 0.93 0.93 0.93 0.93 0.93 0.93
  per-rule acc: 0.96 0.91
Epoch 2740 | Train: Loss=0.0028 Acc=99.9% | Test: Acc=94.0% | Best=94.0%(@2740)
  from x3: 0.92 0.94 0.94 0.94 0.94 0.94 0.94 0.94 0.94 0.94 0.94 0.94 0.94
  per-rule acc: 0.96 0.92
Epoch 2760 | Train: Loss=0.0033 Acc=99.9% | Test: Acc=91.4% | Best=94.0%(@2740)
  from x3: 0.89 0.92 0.92 0.92 0.92 0.92 0.92 0.92 0.92 0.92 0.92 0.92 0.92
  per-rule acc: 0.94 0.89
Epoch 2780 | Train: Loss=0.0024 Acc=99.9% | Test: Acc=93.6% | Best=94.0%(@2740)
  from x3: 0.92 0.94 0.94 0.94 0.94 0.94 0.94 0.94 0.94 0.94 0.94 0.94 0.94
  per-rule acc: 0.95 0.92
Epoch 2800 | Train: Loss=0.0028 Acc=99.9% | Test: Acc=94.1% | Best=94.1%(@2800)
  from x3: 0.92 0.94 0.94 0.94 0.94 0.94 0.94 0.94 0.94 0.94 0.94 0.94 0.94
  per-rule acc: 0.96 0.92
Epoch 2820 | Train: Loss=0.0029 Acc=99.9% | Test: Acc=91.1% | Best=94.1%(@2800)
  from x3: 0.90 0.91 0.91 0.91 0.91 0.91 0.91 0.91 0.91 0.91 0.91 0.91 0.91
  per-rule acc: 0.94 0.88
Epoch 2840 | Train: Loss=0.0025 Acc=99.9% | Test: Acc=93.4% | Best=94.1%(@2800)
  from x3: 0.92 0.94 0.94 0.94 0.94 0.94 0.94 0.94 0.94 0.94 0.94 0.94 0.94
  per-rule acc: 0.95 0.92
Epoch 2860 | Train: Loss=0.0029 Acc=99.9% | Test: Acc=94.1% | Best=94.1%(@2800)
  from x3: 0.93 0.94 0.94 0.94 0.94 0.94 0.94 0.94 0.94 0.94 0.94 0.94 0.94
  per-rule acc: 0.96 0.93
Epoch 2880 | Train: Loss=0.0143 Acc=99.8% | Test: Acc=83.9% | Best=94.1%(@2800)
  from x3: 0.81 0.84 0.84 0.84 0.84 0.84 0.84 0.84 0.84 0.84 0.84 0.84 0.84
  per-rule acc: 0.90 0.78
Epoch 2900 | Train: Loss=0.0020 Acc=99.9% | Test: Acc=91.9% | Best=94.1%(@2800)
  from x3: 0.91 0.92 0.92 0.92 0.92 0.92 0.92 0.92 0.92 0.92 0.92 0.92 0.92
  per-rule acc: 0.95 0.89
Epoch 2920 | Train: Loss=0.0027 Acc=99.9% | Test: Acc=93.2% | Best=94.1%(@2800)
  from x3: 0.92 0.93 0.93 0.93 0.93 0.93 0.93 0.93 0.93 0.93 0.93 0.93 0.93
  per-rule acc: 0.95 0.91
Epoch 2940 | Train: Loss=0.0019 Acc=99.9% | Test: Acc=93.5% | Best=94.1%(@2800)
  from x3: 0.92 0.94 0.94 0.94 0.94 0.94 0.94 0.94 0.94 0.94 0.94 0.94 0.94
  per-rule acc: 0.96 0.91
Epoch 2960 | Train: Loss=0.0026 Acc=99.9% | Test: Acc=93.6% | Best=94.1%(@2800)
  from x3: 0.92 0.94 0.94 0.94 0.94 0.94 0.94 0.94 0.94 0.94 0.94 0.94 0.94
  per-rule acc: 0.95 0.92
Epoch 2980 | Train: Loss=0.0029 Acc=99.9% | Test: Acc=94.2% | Best=94.2%(@2980)
  from x3: 0.92 0.94 0.94 0.94 0.94 0.94 0.94 0.94 0.94 0.94 0.94 0.94 0.94
  per-rule acc: 0.96 0.93
Epoch 3000 | Train: Loss=0.0251 Acc=99.8% | Test: Acc=85.7% | Best=94.2%(@2980)
  from x3: 0.82 0.86 0.86 0.86 0.86 0.86 0.86 0.86 0.86 0.86 0.86 0.86 0.86
  per-rule acc: 0.90 0.81
Epoch 3020 | Train: Loss=0.0021 Acc=99.9% | Test: Acc=93.2% | Best=94.2%(@2980)
  from x3: 0.92 0.93 0.93 0.93 0.93 0.93 0.93 0.93 0.93 0.93 0.93 0.93 0.93
  per-rule acc: 0.96 0.91
Epoch 3040 | Train: Loss=0.0027 Acc=99.9% | Test: Acc=93.5% | Best=94.2%(@2980)
  from x3: 0.92 0.94 0.94 0.94 0.94 0.94 0.94 0.94 0.94 0.94 0.94 0.94 0.94
  per-rule acc: 0.95 0.91
Epoch 3060 | Train: Loss=0.0028 Acc=99.9% | Test: Acc=93.8% | Best=94.2%(@2980)
  from x3: 0.92 0.94 0.94 0.94 0.94 0.94 0.94 0.94 0.94 0.94 0.94 0.94 0.94
  per-rule acc: 0.96 0.92
Epoch 3080 | Train: Loss=0.0023 Acc=99.9% | Test: Acc=91.7% | Best=94.2%(@2980)
  from x3: 0.90 0.92 0.92 0.92 0.92 0.92 0.92 0.92 0.92 0.92 0.92 0.92 0.92
  per-rule acc: 0.95 0.89
Epoch 3100 | Train: Loss=0.0024 Acc=99.9% | Test: Acc=93.0% | Best=94.2%(@2980)
  from x3: 0.92 0.93 0.93 0.93 0.93 0.93 0.93 0.93 0.93 0.93 0.93 0.93 0.93
  per-rule acc: 0.95 0.91
Epoch 3120 | Train: Loss=0.0028 Acc=99.9% | Test: Acc=94.0% | Best=94.2%(@2980)
  from x3: 0.93 0.94 0.94 0.94 0.94 0.94 0.94 0.94 0.94 0.94 0.94 0.94 0.94
  per-rule acc: 0.96 0.92
Epoch 3140 | Train: Loss=0.0021 Acc=99.9% | Test: Acc=93.2% | Best=94.2%(@2980)
  from x3: 0.92 0.94 0.93 0.93 0.93 0.93 0.93 0.93 0.93 0.93 0.93 0.93 0.93
  per-rule acc: 0.95 0.91
Epoch 3160 | Train: Loss=0.0025 Acc=99.9% | Test: Acc=94.1% | Best=94.2%(@2980)
  from x3: 0.92 0.94 0.94 0.94 0.94 0.94 0.94 0.94 0.94 0.94 0.94 0.94 0.94
  per-rule acc: 0.96 0.92
Epoch 3180 | Train: Loss=0.0028 Acc=99.9% | Test: Acc=94.2% | Best=94.2%(@2980)
  from x3: 0.92 0.94 0.94 0.94 0.94 0.94 0.94 0.94 0.94 0.94 0.94 0.94 0.94
  per-rule acc: 0.96 0.93
Epoch 3200 | Train: Loss=0.0141 Acc=99.9% | Test: Acc=87.2% | Best=94.2%(@2980)
  from x3: 0.84 0.88 0.88 0.88 0.88 0.88 0.88 0.87 0.87 0.87 0.87 0.87 0.87
  per-rule acc: 0.91 0.83
Epoch 3220 | Train: Loss=0.0020 Acc=99.9% | Test: Acc=93.5% | Best=94.2%(@2980)
  from x3: 0.92 0.94 0.94 0.94 0.94 0.94 0.94 0.94 0.94 0.94 0.94 0.94 0.94
  per-rule acc: 0.96 0.92
Epoch 3240 | Train: Loss=0.0026 Acc=99.9% | Test: Acc=93.6% | Best=94.2%(@2980)
  from x3: 0.92 0.94 0.94 0.94 0.94 0.94 0.94 0.94 0.94 0.94 0.94 0.94 0.94
  per-rule acc: 0.95 0.92
Epoch 3260 | Train: Loss=0.0408 Acc=99.6% | Test: Acc=82.1% | Best=94.2%(@2980)
  from x3: 0.77 0.82 0.82 0.82 0.82 0.82 0.82 0.82 0.82 0.82 0.82 0.83 0.83
  per-rule acc: 0.88 0.76
Epoch 3280 | Train: Loss=0.0019 Acc=99.9% | Test: Acc=92.6% | Best=94.2%(@2980)
  from x3: 0.92 0.93 0.93 0.93 0.93 0.93 0.93 0.93 0.93 0.93 0.93 0.93 0.93
  per-rule acc: 0.95 0.90
Epoch 3300 | Train: Loss=0.0025 Acc=99.9% | Test: Acc=93.5% | Best=94.2%(@2980)
  from x3: 0.92 0.94 0.94 0.94 0.94 0.94 0.94 0.94 0.94 0.94 0.94 0.94 0.94
  per-rule acc: 0.95 0.92
Epoch 3320 | Train: Loss=0.0028 Acc=99.9% | Test: Acc=93.8% | Best=94.2%(@2980)
  from x3: 0.92 0.94 0.94 0.94 0.94 0.94 0.94 0.94 0.94 0.94 0.94 0.94 0.94
  per-rule acc: 0.96 0.92
Epoch 3340 | Train: Loss=0.0122 Acc=99.9% | Test: Acc=86.8% | Best=94.2%(@2980)
  from x3: 0.83 0.87 0.87 0.87 0.87 0.87 0.87 0.87 0.87 0.87 0.87 0.87 0.87
  per-rule acc: 0.92 0.82
Epoch 3360 | Train: Loss=0.0019 Acc=99.9% | Test: Acc=92.6% | Best=94.2%(@2980)
  from x3: 0.92 0.93 0.93 0.93 0.93 0.93 0.93 0.93 0.93 0.93 0.93 0.93 0.93
  per-rule acc: 0.95 0.90
Epoch 3380 | Train: Loss=0.0026 Acc=99.9% | Test: Acc=93.4% | Best=94.2%(@2980)
  from x3: 0.92 0.94 0.93 0.93 0.93 0.93 0.94 0.94 0.94 0.94 0.94 0.94 0.94
  per-rule acc: 0.95 0.92
Epoch 3400 | Train: Loss=0.0028 Acc=99.9% | Test: Acc=93.9% | Best=94.2%(@2980)
  from x3: 0.92 0.94 0.94 0.94 0.94 0.94 0.94 0.94 0.94 0.94 0.94 0.94 0.94
  per-rule acc: 0.96 0.92
Epoch 3420 | Train: Loss=0.0112 Acc=99.8% | Test: Acc=85.4% | Best=94.2%(@2980)
  from x3: 0.82 0.86 0.86 0.86 0.86 0.86 0.86 0.86 0.86 0.86 0.86 0.86 0.86
  per-rule acc: 0.90 0.81
Epoch 3440 | Train: Loss=0.0021 Acc=99.9% | Test: Acc=93.5% | Best=94.2%(@2980)
  from x3: 0.92 0.94 0.94 0.94 0.94 0.94 0.94 0.94 0.94 0.94 0.94 0.94 0.94
  per-rule acc: 0.95 0.92
Epoch 3460 | Train: Loss=0.0026 Acc=99.9% | Test: Acc=93.9% | Best=94.2%(@2980)
  from x3: 0.93 0.94 0.94 0.94 0.94 0.94 0.94 0.94 0.94 0.94 0.94 0.94 0.94
  per-rule acc: 0.96 0.92
Epoch 3480 | Train: Loss=0.0020 Acc=99.9% | Test: Acc=94.1% | Best=94.2%(@2980)
  from x3: 0.92 0.94 0.94 0.94 0.94 0.94 0.94 0.94 0.94 0.94 0.94 0.94 0.94
  per-rule acc: 0.96 0.92
Epoch 3500 | Train: Loss=0.0025 Acc=99.9% | Test: Acc=93.7% | Best=94.2%(@2980)
  from x3: 0.93 0.94 0.94 0.94 0.94 0.94 0.94 0.94 0.94 0.94 0.94 0.94 0.94
  per-rule acc: 0.95 0.92
Epoch 3520 | Train: Loss=0.0028 Acc=99.9% | Test: Acc=94.1% | Best=94.2%(@2980)
  from x3: 0.93 0.94 0.94 0.94 0.94 0.94 0.94 0.94 0.94 0.94 0.94 0.94 0.94
  per-rule acc: 0.96 0.92
Epoch 3540 | Train: Loss=0.0026 Acc=99.9% | Test: Acc=93.6% | Best=94.2%(@2980)
  from x3: 0.92 0.94 0.94 0.94 0.94 0.94 0.94 0.94 0.94 0.94 0.94 0.94 0.94
  per-rule acc: 0.96 0.91
Epoch 3560 | Train: Loss=0.0019 Acc=99.9% | Test: Acc=93.6% | Best=94.2%(@2980)
  from x3: 0.92 0.94 0.94 0.94 0.94 0.94 0.94 0.94 0.94 0.94 0.94 0.94 0.94
  per-rule acc: 0.96 0.92
Epoch 3580 | Train: Loss=0.0023 Acc=99.9% | Test: Acc=93.7% | Best=94.2%(@2980)
  from x3: 0.92 0.94 0.94 0.94 0.94 0.94 0.94 0.94 0.94 0.94 0.94 0.94 0.94
  per-rule acc: 0.95 0.92
Epoch 3600 | Train: Loss=0.0113 Acc=99.9% | Test: Acc=88.0% | Best=94.2%(@2980)
  from x3: 0.85 0.89 0.88 0.88 0.88 0.88 0.88 0.88 0.88 0.88 0.88 0.88 0.88
  per-rule acc: 0.92 0.84
Epoch 3620 | Train: Loss=0.0023 Acc=99.9% | Test: Acc=93.1% | Best=94.2%(@2980)
  from x3: 0.92 0.94 0.93 0.93 0.93 0.93 0.93 0.93 0.93 0.93 0.93 0.93 0.93
  per-rule acc: 0.95 0.91
Epoch 3640 | Train: Loss=0.0028 Acc=99.9% | Test: Acc=93.8% | Best=94.2%(@2980)
  from x3: 0.92 0.94 0.94 0.94 0.94 0.94 0.94 0.94 0.94 0.94 0.94 0.94 0.94
  per-rule acc: 0.96 0.92
Epoch 3660 | Train: Loss=0.0696 Acc=99.2% | Test: Acc=81.5% | Best=94.2%(@2980)
  from x3: 0.77 0.82 0.82 0.82 0.82 0.82 0.82 0.82 0.82 0.82 0.82 0.82 0.82
  per-rule acc: 0.86 0.77
Epoch 3680 | Train: Loss=0.0019 Acc=99.9% | Test: Acc=93.6% | Best=94.2%(@2980)
  from x3: 0.92 0.94 0.94 0.94 0.94 0.94 0.94 0.94 0.94 0.94 0.94 0.94 0.94
  per-rule acc: 0.96 0.92
Epoch 3700 | Train: Loss=0.0025 Acc=99.9% | Test: Acc=93.7% | Best=94.2%(@2980)
  from x3: 0.92 0.94 0.94 0.94 0.94 0.94 0.94 0.94 0.94 0.94 0.94 0.94 0.94
  per-rule acc: 0.96 0.92
Epoch 3720 | Train: Loss=0.0094 Acc=99.9% | Test: Acc=85.8% | Best=94.2%(@2980)
  from x3: 0.82 0.86 0.86 0.86 0.86 0.86 0.86 0.86 0.86 0.86 0.86 0.86 0.86
  per-rule acc: 0.90 0.82
Epoch 3740 | Train: Loss=0.0023 Acc=99.9% | Test: Acc=93.5% | Best=94.2%(@2980)
  from x3: 0.92 0.94 0.94 0.94 0.94 0.94 0.94 0.94 0.94 0.94 0.94 0.94 0.94
  per-rule acc: 0.96 0.91
Epoch 3760 | Train: Loss=0.0027 Acc=99.9% | Test: Acc=93.7% | Best=94.2%(@2980)
  from x3: 0.92 0.94 0.94 0.94 0.94 0.94 0.94 0.94 0.94 0.94 0.94 0.94 0.94
  per-rule acc: 0.96 0.92
Epoch 3780 | Train: Loss=0.0529 Acc=99.6% | Test: Acc=84.1% | Best=94.2%(@2980)
  from x3: 0.80 0.85 0.84 0.84 0.84 0.84 0.84 0.84 0.84 0.84 0.84 0.84 0.84
  per-rule acc: 0.87 0.81
Epoch 3800 | Train: Loss=0.0020 Acc=99.9% | Test: Acc=93.5% | Best=94.2%(@2980)
  from x3: 0.92 0.94 0.94 0.94 0.94 0.94 0.94 0.94 0.94 0.94 0.94 0.94 0.94
  per-rule acc: 0.96 0.91
Epoch 3820 | Train: Loss=0.0025 Acc=99.9% | Test: Acc=93.6% | Best=94.2%(@2980)
  from x3: 0.92 0.94 0.94 0.94 0.94 0.94 0.94 0.94 0.94 0.94 0.94 0.94 0.94
  per-rule acc: 0.96 0.91
Epoch 3840 | Train: Loss=0.0237 Acc=99.8% | Test: Acc=86.6% | Best=94.2%(@2980)
  from x3: 0.81 0.87 0.87 0.87 0.87 0.87 0.87 0.87 0.87 0.87 0.87 0.87 0.87
  per-rule acc: 0.90 0.83
Epoch 3860 | Train: Loss=0.0020 Acc=99.9% | Test: Acc=93.5% | Best=94.2%(@2980)
  from x3: 0.92 0.94 0.94 0.94 0.94 0.94 0.94 0.94 0.94 0.94 0.94 0.94 0.94
  per-rule acc: 0.95 0.92
Epoch 3880 | Train: Loss=0.0026 Acc=99.9% | Test: Acc=93.8% | Best=94.2%(@2980)
  from x3: 0.92 0.94 0.94 0.94 0.94 0.94 0.94 0.94 0.94 0.94 0.94 0.94 0.94
  per-rule acc: 0.96 0.92
Epoch 3900 | Train: Loss=0.0028 Acc=99.9% | Test: Acc=93.8% | Best=94.2%(@2980)
  from x3: 0.92 0.94 0.94 0.94 0.94 0.94 0.94 0.94 0.94 0.94 0.94 0.94 0.94
  per-rule acc: 0.96 0.92
Epoch 3920 | Train: Loss=0.0285 Acc=99.8% | Test: Acc=85.1% | Best=94.2%(@2980)
  from x3: 0.82 0.86 0.85 0.85 0.85 0.85 0.85 0.85 0.85 0.85 0.85 0.85 0.85
  per-rule acc: 0.89 0.81
Epoch 3940 | Train: Loss=0.0021 Acc=99.9% | Test: Acc=93.7% | Best=94.2%(@2980)
  from x3: 0.93 0.94 0.94 0.94 0.94 0.94 0.94 0.94 0.94 0.94 0.94 0.94 0.94
  per-rule acc: 0.96 0.92
Epoch 3960 | Train: Loss=0.0025 Acc=99.9% | Test: Acc=93.6% | Best=94.2%(@2980)
  from x3: 0.92 0.94 0.94 0.94 0.94 0.94 0.94 0.94 0.94 0.94 0.94 0.94 0.94
  per-rule acc: 0.96 0.92
Epoch 3980 | Train: Loss=0.0335 Acc=99.8% | Test: Acc=82.9% | Best=94.2%(@2980)
  from x3: 0.78 0.83 0.83 0.83 0.83 0.83 0.83 0.83 0.83 0.83 0.83 0.83 0.83
  per-rule acc: 0.87 0.78
Epoch 4000 | Train: Loss=0.0019 Acc=99.9% | Test: Acc=93.4% | Best=94.2%(@2980)
  from x3: 0.91 0.93 0.94 0.94 0.94 0.94 0.94 0.94 0.94 0.94 0.94 0.94 0.94
  per-rule acc: 0.96 0.91
Epoch 4020 | Train: Loss=0.0024 Acc=99.9% | Test: Acc=93.6% | Best=94.2%(@2980)
  from x3: 0.92 0.94 0.94 0.94 0.94 0.94 0.94 0.94 0.94 0.94 0.94 0.94 0.94
  per-rule acc: 0.95 0.92
Epoch 4040 | Train: Loss=0.0027 Acc=99.9% | Test: Acc=93.6% | Best=94.2%(@2980)
  from x3: 0.92 0.94 0.94 0.94 0.94 0.94 0.94 0.94 0.94 0.94 0.94 0.94 0.94
  per-rule acc: 0.96 0.92
Epoch 4060 | Train: Loss=0.0026 Acc=99.9% | Test: Acc=93.5% | Best=94.2%(@2980)
  from x3: 0.91 0.94 0.94 0.94 0.94 0.94 0.94 0.94 0.94 0.94 0.94 0.94 0.94
  per-rule acc: 0.96 0.91
Epoch 4080 | Train: Loss=0.0209 Acc=99.8% | Test: Acc=84.6% | Best=94.2%(@2980)
  from x3: 0.80 0.85 0.85 0.85 0.85 0.85 0.85 0.85 0.85 0.85 0.85 0.85 0.85
  per-rule acc: 0.90 0.79
Epoch 4100 | Train: Loss=0.0020 Acc=99.9% | Test: Acc=93.5% | Best=94.2%(@2980)
  from x3: 0.92 0.94 0.94 0.94 0.94 0.94 0.94 0.94 0.94 0.94 0.94 0.94 0.94
  per-rule acc: 0.96 0.91
Epoch 4120 | Train: Loss=0.0025 Acc=99.9% | Test: Acc=93.6% | Best=94.2%(@2980)
  from x3: 0.92 0.94 0.94 0.94 0.94 0.94 0.94 0.94 0.94 0.94 0.94 0.94 0.94
  per-rule acc: 0.95 0.92
Epoch 4140 | Train: Loss=0.0026 Acc=99.9% | Test: Acc=93.6% | Best=94.2%(@2980)
  from x3: 0.92 0.94 0.94 0.94 0.94 0.94 0.94 0.94 0.94 0.94 0.94 0.94 0.94
  per-rule acc: 0.96 0.91
Epoch 4160 | Train: Loss=0.0312 Acc=99.8% | Test: Acc=83.8% | Best=94.2%(@2980)
  from x3: 0.80 0.84 0.84 0.84 0.84 0.84 0.84 0.84 0.84 0.84 0.84 0.84 0.84
  per-rule acc: 0.89 0.78
Epoch 4180 | Train: Loss=0.0018 Acc=99.9% | Test: Acc=93.1% | Best=94.2%(@2980)
  from x3: 0.92 0.93 0.93 0.93 0.93 0.93 0.93 0.93 0.93 0.93 0.93 0.93 0.93
  per-rule acc: 0.95 0.91
Epoch 4200 | Train: Loss=0.0023 Acc=99.9% | Test: Acc=93.4% | Best=94.2%(@2980)
  from x3: 0.93 0.94 0.93 0.93 0.93 0.94 0.93 0.93 0.93 0.93 0.93 0.93 0.93
  per-rule acc: 0.95 0.91
Epoch 4220 | Train: Loss=0.0025 Acc=99.9% | Test: Acc=93.5% | Best=94.2%(@2980)
  from x3: 0.93 0.94 0.94 0.94 0.94 0.94 0.94 0.94 0.94 0.94 0.94 0.94 0.94
  per-rule acc: 0.96 0.91
Epoch 4240 | Train: Loss=0.0079 Acc=99.9% | Test: Acc=89.5% | Best=94.2%(@2980)
  from x3: 0.87 0.90 0.90 0.90 0.90 0.90 0.90 0.90 0.90 0.90 0.90 0.90 0.90
  per-rule acc: 0.93 0.86
Epoch 4260 | Train: Loss=0.0022 Acc=99.9% | Test: Acc=93.6% | Best=94.2%(@2980)
  from x3: 0.93 0.94 0.94 0.94 0.94 0.94 0.94 0.94 0.94 0.94 0.94 0.94 0.94
  per-rule acc: 0.96 0.92
Epoch 4280 | Train: Loss=0.0026 Acc=99.9% | Test: Acc=93.6% | Best=94.2%(@2980)
  from x3: 0.93 0.94 0.94 0.94 0.94 0.94 0.94 0.94 0.94 0.94 0.94 0.94 0.94
  per-rule acc: 0.96 0.92
Epoch 4300 | Train: Loss=0.0384 Acc=99.8% | Test: Acc=85.9% | Best=94.2%(@2980)
  from x3: 0.81 0.86 0.86 0.86 0.86 0.86 0.86 0.86 0.86 0.86 0.86 0.86 0.86
  per-rule acc: 0.89 0.83
Epoch 4320 | Train: Loss=0.0019 Acc=99.9% | Test: Acc=93.4% | Best=94.2%(@2980)
  from x3: 0.92 0.94 0.94 0.94 0.94 0.94 0.93 0.94 0.93 0.93 0.93 0.93 0.93
  per-rule acc: 0.96 0.91
Epoch 4340 | Train: Loss=0.0024 Acc=99.9% | Test: Acc=93.7% | Best=94.2%(@2980)
  from x3: 0.92 0.94 0.94 0.94 0.94 0.94 0.94 0.94 0.94 0.94 0.94 0.94 0.94
  per-rule acc: 0.95 0.92
Epoch 4360 | Train: Loss=0.0026 Acc=99.9% | Test: Acc=93.5% | Best=94.2%(@2980)
  from x3: 0.92 0.94 0.94 0.94 0.94 0.94 0.94 0.94 0.94 0.94 0.94 0.94 0.94
  per-rule acc: 0.95 0.92
Epoch 4380 | Train: Loss=0.0156 Acc=99.8% | Test: Acc=86.3% | Best=94.2%(@2980)
  from x3: 0.83 0.87 0.87 0.87 0.87 0.87 0.87 0.86 0.87 0.87 0.87 0.87 0.87
  per-rule acc: 0.91 0.81
Epoch 4400 | Train: Loss=0.0020 Acc=99.9% | Test: Acc=94.0% | Best=94.2%(@2980)
  from x3: 0.93 0.94 0.94 0.94 0.94 0.94 0.94 0.94 0.94 0.94 0.94 0.94 0.94
  per-rule acc: 0.96 0.92
Epoch 4420 | Train: Loss=0.0025 Acc=99.9% | Test: Acc=93.5% | Best=94.2%(@2980)
  from x3: 0.93 0.94 0.94 0.94 0.94 0.94 0.94 0.94 0.94 0.94 0.94 0.94 0.94
  per-rule acc: 0.96 0.91
Epoch 4440 | Train: Loss=0.0054 Acc=99.9% | Test: Acc=90.7% | Best=94.2%(@2980)
  from x3: 0.89 0.91 0.91 0.91 0.91 0.91 0.91 0.91 0.91 0.91 0.91 0.91 0.91
  per-rule acc: 0.94 0.87
Epoch 4460 | Train: Loss=0.0023 Acc=99.9% | Test: Acc=93.9% | Best=94.2%(@2980)
  from x3: 0.92 0.94 0.94 0.94 0.94 0.94 0.94 0.94 0.94 0.94 0.94 0.94 0.94
  per-rule acc: 0.96 0.92
Epoch 4480 | Train: Loss=0.0026 Acc=99.9% | Test: Acc=93.5% | Best=94.2%(@2980)
  from x3: 0.92 0.94 0.94 0.94 0.94 0.94 0.94 0.94 0.94 0.94 0.94 0.94 0.94
  per-rule acc: 0.95 0.92
Epoch 4500 | Train: Loss=0.0346 Acc=99.7% | Test: Acc=83.0% | Best=94.2%(@2980)
  from x3: 0.79 0.84 0.83 0.83 0.83 0.83 0.83 0.83 0.83 0.83 0.83 0.83 0.83
  per-rule acc: 0.89 0.77
Epoch 4520 | Train: Loss=0.0019 Acc=99.9% | Test: Acc=93.8% | Best=94.2%(@2980)
  from x3: 0.92 0.94 0.94 0.94 0.94 0.94 0.94 0.94 0.94 0.94 0.94 0.94 0.94
  per-rule acc: 0.96 0.92
Epoch 4540 | Train: Loss=0.0024 Acc=99.9% | Test: Acc=93.8% | Best=94.2%(@2980)
  from x3: 0.92 0.94 0.94 0.94 0.94 0.94 0.94 0.94 0.94 0.94 0.94 0.94 0.94
  per-rule acc: 0.95 0.92
Epoch 4560 | Train: Loss=0.0025 Acc=99.9% | Test: Acc=93.7% | Best=94.2%(@2980)
  from x3: 0.92 0.94 0.94 0.94 0.94 0.94 0.94 0.94 0.94 0.94 0.94 0.94 0.94
  per-rule acc: 0.96 0.92
Epoch 4580 | Train: Loss=0.0020 Acc=99.9% | Test: Acc=93.2% | Best=94.2%(@2980)
  from x3: 0.92 0.94 0.93 0.93 0.93 0.93 0.93 0.93 0.93 0.93 0.93 0.93 0.93
  per-rule acc: 0.96 0.91
Epoch 4600 | Train: Loss=0.0023 Acc=99.9% | Test: Acc=93.7% | Best=94.2%(@2980)
  from x3: 0.92 0.94 0.94 0.94 0.94 0.94 0.94 0.94 0.94 0.94 0.94 0.94 0.94
  per-rule acc: 0.96 0.92
Epoch 4620 | Train: Loss=0.0025 Acc=99.9% | Test: Acc=93.6% | Best=94.2%(@2980)
  from x3: 0.92 0.94 0.94 0.94 0.94 0.94 0.94 0.94 0.94 0.94 0.94 0.94 0.94
  per-rule acc: 0.96 0.92
Epoch 4640 | Train: Loss=0.0025 Acc=99.9% | Test: Acc=93.2% | Best=94.2%(@2980)
  from x3: 0.92 0.93 0.93 0.93 0.93 0.93 0.93 0.93 0.93 0.93 0.93 0.93 0.93
  per-rule acc: 0.95 0.91
Epoch 4660 | Train: Loss=0.0311 Acc=99.8% | Test: Acc=86.5% | Best=94.2%(@2980)
  from x3: 0.83 0.87 0.87 0.87 0.87 0.87 0.87 0.87 0.87 0.87 0.87 0.87 0.87
  per-rule acc: 0.90 0.83
Epoch 4680 | Train: Loss=0.0018 Acc=99.9% | Test: Acc=93.4% | Best=94.2%(@2980)
  from x3: 0.92 0.94 0.93 0.93 0.93 0.93 0.93 0.93 0.93 0.94 0.94 0.94 0.93
  per-rule acc: 0.96 0.91
Epoch 4700 | Train: Loss=0.0023 Acc=99.9% | Test: Acc=93.4% | Best=94.2%(@2980)
  from x3: 0.92 0.94 0.94 0.94 0.94 0.94 0.94 0.94 0.94 0.94 0.94 0.94 0.94
  per-rule acc: 0.95 0.91
Epoch 4720 | Train: Loss=0.0024 Acc=99.9% | Test: Acc=93.4% | Best=94.2%(@2980)
  from x3: 0.92 0.94 0.93 0.94 0.94 0.93 0.94 0.93 0.93 0.93 0.93 0.93 0.93
  per-rule acc: 0.96 0.91
Epoch 4740 | Train: Loss=0.0177 Acc=99.9% | Test: Acc=86.2% | Best=94.2%(@2980)
  from x3: 0.83 0.86 0.87 0.87 0.87 0.87 0.87 0.87 0.86 0.87 0.87 0.87 0.86
  per-rule acc: 0.91 0.81
Epoch 4760 | Train: Loss=0.0018 Acc=99.9% | Test: Acc=93.5% | Best=94.2%(@2980)
  from x3: 0.92 0.94 0.94 0.94 0.94 0.94 0.94 0.94 0.94 0.94 0.94 0.94 0.94
  per-rule acc: 0.96 0.91
Epoch 4780 | Train: Loss=0.0023 Acc=99.9% | Test: Acc=93.4% | Best=94.2%(@2980)
  from x3: 0.92 0.94 0.94 0.94 0.94 0.94 0.94 0.94 0.93 0.93 0.93 0.93 0.93
  per-rule acc: 0.95 0.91
Epoch 4800 | Train: Loss=0.0024 Acc=99.9% | Test: Acc=93.3% | Best=94.2%(@2980)
  from x3: 0.92 0.93 0.93 0.93 0.93 0.93 0.93 0.93 0.93 0.93 0.93 0.93 0.93
  per-rule acc: 0.95 0.91
Epoch 4820 | Train: Loss=0.0024 Acc=99.9% | Test: Acc=92.9% | Best=94.2%(@2980)
  from x3: 0.91 0.93 0.93 0.93 0.93 0.93 0.93 0.93 0.93 0.93 0.93 0.93 0.93
  per-rule acc: 0.95 0.90
Epoch 4840 | Train: Loss=0.0018 Acc=99.9% | Test: Acc=93.4% | Best=94.2%(@2980)
  from x3: 0.92 0.94 0.94 0.94 0.94 0.94 0.94 0.93 0.94 0.94 0.94 0.94 0.94
  per-rule acc: 0.96 0.91
Epoch 4860 | Train: Loss=0.0022 Acc=99.9% | Test: Acc=93.7% | Best=94.2%(@2980)
  from x3: 0.92 0.94 0.94 0.94 0.94 0.94 0.94 0.94 0.94 0.94 0.94 0.94 0.94
  per-rule acc: 0.96 0.92
Epoch 4880 | Train: Loss=0.0024 Acc=99.9% | Test: Acc=93.3% | Best=94.2%(@2980)
  from x3: 0.92 0.94 0.93 0.93 0.93 0.93 0.93 0.93 0.93 0.93 0.93 0.93 0.93
  per-rule acc: 0.95 0.91
Epoch 4900 | Train: Loss=0.0073 Acc=99.9% | Test: Acc=89.3% | Best=94.2%(@2980)
  from x3: 0.86 0.90 0.90 0.90 0.90 0.90 0.90 0.89 0.89 0.89 0.89 0.89 0.89
  per-rule acc: 0.93 0.86
Epoch 4920 | Train: Loss=0.0020 Acc=99.9% | Test: Acc=93.8% | Best=94.2%(@2980)
  from x3: 0.92 0.94 0.94 0.94 0.94 0.94 0.94 0.94 0.94 0.94 0.94 0.94 0.94
  per-rule acc: 0.96 0.92
Epoch 4940 | Train: Loss=0.0027 Acc=99.9% | Test: Acc=93.3% | Best=94.2%(@2980)
  from x3: 0.92 0.93 0.93 0.93 0.93 0.93 0.93 0.93 0.93 0.93 0.93 0.93 0.93
  per-rule acc: 0.96 0.91
Epoch 4960 | Train: Loss=0.0025 Acc=99.9% | Test: Acc=93.2% | Best=94.2%(@2980)
  from x3: 0.91 0.93 0.93 0.93 0.93 0.93 0.93 0.93 0.93 0.93 0.93 0.93 0.93
  per-rule acc: 0.95 0.91
Epoch 4980 | Train: Loss=0.0678 Acc=99.1% | Test: Acc=77.0% | Best=94.2%(@2980)
  from x3: 0.72 0.77 0.77 0.77 0.77 0.77 0.77 0.77 0.77 0.77 0.77 0.77 0.77
  per-rule acc: 0.83 0.71
[Early stop] No improvement for 2000 consecutive epochs

==================================================
Saving model...
[OK] Model saved to: /home/cxm/ai/test0625-basic2/models/mixed_basic_d512l2_r4_t16.pth
  File size: 25282.2 KB
  Best test accuracy: 94.20%

==================================================
Final generation test (given first two items, AB generates 3rd as prompt, validate from 4th)
==================================================

--- AB pair 1: (1, 1) ---

--- Statistics for AB=(1,1) ---
Exposed    samples:  1405 | In-dist: 17830/18265 ( 97.6%) | OOD: 21317/22480 ( 94.8%)
Unexposed  samples:  1404 | In-dist:  9400/18252 ( 51.5%) | OOD:  7913/22464 ( 35.2%)

--- AB pair 2: (1, 2) ---

--- Statistics for AB=(1,2) ---
Exposed    samples:  1405 | In-dist: 17680/18265 ( 96.8%) | OOD: 21089/22480 ( 93.8%)
Unexposed  samples:  1404 | In-dist:  6970/18252 ( 38.2%) | OOD:  6470/22464 ( 28.8%)

--- Return code: 0 ---

======================================================================
Attention Analysis
======================================================================
Model config: addition (default), p=53
Best test accuracy: 0.9420337497260575
Training epochs: 4980

Random test sequence 1/5 (length 32): [4, 46, 50, 43, 40, 30, 17, 47, 11, 5, 16, 21, 37, 5, 42, 47, 36, 30, 13, 43]...

======================================================================
Attention Layer Training Result Summary
======================================================================
Input sequence: [4, 46, 50, 43, 40, 30, 17, 47, 11, 5, 16, 21, 37, 5, 42, 47, 36, 30, 13, 43, 3, 46, 49, 42, 38, 27, 12, 39, 51, 37, 35, 19]

--- Layer 0 ---
  Head 0: Entropy=0.298
    Attention coefficients from each query position to previous positions:
      i= 0 -> j=0:1.000
      i= 1 -> j=0:0.967, j=1:0.033
      i= 2 -> j=0:0.047, j=1:0.927, j=2:0.026
      i= 3 -> j=0:0.000, j=1:0.044, j=2:0.933, j=3:0.022
      i= 4 -> j=0:0.000, j=1:0.000, j=2:0.036, j=3:0.945, j=4:0.019
      i= 5 -> j=0:0.000, j=1:0.000, j=2:0.000, j=3:0.060, j=4:0.918, j=5:0.021
      i= 6 -> j=0:0.000, j=1:0.000, j=2:0.000, j=3:0.000, j=4:0.071, j=5:0.901, j=6:0.028
      i= 7 -> j=0:0.000, j=1:0.000, j=2:0.000, j=3:0.000, j=4:0.000, j=5:0.050, j=6:0.928, j=7:0.022
      i= 8 -> j=0:0.000, j=1:0.000, j=2:0.000, j=3:0.000, j=4:0.000, j=5:0.000, j=6:0.042, j=7:0.938, j=8:0.020
      i= 9 -> j=0:0.000, j=1:0.000, j=2:0.000, j=3:0.000, j=4:0.000, j=5:0.000, j=6:0.000, j=7:0.052, j=8:0.922, j=9:0.027
      i=10 -> j=0:0.000, j=1:0.000, j=2:0.000, j=3:0.000, j=4:0.000, j=5:0.000, j=6:0.000, j=7:0.000, j=8:0.043, j=9:0.931, j=10:0.026
      i=11 -> j=0:0.000, j=1:0.000, j=2:0.000, j=3:0.000, j=4:0.000, j=5:0.000, j=6:0.000, j=7:0.000, j=8:0.000, j=9:0.050, j=10:0.924, j=11:0.026
      i=12 -> j=0:0.000, j=1:0.000, j=2:0.000, j=3:0.000, j=4:0.000, j=5:0.000, j=6:0.000, j=7:0.000, j=8:0.000, j=9:0.000, j=10:0.047, j=11:0.935, j=12:0.017
      i=13 -> j=0:0.000, j=1:0.000, j=2:0.000, j=3:0.000, j=4:0.000, j=5:0.000, j=6:0.000, j=7:0.000, j=8:0.000, j=9:0.000, j=10:0.000, j=11:0.055, j=12:0.922, j=13:0.023
      i=14 -> j=0:0.000, j=1:0.000, j=2:0.000, j=3:0.000, j=4:0.000, j=5:0.000, j=6:0.000, j=7:0.000, j=8:0.000, j=9:0.000, j=10:0.000, j=11:0.000, j=12:0.047, j=13:0.934, j=14:0.019
      i=15 -> j=0:0.000, j=1:0.000, j=2:0.000, j=3:0.000, j=4:0.000, j=5:0.000, j=6:0.000, j=7:0.000, j=8:0.000, j=9:0.000, j=10:0.000, j=11:0.000, j=12:0.000, j=13:0.093, j=14:0.874, j=15:0.033
      i=16 -> j=0:0.000, j=1:0.000, j=2:0.000, j=3:0.000, j=4:0.000, j=5:0.000, j=6:0.000, j=7:0.000, j=8:0.000, j=9:0.000, j=10:0.000, j=11:0.000, j=12:0.000, j=13:0.000, j=14:0.040, j=15:0.939, j=16:0.021
      i=17 -> j=0:0.000, j=1:0.000, j=2:0.000, j=3:0.000, j=4:0.000, j=5:0.000, j=6:0.000, j=7:0.000, j=8:0.000, j=9:0.000, j=10:0.000, j=11:0.000, j=12:0.000, j=13:0.000, j=14:0.000, j=15:0.062, j=16:0.913, j=17:0.025
      i=18 -> j=0:0.000, j=1:0.000, j=2:0.000, j=3:0.000, j=4:0.000, j=5:0.000, j=6:0.000, j=7:0.000, j=8:0.000, j=9:0.000, j=10:0.000, j=11:0.000, j=12:0.000, j=13:0.000, j=14:0.000, j=15:0.000, j=16:0.041, j=17:0.932, j=18:0.027
      i=19 -> j=0:0.000, j=1:0.000, j=2:0.000, j=3:0.000, j=4:0.000, j=5:0.000, j=6:0.000, j=7:0.000, j=8:0.000, j=9:0.000, j=10:0.000, j=11:0.000, j=12:0.000, j=13:0.000, j=14:0.000, j=15:0.000, j=16:0.000, j=17:0.048, j=18:0.926, j=19:0.026
      i=20 -> j=0:0.000, j=1:0.000, j=2:0.000, j=3:0.000, j=4:0.000, j=5:0.000, j=6:0.000, j=7:0.000, j=8:0.000, j=9:0.000, j=10:0.000, j=11:0.000, j=12:0.000, j=13:0.000, j=14:0.000, j=15:0.000, j=16:0.000, j=17:0.000, j=18:0.045, j=19:0.933, j=20:0.021
      i=21 -> j=0:0.000, j=1:0.000, j=2:0.000, j=3:0.000, j=4:0.000, j=5:0.000, j=6:0.000, j=7:0.000, j=8:0.000, j=9:0.000, j=10:0.000, j=11:0.000, j=12:0.000, j=13:0.000, j=14:0.000, j=15:0.000, j=16:0.000, j=17:0.000, j=18:0.000, j=19:0.046, j=20:0.928, j=21:0.026
      i=22 -> j=0:0.000, j=1:0.000, j=2:0.000, j=3:0.000, j=4:0.000, j=5:0.000, j=6:0.000, j=7:0.000, j=8:0.000, j=9:0.000, j=10:0.000, j=11:0.000, j=12:0.000, j=13:0.000, j=14:0.000, j=15:0.000, j=16:0.000, j=17:0.000, j=18:0.000, j=19:0.000, j=20:0.046, j=21:0.930, j=22:0.024
      i=23 -> j=0:0.000, j=1:0.000, j=2:0.000, j=3:0.000, j=4:0.000, j=5:0.000, j=6:0.000, j=7:0.000, j=8:0.000, j=9:0.000, j=10:0.000, j=11:0.000, j=12:0.000, j=13:0.000, j=14:0.000, j=15:0.000, j=16:0.000, j=17:0.000, j=18:0.000, j=19:0.000, j=20:0.000, j=21:0.043, j=22:0.938, j=23:0.018
      i=24 -> j=0:0.000, j=1:0.000, j=2:0.000, j=3:0.000, j=4:0.000, j=5:0.000, j=6:0.000, j=7:0.000, j=8:0.000, j=9:0.000, j=10:0.000, j=11:0.000, j=12:0.000, j=13:0.000, j=14:0.000, j=15:0.000, j=16:0.000, j=17:0.000, j=18:0.000, j=19:0.000, j=20:0.000, j=21:0.000, j=22:0.082, j=23:0.879, j=24:0.039
      i=25 -> j=0:0.000, j=1:0.000, j=2:0.000, j=3:0.000, j=4:0.000, j=5:0.000, j=6:0.000, j=7:0.000, j=8:0.000, j=9:0.000, j=10:0.000, j=11:0.000, j=12:0.000, j=13:0.000, j=14:0.000, j=15:0.000, j=16:0.000, j=17:0.000, j=18:0.000, j=19:0.000, j=20:0.000, j=21:0.000, j=22:0.000, j=23:0.039, j=24:0.929, j=25:0.032
      i=26 -> j=0:0.000, j=1:0.000, j=2:0.000, j=3:0.000, j=4:0.000, j=5:0.000, j=6:0.000, j=7:0.000, j=8:0.000, j=9:0.000, j=10:0.000, j=11:0.000, j=12:0.000, j=13:0.000, j=14:0.000, j=15:0.000, j=16:0.000, j=17:0.000, j=18:0.000, j=19:0.000, j=20:0.000, j=21:0.000, j=22:0.000, j=23:0.000, j=24:0.036, j=25:0.948, j=26:0.016
      i=27 -> j=0:0.000, j=1:0.000, j=2:0.000, j=3:0.000, j=4:0.000, j=5:0.000, j=6:0.000, j=7:0.000, j=8:0.000, j=9:0.000, j=10:0.000, j=11:0.000, j=12:0.000, j=13:0.000, j=14:0.000, j=15:0.000, j=16:0.000, j=17:0.000, j=18:0.000, j=19:0.000, j=20:0.000, j=21:0.000, j=22:0.000, j=23:0.000, j=24:0.000, j=25:0.068, j=26:0.913, j=27:0.019
      i=28 -> j=0:0.000, j=1:0.000, j=2:0.000, j=3:0.000, j=4:0.000, j=5:0.000, j=6:0.000, j=7:0.000, j=8:0.000, j=9:0.000, j=10:0.000, j=11:0.000, j=12:0.000, j=13:0.000, j=14:0.000, j=15:0.000, j=16:0.000, j=17:0.000, j=18:0.000, j=19:0.000, j=20:0.000, j=21:0.000, j=22:0.000, j=23:0.000, j=24:0.000, j=25:0.000, j=26:0.041, j=27:0.939, j=28:0.020
      i=29 -> j=0:0.000, j=1:0.000, j=2:0.000, j=3:0.000, j=4:0.000, j=5:0.000, j=6:0.000, j=7:0.000, j=8:0.000, j=9:0.000, j=10:0.000, j=11:0.000, j=12:0.000, j=13:0.000, j=14:0.000, j=15:0.000, j=16:0.000, j=17:0.000, j=18:0.000, j=19:0.000, j=20:0.000, j=21:0.000, j=22:0.000, j=23:0.000, j=24:0.000, j=25:0.000, j=26:0.000, j=27:0.063, j=28:0.914, j=29:0.023
      i=30 -> j=0:0.000, j=1:0.000, j=2:0.000, j=3:0.000, j=4:0.000, j=5:0.000, j=6:0.000, j=7:0.000, j=8:0.000, j=9:0.000, j=10:0.000, j=11:0.000, j=12:0.000, j=13:0.000, j=14:0.000, j=15:0.000, j=16:0.000, j=17:0.000, j=18:0.000, j=19:0.000, j=20:0.000, j=21:0.000, j=22:0.000, j=23:0.000, j=24:0.000, j=25:0.000, j=26:0.000, j=27:0.000, j=28:0.042, j=29:0.937, j=30:0.021
      i=31 -> j=0:0.000, j=1:0.000, j=2:0.000, j=3:0.000, j=4:0.000, j=5:0.000, j=6:0.000, j=7:0.000, j=8:0.000, j=9:0.000, j=10:0.000, j=11:0.000, j=12:0.000, j=13:0.000, j=14:0.000, j=15:0.000, j=16:0.000, j=17:0.000, j=18:0.000, j=19:0.000, j=20:0.000, j=21:0.000, j=22:0.000, j=23:0.000, j=24:0.000, j=25:0.000, j=26:0.000, j=27:0.000, j=28:0.000, j=29:0.066, j=30:0.903, j=31:0.030
    Average attention per distance:
      d=0:0.055, d=1:0.926, d=2:0.051

--- Layer 1 ---
  Head 0: Entropy=0.995
    Attention coefficients from each query position to previous positions:
      i= 0 -> j=0:1.000
      i= 1 -> j=0:0.756, j=1:0.244
      i= 2 -> j=0:0.171, j=1:0.709, j=2:0.120
      i= 3 -> j=0:0.008, j=1:0.163, j=2:0.718, j=3:0.111
      i= 4 -> j=0:0.000, j=1:0.006, j=2:0.147, j=3:0.573, j=4:0.274
      i= 5 -> j=0:0.000, j=1:0.000, j=2:0.004, j=3:0.184, j=4:0.713, j=5:0.098
      i= 6 -> j=0:0.000, j=1:0.000, j=2:0.000, j=3:0.005, j=4:0.404, j=5:0.438, j=6:0.153
      i= 7 -> j=0:0.001, j=1:0.000, j=2:0.000, j=3:0.000, j=4:0.016, j=5:0.154, j=6:0.734, j=7:0.095
      i= 8 -> j=0:0.002, j=1:0.001, j=2:0.000, j=3:0.000, j=4:0.001, j=5:0.006, j=6:0.214, j=7:0.661, j=8:0.115
      i= 9 -> j=0:0.003, j=1:0.002, j=2:0.000, j=3:0.000, j=4:0.000, j=5:0.000, j=6:0.006, j=7:0.311, j=8:0.597, j=9:0.081
      i=10 -> j=0:0.001, j=1:0.002, j=2:0.001, j=3:0.000, j=4:0.000, j=5:0.000, j=6:0.000, j=7:0.019, j=8:0.405, j=9:0.447, j=10:0.123
      i=11 -> j=0:0.000, j=1:0.001, j=2:0.001, j=3:0.002, j=4:0.001, j=5:0.000, j=6:0.000, j=7:0.001, j=8:0.026, j=9:0.132, j=10:0.738, j=11:0.099
      i=12 -> j=0:0.001, j=1:0.001, j=2:0.001, j=3:0.004, j=4:0.008, j=5:0.001, j=6:0.000, j=7:0.000, j=8:0.001, j=9:0.004, j=10:0.156, j=11:0.720, j=12:0.103
      i=13 -> j=0:0.002, j=1:0.001, j=2:0.001, j=3:0.002, j=4:0.014, j=5:0.003, j=6:0.001, j=7:0.000, j=8:0.000, j=9:0.000, j=10:0.009, j=11:0.220, j=12:0.606, j=13:0.140
      i=14 -> j=0:0.002, j=1:0.001, j=2:0.000, j=3:0.001, j=4:0.004, j=5:0.002, j=6:0.002, j=7:0.001, j=8:0.000, j=9:0.000, j=10:0.000, j=11:0.004, j=12:0.318, j=13:0.542, j=14:0.122
      i=15 -> j=0:0.002, j=1:0.001, j=2:0.000, j=3:0.000, j=4:0.001, j=5:0.000, j=6:0.002, j=7:0.002, j=8:0.001, j=9:0.000, j=10:0.000, j=11:0.000, j=12:0.025, j=13:0.245, j=14:0.616, j=15:0.105
      i=16 -> j=0:0.001, j=1:0.001, j=2:0.001, j=3:0.000, j=4:0.001, j=5:0.000, j=6:0.001, j=7:0.004, j=8:0.003, j=9:0.000, j=10:0.000, j=11:0.000, j=12:0.001, j=13:0.012, j=14:0.249, j=15:0.625, j=16:0.100
      i=17 -> j=0:0.000, j=1:0.001, j=2:0.001, j=3:0.001, j=4:0.001, j=5:0.000, j=6:0.000, j=7:0.001, j=8:0.002, j=9:0.001, j=10:0.000, j=11:0.000, j=12:0.000, j=13:0.000, j=14:0.005, j=15:0.146, j=16:0.751, j=17:0.090
      i=18 -> j=0:0.001, j=1:0.001, j=2:0.002, j=3:0.003, j=4:0.007, j=5:0.001, j=6:0.000, j=7:0.001, j=8:0.002, j=9:0.002, j=10:0.001, j=11:0.000, j=12:0.000, j=13:0.000, j=14:0.000, j=15:0.004, j=16:0.165, j=17:0.667, j=18:0.142
      i=19 -> j=0:0.001, j=1:0.001, j=2:0.001, j=3:0.002, j=4:0.008, j=5:0.002, j=6:0.001, j=7:0.001, j=8:0.001, j=9:0.001, j=10:0.004, j=11:0.003, j=12:0.002, j=13:0.000, j=14:0.000, j=15:0.000, j=16:0.007, j=17:0.244, j=18:0.602, j=19:0.119
      i=20 -> j=0:0.003, j=1:0.001, j=2:0.001, j=3:0.001, j=4:0.008, j=5:0.002, j=6:0.002, j=7:0.001, j=8:0.001, j=9:0.000, j=10:0.001, j=11:0.002, j=12:0.007, j=13:0.001, j=14:0.000, j=15:0.000, j=16:0.000, j=17:0.007, j=18:0.482, j=19:0.344, j=20:0.136
      i=21 -> j=0:0.005, j=1:0.004, j=2:0.001, j=3:0.001, j=4:0.005, j=5:0.003, j=6:0.005, j=7:0.004, j=8:0.002, j=9:0.000, j=10:0.001, j=11:0.001, j=12:0.009, j=13:0.003, j=14:0.001, j=15:0.000, j=16:0.000, j=17:0.000, j=18:0.034, j=19:0.143, j=20:0.642, j=21:0.136
      i=22 -> j=0:0.005, j=1:0.005, j=2:0.003, j=3:0.002, j=4:0.005, j=5:0.002, j=6:0.004, j=7:0.008, j=8:0.007, j=9:0.002, j=10:0.001, j=11:0.001, j=12:0.008, j=13:0.007, j=14:0.005, j=15:0.001, j=16:0.000, j=17:0.000, j=18:0.002, j=19:0.009, j=20:0.198, j=21:0.636, j=22:0.092
      i=23 -> j=0:0.002, j=1:0.003, j=2:0.002, j=3:0.003, j=4:0.006, j=5:0.001, j=6:0.002, j=7:0.009, j=8:0.013, j=9:0.004, j=10:0.002, j=11:0.000, j=12:0.005, j=13:0.005, j=14:0.008, j=15:0.003, j=16:0.001, j=17:0.000, j=18:0.000, j=19:0.000, j=20:0.014, j=21:0.472, j=22:0.319, j=23:0.127
      i=24 -> j=0:0.001, j=1:0.001, j=2:0.001, j=3:0.002, j=4:0.005, j=5:0.001, j=6:0.001, j=7:0.002, j=8:0.005, j=9:0.002, j=10:0.002, j=11:0.000, j=12:0.002, j=13:0.001, j=14:0.002, j=15:0.002, j=16:0.001, j=17:0.000, j=18:0.000, j=19:0.000, j=20:0.000, j=21:0.024, j=22:0.148, j=23:0.638, j=24:0.157
      i=25 -> j=0:0.001, j=1:0.001, j=2:0.001, j=3:0.002, j=4:0.008, j=5:0.001, j=6:0.001, j=7:0.003, j=8:0.004, j=9:0.003, j=10:0.004, j=11:0.002, j=12:0.006, j=13:0.002, j=14:0.001, j=15:0.002, j=16:0.003, j=17:0.002, j=18:0.001, j=19:0.000, j=20:0.000, j=21:0.001, j=22:0.010, j=23:0.159, j=24:0.641, j=25:0.141
      i=26 -> j=0:0.001, j=1:0.001, j=2:0.000, j=3:0.001, j=4:0.006, j=5:0.001, j=6:0.001, j=7:0.002, j=8:0.002, j=9:0.001, j=10:0.002, j=11:0.001, j=12:0.009, j=13:0.002, j=14:0.001, j=15:0.000, j=16:0.001, j=17:0.002, j=18:0.005, j=19:0.000, j=20:0.000, j=21:0.000, j=22:0.000, j=23:0.006, j=24:0.201, j=25:0.640, j=26:0.114
      i=27 -> j=0:0.004, j=1:0.003, j=2:0.001, j=3:0.002, j=4:0.004, j=5:0.003, j=6:0.004, j=7:0.003, j=8:0.002, j=9:0.001, j=10:0.001, j=11:0.002, j=12:0.006, j=13:0.002, j=14:0.001, j=15:0.000, j=16:0.000, j=17:0.001, j=18:0.010, j=19:0.002, j=20:0.001, j=21:0.000, j=22:0.000, j=23:0.000, j=24:0.004, j=25:0.102, j=26:0.725, j=27:0.115
      i=28 -> j=0:0.003, j=1:0.003, j=2:0.002, j=3:0.002, j=4:0.002, j=5:0.002, j=6:0.003, j=7:0.004, j=8:0.004, j=9:0.001, j=10:0.001, j=11:0.001, j=12:0.004, j=13:0.003, j=14:0.003, j=15:0.001, j=16:0.000, j=17:0.000, j=18:0.004, j=19:0.003, j=20:0.004, j=21:0.001, j=22:0.000, j=23:0.000, j=24:0.000, j=25:0.003, j=26:0.177, j=27:0.655, j=28:0.112
      i=29 -> j=0:0.001, j=1:0.001, j=2:0.001, j=3:0.001, j=4:0.002, j=5:0.000, j=6:0.001, j=7:0.003, j=8:0.004, j=9:0.001, j=10:0.001, j=11:0.000, j=12:0.003, j=13:0.003, j=14:0.004, j=15:0.001, j=16:0.000, j=17:0.000, j=18:0.001, j=19:0.001, j=20:0.004, j=21:0.003, j=22:0.000, j=23:0.000, j=24:0.000, j=25:0.000, j=26:0.003, j=27:0.259, j=28:0.606, j=29:0.092
      i=30 -> j=0:0.001, j=1:0.001, j=2:0.001, j=3:0.002, j=4:0.004, j=5:0.001, j=6:0.001, j=7:0.003, j=8:0.006, j=9:0.003, j=10:0.002, j=11:0.001, j=12:0.004, j=13:0.003, j=14:0.004, j=15:0.003, j=16:0.002, j=17:0.001, j=18:0.001, j=19:0.000, j=20:0.002, j=21:0.006, j=22:0.002, j=23:0.000, j=24:0.000, j=25:0.000, j=26:0.000, j=27:0.021, j=28:0.353, j=29:0.453, j=30:0.117
      i=31 -> j=0:0.001, j=1:0.001, j=2:0.001, j=3:0.002, j=4:0.004, j=5:0.001, j=6:0.001, j=7:0.002, j=8:0.002, j=9:0.001, j=10:0.002, j=11:0.001, j=12:0.003, j=13:0.001, j=14:0.001, j=15:0.001, j=16:0.002, j=17:0.001, j=18:0.002, j=19:0.000, j=20:0.001, j=21:0.003, j=22:0.003, j=23:0.002, j=24:0.000, j=25:0.000, j=26:0.000, j=27:0.001, j=28:0.019, j=29:0.154, j=30:0.703, j=31:0.084
    Average attention per distance:
      d=0:0.152, d=1:0.620, d=2:0.229, d=3:0.011


======================================================================
QK Property Verification (Raw Scores, before Softmax)
======================================================================
Recurrence order init_len=2, num test sequences=1

--- [P1] Long-distance Orthogonality Verification ---
Ideal: raw_score mean ≈ 0 and small std when d > init_len

  Layer 0, Head 0:
    d= 1 (effective): mean= 13.294, std= 0.260, n=31
    d= 2 (effective): mean= 10.380, std= 0.197, n=30
    d>2 (long-distance): mean= -1.442, std= 3.555, n=435

  Layer 1, Head 0:
    d= 1 (effective): mean=  3.785, std= 0.589, n=31
    d= 2 (effective): mean=  2.780, std= 0.547, n=30
    d>2 (long-distance): mean= -2.471, std= 1.518, n=435

--- [P2] Time-homogeneous Verification ---
Ideal: CV of raw_score across positions i ≈ 0 for fixed distance d
(CV = std / |mean|, smaller = more constant)

  Layer 0, Head 0:
    d= 1: mean= 13.294, std= 0.260, CV=0.020, n=31
    d= 2: mean= 10.380, std= 0.197, CV=0.019, n=30

  Layer 1, Head 0:
    d= 1: mean=  3.785, std= 0.589, CV=0.156, n=31
    d= 2: mean=  2.780, std= 0.547, CV=0.197, n=30

======================================================================
QK Property Verification Completed
======================================================================
