=== Experiment: mixed_basic_d1024l4_r32_t16_c0.5 ===
Time: 2026-06-18T07:37:38.380019
Task type: mixed_ab
Merged config: {
  "P": 53,
  "TASK": "mixed_ab",
  "NUM_MASK": 2,
  "A": 1,
  "B": 1,
  "AB_PAIRS": [
    [
      1,
      1
    ],
    [
      1,
      2
    ]
  ],
  "D_MODEL": 1024,
  "N_HEAD": 1,
  "N_LAYER": 4,
  "BATCH_SIZE": 128,
  "EPOCHS": 10000,
  "LR": 0.0003,
  "SAVE_PATH": "models/mixed_basic_d1024l4_r32_t16_c0.5.pth",
  "USE_GREEDY_GENERATE": true,
  "USE_LEARNABLE_PE": false,
  "MLP_RATIO": 32,
  "TRAIN_LEN": 16,
  "OOD_LEN": 32,
  "DROPOUT": 0.0,
  "TARGET_INIT_COVERAGE": 0.5,
  "MAX_UNIQUE_RATIO": 0.5,
  "WEIGHT_DECAY": 1,
  "ENTROPY_PENALTY_WEIGHT": 0.0,
  "FIRST_TASK_WEIGHT": 1.0,
  "RANDOM_SEED": 42,
  "EVAL_INTERVAL": 20,
  "EARLY_STOP_NO_IMPROVE": 2000,
  "EARLY_STOP_ACCURACY": 0.99,
  "USE_AB_TAG": false,
  "USE_CONDITIONAL_WTE": false,
  "COND_WTE_SHARED_RATIO": 0.0
}
--- output ---
Using device: cuda

[Dataset] Mixed mode: generated 2810 + 2808 samples, length 16
AB parameter pairs: [(1, 1), (1, 2)]
--------------------------------------------------
[Model config] block_size: 32, train length: 16
[Number theory] AB parameter pairs: [(1, 1), (1, 2)]


Model parameters: 285.97M

Start training...
Epoch   0 | Train: Loss=4.4586 Acc=4.0% | Test: Acc=0.9% | Best=0.9%(@0)
  from x3: 0.01 0.01 0.01 0.01 0.01 0.01 0.01 0.01 0.01 0.01 0.01 0.01 0.01
  per-rule acc: 0.01 0.01
Epoch  20 | Train: Loss=0.0397 Acc=99.1% | Test: Acc=2.7% | Best=2.7%(@20)
  from x3: 0.03 0.03 0.03 0.03 0.03 0.03 0.03 0.03 0.03 0.03 0.03 0.03 0.03
  per-rule acc: 0.04 0.02
Epoch  40 | Train: Loss=0.0115 Acc=99.8% | Test: Acc=2.9% | Best=2.9%(@40)
  from x3: 0.03 0.03 0.03 0.03 0.03 0.03 0.03 0.03 0.03 0.03 0.03 0.03 0.03
  per-rule acc: 0.04 0.02
Epoch  60 | Train: Loss=0.0212 Acc=99.6% | Test: Acc=3.4% | Best=3.4%(@60)
  from x3: 0.04 0.03 0.03 0.03 0.03 0.03 0.03 0.03 0.03 0.03 0.03 0.03 0.03
  per-rule acc: 0.05 0.02
Epoch  80 | Train: Loss=0.0023 Acc=99.9% | Test: Acc=3.2% | Best=3.4%(@60)
  from x3: 0.04 0.03 0.03 0.03 0.03 0.03 0.03 0.03 0.03 0.03 0.03 0.03 0.03
  per-rule acc: 0.04 0.02
Epoch 100 | Train: Loss=0.0031 Acc=99.9% | Test: Acc=3.0% | Best=3.4%(@60)
  from x3: 0.03 0.03 0.03 0.03 0.03 0.03 0.03 0.03 0.03 0.03 0.03 0.03 0.03
  per-rule acc: 0.04 0.02
Epoch 120 | Train: Loss=4.3216 Acc=2.2% | Test: Acc=1.7% | Best=3.4%(@60)
  from x3: 0.02 0.02 0.02 0.02 0.02 0.02 0.02 0.02 0.02 0.02 0.02 0.02 0.02
  per-rule acc: 0.02 0.02
Epoch 140 | Train: Loss=4.3189 Acc=2.2% | Test: Acc=1.4% | Best=3.4%(@60)
  from x3: 0.01 0.01 0.01 0.01 0.01 0.01 0.01 0.01 0.01 0.01 0.01 0.01 0.01
  per-rule acc: 0.01 0.01
Epoch 160 | Train: Loss=4.3160 Acc=2.4% | Test: Acc=1.4% | Best=3.4%(@60)
  from x3: 0.01 0.01 0.01 0.01 0.01 0.01 0.01 0.01 0.01 0.01 0.01 0.01 0.01
  per-rule acc: 0.01 0.01
Epoch 180 | Train: Loss=4.3127 Acc=2.5% | Test: Acc=1.4% | Best=3.4%(@60)
  from x3: 0.01 0.01 0.01 0.01 0.01 0.01 0.01 0.01 0.01 0.01 0.01 0.01 0.01
  per-rule acc: 0.01 0.01
Epoch 200 | Train: Loss=4.2889 Acc=2.6% | Test: Acc=1.2% | Best=3.4%(@60)
  from x3: 0.01 0.01 0.01 0.01 0.01 0.01 0.01 0.01 0.01 0.01 0.01 0.01 0.01
  per-rule acc: 0.01 0.01
Epoch 220 | Train: Loss=2.0656 Acc=56.2% | Test: Acc=2.1% | Best=3.4%(@60)
  from x3: 0.02 0.02 0.02 0.02 0.02 0.02 0.02 0.02 0.02 0.02 0.02 0.02 0.02
  per-rule acc: 0.02 0.02
Epoch 240 | Train: Loss=0.0211 Acc=99.6% | Test: Acc=1.8% | Best=3.4%(@60)
  from x3: 0.02 0.02 0.02 0.02 0.02 0.02 0.02 0.02 0.02 0.02 0.02 0.02 0.02
  per-rule acc: 0.02 0.02
Epoch 260 | Train: Loss=0.0081 Acc=99.9% | Test: Acc=1.9% | Best=3.4%(@60)
  from x3: 0.02 0.02 0.02 0.02 0.02 0.02 0.02 0.02 0.02 0.02 0.02 0.02 0.02
  per-rule acc: 0.02 0.02
Epoch 280 | Train: Loss=0.0056 Acc=99.9% | Test: Acc=1.9% | Best=3.4%(@60)
  from x3: 0.01 0.02 0.02 0.02 0.02 0.02 0.02 0.02 0.02 0.02 0.02 0.02 0.02
  per-rule acc: 0.02 0.02
Epoch 300 | Train: Loss=0.7291 Acc=88.8% | Test: Acc=2.1% | Best=3.4%(@60)
  from x3: 0.02 0.02 0.02 0.02 0.02 0.02 0.02 0.02 0.02 0.02 0.02 0.02 0.02
  per-rule acc: 0.02 0.02
Epoch 320 | Train: Loss=0.0638 Acc=99.5% | Test: Acc=1.8% | Best=3.4%(@60)
  from x3: 0.01 0.02 0.02 0.02 0.02 0.02 0.02 0.02 0.02 0.02 0.02 0.02 0.02
  per-rule acc: 0.02 0.02
Epoch 340 | Train: Loss=0.0042 Acc=99.9% | Test: Acc=1.8% | Best=3.4%(@60)
  from x3: 0.01 0.02 0.02 0.02 0.02 0.02 0.02 0.02 0.02 0.02 0.02 0.02 0.02
  per-rule acc: 0.02 0.02
Epoch 360 | Train: Loss=0.0032 Acc=99.9% | Test: Acc=1.8% | Best=3.4%(@60)
  from x3: 0.01 0.02 0.02 0.02 0.02 0.02 0.02 0.02 0.02 0.02 0.02 0.02 0.02
  per-rule acc: 0.02 0.02
Epoch 380 | Train: Loss=0.0042 Acc=99.9% | Test: Acc=1.8% | Best=3.4%(@60)
  from x3: 0.01 0.02 0.02 0.02 0.02 0.02 0.02 0.02 0.02 0.02 0.02 0.02 0.02
  per-rule acc: 0.02 0.02
Epoch 400 | Train: Loss=0.0030 Acc=99.9% | Test: Acc=1.8% | Best=3.4%(@60)
  from x3: 0.02 0.02 0.02 0.02 0.02 0.02 0.02 0.02 0.02 0.02 0.02 0.02 0.02
  per-rule acc: 0.02 0.02
Epoch 420 | Train: Loss=0.0037 Acc=99.9% | Test: Acc=1.7% | Best=3.4%(@60)
  from x3: 0.01 0.02 0.02 0.02 0.02 0.02 0.02 0.02 0.02 0.02 0.02 0.02 0.02
  per-rule acc: 0.02 0.02
Epoch 440 | Train: Loss=0.0030 Acc=99.9% | Test: Acc=1.7% | Best=3.4%(@60)
  from x3: 0.01 0.02 0.02 0.02 0.02 0.02 0.02 0.02 0.02 0.02 0.02 0.02 0.02
  per-rule acc: 0.02 0.01
Epoch 460 | Train: Loss=0.0038 Acc=99.9% | Test: Acc=1.7% | Best=3.4%(@60)
  from x3: 0.01 0.02 0.02 0.02 0.02 0.02 0.02 0.02 0.02 0.02 0.02 0.02 0.02
  per-rule acc: 0.02 0.01
Epoch 480 | Train: Loss=0.0028 Acc=99.9% | Test: Acc=1.6% | Best=3.4%(@60)
  from x3: 0.01 0.02 0.02 0.02 0.02 0.02 0.02 0.02 0.01 0.02 0.02 0.02 0.02
  per-rule acc: 0.02 0.01
Epoch 500 | Train: Loss=0.0036 Acc=99.9% | Test: Acc=1.7% | Best=3.4%(@60)
  from x3: 0.01 0.02 0.02 0.02 0.02 0.02 0.02 0.02 0.02 0.02 0.02 0.02 0.02
  per-rule acc: 0.02 0.01
Epoch 520 | Train: Loss=0.0026 Acc=99.9% | Test: Acc=1.6% | Best=3.4%(@60)
  from x3: 0.01 0.01 0.02 0.02 0.02 0.02 0.02 0.02 0.02 0.02 0.02 0.02 0.01
  per-rule acc: 0.02 0.01
Epoch 540 | Train: Loss=0.0034 Acc=99.9% | Test: Acc=1.8% | Best=3.4%(@60)
  from x3: 0.01 0.02 0.02 0.02 0.02 0.02 0.02 0.02 0.02 0.02 0.02 0.02 0.02
  per-rule acc: 0.02 0.01
Epoch 560 | Train: Loss=0.0023 Acc=99.9% | Test: Acc=1.5% | Best=3.4%(@60)
  from x3: 0.01 0.02 0.01 0.02 0.01 0.01 0.01 0.01 0.01 0.01 0.01 0.02 0.02
  per-rule acc: 0.02 0.01
Epoch 580 | Train: Loss=0.0031 Acc=99.9% | Test: Acc=1.6% | Best=3.4%(@60)
  from x3: 0.01 0.02 0.02 0.02 0.02 0.02 0.02 0.02 0.02 0.02 0.02 0.02 0.01
  per-rule acc: 0.02 0.01
Epoch 600 | Train: Loss=0.0021 Acc=99.9% | Test: Acc=1.5% | Best=3.4%(@60)
  from x3: 0.01 0.01 0.01 0.01 0.01 0.02 0.01 0.01 0.01 0.01 0.01 0.01 0.01
  per-rule acc: 0.02 0.01
Epoch 620 | Train: Loss=0.0029 Acc=99.9% | Test: Acc=1.6% | Best=3.4%(@60)
  from x3: 0.01 0.01 0.01 0.02 0.02 0.02 0.02 0.02 0.02 0.02 0.02 0.02 0.02
  per-rule acc: 0.02 0.01
Epoch 640 | Train: Loss=0.0022 Acc=99.9% | Test: Acc=1.2% | Best=3.4%(@60)
  from x3: 0.01 0.01 0.01 0.01 0.01 0.01 0.01 0.01 0.01 0.01 0.01 0.01 0.01
  per-rule acc: 0.02 0.01
Epoch 660 | Train: Loss=0.0026 Acc=99.9% | Test: Acc=1.5% | Best=3.4%(@60)
  from x3: 0.01 0.01 0.01 0.01 0.01 0.01 0.02 0.01 0.02 0.01 0.01 0.01 0.01
  per-rule acc: 0.02 0.01
Epoch 680 | Train: Loss=0.0054 Acc=99.9% | Test: Acc=1.3% | Best=3.4%(@60)
  from x3: 0.02 0.01 0.01 0.01 0.01 0.01 0.01 0.01 0.01 0.01 0.01 0.01 0.01
  per-rule acc: 0.01 0.01
Epoch 700 | Train: Loss=0.0024 Acc=99.9% | Test: Acc=1.4% | Best=3.4%(@60)
  from x3: 0.01 0.01 0.01 0.01 0.01 0.01 0.01 0.01 0.01 0.01 0.01 0.01 0.01
  per-rule acc: 0.02 0.01
Epoch 720 | Train: Loss=0.0030 Acc=99.9% | Test: Acc=1.5% | Best=3.4%(@60)
  from x3: 0.01 0.01 0.02 0.02 0.01 0.01 0.02 0.02 0.01 0.01 0.01 0.01 0.01
  per-rule acc: 0.02 0.01
Epoch 740 | Train: Loss=0.0019 Acc=99.9% | Test: Acc=1.3% | Best=3.4%(@60)
  from x3: 0.02 0.01 0.01 0.01 0.01 0.01 0.01 0.01 0.01 0.01 0.01 0.01 0.01
  per-rule acc: 0.02 0.01
Epoch 760 | Train: Loss=0.0025 Acc=99.9% | Test: Acc=1.5% | Best=3.4%(@60)
  from x3: 0.01 0.01 0.01 0.01 0.01 0.01 0.02 0.02 0.02 0.02 0.02 0.02 0.02
  per-rule acc: 0.02 0.01
Epoch 780 | Train: Loss=0.0020 Acc=99.9% | Test: Acc=1.4% | Best=3.4%(@60)
  from x3: 0.01 0.01 0.01 0.01 0.01 0.01 0.01 0.01 0.01 0.01 0.01 0.01 0.01
  per-rule acc: 0.02 0.01
Epoch 800 | Train: Loss=0.0022 Acc=99.9% | Test: Acc=1.3% | Best=3.4%(@60)
  from x3: 0.01 0.01 0.01 0.01 0.01 0.01 0.01 0.01 0.01 0.01 0.01 0.01 0.01
  per-rule acc: 0.02 0.01
Epoch 820 | Train: Loss=0.0027 Acc=99.9% | Test: Acc=1.4% | Best=3.4%(@60)
  from x3: 0.02 0.01 0.01 0.01 0.01 0.01 0.01 0.01 0.01 0.01 0.01 0.01 0.01
  per-rule acc: 0.02 0.01
Epoch 840 | Train: Loss=0.0018 Acc=99.9% | Test: Acc=1.1% | Best=3.4%(@60)
  from x3: 0.01 0.01 0.01 0.01 0.01 0.01 0.01 0.01 0.01 0.01 0.01 0.01 0.01
  per-rule acc: 0.01 0.01
Epoch 860 | Train: Loss=0.0024 Acc=99.9% | Test: Acc=1.2% | Best=3.4%(@60)
  from x3: 0.01 0.01 0.01 0.01 0.01 0.01 0.01 0.01 0.01 0.01 0.01 0.01 0.01
  per-rule acc: 0.01 0.01
Epoch 880 | Train: Loss=0.0018 Acc=99.9% | Test: Acc=1.0% | Best=3.4%(@60)
  from x3: 0.01 0.01 0.01 0.01 0.01 0.01 0.01 0.01 0.01 0.01 0.01 0.01 0.01
  per-rule acc: 0.01 0.01
Epoch 900 | Train: Loss=0.0022 Acc=99.9% | Test: Acc=1.0% | Best=3.4%(@60)
  from x3: 0.01 0.01 0.01 0.01 0.01 0.01 0.01 0.01 0.01 0.01 0.01 0.01 0.01
  per-rule acc: 0.01 0.01
Epoch 920 | Train: Loss=0.0026 Acc=99.9% | Test: Acc=1.1% | Best=3.4%(@60)
  from x3: 0.01 0.01 0.01 0.01 0.01 0.01 0.01 0.01 0.01 0.01 0.01 0.01 0.01
  per-rule acc: 0.01 0.01
Epoch 940 | Train: Loss=0.0018 Acc=99.9% | Test: Acc=1.2% | Best=3.4%(@60)
  from x3: 0.01 0.01 0.01 0.01 0.01 0.01 0.01 0.01 0.01 0.01 0.01 0.01 0.01
  per-rule acc: 0.01 0.01
Epoch 960 | Train: Loss=0.0024 Acc=99.9% | Test: Acc=1.2% | Best=3.4%(@60)
  from x3: 0.01 0.01 0.01 0.01 0.01 0.01 0.01 0.01 0.01 0.01 0.01 0.01 0.01
  per-rule acc: 0.02 0.01
Epoch 980 | Train: Loss=0.0080 Acc=99.9% | Test: Acc=1.3% | Best=3.4%(@60)
  from x3: 0.01 0.01 0.01 0.01 0.01 0.01 0.01 0.01 0.01 0.01 0.01 0.01 0.01
  per-rule acc: 0.02 0.01
Epoch 1000 | Train: Loss=0.0021 Acc=99.9% | Test: Acc=1.1% | Best=3.4%(@60)
  from x3: 0.01 0.01 0.01 0.01 0.01 0.01 0.01 0.01 0.01 0.01 0.01 0.01 0.01
  per-rule acc: 0.01 0.01
Epoch 1020 | Train: Loss=0.0024 Acc=99.9% | Test: Acc=1.2% | Best=3.4%(@60)
  from x3: 0.01 0.01 0.01 0.01 0.01 0.01 0.01 0.01 0.01 0.01 0.01 0.01 0.01
  per-rule acc: 0.01 0.01
Epoch 1040 | Train: Loss=0.0016 Acc=99.9% | Test: Acc=1.1% | Best=3.4%(@60)
  from x3: 0.01 0.01 0.01 0.01 0.01 0.01 0.01 0.01 0.01 0.01 0.01 0.01 0.01
  per-rule acc: 0.01 0.01
Epoch 1060 | Train: Loss=0.0020 Acc=99.9% | Test: Acc=1.0% | Best=3.4%(@60)
  from x3: 0.01 0.01 0.01 0.01 0.01 0.01 0.01 0.01 0.01 0.01 0.01 0.01 0.01
  per-rule acc: 0.01 0.01
Epoch 1080 | Train: Loss=0.0024 Acc=99.9% | Test: Acc=1.0% | Best=3.4%(@60)
  from x3: 0.01 0.01 0.01 0.01 0.01 0.01 0.01 0.01 0.01 0.01 0.01 0.01 0.01
  per-rule acc: 0.01 0.01
Epoch 1100 | Train: Loss=0.0017 Acc=99.9% | Test: Acc=0.9% | Best=3.4%(@60)
  from x3: 0.02 0.01 0.01 0.01 0.01 0.01 0.01 0.01 0.01 0.01 0.01 0.01 0.01
  per-rule acc: 0.01 0.01
Epoch 1120 | Train: Loss=0.0022 Acc=99.9% | Test: Acc=1.0% | Best=3.4%(@60)
  from x3: 0.01 0.01 0.01 0.01 0.01 0.01 0.01 0.01 0.01 0.01 0.01 0.01 0.01
  per-rule acc: 0.01 0.01
Epoch 1140 | Train: Loss=0.0059 Acc=99.9% | Test: Acc=1.2% | Best=3.4%(@60)
  from x3: 0.01 0.01 0.01 0.01 0.01 0.01 0.01 0.01 0.01 0.01 0.01 0.01 0.01
  per-rule acc: 0.01 0.01
Epoch 1160 | Train: Loss=0.0019 Acc=99.9% | Test: Acc=1.1% | Best=3.4%(@60)
  from x3: 0.01 0.01 0.01 0.01 0.01 0.01 0.01 0.01 0.01 0.01 0.01 0.01 0.01
  per-rule acc: 0.01 0.01
Epoch 1180 | Train: Loss=0.0023 Acc=99.9% | Test: Acc=1.1% | Best=3.4%(@60)
  from x3: 0.01 0.01 0.01 0.01 0.01 0.01 0.01 0.01 0.01 0.01 0.01 0.01 0.01
  per-rule acc: 0.01 0.01
Epoch 1200 | Train: Loss=0.0017 Acc=99.9% | Test: Acc=0.9% | Best=3.4%(@60)
  from x3: 0.01 0.01 0.01 0.01 0.01 0.01 0.01 0.01 0.01 0.01 0.01 0.01 0.01
  per-rule acc: 0.01 0.01
Epoch 1220 | Train: Loss=0.0022 Acc=99.9% | Test: Acc=1.1% | Best=3.4%(@60)
  from x3: 0.01 0.01 0.01 0.01 0.01 0.01 0.01 0.01 0.01 0.01 0.01 0.01 0.01
  per-rule acc: 0.01 0.01
Epoch 1240 | Train: Loss=0.0016 Acc=99.9% | Test: Acc=1.0% | Best=3.4%(@60)
  from x3: 0.01 0.01 0.01 0.01 0.01 0.01 0.01 0.01 0.01 0.01 0.01 0.01 0.01
  per-rule acc: 0.01 0.01
Epoch 1260 | Train: Loss=0.0019 Acc=99.9% | Test: Acc=1.0% | Best=3.4%(@60)
  from x3: 0.01 0.01 0.01 0.01 0.01 0.01 0.01 0.01 0.01 0.01 0.01 0.01 0.01
  per-rule acc: 0.01 0.01
Epoch 1280 | Train: Loss=0.0023 Acc=99.9% | Test: Acc=1.0% | Best=3.4%(@60)
  from x3: 0.01 0.01 0.01 0.01 0.01 0.01 0.01 0.01 0.01 0.01 0.01 0.01 0.01
  per-rule acc: 0.01 0.01
Epoch 1300 | Train: Loss=0.0016 Acc=99.9% | Test: Acc=0.9% | Best=3.4%(@60)
  from x3: 0.01 0.01 0.01 0.01 0.01 0.01 0.01 0.01 0.01 0.01 0.01 0.01 0.01
  per-rule acc: 0.01 0.01
Epoch 1320 | Train: Loss=0.0021 Acc=99.9% | Test: Acc=0.9% | Best=3.4%(@60)
  from x3: 0.02 0.01 0.01 0.01 0.01 0.01 0.01 0.01 0.01 0.01 0.01 0.01 0.01
  per-rule acc: 0.01 0.01
Epoch 1340 | Train: Loss=0.0023 Acc=99.9% | Test: Acc=1.1% | Best=3.4%(@60)
  from x3: 0.02 0.01 0.01 0.01 0.01 0.01 0.01 0.01 0.01 0.01 0.01 0.01 0.01
  per-rule acc: 0.01 0.01
Epoch 1360 | Train: Loss=0.0016 Acc=99.9% | Test: Acc=1.0% | Best=3.4%(@60)
  from x3: 0.02 0.01 0.01 0.01 0.01 0.01 0.01 0.01 0.01 0.01 0.01 0.01 0.01
  per-rule acc: 0.01 0.01
Epoch 1380 | Train: Loss=0.0020 Acc=99.9% | Test: Acc=1.2% | Best=3.4%(@60)
  from x3: 0.02 0.01 0.01 0.01 0.01 0.01 0.01 0.01 0.01 0.01 0.01 0.01 0.01
  per-rule acc: 0.01 0.01
Epoch 1400 | Train: Loss=0.2268 Acc=98.6% | Test: Acc=1.2% | Best=3.4%(@60)
  from x3: 0.01 0.01 0.01 0.01 0.01 0.01 0.01 0.01 0.01 0.01 0.01 0.01 0.01
  per-rule acc: 0.01 0.01
Epoch 1420 | Train: Loss=0.0016 Acc=99.9% | Test: Acc=1.2% | Best=3.4%(@60)
  from x3: 0.02 0.01 0.01 0.01 0.01 0.01 0.01 0.01 0.01 0.01 0.01 0.01 0.01
  per-rule acc: 0.01 0.01
Epoch 1440 | Train: Loss=0.0021 Acc=99.9% | Test: Acc=1.3% | Best=3.4%(@60)
  from x3: 0.02 0.01 0.01 0.01 0.01 0.01 0.01 0.01 0.01 0.01 0.01 0.01 0.01
  per-rule acc: 0.01 0.01
Epoch 1460 | Train: Loss=0.0023 Acc=99.9% | Test: Acc=1.3% | Best=3.4%(@60)
  from x3: 0.02 0.01 0.01 0.01 0.01 0.01 0.01 0.01 0.01 0.01 0.01 0.01 0.01
  per-rule acc: 0.01 0.01
Epoch 1480 | Train: Loss=0.0016 Acc=99.9% | Test: Acc=1.0% | Best=3.4%(@60)
  from x3: 0.01 0.01 0.01 0.01 0.01 0.01 0.01 0.01 0.01 0.01 0.01 0.01 0.01
  per-rule acc: 0.01 0.01
Epoch 1500 | Train: Loss=0.0021 Acc=99.9% | Test: Acc=1.3% | Best=3.4%(@60)
  from x3: 0.02 0.01 0.01 0.01 0.01 0.01 0.01 0.01 0.01 0.01 0.01 0.01 0.01
  per-rule acc: 0.01 0.01
Epoch 1520 | Train: Loss=0.4000 Acc=98.2% | Test: Acc=1.1% | Best=3.4%(@60)
  from x3: 0.01 0.01 0.01 0.01 0.01 0.01 0.01 0.01 0.01 0.01 0.01 0.01 0.01
  per-rule acc: 0.01 0.01
Epoch 1540 | Train: Loss=0.0017 Acc=99.9% | Test: Acc=1.2% | Best=3.4%(@60)
  from x3: 0.01 0.01 0.01 0.01 0.01 0.01 0.01 0.01 0.01 0.01 0.01 0.01 0.01
  per-rule acc: 0.01 0.01
Epoch 1560 | Train: Loss=0.0021 Acc=99.9% | Test: Acc=1.3% | Best=3.4%(@60)
  from x3: 0.02 0.02 0.01 0.01 0.01 0.01 0.01 0.01 0.01 0.01 0.01 0.01 0.01
  per-rule acc: 0.01 0.01
Epoch 1580 | Train: Loss=0.0017 Acc=99.9% | Test: Acc=1.4% | Best=3.4%(@60)
  from x3: 0.02 0.02 0.01 0.01 0.01 0.01 0.01 0.01 0.01 0.01 0.01 0.01 0.01
  per-rule acc: 0.01 0.01
Epoch 1600 | Train: Loss=0.0022 Acc=99.9% | Test: Acc=1.4% | Best=3.4%(@60)
  from x3: 0.02 0.02 0.01 0.01 0.01 0.01 0.01 0.01 0.01 0.01 0.01 0.01 0.01
  per-rule acc: 0.01 0.02
Epoch 1620 | Train: Loss=0.0024 Acc=99.9% | Test: Acc=1.5% | Best=3.4%(@60)
  from x3: 0.02 0.02 0.02 0.01 0.01 0.01 0.01 0.01 0.01 0.01 0.01 0.01 0.01
  per-rule acc: 0.01 0.02
Epoch 1640 | Train: Loss=0.0015 Acc=99.9% | Test: Acc=1.4% | Best=3.4%(@60)
  from x3: 0.02 0.02 0.01 0.01 0.01 0.01 0.01 0.01 0.01 0.01 0.01 0.01 0.01
  per-rule acc: 0.01 0.01
Epoch 1660 | Train: Loss=0.0019 Acc=99.9% | Test: Acc=1.5% | Best=3.4%(@60)
  from x3: 0.02 0.02 0.02 0.01 0.01 0.01 0.01 0.01 0.01 0.01 0.01 0.01 0.01
  per-rule acc: 0.01 0.02
Epoch 1680 | Train: Loss=0.0106 Acc=99.9% | Test: Acc=1.7% | Best=3.4%(@60)
  from x3: 0.02 0.02 0.02 0.02 0.02 0.02 0.02 0.02 0.02 0.02 0.02 0.02 0.02
  per-rule acc: 0.02 0.01
Epoch 1700 | Train: Loss=0.0018 Acc=99.9% | Test: Acc=1.7% | Best=3.4%(@60)
  from x3: 0.02 0.02 0.02 0.02 0.02 0.02 0.02 0.02 0.02 0.02 0.02 0.02 0.02
  per-rule acc: 0.02 0.02
Epoch 1720 | Train: Loss=0.0026 Acc=99.9% | Test: Acc=1.5% | Best=3.4%(@60)
  from x3: 0.02 0.01 0.02 0.01 0.01 0.01 0.01 0.01 0.01 0.01 0.01 0.01 0.01
  per-rule acc: 0.01 0.02
Epoch 1740 | Train: Loss=0.1399 Acc=99.4% | Test: Acc=1.2% | Best=3.4%(@60)
  from x3: 0.01 0.01 0.01 0.01 0.01 0.01 0.01 0.01 0.01 0.01 0.01 0.01 0.01
  per-rule acc: 0.02 0.01
Epoch 1760 | Train: Loss=0.0016 Acc=99.9% | Test: Acc=1.8% | Best=3.4%(@60)
  from x3: 0.02 0.02 0.02 0.02 0.02 0.02 0.02 0.02 0.02 0.02 0.02 0.02 0.02
  per-rule acc: 0.02 0.02
Epoch 1780 | Train: Loss=0.0021 Acc=99.9% | Test: Acc=1.9% | Best=3.4%(@60)
  from x3: 0.02 0.02 0.02 0.02 0.02 0.02 0.02 0.02 0.02 0.02 0.02 0.02 0.02
  per-rule acc: 0.02 0.02
Epoch 1800 | Train: Loss=0.0110 Acc=99.9% | Test: Acc=1.6% | Best=3.4%(@60)
  from x3: 0.02 0.02 0.02 0.02 0.02 0.02 0.01 0.01 0.01 0.01 0.01 0.01 0.01
  per-rule acc: 0.02 0.01
Epoch 1820 | Train: Loss=0.0018 Acc=99.9% | Test: Acc=1.9% | Best=3.4%(@60)
  from x3: 0.02 0.02 0.02 0.02 0.02 0.02 0.02 0.02 0.02 0.02 0.02 0.02 0.02
  per-rule acc: 0.02 0.02
Epoch 1840 | Train: Loss=0.0023 Acc=99.9% | Test: Acc=1.9% | Best=3.4%(@60)
  from x3: 0.02 0.02 0.02 0.02 0.02 0.02 0.02 0.02 0.02 0.02 0.02 0.02 0.02
  per-rule acc: 0.02 0.02
Epoch 1860 | Train: Loss=0.0136 Acc=99.9% | Test: Acc=1.9% | Best=3.4%(@60)
  from x3: 0.02 0.02 0.02 0.02 0.02 0.02 0.02 0.02 0.02 0.02 0.02 0.02 0.02
  per-rule acc: 0.02 0.01
Epoch 1880 | Train: Loss=0.0018 Acc=99.9% | Test: Acc=2.1% | Best=3.4%(@60)
  from x3: 0.02 0.02 0.02 0.02 0.02 0.02 0.02 0.02 0.02 0.02 0.02 0.02 0.02
  per-rule acc: 0.02 0.02
Epoch 1900 | Train: Loss=0.0022 Acc=99.9% | Test: Acc=2.0% | Best=3.4%(@60)
  from x3: 0.02 0.02 0.02 0.02 0.02 0.02 0.02 0.02 0.02 0.02 0.02 0.02 0.02
  per-rule acc: 0.02 0.02
Epoch 1920 | Train: Loss=0.0083 Acc=99.9% | Test: Acc=2.2% | Best=3.4%(@60)
  from x3: 0.02 0.02 0.02 0.02 0.02 0.02 0.02 0.02 0.02 0.02 0.02 0.02 0.02
  per-rule acc: 0.02 0.02
Epoch 1940 | Train: Loss=0.0019 Acc=99.9% | Test: Acc=2.3% | Best=3.4%(@60)
  from x3: 0.02 0.02 0.02 0.02 0.02 0.02 0.02 0.02 0.02 0.02 0.02 0.02 0.02
  per-rule acc: 0.03 0.02
Epoch 1960 | Train: Loss=0.0022 Acc=99.9% | Test: Acc=2.1% | Best=3.4%(@60)
  from x3: 0.02 0.02 0.02 0.02 0.02 0.02 0.02 0.02 0.02 0.02 0.02 0.02 0.02
  per-rule acc: 0.02 0.02
Epoch 1980 | Train: Loss=0.7024 Acc=97.8% | Test: Acc=1.4% | Best=3.4%(@60)
  from x3: 0.01 0.01 0.01 0.01 0.01 0.01 0.01 0.01 0.01 0.01 0.01 0.01 0.01
  per-rule acc: 0.02 0.01
Epoch 2000 | Train: Loss=0.0015 Acc=99.9% | Test: Acc=2.4% | Best=3.4%(@60)
  from x3: 0.02 0.03 0.03 0.03 0.02 0.03 0.02 0.02 0.02 0.02 0.02 0.02 0.02
  per-rule acc: 0.03 0.02
Epoch 2020 | Train: Loss=0.0020 Acc=99.9% | Test: Acc=2.4% | Best=3.4%(@60)
  from x3: 0.02 0.03 0.02 0.02 0.02 0.02 0.02 0.02 0.02 0.02 0.02 0.02 0.02
  per-rule acc: 0.02 0.02
Epoch 2040 | Train: Loss=0.0022 Acc=99.9% | Test: Acc=2.5% | Best=3.4%(@60)
  from x3: 0.03 0.03 0.03 0.02 0.03 0.03 0.03 0.02 0.02 0.02 0.02 0.02 0.02
  per-rule acc: 0.03 0.02
Epoch 2060 | Train: Loss=0.0015 Acc=99.9% | Test: Acc=2.4% | Best=3.4%(@60)
  from x3: 0.03 0.03 0.02 0.02 0.02 0.02 0.02 0.02 0.02 0.02 0.02 0.02 0.02
  per-rule acc: 0.03 0.02
[Early stop] No improvement for 2000 consecutive epochs

==================================================
Saving model...
[OK] Model saved to: /home/cxm/ai/test0617-basic/models/mixed_basic_d1024l4_r32_t16_c0.5.pth
  File size: 1117096.7 KB
  Best test accuracy: 3.38%

==================================================
Final generation test (given first two items, AB generates 3rd as prompt, validate from 4th)
==================================================

--- AB pair 1: (1, 1) ---

--- Statistics for AB=(1,1) ---
Exposed    samples:  1405 | In-dist: 18135/18265 ( 99.3%) | OOD: 22320/22480 ( 99.3%)
Unexposed  samples:  1404 | In-dist:  7256/18252 ( 39.8%) | OOD:  9908/22464 ( 44.1%)

--- AB pair 2: (1, 2) ---

--- Statistics for AB=(1,2) ---
Exposed    samples:  1405 | In-dist: 18187/18265 ( 99.6%) | OOD: 22390/22480 ( 99.6%)
Unexposed  samples:  1404 | In-dist:  6282/18252 ( 34.4%) | OOD:  8708/22464 ( 38.8%)

--- Return code: 0 ---

======================================================================
Attention Analysis
======================================================================
Model config: addition (default), p=53
Best test accuracy: 0.03377712031558185
Training epochs: 2060

Random test sequence 1/5 (length 32): [14, 11, 25, 36, 8, 44, 52, 43, 42, 32, 21, 0, 21, 21, 42, 10, 52, 9, 8, 17]...

======================================================================
Attention Layer Training Result Summary
======================================================================
Input sequence: [14, 11, 25, 36, 8, 44, 52, 43, 42, 32, 21, 0, 21, 21, 42, 10, 52, 9, 8, 17, 25, 42, 14, 3, 17, 20, 37, 4, 41, 45, 33, 25]

--- Layer 0 ---
  Head 0: Entropy=1.414
    Attention coefficients from each query position to previous positions:
      i= 0 -> j=0:1.000
      i= 1 -> j=0:0.724, j=1:0.276
      i= 2 -> j=0:0.225, j=1:0.547, j=2:0.228
      i= 3 -> j=0:0.035, j=1:0.318, j=2:0.446, j=3:0.201
      i= 4 -> j=0:0.007, j=1:0.049, j=2:0.246, j=3:0.449, j=4:0.249
      i= 5 -> j=0:0.001, j=1:0.004, j=2:0.035, j=3:0.180, j=4:0.564, j=5:0.216
      i= 6 -> j=0:0.001, j=1:0.001, j=2:0.006, j=3:0.052, j=4:0.249, j=5:0.552, j=6:0.138
      i= 7 -> j=0:0.002, j=1:0.002, j=2:0.002, j=3:0.009, j=4:0.079, j=5:0.314, j=6:0.438, j=7:0.155
      i= 8 -> j=0:0.005, j=1:0.004, j=2:0.002, j=3:0.003, j=4:0.013, j=5:0.046, j=6:0.282, j=7:0.377, j=8:0.268
      i= 9 -> j=0:0.003, j=1:0.003, j=2:0.002, j=3:0.001, j=4:0.002, j=5:0.005, j=6:0.039, j=7:0.218, j=8:0.513, j=9:0.216
      i=10 -> j=0:0.003, j=1:0.005, j=2:0.004, j=3:0.003, j=4:0.003, j=5:0.002, j=6:0.008, j=7:0.038, j=8:0.217, j=9:0.536, j=10:0.181
      i=11 -> j=0:0.003, j=1:0.001, j=2:0.004, j=3:0.002, j=4:0.001, j=5:0.001, j=6:0.001, j=7:0.003, j=8:0.037, j=9:0.305, j=10:0.514, j=11:0.130
      i=12 -> j=0:0.003, j=1:0.003, j=2:0.005, j=3:0.007, j=4:0.008, j=5:0.003, j=6:0.002, j=7:0.003, j=8:0.009, j=9:0.067, j=10:0.160, j=11:0.506, j=12:0.224
      i=13 -> j=0:0.005, j=1:0.004, j=2:0.004, j=3:0.006, j=4:0.010, j=5:0.005, j=6:0.004, j=7:0.002, j=8:0.003, j=9:0.012, j=10:0.034, j=11:0.274, j=12:0.386, j=13:0.250
      i=14 -> j=0:0.007, j=1:0.006, j=2:0.004, j=3:0.003, j=4:0.006, j=5:0.005, j=6:0.006, j=7:0.003, j=8:0.002, j=9:0.003, j=10:0.007, j=11:0.046, j=12:0.209, j=13:0.441, j=14:0.253
      i=15 -> j=0:0.007, j=1:0.006, j=2:0.003, j=3:0.002, j=4:0.002, j=5:0.002, j=6:0.004, j=7:0.003, j=8:0.002, j=9:0.001, j=10:0.001, j=11:0.004, j=12:0.022, j=13:0.154, j=14:0.586, j=15:0.199
      i=16 -> j=0:0.007, j=1:0.006, j=2:0.004, j=3:0.003, j=4:0.002, j=5:0.003, j=6:0.002, j=7:0.003, j=8:0.005, j=9:0.002, j=10:0.001, j=11:0.001, j=12:0.005, j=13:0.033, j=14:0.424, j=15:0.340, j=16:0.159
      i=17 -> j=0:0.007, j=1:0.006, j=2:0.007, j=3:0.004, j=4:0.002, j=5:0.002, j=6:0.001, j=7:0.002, j=8:0.003, j=9:0.002, j=10:0.002, j=11:0.001, j=12:0.001, j=13:0.005, j=14:0.050, j=15:0.302, j=16:0.423, j=17:0.180
      i=18 -> j=0:0.007, j=1:0.008, j=2:0.008, j=3:0.007, j=4:0.006, j=5:0.003, j=6:0.002, j=7:0.002, j=8:0.004, j=9:0.005, j=10:0.003, j=11:0.002, j=12:0.001, j=13:0.001, j=14:0.009, j=15:0.032, j=16:0.220, j=17:0.407, j=18:0.273
      i=19 -> j=0:0.007, j=1:0.006, j=2:0.005, j=3:0.005, j=4:0.005, j=5:0.004, j=6:0.002, j=7:0.001, j=8:0.002, j=9:0.002, j=10:0.002, j=11:0.002, j=12:0.001, j=13:0.001, j=14:0.001, j=15:0.003, j=16:0.022, j=17:0.199, j=18:0.514, j=19:0.217
      i=20 -> j=0:0.007, j=1:0.007, j=2:0.006, j=3:0.006, j=4:0.009, j=5:0.007, j=6:0.005, j=7:0.003, j=8:0.002, j=9:0.002, j=10:0.002, j=11:0.003, j=12:0.002, j=13:0.001, j=14:0.001, j=15:0.001, j=16:0.006, j=17:0.036, j=18:0.326, j=19:0.399, j=20:0.167
      i=21 -> j=0:0.013, j=1:0.015, j=2:0.010, j=3:0.008, j=4:0.011, j=5:0.008, j=6:0.010, j=7:0.006, j=8:0.004, j=9:0.003, j=10:0.003, j=11:0.004, j=12:0.004, j=13:0.004, j=14:0.002, j=15:0.001, j=16:0.002, j=17:0.008, j=18:0.060, j=19:0.241, j=20:0.373, j=21:0.211
      i=22 -> j=0:0.009, j=1:0.012, j=2:0.008, j=3:0.007, j=4:0.004, j=5:0.006, j=6:0.007, j=7:0.007, j=8:0.004, j=9:0.003, j=10:0.002, j=11:0.002, j=12:0.002, j=13:0.003, j=14:0.002, j=15:0.002, j=16:0.001, j=17:0.002, j=18:0.004, j=19:0.028, j=20:0.162, j=21:0.478, j=22:0.245
      i=23 -> j=0:0.009, j=1:0.009, j=2:0.009, j=3:0.010, j=4:0.003, j=5:0.006, j=6:0.006, j=7:0.008, j=8:0.004, j=9:0.004, j=10:0.003, j=11:0.002, j=12:0.002, j=13:0.003, j=14:0.002, j=15:0.004, j=16:0.002, j=17:0.003, j=18:0.001, j=19:0.004, j=20:0.029, j=21:0.144, j=22:0.256, j=23:0.479
      i=24 -> j=0:0.012, j=1:0.014, j=2:0.013, j=3:0.012, j=4:0.012, j=5:0.009, j=6:0.006, j=7:0.006, j=8:0.008, j=9:0.007, j=10:0.005, j=11:0.003, j=12:0.002, j=13:0.002, j=14:0.003, j=15:0.003, j=16:0.002, j=17:0.001, j=18:0.001, j=19:0.002, j=20:0.005, j=21:0.053, j=22:0.289, j=23:0.231, j=24:0.299
      i=25 -> j=0:0.010, j=1:0.009, j=2:0.010, j=3:0.012, j=4:0.011, j=5:0.011, j=6:0.007, j=7:0.006, j=8:0.008, j=9:0.007, j=10:0.007, j=11:0.005, j=12:0.003, j=13:0.002, j=14:0.002, j=15:0.003, j=16:0.003, j=17:0.002, j=18:0.002, j=19:0.001, j=20:0.002, j=21:0.008, j=22:0.040, j=23:0.089, j=24:0.454, j=25:0.287
      i=26 -> j=0:0.015, j=1:0.014, j=2:0.010, j=3:0.011, j=4:0.015, j=5:0.017, j=6:0.012, j=7:0.010, j=8:0.010, j=9:0.008, j=10:0.011, j=11:0.010, j=12:0.008, j=13:0.005, j=14:0.003, j=15:0.004, j=16:0.003, j=17:0.004, j=18:0.005, j=19:0.004, j=20:0.002, j=21:0.004, j=22:0.009, j=23:0.020, j=24:0.277, j=25:0.366, j=26:0.144
      i=27 -> j=0:0.013, j=1:0.014, j=2:0.012, j=3:0.011, j=4:0.016, j=5:0.015, j=6:0.017, j=7:0.012, j=8:0.010, j=9:0.008, j=10:0.009, j=11:0.010, j=12:0.008, j=13:0.006, j=14:0.004, j=15:0.003, j=16:0.003, j=17:0.004, j=18:0.007, j=19:0.006, j=20:0.003, j=21:0.002, j=22:0.003, j=23:0.005, j=24:0.081, j=25:0.256, j=26:0.324, j=27:0.139
      i=28 -> j=0:0.005, j=1:0.006, j=2:0.005, j=3:0.005, j=4:0.003, j=5:0.005, j=6:0.007, j=7:0.007, j=8:0.004, j=9:0.004, j=10:0.004, j=11:0.005, j=12:0.004, j=13:0.004, j=14:0.002, j=15:0.002, j=16:0.002, j=17:0.002, j=18:0.001, j=19:0.001, j=20:0.002, j=21:0.001, j=22:0.001, j=23:0.005, j=24:0.002, j=25:0.011, j=26:0.109, j=27:0.381, j=28:0.414
      i=29 -> j=0:0.012, j=1:0.018, j=2:0.013, j=3:0.011, j=4:0.013, j=5:0.011, j=6:0.014, j=7:0.013, j=8:0.013, j=9:0.011, j=10:0.009, j=11:0.010, j=12:0.008, j=13:0.009, j=14:0.007, j=15:0.005, j=16:0.004, j=17:0.003, j=18:0.003, j=19:0.004, j=20:0.004, j=21:0.003, j=22:0.003, j=23:0.002, j=24:0.003, j=25:0.011, j=26:0.058, j=27:0.271, j=28:0.187, j=29:0.269
      i=30 -> j=0:0.009, j=1:0.010, j=2:0.012, j=3:0.011, j=4:0.011, j=5:0.009, j=6:0.008, j=7:0.009, j=8:0.011, j=9:0.012, j=10:0.009, j=11:0.006, j=12:0.006, j=13:0.005, j=14:0.006, j=15:0.005, j=16:0.004, j=17:0.002, j=18:0.002, j=19:0.002, j=20:0.003, j=21:0.003, j=22:0.003, j=23:0.002, j=24:0.002, j=25:0.002, j=26:0.007, j=27:0.034, j=28:0.079, j=29:0.460, j=30:0.256
      i=31 -> j=0:0.007, j=1:0.008, j=2:0.009, j=3:0.012, j=4:0.015, j=5:0.011, j=6:0.011, j=7:0.009, j=8:0.011, j=9:0.012, j=10:0.011, j=11:0.011, j=12:0.007, j=13:0.006, j=14:0.007, j=15:0.007, j=16:0.008, j=17:0.004, j=18:0.004, j=19:0.003, j=20:0.002, j=21:0.003, j=22:0.003, j=23:0.002, j=24:0.003, j=25:0.002, j=26:0.002, j=27:0.003, j=28:0.009, j=29:0.147, j=30:0.467, j=31:0.187
    Average attention per distance:
      d=0:0.253, d=1:0.440, d=2:0.229, d=3:0.040, d=20:0.010, d=21:0.012, d=22:0.011, d=23:0.011
      d=25:0.010, d=26:0.011, d=27:0.012, d=28:0.012, d=29:0.010

--- Layer 1 ---
  Head 0: Entropy=1.011
    Attention coefficients from each query position to previous positions:
      i= 0 -> j=0:1.000
      i= 1 -> j=0:0.908, j=1:0.092
      i= 2 -> j=0:0.676, j=1:0.315, j=2:0.009
      i= 3 -> j=0:0.149, j=1:0.729, j=2:0.118, j=3:0.004
      i= 4 -> j=0:0.009, j=1:0.170, j=2:0.671, j=3:0.146, j=4:0.004
      i= 5 -> j=0:0.000, j=1:0.006, j=2:0.175, j=3:0.657, j=4:0.143, j=5:0.019
      i= 6 -> j=0:0.000, j=1:0.001, j=2:0.013, j=3:0.192, j=4:0.403, j=5:0.366, j=6:0.025
      i= 7 -> j=0:0.001, j=1:0.000, j=2:0.000, j=3:0.004, j=4:0.037, j=5:0.537, j=6:0.384, j=7:0.037
      i= 8 -> j=0:0.001, j=1:0.000, j=2:0.000, j=3:0.000, j=4:0.002, j=5:0.103, j=6:0.678, j=7:0.198, j=8:0.017
      i= 9 -> j=0:0.003, j=1:0.001, j=2:0.000, j=3:0.000, j=4:0.000, j=5:0.004, j=6:0.159, j=7:0.481, j=8:0.328, j=9:0.024
      i=10 -> j=0:0.003, j=1:0.003, j=2:0.001, j=3:0.000, j=4:0.000, j=5:0.000, j=6:0.005, j=7:0.067, j=8:0.591, j=9:0.309, j=10:0.021
      i=11 -> j=0:0.003, j=1:0.006, j=2:0.007, j=3:0.003, j=4:0.001, j=5:0.001, j=6:0.001, j=7:0.009, j=8:0.144, j=9:0.434, j=10:0.351, j=11:0.041
      i=12 -> j=0:0.002, j=1:0.003, j=2:0.007, j=3:0.006, j=4:0.002, j=5:0.000, j=6:0.000, j=7:0.002, j=8:0.016, j=9:0.211, j=10:0.611, j=11:0.133, j=12:0.007
      i=13 -> j=0:0.002, j=1:0.002, j=2:0.003, j=3:0.007, j=4:0.006, j=5:0.002, j=6:0.001, j=7:0.000, j=8:0.001, j=9:0.011, j=10:0.208, j=11:0.602, j=12:0.142, j=13:0.013
      i=14 -> j=0:0.004, j=1:0.002, j=2:0.001, j=3:0.003, j=4:0.006, j=5:0.006, j=6:0.002, j=7:0.001, j=8:0.000, j=9:0.001, j=10:0.010, j=11:0.192, j=12:0.528, j=13:0.217, j=14:0.027
      i=15 -> j=0:0.003, j=1:0.001, j=2:0.001, j=3:0.000, j=4:0.001, j=5:0.002, j=6:0.002, j=7:0.001, j=8:0.000, j=9:0.000, j=10:0.000, j=11:0.007, j=12:0.118, j=13:0.526, j=14:0.309, j=15:0.028
      i=16 -> j=0:0.006, j=1:0.004, j=2:0.002, j=3:0.001, j=4:0.000, j=5:0.001, j=6:0.003, j=7:0.003, j=8:0.001, j=9:0.000, j=10:0.000, j=11:0.001, j=12:0.006, j=13:0.124, j=14:0.600, j=15:0.233, j=16:0.015
      i=17 -> j=0:0.004, j=1:0.004, j=2:0.004, j=3:0.001, j=4:0.000, j=5:0.000, j=6:0.001, j=7:0.003, j=8:0.003, j=9:0.001, j=10:0.000, j=11:0.000, j=12:0.000, j=13:0.008, j=14:0.142, j=15:0.546, j=16:0.261, j=17:0.019
      i=18 -> j=0:0.002, j=1:0.002, j=2:0.003, j=3:0.002, j=4:0.001, j=5:0.000, j=6:0.001, j=7:0.001, j=8:0.002, j=9:0.002, j=10:0.001, j=11:0.000, j=12:0.000, j=13:0.000, j=14:0.008, j=15:0.109, j=16:0.600, j=17:0.257, j=18:0.007
      i=19 -> j=0:0.001, j=1:0.001, j=2:0.002, j=3:0.003, j=4:0.002, j=5:0.001, j=6:0.001, j=7:0.001, j=8:0.001, j=9:0.002, j=10:0.002, j=11:0.001, j=12:0.000, j=13:0.000, j=14:0.001, j=15:0.009, j=16:0.201, j=17:0.643, j=18:0.119, j=19:0.010
      i=20 -> j=0:0.003, j=1:0.001, j=2:0.002, j=3:0.003, j=4:0.004, j=5:0.003, j=6:0.002, j=7:0.001, j=8:0.001, j=9:0.001, j=10:0.003, j=11:0.003, j=12:0.001, j=13:0.000, j=14:0.000, j=15:0.001, j=16:0.010, j=17:0.222, j=18:0.492, j=19:0.240, j=20:0.007
      i=21 -> j=0:0.002, j=1:0.001, j=2:0.001, j=3:0.001, j=4:0.001, j=5:0.002, j=6:0.002, j=7:0.001, j=8:0.000, j=9:0.000, j=10:0.001, j=11:0.001, j=12:0.001, j=13:0.000, j=14:0.000, j=15:0.000, j=16:0.000, j=17:0.003, j=18:0.072, j=19:0.706, j=20:0.197, j=21:0.007
      i=22 -> j=0:0.001, j=1:0.001, j=2:0.001, j=3:0.000, j=4:0.001, j=5:0.001, j=6:0.001, j=7:0.001, j=8:0.000, j=9:0.000, j=10:0.000, j=11:0.000, j=12:0.001, j=13:0.001, j=14:0.000, j=15:0.000, j=16:0.000, j=17:0.000, j=18:0.002, j=19:0.098, j=20:0.702, j=21:0.185, j=22:0.006
      i=23 -> j=0:0.001, j=1:0.001, j=2:0.001, j=3:0.000, j=4:0.000, j=5:0.000, j=6:0.001, j=7:0.001, j=8:0.001, j=9:0.000, j=10:0.000, j=11:0.000, j=12:0.000, j=13:0.000, j=14:0.001, j=15:0.000, j=16:0.000, j=17:0.000, j=18:0.000, j=19:0.002, j=20:0.110, j=21:0.723, j=22:0.134, j=23:0.024
      i=24 -> j=0:0.001, j=1:0.002, j=2:0.003, j=3:0.002, j=4:0.001, j=5:0.001, j=6:0.001, j=7:0.001, j=8:0.002, j=9:0.001, j=10:0.001, j=11:0.000, j=12:0.000, j=13:0.001, j=14:0.002, j=15:0.002, j=16:0.001, j=17:0.000, j=18:0.000, j=19:0.001, j=20:0.015, j=21:0.248, j=22:0.428, j=23:0.274, j=24:0.013
      i=25 -> j=0:0.001, j=1:0.001, j=2:0.002, j=3:0.003, j=4:0.003, j=5:0.001, j=6:0.001, j=7:0.001, j=8:0.001, j=9:0.002, j=10:0.001, j=11:0.001, j=12:0.000, j=13:0.000, j=14:0.000, j=15:0.001, j=16:0.001, j=17:0.001, j=18:0.000, j=19:0.000, j=20:0.000, j=21:0.004, j=22:0.059, j=23:0.665, j=24:0.237, j=25:0.012
      i=26 -> j=0:0.001, j=1:0.001, j=2:0.001, j=3:0.002, j=4:0.002, j=5:0.001, j=6:0.001, j=7:0.001, j=8:0.000, j=9:0.001, j=10:0.001, j=11:0.001, j=12:0.000, j=13:0.000, j=14:0.000, j=15:0.000, j=16:0.001, j=17:0.001, j=18:0.000, j=19:0.000, j=20:0.000, j=21:0.000, j=22:0.002, j=23:0.119, j=24:0.637, j=25:0.202, j=26:0.024
      i=27 -> j=0:0.004, j=1:0.002, j=2:0.002, j=3:0.003, j=4:0.003, j=5:0.003, j=6:0.002, j=7:0.002, j=8:0.001, j=9:0.001, j=10:0.002, j=11:0.003, j=12:0.001, j=13:0.001, j=14:0.000, j=15:0.000, j=16:0.000, j=17:0.002, j=18:0.001, j=19:0.000, j=20:0.000, j=21:0.000, j=22:0.000, j=23:0.009, j=24:0.143, j=25:0.458, j=26:0.344, j=27:0.012
      i=28 -> j=0:0.001, j=1:0.001, j=2:0.001, j=3:0.001, j=4:0.002, j=5:0.002, j=6:0.002, j=7:0.001, j=8:0.001, j=9:0.000, j=10:0.000, j=11:0.001, j=12:0.001, j=13:0.001, j=14:0.000, j=15:0.000, j=16:0.000, j=17:0.000, j=18:0.001, j=19:0.001, j=20:0.000, j=21:0.000, j=22:0.000, j=23:0.000, j=24:0.002, j=25:0.027, j=26:0.764, j=27:0.178, j=28:0.011
      i=29 -> j=0:0.002, j=1:0.002, j=2:0.001, j=3:0.001, j=4:0.001, j=5:0.001, j=6:0.002, j=7:0.002, j=8:0.001, j=9:0.001, j=10:0.001, j=11:0.001, j=12:0.001, j=13:0.001, j=14:0.001, j=15:0.000, j=16:0.000, j=17:0.000, j=18:0.000, j=19:0.001, j=20:0.001, j=21:0.000, j=22:0.000, j=23:0.000, j=24:0.000, j=25:0.002, j=26:0.195, j=27:0.553, j=28:0.217, j=29:0.011
      i=30 -> j=0:0.001, j=1:0.001, j=2:0.002, j=3:0.001, j=4:0.001, j=5:0.001, j=6:0.001, j=7:0.002, j=8:0.001, j=9:0.001, j=10:0.001, j=11:0.000, j=12:0.000, j=13:0.001, j=14:0.001, j=15:0.001, j=16:0.000, j=17:0.000, j=18:0.000, j=19:0.000, j=20:0.001, j=21:0.001, j=22:0.000, j=23:0.000, j=24:0.000, j=25:0.000, j=26:0.003, j=27:0.117, j=28:0.620, j=29:0.226, j=30:0.016
      i=31 -> j=0:0.001, j=1:0.001, j=2:0.002, j=3:0.002, j=4:0.001, j=5:0.001, j=6:0.001, j=7:0.002, j=8:0.002, j=9:0.002, j=10:0.002, j=11:0.001, j=12:0.000, j=13:0.001, j=14:0.001, j=15:0.001, j=16:0.001, j=17:0.001, j=18:0.000, j=19:0.000, j=20:0.000, j=21:0.001, j=22:0.001, j=23:0.000, j=24:0.000, j=25:0.000, j=26:0.000, j=27:0.005, j=28:0.144, j=29:0.543, j=30:0.275, j=31:0.007
    Average attention per distance:
      d=0:0.049, d=1:0.256, d=2:0.594, d=3:0.140

--- Layer 2 ---
  Head 0: Entropy=0.715
    Attention coefficients from each query position to previous positions:
      i= 0 -> j=0:1.000
      i= 1 -> j=0:0.917, j=1:0.083
      i= 2 -> j=0:0.154, j=1:0.723, j=2:0.123
      i= 3 -> j=0:0.001, j=1:0.088, j=2:0.855, j=3:0.056
      i= 4 -> j=0:0.000, j=1:0.002, j=2:0.253, j=3:0.704, j=4:0.040
      i= 5 -> j=0:0.000, j=1:0.000, j=2:0.007, j=3:0.362, j=4:0.539, j=5:0.091
      i= 6 -> j=0:0.000, j=1:0.000, j=2:0.000, j=3:0.009, j=4:0.199, j=5:0.655, j=6:0.136
      i= 7 -> j=0:0.000, j=1:0.000, j=2:0.000, j=3:0.000, j=4:0.002, j=5:0.131, j=6:0.577, j=7:0.290
      i= 8 -> j=0:0.000, j=1:0.000, j=2:0.000, j=3:0.000, j=4:0.000, j=5:0.001, j=6:0.040, j=7:0.931, j=8:0.029
      i= 9 -> j=0:0.000, j=1:0.000, j=2:0.000, j=3:0.000, j=4:0.000, j=5:0.000, j=6:0.002, j=7:0.403, j=8:0.518, j=9:0.077
      i=10 -> j=0:0.000, j=1:0.000, j=2:0.000, j=3:0.000, j=4:0.000, j=5:0.000, j=6:0.000, j=7:0.004, j=8:0.108, j=9:0.783, j=10:0.105
      i=11 -> j=0:0.000, j=1:0.000, j=2:0.000, j=3:0.000, j=4:0.000, j=5:0.000, j=6:0.000, j=7:0.000, j=8:0.002, j=9:0.214, j=10:0.744, j=11:0.040
      i=12 -> j=0:0.000, j=1:0.000, j=2:0.000, j=3:0.000, j=4:0.000, j=5:0.000, j=6:0.000, j=7:0.000, j=8:0.000, j=9:0.005, j=10:0.361, j=11:0.485, j=12:0.147
      i=13 -> j=0:0.000, j=1:0.000, j=2:0.000, j=3:0.000, j=4:0.000, j=5:0.000, j=6:0.000, j=7:0.000, j=8:0.000, j=9:0.000, j=10:0.002, j=11:0.065, j=12:0.782, j=13:0.151
      i=14 -> j=0:0.000, j=1:0.000, j=2:0.000, j=3:0.000, j=4:0.000, j=5:0.000, j=6:0.000, j=7:0.000, j=8:0.000, j=9:0.000, j=10:0.000, j=11:0.001, j=12:0.083, j=13:0.846, j=14:0.069
      i=15 -> j=0:0.000, j=1:0.000, j=2:0.000, j=3:0.000, j=4:0.000, j=5:0.000, j=6:0.000, j=7:0.000, j=8:0.000, j=9:0.000, j=10:0.000, j=11:0.000, j=12:0.001, j=13:0.194, j=14:0.717, j=15:0.088
      i=16 -> j=0:0.000, j=1:0.000, j=2:0.000, j=3:0.000, j=4:0.000, j=5:0.000, j=6:0.000, j=7:0.000, j=8:0.000, j=9:0.000, j=10:0.000, j=11:0.000, j=12:0.000, j=13:0.001, j=14:0.094, j=15:0.748, j=16:0.156
      i=17 -> j=0:0.000, j=1:0.000, j=2:0.000, j=3:0.000, j=4:0.000, j=5:0.000, j=6:0.000, j=7:0.000, j=8:0.000, j=9:0.000, j=10:0.000, j=11:0.000, j=12:0.000, j=13:0.000, j=14:0.001, j=15:0.090, j=16:0.742, j=17:0.165
      i=18 -> j=0:0.000, j=1:0.000, j=2:0.001, j=3:0.001, j=4:0.000, j=5:0.000, j=6:0.000, j=7:0.000, j=8:0.000, j=9:0.000, j=10:0.000, j=11:0.000, j=12:0.000, j=13:0.000, j=14:0.000, j=15:0.004, j=16:0.206, j=17:0.722, j=18:0.064
      i=19 -> j=0:0.000, j=1:0.000, j=2:0.000, j=3:0.001, j=4:0.001, j=5:0.000, j=6:0.000, j=7:0.000, j=8:0.000, j=9:0.000, j=10:0.001, j=11:0.000, j=12:0.000, j=13:0.000, j=14:0.000, j=15:0.000, j=16:0.005, j=17:0.253, j=18:0.550, j=19:0.188
      i=20 -> j=0:0.000, j=1:0.000, j=2:0.000, j=3:0.000, j=4:0.000, j=5:0.000, j=6:0.000, j=7:0.000, j=8:0.000, j=9:0.000, j=10:0.000, j=11:0.000, j=12:0.000, j=13:0.000, j=14:0.000, j=15:0.000, j=16:0.000, j=17:0.002, j=18:0.082, j=19:0.656, j=20:0.257
      i=21 -> j=0:0.000, j=1:0.000, j=2:0.000, j=3:0.000, j=4:0.000, j=5:0.000, j=6:0.000, j=7:0.000, j=8:0.000, j=9:0.000, j=10:0.000, j=11:0.000, j=12:0.000, j=13:0.000, j=14:0.000, j=15:0.000, j=16:0.000, j=17:0.000, j=18:0.001, j=19:0.076, j=20:0.834, j=21:0.087
      i=22 -> j=0:0.000, j=1:0.000, j=2:0.000, j=3:0.000, j=4:0.000, j=5:0.000, j=6:0.000, j=7:0.001, j=8:0.000, j=9:0.000, j=10:0.000, j=11:0.000, j=12:0.000, j=13:0.000, j=14:0.000, j=15:0.000, j=16:0.000, j=17:0.000, j=18:0.000, j=19:0.003, j=20:0.263, j=21:0.526, j=22:0.205
      i=23 -> j=0:0.000, j=1:0.000, j=2:0.000, j=3:0.000, j=4:0.000, j=5:0.000, j=6:0.000, j=7:0.000, j=8:0.000, j=9:0.000, j=10:0.000, j=11:0.000, j=12:0.000, j=13:0.000, j=14:0.000, j=15:0.000, j=16:0.000, j=17:0.000, j=18:0.000, j=19:0.000, j=20:0.001, j=21:0.033, j=22:0.791, j=23:0.175
      i=24 -> j=0:0.000, j=1:0.000, j=2:0.000, j=3:0.000, j=4:0.000, j=5:0.000, j=6:0.000, j=7:0.000, j=8:0.000, j=9:0.000, j=10:0.000, j=11:0.000, j=12:0.000, j=13:0.000, j=14:0.000, j=15:0.000, j=16:0.000, j=17:0.000, j=18:0.000, j=19:0.000, j=20:0.000, j=21:0.000, j=22:0.043, j=23:0.866, j=24:0.091
      i=25 -> j=0:0.000, j=1:0.000, j=2:0.000, j=3:0.000, j=4:0.000, j=5:0.000, j=6:0.000, j=7:0.000, j=8:0.000, j=9:0.000, j=10:0.000, j=11:0.000, j=12:0.000, j=13:0.000, j=14:0.000, j=15:0.000, j=16:0.000, j=17:0.000, j=18:0.000, j=19:0.000, j=20:0.000, j=21:0.000, j=22:0.000, j=23:0.115, j=24:0.747, j=25:0.136
      i=26 -> j=0:0.000, j=1:0.000, j=2:0.000, j=3:0.000, j=4:0.000, j=5:0.000, j=6:0.000, j=7:0.000, j=8:0.000, j=9:0.000, j=10:0.000, j=11:0.000, j=12:0.000, j=13:0.000, j=14:0.000, j=15:0.000, j=16:0.000, j=17:0.000, j=18:0.000, j=19:0.000, j=20:0.000, j=21:0.000, j=22:0.000, j=23:0.001, j=24:0.066, j=25:0.853, j=26:0.080
      i=27 -> j=0:0.000, j=1:0.000, j=2:0.000, j=3:0.000, j=4:0.000, j=5:0.000, j=6:0.000, j=7:0.000, j=8:0.000, j=9:0.000, j=10:0.000, j=11:0.000, j=12:0.000, j=13:0.000, j=14:0.000, j=15:0.000, j=16:0.000, j=17:0.000, j=18:0.000, j=19:0.000, j=20:0.000, j=21:0.000, j=22:0.000, j=23:0.000, j=24:0.001, j=25:0.173, j=26:0.750, j=27:0.075
      i=28 -> j=0:0.000, j=1:0.000, j=2:0.000, j=3:0.000, j=4:0.000, j=5:0.000, j=6:0.000, j=7:0.001, j=8:0.000, j=9:0.000, j=10:0.000, j=11:0.000, j=12:0.000, j=13:0.000, j=14:0.000, j=15:0.000, j=16:0.000, j=17:0.000, j=18:0.000, j=19:0.000, j=20:0.000, j=21:0.000, j=22:0.000, j=23:0.000, j=24:0.000, j=25:0.006, j=26:0.167, j=27:0.635, j=28:0.190
      i=29 -> j=0:0.000, j=1:0.000, j=2:0.000, j=3:0.000, j=4:0.000, j=5:0.000, j=6:0.000, j=7:0.000, j=8:0.000, j=9:0.000, j=10:0.000, j=11:0.000, j=12:0.000, j=13:0.000, j=14:0.000, j=15:0.000, j=16:0.000, j=17:0.000, j=18:0.000, j=19:0.000, j=20:0.000, j=21:0.000, j=22:0.000, j=23:0.000, j=24:0.000, j=25:0.000, j=26:0.001, j=27:0.073, j=28:0.838, j=29:0.088
      i=30 -> j=0:0.000, j=1:0.000, j=2:0.000, j=3:0.000, j=4:0.000, j=5:0.000, j=6:0.000, j=7:0.000, j=8:0.000, j=9:0.000, j=10:0.000, j=11:0.000, j=12:0.000, j=13:0.000, j=14:0.000, j=15:0.000, j=16:0.000, j=17:0.000, j=18:0.000, j=19:0.000, j=20:0.000, j=21:0.000, j=22:0.000, j=23:0.000, j=24:0.000, j=25:0.000, j=26:0.000, j=27:0.001, j=28:0.097, j=29:0.644, j=30:0.257
      i=31 -> j=0:0.000, j=1:0.000, j=2:0.000, j=3:0.000, j=4:0.000, j=5:0.000, j=6:0.000, j=7:0.000, j=8:0.000, j=9:0.000, j=10:0.000, j=11:0.000, j=12:0.000, j=13:0.000, j=14:0.000, j=15:0.000, j=16:0.000, j=17:0.000, j=18:0.000, j=19:0.000, j=20:0.000, j=21:0.000, j=22:0.000, j=23:0.000, j=24:0.000, j=25:0.000, j=26:0.000, j=27:0.000, j=28:0.001, j=29:0.082, j=30:0.739, j=31:0.177
    Average attention per distance:
      d=0:0.154, d=1:0.723, d=2:0.152

--- Layer 3 ---
  Head 0: Entropy=1.146
    Attention coefficients from each query position to previous positions:
      i= 0 -> j=0:1.000
      i= 1 -> j=0:0.874, j=1:0.126
      i= 2 -> j=0:0.630, j=1:0.227, j=2:0.143
      i= 3 -> j=0:0.134, j=1:0.158, j=2:0.242, j=3:0.466
      i= 4 -> j=0:0.014, j=1:0.032, j=2:0.104, j=3:0.527, j=4:0.325
      i= 5 -> j=0:0.003, j=1:0.006, j=2:0.026, j=3:0.187, j=4:0.399, j=5:0.379
      i= 6 -> j=0:0.001, j=1:0.001, j=2:0.006, j=3:0.030, j=4:0.136, j=5:0.398, j=6:0.427
      i= 7 -> j=0:0.002, j=1:0.001, j=2:0.002, j=3:0.007, j=4:0.041, j=5:0.215, j=6:0.639, j=7:0.092
      i= 8 -> j=0:0.005, j=1:0.003, j=2:0.005, j=3:0.005, j=4:0.012, j=5:0.078, j=6:0.507, j=7:0.232, j=8:0.154
      i= 9 -> j=0:0.001, j=1:0.001, j=2:0.001, j=3:0.001, j=4:0.001, j=5:0.004, j=6:0.033, j=7:0.067, j=8:0.166, j=9:0.724
      i=10 -> j=0:0.001, j=1:0.001, j=2:0.001, j=3:0.001, j=4:0.000, j=5:0.001, j=6:0.003, j=7:0.012, j=8:0.052, j=9:0.744, j=10:0.185
      i=11 -> j=0:0.000, j=1:0.000, j=2:0.000, j=3:0.000, j=4:0.000, j=5:0.000, j=6:0.000, j=7:0.001, j=8:0.006, j=9:0.187, j=10:0.257, j=11:0.546
      i=12 -> j=0:0.001, j=1:0.000, j=2:0.001, j=3:0.001, j=4:0.000, j=5:0.000, j=6:0.001, j=7:0.001, j=8:0.002, j=9:0.031, j=10:0.098, j=11:0.846, j=12:0.019
      i=13 -> j=0:0.002, j=1:0.001, j=2:0.002, j=3:0.002, j=4:0.001, j=5:0.002, j=6:0.002, j=7:0.002, j=8:0.002, j=9:0.014, j=10:0.059, j=11:0.845, j=12:0.043, j=13:0.024
      i=14 -> j=0:0.008, j=1:0.004, j=2:0.005, j=3:0.004, j=4:0.003, j=5:0.005, j=6:0.006, j=7:0.005, j=8:0.004, j=9:0.010, j=10:0.035, j=11:0.479, j=12:0.095, j=13:0.101, j=14:0.238
      i=15 -> j=0:0.004, j=1:0.002, j=2:0.002, j=3:0.001, j=4:0.001, j=5:0.002, j=6:0.003, j=7:0.002, j=8:0.002, j=9:0.002, j=10:0.004, j=11:0.026, j=12:0.022, j=13:0.051, j=14:0.218, j=15:0.658
      i=16 -> j=0:0.005, j=1:0.002, j=2:0.003, j=3:0.002, j=4:0.001, j=5:0.001, j=6:0.002, j=7:0.002, j=8:0.001, j=9:0.002, j=10:0.002, j=11:0.006, j=12:0.003, j=13:0.011, j=14:0.084, j=15:0.658, j=16:0.217
      i=17 -> j=0:0.005, j=1:0.004, j=2:0.005, j=3:0.003, j=4:0.002, j=5:0.002, j=6:0.002, j=7:0.003, j=8:0.003, j=9:0.004, j=10:0.003, j=11:0.004, j=12:0.003, j=13:0.007, j=14:0.033, j=15:0.387, j=16:0.449, j=17:0.083
      i=18 -> j=0:0.006, j=1:0.005, j=2:0.005, j=3:0.005, j=4:0.004, j=5:0.003, j=6:0.002, j=7:0.002, j=8:0.003, j=9:0.005, j=10:0.004, j=11:0.003, j=12:0.003, j=13:0.004, j=14:0.011, j=15:0.103, j=16:0.326, j=17:0.126, j=18:0.381
      i=19 -> j=0:0.006, j=1:0.004, j=2:0.004, j=3:0.004, j=4:0.003, j=5:0.002, j=6:0.002, j=7:0.002, j=8:0.002, j=9:0.003, j=10:0.003, j=11:0.004, j=12:0.002, j=13:0.002, j=14:0.003, j=15:0.011, j=16:0.051, j=17:0.070, j=18:0.574, j=19:0.248
      i=20 -> j=0:0.013, j=1:0.006, j=2:0.008, j=3:0.006, j=4:0.003, j=5:0.004, j=6:0.004, j=7:0.003, j=8:0.002, j=9:0.002, j=10:0.003, j=11:0.008, j=12:0.002, j=13:0.002, j=14:0.003, j=15:0.003, j=16:0.009, j=17:0.032, j=18:0.385, j=19:0.387, j=20:0.113
      i=21 -> j=0:0.028, j=1:0.013, j=2:0.019, j=3:0.011, j=4:0.006, j=5:0.009, j=6:0.010, j=7:0.008, j=8:0.004, j=9:0.004, j=10:0.005, j=11:0.012, j=12:0.004, j=13:0.005, j=14:0.006, j=15:0.003, j=16:0.005, j=17:0.019, j=18:0.166, j=19:0.319, j=20:0.191, j=21:0.151
      i=22 -> j=0:0.008, j=1:0.007, j=2:0.006, j=3:0.005, j=4:0.004, j=5:0.004, j=6:0.004, j=7:0.004, j=8:0.004, j=9:0.002, j=10:0.002, j=11:0.002, j=12:0.003, j=13:0.004, j=14:0.004, j=15:0.003, j=16:0.003, j=17:0.004, j=18:0.012, j=19:0.041, j=20:0.067, j=21:0.164, j=22:0.646
      i=23 -> j=0:0.001, j=1:0.002, j=2:0.001, j=3:0.001, j=4:0.001, j=5:0.001, j=6:0.001, j=7:0.001, j=8:0.001, j=9:0.001, j=10:0.000, j=11:0.000, j=12:0.001, j=13:0.001, j=14:0.001, j=15:0.001, j=16:0.001, j=17:0.001, j=18:0.001, j=19:0.003, j=20:0.008, j=21:0.063, j=22:0.720, j=23:0.190
      i=24 -> j=0:0.000, j=1:0.000, j=2:0.000, j=3:0.000, j=4:0.000, j=5:0.000, j=6:0.000, j=7:0.000, j=8:0.000, j=9:0.000, j=10:0.000, j=11:0.000, j=12:0.000, j=13:0.000, j=14:0.000, j=15:0.000, j=16:0.000, j=17:0.000, j=18:0.000, j=19:0.000, j=20:0.000, j=21:0.000, j=22:0.049, j=23:0.938, j=24:0.009
      i=25 -> j=0:0.001, j=1:0.001, j=2:0.001, j=3:0.001, j=4:0.000, j=5:0.001, j=6:0.000, j=7:0.000, j=8:0.000, j=9:0.000, j=10:0.000, j=11:0.000, j=12:0.000, j=13:0.000, j=14:0.000, j=15:0.000, j=16:0.000, j=17:0.000, j=18:0.000, j=19:0.000, j=20:0.000, j=21:0.001, j=22:0.026, j=23:0.903, j=24:0.037, j=25:0.025
      i=26 -> j=0:0.004, j=1:0.002, j=2:0.003, j=3:0.002, j=4:0.002, j=5:0.002, j=6:0.002, j=7:0.001, j=8:0.001, j=9:0.001, j=10:0.001, j=11:0.002, j=12:0.001, j=13:0.001, j=14:0.001, j=15:0.000, j=16:0.000, j=17:0.001, j=18:0.001, j=19:0.001, j=20:0.001, j=21:0.001, j=22:0.011, j=23:0.520, j=24:0.090, j=25:0.139, j=26:0.211
      i=27 -> j=0:0.008, j=1:0.005, j=2:0.006, j=3:0.004, j=4:0.003, j=5:0.004, j=6:0.004, j=7:0.003, j=8:0.002, j=9:0.002, j=10:0.002, j=11:0.004, j=12:0.001, j=13:0.001, j=14:0.001, j=15:0.001, j=16:0.001, j=17:0.001, j=18:0.002, j=19:0.001, j=20:0.001, j=21:0.001, j=22:0.003, j=23:0.054, j=24:0.023, j=25:0.093, j=26:0.490, j=27:0.278
      i=28 -> j=0:0.009, j=1:0.010, j=2:0.006, j=3:0.007, j=4:0.009, j=5:0.007, j=6:0.006, j=7:0.006, j=8:0.007, j=9:0.005, j=10:0.004, j=11:0.003, j=12:0.005, j=13:0.005, j=14:0.004, j=15:0.003, j=16:0.003, j=17:0.003, j=18:0.004, j=19:0.005, j=20:0.005, j=21:0.005, j=22:0.002, j=23:0.002, j=24:0.016, j=25:0.044, j=26:0.224, j=27:0.396, j=28:0.193
      i=29 -> j=0:0.011, j=1:0.008, j=2:0.010, j=3:0.007, j=4:0.004, j=5:0.006, j=6:0.007, j=7:0.006, j=8:0.005, j=9:0.005, j=10:0.004, j=11:0.006, j=12:0.003, j=13:0.003, j=14:0.004, j=15:0.002, j=16:0.001, j=17:0.002, j=18:0.002, j=19:0.002, j=20:0.002, j=21:0.002, j=22:0.003, j=23:0.008, j=24:0.003, j=25:0.009, j=26:0.059, j=27:0.141, j=28:0.611, j=29:0.062
      i=30 -> j=0:0.012, j=1:0.007, j=2:0.012, j=3:0.008, j=4:0.004, j=5:0.006, j=6:0.007, j=7:0.006, j=8:0.004, j=9:0.006, j=10:0.005, j=11:0.008, j=12:0.002, j=13:0.002, j=14:0.003, j=15:0.002, j=16:0.001, j=17:0.002, j=18:0.002, j=19:0.002, j=20:0.002, j=21:0.002, j=22:0.005, j=23:0.014, j=24:0.002, j=25:0.004, j=26:0.020, j=27:0.053, j=28:0.639, j=29:0.072, j=30:0.089
      i=31 -> j=0:0.017, j=1:0.008, j=2:0.014, j=3:0.010, j=4:0.005, j=5:0.007, j=6:0.008, j=7:0.006, j=8:0.005, j=9:0.008, j=10:0.006, j=11:0.013, j=12:0.002, j=13:0.002, j=14:0.003, j=15:0.002, j=16:0.002, j=17:0.002, j=18:0.002, j=19:0.002, j=20:0.002, j=21:0.001, j=22:0.006, j=23:0.021, j=24:0.002, j=25:0.003, j=26:0.009, j=27:0.019, j=28:0.419, j=29:0.082, j=30:0.230, j=31:0.083
    Average attention per distance:
      d=0:0.265, d=1:0.390, d=2:0.242, d=3:0.089, d=4:0.012, d=29:0.011, d=31:0.017


======================================================================
QK Property Verification (Raw Scores, before Softmax)
======================================================================
Recurrence order init_len=2, num test sequences=1

--- [P1] Long-distance Orthogonality Verification ---
Ideal: raw_score mean ≈ 0 and small std when d > init_len

  Layer 0, Head 0:
    d= 1 (effective): mean=  4.076, std= 0.510, n=31
    d= 2 (effective): mean=  3.384, std= 0.572, n=30
    d>2 (long-distance): mean= -0.464, std= 0.961, n=435

  Layer 1, Head 0:
    d= 1 (effective): mean=  4.257, std= 0.692, n=31
    d= 2 (effective): mean=  5.221, std= 0.798, n=30
    d>2 (long-distance): mean= -0.856, std= 1.690, n=435

  Layer 2, Head 0:
    d= 1 (effective): mean=  8.674, std= 0.983, n=31
    d= 2 (effective): mean=  6.900, std= 0.646, n=30
    d>2 (long-distance): mean= -1.099, std= 1.967, n=435

  Layer 3, Head 0:
    d= 1 (effective): mean=  3.643, std= 1.324, n=31
    d= 2 (effective): mean=  3.049, std= 1.083, n=30
    d>2 (long-distance): mean= -1.114, std= 1.034, n=435

--- [P2] Time-homogeneous Verification ---
Ideal: CV of raw_score across positions i ≈ 0 for fixed distance d
(CV = std / |mean|, smaller = more constant)

  Layer 0, Head 0:
    d= 1: mean=  4.076, std= 0.510, CV=0.125, n=31
    d= 2: mean=  3.384, std= 0.572, CV=0.169, n=30

  Layer 1, Head 0:
    d= 1: mean=  4.257, std= 0.692, CV=0.163, n=31
    d= 2: mean=  5.221, std= 0.798, CV=0.153, n=30

  Layer 2, Head 0:
    d= 1: mean=  8.674, std= 0.983, CV=0.113, n=31
    d= 2: mean=  6.900, std= 0.646, CV=0.094, n=30

  Layer 3, Head 0:
    d= 1: mean=  3.643, std= 1.324, CV=0.363, n=31
    d= 2: mean=  3.049, std= 1.083, CV=0.355, n=30

======================================================================
QK Property Verification Completed
======================================================================
