=== Experiment: mixed_basic_d512l4_r4_t16 ===
Time: 2026-06-25T07:17:33.563381
Task type: mixed_ab
Merged config: {
  "P": 53,
  "TASK": "mixed_ab",
  "NUM_MASK": 2,
  "A": 1,
  "B": 1,
  "AB_PAIRS": [
    [
      1,
      1
    ],
    [
      1,
      2
    ]
  ],
  "D_MODEL": 512,
  "N_HEAD": 1,
  "N_LAYER": 4,
  "BATCH_SIZE": 128,
  "EPOCHS": 10000,
  "LR": 0.0003,
  "SAVE_PATH": "models/mixed_basic_d512l4_r4_t16.pth",
  "USE_GREEDY_GENERATE": true,
  "USE_LEARNABLE_PE": false,
  "MLP_RATIO": 4,
  "TRAIN_LEN": 16,
  "OOD_LEN": 32,
  "DROPOUT": 0.0,
  "TARGET_INIT_COVERAGE": 0.5,
  "MAX_UNIQUE_RATIO": 0.5,
  "WEIGHT_DECAY": 1,
  "ENTROPY_PENALTY_WEIGHT": 0.0,
  "FIRST_TASK_WEIGHT": 1.0,
  "RANDOM_SEED": 42,
  "EVAL_INTERVAL": 20,
  "EARLY_STOP_NO_IMPROVE": 2000,
  "EARLY_STOP_ACCURACY": 0.99,
  "USE_AB_TAG": false,
  "USE_CONDITIONAL_WTE": false,
  "COND_WTE_SHARED_RATIO": 0.0
}
--- output ---
Using device: cuda

[Dataset] Mixed mode: generated 2810 + 2808 samples, length 16
AB parameter pairs: [(1, 1), (1, 2)]
--------------------------------------------------
[Model config] block_size: 32, train length: 16
[Number theory] AB parameter pairs: [(1, 1), (1, 2)]


Model parameters: 12.77M

Start training...
Epoch   0 | Train: Loss=4.1814 Acc=6.0% | Test: Acc=0.6% | Best=0.6%(@0)
  from x3: 0.01 0.01 0.01 0.01 0.01 0.00 0.01 0.00 0.01 0.01 0.01 0.01 0.01
  per-rule acc: 0.01 0.00
Epoch  20 | Train: Loss=0.0259 Acc=99.6% | Test: Acc=1.9% | Best=1.9%(@20)
  from x3: 0.02 0.02 0.02 0.02 0.02 0.02 0.02 0.01 0.02 0.02 0.02 0.02 0.02
  per-rule acc: 0.02 0.01
Epoch  40 | Train: Loss=0.0414 Acc=99.3% | Test: Acc=1.8% | Best=1.9%(@20)
  from x3: 0.02 0.02 0.02 0.02 0.02 0.02 0.02 0.02 0.02 0.02 0.02 0.02 0.02
  per-rule acc: 0.03 0.01
Epoch  60 | Train: Loss=0.0032 Acc=99.9% | Test: Acc=1.5% | Best=1.9%(@20)
  from x3: 0.02 0.02 0.02 0.01 0.01 0.01 0.01 0.02 0.01 0.01 0.01 0.01 0.01
  per-rule acc: 0.02 0.01
Epoch  80 | Train: Loss=0.0044 Acc=99.9% | Test: Acc=1.5% | Best=1.9%(@20)
  from x3: 0.02 0.02 0.02 0.02 0.01 0.01 0.01 0.01 0.01 0.01 0.01 0.01 0.01
  per-rule acc: 0.02 0.01
Epoch 100 | Train: Loss=0.0789 Acc=98.5% | Test: Acc=1.7% | Best=1.9%(@20)
  from x3: 0.02 0.02 0.02 0.02 0.02 0.02 0.02 0.02 0.02 0.02 0.02 0.01 0.02
  per-rule acc: 0.02 0.01
Epoch 120 | Train: Loss=0.0035 Acc=99.9% | Test: Acc=2.1% | Best=2.1%(@120)
  from x3: 0.02 0.02 0.02 0.02 0.02 0.02 0.02 0.02 0.02 0.02 0.02 0.02 0.02
  per-rule acc: 0.03 0.02
Epoch 140 | Train: Loss=0.0037 Acc=99.9% | Test: Acc=1.9% | Best=2.1%(@120)
  from x3: 0.02 0.02 0.02 0.02 0.02 0.02 0.02 0.02 0.02 0.02 0.02 0.02 0.02
  per-rule acc: 0.02 0.02
Epoch 160 | Train: Loss=0.4903 Acc=96.1% | Test: Acc=2.2% | Best=2.2%(@160)
  from x3: 0.03 0.02 0.02 0.02 0.02 0.02 0.02 0.02 0.02 0.02 0.02 0.02 0.02
  per-rule acc: 0.03 0.01
Epoch 180 | Train: Loss=0.0026 Acc=99.9% | Test: Acc=2.2% | Best=2.2%(@180)
  from x3: 0.03 0.02 0.02 0.02 0.02 0.02 0.02 0.02 0.02 0.02 0.02 0.02 0.02
  per-rule acc: 0.03 0.01
Epoch 200 | Train: Loss=0.0034 Acc=99.9% | Test: Acc=2.3% | Best=2.3%(@200)
  from x3: 0.03 0.02 0.02 0.02 0.02 0.02 0.02 0.02 0.02 0.02 0.02 0.02 0.02
  per-rule acc: 0.03 0.02
Epoch 220 | Train: Loss=0.1057 Acc=98.7% | Test: Acc=2.9% | Best=2.9%(@220)
  from x3: 0.04 0.03 0.03 0.03 0.03 0.03 0.03 0.03 0.03 0.03 0.03 0.03 0.03
  per-rule acc: 0.04 0.02
Epoch 240 | Train: Loss=0.0026 Acc=99.9% | Test: Acc=3.4% | Best=3.4%(@240)
  from x3: 0.03 0.03 0.03 0.03 0.03 0.04 0.03 0.03 0.03 0.04 0.03 0.03 0.03
  per-rule acc: 0.05 0.02
Epoch 260 | Train: Loss=0.0033 Acc=99.9% | Test: Acc=2.9% | Best=3.4%(@240)
  from x3: 0.03 0.03 0.03 0.03 0.03 0.03 0.03 0.03 0.03 0.03 0.03 0.03 0.03
  per-rule acc: 0.04 0.02
Epoch 280 | Train: Loss=0.5427 Acc=95.8% | Test: Acc=3.7% | Best=3.7%(@280)
  from x3: 0.04 0.04 0.04 0.04 0.04 0.04 0.04 0.04 0.04 0.04 0.04 0.04 0.04
  per-rule acc: 0.05 0.02
Epoch 300 | Train: Loss=0.0023 Acc=99.9% | Test: Acc=4.7% | Best=4.7%(@300)
  from x3: 0.05 0.04 0.04 0.05 0.05 0.05 0.05 0.05 0.05 0.05 0.05 0.05 0.05
  per-rule acc: 0.06 0.03
Epoch 320 | Train: Loss=0.0031 Acc=99.9% | Test: Acc=4.0% | Best=4.7%(@300)
  from x3: 0.04 0.04 0.04 0.04 0.04 0.04 0.04 0.04 0.04 0.04 0.04 0.04 0.04
  per-rule acc: 0.05 0.03
Epoch 340 | Train: Loss=0.5945 Acc=99.2% | Test: Acc=3.4% | Best=4.7%(@300)
  from x3: 0.03 0.04 0.03 0.04 0.04 0.03 0.04 0.03 0.03 0.03 0.03 0.03 0.03
  per-rule acc: 0.05 0.02
Epoch 360 | Train: Loss=0.0023 Acc=99.9% | Test: Acc=6.2% | Best=6.2%(@360)
  from x3: 0.07 0.06 0.06 0.06 0.06 0.06 0.06 0.06 0.06 0.06 0.06 0.06 0.06
  per-rule acc: 0.09 0.03
Epoch 380 | Train: Loss=0.0031 Acc=99.9% | Test: Acc=6.0% | Best=6.2%(@360)
  from x3: 0.07 0.06 0.06 0.06 0.06 0.06 0.06 0.06 0.06 0.06 0.06 0.06 0.06
  per-rule acc: 0.08 0.04
Epoch 400 | Train: Loss=0.0031 Acc=99.9% | Test: Acc=6.1% | Best=6.2%(@360)
  from x3: 0.07 0.07 0.06 0.06 0.06 0.06 0.06 0.06 0.06 0.06 0.06 0.06 0.06
  per-rule acc: 0.08 0.05
Epoch 420 | Train: Loss=0.0091 Acc=99.9% | Test: Acc=8.1% | Best=8.1%(@420)
  from x3: 0.10 0.08 0.08 0.08 0.08 0.08 0.08 0.08 0.08 0.08 0.08 0.08 0.08
  per-rule acc: 0.11 0.05
Epoch 440 | Train: Loss=0.0024 Acc=99.9% | Test: Acc=8.1% | Best=8.1%(@440)
  from x3: 0.10 0.08 0.08 0.08 0.08 0.08 0.08 0.08 0.08 0.08 0.08 0.08 0.08
  per-rule acc: 0.12 0.04
Epoch 460 | Train: Loss=0.0029 Acc=99.9% | Test: Acc=8.0% | Best=8.1%(@440)
  from x3: 0.09 0.08 0.08 0.08 0.08 0.08 0.08 0.08 0.08 0.08 0.07 0.08 0.08
  per-rule acc: 0.11 0.05
Epoch 480 | Train: Loss=0.0189 Acc=99.8% | Test: Acc=11.3% | Best=11.3%(@480)
  from x3: 0.12 0.12 0.11 0.11 0.11 0.11 0.11 0.11 0.11 0.11 0.11 0.11 0.11
  per-rule acc: 0.16 0.06
Epoch 500 | Train: Loss=0.0023 Acc=99.9% | Test: Acc=10.7% | Best=11.3%(@480)
  from x3: 0.12 0.11 0.10 0.11 0.11 0.11 0.10 0.10 0.11 0.11 0.11 0.11 0.10
  per-rule acc: 0.15 0.06
Epoch 520 | Train: Loss=0.0028 Acc=99.9% | Test: Acc=10.5% | Best=11.3%(@480)
  from x3: 0.12 0.11 0.10 0.11 0.11 0.10 0.10 0.10 0.10 0.10 0.10 0.10 0.10
  per-rule acc: 0.15 0.06
Epoch 540 | Train: Loss=0.0342 Acc=99.7% | Test: Acc=13.4% | Best=13.4%(@540)
  from x3: 0.14 0.13 0.13 0.13 0.13 0.13 0.13 0.13 0.13 0.13 0.13 0.13 0.13
  per-rule acc: 0.20 0.07
Epoch 560 | Train: Loss=0.0156 Acc=99.8% | Test: Acc=13.3% | Best=13.4%(@540)
  from x3: 0.15 0.13 0.13 0.13 0.13 0.13 0.13 0.13 0.13 0.13 0.13 0.13 0.13
  per-rule acc: 0.19 0.08
Epoch 580 | Train: Loss=0.0027 Acc=99.9% | Test: Acc=14.2% | Best=14.2%(@580)
  from x3: 0.15 0.14 0.14 0.14 0.14 0.14 0.14 0.14 0.14 0.14 0.14 0.14 0.14
  per-rule acc: 0.20 0.09
Epoch 600 | Train: Loss=0.0028 Acc=99.9% | Test: Acc=13.1% | Best=14.2%(@580)
  from x3: 0.14 0.13 0.13 0.13 0.13 0.13 0.13 0.13 0.13 0.13 0.13 0.13 0.13
  per-rule acc: 0.18 0.09
Epoch 620 | Train: Loss=0.0103 Acc=99.8% | Test: Acc=16.9% | Best=16.9%(@620)
  from x3: 0.17 0.17 0.17 0.17 0.17 0.17 0.17 0.17 0.17 0.17 0.17 0.17 0.17
  per-rule acc: 0.24 0.10
Epoch 640 | Train: Loss=0.0025 Acc=99.9% | Test: Acc=15.2% | Best=16.9%(@620)
  from x3: 0.16 0.15 0.15 0.15 0.15 0.15 0.15 0.15 0.15 0.15 0.15 0.15 0.15
  per-rule acc: 0.21 0.10
Epoch 660 | Train: Loss=0.1009 Acc=98.0% | Test: Acc=15.0% | Best=16.9%(@620)
  from x3: 0.14 0.15 0.15 0.15 0.15 0.15 0.15 0.15 0.15 0.15 0.15 0.15 0.15
  per-rule acc: 0.21 0.09
Epoch 680 | Train: Loss=0.0021 Acc=99.9% | Test: Acc=18.3% | Best=18.3%(@680)
  from x3: 0.20 0.18 0.18 0.18 0.18 0.19 0.18 0.18 0.18 0.18 0.18 0.18 0.18
  per-rule acc: 0.26 0.10
Epoch 700 | Train: Loss=0.0027 Acc=99.9% | Test: Acc=18.4% | Best=18.4%(@700)
  from x3: 0.19 0.19 0.18 0.18 0.19 0.19 0.19 0.18 0.18 0.18 0.18 0.18 0.18
  per-rule acc: 0.24 0.13
Epoch 720 | Train: Loss=0.0067 Acc=99.9% | Test: Acc=20.1% | Best=20.1%(@720)
  from x3: 0.21 0.21 0.20 0.20 0.20 0.20 0.20 0.20 0.20 0.20 0.20 0.20 0.20
  per-rule acc: 0.28 0.12
Epoch 740 | Train: Loss=0.0024 Acc=99.9% | Test: Acc=20.0% | Best=20.1%(@720)
  from x3: 0.20 0.20 0.20 0.20 0.20 0.20 0.20 0.20 0.20 0.20 0.20 0.20 0.20
  per-rule acc: 0.27 0.13
Epoch 760 | Train: Loss=0.0483 Acc=99.6% | Test: Acc=18.6% | Best=20.1%(@720)
  from x3: 0.19 0.19 0.19 0.19 0.19 0.19 0.18 0.18 0.18 0.18 0.18 0.19 0.18
  per-rule acc: 0.27 0.11
Epoch 780 | Train: Loss=0.0023 Acc=99.9% | Test: Acc=22.9% | Best=22.9%(@780)
  from x3: 0.24 0.23 0.23 0.23 0.23 0.23 0.23 0.23 0.23 0.23 0.23 0.23 0.23
  per-rule acc: 0.32 0.14
Epoch 800 | Train: Loss=0.0026 Acc=99.9% | Test: Acc=23.5% | Best=23.5%(@800)
  from x3: 0.25 0.24 0.24 0.24 0.23 0.23 0.23 0.24 0.23 0.23 0.23 0.23 0.23
  per-rule acc: 0.30 0.17
Epoch 820 | Train: Loss=0.0376 Acc=99.6% | Test: Acc=22.9% | Best=23.5%(@800)
  from x3: 0.22 0.23 0.23 0.23 0.23 0.23 0.23 0.23 0.23 0.23 0.23 0.23 0.23
  per-rule acc: 0.31 0.15
Epoch 840 | Train: Loss=0.0020 Acc=99.9% | Test: Acc=26.0% | Best=26.0%(@840)
  from x3: 0.27 0.25 0.26 0.26 0.26 0.26 0.26 0.26 0.26 0.26 0.26 0.26 0.26
  per-rule acc: 0.35 0.17
Epoch 860 | Train: Loss=0.0027 Acc=99.9% | Test: Acc=26.8% | Best=26.8%(@860)
  from x3: 0.27 0.27 0.27 0.27 0.27 0.27 0.27 0.27 0.27 0.27 0.27 0.27 0.27
  per-rule acc: 0.33 0.20
Epoch 880 | Train: Loss=0.0157 Acc=99.8% | Test: Acc=27.8% | Best=27.8%(@880)
  from x3: 0.28 0.28 0.27 0.27 0.28 0.28 0.28 0.28 0.28 0.28 0.28 0.28 0.28
  per-rule acc: 0.38 0.17
Epoch 900 | Train: Loss=0.0022 Acc=99.9% | Test: Acc=31.1% | Best=31.1%(@900)
  from x3: 0.32 0.30 0.31 0.31 0.31 0.31 0.31 0.31 0.31 0.31 0.31 0.31 0.31
  per-rule acc: 0.39 0.23
Epoch 920 | Train: Loss=0.0027 Acc=99.9% | Test: Acc=31.2% | Best=31.2%(@920)
  from x3: 0.32 0.31 0.31 0.31 0.31 0.31 0.31 0.31 0.31 0.31 0.31 0.31 0.31
  per-rule acc: 0.37 0.25
Epoch 940 | Train: Loss=0.0075 Acc=99.9% | Test: Acc=29.5% | Best=31.2%(@920)
  from x3: 0.30 0.29 0.29 0.30 0.29 0.29 0.29 0.29 0.30 0.30 0.30 0.30 0.30
  per-rule acc: 0.39 0.19
Epoch 960 | Train: Loss=0.0021 Acc=99.9% | Test: Acc=34.9% | Best=34.9%(@960)
  from x3: 0.35 0.34 0.35 0.35 0.35 0.35 0.35 0.35 0.35 0.35 0.35 0.35 0.35
  per-rule acc: 0.44 0.25
Epoch 980 | Train: Loss=0.0027 Acc=99.9% | Test: Acc=35.3% | Best=35.3%(@980)
  from x3: 0.36 0.35 0.35 0.36 0.35 0.35 0.35 0.35 0.35 0.35 0.35 0.35 0.35
  per-rule acc: 0.42 0.29
Epoch 1000 | Train: Loss=0.0051 Acc=99.9% | Test: Acc=32.7% | Best=35.3%(@980)
  from x3: 0.34 0.32 0.32 0.32 0.33 0.33 0.33 0.33 0.33 0.33 0.33 0.33 0.33
  per-rule acc: 0.43 0.22
Epoch 1020 | Train: Loss=0.0025 Acc=99.9% | Test: Acc=34.9% | Best=35.3%(@980)
  from x3: 0.36 0.35 0.35 0.34 0.35 0.35 0.35 0.35 0.35 0.35 0.35 0.35 0.34
  per-rule acc: 0.42 0.28
Epoch 1040 | Train: Loss=0.0817 Acc=99.1% | Test: Acc=28.8% | Best=35.3%(@980)
  from x3: 0.28 0.29 0.28 0.29 0.29 0.29 0.29 0.29 0.29 0.29 0.29 0.29 0.29
  per-rule acc: 0.37 0.20
Epoch 1060 | Train: Loss=0.0020 Acc=99.9% | Test: Acc=37.1% | Best=37.1%(@1060)
  from x3: 0.39 0.36 0.37 0.37 0.37 0.37 0.37 0.37 0.37 0.37 0.37 0.37 0.37
  per-rule acc: 0.47 0.28
Epoch 1080 | Train: Loss=0.0026 Acc=99.9% | Test: Acc=37.1% | Best=37.1%(@1060)
  from x3: 0.38 0.37 0.37 0.37 0.37 0.37 0.37 0.37 0.37 0.37 0.37 0.37 0.37
  per-rule acc: 0.45 0.29
Epoch 1100 | Train: Loss=0.0078 Acc=99.9% | Test: Acc=36.8% | Best=37.1%(@1060)
  from x3: 0.37 0.36 0.37 0.37 0.37 0.37 0.37 0.37 0.37 0.37 0.37 0.37 0.37
  per-rule acc: 0.46 0.27
Epoch 1120 | Train: Loss=0.0024 Acc=99.9% | Test: Acc=40.4% | Best=40.4%(@1120)
  from x3: 0.41 0.40 0.40 0.40 0.41 0.41 0.40 0.40 0.40 0.40 0.40 0.40 0.40
  per-rule acc: 0.49 0.32
Epoch 1140 | Train: Loss=0.0029 Acc=99.9% | Test: Acc=41.3% | Best=41.3%(@1140)
  from x3: 0.42 0.41 0.41 0.41 0.42 0.41 0.41 0.41 0.41 0.41 0.41 0.41 0.41
  per-rule acc: 0.48 0.34
Epoch 1160 | Train: Loss=0.0062 Acc=99.9% | Test: Acc=37.6% | Best=41.3%(@1140)
  from x3: 0.37 0.37 0.37 0.38 0.38 0.38 0.38 0.38 0.38 0.38 0.38 0.37 0.38
  per-rule acc: 0.49 0.27
Epoch 1180 | Train: Loss=0.0024 Acc=99.9% | Test: Acc=41.7% | Best=41.7%(@1180)
  from x3: 0.42 0.41 0.41 0.42 0.42 0.42 0.42 0.42 0.42 0.42 0.42 0.42 0.42
  per-rule acc: 0.49 0.34
Epoch 1200 | Train: Loss=0.0027 Acc=99.9% | Test: Acc=43.3% | Best=43.3%(@1200)
  from x3: 0.43 0.43 0.43 0.43 0.43 0.44 0.43 0.44 0.44 0.44 0.43 0.44 0.43
  per-rule acc: 0.50 0.37
Epoch 1220 | Train: Loss=0.0031 Acc=99.9% | Test: Acc=42.6% | Best=43.3%(@1200)
  from x3: 0.43 0.42 0.42 0.43 0.42 0.43 0.42 0.43 0.43 0.42 0.43 0.43 0.43
  per-rule acc: 0.55 0.30
Epoch 1240 | Train: Loss=0.0023 Acc=99.9% | Test: Acc=45.0% | Best=45.0%(@1240)
  from x3: 0.46 0.44 0.44 0.45 0.45 0.45 0.45 0.45 0.45 0.45 0.45 0.45 0.45
  per-rule acc: 0.54 0.36
Epoch 1260 | Train: Loss=0.0027 Acc=99.9% | Test: Acc=47.7% | Best=47.7%(@1260)
  from x3: 0.48 0.47 0.47 0.48 0.48 0.48 0.48 0.48 0.48 0.48 0.48 0.48 0.48
  per-rule acc: 0.55 0.40
Epoch 1280 | Train: Loss=0.0046 Acc=99.9% | Test: Acc=44.9% | Best=47.7%(@1260)
  from x3: 0.44 0.44 0.45 0.45 0.45 0.45 0.45 0.45 0.45 0.45 0.45 0.45 0.45
  per-rule acc: 0.57 0.33
Epoch 1300 | Train: Loss=0.0020 Acc=99.9% | Test: Acc=48.5% | Best=48.5%(@1300)
  from x3: 0.48 0.47 0.48 0.49 0.49 0.49 0.49 0.49 0.49 0.49 0.49 0.49 0.49
  per-rule acc: 0.58 0.39
Epoch 1320 | Train: Loss=0.0026 Acc=99.9% | Test: Acc=49.8% | Best=49.8%(@1320)
  from x3: 0.49 0.49 0.49 0.50 0.50 0.50 0.50 0.50 0.50 0.50 0.50 0.50 0.50
  per-rule acc: 0.57 0.43
Epoch 1340 | Train: Loss=0.0475 Acc=99.4% | Test: Acc=43.5% | Best=49.8%(@1320)
  from x3: 0.42 0.43 0.44 0.43 0.43 0.43 0.44 0.44 0.44 0.44 0.44 0.44 0.44
  per-rule acc: 0.55 0.32
Epoch 1360 | Train: Loss=0.0098 Acc=99.9% | Test: Acc=43.9% | Best=49.8%(@1320)
  from x3: 0.43 0.43 0.43 0.44 0.44 0.44 0.44 0.44 0.44 0.44 0.44 0.44 0.44
  per-rule acc: 0.54 0.33
Epoch 1380 | Train: Loss=0.0023 Acc=99.9% | Test: Acc=51.0% | Best=51.0%(@1380)
  from x3: 0.52 0.50 0.51 0.51 0.51 0.51 0.51 0.51 0.51 0.51 0.51 0.51 0.51
  per-rule acc: 0.58 0.44
Epoch 1400 | Train: Loss=0.0029 Acc=99.9% | Test: Acc=49.4% | Best=51.0%(@1380)
  from x3: 0.50 0.48 0.49 0.49 0.49 0.50 0.50 0.50 0.50 0.50 0.50 0.50 0.50
  per-rule acc: 0.62 0.37
Epoch 1420 | Train: Loss=0.0025 Acc=99.9% | Test: Acc=53.0% | Best=53.0%(@1420)
  from x3: 0.53 0.52 0.53 0.53 0.53 0.53 0.53 0.53 0.53 0.53 0.53 0.53 0.53
  per-rule acc: 0.61 0.45
Epoch 1440 | Train: Loss=0.0752 Acc=98.9% | Test: Acc=41.8% | Best=53.0%(@1420)
  from x3: 0.40 0.41 0.42 0.42 0.42 0.42 0.42 0.42 0.42 0.42 0.42 0.42 0.42
  per-rule acc: 0.50 0.34
Epoch 1460 | Train: Loss=0.0020 Acc=99.9% | Test: Acc=56.2% | Best=56.2%(@1460)
  from x3: 0.56 0.54 0.55 0.56 0.56 0.56 0.57 0.57 0.57 0.57 0.57 0.57 0.57
  per-rule acc: 0.66 0.47
Epoch 1480 | Train: Loss=0.0024 Acc=99.9% | Test: Acc=57.3% | Best=57.3%(@1480)
  from x3: 0.57 0.57 0.57 0.57 0.58 0.58 0.58 0.58 0.57 0.57 0.58 0.57 0.57
  per-rule acc: 0.63 0.51
Epoch 1500 | Train: Loss=0.1407 Acc=99.7% | Test: Acc=52.3% | Best=57.3%(@1480)
  from x3: 0.49 0.51 0.53 0.53 0.53 0.53 0.52 0.53 0.53 0.53 0.53 0.53 0.52
  per-rule acc: 0.60 0.45
Epoch 1520 | Train: Loss=0.0092 Acc=99.9% | Test: Acc=50.4% | Best=57.3%(@1480)
  from x3: 0.50 0.49 0.50 0.51 0.51 0.51 0.51 0.51 0.51 0.51 0.51 0.50 0.50
  per-rule acc: 0.62 0.39
Epoch 1540 | Train: Loss=0.0022 Acc=99.9% | Test: Acc=58.2% | Best=58.2%(@1540)
  from x3: 0.57 0.57 0.58 0.58 0.58 0.59 0.59 0.58 0.58 0.58 0.58 0.58 0.58
  per-rule acc: 0.64 0.52
Epoch 1560 | Train: Loss=0.0026 Acc=99.9% | Test: Acc=60.0% | Best=60.0%(@1560)
  from x3: 0.59 0.59 0.60 0.61 0.60 0.60 0.60 0.60 0.60 0.60 0.60 0.60 0.60
  per-rule acc: 0.65 0.55
Epoch 1580 | Train: Loss=0.0074 Acc=99.9% | Test: Acc=54.6% | Best=60.0%(@1560)
  from x3: 0.55 0.53 0.54 0.54 0.55 0.55 0.55 0.55 0.55 0.55 0.55 0.55 0.55
  per-rule acc: 0.65 0.44
Epoch 1600 | Train: Loss=0.0028 Acc=99.9% | Test: Acc=55.3% | Best=60.0%(@1560)
  from x3: 0.57 0.54 0.55 0.55 0.55 0.55 0.55 0.56 0.55 0.55 0.56 0.55 0.56
  per-rule acc: 0.68 0.43
Epoch 1620 | Train: Loss=0.0022 Acc=99.9% | Test: Acc=58.4% | Best=60.0%(@1560)
  from x3: 0.59 0.57 0.58 0.58 0.58 0.58 0.59 0.58 0.59 0.59 0.59 0.58 0.58
  per-rule acc: 0.70 0.47
Epoch 1640 | Train: Loss=0.0025 Acc=99.9% | Test: Acc=62.1% | Best=62.1%(@1640)
  from x3: 0.61 0.61 0.61 0.62 0.62 0.63 0.62 0.62 0.62 0.62 0.63 0.63 0.62
  per-rule acc: 0.68 0.56
Epoch 1660 | Train: Loss=0.0027 Acc=99.9% | Test: Acc=64.3% | Best=64.3%(@1660)
  from x3: 0.64 0.63 0.64 0.65 0.64 0.64 0.65 0.65 0.64 0.65 0.65 0.64 0.65
  per-rule acc: 0.69 0.59
Epoch 1680 | Train: Loss=0.0036 Acc=99.9% | Test: Acc=59.1% | Best=64.3%(@1660)
  from x3: 0.59 0.57 0.59 0.59 0.59 0.59 0.60 0.59 0.59 0.59 0.59 0.59 0.59
  per-rule acc: 0.71 0.48
Epoch 1700 | Train: Loss=0.0021 Acc=99.9% | Test: Acc=62.3% | Best=64.3%(@1660)
  from x3: 0.61 0.60 0.61 0.62 0.62 0.63 0.63 0.63 0.63 0.63 0.63 0.63 0.63
  per-rule acc: 0.69 0.55
Epoch 1720 | Train: Loss=0.0025 Acc=99.9% | Test: Acc=63.2% | Best=64.3%(@1660)
  from x3: 0.62 0.62 0.63 0.63 0.63 0.64 0.63 0.63 0.63 0.64 0.64 0.64 0.63
  per-rule acc: 0.67 0.59
Epoch 1740 | Train: Loss=0.0083 Acc=99.9% | Test: Acc=59.0% | Best=64.3%(@1660)
  from x3: 0.58 0.58 0.58 0.59 0.59 0.59 0.59 0.59 0.59 0.60 0.60 0.60 0.60
  per-rule acc: 0.71 0.47
Epoch 1760 | Train: Loss=0.0020 Acc=99.9% | Test: Acc=65.3% | Best=65.3%(@1760)
  from x3: 0.65 0.64 0.65 0.65 0.66 0.65 0.65 0.65 0.66 0.66 0.66 0.66 0.66
  per-rule acc: 0.73 0.58
Epoch 1780 | Train: Loss=0.0025 Acc=99.9% | Test: Acc=67.4% | Best=67.4%(@1780)
  from x3: 0.66 0.66 0.67 0.68 0.68 0.68 0.68 0.68 0.68 0.68 0.68 0.68 0.68
  per-rule acc: 0.72 0.62
Epoch 1800 | Train: Loss=0.0177 Acc=99.8% | Test: Acc=56.8% | Best=67.4%(@1780)
  from x3: 0.56 0.55 0.56 0.56 0.57 0.57 0.57 0.57 0.57 0.58 0.58 0.58 0.58
  per-rule acc: 0.68 0.46
Epoch 1820 | Train: Loss=0.0019 Acc=99.9% | Test: Acc=68.8% | Best=68.8%(@1820)
  from x3: 0.68 0.67 0.68 0.69 0.69 0.69 0.69 0.69 0.69 0.69 0.69 0.69 0.70
  per-rule acc: 0.77 0.61
Epoch 1840 | Train: Loss=0.0024 Acc=99.9% | Test: Acc=70.2% | Best=70.2%(@1840)
  from x3: 0.69 0.69 0.70 0.70 0.71 0.71 0.71 0.70 0.70 0.71 0.70 0.70 0.71
  per-rule acc: 0.75 0.65
Epoch 1860 | Train: Loss=0.0767 Acc=99.4% | Test: Acc=53.6% | Best=70.2%(@1840)
  from x3: 0.50 0.52 0.53 0.54 0.54 0.54 0.54 0.54 0.54 0.54 0.54 0.54 0.54
  per-rule acc: 0.62 0.45
Epoch 1880 | Train: Loss=0.0028 Acc=99.9% | Test: Acc=67.7% | Best=70.2%(@1840)
  from x3: 0.66 0.66 0.67 0.68 0.68 0.68 0.68 0.68 0.68 0.68 0.68 0.68 0.68
  per-rule acc: 0.77 0.58
Epoch 1900 | Train: Loss=0.0020 Acc=99.9% | Test: Acc=71.4% | Best=71.4%(@1900)
  from x3: 0.70 0.70 0.71 0.71 0.72 0.72 0.72 0.72 0.72 0.72 0.72 0.72 0.72
  per-rule acc: 0.78 0.65
Epoch 1920 | Train: Loss=0.0025 Acc=99.9% | Test: Acc=73.4% | Best=73.4%(@1920)
  from x3: 0.70 0.72 0.73 0.73 0.74 0.74 0.74 0.74 0.74 0.74 0.74 0.74 0.74
  per-rule acc: 0.77 0.70
Epoch 1940 | Train: Loss=0.0235 Acc=99.8% | Test: Acc=59.8% | Best=73.4%(@1920)
  from x3: 0.58 0.58 0.59 0.59 0.60 0.60 0.60 0.60 0.60 0.61 0.61 0.60 0.61
  per-rule acc: 0.70 0.50
Epoch 1960 | Train: Loss=0.0018 Acc=99.9% | Test: Acc=74.2% | Best=74.2%(@1960)
  from x3: 0.73 0.73 0.74 0.74 0.74 0.74 0.75 0.75 0.75 0.75 0.75 0.75 0.75
  per-rule acc: 0.81 0.68
Epoch 1980 | Train: Loss=0.0024 Acc=99.9% | Test: Acc=75.9% | Best=75.9%(@1980)
  from x3: 0.73 0.74 0.75 0.76 0.76 0.76 0.76 0.76 0.76 0.77 0.77 0.77 0.77
  per-rule acc: 0.80 0.72
Epoch 2000 | Train: Loss=0.0025 Acc=99.9% | Test: Acc=77.6% | Best=77.6%(@2000)
  from x3: 0.75 0.77 0.77 0.77 0.78 0.78 0.78 0.78 0.78 0.78 0.78 0.78 0.78
  per-rule acc: 0.81 0.74
Epoch 2020 | Train: Loss=0.0063 Acc=99.9% | Test: Acc=69.1% | Best=77.6%(@2000)
  from x3: 0.66 0.66 0.68 0.69 0.69 0.69 0.70 0.70 0.70 0.70 0.70 0.70 0.70
  per-rule acc: 0.81 0.57
Epoch 2040 | Train: Loss=0.0021 Acc=99.9% | Test: Acc=77.4% | Best=77.6%(@2000)
  from x3: 0.75 0.76 0.77 0.77 0.77 0.78 0.78 0.78 0.78 0.78 0.78 0.78 0.78
  per-rule acc: 0.82 0.73
Epoch 2060 | Train: Loss=0.0025 Acc=99.9% | Test: Acc=79.2% | Best=79.2%(@2060)
  from x3: 0.76 0.77 0.79 0.79 0.79 0.80 0.80 0.80 0.80 0.80 0.80 0.80 0.80
  per-rule acc: 0.82 0.76
Epoch 2080 | Train: Loss=0.0116 Acc=99.9% | Test: Acc=72.3% | Best=79.2%(@2060)
  from x3: 0.70 0.70 0.71 0.72 0.72 0.73 0.73 0.73 0.73 0.73 0.73 0.73 0.73
  per-rule acc: 0.82 0.63
Epoch 2100 | Train: Loss=0.0021 Acc=99.9% | Test: Acc=80.2% | Best=80.2%(@2100)
  from x3: 0.77 0.78 0.80 0.80 0.80 0.81 0.81 0.81 0.81 0.81 0.81 0.81 0.81
  per-rule acc: 0.85 0.76
Epoch 2120 | Train: Loss=0.0026 Acc=99.9% | Test: Acc=81.6% | Best=81.6%(@2120)
  from x3: 0.78 0.79 0.81 0.82 0.82 0.82 0.82 0.82 0.82 0.82 0.83 0.83 0.83
  per-rule acc: 0.84 0.79
Epoch 2140 | Train: Loss=0.0447 Acc=99.6% | Test: Acc=66.1% | Best=81.6%(@2120)
  from x3: 0.61 0.64 0.65 0.66 0.67 0.67 0.67 0.67 0.67 0.67 0.67 0.67 0.67
  per-rule acc: 0.74 0.59
Epoch 2160 | Train: Loss=0.0018 Acc=99.9% | Test: Acc=80.7% | Best=81.6%(@2120)
  from x3: 0.78 0.78 0.80 0.81 0.81 0.81 0.81 0.81 0.81 0.81 0.81 0.82 0.81
  per-rule acc: 0.86 0.76
Epoch 2180 | Train: Loss=0.0022 Acc=99.9% | Test: Acc=82.9% | Best=82.9%(@2180)
  from x3: 0.79 0.81 0.82 0.83 0.84 0.83 0.83 0.83 0.83 0.84 0.84 0.84 0.83
  per-rule acc: 0.86 0.80
Epoch 2200 | Train: Loss=0.0025 Acc=99.9% | Test: Acc=84.4% | Best=84.4%(@2200)
  from x3: 0.81 0.83 0.84 0.85 0.85 0.85 0.85 0.85 0.85 0.85 0.85 0.85 0.85
  per-rule acc: 0.87 0.82
Epoch 2220 | Train: Loss=0.0172 Acc=99.8% | Test: Acc=71.4% | Best=84.4%(@2200)
  from x3: 0.68 0.70 0.71 0.71 0.71 0.72 0.72 0.72 0.72 0.72 0.72 0.72 0.72
  per-rule acc: 0.80 0.63
Epoch 2240 | Train: Loss=0.0019 Acc=99.9% | Test: Acc=83.9% | Best=84.4%(@2200)
  from x3: 0.81 0.82 0.84 0.84 0.84 0.84 0.84 0.84 0.85 0.85 0.85 0.85 0.85
  per-rule acc: 0.88 0.80
Epoch 2260 | Train: Loss=0.0024 Acc=99.9% | Test: Acc=84.9% | Best=84.9%(@2260)
  from x3: 0.81 0.84 0.85 0.85 0.85 0.85 0.85 0.86 0.86 0.86 0.86 0.86 0.86
  per-rule acc: 0.87 0.83
Epoch 2280 | Train: Loss=0.0225 Acc=99.8% | Test: Acc=72.7% | Best=84.9%(@2260)
  from x3: 0.68 0.69 0.71 0.72 0.73 0.73 0.74 0.74 0.74 0.74 0.74 0.74 0.74
  per-rule acc: 0.80 0.65
Epoch 2300 | Train: Loss=0.0080 Acc=99.8% | Test: Acc=77.0% | Best=84.9%(@2260)
  from x3: 0.72 0.75 0.77 0.77 0.77 0.78 0.78 0.78 0.78 0.78 0.78 0.78 0.78
  per-rule acc: 0.85 0.69
Epoch 2320 | Train: Loss=0.0021 Acc=99.9% | Test: Acc=86.3% | Best=86.3%(@2320)
  from x3: 0.84 0.85 0.86 0.87 0.86 0.87 0.87 0.87 0.87 0.87 0.87 0.87 0.87
  per-rule acc: 0.90 0.83
Epoch 2340 | Train: Loss=0.0024 Acc=99.9% | Test: Acc=87.4% | Best=87.4%(@2340)
  from x3: 0.84 0.86 0.87 0.87 0.88 0.88 0.88 0.88 0.88 0.88 0.88 0.88 0.88
  per-rule acc: 0.90 0.85
Epoch 2360 | Train: Loss=0.0292 Acc=99.6% | Test: Acc=73.1% | Best=87.4%(@2340)
  from x3: 0.68 0.71 0.73 0.73 0.74 0.74 0.74 0.74 0.74 0.74 0.74 0.74 0.74
  per-rule acc: 0.80 0.66
Epoch 2380 | Train: Loss=0.0019 Acc=99.9% | Test: Acc=87.2% | Best=87.4%(@2340)
  from x3: 0.84 0.85 0.87 0.87 0.88 0.88 0.88 0.88 0.88 0.88 0.88 0.88 0.88
  per-rule acc: 0.91 0.84
Epoch 2400 | Train: Loss=0.0023 Acc=99.9% | Test: Acc=88.3% | Best=88.3%(@2400)
  from x3: 0.85 0.87 0.88 0.88 0.88 0.89 0.89 0.89 0.89 0.89 0.89 0.89 0.89
  per-rule acc: 0.90 0.86
Epoch 2420 | Train: Loss=0.0233 Acc=99.7% | Test: Acc=64.5% | Best=88.3%(@2400)
  from x3: 0.61 0.63 0.64 0.64 0.65 0.65 0.65 0.65 0.65 0.65 0.65 0.65 0.66
  per-rule acc: 0.74 0.55
Epoch 2440 | Train: Loss=0.0057 Acc=99.9% | Test: Acc=83.3% | Best=88.3%(@2400)
  from x3: 0.80 0.80 0.82 0.83 0.84 0.84 0.84 0.84 0.84 0.84 0.84 0.84 0.84
  per-rule acc: 0.89 0.78
Epoch 2460 | Train: Loss=0.0021 Acc=99.9% | Test: Acc=89.0% | Best=89.0%(@2460)
  from x3: 0.85 0.87 0.88 0.89 0.89 0.90 0.90 0.90 0.90 0.90 0.90 0.90 0.90
  per-rule acc: 0.92 0.86
Epoch 2480 | Train: Loss=0.0024 Acc=99.9% | Test: Acc=89.7% | Best=89.7%(@2480)
  from x3: 0.85 0.88 0.90 0.90 0.90 0.90 0.90 0.90 0.90 0.90 0.90 0.91 0.91
  per-rule acc: 0.91 0.88
Epoch 2500 | Train: Loss=0.0080 Acc=99.9% | Test: Acc=83.4% | Best=89.7%(@2480)
  from x3: 0.78 0.81 0.83 0.83 0.84 0.84 0.84 0.84 0.84 0.84 0.84 0.84 0.84
  per-rule acc: 0.90 0.77
Epoch 2520 | Train: Loss=0.0021 Acc=99.9% | Test: Acc=88.2% | Best=89.7%(@2480)
  from x3: 0.85 0.86 0.88 0.88 0.89 0.89 0.89 0.89 0.89 0.89 0.89 0.89 0.89
  per-rule acc: 0.92 0.85
Epoch 2540 | Train: Loss=0.0020 Acc=99.9% | Test: Acc=90.6% | Best=90.6%(@2540)
  from x3: 0.87 0.90 0.90 0.91 0.91 0.91 0.91 0.91 0.91 0.91 0.91 0.91 0.91
  per-rule acc: 0.93 0.88
Epoch 2560 | Train: Loss=0.0024 Acc=99.9% | Test: Acc=90.3% | Best=90.6%(@2540)
  from x3: 0.87 0.89 0.90 0.91 0.91 0.91 0.91 0.91 0.91 0.91 0.91 0.91 0.91
  per-rule acc: 0.92 0.89
Epoch 2580 | Train: Loss=0.0080 Acc=99.9% | Test: Acc=82.9% | Best=90.6%(@2540)
  from x3: 0.78 0.80 0.82 0.83 0.83 0.84 0.84 0.84 0.84 0.84 0.84 0.84 0.84
  per-rule acc: 0.89 0.77
Epoch 2600 | Train: Loss=0.0019 Acc=99.9% | Test: Acc=91.4% | Best=91.4%(@2600)
  from x3: 0.88 0.89 0.91 0.92 0.92 0.92 0.92 0.92 0.92 0.92 0.92 0.92 0.92
  per-rule acc: 0.94 0.89
Epoch 2620 | Train: Loss=0.0024 Acc=99.9% | Test: Acc=91.8% | Best=91.8%(@2620)
  from x3: 0.87 0.90 0.92 0.92 0.92 0.92 0.92 0.92 0.92 0.92 0.92 0.93 0.93
  per-rule acc: 0.94 0.90
Epoch 2640 | Train: Loss=0.0461 Acc=99.4% | Test: Acc=80.4% | Best=91.8%(@2620)
  from x3: 0.73 0.78 0.79 0.80 0.81 0.81 0.82 0.82 0.82 0.82 0.82 0.82 0.82
  per-rule acc: 0.84 0.77
Epoch 2660 | Train: Loss=0.0102 Acc=99.8% | Test: Acc=83.2% | Best=91.8%(@2620)
  from x3: 0.78 0.81 0.83 0.83 0.84 0.84 0.84 0.84 0.84 0.84 0.84 0.84 0.84
  per-rule acc: 0.88 0.78
Epoch 2680 | Train: Loss=0.0020 Acc=99.9% | Test: Acc=91.9% | Best=91.9%(@2680)
  from x3: 0.88 0.91 0.92 0.92 0.92 0.92 0.92 0.92 0.93 0.92 0.93 0.93 0.93
  per-rule acc: 0.95 0.89
Epoch 2700 | Train: Loss=0.0024 Acc=99.9% | Test: Acc=92.2% | Best=92.2%(@2700)
  from x3: 0.87 0.92 0.92 0.92 0.93 0.93 0.93 0.93 0.93 0.93 0.93 0.93 0.93
  per-rule acc: 0.94 0.90
Epoch 2720 | Train: Loss=0.0276 Acc=99.6% | Test: Acc=80.6% | Best=92.2%(@2700)
  from x3: 0.74 0.78 0.79 0.80 0.81 0.82 0.82 0.82 0.82 0.82 0.82 0.82 0.82
  per-rule acc: 0.86 0.75
Epoch 2740 | Train: Loss=0.0019 Acc=99.9% | Test: Acc=92.7% | Best=92.7%(@2740)
  from x3: 0.89 0.92 0.93 0.93 0.93 0.93 0.93 0.93 0.93 0.93 0.93 0.93 0.93
  per-rule acc: 0.95 0.90
Epoch 2760 | Train: Loss=0.0024 Acc=99.9% | Test: Acc=92.6% | Best=92.7%(@2740)
  from x3: 0.89 0.92 0.92 0.93 0.93 0.93 0.93 0.93 0.93 0.93 0.93 0.93 0.93
  per-rule acc: 0.95 0.91
Epoch 2780 | Train: Loss=0.0320 Acc=99.7% | Test: Acc=81.1% | Best=92.7%(@2740)
  from x3: 0.72 0.79 0.80 0.81 0.82 0.82 0.82 0.82 0.82 0.83 0.83 0.83 0.83
  per-rule acc: 0.87 0.75
Epoch 2800 | Train: Loss=0.0029 Acc=99.9% | Test: Acc=90.8% | Best=92.7%(@2740)
  from x3: 0.85 0.89 0.91 0.91 0.91 0.91 0.92 0.92 0.92 0.92 0.92 0.92 0.92
  per-rule acc: 0.94 0.88
Epoch 2820 | Train: Loss=0.0037 Acc=99.9% | Test: Acc=89.7% | Best=92.7%(@2740)
  from x3: 0.85 0.88 0.89 0.90 0.90 0.90 0.90 0.91 0.91 0.90 0.91 0.91 0.91
  per-rule acc: 0.94 0.85
Epoch 2840 | Train: Loss=0.0019 Acc=99.9% | Test: Acc=92.8% | Best=92.8%(@2840)
  from x3: 0.89 0.92 0.93 0.93 0.93 0.93 0.93 0.93 0.93 0.93 0.93 0.93 0.93
  per-rule acc: 0.95 0.91
Epoch 2860 | Train: Loss=0.0024 Acc=99.9% | Test: Acc=93.1% | Best=93.1%(@2860)
  from x3: 0.88 0.92 0.93 0.93 0.94 0.94 0.94 0.93 0.94 0.94 0.94 0.94 0.94
  per-rule acc: 0.95 0.92
Epoch 2880 | Train: Loss=0.0128 Acc=99.9% | Test: Acc=88.3% | Best=93.1%(@2860)
  from x3: 0.83 0.86 0.87 0.89 0.89 0.89 0.89 0.89 0.89 0.89 0.89 0.89 0.89
  per-rule acc: 0.93 0.84
Epoch 2900 | Train: Loss=0.0021 Acc=99.9% | Test: Acc=93.3% | Best=93.3%(@2900)
  from x3: 0.89 0.92 0.93 0.93 0.94 0.94 0.94 0.94 0.94 0.94 0.94 0.94 0.94
  per-rule acc: 0.94 0.92
Epoch 2920 | Train: Loss=0.0024 Acc=99.9% | Test: Acc=93.5% | Best=93.5%(@2920)
  from x3: 0.89 0.93 0.93 0.94 0.94 0.94 0.94 0.94 0.94 0.94 0.94 0.94 0.94
  per-rule acc: 0.95 0.92
Epoch 2940 | Train: Loss=0.0034 Acc=99.9% | Test: Acc=90.1% | Best=93.5%(@2920)
  from x3: 0.85 0.89 0.90 0.90 0.91 0.91 0.91 0.91 0.91 0.91 0.91 0.91 0.91
  per-rule acc: 0.92 0.88
Epoch 2960 | Train: Loss=0.0022 Acc=99.9% | Test: Acc=93.2% | Best=93.5%(@2920)
  from x3: 0.89 0.92 0.93 0.94 0.94 0.94 0.94 0.94 0.94 0.94 0.94 0.94 0.94
  per-rule acc: 0.96 0.91
Epoch 2980 | Train: Loss=0.0022 Acc=99.9% | Test: Acc=93.6% | Best=93.6%(@2980)
  from x3: 0.89 0.93 0.94 0.94 0.94 0.94 0.94 0.94 0.94 0.94 0.94 0.94 0.94
  per-rule acc: 0.95 0.92
Epoch 3000 | Train: Loss=0.0025 Acc=99.9% | Test: Acc=94.0% | Best=94.0%(@3000)
  from x3: 0.89 0.93 0.94 0.94 0.94 0.95 0.95 0.95 0.95 0.95 0.95 0.95 0.95
  per-rule acc: 0.95 0.92
Epoch 3020 | Train: Loss=0.0132 Acc=99.8% | Test: Acc=86.9% | Best=94.0%(@3000)
  from x3: 0.80 0.85 0.87 0.87 0.88 0.88 0.88 0.88 0.88 0.88 0.88 0.88 0.88
  per-rule acc: 0.92 0.82
Epoch 3040 | Train: Loss=0.0051 Acc=99.9% | Test: Acc=89.4% | Best=94.0%(@3000)
  from x3: 0.85 0.88 0.89 0.90 0.90 0.90 0.90 0.90 0.90 0.90 0.90 0.90 0.90
  per-rule acc: 0.94 0.85
Epoch 3060 | Train: Loss=0.0022 Acc=99.9% | Test: Acc=93.7% | Best=94.0%(@3000)
  from x3: 0.89 0.93 0.93 0.94 0.94 0.94 0.94 0.94 0.94 0.94 0.94 0.94 0.94
  per-rule acc: 0.95 0.92
Epoch 3080 | Train: Loss=0.0024 Acc=99.9% | Test: Acc=94.2% | Best=94.2%(@3080)
  from x3: 0.89 0.93 0.94 0.95 0.95 0.95 0.95 0.95 0.95 0.95 0.95 0.95 0.95
  per-rule acc: 0.96 0.93
Epoch 3100 | Train: Loss=0.0120 Acc=99.9% | Test: Acc=87.3% | Best=94.2%(@3080)
  from x3: 0.81 0.86 0.86 0.87 0.88 0.88 0.88 0.88 0.88 0.88 0.88 0.88 0.88
  per-rule acc: 0.92 0.83
Epoch 3120 | Train: Loss=0.0028 Acc=99.9% | Test: Acc=92.5% | Best=94.2%(@3080)
  from x3: 0.88 0.91 0.92 0.93 0.93 0.93 0.93 0.93 0.93 0.93 0.93 0.93 0.93
  per-rule acc: 0.95 0.90
Epoch 3140 | Train: Loss=0.0019 Acc=99.9% | Test: Acc=94.0% | Best=94.2%(@3080)
  from x3: 0.90 0.93 0.94 0.94 0.94 0.95 0.95 0.95 0.95 0.95 0.94 0.94 0.95
  per-rule acc: 0.96 0.92
Epoch 3160 | Train: Loss=0.0024 Acc=99.9% | Test: Acc=94.1% | Best=94.2%(@3080)
  from x3: 0.89 0.93 0.94 0.95 0.95 0.95 0.95 0.95 0.95 0.95 0.95 0.95 0.95
  per-rule acc: 0.96 0.93
Epoch 3180 | Train: Loss=0.0070 Acc=99.9% | Test: Acc=89.6% | Best=94.2%(@3080)
  from x3: 0.85 0.88 0.89 0.90 0.90 0.90 0.90 0.90 0.90 0.90 0.90 0.90 0.90
  per-rule acc: 0.93 0.86
Epoch 3200 | Train: Loss=0.0097 Acc=99.8% | Test: Acc=83.3% | Best=94.2%(@3080)
  from x3: 0.77 0.82 0.82 0.83 0.84 0.84 0.84 0.84 0.84 0.84 0.85 0.85 0.85
  per-rule acc: 0.89 0.78
Epoch 3220 | Train: Loss=0.0019 Acc=99.9% | Test: Acc=93.8% | Best=94.2%(@3080)
  from x3: 0.90 0.94 0.94 0.94 0.94 0.94 0.94 0.94 0.94 0.94 0.94 0.94 0.94
  per-rule acc: 0.95 0.92
Epoch 3240 | Train: Loss=0.0024 Acc=99.9% | Test: Acc=94.3% | Best=94.3%(@3240)
  from x3: 0.90 0.94 0.94 0.95 0.95 0.95 0.95 0.95 0.95 0.95 0.95 0.95 0.95
  per-rule acc: 0.96 0.93
Epoch 3260 | Train: Loss=0.0220 Acc=99.8% | Test: Acc=85.8% | Best=94.3%(@3240)
  from x3: 0.78 0.83 0.85 0.86 0.86 0.87 0.87 0.87 0.87 0.87 0.87 0.87 0.87
  per-rule acc: 0.90 0.82
Epoch 3280 | Train: Loss=0.0029 Acc=99.9% | Test: Acc=92.9% | Best=94.3%(@3240)
  from x3: 0.89 0.91 0.93 0.93 0.93 0.93 0.93 0.94 0.94 0.94 0.94 0.94 0.94
  per-rule acc: 0.95 0.91
Epoch 3300 | Train: Loss=0.0022 Acc=99.9% | Test: Acc=94.4% | Best=94.4%(@3300)
  from x3: 0.90 0.94 0.94 0.95 0.95 0.95 0.95 0.95 0.95 0.95 0.95 0.95 0.95
  per-rule acc: 0.96 0.93
Epoch 3320 | Train: Loss=0.0026 Acc=99.9% | Test: Acc=94.3% | Best=94.4%(@3300)
  from x3: 0.90 0.94 0.94 0.95 0.95 0.95 0.95 0.95 0.95 0.95 0.95 0.95 0.95
  per-rule acc: 0.96 0.92
Epoch 3340 | Train: Loss=0.0046 Acc=99.9% | Test: Acc=89.8% | Best=94.4%(@3300)
  from x3: 0.84 0.89 0.90 0.90 0.90 0.90 0.91 0.90 0.91 0.91 0.91 0.91 0.91
  per-rule acc: 0.93 0.87
Epoch 3360 | Train: Loss=0.0022 Acc=99.9% | Test: Acc=94.4% | Best=94.4%(@3360)
  from x3: 0.90 0.94 0.94 0.95 0.95 0.95 0.95 0.95 0.95 0.95 0.95 0.95 0.95
  per-rule acc: 0.96 0.93
Epoch 3380 | Train: Loss=0.0121 Acc=99.8% | Test: Acc=87.3% | Best=94.4%(@3360)
  from x3: 0.81 0.86 0.87 0.87 0.88 0.88 0.88 0.88 0.88 0.88 0.88 0.88 0.88
  per-rule acc: 0.91 0.83
Epoch 3400 | Train: Loss=0.0104 Acc=99.9% | Test: Acc=86.8% | Best=94.4%(@3360)
  from x3: 0.80 0.85 0.87 0.87 0.87 0.88 0.88 0.88 0.88 0.88 0.88 0.88 0.88
  per-rule acc: 0.92 0.82
Epoch 3420 | Train: Loss=0.0052 Acc=99.9% | Test: Acc=88.1% | Best=94.4%(@3360)
  from x3: 0.81 0.87 0.88 0.89 0.89 0.89 0.89 0.89 0.89 0.89 0.89 0.89 0.89
  per-rule acc: 0.92 0.84
Epoch 3440 | Train: Loss=0.0026 Acc=99.9% | Test: Acc=94.1% | Best=94.4%(@3360)
  from x3: 0.89 0.93 0.94 0.94 0.95 0.95 0.95 0.95 0.95 0.95 0.95 0.95 0.95
  per-rule acc: 0.96 0.92
Epoch 3460 | Train: Loss=0.0023 Acc=99.9% | Test: Acc=94.8% | Best=94.8%(@3460)
  from x3: 0.90 0.94 0.95 0.95 0.95 0.95 0.95 0.95 0.95 0.95 0.95 0.95 0.95
  per-rule acc: 0.96 0.94
Epoch 3480 | Train: Loss=0.0025 Acc=99.9% | Test: Acc=94.9% | Best=94.9%(@3480)
  from x3: 0.90 0.95 0.95 0.95 0.95 0.95 0.95 0.95 0.95 0.95 0.95 0.95 0.95
  per-rule acc: 0.96 0.93
Epoch 3500 | Train: Loss=0.0191 Acc=99.7% | Test: Acc=85.6% | Best=94.9%(@3480)
  from x3: 0.78 0.84 0.85 0.86 0.86 0.87 0.87 0.87 0.87 0.87 0.87 0.87 0.87
  per-rule acc: 0.90 0.81
Epoch 3520 | Train: Loss=0.0019 Acc=99.9% | Test: Acc=94.7% | Best=94.9%(@3480)
  from x3: 0.91 0.94 0.95 0.95 0.95 0.95 0.95 0.95 0.95 0.95 0.95 0.95 0.95
  per-rule acc: 0.96 0.94
Epoch 3540 | Train: Loss=0.0022 Acc=99.9% | Test: Acc=94.8% | Best=94.9%(@3480)
  from x3: 0.91 0.94 0.95 0.95 0.95 0.95 0.95 0.95 0.95 0.95 0.95 0.95 0.95
  per-rule acc: 0.96 0.94
Epoch 3560 | Train: Loss=0.0283 Acc=99.7% | Test: Acc=85.6% | Best=94.9%(@3480)
  from x3: 0.75 0.84 0.86 0.86 0.87 0.87 0.87 0.87 0.87 0.87 0.87 0.87 0.87
  per-rule acc: 0.88 0.83
Epoch 3580 | Train: Loss=0.0025 Acc=99.9% | Test: Acc=94.3% | Best=94.9%(@3480)
  from x3: 0.89 0.93 0.94 0.95 0.95 0.95 0.95 0.95 0.95 0.95 0.95 0.95 0.95
  per-rule acc: 0.97 0.92
Epoch 3600 | Train: Loss=0.0019 Acc=99.9% | Test: Acc=95.1% | Best=95.1%(@3600)
  from x3: 0.91 0.95 0.95 0.95 0.95 0.96 0.96 0.96 0.96 0.96 0.96 0.96 0.96
  per-rule acc: 0.96 0.94
Epoch 3620 | Train: Loss=0.0023 Acc=99.9% | Test: Acc=95.2% | Best=95.2%(@3620)
  from x3: 0.90 0.95 0.95 0.95 0.96 0.96 0.96 0.96 0.96 0.96 0.96 0.96 0.96
  per-rule acc: 0.96 0.94
Epoch 3640 | Train: Loss=0.0024 Acc=99.9% | Test: Acc=95.2% | Best=95.2%(@3640)
  from x3: 0.90 0.95 0.95 0.95 0.96 0.96 0.96 0.96 0.96 0.96 0.96 0.96 0.96
  per-rule acc: 0.96 0.94
Epoch 3660 | Train: Loss=0.0059 Acc=99.9% | Test: Acc=91.5% | Best=95.2%(@3640)
  from x3: 0.86 0.90 0.91 0.91 0.92 0.92 0.92 0.92 0.92 0.92 0.92 0.92 0.92
  per-rule acc: 0.95 0.88
Epoch 3680 | Train: Loss=0.0018 Acc=99.9% | Test: Acc=95.0% | Best=95.2%(@3640)
  from x3: 0.91 0.94 0.95 0.95 0.95 0.95 0.95 0.95 0.95 0.95 0.95 0.96 0.95
  per-rule acc: 0.97 0.93
Epoch 3700 | Train: Loss=0.0023 Acc=99.9% | Test: Acc=94.9% | Best=95.2%(@3640)
  from x3: 0.91 0.94 0.95 0.95 0.95 0.96 0.96 0.95 0.95 0.95 0.95 0.95 0.95
  per-rule acc: 0.96 0.93
Epoch 3720 | Train: Loss=0.0023 Acc=99.9% | Test: Acc=95.1% | Best=95.2%(@3640)
  from x3: 0.91 0.94 0.95 0.95 0.95 0.96 0.96 0.96 0.96 0.96 0.96 0.96 0.96
  per-rule acc: 0.97 0.94
Epoch 3740 | Train: Loss=0.0067 Acc=99.9% | Test: Acc=89.7% | Best=95.2%(@3640)
  from x3: 0.82 0.88 0.90 0.90 0.90 0.90 0.91 0.91 0.91 0.91 0.91 0.91 0.91
  per-rule acc: 0.95 0.84
Epoch 3760 | Train: Loss=0.0018 Acc=99.9% | Test: Acc=95.1% | Best=95.2%(@3640)
  from x3: 0.91 0.95 0.95 0.95 0.95 0.96 0.96 0.96 0.96 0.96 0.95 0.96 0.95
  per-rule acc: 0.96 0.94
Epoch 3780 | Train: Loss=0.0022 Acc=99.9% | Test: Acc=95.2% | Best=95.2%(@3780)
  from x3: 0.91 0.95 0.95 0.96 0.96 0.96 0.96 0.96 0.96 0.96 0.96 0.96 0.96
  per-rule acc: 0.96 0.94
Epoch 3800 | Train: Loss=0.0116 Acc=99.8% | Test: Acc=86.7% | Best=95.2%(@3780)
  from x3: 0.79 0.85 0.86 0.87 0.87 0.88 0.88 0.88 0.88 0.88 0.88 0.88 0.88
  per-rule acc: 0.94 0.80
Epoch 3820 | Train: Loss=0.0018 Acc=99.9% | Test: Acc=95.4% | Best=95.4%(@3820)
  from x3: 0.92 0.94 0.95 0.96 0.96 0.96 0.96 0.96 0.96 0.96 0.96 0.96 0.96
  per-rule acc: 0.97 0.93
Epoch 3840 | Train: Loss=0.0021 Acc=99.9% | Test: Acc=95.4% | Best=95.4%(@3820)
  from x3: 0.91 0.95 0.95 0.96 0.96 0.96 0.96 0.96 0.96 0.96 0.96 0.96 0.96
  per-rule acc: 0.97 0.94
Epoch 3860 | Train: Loss=0.0023 Acc=99.9% | Test: Acc=95.3% | Best=95.4%(@3820)
  from x3: 0.91 0.95 0.95 0.95 0.96 0.96 0.96 0.96 0.96 0.96 0.96 0.96 0.96
  per-rule acc: 0.97 0.94
Epoch 3880 | Train: Loss=0.0071 Acc=99.9% | Test: Acc=92.2% | Best=95.4%(@3820)
  from x3: 0.86 0.91 0.92 0.92 0.93 0.93 0.93 0.93 0.93 0.93 0.93 0.93 0.93
  per-rule acc: 0.95 0.89
Epoch 3900 | Train: Loss=0.0018 Acc=99.9% | Test: Acc=95.6% | Best=95.6%(@3900)
  from x3: 0.92 0.95 0.96 0.96 0.96 0.96 0.96 0.96 0.96 0.96 0.96 0.96 0.96
  per-rule acc: 0.97 0.94
Epoch 3920 | Train: Loss=0.0023 Acc=99.9% | Test: Acc=95.4% | Best=95.6%(@3900)
  from x3: 0.91 0.95 0.95 0.96 0.96 0.96 0.96 0.96 0.96 0.96 0.96 0.96 0.96
  per-rule acc: 0.96 0.94
Epoch 3940 | Train: Loss=0.0023 Acc=99.9% | Test: Acc=95.3% | Best=95.6%(@3900)
  from x3: 0.91 0.95 0.95 0.96 0.96 0.96 0.96 0.96 0.96 0.96 0.96 0.96 0.96
  per-rule acc: 0.97 0.94
Epoch 3960 | Train: Loss=0.0036 Acc=99.9% | Test: Acc=94.1% | Best=95.6%(@3900)
  from x3: 0.89 0.93 0.94 0.94 0.94 0.95 0.95 0.95 0.95 0.95 0.95 0.95 0.95
  per-rule acc: 0.97 0.91
Epoch 3980 | Train: Loss=0.0061 Acc=99.9% | Test: Acc=88.0% | Best=95.6%(@3900)
  from x3: 0.81 0.86 0.88 0.88 0.89 0.89 0.89 0.89 0.89 0.89 0.89 0.89 0.89
  per-rule acc: 0.92 0.84
Epoch 4000 | Train: Loss=0.0020 Acc=99.9% | Test: Acc=95.5% | Best=95.6%(@3900)
  from x3: 0.92 0.95 0.95 0.96 0.96 0.96 0.96 0.96 0.96 0.96 0.96 0.96 0.96
  per-rule acc: 0.97 0.94
Epoch 4020 | Train: Loss=0.0023 Acc=99.9% | Test: Acc=95.5% | Best=95.6%(@3900)
  from x3: 0.91 0.95 0.95 0.96 0.96 0.96 0.96 0.96 0.96 0.96 0.96 0.96 0.96
  per-rule acc: 0.97 0.94
Epoch 4040 | Train: Loss=0.0023 Acc=99.9% | Test: Acc=95.5% | Best=95.6%(@3900)
  from x3: 0.91 0.95 0.95 0.96 0.96 0.96 0.96 0.96 0.96 0.96 0.96 0.96 0.96
  per-rule acc: 0.97 0.94
Epoch 4060 | Train: Loss=0.0146 Acc=99.9% | Test: Acc=89.7% | Best=95.6%(@3900)
  from x3: 0.82 0.89 0.89 0.90 0.90 0.91 0.91 0.91 0.91 0.91 0.91 0.91 0.91
  per-rule acc: 0.93 0.86
Epoch 4080 | Train: Loss=0.0017 Acc=99.9% | Test: Acc=95.7% | Best=95.7%(@4080)
  from x3: 0.92 0.95 0.96 0.96 0.96 0.96 0.96 0.96 0.96 0.96 0.96 0.96 0.96
  per-rule acc: 0.97 0.94
Epoch 4100 | Train: Loss=0.0021 Acc=99.9% | Test: Acc=95.6% | Best=95.7%(@4080)
  from x3: 0.92 0.95 0.96 0.96 0.96 0.96 0.96 0.96 0.96 0.96 0.96 0.96 0.96
  per-rule acc: 0.97 0.95
Epoch 4120 | Train: Loss=0.0022 Acc=99.9% | Test: Acc=95.4% | Best=95.7%(@4080)
  from x3: 0.91 0.95 0.95 0.96 0.96 0.96 0.96 0.96 0.96 0.96 0.96 0.96 0.96
  per-rule acc: 0.97 0.94
Epoch 4140 | Train: Loss=0.0261 Acc=99.8% | Test: Acc=87.7% | Best=95.7%(@4080)
  from x3: 0.79 0.87 0.87 0.88 0.88 0.88 0.89 0.89 0.89 0.89 0.89 0.89 0.89
  per-rule acc: 0.91 0.84
Epoch 4160 | Train: Loss=0.0072 Acc=99.9% | Test: Acc=93.2% | Best=95.7%(@4080)
  from x3: 0.87 0.92 0.93 0.94 0.94 0.94 0.94 0.94 0.94 0.94 0.94 0.94 0.94
  per-rule acc: 0.97 0.90
Epoch 4180 | Train: Loss=0.0018 Acc=99.9% | Test: Acc=95.6% | Best=95.7%(@4080)
  from x3: 0.92 0.95 0.96 0.96 0.96 0.96 0.96 0.96 0.96 0.96 0.96 0.96 0.96
  per-rule acc: 0.97 0.94
Epoch 4200 | Train: Loss=0.0022 Acc=99.9% | Test: Acc=95.6% | Best=95.7%(@4080)
  from x3: 0.91 0.96 0.96 0.96 0.96 0.96 0.96 0.96 0.96 0.96 0.96 0.96 0.96
  per-rule acc: 0.97 0.94
Epoch 4220 | Train: Loss=0.0022 Acc=99.9% | Test: Acc=95.6% | Best=95.7%(@4080)
  from x3: 0.92 0.95 0.96 0.96 0.96 0.96 0.96 0.96 0.96 0.96 0.96 0.96 0.96
  per-rule acc: 0.97 0.94
Epoch 4240 | Train: Loss=0.0078 Acc=99.9% | Test: Acc=92.0% | Best=95.7%(@4080)
  from x3: 0.86 0.90 0.92 0.92 0.92 0.93 0.93 0.93 0.93 0.93 0.93 0.93 0.93
  per-rule acc: 0.94 0.90
Epoch 4260 | Train: Loss=0.0018 Acc=99.9% | Test: Acc=95.5% | Best=95.7%(@4080)
  from x3: 0.92 0.95 0.95 0.95 0.96 0.96 0.96 0.96 0.96 0.96 0.96 0.96 0.96
  per-rule acc: 0.97 0.94
Epoch 4280 | Train: Loss=0.0021 Acc=99.9% | Test: Acc=95.3% | Best=95.7%(@4080)
  from x3: 0.92 0.95 0.96 0.96 0.96 0.96 0.96 0.96 0.96 0.96 0.96 0.96 0.96
  per-rule acc: 0.97 0.94
Epoch 4300 | Train: Loss=0.0023 Acc=99.9% | Test: Acc=95.5% | Best=95.7%(@4080)
  from x3: 0.91 0.95 0.95 0.96 0.96 0.96 0.96 0.96 0.96 0.96 0.96 0.96 0.96
  per-rule acc: 0.97 0.94
Epoch 4320 | Train: Loss=0.0771 Acc=99.5% | Test: Acc=83.2% | Best=95.7%(@4080)
  from x3: 0.76 0.82 0.83 0.83 0.84 0.84 0.84 0.84 0.84 0.85 0.84 0.84 0.84
  per-rule acc: 0.87 0.79
Epoch 4340 | Train: Loss=0.0038 Acc=99.9% | Test: Acc=94.2% | Best=95.7%(@4080)
  from x3: 0.89 0.93 0.94 0.94 0.95 0.95 0.95 0.95 0.95 0.95 0.95 0.95 0.95
  per-rule acc: 0.96 0.92
Epoch 4360 | Train: Loss=0.0020 Acc=99.9% | Test: Acc=95.9% | Best=95.9%(@4360)
  from x3: 0.92 0.96 0.96 0.96 0.96 0.96 0.96 0.96 0.96 0.96 0.96 0.96 0.96
  per-rule acc: 0.97 0.95
Epoch 4380 | Train: Loss=0.0022 Acc=99.9% | Test: Acc=95.9% | Best=95.9%(@4360)
  from x3: 0.92 0.96 0.96 0.96 0.96 0.96 0.96 0.96 0.96 0.96 0.96 0.97 0.96
  per-rule acc: 0.97 0.95
Epoch 4400 | Train: Loss=0.0237 Acc=99.9% | Test: Acc=89.0% | Best=95.9%(@4360)
  from x3: 0.82 0.88 0.88 0.89 0.90 0.90 0.90 0.90 0.90 0.90 0.90 0.90 0.90
  per-rule acc: 0.94 0.84
Epoch 4420 | Train: Loss=0.0017 Acc=99.9% | Test: Acc=96.2% | Best=96.2%(@4420)
  from x3: 0.93 0.96 0.96 0.96 0.96 0.96 0.96 0.97 0.97 0.97 0.97 0.97 0.97
  per-rule acc: 0.97 0.95
Epoch 4440 | Train: Loss=0.0020 Acc=99.9% | Test: Acc=95.8% | Best=96.2%(@4420)
  from x3: 0.93 0.95 0.96 0.96 0.96 0.96 0.96 0.96 0.96 0.96 0.96 0.96 0.96
  per-rule acc: 0.97 0.95
Epoch 4460 | Train: Loss=0.0022 Acc=99.9% | Test: Acc=95.9% | Best=96.2%(@4420)
  from x3: 0.92 0.95 0.96 0.96 0.96 0.96 0.96 0.96 0.96 0.96 0.97 0.96 0.96
  per-rule acc: 0.97 0.95
Epoch 4480 | Train: Loss=0.0099 Acc=99.9% | Test: Acc=91.8% | Best=96.2%(@4420)
  from x3: 0.87 0.91 0.91 0.92 0.92 0.92 0.92 0.93 0.93 0.93 0.93 0.93 0.92
  per-rule acc: 0.94 0.89
Epoch 4500 | Train: Loss=0.0019 Acc=99.9% | Test: Acc=95.9% | Best=96.2%(@4420)
  from x3: 0.93 0.95 0.96 0.96 0.96 0.96 0.96 0.96 0.96 0.96 0.96 0.96 0.96
  per-rule acc: 0.97 0.95
Epoch 4520 | Train: Loss=0.0022 Acc=99.9% | Test: Acc=96.0% | Best=96.2%(@4420)
  from x3: 0.92 0.96 0.96 0.96 0.96 0.96 0.96 0.96 0.96 0.96 0.96 0.96 0.96
  per-rule acc: 0.97 0.95
Epoch 4540 | Train: Loss=0.0022 Acc=99.9% | Test: Acc=95.6% | Best=96.2%(@4420)
  from x3: 0.92 0.95 0.96 0.96 0.96 0.96 0.96 0.96 0.96 0.96 0.96 0.96 0.96
  per-rule acc: 0.97 0.95
Epoch 4560 | Train: Loss=0.0149 Acc=99.8% | Test: Acc=88.9% | Best=96.2%(@4420)
  from x3: 0.81 0.88 0.89 0.89 0.89 0.90 0.90 0.90 0.90 0.90 0.90 0.90 0.90
  per-rule acc: 0.95 0.82
Epoch 4580 | Train: Loss=0.0042 Acc=99.9% | Test: Acc=94.2% | Best=96.2%(@4420)
  from x3: 0.90 0.93 0.94 0.94 0.95 0.95 0.95 0.95 0.95 0.95 0.95 0.95 0.95
  per-rule acc: 0.96 0.92
Epoch 4600 | Train: Loss=0.0020 Acc=99.9% | Test: Acc=96.0% | Best=96.2%(@4420)
  from x3: 0.92 0.96 0.96 0.96 0.96 0.96 0.96 0.96 0.96 0.96 0.96 0.96 0.96
  per-rule acc: 0.97 0.95
Epoch 4620 | Train: Loss=0.0022 Acc=99.9% | Test: Acc=96.0% | Best=96.2%(@4420)
  from x3: 0.92 0.96 0.96 0.96 0.96 0.96 0.96 0.96 0.96 0.96 0.96 0.96 0.96
  per-rule acc: 0.97 0.95
Epoch 4640 | Train: Loss=0.0095 Acc=99.9% | Test: Acc=91.2% | Best=96.2%(@4420)
  from x3: 0.86 0.90 0.91 0.92 0.91 0.92 0.92 0.92 0.92 0.92 0.92 0.92 0.92
  per-rule acc: 0.96 0.87
Epoch 4660 | Train: Loss=0.0018 Acc=99.9% | Test: Acc=96.2% | Best=96.2%(@4660)
  from x3: 0.93 0.96 0.96 0.96 0.97 0.97 0.97 0.97 0.97 0.97 0.97 0.97 0.97
  per-rule acc: 0.97 0.95
Epoch 4680 | Train: Loss=0.0021 Acc=99.9% | Test: Acc=95.9% | Best=96.2%(@4660)
  from x3: 0.92 0.96 0.96 0.96 0.96 0.96 0.96 0.96 0.96 0.96 0.96 0.96 0.96
  per-rule acc: 0.97 0.95
Epoch 4700 | Train: Loss=0.0022 Acc=99.9% | Test: Acc=95.7% | Best=96.2%(@4660)
  from x3: 0.92 0.95 0.96 0.96 0.96 0.96 0.96 0.96 0.96 0.96 0.96 0.96 0.96
  per-rule acc: 0.97 0.95
Epoch 4720 | Train: Loss=0.0222 Acc=99.7% | Test: Acc=89.1% | Best=96.2%(@4660)
  from x3: 0.81 0.88 0.89 0.90 0.90 0.90 0.90 0.90 0.90 0.90 0.90 0.90 0.90
  per-rule acc: 0.93 0.85
Epoch 4740 | Train: Loss=0.0085 Acc=99.9% | Test: Acc=89.9% | Best=96.2%(@4660)
  from x3: 0.83 0.89 0.90 0.91 0.91 0.91 0.91 0.91 0.91 0.91 0.91 0.91 0.91
  per-rule acc: 0.95 0.85
Epoch 4760 | Train: Loss=0.0018 Acc=99.9% | Test: Acc=95.8% | Best=96.2%(@4660)
  from x3: 0.93 0.96 0.96 0.96 0.96 0.96 0.96 0.96 0.96 0.96 0.96 0.96 0.96
  per-rule acc: 0.97 0.95
Epoch 4780 | Train: Loss=0.0021 Acc=99.9% | Test: Acc=95.9% | Best=96.2%(@4660)
  from x3: 0.93 0.96 0.96 0.96 0.96 0.96 0.96 0.96 0.96 0.96 0.96 0.96 0.96
  per-rule acc: 0.97 0.95
Epoch 4800 | Train: Loss=0.0022 Acc=99.9% | Test: Acc=95.8% | Best=96.2%(@4660)
  from x3: 0.93 0.95 0.96 0.96 0.96 0.96 0.96 0.96 0.96 0.96 0.96 0.96 0.96
  per-rule acc: 0.97 0.95
Epoch 4820 | Train: Loss=0.0112 Acc=99.9% | Test: Acc=92.1% | Best=96.2%(@4660)
  from x3: 0.87 0.92 0.92 0.92 0.93 0.93 0.93 0.93 0.93 0.93 0.93 0.93 0.93
  per-rule acc: 0.95 0.89
Epoch 4840 | Train: Loss=0.0019 Acc=99.9% | Test: Acc=96.0% | Best=96.2%(@4660)
  from x3: 0.93 0.96 0.96 0.96 0.96 0.96 0.96 0.96 0.96 0.96 0.96 0.96 0.96
  per-rule acc: 0.97 0.95
Epoch 4860 | Train: Loss=0.0021 Acc=99.9% | Test: Acc=95.7% | Best=96.2%(@4660)
  from x3: 0.93 0.96 0.96 0.96 0.96 0.96 0.96 0.96 0.96 0.96 0.96 0.96 0.96
  per-rule acc: 0.97 0.95
Epoch 4880 | Train: Loss=0.0078 Acc=99.9% | Test: Acc=92.0% | Best=96.2%(@4660)
  from x3: 0.86 0.91 0.92 0.92 0.92 0.93 0.93 0.93 0.93 0.93 0.93 0.93 0.93
  per-rule acc: 0.95 0.89
Epoch 4900 | Train: Loss=0.0019 Acc=99.9% | Test: Acc=96.0% | Best=96.2%(@4660)
  from x3: 0.93 0.96 0.96 0.96 0.96 0.96 0.96 0.96 0.96 0.96 0.96 0.96 0.97
  per-rule acc: 0.98 0.95
Epoch 4920 | Train: Loss=0.0022 Acc=99.9% | Test: Acc=95.9% | Best=96.2%(@4660)
  from x3: 0.93 0.96 0.96 0.96 0.96 0.96 0.96 0.96 0.96 0.96 0.96 0.96 0.96
  per-rule acc: 0.97 0.95
Epoch 4940 | Train: Loss=0.0022 Acc=99.9% | Test: Acc=95.8% | Best=96.2%(@4660)
  from x3: 0.93 0.95 0.96 0.96 0.96 0.96 0.96 0.96 0.96 0.96 0.96 0.96 0.96
  per-rule acc: 0.97 0.95
Epoch 4960 | Train: Loss=0.0674 Acc=98.4% | Test: Acc=78.7% | Best=96.2%(@4660)
  from x3: 0.69 0.77 0.79 0.79 0.79 0.79 0.80 0.80 0.80 0.80 0.80 0.80 0.80
  per-rule acc: 0.82 0.75
Epoch 4980 | Train: Loss=0.0034 Acc=99.9% | Test: Acc=94.5% | Best=96.2%(@4660)
  from x3: 0.89 0.94 0.95 0.95 0.95 0.95 0.95 0.95 0.95 0.95 0.95 0.95 0.95
  per-rule acc: 0.97 0.92
Epoch 5000 | Train: Loss=0.0019 Acc=99.9% | Test: Acc=96.0% | Best=96.2%(@4660)
  from x3: 0.93 0.96 0.96 0.96 0.96 0.96 0.96 0.96 0.97 0.97 0.97 0.97 0.97
  per-rule acc: 0.97 0.95
Epoch 5020 | Train: Loss=0.0021 Acc=99.9% | Test: Acc=95.9% | Best=96.2%(@4660)
  from x3: 0.92 0.95 0.96 0.96 0.96 0.96 0.96 0.96 0.96 0.96 0.96 0.96 0.96
  per-rule acc: 0.97 0.95
Epoch 5040 | Train: Loss=0.0098 Acc=99.9% | Test: Acc=91.5% | Best=96.2%(@4660)
  from x3: 0.87 0.92 0.91 0.92 0.92 0.92 0.92 0.92 0.92 0.92 0.92 0.92 0.92
  per-rule acc: 0.97 0.86
Epoch 5060 | Train: Loss=0.0019 Acc=99.9% | Test: Acc=96.0% | Best=96.2%(@4660)
  from x3: 0.93 0.96 0.96 0.96 0.96 0.96 0.96 0.96 0.96 0.96 0.96 0.96 0.96
  per-rule acc: 0.97 0.95
Epoch 5080 | Train: Loss=0.0021 Acc=99.9% | Test: Acc=96.0% | Best=96.2%(@4660)
  from x3: 0.93 0.96 0.96 0.96 0.96 0.96 0.96 0.96 0.96 0.96 0.96 0.96 0.96
  per-rule acc: 0.97 0.95
Epoch 5100 | Train: Loss=0.0022 Acc=99.9% | Test: Acc=95.9% | Best=96.2%(@4660)
  from x3: 0.93 0.95 0.96 0.96 0.96 0.96 0.96 0.96 0.96 0.96 0.96 0.96 0.96
  per-rule acc: 0.97 0.95
Epoch 5120 | Train: Loss=0.0089 Acc=99.9% | Test: Acc=91.7% | Best=96.2%(@4660)
  from x3: 0.85 0.91 0.92 0.92 0.93 0.92 0.92 0.92 0.92 0.92 0.92 0.92 0.93
  per-rule acc: 0.95 0.88
Epoch 5140 | Train: Loss=0.0017 Acc=99.9% | Test: Acc=96.0% | Best=96.2%(@4660)
  from x3: 0.93 0.96 0.96 0.96 0.96 0.96 0.96 0.96 0.96 0.96 0.96 0.96 0.96
  per-rule acc: 0.98 0.94
Epoch 5160 | Train: Loss=0.0020 Acc=99.9% | Test: Acc=96.1% | Best=96.2%(@4660)
  from x3: 0.93 0.96 0.96 0.96 0.96 0.96 0.96 0.96 0.96 0.96 0.96 0.96 0.96
  per-rule acc: 0.97 0.95
Epoch 5180 | Train: Loss=0.0228 Acc=99.7% | Test: Acc=85.6% | Best=96.2%(@4660)
  from x3: 0.76 0.84 0.85 0.86 0.86 0.87 0.87 0.87 0.87 0.87 0.87 0.87 0.87
  per-rule acc: 0.90 0.81
Epoch 5200 | Train: Loss=0.0018 Acc=99.9% | Test: Acc=96.5% | Best=96.5%(@5200)
  from x3: 0.94 0.97 0.96 0.97 0.97 0.97 0.97 0.97 0.97 0.97 0.97 0.97 0.97
  per-rule acc: 0.98 0.95
Epoch 5220 | Train: Loss=0.0024 Acc=99.9% | Test: Acc=95.9% | Best=96.5%(@5200)
  from x3: 0.92 0.96 0.96 0.96 0.96 0.96 0.96 0.96 0.96 0.96 0.96 0.96 0.96
  per-rule acc: 0.98 0.94
Epoch 5240 | Train: Loss=0.0028 Acc=99.9% | Test: Acc=95.6% | Best=96.5%(@5200)
  from x3: 0.92 0.95 0.96 0.96 0.96 0.96 0.96 0.96 0.96 0.96 0.96 0.96 0.96
  per-rule acc: 0.98 0.94
Epoch 5260 | Train: Loss=0.0020 Acc=99.9% | Test: Acc=96.1% | Best=96.5%(@5200)
  from x3: 0.93 0.96 0.96 0.96 0.96 0.96 0.96 0.96 0.96 0.96 0.96 0.96 0.96
  per-rule acc: 0.97 0.95
Epoch 5280 | Train: Loss=0.0022 Acc=99.9% | Test: Acc=96.1% | Best=96.5%(@5200)
  from x3: 0.93 0.96 0.96 0.96 0.96 0.96 0.96 0.96 0.96 0.96 0.96 0.96 0.96
  per-rule acc: 0.97 0.95
Epoch 5300 | Train: Loss=0.0022 Acc=99.9% | Test: Acc=95.9% | Best=96.5%(@5200)
  from x3: 0.93 0.96 0.96 0.96 0.96 0.96 0.96 0.96 0.96 0.96 0.96 0.96 0.96
  per-rule acc: 0.97 0.95
Epoch 5320 | Train: Loss=0.0113 Acc=99.9% | Test: Acc=89.8% | Best=96.5%(@5200)
  from x3: 0.82 0.89 0.90 0.90 0.90 0.91 0.91 0.91 0.91 0.91 0.91 0.91 0.91
  per-rule acc: 0.94 0.85
Epoch 5340 | Train: Loss=0.0018 Acc=99.9% | Test: Acc=96.1% | Best=96.5%(@5200)
  from x3: 0.93 0.96 0.96 0.96 0.96 0.96 0.96 0.96 0.97 0.96 0.97 0.97 0.97
  per-rule acc: 0.98 0.95
Epoch 5360 | Train: Loss=0.0020 Acc=99.9% | Test: Acc=96.1% | Best=96.5%(@5200)
  from x3: 0.93 0.96 0.96 0.96 0.96 0.96 0.96 0.97 0.96 0.96 0.96 0.96 0.96
  per-rule acc: 0.97 0.95
Epoch 5380 | Train: Loss=0.0021 Acc=99.9% | Test: Acc=96.0% | Best=96.5%(@5200)
  from x3: 0.93 0.96 0.96 0.96 0.96 0.96 0.96 0.96 0.96 0.96 0.96 0.96 0.96
  per-rule acc: 0.97 0.95
Epoch 5400 | Train: Loss=0.0021 Acc=99.9% | Test: Acc=95.8% | Best=96.5%(@5200)
  from x3: 0.93 0.96 0.96 0.96 0.96 0.96 0.96 0.96 0.96 0.96 0.96 0.96 0.96
  per-rule acc: 0.97 0.94
Epoch 5420 | Train: Loss=0.0156 Acc=99.8% | Test: Acc=91.4% | Best=96.5%(@5200)
  from x3: 0.86 0.90 0.91 0.92 0.92 0.92 0.92 0.92 0.92 0.92 0.92 0.92 0.92
  per-rule acc: 0.95 0.88
Epoch 5440 | Train: Loss=0.0017 Acc=99.9% | Test: Acc=96.6% | Best=96.6%(@5440)
  from x3: 0.93 0.96 0.96 0.97 0.97 0.97 0.97 0.97 0.97 0.97 0.97 0.97 0.97
  per-rule acc: 0.98 0.95
Epoch 5460 | Train: Loss=0.0019 Acc=99.9% | Test: Acc=96.3% | Best=96.6%(@5440)
  from x3: 0.93 0.96 0.96 0.96 0.96 0.97 0.97 0.97 0.97 0.97 0.97 0.97 0.97
  per-rule acc: 0.97 0.95
Epoch 5480 | Train: Loss=0.0020 Acc=99.9% | Test: Acc=96.2% | Best=96.6%(@5440)
  from x3: 0.93 0.96 0.96 0.96 0.97 0.97 0.97 0.97 0.97 0.97 0.97 0.97 0.97
  per-rule acc: 0.97 0.95
Epoch 5500 | Train: Loss=0.0020 Acc=99.9% | Test: Acc=95.9% | Best=96.6%(@5440)
  from x3: 0.93 0.96 0.96 0.96 0.96 0.96 0.96 0.96 0.96 0.96 0.96 0.96 0.96
  per-rule acc: 0.97 0.95
Epoch 5520 | Train: Loss=0.0034 Acc=99.9% | Test: Acc=94.4% | Best=96.6%(@5440)
  from x3: 0.88 0.93 0.94 0.95 0.95 0.95 0.95 0.95 0.95 0.95 0.95 0.95 0.95
  per-rule acc: 0.97 0.92
Epoch 5540 | Train: Loss=0.0018 Acc=99.9% | Test: Acc=96.4% | Best=96.6%(@5440)
  from x3: 0.93 0.96 0.96 0.97 0.97 0.97 0.97 0.97 0.97 0.97 0.97 0.97 0.97
  per-rule acc: 0.98 0.95
Epoch 5560 | Train: Loss=0.0020 Acc=99.9% | Test: Acc=96.1% | Best=96.6%(@5440)
  from x3: 0.93 0.96 0.96 0.96 0.96 0.96 0.96 0.96 0.96 0.96 0.96 0.96 0.97
  per-rule acc: 0.97 0.95
Epoch 5580 | Train: Loss=0.0020 Acc=99.9% | Test: Acc=95.9% | Best=96.6%(@5440)
  from x3: 0.93 0.96 0.96 0.96 0.96 0.96 0.96 0.96 0.96 0.96 0.96 0.96 0.96
  per-rule acc: 0.97 0.95
Epoch 5600 | Train: Loss=0.0097 Acc=99.8% | Test: Acc=77.9% | Best=96.6%(@5440)
  from x3: 0.68 0.76 0.77 0.78 0.79 0.79 0.79 0.79 0.80 0.79 0.79 0.79 0.79
  per-rule acc: 0.87 0.69
Epoch 5620 | Train: Loss=0.0043 Acc=99.9% | Test: Acc=94.6% | Best=96.6%(@5440)
  from x3: 0.90 0.94 0.95 0.95 0.95 0.95 0.95 0.95 0.95 0.95 0.95 0.95 0.95
  per-rule acc: 0.97 0.92
Epoch 5640 | Train: Loss=0.0018 Acc=99.9% | Test: Acc=96.1% | Best=96.6%(@5440)
  from x3: 0.93 0.96 0.96 0.96 0.96 0.96 0.96 0.96 0.97 0.97 0.97 0.97 0.97
  per-rule acc: 0.97 0.95
Epoch 5660 | Train: Loss=0.0020 Acc=99.9% | Test: Acc=95.9% | Best=96.6%(@5440)
  from x3: 0.92 0.96 0.96 0.96 0.96 0.96 0.96 0.96 0.96 0.96 0.96 0.96 0.96
  per-rule acc: 0.97 0.95
Epoch 5680 | Train: Loss=0.0020 Acc=99.9% | Test: Acc=95.8% | Best=96.6%(@5440)
  from x3: 0.93 0.96 0.96 0.96 0.96 0.96 0.96 0.96 0.96 0.96 0.96 0.96 0.96
  per-rule acc: 0.97 0.94
Epoch 5700 | Train: Loss=0.0020 Acc=99.9% | Test: Acc=95.7% | Best=96.6%(@5440)
  from x3: 0.92 0.95 0.96 0.96 0.96 0.96 0.96 0.96 0.96 0.96 0.96 0.96 0.96
  per-rule acc: 0.97 0.94
Epoch 5720 | Train: Loss=0.0040 Acc=99.9% | Test: Acc=93.4% | Best=96.6%(@5440)
  from x3: 0.89 0.93 0.93 0.93 0.94 0.94 0.94 0.94 0.94 0.94 0.94 0.94 0.94
  per-rule acc: 0.97 0.90
Epoch 5740 | Train: Loss=0.0017 Acc=99.9% | Test: Acc=96.4% | Best=96.6%(@5440)
  from x3: 0.94 0.96 0.96 0.97 0.97 0.97 0.97 0.97 0.97 0.97 0.97 0.97 0.97
  per-rule acc: 0.98 0.95
Epoch 5760 | Train: Loss=0.0019 Acc=99.9% | Test: Acc=96.3% | Best=96.6%(@5440)
  from x3: 0.93 0.96 0.96 0.96 0.97 0.97 0.97 0.97 0.97 0.97 0.97 0.97 0.97
  per-rule acc: 0.97 0.95
Epoch 5780 | Train: Loss=0.0020 Acc=99.9% | Test: Acc=96.2% | Best=96.6%(@5440)
  from x3: 0.93 0.96 0.96 0.97 0.97 0.97 0.96 0.97 0.96 0.97 0.97 0.97 0.97
  per-rule acc: 0.97 0.95
Epoch 5800 | Train: Loss=0.0020 Acc=99.9% | Test: Acc=96.0% | Best=96.6%(@5440)
  from x3: 0.93 0.96 0.96 0.96 0.96 0.96 0.96 0.96 0.96 0.96 0.96 0.96 0.96
  per-rule acc: 0.97 0.95
Epoch 5820 | Train: Loss=0.0020 Acc=99.9% | Test: Acc=95.6% | Best=96.6%(@5440)
  from x3: 0.92 0.95 0.96 0.96 0.96 0.96 0.96 0.96 0.96 0.96 0.96 0.96 0.96
  per-rule acc: 0.97 0.94
Epoch 5840 | Train: Loss=0.0097 Acc=99.9% | Test: Acc=92.2% | Best=96.6%(@5440)
  from x3: 0.84 0.92 0.92 0.93 0.93 0.93 0.93 0.93 0.93 0.93 0.93 0.93 0.93
  per-rule acc: 0.95 0.90
Epoch 5860 | Train: Loss=0.0017 Acc=99.9% | Test: Acc=96.3% | Best=96.6%(@5440)
  from x3: 0.93 0.96 0.96 0.97 0.97 0.97 0.97 0.97 0.97 0.97 0.97 0.97 0.97
  per-rule acc: 0.98 0.95
Epoch 5880 | Train: Loss=0.0019 Acc=99.9% | Test: Acc=96.1% | Best=96.6%(@5440)
  from x3: 0.93 0.96 0.96 0.96 0.96 0.96 0.96 0.96 0.96 0.96 0.96 0.96 0.96
  per-rule acc: 0.97 0.95
Epoch 5900 | Train: Loss=0.0033 Acc=99.9% | Test: Acc=96.0% | Best=96.6%(@5440)
  from x3: 0.92 0.96 0.96 0.96 0.96 0.96 0.96 0.96 0.96 0.96 0.96 0.96 0.96
  per-rule acc: 0.97 0.95
Epoch 5920 | Train: Loss=0.0018 Acc=99.9% | Test: Acc=96.6% | Best=96.6%(@5440)
  from x3: 0.93 0.96 0.97 0.97 0.97 0.97 0.97 0.97 0.97 0.97 0.97 0.97 0.97
  per-rule acc: 0.98 0.95
Epoch 5940 | Train: Loss=0.0019 Acc=99.9% | Test: Acc=96.3% | Best=96.6%(@5440)
  from x3: 0.93 0.96 0.96 0.96 0.97 0.97 0.97 0.97 0.97 0.97 0.97 0.97 0.97
  per-rule acc: 0.97 0.95
Epoch 5960 | Train: Loss=0.0020 Acc=99.9% | Test: Acc=96.3% | Best=96.6%(@5440)
  from x3: 0.93 0.96 0.96 0.97 0.97 0.97 0.97 0.97 0.97 0.97 0.97 0.97 0.97
  per-rule acc: 0.98 0.95
Epoch 5980 | Train: Loss=0.0020 Acc=99.9% | Test: Acc=96.0% | Best=96.6%(@5440)
  from x3: 0.93 0.96 0.96 0.96 0.96 0.96 0.96 0.96 0.96 0.96 0.96 0.96 0.96
  per-rule acc: 0.97 0.95
Epoch 6000 | Train: Loss=0.0019 Acc=99.9% | Test: Acc=95.8% | Best=96.6%(@5440)
  from x3: 0.93 0.96 0.96 0.96 0.96 0.96 0.96 0.96 0.96 0.96 0.96 0.96 0.96
  per-rule acc: 0.97 0.94
Epoch 6020 | Train: Loss=0.0080 Acc=99.9% | Test: Acc=90.2% | Best=96.6%(@5440)
  from x3: 0.83 0.90 0.90 0.91 0.91 0.91 0.91 0.91 0.91 0.91 0.91 0.91 0.91
  per-rule acc: 0.95 0.85
Epoch 6040 | Train: Loss=0.0017 Acc=99.9% | Test: Acc=96.4% | Best=96.6%(@5440)
  from x3: 0.93 0.96 0.97 0.97 0.97 0.97 0.97 0.97 0.97 0.97 0.97 0.97 0.97
  per-rule acc: 0.97 0.95
Epoch 6060 | Train: Loss=0.0018 Acc=99.9% | Test: Acc=96.2% | Best=96.6%(@5440)
  from x3: 0.93 0.96 0.96 0.96 0.96 0.96 0.96 0.96 0.96 0.96 0.96 0.96 0.96
  per-rule acc: 0.97 0.95
Epoch 6080 | Train: Loss=0.0019 Acc=99.9% | Test: Acc=96.0% | Best=96.6%(@5440)
  from x3: 0.93 0.96 0.96 0.96 0.96 0.96 0.96 0.96 0.96 0.96 0.96 0.96 0.96
  per-rule acc: 0.97 0.95
Epoch 6100 | Train: Loss=0.0019 Acc=99.9% | Test: Acc=96.0% | Best=96.6%(@5440)
  from x3: 0.93 0.96 0.96 0.96 0.96 0.96 0.96 0.96 0.96 0.96 0.96 0.96 0.96
  per-rule acc: 0.97 0.95
Epoch 6120 | Train: Loss=0.0018 Acc=99.9% | Test: Acc=95.8% | Best=96.6%(@5440)
  from x3: 0.92 0.96 0.96 0.96 0.96 0.96 0.96 0.96 0.96 0.96 0.96 0.96 0.96
  per-rule acc: 0.97 0.94
Epoch 6140 | Train: Loss=0.0047 Acc=99.9% | Test: Acc=94.1% | Best=96.6%(@5440)
  from x3: 0.88 0.94 0.94 0.94 0.95 0.95 0.95 0.95 0.95 0.95 0.95 0.95 0.95
  per-rule acc: 0.97 0.91
Epoch 6160 | Train: Loss=0.0017 Acc=99.9% | Test: Acc=96.4% | Best=96.6%(@5440)
  from x3: 0.93 0.96 0.97 0.97 0.97 0.97 0.97 0.97 0.97 0.97 0.97 0.97 0.97
  per-rule acc: 0.98 0.95
Epoch 6180 | Train: Loss=0.0018 Acc=99.9% | Test: Acc=96.3% | Best=96.6%(@5440)
  from x3: 0.93 0.96 0.96 0.96 0.97 0.97 0.97 0.97 0.97 0.97 0.97 0.97 0.97
  per-rule acc: 0.97 0.95
Epoch 6200 | Train: Loss=0.0019 Acc=99.9% | Test: Acc=96.1% | Best=96.6%(@5440)
  from x3: 0.93 0.96 0.96 0.96 0.96 0.96 0.96 0.97 0.96 0.97 0.96 0.97 0.97
  per-rule acc: 0.97 0.95
Epoch 6220 | Train: Loss=0.0019 Acc=99.9% | Test: Acc=96.0% | Best=96.6%(@5440)
  from x3: 0.93 0.96 0.96 0.96 0.96 0.96 0.96 0.96 0.96 0.96 0.96 0.96 0.96
  per-rule acc: 0.97 0.95
Epoch 6240 | Train: Loss=0.0094 Acc=99.9% | Test: Acc=91.1% | Best=96.6%(@5440)
  from x3: 0.84 0.91 0.91 0.91 0.92 0.92 0.92 0.92 0.92 0.92 0.92 0.92 0.92
  per-rule acc: 0.95 0.88
Epoch 6260 | Train: Loss=0.0017 Acc=99.9% | Test: Acc=96.0% | Best=96.6%(@5440)
  from x3: 0.93 0.96 0.96 0.96 0.96 0.96 0.96 0.96 0.96 0.96 0.96 0.96 0.96
  per-rule acc: 0.98 0.95
Epoch 6280 | Train: Loss=0.0018 Acc=99.9% | Test: Acc=96.1% | Best=96.6%(@5440)
  from x3: 0.93 0.96 0.96 0.96 0.96 0.96 0.96 0.96 0.96 0.96 0.96 0.96 0.97
  per-rule acc: 0.97 0.95
Epoch 6300 | Train: Loss=0.0019 Acc=99.9% | Test: Acc=96.1% | Best=96.6%(@5440)
  from x3: 0.92 0.96 0.96 0.96 0.97 0.96 0.97 0.97 0.97 0.96 0.96 0.96 0.97
  per-rule acc: 0.97 0.95
Epoch 6320 | Train: Loss=0.0019 Acc=99.9% | Test: Acc=95.9% | Best=96.6%(@5440)
  from x3: 0.92 0.96 0.96 0.96 0.96 0.96 0.96 0.96 0.96 0.96 0.96 0.96 0.96
  per-rule acc: 0.97 0.95
Epoch 6340 | Train: Loss=0.0038 Acc=99.9% | Test: Acc=93.8% | Best=96.6%(@5440)
  from x3: 0.88 0.94 0.94 0.94 0.94 0.94 0.94 0.94 0.94 0.94 0.94 0.94 0.94
  per-rule acc: 0.96 0.92
Epoch 6360 | Train: Loss=0.0018 Acc=99.9% | Test: Acc=96.3% | Best=96.6%(@5440)
  from x3: 0.93 0.96 0.96 0.96 0.97 0.97 0.97 0.97 0.97 0.97 0.97 0.97 0.97
  per-rule acc: 0.97 0.95
Epoch 6380 | Train: Loss=0.0019 Acc=99.9% | Test: Acc=96.1% | Best=96.6%(@5440)
  from x3: 0.93 0.96 0.96 0.96 0.96 0.96 0.96 0.96 0.96 0.96 0.96 0.96 0.96
  per-rule acc: 0.97 0.95
Epoch 6400 | Train: Loss=0.0019 Acc=99.9% | Test: Acc=95.9% | Best=96.6%(@5440)
  from x3: 0.92 0.96 0.96 0.96 0.96 0.96 0.96 0.96 0.96 0.96 0.96 0.96 0.96
  per-rule acc: 0.97 0.95
Epoch 6420 | Train: Loss=0.0019 Acc=99.9% | Test: Acc=95.9% | Best=96.6%(@5440)
  from x3: 0.92 0.96 0.96 0.96 0.96 0.96 0.96 0.96 0.96 0.96 0.96 0.96 0.96
  per-rule acc: 0.97 0.95
Epoch 6440 | Train: Loss=0.0018 Acc=99.9% | Test: Acc=95.7% | Best=96.6%(@5440)
  from x3: 0.92 0.95 0.96 0.96 0.96 0.96 0.96 0.96 0.96 0.96 0.96 0.96 0.96
  per-rule acc: 0.97 0.94
Epoch 6460 | Train: Loss=0.0075 Acc=99.9% | Test: Acc=91.8% | Best=96.6%(@5440)
  from x3: 0.84 0.91 0.92 0.92 0.92 0.92 0.93 0.93 0.93 0.93 0.93 0.93 0.93
  per-rule acc: 0.96 0.88
Epoch 6480 | Train: Loss=0.0017 Acc=99.9% | Test: Acc=95.9% | Best=96.6%(@5440)
  from x3: 0.93 0.96 0.96 0.96 0.96 0.96 0.96 0.96 0.96 0.96 0.96 0.96 0.96
  per-rule acc: 0.98 0.94
Epoch 6500 | Train: Loss=0.0018 Acc=99.9% | Test: Acc=95.8% | Best=96.6%(@5440)
  from x3: 0.92 0.96 0.96 0.96 0.96 0.96 0.96 0.96 0.96 0.96 0.96 0.96 0.96
  per-rule acc: 0.97 0.94
Epoch 6520 | Train: Loss=0.0019 Acc=99.9% | Test: Acc=95.8% | Best=96.6%(@5440)
  from x3: 0.93 0.96 0.96 0.96 0.96 0.96 0.96 0.96 0.96 0.96 0.96 0.96 0.96
  per-rule acc: 0.97 0.95
Epoch 6540 | Train: Loss=0.0019 Acc=99.9% | Test: Acc=95.8% | Best=96.6%(@5440)
  from x3: 0.92 0.95 0.96 0.96 0.96 0.96 0.96 0.96 0.96 0.96 0.96 0.96 0.96
  per-rule acc: 0.97 0.94
Epoch 6560 | Train: Loss=0.0018 Acc=99.9% | Test: Acc=95.7% | Best=96.6%(@5440)
  from x3: 0.92 0.95 0.96 0.96 0.96 0.96 0.96 0.96 0.96 0.96 0.96 0.96 0.96
  per-rule acc: 0.97 0.94
Epoch 6580 | Train: Loss=0.0214 Acc=99.7% | Test: Acc=81.4% | Best=96.6%(@5440)
  from x3: 0.69 0.80 0.81 0.82 0.82 0.83 0.83 0.83 0.83 0.83 0.83 0.83 0.83
  per-rule acc: 0.89 0.74
Epoch 6600 | Train: Loss=0.0037 Acc=99.9% | Test: Acc=93.8% | Best=96.6%(@5440)
  from x3: 0.89 0.93 0.94 0.94 0.94 0.94 0.94 0.94 0.94 0.94 0.94 0.94 0.94
  per-rule acc: 0.97 0.90
Epoch 6620 | Train: Loss=0.0017 Acc=99.9% | Test: Acc=95.9% | Best=96.6%(@5440)
  from x3: 0.92 0.96 0.96 0.96 0.96 0.96 0.96 0.96 0.96 0.96 0.96 0.96 0.96
  per-rule acc: 0.97 0.94
Epoch 6640 | Train: Loss=0.0018 Acc=99.9% | Test: Acc=95.8% | Best=96.6%(@5440)
  from x3: 0.92 0.96 0.96 0.96 0.96 0.96 0.96 0.96 0.96 0.96 0.96 0.96 0.96
  per-rule acc: 0.97 0.94
Epoch 6660 | Train: Loss=0.0018 Acc=99.9% | Test: Acc=95.7% | Best=96.6%(@5440)
  from x3: 0.92 0.96 0.96 0.96 0.96 0.96 0.96 0.96 0.96 0.96 0.96 0.96 0.96
  per-rule acc: 0.97 0.94
Epoch 6680 | Train: Loss=0.0018 Acc=99.9% | Test: Acc=95.6% | Best=96.6%(@5440)
  from x3: 0.92 0.96 0.96 0.96 0.96 0.96 0.96 0.96 0.96 0.96 0.96 0.96 0.96
  per-rule acc: 0.97 0.94
Epoch 6700 | Train: Loss=0.0018 Acc=99.9% | Test: Acc=95.6% | Best=96.6%(@5440)
  from x3: 0.92 0.95 0.96 0.96 0.96 0.96 0.96 0.96 0.96 0.96 0.96 0.96 0.96
  per-rule acc: 0.97 0.94
Epoch 6720 | Train: Loss=0.0089 Acc=99.9% | Test: Acc=88.9% | Best=96.6%(@5440)
  from x3: 0.81 0.88 0.89 0.89 0.89 0.90 0.90 0.90 0.90 0.90 0.90 0.90 0.90
  per-rule acc: 0.95 0.83
Epoch 6740 | Train: Loss=0.0017 Acc=99.9% | Test: Acc=95.9% | Best=96.6%(@5440)
  from x3: 0.93 0.96 0.96 0.96 0.96 0.96 0.96 0.96 0.96 0.96 0.96 0.96 0.96
  per-rule acc: 0.97 0.95
Epoch 6760 | Train: Loss=0.0017 Acc=99.9% | Test: Acc=95.9% | Best=96.6%(@5440)
  from x3: 0.92 0.96 0.96 0.96 0.96 0.96 0.96 0.96 0.96 0.96 0.96 0.96 0.96
  per-rule acc: 0.97 0.95
Epoch 6780 | Train: Loss=0.0018 Acc=99.9% | Test: Acc=96.0% | Best=96.6%(@5440)
  from x3: 0.92 0.96 0.96 0.96 0.96 0.96 0.96 0.96 0.96 0.96 0.96 0.96 0.96
  per-rule acc: 0.97 0.95
Epoch 6800 | Train: Loss=0.0018 Acc=99.9% | Test: Acc=95.8% | Best=96.6%(@5440)
  from x3: 0.92 0.96 0.96 0.96 0.96 0.96 0.96 0.96 0.96 0.96 0.96 0.96 0.96
  per-rule acc: 0.97 0.94
Epoch 6820 | Train: Loss=0.0017 Acc=99.9% | Test: Acc=95.6% | Best=96.6%(@5440)
  from x3: 0.92 0.95 0.96 0.96 0.96 0.96 0.96 0.96 0.96 0.96 0.96 0.96 0.96
  per-rule acc: 0.97 0.94
Epoch 6840 | Train: Loss=0.0032 Acc=99.9% | Test: Acc=94.2% | Best=96.6%(@5440)
  from x3: 0.89 0.94 0.94 0.94 0.95 0.95 0.95 0.95 0.95 0.95 0.95 0.95 0.95
  per-rule acc: 0.97 0.92
Epoch 6860 | Train: Loss=0.0017 Acc=99.9% | Test: Acc=95.6% | Best=96.6%(@5440)
  from x3: 0.92 0.96 0.96 0.96 0.96 0.96 0.96 0.96 0.96 0.96 0.96 0.96 0.96
  per-rule acc: 0.97 0.94
Epoch 6880 | Train: Loss=0.0018 Acc=99.9% | Test: Acc=95.5% | Best=96.6%(@5440)
  from x3: 0.92 0.95 0.96 0.96 0.96 0.96 0.96 0.96 0.96 0.96 0.96 0.96 0.96
  per-rule acc: 0.97 0.94
Epoch 6900 | Train: Loss=0.0018 Acc=99.9% | Test: Acc=95.6% | Best=96.6%(@5440)
  from x3: 0.92 0.95 0.96 0.96 0.96 0.96 0.96 0.96 0.96 0.96 0.96 0.96 0.96
  per-rule acc: 0.97 0.94
Epoch 6920 | Train: Loss=0.0018 Acc=99.9% | Test: Acc=95.5% | Best=96.6%(@5440)
  from x3: 0.91 0.95 0.96 0.96 0.96 0.96 0.96 0.96 0.96 0.96 0.96 0.96 0.96
  per-rule acc: 0.97 0.94
Epoch 6940 | Train: Loss=0.0017 Acc=99.9% | Test: Acc=95.4% | Best=96.6%(@5440)
  from x3: 0.91 0.95 0.96 0.96 0.96 0.96 0.96 0.96 0.96 0.96 0.96 0.96 0.96
  per-rule acc: 0.97 0.94
Epoch 6960 | Train: Loss=0.0060 Acc=99.9% | Test: Acc=90.9% | Best=96.6%(@5440)
  from x3: 0.84 0.90 0.91 0.91 0.92 0.92 0.92 0.92 0.92 0.92 0.92 0.92 0.92
  per-rule acc: 0.94 0.88
Epoch 6980 | Train: Loss=0.0017 Acc=99.9% | Test: Acc=95.2% | Best=96.6%(@5440)
  from x3: 0.92 0.95 0.95 0.96 0.96 0.96 0.95 0.96 0.96 0.96 0.96 0.96 0.96
  per-rule acc: 0.97 0.94
Epoch 7000 | Train: Loss=0.0017 Acc=99.9% | Test: Acc=95.6% | Best=96.6%(@5440)
  from x3: 0.92 0.96 0.96 0.96 0.96 0.96 0.96 0.96 0.96 0.96 0.96 0.96 0.96
  per-rule acc: 0.97 0.94
Epoch 7020 | Train: Loss=0.0018 Acc=99.9% | Test: Acc=95.5% | Best=96.6%(@5440)
  from x3: 0.92 0.95 0.96 0.96 0.96 0.96 0.96 0.96 0.96 0.96 0.96 0.96 0.96
  per-rule acc: 0.97 0.94
Epoch 7040 | Train: Loss=0.0018 Acc=99.9% | Test: Acc=95.5% | Best=96.6%(@5440)
  from x3: 0.91 0.95 0.96 0.96 0.96 0.96 0.96 0.96 0.96 0.96 0.96 0.96 0.96
  per-rule acc: 0.97 0.94
Epoch 7060 | Train: Loss=0.0017 Acc=99.9% | Test: Acc=95.4% | Best=96.6%(@5440)
  from x3: 0.91 0.95 0.96 0.96 0.96 0.96 0.96 0.96 0.96 0.96 0.96 0.96 0.96
  per-rule acc: 0.97 0.94
Epoch 7080 | Train: Loss=0.0033 Acc=99.9% | Test: Acc=94.0% | Best=96.6%(@5440)
  from x3: 0.89 0.94 0.94 0.94 0.94 0.94 0.94 0.94 0.95 0.95 0.95 0.95 0.95
  per-rule acc: 0.96 0.92
Epoch 7100 | Train: Loss=0.0017 Acc=99.9% | Test: Acc=95.5% | Best=96.6%(@5440)
  from x3: 0.92 0.96 0.96 0.96 0.96 0.96 0.96 0.96 0.96 0.96 0.96 0.96 0.96
  per-rule acc: 0.97 0.94
Epoch 7120 | Train: Loss=0.0018 Acc=99.9% | Test: Acc=95.4% | Best=96.6%(@5440)
  from x3: 0.92 0.96 0.96 0.96 0.96 0.96 0.96 0.96 0.96 0.96 0.96 0.96 0.96
  per-rule acc: 0.97 0.94
Epoch 7140 | Train: Loss=0.0018 Acc=99.9% | Test: Acc=95.4% | Best=96.6%(@5440)
  from x3: 0.92 0.95 0.96 0.96 0.96 0.96 0.96 0.96 0.96 0.96 0.96 0.96 0.96
  per-rule acc: 0.97 0.94
Epoch 7160 | Train: Loss=0.0018 Acc=99.9% | Test: Acc=95.4% | Best=96.6%(@5440)
  from x3: 0.92 0.95 0.96 0.96 0.96 0.96 0.96 0.96 0.96 0.96 0.96 0.96 0.96
  per-rule acc: 0.97 0.94
Epoch 7180 | Train: Loss=0.0017 Acc=99.9% | Test: Acc=95.3% | Best=96.6%(@5440)
  from x3: 0.91 0.95 0.95 0.96 0.96 0.96 0.96 0.96 0.96 0.96 0.96 0.96 0.96
  per-rule acc: 0.97 0.94
Epoch 7200 | Train: Loss=0.0017 Acc=99.9% | Test: Acc=95.2% | Best=96.6%(@5440)
  from x3: 0.91 0.95 0.95 0.95 0.96 0.96 0.96 0.96 0.96 0.96 0.96 0.96 0.96
  per-rule acc: 0.97 0.94
Epoch 7220 | Train: Loss=0.0059 Acc=99.9% | Test: Acc=91.0% | Best=96.6%(@5440)
  from x3: 0.84 0.91 0.91 0.91 0.92 0.92 0.92 0.92 0.92 0.92 0.92 0.92 0.92
  per-rule acc: 0.96 0.86
Epoch 7240 | Train: Loss=0.0017 Acc=99.9% | Test: Acc=95.4% | Best=96.6%(@5440)
  from x3: 0.91 0.95 0.96 0.96 0.96 0.96 0.96 0.96 0.96 0.96 0.96 0.96 0.96
  per-rule acc: 0.97 0.94
Epoch 7260 | Train: Loss=0.0017 Acc=99.9% | Test: Acc=95.4% | Best=96.6%(@5440)
  from x3: 0.91 0.95 0.96 0.96 0.96 0.96 0.96 0.96 0.96 0.96 0.96 0.96 0.96
  per-rule acc: 0.97 0.94
Epoch 7280 | Train: Loss=0.0017 Acc=99.9% | Test: Acc=95.3% | Best=96.6%(@5440)
  from x3: 0.91 0.95 0.96 0.96 0.96 0.96 0.96 0.96 0.96 0.96 0.96 0.96 0.96
  per-rule acc: 0.97 0.94
Epoch 7300 | Train: Loss=0.0017 Acc=99.9% | Test: Acc=95.2% | Best=96.6%(@5440)
  from x3: 0.91 0.95 0.96 0.95 0.96 0.96 0.96 0.96 0.96 0.96 0.96 0.96 0.96
  per-rule acc: 0.97 0.94
Epoch 7320 | Train: Loss=0.0017 Acc=99.9% | Test: Acc=95.2% | Best=96.6%(@5440)
  from x3: 0.91 0.95 0.95 0.96 0.95 0.96 0.96 0.96 0.96 0.96 0.96 0.96 0.96
  per-rule acc: 0.97 0.94
Epoch 7340 | Train: Loss=0.0017 Acc=99.9% | Test: Acc=95.0% | Best=96.6%(@5440)
  from x3: 0.90 0.95 0.95 0.95 0.95 0.96 0.96 0.95 0.95 0.95 0.96 0.95 0.95
  per-rule acc: 0.97 0.93
Epoch 7360 | Train: Loss=0.0016 Acc=99.9% | Test: Acc=95.0% | Best=96.6%(@5440)
  from x3: 0.90 0.95 0.95 0.95 0.95 0.96 0.95 0.96 0.96 0.96 0.95 0.95 0.95
  per-rule acc: 0.97 0.93
Epoch 7380 | Train: Loss=0.0064 Acc=99.9% | Test: Acc=91.4% | Best=96.6%(@5440)
  from x3: 0.85 0.91 0.92 0.92 0.92 0.92 0.92 0.92 0.92 0.92 0.92 0.92 0.92
  per-rule acc: 0.96 0.87
Epoch 7400 | Train: Loss=0.0016 Acc=99.9% | Test: Acc=95.1% | Best=96.6%(@5440)
  from x3: 0.92 0.95 0.95 0.95 0.95 0.95 0.95 0.96 0.96 0.96 0.96 0.96 0.96
  per-rule acc: 0.97 0.93
Epoch 7420 | Train: Loss=0.0016 Acc=99.9% | Test: Acc=95.2% | Best=96.6%(@5440)
  from x3: 0.91 0.95 0.95 0.95 0.96 0.96 0.96 0.95 0.96 0.96 0.96 0.96 0.96
  per-rule acc: 0.97 0.94
Epoch 7440 | Train: Loss=0.0017 Acc=99.9% | Test: Acc=95.2% | Best=96.6%(@5440)
  from x3: 0.91 0.95 0.95 0.95 0.96 0.96 0.96 0.96 0.96 0.96 0.96 0.96 0.96
  per-rule acc: 0.97 0.94
[Early stop] No improvement for 2000 consecutive epochs

==================================================
Saving model...
[OK] Model saved to: /home/cxm/ai/test0625-basic2/models/mixed_basic_d512l4_r4_t16.pth
  File size: 49928.3 KB
  Best test accuracy: 96.58%

==================================================
Final generation test (given first two items, AB generates 3rd as prompt, validate from 4th)
==================================================

--- AB pair 1: (1, 1) ---

--- Statistics for AB=(1,1) ---
Exposed    samples:  1405 | In-dist: 18135/18265 ( 99.3%) | OOD: 22320/22480 ( 99.3%)
Unexposed  samples:  1404 | In-dist: 15114/18252 ( 82.8%) | OOD: 13497/22464 ( 60.1%)

--- AB pair 2: (1, 2) ---

--- Statistics for AB=(1,2) ---
Exposed    samples:  1405 | In-dist: 18187/18265 ( 99.6%) | OOD: 22390/22480 ( 99.6%)
Unexposed  samples:  1404 | In-dist: 13228/18252 ( 72.5%) | OOD:  8071/22464 ( 35.9%)

--- Return code: 0 ---

======================================================================
Attention Analysis
======================================================================
Model config: addition (default), p=53
Best test accuracy: 0.9657571772956388
Training epochs: 7440

Random test sequence 1/5 (length 32): [40, 5, 45, 50, 42, 39, 28, 14, 42, 3, 45, 48, 40, 35, 22, 4, 26, 30, 3, 33]...

======================================================================
Attention Layer Training Result Summary
======================================================================
Input sequence: [40, 5, 45, 50, 42, 39, 28, 14, 42, 3, 45, 48, 40, 35, 22, 4, 26, 30, 3, 33, 36, 16, 52, 15, 14, 29, 43, 19, 9, 28, 37, 12]

--- Layer 0 ---
  Head 0: Entropy=0.355
    Attention coefficients from each query position to previous positions:
      i= 0 -> j=0:1.000
      i= 1 -> j=0:0.971, j=1:0.029
      i= 2 -> j=0:0.112, j=1:0.861, j=2:0.028
      i= 3 -> j=0:0.000, j=1:0.057, j=2:0.908, j=3:0.035
      i= 4 -> j=0:0.000, j=1:0.000, j=2:0.060, j=3:0.902, j=4:0.037
      i= 5 -> j=0:0.000, j=1:0.000, j=2:0.000, j=3:0.046, j=4:0.926, j=5:0.028
      i= 6 -> j=0:0.000, j=1:0.000, j=2:0.000, j=3:0.000, j=4:0.081, j=5:0.892, j=6:0.027
      i= 7 -> j=0:0.000, j=1:0.000, j=2:0.000, j=3:0.000, j=4:0.000, j=5:0.056, j=6:0.911, j=7:0.034
      i= 8 -> j=0:0.000, j=1:0.000, j=2:0.000, j=3:0.000, j=4:0.000, j=5:0.000, j=6:0.062, j=7:0.907, j=8:0.031
      i= 9 -> j=0:0.000, j=1:0.000, j=2:0.000, j=3:0.000, j=4:0.000, j=5:0.000, j=6:0.000, j=7:0.041, j=8:0.926, j=9:0.033
      i=10 -> j=0:0.000, j=1:0.000, j=2:0.000, j=3:0.000, j=4:0.000, j=5:0.000, j=6:0.000, j=7:0.000, j=8:0.102, j=9:0.873, j=10:0.026
      i=11 -> j=0:0.000, j=1:0.000, j=2:0.000, j=3:0.000, j=4:0.000, j=5:0.000, j=6:0.000, j=7:0.000, j=8:0.000, j=9:0.067, j=10:0.896, j=11:0.037
      i=12 -> j=0:0.000, j=1:0.000, j=2:0.000, j=3:0.000, j=4:0.000, j=5:0.000, j=6:0.000, j=7:0.000, j=8:0.000, j=9:0.000, j=10:0.058, j=11:0.910, j=12:0.032
      i=13 -> j=0:0.000, j=1:0.000, j=2:0.000, j=3:0.000, j=4:0.000, j=5:0.000, j=6:0.000, j=7:0.000, j=8:0.000, j=9:0.000, j=10:0.000, j=11:0.046, j=12:0.931, j=13:0.024
      i=14 -> j=0:0.000, j=1:0.000, j=2:0.000, j=3:0.000, j=4:0.000, j=5:0.000, j=6:0.000, j=7:0.000, j=8:0.000, j=9:0.000, j=10:0.000, j=11:0.000, j=12:0.101, j=13:0.869, j=14:0.030
      i=15 -> j=0:0.000, j=1:0.000, j=2:0.000, j=3:0.000, j=4:0.000, j=5:0.000, j=6:0.000, j=7:0.000, j=8:0.000, j=9:0.000, j=10:0.000, j=11:0.000, j=12:0.000, j=13:0.071, j=14:0.898, j=15:0.031
      i=16 -> j=0:0.000, j=1:0.000, j=2:0.000, j=3:0.000, j=4:0.000, j=5:0.000, j=6:0.000, j=7:0.000, j=8:0.000, j=9:0.000, j=10:0.000, j=11:0.000, j=12:0.000, j=13:0.000, j=14:0.070, j=15:0.891, j=16:0.039
      i=17 -> j=0:0.000, j=1:0.000, j=2:0.000, j=3:0.000, j=4:0.000, j=5:0.000, j=6:0.000, j=7:0.000, j=8:0.000, j=9:0.000, j=10:0.000, j=11:0.000, j=12:0.000, j=13:0.000, j=14:0.000, j=15:0.027, j=16:0.953, j=17:0.020
      i=18 -> j=0:0.000, j=1:0.000, j=2:0.000, j=3:0.000, j=4:0.000, j=5:0.000, j=6:0.000, j=7:0.000, j=8:0.000, j=9:0.000, j=10:0.000, j=11:0.000, j=12:0.000, j=13:0.000, j=14:0.000, j=15:0.000, j=16:0.116, j=17:0.834, j=18:0.050
      i=19 -> j=0:0.000, j=1:0.000, j=2:0.000, j=3:0.000, j=4:0.000, j=5:0.000, j=6:0.000, j=7:0.000, j=8:0.000, j=9:0.000, j=10:0.000, j=11:0.000, j=12:0.000, j=13:0.000, j=14:0.000, j=15:0.000, j=16:0.000, j=17:0.043, j=18:0.926, j=19:0.031
      i=20 -> j=0:0.000, j=1:0.000, j=2:0.000, j=3:0.000, j=4:0.000, j=5:0.000, j=6:0.000, j=7:0.000, j=8:0.000, j=9:0.000, j=10:0.000, j=11:0.000, j=12:0.000, j=13:0.000, j=14:0.000, j=15:0.000, j=16:0.000, j=17:0.000, j=18:0.065, j=19:0.908, j=20:0.027
      i=21 -> j=0:0.000, j=1:0.000, j=2:0.000, j=3:0.000, j=4:0.000, j=5:0.000, j=6:0.000, j=7:0.000, j=8:0.000, j=9:0.000, j=10:0.000, j=11:0.000, j=12:0.000, j=13:0.000, j=14:0.000, j=15:0.000, j=16:0.000, j=17:0.000, j=18:0.000, j=19:0.062, j=20:0.900, j=21:0.037
      i=22 -> j=0:0.000, j=1:0.000, j=2:0.000, j=3:0.000, j=4:0.000, j=5:0.000, j=6:0.000, j=7:0.000, j=8:0.000, j=9:0.000, j=10:0.000, j=11:0.000, j=12:0.000, j=13:0.000, j=14:0.000, j=15:0.000, j=16:0.000, j=17:0.000, j=18:0.000, j=19:0.000, j=20:0.045, j=21:0.926, j=22:0.030
      i=23 -> j=0:0.000, j=1:0.000, j=2:0.000, j=3:0.000, j=4:0.000, j=5:0.000, j=6:0.000, j=7:0.000, j=8:0.000, j=9:0.000, j=10:0.000, j=11:0.000, j=12:0.000, j=13:0.000, j=14:0.000, j=15:0.000, j=16:0.000, j=17:0.000, j=18:0.000, j=19:0.000, j=20:0.000, j=21:0.048, j=22:0.933, j=23:0.019
      i=24 -> j=0:0.000, j=1:0.000, j=2:0.000, j=3:0.000, j=4:0.000, j=5:0.000, j=6:0.000, j=7:0.000, j=8:0.000, j=9:0.000, j=10:0.000, j=11:0.000, j=12:0.000, j=13:0.000, j=14:0.000, j=15:0.000, j=16:0.000, j=17:0.000, j=18:0.000, j=19:0.000, j=20:0.000, j=21:0.000, j=22:0.104, j=23:0.856, j=24:0.040
      i=25 -> j=0:0.000, j=1:0.000, j=2:0.000, j=3:0.000, j=4:0.000, j=5:0.000, j=6:0.000, j=7:0.000, j=8:0.000, j=9:0.000, j=10:0.000, j=11:0.000, j=12:0.000, j=13:0.000, j=14:0.000, j=15:0.000, j=16:0.000, j=17:0.000, j=18:0.000, j=19:0.000, j=20:0.000, j=21:0.000, j=22:0.000, j=23:0.049, j=24:0.925, j=25:0.026
      i=26 -> j=0:0.000, j=1:0.000, j=2:0.000, j=3:0.000, j=4:0.000, j=5:0.000, j=6:0.000, j=7:0.000, j=8:0.000, j=9:0.000, j=10:0.000, j=11:0.000, j=12:0.000, j=13:0.000, j=14:0.000, j=15:0.000, j=16:0.000, j=17:0.000, j=18:0.000, j=19:0.000, j=20:0.000, j=21:0.000, j=22:0.000, j=23:0.000, j=24:0.071, j=25:0.903, j=26:0.026
      i=27 -> j=0:0.000, j=1:0.000, j=2:0.000, j=3:0.000, j=4:0.000, j=5:0.000, j=6:0.000, j=7:0.000, j=8:0.000, j=9:0.000, j=10:0.000, j=11:0.000, j=12:0.000, j=13:0.000, j=14:0.000, j=15:0.000, j=16:0.000, j=17:0.000, j=18:0.000, j=19:0.000, j=20:0.000, j=21:0.000, j=22:0.000, j=23:0.000, j=24:0.000, j=25:0.089, j=26:0.884, j=27:0.027
      i=28 -> j=0:0.000, j=1:0.000, j=2:0.000, j=3:0.000, j=4:0.000, j=5:0.000, j=6:0.000, j=7:0.000, j=8:0.000, j=9:0.000, j=10:0.000, j=11:0.000, j=12:0.000, j=13:0.000, j=14:0.000, j=15:0.000, j=16:0.000, j=17:0.000, j=18:0.000, j=19:0.000, j=20:0.000, j=21:0.000, j=22:0.000, j=23:0.000, j=24:0.000, j=25:0.000, j=26:0.069, j=27:0.900, j=28:0.031
      i=29 -> j=0:0.000, j=1:0.000, j=2:0.000, j=3:0.000, j=4:0.000, j=5:0.000, j=6:0.000, j=7:0.000, j=8:0.000, j=9:0.000, j=10:0.000, j=11:0.000, j=12:0.000, j=13:0.000, j=14:0.000, j=15:0.000, j=16:0.000, j=17:0.000, j=18:0.000, j=19:0.000, j=20:0.000, j=21:0.000, j=22:0.000, j=23:0.000, j=24:0.000, j=25:0.000, j=26:0.000, j=27:0.049, j=28:0.922, j=29:0.029
      i=30 -> j=0:0.000, j=1:0.000, j=2:0.000, j=3:0.000, j=4:0.000, j=5:0.000, j=6:0.000, j=7:0.000, j=8:0.000, j=9:0.000, j=10:0.000, j=11:0.000, j=12:0.000, j=13:0.000, j=14:0.000, j=15:0.000, j=16:0.000, j=17:0.000, j=18:0.000, j=19:0.000, j=20:0.000, j=21:0.000, j=22:0.000, j=23:0.000, j=24:0.000, j=25:0.000, j=26:0.000, j=27:0.000, j=28:0.054, j=29:0.924, j=30:0.022
      i=31 -> j=0:0.000, j=1:0.000, j=2:0.000, j=3:0.000, j=4:0.000, j=5:0.000, j=6:0.000, j=7:0.000, j=8:0.000, j=9:0.000, j=10:0.000, j=11:0.000, j=12:0.000, j=13:0.000, j=14:0.000, j=15:0.000, j=16:0.000, j=17:0.000, j=18:0.000, j=19:0.000, j=20:0.000, j=21:0.000, j=22:0.000, j=23:0.000, j=24:0.000, j=25:0.000, j=26:0.000, j=27:0.000, j=28:0.000, j=29:0.070, j=30:0.901, j=31:0.029
    Average attention per distance:
      d=0:0.061, d=1:0.905, d=2:0.066

--- Layer 1 ---
  Head 0: Entropy=0.945
    Attention coefficients from each query position to previous positions:
      i= 0 -> j=0:1.000
      i= 1 -> j=0:0.637, j=1:0.363
      i= 2 -> j=0:0.059, j=1:0.775, j=2:0.167
      i= 3 -> j=0:0.004, j=1:0.190, j=2:0.643, j=3:0.163
      i= 4 -> j=0:0.000, j=1:0.008, j=2:0.159, j=3:0.575, j=4:0.257
      i= 5 -> j=0:0.000, j=1:0.000, j=2:0.004, j=3:0.113, j=4:0.625, j=5:0.257
      i= 6 -> j=0:0.000, j=1:0.000, j=2:0.000, j=3:0.005, j=4:0.112, j=5:0.720, j=6:0.163
      i= 7 -> j=0:0.000, j=1:0.000, j=2:0.000, j=3:0.000, j=4:0.002, j=5:0.091, j=6:0.731, j=7:0.175
      i= 8 -> j=0:0.001, j=1:0.000, j=2:0.000, j=3:0.000, j=4:0.000, j=5:0.003, j=6:0.128, j=7:0.718, j=8:0.149
      i= 9 -> j=0:0.001, j=1:0.002, j=2:0.000, j=3:0.000, j=4:0.000, j=5:0.000, j=6:0.006, j=7:0.143, j=8:0.642, j=9:0.206
      i=10 -> j=0:0.001, j=1:0.003, j=2:0.002, j=3:0.001, j=4:0.000, j=5:0.000, j=6:0.001, j=7:0.004, j=8:0.131, j=9:0.699, j=10:0.159
      i=11 -> j=0:0.000, j=1:0.001, j=2:0.001, j=3:0.001, j=4:0.000, j=5:0.000, j=6:0.000, j=7:0.000, j=8:0.003, j=9:0.151, j=10:0.631, j=11:0.211
      i=12 -> j=0:0.001, j=1:0.001, j=2:0.001, j=3:0.003, j=4:0.003, j=5:0.001, j=6:0.000, j=7:0.000, j=8:0.000, j=9:0.006, j=10:0.132, j=11:0.716, j=12:0.136
      i=13 -> j=0:0.001, j=1:0.001, j=2:0.001, j=3:0.002, j=4:0.004, j=5:0.003, j=6:0.001, j=7:0.000, j=8:0.000, j=9:0.000, j=10:0.007, j=11:0.188, j=12:0.554, j=13:0.238
      i=14 -> j=0:0.002, j=1:0.001, j=2:0.001, j=3:0.001, j=4:0.001, j=5:0.002, j=6:0.003, j=7:0.000, j=8:0.000, j=9:0.000, j=10:0.000, j=11:0.003, j=12:0.069, j=13:0.590, j=14:0.328
      i=15 -> j=0:0.002, j=1:0.002, j=2:0.001, j=3:0.000, j=4:0.000, j=5:0.001, j=6:0.002, j=7:0.002, j=8:0.000, j=9:0.000, j=10:0.000, j=11:0.000, j=12:0.002, j=13:0.095, j=14:0.671, j=15:0.222
      i=16 -> j=0:0.001, j=1:0.002, j=2:0.001, j=3:0.001, j=4:0.000, j=5:0.000, j=6:0.001, j=7:0.001, j=8:0.001, j=9:0.000, j=10:0.000, j=11:0.000, j=12:0.000, j=13:0.003, j=14:0.102, j=15:0.763, j=16:0.123
      i=17 -> j=0:0.001, j=1:0.002, j=2:0.002, j=3:0.002, j=4:0.001, j=5:0.000, j=6:0.001, j=7:0.001, j=8:0.002, j=9:0.002, j=10:0.000, j=11:0.000, j=12:0.000, j=13:0.000, j=14:0.005, j=15:0.258, j=16:0.570, j=17:0.153
      i=18 -> j=0:0.001, j=1:0.001, j=2:0.001, j=3:0.002, j=4:0.002, j=5:0.001, j=6:0.001, j=7:0.000, j=8:0.001, j=9:0.002, j=10:0.001, j=11:0.000, j=12:0.000, j=13:0.000, j=14:0.000, j=15:0.006, j=16:0.120, j=17:0.643, j=18:0.218
      i=19 -> j=0:0.001, j=1:0.001, j=2:0.001, j=3:0.002, j=4:0.002, j=5:0.002, j=6:0.001, j=7:0.000, j=8:0.001, j=9:0.001, j=10:0.002, j=11:0.002, j=12:0.000, j=13:0.000, j=14:0.000, j=15:0.000, j=16:0.004, j=17:0.105, j=18:0.656, j=19:0.219
      i=20 -> j=0:0.002, j=1:0.002, j=2:0.001, j=3:0.002, j=4:0.002, j=5:0.003, j=6:0.003, j=7:0.001, j=8:0.001, j=9:0.001, j=10:0.002, j=11:0.003, j=12:0.002, j=13:0.001, j=14:0.000, j=15:0.000, j=16:0.000, j=17:0.005, j=18:0.128, j=19:0.675, j=20:0.165
      i=21 -> j=0:0.004, j=1:0.004, j=2:0.002, j=3:0.002, j=4:0.002, j=5:0.003, j=6:0.005, j=7:0.004, j=8:0.002, j=9:0.001, j=10:0.001, j=11:0.002, j=12:0.004, j=13:0.003, j=14:0.001, j=15:0.000, j=16:0.000, j=17:0.000, j=18:0.007, j=19:0.197, j=20:0.555, j=21:0.200
      i=22 -> j=0:0.002, j=1:0.003, j=2:0.003, j=3:0.002, j=4:0.001, j=5:0.001, j=6:0.003, j=7:0.003, j=8:0.003, j=9:0.001, j=10:0.001, j=11:0.001, j=12:0.001, j=13:0.003, j=14:0.003, j=15:0.001, j=16:0.000, j=17:0.000, j=18:0.000, j=19:0.007, j=20:0.130, j=21:0.616, j=22:0.213
      i=23 -> j=0:0.001, j=1:0.002, j=2:0.002, j=3:0.002, j=4:0.001, j=5:0.001, j=6:0.001, j=7:0.001, j=8:0.002, j=9:0.002, j=10:0.001, j=11:0.000, j=12:0.000, j=13:0.001, j=14:0.003, j=15:0.003, j=16:0.000, j=17:0.000, j=18:0.000, j=19:0.000, j=20:0.004, j=21:0.130, j=22:0.679, j=23:0.162
      i=24 -> j=0:0.001, j=1:0.001, j=2:0.001, j=3:0.002, j=4:0.002, j=5:0.001, j=6:0.001, j=7:0.001, j=8:0.001, j=9:0.002, j=10:0.002, j=11:0.001, j=12:0.000, j=13:0.000, j=14:0.001, j=15:0.003, j=16:0.002, j=17:0.000, j=18:0.000, j=19:0.000, j=20:0.000, j=21:0.005, j=22:0.171, j=23:0.588, j=24:0.213
      i=25 -> j=0:0.001, j=1:0.001, j=2:0.001, j=3:0.002, j=4:0.002, j=5:0.002, j=6:0.001, j=7:0.001, j=8:0.001, j=9:0.002, j=10:0.002, j=11:0.002, j=12:0.001, j=13:0.000, j=14:0.001, j=15:0.001, j=16:0.002, j=17:0.002, j=18:0.000, j=19:0.000, j=20:0.000, j=21:0.000, j=22:0.006, j=23:0.108, j=24:0.693, j=25:0.169
      i=26 -> j=0:0.001, j=1:0.001, j=2:0.001, j=3:0.001, j=4:0.002, j=5:0.002, j=6:0.003, j=7:0.001, j=8:0.001, j=9:0.001, j=10:0.002, j=11:0.002, j=12:0.002, j=13:0.001, j=14:0.001, j=15:0.001, j=16:0.001, j=17:0.002, j=18:0.002, j=19:0.001, j=20:0.000, j=21:0.000, j=22:0.000, j=23:0.005, j=24:0.158, j=25:0.665, j=26:0.142
      i=27 -> j=0:0.001, j=1:0.001, j=2:0.001, j=3:0.001, j=4:0.001, j=5:0.001, j=6:0.004, j=7:0.001, j=8:0.001, j=9:0.001, j=10:0.001, j=11:0.001, j=12:0.001, j=13:0.001, j=14:0.001, j=15:0.001, j=16:0.000, j=17:0.001, j=18:0.002, j=19:0.002, j=20:0.001, j=21:0.000, j=22:0.000, j=23:0.000, j=24:0.005, j=25:0.222, j=26:0.600, j=27:0.148
      i=28 -> j=0:0.002, j=1:0.002, j=2:0.002, j=3:0.002, j=4:0.001, j=5:0.001, j=6:0.004, j=7:0.002, j=8:0.003, j=9:0.002, j=10:0.001, j=11:0.001, j=12:0.001, j=13:0.003, j=14:0.004, j=15:0.002, j=16:0.001, j=17:0.001, j=18:0.001, j=19:0.003, j=20:0.003, j=21:0.001, j=22:0.000, j=23:0.000, j=24:0.000, j=25:0.007, j=26:0.115, j=27:0.576, j=28:0.260
      i=29 -> j=0:0.002, j=1:0.002, j=2:0.003, j=3:0.002, j=4:0.002, j=5:0.001, j=6:0.002, j=7:0.002, j=8:0.003, j=9:0.003, j=10:0.002, j=11:0.001, j=12:0.001, j=13:0.002, j=14:0.004, j=15:0.004, j=16:0.002, j=17:0.001, j=18:0.001, j=19:0.002, j=20:0.003, j=21:0.003, j=22:0.001, j=23:0.000, j=24:0.000, j=25:0.000, j=26:0.006, j=27:0.150, j=28:0.587, j=29:0.208
      i=30 -> j=0:0.001, j=1:0.001, j=2:0.001, j=3:0.002, j=4:0.001, j=5:0.001, j=6:0.001, j=7:0.001, j=8:0.002, j=9:0.002, j=10:0.002, j=11:0.001, j=12:0.001, j=13:0.001, j=14:0.002, j=15:0.004, j=16:0.002, j=17:0.001, j=18:0.000, j=19:0.001, j=20:0.001, j=21:0.003, j=22:0.002, j=23:0.000, j=24:0.000, j=25:0.000, j=26:0.000, j=27:0.003, j=28:0.095, j=29:0.729, j=30:0.142
      i=31 -> j=0:0.001, j=1:0.001, j=2:0.001, j=3:0.002, j=4:0.002, j=5:0.001, j=6:0.001, j=7:0.001, j=8:0.001, j=9:0.002, j=10:0.002, j=11:0.002, j=12:0.001, j=13:0.001, j=14:0.001, j=15:0.003, j=16:0.002, j=17:0.002, j=18:0.001, j=19:0.001, j=20:0.001, j=21:0.001, j=22:0.003, j=23:0.002, j=24:0.000, j=25:0.000, j=26:0.000, j=27:0.000, j=28:0.003, j=29:0.166, j=30:0.611, j=31:0.185
    Average attention per distance:
      d=0:0.222, d=1:0.649, d=2:0.137

--- Layer 2 ---
  Head 0: Entropy=1.891
    Attention coefficients from each query position to previous positions:
      i= 0 -> j=0:1.000
      i= 1 -> j=0:0.183, j=1:0.817
      i= 2 -> j=0:0.017, j=1:0.095, j=2:0.888
      i= 3 -> j=0:0.041, j=1:0.125, j=2:0.655, j=3:0.179
      i= 4 -> j=0:0.020, j=1:0.068, j=2:0.600, j=3:0.166, j=4:0.146
      i= 5 -> j=0:0.031, j=1:0.073, j=2:0.414, j=3:0.175, j=4:0.169, j=5:0.138
      i= 6 -> j=0:0.007, j=1:0.016, j=2:0.100, j=3:0.037, j=4:0.033, j=5:0.032, j=6:0.775
      i= 7 -> j=0:0.011, j=1:0.022, j=2:0.078, j=3:0.031, j=4:0.023, j=5:0.024, j=6:0.351, j=7:0.460
      i= 8 -> j=0:0.013, j=1:0.027, j=2:0.083, j=3:0.031, j=4:0.020, j=5:0.019, j=6:0.233, j=7:0.453, j=8:0.121
      i= 9 -> j=0:0.007, j=1:0.015, j=2:0.056, j=3:0.017, j=4:0.009, j=5:0.007, j=6:0.069, j=7:0.170, j=8:0.048, j=9:0.604
      i=10 -> j=0:0.003, j=1:0.007, j=2:0.026, j=3:0.009, j=4:0.004, j=5:0.003, j=6:0.018, j=7:0.040, j=8:0.013, j=9:0.177, j=10:0.700
      i=11 -> j=0:0.007, j=1:0.013, j=2:0.039, j=3:0.016, j=4:0.009, j=5:0.007, j=6:0.026, j=7:0.040, j=8:0.014, j=9:0.118, j=10:0.470, j=11:0.241
      i=12 -> j=0:0.012, j=1:0.019, j=2:0.048, j=3:0.023, j=4:0.014, j=5:0.011, j=6:0.035, j=7:0.046, j=8:0.016, j=9:0.091, j=10:0.342, j=11:0.248, j=12:0.095
      i=13 -> j=0:0.015, j=1:0.023, j=2:0.055, j=3:0.025, j=4:0.015, j=5:0.012, j=6:0.041, j=7:0.050, j=8:0.015, j=9:0.072, j=10:0.266, j=11:0.240, j=12:0.107, j=13:0.062
      i=14 -> j=0:0.004, j=1:0.007, j=2:0.020, j=3:0.007, j=4:0.004, j=5:0.003, j=6:0.013, j=7:0.017, j=8:0.004, j=9:0.018, j=10:0.057, j=11:0.048, j=12:0.022, j=13:0.013, j=14:0.765
      i=15 -> j=0:0.012, j=1:0.019, j=2:0.043, j=3:0.018, j=4:0.010, j=5:0.008, j=6:0.026, j=7:0.033, j=8:0.011, j=9:0.035, j=10:0.074, j=11:0.055, j=12:0.029, j=13:0.019, j=14:0.487, j=15:0.120
      i=16 -> j=0:0.010, j=1:0.018, j=2:0.044, j=3:0.017, j=4:0.009, j=5:0.006, j=6:0.020, j=7:0.028, j=8:0.009, j=9:0.032, j=10:0.066, j=11:0.041, j=12:0.018, j=13:0.011, j=14:0.354, j=15:0.111, j=16:0.205
      i=17 -> j=0:0.018, j=1:0.028, j=2:0.061, j=3:0.028, j=4:0.017, j=5:0.012, j=6:0.030, j=7:0.037, j=8:0.014, j=9:0.044, j=10:0.085, j=11:0.053, j=12:0.025, j=13:0.014, j=14:0.199, j=15:0.091, j=16:0.169, j=17:0.074
      i=18 -> j=0:0.012, j=1:0.021, j=2:0.053, j=3:0.021, j=4:0.012, j=5:0.008, j=6:0.025, j=7:0.028, j=8:0.009, j=9:0.033, j=10:0.077, j=11:0.044, j=12:0.016, j=13:0.007, j=14:0.122, j=15:0.051, j=16:0.108, j=17:0.053, j=18:0.299
      i=19 -> j=0:0.011, j=1:0.018, j=2:0.043, j=3:0.018, j=4:0.010, j=5:0.007, j=6:0.022, j=7:0.024, j=8:0.007, j=9:0.023, j=10:0.054, j=11:0.034, j=12:0.013, j=13:0.006, j=14:0.070, j=15:0.027, j=16:0.049, j=17:0.029, j=18:0.187, j=19:0.348
      i=20 -> j=0:0.009, j=1:0.016, j=2:0.039, j=3:0.015, j=4:0.008, j=5:0.006, j=6:0.020, j=7:0.022, j=8:0.006, j=9:0.018, j=10:0.040, j=11:0.026, j=12:0.010, j=13:0.004, j=14:0.054, j=15:0.017, j=16:0.025, j=17:0.015, j=18:0.096, j=19:0.227, j=20:0.325
      i=21 -> j=0:0.020, j=1:0.030, j=2:0.057, j=3:0.028, j=4:0.018, j=5:0.014, j=6:0.034, j=7:0.037, j=8:0.015, j=9:0.032, j=10:0.050, j=11:0.036, j=12:0.019, j=13:0.011, j=14:0.066, j=15:0.028, j=16:0.032, j=17:0.021, j=18:0.070, j=19:0.136, j=20:0.212, j=21:0.034
      i=22 -> j=0:0.016, j=1:0.026, j=2:0.060, j=3:0.025, j=4:0.015, j=5:0.011, j=6:0.030, j=7:0.035, j=8:0.012, j=9:0.032, j=10:0.053, j=11:0.032, j=12:0.015, j=13:0.007, j=14:0.067, j=15:0.024, j=16:0.027, j=17:0.014, j=18:0.044, j=19:0.082, j=20:0.145, j=21:0.022, j=22:0.206
      i=23 -> j=0:0.011, j=1:0.018, j=2:0.045, j=3:0.018, j=4:0.011, j=5:0.008, j=6:0.022, j=7:0.025, j=8:0.008, j=9:0.024, j=10:0.042, j=11:0.023, j=12:0.010, j=13:0.005, j=14:0.042, j=15:0.016, j=16:0.019, j=17:0.009, j=18:0.023, j=19:0.036, j=20:0.057, j=21:0.010, j=22:0.124, j=23:0.394
      i=24 -> j=0:0.016, j=1:0.024, j=2:0.053, j=3:0.024, j=4:0.016, j=5:0.012, j=6:0.029, j=7:0.031, j=8:0.012, j=9:0.031, j=10:0.052, j=11:0.031, j=12:0.014, j=13:0.007, j=14:0.043, j=15:0.019, j=16:0.023, j=17:0.012, j=18:0.027, j=19:0.034, j=20:0.042, j=21:0.010, j=22:0.086, j=23:0.283, j=24:0.067
      i=25 -> j=0:0.015, j=1:0.024, j=2:0.054, j=3:0.023, j=4:0.015, j=5:0.011, j=6:0.030, j=7:0.032, j=8:0.011, j=9:0.030, j=10:0.055, j=11:0.032, j=12:0.013, j=13:0.006, j=14:0.041, j=15:0.016, j=16:0.019, j=17:0.010, j=18:0.025, j=19:0.030, j=20:0.030, j=21:0.006, j=22:0.050, j=23:0.193, j=24:0.052, j=25:0.179
      i=26 -> j=0:0.012, j=1:0.019, j=2:0.042, j=3:0.017, j=4:0.011, j=5:0.008, j=6:0.025, j=7:0.026, j=8:0.009, j=9:0.023, j=10:0.041, j=11:0.025, j=12:0.011, j=13:0.005, j=14:0.033, j=15:0.012, j=16:0.014, j=17:0.007, j=18:0.018, j=19:0.023, j=20:0.021, j=21:0.004, j=22:0.024, j=23:0.074, j=24:0.024, j=25:0.091, j=26:0.381
      i=27 -> j=0:0.012, j=1:0.020, j=2:0.043, j=3:0.018, j=4:0.011, j=5:0.009, j=6:0.025, j=7:0.027, j=8:0.010, j=9:0.024, j=10:0.040, j=11:0.025, j=12:0.012, j=13:0.006, j=14:0.035, j=15:0.013, j=16:0.013, j=17:0.007, j=18:0.017, j=19:0.022, j=20:0.021, j=21:0.004, j=22:0.018, j=23:0.043, j=24:0.014, j=25:0.048, j=26:0.240, j=27:0.222
      i=28 -> j=0:0.006, j=1:0.011, j=2:0.027, j=3:0.010, j=4:0.006, j=5:0.004, j=6:0.013, j=7:0.015, j=8:0.005, j=9:0.014, j=10:0.024, j=11:0.014, j=12:0.006, j=13:0.003, j=14:0.022, j=15:0.007, j=16:0.007, j=17:0.003, j=18:0.008, j=19:0.011, j=20:0.011, j=21:0.002, j=22:0.009, j=23:0.018, j=24:0.005, j=25:0.014, j=26:0.082, j=27:0.097, j=28:0.544
      i=29 -> j=0:0.013, j=1:0.020, j=2:0.042, j=3:0.019, j=4:0.013, j=5:0.010, j=6:0.024, j=7:0.027, j=8:0.011, j=9:0.027, j=10:0.041, j=11:0.026, j=12:0.013, j=13:0.007, j=14:0.036, j=15:0.016, j=16:0.016, j=17:0.009, j=18:0.016, j=19:0.018, j=20:0.019, j=21:0.005, j=22:0.017, j=23:0.029, j=24:0.009, j=25:0.017, j=26:0.058, j=27:0.069, j=28:0.316, j=29:0.058
      i=30 -> j=0:0.013, j=1:0.021, j=2:0.046, j=3:0.020, j=4:0.014, j=5:0.010, j=6:0.026, j=7:0.028, j=8:0.011, j=9:0.029, j=10:0.047, j=11:0.029, j=12:0.013, j=13:0.007, j=14:0.039, j=15:0.016, j=16:0.017, j=17:0.009, j=18:0.016, j=19:0.018, j=20:0.017, j=21:0.005, j=22:0.017, j=23:0.030, j=24:0.009, j=25:0.014, j=26:0.040, j=27:0.043, j=28:0.224, j=29:0.053, j=30:0.118
      i=31 -> j=0:0.014, j=1:0.023, j=2:0.052, j=3:0.022, j=4:0.015, j=5:0.011, j=6:0.031, j=7:0.032, j=8:0.012, j=9:0.032, j=10:0.055, j=11:0.033, j=12:0.015, j=13:0.007, j=14:0.043, j=15:0.018, j=16:0.019, j=17:0.010, j=18:0.019, j=19:0.020, j=20:0.017, j=21:0.004, j=22:0.017, j=23:0.031, j=24:0.009, j=25:0.014, j=26:0.034, j=27:0.030, j=28:0.136, j=29:0.040, j=30:0.109, j=31:0.077
    Average attention per distance:
      d=0:0.333, d=1:0.194, d=2:0.129, d=3:0.072, d=4:0.037, d=5:0.027, d=6:0.026, d=7:0.025
      d=8:0.023, d=9:0.020, d=10:0.019, d=11:0.019, d=12:0.019, d=13:0.020, d=14:0.021, d=15:0.024
      d=16:0.023, d=17:0.022, d=18:0.020, d=19:0.023, d=20:0.026, d=21:0.025, d=22:0.021, d=23:0.021
      d=24:0.022, d=25:0.020, d=26:0.017, d=27:0.020, d=28:0.023, d=29:0.028, d=30:0.018, d=31:0.014

--- Layer 3 ---
  Head 0: Entropy=0.806
    Attention coefficients from each query position to previous positions:
      i= 0 -> j=0:1.000
      i= 1 -> j=0:0.977, j=1:0.023
      i= 2 -> j=0:0.477, j=1:0.519, j=2:0.004
      i= 3 -> j=0:0.009, j=1:0.600, j=2:0.383, j=3:0.008
      i= 4 -> j=0:0.000, j=1:0.010, j=2:0.596, j=3:0.390, j=4:0.004
      i= 5 -> j=0:0.000, j=1:0.000, j=2:0.017, j=3:0.515, j=4:0.462, j=5:0.007
      i= 6 -> j=0:0.000, j=1:0.000, j=2:0.000, j=3:0.023, j=4:0.736, j=5:0.239, j=6:0.002
      i= 7 -> j=0:0.000, j=1:0.000, j=2:0.000, j=3:0.000, j=4:0.023, j=5:0.601, j=6:0.370, j=7:0.005
      i= 8 -> j=0:0.005, j=1:0.000, j=2:0.000, j=3:0.000, j=4:0.000, j=5:0.020, j=6:0.714, j=7:0.258, j=8:0.003
      i= 9 -> j=0:0.010, j=1:0.006, j=2:0.000, j=3:0.000, j=4:0.000, j=5:0.000, j=6:0.037, j=7:0.623, j=8:0.320, j=9:0.004
      i=10 -> j=0:0.001, j=1:0.005, j=2:0.002, j=3:0.000, j=4:0.000, j=5:0.000, j=6:0.000, j=7:0.009, j=8:0.560, j=9:0.414, j=10:0.009
      i=11 -> j=0:0.000, j=1:0.001, j=2:0.010, j=3:0.006, j=4:0.000, j=5:0.000, j=6:0.000, j=7:0.000, j=8:0.043, j=9:0.695, j=10:0.241, j=11:0.002
      i=12 -> j=0:0.000, j=1:0.000, j=2:0.003, j=3:0.014, j=4:0.008, j=5:0.001, j=6:0.000, j=7:0.000, j=8:0.001, j=9:0.046, j=10:0.621, j=11:0.302, j=12:0.004
      i=13 -> j=0:0.000, j=1:0.000, j=2:0.000, j=3:0.003, j=4:0.015, j=5:0.009, j=6:0.001, j=7:0.000, j=8:0.000, j=9:0.001, j=10:0.029, j=11:0.709, j=12:0.227, j=13:0.006
      i=14 -> j=0:0.001, j=1:0.000, j=2:0.000, j=3:0.000, j=4:0.001, j=5:0.008, j=6:0.003, j=7:0.000, j=8:0.000, j=9:0.000, j=10:0.000, j=11:0.019, j=12:0.544, j=13:0.414, j=14:0.010
      i=15 -> j=0:0.004, j=1:0.001, j=2:0.000, j=3:0.000, j=4:0.000, j=5:0.002, j=6:0.009, j=7:0.005, j=8:0.000, j=9:0.000, j=10:0.000, j=11:0.000, j=12:0.029, j=13:0.567, j=14:0.378, j=15:0.005
      i=16 -> j=0:0.002, j=1:0.002, j=2:0.001, j=3:0.000, j=4:0.000, j=5:0.000, j=6:0.001, j=7:0.007, j=8:0.003, j=9:0.000, j=10:0.000, j=11:0.000, j=12:0.000, j=13:0.025, j=14:0.578, j=15:0.376, j=16:0.005
      i=17 -> j=0:0.001, j=1:0.003, j=2:0.003, j=3:0.001, j=4:0.000, j=5:0.000, j=6:0.000, j=7:0.002, j=8:0.009, j=9:0.005, j=10:0.000, j=11:0.000, j=12:0.000, j=13:0.001, j=14:0.022, j=15:0.578, j=16:0.372, j=17:0.004
      i=18 -> j=0:0.000, j=1:0.000, j=2:0.001, j=3:0.001, j=4:0.000, j=5:0.000, j=6:0.000, j=7:0.000, j=8:0.000, j=9:0.003, j=10:0.002, j=11:0.000, j=12:0.000, j=13:0.000, j=14:0.000, j=15:0.008, j=16:0.621, j=17:0.359, j=18:0.003
      i=19 -> j=0:0.000, j=1:0.000, j=2:0.001, j=3:0.002, j=4:0.002, j=5:0.001, j=6:0.000, j=7:0.000, j=8:0.000, j=9:0.001, j=10:0.007, j=11:0.003, j=12:0.000, j=13:0.000, j=14:0.000, j=15:0.000, j=16:0.021, j=17:0.584, j=18:0.374, j=19:0.003
      i=20 -> j=0:0.001, j=1:0.000, j=2:0.000, j=3:0.001, j=4:0.002, j=5:0.002, j=6:0.000, j=7:0.000, j=8:0.000, j=9:0.000, j=10:0.001, j=11:0.006, j=12:0.003, j=13:0.000, j=14:0.000, j=15:0.000, j=16:0.000, j=17:0.029, j=18:0.741, j=19:0.210, j=20:0.001
      i=21 -> j=0:0.001, j=1:0.001, j=2:0.000, j=3:0.000, j=4:0.001, j=5:0.002, j=6:0.002, j=7:0.001, j=8:0.000, j=9:0.000, j=10:0.000, j=11:0.001, j=12:0.006, j=13:0.004, j=14:0.000, j=15:0.000, j=16:0.000, j=17:0.000, j=18:0.019, j=19:0.646, j=20:0.312, j=21:0.003
      i=22 -> j=0:0.001, j=1:0.001, j=2:0.001, j=3:0.000, j=4:0.000, j=5:0.001, j=6:0.002, j=7:0.002, j=8:0.000, j=9:0.000, j=10:0.000, j=11:0.000, j=12:0.001, j=13:0.006, j=14:0.003, j=15:0.000, j=16:0.000, j=17:0.000, j=18:0.000, j=19:0.012, j=20:0.612, j=21:0.353, j=22:0.006
      i=23 -> j=0:0.000, j=1:0.001, j=2:0.001, j=3:0.000, j=4:0.000, j=5:0.000, j=6:0.000, j=7:0.001, j=8:0.002, j=9:0.000, j=10:0.000, j=11:0.000, j=12:0.000, j=13:0.001, j=14:0.005, j=15:0.002, j=16:0.000, j=17:0.000, j=18:0.000, j=19:0.000, j=20:0.015, j=21:0.589, j=22:0.375, j=23:0.006
      i=24 -> j=0:0.000, j=1:0.000, j=2:0.001, j=3:0.001, j=4:0.000, j=5:0.000, j=6:0.000, j=7:0.000, j=8:0.001, j=9:0.001, j=10:0.000, j=11:0.000, j=12:0.000, j=13:0.000, j=14:0.000, j=15:0.003, j=16:0.001, j=17:0.000, j=18:0.000, j=19:0.000, j=20:0.000, j=21:0.006, j=22:0.371, j=23:0.606, j=24:0.008
      i=25 -> j=0:0.000, j=1:0.000, j=2:0.000, j=3:0.001, j=4:0.001, j=5:0.001, j=6:0.000, j=7:0.000, j=8:0.000, j=9:0.002, j=10:0.002, j=11:0.000, j=12:0.000, j=13:0.000, j=14:0.000, j=15:0.001, j=16:0.006, j=17:0.003, j=18:0.000, j=19:0.000, j=20:0.000, j=21:0.000, j=22:0.010, j=23:0.490, j=24:0.477, j=25:0.004
      i=26 -> j=0:0.001, j=1:0.000, j=2:0.000, j=3:0.000, j=4:0.001, j=5:0.001, j=6:0.001, j=7:0.000, j=8:0.000, j=9:0.001, j=10:0.002, j=11:0.002, j=12:0.001, j=13:0.000, j=14:0.000, j=15:0.000, j=16:0.001, j=17:0.006, j=18:0.002, j=19:0.000, j=20:0.000, j=21:0.000, j=22:0.000, j=23:0.009, j=24:0.539, j=25:0.425, j=26:0.008
      i=27 -> j=0:0.001, j=1:0.000, j=2:0.000, j=3:0.000, j=4:0.000, j=5:0.001, j=6:0.001, j=7:0.000, j=8:0.000, j=9:0.000, j=10:0.000, j=11:0.001, j=12:0.001, j=13:0.001, j=14:0.000, j=15:0.000, j=16:0.000, j=17:0.001, j=18:0.002, j=19:0.001, j=20:0.000, j=21:0.000, j=22:0.000, j=23:0.000, j=24:0.003, j=25:0.394, j=26:0.579, j=27:0.012
      i=28 -> j=0:0.002, j=1:0.001, j=2:0.001, j=3:0.000, j=4:0.000, j=5:0.000, j=6:0.001, j=7:0.001, j=8:0.000, j=9:0.000, j=10:0.000, j=11:0.001, j=12:0.002, j=13:0.003, j=14:0.001, j=15:0.000, j=16:0.000, j=17:0.000, j=18:0.001, j=19:0.006, j=20:0.003, j=21:0.000, j=22:0.000, j=23:0.000, j=24:0.000, j=25:0.017, j=26:0.599, j=27:0.358, j=28:0.003
      i=29 -> j=0:0.002, j=1:0.003, j=2:0.002, j=3:0.001, j=4:0.000, j=5:0.000, j=6:0.001, j=7:0.002, j=8:0.002, j=9:0.001, j=10:0.000, j=11:0.000, j=12:0.001, j=13:0.004, j=14:0.003, j=15:0.001, j=16:0.000, j=17:0.000, j=18:0.000, j=19:0.001, j=20:0.008, j=21:0.004, j=22:0.000, j=23:0.000, j=24:0.000, j=25:0.000, j=26:0.020, j=27:0.521, j=28:0.417, j=29:0.005
      i=30 -> j=0:0.001, j=1:0.001, j=2:0.002, j=3:0.002, j=4:0.001, j=5:0.000, j=6:0.000, j=7:0.000, j=8:0.001, j=9:0.001, j=10:0.001, j=11:0.000, j=12:0.000, j=13:0.001, j=14:0.002, j=15:0.002, j=16:0.001, j=17:0.000, j=18:0.000, j=19:0.000, j=20:0.001, j=21:0.005, j=22:0.003, j=23:0.000, j=24:0.000, j=25:0.000, j=26:0.000, j=27:0.007, j=28:0.577, j=29:0.385, j=30:0.007
      i=31 -> j=0:0.001, j=1:0.001, j=2:0.003, j=3:0.005, j=4:0.004, j=5:0.002, j=6:0.001, j=7:0.001, j=8:0.001, j=9:0.003, j=10:0.003, j=11:0.001, j=12:0.001, j=13:0.001, j=14:0.002, j=15:0.005, j=16:0.005, j=17:0.002, j=18:0.000, j=19:0.000, j=20:0.000, j=21:0.003, j=22:0.012, j=23:0.008, j=24:0.001, j=25:0.000, j=26:0.000, j=27:0.000, j=28:0.034, j=29:0.579, j=30:0.313, j=31:0.006
    Average attention per distance:
      d=0:0.037, d=1:0.393, d=2:0.586, d=3:0.020


======================================================================
QK Property Verification (Raw Scores, before Softmax)
======================================================================
Recurrence order init_len=2, num test sequences=1

--- [P1] Long-distance Orthogonality Verification ---
Ideal: raw_score mean ≈ 0 and small std when d > init_len

  Layer 0, Head 0:
    d= 1 (effective): mean= 16.075, std= 0.304, n=31
    d= 2 (effective): mean= 13.409, std= 0.285, n=30
    d>2 (long-distance): mean= -1.352, std= 3.111, n=435

  Layer 1, Head 0:
    d= 1 (effective): mean=  5.985, std= 0.357, n=31
    d= 2 (effective): mean=  4.377, std= 0.335, n=30
    d>2 (long-distance): mean= -0.673, std= 1.236, n=435

  Layer 2, Head 0:
    d= 1 (effective): mean=  1.477, std= 0.892, n=31
    d= 2 (effective): mean=  0.963, std= 0.906, n=30
    d>2 (long-distance): mean= -0.352, std= 0.684, n=435

  Layer 3, Head 0:
    d= 1 (effective): mean=  4.690, std= 0.357, n=31
    d= 2 (effective): mean=  5.146, std= 0.315, n=30
    d>2 (long-distance): mean= -2.210, std= 2.241, n=435

--- [P2] Time-homogeneous Verification ---
Ideal: CV of raw_score across positions i ≈ 0 for fixed distance d
(CV = std / |mean|, smaller = more constant)

  Layer 0, Head 0:
    d= 1: mean= 16.075, std= 0.304, CV=0.019, n=31
    d= 2: mean= 13.409, std= 0.285, CV=0.021, n=30

  Layer 1, Head 0:
    d= 1: mean=  5.985, std= 0.357, CV=0.060, n=31
    d= 2: mean=  4.377, std= 0.335, CV=0.076, n=30

  Layer 2, Head 0:
    d= 1: mean=  1.477, std= 0.892, CV=0.604, n=31
    d= 2: mean=  0.963, std= 0.906, CV=0.940, n=30

  Layer 3, Head 0:
    d= 1: mean=  4.690, std= 0.357, CV=0.076, n=31
    d= 2: mean=  5.146, std= 0.315, CV=0.061, n=30

======================================================================
QK Property Verification Completed
======================================================================
