=== Experiment: mixed_basic_d64l1_r8 ===
Time: 2026-06-17T15:41:01.000102
Task type: mixed_ab
Merged config: {
  "P": 53,
  "TASK": "mixed_ab",
  "NUM_MASK": 2,
  "A": 1,
  "B": 1,
  "AB_PAIRS": [
    [
      1,
      1
    ],
    [
      1,
      2
    ]
  ],
  "D_MODEL": 64,
  "N_HEAD": 1,
  "N_LAYER": 1,
  "BATCH_SIZE": 128,
  "EPOCHS": 10000,
  "LR": 0.0003,
  "SAVE_PATH": "models/mixed_basic_d64l1_r8.pth",
  "USE_GREEDY_GENERATE": true,
  "USE_LEARNABLE_PE": false,
  "MLP_RATIO": 8,
  "TRAIN_LEN": 16,
  "OOD_LEN": 32,
  "DROPOUT": 0.0,
  "TARGET_INIT_COVERAGE": 0.5,
  "MAX_UNIQUE_RATIO": 0.5,
  "WEIGHT_DECAY": 1,
  "ENTROPY_PENALTY_WEIGHT": 0.0,
  "FIRST_TASK_WEIGHT": 1.0,
  "RANDOM_SEED": 42,
  "EVAL_INTERVAL": 20,
  "EARLY_STOP_NO_IMPROVE": 2000,
  "EARLY_STOP_ACCURACY": 0.99,
  "USE_AB_TAG": false,
  "USE_CONDITIONAL_WTE": false,
  "COND_WTE_SHARED_RATIO": 0.0
}
--- output ---
Using device: cuda

[Dataset] Mixed mode: generated 2810 + 2808 samples, length 16
AB parameter pairs: [(1, 1), (1, 2)]
--------------------------------------------------
[Model config] block_size: 32, train length: 16
[Number theory] AB parameter pairs: [(1, 1), (1, 2)]


Model parameters: 0.09M

Start training...
Epoch   0 | Train: Loss=4.3143 Acc=2.4% | Test: Acc=0.8% | Best=0.8%(@0)
  from x3: 0.01 0.01 0.01 0.01 0.01 0.01 0.01 0.01 0.01 0.01 0.01 0.01 0.01
  per-rule acc: 0.01 0.01
Epoch  20 | Train: Loss=3.5602 Acc=27.5% | Test: Acc=0.8% | Best=0.8%(@20)
  from x3: 0.01 0.01 0.01 0.01 0.01 0.01 0.01 0.01 0.01 0.01 0.01 0.01 0.01
  per-rule acc: 0.01 0.01
Epoch  40 | Train: Loss=2.9406 Acc=48.2% | Test: Acc=0.9% | Best=0.9%(@40)
  from x3: 0.02 0.02 0.01 0.01 0.01 0.01 0.01 0.01 0.01 0.01 0.00 0.00 0.01
  per-rule acc: 0.01 0.01
Epoch  60 | Train: Loss=2.4516 Acc=63.7% | Test: Acc=1.1% | Best=1.1%(@60)
  from x3: 0.02 0.01 0.01 0.01 0.01 0.01 0.01 0.01 0.01 0.01 0.01 0.01 0.01
  per-rule acc: 0.01 0.01
Epoch  80 | Train: Loss=2.1105 Acc=73.8% | Test: Acc=1.4% | Best=1.4%(@80)
  from x3: 0.02 0.01 0.01 0.01 0.01 0.01 0.01 0.01 0.01 0.01 0.01 0.01 0.01
  per-rule acc: 0.01 0.01
Epoch 100 | Train: Loss=1.8618 Acc=79.6% | Test: Acc=1.4% | Best=1.4%(@100)
  from x3: 0.02 0.01 0.02 0.02 0.01 0.01 0.01 0.01 0.01 0.01 0.01 0.01 0.01
  per-rule acc: 0.01 0.01
Epoch 120 | Train: Loss=1.6726 Acc=83.2% | Test: Acc=1.5% | Best=1.5%(@120)
  from x3: 0.02 0.01 0.02 0.02 0.02 0.02 0.01 0.01 0.01 0.01 0.01 0.01 0.01
  per-rule acc: 0.01 0.02
Epoch 140 | Train: Loss=1.5449 Acc=85.8% | Test: Acc=1.6% | Best=1.6%(@140)
  from x3: 0.02 0.02 0.02 0.02 0.02 0.02 0.02 0.02 0.02 0.02 0.02 0.01 0.01
  per-rule acc: 0.01 0.02
Epoch 160 | Train: Loss=1.4475 Acc=87.7% | Test: Acc=1.7% | Best=1.7%(@160)
  from x3: 0.02 0.02 0.02 0.02 0.02 0.02 0.02 0.02 0.02 0.02 0.02 0.02 0.02
  per-rule acc: 0.01 0.02
Epoch 180 | Train: Loss=1.3700 Acc=89.0% | Test: Acc=1.7% | Best=1.7%(@180)
  from x3: 0.02 0.02 0.02 0.02 0.02 0.02 0.02 0.02 0.02 0.02 0.02 0.02 0.02
  per-rule acc: 0.02 0.02
Epoch 200 | Train: Loss=1.3078 Acc=89.9% | Test: Acc=1.7% | Best=1.7%(@180)
  from x3: 0.02 0.02 0.02 0.02 0.02 0.02 0.02 0.02 0.02 0.02 0.02 0.02 0.02
  per-rule acc: 0.02 0.02
Epoch 220 | Train: Loss=1.2716 Acc=90.5% | Test: Acc=1.8% | Best=1.8%(@220)
  from x3: 0.02 0.02 0.02 0.02 0.02 0.02 0.02 0.02 0.02 0.02 0.02 0.02 0.02
  per-rule acc: 0.02 0.02
Epoch 240 | Train: Loss=1.2040 Acc=91.3% | Test: Acc=1.8% | Best=1.8%(@220)
  from x3: 0.02 0.02 0.02 0.02 0.02 0.02 0.02 0.02 0.02 0.02 0.02 0.02 0.02
  per-rule acc: 0.02 0.02
Epoch 260 | Train: Loss=1.1864 Acc=91.8% | Test: Acc=1.8% | Best=1.8%(@220)
  from x3: 0.02 0.02 0.02 0.02 0.02 0.02 0.02 0.02 0.02 0.02 0.02 0.02 0.02
  per-rule acc: 0.02 0.02
Epoch 280 | Train: Loss=1.1511 Acc=92.3% | Test: Acc=1.9% | Best=1.9%(@280)
  from x3: 0.02 0.02 0.02 0.02 0.02 0.02 0.02 0.02 0.02 0.02 0.02 0.02 0.02
  per-rule acc: 0.02 0.02
Epoch 300 | Train: Loss=1.1036 Acc=92.7% | Test: Acc=1.8% | Best=1.9%(@280)
  from x3: 0.02 0.02 0.02 0.02 0.02 0.02 0.02 0.02 0.02 0.02 0.02 0.02 0.02
  per-rule acc: 0.02 0.02
Epoch 320 | Train: Loss=1.0612 Acc=93.4% | Test: Acc=1.9% | Best=1.9%(@320)
  from x3: 0.02 0.02 0.02 0.02 0.02 0.02 0.02 0.02 0.02 0.02 0.02 0.02 0.02
  per-rule acc: 0.02 0.02
Epoch 340 | Train: Loss=1.0302 Acc=93.8% | Test: Acc=2.0% | Best=2.0%(@340)
  from x3: 0.02 0.02 0.02 0.02 0.02 0.02 0.02 0.02 0.02 0.02 0.02 0.02 0.02
  per-rule acc: 0.01 0.02
Epoch 360 | Train: Loss=1.0025 Acc=94.4% | Test: Acc=2.1% | Best=2.1%(@360)
  from x3: 0.02 0.02 0.02 0.02 0.02 0.02 0.02 0.02 0.02 0.02 0.02 0.02 0.02
  per-rule acc: 0.02 0.03
Epoch 380 | Train: Loss=0.9858 Acc=94.8% | Test: Acc=2.1% | Best=2.1%(@380)
  from x3: 0.02 0.02 0.02 0.02 0.02 0.02 0.02 0.02 0.02 0.02 0.02 0.02 0.02
  per-rule acc: 0.02 0.03
Epoch 400 | Train: Loss=0.9443 Acc=95.2% | Test: Acc=2.2% | Best=2.2%(@400)
  from x3: 0.02 0.02 0.02 0.02 0.02 0.02 0.02 0.02 0.02 0.02 0.02 0.02 0.02
  per-rule acc: 0.02 0.03
Epoch 420 | Train: Loss=0.9493 Acc=95.5% | Test: Acc=2.2% | Best=2.2%(@420)
  from x3: 0.02 0.02 0.02 0.02 0.02 0.02 0.02 0.02 0.02 0.02 0.02 0.02 0.02
  per-rule acc: 0.02 0.03
Epoch 440 | Train: Loss=0.9456 Acc=95.6% | Test: Acc=2.2% | Best=2.2%(@440)
  from x3: 0.02 0.02 0.02 0.02 0.02 0.02 0.02 0.02 0.02 0.02 0.02 0.02 0.02
  per-rule acc: 0.02 0.03
Epoch 460 | Train: Loss=0.9019 Acc=96.0% | Test: Acc=2.2% | Best=2.2%(@440)
  from x3: 0.02 0.02 0.02 0.02 0.02 0.02 0.02 0.02 0.02 0.02 0.02 0.02 0.02
  per-rule acc: 0.02 0.03
Epoch 480 | Train: Loss=0.9019 Acc=96.2% | Test: Acc=2.2% | Best=2.2%(@440)
  from x3: 0.02 0.02 0.02 0.02 0.02 0.02 0.02 0.02 0.02 0.02 0.02 0.02 0.02
  per-rule acc: 0.02 0.03
Epoch 500 | Train: Loss=0.8703 Acc=96.5% | Test: Acc=2.2% | Best=2.2%(@440)
  from x3: 0.02 0.02 0.02 0.02 0.02 0.02 0.02 0.02 0.02 0.02 0.02 0.02 0.02
  per-rule acc: 0.02 0.03
Epoch 520 | Train: Loss=0.8387 Acc=96.8% | Test: Acc=2.2% | Best=2.2%(@440)
  from x3: 0.02 0.02 0.02 0.02 0.02 0.02 0.02 0.02 0.02 0.02 0.02 0.02 0.02
  per-rule acc: 0.02 0.03
Epoch 540 | Train: Loss=0.8358 Acc=96.9% | Test: Acc=2.3% | Best=2.3%(@540)
  from x3: 0.02 0.02 0.02 0.02 0.02 0.02 0.02 0.02 0.02 0.02 0.02 0.02 0.02
  per-rule acc: 0.02 0.03
Epoch 560 | Train: Loss=0.8136 Acc=97.1% | Test: Acc=2.4% | Best=2.4%(@560)
  from x3: 0.02 0.02 0.02 0.02 0.02 0.02 0.02 0.02 0.02 0.02 0.02 0.02 0.02
  per-rule acc: 0.02 0.03
Epoch 580 | Train: Loss=0.8105 Acc=97.1% | Test: Acc=2.5% | Best=2.5%(@580)
  from x3: 0.03 0.02 0.03 0.02 0.03 0.03 0.03 0.03 0.03 0.03 0.03 0.02 0.03
  per-rule acc: 0.02 0.03
Epoch 600 | Train: Loss=0.8031 Acc=97.4% | Test: Acc=2.5% | Best=2.5%(@600)
  from x3: 0.03 0.03 0.03 0.03 0.02 0.02 0.02 0.02 0.03 0.03 0.03 0.03 0.03
  per-rule acc: 0.02 0.03
Epoch 620 | Train: Loss=0.8031 Acc=97.4% | Test: Acc=2.7% | Best=2.7%(@620)
  from x3: 0.03 0.03 0.03 0.03 0.03 0.03 0.03 0.03 0.03 0.03 0.03 0.03 0.03
  per-rule acc: 0.03 0.03
Epoch 640 | Train: Loss=0.8033 Acc=97.4% | Test: Acc=2.8% | Best=2.8%(@640)
  from x3: 0.03 0.03 0.03 0.03 0.03 0.03 0.03 0.03 0.03 0.03 0.03 0.03 0.03
  per-rule acc: 0.03 0.03
Epoch 660 | Train: Loss=0.7527 Acc=97.8% | Test: Acc=2.9% | Best=2.9%(@660)
  from x3: 0.03 0.03 0.03 0.03 0.03 0.03 0.03 0.03 0.03 0.03 0.03 0.03 0.03
  per-rule acc: 0.03 0.03
Epoch 680 | Train: Loss=0.7101 Acc=98.0% | Test: Acc=2.9% | Best=2.9%(@660)
  from x3: 0.03 0.03 0.03 0.03 0.03 0.03 0.03 0.03 0.03 0.03 0.03 0.03 0.03
  per-rule acc: 0.03 0.02
Epoch 700 | Train: Loss=0.6917 Acc=98.2% | Test: Acc=3.1% | Best=3.1%(@700)
  from x3: 0.03 0.03 0.03 0.03 0.03 0.03 0.03 0.03 0.03 0.03 0.03 0.03 0.03
  per-rule acc: 0.04 0.03
Epoch 720 | Train: Loss=0.6523 Acc=98.4% | Test: Acc=3.1% | Best=3.1%(@720)
  from x3: 0.03 0.03 0.03 0.03 0.03 0.03 0.03 0.03 0.03 0.03 0.03 0.03 0.03
  per-rule acc: 0.04 0.03
Epoch 740 | Train: Loss=0.6381 Acc=98.4% | Test: Acc=3.3% | Best=3.3%(@740)
  from x3: 0.04 0.03 0.03 0.03 0.03 0.03 0.03 0.03 0.03 0.03 0.03 0.03 0.03
  per-rule acc: 0.04 0.03
Epoch 760 | Train: Loss=0.6272 Acc=98.5% | Test: Acc=3.6% | Best=3.6%(@760)
  from x3: 0.04 0.04 0.03 0.04 0.04 0.04 0.04 0.04 0.04 0.04 0.03 0.03 0.04
  per-rule acc: 0.04 0.03
Epoch 780 | Train: Loss=0.6366 Acc=98.6% | Test: Acc=3.6% | Best=3.6%(@780)
  from x3: 0.04 0.04 0.04 0.04 0.04 0.04 0.04 0.04 0.04 0.04 0.04 0.04 0.04
  per-rule acc: 0.04 0.03
Epoch 800 | Train: Loss=0.6127 Acc=98.7% | Test: Acc=3.9% | Best=3.9%(@800)
  from x3: 0.04 0.04 0.04 0.04 0.04 0.04 0.04 0.04 0.04 0.04 0.04 0.04 0.04
  per-rule acc: 0.04 0.03
Epoch 820 | Train: Loss=0.6057 Acc=98.8% | Test: Acc=3.9% | Best=3.9%(@820)
  from x3: 0.04 0.04 0.04 0.04 0.04 0.04 0.04 0.04 0.04 0.04 0.04 0.04 0.04
  per-rule acc: 0.05 0.03
Epoch 840 | Train: Loss=0.5943 Acc=98.9% | Test: Acc=4.2% | Best=4.2%(@840)
  from x3: 0.04 0.04 0.04 0.04 0.04 0.04 0.04 0.04 0.04 0.04 0.04 0.04 0.04
  per-rule acc: 0.05 0.04
Epoch 860 | Train: Loss=0.5697 Acc=98.9% | Test: Acc=4.4% | Best=4.4%(@860)
  from x3: 0.05 0.04 0.04 0.04 0.04 0.04 0.04 0.04 0.04 0.04 0.04 0.04 0.04
  per-rule acc: 0.05 0.04
Epoch 880 | Train: Loss=0.5579 Acc=99.0% | Test: Acc=4.6% | Best=4.6%(@880)
  from x3: 0.05 0.04 0.04 0.05 0.05 0.05 0.05 0.05 0.05 0.05 0.05 0.05 0.05
  per-rule acc: 0.05 0.04
Epoch 900 | Train: Loss=0.5472 Acc=99.1% | Test: Acc=4.6% | Best=4.6%(@900)
  from x3: 0.05 0.04 0.05 0.05 0.05 0.05 0.05 0.05 0.05 0.05 0.05 0.05 0.05
  per-rule acc: 0.05 0.04
Epoch 920 | Train: Loss=0.5266 Acc=99.1% | Test: Acc=4.7% | Best=4.7%(@920)
  from x3: 0.05 0.05 0.05 0.05 0.05 0.05 0.05 0.05 0.05 0.05 0.05 0.05 0.05
  per-rule acc: 0.06 0.04
Epoch 940 | Train: Loss=0.5144 Acc=99.1% | Test: Acc=5.0% | Best=5.0%(@940)
  from x3: 0.05 0.05 0.05 0.05 0.05 0.05 0.05 0.05 0.05 0.05 0.05 0.05 0.05
  per-rule acc: 0.06 0.04
Epoch 960 | Train: Loss=0.5268 Acc=99.1% | Test: Acc=5.4% | Best=5.4%(@960)
  from x3: 0.05 0.05 0.05 0.05 0.05 0.05 0.05 0.05 0.05 0.05 0.05 0.05 0.05
  per-rule acc: 0.06 0.05
Epoch 980 | Train: Loss=0.4944 Acc=99.2% | Test: Acc=5.5% | Best=5.5%(@980)
  from x3: 0.05 0.06 0.06 0.06 0.06 0.06 0.06 0.06 0.06 0.05 0.05 0.06 0.06
  per-rule acc: 0.06 0.05
Epoch 1000 | Train: Loss=0.4913 Acc=99.2% | Test: Acc=5.8% | Best=5.8%(@1000)
  from x3: 0.06 0.06 0.06 0.06 0.06 0.06 0.06 0.06 0.06 0.06 0.06 0.06 0.06
  per-rule acc: 0.07 0.05
Epoch 1020 | Train: Loss=0.4733 Acc=99.2% | Test: Acc=6.3% | Best=6.3%(@1020)
  from x3: 0.06 0.06 0.06 0.06 0.06 0.06 0.06 0.06 0.06 0.06 0.06 0.06 0.06
  per-rule acc: 0.07 0.05
Epoch 1040 | Train: Loss=0.4619 Acc=99.2% | Test: Acc=6.6% | Best=6.6%(@1040)
  from x3: 0.06 0.07 0.07 0.07 0.07 0.07 0.07 0.07 0.07 0.07 0.07 0.07 0.07
  per-rule acc: 0.08 0.06
Epoch 1060 | Train: Loss=0.4374 Acc=99.3% | Test: Acc=6.7% | Best=6.7%(@1060)
  from x3: 0.07 0.07 0.07 0.07 0.07 0.07 0.07 0.07 0.07 0.07 0.07 0.07 0.07
  per-rule acc: 0.08 0.06
Epoch 1080 | Train: Loss=0.4197 Acc=99.3% | Test: Acc=7.1% | Best=7.1%(@1080)
  from x3: 0.07 0.07 0.07 0.07 0.07 0.07 0.07 0.07 0.07 0.07 0.07 0.07 0.07
  per-rule acc: 0.08 0.06
Epoch 1100 | Train: Loss=0.4149 Acc=99.3% | Test: Acc=7.7% | Best=7.7%(@1100)
  from x3: 0.08 0.08 0.08 0.08 0.08 0.08 0.08 0.08 0.08 0.08 0.08 0.08 0.08
  per-rule acc: 0.09 0.06
Epoch 1120 | Train: Loss=0.3994 Acc=99.4% | Test: Acc=8.0% | Best=8.0%(@1120)
  from x3: 0.08 0.08 0.08 0.08 0.08 0.08 0.08 0.08 0.08 0.08 0.08 0.08 0.08
  per-rule acc: 0.10 0.06
Epoch 1140 | Train: Loss=0.3941 Acc=99.3% | Test: Acc=8.3% | Best=8.3%(@1140)
  from x3: 0.09 0.08 0.08 0.08 0.08 0.08 0.08 0.08 0.08 0.08 0.08 0.08 0.08
  per-rule acc: 0.10 0.07
Epoch 1160 | Train: Loss=0.3940 Acc=99.4% | Test: Acc=8.7% | Best=8.7%(@1160)
  from x3: 0.09 0.09 0.09 0.09 0.09 0.09 0.09 0.09 0.09 0.09 0.09 0.09 0.09
  per-rule acc: 0.10 0.07
Epoch 1180 | Train: Loss=0.3722 Acc=99.4% | Test: Acc=9.4% | Best=9.4%(@1180)
  from x3: 0.10 0.09 0.09 0.09 0.09 0.09 0.09 0.09 0.09 0.09 0.09 0.09 0.09
  per-rule acc: 0.11 0.08
Epoch 1200 | Train: Loss=0.3823 Acc=99.4% | Test: Acc=9.9% | Best=9.9%(@1200)
  from x3: 0.10 0.10 0.10 0.10 0.10 0.10 0.10 0.10 0.10 0.10 0.10 0.10 0.10
  per-rule acc: 0.11 0.09
Epoch 1220 | Train: Loss=0.3699 Acc=99.4% | Test: Acc=10.7% | Best=10.7%(@1220)
  from x3: 0.11 0.11 0.11 0.11 0.11 0.11 0.11 0.11 0.11 0.11 0.11 0.11 0.11
  per-rule acc: 0.12 0.10
Epoch 1240 | Train: Loss=0.3648 Acc=99.4% | Test: Acc=11.1% | Best=11.1%(@1240)
  from x3: 0.12 0.12 0.11 0.11 0.11 0.11 0.11 0.11 0.11 0.11 0.11 0.11 0.11
  per-rule acc: 0.12 0.10
Epoch 1260 | Train: Loss=0.3458 Acc=99.4% | Test: Acc=11.9% | Best=11.9%(@1260)
  from x3: 0.12 0.12 0.12 0.12 0.12 0.12 0.12 0.12 0.12 0.12 0.12 0.12 0.12
  per-rule acc: 0.13 0.10
Epoch 1280 | Train: Loss=0.3628 Acc=99.5% | Test: Acc=12.6% | Best=12.6%(@1280)
  from x3: 0.13 0.13 0.13 0.13 0.12 0.13 0.13 0.12 0.13 0.12 0.13 0.13 0.13
  per-rule acc: 0.14 0.11
Epoch 1300 | Train: Loss=0.3328 Acc=99.5% | Test: Acc=13.5% | Best=13.5%(@1300)
  from x3: 0.14 0.13 0.13 0.14 0.14 0.13 0.13 0.14 0.14 0.13 0.13 0.13 0.14
  per-rule acc: 0.15 0.12
Epoch 1320 | Train: Loss=0.3334 Acc=99.5% | Test: Acc=14.0% | Best=14.0%(@1320)
  from x3: 0.15 0.14 0.14 0.14 0.14 0.14 0.14 0.14 0.14 0.14 0.14 0.14 0.14
  per-rule acc: 0.16 0.12
Epoch 1340 | Train: Loss=0.3285 Acc=99.4% | Test: Acc=14.9% | Best=14.9%(@1340)
  from x3: 0.15 0.15 0.15 0.15 0.15 0.15 0.15 0.15 0.15 0.15 0.15 0.15 0.15
  per-rule acc: 0.16 0.14
Epoch 1360 | Train: Loss=0.3212 Acc=99.4% | Test: Acc=15.1% | Best=15.1%(@1360)
  from x3: 0.16 0.15 0.15 0.15 0.15 0.15 0.15 0.15 0.15 0.15 0.15 0.15 0.15
  per-rule acc: 0.16 0.14
Epoch 1380 | Train: Loss=0.3085 Acc=99.4% | Test: Acc=16.2% | Best=16.2%(@1380)
  from x3: 0.17 0.16 0.16 0.16 0.16 0.16 0.16 0.16 0.16 0.16 0.16 0.16 0.16
  per-rule acc: 0.17 0.15
Epoch 1400 | Train: Loss=0.3274 Acc=99.5% | Test: Acc=16.7% | Best=16.7%(@1400)
  from x3: 0.17 0.17 0.17 0.17 0.17 0.17 0.17 0.17 0.17 0.17 0.17 0.17 0.17
  per-rule acc: 0.18 0.16
Epoch 1420 | Train: Loss=0.3136 Acc=99.5% | Test: Acc=17.2% | Best=17.2%(@1420)
  from x3: 0.18 0.18 0.17 0.17 0.17 0.17 0.17 0.17 0.17 0.17 0.17 0.17 0.17
  per-rule acc: 0.18 0.16
Epoch 1440 | Train: Loss=0.3007 Acc=99.5% | Test: Acc=17.9% | Best=17.9%(@1440)
  from x3: 0.19 0.19 0.18 0.18 0.18 0.18 0.18 0.18 0.18 0.18 0.18 0.17 0.18
  per-rule acc: 0.19 0.17
Epoch 1460 | Train: Loss=0.2910 Acc=99.5% | Test: Acc=18.4% | Best=18.4%(@1460)
  from x3: 0.20 0.18 0.18 0.18 0.18 0.18 0.18 0.18 0.18 0.18 0.18 0.18 0.18
  per-rule acc: 0.19 0.17
Epoch 1480 | Train: Loss=0.2963 Acc=99.5% | Test: Acc=19.5% | Best=19.5%(@1480)
  from x3: 0.20 0.20 0.20 0.19 0.19 0.19 0.19 0.19 0.19 0.19 0.19 0.19 0.19
  per-rule acc: 0.20 0.19
Epoch 1500 | Train: Loss=0.2945 Acc=99.5% | Test: Acc=20.3% | Best=20.3%(@1500)
  from x3: 0.21 0.21 0.20 0.20 0.20 0.20 0.20 0.20 0.20 0.20 0.20 0.20 0.20
  per-rule acc: 0.21 0.20
Epoch 1520 | Train: Loss=0.2943 Acc=99.4% | Test: Acc=20.8% | Best=20.8%(@1520)
  from x3: 0.22 0.22 0.21 0.21 0.21 0.21 0.21 0.21 0.21 0.21 0.20 0.20 0.20
  per-rule acc: 0.21 0.20
Epoch 1540 | Train: Loss=0.2918 Acc=99.5% | Test: Acc=21.3% | Best=21.3%(@1540)
  from x3: 0.22 0.22 0.21 0.21 0.21 0.21 0.21 0.21 0.21 0.21 0.21 0.21 0.21
  per-rule acc: 0.21 0.21
Epoch 1560 | Train: Loss=0.2854 Acc=99.5% | Test: Acc=22.1% | Best=22.1%(@1560)
  from x3: 0.23 0.23 0.22 0.22 0.22 0.22 0.22 0.22 0.22 0.22 0.22 0.22 0.22
  per-rule acc: 0.23 0.21
Epoch 1580 | Train: Loss=0.2924 Acc=99.5% | Test: Acc=22.3% | Best=22.3%(@1580)
  from x3: 0.23 0.23 0.22 0.22 0.22 0.22 0.22 0.22 0.22 0.22 0.22 0.22 0.22
  per-rule acc: 0.23 0.22
Epoch 1600 | Train: Loss=0.2904 Acc=99.5% | Test: Acc=23.6% | Best=23.6%(@1600)
  from x3: 0.24 0.24 0.23 0.24 0.24 0.24 0.24 0.24 0.23 0.24 0.23 0.23 0.23
  per-rule acc: 0.24 0.23
Epoch 1620 | Train: Loss=0.2768 Acc=99.5% | Test: Acc=24.2% | Best=24.2%(@1620)
  from x3: 0.24 0.24 0.24 0.24 0.24 0.24 0.24 0.24 0.24 0.24 0.24 0.24 0.24
  per-rule acc: 0.25 0.24
Epoch 1640 | Train: Loss=0.2729 Acc=99.5% | Test: Acc=24.5% | Best=24.5%(@1640)
  from x3: 0.25 0.25 0.25 0.24 0.24 0.24 0.24 0.24 0.24 0.25 0.24 0.25 0.25
  per-rule acc: 0.25 0.24
Epoch 1660 | Train: Loss=0.2838 Acc=99.5% | Test: Acc=25.6% | Best=25.6%(@1660)
  from x3: 0.26 0.26 0.25 0.25 0.25 0.26 0.26 0.26 0.26 0.26 0.26 0.26 0.26
  per-rule acc: 0.27 0.25
Epoch 1680 | Train: Loss=0.2767 Acc=99.5% | Test: Acc=26.0% | Best=26.0%(@1680)
  from x3: 0.26 0.27 0.26 0.26 0.26 0.26 0.26 0.26 0.26 0.26 0.26 0.26 0.26
  per-rule acc: 0.27 0.25
Epoch 1700 | Train: Loss=0.2685 Acc=99.5% | Test: Acc=26.3% | Best=26.3%(@1700)
  from x3: 0.27 0.27 0.26 0.26 0.26 0.26 0.26 0.26 0.26 0.26 0.26 0.26 0.26
  per-rule acc: 0.28 0.25
Epoch 1720 | Train: Loss=0.2709 Acc=99.5% | Test: Acc=27.2% | Best=27.2%(@1720)
  from x3: 0.28 0.28 0.27 0.27 0.27 0.27 0.27 0.27 0.27 0.27 0.27 0.27 0.27
  per-rule acc: 0.29 0.26
Epoch 1740 | Train: Loss=0.2745 Acc=99.5% | Test: Acc=27.3% | Best=27.3%(@1740)
  from x3: 0.28 0.28 0.27 0.27 0.27 0.27 0.27 0.27 0.27 0.27 0.27 0.27 0.27
  per-rule acc: 0.28 0.26
Epoch 1760 | Train: Loss=0.2700 Acc=99.5% | Test: Acc=28.0% | Best=28.0%(@1760)
  from x3: 0.29 0.29 0.28 0.28 0.28 0.28 0.28 0.28 0.28 0.28 0.28 0.28 0.28
  per-rule acc: 0.29 0.27
Epoch 1780 | Train: Loss=0.2726 Acc=99.5% | Test: Acc=28.7% | Best=28.7%(@1780)
  from x3: 0.29 0.30 0.29 0.29 0.29 0.28 0.28 0.28 0.28 0.28 0.28 0.28 0.28
  per-rule acc: 0.31 0.27
Epoch 1800 | Train: Loss=0.2605 Acc=99.5% | Test: Acc=29.8% | Best=29.8%(@1800)
  from x3: 0.30 0.30 0.30 0.30 0.30 0.30 0.30 0.30 0.30 0.30 0.30 0.30 0.30
  per-rule acc: 0.32 0.28
Epoch 1820 | Train: Loss=0.2520 Acc=99.5% | Test: Acc=30.0% | Best=30.0%(@1820)
  from x3: 0.30 0.31 0.30 0.30 0.30 0.30 0.30 0.30 0.30 0.30 0.30 0.30 0.30
  per-rule acc: 0.32 0.28
Epoch 1840 | Train: Loss=0.2641 Acc=99.5% | Test: Acc=30.4% | Best=30.4%(@1840)
  from x3: 0.31 0.31 0.31 0.30 0.30 0.30 0.30 0.30 0.30 0.30 0.30 0.30 0.30
  per-rule acc: 0.32 0.29
Epoch 1860 | Train: Loss=0.2504 Acc=99.5% | Test: Acc=31.0% | Best=31.0%(@1860)
  from x3: 0.31 0.31 0.31 0.31 0.31 0.31 0.31 0.31 0.31 0.31 0.31 0.31 0.31
  per-rule acc: 0.33 0.29
Epoch 1880 | Train: Loss=0.2635 Acc=99.5% | Test: Acc=31.6% | Best=31.6%(@1880)
  from x3: 0.32 0.32 0.32 0.32 0.32 0.32 0.32 0.32 0.31 0.31 0.31 0.31 0.31
  per-rule acc: 0.34 0.29
Epoch 1900 | Train: Loss=0.2585 Acc=99.5% | Test: Acc=32.2% | Best=32.2%(@1900)
  from x3: 0.33 0.33 0.32 0.32 0.32 0.32 0.32 0.32 0.32 0.32 0.32 0.32 0.32
  per-rule acc: 0.34 0.30
Epoch 1920 | Train: Loss=0.2501 Acc=99.5% | Test: Acc=32.4% | Best=32.4%(@1920)
  from x3: 0.32 0.33 0.33 0.32 0.32 0.33 0.33 0.32 0.32 0.32 0.32 0.32 0.32
  per-rule acc: 0.35 0.30
Epoch 1940 | Train: Loss=0.2504 Acc=99.5% | Test: Acc=32.7% | Best=32.7%(@1940)
  from x3: 0.33 0.34 0.33 0.33 0.33 0.33 0.33 0.33 0.33 0.33 0.32 0.32 0.32
  per-rule acc: 0.35 0.31
Epoch 1960 | Train: Loss=0.2580 Acc=99.5% | Test: Acc=33.2% | Best=33.2%(@1960)
  from x3: 0.34 0.34 0.33 0.33 0.33 0.33 0.33 0.33 0.33 0.33 0.33 0.33 0.33
  per-rule acc: 0.35 0.31
Epoch 1980 | Train: Loss=0.2500 Acc=99.5% | Test: Acc=33.7% | Best=33.7%(@1980)
  from x3: 0.34 0.34 0.34 0.34 0.34 0.34 0.34 0.34 0.34 0.33 0.33 0.33 0.33
  per-rule acc: 0.36 0.31
Epoch 2000 | Train: Loss=0.2462 Acc=99.5% | Test: Acc=34.1% | Best=34.1%(@2000)
  from x3: 0.34 0.34 0.34 0.34 0.34 0.34 0.34 0.34 0.34 0.34 0.34 0.34 0.34
  per-rule acc: 0.37 0.31
Epoch 2020 | Train: Loss=0.2493 Acc=99.5% | Test: Acc=34.4% | Best=34.4%(@2020)
  from x3: 0.35 0.35 0.34 0.34 0.34 0.34 0.34 0.34 0.34 0.34 0.34 0.34 0.34
  per-rule acc: 0.36 0.32
Epoch 2040 | Train: Loss=0.2532 Acc=99.5% | Test: Acc=34.5% | Best=34.5%(@2040)
  from x3: 0.35 0.35 0.35 0.35 0.34 0.35 0.35 0.35 0.34 0.34 0.34 0.34 0.34
  per-rule acc: 0.37 0.31
Epoch 2060 | Train: Loss=0.2409 Acc=99.5% | Test: Acc=35.0% | Best=35.0%(@2060)
  from x3: 0.36 0.35 0.35 0.35 0.35 0.35 0.35 0.35 0.35 0.35 0.35 0.35 0.35
  per-rule acc: 0.37 0.33
Epoch 2080 | Train: Loss=0.2450 Acc=99.5% | Test: Acc=34.9% | Best=35.0%(@2060)
  from x3: 0.36 0.36 0.35 0.35 0.35 0.35 0.35 0.35 0.35 0.35 0.35 0.35 0.35
  per-rule acc: 0.37 0.33
Epoch 2100 | Train: Loss=0.2373 Acc=99.5% | Test: Acc=35.1% | Best=35.1%(@2100)
  from x3: 0.36 0.36 0.35 0.35 0.35 0.35 0.35 0.35 0.35 0.35 0.35 0.35 0.35
  per-rule acc: 0.37 0.33
Epoch 2120 | Train: Loss=0.2572 Acc=99.6% | Test: Acc=35.8% | Best=35.8%(@2120)
  from x3: 0.36 0.36 0.36 0.36 0.36 0.36 0.36 0.36 0.36 0.36 0.36 0.36 0.36
  per-rule acc: 0.38 0.33
Epoch 2140 | Train: Loss=0.2487 Acc=99.5% | Test: Acc=36.1% | Best=36.1%(@2140)
  from x3: 0.36 0.37 0.36 0.36 0.36 0.36 0.36 0.36 0.36 0.36 0.36 0.36 0.36
  per-rule acc: 0.38 0.34
Epoch 2160 | Train: Loss=0.2389 Acc=99.6% | Test: Acc=36.7% | Best=36.7%(@2160)
  from x3: 0.37 0.37 0.36 0.37 0.37 0.37 0.37 0.37 0.37 0.37 0.37 0.37 0.37
  per-rule acc: 0.39 0.34
Epoch 2180 | Train: Loss=0.2316 Acc=99.5% | Test: Acc=37.4% | Best=37.4%(@2180)
  from x3: 0.37 0.38 0.37 0.38 0.37 0.37 0.37 0.37 0.37 0.37 0.37 0.37 0.37
  per-rule acc: 0.40 0.35
Epoch 2200 | Train: Loss=0.2239 Acc=99.5% | Test: Acc=37.2% | Best=37.4%(@2180)
  from x3: 0.37 0.37 0.37 0.37 0.37 0.37 0.37 0.37 0.37 0.37 0.38 0.37 0.37
  per-rule acc: 0.40 0.34
Epoch 2220 | Train: Loss=0.2452 Acc=99.5% | Test: Acc=37.4% | Best=37.4%(@2220)
  from x3: 0.38 0.37 0.37 0.37 0.37 0.37 0.37 0.37 0.37 0.37 0.37 0.37 0.37
  per-rule acc: 0.40 0.35
Epoch 2240 | Train: Loss=0.2291 Acc=99.6% | Test: Acc=37.6% | Best=37.6%(@2240)
  from x3: 0.38 0.38 0.38 0.38 0.38 0.38 0.38 0.38 0.38 0.38 0.38 0.37 0.37
  per-rule acc: 0.40 0.35
Epoch 2260 | Train: Loss=0.2311 Acc=99.6% | Test: Acc=38.1% | Best=38.1%(@2260)
  from x3: 0.38 0.38 0.38 0.38 0.38 0.38 0.38 0.38 0.38 0.38 0.38 0.38 0.38
  per-rule acc: 0.41 0.35
Epoch 2280 | Train: Loss=0.2211 Acc=99.5% | Test: Acc=38.0% | Best=38.1%(@2260)
  from x3: 0.38 0.38 0.38 0.38 0.38 0.38 0.38 0.38 0.38 0.38 0.38 0.38 0.38
  per-rule acc: 0.41 0.35
Epoch 2300 | Train: Loss=0.2317 Acc=99.6% | Test: Acc=38.3% | Best=38.3%(@2300)
  from x3: 0.39 0.38 0.38 0.38 0.38 0.38 0.38 0.38 0.38 0.38 0.38 0.38 0.38
  per-rule acc: 0.41 0.36
Epoch 2320 | Train: Loss=0.2179 Acc=99.5% | Test: Acc=38.5% | Best=38.5%(@2320)
  from x3: 0.38 0.38 0.39 0.39 0.38 0.38 0.38 0.39 0.39 0.39 0.39 0.38 0.38
  per-rule acc: 0.42 0.35
Epoch 2340 | Train: Loss=0.2265 Acc=99.5% | Test: Acc=38.5% | Best=38.5%(@2320)
  from x3: 0.39 0.39 0.38 0.38 0.38 0.38 0.38 0.38 0.39 0.38 0.38 0.38 0.38
  per-rule acc: 0.41 0.36
Epoch 2360 | Train: Loss=0.2232 Acc=99.6% | Test: Acc=38.4% | Best=38.5%(@2320)
  from x3: 0.39 0.39 0.39 0.38 0.38 0.38 0.38 0.38 0.38 0.38 0.38 0.38 0.38
  per-rule acc: 0.41 0.35
Epoch 2380 | Train: Loss=0.2212 Acc=99.5% | Test: Acc=39.3% | Best=39.3%(@2380)
  from x3: 0.39 0.39 0.39 0.39 0.39 0.39 0.39 0.39 0.39 0.39 0.39 0.39 0.39
  per-rule acc: 0.42 0.37
Epoch 2400 | Train: Loss=0.2182 Acc=99.6% | Test: Acc=39.5% | Best=39.5%(@2400)
  from x3: 0.39 0.39 0.39 0.39 0.39 0.39 0.40 0.40 0.40 0.40 0.40 0.40 0.40
  per-rule acc: 0.42 0.37
Epoch 2420 | Train: Loss=0.2331 Acc=99.6% | Test: Acc=39.3% | Best=39.5%(@2400)
  from x3: 0.40 0.40 0.39 0.39 0.39 0.39 0.39 0.39 0.39 0.39 0.39 0.39 0.39
  per-rule acc: 0.42 0.36
Epoch 2440 | Train: Loss=0.2161 Acc=99.6% | Test: Acc=39.8% | Best=39.8%(@2440)
  from x3: 0.40 0.40 0.40 0.40 0.40 0.40 0.40 0.40 0.40 0.40 0.40 0.40 0.40
  per-rule acc: 0.43 0.37
Epoch 2460 | Train: Loss=0.2204 Acc=99.6% | Test: Acc=39.4% | Best=39.8%(@2440)
  from x3: 0.40 0.40 0.39 0.39 0.39 0.39 0.39 0.39 0.39 0.39 0.39 0.39 0.39
  per-rule acc: 0.42 0.36
Epoch 2480 | Train: Loss=0.2212 Acc=99.5% | Test: Acc=39.6% | Best=39.8%(@2440)
  from x3: 0.40 0.40 0.40 0.40 0.40 0.39 0.39 0.39 0.39 0.39 0.39 0.39 0.39
  per-rule acc: 0.43 0.37
Epoch 2500 | Train: Loss=0.2164 Acc=99.6% | Test: Acc=39.7% | Best=39.8%(@2440)
  from x3: 0.40 0.40 0.40 0.40 0.40 0.40 0.40 0.40 0.39 0.39 0.40 0.40 0.40
  per-rule acc: 0.43 0.36
Epoch 2520 | Train: Loss=0.2054 Acc=99.5% | Test: Acc=40.1% | Best=40.1%(@2520)
  from x3: 0.40 0.40 0.40 0.40 0.40 0.40 0.40 0.40 0.40 0.40 0.40 0.40 0.40
  per-rule acc: 0.43 0.37
Epoch 2540 | Train: Loss=0.2145 Acc=99.6% | Test: Acc=39.8% | Best=40.1%(@2520)
  from x3: 0.40 0.40 0.40 0.40 0.40 0.40 0.40 0.40 0.40 0.40 0.40 0.40 0.40
  per-rule acc: 0.43 0.37
Epoch 2560 | Train: Loss=0.2221 Acc=99.6% | Test: Acc=39.9% | Best=40.1%(@2520)
  from x3: 0.40 0.40 0.40 0.40 0.40 0.40 0.40 0.40 0.40 0.40 0.40 0.40 0.40
  per-rule acc: 0.43 0.37
Epoch 2580 | Train: Loss=0.2003 Acc=99.6% | Test: Acc=40.5% | Best=40.5%(@2580)
  from x3: 0.41 0.41 0.40 0.40 0.40 0.40 0.41 0.40 0.41 0.41 0.40 0.40 0.40
  per-rule acc: 0.44 0.37
Epoch 2600 | Train: Loss=0.2001 Acc=99.6% | Test: Acc=40.4% | Best=40.5%(@2580)
  from x3: 0.40 0.41 0.41 0.41 0.40 0.40 0.40 0.40 0.40 0.40 0.40 0.40 0.40
  per-rule acc: 0.44 0.37
Epoch 2620 | Train: Loss=0.2031 Acc=99.6% | Test: Acc=40.8% | Best=40.8%(@2620)
  from x3: 0.41 0.41 0.41 0.41 0.41 0.41 0.41 0.41 0.41 0.41 0.41 0.41 0.41
  per-rule acc: 0.44 0.37
Epoch 2640 | Train: Loss=0.2051 Acc=99.6% | Test: Acc=40.4% | Best=40.8%(@2620)
  from x3: 0.41 0.41 0.40 0.41 0.40 0.40 0.40 0.40 0.40 0.40 0.40 0.40 0.41
  per-rule acc: 0.44 0.37
Epoch 2660 | Train: Loss=0.2067 Acc=99.6% | Test: Acc=41.2% | Best=41.2%(@2660)
  from x3: 0.41 0.41 0.41 0.41 0.41 0.41 0.41 0.41 0.41 0.41 0.41 0.41 0.41
  per-rule acc: 0.45 0.38
Epoch 2680 | Train: Loss=0.2043 Acc=99.5% | Test: Acc=41.1% | Best=41.2%(@2660)
  from x3: 0.41 0.41 0.41 0.41 0.41 0.41 0.41 0.41 0.41 0.41 0.41 0.41 0.41
  per-rule acc: 0.45 0.37
Epoch 2700 | Train: Loss=0.2050 Acc=99.6% | Test: Acc=41.4% | Best=41.4%(@2700)
  from x3: 0.41 0.41 0.41 0.42 0.41 0.41 0.41 0.41 0.41 0.41 0.41 0.41 0.41
  per-rule acc: 0.46 0.37
Epoch 2720 | Train: Loss=0.2006 Acc=99.6% | Test: Acc=41.5% | Best=41.5%(@2720)
  from x3: 0.41 0.41 0.42 0.41 0.41 0.41 0.41 0.41 0.42 0.42 0.42 0.42 0.41
  per-rule acc: 0.45 0.38
Epoch 2740 | Train: Loss=0.2018 Acc=99.6% | Test: Acc=41.1% | Best=41.5%(@2720)
  from x3: 0.41 0.42 0.41 0.41 0.41 0.41 0.41 0.41 0.41 0.41 0.41 0.41 0.41
  per-rule acc: 0.45 0.37
Epoch 2760 | Train: Loss=0.1968 Acc=99.6% | Test: Acc=41.0% | Best=41.5%(@2720)
  from x3: 0.41 0.41 0.41 0.41 0.41 0.41 0.41 0.41 0.41 0.41 0.41 0.41 0.41
  per-rule acc: 0.45 0.37
Epoch 2780 | Train: Loss=0.1929 Acc=99.6% | Test: Acc=41.8% | Best=41.8%(@2780)
  from x3: 0.42 0.42 0.42 0.42 0.42 0.42 0.42 0.42 0.42 0.42 0.42 0.42 0.42
  per-rule acc: 0.45 0.38
Epoch 2800 | Train: Loss=0.1989 Acc=99.6% | Test: Acc=41.9% | Best=41.9%(@2800)
  from x3: 0.42 0.42 0.42 0.42 0.42 0.42 0.42 0.42 0.42 0.42 0.42 0.42 0.42
  per-rule acc: 0.46 0.38
Epoch 2820 | Train: Loss=0.1894 Acc=99.6% | Test: Acc=41.6% | Best=41.9%(@2800)
  from x3: 0.42 0.42 0.42 0.42 0.42 0.42 0.41 0.42 0.41 0.41 0.41 0.41 0.41
  per-rule acc: 0.46 0.37
Epoch 2840 | Train: Loss=0.1879 Acc=99.6% | Test: Acc=41.8% | Best=41.9%(@2800)
  from x3: 0.42 0.42 0.42 0.42 0.42 0.42 0.42 0.42 0.42 0.42 0.42 0.42 0.42
  per-rule acc: 0.46 0.37
Epoch 2860 | Train: Loss=0.1832 Acc=99.6% | Test: Acc=41.7% | Best=41.9%(@2800)
  from x3: 0.42 0.42 0.42 0.42 0.42 0.42 0.42 0.42 0.42 0.42 0.41 0.41 0.41
  per-rule acc: 0.46 0.37
Epoch 2880 | Train: Loss=0.1821 Acc=99.7% | Test: Acc=41.9% | Best=41.9%(@2880)
  from x3: 0.42 0.43 0.42 0.42 0.42 0.42 0.42 0.42 0.42 0.42 0.42 0.42 0.42
  per-rule acc: 0.46 0.37
Epoch 2900 | Train: Loss=0.1933 Acc=99.6% | Test: Acc=42.4% | Best=42.4%(@2900)
  from x3: 0.42 0.43 0.42 0.42 0.42 0.42 0.42 0.42 0.42 0.42 0.42 0.42 0.42
  per-rule acc: 0.47 0.38
Epoch 2920 | Train: Loss=0.1942 Acc=99.6% | Test: Acc=42.0% | Best=42.4%(@2900)
  from x3: 0.43 0.43 0.42 0.42 0.42 0.42 0.42 0.42 0.42 0.42 0.42 0.42 0.42
  per-rule acc: 0.46 0.38
Epoch 2940 | Train: Loss=0.1853 Acc=99.7% | Test: Acc=42.1% | Best=42.4%(@2900)
  from x3: 0.42 0.43 0.42 0.42 0.42 0.42 0.42 0.42 0.42 0.42 0.42 0.42 0.42
  per-rule acc: 0.47 0.37
Epoch 2960 | Train: Loss=0.1957 Acc=99.7% | Test: Acc=42.4% | Best=42.4%(@2960)
  from x3: 0.42 0.43 0.42 0.42 0.42 0.42 0.42 0.42 0.42 0.42 0.42 0.42 0.42
  per-rule acc: 0.47 0.38
Epoch 2980 | Train: Loss=0.1891 Acc=99.7% | Test: Acc=42.6% | Best=42.6%(@2980)
  from x3: 0.42 0.43 0.43 0.43 0.43 0.43 0.43 0.43 0.43 0.43 0.42 0.43 0.43
  per-rule acc: 0.47 0.38
Epoch 3000 | Train: Loss=0.1820 Acc=99.7% | Test: Acc=42.6% | Best=42.6%(@2980)
  from x3: 0.42 0.43 0.43 0.43 0.43 0.42 0.43 0.43 0.43 0.42 0.42 0.42 0.42
  per-rule acc: 0.48 0.38
Epoch 3020 | Train: Loss=0.1841 Acc=99.5% | Test: Acc=42.8% | Best=42.8%(@3020)
  from x3: 0.44 0.43 0.43 0.43 0.43 0.43 0.43 0.43 0.43 0.43 0.43 0.43 0.43
  per-rule acc: 0.47 0.39
Epoch 3040 | Train: Loss=0.1885 Acc=99.7% | Test: Acc=42.8% | Best=42.8%(@3040)
  from x3: 0.43 0.44 0.43 0.43 0.43 0.43 0.43 0.43 0.43 0.43 0.43 0.43 0.43
  per-rule acc: 0.48 0.38
Epoch 3060 | Train: Loss=0.1903 Acc=99.6% | Test: Acc=43.2% | Best=43.2%(@3060)
  from x3: 0.43 0.44 0.43 0.43 0.43 0.43 0.43 0.43 0.43 0.43 0.43 0.43 0.43
  per-rule acc: 0.48 0.38
Epoch 3080 | Train: Loss=0.1812 Acc=99.7% | Test: Acc=43.1% | Best=43.2%(@3060)
  from x3: 0.44 0.44 0.43 0.43 0.43 0.43 0.43 0.43 0.43 0.43 0.43 0.43 0.43
  per-rule acc: 0.48 0.39
Epoch 3100 | Train: Loss=0.1819 Acc=99.6% | Test: Acc=43.5% | Best=43.5%(@3100)
  from x3: 0.44 0.45 0.44 0.43 0.43 0.43 0.43 0.43 0.43 0.43 0.43 0.43 0.43
  per-rule acc: 0.48 0.39
Epoch 3120 | Train: Loss=0.1778 Acc=99.7% | Test: Acc=43.6% | Best=43.6%(@3120)
  from x3: 0.44 0.44 0.44 0.43 0.43 0.43 0.43 0.43 0.43 0.43 0.43 0.44 0.44
  per-rule acc: 0.48 0.39
Epoch 3140 | Train: Loss=0.1846 Acc=99.6% | Test: Acc=43.1% | Best=43.6%(@3120)
  from x3: 0.44 0.44 0.43 0.43 0.43 0.43 0.43 0.43 0.43 0.43 0.43 0.43 0.43
  per-rule acc: 0.48 0.38
Epoch 3160 | Train: Loss=0.1759 Acc=99.7% | Test: Acc=44.0% | Best=44.0%(@3160)
  from x3: 0.44 0.44 0.44 0.44 0.44 0.44 0.44 0.44 0.44 0.44 0.44 0.44 0.44
  per-rule acc: 0.50 0.38
Epoch 3180 | Train: Loss=0.1792 Acc=99.6% | Test: Acc=43.8% | Best=44.0%(@3160)
  from x3: 0.45 0.45 0.44 0.44 0.44 0.44 0.44 0.44 0.44 0.44 0.44 0.44 0.44
  per-rule acc: 0.48 0.39
Epoch 3200 | Train: Loss=0.1847 Acc=99.7% | Test: Acc=43.8% | Best=44.0%(@3160)
  from x3: 0.44 0.44 0.44 0.44 0.44 0.44 0.44 0.44 0.44 0.44 0.44 0.44 0.44
  per-rule acc: 0.48 0.39
Epoch 3220 | Train: Loss=0.1783 Acc=99.6% | Test: Acc=44.1% | Best=44.1%(@3220)
  from x3: 0.45 0.45 0.44 0.44 0.44 0.44 0.44 0.44 0.44 0.44 0.44 0.44 0.44
  per-rule acc: 0.48 0.40
Epoch 3240 | Train: Loss=0.1823 Acc=99.6% | Test: Acc=44.1% | Best=44.1%(@3240)
  from x3: 0.44 0.45 0.44 0.44 0.44 0.44 0.44 0.44 0.44 0.44 0.44 0.44 0.44
  per-rule acc: 0.49 0.39
Epoch 3260 | Train: Loss=0.1675 Acc=99.6% | Test: Acc=44.3% | Best=44.3%(@3260)
  from x3: 0.44 0.45 0.44 0.44 0.44 0.44 0.44 0.44 0.44 0.44 0.44 0.44 0.44
  per-rule acc: 0.49 0.40
Epoch 3280 | Train: Loss=0.1772 Acc=99.6% | Test: Acc=44.2% | Best=44.3%(@3260)
  from x3: 0.44 0.45 0.44 0.44 0.44 0.44 0.44 0.44 0.44 0.44 0.44 0.44 0.44
  per-rule acc: 0.49 0.39
Epoch 3300 | Train: Loss=0.1787 Acc=99.7% | Test: Acc=44.4% | Best=44.4%(@3300)
  from x3: 0.44 0.45 0.44 0.44 0.44 0.44 0.44 0.44 0.44 0.44 0.44 0.44 0.44
  per-rule acc: 0.50 0.39
Epoch 3320 | Train: Loss=0.1719 Acc=99.6% | Test: Acc=44.5% | Best=44.5%(@3320)
  from x3: 0.45 0.45 0.45 0.45 0.45 0.44 0.44 0.44 0.44 0.44 0.44 0.44 0.45
  per-rule acc: 0.50 0.40
Epoch 3340 | Train: Loss=0.1774 Acc=99.6% | Test: Acc=44.3% | Best=44.5%(@3320)
  from x3: 0.44 0.45 0.44 0.44 0.44 0.44 0.44 0.44 0.44 0.44 0.44 0.44 0.44
  per-rule acc: 0.49 0.39
Epoch 3360 | Train: Loss=0.1760 Acc=99.7% | Test: Acc=45.0% | Best=45.0%(@3360)
  from x3: 0.44 0.45 0.45 0.45 0.45 0.45 0.45 0.45 0.45 0.45 0.45 0.45 0.45
  per-rule acc: 0.51 0.39
Epoch 3380 | Train: Loss=0.1718 Acc=99.6% | Test: Acc=45.1% | Best=45.1%(@3380)
  from x3: 0.45 0.46 0.45 0.45 0.45 0.45 0.45 0.45 0.45 0.45 0.45 0.45 0.45
  per-rule acc: 0.50 0.40
Epoch 3400 | Train: Loss=0.1716 Acc=99.6% | Test: Acc=45.0% | Best=45.1%(@3380)
  from x3: 0.45 0.46 0.45 0.45 0.45 0.45 0.45 0.45 0.45 0.45 0.45 0.45 0.45
  per-rule acc: 0.50 0.39
Epoch 3420 | Train: Loss=0.1686 Acc=99.6% | Test: Acc=45.2% | Best=45.2%(@3420)
  from x3: 0.46 0.46 0.45 0.45 0.45 0.45 0.45 0.45 0.45 0.45 0.45 0.45 0.45
  per-rule acc: 0.51 0.40
Epoch 3440 | Train: Loss=0.1822 Acc=99.7% | Test: Acc=45.5% | Best=45.5%(@3440)
  from x3: 0.46 0.46 0.45 0.46 0.46 0.46 0.46 0.46 0.45 0.45 0.45 0.45 0.45
  per-rule acc: 0.51 0.40
Epoch 3460 | Train: Loss=0.1727 Acc=99.7% | Test: Acc=45.4% | Best=45.5%(@3440)
  from x3: 0.45 0.46 0.46 0.45 0.45 0.45 0.45 0.45 0.45 0.45 0.45 0.45 0.45
  per-rule acc: 0.51 0.40
Epoch 3480 | Train: Loss=0.1638 Acc=99.6% | Test: Acc=45.2% | Best=45.5%(@3440)
  from x3: 0.45 0.46 0.45 0.45 0.45 0.45 0.45 0.45 0.45 0.45 0.45 0.45 0.45
  per-rule acc: 0.50 0.41
Epoch 3500 | Train: Loss=0.1717 Acc=99.6% | Test: Acc=45.7% | Best=45.7%(@3500)
  from x3: 0.46 0.46 0.46 0.46 0.46 0.46 0.46 0.46 0.45 0.46 0.46 0.46 0.45
  per-rule acc: 0.51 0.41
Epoch 3520 | Train: Loss=0.1619 Acc=99.7% | Test: Acc=44.9% | Best=45.7%(@3500)
  from x3: 0.45 0.46 0.45 0.45 0.45 0.45 0.45 0.45 0.45 0.45 0.45 0.45 0.45
  per-rule acc: 0.50 0.40
Epoch 3540 | Train: Loss=0.1697 Acc=99.7% | Test: Acc=45.9% | Best=45.9%(@3540)
  from x3: 0.46 0.46 0.46 0.46 0.46 0.46 0.46 0.46 0.46 0.46 0.46 0.46 0.46
  per-rule acc: 0.51 0.41
Epoch 3560 | Train: Loss=0.1597 Acc=99.7% | Test: Acc=45.7% | Best=45.9%(@3540)
  from x3: 0.46 0.46 0.46 0.46 0.46 0.46 0.46 0.46 0.46 0.46 0.46 0.46 0.45
  per-rule acc: 0.51 0.41
Epoch 3580 | Train: Loss=0.1713 Acc=99.6% | Test: Acc=45.5% | Best=45.9%(@3540)
  from x3: 0.46 0.46 0.46 0.45 0.46 0.46 0.46 0.45 0.45 0.45 0.45 0.45 0.45
  per-rule acc: 0.51 0.40
Epoch 3600 | Train: Loss=0.1530 Acc=99.7% | Test: Acc=46.1% | Best=46.1%(@3600)
  from x3: 0.47 0.47 0.46 0.46 0.46 0.46 0.46 0.46 0.46 0.46 0.46 0.46 0.46
  per-rule acc: 0.52 0.41
Epoch 3620 | Train: Loss=0.1767 Acc=99.7% | Test: Acc=45.5% | Best=46.1%(@3600)
  from x3: 0.46 0.46 0.46 0.45 0.45 0.45 0.45 0.45 0.45 0.45 0.45 0.45 0.45
  per-rule acc: 0.51 0.40
Epoch 3640 | Train: Loss=0.1590 Acc=99.6% | Test: Acc=45.9% | Best=46.1%(@3600)
  from x3: 0.47 0.46 0.46 0.46 0.46 0.46 0.46 0.46 0.46 0.46 0.46 0.46 0.46
  per-rule acc: 0.51 0.41
Epoch 3660 | Train: Loss=0.1688 Acc=99.7% | Test: Acc=46.0% | Best=46.1%(@3600)
  from x3: 0.46 0.46 0.46 0.46 0.46 0.46 0.46 0.46 0.46 0.46 0.46 0.46 0.46
  per-rule acc: 0.52 0.40
Epoch 3680 | Train: Loss=0.1639 Acc=99.7% | Test: Acc=46.3% | Best=46.3%(@3680)
  from x3: 0.46 0.47 0.46 0.46 0.46 0.46 0.46 0.46 0.46 0.46 0.46 0.46 0.46
  per-rule acc: 0.52 0.40
Epoch 3700 | Train: Loss=0.1629 Acc=99.7% | Test: Acc=46.1% | Best=46.3%(@3680)
  from x3: 0.46 0.47 0.46 0.46 0.46 0.46 0.46 0.46 0.46 0.46 0.46 0.46 0.46
  per-rule acc: 0.52 0.40
Epoch 3720 | Train: Loss=0.1644 Acc=99.7% | Test: Acc=45.8% | Best=46.3%(@3680)
  from x3: 0.47 0.46 0.46 0.46 0.46 0.46 0.46 0.46 0.46 0.46 0.45 0.45 0.46
  per-rule acc: 0.52 0.40
Epoch 3740 | Train: Loss=0.1616 Acc=99.7% | Test: Acc=46.1% | Best=46.3%(@3680)
  from x3: 0.46 0.46 0.46 0.46 0.46 0.46 0.46 0.46 0.46 0.46 0.46 0.46 0.46
  per-rule acc: 0.52 0.40
Epoch 3760 | Train: Loss=0.1581 Acc=99.7% | Test: Acc=46.2% | Best=46.3%(@3680)
  from x3: 0.46 0.46 0.46 0.46 0.46 0.46 0.46 0.46 0.46 0.46 0.46 0.46 0.46
  per-rule acc: 0.52 0.41
Epoch 3780 | Train: Loss=0.1653 Acc=99.7% | Test: Acc=46.1% | Best=46.3%(@3680)
  from x3: 0.47 0.47 0.46 0.46 0.46 0.46 0.46 0.46 0.46 0.46 0.46 0.46 0.46
  per-rule acc: 0.52 0.40
Epoch 3800 | Train: Loss=0.1639 Acc=99.7% | Test: Acc=46.2% | Best=46.3%(@3680)
  from x3: 0.47 0.46 0.46 0.46 0.46 0.46 0.46 0.46 0.46 0.46 0.46 0.46 0.46
  per-rule acc: 0.52 0.40
Epoch 3820 | Train: Loss=0.1665 Acc=99.8% | Test: Acc=46.2% | Best=46.3%(@3680)
  from x3: 0.47 0.47 0.46 0.46 0.46 0.46 0.46 0.46 0.46 0.46 0.46 0.46 0.46
  per-rule acc: 0.52 0.40
Epoch 3840 | Train: Loss=0.1617 Acc=99.7% | Test: Acc=46.5% | Best=46.5%(@3840)
  from x3: 0.47 0.47 0.47 0.47 0.46 0.46 0.46 0.46 0.46 0.47 0.47 0.47 0.47
  per-rule acc: 0.52 0.41
Epoch 3860 | Train: Loss=0.1622 Acc=99.7% | Test: Acc=46.2% | Best=46.5%(@3840)
  from x3: 0.47 0.47 0.46 0.46 0.46 0.46 0.46 0.46 0.46 0.46 0.46 0.46 0.46
  per-rule acc: 0.52 0.41
Epoch 3880 | Train: Loss=0.1571 Acc=99.7% | Test: Acc=46.3% | Best=46.5%(@3840)
  from x3: 0.46 0.47 0.46 0.46 0.46 0.46 0.46 0.46 0.46 0.46 0.46 0.46 0.46
  per-rule acc: 0.52 0.40
Epoch 3900 | Train: Loss=0.1706 Acc=99.7% | Test: Acc=46.4% | Best=46.5%(@3840)
  from x3: 0.46 0.47 0.46 0.46 0.46 0.46 0.46 0.46 0.46 0.46 0.46 0.46 0.46
  per-rule acc: 0.53 0.40
Epoch 3920 | Train: Loss=0.1546 Acc=99.7% | Test: Acc=47.0% | Best=47.0%(@3920)
  from x3: 0.47 0.48 0.47 0.47 0.47 0.47 0.47 0.47 0.47 0.47 0.47 0.47 0.47
  per-rule acc: 0.53 0.41
Epoch 3940 | Train: Loss=0.1561 Acc=99.7% | Test: Acc=46.9% | Best=47.0%(@3920)
  from x3: 0.47 0.47 0.47 0.47 0.47 0.47 0.47 0.47 0.47 0.47 0.47 0.47 0.47
  per-rule acc: 0.53 0.41
Epoch 3960 | Train: Loss=0.1570 Acc=99.7% | Test: Acc=46.3% | Best=47.0%(@3920)
  from x3: 0.47 0.47 0.46 0.46 0.46 0.46 0.46 0.46 0.46 0.46 0.46 0.46 0.46
  per-rule acc: 0.53 0.40
Epoch 3980 | Train: Loss=0.1605 Acc=99.7% | Test: Acc=46.9% | Best=47.0%(@3920)
  from x3: 0.47 0.48 0.47 0.47 0.47 0.47 0.47 0.47 0.47 0.47 0.47 0.47 0.47
  per-rule acc: 0.53 0.41
Epoch 4000 | Train: Loss=0.1581 Acc=99.7% | Test: Acc=46.3% | Best=47.0%(@3920)
  from x3: 0.46 0.47 0.46 0.46 0.46 0.46 0.46 0.46 0.46 0.46 0.46 0.46 0.46
  per-rule acc: 0.53 0.40
Epoch 4020 | Train: Loss=0.1610 Acc=99.7% | Test: Acc=46.9% | Best=47.0%(@3920)
  from x3: 0.47 0.48 0.47 0.47 0.47 0.47 0.47 0.47 0.47 0.47 0.47 0.47 0.47
  per-rule acc: 0.53 0.41
Epoch 4040 | Train: Loss=0.1515 Acc=99.8% | Test: Acc=46.9% | Best=47.0%(@3920)
  from x3: 0.47 0.47 0.47 0.47 0.47 0.47 0.47 0.47 0.47 0.47 0.47 0.47 0.47
  per-rule acc: 0.53 0.41
Epoch 4060 | Train: Loss=0.1620 Acc=99.7% | Test: Acc=47.1% | Best=47.1%(@4060)
  from x3: 0.47 0.47 0.47 0.47 0.47 0.47 0.47 0.47 0.47 0.47 0.47 0.47 0.47
  per-rule acc: 0.53 0.41
Epoch 4080 | Train: Loss=0.1573 Acc=99.7% | Test: Acc=47.2% | Best=47.2%(@4080)
  from x3: 0.47 0.47 0.47 0.47 0.48 0.47 0.47 0.47 0.47 0.47 0.47 0.47 0.47
  per-rule acc: 0.53 0.41
Epoch 4100 | Train: Loss=0.1613 Acc=99.7% | Test: Acc=47.2% | Best=47.2%(@4080)
  from x3: 0.47 0.47 0.47 0.47 0.47 0.47 0.47 0.47 0.47 0.47 0.47 0.47 0.47
  per-rule acc: 0.53 0.41
Epoch 4120 | Train: Loss=0.1543 Acc=99.7% | Test: Acc=47.5% | Best=47.5%(@4120)
  from x3: 0.47 0.48 0.48 0.48 0.47 0.48 0.48 0.47 0.47 0.47 0.47 0.47 0.47
  per-rule acc: 0.53 0.42
Epoch 4140 | Train: Loss=0.1536 Acc=99.8% | Test: Acc=46.9% | Best=47.5%(@4120)
  from x3: 0.47 0.47 0.47 0.47 0.47 0.47 0.47 0.47 0.47 0.47 0.47 0.47 0.47
  per-rule acc: 0.53 0.41
Epoch 4160 | Train: Loss=0.1553 Acc=99.7% | Test: Acc=47.4% | Best=47.5%(@4120)
  from x3: 0.48 0.48 0.48 0.47 0.47 0.47 0.47 0.47 0.47 0.47 0.47 0.47 0.47
  per-rule acc: 0.53 0.42
Epoch 4180 | Train: Loss=0.1567 Acc=99.8% | Test: Acc=47.3% | Best=47.5%(@4120)
  from x3: 0.47 0.48 0.48 0.47 0.47 0.47 0.47 0.47 0.47 0.47 0.47 0.47 0.47
  per-rule acc: 0.54 0.41
Epoch 4200 | Train: Loss=0.1495 Acc=99.7% | Test: Acc=47.5% | Best=47.5%(@4200)
  from x3: 0.47 0.48 0.48 0.48 0.48 0.48 0.48 0.48 0.47 0.47 0.48 0.47 0.47
  per-rule acc: 0.54 0.41
Epoch 4220 | Train: Loss=0.1484 Acc=99.7% | Test: Acc=47.6% | Best=47.6%(@4220)
  from x3: 0.47 0.48 0.48 0.48 0.48 0.48 0.48 0.47 0.47 0.47 0.48 0.48 0.47
  per-rule acc: 0.54 0.41
Epoch 4240 | Train: Loss=0.1540 Acc=99.7% | Test: Acc=47.4% | Best=47.6%(@4220)
  from x3: 0.47 0.48 0.47 0.48 0.48 0.48 0.48 0.48 0.47 0.47 0.47 0.47 0.47
  per-rule acc: 0.54 0.41
Epoch 4260 | Train: Loss=0.1470 Acc=99.7% | Test: Acc=47.8% | Best=47.8%(@4260)
  from x3: 0.47 0.48 0.48 0.48 0.48 0.48 0.48 0.48 0.48 0.48 0.48 0.48 0.48
  per-rule acc: 0.54 0.42
Epoch 4280 | Train: Loss=0.1519 Acc=99.7% | Test: Acc=47.8% | Best=47.8%(@4280)
  from x3: 0.47 0.48 0.48 0.48 0.48 0.48 0.48 0.48 0.48 0.48 0.48 0.48 0.47
  per-rule acc: 0.54 0.42
Epoch 4300 | Train: Loss=0.1445 Acc=99.8% | Test: Acc=47.6% | Best=47.8%(@4280)
  from x3: 0.47 0.48 0.48 0.48 0.48 0.48 0.48 0.48 0.48 0.47 0.47 0.47 0.47
  per-rule acc: 0.54 0.41
Epoch 4320 | Train: Loss=0.1461 Acc=99.8% | Test: Acc=47.5% | Best=47.8%(@4280)
  from x3: 0.48 0.48 0.48 0.47 0.48 0.48 0.48 0.47 0.47 0.47 0.47 0.47 0.47
  per-rule acc: 0.54 0.41
Epoch 4340 | Train: Loss=0.1405 Acc=99.7% | Test: Acc=47.8% | Best=47.8%(@4340)
  from x3: 0.48 0.48 0.48 0.48 0.48 0.48 0.48 0.48 0.48 0.48 0.48 0.48 0.47
  per-rule acc: 0.54 0.42
Epoch 4360 | Train: Loss=0.1498 Acc=99.7% | Test: Acc=47.9% | Best=47.9%(@4360)
  from x3: 0.47 0.48 0.48 0.48 0.48 0.48 0.48 0.48 0.48 0.48 0.48 0.48 0.48
  per-rule acc: 0.54 0.42
Epoch 4380 | Train: Loss=0.1502 Acc=99.8% | Test: Acc=47.4% | Best=47.9%(@4360)
  from x3: 0.47 0.49 0.48 0.48 0.47 0.47 0.47 0.47 0.47 0.47 0.47 0.47 0.47
  per-rule acc: 0.54 0.41
Epoch 4400 | Train: Loss=0.1453 Acc=99.7% | Test: Acc=47.9% | Best=47.9%(@4360)
  from x3: 0.48 0.49 0.48 0.48 0.48 0.48 0.48 0.48 0.48 0.48 0.48 0.48 0.48
  per-rule acc: 0.54 0.41
Epoch 4420 | Train: Loss=0.1466 Acc=99.8% | Test: Acc=47.6% | Best=47.9%(@4360)
  from x3: 0.47 0.48 0.48 0.48 0.48 0.48 0.48 0.48 0.48 0.48 0.48 0.48 0.47
  per-rule acc: 0.54 0.41
Epoch 4440 | Train: Loss=0.1495 Acc=99.8% | Test: Acc=47.8% | Best=47.9%(@4360)
  from x3: 0.47 0.49 0.48 0.48 0.48 0.48 0.48 0.48 0.48 0.48 0.48 0.48 0.48
  per-rule acc: 0.54 0.42
Epoch 4460 | Train: Loss=0.1464 Acc=99.8% | Test: Acc=47.5% | Best=47.9%(@4360)
  from x3: 0.48 0.48 0.48 0.47 0.47 0.48 0.47 0.47 0.47 0.47 0.47 0.47 0.47
  per-rule acc: 0.54 0.41
Epoch 4480 | Train: Loss=0.1464 Acc=99.8% | Test: Acc=48.0% | Best=48.0%(@4480)
  from x3: 0.48 0.49 0.48 0.48 0.48 0.48 0.48 0.48 0.48 0.48 0.48 0.48 0.48
  per-rule acc: 0.55 0.41
Epoch 4500 | Train: Loss=0.1476 Acc=99.8% | Test: Acc=47.8% | Best=48.0%(@4480)
  from x3: 0.48 0.48 0.48 0.48 0.48 0.48 0.48 0.48 0.48 0.48 0.48 0.48 0.48
  per-rule acc: 0.54 0.42
Epoch 4520 | Train: Loss=0.1418 Acc=99.8% | Test: Acc=47.7% | Best=48.0%(@4480)
  from x3: 0.48 0.49 0.48 0.48 0.48 0.48 0.48 0.48 0.48 0.48 0.47 0.47 0.47
  per-rule acc: 0.54 0.41
Epoch 4540 | Train: Loss=0.1490 Acc=99.8% | Test: Acc=47.7% | Best=48.0%(@4480)
  from x3: 0.48 0.49 0.48 0.48 0.48 0.48 0.48 0.48 0.48 0.47 0.47 0.47 0.47
  per-rule acc: 0.54 0.41
Epoch 4560 | Train: Loss=0.1371 Acc=99.8% | Test: Acc=47.7% | Best=48.0%(@4480)
  from x3: 0.48 0.48 0.48 0.48 0.48 0.48 0.48 0.48 0.48 0.48 0.48 0.48 0.48
  per-rule acc: 0.54 0.41
Epoch 4580 | Train: Loss=0.1430 Acc=99.8% | Test: Acc=47.9% | Best=48.0%(@4480)
  from x3: 0.48 0.48 0.48 0.48 0.48 0.48 0.48 0.48 0.48 0.48 0.48 0.48 0.48
  per-rule acc: 0.54 0.42
Epoch 4600 | Train: Loss=0.1425 Acc=99.8% | Test: Acc=48.2% | Best=48.2%(@4600)
  from x3: 0.48 0.49 0.48 0.48 0.48 0.48 0.48 0.48 0.48 0.48 0.48 0.48 0.48
  per-rule acc: 0.55 0.42
Epoch 4620 | Train: Loss=0.1441 Acc=99.8% | Test: Acc=48.2% | Best=48.2%(@4600)
  from x3: 0.48 0.48 0.49 0.48 0.48 0.48 0.48 0.48 0.48 0.48 0.48 0.48 0.48
  per-rule acc: 0.55 0.42
Epoch 4640 | Train: Loss=0.1410 Acc=99.8% | Test: Acc=48.2% | Best=48.2%(@4640)
  from x3: 0.48 0.49 0.48 0.48 0.48 0.48 0.48 0.48 0.48 0.48 0.48 0.48 0.48
  per-rule acc: 0.55 0.42
Epoch 4660 | Train: Loss=0.1445 Acc=99.8% | Test: Acc=48.2% | Best=48.2%(@4640)
  from x3: 0.48 0.49 0.48 0.48 0.48 0.48 0.48 0.48 0.48 0.48 0.48 0.48 0.48
  per-rule acc: 0.54 0.42
Epoch 4680 | Train: Loss=0.1379 Acc=99.8% | Test: Acc=48.1% | Best=48.2%(@4640)
  from x3: 0.48 0.49 0.49 0.48 0.48 0.48 0.48 0.48 0.48 0.48 0.48 0.48 0.48
  per-rule acc: 0.55 0.42
Epoch 4700 | Train: Loss=0.1425 Acc=99.8% | Test: Acc=47.7% | Best=48.2%(@4640)
  from x3: 0.48 0.49 0.48 0.48 0.48 0.48 0.48 0.48 0.47 0.47 0.47 0.47 0.47
  per-rule acc: 0.55 0.40
Epoch 4720 | Train: Loss=0.1337 Acc=99.8% | Test: Acc=48.0% | Best=48.2%(@4640)
  from x3: 0.48 0.48 0.48 0.48 0.48 0.48 0.48 0.48 0.48 0.48 0.48 0.48 0.48
  per-rule acc: 0.55 0.41
Epoch 4740 | Train: Loss=0.1417 Acc=99.8% | Test: Acc=47.5% | Best=48.2%(@4640)
  from x3: 0.48 0.48 0.48 0.47 0.47 0.47 0.47 0.47 0.47 0.47 0.47 0.47 0.48
  per-rule acc: 0.55 0.41
Epoch 4760 | Train: Loss=0.1343 Acc=99.8% | Test: Acc=48.2% | Best=48.2%(@4640)
  from x3: 0.48 0.48 0.48 0.48 0.48 0.48 0.48 0.48 0.48 0.48 0.48 0.48 0.48
  per-rule acc: 0.55 0.42
Epoch 4780 | Train: Loss=0.1360 Acc=99.8% | Test: Acc=47.8% | Best=48.2%(@4640)
  from x3: 0.48 0.48 0.48 0.48 0.48 0.48 0.48 0.48 0.48 0.48 0.48 0.48 0.48
  per-rule acc: 0.54 0.41
Epoch 4800 | Train: Loss=0.1365 Acc=99.8% | Test: Acc=47.9% | Best=48.2%(@4640)
  from x3: 0.48 0.48 0.48 0.48 0.48 0.48 0.48 0.48 0.48 0.48 0.48 0.48 0.48
  per-rule acc: 0.55 0.41
Epoch 4820 | Train: Loss=0.1339 Acc=99.8% | Test: Acc=48.3% | Best=48.3%(@4820)
  from x3: 0.48 0.49 0.48 0.48 0.48 0.48 0.48 0.48 0.48 0.48 0.48 0.48 0.48
  per-rule acc: 0.55 0.41
Epoch 4840 | Train: Loss=0.1338 Acc=99.8% | Test: Acc=48.0% | Best=48.3%(@4820)
  from x3: 0.48 0.49 0.48 0.48 0.48 0.48 0.48 0.48 0.48 0.48 0.48 0.48 0.48
  per-rule acc: 0.55 0.41
Epoch 4860 | Train: Loss=0.1368 Acc=99.8% | Test: Acc=48.4% | Best=48.4%(@4860)
  from x3: 0.48 0.48 0.48 0.48 0.48 0.48 0.48 0.48 0.48 0.48 0.48 0.48 0.48
  per-rule acc: 0.55 0.41
Epoch 4880 | Train: Loss=0.1392 Acc=99.8% | Test: Acc=48.3% | Best=48.4%(@4860)
  from x3: 0.48 0.49 0.49 0.48 0.48 0.48 0.48 0.48 0.48 0.48 0.48 0.48 0.48
  per-rule acc: 0.55 0.42
Epoch 4900 | Train: Loss=0.1407 Acc=99.8% | Test: Acc=48.2% | Best=48.4%(@4860)
  from x3: 0.48 0.49 0.49 0.48 0.48 0.48 0.48 0.48 0.48 0.48 0.48 0.48 0.48
  per-rule acc: 0.55 0.42
Epoch 4920 | Train: Loss=0.1438 Acc=99.8% | Test: Acc=48.2% | Best=48.4%(@4860)
  from x3: 0.48 0.49 0.48 0.48 0.48 0.48 0.48 0.48 0.48 0.48 0.48 0.48 0.48
  per-rule acc: 0.55 0.42
Epoch 4940 | Train: Loss=0.1349 Acc=99.8% | Test: Acc=48.5% | Best=48.5%(@4940)
  from x3: 0.48 0.49 0.49 0.48 0.49 0.49 0.49 0.49 0.49 0.49 0.48 0.49 0.48
  per-rule acc: 0.56 0.41
Epoch 4960 | Train: Loss=0.1301 Acc=99.8% | Test: Acc=48.6% | Best=48.6%(@4960)
  from x3: 0.48 0.49 0.49 0.49 0.49 0.49 0.49 0.49 0.49 0.49 0.49 0.48 0.49
  per-rule acc: 0.55 0.42
Epoch 4980 | Train: Loss=0.1320 Acc=99.9% | Test: Acc=48.7% | Best=48.7%(@4980)
  from x3: 0.48 0.49 0.49 0.49 0.49 0.49 0.49 0.49 0.49 0.49 0.49 0.48 0.48
  per-rule acc: 0.55 0.42
Epoch 5000 | Train: Loss=0.1357 Acc=99.8% | Test: Acc=48.6% | Best=48.7%(@4980)
  from x3: 0.48 0.49 0.49 0.49 0.49 0.49 0.49 0.49 0.49 0.49 0.49 0.49 0.48
  per-rule acc: 0.55 0.42
Epoch 5020 | Train: Loss=0.1351 Acc=99.8% | Test: Acc=48.6% | Best=48.7%(@4980)
  from x3: 0.48 0.49 0.49 0.49 0.49 0.49 0.49 0.49 0.49 0.49 0.48 0.48 0.48
  per-rule acc: 0.55 0.42
Epoch 5040 | Train: Loss=0.1347 Acc=99.8% | Test: Acc=48.5% | Best=48.7%(@4980)
  from x3: 0.48 0.49 0.49 0.49 0.48 0.48 0.48 0.48 0.48 0.48 0.48 0.48 0.48
  per-rule acc: 0.55 0.42
Epoch 5060 | Train: Loss=0.1329 Acc=99.8% | Test: Acc=48.5% | Best=48.7%(@4980)
  from x3: 0.48 0.49 0.49 0.48 0.49 0.49 0.48 0.48 0.48 0.49 0.48 0.49 0.49
  per-rule acc: 0.56 0.41
Epoch 5080 | Train: Loss=0.1336 Acc=99.8% | Test: Acc=48.6% | Best=48.7%(@4980)
  from x3: 0.48 0.49 0.49 0.49 0.49 0.49 0.49 0.49 0.49 0.48 0.49 0.49 0.49
  per-rule acc: 0.55 0.42
Epoch 5100 | Train: Loss=0.1353 Acc=99.9% | Test: Acc=48.8% | Best=48.8%(@5100)
  from x3: 0.49 0.49 0.49 0.49 0.49 0.49 0.49 0.49 0.49 0.49 0.49 0.49 0.49
  per-rule acc: 0.55 0.42
Epoch 5120 | Train: Loss=0.1307 Acc=99.8% | Test: Acc=48.6% | Best=48.8%(@5100)
  from x3: 0.49 0.49 0.49 0.49 0.49 0.49 0.49 0.49 0.49 0.49 0.48 0.48 0.48
  per-rule acc: 0.56 0.42
Epoch 5140 | Train: Loss=0.1295 Acc=99.9% | Test: Acc=49.0% | Best=49.0%(@5140)
  from x3: 0.48 0.49 0.49 0.49 0.49 0.49 0.49 0.49 0.49 0.49 0.49 0.49 0.49
  per-rule acc: 0.55 0.42
Epoch 5160 | Train: Loss=0.1310 Acc=99.9% | Test: Acc=48.4% | Best=49.0%(@5140)
  from x3: 0.48 0.49 0.48 0.48 0.48 0.48 0.48 0.49 0.49 0.48 0.48 0.48 0.48
  per-rule acc: 0.55 0.41
Epoch 5180 | Train: Loss=0.1284 Acc=99.8% | Test: Acc=48.7% | Best=49.0%(@5140)
  from x3: 0.48 0.49 0.49 0.49 0.49 0.49 0.49 0.49 0.49 0.49 0.49 0.49 0.49
  per-rule acc: 0.55 0.42
Epoch 5200 | Train: Loss=0.1308 Acc=99.8% | Test: Acc=48.7% | Best=49.0%(@5140)
  from x3: 0.49 0.49 0.49 0.49 0.49 0.49 0.49 0.49 0.49 0.49 0.49 0.49 0.49
  per-rule acc: 0.55 0.42
Epoch 5220 | Train: Loss=0.1260 Acc=99.8% | Test: Acc=48.6% | Best=49.0%(@5140)
  from x3: 0.48 0.49 0.48 0.48 0.49 0.49 0.48 0.49 0.49 0.49 0.49 0.49 0.49
  per-rule acc: 0.55 0.42
Epoch 5240 | Train: Loss=0.1281 Acc=99.8% | Test: Acc=48.9% | Best=49.0%(@5140)
  from x3: 0.48 0.49 0.49 0.49 0.49 0.49 0.49 0.49 0.49 0.49 0.49 0.49 0.49
  per-rule acc: 0.55 0.42
Epoch 5260 | Train: Loss=0.1282 Acc=99.9% | Test: Acc=48.5% | Best=49.0%(@5140)
  from x3: 0.48 0.49 0.48 0.48 0.49 0.48 0.48 0.48 0.49 0.49 0.49 0.48 0.49
  per-rule acc: 0.55 0.42
Epoch 5280 | Train: Loss=0.1293 Acc=99.8% | Test: Acc=48.9% | Best=49.0%(@5140)
  from x3: 0.48 0.49 0.49 0.49 0.49 0.49 0.49 0.49 0.49 0.49 0.49 0.49 0.49
  per-rule acc: 0.56 0.42
Epoch 5300 | Train: Loss=0.1269 Acc=99.8% | Test: Acc=48.7% | Best=49.0%(@5140)
  from x3: 0.48 0.49 0.49 0.49 0.49 0.49 0.49 0.49 0.49 0.49 0.49 0.49 0.49
  per-rule acc: 0.56 0.42
Epoch 5320 | Train: Loss=0.1279 Acc=99.9% | Test: Acc=48.8% | Best=49.0%(@5140)
  from x3: 0.49 0.49 0.49 0.49 0.49 0.49 0.49 0.49 0.49 0.49 0.49 0.49 0.49
  per-rule acc: 0.55 0.42
Epoch 5340 | Train: Loss=0.1303 Acc=99.9% | Test: Acc=48.5% | Best=49.0%(@5140)
  from x3: 0.48 0.49 0.49 0.48 0.48 0.48 0.48 0.48 0.48 0.49 0.49 0.49 0.49
  per-rule acc: 0.55 0.42
Epoch 5360 | Train: Loss=0.1273 Acc=99.8% | Test: Acc=48.9% | Best=49.0%(@5140)
  from x3: 0.49 0.49 0.49 0.49 0.49 0.49 0.49 0.49 0.49 0.49 0.49 0.49 0.49
  per-rule acc: 0.55 0.43
Epoch 5380 | Train: Loss=0.1229 Acc=99.9% | Test: Acc=48.9% | Best=49.0%(@5140)
  from x3: 0.48 0.49 0.49 0.49 0.49 0.49 0.49 0.49 0.49 0.49 0.49 0.49 0.49
  per-rule acc: 0.56 0.42
Epoch 5400 | Train: Loss=0.1247 Acc=99.9% | Test: Acc=49.0% | Best=49.0%(@5400)
  from x3: 0.48 0.49 0.49 0.49 0.49 0.49 0.49 0.49 0.49 0.49 0.49 0.49 0.49
  per-rule acc: 0.56 0.42
Epoch 5420 | Train: Loss=0.1276 Acc=99.8% | Test: Acc=48.7% | Best=49.0%(@5400)
  from x3: 0.48 0.49 0.49 0.49 0.49 0.49 0.49 0.49 0.49 0.49 0.49 0.49 0.49
  per-rule acc: 0.55 0.42
Epoch 5440 | Train: Loss=0.1331 Acc=99.8% | Test: Acc=48.7% | Best=49.0%(@5400)
  from x3: 0.49 0.49 0.49 0.49 0.49 0.49 0.49 0.49 0.49 0.49 0.49 0.49 0.49
  per-rule acc: 0.55 0.42
Epoch 5460 | Train: Loss=0.1267 Acc=99.9% | Test: Acc=48.6% | Best=49.0%(@5400)
  from x3: 0.48 0.49 0.49 0.49 0.49 0.49 0.49 0.49 0.49 0.49 0.49 0.49 0.49
  per-rule acc: 0.56 0.41
Epoch 5480 | Train: Loss=0.1222 Acc=99.9% | Test: Acc=48.7% | Best=49.0%(@5400)
  from x3: 0.49 0.49 0.49 0.49 0.49 0.49 0.49 0.49 0.49 0.49 0.49 0.49 0.48
  per-rule acc: 0.55 0.42
Epoch 5500 | Train: Loss=0.1251 Acc=99.9% | Test: Acc=48.6% | Best=49.0%(@5400)
  from x3: 0.48 0.49 0.49 0.49 0.48 0.48 0.49 0.49 0.49 0.48 0.49 0.49 0.49
  per-rule acc: 0.56 0.42
Epoch 5520 | Train: Loss=0.1238 Acc=99.9% | Test: Acc=48.8% | Best=49.0%(@5400)
  from x3: 0.49 0.49 0.49 0.49 0.49 0.49 0.49 0.49 0.49 0.49 0.49 0.49 0.49
  per-rule acc: 0.56 0.42
Epoch 5540 | Train: Loss=0.1247 Acc=99.9% | Test: Acc=48.5% | Best=49.0%(@5400)
  from x3: 0.48 0.49 0.48 0.48 0.48 0.48 0.48 0.49 0.49 0.49 0.49 0.49 0.49
  per-rule acc: 0.55 0.42
Epoch 5560 | Train: Loss=0.1262 Acc=99.9% | Test: Acc=48.7% | Best=49.0%(@5400)
  from x3: 0.48 0.49 0.49 0.49 0.49 0.49 0.49 0.49 0.49 0.49 0.49 0.49 0.49
  per-rule acc: 0.55 0.42
Epoch 5580 | Train: Loss=0.1221 Acc=99.9% | Test: Acc=48.9% | Best=49.0%(@5400)
  from x3: 0.48 0.49 0.49 0.49 0.49 0.49 0.49 0.49 0.49 0.49 0.49 0.49 0.49
  per-rule acc: 0.56 0.42
Epoch 5600 | Train: Loss=0.1227 Acc=99.9% | Test: Acc=48.7% | Best=49.0%(@5400)
  from x3: 0.49 0.50 0.49 0.49 0.49 0.49 0.49 0.48 0.48 0.48 0.49 0.49 0.49
  per-rule acc: 0.55 0.42
Epoch 5620 | Train: Loss=0.1235 Acc=99.9% | Test: Acc=48.8% | Best=49.0%(@5400)
  from x3: 0.48 0.50 0.49 0.49 0.49 0.49 0.49 0.49 0.49 0.49 0.49 0.49 0.49
  per-rule acc: 0.56 0.42
Epoch 5640 | Train: Loss=0.1250 Acc=99.9% | Test: Acc=48.8% | Best=49.0%(@5400)
  from x3: 0.49 0.49 0.49 0.49 0.49 0.49 0.49 0.49 0.49 0.49 0.49 0.49 0.49
  per-rule acc: 0.56 0.42
Epoch 5660 | Train: Loss=0.1234 Acc=99.9% | Test: Acc=48.9% | Best=49.0%(@5400)
  from x3: 0.49 0.50 0.49 0.49 0.49 0.49 0.49 0.49 0.49 0.49 0.49 0.49 0.49
  per-rule acc: 0.56 0.42
Epoch 5680 | Train: Loss=0.1239 Acc=99.9% | Test: Acc=49.0% | Best=49.0%(@5400)
  from x3: 0.49 0.50 0.49 0.49 0.49 0.49 0.49 0.49 0.49 0.49 0.49 0.49 0.49
  per-rule acc: 0.56 0.42
Epoch 5700 | Train: Loss=0.1224 Acc=99.9% | Test: Acc=48.5% | Best=49.0%(@5400)
  from x3: 0.48 0.49 0.49 0.49 0.49 0.48 0.48 0.48 0.49 0.48 0.48 0.48 0.49
  per-rule acc: 0.55 0.42
Epoch 5720 | Train: Loss=0.1291 Acc=99.9% | Test: Acc=49.1% | Best=49.1%(@5720)
  from x3: 0.49 0.49 0.49 0.49 0.49 0.49 0.49 0.49 0.49 0.49 0.49 0.49 0.49
  per-rule acc: 0.56 0.43
Epoch 5740 | Train: Loss=0.1246 Acc=99.9% | Test: Acc=49.0% | Best=49.1%(@5720)
  from x3: 0.49 0.50 0.49 0.49 0.49 0.49 0.49 0.49 0.49 0.49 0.49 0.49 0.49
  per-rule acc: 0.56 0.42
Epoch 5760 | Train: Loss=0.1223 Acc=99.9% | Test: Acc=49.0% | Best=49.1%(@5720)
  from x3: 0.48 0.49 0.49 0.49 0.49 0.49 0.49 0.49 0.49 0.49 0.49 0.49 0.49
  per-rule acc: 0.55 0.43
Epoch 5780 | Train: Loss=0.1209 Acc=99.9% | Test: Acc=49.1% | Best=49.1%(@5780)
  from x3: 0.49 0.50 0.49 0.49 0.49 0.49 0.49 0.49 0.49 0.49 0.49 0.49 0.49
  per-rule acc: 0.56 0.42
Epoch 5800 | Train: Loss=0.1253 Acc=99.8% | Test: Acc=49.0% | Best=49.1%(@5780)
  from x3: 0.49 0.50 0.49 0.49 0.49 0.49 0.49 0.49 0.49 0.49 0.49 0.49 0.49
  per-rule acc: 0.56 0.42
Epoch 5820 | Train: Loss=0.1270 Acc=99.9% | Test: Acc=48.8% | Best=49.1%(@5780)
  from x3: 0.49 0.49 0.49 0.49 0.49 0.49 0.49 0.49 0.49 0.49 0.49 0.49 0.48
  per-rule acc: 0.55 0.42
Epoch 5840 | Train: Loss=0.1240 Acc=99.9% | Test: Acc=49.0% | Best=49.1%(@5780)
  from x3: 0.49 0.50 0.49 0.49 0.49 0.49 0.49 0.49 0.49 0.49 0.49 0.49 0.49
  per-rule acc: 0.56 0.42
Epoch 5860 | Train: Loss=0.1259 Acc=99.9% | Test: Acc=49.0% | Best=49.1%(@5780)
  from x3: 0.49 0.49 0.49 0.49 0.49 0.49 0.49 0.49 0.49 0.49 0.49 0.49 0.49
  per-rule acc: 0.56 0.42
Epoch 5880 | Train: Loss=0.1234 Acc=99.9% | Test: Acc=49.1% | Best=49.1%(@5780)
  from x3: 0.49 0.50 0.49 0.49 0.49 0.49 0.49 0.49 0.49 0.49 0.49 0.49 0.49
  per-rule acc: 0.56 0.42
Epoch 5900 | Train: Loss=0.1225 Acc=99.9% | Test: Acc=49.2% | Best=49.2%(@5900)
  from x3: 0.48 0.50 0.49 0.49 0.49 0.49 0.49 0.49 0.49 0.49 0.49 0.49 0.49
  per-rule acc: 0.56 0.42
Epoch 5920 | Train: Loss=0.1220 Acc=99.9% | Test: Acc=49.2% | Best=49.2%(@5920)
  from x3: 0.49 0.50 0.49 0.49 0.49 0.49 0.49 0.49 0.49 0.49 0.49 0.49 0.49
  per-rule acc: 0.56 0.42
Epoch 5940 | Train: Loss=0.1208 Acc=99.9% | Test: Acc=49.1% | Best=49.2%(@5920)
  from x3: 0.48 0.50 0.49 0.49 0.49 0.49 0.49 0.49 0.49 0.49 0.49 0.49 0.49
  per-rule acc: 0.56 0.42
Epoch 5960 | Train: Loss=0.1181 Acc=99.9% | Test: Acc=49.0% | Best=49.2%(@5920)
  from x3: 0.49 0.50 0.49 0.49 0.49 0.49 0.49 0.49 0.49 0.49 0.49 0.49 0.49
  per-rule acc: 0.56 0.42
Epoch 5980 | Train: Loss=0.1200 Acc=99.9% | Test: Acc=48.9% | Best=49.2%(@5920)
  from x3: 0.49 0.50 0.49 0.49 0.49 0.49 0.49 0.49 0.49 0.49 0.49 0.49 0.49
  per-rule acc: 0.56 0.42
Epoch 6000 | Train: Loss=0.1210 Acc=99.9% | Test: Acc=49.0% | Best=49.2%(@5920)
  from x3: 0.49 0.50 0.49 0.49 0.49 0.49 0.49 0.49 0.49 0.49 0.49 0.49 0.49
  per-rule acc: 0.56 0.42
Epoch 6020 | Train: Loss=0.1186 Acc=99.9% | Test: Acc=48.9% | Best=49.2%(@5920)
  from x3: 0.49 0.50 0.49 0.49 0.49 0.49 0.49 0.49 0.49 0.49 0.49 0.49 0.49
  per-rule acc: 0.56 0.42
Epoch 6040 | Train: Loss=0.1203 Acc=99.9% | Test: Acc=48.9% | Best=49.2%(@5920)
  from x3: 0.49 0.50 0.49 0.49 0.49 0.49 0.49 0.49 0.49 0.49 0.49 0.49 0.49
  per-rule acc: 0.56 0.42
Epoch 6060 | Train: Loss=0.1174 Acc=99.9% | Test: Acc=49.1% | Best=49.2%(@5920)
  from x3: 0.49 0.50 0.49 0.49 0.49 0.49 0.49 0.49 0.49 0.49 0.49 0.49 0.49
  per-rule acc: 0.56 0.42
Epoch 6080 | Train: Loss=0.1228 Acc=99.8% | Test: Acc=49.0% | Best=49.2%(@5920)
  from x3: 0.49 0.50 0.49 0.49 0.49 0.49 0.49 0.49 0.49 0.49 0.49 0.49 0.49
  per-rule acc: 0.56 0.42
Epoch 6100 | Train: Loss=0.1201 Acc=99.9% | Test: Acc=49.1% | Best=49.2%(@5920)
  from x3: 0.49 0.49 0.49 0.49 0.49 0.49 0.49 0.49 0.49 0.49 0.49 0.49 0.49
  per-rule acc: 0.56 0.42
Epoch 6120 | Train: Loss=0.1238 Acc=99.9% | Test: Acc=49.0% | Best=49.2%(@5920)
  from x3: 0.49 0.50 0.49 0.49 0.49 0.49 0.49 0.49 0.49 0.49 0.49 0.49 0.49
  per-rule acc: 0.56 0.42
Epoch 6140 | Train: Loss=0.1234 Acc=99.9% | Test: Acc=48.9% | Best=49.2%(@5920)
  from x3: 0.49 0.50 0.49 0.49 0.49 0.49 0.49 0.49 0.49 0.49 0.49 0.49 0.49
  per-rule acc: 0.56 0.42
Epoch 6160 | Train: Loss=0.1240 Acc=99.9% | Test: Acc=49.0% | Best=49.2%(@5920)
  from x3: 0.49 0.50 0.49 0.49 0.49 0.49 0.49 0.49 0.49 0.49 0.49 0.49 0.49
  per-rule acc: 0.56 0.42
Epoch 6180 | Train: Loss=0.1210 Acc=99.9% | Test: Acc=48.8% | Best=49.2%(@5920)
  from x3: 0.49 0.50 0.49 0.49 0.49 0.49 0.49 0.49 0.49 0.49 0.49 0.49 0.49
  per-rule acc: 0.56 0.42
Epoch 6200 | Train: Loss=0.1207 Acc=99.9% | Test: Acc=48.9% | Best=49.2%(@5920)
  from x3: 0.49 0.50 0.49 0.49 0.49 0.49 0.49 0.49 0.49 0.49 0.49 0.49 0.49
  per-rule acc: 0.56 0.42
Epoch 6220 | Train: Loss=0.1241 Acc=99.9% | Test: Acc=49.0% | Best=49.2%(@5920)
  from x3: 0.49 0.49 0.50 0.49 0.49 0.49 0.49 0.49 0.49 0.49 0.49 0.49 0.49
  per-rule acc: 0.56 0.42
Epoch 6240 | Train: Loss=0.1194 Acc=99.9% | Test: Acc=48.8% | Best=49.2%(@5920)
  from x3: 0.48 0.50 0.49 0.49 0.49 0.49 0.49 0.49 0.49 0.49 0.49 0.49 0.49
  per-rule acc: 0.56 0.41
Epoch 6260 | Train: Loss=0.1191 Acc=99.8% | Test: Acc=48.8% | Best=49.2%(@5920)
  from x3: 0.49 0.49 0.49 0.49 0.49 0.49 0.49 0.49 0.49 0.49 0.49 0.49 0.49
  per-rule acc: 0.56 0.42
Epoch 6280 | Train: Loss=0.1214 Acc=99.9% | Test: Acc=48.9% | Best=49.2%(@5920)
  from x3: 0.49 0.50 0.49 0.49 0.49 0.49 0.49 0.49 0.49 0.49 0.49 0.49 0.49
  per-rule acc: 0.56 0.42
Epoch 6300 | Train: Loss=0.1214 Acc=99.9% | Test: Acc=48.8% | Best=49.2%(@5920)
  from x3: 0.49 0.49 0.49 0.49 0.49 0.49 0.49 0.49 0.49 0.49 0.49 0.49 0.49
  per-rule acc: 0.56 0.42
Epoch 6320 | Train: Loss=0.1265 Acc=99.9% | Test: Acc=48.9% | Best=49.2%(@5920)
  from x3: 0.49 0.49 0.49 0.49 0.49 0.49 0.49 0.49 0.49 0.49 0.49 0.49 0.49
  per-rule acc: 0.56 0.42
Epoch 6340 | Train: Loss=0.1242 Acc=99.8% | Test: Acc=48.8% | Best=49.2%(@5920)
  from x3: 0.49 0.49 0.49 0.49 0.49 0.49 0.49 0.49 0.49 0.49 0.49 0.49 0.49
  per-rule acc: 0.56 0.41
Epoch 6360 | Train: Loss=0.1249 Acc=99.9% | Test: Acc=48.9% | Best=49.2%(@5920)
  from x3: 0.49 0.49 0.49 0.49 0.49 0.49 0.49 0.49 0.49 0.49 0.49 0.49 0.49
  per-rule acc: 0.56 0.42
Epoch 6380 | Train: Loss=0.1258 Acc=99.8% | Test: Acc=49.0% | Best=49.2%(@5920)
  from x3: 0.49 0.49 0.49 0.49 0.49 0.49 0.49 0.49 0.49 0.49 0.49 0.49 0.49
  per-rule acc: 0.56 0.41
Epoch 6400 | Train: Loss=0.1215 Acc=99.9% | Test: Acc=49.0% | Best=49.2%(@5920)
  from x3: 0.49 0.49 0.49 0.49 0.49 0.49 0.49 0.49 0.49 0.49 0.49 0.49 0.49
  per-rule acc: 0.56 0.42
Epoch 6420 | Train: Loss=0.1175 Acc=99.8% | Test: Acc=48.9% | Best=49.2%(@5920)
  from x3: 0.49 0.49 0.49 0.49 0.49 0.49 0.49 0.49 0.49 0.49 0.49 0.49 0.49
  per-rule acc: 0.56 0.42
Epoch 6440 | Train: Loss=0.1211 Acc=99.9% | Test: Acc=48.7% | Best=49.2%(@5920)
  from x3: 0.49 0.49 0.49 0.49 0.49 0.49 0.49 0.49 0.49 0.49 0.49 0.49 0.49
  per-rule acc: 0.56 0.42
Epoch 6460 | Train: Loss=0.1233 Acc=99.9% | Test: Acc=48.6% | Best=49.2%(@5920)
  from x3: 0.49 0.49 0.49 0.49 0.49 0.49 0.49 0.48 0.49 0.49 0.49 0.49 0.49
  per-rule acc: 0.56 0.42
Epoch 6480 | Train: Loss=0.1280 Acc=99.9% | Test: Acc=48.7% | Best=49.2%(@5920)
  from x3: 0.49 0.49 0.49 0.49 0.49 0.49 0.49 0.49 0.49 0.49 0.49 0.49 0.48
  per-rule acc: 0.56 0.42
Epoch 6500 | Train: Loss=0.1266 Acc=99.8% | Test: Acc=48.8% | Best=49.2%(@5920)
  from x3: 0.49 0.49 0.49 0.49 0.49 0.49 0.49 0.49 0.49 0.49 0.49 0.49 0.49
  per-rule acc: 0.56 0.42
Epoch 6520 | Train: Loss=0.1209 Acc=99.8% | Test: Acc=48.7% | Best=49.2%(@5920)
  from x3: 0.49 0.49 0.49 0.49 0.49 0.49 0.49 0.49 0.49 0.49 0.49 0.49 0.49
  per-rule acc: 0.56 0.42
Epoch 6540 | Train: Loss=0.1224 Acc=99.9% | Test: Acc=48.6% | Best=49.2%(@5920)
  from x3: 0.49 0.49 0.49 0.49 0.49 0.49 0.49 0.49 0.49 0.49 0.49 0.49 0.49
  per-rule acc: 0.56 0.42
Epoch 6560 | Train: Loss=0.1234 Acc=99.8% | Test: Acc=48.8% | Best=49.2%(@5920)
  from x3: 0.49 0.49 0.49 0.49 0.49 0.49 0.49 0.49 0.49 0.49 0.49 0.49 0.49
  per-rule acc: 0.56 0.41
Epoch 6580 | Train: Loss=0.1237 Acc=99.8% | Test: Acc=48.6% | Best=49.2%(@5920)
  from x3: 0.49 0.49 0.49 0.49 0.49 0.49 0.49 0.48 0.49 0.49 0.48 0.48 0.48
  per-rule acc: 0.56 0.42
Epoch 6600 | Train: Loss=0.1213 Acc=99.8% | Test: Acc=48.8% | Best=49.2%(@5920)
  from x3: 0.49 0.49 0.49 0.49 0.49 0.49 0.49 0.49 0.49 0.49 0.49 0.49 0.49
  per-rule acc: 0.56 0.41
Epoch 6620 | Train: Loss=0.1233 Acc=99.9% | Test: Acc=48.7% | Best=49.2%(@5920)
  from x3: 0.49 0.49 0.49 0.49 0.49 0.49 0.49 0.49 0.49 0.49 0.49 0.49 0.49
  per-rule acc: 0.56 0.41
Epoch 6640 | Train: Loss=0.1277 Acc=99.8% | Test: Acc=48.4% | Best=49.2%(@5920)
  from x3: 0.49 0.49 0.49 0.48 0.48 0.48 0.48 0.48 0.48 0.48 0.48 0.48 0.48
  per-rule acc: 0.56 0.41
Epoch 6660 | Train: Loss=0.1268 Acc=99.9% | Test: Acc=48.5% | Best=49.2%(@5920)
  from x3: 0.49 0.49 0.49 0.48 0.48 0.48 0.49 0.48 0.48 0.48 0.48 0.48 0.48
  per-rule acc: 0.56 0.41
Epoch 6680 | Train: Loss=0.1244 Acc=99.9% | Test: Acc=48.7% | Best=49.2%(@5920)
  from x3: 0.49 0.49 0.49 0.49 0.49 0.49 0.49 0.49 0.49 0.49 0.48 0.49 0.48
  per-rule acc: 0.56 0.41
Epoch 6700 | Train: Loss=0.1238 Acc=99.8% | Test: Acc=48.7% | Best=49.2%(@5920)
  from x3: 0.49 0.49 0.49 0.49 0.49 0.49 0.49 0.49 0.49 0.49 0.49 0.49 0.49
  per-rule acc: 0.56 0.41
Epoch 6720 | Train: Loss=0.1229 Acc=99.9% | Test: Acc=48.4% | Best=49.2%(@5920)
  from x3: 0.49 0.49 0.49 0.48 0.48 0.48 0.48 0.48 0.48 0.48 0.48 0.48 0.48
  per-rule acc: 0.56 0.41
Epoch 6740 | Train: Loss=0.1215 Acc=99.8% | Test: Acc=48.6% | Best=49.2%(@5920)
  from x3: 0.49 0.49 0.49 0.49 0.49 0.48 0.48 0.48 0.49 0.49 0.49 0.48 0.49
  per-rule acc: 0.56 0.41
Epoch 6760 | Train: Loss=0.1231 Acc=99.9% | Test: Acc=48.7% | Best=49.2%(@5920)
  from x3: 0.49 0.50 0.49 0.49 0.49 0.49 0.49 0.49 0.49 0.49 0.49 0.49 0.49
  per-rule acc: 0.56 0.41
Epoch 6780 | Train: Loss=0.1240 Acc=99.8% | Test: Acc=48.7% | Best=49.2%(@5920)
  from x3: 0.49 0.49 0.49 0.49 0.49 0.49 0.49 0.49 0.49 0.49 0.49 0.49 0.49
  per-rule acc: 0.56 0.41
Epoch 6800 | Train: Loss=0.1261 Acc=99.9% | Test: Acc=48.7% | Best=49.2%(@5920)
  from x3: 0.49 0.49 0.49 0.49 0.49 0.49 0.49 0.49 0.49 0.49 0.49 0.49 0.49
  per-rule acc: 0.57 0.41
Epoch 6820 | Train: Loss=0.1233 Acc=99.8% | Test: Acc=48.6% | Best=49.2%(@5920)
  from x3: 0.49 0.49 0.49 0.48 0.48 0.48 0.49 0.49 0.49 0.49 0.49 0.49 0.49
  per-rule acc: 0.56 0.41
Epoch 6840 | Train: Loss=0.1247 Acc=99.8% | Test: Acc=48.7% | Best=49.2%(@5920)
  from x3: 0.49 0.50 0.49 0.49 0.49 0.49 0.49 0.49 0.49 0.49 0.49 0.49 0.49
  per-rule acc: 0.56 0.41
Epoch 6860 | Train: Loss=0.1247 Acc=99.8% | Test: Acc=48.7% | Best=49.2%(@5920)
  from x3: 0.49 0.49 0.49 0.49 0.49 0.49 0.49 0.49 0.49 0.49 0.49 0.49 0.49
  per-rule acc: 0.56 0.41
Epoch 6880 | Train: Loss=0.1232 Acc=99.8% | Test: Acc=48.8% | Best=49.2%(@5920)
  from x3: 0.49 0.49 0.49 0.49 0.49 0.49 0.49 0.49 0.49 0.49 0.49 0.49 0.49
  per-rule acc: 0.56 0.41
Epoch 6900 | Train: Loss=0.1261 Acc=99.9% | Test: Acc=48.7% | Best=49.2%(@5920)
  from x3: 0.49 0.49 0.49 0.49 0.49 0.49 0.49 0.49 0.49 0.49 0.49 0.49 0.49
  per-rule acc: 0.57 0.41
Epoch 6920 | Train: Loss=0.1234 Acc=99.8% | Test: Acc=48.6% | Best=49.2%(@5920)
  from x3: 0.49 0.49 0.49 0.49 0.49 0.49 0.49 0.49 0.48 0.48 0.48 0.48 0.49
  per-rule acc: 0.56 0.41
Epoch 6940 | Train: Loss=0.1236 Acc=99.9% | Test: Acc=48.7% | Best=49.2%(@5920)
  from x3: 0.49 0.49 0.49 0.49 0.49 0.49 0.49 0.49 0.49 0.49 0.49 0.48 0.49
  per-rule acc: 0.56 0.41
Epoch 6960 | Train: Loss=0.1216 Acc=99.8% | Test: Acc=48.9% | Best=49.2%(@5920)
  from x3: 0.49 0.49 0.49 0.49 0.49 0.49 0.49 0.49 0.49 0.49 0.49 0.49 0.49
  per-rule acc: 0.57 0.41
Epoch 6980 | Train: Loss=0.1217 Acc=99.9% | Test: Acc=48.6% | Best=49.2%(@5920)
  from x3: 0.49 0.49 0.49 0.49 0.49 0.49 0.49 0.49 0.49 0.49 0.48 0.49 0.48
  per-rule acc: 0.56 0.41
Epoch 7000 | Train: Loss=0.1201 Acc=99.8% | Test: Acc=48.8% | Best=49.2%(@5920)
  from x3: 0.49 0.49 0.49 0.49 0.49 0.49 0.49 0.49 0.49 0.49 0.49 0.49 0.49
  per-rule acc: 0.57 0.41
Epoch 7020 | Train: Loss=0.1210 Acc=99.8% | Test: Acc=48.7% | Best=49.2%(@5920)
  from x3: 0.49 0.49 0.49 0.49 0.49 0.49 0.49 0.49 0.49 0.49 0.49 0.49 0.49
  per-rule acc: 0.57 0.41
Epoch 7040 | Train: Loss=0.1211 Acc=99.9% | Test: Acc=48.8% | Best=49.2%(@5920)
  from x3: 0.49 0.49 0.49 0.49 0.49 0.49 0.49 0.49 0.49 0.49 0.49 0.49 0.49
  per-rule acc: 0.57 0.41
Epoch 7060 | Train: Loss=0.1195 Acc=99.8% | Test: Acc=48.8% | Best=49.2%(@5920)
  from x3: 0.49 0.49 0.49 0.49 0.49 0.49 0.49 0.49 0.49 0.49 0.49 0.49 0.49
  per-rule acc: 0.57 0.41
Epoch 7080 | Train: Loss=0.1201 Acc=99.8% | Test: Acc=48.8% | Best=49.2%(@5920)
  from x3: 0.49 0.49 0.49 0.49 0.49 0.49 0.49 0.49 0.49 0.49 0.49 0.49 0.49
  per-rule acc: 0.57 0.41
Epoch 7100 | Train: Loss=0.1182 Acc=99.8% | Test: Acc=48.8% | Best=49.2%(@5920)
  from x3: 0.49 0.49 0.49 0.49 0.49 0.49 0.49 0.49 0.49 0.49 0.49 0.49 0.49
  per-rule acc: 0.57 0.41
Epoch 7120 | Train: Loss=0.1211 Acc=99.8% | Test: Acc=48.8% | Best=49.2%(@5920)
  from x3: 0.49 0.49 0.49 0.49 0.49 0.49 0.49 0.49 0.49 0.49 0.49 0.49 0.49
  per-rule acc: 0.57 0.41
Epoch 7140 | Train: Loss=0.1202 Acc=99.8% | Test: Acc=48.8% | Best=49.2%(@5920)
  from x3: 0.49 0.49 0.49 0.49 0.49 0.49 0.49 0.49 0.49 0.49 0.49 0.49 0.49
  per-rule acc: 0.57 0.41
Epoch 7160 | Train: Loss=0.1206 Acc=99.9% | Test: Acc=48.9% | Best=49.2%(@5920)
  from x3: 0.49 0.49 0.49 0.49 0.49 0.49 0.49 0.49 0.49 0.49 0.49 0.49 0.49
  per-rule acc: 0.57 0.41
Epoch 7180 | Train: Loss=0.1183 Acc=99.8% | Test: Acc=48.7% | Best=49.2%(@5920)
  from x3: 0.49 0.49 0.49 0.49 0.49 0.49 0.49 0.49 0.49 0.49 0.49 0.49 0.49
  per-rule acc: 0.57 0.41
Epoch 7200 | Train: Loss=0.1184 Acc=99.8% | Test: Acc=48.7% | Best=49.2%(@5920)
  from x3: 0.49 0.49 0.49 0.49 0.49 0.49 0.49 0.49 0.49 0.49 0.49 0.49 0.49
  per-rule acc: 0.57 0.41
Epoch 7220 | Train: Loss=0.1197 Acc=99.8% | Test: Acc=48.6% | Best=49.2%(@5920)
  from x3: 0.49 0.49 0.49 0.49 0.49 0.49 0.49 0.49 0.49 0.49 0.49 0.49 0.48
  per-rule acc: 0.57 0.40
Epoch 7240 | Train: Loss=0.1192 Acc=99.8% | Test: Acc=48.7% | Best=49.2%(@5920)
  from x3: 0.49 0.49 0.49 0.49 0.49 0.49 0.49 0.49 0.49 0.49 0.49 0.49 0.49
  per-rule acc: 0.57 0.41
Epoch 7260 | Train: Loss=0.1173 Acc=99.8% | Test: Acc=48.7% | Best=49.2%(@5920)
  from x3: 0.49 0.49 0.49 0.49 0.49 0.49 0.49 0.49 0.49 0.49 0.48 0.48 0.48
  per-rule acc: 0.57 0.41
Epoch 7280 | Train: Loss=0.1179 Acc=99.8% | Test: Acc=48.6% | Best=49.2%(@5920)
  from x3: 0.49 0.49 0.49 0.49 0.49 0.49 0.49 0.48 0.49 0.48 0.48 0.48 0.48
  per-rule acc: 0.57 0.40
Epoch 7300 | Train: Loss=0.1162 Acc=99.8% | Test: Acc=48.6% | Best=49.2%(@5920)
  from x3: 0.49 0.49 0.49 0.49 0.49 0.49 0.49 0.49 0.49 0.48 0.49 0.48 0.48
  per-rule acc: 0.57 0.40
Epoch 7320 | Train: Loss=0.1169 Acc=99.9% | Test: Acc=48.7% | Best=49.2%(@5920)
  from x3: 0.49 0.49 0.49 0.49 0.49 0.49 0.49 0.49 0.49 0.49 0.48 0.49 0.48
  per-rule acc: 0.57 0.41
Epoch 7340 | Train: Loss=0.1162 Acc=99.8% | Test: Acc=48.5% | Best=49.2%(@5920)
  from x3: 0.49 0.49 0.48 0.49 0.49 0.49 0.49 0.49 0.49 0.48 0.48 0.48 0.48
  per-rule acc: 0.57 0.40
Epoch 7360 | Train: Loss=0.1168 Acc=99.9% | Test: Acc=48.9% | Best=49.2%(@5920)
  from x3: 0.49 0.49 0.49 0.49 0.49 0.49 0.49 0.49 0.49 0.49 0.49 0.49 0.49
  per-rule acc: 0.57 0.40
Epoch 7380 | Train: Loss=0.1164 Acc=99.8% | Test: Acc=48.6% | Best=49.2%(@5920)
  from x3: 0.49 0.49 0.49 0.48 0.49 0.49 0.49 0.49 0.49 0.49 0.49 0.49 0.48
  per-rule acc: 0.57 0.40
Epoch 7400 | Train: Loss=0.1148 Acc=99.8% | Test: Acc=48.6% | Best=49.2%(@5920)
  from x3: 0.49 0.49 0.48 0.49 0.49 0.49 0.49 0.49 0.49 0.49 0.48 0.48 0.48
  per-rule acc: 0.57 0.40
Epoch 7420 | Train: Loss=0.1157 Acc=99.9% | Test: Acc=48.6% | Best=49.2%(@5920)
  from x3: 0.49 0.49 0.48 0.49 0.49 0.49 0.49 0.49 0.49 0.49 0.49 0.49 0.49
  per-rule acc: 0.57 0.40
Epoch 7440 | Train: Loss=0.1144 Acc=99.8% | Test: Acc=48.6% | Best=49.2%(@5920)
  from x3: 0.49 0.49 0.48 0.49 0.48 0.49 0.49 0.49 0.49 0.49 0.49 0.49 0.49
  per-rule acc: 0.57 0.40
Epoch 7460 | Train: Loss=0.1156 Acc=99.9% | Test: Acc=48.8% | Best=49.2%(@5920)
  from x3: 0.49 0.49 0.49 0.49 0.49 0.49 0.49 0.49 0.49 0.49 0.49 0.49 0.49
  per-rule acc: 0.57 0.40
Epoch 7480 | Train: Loss=0.1154 Acc=99.8% | Test: Acc=48.7% | Best=49.2%(@5920)
  from x3: 0.49 0.49 0.49 0.49 0.49 0.49 0.49 0.49 0.49 0.49 0.49 0.49 0.49
  per-rule acc: 0.57 0.40
Epoch 7500 | Train: Loss=0.1137 Acc=99.8% | Test: Acc=48.6% | Best=49.2%(@5920)
  from x3: 0.49 0.49 0.48 0.49 0.48 0.49 0.49 0.49 0.49 0.49 0.49 0.48 0.48
  per-rule acc: 0.57 0.40
Epoch 7520 | Train: Loss=0.1126 Acc=99.9% | Test: Acc=48.6% | Best=49.2%(@5920)
  from x3: 0.49 0.49 0.48 0.48 0.48 0.49 0.49 0.49 0.49 0.49 0.49 0.49 0.48
  per-rule acc: 0.57 0.40
Epoch 7540 | Train: Loss=0.1131 Acc=99.9% | Test: Acc=48.6% | Best=49.2%(@5920)
  from x3: 0.49 0.49 0.48 0.49 0.49 0.49 0.49 0.49 0.49 0.49 0.49 0.49 0.49
  per-rule acc: 0.57 0.40
Epoch 7560 | Train: Loss=0.1136 Acc=99.9% | Test: Acc=48.8% | Best=49.2%(@5920)
  from x3: 0.48 0.49 0.49 0.49 0.49 0.49 0.49 0.49 0.49 0.49 0.49 0.49 0.49
  per-rule acc: 0.58 0.40
Epoch 7580 | Train: Loss=0.1131 Acc=99.9% | Test: Acc=48.7% | Best=49.2%(@5920)
  from x3: 0.49 0.49 0.49 0.49 0.49 0.49 0.49 0.49 0.49 0.49 0.49 0.49 0.49
  per-rule acc: 0.57 0.40
Epoch 7600 | Train: Loss=0.1122 Acc=99.9% | Test: Acc=48.7% | Best=49.2%(@5920)
  from x3: 0.49 0.49 0.49 0.49 0.49 0.49 0.49 0.49 0.49 0.49 0.49 0.49 0.49
  per-rule acc: 0.57 0.40
Epoch 7620 | Train: Loss=0.1112 Acc=99.9% | Test: Acc=48.8% | Best=49.2%(@5920)
  from x3: 0.49 0.49 0.49 0.49 0.49 0.49 0.49 0.49 0.49 0.49 0.49 0.49 0.49
  per-rule acc: 0.57 0.40
Epoch 7640 | Train: Loss=0.1118 Acc=99.9% | Test: Acc=48.7% | Best=49.2%(@5920)
  from x3: 0.49 0.49 0.49 0.49 0.49 0.49 0.49 0.49 0.49 0.49 0.49 0.49 0.49
  per-rule acc: 0.57 0.40
Epoch 7660 | Train: Loss=0.1110 Acc=99.9% | Test: Acc=48.8% | Best=49.2%(@5920)
  from x3: 0.49 0.49 0.49 0.49 0.49 0.49 0.49 0.49 0.49 0.49 0.49 0.49 0.49
  per-rule acc: 0.57 0.40
Epoch 7680 | Train: Loss=0.1111 Acc=99.9% | Test: Acc=48.9% | Best=49.2%(@5920)
  from x3: 0.48 0.49 0.49 0.49 0.49 0.49 0.49 0.49 0.49 0.49 0.49 0.49 0.49
  per-rule acc: 0.57 0.40
Epoch 7700 | Train: Loss=0.1105 Acc=99.9% | Test: Acc=48.8% | Best=49.2%(@5920)
  from x3: 0.48 0.49 0.49 0.49 0.49 0.49 0.49 0.49 0.49 0.49 0.49 0.49 0.49
  per-rule acc: 0.57 0.40
Epoch 7720 | Train: Loss=0.1096 Acc=99.9% | Test: Acc=48.7% | Best=49.2%(@5920)
  from x3: 0.48 0.49 0.48 0.49 0.49 0.49 0.49 0.49 0.49 0.49 0.49 0.49 0.49
  per-rule acc: 0.57 0.40
Epoch 7740 | Train: Loss=0.1088 Acc=99.9% | Test: Acc=48.7% | Best=49.2%(@5920)
  from x3: 0.48 0.49 0.48 0.49 0.49 0.49 0.49 0.49 0.49 0.49 0.49 0.49 0.49
  per-rule acc: 0.57 0.40
Epoch 7760 | Train: Loss=0.1081 Acc=99.9% | Test: Acc=48.7% | Best=49.2%(@5920)
  from x3: 0.48 0.49 0.48 0.49 0.49 0.49 0.49 0.49 0.49 0.49 0.49 0.49 0.49
  per-rule acc: 0.57 0.40
Epoch 7780 | Train: Loss=0.1089 Acc=99.9% | Test: Acc=48.8% | Best=49.2%(@5920)
  from x3: 0.48 0.49 0.49 0.49 0.49 0.49 0.49 0.49 0.49 0.49 0.49 0.49 0.49
  per-rule acc: 0.57 0.40
Epoch 7800 | Train: Loss=0.1083 Acc=99.9% | Test: Acc=48.8% | Best=49.2%(@5920)
  from x3: 0.48 0.49 0.49 0.49 0.49 0.49 0.49 0.49 0.49 0.49 0.49 0.49 0.49
  per-rule acc: 0.57 0.40
Epoch 7820 | Train: Loss=0.1074 Acc=99.9% | Test: Acc=48.7% | Best=49.2%(@5920)
  from x3: 0.48 0.49 0.49 0.49 0.49 0.49 0.49 0.49 0.49 0.49 0.49 0.49 0.49
  per-rule acc: 0.57 0.40
Epoch 7840 | Train: Loss=0.1067 Acc=99.9% | Test: Acc=48.7% | Best=49.2%(@5920)
  from x3: 0.48 0.49 0.49 0.49 0.49 0.49 0.49 0.49 0.49 0.49 0.49 0.49 0.49
  per-rule acc: 0.57 0.40
Epoch 7860 | Train: Loss=0.1068 Acc=99.9% | Test: Acc=48.7% | Best=49.2%(@5920)
  from x3: 0.48 0.49 0.49 0.49 0.49 0.49 0.49 0.49 0.49 0.49 0.49 0.49 0.49
  per-rule acc: 0.57 0.40
Epoch 7880 | Train: Loss=0.1060 Acc=99.9% | Test: Acc=48.7% | Best=49.2%(@5920)
  from x3: 0.48 0.49 0.49 0.49 0.49 0.49 0.49 0.49 0.49 0.49 0.49 0.49 0.49
  per-rule acc: 0.57 0.40
Epoch 7900 | Train: Loss=0.1067 Acc=99.9% | Test: Acc=48.7% | Best=49.2%(@5920)
  from x3: 0.48 0.49 0.49 0.49 0.49 0.49 0.49 0.49 0.49 0.49 0.49 0.49 0.49
  per-rule acc: 0.57 0.40
Epoch 7920 | Train: Loss=0.1063 Acc=99.9% | Test: Acc=48.8% | Best=49.2%(@5920)
  from x3: 0.48 0.49 0.49 0.49 0.49 0.49 0.49 0.49 0.49 0.49 0.49 0.49 0.49
  per-rule acc: 0.58 0.40
[Early stop] No improvement for 2000 consecutive epochs

==================================================
Saving model...
[OK] Model saved to: /home/cxm/ai/test0617-basic/models/mixed_basic_d64l1_r8.pth
  File size: 360.1 KB
  Best test accuracy: 49.24%

==================================================
Final generation test (given first two items, AB generates 3rd as prompt, validate from 4th)
==================================================

--- AB pair 1: (1, 1) ---

--- Statistics for AB=(1,1) ---
Exposed    samples:  1405 | In-dist: 18220/18265 ( 99.8%) | OOD: 21411/22480 ( 95.2%)
Unexposed  samples:  1404 | In-dist:  4282/18252 ( 23.5%) | OOD:  4063/22464 ( 18.1%)

--- AB pair 2: (1, 2) ---

--- Statistics for AB=(1,2) ---
Exposed    samples:  1405 | In-dist: 18005/18265 ( 98.6%) | OOD: 21305/22480 ( 94.8%)
Unexposed  samples:  1404 | In-dist:  5258/18252 ( 28.8%) | OOD:  6611/22464 ( 29.4%)

--- Return code: 0 ---

======================================================================
Attention Analysis
======================================================================
Model config: addition (default), p=53
Best test accuracy: 0.49243918474687703
Training epochs: 7920

Random test sequence 1/5 (length 32): [44, 13, 4, 17, 21, 38, 6, 44, 50, 41, 38, 26, 11, 37, 48, 32, 27, 6, 33, 39]...

======================================================================
Attention Layer Training Result Summary
======================================================================
Input sequence: [44, 13, 4, 17, 21, 38, 6, 44, 50, 41, 38, 26, 11, 37, 48, 32, 27, 6, 33, 39, 19, 5, 24, 29, 0, 29, 29, 5, 34, 39, 20, 6]

--- Layer 0 ---
  Head 0: Entropy=0.511
    Attention coefficients from each query position to previous positions:
      i= 0 -> j=0:1.000
      i= 1 -> j=0:0.092, j=1:0.908
      i= 2 -> j=0:0.017, j=1:0.089, j=2:0.894
      i= 3 -> j=0:0.004, j=1:0.020, j=2:0.089, j=3:0.887
      i= 4 -> j=0:0.002, j=1:0.008, j=2:0.024, j=3:0.097, j=4:0.870
      i= 5 -> j=0:0.000, j=1:0.002, j=2:0.007, j=3:0.031, j=4:0.083, j=5:0.877
      i= 6 -> j=0:0.000, j=1:0.000, j=2:0.001, j=3:0.008, j=4:0.017, j=5:0.102, j=6:0.871
      i= 7 -> j=0:0.000, j=1:0.000, j=2:0.000, j=3:0.002, j=4:0.006, j=5:0.029, j=6:0.081, j=7:0.881
      i= 8 -> j=0:0.000, j=1:0.000, j=2:0.000, j=3:0.000, j=4:0.001, j=5:0.010, j=6:0.027, j=7:0.093, j=8:0.867
      i= 9 -> j=0:0.000, j=1:0.000, j=2:0.000, j=3:0.000, j=4:0.000, j=5:0.002, j=6:0.009, j=7:0.023, j=8:0.115, j=9:0.850
      i=10 -> j=0:0.000, j=1:0.000, j=2:0.000, j=3:0.000, j=4:0.000, j=5:0.001, j=6:0.003, j=7:0.006, j=8:0.025, j=9:0.092, j=10:0.872
      i=11 -> j=0:0.000, j=1:0.000, j=2:0.000, j=3:0.000, j=4:0.000, j=5:0.000, j=6:0.000, j=7:0.001, j=8:0.007, j=9:0.018, j=10:0.097, j=11:0.876
      i=12 -> j=0:0.000, j=1:0.000, j=2:0.000, j=3:0.000, j=4:0.000, j=5:0.000, j=6:0.000, j=7:0.000, j=8:0.001, j=9:0.004, j=10:0.022, j=11:0.074, j=12:0.898
      i=13 -> j=0:0.000, j=1:0.000, j=2:0.000, j=3:0.000, j=4:0.000, j=5:0.000, j=6:0.000, j=7:0.000, j=8:0.000, j=9:0.002, j=10:0.009, j=11:0.027, j=12:0.086, j=13:0.874
      i=14 -> j=0:0.000, j=1:0.000, j=2:0.000, j=3:0.000, j=4:0.000, j=5:0.000, j=6:0.000, j=7:0.000, j=8:0.000, j=9:0.000, j=10:0.003, j=11:0.008, j=12:0.021, j=13:0.104, j=14:0.862
      i=15 -> j=0:0.000, j=1:0.000, j=2:0.000, j=3:0.000, j=4:0.000, j=5:0.000, j=6:0.000, j=7:0.000, j=8:0.000, j=9:0.000, j=10:0.001, j=11:0.002, j=12:0.007, j=13:0.022, j=14:0.094, j=15:0.874
      i=16 -> j=0:0.000, j=1:0.000, j=2:0.000, j=3:0.000, j=4:0.000, j=5:0.000, j=6:0.000, j=7:0.000, j=8:0.000, j=9:0.000, j=10:0.000, j=11:0.000, j=12:0.001, j=13:0.006, j=14:0.023, j=15:0.100, j=16:0.867
      i=17 -> j=0:0.001, j=1:0.001, j=2:0.000, j=3:0.000, j=4:0.000, j=5:0.000, j=6:0.000, j=7:0.000, j=8:0.000, j=9:0.000, j=10:0.000, j=11:0.000, j=12:0.000, j=13:0.001, j=14:0.005, j=15:0.018, j=16:0.105, j=17:0.868
      i=18 -> j=0:0.000, j=1:0.001, j=2:0.000, j=3:0.000, j=4:0.000, j=5:0.000, j=6:0.000, j=7:0.000, j=8:0.000, j=9:0.000, j=10:0.000, j=11:0.000, j=12:0.000, j=13:0.000, j=14:0.001, j=15:0.005, j=16:0.026, j=17:0.091, j=18:0.874
      i=19 -> j=0:0.000, j=1:0.001, j=2:0.001, j=3:0.001, j=4:0.000, j=5:0.000, j=6:0.000, j=7:0.000, j=8:0.000, j=9:0.000, j=10:0.000, j=11:0.000, j=12:0.000, j=13:0.000, j=14:0.000, j=15:0.002, j=16:0.006, j=17:0.023, j=18:0.078, j=19:0.888
      i=20 -> j=0:0.001, j=1:0.001, j=2:0.001, j=3:0.001, j=4:0.001, j=5:0.001, j=6:0.000, j=7:0.000, j=8:0.000, j=9:0.000, j=10:0.000, j=11:0.000, j=12:0.000, j=13:0.000, j=14:0.000, j=15:0.000, j=16:0.003, j=17:0.011, j=18:0.026, j=19:0.104, j=20:0.849
      i=21 -> j=0:0.001, j=1:0.000, j=2:0.000, j=3:0.001, j=4:0.001, j=5:0.001, j=6:0.000, j=7:0.000, j=8:0.000, j=9:0.000, j=10:0.000, j=11:0.000, j=12:0.000, j=13:0.000, j=14:0.000, j=15:0.000, j=16:0.000, j=17:0.002, j=18:0.006, j=19:0.028, j=20:0.090, j=21:0.869
      i=22 -> j=0:0.002, j=1:0.002, j=2:0.001, j=3:0.001, j=4:0.001, j=5:0.001, j=6:0.001, j=7:0.000, j=8:0.000, j=9:0.000, j=10:0.000, j=11:0.000, j=12:0.000, j=13:0.000, j=14:0.000, j=15:0.000, j=16:0.000, j=17:0.001, j=18:0.002, j=19:0.009, j=20:0.023, j=21:0.091, j=22:0.864
      i=23 -> j=0:0.002, j=1:0.002, j=2:0.001, j=3:0.001, j=4:0.000, j=5:0.001, j=6:0.001, j=7:0.000, j=8:0.000, j=9:0.000, j=10:0.000, j=11:0.000, j=12:0.000, j=13:0.000, j=14:0.000, j=15:0.000, j=16:0.000, j=17:0.000, j=18:0.000, j=19:0.001, j=20:0.005, j=21:0.021, j=22:0.080, j=23:0.884
      i=24 -> j=0:0.001, j=1:0.002, j=2:0.002, j=3:0.002, j=4:0.001, j=5:0.001, j=6:0.001, j=7:0.001, j=8:0.001, j=9:0.000, j=10:0.000, j=11:0.000, j=12:0.000, j=13:0.000, j=14:0.000, j=15:0.000, j=16:0.000, j=17:0.000, j=18:0.000, j=19:0.000, j=20:0.001, j=21:0.004, j=22:0.015, j=23:0.062, j=24:0.905
      i=25 -> j=0:0.001, j=1:0.001, j=2:0.001, j=3:0.002, j=4:0.001, j=5:0.000, j=6:0.000, j=7:0.000, j=8:0.001, j=9:0.000, j=10:0.000, j=11:0.000, j=12:0.000, j=13:0.000, j=14:0.000, j=15:0.000, j=16:0.000, j=17:0.000, j=18:0.000, j=19:0.000, j=20:0.000, j=21:0.001, j=22:0.005, j=23:0.023, j=24:0.253, j=25:0.710
      i=26 -> j=0:0.001, j=1:0.001, j=2:0.001, j=3:0.002, j=4:0.001, j=5:0.001, j=6:0.000, j=7:0.000, j=8:0.000, j=9:0.000, j=10:0.001, j=11:0.000, j=12:0.000, j=13:0.000, j=14:0.000, j=15:0.000, j=16:0.000, j=17:0.000, j=18:0.000, j=19:0.000, j=20:0.000, j=21:0.000, j=22:0.001, j=23:0.008, j=24:0.075, j=25:0.108, j=26:0.798
      i=27 -> j=0:0.001, j=1:0.001, j=2:0.001, j=3:0.002, j=4:0.002, j=5:0.002, j=6:0.001, j=7:0.000, j=8:0.000, j=9:0.000, j=10:0.001, j=11:0.001, j=12:0.000, j=13:0.000, j=14:0.000, j=15:0.000, j=16:0.000, j=17:0.000, j=18:0.000, j=19:0.000, j=20:0.000, j=21:0.000, j=22:0.000, j=23:0.002, j=24:0.028, j=25:0.023, j=26:0.084, j=27:0.849
      i=28 -> j=0:0.007, j=1:0.004, j=2:0.001, j=3:0.002, j=4:0.003, j=5:0.008, j=6:0.005, j=7:0.001, j=8:0.001, j=9:0.001, j=10:0.001, j=11:0.001, j=12:0.001, j=13:0.000, j=14:0.000, j=15:0.000, j=16:0.000, j=17:0.000, j=18:0.000, j=19:0.000, j=20:0.000, j=21:0.000, j=22:0.000, j=23:0.001, j=24:0.008, j=25:0.011, j=26:0.028, j=27:0.100, j=28:0.814
      i=29 -> j=0:0.005, j=1:0.004, j=2:0.002, j=3:0.001, j=4:0.001, j=5:0.001, j=6:0.003, j=7:0.002, j=8:0.001, j=9:0.001, j=10:0.001, j=11:0.001, j=12:0.001, j=13:0.001, j=14:0.000, j=15:0.000, j=16:0.000, j=17:0.000, j=18:0.000, j=19:0.000, j=20:0.000, j=21:0.000, j=22:0.000, j=23:0.000, j=24:0.001, j=25:0.002, j=26:0.006, j=27:0.020, j=28:0.081, j=29:0.867
      i=30 -> j=0:0.003, j=1:0.004, j=2:0.002, j=3:0.002, j=4:0.001, j=5:0.001, j=6:0.001, j=7:0.001, j=8:0.001, j=9:0.001, j=10:0.000, j=11:0.000, j=12:0.000, j=13:0.000, j=14:0.000, j=15:0.000, j=16:0.000, j=17:0.000, j=18:0.000, j=19:0.000, j=20:0.000, j=21:0.000, j=22:0.000, j=23:0.000, j=24:0.000, j=25:0.000, j=26:0.002, j=27:0.005, j=28:0.021, j=29:0.097, j=30:0.855
      i=31 -> j=0:0.004, j=1:0.008, j=2:0.007, j=3:0.008, j=4:0.002, j=5:0.002, j=6:0.003, j=7:0.002, j=8:0.003, j=9:0.002, j=10:0.002, j=11:0.001, j=12:0.000, j=13:0.001, j=14:0.001, j=15:0.000, j=16:0.000, j=17:0.000, j=18:0.000, j=19:0.000, j=20:0.000, j=21:0.000, j=22:0.000, j=23:0.000, j=24:0.000, j=25:0.000, j=26:0.000, j=27:0.001, j=28:0.006, j=29:0.021, j=30:0.085, j=31:0.839
    Average attention per distance:
      d=0:0.868, d=1:0.097, d=2:0.025


======================================================================
QK Property Verification (Raw Scores, before Softmax)
======================================================================
Recurrence order init_len=2, num test sequences=1

--- [P1] Long-distance Orthogonality Verification ---
Ideal: raw_score mean ≈ 0 and small std when d > init_len

  Layer 0, Head 0:
    d= 1 (effective): mean=  0.135, std= 0.508, n=31
    d= 2 (effective): mean= -1.247, std= 0.561, n=30
    d>2 (long-distance): mean= -5.408, std= 1.508, n=435

--- [P2] Time-homogeneous Verification ---
Ideal: CV of raw_score across positions i ≈ 0 for fixed distance d
(CV = std / |mean|, smaller = more constant)

  Layer 0, Head 0:
    d= 1: mean=  0.135, std= 0.508, CV=3.752, n=31
    d= 2: mean= -1.247, std= 0.561, CV=0.450, n=30

======================================================================
QK Property Verification Completed
======================================================================
