=== Experiment: mixed_basic_d128l1_r32 ===
Time: 2026-06-17T15:58:49.365684
Task type: mixed_ab
Merged config: {
  "P": 53,
  "TASK": "mixed_ab",
  "NUM_MASK": 2,
  "A": 1,
  "B": 1,
  "AB_PAIRS": [
    [
      1,
      1
    ],
    [
      1,
      2
    ]
  ],
  "D_MODEL": 128,
  "N_HEAD": 1,
  "N_LAYER": 1,
  "BATCH_SIZE": 128,
  "EPOCHS": 10000,
  "LR": 0.0003,
  "SAVE_PATH": "models/mixed_basic_d128l1_r32.pth",
  "USE_GREEDY_GENERATE": true,
  "USE_LEARNABLE_PE": false,
  "MLP_RATIO": 32,
  "TRAIN_LEN": 16,
  "OOD_LEN": 32,
  "DROPOUT": 0.0,
  "TARGET_INIT_COVERAGE": 0.5,
  "MAX_UNIQUE_RATIO": 0.5,
  "WEIGHT_DECAY": 1,
  "ENTROPY_PENALTY_WEIGHT": 0.0,
  "FIRST_TASK_WEIGHT": 1.0,
  "RANDOM_SEED": 42,
  "EVAL_INTERVAL": 20,
  "EARLY_STOP_NO_IMPROVE": 2000,
  "EARLY_STOP_ACCURACY": 0.99,
  "USE_AB_TAG": false,
  "USE_CONDITIONAL_WTE": false,
  "COND_WTE_SHARED_RATIO": 0.0
}
--- output ---
Using device: cuda

[Dataset] Mixed mode: generated 2810 + 2808 samples, length 16
AB parameter pairs: [(1, 1), (1, 2)]
--------------------------------------------------
[Model config] block_size: 32, train length: 16
[Number theory] AB parameter pairs: [(1, 1), (1, 2)]


Model parameters: 1.14M

Start training...
Epoch   0 | Train: Loss=4.2501 Acc=4.4% | Test: Acc=0.2% | Best=0.2%(@0)
  from x3: 0.00 0.00 0.00 0.00 0.00 0.00 0.00 0.00 0.00 0.00 0.00 0.00 0.00
  per-rule acc: 0.00 0.00
Epoch  20 | Train: Loss=0.7749 Acc=97.4% | Test: Acc=1.3% | Best=1.3%(@20)
  from x3: 0.02 0.01 0.01 0.01 0.01 0.01 0.01 0.01 0.01 0.01 0.01 0.01 0.01
  per-rule acc: 0.01 0.02
Epoch  40 | Train: Loss=0.2895 Acc=98.6% | Test: Acc=1.8% | Best=1.8%(@40)
  from x3: 0.02 0.02 0.02 0.02 0.02 0.02 0.02 0.02 0.02 0.02 0.02 0.02 0.02
  per-rule acc: 0.01 0.02
Epoch  60 | Train: Loss=0.2185 Acc=98.9% | Test: Acc=1.9% | Best=1.9%(@60)
  from x3: 0.02 0.02 0.02 0.02 0.02 0.02 0.02 0.02 0.02 0.02 0.02 0.02 0.02
  per-rule acc: 0.01 0.02
Epoch  80 | Train: Loss=0.1868 Acc=99.0% | Test: Acc=2.1% | Best=2.1%(@80)
  from x3: 0.02 0.02 0.02 0.02 0.02 0.02 0.02 0.02 0.02 0.02 0.02 0.02 0.02
  per-rule acc: 0.02 0.03
Epoch 100 | Train: Loss=0.1720 Acc=99.1% | Test: Acc=2.1% | Best=2.1%(@80)
  from x3: 0.02 0.02 0.02 0.02 0.02 0.02 0.02 0.02 0.02 0.02 0.02 0.02 0.02
  per-rule acc: 0.02 0.03
Epoch 120 | Train: Loss=0.1544 Acc=99.2% | Test: Acc=2.2% | Best=2.2%(@120)
  from x3: 0.02 0.02 0.02 0.02 0.02 0.02 0.02 0.02 0.02 0.02 0.02 0.02 0.02
  per-rule acc: 0.02 0.03
Epoch 140 | Train: Loss=0.1432 Acc=99.3% | Test: Acc=2.2% | Best=2.2%(@140)
  from x3: 0.02 0.02 0.02 0.02 0.02 0.02 0.02 0.02 0.02 0.02 0.02 0.02 0.02
  per-rule acc: 0.02 0.03
Epoch 160 | Train: Loss=0.1353 Acc=99.3% | Test: Acc=2.1% | Best=2.2%(@140)
  from x3: 0.02 0.02 0.02 0.02 0.02 0.02 0.02 0.02 0.02 0.02 0.02 0.02 0.02
  per-rule acc: 0.02 0.02
Epoch 180 | Train: Loss=0.1205 Acc=99.5% | Test: Acc=2.2% | Best=2.2%(@140)
  from x3: 0.02 0.02 0.02 0.02 0.02 0.02 0.02 0.02 0.02 0.02 0.02 0.02 0.02
  per-rule acc: 0.02 0.02
Epoch 200 | Train: Loss=0.1199 Acc=99.4% | Test: Acc=2.3% | Best=2.3%(@200)
  from x3: 0.02 0.02 0.02 0.02 0.02 0.02 0.02 0.02 0.02 0.02 0.02 0.02 0.02
  per-rule acc: 0.02 0.03
Epoch 220 | Train: Loss=0.1100 Acc=99.5% | Test: Acc=2.2% | Best=2.3%(@200)
  from x3: 0.02 0.02 0.02 0.02 0.02 0.02 0.02 0.02 0.02 0.02 0.02 0.02 0.02
  per-rule acc: 0.02 0.03
Epoch 240 | Train: Loss=0.1054 Acc=99.5% | Test: Acc=2.2% | Best=2.3%(@200)
  from x3: 0.02 0.02 0.02 0.02 0.02 0.02 0.02 0.02 0.02 0.02 0.02 0.02 0.02
  per-rule acc: 0.02 0.02
Epoch 260 | Train: Loss=0.1026 Acc=99.3% | Test: Acc=2.1% | Best=2.3%(@200)
  from x3: 0.02 0.02 0.02 0.02 0.02 0.02 0.02 0.02 0.02 0.02 0.02 0.02 0.02
  per-rule acc: 0.02 0.02
Epoch 280 | Train: Loss=0.0965 Acc=99.3% | Test: Acc=2.0% | Best=2.3%(@200)
  from x3: 0.02 0.02 0.02 0.02 0.02 0.02 0.02 0.02 0.02 0.02 0.02 0.02 0.02
  per-rule acc: 0.02 0.02
Epoch 300 | Train: Loss=0.0830 Acc=99.7% | Test: Acc=2.0% | Best=2.3%(@200)
  from x3: 0.02 0.02 0.02 0.02 0.02 0.02 0.02 0.02 0.02 0.02 0.02 0.02 0.02
  per-rule acc: 0.02 0.02
Epoch 320 | Train: Loss=0.0876 Acc=99.6% | Test: Acc=2.2% | Best=2.3%(@200)
  from x3: 0.02 0.02 0.02 0.02 0.02 0.02 0.02 0.02 0.02 0.02 0.02 0.02 0.02
  per-rule acc: 0.02 0.02
Epoch 340 | Train: Loss=0.0766 Acc=99.6% | Test: Acc=2.2% | Best=2.3%(@200)
  from x3: 0.02 0.02 0.02 0.02 0.02 0.02 0.02 0.02 0.02 0.02 0.02 0.02 0.02
  per-rule acc: 0.02 0.02
Epoch 360 | Train: Loss=0.0825 Acc=99.6% | Test: Acc=2.0% | Best=2.3%(@200)
  from x3: 0.02 0.02 0.02 0.02 0.02 0.02 0.02 0.02 0.02 0.02 0.02 0.02 0.02
  per-rule acc: 0.02 0.02
Epoch 380 | Train: Loss=0.0776 Acc=99.6% | Test: Acc=2.1% | Best=2.3%(@200)
  from x3: 0.02 0.02 0.02 0.02 0.02 0.02 0.02 0.02 0.02 0.02 0.02 0.02 0.02
  per-rule acc: 0.02 0.02
Epoch 400 | Train: Loss=0.0773 Acc=99.6% | Test: Acc=2.2% | Best=2.3%(@200)
  from x3: 0.02 0.02 0.02 0.02 0.02 0.02 0.02 0.02 0.02 0.02 0.02 0.02 0.02
  per-rule acc: 0.02 0.02
Epoch 420 | Train: Loss=0.0784 Acc=99.6% | Test: Acc=2.1% | Best=2.3%(@200)
  from x3: 0.02 0.02 0.02 0.02 0.02 0.02 0.02 0.02 0.02 0.02 0.02 0.02 0.02
  per-rule acc: 0.02 0.02
Epoch 440 | Train: Loss=0.0664 Acc=99.7% | Test: Acc=1.9% | Best=2.3%(@200)
  from x3: 0.02 0.02 0.02 0.02 0.02 0.02 0.02 0.02 0.02 0.02 0.02 0.02 0.02
  per-rule acc: 0.02 0.02
Epoch 460 | Train: Loss=0.0791 Acc=99.6% | Test: Acc=2.1% | Best=2.3%(@200)
  from x3: 0.02 0.02 0.02 0.02 0.02 0.02 0.02 0.02 0.02 0.02 0.02 0.02 0.02
  per-rule acc: 0.02 0.02
Epoch 480 | Train: Loss=0.0704 Acc=99.6% | Test: Acc=2.3% | Best=2.3%(@480)
  from x3: 0.02 0.02 0.02 0.02 0.02 0.02 0.02 0.02 0.02 0.02 0.02 0.02 0.02
  per-rule acc: 0.02 0.02
Epoch 500 | Train: Loss=0.0754 Acc=99.6% | Test: Acc=2.2% | Best=2.3%(@480)
  from x3: 0.02 0.02 0.02 0.02 0.02 0.02 0.02 0.02 0.02 0.02 0.02 0.02 0.02
  per-rule acc: 0.02 0.02
Epoch 520 | Train: Loss=0.0820 Acc=99.5% | Test: Acc=2.3% | Best=2.3%(@520)
  from x3: 0.02 0.02 0.02 0.02 0.02 0.02 0.02 0.02 0.02 0.02 0.02 0.02 0.02
  per-rule acc: 0.02 0.02
Epoch 540 | Train: Loss=0.0760 Acc=99.6% | Test: Acc=2.2% | Best=2.3%(@520)
  from x3: 0.02 0.02 0.02 0.02 0.02 0.02 0.02 0.02 0.02 0.02 0.02 0.02 0.02
  per-rule acc: 0.02 0.02
Epoch 560 | Train: Loss=0.0667 Acc=99.7% | Test: Acc=2.3% | Best=2.3%(@560)
  from x3: 0.02 0.02 0.02 0.02 0.02 0.02 0.02 0.02 0.02 0.02 0.02 0.02 0.02
  per-rule acc: 0.02 0.02
Epoch 580 | Train: Loss=0.0704 Acc=99.8% | Test: Acc=2.3% | Best=2.3%(@560)
  from x3: 0.02 0.02 0.02 0.02 0.02 0.02 0.02 0.02 0.02 0.02 0.02 0.02 0.02
  per-rule acc: 0.02 0.02
Epoch 600 | Train: Loss=0.0644 Acc=99.7% | Test: Acc=2.2% | Best=2.3%(@560)
  from x3: 0.02 0.02 0.02 0.02 0.02 0.02 0.02 0.02 0.02 0.02 0.02 0.02 0.02
  per-rule acc: 0.02 0.02
Epoch 620 | Train: Loss=0.0652 Acc=99.8% | Test: Acc=2.1% | Best=2.3%(@560)
  from x3: 0.02 0.02 0.02 0.02 0.02 0.02 0.02 0.02 0.02 0.02 0.02 0.02 0.02
  per-rule acc: 0.02 0.02
Epoch 640 | Train: Loss=0.0642 Acc=99.7% | Test: Acc=2.3% | Best=2.3%(@560)
  from x3: 0.02 0.02 0.02 0.02 0.02 0.02 0.02 0.02 0.02 0.02 0.02 0.02 0.02
  per-rule acc: 0.02 0.02
Epoch 660 | Train: Loss=0.0672 Acc=99.7% | Test: Acc=2.3% | Best=2.3%(@660)
  from x3: 0.02 0.02 0.02 0.02 0.02 0.02 0.02 0.02 0.02 0.02 0.02 0.02 0.02
  per-rule acc: 0.03 0.02
Epoch 680 | Train: Loss=0.0627 Acc=99.8% | Test: Acc=2.3% | Best=2.3%(@660)
  from x3: 0.02 0.02 0.02 0.02 0.02 0.02 0.02 0.02 0.02 0.02 0.02 0.02 0.02
  per-rule acc: 0.02 0.02
Epoch 700 | Train: Loss=0.0626 Acc=99.8% | Test: Acc=2.5% | Best=2.5%(@700)
  from x3: 0.02 0.02 0.03 0.02 0.02 0.02 0.02 0.02 0.02 0.02 0.02 0.02 0.02
  per-rule acc: 0.03 0.02
Epoch 720 | Train: Loss=0.0645 Acc=99.8% | Test: Acc=2.4% | Best=2.5%(@700)
  from x3: 0.02 0.02 0.02 0.02 0.02 0.02 0.02 0.02 0.02 0.02 0.02 0.02 0.02
  per-rule acc: 0.02 0.02
Epoch 740 | Train: Loss=0.0617 Acc=99.8% | Test: Acc=2.5% | Best=2.5%(@740)
  from x3: 0.02 0.03 0.03 0.03 0.03 0.03 0.03 0.03 0.03 0.03 0.03 0.03 0.03
  per-rule acc: 0.03 0.02
Epoch 760 | Train: Loss=0.0560 Acc=99.8% | Test: Acc=2.3% | Best=2.5%(@740)
  from x3: 0.02 0.02 0.02 0.02 0.02 0.02 0.02 0.02 0.02 0.02 0.02 0.02 0.02
  per-rule acc: 0.02 0.02
Epoch 780 | Train: Loss=0.0578 Acc=99.8% | Test: Acc=2.5% | Best=2.5%(@740)
  from x3: 0.02 0.02 0.03 0.02 0.02 0.02 0.02 0.02 0.02 0.02 0.02 0.02 0.02
  per-rule acc: 0.03 0.02
Epoch 800 | Train: Loss=0.0550 Acc=99.8% | Test: Acc=2.6% | Best=2.6%(@800)
  from x3: 0.03 0.02 0.03 0.03 0.03 0.03 0.03 0.03 0.03 0.03 0.03 0.03 0.03
  per-rule acc: 0.03 0.02
Epoch 820 | Train: Loss=0.0598 Acc=99.9% | Test: Acc=2.6% | Best=2.6%(@820)
  from x3: 0.03 0.03 0.03 0.02 0.03 0.03 0.03 0.03 0.03 0.03 0.03 0.03 0.03
  per-rule acc: 0.03 0.02
Epoch 840 | Train: Loss=0.0547 Acc=99.8% | Test: Acc=2.6% | Best=2.6%(@840)
  from x3: 0.03 0.03 0.03 0.03 0.03 0.03 0.03 0.03 0.03 0.03 0.03 0.03 0.03
  per-rule acc: 0.03 0.02
Epoch 860 | Train: Loss=0.0531 Acc=99.8% | Test: Acc=2.7% | Best=2.7%(@860)
  from x3: 0.03 0.03 0.03 0.03 0.03 0.03 0.03 0.03 0.03 0.03 0.03 0.03 0.03
  per-rule acc: 0.03 0.02
Epoch 880 | Train: Loss=0.0521 Acc=99.8% | Test: Acc=2.5% | Best=2.7%(@860)
  from x3: 0.03 0.03 0.03 0.02 0.02 0.02 0.02 0.02 0.02 0.02 0.02 0.02 0.02
  per-rule acc: 0.03 0.02
Epoch 900 | Train: Loss=0.0535 Acc=99.9% | Test: Acc=2.6% | Best=2.7%(@860)
  from x3: 0.03 0.03 0.03 0.03 0.03 0.03 0.03 0.03 0.03 0.03 0.03 0.03 0.03
  per-rule acc: 0.03 0.02
Epoch 920 | Train: Loss=0.0502 Acc=99.9% | Test: Acc=2.7% | Best=2.7%(@860)
  from x3: 0.03 0.03 0.03 0.03 0.03 0.03 0.03 0.03 0.03 0.03 0.03 0.03 0.03
  per-rule acc: 0.03 0.02
Epoch 940 | Train: Loss=0.0493 Acc=99.9% | Test: Acc=2.7% | Best=2.7%(@940)
  from x3: 0.03 0.03 0.03 0.03 0.03 0.03 0.03 0.03 0.03 0.03 0.03 0.03 0.03
  per-rule acc: 0.03 0.03
Epoch 960 | Train: Loss=0.0477 Acc=99.9% | Test: Acc=2.6% | Best=2.7%(@940)
  from x3: 0.03 0.03 0.03 0.03 0.03 0.03 0.03 0.03 0.03 0.03 0.03 0.03 0.03
  per-rule acc: 0.03 0.02
Epoch 980 | Train: Loss=0.0468 Acc=99.8% | Test: Acc=2.8% | Best=2.8%(@980)
  from x3: 0.03 0.03 0.03 0.03 0.03 0.03 0.03 0.03 0.03 0.03 0.03 0.03 0.03
  per-rule acc: 0.03 0.03
Epoch 1000 | Train: Loss=0.0454 Acc=99.9% | Test: Acc=2.7% | Best=2.8%(@980)
  from x3: 0.03 0.03 0.03 0.03 0.03 0.03 0.03 0.03 0.03 0.03 0.03 0.03 0.03
  per-rule acc: 0.03 0.02
Epoch 1020 | Train: Loss=0.0458 Acc=99.9% | Test: Acc=2.8% | Best=2.8%(@980)
  from x3: 0.03 0.03 0.03 0.03 0.03 0.03 0.03 0.03 0.03 0.03 0.03 0.03 0.03
  per-rule acc: 0.03 0.02
Epoch 1040 | Train: Loss=0.0430 Acc=99.9% | Test: Acc=2.8% | Best=2.8%(@1040)
  from x3: 0.03 0.03 0.03 0.03 0.03 0.03 0.03 0.03 0.03 0.03 0.03 0.03 0.03
  per-rule acc: 0.03 0.03
Epoch 1060 | Train: Loss=0.0568 Acc=99.9% | Test: Acc=2.8% | Best=2.8%(@1040)
  from x3: 0.03 0.03 0.03 0.03 0.03 0.03 0.03 0.03 0.03 0.03 0.03 0.03 0.03
  per-rule acc: 0.03 0.03
Epoch 1080 | Train: Loss=0.0465 Acc=99.9% | Test: Acc=2.9% | Best=2.9%(@1080)
  from x3: 0.03 0.03 0.03 0.03 0.03 0.03 0.03 0.03 0.03 0.03 0.03 0.03 0.03
  per-rule acc: 0.03 0.02
Epoch 1100 | Train: Loss=0.0428 Acc=99.9% | Test: Acc=2.9% | Best=2.9%(@1080)
  from x3: 0.03 0.03 0.03 0.03 0.03 0.03 0.03 0.03 0.03 0.03 0.03 0.03 0.03
  per-rule acc: 0.03 0.03
Epoch 1120 | Train: Loss=0.0409 Acc=99.8% | Test: Acc=3.0% | Best=3.0%(@1120)
  from x3: 0.03 0.03 0.03 0.03 0.03 0.03 0.03 0.03 0.03 0.03 0.03 0.03 0.03
  per-rule acc: 0.03 0.03
Epoch 1140 | Train: Loss=0.0415 Acc=99.9% | Test: Acc=2.9% | Best=3.0%(@1120)
  from x3: 0.03 0.03 0.03 0.03 0.03 0.03 0.03 0.03 0.03 0.03 0.03 0.03 0.03
  per-rule acc: 0.03 0.03
Epoch 1160 | Train: Loss=0.0401 Acc=99.9% | Test: Acc=3.0% | Best=3.0%(@1160)
  from x3: 0.03 0.03 0.03 0.03 0.03 0.03 0.03 0.03 0.03 0.03 0.03 0.03 0.03
  per-rule acc: 0.03 0.03
Epoch 1180 | Train: Loss=0.0419 Acc=99.9% | Test: Acc=3.0% | Best=3.0%(@1160)
  from x3: 0.03 0.03 0.03 0.03 0.03 0.03 0.03 0.03 0.03 0.03 0.03 0.03 0.03
  per-rule acc: 0.03 0.03
Epoch 1200 | Train: Loss=0.0373 Acc=99.9% | Test: Acc=3.0% | Best=3.0%(@1160)
  from x3: 0.03 0.03 0.03 0.03 0.03 0.03 0.03 0.03 0.03 0.03 0.03 0.03 0.03
  per-rule acc: 0.03 0.03
Epoch 1220 | Train: Loss=0.0367 Acc=99.8% | Test: Acc=3.0% | Best=3.0%(@1220)
  from x3: 0.03 0.03 0.03 0.03 0.03 0.03 0.03 0.03 0.03 0.03 0.03 0.03 0.03
  per-rule acc: 0.03 0.03
Epoch 1240 | Train: Loss=0.0402 Acc=99.8% | Test: Acc=2.9% | Best=3.0%(@1220)
  from x3: 0.03 0.03 0.03 0.03 0.03 0.03 0.03 0.03 0.03 0.03 0.03 0.03 0.03
  per-rule acc: 0.03 0.02
Epoch 1260 | Train: Loss=0.0430 Acc=99.9% | Test: Acc=3.1% | Best=3.1%(@1260)
  from x3: 0.03 0.03 0.03 0.03 0.03 0.03 0.03 0.03 0.03 0.03 0.03 0.03 0.03
  per-rule acc: 0.03 0.03
Epoch 1280 | Train: Loss=0.0358 Acc=99.9% | Test: Acc=3.1% | Best=3.1%(@1260)
  from x3: 0.03 0.03 0.03 0.03 0.03 0.03 0.03 0.03 0.03 0.03 0.03 0.03 0.03
  per-rule acc: 0.03 0.03
Epoch 1300 | Train: Loss=0.0392 Acc=99.9% | Test: Acc=3.3% | Best=3.3%(@1300)
  from x3: 0.03 0.03 0.03 0.03 0.03 0.03 0.03 0.03 0.03 0.03 0.03 0.03 0.03
  per-rule acc: 0.03 0.03
Epoch 1320 | Train: Loss=0.0389 Acc=99.9% | Test: Acc=3.3% | Best=3.3%(@1320)
  from x3: 0.04 0.03 0.03 0.03 0.03 0.03 0.03 0.03 0.03 0.03 0.03 0.03 0.03
  per-rule acc: 0.03 0.03
Epoch 1340 | Train: Loss=0.0373 Acc=99.9% | Test: Acc=3.2% | Best=3.3%(@1320)
  from x3: 0.03 0.03 0.03 0.03 0.03 0.03 0.03 0.03 0.03 0.03 0.03 0.03 0.03
  per-rule acc: 0.04 0.03
Epoch 1360 | Train: Loss=0.0340 Acc=99.9% | Test: Acc=3.2% | Best=3.3%(@1320)
  from x3: 0.03 0.03 0.03 0.03 0.03 0.03 0.03 0.03 0.03 0.03 0.03 0.03 0.03
  per-rule acc: 0.03 0.03
Epoch 1380 | Train: Loss=0.0379 Acc=99.9% | Test: Acc=3.2% | Best=3.3%(@1320)
  from x3: 0.03 0.03 0.03 0.03 0.03 0.03 0.03 0.03 0.03 0.03 0.03 0.03 0.03
  per-rule acc: 0.03 0.03
Epoch 1400 | Train: Loss=0.0319 Acc=99.9% | Test: Acc=3.2% | Best=3.3%(@1320)
  from x3: 0.04 0.03 0.03 0.03 0.03 0.03 0.03 0.03 0.03 0.03 0.03 0.03 0.03
  per-rule acc: 0.03 0.03
Epoch 1420 | Train: Loss=0.0322 Acc=99.9% | Test: Acc=3.0% | Best=3.3%(@1320)
  from x3: 0.03 0.03 0.03 0.03 0.03 0.03 0.03 0.03 0.03 0.03 0.03 0.03 0.03
  per-rule acc: 0.03 0.03
Epoch 1440 | Train: Loss=0.0369 Acc=99.9% | Test: Acc=3.1% | Best=3.3%(@1320)
  from x3: 0.03 0.03 0.03 0.03 0.03 0.03 0.03 0.03 0.03 0.03 0.03 0.03 0.03
  per-rule acc: 0.03 0.03
Epoch 1460 | Train: Loss=0.0375 Acc=99.9% | Test: Acc=3.3% | Best=3.3%(@1320)
  from x3: 0.03 0.03 0.03 0.03 0.03 0.03 0.03 0.03 0.03 0.03 0.03 0.03 0.03
  per-rule acc: 0.03 0.03
Epoch 1480 | Train: Loss=0.0298 Acc=99.8% | Test: Acc=3.0% | Best=3.3%(@1320)
  from x3: 0.03 0.03 0.03 0.03 0.03 0.03 0.03 0.03 0.03 0.03 0.03 0.03 0.03
  per-rule acc: 0.03 0.03
Epoch 1500 | Train: Loss=0.0350 Acc=99.9% | Test: Acc=3.4% | Best=3.4%(@1500)
  from x3: 0.04 0.03 0.03 0.03 0.03 0.03 0.03 0.03 0.03 0.03 0.03 0.03 0.03
  per-rule acc: 0.04 0.03
Epoch 1520 | Train: Loss=0.0304 Acc=99.9% | Test: Acc=3.2% | Best=3.4%(@1500)
  from x3: 0.04 0.03 0.03 0.03 0.03 0.03 0.03 0.03 0.03 0.03 0.03 0.03 0.03
  per-rule acc: 0.03 0.03
Epoch 1540 | Train: Loss=0.0365 Acc=99.9% | Test: Acc=3.4% | Best=3.4%(@1500)
  from x3: 0.04 0.03 0.03 0.03 0.03 0.03 0.03 0.03 0.03 0.03 0.03 0.03 0.03
  per-rule acc: 0.04 0.03
Epoch 1560 | Train: Loss=0.0314 Acc=99.9% | Test: Acc=3.3% | Best=3.4%(@1500)
  from x3: 0.04 0.03 0.03 0.03 0.03 0.03 0.03 0.03 0.03 0.03 0.03 0.03 0.03
  per-rule acc: 0.04 0.03
Epoch 1580 | Train: Loss=0.0328 Acc=99.9% | Test: Acc=3.2% | Best=3.4%(@1500)
  from x3: 0.04 0.03 0.03 0.03 0.03 0.03 0.03 0.03 0.03 0.03 0.03 0.03 0.03
  per-rule acc: 0.03 0.03
Epoch 1600 | Train: Loss=0.0313 Acc=99.9% | Test: Acc=3.0% | Best=3.4%(@1500)
  from x3: 0.04 0.03 0.03 0.03 0.03 0.03 0.03 0.03 0.03 0.03 0.03 0.03 0.03
  per-rule acc: 0.03 0.03
Epoch 1620 | Train: Loss=0.0353 Acc=99.9% | Test: Acc=3.3% | Best=3.4%(@1500)
  from x3: 0.03 0.03 0.03 0.03 0.03 0.03 0.03 0.03 0.03 0.03 0.03 0.03 0.03
  per-rule acc: 0.03 0.03
Epoch 1640 | Train: Loss=0.0359 Acc=99.9% | Test: Acc=3.1% | Best=3.4%(@1500)
  from x3: 0.04 0.03 0.03 0.03 0.03 0.03 0.03 0.03 0.03 0.03 0.03 0.03 0.03
  per-rule acc: 0.03 0.03
Epoch 1660 | Train: Loss=0.0288 Acc=99.9% | Test: Acc=3.1% | Best=3.4%(@1500)
  from x3: 0.04 0.03 0.03 0.03 0.03 0.03 0.03 0.03 0.03 0.03 0.03 0.03 0.03
  per-rule acc: 0.03 0.03
Epoch 1680 | Train: Loss=0.0296 Acc=99.9% | Test: Acc=3.3% | Best=3.4%(@1500)
  from x3: 0.04 0.03 0.03 0.03 0.03 0.03 0.03 0.03 0.03 0.03 0.03 0.03 0.03
  per-rule acc: 0.03 0.03
Epoch 1700 | Train: Loss=0.0293 Acc=99.9% | Test: Acc=3.1% | Best=3.4%(@1500)
  from x3: 0.04 0.03 0.03 0.03 0.03 0.03 0.03 0.03 0.03 0.03 0.03 0.03 0.03
  per-rule acc: 0.03 0.03
Epoch 1720 | Train: Loss=0.0285 Acc=99.9% | Test: Acc=3.3% | Best=3.4%(@1500)
  from x3: 0.04 0.03 0.03 0.03 0.03 0.03 0.03 0.03 0.03 0.03 0.03 0.03 0.03
  per-rule acc: 0.03 0.03
Epoch 1740 | Train: Loss=0.0303 Acc=99.9% | Test: Acc=3.2% | Best=3.4%(@1500)
  from x3: 0.04 0.03 0.03 0.03 0.03 0.03 0.03 0.03 0.03 0.03 0.03 0.03 0.03
  per-rule acc: 0.03 0.03
Epoch 1760 | Train: Loss=0.0295 Acc=99.9% | Test: Acc=3.3% | Best=3.4%(@1500)
  from x3: 0.04 0.03 0.03 0.03 0.03 0.03 0.03 0.03 0.03 0.03 0.03 0.03 0.03
  per-rule acc: 0.03 0.03
Epoch 1780 | Train: Loss=0.0294 Acc=99.9% | Test: Acc=3.3% | Best=3.4%(@1500)
  from x3: 0.04 0.03 0.03 0.03 0.03 0.03 0.03 0.03 0.03 0.03 0.03 0.03 0.03
  per-rule acc: 0.03 0.03
Epoch 1800 | Train: Loss=0.0289 Acc=99.9% | Test: Acc=3.4% | Best=3.4%(@1500)
  from x3: 0.04 0.03 0.03 0.03 0.03 0.03 0.03 0.03 0.03 0.03 0.03 0.03 0.03
  per-rule acc: 0.04 0.03
Epoch 1820 | Train: Loss=0.0320 Acc=99.9% | Test: Acc=3.4% | Best=3.4%(@1500)
  from x3: 0.04 0.03 0.03 0.03 0.03 0.03 0.03 0.03 0.03 0.03 0.03 0.03 0.03
  per-rule acc: 0.03 0.03
Epoch 1840 | Train: Loss=0.0296 Acc=99.9% | Test: Acc=3.0% | Best=3.4%(@1500)
  from x3: 0.04 0.03 0.03 0.03 0.03 0.03 0.03 0.03 0.03 0.03 0.03 0.03 0.03
  per-rule acc: 0.03 0.03
Epoch 1860 | Train: Loss=0.0313 Acc=99.9% | Test: Acc=3.3% | Best=3.4%(@1500)
  from x3: 0.04 0.03 0.03 0.03 0.03 0.03 0.03 0.03 0.03 0.03 0.03 0.03 0.03
  per-rule acc: 0.04 0.03
Epoch 1880 | Train: Loss=0.0304 Acc=99.9% | Test: Acc=3.3% | Best=3.4%(@1500)
  from x3: 0.04 0.03 0.03 0.03 0.03 0.03 0.03 0.03 0.03 0.03 0.03 0.03 0.03
  per-rule acc: 0.04 0.03
Epoch 1900 | Train: Loss=0.0274 Acc=99.9% | Test: Acc=3.4% | Best=3.4%(@1500)
  from x3: 0.04 0.04 0.03 0.03 0.03 0.03 0.03 0.03 0.03 0.03 0.03 0.03 0.03
  per-rule acc: 0.03 0.03
Epoch 1920 | Train: Loss=0.0301 Acc=99.9% | Test: Acc=3.2% | Best=3.4%(@1500)
  from x3: 0.04 0.03 0.03 0.03 0.03 0.03 0.03 0.03 0.03 0.03 0.03 0.03 0.03
  per-rule acc: 0.03 0.03
Epoch 1940 | Train: Loss=0.0254 Acc=99.8% | Test: Acc=3.0% | Best=3.4%(@1500)
  from x3: 0.04 0.03 0.03 0.03 0.03 0.03 0.03 0.03 0.03 0.03 0.03 0.03 0.03
  per-rule acc: 0.03 0.03
Epoch 1960 | Train: Loss=0.0297 Acc=99.9% | Test: Acc=3.3% | Best=3.4%(@1500)
  from x3: 0.04 0.03 0.03 0.03 0.03 0.03 0.03 0.03 0.03 0.03 0.03 0.03 0.03
  per-rule acc: 0.04 0.03
Epoch 1980 | Train: Loss=0.0287 Acc=99.9% | Test: Acc=3.4% | Best=3.4%(@1500)
  from x3: 0.04 0.03 0.03 0.03 0.03 0.03 0.03 0.03 0.03 0.03 0.03 0.03 0.03
  per-rule acc: 0.03 0.03
Epoch 2000 | Train: Loss=0.0291 Acc=99.9% | Test: Acc=3.3% | Best=3.4%(@1500)
  from x3: 0.04 0.03 0.03 0.03 0.03 0.03 0.03 0.03 0.03 0.03 0.03 0.03 0.03
  per-rule acc: 0.03 0.03
Epoch 2020 | Train: Loss=0.0242 Acc=99.9% | Test: Acc=3.4% | Best=3.4%(@1500)
  from x3: 0.04 0.04 0.03 0.03 0.03 0.03 0.03 0.03 0.03 0.03 0.03 0.03 0.03
  per-rule acc: 0.03 0.03
Epoch 2040 | Train: Loss=0.0286 Acc=99.9% | Test: Acc=3.4% | Best=3.4%(@1500)
  from x3: 0.04 0.03 0.03 0.03 0.03 0.03 0.03 0.03 0.03 0.03 0.03 0.03 0.03
  per-rule acc: 0.03 0.03
Epoch 2060 | Train: Loss=0.0241 Acc=99.9% | Test: Acc=3.3% | Best=3.4%(@1500)
  from x3: 0.04 0.03 0.03 0.03 0.03 0.03 0.03 0.03 0.03 0.03 0.03 0.03 0.03
  per-rule acc: 0.03 0.03
Epoch 2080 | Train: Loss=0.0277 Acc=99.9% | Test: Acc=3.5% | Best=3.5%(@2080)
  from x3: 0.04 0.04 0.03 0.03 0.03 0.03 0.03 0.03 0.03 0.03 0.03 0.03 0.03
  per-rule acc: 0.03 0.03
Epoch 2100 | Train: Loss=0.0267 Acc=99.9% | Test: Acc=3.4% | Best=3.5%(@2080)
  from x3: 0.04 0.03 0.03 0.03 0.03 0.03 0.03 0.03 0.03 0.03 0.03 0.03 0.03
  per-rule acc: 0.04 0.03
Epoch 2120 | Train: Loss=0.0300 Acc=99.9% | Test: Acc=3.2% | Best=3.5%(@2080)
  from x3: 0.04 0.03 0.03 0.03 0.03 0.03 0.03 0.03 0.03 0.03 0.03 0.03 0.03
  per-rule acc: 0.03 0.03
Epoch 2140 | Train: Loss=0.0328 Acc=99.9% | Test: Acc=3.4% | Best=3.5%(@2080)
  from x3: 0.04 0.04 0.03 0.03 0.03 0.03 0.03 0.03 0.03 0.03 0.03 0.03 0.03
  per-rule acc: 0.04 0.03
Epoch 2160 | Train: Loss=0.0260 Acc=99.9% | Test: Acc=3.4% | Best=3.5%(@2080)
  from x3: 0.04 0.04 0.03 0.03 0.03 0.03 0.03 0.03 0.03 0.03 0.03 0.03 0.03
  per-rule acc: 0.03 0.03
Epoch 2180 | Train: Loss=0.0169 Acc=99.9% | Test: Acc=3.3% | Best=3.5%(@2080)
  from x3: 0.04 0.03 0.03 0.03 0.03 0.03 0.03 0.03 0.03 0.03 0.03 0.03 0.03
  per-rule acc: 0.03 0.03
Epoch 2200 | Train: Loss=0.0256 Acc=99.9% | Test: Acc=3.5% | Best=3.5%(@2200)
  from x3: 0.04 0.04 0.03 0.03 0.03 0.03 0.03 0.03 0.03 0.03 0.03 0.03 0.03
  per-rule acc: 0.03 0.04
Epoch 2220 | Train: Loss=0.0255 Acc=99.9% | Test: Acc=3.4% | Best=3.5%(@2200)
  from x3: 0.04 0.04 0.03 0.03 0.03 0.03 0.03 0.03 0.03 0.03 0.03 0.03 0.03
  per-rule acc: 0.04 0.03
Epoch 2240 | Train: Loss=0.0173 Acc=99.9% | Test: Acc=3.3% | Best=3.5%(@2200)
  from x3: 0.04 0.03 0.03 0.03 0.03 0.03 0.03 0.03 0.03 0.03 0.03 0.03 0.03
  per-rule acc: 0.03 0.03
Epoch 2260 | Train: Loss=0.0300 Acc=99.9% | Test: Acc=3.2% | Best=3.5%(@2200)
  from x3: 0.04 0.03 0.03 0.03 0.03 0.03 0.03 0.03 0.03 0.03 0.03 0.03 0.03
  per-rule acc: 0.03 0.03
Epoch 2280 | Train: Loss=0.0285 Acc=99.9% | Test: Acc=3.6% | Best=3.6%(@2280)
  from x3: 0.04 0.04 0.04 0.04 0.04 0.04 0.04 0.04 0.04 0.04 0.04 0.04 0.04
  per-rule acc: 0.04 0.03
Epoch 2300 | Train: Loss=0.0254 Acc=99.9% | Test: Acc=3.2% | Best=3.6%(@2280)
  from x3: 0.04 0.03 0.03 0.03 0.03 0.03 0.03 0.03 0.03 0.03 0.03 0.03 0.03
  per-rule acc: 0.03 0.03
Epoch 2320 | Train: Loss=0.0242 Acc=99.9% | Test: Acc=3.4% | Best=3.6%(@2280)
  from x3: 0.04 0.04 0.03 0.03 0.03 0.03 0.03 0.03 0.03 0.03 0.03 0.03 0.03
  per-rule acc: 0.03 0.03
Epoch 2340 | Train: Loss=0.0269 Acc=99.9% | Test: Acc=3.5% | Best=3.6%(@2280)
  from x3: 0.04 0.04 0.03 0.03 0.03 0.03 0.03 0.03 0.03 0.03 0.03 0.03 0.03
  per-rule acc: 0.04 0.03
Epoch 2360 | Train: Loss=0.0251 Acc=99.9% | Test: Acc=3.4% | Best=3.6%(@2280)
  from x3: 0.04 0.04 0.03 0.03 0.03 0.03 0.03 0.03 0.03 0.03 0.03 0.03 0.03
  per-rule acc: 0.04 0.03
Epoch 2380 | Train: Loss=0.0177 Acc=99.9% | Test: Acc=3.4% | Best=3.6%(@2280)
  from x3: 0.04 0.04 0.03 0.03 0.03 0.03 0.03 0.03 0.03 0.03 0.03 0.03 0.03
  per-rule acc: 0.03 0.03
Epoch 2400 | Train: Loss=0.0245 Acc=99.9% | Test: Acc=3.4% | Best=3.6%(@2280)
  from x3: 0.04 0.03 0.03 0.03 0.03 0.03 0.03 0.03 0.03 0.03 0.03 0.03 0.03
  per-rule acc: 0.03 0.03
Epoch 2420 | Train: Loss=0.0249 Acc=99.9% | Test: Acc=3.4% | Best=3.6%(@2280)
  from x3: 0.04 0.03 0.03 0.03 0.03 0.03 0.03 0.03 0.03 0.03 0.03 0.03 0.03
  per-rule acc: 0.03 0.03
Epoch 2440 | Train: Loss=0.0185 Acc=99.9% | Test: Acc=3.7% | Best=3.7%(@2440)
  from x3: 0.04 0.04 0.04 0.04 0.04 0.04 0.04 0.04 0.04 0.04 0.04 0.04 0.04
  per-rule acc: 0.04 0.04
Epoch 2460 | Train: Loss=0.0233 Acc=99.9% | Test: Acc=3.3% | Best=3.7%(@2440)
  from x3: 0.04 0.03 0.03 0.03 0.03 0.03 0.03 0.03 0.03 0.03 0.03 0.03 0.03
  per-rule acc: 0.04 0.03
Epoch 2480 | Train: Loss=0.0163 Acc=99.9% | Test: Acc=3.3% | Best=3.7%(@2440)
  from x3: 0.04 0.03 0.03 0.03 0.03 0.03 0.03 0.03 0.03 0.03 0.03 0.03 0.03
  per-rule acc: 0.03 0.03
Epoch 2500 | Train: Loss=0.0271 Acc=99.9% | Test: Acc=3.3% | Best=3.7%(@2440)
  from x3: 0.05 0.03 0.03 0.03 0.03 0.03 0.03 0.03 0.03 0.03 0.03 0.03 0.03
  per-rule acc: 0.04 0.03
Epoch 2520 | Train: Loss=0.0205 Acc=99.9% | Test: Acc=3.4% | Best=3.7%(@2440)
  from x3: 0.04 0.04 0.03 0.03 0.03 0.03 0.03 0.03 0.03 0.03 0.03 0.03 0.03
  per-rule acc: 0.04 0.03
Epoch 2540 | Train: Loss=0.0244 Acc=99.9% | Test: Acc=3.5% | Best=3.7%(@2440)
  from x3: 0.04 0.04 0.03 0.03 0.03 0.03 0.03 0.03 0.04 0.04 0.04 0.04 0.04
  per-rule acc: 0.04 0.03
Epoch 2560 | Train: Loss=0.0248 Acc=99.9% | Test: Acc=3.5% | Best=3.7%(@2440)
  from x3: 0.04 0.04 0.03 0.03 0.03 0.03 0.03 0.03 0.03 0.03 0.03 0.03 0.03
  per-rule acc: 0.04 0.03
Epoch 2580 | Train: Loss=0.0262 Acc=99.9% | Test: Acc=3.6% | Best=3.7%(@2440)
  from x3: 0.04 0.04 0.03 0.03 0.03 0.03 0.04 0.04 0.04 0.04 0.03 0.03 0.03
  per-rule acc: 0.04 0.03
Epoch 2600 | Train: Loss=0.0155 Acc=99.9% | Test: Acc=3.4% | Best=3.7%(@2440)
  from x3: 0.04 0.03 0.03 0.03 0.03 0.03 0.03 0.03 0.03 0.03 0.03 0.03 0.03
  per-rule acc: 0.04 0.03
Epoch 2620 | Train: Loss=0.0219 Acc=99.9% | Test: Acc=3.5% | Best=3.7%(@2440)
  from x3: 0.04 0.03 0.03 0.03 0.03 0.03 0.03 0.03 0.03 0.03 0.03 0.03 0.03
  per-rule acc: 0.04 0.03
Epoch 2640 | Train: Loss=0.0228 Acc=99.9% | Test: Acc=3.3% | Best=3.7%(@2440)
  from x3: 0.04 0.03 0.03 0.03 0.03 0.03 0.03 0.03 0.03 0.03 0.03 0.03 0.03
  per-rule acc: 0.03 0.03
Epoch 2660 | Train: Loss=0.0265 Acc=99.9% | Test: Acc=3.6% | Best=3.7%(@2440)
  from x3: 0.04 0.04 0.03 0.03 0.03 0.03 0.03 0.03 0.03 0.03 0.03 0.03 0.03
  per-rule acc: 0.04 0.03
Epoch 2680 | Train: Loss=0.0278 Acc=99.9% | Test: Acc=3.4% | Best=3.7%(@2440)
  from x3: 0.04 0.04 0.03 0.03 0.03 0.03 0.03 0.03 0.03 0.03 0.03 0.03 0.03
  per-rule acc: 0.04 0.03
Epoch 2700 | Train: Loss=0.0222 Acc=99.9% | Test: Acc=3.4% | Best=3.7%(@2440)
  from x3: 0.04 0.03 0.03 0.03 0.03 0.03 0.03 0.03 0.03 0.03 0.03 0.03 0.03
  per-rule acc: 0.03 0.03
Epoch 2720 | Train: Loss=0.0214 Acc=99.9% | Test: Acc=3.6% | Best=3.7%(@2440)
  from x3: 0.04 0.04 0.03 0.03 0.03 0.03 0.03 0.03 0.03 0.04 0.04 0.04 0.04
  per-rule acc: 0.04 0.03
Epoch 2740 | Train: Loss=0.0137 Acc=99.9% | Test: Acc=3.2% | Best=3.7%(@2440)
  from x3: 0.04 0.03 0.03 0.03 0.03 0.03 0.03 0.03 0.03 0.03 0.03 0.03 0.03
  per-rule acc: 0.03 0.03
Epoch 2760 | Train: Loss=0.0214 Acc=99.9% | Test: Acc=3.6% | Best=3.7%(@2440)
  from x3: 0.04 0.04 0.04 0.04 0.04 0.04 0.04 0.04 0.04 0.04 0.04 0.04 0.04
  per-rule acc: 0.04 0.03
Epoch 2780 | Train: Loss=0.0235 Acc=99.9% | Test: Acc=3.4% | Best=3.7%(@2440)
  from x3: 0.04 0.04 0.03 0.03 0.03 0.03 0.03 0.03 0.03 0.03 0.03 0.03 0.03
  per-rule acc: 0.03 0.03
Epoch 2800 | Train: Loss=0.0193 Acc=99.9% | Test: Acc=3.7% | Best=3.7%(@2800)
  from x3: 0.04 0.04 0.04 0.04 0.04 0.04 0.04 0.04 0.04 0.04 0.04 0.04 0.04
  per-rule acc: 0.04 0.04
Epoch 2820 | Train: Loss=0.0212 Acc=99.9% | Test: Acc=3.3% | Best=3.7%(@2800)
  from x3: 0.04 0.04 0.03 0.03 0.03 0.03 0.03 0.03 0.03 0.03 0.03 0.03 0.03
  per-rule acc: 0.03 0.03
Epoch 2840 | Train: Loss=0.0252 Acc=99.9% | Test: Acc=3.6% | Best=3.7%(@2800)
  from x3: 0.04 0.04 0.04 0.03 0.04 0.04 0.04 0.04 0.04 0.04 0.04 0.04 0.04
  per-rule acc: 0.04 0.03
Epoch 2860 | Train: Loss=0.0228 Acc=99.9% | Test: Acc=3.3% | Best=3.7%(@2800)
  from x3: 0.04 0.04 0.03 0.03 0.03 0.03 0.03 0.03 0.03 0.03 0.03 0.03 0.03
  per-rule acc: 0.03 0.03
Epoch 2880 | Train: Loss=0.0222 Acc=99.9% | Test: Acc=3.5% | Best=3.7%(@2800)
  from x3: 0.04 0.04 0.03 0.03 0.03 0.03 0.03 0.03 0.03 0.03 0.03 0.03 0.03
  per-rule acc: 0.04 0.03
Epoch 2900 | Train: Loss=0.0193 Acc=99.9% | Test: Acc=3.6% | Best=3.7%(@2800)
  from x3: 0.04 0.04 0.04 0.04 0.04 0.04 0.04 0.04 0.04 0.04 0.04 0.03 0.04
  per-rule acc: 0.04 0.03
Epoch 2920 | Train: Loss=0.0206 Acc=99.9% | Test: Acc=3.4% | Best=3.7%(@2800)
  from x3: 0.04 0.04 0.03 0.03 0.03 0.03 0.03 0.03 0.03 0.03 0.03 0.03 0.03
  per-rule acc: 0.04 0.03
Epoch 2940 | Train: Loss=0.0241 Acc=99.9% | Test: Acc=3.7% | Best=3.7%(@2800)
  from x3: 0.05 0.04 0.04 0.04 0.04 0.04 0.04 0.04 0.04 0.04 0.04 0.04 0.04
  per-rule acc: 0.04 0.03
Epoch 2960 | Train: Loss=0.0228 Acc=99.9% | Test: Acc=3.5% | Best=3.7%(@2800)
  from x3: 0.04 0.04 0.03 0.03 0.03 0.03 0.04 0.03 0.03 0.03 0.04 0.04 0.03
  per-rule acc: 0.04 0.03
Epoch 2980 | Train: Loss=0.0240 Acc=99.9% | Test: Acc=3.5% | Best=3.7%(@2800)
  from x3: 0.04 0.04 0.04 0.03 0.03 0.03 0.03 0.03 0.03 0.03 0.03 0.03 0.03
  per-rule acc: 0.04 0.03
Epoch 3000 | Train: Loss=0.0150 Acc=99.9% | Test: Acc=3.4% | Best=3.7%(@2800)
  from x3: 0.04 0.03 0.03 0.03 0.03 0.03 0.03 0.03 0.03 0.03 0.03 0.03 0.03
  per-rule acc: 0.04 0.03
Epoch 3020 | Train: Loss=0.0287 Acc=99.9% | Test: Acc=3.5% | Best=3.7%(@2800)
  from x3: 0.04 0.04 0.03 0.03 0.03 0.03 0.03 0.03 0.03 0.03 0.03 0.03 0.03
  per-rule acc: 0.03 0.04
Epoch 3040 | Train: Loss=0.0188 Acc=99.9% | Test: Acc=3.5% | Best=3.7%(@2800)
  from x3: 0.04 0.04 0.04 0.03 0.03 0.03 0.03 0.03 0.03 0.03 0.03 0.03 0.03
  per-rule acc: 0.04 0.03
Epoch 3060 | Train: Loss=0.0215 Acc=99.8% | Test: Acc=3.2% | Best=3.7%(@2800)
  from x3: 0.04 0.03 0.03 0.03 0.03 0.03 0.03 0.03 0.03 0.03 0.03 0.03 0.03
  per-rule acc: 0.03 0.03
Epoch 3080 | Train: Loss=0.0222 Acc=99.9% | Test: Acc=3.7% | Best=3.7%(@3080)
  from x3: 0.04 0.04 0.04 0.04 0.04 0.04 0.04 0.04 0.04 0.04 0.04 0.04 0.04
  per-rule acc: 0.04 0.04
Epoch 3100 | Train: Loss=0.0249 Acc=99.9% | Test: Acc=3.6% | Best=3.7%(@3080)
  from x3: 0.04 0.04 0.03 0.03 0.04 0.03 0.03 0.03 0.03 0.03 0.03 0.03 0.03
  per-rule acc: 0.04 0.03
Epoch 3120 | Train: Loss=0.0253 Acc=99.9% | Test: Acc=3.3% | Best=3.7%(@3080)
  from x3: 0.04 0.04 0.03 0.03 0.03 0.03 0.03 0.03 0.03 0.03 0.03 0.03 0.03
  per-rule acc: 0.03 0.04
Epoch 3140 | Train: Loss=0.0171 Acc=99.9% | Test: Acc=3.4% | Best=3.7%(@3080)
  from x3: 0.04 0.03 0.03 0.03 0.03 0.03 0.03 0.03 0.03 0.03 0.03 0.03 0.03
  per-rule acc: 0.03 0.03
Epoch 3160 | Train: Loss=0.0136 Acc=99.9% | Test: Acc=3.5% | Best=3.7%(@3080)
  from x3: 0.04 0.04 0.03 0.03 0.03 0.03 0.03 0.03 0.03 0.03 0.03 0.03 0.03
  per-rule acc: 0.04 0.03
Epoch 3180 | Train: Loss=0.0222 Acc=99.9% | Test: Acc=3.5% | Best=3.7%(@3080)
  from x3: 0.04 0.04 0.04 0.03 0.03 0.03 0.03 0.03 0.03 0.03 0.03 0.03 0.03
  per-rule acc: 0.03 0.04
Epoch 3200 | Train: Loss=0.0262 Acc=99.9% | Test: Acc=3.5% | Best=3.7%(@3080)
  from x3: 0.05 0.04 0.04 0.03 0.03 0.03 0.03 0.03 0.03 0.03 0.03 0.03 0.03
  per-rule acc: 0.04 0.03
Epoch 3220 | Train: Loss=0.0157 Acc=99.9% | Test: Acc=3.6% | Best=3.7%(@3080)
  from x3: 0.04 0.04 0.04 0.04 0.04 0.04 0.03 0.03 0.03 0.03 0.03 0.03 0.03
  per-rule acc: 0.04 0.04
Epoch 3240 | Train: Loss=0.0194 Acc=99.9% | Test: Acc=3.8% | Best=3.8%(@3240)
  from x3: 0.04 0.04 0.04 0.04 0.04 0.04 0.04 0.04 0.04 0.04 0.04 0.04 0.04
  per-rule acc: 0.04 0.04
Epoch 3260 | Train: Loss=0.0191 Acc=99.9% | Test: Acc=3.5% | Best=3.8%(@3240)
  from x3: 0.04 0.04 0.03 0.04 0.03 0.03 0.03 0.03 0.03 0.03 0.03 0.03 0.03
  per-rule acc: 0.04 0.03
Epoch 3280 | Train: Loss=0.0227 Acc=99.9% | Test: Acc=3.7% | Best=3.8%(@3240)
  from x3: 0.05 0.04 0.04 0.04 0.04 0.04 0.04 0.04 0.04 0.04 0.04 0.04 0.04
  per-rule acc: 0.04 0.04
Epoch 3300 | Train: Loss=0.0211 Acc=99.9% | Test: Acc=3.6% | Best=3.8%(@3240)
  from x3: 0.04 0.04 0.04 0.04 0.04 0.04 0.04 0.04 0.04 0.03 0.03 0.03 0.03
  per-rule acc: 0.03 0.04
Epoch 3320 | Train: Loss=0.0218 Acc=99.9% | Test: Acc=3.7% | Best=3.8%(@3240)
  from x3: 0.04 0.04 0.04 0.04 0.04 0.04 0.04 0.04 0.04 0.04 0.04 0.04 0.04
  per-rule acc: 0.04 0.04
Epoch 3340 | Train: Loss=0.0220 Acc=99.9% | Test: Acc=3.5% | Best=3.8%(@3240)
  from x3: 0.04 0.04 0.03 0.03 0.03 0.03 0.03 0.03 0.03 0.03 0.03 0.03 0.03
  per-rule acc: 0.04 0.03
Epoch 3360 | Train: Loss=0.0181 Acc=99.9% | Test: Acc=3.6% | Best=3.8%(@3240)
  from x3: 0.04 0.04 0.03 0.04 0.04 0.03 0.03 0.03 0.03 0.03 0.03 0.03 0.03
  per-rule acc: 0.04 0.04
Epoch 3380 | Train: Loss=0.0206 Acc=99.9% | Test: Acc=3.6% | Best=3.8%(@3240)
  from x3: 0.04 0.04 0.03 0.03 0.04 0.04 0.04 0.04 0.04 0.04 0.04 0.04 0.04
  per-rule acc: 0.04 0.03
Epoch 3400 | Train: Loss=0.0225 Acc=99.9% | Test: Acc=4.1% | Best=4.1%(@3400)
  from x3: 0.05 0.04 0.04 0.04 0.04 0.04 0.04 0.04 0.04 0.04 0.04 0.04 0.04
  per-rule acc: 0.04 0.04
Epoch 3420 | Train: Loss=0.0313 Acc=99.9% | Test: Acc=3.7% | Best=4.1%(@3400)
  from x3: 0.05 0.04 0.04 0.04 0.04 0.04 0.04 0.04 0.04 0.04 0.04 0.04 0.04
  per-rule acc: 0.04 0.04
Epoch 3440 | Train: Loss=0.0246 Acc=99.9% | Test: Acc=4.1% | Best=4.1%(@3440)
  from x3: 0.04 0.04 0.04 0.04 0.04 0.04 0.04 0.04 0.04 0.04 0.04 0.04 0.04
  per-rule acc: 0.04 0.04
Epoch 3460 | Train: Loss=0.0175 Acc=99.9% | Test: Acc=3.7% | Best=4.1%(@3440)
  from x3: 0.04 0.04 0.04 0.04 0.04 0.04 0.04 0.04 0.04 0.04 0.04 0.04 0.04
  per-rule acc: 0.04 0.04
Epoch 3480 | Train: Loss=0.0210 Acc=99.9% | Test: Acc=3.8% | Best=4.1%(@3440)
  from x3: 0.04 0.04 0.04 0.04 0.04 0.04 0.04 0.04 0.04 0.04 0.04 0.04 0.04
  per-rule acc: 0.04 0.04
Epoch 3500 | Train: Loss=0.0158 Acc=99.9% | Test: Acc=3.5% | Best=4.1%(@3440)
  from x3: 0.04 0.04 0.03 0.03 0.03 0.03 0.03 0.03 0.03 0.03 0.03 0.03 0.03
  per-rule acc: 0.04 0.03
Epoch 3520 | Train: Loss=0.0230 Acc=99.9% | Test: Acc=4.0% | Best=4.1%(@3440)
  from x3: 0.05 0.04 0.04 0.04 0.04 0.04 0.04 0.04 0.04 0.04 0.04 0.04 0.04
  per-rule acc: 0.04 0.04
Epoch 3540 | Train: Loss=0.0213 Acc=100.0% | Test: Acc=3.7% | Best=4.1%(@3440)
  from x3: 0.05 0.04 0.04 0.04 0.04 0.04 0.04 0.04 0.04 0.04 0.04 0.04 0.04
  per-rule acc: 0.04 0.04
Epoch 3560 | Train: Loss=0.0168 Acc=99.9% | Test: Acc=3.6% | Best=4.1%(@3440)
  from x3: 0.04 0.04 0.04 0.04 0.04 0.04 0.04 0.04 0.04 0.04 0.03 0.03 0.03
  per-rule acc: 0.03 0.04
Epoch 3580 | Train: Loss=0.0249 Acc=99.9% | Test: Acc=3.8% | Best=4.1%(@3440)
  from x3: 0.05 0.04 0.04 0.04 0.04 0.04 0.04 0.04 0.04 0.04 0.04 0.04 0.04
  per-rule acc: 0.04 0.04
Epoch 3600 | Train: Loss=0.0199 Acc=99.9% | Test: Acc=3.8% | Best=4.1%(@3440)
  from x3: 0.04 0.04 0.04 0.04 0.04 0.04 0.04 0.04 0.04 0.04 0.04 0.04 0.04
  per-rule acc: 0.04 0.04
Epoch 3620 | Train: Loss=0.0161 Acc=99.9% | Test: Acc=3.6% | Best=4.1%(@3440)
  from x3: 0.04 0.04 0.04 0.04 0.04 0.04 0.04 0.04 0.04 0.03 0.03 0.03 0.03
  per-rule acc: 0.04 0.04
Epoch 3640 | Train: Loss=0.0290 Acc=99.9% | Test: Acc=3.4% | Best=4.1%(@3440)
  from x3: 0.04 0.04 0.03 0.03 0.03 0.03 0.03 0.03 0.03 0.03 0.03 0.03 0.03
  per-rule acc: 0.03 0.03
Epoch 3660 | Train: Loss=0.0231 Acc=99.9% | Test: Acc=4.0% | Best=4.1%(@3440)
  from x3: 0.05 0.04 0.04 0.04 0.04 0.04 0.04 0.04 0.04 0.04 0.04 0.04 0.04
  per-rule acc: 0.04 0.04
Epoch 3680 | Train: Loss=0.0240 Acc=99.9% | Test: Acc=3.8% | Best=4.1%(@3440)
  from x3: 0.05 0.04 0.04 0.04 0.04 0.04 0.04 0.04 0.04 0.04 0.04 0.04 0.04
  per-rule acc: 0.04 0.04
Epoch 3700 | Train: Loss=0.0158 Acc=99.9% | Test: Acc=3.9% | Best=4.1%(@3440)
  from x3: 0.04 0.04 0.04 0.04 0.04 0.04 0.04 0.04 0.04 0.04 0.04 0.04 0.04
  per-rule acc: 0.04 0.04
Epoch 3720 | Train: Loss=0.0143 Acc=99.9% | Test: Acc=3.8% | Best=4.1%(@3440)
  from x3: 0.04 0.04 0.04 0.04 0.04 0.04 0.04 0.04 0.04 0.04 0.04 0.04 0.04
  per-rule acc: 0.04 0.04
Epoch 3740 | Train: Loss=0.0167 Acc=99.9% | Test: Acc=3.7% | Best=4.1%(@3440)
  from x3: 0.05 0.04 0.04 0.04 0.04 0.04 0.04 0.04 0.04 0.04 0.04 0.03 0.03
  per-rule acc: 0.04 0.03
Epoch 3760 | Train: Loss=0.0134 Acc=99.9% | Test: Acc=3.8% | Best=4.1%(@3440)
  from x3: 0.05 0.04 0.04 0.04 0.04 0.04 0.04 0.04 0.04 0.04 0.04 0.04 0.04
  per-rule acc: 0.04 0.04
Epoch 3780 | Train: Loss=0.0248 Acc=100.0% | Test: Acc=4.0% | Best=4.1%(@3440)
  from x3: 0.04 0.04 0.04 0.04 0.04 0.04 0.04 0.04 0.04 0.04 0.04 0.04 0.04
  per-rule acc: 0.04 0.04
Epoch 3800 | Train: Loss=0.0220 Acc=99.9% | Test: Acc=4.0% | Best=4.1%(@3440)
  from x3: 0.05 0.04 0.04 0.04 0.04 0.04 0.04 0.04 0.04 0.04 0.04 0.04 0.04
  per-rule acc: 0.04 0.04
Epoch 3820 | Train: Loss=0.0141 Acc=99.9% | Test: Acc=3.7% | Best=4.1%(@3440)
  from x3: 0.04 0.04 0.04 0.04 0.04 0.04 0.04 0.04 0.04 0.03 0.03 0.04 0.03
  per-rule acc: 0.04 0.03
Epoch 3840 | Train: Loss=0.0140 Acc=99.9% | Test: Acc=3.9% | Best=4.1%(@3440)
  from x3: 0.04 0.04 0.04 0.04 0.04 0.04 0.04 0.04 0.04 0.04 0.04 0.04 0.04
  per-rule acc: 0.04 0.04
Epoch 3860 | Train: Loss=0.0238 Acc=99.9% | Test: Acc=4.1% | Best=4.1%(@3440)
  from x3: 0.05 0.04 0.04 0.04 0.04 0.04 0.04 0.04 0.04 0.04 0.04 0.04 0.04
  per-rule acc: 0.04 0.04
Epoch 3880 | Train: Loss=0.0154 Acc=99.9% | Test: Acc=3.8% | Best=4.1%(@3440)
  from x3: 0.04 0.04 0.04 0.04 0.04 0.04 0.04 0.04 0.04 0.04 0.04 0.04 0.04
  per-rule acc: 0.04 0.04
Epoch 3900 | Train: Loss=0.0211 Acc=99.9% | Test: Acc=4.1% | Best=4.1%(@3440)
  from x3: 0.05 0.04 0.04 0.04 0.04 0.04 0.04 0.04 0.04 0.04 0.04 0.04 0.04
  per-rule acc: 0.04 0.04
Epoch 3920 | Train: Loss=0.0213 Acc=99.8% | Test: Acc=4.0% | Best=4.1%(@3440)
  from x3: 0.04 0.04 0.04 0.04 0.04 0.04 0.04 0.04 0.04 0.04 0.04 0.04 0.04
  per-rule acc: 0.04 0.04
Epoch 3940 | Train: Loss=0.0179 Acc=99.9% | Test: Acc=3.6% | Best=4.1%(@3440)
  from x3: 0.04 0.04 0.04 0.04 0.04 0.04 0.04 0.04 0.04 0.03 0.04 0.04 0.04
  per-rule acc: 0.04 0.04
Epoch 3960 | Train: Loss=0.0126 Acc=99.9% | Test: Acc=3.9% | Best=4.1%(@3440)
  from x3: 0.05 0.04 0.04 0.04 0.04 0.04 0.04 0.04 0.04 0.04 0.04 0.04 0.04
  per-rule acc: 0.04 0.04
Epoch 3980 | Train: Loss=0.0229 Acc=99.9% | Test: Acc=4.0% | Best=4.1%(@3440)
  from x3: 0.05 0.04 0.04 0.04 0.04 0.04 0.04 0.04 0.04 0.04 0.04 0.04 0.04
  per-rule acc: 0.04 0.04
Epoch 4000 | Train: Loss=0.0209 Acc=99.9% | Test: Acc=3.9% | Best=4.1%(@3440)
  from x3: 0.04 0.04 0.04 0.04 0.04 0.04 0.04 0.04 0.04 0.04 0.04 0.04 0.04
  per-rule acc: 0.04 0.04
Epoch 4020 | Train: Loss=0.0138 Acc=99.9% | Test: Acc=3.7% | Best=4.1%(@3440)
  from x3: 0.04 0.04 0.04 0.04 0.04 0.04 0.04 0.04 0.04 0.04 0.04 0.04 0.04
  per-rule acc: 0.04 0.04
Epoch 4040 | Train: Loss=0.0155 Acc=99.9% | Test: Acc=3.9% | Best=4.1%(@3440)
  from x3: 0.05 0.04 0.04 0.04 0.04 0.04 0.04 0.04 0.04 0.04 0.04 0.04 0.04
  per-rule acc: 0.04 0.04
Epoch 4060 | Train: Loss=0.0228 Acc=99.9% | Test: Acc=3.7% | Best=4.1%(@3440)
  from x3: 0.04 0.04 0.04 0.04 0.04 0.04 0.04 0.04 0.04 0.04 0.04 0.04 0.04
  per-rule acc: 0.04 0.04
Epoch 4080 | Train: Loss=0.0139 Acc=99.9% | Test: Acc=3.8% | Best=4.1%(@3440)
  from x3: 0.05 0.04 0.04 0.04 0.04 0.04 0.04 0.04 0.04 0.04 0.04 0.04 0.04
  per-rule acc: 0.04 0.03
Epoch 4100 | Train: Loss=0.0266 Acc=99.9% | Test: Acc=4.0% | Best=4.1%(@3440)
  from x3: 0.05 0.04 0.04 0.04 0.04 0.04 0.04 0.04 0.04 0.04 0.04 0.04 0.04
  per-rule acc: 0.04 0.04
Epoch 4120 | Train: Loss=0.0184 Acc=99.9% | Test: Acc=3.8% | Best=4.1%(@3440)
  from x3: 0.04 0.04 0.04 0.04 0.04 0.04 0.04 0.04 0.04 0.04 0.04 0.04 0.04
  per-rule acc: 0.04 0.03
Epoch 4140 | Train: Loss=0.0123 Acc=99.9% | Test: Acc=3.8% | Best=4.1%(@3440)
  from x3: 0.04 0.04 0.04 0.04 0.04 0.04 0.04 0.04 0.04 0.04 0.04 0.04 0.04
  per-rule acc: 0.04 0.04
Epoch 4160 | Train: Loss=0.0260 Acc=99.9% | Test: Acc=3.8% | Best=4.1%(@3440)
  from x3: 0.04 0.04 0.04 0.04 0.04 0.04 0.04 0.04 0.04 0.04 0.04 0.04 0.04
  per-rule acc: 0.04 0.04
Epoch 4180 | Train: Loss=0.0201 Acc=99.9% | Test: Acc=3.9% | Best=4.1%(@3440)
  from x3: 0.04 0.04 0.04 0.04 0.04 0.04 0.04 0.04 0.04 0.04 0.04 0.04 0.04
  per-rule acc: 0.04 0.03
Epoch 4200 | Train: Loss=0.0217 Acc=99.9% | Test: Acc=3.9% | Best=4.1%(@3440)
  from x3: 0.05 0.04 0.04 0.04 0.04 0.04 0.04 0.04 0.04 0.04 0.04 0.04 0.04
  per-rule acc: 0.04 0.04
Epoch 4220 | Train: Loss=0.0135 Acc=99.9% | Test: Acc=3.7% | Best=4.1%(@3440)
  from x3: 0.04 0.04 0.04 0.04 0.04 0.04 0.04 0.04 0.04 0.04 0.04 0.04 0.04
  per-rule acc: 0.04 0.04
Epoch 4240 | Train: Loss=0.0123 Acc=99.9% | Test: Acc=4.0% | Best=4.1%(@3440)
  from x3: 0.04 0.04 0.04 0.04 0.04 0.04 0.04 0.04 0.04 0.04 0.04 0.04 0.04
  per-rule acc: 0.04 0.04
Epoch 4260 | Train: Loss=0.0186 Acc=99.9% | Test: Acc=3.9% | Best=4.1%(@3440)
  from x3: 0.05 0.04 0.04 0.04 0.04 0.04 0.04 0.04 0.04 0.04 0.04 0.04 0.04
  per-rule acc: 0.04 0.04
Epoch 4280 | Train: Loss=0.0185 Acc=99.9% | Test: Acc=3.9% | Best=4.1%(@3440)
  from x3: 0.05 0.04 0.04 0.04 0.04 0.04 0.04 0.04 0.04 0.04 0.04 0.04 0.04
  per-rule acc: 0.04 0.04
Epoch 4300 | Train: Loss=0.0171 Acc=99.9% | Test: Acc=4.1% | Best=4.1%(@3440)
  from x3: 0.05 0.04 0.04 0.04 0.04 0.04 0.04 0.04 0.04 0.04 0.04 0.04 0.04
  per-rule acc: 0.04 0.04
Epoch 4320 | Train: Loss=0.0120 Acc=99.9% | Test: Acc=4.0% | Best=4.1%(@3440)
  from x3: 0.05 0.04 0.04 0.04 0.04 0.04 0.04 0.04 0.04 0.04 0.04 0.04 0.04
  per-rule acc: 0.04 0.04
Epoch 4340 | Train: Loss=0.0197 Acc=99.9% | Test: Acc=4.0% | Best=4.1%(@3440)
  from x3: 0.05 0.04 0.04 0.04 0.04 0.04 0.04 0.04 0.04 0.04 0.04 0.04 0.04
  per-rule acc: 0.04 0.04
Epoch 4360 | Train: Loss=0.0123 Acc=99.9% | Test: Acc=3.9% | Best=4.1%(@3440)
  from x3: 0.04 0.04 0.04 0.04 0.04 0.04 0.04 0.04 0.04 0.04 0.04 0.04 0.04
  per-rule acc: 0.04 0.04
Epoch 4380 | Train: Loss=0.0118 Acc=99.9% | Test: Acc=4.0% | Best=4.1%(@3440)
  from x3: 0.05 0.04 0.04 0.04 0.04 0.04 0.04 0.04 0.04 0.04 0.04 0.04 0.04
  per-rule acc: 0.04 0.04
Epoch 4400 | Train: Loss=0.0244 Acc=100.0% | Test: Acc=3.9% | Best=4.1%(@3440)
  from x3: 0.04 0.04 0.04 0.04 0.04 0.04 0.04 0.04 0.04 0.04 0.04 0.04 0.04
  per-rule acc: 0.04 0.04
Epoch 4420 | Train: Loss=0.0129 Acc=99.9% | Test: Acc=3.9% | Best=4.1%(@3440)
  from x3: 0.04 0.04 0.04 0.04 0.04 0.04 0.04 0.04 0.04 0.04 0.04 0.04 0.04
  per-rule acc: 0.04 0.04
Epoch 4440 | Train: Loss=0.0193 Acc=99.9% | Test: Acc=3.9% | Best=4.1%(@3440)
  from x3: 0.05 0.04 0.04 0.04 0.04 0.04 0.04 0.04 0.04 0.04 0.04 0.04 0.04
  per-rule acc: 0.04 0.04
Epoch 4460 | Train: Loss=0.0121 Acc=99.9% | Test: Acc=3.7% | Best=4.1%(@3440)
  from x3: 0.04 0.04 0.04 0.04 0.04 0.04 0.04 0.04 0.04 0.04 0.04 0.04 0.04
  per-rule acc: 0.04 0.04
Epoch 4480 | Train: Loss=0.0118 Acc=99.9% | Test: Acc=3.8% | Best=4.1%(@3440)
  from x3: 0.04 0.04 0.04 0.04 0.04 0.04 0.04 0.04 0.04 0.04 0.04 0.04 0.04
  per-rule acc: 0.04 0.04
Epoch 4500 | Train: Loss=0.0224 Acc=99.9% | Test: Acc=3.8% | Best=4.1%(@3440)
  from x3: 0.05 0.04 0.04 0.04 0.04 0.04 0.04 0.04 0.04 0.04 0.04 0.04 0.04
  per-rule acc: 0.04 0.04
Epoch 4520 | Train: Loss=0.0171 Acc=99.9% | Test: Acc=3.9% | Best=4.1%(@3440)
  from x3: 0.04 0.04 0.04 0.04 0.04 0.04 0.04 0.04 0.04 0.04 0.04 0.04 0.04
  per-rule acc: 0.04 0.04
Epoch 4540 | Train: Loss=0.0152 Acc=99.9% | Test: Acc=3.9% | Best=4.1%(@3440)
  from x3: 0.04 0.04 0.04 0.04 0.04 0.04 0.04 0.04 0.04 0.04 0.04 0.04 0.04
  per-rule acc: 0.04 0.04
Epoch 4560 | Train: Loss=0.0133 Acc=99.9% | Test: Acc=3.7% | Best=4.1%(@3440)
  from x3: 0.05 0.04 0.04 0.04 0.04 0.04 0.04 0.04 0.04 0.04 0.04 0.04 0.04
  per-rule acc: 0.04 0.04
Epoch 4580 | Train: Loss=0.0200 Acc=99.9% | Test: Acc=3.7% | Best=4.1%(@3440)
  from x3: 0.04 0.04 0.04 0.04 0.04 0.04 0.04 0.04 0.04 0.04 0.04 0.04 0.04
  per-rule acc: 0.04 0.04
Epoch 4600 | Train: Loss=0.0123 Acc=99.9% | Test: Acc=3.7% | Best=4.1%(@3440)
  from x3: 0.04 0.04 0.04 0.04 0.04 0.04 0.04 0.04 0.04 0.04 0.04 0.04 0.04
  per-rule acc: 0.04 0.03
Epoch 4620 | Train: Loss=0.0210 Acc=100.0% | Test: Acc=4.1% | Best=4.1%(@3440)
  from x3: 0.04 0.04 0.04 0.04 0.04 0.04 0.04 0.04 0.04 0.04 0.04 0.04 0.04
  per-rule acc: 0.04 0.04
Epoch 4640 | Train: Loss=0.0123 Acc=99.9% | Test: Acc=3.8% | Best=4.1%(@3440)
  from x3: 0.05 0.04 0.04 0.04 0.04 0.04 0.04 0.04 0.04 0.04 0.04 0.04 0.04
  per-rule acc: 0.04 0.03
Epoch 4660 | Train: Loss=0.0142 Acc=99.9% | Test: Acc=3.5% | Best=4.1%(@3440)
  from x3: 0.04 0.04 0.04 0.03 0.03 0.03 0.03 0.03 0.03 0.03 0.03 0.03 0.03
  per-rule acc: 0.04 0.03
Epoch 4680 | Train: Loss=0.0117 Acc=99.9% | Test: Acc=3.9% | Best=4.1%(@3440)
  from x3: 0.04 0.04 0.04 0.04 0.04 0.04 0.04 0.04 0.04 0.04 0.04 0.04 0.04
  per-rule acc: 0.04 0.04
Epoch 4700 | Train: Loss=0.0171 Acc=99.9% | Test: Acc=4.0% | Best=4.1%(@3440)
  from x3: 0.05 0.04 0.04 0.04 0.04 0.04 0.04 0.04 0.04 0.04 0.04 0.04 0.04
  per-rule acc: 0.04 0.04
Epoch 4720 | Train: Loss=0.0170 Acc=99.9% | Test: Acc=3.8% | Best=4.1%(@3440)
  from x3: 0.04 0.04 0.04 0.04 0.04 0.04 0.04 0.04 0.04 0.04 0.04 0.04 0.04
  per-rule acc: 0.04 0.04
Epoch 4740 | Train: Loss=0.0122 Acc=99.9% | Test: Acc=3.9% | Best=4.1%(@3440)
  from x3: 0.05 0.04 0.04 0.04 0.04 0.04 0.04 0.04 0.04 0.04 0.04 0.04 0.04
  per-rule acc: 0.04 0.04
Epoch 4760 | Train: Loss=0.0189 Acc=99.9% | Test: Acc=3.5% | Best=4.1%(@3440)
  from x3: 0.04 0.04 0.03 0.03 0.03 0.03 0.03 0.03 0.03 0.03 0.03 0.03 0.03
  per-rule acc: 0.04 0.03
Epoch 4780 | Train: Loss=0.0116 Acc=99.9% | Test: Acc=3.7% | Best=4.1%(@3440)
  from x3: 0.05 0.04 0.04 0.04 0.04 0.04 0.04 0.04 0.04 0.04 0.04 0.04 0.04
  per-rule acc: 0.04 0.04
Epoch 4800 | Train: Loss=0.0253 Acc=99.9% | Test: Acc=3.8% | Best=4.1%(@3440)
  from x3: 0.04 0.04 0.04 0.04 0.04 0.04 0.04 0.04 0.04 0.04 0.04 0.04 0.04
  per-rule acc: 0.04 0.03
Epoch 4820 | Train: Loss=0.0179 Acc=99.9% | Test: Acc=3.8% | Best=4.1%(@3440)
  from x3: 0.04 0.04 0.04 0.04 0.04 0.04 0.04 0.04 0.04 0.04 0.04 0.04 0.04
  per-rule acc: 0.04 0.04
Epoch 4840 | Train: Loss=0.0116 Acc=99.9% | Test: Acc=3.7% | Best=4.1%(@3440)
  from x3: 0.04 0.04 0.04 0.04 0.04 0.04 0.04 0.04 0.04 0.04 0.04 0.04 0.04
  per-rule acc: 0.04 0.03
Epoch 4860 | Train: Loss=0.0284 Acc=99.9% | Test: Acc=3.9% | Best=4.1%(@3440)
  from x3: 0.04 0.04 0.04 0.04 0.04 0.04 0.04 0.04 0.04 0.04 0.04 0.04 0.04
  per-rule acc: 0.04 0.04
Epoch 4880 | Train: Loss=0.0169 Acc=99.9% | Test: Acc=3.9% | Best=4.1%(@3440)
  from x3: 0.04 0.04 0.04 0.04 0.04 0.04 0.04 0.04 0.04 0.04 0.04 0.04 0.04
  per-rule acc: 0.04 0.04
Epoch 4900 | Train: Loss=0.0192 Acc=100.0% | Test: Acc=3.8% | Best=4.1%(@3440)
  from x3: 0.05 0.04 0.04 0.04 0.04 0.04 0.04 0.04 0.04 0.04 0.04 0.04 0.04
  per-rule acc: 0.04 0.04
Epoch 4920 | Train: Loss=0.0114 Acc=99.9% | Test: Acc=3.7% | Best=4.1%(@3440)
  from x3: 0.05 0.04 0.04 0.04 0.04 0.04 0.04 0.04 0.04 0.04 0.04 0.04 0.04
  per-rule acc: 0.04 0.04
Epoch 4940 | Train: Loss=0.0237 Acc=100.0% | Test: Acc=3.5% | Best=4.1%(@3440)
  from x3: 0.04 0.04 0.03 0.03 0.03 0.03 0.03 0.03 0.03 0.03 0.03 0.03 0.03
  per-rule acc: 0.04 0.04
Epoch 4960 | Train: Loss=0.0123 Acc=99.9% | Test: Acc=3.8% | Best=4.1%(@3440)
  from x3: 0.05 0.04 0.04 0.04 0.04 0.04 0.04 0.04 0.04 0.04 0.04 0.04 0.04
  per-rule acc: 0.04 0.04
Epoch 4980 | Train: Loss=0.0112 Acc=99.9% | Test: Acc=3.7% | Best=4.1%(@3440)
  from x3: 0.05 0.04 0.04 0.04 0.04 0.04 0.04 0.04 0.04 0.04 0.04 0.04 0.04
  per-rule acc: 0.04 0.04
Epoch 5000 | Train: Loss=0.0182 Acc=99.9% | Test: Acc=3.8% | Best=4.1%(@3440)
  from x3: 0.05 0.04 0.04 0.04 0.04 0.04 0.04 0.04 0.04 0.04 0.04 0.04 0.04
  per-rule acc: 0.04 0.04
Epoch 5020 | Train: Loss=0.0167 Acc=99.9% | Test: Acc=3.9% | Best=4.1%(@3440)
  from x3: 0.04 0.04 0.04 0.04 0.04 0.04 0.04 0.04 0.04 0.04 0.04 0.04 0.04
  per-rule acc: 0.04 0.04
Epoch 5040 | Train: Loss=0.0185 Acc=99.9% | Test: Acc=4.0% | Best=4.1%(@3440)
  from x3: 0.05 0.04 0.04 0.04 0.04 0.04 0.04 0.04 0.04 0.04 0.04 0.04 0.04
  per-rule acc: 0.04 0.04
Epoch 5060 | Train: Loss=0.0118 Acc=99.9% | Test: Acc=3.6% | Best=4.1%(@3440)
  from x3: 0.04 0.04 0.04 0.04 0.04 0.04 0.04 0.04 0.04 0.04 0.04 0.04 0.04
  per-rule acc: 0.04 0.04
Epoch 5080 | Train: Loss=0.0121 Acc=99.9% | Test: Acc=3.7% | Best=4.1%(@3440)
  from x3: 0.04 0.04 0.04 0.04 0.04 0.04 0.04 0.04 0.04 0.04 0.04 0.04 0.04
  per-rule acc: 0.04 0.04
Epoch 5100 | Train: Loss=0.0223 Acc=99.9% | Test: Acc=3.9% | Best=4.1%(@3440)
  from x3: 0.05 0.04 0.04 0.04 0.04 0.04 0.04 0.04 0.04 0.04 0.04 0.04 0.04
  per-rule acc: 0.04 0.04
Epoch 5120 | Train: Loss=0.0112 Acc=99.9% | Test: Acc=3.7% | Best=4.1%(@3440)
  from x3: 0.04 0.04 0.04 0.04 0.04 0.04 0.04 0.04 0.04 0.04 0.04 0.04 0.04
  per-rule acc: 0.04 0.04
Epoch 5140 | Train: Loss=0.0239 Acc=99.9% | Test: Acc=3.8% | Best=4.1%(@3440)
  from x3: 0.05 0.04 0.04 0.04 0.04 0.04 0.04 0.04 0.04 0.04 0.04 0.04 0.04
  per-rule acc: 0.04 0.04
Epoch 5160 | Train: Loss=0.0117 Acc=99.9% | Test: Acc=3.6% | Best=4.1%(@3440)
  from x3: 0.04 0.04 0.04 0.04 0.04 0.03 0.04 0.03 0.04 0.03 0.03 0.03 0.03
  per-rule acc: 0.04 0.03
Epoch 5180 | Train: Loss=0.0203 Acc=100.0% | Test: Acc=3.7% | Best=4.1%(@3440)
  from x3: 0.05 0.04 0.04 0.04 0.04 0.04 0.04 0.04 0.04 0.04 0.04 0.04 0.04
  per-rule acc: 0.04 0.03
Epoch 5200 | Train: Loss=0.0114 Acc=99.9% | Test: Acc=3.7% | Best=4.1%(@3440)
  from x3: 0.04 0.04 0.04 0.04 0.04 0.04 0.04 0.04 0.04 0.04 0.04 0.04 0.04
  per-rule acc: 0.04 0.04
Epoch 5220 | Train: Loss=0.0133 Acc=99.9% | Test: Acc=3.8% | Best=4.1%(@3440)
  from x3: 0.05 0.04 0.04 0.04 0.04 0.04 0.04 0.04 0.04 0.04 0.04 0.04 0.04
  per-rule acc: 0.04 0.04
Epoch 5240 | Train: Loss=0.0173 Acc=100.0% | Test: Acc=3.7% | Best=4.1%(@3440)
  from x3: 0.04 0.04 0.04 0.04 0.04 0.04 0.04 0.04 0.04 0.04 0.04 0.04 0.04
  per-rule acc: 0.04 0.04
Epoch 5260 | Train: Loss=0.0172 Acc=99.9% | Test: Acc=3.9% | Best=4.1%(@3440)
  from x3: 0.05 0.04 0.04 0.04 0.04 0.04 0.04 0.04 0.04 0.04 0.04 0.04 0.04
  per-rule acc: 0.04 0.04
Epoch 5280 | Train: Loss=0.0113 Acc=100.0% | Test: Acc=3.7% | Best=4.1%(@3440)
  from x3: 0.04 0.04 0.04 0.04 0.04 0.04 0.04 0.04 0.04 0.04 0.04 0.04 0.04
  per-rule acc: 0.04 0.04
Epoch 5300 | Train: Loss=0.0145 Acc=99.9% | Test: Acc=3.7% | Best=4.1%(@3440)
  from x3: 0.04 0.04 0.04 0.04 0.04 0.04 0.04 0.04 0.04 0.04 0.04 0.04 0.04
  per-rule acc: 0.04 0.03
Epoch 5320 | Train: Loss=0.0111 Acc=100.0% | Test: Acc=3.7% | Best=4.1%(@3440)
  from x3: 0.04 0.04 0.04 0.04 0.04 0.04 0.04 0.04 0.04 0.04 0.04 0.04 0.04
  per-rule acc: 0.04 0.04
Epoch 5340 | Train: Loss=0.0170 Acc=99.9% | Test: Acc=3.8% | Best=4.1%(@3440)
  from x3: 0.04 0.04 0.04 0.04 0.04 0.04 0.04 0.04 0.04 0.04 0.04 0.04 0.04
  per-rule acc: 0.04 0.04
Epoch 5360 | Train: Loss=0.0167 Acc=99.9% | Test: Acc=3.6% | Best=4.1%(@3440)
  from x3: 0.04 0.04 0.04 0.04 0.04 0.04 0.04 0.04 0.04 0.04 0.04 0.04 0.04
  per-rule acc: 0.04 0.03
Epoch 5380 | Train: Loss=0.0112 Acc=100.0% | Test: Acc=3.8% | Best=4.1%(@3440)
  from x3: 0.04 0.04 0.04 0.04 0.04 0.04 0.04 0.04 0.04 0.04 0.04 0.04 0.04
  per-rule acc: 0.04 0.04
Epoch 5400 | Train: Loss=0.0107 Acc=100.0% | Test: Acc=3.8% | Best=4.1%(@3440)
  from x3: 0.05 0.04 0.04 0.04 0.04 0.04 0.04 0.04 0.04 0.04 0.04 0.04 0.04
  per-rule acc: 0.04 0.04
Epoch 5420 | Train: Loss=0.0174 Acc=100.0% | Test: Acc=3.8% | Best=4.1%(@3440)
  from x3: 0.05 0.04 0.04 0.04 0.04 0.04 0.04 0.04 0.04 0.04 0.04 0.04 0.04
  per-rule acc: 0.04 0.04
Epoch 5440 | Train: Loss=0.0162 Acc=99.9% | Test: Acc=3.9% | Best=4.1%(@3440)
  from x3: 0.04 0.04 0.04 0.04 0.04 0.04 0.04 0.04 0.04 0.04 0.04 0.04 0.04
  per-rule acc: 0.04 0.04
[Early stop] No improvement for 2000 consecutive epochs

==================================================
Saving model...
[OK] Model saved to: /home/cxm/ai/test0617-basic/models/mixed_basic_d128l1_r32.pth
  File size: 4447.5 KB
  Best test accuracy: 4.11%

==================================================
Final generation test (given first two items, AB generates 3rd as prompt, validate from 4th)
==================================================

--- AB pair 1: (1, 1) ---

--- Statistics for AB=(1,1) ---
Exposed    samples:  1405 | In-dist: 18174/18265 ( 99.5%) | OOD: 22136/22480 ( 98.5%)
Unexposed  samples:  1404 | In-dist:  7619/18252 ( 41.7%) | OOD: 10086/22464 ( 44.9%)

--- AB pair 2: (1, 2) ---

--- Statistics for AB=(1,2) ---
Exposed    samples:  1405 | In-dist: 18057/18265 ( 98.9%) | OOD: 22238/22480 ( 98.9%)
Unexposed  samples:  1404 | In-dist:  3950/18252 ( 21.6%) | OOD:  5380/22464 ( 23.9%)

--- Return code: 0 ---

======================================================================
Attention Analysis
======================================================================
Model config: addition (default), p=53
Best test accuracy: 0.04114617576156038
Training epochs: 5440

Random test sequence 1/5 (length 32): [30, 49, 26, 22, 48, 17, 12, 29, 41, 17, 5, 22, 27, 49, 23, 19, 42, 8, 50, 5]...

======================================================================
Attention Layer Training Result Summary
======================================================================
Input sequence: [30, 49, 26, 22, 48, 17, 12, 29, 41, 17, 5, 22, 27, 49, 23, 19, 42, 8, 50, 5, 2, 7, 9, 16, 25, 41, 13, 1, 14, 15, 29, 44]

--- Layer 0 ---
  Head 0: Entropy=0.813
    Attention coefficients from each query position to previous positions:
      i= 0 -> j=0:1.000
      i= 1 -> j=0:0.166, j=1:0.834
      i= 2 -> j=0:0.062, j=1:0.129, j=2:0.809
      i= 3 -> j=0:0.022, j=1:0.066, j=2:0.123, j=3:0.789
      i= 4 -> j=0:0.019, j=1:0.045, j=2:0.056, j=3:0.111, j=4:0.769
      i= 5 -> j=0:0.002, j=1:0.009, j=2:0.017, j=3:0.053, j=4:0.132, j=5:0.787
      i= 6 -> j=0:0.001, j=1:0.005, j=2:0.012, j=3:0.021, j=4:0.040, j=5:0.155, j=6:0.766
      i= 7 -> j=0:0.000, j=1:0.001, j=2:0.002, j=3:0.013, j=4:0.017, j=5:0.047, j=6:0.136, j=7:0.782
      i= 8 -> j=0:0.000, j=1:0.000, j=2:0.001, j=3:0.002, j=4:0.006, j=5:0.036, j=6:0.061, j=7:0.126, j=8:0.768
      i= 9 -> j=0:0.000, j=1:0.000, j=2:0.000, j=3:0.001, j=4:0.001, j=5:0.015, j=6:0.016, j=7:0.035, j=8:0.101, j=9:0.830
      i=10 -> j=0:0.000, j=1:0.000, j=2:0.000, j=3:0.000, j=4:0.000, j=5:0.003, j=6:0.006, j=7:0.017, j=8:0.058, j=9:0.153, j=10:0.762
      i=11 -> j=0:0.000, j=1:0.001, j=2:0.000, j=3:0.001, j=4:0.000, j=5:0.001, j=6:0.002, j=7:0.007, j=8:0.018, j=9:0.061, j=10:0.126, j=11:0.783
      i=12 -> j=0:0.000, j=1:0.001, j=2:0.000, j=3:0.000, j=4:0.000, j=5:0.000, j=6:0.001, j=7:0.002, j=8:0.008, j=9:0.041, j=10:0.064, j=11:0.116, j=12:0.768
      i=13 -> j=0:0.001, j=1:0.001, j=2:0.000, j=3:0.001, j=4:0.000, j=5:0.000, j=6:0.000, j=7:0.001, j=8:0.003, j=9:0.014, j=10:0.031, j=11:0.068, j=12:0.131, j=13:0.749
      i=14 -> j=0:0.001, j=1:0.001, j=2:0.000, j=3:0.001, j=4:0.000, j=5:0.001, j=6:0.000, j=7:0.001, j=8:0.001, j=9:0.004, j=10:0.017, j=11:0.030, j=12:0.072, j=13:0.139, j=14:0.732
      i=15 -> j=0:0.001, j=1:0.000, j=2:0.000, j=3:0.000, j=4:0.000, j=5:0.001, j=6:0.000, j=7:0.000, j=8:0.000, j=9:0.001, j=10:0.005, j=11:0.009, j=12:0.044, j=13:0.080, j=14:0.122, j=15:0.737
      i=16 -> j=0:0.001, j=1:0.000, j=2:0.000, j=3:0.000, j=4:0.000, j=5:0.000, j=6:0.000, j=7:0.000, j=8:0.000, j=9:0.000, j=10:0.001, j=11:0.002, j=12:0.009, j=13:0.025, j=14:0.066, j=15:0.121, j=16:0.775
      i=17 -> j=0:0.001, j=1:0.001, j=2:0.000, j=3:0.000, j=4:0.000, j=5:0.000, j=6:0.000, j=7:0.000, j=8:0.000, j=9:0.000, j=10:0.000, j=11:0.001, j=12:0.002, j=13:0.010, j=14:0.025, j=15:0.054, j=16:0.137, j=17:0.767
      i=18 -> j=0:0.002, j=1:0.002, j=2:0.001, j=3:0.001, j=4:0.001, j=5:0.000, j=6:0.001, j=7:0.001, j=8:0.001, j=9:0.000, j=10:0.000, j=11:0.000, j=12:0.001, j=13:0.004, j=14:0.016, j=15:0.029, j=16:0.044, j=17:0.116, j=18:0.779
      i=19 -> j=0:0.001, j=1:0.001, j=2:0.001, j=3:0.001, j=4:0.000, j=5:0.000, j=6:0.000, j=7:0.000, j=8:0.000, j=9:0.000, j=10:0.000, j=11:0.000, j=12:0.000, j=13:0.001, j=14:0.003, j=15:0.008, j=16:0.020, j=17:0.058, j=18:0.127, j=19:0.777
      i=20 -> j=0:0.001, j=1:0.001, j=2:0.000, j=3:0.001, j=4:0.000, j=5:0.000, j=6:0.000, j=7:0.000, j=8:0.000, j=9:0.000, j=10:0.000, j=11:0.000, j=12:0.000, j=13:0.000, j=14:0.001, j=15:0.003, j=16:0.007, j=17:0.022, j=18:0.051, j=19:0.147, j=20:0.764
      i=21 -> j=0:0.001, j=1:0.001, j=2:0.000, j=3:0.001, j=4:0.000, j=5:0.000, j=6:0.000, j=7:0.000, j=8:0.000, j=9:0.000, j=10:0.000, j=11:0.000, j=12:0.000, j=13:0.000, j=14:0.000, j=15:0.000, j=16:0.001, j=17:0.005, j=18:0.028, j=19:0.055, j=20:0.154, j=21:0.750
      i=22 -> j=0:0.002, j=1:0.001, j=2:0.001, j=3:0.001, j=4:0.001, j=5:0.001, j=6:0.001, j=7:0.000, j=8:0.000, j=9:0.000, j=10:0.000, j=11:0.000, j=12:0.000, j=13:0.000, j=14:0.000, j=15:0.000, j=16:0.000, j=17:0.002, j=18:0.020, j=19:0.047, j=20:0.057, j=21:0.155, j=22:0.707
      i=23 -> j=0:0.003, j=1:0.002, j=2:0.001, j=3:0.001, j=4:0.001, j=5:0.001, j=6:0.001, j=7:0.001, j=8:0.001, j=9:0.000, j=10:0.000, j=11:0.000, j=12:0.001, j=13:0.001, j=14:0.000, j=15:0.000, j=16:0.000, j=17:0.001, j=18:0.005, j=19:0.020, j=20:0.022, j=21:0.050, j=22:0.119, j=23:0.770
      i=24 -> j=0:0.003, j=1:0.004, j=2:0.003, j=3:0.002, j=4:0.001, j=5:0.001, j=6:0.001, j=7:0.001, j=8:0.001, j=9:0.001, j=10:0.000, j=11:0.000, j=12:0.001, j=13:0.001, j=14:0.001, j=15:0.000, j=16:0.000, j=17:0.000, j=18:0.002, j=19:0.004, j=20:0.008, j=21:0.032, j=22:0.055, j=23:0.131, j=24:0.748
      i=25 -> j=0:0.002, j=1:0.001, j=2:0.002, j=3:0.002, j=4:0.001, j=5:0.001, j=6:0.001, j=7:0.001, j=8:0.002, j=9:0.001, j=10:0.000, j=11:0.000, j=12:0.000, j=13:0.000, j=14:0.001, j=15:0.000, j=16:0.000, j=17:0.000, j=18:0.001, j=19:0.001, j=20:0.002, j=21:0.006, j=22:0.023, j=23:0.060, j=24:0.130, j=25:0.763
      i=26 -> j=0:0.001, j=1:0.001, j=2:0.001, j=3:0.002, j=4:0.001, j=5:0.001, j=6:0.000, j=7:0.000, j=8:0.001, j=9:0.001, j=10:0.000, j=11:0.000, j=12:0.000, j=13:0.000, j=14:0.000, j=15:0.000, j=16:0.000, j=17:0.000, j=18:0.000, j=19:0.000, j=20:0.000, j=21:0.001, j=22:0.007, j=23:0.021, j=24:0.039, j=25:0.147, j=26:0.773
      i=27 -> j=0:0.003, j=1:0.002, j=2:0.002, j=3:0.003, j=4:0.002, j=5:0.003, j=6:0.001, j=7:0.001, j=8:0.001, j=9:0.002, j=10:0.001, j=11:0.001, j=12:0.001, j=13:0.000, j=14:0.000, j=15:0.000, j=16:0.000, j=17:0.000, j=18:0.001, j=19:0.000, j=20:0.000, j=21:0.001, j=22:0.003, j=23:0.012, j=24:0.024, j=25:0.044, j=26:0.136, j=27:0.754
      i=28 -> j=0:0.005, j=1:0.003, j=2:0.002, j=3:0.003, j=4:0.002, j=5:0.003, j=6:0.002, j=7:0.001, j=8:0.001, j=9:0.001, j=10:0.001, j=11:0.001, j=12:0.001, j=13:0.001, j=14:0.000, j=15:0.000, j=16:0.000, j=17:0.000, j=18:0.001, j=19:0.000, j=20:0.000, j=21:0.000, j=22:0.001, j=23:0.002, j=24:0.006, j=25:0.020, j=26:0.047, j=27:0.150, j=28:0.744
      i=29 -> j=0:0.009, j=1:0.006, j=2:0.003, j=3:0.003, j=4:0.002, j=5:0.003, j=6:0.003, j=7:0.001, j=8:0.002, j=9:0.001, j=10:0.001, j=11:0.001, j=12:0.001, j=13:0.001, j=14:0.001, j=15:0.000, j=16:0.000, j=17:0.000, j=18:0.001, j=19:0.000, j=20:0.000, j=21:0.000, j=22:0.000, j=23:0.001, j=24:0.001, j=25:0.007, j=26:0.016, j=27:0.056, j=28:0.139, j=29:0.740
      i=30 -> j=0:0.004, j=1:0.005, j=2:0.003, j=3:0.005, j=4:0.002, j=5:0.001, j=6:0.002, j=7:0.004, j=8:0.002, j=9:0.001, j=10:0.001, j=11:0.001, j=12:0.001, j=13:0.001, j=14:0.001, j=15:0.000, j=16:0.000, j=17:0.000, j=18:0.001, j=19:0.000, j=20:0.000, j=21:0.000, j=22:0.000, j=23:0.000, j=24:0.000, j=25:0.003, j=26:0.010, j=27:0.031, j=28:0.056, j=29:0.094, j=30:0.770
      i=31 -> j=0:0.005, j=1:0.008, j=2:0.005, j=3:0.005, j=4:0.002, j=5:0.003, j=6:0.003, j=7:0.003, j=8:0.003, j=9:0.003, j=10:0.001, j=11:0.001, j=12:0.001, j=13:0.002, j=14:0.002, j=15:0.001, j=16:0.001, j=17:0.000, j=18:0.000, j=19:0.000, j=20:0.000, j=21:0.000, j=22:0.000, j=23:0.000, j=24:0.000, j=25:0.001, j=26:0.004, j=27:0.014, j=28:0.028, j=29:0.055, j=30:0.146, j=31:0.697
    Average attention per distance:
      d=0:0.773, d=1:0.133, d=2:0.056, d=3:0.026, d=4:0.011


======================================================================
QK Property Verification (Raw Scores, before Softmax)
======================================================================
Recurrence order init_len=2, num test sequences=1

--- [P1] Long-distance Orthogonality Verification ---
Ideal: raw_score mean ≈ 0 and small std when d > init_len

  Layer 0, Head 0:
    d= 1 (effective): mean=  1.635, std= 0.489, n=31
    d= 2 (effective): mean=  0.780, std= 0.471, n=30
    d>2 (long-distance): mean= -3.150, std= 1.392, n=435

--- [P2] Time-homogeneous Verification ---
Ideal: CV of raw_score across positions i ≈ 0 for fixed distance d
(CV = std / |mean|, smaller = more constant)

  Layer 0, Head 0:
    d= 1: mean=  1.635, std= 0.489, CV=0.299, n=31
    d= 2: mean=  0.780, std= 0.471, CV=0.604, n=30

======================================================================
QK Property Verification Completed
======================================================================
