=== Experiment: mixed_basic_d64l1_r32 ===
Time: 2026-06-17T15:41:00.999356
Task type: mixed_ab
Merged config: {
  "P": 53,
  "TASK": "mixed_ab",
  "NUM_MASK": 2,
  "A": 1,
  "B": 1,
  "AB_PAIRS": [
    [
      1,
      1
    ],
    [
      1,
      2
    ]
  ],
  "D_MODEL": 64,
  "N_HEAD": 1,
  "N_LAYER": 1,
  "BATCH_SIZE": 128,
  "EPOCHS": 10000,
  "LR": 0.0003,
  "SAVE_PATH": "models/mixed_basic_d64l1_r32.pth",
  "USE_GREEDY_GENERATE": true,
  "USE_LEARNABLE_PE": false,
  "MLP_RATIO": 32,
  "TRAIN_LEN": 16,
  "OOD_LEN": 32,
  "DROPOUT": 0.0,
  "TARGET_INIT_COVERAGE": 0.5,
  "MAX_UNIQUE_RATIO": 0.5,
  "WEIGHT_DECAY": 1,
  "ENTROPY_PENALTY_WEIGHT": 0.0,
  "FIRST_TASK_WEIGHT": 1.0,
  "RANDOM_SEED": 42,
  "EVAL_INTERVAL": 20,
  "EARLY_STOP_NO_IMPROVE": 2000,
  "EARLY_STOP_ACCURACY": 0.99,
  "USE_AB_TAG": false,
  "USE_CONDITIONAL_WTE": false,
  "COND_WTE_SHARED_RATIO": 0.0
}
--- output ---
Using device: cuda

[Dataset] Mixed mode: generated 2810 + 2808 samples, length 16
AB parameter pairs: [(1, 1), (1, 2)]
--------------------------------------------------
[Model config] block_size: 32, train length: 16
[Number theory] AB parameter pairs: [(1, 1), (1, 2)]


Model parameters: 0.29M

Start training...
Epoch   0 | Train: Loss=4.2978 Acc=3.1% | Test: Acc=0.3% | Best=0.3%(@0)
  from x3: 0.00 0.00 0.00 0.00 0.00 0.00 0.00 0.00 0.00 0.00 0.00 0.00 0.00
  per-rule acc: 0.00 0.00
Epoch  20 | Train: Loss=3.2680 Acc=46.1% | Test: Acc=0.9% | Best=0.9%(@20)
  from x3: 0.01 0.01 0.01 0.01 0.01 0.01 0.01 0.01 0.01 0.01 0.01 0.01 0.01
  per-rule acc: 0.01 0.01
Epoch  40 | Train: Loss=2.3396 Acc=75.9% | Test: Acc=1.4% | Best=1.4%(@40)
  from x3: 0.02 0.02 0.01 0.01 0.01 0.01 0.01 0.01 0.01 0.01 0.01 0.01 0.01
  per-rule acc: 0.01 0.01
Epoch  60 | Train: Loss=1.7164 Acc=88.3% | Test: Acc=1.6% | Best=1.6%(@60)
  from x3: 0.02 0.02 0.02 0.02 0.02 0.01 0.01 0.02 0.01 0.01 0.01 0.01 0.01
  per-rule acc: 0.01 0.02
Epoch  80 | Train: Loss=1.3872 Acc=92.3% | Test: Acc=1.8% | Best=1.8%(@80)
  from x3: 0.02 0.02 0.02 0.02 0.02 0.02 0.02 0.02 0.02 0.02 0.02 0.02 0.02
  per-rule acc: 0.02 0.02
Epoch 100 | Train: Loss=1.2211 Acc=93.8% | Test: Acc=1.9% | Best=1.9%(@100)
  from x3: 0.02 0.02 0.02 0.02 0.02 0.02 0.02 0.02 0.02 0.02 0.02 0.02 0.02
  per-rule acc: 0.02 0.02
Epoch 120 | Train: Loss=1.1231 Acc=94.5% | Test: Acc=1.9% | Best=1.9%(@120)
  from x3: 0.02 0.02 0.02 0.02 0.02 0.02 0.02 0.02 0.02 0.02 0.02 0.02 0.02
  per-rule acc: 0.02 0.02
Epoch 140 | Train: Loss=1.0728 Acc=94.9% | Test: Acc=1.8% | Best=1.9%(@120)
  from x3: 0.02 0.02 0.02 0.02 0.02 0.02 0.02 0.02 0.02 0.02 0.02 0.02 0.02
  per-rule acc: 0.02 0.02
Epoch 160 | Train: Loss=1.0098 Acc=95.3% | Test: Acc=2.0% | Best=2.0%(@160)
  from x3: 0.02 0.02 0.02 0.02 0.02 0.02 0.02 0.02 0.02 0.02 0.02 0.02 0.02
  per-rule acc: 0.02 0.02
Epoch 180 | Train: Loss=0.9459 Acc=95.7% | Test: Acc=2.0% | Best=2.0%(@160)
  from x3: 0.02 0.02 0.02 0.02 0.02 0.02 0.02 0.02 0.02 0.02 0.02 0.02 0.02
  per-rule acc: 0.02 0.02
Epoch 200 | Train: Loss=0.9135 Acc=96.0% | Test: Acc=1.9% | Best=2.0%(@160)
  from x3: 0.02 0.02 0.02 0.02 0.02 0.02 0.02 0.02 0.02 0.02 0.02 0.02 0.02
  per-rule acc: 0.02 0.02
Epoch 220 | Train: Loss=0.8901 Acc=96.5% | Test: Acc=2.0% | Best=2.0%(@160)
  from x3: 0.02 0.02 0.02 0.02 0.02 0.02 0.02 0.02 0.02 0.02 0.02 0.02 0.02
  per-rule acc: 0.01 0.02
Epoch 240 | Train: Loss=0.8560 Acc=96.7% | Test: Acc=2.1% | Best=2.1%(@240)
  from x3: 0.02 0.02 0.02 0.02 0.02 0.02 0.02 0.02 0.02 0.02 0.02 0.02 0.02
  per-rule acc: 0.01 0.03
Epoch 260 | Train: Loss=0.8231 Acc=97.1% | Test: Acc=2.1% | Best=2.1%(@260)
  from x3: 0.02 0.02 0.02 0.02 0.02 0.02 0.02 0.02 0.02 0.02 0.02 0.02 0.02
  per-rule acc: 0.02 0.03
Epoch 280 | Train: Loss=0.7844 Acc=97.4% | Test: Acc=2.2% | Best=2.2%(@280)
  from x3: 0.02 0.02 0.02 0.02 0.02 0.02 0.02 0.02 0.02 0.02 0.02 0.02 0.02
  per-rule acc: 0.02 0.03
Epoch 300 | Train: Loss=0.7537 Acc=97.7% | Test: Acc=2.2% | Best=2.2%(@280)
  from x3: 0.02 0.02 0.02 0.02 0.02 0.02 0.02 0.02 0.02 0.02 0.02 0.02 0.02
  per-rule acc: 0.02 0.03
Epoch 320 | Train: Loss=0.7243 Acc=98.0% | Test: Acc=2.3% | Best=2.3%(@320)
  from x3: 0.02 0.02 0.02 0.02 0.02 0.02 0.02 0.02 0.02 0.02 0.02 0.02 0.02
  per-rule acc: 0.02 0.03
Epoch 340 | Train: Loss=0.6871 Acc=98.2% | Test: Acc=2.3% | Best=2.3%(@340)
  from x3: 0.02 0.02 0.02 0.02 0.02 0.02 0.02 0.02 0.02 0.02 0.02 0.02 0.02
  per-rule acc: 0.02 0.03
Epoch 360 | Train: Loss=0.6743 Acc=98.3% | Test: Acc=2.5% | Best=2.5%(@360)
  from x3: 0.02 0.02 0.03 0.03 0.03 0.03 0.03 0.03 0.03 0.03 0.03 0.03 0.03
  per-rule acc: 0.02 0.03
Epoch 380 | Train: Loss=0.6446 Acc=98.4% | Test: Acc=2.6% | Best=2.6%(@380)
  from x3: 0.02 0.03 0.03 0.03 0.03 0.03 0.03 0.03 0.03 0.03 0.03 0.03 0.03
  per-rule acc: 0.03 0.03
Epoch 400 | Train: Loss=0.6130 Acc=98.6% | Test: Acc=2.6% | Best=2.6%(@380)
  from x3: 0.02 0.02 0.03 0.03 0.03 0.03 0.03 0.03 0.03 0.03 0.03 0.03 0.03
  per-rule acc: 0.02 0.03
Epoch 420 | Train: Loss=0.5880 Acc=98.7% | Test: Acc=2.7% | Best=2.7%(@420)
  from x3: 0.02 0.02 0.03 0.03 0.03 0.03 0.03 0.03 0.03 0.03 0.03 0.03 0.03
  per-rule acc: 0.03 0.03
Epoch 440 | Train: Loss=0.5872 Acc=98.9% | Test: Acc=2.7% | Best=2.7%(@440)
  from x3: 0.02 0.02 0.03 0.03 0.03 0.03 0.03 0.03 0.03 0.03 0.03 0.03 0.03
  per-rule acc: 0.03 0.03
Epoch 460 | Train: Loss=0.5573 Acc=98.9% | Test: Acc=2.6% | Best=2.7%(@440)
  from x3: 0.02 0.02 0.03 0.03 0.03 0.03 0.03 0.03 0.03 0.03 0.03 0.03 0.03
  per-rule acc: 0.02 0.03
Epoch 480 | Train: Loss=0.5549 Acc=98.9% | Test: Acc=2.7% | Best=2.7%(@440)
  from x3: 0.02 0.02 0.03 0.03 0.03 0.03 0.03 0.03 0.03 0.03 0.03 0.03 0.03
  per-rule acc: 0.03 0.03
Epoch 500 | Train: Loss=0.5426 Acc=99.1% | Test: Acc=2.7% | Best=2.7%(@440)
  from x3: 0.02 0.02 0.03 0.03 0.03 0.03 0.03 0.03 0.03 0.03 0.03 0.03 0.03
  per-rule acc: 0.03 0.03
Epoch 520 | Train: Loss=0.5312 Acc=99.1% | Test: Acc=2.7% | Best=2.7%(@520)
  from x3: 0.03 0.03 0.03 0.03 0.03 0.03 0.03 0.03 0.03 0.03 0.03 0.03 0.03
  per-rule acc: 0.03 0.03
Epoch 540 | Train: Loss=0.5081 Acc=99.2% | Test: Acc=2.8% | Best=2.8%(@540)
  from x3: 0.03 0.03 0.03 0.03 0.03 0.03 0.03 0.03 0.03 0.03 0.03 0.03 0.03
  per-rule acc: 0.03 0.03
Epoch 560 | Train: Loss=0.4921 Acc=99.2% | Test: Acc=2.8% | Best=2.8%(@540)
  from x3: 0.03 0.03 0.03 0.03 0.03 0.03 0.03 0.03 0.03 0.03 0.03 0.03 0.03
  per-rule acc: 0.03 0.03
Epoch 580 | Train: Loss=0.4776 Acc=99.3% | Test: Acc=2.7% | Best=2.8%(@540)
  from x3: 0.03 0.03 0.03 0.03 0.03 0.03 0.03 0.03 0.03 0.03 0.03 0.03 0.03
  per-rule acc: 0.03 0.03
Epoch 600 | Train: Loss=0.4694 Acc=99.3% | Test: Acc=2.9% | Best=2.9%(@600)
  from x3: 0.03 0.03 0.03 0.03 0.03 0.03 0.03 0.03 0.03 0.03 0.03 0.03 0.03
  per-rule acc: 0.03 0.03
Epoch 620 | Train: Loss=0.4564 Acc=99.4% | Test: Acc=2.7% | Best=2.9%(@600)
  from x3: 0.03 0.03 0.03 0.03 0.03 0.03 0.03 0.03 0.03 0.03 0.03 0.03 0.03
  per-rule acc: 0.03 0.03
Epoch 640 | Train: Loss=0.4422 Acc=99.4% | Test: Acc=2.7% | Best=2.9%(@600)
  from x3: 0.03 0.03 0.03 0.03 0.03 0.03 0.03 0.03 0.03 0.03 0.03 0.03 0.03
  per-rule acc: 0.03 0.03
Epoch 660 | Train: Loss=0.4325 Acc=99.4% | Test: Acc=2.7% | Best=2.9%(@600)
  from x3: 0.03 0.03 0.03 0.03 0.03 0.03 0.03 0.03 0.03 0.03 0.03 0.03 0.03
  per-rule acc: 0.03 0.02
Epoch 680 | Train: Loss=0.4242 Acc=99.4% | Test: Acc=2.9% | Best=2.9%(@680)
  from x3: 0.03 0.03 0.03 0.03 0.03 0.03 0.03 0.03 0.03 0.03 0.03 0.03 0.03
  per-rule acc: 0.03 0.03
Epoch 700 | Train: Loss=0.4185 Acc=99.5% | Test: Acc=2.9% | Best=2.9%(@680)
  from x3: 0.03 0.03 0.03 0.03 0.03 0.03 0.03 0.03 0.03 0.03 0.03 0.03 0.03
  per-rule acc: 0.03 0.03
Epoch 720 | Train: Loss=0.3980 Acc=99.5% | Test: Acc=2.9% | Best=2.9%(@680)
  from x3: 0.03 0.03 0.03 0.03 0.03 0.03 0.03 0.03 0.03 0.03 0.03 0.03 0.03
  per-rule acc: 0.03 0.03
Epoch 740 | Train: Loss=0.4020 Acc=99.5% | Test: Acc=3.1% | Best=3.1%(@740)
  from x3: 0.03 0.03 0.03 0.03 0.03 0.03 0.03 0.03 0.03 0.03 0.03 0.03 0.03
  per-rule acc: 0.03 0.03
Epoch 760 | Train: Loss=0.3993 Acc=99.5% | Test: Acc=3.2% | Best=3.2%(@760)
  from x3: 0.03 0.03 0.03 0.03 0.03 0.03 0.03 0.03 0.03 0.03 0.03 0.03 0.03
  per-rule acc: 0.04 0.03
Epoch 780 | Train: Loss=0.3809 Acc=99.5% | Test: Acc=3.1% | Best=3.2%(@760)
  from x3: 0.03 0.03 0.03 0.03 0.03 0.03 0.03 0.03 0.03 0.03 0.03 0.03 0.03
  per-rule acc: 0.04 0.03
Epoch 800 | Train: Loss=0.3748 Acc=99.5% | Test: Acc=3.2% | Best=3.2%(@800)
  from x3: 0.03 0.03 0.03 0.03 0.03 0.03 0.03 0.03 0.03 0.03 0.03 0.03 0.03
  per-rule acc: 0.03 0.03
Epoch 820 | Train: Loss=0.3707 Acc=99.5% | Test: Acc=3.3% | Best=3.3%(@820)
  from x3: 0.03 0.03 0.03 0.03 0.03 0.03 0.03 0.03 0.03 0.03 0.03 0.03 0.03
  per-rule acc: 0.04 0.03
Epoch 840 | Train: Loss=0.3512 Acc=99.6% | Test: Acc=3.4% | Best=3.4%(@840)
  from x3: 0.03 0.03 0.03 0.03 0.03 0.03 0.03 0.03 0.03 0.03 0.03 0.03 0.03
  per-rule acc: 0.04 0.03
Epoch 860 | Train: Loss=0.3464 Acc=99.6% | Test: Acc=3.4% | Best=3.4%(@840)
  from x3: 0.04 0.03 0.03 0.03 0.03 0.03 0.03 0.03 0.03 0.03 0.03 0.03 0.03
  per-rule acc: 0.04 0.03
Epoch 880 | Train: Loss=0.3318 Acc=99.5% | Test: Acc=3.8% | Best=3.8%(@880)
  from x3: 0.04 0.04 0.04 0.04 0.04 0.04 0.04 0.04 0.04 0.04 0.04 0.04 0.04
  per-rule acc: 0.04 0.03
Epoch 900 | Train: Loss=0.3400 Acc=99.6% | Test: Acc=3.6% | Best=3.8%(@880)
  from x3: 0.03 0.03 0.04 0.04 0.04 0.04 0.04 0.04 0.04 0.04 0.04 0.04 0.04
  per-rule acc: 0.04 0.03
Epoch 920 | Train: Loss=0.3265 Acc=99.6% | Test: Acc=3.6% | Best=3.8%(@880)
  from x3: 0.03 0.03 0.04 0.04 0.04 0.04 0.04 0.04 0.04 0.04 0.04 0.04 0.04
  per-rule acc: 0.04 0.03
Epoch 940 | Train: Loss=0.3154 Acc=99.6% | Test: Acc=3.8% | Best=3.8%(@940)
  from x3: 0.03 0.04 0.04 0.04 0.04 0.04 0.04 0.04 0.04 0.04 0.04 0.04 0.04
  per-rule acc: 0.04 0.03
Epoch 960 | Train: Loss=0.3148 Acc=99.6% | Test: Acc=3.8% | Best=3.8%(@940)
  from x3: 0.04 0.04 0.04 0.04 0.04 0.04 0.04 0.04 0.04 0.04 0.04 0.04 0.04
  per-rule acc: 0.04 0.03
Epoch 980 | Train: Loss=0.3084 Acc=99.6% | Test: Acc=3.9% | Best=3.9%(@980)
  from x3: 0.04 0.04 0.04 0.04 0.04 0.04 0.04 0.04 0.04 0.04 0.04 0.04 0.04
  per-rule acc: 0.04 0.04
Epoch 1000 | Train: Loss=0.3102 Acc=99.6% | Test: Acc=3.9% | Best=3.9%(@1000)
  from x3: 0.04 0.04 0.04 0.04 0.04 0.04 0.04 0.04 0.04 0.04 0.04 0.04 0.04
  per-rule acc: 0.04 0.04
Epoch 1020 | Train: Loss=0.2884 Acc=99.7% | Test: Acc=4.1% | Best=4.1%(@1020)
  from x3: 0.04 0.04 0.04 0.04 0.04 0.04 0.04 0.04 0.04 0.04 0.04 0.04 0.04
  per-rule acc: 0.05 0.04
Epoch 1040 | Train: Loss=0.2853 Acc=99.6% | Test: Acc=4.0% | Best=4.1%(@1020)
  from x3: 0.04 0.04 0.04 0.04 0.04 0.04 0.04 0.04 0.04 0.04 0.04 0.04 0.04
  per-rule acc: 0.04 0.04
Epoch 1060 | Train: Loss=0.2942 Acc=99.7% | Test: Acc=4.3% | Best=4.3%(@1060)
  from x3: 0.04 0.04 0.04 0.04 0.04 0.04 0.04 0.04 0.04 0.04 0.04 0.04 0.04
  per-rule acc: 0.05 0.04
Epoch 1080 | Train: Loss=0.2771 Acc=99.7% | Test: Acc=4.3% | Best=4.3%(@1080)
  from x3: 0.04 0.04 0.04 0.04 0.04 0.04 0.04 0.04 0.04 0.04 0.04 0.04 0.04
  per-rule acc: 0.05 0.04
Epoch 1100 | Train: Loss=0.2727 Acc=99.7% | Test: Acc=4.2% | Best=4.3%(@1080)
  from x3: 0.04 0.04 0.04 0.04 0.04 0.04 0.04 0.04 0.04 0.04 0.04 0.04 0.04
  per-rule acc: 0.04 0.04
Epoch 1120 | Train: Loss=0.2692 Acc=99.6% | Test: Acc=4.5% | Best=4.5%(@1120)
  from x3: 0.04 0.04 0.04 0.05 0.05 0.05 0.05 0.05 0.05 0.04 0.05 0.05 0.05
  per-rule acc: 0.05 0.04
Epoch 1140 | Train: Loss=0.2778 Acc=99.7% | Test: Acc=4.3% | Best=4.5%(@1120)
  from x3: 0.04 0.04 0.04 0.04 0.04 0.04 0.04 0.04 0.04 0.04 0.04 0.04 0.04
  per-rule acc: 0.04 0.04
Epoch 1160 | Train: Loss=0.2695 Acc=99.7% | Test: Acc=4.5% | Best=4.5%(@1120)
  from x3: 0.05 0.04 0.04 0.04 0.04 0.04 0.04 0.04 0.05 0.05 0.05 0.05 0.05
  per-rule acc: 0.05 0.04
Epoch 1180 | Train: Loss=0.2662 Acc=99.7% | Test: Acc=4.8% | Best=4.8%(@1180)
  from x3: 0.04 0.05 0.05 0.05 0.05 0.05 0.05 0.05 0.05 0.05 0.05 0.05 0.05
  per-rule acc: 0.05 0.04
Epoch 1200 | Train: Loss=0.2628 Acc=99.6% | Test: Acc=4.8% | Best=4.8%(@1200)
  from x3: 0.05 0.05 0.05 0.05 0.05 0.05 0.05 0.05 0.05 0.05 0.05 0.05 0.05
  per-rule acc: 0.05 0.04
Epoch 1220 | Train: Loss=0.2502 Acc=99.7% | Test: Acc=4.9% | Best=4.9%(@1220)
  from x3: 0.05 0.05 0.05 0.05 0.05 0.05 0.05 0.05 0.05 0.05 0.05 0.05 0.05
  per-rule acc: 0.05 0.05
Epoch 1240 | Train: Loss=0.2542 Acc=99.7% | Test: Acc=5.1% | Best=5.1%(@1240)
  from x3: 0.05 0.05 0.05 0.05 0.05 0.05 0.05 0.05 0.05 0.05 0.05 0.05 0.05
  per-rule acc: 0.05 0.05
Epoch 1260 | Train: Loss=0.2527 Acc=99.7% | Test: Acc=5.3% | Best=5.3%(@1260)
  from x3: 0.05 0.05 0.05 0.05 0.05 0.05 0.05 0.05 0.05 0.05 0.05 0.05 0.05
  per-rule acc: 0.06 0.05
Epoch 1280 | Train: Loss=0.2446 Acc=99.8% | Test: Acc=5.3% | Best=5.3%(@1280)
  from x3: 0.05 0.05 0.05 0.05 0.05 0.05 0.05 0.05 0.05 0.05 0.05 0.05 0.05
  per-rule acc: 0.06 0.05
Epoch 1300 | Train: Loss=0.2387 Acc=99.7% | Test: Acc=5.5% | Best=5.5%(@1300)
  from x3: 0.05 0.06 0.06 0.06 0.06 0.06 0.06 0.06 0.06 0.05 0.05 0.06 0.06
  per-rule acc: 0.06 0.05
Epoch 1320 | Train: Loss=0.2296 Acc=99.7% | Test: Acc=5.7% | Best=5.7%(@1320)
  from x3: 0.05 0.05 0.06 0.06 0.06 0.06 0.06 0.06 0.06 0.06 0.06 0.06 0.06
  per-rule acc: 0.06 0.06
Epoch 1340 | Train: Loss=0.2421 Acc=99.7% | Test: Acc=5.6% | Best=5.7%(@1320)
  from x3: 0.06 0.06 0.06 0.06 0.06 0.06 0.06 0.06 0.06 0.06 0.06 0.06 0.06
  per-rule acc: 0.06 0.05
Epoch 1360 | Train: Loss=0.2272 Acc=99.7% | Test: Acc=5.9% | Best=5.9%(@1360)
  from x3: 0.06 0.06 0.06 0.06 0.06 0.06 0.06 0.06 0.06 0.06 0.06 0.06 0.06
  per-rule acc: 0.06 0.06
Epoch 1380 | Train: Loss=0.2297 Acc=99.7% | Test: Acc=5.9% | Best=5.9%(@1380)
  from x3: 0.06 0.06 0.06 0.06 0.06 0.06 0.06 0.06 0.06 0.06 0.06 0.06 0.06
  per-rule acc: 0.06 0.05
Epoch 1400 | Train: Loss=0.2286 Acc=99.7% | Test: Acc=5.9% | Best=5.9%(@1380)
  from x3: 0.06 0.06 0.06 0.06 0.06 0.06 0.06 0.06 0.06 0.06 0.06 0.06 0.06
  per-rule acc: 0.07 0.05
Epoch 1420 | Train: Loss=0.2318 Acc=99.7% | Test: Acc=6.2% | Best=6.2%(@1420)
  from x3: 0.06 0.06 0.06 0.06 0.06 0.06 0.06 0.06 0.06 0.06 0.06 0.06 0.06
  per-rule acc: 0.07 0.06
Epoch 1440 | Train: Loss=0.2154 Acc=99.7% | Test: Acc=6.5% | Best=6.5%(@1440)
  from x3: 0.06 0.06 0.06 0.06 0.06 0.06 0.06 0.07 0.07 0.07 0.07 0.07 0.07
  per-rule acc: 0.07 0.06
Epoch 1460 | Train: Loss=0.2206 Acc=99.8% | Test: Acc=6.6% | Best=6.6%(@1460)
  from x3: 0.07 0.06 0.07 0.07 0.07 0.07 0.07 0.07 0.07 0.07 0.07 0.07 0.07
  per-rule acc: 0.07 0.06
Epoch 1480 | Train: Loss=0.2211 Acc=99.7% | Test: Acc=6.7% | Best=6.7%(@1480)
  from x3: 0.06 0.06 0.07 0.07 0.07 0.07 0.07 0.07 0.07 0.07 0.07 0.07 0.07
  per-rule acc: 0.08 0.06
Epoch 1500 | Train: Loss=0.2111 Acc=99.8% | Test: Acc=6.7% | Best=6.7%(@1500)
  from x3: 0.07 0.07 0.07 0.07 0.07 0.07 0.07 0.07 0.07 0.07 0.07 0.07 0.07
  per-rule acc: 0.08 0.06
Epoch 1520 | Train: Loss=0.2077 Acc=99.8% | Test: Acc=7.0% | Best=7.0%(@1520)
  from x3: 0.07 0.07 0.07 0.07 0.07 0.07 0.07 0.07 0.07 0.07 0.07 0.07 0.07
  per-rule acc: 0.07 0.06
Epoch 1540 | Train: Loss=0.2147 Acc=99.7% | Test: Acc=7.0% | Best=7.0%(@1540)
  from x3: 0.07 0.07 0.07 0.07 0.07 0.07 0.07 0.07 0.07 0.07 0.07 0.07 0.07
  per-rule acc: 0.08 0.06
Epoch 1560 | Train: Loss=0.2195 Acc=99.7% | Test: Acc=7.2% | Best=7.2%(@1560)
  from x3: 0.07 0.07 0.07 0.07 0.07 0.07 0.07 0.07 0.07 0.07 0.07 0.07 0.07
  per-rule acc: 0.08 0.06
Epoch 1580 | Train: Loss=0.2106 Acc=99.8% | Test: Acc=7.3% | Best=7.3%(@1580)
  from x3: 0.07 0.07 0.07 0.07 0.07 0.07 0.07 0.07 0.07 0.07 0.07 0.07 0.07
  per-rule acc: 0.08 0.06
Epoch 1600 | Train: Loss=0.2073 Acc=99.7% | Test: Acc=7.4% | Best=7.4%(@1600)
  from x3: 0.07 0.08 0.08 0.07 0.07 0.07 0.07 0.07 0.07 0.07 0.07 0.07 0.07
  per-rule acc: 0.09 0.06
Epoch 1620 | Train: Loss=0.2116 Acc=99.7% | Test: Acc=7.6% | Best=7.6%(@1620)
  from x3: 0.08 0.08 0.08 0.07 0.07 0.07 0.08 0.08 0.08 0.08 0.08 0.08 0.08
  per-rule acc: 0.09 0.06
Epoch 1640 | Train: Loss=0.1943 Acc=99.7% | Test: Acc=7.7% | Best=7.7%(@1640)
  from x3: 0.08 0.08 0.08 0.08 0.08 0.08 0.08 0.08 0.08 0.08 0.08 0.08 0.08
  per-rule acc: 0.09 0.06
Epoch 1660 | Train: Loss=0.2014 Acc=99.7% | Test: Acc=7.9% | Best=7.9%(@1660)
  from x3: 0.08 0.08 0.08 0.08 0.08 0.08 0.08 0.08 0.08 0.08 0.08 0.08 0.08
  per-rule acc: 0.09 0.07
Epoch 1680 | Train: Loss=0.2031 Acc=99.8% | Test: Acc=8.5% | Best=8.5%(@1680)
  from x3: 0.08 0.08 0.09 0.09 0.08 0.09 0.09 0.09 0.08 0.09 0.08 0.08 0.09
  per-rule acc: 0.10 0.07
Epoch 1700 | Train: Loss=0.2147 Acc=99.8% | Test: Acc=8.2% | Best=8.5%(@1680)
  from x3: 0.08 0.08 0.08 0.08 0.08 0.08 0.08 0.08 0.08 0.08 0.08 0.08 0.08
  per-rule acc: 0.09 0.07
Epoch 1720 | Train: Loss=0.2057 Acc=99.8% | Test: Acc=8.3% | Best=8.5%(@1680)
  from x3: 0.09 0.09 0.08 0.08 0.08 0.08 0.08 0.08 0.08 0.08 0.08 0.08 0.08
  per-rule acc: 0.09 0.07
Epoch 1740 | Train: Loss=0.1974 Acc=99.8% | Test: Acc=8.4% | Best=8.5%(@1680)
  from x3: 0.08 0.08 0.08 0.08 0.08 0.08 0.08 0.08 0.08 0.08 0.08 0.08 0.08
  per-rule acc: 0.10 0.07
Epoch 1760 | Train: Loss=0.1910 Acc=99.8% | Test: Acc=8.7% | Best=8.7%(@1760)
  from x3: 0.09 0.09 0.09 0.09 0.09 0.09 0.09 0.09 0.09 0.09 0.09 0.09 0.09
  per-rule acc: 0.10 0.07
Epoch 1780 | Train: Loss=0.1909 Acc=99.8% | Test: Acc=8.4% | Best=8.7%(@1760)
  from x3: 0.09 0.09 0.08 0.08 0.08 0.08 0.09 0.08 0.08 0.08 0.08 0.08 0.08
  per-rule acc: 0.10 0.07
Epoch 1800 | Train: Loss=0.1791 Acc=99.7% | Test: Acc=8.9% | Best=8.9%(@1800)
  from x3: 0.09 0.09 0.09 0.09 0.09 0.09 0.09 0.09 0.09 0.09 0.09 0.09 0.09
  per-rule acc: 0.10 0.08
Epoch 1820 | Train: Loss=0.1881 Acc=99.8% | Test: Acc=8.6% | Best=8.9%(@1800)
  from x3: 0.09 0.09 0.08 0.09 0.09 0.09 0.09 0.09 0.09 0.09 0.09 0.09 0.09
  per-rule acc: 0.10 0.07
Epoch 1840 | Train: Loss=0.1900 Acc=99.8% | Test: Acc=9.1% | Best=9.1%(@1840)
  from x3: 0.10 0.09 0.09 0.09 0.09 0.09 0.09 0.09 0.09 0.09 0.09 0.09 0.09
  per-rule acc: 0.10 0.08
Epoch 1860 | Train: Loss=0.1853 Acc=99.8% | Test: Acc=9.1% | Best=9.1%(@1860)
  from x3: 0.10 0.09 0.09 0.09 0.09 0.09 0.09 0.09 0.09 0.09 0.09 0.09 0.09
  per-rule acc: 0.11 0.08
Epoch 1880 | Train: Loss=0.1788 Acc=99.8% | Test: Acc=9.4% | Best=9.4%(@1880)
  from x3: 0.10 0.10 0.09 0.09 0.09 0.09 0.09 0.09 0.09 0.09 0.09 0.09 0.09
  per-rule acc: 0.11 0.08
Epoch 1900 | Train: Loss=0.1835 Acc=99.8% | Test: Acc=9.6% | Best=9.6%(@1900)
  from x3: 0.09 0.10 0.10 0.10 0.10 0.10 0.10 0.10 0.10 0.09 0.09 0.09 0.09
  per-rule acc: 0.11 0.08
Epoch 1920 | Train: Loss=0.1844 Acc=99.8% | Test: Acc=9.6% | Best=9.6%(@1920)
  from x3: 0.10 0.10 0.10 0.10 0.10 0.10 0.10 0.10 0.10 0.10 0.10 0.09 0.10
  per-rule acc: 0.11 0.08
Epoch 1940 | Train: Loss=0.1766 Acc=99.8% | Test: Acc=9.4% | Best=9.6%(@1920)
  from x3: 0.10 0.10 0.09 0.09 0.09 0.09 0.09 0.09 0.09 0.09 0.09 0.09 0.09
  per-rule acc: 0.11 0.08
Epoch 1960 | Train: Loss=0.1831 Acc=99.8% | Test: Acc=9.8% | Best=9.8%(@1960)
  from x3: 0.10 0.10 0.10 0.10 0.10 0.10 0.10 0.10 0.10 0.10 0.10 0.10 0.10
  per-rule acc: 0.12 0.08
Epoch 1980 | Train: Loss=0.1776 Acc=99.7% | Test: Acc=10.2% | Best=10.2%(@1980)
  from x3: 0.11 0.11 0.10 0.10 0.10 0.10 0.10 0.10 0.10 0.10 0.10 0.10 0.10
  per-rule acc: 0.12 0.08
Epoch 2000 | Train: Loss=0.1951 Acc=99.8% | Test: Acc=9.9% | Best=10.2%(@1980)
  from x3: 0.11 0.10 0.10 0.10 0.10 0.10 0.10 0.10 0.10 0.10 0.10 0.10 0.10
  per-rule acc: 0.12 0.08
Epoch 2020 | Train: Loss=0.1768 Acc=99.8% | Test: Acc=10.1% | Best=10.2%(@1980)
  from x3: 0.11 0.10 0.10 0.10 0.10 0.10 0.10 0.10 0.10 0.10 0.10 0.10 0.10
  per-rule acc: 0.12 0.08
Epoch 2040 | Train: Loss=0.1766 Acc=99.8% | Test: Acc=10.0% | Best=10.2%(@1980)
  from x3: 0.11 0.10 0.10 0.10 0.10 0.10 0.10 0.10 0.10 0.10 0.10 0.10 0.10
  per-rule acc: 0.12 0.08
Epoch 2060 | Train: Loss=0.1748 Acc=99.8% | Test: Acc=10.7% | Best=10.7%(@2060)
  from x3: 0.11 0.11 0.11 0.11 0.11 0.11 0.11 0.11 0.11 0.11 0.11 0.11 0.11
  per-rule acc: 0.12 0.09
Epoch 2080 | Train: Loss=0.1724 Acc=99.8% | Test: Acc=10.9% | Best=10.9%(@2080)
  from x3: 0.11 0.11 0.11 0.11 0.11 0.11 0.11 0.11 0.11 0.11 0.11 0.11 0.11
  per-rule acc: 0.13 0.09
Epoch 2100 | Train: Loss=0.1751 Acc=99.8% | Test: Acc=10.5% | Best=10.9%(@2080)
  from x3: 0.11 0.11 0.10 0.11 0.10 0.10 0.10 0.10 0.10 0.10 0.10 0.10 0.10
  per-rule acc: 0.12 0.09
Epoch 2120 | Train: Loss=0.1725 Acc=99.8% | Test: Acc=11.0% | Best=11.0%(@2120)
  from x3: 0.12 0.11 0.11 0.11 0.11 0.11 0.11 0.11 0.11 0.11 0.11 0.11 0.11
  per-rule acc: 0.13 0.09
Epoch 2140 | Train: Loss=0.1638 Acc=99.8% | Test: Acc=11.2% | Best=11.2%(@2140)
  from x3: 0.12 0.11 0.11 0.11 0.11 0.11 0.11 0.11 0.11 0.11 0.11 0.11 0.11
  per-rule acc: 0.13 0.09
Epoch 2160 | Train: Loss=0.1685 Acc=99.8% | Test: Acc=11.4% | Best=11.4%(@2160)
  from x3: 0.12 0.12 0.11 0.11 0.11 0.11 0.11 0.11 0.11 0.11 0.11 0.11 0.11
  per-rule acc: 0.13 0.09
Epoch 2180 | Train: Loss=0.1758 Acc=99.8% | Test: Acc=11.4% | Best=11.4%(@2160)
  from x3: 0.12 0.12 0.11 0.11 0.11 0.11 0.11 0.11 0.11 0.11 0.11 0.11 0.11
  per-rule acc: 0.13 0.10
Epoch 2200 | Train: Loss=0.1777 Acc=99.8% | Test: Acc=11.9% | Best=11.9%(@2200)
  from x3: 0.12 0.12 0.12 0.12 0.12 0.12 0.12 0.12 0.12 0.12 0.12 0.12 0.12
  per-rule acc: 0.14 0.10
Epoch 2220 | Train: Loss=0.1663 Acc=99.8% | Test: Acc=11.6% | Best=11.9%(@2200)
  from x3: 0.12 0.12 0.12 0.12 0.11 0.11 0.11 0.11 0.11 0.12 0.12 0.12 0.12
  per-rule acc: 0.13 0.10
Epoch 2240 | Train: Loss=0.1687 Acc=99.8% | Test: Acc=11.9% | Best=11.9%(@2240)
  from x3: 0.12 0.12 0.12 0.12 0.12 0.12 0.12 0.12 0.12 0.12 0.12 0.12 0.12
  per-rule acc: 0.14 0.09
Epoch 2260 | Train: Loss=0.1901 Acc=99.8% | Test: Acc=11.7% | Best=11.9%(@2240)
  from x3: 0.12 0.12 0.12 0.12 0.12 0.12 0.12 0.12 0.12 0.12 0.12 0.12 0.12
  per-rule acc: 0.14 0.10
Epoch 2280 | Train: Loss=0.1634 Acc=99.7% | Test: Acc=12.4% | Best=12.4%(@2280)
  from x3: 0.13 0.13 0.12 0.12 0.12 0.12 0.12 0.12 0.12 0.12 0.12 0.12 0.12
  per-rule acc: 0.14 0.11
Epoch 2300 | Train: Loss=0.1725 Acc=99.8% | Test: Acc=12.4% | Best=12.4%(@2300)
  from x3: 0.13 0.13 0.12 0.12 0.12 0.12 0.12 0.12 0.12 0.12 0.12 0.12 0.12
  per-rule acc: 0.14 0.10
Epoch 2320 | Train: Loss=0.1533 Acc=99.8% | Test: Acc=12.8% | Best=12.8%(@2320)
  from x3: 0.13 0.13 0.13 0.13 0.13 0.13 0.13 0.13 0.13 0.13 0.13 0.13 0.13
  per-rule acc: 0.15 0.11
Epoch 2340 | Train: Loss=0.1660 Acc=99.7% | Test: Acc=12.9% | Best=12.9%(@2340)
  from x3: 0.13 0.13 0.13 0.13 0.13 0.13 0.13 0.13 0.13 0.13 0.13 0.13 0.13
  per-rule acc: 0.15 0.11
Epoch 2360 | Train: Loss=0.1833 Acc=99.8% | Test: Acc=13.0% | Best=13.0%(@2360)
  from x3: 0.13 0.13 0.13 0.13 0.13 0.13 0.13 0.13 0.13 0.13 0.13 0.13 0.13
  per-rule acc: 0.15 0.11
Epoch 2380 | Train: Loss=0.1676 Acc=99.9% | Test: Acc=13.0% | Best=13.0%(@2380)
  from x3: 0.14 0.13 0.13 0.13 0.13 0.13 0.13 0.13 0.13 0.13 0.13 0.13 0.13
  per-rule acc: 0.15 0.11
Epoch 2400 | Train: Loss=0.1749 Acc=99.8% | Test: Acc=13.5% | Best=13.5%(@2400)
  from x3: 0.14 0.14 0.13 0.13 0.13 0.13 0.13 0.13 0.13 0.13 0.13 0.13 0.13
  per-rule acc: 0.16 0.11
Epoch 2420 | Train: Loss=0.1603 Acc=99.8% | Test: Acc=13.6% | Best=13.6%(@2420)
  from x3: 0.14 0.14 0.14 0.14 0.13 0.14 0.14 0.14 0.13 0.13 0.14 0.13 0.13
  per-rule acc: 0.16 0.12
Epoch 2440 | Train: Loss=0.1634 Acc=99.8% | Test: Acc=13.6% | Best=13.6%(@2420)
  from x3: 0.14 0.14 0.13 0.14 0.14 0.14 0.14 0.14 0.13 0.14 0.14 0.14 0.13
  per-rule acc: 0.16 0.11
Epoch 2460 | Train: Loss=0.1519 Acc=99.8% | Test: Acc=13.6% | Best=13.6%(@2420)
  from x3: 0.15 0.14 0.14 0.13 0.13 0.13 0.13 0.13 0.13 0.13 0.13 0.13 0.13
  per-rule acc: 0.16 0.11
Epoch 2480 | Train: Loss=0.1619 Acc=99.8% | Test: Acc=13.9% | Best=13.9%(@2480)
  from x3: 0.14 0.14 0.14 0.14 0.14 0.14 0.14 0.14 0.14 0.14 0.14 0.14 0.14
  per-rule acc: 0.16 0.11
Epoch 2500 | Train: Loss=0.1774 Acc=99.8% | Test: Acc=14.1% | Best=14.1%(@2500)
  from x3: 0.15 0.14 0.14 0.14 0.14 0.14 0.14 0.14 0.14 0.14 0.14 0.14 0.14
  per-rule acc: 0.17 0.12
Epoch 2520 | Train: Loss=0.1756 Acc=99.8% | Test: Acc=14.3% | Best=14.3%(@2520)
  from x3: 0.15 0.15 0.14 0.14 0.14 0.14 0.14 0.14 0.14 0.14 0.14 0.14 0.14
  per-rule acc: 0.17 0.12
Epoch 2540 | Train: Loss=0.1712 Acc=99.8% | Test: Acc=14.5% | Best=14.5%(@2540)
  from x3: 0.15 0.15 0.14 0.14 0.14 0.14 0.14 0.14 0.14 0.14 0.14 0.14 0.14
  per-rule acc: 0.17 0.12
Epoch 2560 | Train: Loss=0.1661 Acc=99.8% | Test: Acc=14.6% | Best=14.6%(@2560)
  from x3: 0.15 0.15 0.15 0.14 0.15 0.15 0.14 0.14 0.15 0.15 0.15 0.15 0.14
  per-rule acc: 0.17 0.12
Epoch 2580 | Train: Loss=0.1471 Acc=99.9% | Test: Acc=15.1% | Best=15.1%(@2580)
  from x3: 0.15 0.15 0.15 0.15 0.15 0.15 0.15 0.15 0.15 0.15 0.15 0.15 0.15
  per-rule acc: 0.18 0.12
Epoch 2600 | Train: Loss=0.1572 Acc=99.8% | Test: Acc=14.7% | Best=15.1%(@2580)
  from x3: 0.15 0.15 0.15 0.15 0.15 0.15 0.15 0.15 0.15 0.15 0.15 0.15 0.15
  per-rule acc: 0.18 0.12
Epoch 2620 | Train: Loss=0.1805 Acc=99.8% | Test: Acc=14.9% | Best=15.1%(@2580)
  from x3: 0.15 0.15 0.15 0.15 0.15 0.15 0.15 0.15 0.15 0.15 0.15 0.15 0.15
  per-rule acc: 0.18 0.12
Epoch 2640 | Train: Loss=0.1720 Acc=99.9% | Test: Acc=14.9% | Best=15.1%(@2580)
  from x3: 0.16 0.16 0.15 0.15 0.15 0.15 0.15 0.15 0.15 0.15 0.15 0.15 0.15
  per-rule acc: 0.18 0.12
Epoch 2660 | Train: Loss=0.1756 Acc=99.8% | Test: Acc=15.0% | Best=15.1%(@2580)
  from x3: 0.15 0.16 0.15 0.15 0.15 0.15 0.15 0.15 0.15 0.15 0.15 0.15 0.15
  per-rule acc: 0.18 0.12
Epoch 2680 | Train: Loss=0.1516 Acc=99.8% | Test: Acc=15.7% | Best=15.7%(@2680)
  from x3: 0.16 0.16 0.16 0.16 0.15 0.16 0.15 0.16 0.16 0.16 0.15 0.16 0.15
  per-rule acc: 0.18 0.13
Epoch 2700 | Train: Loss=0.1662 Acc=99.8% | Test: Acc=15.1% | Best=15.7%(@2680)
  from x3: 0.16 0.16 0.15 0.15 0.15 0.15 0.15 0.15 0.15 0.15 0.15 0.15 0.15
  per-rule acc: 0.18 0.12
Epoch 2720 | Train: Loss=0.1642 Acc=99.8% | Test: Acc=15.5% | Best=15.7%(@2680)
  from x3: 0.16 0.16 0.15 0.15 0.15 0.15 0.15 0.15 0.15 0.15 0.15 0.15 0.15
  per-rule acc: 0.18 0.13
Epoch 2740 | Train: Loss=0.1465 Acc=99.8% | Test: Acc=15.9% | Best=15.9%(@2740)
  from x3: 0.17 0.16 0.16 0.16 0.16 0.16 0.16 0.16 0.16 0.16 0.16 0.16 0.16
  per-rule acc: 0.19 0.13
Epoch 2760 | Train: Loss=0.1645 Acc=99.8% | Test: Acc=16.0% | Best=16.0%(@2760)
  from x3: 0.16 0.16 0.16 0.16 0.16 0.16 0.16 0.16 0.16 0.16 0.16 0.16 0.16
  per-rule acc: 0.19 0.13
Epoch 2780 | Train: Loss=0.1644 Acc=99.9% | Test: Acc=16.4% | Best=16.4%(@2780)
  from x3: 0.16 0.16 0.16 0.16 0.16 0.16 0.16 0.16 0.16 0.16 0.16 0.16 0.16
  per-rule acc: 0.20 0.13
Epoch 2800 | Train: Loss=0.1642 Acc=99.8% | Test: Acc=16.1% | Best=16.4%(@2780)
  from x3: 0.16 0.16 0.16 0.16 0.16 0.16 0.16 0.16 0.16 0.16 0.16 0.16 0.16
  per-rule acc: 0.19 0.13
Epoch 2820 | Train: Loss=0.1479 Acc=99.9% | Test: Acc=16.3% | Best=16.4%(@2780)
  from x3: 0.17 0.16 0.16 0.16 0.16 0.16 0.16 0.16 0.16 0.16 0.16 0.16 0.16
  per-rule acc: 0.19 0.13
Epoch 2840 | Train: Loss=0.1607 Acc=99.8% | Test: Acc=16.6% | Best=16.6%(@2840)
  from x3: 0.17 0.17 0.16 0.17 0.17 0.17 0.17 0.17 0.17 0.17 0.17 0.17 0.17
  per-rule acc: 0.20 0.13
Epoch 2860 | Train: Loss=0.1550 Acc=99.8% | Test: Acc=16.8% | Best=16.8%(@2860)
  from x3: 0.17 0.17 0.17 0.17 0.17 0.17 0.17 0.17 0.17 0.17 0.17 0.17 0.17
  per-rule acc: 0.20 0.14
Epoch 2880 | Train: Loss=0.1546 Acc=99.8% | Test: Acc=16.5% | Best=16.8%(@2860)
  from x3: 0.17 0.17 0.16 0.16 0.16 0.16 0.16 0.16 0.16 0.16 0.17 0.17 0.16
  per-rule acc: 0.19 0.14
Epoch 2900 | Train: Loss=0.1613 Acc=99.8% | Test: Acc=16.8% | Best=16.8%(@2900)
  from x3: 0.17 0.17 0.17 0.17 0.17 0.17 0.17 0.17 0.17 0.17 0.17 0.17 0.17
  per-rule acc: 0.20 0.14
Epoch 2920 | Train: Loss=0.1522 Acc=99.8% | Test: Acc=17.0% | Best=17.0%(@2920)
  from x3: 0.17 0.17 0.17 0.17 0.17 0.17 0.17 0.17 0.17 0.17 0.17 0.17 0.17
  per-rule acc: 0.21 0.13
Epoch 2940 | Train: Loss=0.1719 Acc=99.7% | Test: Acc=16.8% | Best=17.0%(@2920)
  from x3: 0.17 0.17 0.17 0.17 0.17 0.17 0.17 0.17 0.17 0.17 0.17 0.17 0.17
  per-rule acc: 0.20 0.13
Epoch 2960 | Train: Loss=0.1551 Acc=99.8% | Test: Acc=17.4% | Best=17.4%(@2960)
  from x3: 0.17 0.18 0.17 0.17 0.17 0.17 0.17 0.17 0.17 0.17 0.17 0.17 0.17
  per-rule acc: 0.21 0.13
Epoch 2980 | Train: Loss=0.1541 Acc=99.9% | Test: Acc=17.2% | Best=17.4%(@2960)
  from x3: 0.18 0.17 0.17 0.17 0.17 0.17 0.17 0.17 0.17 0.17 0.17 0.17 0.17
  per-rule acc: 0.21 0.13
Epoch 3000 | Train: Loss=0.1541 Acc=99.9% | Test: Acc=17.2% | Best=17.4%(@2960)
  from x3: 0.18 0.17 0.17 0.17 0.17 0.17 0.17 0.17 0.17 0.17 0.17 0.17 0.17
  per-rule acc: 0.20 0.14
Epoch 3020 | Train: Loss=0.1485 Acc=99.8% | Test: Acc=17.8% | Best=17.8%(@3020)
  from x3: 0.18 0.18 0.18 0.18 0.18 0.18 0.18 0.18 0.18 0.18 0.18 0.18 0.18
  per-rule acc: 0.22 0.14
Epoch 3040 | Train: Loss=0.1640 Acc=99.8% | Test: Acc=17.2% | Best=17.8%(@3020)
  from x3: 0.18 0.18 0.17 0.17 0.17 0.17 0.17 0.17 0.17 0.17 0.17 0.17 0.17
  per-rule acc: 0.21 0.14
Epoch 3060 | Train: Loss=0.1549 Acc=99.8% | Test: Acc=17.5% | Best=17.8%(@3020)
  from x3: 0.18 0.17 0.17 0.18 0.18 0.18 0.18 0.18 0.18 0.18 0.17 0.18 0.18
  per-rule acc: 0.21 0.14
Epoch 3080 | Train: Loss=0.1477 Acc=99.8% | Test: Acc=17.5% | Best=17.8%(@3020)
  from x3: 0.18 0.17 0.17 0.17 0.17 0.17 0.17 0.17 0.17 0.17 0.17 0.17 0.17
  per-rule acc: 0.21 0.14
Epoch 3100 | Train: Loss=0.1681 Acc=99.9% | Test: Acc=17.9% | Best=17.9%(@3100)
  from x3: 0.18 0.18 0.18 0.18 0.18 0.18 0.18 0.18 0.18 0.18 0.18 0.18 0.18
  per-rule acc: 0.22 0.14
Epoch 3120 | Train: Loss=0.1439 Acc=99.8% | Test: Acc=17.6% | Best=17.9%(@3100)
  from x3: 0.18 0.18 0.17 0.18 0.18 0.18 0.18 0.18 0.17 0.17 0.17 0.17 0.17
  per-rule acc: 0.22 0.14
Epoch 3140 | Train: Loss=0.1533 Acc=99.9% | Test: Acc=17.9% | Best=17.9%(@3100)
  from x3: 0.19 0.18 0.18 0.18 0.18 0.18 0.18 0.18 0.18 0.18 0.18 0.18 0.18
  per-rule acc: 0.22 0.14
Epoch 3160 | Train: Loss=0.1711 Acc=99.8% | Test: Acc=17.7% | Best=17.9%(@3100)
  from x3: 0.18 0.18 0.18 0.18 0.18 0.18 0.18 0.18 0.18 0.18 0.18 0.18 0.18
  per-rule acc: 0.21 0.14
Epoch 3180 | Train: Loss=0.1608 Acc=99.9% | Test: Acc=18.1% | Best=18.1%(@3180)
  from x3: 0.19 0.18 0.18 0.18 0.18 0.18 0.18 0.18 0.18 0.18 0.18 0.18 0.18
  per-rule acc: 0.22 0.14
Epoch 3200 | Train: Loss=0.1496 Acc=99.8% | Test: Acc=18.2% | Best=18.2%(@3200)
  from x3: 0.18 0.18 0.18 0.18 0.18 0.18 0.18 0.18 0.18 0.18 0.18 0.18 0.18
  per-rule acc: 0.22 0.14
Epoch 3220 | Train: Loss=0.1636 Acc=99.9% | Test: Acc=18.6% | Best=18.6%(@3220)
  from x3: 0.19 0.18 0.19 0.18 0.18 0.19 0.18 0.19 0.19 0.19 0.19 0.19 0.19
  per-rule acc: 0.23 0.14
Epoch 3240 | Train: Loss=0.1556 Acc=99.8% | Test: Acc=18.5% | Best=18.6%(@3220)
  from x3: 0.19 0.18 0.18 0.19 0.18 0.18 0.19 0.19 0.18 0.18 0.18 0.18 0.18
  per-rule acc: 0.22 0.15
Epoch 3260 | Train: Loss=0.1523 Acc=99.8% | Test: Acc=18.0% | Best=18.6%(@3220)
  from x3: 0.19 0.18 0.18 0.18 0.18 0.18 0.18 0.18 0.18 0.18 0.18 0.18 0.18
  per-rule acc: 0.22 0.14
Epoch 3280 | Train: Loss=0.1407 Acc=99.8% | Test: Acc=18.5% | Best=18.6%(@3220)
  from x3: 0.19 0.19 0.19 0.18 0.18 0.18 0.18 0.18 0.18 0.18 0.18 0.18 0.19
  per-rule acc: 0.22 0.15
Epoch 3300 | Train: Loss=0.1524 Acc=99.9% | Test: Acc=18.4% | Best=18.6%(@3220)
  from x3: 0.20 0.18 0.18 0.18 0.18 0.18 0.18 0.18 0.18 0.18 0.18 0.18 0.18
  per-rule acc: 0.22 0.15
Epoch 3320 | Train: Loss=0.1575 Acc=99.8% | Test: Acc=18.1% | Best=18.6%(@3220)
  from x3: 0.19 0.19 0.18 0.18 0.18 0.18 0.18 0.18 0.18 0.18 0.18 0.18 0.18
  per-rule acc: 0.22 0.15
Epoch 3340 | Train: Loss=0.1448 Acc=99.9% | Test: Acc=18.7% | Best=18.7%(@3340)
  from x3: 0.20 0.19 0.19 0.19 0.19 0.19 0.19 0.19 0.19 0.18 0.19 0.18 0.18
  per-rule acc: 0.23 0.15
Epoch 3360 | Train: Loss=0.1515 Acc=99.9% | Test: Acc=18.7% | Best=18.7%(@3360)
  from x3: 0.19 0.19 0.19 0.19 0.19 0.19 0.19 0.19 0.19 0.19 0.19 0.19 0.19
  per-rule acc: 0.22 0.15
Epoch 3380 | Train: Loss=0.1513 Acc=99.8% | Test: Acc=18.6% | Best=18.7%(@3360)
  from x3: 0.19 0.19 0.18 0.19 0.19 0.19 0.19 0.18 0.18 0.18 0.18 0.18 0.19
  per-rule acc: 0.23 0.15
Epoch 3400 | Train: Loss=0.1321 Acc=99.9% | Test: Acc=19.4% | Best=19.4%(@3400)
  from x3: 0.20 0.19 0.20 0.19 0.19 0.19 0.19 0.19 0.19 0.19 0.19 0.19 0.19
  per-rule acc: 0.23 0.15
Epoch 3420 | Train: Loss=0.1456 Acc=99.9% | Test: Acc=19.1% | Best=19.4%(@3400)
  from x3: 0.20 0.19 0.19 0.19 0.19 0.19 0.19 0.19 0.19 0.19 0.19 0.19 0.19
  per-rule acc: 0.23 0.15
Epoch 3440 | Train: Loss=0.1460 Acc=99.9% | Test: Acc=19.4% | Best=19.4%(@3400)
  from x3: 0.20 0.20 0.19 0.19 0.19 0.19 0.19 0.19 0.19 0.19 0.19 0.19 0.19
  per-rule acc: 0.23 0.15
Epoch 3460 | Train: Loss=0.1397 Acc=99.9% | Test: Acc=19.1% | Best=19.4%(@3400)
  from x3: 0.20 0.20 0.19 0.19 0.19 0.19 0.19 0.19 0.19 0.19 0.19 0.19 0.19
  per-rule acc: 0.23 0.15
Epoch 3480 | Train: Loss=0.1506 Acc=99.8% | Test: Acc=19.7% | Best=19.7%(@3480)
  from x3: 0.20 0.20 0.20 0.20 0.20 0.20 0.20 0.20 0.20 0.20 0.20 0.20 0.20
  per-rule acc: 0.23 0.16
Epoch 3500 | Train: Loss=0.1439 Acc=99.8% | Test: Acc=19.3% | Best=19.7%(@3480)
  from x3: 0.20 0.20 0.19 0.19 0.19 0.19 0.19 0.19 0.19 0.19 0.19 0.19 0.19
  per-rule acc: 0.23 0.15
Epoch 3520 | Train: Loss=0.1583 Acc=99.9% | Test: Acc=19.8% | Best=19.8%(@3520)
  from x3: 0.20 0.20 0.20 0.20 0.20 0.20 0.20 0.20 0.20 0.20 0.20 0.20 0.20
  per-rule acc: 0.24 0.16
Epoch 3540 | Train: Loss=0.1609 Acc=99.8% | Test: Acc=19.4% | Best=19.8%(@3520)
  from x3: 0.20 0.20 0.19 0.19 0.19 0.19 0.19 0.19 0.19 0.19 0.19 0.19 0.19
  per-rule acc: 0.23 0.16
Epoch 3560 | Train: Loss=0.1572 Acc=99.9% | Test: Acc=19.8% | Best=19.8%(@3520)
  from x3: 0.20 0.20 0.20 0.20 0.20 0.20 0.20 0.20 0.20 0.20 0.20 0.20 0.20
  per-rule acc: 0.24 0.16
Epoch 3580 | Train: Loss=0.1439 Acc=99.9% | Test: Acc=20.1% | Best=20.1%(@3580)
  from x3: 0.21 0.20 0.20 0.20 0.20 0.20 0.20 0.20 0.20 0.20 0.20 0.20 0.20
  per-rule acc: 0.24 0.16
Epoch 3600 | Train: Loss=0.1367 Acc=99.8% | Test: Acc=19.6% | Best=20.1%(@3580)
  from x3: 0.20 0.20 0.20 0.20 0.19 0.19 0.19 0.20 0.19 0.19 0.20 0.19 0.20
  per-rule acc: 0.24 0.16
Epoch 3620 | Train: Loss=0.1669 Acc=99.8% | Test: Acc=19.7% | Best=20.1%(@3580)
  from x3: 0.20 0.20 0.20 0.20 0.20 0.20 0.20 0.20 0.20 0.20 0.20 0.20 0.20
  per-rule acc: 0.24 0.16
Epoch 3640 | Train: Loss=0.1464 Acc=99.9% | Test: Acc=19.5% | Best=20.1%(@3580)
  from x3: 0.20 0.20 0.19 0.19 0.19 0.19 0.19 0.19 0.19 0.19 0.19 0.19 0.19
  per-rule acc: 0.23 0.16
Epoch 3660 | Train: Loss=0.1318 Acc=99.8% | Test: Acc=20.4% | Best=20.4%(@3660)
  from x3: 0.20 0.21 0.20 0.20 0.20 0.20 0.20 0.20 0.20 0.20 0.20 0.20 0.20
  per-rule acc: 0.25 0.16
Epoch 3680 | Train: Loss=0.1503 Acc=99.9% | Test: Acc=20.0% | Best=20.4%(@3660)
  from x3: 0.20 0.20 0.20 0.20 0.20 0.20 0.20 0.20 0.20 0.20 0.20 0.20 0.20
  per-rule acc: 0.24 0.16
Epoch 3700 | Train: Loss=0.1507 Acc=99.8% | Test: Acc=20.3% | Best=20.4%(@3660)
  from x3: 0.21 0.21 0.20 0.20 0.20 0.20 0.20 0.20 0.20 0.20 0.20 0.20 0.20
  per-rule acc: 0.24 0.16
Epoch 3720 | Train: Loss=0.1468 Acc=99.9% | Test: Acc=19.8% | Best=20.4%(@3660)
  from x3: 0.21 0.21 0.20 0.20 0.20 0.20 0.20 0.20 0.20 0.20 0.20 0.20 0.20
  per-rule acc: 0.24 0.16
Epoch 3740 | Train: Loss=0.1453 Acc=99.8% | Test: Acc=20.5% | Best=20.5%(@3740)
  from x3: 0.21 0.21 0.21 0.21 0.21 0.21 0.21 0.21 0.20 0.20 0.20 0.20 0.20
  per-rule acc: 0.25 0.16
Epoch 3760 | Train: Loss=0.1410 Acc=99.8% | Test: Acc=20.3% | Best=20.5%(@3740)
  from x3: 0.21 0.21 0.20 0.20 0.20 0.20 0.20 0.20 0.20 0.20 0.20 0.20 0.20
  per-rule acc: 0.25 0.16
Epoch 3780 | Train: Loss=0.1452 Acc=99.9% | Test: Acc=20.4% | Best=20.5%(@3740)
  from x3: 0.21 0.21 0.20 0.20 0.20 0.20 0.20 0.20 0.20 0.20 0.20 0.20 0.20
  per-rule acc: 0.24 0.17
Epoch 3800 | Train: Loss=0.1337 Acc=99.8% | Test: Acc=20.4% | Best=20.5%(@3740)
  from x3: 0.21 0.21 0.21 0.20 0.20 0.20 0.20 0.20 0.20 0.20 0.20 0.20 0.20
  per-rule acc: 0.24 0.17
Epoch 3820 | Train: Loss=0.1512 Acc=99.9% | Test: Acc=21.0% | Best=21.0%(@3820)
  from x3: 0.21 0.21 0.21 0.21 0.21 0.21 0.21 0.21 0.21 0.21 0.21 0.21 0.21
  per-rule acc: 0.25 0.17
Epoch 3840 | Train: Loss=0.1483 Acc=99.9% | Test: Acc=21.0% | Best=21.0%(@3840)
  from x3: 0.21 0.21 0.21 0.21 0.21 0.21 0.21 0.21 0.21 0.21 0.21 0.21 0.21
  per-rule acc: 0.26 0.17
Epoch 3860 | Train: Loss=0.1432 Acc=99.8% | Test: Acc=20.9% | Best=21.0%(@3840)
  from x3: 0.22 0.21 0.21 0.21 0.21 0.21 0.21 0.21 0.21 0.21 0.21 0.21 0.21
  per-rule acc: 0.25 0.17
Epoch 3880 | Train: Loss=0.1564 Acc=99.9% | Test: Acc=20.8% | Best=21.0%(@3840)
  from x3: 0.21 0.21 0.21 0.21 0.21 0.21 0.21 0.21 0.21 0.21 0.21 0.21 0.21
  per-rule acc: 0.24 0.17
Epoch 3900 | Train: Loss=0.1338 Acc=99.8% | Test: Acc=21.1% | Best=21.1%(@3900)
  from x3: 0.21 0.21 0.21 0.21 0.21 0.21 0.21 0.21 0.21 0.21 0.21 0.21 0.21
  per-rule acc: 0.25 0.17
Epoch 3920 | Train: Loss=0.1506 Acc=99.9% | Test: Acc=21.3% | Best=21.3%(@3920)
  from x3: 0.21 0.21 0.22 0.21 0.21 0.21 0.21 0.21 0.21 0.21 0.21 0.21 0.21
  per-rule acc: 0.25 0.17
Epoch 3940 | Train: Loss=0.1346 Acc=99.9% | Test: Acc=21.2% | Best=21.3%(@3920)
  from x3: 0.21 0.21 0.21 0.21 0.21 0.21 0.21 0.21 0.21 0.21 0.21 0.21 0.21
  per-rule acc: 0.26 0.17
Epoch 3960 | Train: Loss=0.1444 Acc=99.9% | Test: Acc=21.0% | Best=21.3%(@3920)
  from x3: 0.21 0.22 0.21 0.21 0.21 0.21 0.21 0.21 0.21 0.21 0.21 0.21 0.21
  per-rule acc: 0.25 0.17
Epoch 3980 | Train: Loss=0.1512 Acc=99.9% | Test: Acc=21.4% | Best=21.4%(@3980)
  from x3: 0.22 0.22 0.22 0.21 0.21 0.21 0.21 0.21 0.21 0.21 0.21 0.21 0.21
  per-rule acc: 0.26 0.17
Epoch 4000 | Train: Loss=0.1407 Acc=99.9% | Test: Acc=21.0% | Best=21.4%(@3980)
  from x3: 0.22 0.22 0.21 0.21 0.21 0.21 0.21 0.21 0.21 0.21 0.21 0.21 0.21
  per-rule acc: 0.25 0.17
Epoch 4020 | Train: Loss=0.1447 Acc=99.9% | Test: Acc=21.3% | Best=21.4%(@3980)
  from x3: 0.21 0.22 0.21 0.21 0.21 0.21 0.21 0.21 0.21 0.21 0.21 0.21 0.21
  per-rule acc: 0.26 0.17
Epoch 4040 | Train: Loss=0.1352 Acc=99.8% | Test: Acc=21.6% | Best=21.6%(@4040)
  from x3: 0.22 0.22 0.22 0.22 0.22 0.22 0.21 0.21 0.21 0.21 0.21 0.21 0.21
  per-rule acc: 0.26 0.17
Epoch 4060 | Train: Loss=0.1323 Acc=99.9% | Test: Acc=21.1% | Best=21.6%(@4040)
  from x3: 0.22 0.22 0.21 0.21 0.21 0.21 0.21 0.21 0.21 0.21 0.21 0.21 0.21
  per-rule acc: 0.25 0.17
Epoch 4080 | Train: Loss=0.1393 Acc=99.8% | Test: Acc=21.6% | Best=21.6%(@4080)
  from x3: 0.22 0.22 0.22 0.21 0.21 0.21 0.21 0.21 0.21 0.22 0.22 0.22 0.22
  per-rule acc: 0.25 0.18
Epoch 4100 | Train: Loss=0.1441 Acc=99.9% | Test: Acc=21.5% | Best=21.6%(@4080)
  from x3: 0.22 0.22 0.21 0.21 0.21 0.21 0.21 0.21 0.21 0.21 0.22 0.21 0.21
  per-rule acc: 0.25 0.18
Epoch 4120 | Train: Loss=0.1299 Acc=99.9% | Test: Acc=21.6% | Best=21.6%(@4120)
  from x3: 0.22 0.22 0.22 0.22 0.22 0.22 0.22 0.22 0.22 0.22 0.22 0.22 0.22
  per-rule acc: 0.26 0.18
Epoch 4140 | Train: Loss=0.1444 Acc=99.9% | Test: Acc=21.5% | Best=21.6%(@4120)
  from x3: 0.22 0.22 0.22 0.22 0.21 0.21 0.21 0.21 0.21 0.21 0.21 0.21 0.21
  per-rule acc: 0.25 0.18
Epoch 4160 | Train: Loss=0.1286 Acc=99.9% | Test: Acc=21.3% | Best=21.6%(@4120)
  from x3: 0.21 0.22 0.21 0.21 0.21 0.21 0.21 0.21 0.21 0.21 0.21 0.21 0.21
  per-rule acc: 0.25 0.18
Epoch 4180 | Train: Loss=0.1234 Acc=99.8% | Test: Acc=21.8% | Best=21.8%(@4180)
  from x3: 0.22 0.22 0.22 0.22 0.22 0.22 0.22 0.22 0.22 0.22 0.22 0.22 0.22
  per-rule acc: 0.26 0.18
Epoch 4200 | Train: Loss=0.1427 Acc=99.9% | Test: Acc=21.8% | Best=21.8%(@4180)
  from x3: 0.22 0.23 0.22 0.22 0.22 0.22 0.22 0.22 0.22 0.22 0.22 0.22 0.22
  per-rule acc: 0.26 0.18
Epoch 4220 | Train: Loss=0.1432 Acc=99.8% | Test: Acc=21.8% | Best=21.8%(@4180)
  from x3: 0.22 0.22 0.22 0.22 0.22 0.22 0.22 0.22 0.22 0.22 0.22 0.22 0.22
  per-rule acc: 0.25 0.18
Epoch 4240 | Train: Loss=0.1378 Acc=99.9% | Test: Acc=22.0% | Best=22.0%(@4240)
  from x3: 0.22 0.22 0.22 0.22 0.22 0.22 0.22 0.22 0.22 0.22 0.22 0.22 0.22
  per-rule acc: 0.26 0.18
Epoch 4260 | Train: Loss=0.1419 Acc=99.9% | Test: Acc=21.8% | Best=22.0%(@4240)
  from x3: 0.22 0.22 0.22 0.22 0.22 0.22 0.22 0.22 0.22 0.22 0.22 0.22 0.22
  per-rule acc: 0.26 0.18
Epoch 4280 | Train: Loss=0.1299 Acc=99.9% | Test: Acc=22.2% | Best=22.2%(@4280)
  from x3: 0.22 0.22 0.22 0.22 0.22 0.22 0.22 0.22 0.22 0.22 0.22 0.22 0.22
  per-rule acc: 0.26 0.19
Epoch 4300 | Train: Loss=0.1490 Acc=99.9% | Test: Acc=22.0% | Best=22.2%(@4280)
  from x3: 0.22 0.23 0.22 0.22 0.22 0.22 0.22 0.22 0.22 0.22 0.22 0.22 0.22
  per-rule acc: 0.26 0.18
Epoch 4320 | Train: Loss=0.1267 Acc=99.9% | Test: Acc=22.3% | Best=22.3%(@4320)
  from x3: 0.22 0.22 0.22 0.22 0.22 0.22 0.22 0.22 0.22 0.22 0.22 0.22 0.22
  per-rule acc: 0.27 0.18
Epoch 4340 | Train: Loss=0.1372 Acc=99.8% | Test: Acc=22.3% | Best=22.3%(@4320)
  from x3: 0.23 0.22 0.22 0.22 0.22 0.22 0.22 0.22 0.22 0.22 0.22 0.22 0.22
  per-rule acc: 0.26 0.19
Epoch 4360 | Train: Loss=0.1325 Acc=99.9% | Test: Acc=22.0% | Best=22.3%(@4320)
  from x3: 0.23 0.22 0.22 0.22 0.22 0.22 0.22 0.22 0.22 0.22 0.22 0.22 0.22
  per-rule acc: 0.26 0.18
Epoch 4380 | Train: Loss=0.1459 Acc=99.9% | Test: Acc=21.6% | Best=22.3%(@4320)
  from x3: 0.22 0.22 0.22 0.22 0.22 0.22 0.21 0.21 0.21 0.22 0.22 0.22 0.22
  per-rule acc: 0.26 0.18
Epoch 4400 | Train: Loss=0.1310 Acc=99.9% | Test: Acc=22.7% | Best=22.7%(@4400)
  from x3: 0.23 0.23 0.23 0.23 0.23 0.23 0.23 0.23 0.23 0.23 0.23 0.23 0.23
  per-rule acc: 0.27 0.19
Epoch 4420 | Train: Loss=0.1365 Acc=99.8% | Test: Acc=22.5% | Best=22.7%(@4400)
  from x3: 0.23 0.23 0.22 0.22 0.22 0.23 0.22 0.23 0.22 0.22 0.22 0.22 0.22
  per-rule acc: 0.26 0.18
Epoch 4440 | Train: Loss=0.1415 Acc=99.8% | Test: Acc=22.1% | Best=22.7%(@4400)
  from x3: 0.22 0.23 0.22 0.22 0.22 0.22 0.22 0.22 0.22 0.22 0.22 0.22 0.22
  per-rule acc: 0.26 0.18
Epoch 4460 | Train: Loss=0.1314 Acc=99.9% | Test: Acc=22.9% | Best=22.9%(@4460)
  from x3: 0.23 0.23 0.23 0.23 0.23 0.23 0.23 0.23 0.23 0.23 0.23 0.23 0.23
  per-rule acc: 0.27 0.19
Epoch 4480 | Train: Loss=0.1137 Acc=99.9% | Test: Acc=22.8% | Best=22.9%(@4460)
  from x3: 0.22 0.23 0.23 0.23 0.23 0.23 0.23 0.23 0.23 0.23 0.23 0.23 0.23
  per-rule acc: 0.27 0.18
Epoch 4500 | Train: Loss=0.1302 Acc=99.8% | Test: Acc=22.2% | Best=22.9%(@4460)
  from x3: 0.23 0.23 0.22 0.22 0.22 0.22 0.22 0.22 0.22 0.22 0.22 0.22 0.22
  per-rule acc: 0.26 0.18
Epoch 4520 | Train: Loss=0.1359 Acc=99.9% | Test: Acc=22.6% | Best=22.9%(@4460)
  from x3: 0.23 0.23 0.23 0.23 0.23 0.23 0.23 0.23 0.23 0.23 0.23 0.23 0.23
  per-rule acc: 0.27 0.19
Epoch 4540 | Train: Loss=0.1254 Acc=99.9% | Test: Acc=22.7% | Best=22.9%(@4460)
  from x3: 0.23 0.23 0.23 0.23 0.23 0.23 0.23 0.23 0.23 0.23 0.23 0.23 0.23
  per-rule acc: 0.27 0.19
Epoch 4560 | Train: Loss=0.1393 Acc=99.9% | Test: Acc=22.7% | Best=22.9%(@4460)
  from x3: 0.22 0.23 0.23 0.23 0.23 0.23 0.23 0.23 0.23 0.23 0.23 0.23 0.23
  per-rule acc: 0.26 0.19
Epoch 4580 | Train: Loss=0.1290 Acc=99.8% | Test: Acc=22.8% | Best=22.9%(@4460)
  from x3: 0.23 0.23 0.23 0.23 0.23 0.23 0.23 0.23 0.23 0.23 0.23 0.23 0.23
  per-rule acc: 0.26 0.19
Epoch 4600 | Train: Loss=0.1338 Acc=99.8% | Test: Acc=22.5% | Best=22.9%(@4460)
  from x3: 0.23 0.23 0.23 0.23 0.23 0.22 0.22 0.22 0.22 0.23 0.22 0.22 0.22
  per-rule acc: 0.26 0.19
Epoch 4620 | Train: Loss=0.1388 Acc=99.9% | Test: Acc=23.0% | Best=23.0%(@4620)
  from x3: 0.23 0.23 0.23 0.23 0.23 0.23 0.23 0.23 0.23 0.23 0.23 0.23 0.23
  per-rule acc: 0.27 0.19
Epoch 4640 | Train: Loss=0.1153 Acc=99.9% | Test: Acc=22.9% | Best=23.0%(@4620)
  from x3: 0.24 0.23 0.23 0.23 0.23 0.23 0.23 0.23 0.23 0.23 0.23 0.23 0.23
  per-rule acc: 0.26 0.19
Epoch 4660 | Train: Loss=0.1235 Acc=99.9% | Test: Acc=22.8% | Best=23.0%(@4620)
  from x3: 0.23 0.23 0.23 0.23 0.23 0.23 0.23 0.23 0.23 0.23 0.23 0.23 0.23
  per-rule acc: 0.27 0.19
Epoch 4680 | Train: Loss=0.1356 Acc=99.9% | Test: Acc=23.1% | Best=23.1%(@4680)
  from x3: 0.23 0.24 0.23 0.23 0.23 0.23 0.23 0.23 0.23 0.23 0.23 0.23 0.23
  per-rule acc: 0.27 0.19
Epoch 4700 | Train: Loss=0.1266 Acc=99.9% | Test: Acc=22.8% | Best=23.1%(@4680)
  from x3: 0.23 0.23 0.23 0.23 0.23 0.23 0.23 0.23 0.23 0.23 0.23 0.23 0.23
  per-rule acc: 0.27 0.19
Epoch 4720 | Train: Loss=0.1307 Acc=99.9% | Test: Acc=22.7% | Best=23.1%(@4680)
  from x3: 0.23 0.23 0.23 0.23 0.23 0.23 0.23 0.23 0.23 0.23 0.23 0.23 0.23
  per-rule acc: 0.27 0.19
Epoch 4740 | Train: Loss=0.1195 Acc=99.9% | Test: Acc=23.1% | Best=23.1%(@4740)
  from x3: 0.23 0.24 0.23 0.23 0.23 0.23 0.23 0.23 0.23 0.23 0.23 0.23 0.23
  per-rule acc: 0.27 0.19
Epoch 4760 | Train: Loss=0.1239 Acc=99.8% | Test: Acc=23.4% | Best=23.4%(@4760)
  from x3: 0.24 0.24 0.23 0.23 0.23 0.23 0.23 0.23 0.23 0.23 0.23 0.23 0.23
  per-rule acc: 0.27 0.20
Epoch 4780 | Train: Loss=0.1349 Acc=99.9% | Test: Acc=23.3% | Best=23.4%(@4760)
  from x3: 0.23 0.24 0.23 0.23 0.23 0.23 0.23 0.23 0.23 0.23 0.23 0.23 0.23
  per-rule acc: 0.27 0.20
Epoch 4800 | Train: Loss=0.1112 Acc=99.9% | Test: Acc=23.3% | Best=23.4%(@4760)
  from x3: 0.23 0.24 0.23 0.23 0.23 0.23 0.23 0.23 0.23 0.23 0.23 0.23 0.23
  per-rule acc: 0.27 0.20
Epoch 4820 | Train: Loss=0.1276 Acc=99.9% | Test: Acc=23.3% | Best=23.4%(@4760)
  from x3: 0.24 0.24 0.23 0.23 0.23 0.23 0.23 0.23 0.23 0.23 0.23 0.23 0.23
  per-rule acc: 0.27 0.20
Epoch 4840 | Train: Loss=0.1341 Acc=99.9% | Test: Acc=23.6% | Best=23.6%(@4840)
  from x3: 0.23 0.24 0.24 0.24 0.24 0.24 0.24 0.24 0.23 0.24 0.24 0.24 0.24
  per-rule acc: 0.27 0.20
Epoch 4860 | Train: Loss=0.1144 Acc=99.9% | Test: Acc=23.4% | Best=23.6%(@4840)
  from x3: 0.24 0.24 0.23 0.23 0.23 0.23 0.23 0.23 0.23 0.23 0.23 0.23 0.23
  per-rule acc: 0.27 0.20
Epoch 4880 | Train: Loss=0.1283 Acc=99.8% | Test: Acc=23.4% | Best=23.6%(@4840)
  from x3: 0.24 0.24 0.23 0.23 0.23 0.23 0.23 0.23 0.23 0.23 0.23 0.23 0.23
  per-rule acc: 0.27 0.20
Epoch 4900 | Train: Loss=0.1242 Acc=99.9% | Test: Acc=23.5% | Best=23.6%(@4840)
  from x3: 0.23 0.24 0.23 0.23 0.24 0.24 0.24 0.24 0.24 0.23 0.23 0.23 0.23
  per-rule acc: 0.27 0.20
Epoch 4920 | Train: Loss=0.1305 Acc=99.9% | Test: Acc=23.4% | Best=23.6%(@4840)
  from x3: 0.24 0.24 0.23 0.23 0.23 0.23 0.23 0.23 0.23 0.23 0.23 0.23 0.23
  per-rule acc: 0.27 0.20
Epoch 4940 | Train: Loss=0.1163 Acc=99.8% | Test: Acc=23.6% | Best=23.6%(@4940)
  from x3: 0.24 0.24 0.24 0.24 0.24 0.24 0.24 0.24 0.24 0.24 0.24 0.24 0.24
  per-rule acc: 0.27 0.20
Epoch 4960 | Train: Loss=0.1324 Acc=99.9% | Test: Acc=23.7% | Best=23.7%(@4960)
  from x3: 0.23 0.24 0.24 0.24 0.24 0.24 0.24 0.24 0.24 0.24 0.24 0.24 0.24
  per-rule acc: 0.27 0.20
Epoch 4980 | Train: Loss=0.1119 Acc=99.9% | Test: Acc=23.4% | Best=23.7%(@4960)
  from x3: 0.24 0.24 0.23 0.23 0.23 0.23 0.23 0.23 0.23 0.23 0.23 0.23 0.24
  per-rule acc: 0.27 0.19
Epoch 5000 | Train: Loss=0.1240 Acc=99.9% | Test: Acc=23.7% | Best=23.7%(@4960)
  from x3: 0.24 0.24 0.24 0.24 0.24 0.24 0.24 0.24 0.24 0.24 0.23 0.23 0.23
  per-rule acc: 0.28 0.20
Epoch 5020 | Train: Loss=0.1217 Acc=99.9% | Test: Acc=23.7% | Best=23.7%(@5020)
  from x3: 0.24 0.24 0.24 0.24 0.24 0.24 0.24 0.24 0.24 0.24 0.24 0.24 0.24
  per-rule acc: 0.27 0.20
Epoch 5040 | Train: Loss=0.1141 Acc=99.9% | Test: Acc=23.6% | Best=23.7%(@5020)
  from x3: 0.24 0.24 0.24 0.23 0.23 0.24 0.24 0.24 0.24 0.24 0.24 0.24 0.24
  per-rule acc: 0.27 0.20
Epoch 5060 | Train: Loss=0.1224 Acc=99.9% | Test: Acc=23.5% | Best=23.7%(@5020)
  from x3: 0.24 0.24 0.24 0.23 0.23 0.23 0.23 0.23 0.23 0.23 0.23 0.23 0.23
  per-rule acc: 0.27 0.20
Epoch 5080 | Train: Loss=0.1165 Acc=99.9% | Test: Acc=23.9% | Best=23.9%(@5080)
  from x3: 0.24 0.24 0.24 0.24 0.24 0.24 0.24 0.24 0.24 0.24 0.24 0.24 0.24
  per-rule acc: 0.28 0.20
Epoch 5100 | Train: Loss=0.1160 Acc=99.9% | Test: Acc=23.9% | Best=23.9%(@5080)
  from x3: 0.24 0.24 0.24 0.24 0.24 0.24 0.24 0.24 0.24 0.24 0.24 0.24 0.24
  per-rule acc: 0.28 0.20
Epoch 5120 | Train: Loss=0.1283 Acc=99.9% | Test: Acc=23.8% | Best=23.9%(@5080)
  from x3: 0.24 0.24 0.24 0.24 0.24 0.24 0.24 0.24 0.24 0.24 0.24 0.24 0.24
  per-rule acc: 0.28 0.20
Epoch 5140 | Train: Loss=0.1178 Acc=99.9% | Test: Acc=24.0% | Best=24.0%(@5140)
  from x3: 0.24 0.24 0.24 0.24 0.24 0.24 0.24 0.24 0.24 0.24 0.24 0.24 0.24
  per-rule acc: 0.28 0.20
Epoch 5160 | Train: Loss=0.1245 Acc=99.9% | Test: Acc=23.9% | Best=24.0%(@5140)
  from x3: 0.24 0.24 0.24 0.24 0.24 0.24 0.24 0.24 0.24 0.24 0.24 0.24 0.24
  per-rule acc: 0.27 0.20
Epoch 5180 | Train: Loss=0.1170 Acc=99.9% | Test: Acc=23.9% | Best=24.0%(@5140)
  from x3: 0.24 0.25 0.24 0.24 0.24 0.24 0.24 0.24 0.24 0.24 0.24 0.24 0.24
  per-rule acc: 0.28 0.20
Epoch 5200 | Train: Loss=0.1196 Acc=99.9% | Test: Acc=24.0% | Best=24.0%(@5200)
  from x3: 0.24 0.24 0.24 0.24 0.24 0.24 0.24 0.24 0.24 0.24 0.24 0.24 0.24
  per-rule acc: 0.28 0.20
Epoch 5220 | Train: Loss=0.1250 Acc=99.9% | Test: Acc=24.5% | Best=24.5%(@5220)
  from x3: 0.24 0.25 0.24 0.25 0.25 0.25 0.25 0.24 0.24 0.24 0.25 0.25 0.25
  per-rule acc: 0.28 0.21
Epoch 5240 | Train: Loss=0.1259 Acc=99.9% | Test: Acc=24.5% | Best=24.5%(@5220)
  from x3: 0.24 0.25 0.24 0.24 0.24 0.25 0.24 0.24 0.24 0.24 0.24 0.24 0.24
  per-rule acc: 0.28 0.21
Epoch 5260 | Train: Loss=0.1069 Acc=99.9% | Test: Acc=24.4% | Best=24.5%(@5220)
  from x3: 0.24 0.25 0.24 0.25 0.25 0.25 0.25 0.25 0.24 0.24 0.24 0.24 0.24
  per-rule acc: 0.28 0.21
Epoch 5280 | Train: Loss=0.1172 Acc=99.9% | Test: Acc=24.6% | Best=24.6%(@5280)
  from x3: 0.24 0.25 0.25 0.25 0.25 0.25 0.25 0.25 0.25 0.25 0.25 0.25 0.25
  per-rule acc: 0.29 0.20
Epoch 5300 | Train: Loss=0.1199 Acc=99.9% | Test: Acc=24.6% | Best=24.6%(@5300)
  from x3: 0.25 0.25 0.25 0.25 0.25 0.25 0.25 0.25 0.25 0.25 0.25 0.25 0.25
  per-rule acc: 0.28 0.21
Epoch 5320 | Train: Loss=0.1178 Acc=99.9% | Test: Acc=24.3% | Best=24.6%(@5300)
  from x3: 0.24 0.25 0.24 0.24 0.24 0.24 0.24 0.24 0.24 0.24 0.24 0.24 0.24
  per-rule acc: 0.29 0.20
Epoch 5340 | Train: Loss=0.1174 Acc=99.8% | Test: Acc=24.1% | Best=24.6%(@5300)
  from x3: 0.24 0.25 0.24 0.24 0.24 0.24 0.24 0.24 0.24 0.24 0.24 0.24 0.24
  per-rule acc: 0.28 0.20
Epoch 5360 | Train: Loss=0.1198 Acc=99.9% | Test: Acc=24.4% | Best=24.6%(@5300)
  from x3: 0.24 0.25 0.24 0.24 0.24 0.24 0.24 0.24 0.24 0.25 0.24 0.24 0.24
  per-rule acc: 0.28 0.20
Epoch 5380 | Train: Loss=0.1256 Acc=99.9% | Test: Acc=24.8% | Best=24.8%(@5380)
  from x3: 0.25 0.25 0.25 0.25 0.25 0.25 0.25 0.25 0.25 0.25 0.25 0.25 0.25
  per-rule acc: 0.29 0.21
Epoch 5400 | Train: Loss=0.1131 Acc=99.9% | Test: Acc=24.4% | Best=24.8%(@5380)
  from x3: 0.25 0.25 0.24 0.24 0.24 0.24 0.24 0.24 0.24 0.24 0.24 0.24 0.24
  per-rule acc: 0.28 0.20
Epoch 5420 | Train: Loss=0.1156 Acc=99.9% | Test: Acc=24.2% | Best=24.8%(@5380)
  from x3: 0.24 0.25 0.24 0.24 0.24 0.24 0.24 0.24 0.24 0.24 0.24 0.24 0.24
  per-rule acc: 0.28 0.20
Epoch 5440 | Train: Loss=0.1240 Acc=99.9% | Test: Acc=24.3% | Best=24.8%(@5380)
  from x3: 0.24 0.25 0.24 0.24 0.24 0.24 0.24 0.24 0.24 0.24 0.24 0.24 0.24
  per-rule acc: 0.28 0.20
Epoch 5460 | Train: Loss=0.1102 Acc=99.9% | Test: Acc=24.9% | Best=24.9%(@5460)
  from x3: 0.25 0.25 0.25 0.25 0.25 0.25 0.25 0.25 0.25 0.25 0.25 0.25 0.25
  per-rule acc: 0.29 0.21
Epoch 5480 | Train: Loss=0.1197 Acc=99.9% | Test: Acc=24.7% | Best=24.9%(@5460)
  from x3: 0.24 0.25 0.25 0.25 0.25 0.25 0.25 0.25 0.25 0.25 0.25 0.25 0.25
  per-rule acc: 0.29 0.21
Epoch 5500 | Train: Loss=0.1164 Acc=99.9% | Test: Acc=24.5% | Best=24.9%(@5460)
  from x3: 0.25 0.25 0.25 0.24 0.25 0.25 0.24 0.25 0.25 0.24 0.25 0.24 0.24
  per-rule acc: 0.28 0.21
Epoch 5520 | Train: Loss=0.1090 Acc=99.9% | Test: Acc=24.6% | Best=24.9%(@5460)
  from x3: 0.24 0.25 0.25 0.25 0.25 0.25 0.25 0.25 0.25 0.25 0.25 0.25 0.25
  per-rule acc: 0.28 0.21
Epoch 5540 | Train: Loss=0.1075 Acc=99.9% | Test: Acc=24.7% | Best=24.9%(@5460)
  from x3: 0.25 0.25 0.25 0.25 0.25 0.25 0.25 0.25 0.25 0.25 0.25 0.25 0.25
  per-rule acc: 0.28 0.21
Epoch 5560 | Train: Loss=0.1173 Acc=99.9% | Test: Acc=24.9% | Best=24.9%(@5560)
  from x3: 0.25 0.25 0.25 0.25 0.25 0.25 0.25 0.25 0.25 0.25 0.25 0.25 0.25
  per-rule acc: 0.29 0.21
Epoch 5580 | Train: Loss=0.1138 Acc=99.9% | Test: Acc=24.8% | Best=24.9%(@5560)
  from x3: 0.25 0.25 0.25 0.25 0.25 0.25 0.25 0.25 0.25 0.25 0.25 0.25 0.25
  per-rule acc: 0.28 0.22
Epoch 5600 | Train: Loss=0.1136 Acc=99.9% | Test: Acc=25.0% | Best=25.0%(@5600)
  from x3: 0.25 0.25 0.25 0.25 0.25 0.25 0.25 0.25 0.25 0.25 0.25 0.25 0.25
  per-rule acc: 0.29 0.21
Epoch 5620 | Train: Loss=0.1008 Acc=99.9% | Test: Acc=24.8% | Best=25.0%(@5600)
  from x3: 0.25 0.25 0.25 0.25 0.25 0.25 0.25 0.25 0.25 0.25 0.25 0.25 0.25
  per-rule acc: 0.28 0.21
Epoch 5640 | Train: Loss=0.1237 Acc=99.9% | Test: Acc=24.8% | Best=25.0%(@5600)
  from x3: 0.25 0.25 0.25 0.25 0.25 0.25 0.25 0.25 0.25 0.25 0.25 0.25 0.25
  per-rule acc: 0.29 0.21
Epoch 5660 | Train: Loss=0.1068 Acc=99.9% | Test: Acc=25.2% | Best=25.2%(@5660)
  from x3: 0.25 0.25 0.25 0.25 0.25 0.25 0.25 0.25 0.25 0.25 0.25 0.25 0.25
  per-rule acc: 0.29 0.21
Epoch 5680 | Train: Loss=0.1111 Acc=99.9% | Test: Acc=25.0% | Best=25.2%(@5660)
  from x3: 0.25 0.25 0.25 0.25 0.25 0.25 0.25 0.25 0.25 0.25 0.25 0.25 0.25
  per-rule acc: 0.29 0.21
Epoch 5700 | Train: Loss=0.1177 Acc=99.9% | Test: Acc=25.0% | Best=25.2%(@5660)
  from x3: 0.25 0.25 0.25 0.25 0.25 0.25 0.25 0.25 0.25 0.25 0.25 0.25 0.25
  per-rule acc: 0.29 0.21
Epoch 5720 | Train: Loss=0.0996 Acc=99.9% | Test: Acc=24.9% | Best=25.2%(@5660)
  from x3: 0.25 0.25 0.25 0.25 0.25 0.25 0.25 0.25 0.25 0.25 0.25 0.25 0.25
  per-rule acc: 0.29 0.21
Epoch 5740 | Train: Loss=0.1201 Acc=99.9% | Test: Acc=25.0% | Best=25.2%(@5660)
  from x3: 0.25 0.25 0.25 0.25 0.25 0.25 0.25 0.25 0.25 0.25 0.25 0.25 0.25
  per-rule acc: 0.29 0.21
Epoch 5760 | Train: Loss=0.1056 Acc=99.9% | Test: Acc=25.1% | Best=25.2%(@5660)
  from x3: 0.25 0.25 0.25 0.25 0.25 0.25 0.25 0.25 0.25 0.25 0.25 0.25 0.25
  per-rule acc: 0.29 0.21
Epoch 5780 | Train: Loss=0.1059 Acc=99.9% | Test: Acc=25.0% | Best=25.2%(@5660)
  from x3: 0.25 0.25 0.25 0.25 0.25 0.25 0.25 0.25 0.25 0.25 0.25 0.25 0.25
  per-rule acc: 0.29 0.21
Epoch 5800 | Train: Loss=0.1150 Acc=99.9% | Test: Acc=24.9% | Best=25.2%(@5660)
  from x3: 0.25 0.25 0.25 0.25 0.25 0.25 0.25 0.25 0.25 0.25 0.25 0.25 0.25
  per-rule acc: 0.29 0.21
Epoch 5820 | Train: Loss=0.1010 Acc=99.9% | Test: Acc=25.1% | Best=25.2%(@5660)
  from x3: 0.25 0.25 0.25 0.25 0.25 0.25 0.25 0.25 0.25 0.25 0.25 0.25 0.25
  per-rule acc: 0.29 0.21
Epoch 5840 | Train: Loss=0.1177 Acc=99.9% | Test: Acc=25.3% | Best=25.3%(@5840)
  from x3: 0.25 0.25 0.25 0.25 0.25 0.25 0.25 0.25 0.25 0.25 0.25 0.25 0.25
  per-rule acc: 0.29 0.22
Epoch 5860 | Train: Loss=0.1017 Acc=99.9% | Test: Acc=25.3% | Best=25.3%(@5860)
  from x3: 0.25 0.25 0.25 0.25 0.25 0.25 0.25 0.25 0.25 0.25 0.25 0.25 0.25
  per-rule acc: 0.29 0.22
Epoch 5880 | Train: Loss=0.1097 Acc=99.9% | Test: Acc=25.4% | Best=25.4%(@5880)
  from x3: 0.25 0.25 0.26 0.25 0.25 0.25 0.25 0.26 0.25 0.26 0.25 0.25 0.25
  per-rule acc: 0.29 0.22
Epoch 5900 | Train: Loss=0.1009 Acc=99.9% | Test: Acc=25.4% | Best=25.4%(@5880)
  from x3: 0.25 0.25 0.25 0.25 0.25 0.25 0.25 0.25 0.25 0.25 0.25 0.25 0.25
  per-rule acc: 0.30 0.21
Epoch 5920 | Train: Loss=0.0984 Acc=99.9% | Test: Acc=25.3% | Best=25.4%(@5880)
  from x3: 0.25 0.25 0.25 0.25 0.25 0.25 0.25 0.25 0.25 0.25 0.25 0.25 0.25
  per-rule acc: 0.29 0.21
Epoch 5940 | Train: Loss=0.1093 Acc=99.9% | Test: Acc=25.0% | Best=25.4%(@5880)
  from x3: 0.25 0.25 0.25 0.25 0.25 0.25 0.25 0.25 0.25 0.25 0.25 0.25 0.25
  per-rule acc: 0.29 0.21
Epoch 5960 | Train: Loss=0.1109 Acc=99.9% | Test: Acc=25.5% | Best=25.5%(@5960)
  from x3: 0.25 0.26 0.25 0.25 0.25 0.25 0.25 0.25 0.25 0.25 0.26 0.26 0.25
  per-rule acc: 0.29 0.21
Epoch 5980 | Train: Loss=0.1108 Acc=99.9% | Test: Acc=25.4% | Best=25.5%(@5960)
  from x3: 0.25 0.26 0.25 0.25 0.25 0.25 0.25 0.25 0.25 0.25 0.25 0.25 0.25
  per-rule acc: 0.29 0.22
Epoch 6000 | Train: Loss=0.1051 Acc=99.9% | Test: Acc=25.4% | Best=25.5%(@5960)
  from x3: 0.25 0.26 0.26 0.25 0.25 0.25 0.25 0.25 0.25 0.25 0.25 0.25 0.25
  per-rule acc: 0.29 0.21
Epoch 6020 | Train: Loss=0.1005 Acc=99.9% | Test: Acc=25.5% | Best=25.5%(@6020)
  from x3: 0.25 0.26 0.25 0.25 0.25 0.25 0.25 0.25 0.25 0.25 0.25 0.25 0.25
  per-rule acc: 0.29 0.21
Epoch 6040 | Train: Loss=0.1128 Acc=99.9% | Test: Acc=25.7% | Best=25.7%(@6040)
  from x3: 0.26 0.26 0.26 0.26 0.26 0.26 0.26 0.26 0.26 0.26 0.26 0.26 0.26
  per-rule acc: 0.29 0.22
Epoch 6060 | Train: Loss=0.1049 Acc=99.9% | Test: Acc=25.6% | Best=25.7%(@6040)
  from x3: 0.25 0.26 0.26 0.26 0.26 0.26 0.26 0.26 0.26 0.26 0.26 0.26 0.26
  per-rule acc: 0.29 0.22
Epoch 6080 | Train: Loss=0.1050 Acc=99.9% | Test: Acc=25.4% | Best=25.7%(@6040)
  from x3: 0.25 0.26 0.25 0.25 0.25 0.25 0.25 0.25 0.25 0.25 0.25 0.25 0.25
  per-rule acc: 0.29 0.21
Epoch 6100 | Train: Loss=0.1116 Acc=99.9% | Test: Acc=25.4% | Best=25.7%(@6040)
  from x3: 0.25 0.26 0.26 0.25 0.25 0.25 0.25 0.25 0.25 0.25 0.25 0.25 0.25
  per-rule acc: 0.29 0.22
Epoch 6120 | Train: Loss=0.0975 Acc=99.9% | Test: Acc=25.5% | Best=25.7%(@6040)
  from x3: 0.25 0.26 0.25 0.25 0.26 0.26 0.25 0.25 0.26 0.25 0.25 0.25 0.25
  per-rule acc: 0.29 0.22
Epoch 6140 | Train: Loss=0.1018 Acc=99.9% | Test: Acc=25.4% | Best=25.7%(@6040)
  from x3: 0.25 0.26 0.26 0.25 0.25 0.25 0.25 0.25 0.25 0.25 0.25 0.25 0.25
  per-rule acc: 0.29 0.22
Epoch 6160 | Train: Loss=0.1128 Acc=99.9% | Test: Acc=25.7% | Best=25.7%(@6040)
  from x3: 0.25 0.26 0.26 0.26 0.26 0.26 0.26 0.26 0.26 0.26 0.26 0.26 0.26
  per-rule acc: 0.29 0.22
Epoch 6180 | Train: Loss=0.1067 Acc=99.9% | Test: Acc=25.5% | Best=25.7%(@6040)
  from x3: 0.25 0.26 0.25 0.26 0.25 0.25 0.26 0.26 0.26 0.26 0.26 0.26 0.26
  per-rule acc: 0.29 0.22
Epoch 6200 | Train: Loss=0.1100 Acc=99.9% | Test: Acc=25.4% | Best=25.7%(@6040)
  from x3: 0.26 0.26 0.25 0.25 0.25 0.25 0.25 0.25 0.25 0.25 0.25 0.25 0.25
  per-rule acc: 0.29 0.21
Epoch 6220 | Train: Loss=0.1053 Acc=99.9% | Test: Acc=26.0% | Best=26.0%(@6220)
  from x3: 0.25 0.26 0.26 0.26 0.26 0.26 0.26 0.26 0.26 0.26 0.26 0.26 0.26
  per-rule acc: 0.29 0.23
Epoch 6240 | Train: Loss=0.1006 Acc=99.9% | Test: Acc=25.8% | Best=26.0%(@6220)
  from x3: 0.26 0.26 0.26 0.26 0.26 0.26 0.26 0.26 0.26 0.26 0.26 0.26 0.26
  per-rule acc: 0.30 0.22
Epoch 6260 | Train: Loss=0.1050 Acc=99.9% | Test: Acc=25.7% | Best=26.0%(@6220)
  from x3: 0.25 0.26 0.26 0.26 0.26 0.26 0.26 0.26 0.26 0.26 0.26 0.26 0.26
  per-rule acc: 0.29 0.22
Epoch 6280 | Train: Loss=0.1033 Acc=99.9% | Test: Acc=26.0% | Best=26.0%(@6220)
  from x3: 0.26 0.26 0.26 0.26 0.26 0.26 0.26 0.26 0.26 0.26 0.26 0.26 0.26
  per-rule acc: 0.30 0.22
Epoch 6300 | Train: Loss=0.1028 Acc=99.9% | Test: Acc=25.6% | Best=26.0%(@6220)
  from x3: 0.26 0.26 0.26 0.26 0.26 0.26 0.26 0.26 0.26 0.26 0.26 0.26 0.26
  per-rule acc: 0.30 0.22
Epoch 6320 | Train: Loss=0.1037 Acc=99.9% | Test: Acc=25.7% | Best=26.0%(@6220)
  from x3: 0.25 0.26 0.26 0.26 0.26 0.26 0.26 0.26 0.26 0.26 0.26 0.26 0.26
  per-rule acc: 0.30 0.22
Epoch 6340 | Train: Loss=0.1017 Acc=99.9% | Test: Acc=25.8% | Best=26.0%(@6220)
  from x3: 0.26 0.26 0.26 0.26 0.26 0.26 0.26 0.26 0.26 0.26 0.26 0.26 0.26
  per-rule acc: 0.29 0.22
Epoch 6360 | Train: Loss=0.1058 Acc=99.9% | Test: Acc=25.6% | Best=26.0%(@6220)
  from x3: 0.26 0.26 0.26 0.26 0.26 0.26 0.26 0.26 0.26 0.26 0.26 0.26 0.26
  per-rule acc: 0.29 0.22
Epoch 6380 | Train: Loss=0.1068 Acc=99.9% | Test: Acc=26.0% | Best=26.0%(@6380)
  from x3: 0.26 0.26 0.26 0.26 0.26 0.26 0.26 0.26 0.26 0.26 0.26 0.26 0.26
  per-rule acc: 0.29 0.23
Epoch 6400 | Train: Loss=0.0974 Acc=99.9% | Test: Acc=25.5% | Best=26.0%(@6380)
  from x3: 0.26 0.26 0.26 0.25 0.25 0.25 0.25 0.25 0.25 0.25 0.25 0.25 0.26
  per-rule acc: 0.29 0.22
Epoch 6420 | Train: Loss=0.1016 Acc=99.9% | Test: Acc=25.7% | Best=26.0%(@6380)
  from x3: 0.26 0.26 0.26 0.26 0.26 0.26 0.26 0.26 0.26 0.26 0.26 0.26 0.26
  per-rule acc: 0.29 0.22
Epoch 6440 | Train: Loss=0.1009 Acc=99.9% | Test: Acc=25.7% | Best=26.0%(@6380)
  from x3: 0.26 0.26 0.26 0.26 0.26 0.26 0.26 0.26 0.26 0.26 0.26 0.26 0.26
  per-rule acc: 0.29 0.22
Epoch 6460 | Train: Loss=0.0983 Acc=99.9% | Test: Acc=25.8% | Best=26.0%(@6380)
  from x3: 0.26 0.26 0.26 0.26 0.26 0.26 0.26 0.26 0.26 0.26 0.26 0.26 0.26
  per-rule acc: 0.29 0.22
Epoch 6480 | Train: Loss=0.0986 Acc=99.9% | Test: Acc=25.8% | Best=26.0%(@6380)
  from x3: 0.26 0.26 0.26 0.26 0.26 0.26 0.26 0.26 0.26 0.26 0.26 0.26 0.26
  per-rule acc: 0.29 0.22
Epoch 6500 | Train: Loss=0.0976 Acc=99.9% | Test: Acc=25.7% | Best=26.0%(@6380)
  from x3: 0.26 0.26 0.26 0.26 0.26 0.26 0.26 0.26 0.26 0.26 0.26 0.26 0.26
  per-rule acc: 0.29 0.22
Epoch 6520 | Train: Loss=0.0975 Acc=99.9% | Test: Acc=25.8% | Best=26.0%(@6380)
  from x3: 0.26 0.26 0.26 0.26 0.26 0.26 0.26 0.26 0.26 0.26 0.26 0.26 0.26
  per-rule acc: 0.29 0.22
Epoch 6540 | Train: Loss=0.0986 Acc=99.9% | Test: Acc=25.6% | Best=26.0%(@6380)
  from x3: 0.26 0.26 0.26 0.25 0.25 0.25 0.26 0.25 0.26 0.26 0.26 0.26 0.25
  per-rule acc: 0.29 0.22
Epoch 6560 | Train: Loss=0.0994 Acc=99.9% | Test: Acc=25.8% | Best=26.0%(@6380)
  from x3: 0.26 0.26 0.26 0.26 0.26 0.26 0.26 0.26 0.26 0.26 0.26 0.26 0.26
  per-rule acc: 0.30 0.22
Epoch 6580 | Train: Loss=0.0947 Acc=99.9% | Test: Acc=25.7% | Best=26.0%(@6380)
  from x3: 0.26 0.26 0.26 0.26 0.26 0.26 0.26 0.26 0.26 0.26 0.26 0.26 0.26
  per-rule acc: 0.29 0.22
Epoch 6600 | Train: Loss=0.0971 Acc=99.9% | Test: Acc=25.9% | Best=26.0%(@6380)
  from x3: 0.26 0.26 0.26 0.26 0.26 0.26 0.26 0.26 0.26 0.26 0.26 0.26 0.26
  per-rule acc: 0.29 0.22
Epoch 6620 | Train: Loss=0.1047 Acc=99.9% | Test: Acc=25.9% | Best=26.0%(@6380)
  from x3: 0.26 0.26 0.26 0.26 0.26 0.26 0.26 0.26 0.26 0.26 0.26 0.26 0.26
  per-rule acc: 0.29 0.22
Epoch 6640 | Train: Loss=0.0984 Acc=99.9% | Test: Acc=25.9% | Best=26.0%(@6380)
  from x3: 0.26 0.26 0.26 0.26 0.26 0.26 0.26 0.26 0.26 0.26 0.26 0.26 0.26
  per-rule acc: 0.29 0.23
Epoch 6660 | Train: Loss=0.1000 Acc=99.9% | Test: Acc=25.9% | Best=26.0%(@6380)
  from x3: 0.26 0.26 0.26 0.26 0.26 0.26 0.26 0.26 0.26 0.26 0.26 0.26 0.26
  per-rule acc: 0.29 0.22
Epoch 6680 | Train: Loss=0.1000 Acc=99.9% | Test: Acc=25.8% | Best=26.0%(@6380)
  from x3: 0.26 0.26 0.26 0.26 0.26 0.26 0.26 0.26 0.26 0.26 0.26 0.26 0.26
  per-rule acc: 0.29 0.22
Epoch 6700 | Train: Loss=0.1002 Acc=99.9% | Test: Acc=25.8% | Best=26.0%(@6380)
  from x3: 0.26 0.26 0.26 0.26 0.26 0.26 0.26 0.26 0.26 0.26 0.26 0.26 0.26
  per-rule acc: 0.29 0.22
Epoch 6720 | Train: Loss=0.0969 Acc=99.9% | Test: Acc=25.8% | Best=26.0%(@6380)
  from x3: 0.26 0.26 0.26 0.26 0.26 0.26 0.26 0.26 0.26 0.26 0.26 0.26 0.26
  per-rule acc: 0.30 0.22
Epoch 6740 | Train: Loss=0.0971 Acc=99.9% | Test: Acc=26.0% | Best=26.0%(@6380)
  from x3: 0.26 0.26 0.26 0.26 0.26 0.26 0.26 0.26 0.26 0.26 0.26 0.26 0.26
  per-rule acc: 0.30 0.22
Epoch 6760 | Train: Loss=0.0967 Acc=99.9% | Test: Acc=25.7% | Best=26.0%(@6380)
  from x3: 0.26 0.26 0.26 0.26 0.26 0.26 0.26 0.26 0.26 0.26 0.26 0.26 0.26
  per-rule acc: 0.29 0.22
Epoch 6780 | Train: Loss=0.0972 Acc=99.9% | Test: Acc=26.3% | Best=26.3%(@6780)
  from x3: 0.26 0.26 0.26 0.26 0.26 0.26 0.26 0.26 0.26 0.26 0.26 0.26 0.26
  per-rule acc: 0.30 0.23
Epoch 6800 | Train: Loss=0.0959 Acc=99.9% | Test: Acc=26.1% | Best=26.3%(@6780)
  from x3: 0.26 0.26 0.26 0.26 0.26 0.26 0.26 0.26 0.26 0.26 0.26 0.26 0.26
  per-rule acc: 0.30 0.22
Epoch 6820 | Train: Loss=0.0981 Acc=99.9% | Test: Acc=26.0% | Best=26.3%(@6780)
  from x3: 0.26 0.26 0.26 0.26 0.26 0.26 0.26 0.26 0.26 0.26 0.26 0.26 0.26
  per-rule acc: 0.30 0.22
Epoch 6840 | Train: Loss=0.1011 Acc=99.9% | Test: Acc=26.3% | Best=26.3%(@6840)
  from x3: 0.26 0.26 0.26 0.26 0.26 0.26 0.26 0.26 0.26 0.26 0.26 0.26 0.26
  per-rule acc: 0.30 0.22
Epoch 6860 | Train: Loss=0.1003 Acc=99.9% | Test: Acc=26.1% | Best=26.3%(@6840)
  from x3: 0.26 0.26 0.26 0.26 0.26 0.26 0.26 0.26 0.26 0.26 0.26 0.26 0.26
  per-rule acc: 0.30 0.23
Epoch 6880 | Train: Loss=0.0968 Acc=99.9% | Test: Acc=26.5% | Best=26.5%(@6880)
  from x3: 0.26 0.27 0.26 0.27 0.27 0.26 0.26 0.26 0.26 0.26 0.26 0.26 0.26
  per-rule acc: 0.30 0.23
Epoch 6900 | Train: Loss=0.0954 Acc=99.9% | Test: Acc=26.2% | Best=26.5%(@6880)
  from x3: 0.26 0.26 0.26 0.26 0.26 0.26 0.26 0.26 0.26 0.26 0.26 0.26 0.26
  per-rule acc: 0.30 0.22
Epoch 6920 | Train: Loss=0.0949 Acc=99.9% | Test: Acc=26.1% | Best=26.5%(@6880)
  from x3: 0.26 0.26 0.26 0.26 0.26 0.26 0.26 0.26 0.26 0.26 0.26 0.26 0.26
  per-rule acc: 0.30 0.22
Epoch 6940 | Train: Loss=0.0957 Acc=99.9% | Test: Acc=26.2% | Best=26.5%(@6880)
  from x3: 0.26 0.26 0.26 0.26 0.26 0.26 0.26 0.26 0.26 0.26 0.26 0.26 0.26
  per-rule acc: 0.30 0.22
Epoch 6960 | Train: Loss=0.1017 Acc=99.9% | Test: Acc=26.4% | Best=26.5%(@6880)
  from x3: 0.26 0.27 0.27 0.26 0.26 0.26 0.26 0.26 0.26 0.26 0.26 0.26 0.26
  per-rule acc: 0.31 0.22
Epoch 6980 | Train: Loss=0.0967 Acc=99.9% | Test: Acc=26.3% | Best=26.5%(@6880)
  from x3: 0.26 0.27 0.26 0.26 0.26 0.26 0.26 0.26 0.26 0.26 0.26 0.26 0.26
  per-rule acc: 0.30 0.22
Epoch 7000 | Train: Loss=0.0961 Acc=99.9% | Test: Acc=26.2% | Best=26.5%(@6880)
  from x3: 0.27 0.26 0.26 0.26 0.26 0.26 0.26 0.26 0.26 0.26 0.26 0.26 0.26
  per-rule acc: 0.30 0.22
Epoch 7020 | Train: Loss=0.0957 Acc=99.9% | Test: Acc=26.3% | Best=26.5%(@6880)
  from x3: 0.26 0.26 0.26 0.26 0.26 0.26 0.26 0.26 0.26 0.26 0.26 0.26 0.26
  per-rule acc: 0.30 0.22
Epoch 7040 | Train: Loss=0.0983 Acc=99.9% | Test: Acc=26.0% | Best=26.5%(@6880)
  from x3: 0.26 0.26 0.26 0.26 0.26 0.26 0.26 0.26 0.26 0.26 0.26 0.26 0.26
  per-rule acc: 0.30 0.22
Epoch 7060 | Train: Loss=0.0953 Acc=99.9% | Test: Acc=26.2% | Best=26.5%(@6880)
  from x3: 0.27 0.26 0.26 0.26 0.26 0.26 0.26 0.26 0.26 0.26 0.26 0.26 0.26
  per-rule acc: 0.30 0.23
Epoch 7080 | Train: Loss=0.0942 Acc=99.9% | Test: Acc=26.2% | Best=26.5%(@6880)
  from x3: 0.26 0.26 0.26 0.26 0.26 0.26 0.26 0.26 0.26 0.26 0.26 0.26 0.26
  per-rule acc: 0.30 0.22
Epoch 7100 | Train: Loss=0.0932 Acc=99.9% | Test: Acc=26.2% | Best=26.5%(@6880)
  from x3: 0.27 0.26 0.26 0.26 0.26 0.26 0.26 0.26 0.26 0.26 0.26 0.26 0.26
  per-rule acc: 0.30 0.22
Epoch 7120 | Train: Loss=0.0954 Acc=99.9% | Test: Acc=26.1% | Best=26.5%(@6880)
  from x3: 0.27 0.26 0.26 0.26 0.26 0.26 0.26 0.26 0.26 0.26 0.26 0.26 0.26
  per-rule acc: 0.30 0.22
Epoch 7140 | Train: Loss=0.0946 Acc=99.9% | Test: Acc=26.4% | Best=26.5%(@6880)
  from x3: 0.26 0.27 0.26 0.26 0.26 0.26 0.26 0.26 0.26 0.26 0.26 0.26 0.27
  per-rule acc: 0.30 0.23
Epoch 7160 | Train: Loss=0.0944 Acc=99.9% | Test: Acc=26.3% | Best=26.5%(@6880)
  from x3: 0.26 0.26 0.26 0.26 0.26 0.26 0.26 0.26 0.26 0.26 0.26 0.26 0.26
  per-rule acc: 0.30 0.22
Epoch 7180 | Train: Loss=0.0950 Acc=99.9% | Test: Acc=26.3% | Best=26.5%(@6880)
  from x3: 0.26 0.26 0.26 0.26 0.26 0.26 0.26 0.26 0.26 0.26 0.26 0.26 0.26
  per-rule acc: 0.30 0.22
Epoch 7200 | Train: Loss=0.0914 Acc=99.9% | Test: Acc=26.3% | Best=26.5%(@6880)
  from x3: 0.26 0.27 0.26 0.26 0.26 0.26 0.26 0.26 0.26 0.26 0.26 0.26 0.26
  per-rule acc: 0.30 0.22
Epoch 7220 | Train: Loss=0.0945 Acc=99.9% | Test: Acc=26.1% | Best=26.5%(@6880)
  from x3: 0.26 0.26 0.26 0.26 0.26 0.26 0.26 0.26 0.26 0.26 0.26 0.26 0.26
  per-rule acc: 0.30 0.22
Epoch 7240 | Train: Loss=0.0949 Acc=99.9% | Test: Acc=26.2% | Best=26.5%(@6880)
  from x3: 0.26 0.26 0.26 0.26 0.26 0.26 0.26 0.26 0.26 0.26 0.26 0.26 0.26
  per-rule acc: 0.30 0.22
Epoch 7260 | Train: Loss=0.0911 Acc=99.9% | Test: Acc=26.3% | Best=26.5%(@6880)
  from x3: 0.27 0.26 0.26 0.26 0.26 0.26 0.26 0.26 0.26 0.26 0.26 0.26 0.26
  per-rule acc: 0.30 0.22
Epoch 7280 | Train: Loss=0.0923 Acc=99.9% | Test: Acc=26.2% | Best=26.5%(@6880)
  from x3: 0.26 0.26 0.26 0.26 0.26 0.26 0.26 0.26 0.26 0.26 0.26 0.26 0.26
  per-rule acc: 0.30 0.22
Epoch 7300 | Train: Loss=0.0904 Acc=99.9% | Test: Acc=26.3% | Best=26.5%(@6880)
  from x3: 0.27 0.27 0.26 0.26 0.26 0.26 0.26 0.26 0.26 0.26 0.26 0.26 0.26
  per-rule acc: 0.30 0.22
Epoch 7320 | Train: Loss=0.0914 Acc=99.9% | Test: Acc=26.0% | Best=26.5%(@6880)
  from x3: 0.26 0.26 0.26 0.26 0.26 0.26 0.26 0.26 0.26 0.26 0.26 0.26 0.26
  per-rule acc: 0.30 0.22
Epoch 7340 | Train: Loss=0.0912 Acc=99.9% | Test: Acc=26.2% | Best=26.5%(@6880)
  from x3: 0.27 0.27 0.26 0.26 0.26 0.26 0.26 0.26 0.26 0.26 0.26 0.26 0.26
  per-rule acc: 0.30 0.22
Epoch 7360 | Train: Loss=0.0912 Acc=99.9% | Test: Acc=26.2% | Best=26.5%(@6880)
  from x3: 0.26 0.26 0.26 0.26 0.26 0.26 0.26 0.26 0.26 0.26 0.26 0.26 0.26
  per-rule acc: 0.30 0.22
Epoch 7380 | Train: Loss=0.0913 Acc=99.9% | Test: Acc=26.3% | Best=26.5%(@6880)
  from x3: 0.26 0.26 0.26 0.26 0.26 0.26 0.26 0.26 0.26 0.26 0.26 0.26 0.26
  per-rule acc: 0.30 0.22
Epoch 7400 | Train: Loss=0.0913 Acc=99.9% | Test: Acc=26.5% | Best=26.5%(@7400)
  from x3: 0.26 0.26 0.27 0.26 0.26 0.27 0.27 0.26 0.26 0.27 0.27 0.26 0.27
  per-rule acc: 0.30 0.23
Epoch 7420 | Train: Loss=0.0898 Acc=99.9% | Test: Acc=26.3% | Best=26.5%(@7400)
  from x3: 0.27 0.27 0.26 0.26 0.26 0.26 0.26 0.26 0.26 0.26 0.26 0.26 0.26
  per-rule acc: 0.30 0.22
Epoch 7440 | Train: Loss=0.0879 Acc=99.9% | Test: Acc=26.3% | Best=26.5%(@7400)
  from x3: 0.26 0.27 0.26 0.26 0.26 0.26 0.26 0.26 0.26 0.26 0.26 0.26 0.26
  per-rule acc: 0.30 0.22
Epoch 7460 | Train: Loss=0.0906 Acc=99.9% | Test: Acc=26.3% | Best=26.5%(@7400)
  from x3: 0.26 0.27 0.26 0.26 0.26 0.26 0.26 0.26 0.26 0.26 0.26 0.26 0.26
  per-rule acc: 0.30 0.22
Epoch 7480 | Train: Loss=0.0906 Acc=99.9% | Test: Acc=26.1% | Best=26.5%(@7400)
  from x3: 0.27 0.26 0.26 0.26 0.26 0.26 0.26 0.26 0.26 0.26 0.26 0.26 0.26
  per-rule acc: 0.30 0.22
Epoch 7500 | Train: Loss=0.0893 Acc=99.9% | Test: Acc=26.4% | Best=26.5%(@7400)
  from x3: 0.27 0.27 0.26 0.26 0.26 0.26 0.26 0.26 0.26 0.26 0.26 0.26 0.26
  per-rule acc: 0.30 0.22
Epoch 7520 | Train: Loss=0.0872 Acc=99.9% | Test: Acc=26.3% | Best=26.5%(@7400)
  from x3: 0.26 0.27 0.26 0.26 0.26 0.26 0.26 0.26 0.26 0.26 0.26 0.26 0.26
  per-rule acc: 0.30 0.22
Epoch 7540 | Train: Loss=0.0902 Acc=99.9% | Test: Acc=26.1% | Best=26.5%(@7400)
  from x3: 0.26 0.27 0.26 0.26 0.26 0.26 0.26 0.26 0.26 0.26 0.26 0.26 0.26
  per-rule acc: 0.30 0.22
Epoch 7560 | Train: Loss=0.0886 Acc=99.9% | Test: Acc=26.2% | Best=26.5%(@7400)
  from x3: 0.26 0.27 0.26 0.26 0.26 0.26 0.26 0.26 0.26 0.26 0.26 0.26 0.26
  per-rule acc: 0.30 0.22
Epoch 7580 | Train: Loss=0.0872 Acc=99.9% | Test: Acc=26.3% | Best=26.5%(@7400)
  from x3: 0.27 0.27 0.26 0.26 0.26 0.26 0.26 0.26 0.26 0.26 0.26 0.26 0.26
  per-rule acc: 0.30 0.22
Epoch 7600 | Train: Loss=0.0859 Acc=99.9% | Test: Acc=26.3% | Best=26.5%(@7400)
  from x3: 0.27 0.27 0.26 0.26 0.26 0.26 0.26 0.26 0.26 0.26 0.26 0.26 0.26
  per-rule acc: 0.30 0.22
Epoch 7620 | Train: Loss=0.0885 Acc=99.9% | Test: Acc=26.2% | Best=26.5%(@7400)
  from x3: 0.26 0.26 0.26 0.26 0.26 0.26 0.26 0.26 0.26 0.26 0.26 0.26 0.26
  per-rule acc: 0.30 0.22
Epoch 7640 | Train: Loss=0.0877 Acc=99.9% | Test: Acc=26.2% | Best=26.5%(@7400)
  from x3: 0.27 0.27 0.26 0.26 0.26 0.26 0.26 0.26 0.26 0.26 0.26 0.26 0.26
  per-rule acc: 0.30 0.22
Epoch 7660 | Train: Loss=0.0870 Acc=99.9% | Test: Acc=26.2% | Best=26.5%(@7400)
  from x3: 0.27 0.26 0.26 0.26 0.26 0.26 0.26 0.26 0.26 0.26 0.26 0.26 0.26
  per-rule acc: 0.30 0.22
Epoch 7680 | Train: Loss=0.0854 Acc=99.9% | Test: Acc=26.2% | Best=26.5%(@7400)
  from x3: 0.27 0.27 0.26 0.26 0.26 0.26 0.26 0.26 0.26 0.26 0.26 0.26 0.26
  per-rule acc: 0.30 0.22
Epoch 7700 | Train: Loss=0.0873 Acc=99.9% | Test: Acc=26.3% | Best=26.5%(@7400)
  from x3: 0.26 0.27 0.26 0.26 0.26 0.26 0.26 0.26 0.26 0.26 0.26 0.26 0.26
  per-rule acc: 0.30 0.22
Epoch 7720 | Train: Loss=0.0859 Acc=99.9% | Test: Acc=26.2% | Best=26.5%(@7400)
  from x3: 0.27 0.26 0.26 0.26 0.26 0.26 0.26 0.26 0.26 0.26 0.26 0.26 0.26
  per-rule acc: 0.30 0.22
Epoch 7740 | Train: Loss=0.0845 Acc=99.9% | Test: Acc=26.2% | Best=26.5%(@7400)
  from x3: 0.26 0.26 0.26 0.26 0.26 0.26 0.26 0.26 0.26 0.26 0.26 0.26 0.26
  per-rule acc: 0.30 0.22
Epoch 7760 | Train: Loss=0.0853 Acc=99.9% | Test: Acc=26.1% | Best=26.5%(@7400)
  from x3: 0.27 0.26 0.26 0.26 0.26 0.26 0.26 0.26 0.26 0.26 0.26 0.26 0.26
  per-rule acc: 0.30 0.22
Epoch 7780 | Train: Loss=0.0846 Acc=99.9% | Test: Acc=26.1% | Best=26.5%(@7400)
  from x3: 0.27 0.27 0.26 0.26 0.26 0.26 0.26 0.26 0.26 0.26 0.26 0.26 0.26
  per-rule acc: 0.30 0.22
Epoch 7800 | Train: Loss=0.0838 Acc=99.9% | Test: Acc=26.1% | Best=26.5%(@7400)
  from x3: 0.27 0.27 0.26 0.26 0.26 0.26 0.26 0.26 0.26 0.26 0.26 0.26 0.26
  per-rule acc: 0.30 0.22
Epoch 7820 | Train: Loss=0.0837 Acc=99.9% | Test: Acc=26.1% | Best=26.5%(@7400)
  from x3: 0.27 0.27 0.26 0.26 0.26 0.26 0.26 0.26 0.26 0.26 0.26 0.26 0.26
  per-rule acc: 0.30 0.22
Epoch 7840 | Train: Loss=0.0830 Acc=99.9% | Test: Acc=26.0% | Best=26.5%(@7400)
  from x3: 0.26 0.26 0.26 0.26 0.26 0.26 0.26 0.26 0.26 0.26 0.26 0.26 0.26
  per-rule acc: 0.30 0.22
Epoch 7860 | Train: Loss=0.0817 Acc=99.9% | Test: Acc=26.1% | Best=26.5%(@7400)
  from x3: 0.27 0.26 0.26 0.26 0.26 0.26 0.26 0.26 0.26 0.26 0.26 0.26 0.26
  per-rule acc: 0.30 0.22
Epoch 7880 | Train: Loss=0.0817 Acc=99.9% | Test: Acc=26.0% | Best=26.5%(@7400)
  from x3: 0.26 0.27 0.26 0.26 0.26 0.26 0.26 0.26 0.26 0.26 0.26 0.26 0.26
  per-rule acc: 0.30 0.22
Epoch 7900 | Train: Loss=0.0819 Acc=99.9% | Test: Acc=26.1% | Best=26.5%(@7400)
  from x3: 0.27 0.26 0.26 0.26 0.26 0.26 0.26 0.26 0.26 0.26 0.26 0.26 0.26
  per-rule acc: 0.30 0.22
Epoch 7920 | Train: Loss=0.0806 Acc=99.9% | Test: Acc=26.0% | Best=26.5%(@7400)
  from x3: 0.27 0.26 0.26 0.26 0.26 0.26 0.26 0.26 0.26 0.26 0.26 0.26 0.26
  per-rule acc: 0.30 0.22
Epoch 7940 | Train: Loss=0.0799 Acc=99.9% | Test: Acc=26.0% | Best=26.5%(@7400)
  from x3: 0.27 0.26 0.26 0.26 0.26 0.26 0.26 0.26 0.26 0.26 0.26 0.26 0.26
  per-rule acc: 0.30 0.22
Epoch 7960 | Train: Loss=0.0791 Acc=99.9% | Test: Acc=26.0% | Best=26.5%(@7400)
  from x3: 0.27 0.26 0.26 0.26 0.26 0.26 0.26 0.26 0.26 0.26 0.26 0.26 0.26
  per-rule acc: 0.30 0.22
Epoch 7980 | Train: Loss=0.0792 Acc=99.9% | Test: Acc=26.0% | Best=26.5%(@7400)
  from x3: 0.27 0.26 0.26 0.26 0.26 0.26 0.26 0.26 0.26 0.26 0.26 0.26 0.26
  per-rule acc: 0.30 0.22
Epoch 8000 | Train: Loss=0.0791 Acc=99.9% | Test: Acc=25.9% | Best=26.5%(@7400)
  from x3: 0.27 0.26 0.26 0.26 0.26 0.26 0.26 0.26 0.26 0.26 0.26 0.26 0.26
  per-rule acc: 0.30 0.22
Epoch 8020 | Train: Loss=0.0781 Acc=99.9% | Test: Acc=26.0% | Best=26.5%(@7400)
  from x3: 0.27 0.26 0.26 0.26 0.26 0.26 0.26 0.26 0.26 0.26 0.26 0.26 0.26
  per-rule acc: 0.30 0.22
Epoch 8040 | Train: Loss=0.0776 Acc=99.9% | Test: Acc=25.9% | Best=26.5%(@7400)
  from x3: 0.27 0.26 0.26 0.26 0.26 0.26 0.26 0.26 0.26 0.26 0.26 0.26 0.26
  per-rule acc: 0.30 0.22
Epoch 8060 | Train: Loss=0.0769 Acc=99.9% | Test: Acc=26.0% | Best=26.5%(@7400)
  from x3: 0.27 0.26 0.26 0.26 0.26 0.26 0.26 0.26 0.26 0.26 0.26 0.26 0.26
  per-rule acc: 0.30 0.22
Epoch 8080 | Train: Loss=0.0766 Acc=99.9% | Test: Acc=25.9% | Best=26.5%(@7400)
  from x3: 0.27 0.26 0.26 0.26 0.26 0.26 0.26 0.26 0.26 0.26 0.26 0.26 0.26
  per-rule acc: 0.30 0.22
Epoch 8100 | Train: Loss=0.0761 Acc=99.9% | Test: Acc=25.9% | Best=26.5%(@7400)
  from x3: 0.27 0.26 0.26 0.26 0.26 0.26 0.26 0.26 0.26 0.26 0.26 0.26 0.26
  per-rule acc: 0.30 0.22
Epoch 8120 | Train: Loss=0.0752 Acc=99.9% | Test: Acc=26.0% | Best=26.5%(@7400)
  from x3: 0.27 0.26 0.26 0.26 0.26 0.26 0.26 0.26 0.26 0.26 0.26 0.26 0.26
  per-rule acc: 0.30 0.22
Epoch 8140 | Train: Loss=0.0755 Acc=99.9% | Test: Acc=25.8% | Best=26.5%(@7400)
  from x3: 0.27 0.26 0.26 0.26 0.26 0.26 0.26 0.26 0.26 0.26 0.26 0.26 0.26
  per-rule acc: 0.30 0.22
Epoch 8160 | Train: Loss=0.0749 Acc=99.9% | Test: Acc=25.9% | Best=26.5%(@7400)
  from x3: 0.27 0.26 0.26 0.26 0.26 0.26 0.26 0.26 0.26 0.26 0.26 0.26 0.26
  per-rule acc: 0.30 0.22
Epoch 8180 | Train: Loss=0.0741 Acc=99.9% | Test: Acc=25.9% | Best=26.5%(@7400)
  from x3: 0.27 0.26 0.26 0.26 0.26 0.26 0.26 0.26 0.26 0.26 0.26 0.26 0.26
  per-rule acc: 0.30 0.22
Epoch 8200 | Train: Loss=0.0733 Acc=99.9% | Test: Acc=25.8% | Best=26.5%(@7400)
  from x3: 0.27 0.26 0.26 0.26 0.26 0.26 0.26 0.26 0.26 0.26 0.26 0.26 0.26
  per-rule acc: 0.30 0.21
Epoch 8220 | Train: Loss=0.0734 Acc=99.9% | Test: Acc=25.9% | Best=26.5%(@7400)
  from x3: 0.27 0.26 0.26 0.26 0.26 0.26 0.26 0.26 0.26 0.26 0.26 0.26 0.26
  per-rule acc: 0.30 0.21
Epoch 8240 | Train: Loss=0.0731 Acc=99.9% | Test: Acc=25.8% | Best=26.5%(@7400)
  from x3: 0.27 0.26 0.26 0.26 0.26 0.26 0.26 0.26 0.26 0.26 0.26 0.26 0.26
  per-rule acc: 0.30 0.21
Epoch 8260 | Train: Loss=0.0725 Acc=99.9% | Test: Acc=25.9% | Best=26.5%(@7400)
  from x3: 0.27 0.26 0.26 0.26 0.26 0.26 0.26 0.26 0.26 0.26 0.26 0.26 0.26
  per-rule acc: 0.30 0.21
Epoch 8280 | Train: Loss=0.0719 Acc=99.9% | Test: Acc=25.8% | Best=26.5%(@7400)
  from x3: 0.27 0.26 0.26 0.26 0.26 0.26 0.26 0.26 0.26 0.26 0.26 0.26 0.26
  per-rule acc: 0.30 0.21
Epoch 8300 | Train: Loss=0.0713 Acc=99.9% | Test: Acc=25.9% | Best=26.5%(@7400)
  from x3: 0.27 0.26 0.26 0.26 0.26 0.26 0.26 0.26 0.26 0.26 0.26 0.26 0.26
  per-rule acc: 0.30 0.21
Epoch 8320 | Train: Loss=0.0708 Acc=99.9% | Test: Acc=25.9% | Best=26.5%(@7400)
  from x3: 0.27 0.26 0.26 0.26 0.26 0.26 0.26 0.26 0.26 0.26 0.26 0.26 0.26
  per-rule acc: 0.30 0.21
Epoch 8340 | Train: Loss=0.0704 Acc=99.9% | Test: Acc=25.8% | Best=26.5%(@7400)
  from x3: 0.27 0.26 0.26 0.26 0.26 0.26 0.26 0.26 0.26 0.26 0.26 0.26 0.26
  per-rule acc: 0.30 0.21
Epoch 8360 | Train: Loss=0.0699 Acc=99.9% | Test: Acc=25.9% | Best=26.5%(@7400)
  from x3: 0.27 0.26 0.26 0.26 0.26 0.26 0.26 0.26 0.26 0.26 0.26 0.26 0.26
  per-rule acc: 0.31 0.21
Epoch 8380 | Train: Loss=0.0696 Acc=99.9% | Test: Acc=25.8% | Best=26.5%(@7400)
  from x3: 0.26 0.26 0.26 0.26 0.26 0.26 0.26 0.26 0.26 0.26 0.26 0.26 0.26
  per-rule acc: 0.30 0.21
Epoch 8400 | Train: Loss=0.0690 Acc=99.9% | Test: Acc=25.9% | Best=26.5%(@7400)
  from x3: 0.26 0.26 0.26 0.26 0.26 0.26 0.26 0.26 0.26 0.26 0.26 0.26 0.26
  per-rule acc: 0.30 0.21
Epoch 8420 | Train: Loss=0.0686 Acc=99.9% | Test: Acc=25.8% | Best=26.5%(@7400)
  from x3: 0.27 0.26 0.26 0.26 0.26 0.26 0.26 0.26 0.26 0.26 0.26 0.26 0.26
  per-rule acc: 0.30 0.21
Epoch 8440 | Train: Loss=0.0681 Acc=99.9% | Test: Acc=25.8% | Best=26.5%(@7400)
  from x3: 0.27 0.26 0.26 0.26 0.26 0.26 0.26 0.26 0.26 0.26 0.26 0.26 0.26
  per-rule acc: 0.30 0.21
Epoch 8460 | Train: Loss=0.0677 Acc=99.9% | Test: Acc=25.8% | Best=26.5%(@7400)
  from x3: 0.27 0.26 0.26 0.26 0.26 0.26 0.26 0.26 0.26 0.26 0.26 0.26 0.26
  per-rule acc: 0.30 0.21
Epoch 8480 | Train: Loss=0.0674 Acc=99.9% | Test: Acc=25.8% | Best=26.5%(@7400)
  from x3: 0.26 0.26 0.26 0.26 0.26 0.26 0.26 0.26 0.26 0.26 0.26 0.26 0.26
  per-rule acc: 0.30 0.21
Epoch 8500 | Train: Loss=0.0670 Acc=99.9% | Test: Acc=25.8% | Best=26.5%(@7400)
  from x3: 0.27 0.26 0.26 0.26 0.26 0.26 0.26 0.26 0.25 0.26 0.26 0.26 0.26
  per-rule acc: 0.30 0.21
Epoch 8520 | Train: Loss=0.0665 Acc=99.9% | Test: Acc=25.8% | Best=26.5%(@7400)
  from x3: 0.27 0.26 0.26 0.26 0.26 0.26 0.26 0.26 0.25 0.26 0.26 0.26 0.26
  per-rule acc: 0.30 0.21
Epoch 8540 | Train: Loss=0.0660 Acc=99.9% | Test: Acc=25.8% | Best=26.5%(@7400)
  from x3: 0.27 0.26 0.26 0.26 0.26 0.26 0.26 0.26 0.26 0.26 0.26 0.26 0.26
  per-rule acc: 0.30 0.21
Epoch 8560 | Train: Loss=0.0657 Acc=99.9% | Test: Acc=25.9% | Best=26.5%(@7400)
  from x3: 0.27 0.26 0.26 0.26 0.26 0.26 0.26 0.26 0.26 0.26 0.26 0.26 0.26
  per-rule acc: 0.30 0.21
Epoch 8580 | Train: Loss=0.0655 Acc=99.9% | Test: Acc=25.8% | Best=26.5%(@7400)
  from x3: 0.27 0.26 0.26 0.26 0.26 0.26 0.26 0.26 0.26 0.26 0.26 0.26 0.26
  per-rule acc: 0.31 0.21
Epoch 8600 | Train: Loss=0.0651 Acc=99.9% | Test: Acc=25.8% | Best=26.5%(@7400)
  from x3: 0.27 0.26 0.26 0.26 0.26 0.26 0.26 0.26 0.26 0.26 0.26 0.26 0.26
  per-rule acc: 0.30 0.21
Epoch 8620 | Train: Loss=0.0648 Acc=99.9% | Test: Acc=25.8% | Best=26.5%(@7400)
  from x3: 0.27 0.26 0.26 0.26 0.26 0.26 0.26 0.26 0.26 0.26 0.26 0.26 0.26
  per-rule acc: 0.30 0.21
Epoch 8640 | Train: Loss=0.0644 Acc=99.9% | Test: Acc=25.8% | Best=26.5%(@7400)
  from x3: 0.27 0.26 0.25 0.26 0.26 0.26 0.26 0.26 0.26 0.26 0.26 0.26 0.26
  per-rule acc: 0.30 0.21
Epoch 8660 | Train: Loss=0.0641 Acc=99.9% | Test: Acc=25.8% | Best=26.5%(@7400)
  from x3: 0.27 0.26 0.26 0.26 0.26 0.26 0.26 0.26 0.26 0.26 0.26 0.26 0.26
  per-rule acc: 0.31 0.21
Epoch 8680 | Train: Loss=0.0638 Acc=99.9% | Test: Acc=25.8% | Best=26.5%(@7400)
  from x3: 0.27 0.26 0.26 0.26 0.26 0.26 0.26 0.26 0.26 0.26 0.26 0.26 0.26
  per-rule acc: 0.31 0.21
Epoch 8700 | Train: Loss=0.0635 Acc=99.9% | Test: Acc=25.9% | Best=26.5%(@7400)
  from x3: 0.27 0.26 0.26 0.26 0.26 0.26 0.26 0.26 0.26 0.26 0.26 0.26 0.26
  per-rule acc: 0.31 0.21
Epoch 8720 | Train: Loss=0.0632 Acc=99.9% | Test: Acc=25.8% | Best=26.5%(@7400)
  from x3: 0.26 0.26 0.26 0.26 0.26 0.26 0.26 0.26 0.26 0.26 0.26 0.25 0.26
  per-rule acc: 0.31 0.21
Epoch 8740 | Train: Loss=0.0629 Acc=99.9% | Test: Acc=25.8% | Best=26.5%(@7400)
  from x3: 0.26 0.26 0.26 0.26 0.26 0.26 0.26 0.26 0.26 0.26 0.26 0.26 0.26
  per-rule acc: 0.31 0.21
Epoch 8760 | Train: Loss=0.0627 Acc=99.9% | Test: Acc=25.8% | Best=26.5%(@7400)
  from x3: 0.26 0.26 0.26 0.26 0.26 0.26 0.26 0.26 0.26 0.26 0.26 0.26 0.26
  per-rule acc: 0.31 0.21
Epoch 8780 | Train: Loss=0.0625 Acc=99.9% | Test: Acc=25.8% | Best=26.5%(@7400)
  from x3: 0.26 0.26 0.26 0.26 0.26 0.26 0.26 0.26 0.26 0.26 0.26 0.26 0.26
  per-rule acc: 0.31 0.21
Epoch 8800 | Train: Loss=0.0622 Acc=99.9% | Test: Acc=25.8% | Best=26.5%(@7400)
  from x3: 0.26 0.26 0.26 0.26 0.26 0.26 0.26 0.26 0.26 0.26 0.26 0.26 0.26
  per-rule acc: 0.31 0.21
Epoch 8820 | Train: Loss=0.0620 Acc=99.9% | Test: Acc=25.8% | Best=26.5%(@7400)
  from x3: 0.27 0.26 0.26 0.26 0.26 0.26 0.26 0.26 0.26 0.26 0.26 0.26 0.26
  per-rule acc: 0.31 0.21
Epoch 8840 | Train: Loss=0.0617 Acc=99.9% | Test: Acc=25.8% | Best=26.5%(@7400)
  from x3: 0.26 0.26 0.26 0.26 0.26 0.26 0.26 0.26 0.26 0.26 0.26 0.26 0.26
  per-rule acc: 0.31 0.21
Epoch 8860 | Train: Loss=0.0616 Acc=99.9% | Test: Acc=25.8% | Best=26.5%(@7400)
  from x3: 0.26 0.26 0.26 0.26 0.26 0.26 0.26 0.26 0.26 0.26 0.26 0.26 0.26
  per-rule acc: 0.31 0.21
Epoch 8880 | Train: Loss=0.0613 Acc=99.9% | Test: Acc=25.8% | Best=26.5%(@7400)
  from x3: 0.26 0.26 0.26 0.26 0.26 0.26 0.26 0.26 0.26 0.26 0.26 0.26 0.26
  per-rule acc: 0.31 0.21
Epoch 8900 | Train: Loss=0.0610 Acc=99.9% | Test: Acc=25.8% | Best=26.5%(@7400)
  from x3: 0.26 0.26 0.26 0.26 0.26 0.26 0.26 0.26 0.26 0.26 0.26 0.26 0.26
  per-rule acc: 0.31 0.21
Epoch 8920 | Train: Loss=0.0608 Acc=99.9% | Test: Acc=25.8% | Best=26.5%(@7400)
  from x3: 0.26 0.26 0.26 0.26 0.26 0.26 0.26 0.26 0.26 0.26 0.26 0.26 0.26
  per-rule acc: 0.31 0.21
Epoch 8940 | Train: Loss=0.0606 Acc=99.9% | Test: Acc=25.8% | Best=26.5%(@7400)
  from x3: 0.26 0.26 0.26 0.26 0.26 0.26 0.26 0.26 0.26 0.26 0.26 0.26 0.26
  per-rule acc: 0.31 0.21
Epoch 8960 | Train: Loss=0.0605 Acc=99.9% | Test: Acc=25.8% | Best=26.5%(@7400)
  from x3: 0.27 0.26 0.26 0.26 0.26 0.26 0.26 0.26 0.26 0.26 0.26 0.26 0.26
  per-rule acc: 0.31 0.21
Epoch 8980 | Train: Loss=0.0603 Acc=99.9% | Test: Acc=25.8% | Best=26.5%(@7400)
  from x3: 0.26 0.26 0.26 0.26 0.26 0.26 0.26 0.26 0.26 0.26 0.26 0.26 0.26
  per-rule acc: 0.31 0.21
Epoch 9000 | Train: Loss=0.0601 Acc=99.9% | Test: Acc=25.8% | Best=26.5%(@7400)
  from x3: 0.26 0.26 0.26 0.26 0.26 0.26 0.26 0.26 0.26 0.26 0.26 0.26 0.26
  per-rule acc: 0.31 0.21
Epoch 9020 | Train: Loss=0.0599 Acc=99.9% | Test: Acc=25.8% | Best=26.5%(@7400)
  from x3: 0.26 0.26 0.26 0.26 0.26 0.26 0.26 0.26 0.26 0.26 0.26 0.26 0.26
  per-rule acc: 0.31 0.21
Epoch 9040 | Train: Loss=0.0598 Acc=99.9% | Test: Acc=25.8% | Best=26.5%(@7400)
  from x3: 0.26 0.26 0.26 0.26 0.26 0.26 0.26 0.26 0.26 0.26 0.26 0.26 0.26
  per-rule acc: 0.31 0.21
Epoch 9060 | Train: Loss=0.0596 Acc=99.9% | Test: Acc=25.8% | Best=26.5%(@7400)
  from x3: 0.26 0.26 0.26 0.26 0.26 0.26 0.26 0.26 0.26 0.26 0.26 0.26 0.26
  per-rule acc: 0.31 0.21
Epoch 9080 | Train: Loss=0.0595 Acc=99.9% | Test: Acc=25.8% | Best=26.5%(@7400)
  from x3: 0.26 0.26 0.26 0.26 0.26 0.26 0.26 0.26 0.26 0.26 0.26 0.26 0.26
  per-rule acc: 0.31 0.21
Epoch 9100 | Train: Loss=0.0593 Acc=99.9% | Test: Acc=25.8% | Best=26.5%(@7400)
  from x3: 0.26 0.26 0.26 0.26 0.26 0.26 0.26 0.26 0.26 0.26 0.26 0.26 0.26
  per-rule acc: 0.31 0.21
Epoch 9120 | Train: Loss=0.0592 Acc=99.9% | Test: Acc=25.8% | Best=26.5%(@7400)
  from x3: 0.26 0.26 0.26 0.26 0.26 0.26 0.26 0.26 0.26 0.26 0.26 0.26 0.26
  per-rule acc: 0.31 0.21
Epoch 9140 | Train: Loss=0.0591 Acc=99.9% | Test: Acc=25.8% | Best=26.5%(@7400)
  from x3: 0.26 0.26 0.26 0.26 0.26 0.26 0.26 0.26 0.26 0.26 0.26 0.26 0.26
  per-rule acc: 0.31 0.21
Epoch 9160 | Train: Loss=0.0589 Acc=99.9% | Test: Acc=25.8% | Best=26.5%(@7400)
  from x3: 0.26 0.26 0.26 0.26 0.26 0.26 0.26 0.26 0.26 0.26 0.26 0.26 0.26
  per-rule acc: 0.31 0.21
Epoch 9180 | Train: Loss=0.0588 Acc=99.9% | Test: Acc=25.8% | Best=26.5%(@7400)
  from x3: 0.26 0.26 0.26 0.26 0.26 0.26 0.26 0.26 0.26 0.26 0.26 0.26 0.26
  per-rule acc: 0.31 0.21
Epoch 9200 | Train: Loss=0.0587 Acc=99.9% | Test: Acc=25.8% | Best=26.5%(@7400)
  from x3: 0.26 0.26 0.26 0.26 0.26 0.26 0.26 0.26 0.26 0.26 0.26 0.26 0.26
  per-rule acc: 0.31 0.21
Epoch 9220 | Train: Loss=0.0586 Acc=99.9% | Test: Acc=25.8% | Best=26.5%(@7400)
  from x3: 0.26 0.26 0.26 0.26 0.26 0.26 0.26 0.26 0.26 0.26 0.26 0.26 0.26
  per-rule acc: 0.31 0.21
Epoch 9240 | Train: Loss=0.0585 Acc=99.9% | Test: Acc=25.8% | Best=26.5%(@7400)
  from x3: 0.26 0.26 0.26 0.26 0.26 0.26 0.26 0.26 0.26 0.26 0.26 0.26 0.26
  per-rule acc: 0.31 0.21
Epoch 9260 | Train: Loss=0.0584 Acc=99.9% | Test: Acc=25.8% | Best=26.5%(@7400)
  from x3: 0.26 0.26 0.26 0.26 0.26 0.26 0.26 0.26 0.26 0.26 0.26 0.26 0.26
  per-rule acc: 0.31 0.21
Epoch 9280 | Train: Loss=0.0583 Acc=99.9% | Test: Acc=25.8% | Best=26.5%(@7400)
  from x3: 0.26 0.26 0.26 0.26 0.26 0.26 0.26 0.26 0.26 0.26 0.26 0.26 0.26
  per-rule acc: 0.31 0.21
Epoch 9300 | Train: Loss=0.0582 Acc=99.9% | Test: Acc=25.8% | Best=26.5%(@7400)
  from x3: 0.26 0.26 0.26 0.26 0.26 0.26 0.26 0.26 0.26 0.26 0.26 0.26 0.26
  per-rule acc: 0.31 0.21
Epoch 9320 | Train: Loss=0.0581 Acc=99.9% | Test: Acc=25.8% | Best=26.5%(@7400)
  from x3: 0.26 0.26 0.26 0.26 0.26 0.26 0.26 0.26 0.26 0.26 0.26 0.26 0.26
  per-rule acc: 0.31 0.21
Epoch 9340 | Train: Loss=0.0580 Acc=99.9% | Test: Acc=25.8% | Best=26.5%(@7400)
  from x3: 0.26 0.26 0.26 0.26 0.26 0.26 0.26 0.26 0.26 0.26 0.26 0.26 0.26
  per-rule acc: 0.31 0.21
Epoch 9360 | Train: Loss=0.0580 Acc=99.9% | Test: Acc=25.9% | Best=26.5%(@7400)
  from x3: 0.26 0.26 0.26 0.26 0.26 0.26 0.26 0.26 0.26 0.26 0.26 0.26 0.26
  per-rule acc: 0.31 0.21
Epoch 9380 | Train: Loss=0.0579 Acc=99.9% | Test: Acc=25.9% | Best=26.5%(@7400)
  from x3: 0.26 0.26 0.26 0.26 0.26 0.26 0.26 0.26 0.26 0.26 0.26 0.26 0.26
  per-rule acc: 0.31 0.21
Epoch 9400 | Train: Loss=0.0578 Acc=99.9% | Test: Acc=25.9% | Best=26.5%(@7400)
  from x3: 0.26 0.26 0.26 0.26 0.26 0.26 0.26 0.26 0.26 0.26 0.26 0.26 0.26
  per-rule acc: 0.31 0.21
[Early stop] No improvement for 2000 consecutive epochs

==================================================
Saving model...
[OK] Model saved to: /home/cxm/ai/test0617-basic/models/mixed_basic_d64l1_r32.pth
  File size: 1134.2 KB
  Best test accuracy: 26.51%

==================================================
Final generation test (given first two items, AB generates 3rd as prompt, validate from 4th)
==================================================

--- AB pair 1: (1, 1) ---

--- Statistics for AB=(1,1) ---
Exposed    samples:  1405 | In-dist: 18252/18265 ( 99.9%) | OOD: 22270/22480 ( 99.1%)
Unexposed  samples:  1404 | In-dist:  5048/18252 ( 27.7%) | OOD:  6237/22464 ( 27.8%)

--- AB pair 2: (1, 2) ---

--- Statistics for AB=(1,2) ---
Exposed    samples:  1405 | In-dist: 18031/18265 ( 98.7%) | OOD: 22051/22480 ( 98.1%)
Unexposed  samples:  1404 | In-dist:  4177/18252 ( 22.9%) | OOD:  5363/22464 ( 23.9%)

--- Return code: 0 ---

======================================================================
Attention Analysis
======================================================================
Model config: addition (default), p=53
Best test accuracy: 0.2651490247644094
Training epochs: 9400

Random test sequence 1/5 (length 32): [36, 51, 34, 32, 13, 45, 5, 50, 2, 52, 1, 0, 1, 1, 2, 3, 5, 8, 13, 21]...

======================================================================
Attention Layer Training Result Summary
======================================================================
Input sequence: [36, 51, 34, 32, 13, 45, 5, 50, 2, 52, 1, 0, 1, 1, 2, 3, 5, 8, 13, 21, 34, 2, 36, 38, 21, 6, 27, 33, 7, 40, 47, 34]

--- Layer 0 ---
  Head 0: Entropy=0.463
    Attention coefficients from each query position to previous positions:
      i= 0 -> j=0:1.000
      i= 1 -> j=0:0.084, j=1:0.916
      i= 2 -> j=0:0.023, j=1:0.087, j=2:0.890
      i= 3 -> j=0:0.007, j=1:0.017, j=2:0.083, j=3:0.893
      i= 4 -> j=0:0.001, j=1:0.004, j=2:0.022, j=3:0.092, j=4:0.881
      i= 5 -> j=0:0.000, j=1:0.001, j=2:0.007, j=3:0.019, j=4:0.079, j=5:0.893
      i= 6 -> j=0:0.000, j=1:0.000, j=2:0.002, j=3:0.006, j=4:0.016, j=5:0.068, j=6:0.908
      i= 7 -> j=0:0.000, j=1:0.000, j=2:0.000, j=3:0.002, j=4:0.007, j=5:0.018, j=6:0.087, j=7:0.886
      i= 8 -> j=0:0.000, j=1:0.000, j=2:0.000, j=3:0.000, j=4:0.002, j=5:0.007, j=6:0.021, j=7:0.067, j=8:0.902
      i= 9 -> j=0:0.000, j=1:0.000, j=2:0.000, j=3:0.000, j=4:0.000, j=5:0.001, j=6:0.007, j=7:0.023, j=8:0.074, j=9:0.894
      i=10 -> j=0:0.000, j=1:0.000, j=2:0.000, j=3:0.000, j=4:0.000, j=5:0.000, j=6:0.002, j=7:0.012, j=8:0.023, j=9:0.090, j=10:0.872
      i=11 -> j=0:0.000, j=1:0.000, j=2:0.000, j=3:0.000, j=4:0.000, j=5:0.000, j=6:0.000, j=7:0.002, j=8:0.003, j=9:0.015, j=10:0.061, j=11:0.918
      i=12 -> j=0:0.000, j=1:0.000, j=2:0.000, j=3:0.000, j=4:0.000, j=5:0.000, j=6:0.000, j=7:0.000, j=8:0.001, j=9:0.005, j=10:0.023, j=11:0.279, j=12:0.691
      i=13 -> j=0:0.000, j=1:0.000, j=2:0.000, j=3:0.000, j=4:0.000, j=5:0.000, j=6:0.000, j=7:0.000, j=8:0.000, j=9:0.001, j=10:0.008, j=11:0.096, j=12:0.113, j=13:0.782
      i=14 -> j=0:0.000, j=1:0.000, j=2:0.000, j=3:0.000, j=4:0.000, j=5:0.000, j=6:0.000, j=7:0.000, j=8:0.000, j=9:0.000, j=10:0.002, j=11:0.023, j=12:0.025, j=13:0.079, j=14:0.870
      i=15 -> j=0:0.000, j=1:0.000, j=2:0.000, j=3:0.000, j=4:0.000, j=5:0.000, j=6:0.000, j=7:0.000, j=8:0.000, j=9:0.000, j=10:0.000, j=11:0.006, j=12:0.008, j=13:0.021, j=14:0.079, j=15:0.884
      i=16 -> j=0:0.000, j=1:0.000, j=2:0.000, j=3:0.000, j=4:0.000, j=5:0.000, j=6:0.000, j=7:0.000, j=8:0.000, j=9:0.000, j=10:0.000, j=11:0.001, j=12:0.002, j=13:0.007, j=14:0.018, j=15:0.076, j=16:0.895
      i=17 -> j=0:0.000, j=1:0.000, j=2:0.000, j=3:0.000, j=4:0.000, j=5:0.000, j=6:0.000, j=7:0.000, j=8:0.000, j=9:0.000, j=10:0.000, j=11:0.000, j=12:0.000, j=13:0.002, j=14:0.004, j=15:0.019, j=16:0.057, j=17:0.917
      i=18 -> j=0:0.000, j=1:0.000, j=2:0.000, j=3:0.000, j=4:0.000, j=5:0.000, j=6:0.000, j=7:0.000, j=8:0.000, j=9:0.000, j=10:0.000, j=11:0.000, j=12:0.000, j=13:0.000, j=14:0.001, j=15:0.005, j=16:0.018, j=17:0.090, j=18:0.884
      i=19 -> j=0:0.000, j=1:0.000, j=2:0.000, j=3:0.000, j=4:0.000, j=5:0.000, j=6:0.000, j=7:0.000, j=8:0.000, j=9:0.000, j=10:0.000, j=11:0.000, j=12:0.000, j=13:0.000, j=14:0.000, j=15:0.002, j=16:0.009, j=17:0.024, j=18:0.076, j=19:0.888
      i=20 -> j=0:0.000, j=1:0.000, j=2:0.001, j=3:0.001, j=4:0.000, j=5:0.000, j=6:0.000, j=7:0.000, j=8:0.000, j=9:0.000, j=10:0.000, j=11:0.000, j=12:0.000, j=13:0.000, j=14:0.000, j=15:0.000, j=16:0.002, j=17:0.007, j=18:0.024, j=19:0.087, j=20:0.876
      i=21 -> j=0:0.001, j=1:0.000, j=2:0.000, j=3:0.000, j=4:0.000, j=5:0.000, j=6:0.000, j=7:0.000, j=8:0.000, j=9:0.000, j=10:0.000, j=11:0.000, j=12:0.000, j=13:0.000, j=14:0.000, j=15:0.000, j=16:0.000, j=17:0.002, j=18:0.007, j=19:0.019, j=20:0.074, j=21:0.895
      i=22 -> j=0:0.001, j=1:0.000, j=2:0.000, j=3:0.000, j=4:0.000, j=5:0.000, j=6:0.000, j=7:0.000, j=8:0.000, j=9:0.000, j=10:0.000, j=11:0.000, j=12:0.000, j=13:0.000, j=14:0.000, j=15:0.000, j=16:0.000, j=17:0.000, j=18:0.001, j=19:0.004, j=20:0.015, j=21:0.079, j=22:0.897
      i=23 -> j=0:0.002, j=1:0.001, j=2:0.001, j=3:0.000, j=4:0.000, j=5:0.000, j=6:0.000, j=7:0.000, j=8:0.000, j=9:0.000, j=10:0.000, j=11:0.000, j=12:0.000, j=13:0.000, j=14:0.000, j=15:0.000, j=16:0.000, j=17:0.000, j=18:0.000, j=19:0.001, j=20:0.006, j=21:0.018, j=22:0.074, j=23:0.894
      i=24 -> j=0:0.001, j=1:0.001, j=2:0.001, j=3:0.001, j=4:0.000, j=5:0.000, j=6:0.000, j=7:0.000, j=8:0.000, j=9:0.000, j=10:0.000, j=11:0.000, j=12:0.000, j=13:0.000, j=14:0.000, j=15:0.000, j=16:0.000, j=17:0.000, j=18:0.000, j=19:0.000, j=20:0.002, j=21:0.005, j=22:0.019, j=23:0.068, j=24:0.899
      i=25 -> j=0:0.001, j=1:0.001, j=2:0.002, j=3:0.001, j=4:0.001, j=5:0.000, j=6:0.000, j=7:0.000, j=8:0.000, j=9:0.000, j=10:0.000, j=11:0.000, j=12:0.000, j=13:0.000, j=14:0.000, j=15:0.000, j=16:0.000, j=17:0.000, j=18:0.000, j=19:0.000, j=20:0.000, j=21:0.001, j=22:0.005, j=23:0.023, j=24:0.077, j=25:0.886
      i=26 -> j=0:0.001, j=1:0.001, j=2:0.001, j=3:0.001, j=4:0.001, j=5:0.001, j=6:0.000, j=7:0.000, j=8:0.000, j=9:0.000, j=10:0.000, j=11:0.000, j=12:0.000, j=13:0.000, j=14:0.000, j=15:0.000, j=16:0.000, j=17:0.000, j=18:0.000, j=19:0.000, j=20:0.000, j=21:0.000, j=22:0.002, j=23:0.009, j=24:0.016, j=25:0.077, j=26:0.888
      i=27 -> j=0:0.001, j=1:0.001, j=2:0.001, j=3:0.001, j=4:0.001, j=5:0.001, j=6:0.000, j=7:0.000, j=8:0.000, j=9:0.000, j=10:0.000, j=11:0.000, j=12:0.000, j=13:0.000, j=14:0.000, j=15:0.000, j=16:0.000, j=17:0.000, j=18:0.000, j=19:0.000, j=20:0.000, j=21:0.000, j=22:0.000, j=23:0.002, j=24:0.004, j=25:0.022, j=26:0.071, j=27:0.892
      i=28 -> j=0:0.003, j=1:0.001, j=2:0.001, j=3:0.001, j=4:0.001, j=5:0.001, j=6:0.001, j=7:0.000, j=8:0.000, j=9:0.000, j=10:0.000, j=11:0.000, j=12:0.000, j=13:0.000, j=14:0.000, j=15:0.000, j=16:0.000, j=17:0.000, j=18:0.000, j=19:0.000, j=20:0.000, j=21:0.000, j=22:0.000, j=23:0.000, j=24:0.001, j=25:0.007, j=26:0.020, j=27:0.083, j=28:0.877
      i=29 -> j=0:0.009, j=1:0.004, j=2:0.002, j=3:0.001, j=4:0.001, j=5:0.001, j=6:0.002, j=7:0.002, j=8:0.001, j=9:0.000, j=10:0.000, j=11:0.001, j=12:0.000, j=13:0.000, j=14:0.000, j=15:0.000, j=16:0.000, j=17:0.000, j=18:0.000, j=19:0.000, j=20:0.000, j=21:0.000, j=22:0.000, j=23:0.000, j=24:0.000, j=25:0.003, j=26:0.008, j=27:0.019, j=28:0.083, j=29:0.861
      i=30 -> j=0:0.005, j=1:0.006, j=2:0.004, j=3:0.002, j=4:0.001, j=5:0.001, j=6:0.001, j=7:0.002, j=8:0.001, j=9:0.000, j=10:0.000, j=11:0.000, j=12:0.000, j=13:0.001, j=14:0.000, j=15:0.000, j=16:0.000, j=17:0.000, j=18:0.000, j=19:0.000, j=20:0.000, j=21:0.000, j=22:0.000, j=23:0.000, j=24:0.000, j=25:0.000, j=26:0.003, j=27:0.007, j=28:0.025, j=29:0.080, j=30:0.858
      i=31 -> j=0:0.003, j=1:0.006, j=2:0.013, j=3:0.005, j=4:0.002, j=5:0.001, j=6:0.001, j=7:0.002, j=8:0.002, j=9:0.001, j=10:0.001, j=11:0.001, j=12:0.000, j=13:0.000, j=14:0.000, j=15:0.000, j=16:0.000, j=17:0.000, j=18:0.000, j=19:0.000, j=20:0.000, j=21:0.000, j=22:0.000, j=23:0.000, j=24:0.000, j=25:0.000, j=26:0.000, j=27:0.002, j=28:0.007, j=29:0.019, j=30:0.089, j=31:0.843
    Average attention per distance:
      d=0:0.882, d=1:0.086, d=2:0.023


======================================================================
QK Property Verification (Raw Scores, before Softmax)
======================================================================
Recurrence order init_len=2, num test sequences=1

--- [P1] Long-distance Orthogonality Verification ---
Ideal: raw_score mean ≈ 0 and small std when d > init_len

  Layer 0, Head 0:
    d= 1 (effective): mean=  0.572, std= 0.432, n=31
    d= 2 (effective): mean= -0.801, std= 0.481, n=30
    d>2 (long-distance): mean= -5.237, std= 1.533, n=435

--- [P2] Time-homogeneous Verification ---
Ideal: CV of raw_score across positions i ≈ 0 for fixed distance d
(CV = std / |mean|, smaller = more constant)

  Layer 0, Head 0:
    d= 1: mean=  0.572, std= 0.432, CV=0.756, n=31
    d= 2: mean= -0.801, std= 0.481, CV=0.601, n=30

======================================================================
QK Property Verification Completed
======================================================================
