=== Experiment: mixed_basic_d512l1_r32_t16_c0.5 ===
Time: 2026-06-17T18:32:43.825883
Task type: mixed_ab
Merged config: {
  "P": 53,
  "TASK": "mixed_ab",
  "NUM_MASK": 2,
  "A": 1,
  "B": 1,
  "AB_PAIRS": [
    [
      1,
      1
    ],
    [
      1,
      2
    ]
  ],
  "D_MODEL": 512,
  "N_HEAD": 1,
  "N_LAYER": 1,
  "BATCH_SIZE": 128,
  "EPOCHS": 10000,
  "LR": 0.0003,
  "SAVE_PATH": "models/mixed_basic_d512l1_r32_t16_c0.5.pth",
  "USE_GREEDY_GENERATE": true,
  "USE_LEARNABLE_PE": false,
  "MLP_RATIO": 32,
  "TRAIN_LEN": 16,
  "OOD_LEN": 32,
  "DROPOUT": 0.0,
  "TARGET_INIT_COVERAGE": 0.5,
  "MAX_UNIQUE_RATIO": 0.5,
  "WEIGHT_DECAY": 1,
  "ENTROPY_PENALTY_WEIGHT": 0.0,
  "FIRST_TASK_WEIGHT": 1.0,
  "RANDOM_SEED": 42,
  "EVAL_INTERVAL": 20,
  "EARLY_STOP_NO_IMPROVE": 2000,
  "EARLY_STOP_ACCURACY": 0.99,
  "USE_AB_TAG": false,
  "USE_CONDITIONAL_WTE": false,
  "COND_WTE_SHARED_RATIO": 0.0
}
--- output ---
Using device: cuda

[Dataset] Mixed mode: generated 2810 + 2808 samples, length 16
AB parameter pairs: [(1, 1), (1, 2)]
--------------------------------------------------
[Model config] block_size: 32, train length: 16
[Number theory] AB parameter pairs: [(1, 1), (1, 2)]


Model parameters: 18.01M

Start training...
Epoch   0 | Train: Loss=4.0505 Acc=9.4% | Test: Acc=0.5% | Best=0.5%(@0)
  from x3: 0.01 0.01 0.01 0.00 0.00 0.00 0.00 0.00 0.00 0.00 0.00 0.01 0.00
  per-rule acc: 0.01 0.00
Epoch  20 | Train: Loss=0.0594 Acc=98.8% | Test: Acc=2.6% | Best=2.6%(@20)
  from x3: 0.03 0.04 0.03 0.03 0.02 0.03 0.02 0.03 0.02 0.03 0.02 0.02 0.02
  per-rule acc: 0.04 0.02
Epoch  40 | Train: Loss=0.0148 Acc=99.7% | Test: Acc=2.7% | Best=2.7%(@40)
  from x3: 0.03 0.03 0.03 0.03 0.03 0.03 0.03 0.02 0.02 0.02 0.02 0.02 0.02
  per-rule acc: 0.03 0.02
Epoch  60 | Train: Loss=0.0095 Acc=99.9% | Test: Acc=2.3% | Best=2.7%(@40)
  from x3: 0.03 0.02 0.02 0.02 0.02 0.02 0.02 0.02 0.02 0.02 0.02 0.02 0.02
  per-rule acc: 0.03 0.02
Epoch  80 | Train: Loss=0.0070 Acc=99.9% | Test: Acc=2.2% | Best=2.7%(@40)
  from x3: 0.03 0.02 0.02 0.02 0.02 0.02 0.02 0.02 0.02 0.02 0.02 0.02 0.02
  per-rule acc: 0.03 0.02
Epoch 100 | Train: Loss=0.0251 Acc=99.6% | Test: Acc=1.9% | Best=2.7%(@40)
  from x3: 0.02 0.02 0.02 0.02 0.02 0.02 0.02 0.02 0.02 0.02 0.02 0.02 0.02
  per-rule acc: 0.02 0.02
Epoch 120 | Train: Loss=0.0125 Acc=99.8% | Test: Acc=1.8% | Best=2.7%(@40)
  from x3: 0.02 0.02 0.02 0.02 0.02 0.02 0.02 0.02 0.02 0.02 0.02 0.02 0.02
  per-rule acc: 0.02 0.02
Epoch 140 | Train: Loss=0.0047 Acc=99.9% | Test: Acc=2.0% | Best=2.7%(@40)
  from x3: 0.03 0.02 0.02 0.02 0.02 0.02 0.02 0.02 0.02 0.02 0.02 0.02 0.02
  per-rule acc: 0.02 0.02
Epoch 160 | Train: Loss=0.0059 Acc=99.9% | Test: Acc=2.1% | Best=2.7%(@40)
  from x3: 0.02 0.02 0.02 0.02 0.02 0.02 0.02 0.02 0.02 0.02 0.02 0.02 0.02
  per-rule acc: 0.02 0.02
Epoch 180 | Train: Loss=0.0114 Acc=99.8% | Test: Acc=2.5% | Best=2.7%(@40)
  from x3: 0.03 0.03 0.03 0.03 0.02 0.02 0.02 0.02 0.02 0.02 0.02 0.02 0.02
  per-rule acc: 0.03 0.02
Epoch 200 | Train: Loss=0.0880 Acc=99.7% | Test: Acc=2.0% | Best=2.7%(@40)
  from x3: 0.02 0.02 0.02 0.02 0.02 0.02 0.02 0.02 0.02 0.02 0.02 0.02 0.02
  per-rule acc: 0.02 0.02
Epoch 220 | Train: Loss=0.0141 Acc=99.8% | Test: Acc=2.4% | Best=2.7%(@40)
  from x3: 0.03 0.03 0.02 0.02 0.02 0.02 0.02 0.02 0.02 0.02 0.02 0.02 0.02
  per-rule acc: 0.03 0.02
Epoch 240 | Train: Loss=0.0050 Acc=99.9% | Test: Acc=2.3% | Best=2.7%(@40)
  from x3: 0.03 0.02 0.02 0.02 0.02 0.02 0.02 0.02 0.02 0.02 0.02 0.02 0.02
  per-rule acc: 0.03 0.02
Epoch 260 | Train: Loss=0.0091 Acc=99.8% | Test: Acc=2.6% | Best=2.7%(@40)
  from x3: 0.04 0.03 0.03 0.03 0.03 0.02 0.02 0.02 0.02 0.02 0.02 0.02 0.02
  per-rule acc: 0.03 0.02
Epoch 280 | Train: Loss=0.0099 Acc=99.9% | Test: Acc=2.1% | Best=2.7%(@40)
  from x3: 0.03 0.02 0.02 0.02 0.02 0.02 0.02 0.02 0.02 0.02 0.02 0.02 0.02
  per-rule acc: 0.02 0.02
Epoch 300 | Train: Loss=0.0049 Acc=99.9% | Test: Acc=2.8% | Best=2.8%(@300)
  from x3: 0.03 0.03 0.03 0.03 0.03 0.03 0.03 0.03 0.03 0.03 0.03 0.03 0.03
  per-rule acc: 0.03 0.02
Epoch 320 | Train: Loss=0.0047 Acc=99.9% | Test: Acc=2.7% | Best=2.8%(@300)
  from x3: 0.03 0.03 0.03 0.03 0.03 0.03 0.03 0.03 0.03 0.03 0.03 0.03 0.03
  per-rule acc: 0.03 0.02
Epoch 340 | Train: Loss=0.0138 Acc=99.9% | Test: Acc=2.9% | Best=2.9%(@340)
  from x3: 0.04 0.03 0.03 0.03 0.03 0.03 0.03 0.03 0.03 0.03 0.03 0.03 0.03
  per-rule acc: 0.03 0.03
Epoch 360 | Train: Loss=0.0109 Acc=99.8% | Test: Acc=2.8% | Best=2.9%(@340)
  from x3: 0.04 0.03 0.03 0.03 0.03 0.03 0.03 0.03 0.03 0.03 0.03 0.03 0.03
  per-rule acc: 0.03 0.02
Epoch 380 | Train: Loss=0.0041 Acc=99.9% | Test: Acc=2.9% | Best=2.9%(@380)
  from x3: 0.04 0.04 0.03 0.03 0.03 0.03 0.03 0.03 0.03 0.03 0.03 0.03 0.03
  per-rule acc: 0.03 0.02
Epoch 400 | Train: Loss=0.0035 Acc=99.9% | Test: Acc=3.2% | Best=3.2%(@400)
  from x3: 0.04 0.04 0.03 0.03 0.03 0.03 0.03 0.03 0.03 0.03 0.03 0.03 0.03
  per-rule acc: 0.04 0.03
Epoch 420 | Train: Loss=0.0212 Acc=99.8% | Test: Acc=3.2% | Best=3.2%(@420)
  from x3: 0.04 0.04 0.03 0.03 0.03 0.03 0.03 0.03 0.03 0.03 0.03 0.03 0.03
  per-rule acc: 0.04 0.02
Epoch 440 | Train: Loss=0.0079 Acc=99.9% | Test: Acc=3.1% | Best=3.2%(@420)
  from x3: 0.03 0.03 0.03 0.03 0.03 0.03 0.03 0.03 0.03 0.03 0.03 0.03 0.03
  per-rule acc: 0.04 0.03
Epoch 460 | Train: Loss=0.0610 Acc=99.8% | Test: Acc=3.0% | Best=3.2%(@420)
  from x3: 0.03 0.04 0.03 0.03 0.03 0.03 0.03 0.03 0.03 0.03 0.03 0.03 0.03
  per-rule acc: 0.04 0.02
Epoch 480 | Train: Loss=0.0416 Acc=99.7% | Test: Acc=3.5% | Best=3.5%(@480)
  from x3: 0.04 0.04 0.04 0.04 0.04 0.03 0.03 0.03 0.03 0.03 0.03 0.03 0.03
  per-rule acc: 0.04 0.03
Epoch 500 | Train: Loss=0.0037 Acc=99.9% | Test: Acc=3.7% | Best=3.7%(@500)
  from x3: 0.04 0.04 0.04 0.04 0.04 0.04 0.04 0.04 0.04 0.04 0.03 0.04 0.04
  per-rule acc: 0.05 0.03
Epoch 520 | Train: Loss=0.0045 Acc=99.9% | Test: Acc=4.4% | Best=4.4%(@520)
  from x3: 0.05 0.05 0.04 0.04 0.04 0.04 0.04 0.04 0.04 0.04 0.04 0.04 0.04
  per-rule acc: 0.05 0.03
Epoch 540 | Train: Loss=0.0270 Acc=99.8% | Test: Acc=3.9% | Best=4.4%(@520)
  from x3: 0.05 0.04 0.04 0.04 0.04 0.04 0.04 0.04 0.04 0.04 0.04 0.04 0.04
  per-rule acc: 0.04 0.03
Epoch 560 | Train: Loss=0.0090 Acc=99.8% | Test: Acc=3.8% | Best=4.4%(@520)
  from x3: 0.05 0.04 0.04 0.04 0.04 0.04 0.04 0.04 0.04 0.04 0.04 0.04 0.04
  per-rule acc: 0.05 0.03
Epoch 580 | Train: Loss=0.0634 Acc=99.9% | Test: Acc=4.1% | Best=4.4%(@520)
  from x3: 0.05 0.05 0.04 0.04 0.04 0.04 0.04 0.04 0.04 0.04 0.04 0.04 0.04
  per-rule acc: 0.05 0.04
Epoch 600 | Train: Loss=0.0064 Acc=99.9% | Test: Acc=4.0% | Best=4.4%(@520)
  from x3: 0.05 0.04 0.04 0.04 0.04 0.04 0.04 0.04 0.04 0.04 0.04 0.04 0.04
  per-rule acc: 0.05 0.03
Epoch 620 | Train: Loss=0.0047 Acc=99.9% | Test: Acc=4.7% | Best=4.7%(@620)
  from x3: 0.05 0.05 0.05 0.05 0.05 0.05 0.05 0.05 0.05 0.05 0.05 0.05 0.04
  per-rule acc: 0.06 0.03
Epoch 640 | Train: Loss=0.0770 Acc=99.8% | Test: Acc=4.5% | Best=4.7%(@620)
  from x3: 0.05 0.05 0.04 0.04 0.04 0.04 0.04 0.04 0.04 0.04 0.04 0.04 0.04
  per-rule acc: 0.05 0.04
Epoch 660 | Train: Loss=0.0042 Acc=99.9% | Test: Acc=4.6% | Best=4.7%(@620)
  from x3: 0.05 0.05 0.05 0.05 0.05 0.05 0.05 0.05 0.05 0.05 0.05 0.05 0.05
  per-rule acc: 0.06 0.04
Epoch 680 | Train: Loss=0.0040 Acc=99.9% | Test: Acc=4.5% | Best=4.7%(@620)
  from x3: 0.05 0.05 0.05 0.04 0.04 0.04 0.04 0.04 0.04 0.04 0.04 0.04 0.05
  per-rule acc: 0.06 0.03
Epoch 700 | Train: Loss=0.0039 Acc=99.9% | Test: Acc=5.0% | Best=5.0%(@700)
  from x3: 0.06 0.05 0.05 0.05 0.05 0.05 0.05 0.05 0.05 0.05 0.05 0.05 0.05
  per-rule acc: 0.07 0.03
Epoch 720 | Train: Loss=0.0076 Acc=99.9% | Test: Acc=4.5% | Best=5.0%(@700)
  from x3: 0.05 0.05 0.04 0.04 0.04 0.04 0.04 0.04 0.04 0.04 0.04 0.04 0.04
  per-rule acc: 0.06 0.03
Epoch 740 | Train: Loss=0.0045 Acc=99.9% | Test: Acc=5.0% | Best=5.0%(@700)
  from x3: 0.06 0.05 0.05 0.05 0.05 0.05 0.05 0.05 0.05 0.05 0.05 0.05 0.05
  per-rule acc: 0.06 0.04
Epoch 760 | Train: Loss=0.0077 Acc=99.8% | Test: Acc=5.2% | Best=5.2%(@760)
  from x3: 0.06 0.06 0.05 0.05 0.05 0.05 0.05 0.05 0.05 0.05 0.05 0.05 0.05
  per-rule acc: 0.07 0.03
Epoch 780 | Train: Loss=0.0265 Acc=99.7% | Test: Acc=4.2% | Best=5.2%(@760)
  from x3: 0.05 0.05 0.04 0.04 0.04 0.04 0.04 0.04 0.04 0.04 0.04 0.04 0.04
  per-rule acc: 0.04 0.04
Epoch 800 | Train: Loss=0.0036 Acc=99.9% | Test: Acc=5.1% | Best=5.2%(@760)
  from x3: 0.06 0.06 0.05 0.05 0.05 0.05 0.05 0.05 0.05 0.05 0.05 0.05 0.05
  per-rule acc: 0.06 0.04
Epoch 820 | Train: Loss=0.0067 Acc=99.9% | Test: Acc=5.2% | Best=5.2%(@820)
  from x3: 0.06 0.06 0.05 0.05 0.05 0.05 0.05 0.05 0.05 0.05 0.05 0.05 0.05
  per-rule acc: 0.07 0.04
Epoch 840 | Train: Loss=0.0041 Acc=99.9% | Test: Acc=5.0% | Best=5.2%(@820)
  from x3: 0.05 0.06 0.05 0.05 0.05 0.05 0.05 0.05 0.05 0.05 0.05 0.05 0.05
  per-rule acc: 0.06 0.04
Epoch 860 | Train: Loss=0.0036 Acc=99.9% | Test: Acc=5.1% | Best=5.2%(@820)
  from x3: 0.06 0.06 0.05 0.05 0.05 0.05 0.05 0.05 0.05 0.05 0.05 0.05 0.05
  per-rule acc: 0.07 0.04
Epoch 880 | Train: Loss=0.0070 Acc=99.9% | Test: Acc=5.4% | Best=5.4%(@880)
  from x3: 0.07 0.06 0.06 0.05 0.05 0.05 0.05 0.05 0.05 0.05 0.05 0.05 0.05
  per-rule acc: 0.07 0.04
Epoch 900 | Train: Loss=0.0127 Acc=99.8% | Test: Acc=4.6% | Best=5.4%(@880)
  from x3: 0.05 0.05 0.05 0.05 0.05 0.04 0.04 0.04 0.04 0.04 0.04 0.04 0.04
  per-rule acc: 0.06 0.04
Epoch 920 | Train: Loss=0.0035 Acc=99.9% | Test: Acc=5.5% | Best=5.5%(@920)
  from x3: 0.07 0.06 0.05 0.06 0.05 0.05 0.05 0.05 0.05 0.05 0.05 0.05 0.05
  per-rule acc: 0.07 0.04
Epoch 940 | Train: Loss=0.0200 Acc=99.8% | Test: Acc=5.9% | Best=5.9%(@940)
  from x3: 0.07 0.06 0.06 0.06 0.06 0.06 0.06 0.06 0.06 0.06 0.06 0.06 0.06
  per-rule acc: 0.07 0.05
Epoch 960 | Train: Loss=0.0100 Acc=99.8% | Test: Acc=5.1% | Best=5.9%(@940)
  from x3: 0.06 0.05 0.05 0.05 0.05 0.05 0.05 0.05 0.05 0.05 0.05 0.05 0.05
  per-rule acc: 0.06 0.04
Epoch 980 | Train: Loss=0.0126 Acc=99.9% | Test: Acc=5.9% | Best=5.9%(@940)
  from x3: 0.07 0.06 0.06 0.06 0.06 0.06 0.06 0.06 0.06 0.06 0.06 0.06 0.06
  per-rule acc: 0.06 0.05
Epoch 1000 | Train: Loss=0.0078 Acc=99.9% | Test: Acc=4.8% | Best=5.9%(@940)
  from x3: 0.05 0.05 0.05 0.05 0.05 0.05 0.05 0.05 0.05 0.05 0.05 0.05 0.05
  per-rule acc: 0.06 0.04
Epoch 1020 | Train: Loss=0.0093 Acc=99.8% | Test: Acc=5.5% | Best=5.9%(@940)
  from x3: 0.07 0.06 0.06 0.05 0.05 0.05 0.05 0.05 0.05 0.05 0.05 0.05 0.05
  per-rule acc: 0.07 0.04
Epoch 1040 | Train: Loss=0.0759 Acc=99.8% | Test: Acc=5.1% | Best=5.9%(@940)
  from x3: 0.06 0.05 0.05 0.05 0.05 0.05 0.05 0.05 0.05 0.05 0.05 0.05 0.05
  per-rule acc: 0.05 0.05
Epoch 1060 | Train: Loss=0.0074 Acc=99.9% | Test: Acc=5.1% | Best=5.9%(@940)
  from x3: 0.06 0.05 0.05 0.05 0.05 0.05 0.05 0.05 0.05 0.05 0.05 0.05 0.05
  per-rule acc: 0.06 0.04
Epoch 1080 | Train: Loss=0.0098 Acc=99.8% | Test: Acc=6.0% | Best=6.0%(@1080)
  from x3: 0.07 0.06 0.06 0.06 0.06 0.06 0.06 0.06 0.06 0.06 0.06 0.06 0.06
  per-rule acc: 0.07 0.05
Epoch 1100 | Train: Loss=0.0070 Acc=99.9% | Test: Acc=5.3% | Best=6.0%(@1080)
  from x3: 0.06 0.06 0.05 0.05 0.05 0.05 0.05 0.05 0.05 0.05 0.05 0.05 0.05
  per-rule acc: 0.06 0.04
Epoch 1120 | Train: Loss=0.0038 Acc=99.9% | Test: Acc=5.8% | Best=6.0%(@1080)
  from x3: 0.07 0.06 0.06 0.06 0.06 0.06 0.06 0.06 0.06 0.06 0.06 0.06 0.06
  per-rule acc: 0.07 0.05
Epoch 1140 | Train: Loss=0.0625 Acc=99.8% | Test: Acc=5.7% | Best=6.0%(@1080)
  from x3: 0.06 0.06 0.06 0.06 0.06 0.06 0.06 0.06 0.06 0.06 0.06 0.06 0.06
  per-rule acc: 0.06 0.05
Epoch 1160 | Train: Loss=0.0050 Acc=99.9% | Test: Acc=5.8% | Best=6.0%(@1080)
  from x3: 0.06 0.06 0.06 0.06 0.06 0.06 0.06 0.06 0.06 0.06 0.06 0.06 0.06
  per-rule acc: 0.07 0.05
Epoch 1180 | Train: Loss=0.0067 Acc=99.9% | Test: Acc=6.2% | Best=6.2%(@1180)
  from x3: 0.07 0.07 0.06 0.06 0.06 0.06 0.06 0.06 0.06 0.06 0.06 0.06 0.06
  per-rule acc: 0.08 0.05
Epoch 1200 | Train: Loss=0.0042 Acc=99.9% | Test: Acc=5.0% | Best=6.2%(@1180)
  from x3: 0.05 0.05 0.05 0.05 0.05 0.05 0.05 0.05 0.05 0.05 0.05 0.05 0.05
  per-rule acc: 0.06 0.04
Epoch 1220 | Train: Loss=0.0073 Acc=99.9% | Test: Acc=5.9% | Best=6.2%(@1180)
  from x3: 0.07 0.07 0.06 0.06 0.06 0.06 0.06 0.06 0.06 0.06 0.06 0.06 0.06
  per-rule acc: 0.07 0.04
Epoch 1240 | Train: Loss=0.0086 Acc=99.8% | Test: Acc=6.2% | Best=6.2%(@1180)
  from x3: 0.07 0.06 0.06 0.06 0.06 0.06 0.06 0.06 0.06 0.06 0.06 0.06 0.06
  per-rule acc: 0.08 0.05
Epoch 1260 | Train: Loss=0.0090 Acc=99.9% | Test: Acc=6.2% | Best=6.2%(@1180)
  from x3: 0.07 0.07 0.06 0.06 0.06 0.06 0.06 0.06 0.06 0.06 0.06 0.06 0.06
  per-rule acc: 0.07 0.05
Epoch 1280 | Train: Loss=0.0213 Acc=99.8% | Test: Acc=5.3% | Best=6.2%(@1180)
  from x3: 0.06 0.06 0.05 0.05 0.05 0.05 0.05 0.05 0.05 0.05 0.05 0.05 0.05
  per-rule acc: 0.06 0.05
Epoch 1300 | Train: Loss=0.0110 Acc=99.8% | Test: Acc=5.5% | Best=6.2%(@1180)
  from x3: 0.06 0.06 0.05 0.05 0.05 0.05 0.05 0.05 0.05 0.05 0.05 0.05 0.05
  per-rule acc: 0.06 0.04
Epoch 1320 | Train: Loss=0.0047 Acc=99.9% | Test: Acc=5.1% | Best=6.2%(@1180)
  from x3: 0.06 0.05 0.05 0.05 0.05 0.05 0.05 0.05 0.05 0.05 0.05 0.05 0.05
  per-rule acc: 0.06 0.04
Epoch 1340 | Train: Loss=0.0040 Acc=99.9% | Test: Acc=6.1% | Best=6.2%(@1180)
  from x3: 0.06 0.07 0.06 0.06 0.06 0.06 0.06 0.06 0.06 0.06 0.06 0.06 0.06
  per-rule acc: 0.07 0.05
Epoch 1360 | Train: Loss=0.0102 Acc=99.8% | Test: Acc=5.9% | Best=6.2%(@1180)
  from x3: 0.07 0.07 0.06 0.06 0.06 0.06 0.06 0.06 0.06 0.06 0.06 0.06 0.06
  per-rule acc: 0.07 0.05
Epoch 1380 | Train: Loss=0.0470 Acc=99.9% | Test: Acc=5.3% | Best=6.2%(@1180)
  from x3: 0.06 0.05 0.05 0.05 0.05 0.05 0.05 0.05 0.05 0.05 0.05 0.05 0.05
  per-rule acc: 0.06 0.04
Epoch 1400 | Train: Loss=0.0099 Acc=99.8% | Test: Acc=5.5% | Best=6.2%(@1180)
  from x3: 0.06 0.06 0.05 0.05 0.05 0.05 0.05 0.05 0.05 0.05 0.05 0.05 0.05
  per-rule acc: 0.06 0.05
Epoch 1420 | Train: Loss=0.0035 Acc=99.9% | Test: Acc=6.2% | Best=6.2%(@1180)
  from x3: 0.07 0.06 0.06 0.06 0.06 0.06 0.06 0.06 0.06 0.06 0.06 0.06 0.06
  per-rule acc: 0.08 0.05
Epoch 1440 | Train: Loss=0.0057 Acc=99.9% | Test: Acc=5.4% | Best=6.2%(@1180)
  from x3: 0.06 0.06 0.06 0.05 0.05 0.05 0.05 0.05 0.05 0.05 0.05 0.05 0.05
  per-rule acc: 0.07 0.04
Epoch 1460 | Train: Loss=0.0032 Acc=99.9% | Test: Acc=6.7% | Best=6.7%(@1460)
  from x3: 0.07 0.07 0.07 0.07 0.07 0.07 0.07 0.07 0.07 0.07 0.07 0.07 0.07
  per-rule acc: 0.08 0.05
Epoch 1480 | Train: Loss=0.0050 Acc=99.9% | Test: Acc=6.2% | Best=6.7%(@1460)
  from x3: 0.07 0.06 0.06 0.06 0.06 0.06 0.06 0.06 0.06 0.06 0.06 0.06 0.06
  per-rule acc: 0.07 0.05
Epoch 1500 | Train: Loss=0.0082 Acc=99.9% | Test: Acc=5.4% | Best=6.7%(@1460)
  from x3: 0.06 0.06 0.05 0.05 0.05 0.05 0.05 0.05 0.05 0.05 0.05 0.05 0.05
  per-rule acc: 0.06 0.05
Epoch 1520 | Train: Loss=0.0047 Acc=99.9% | Test: Acc=6.1% | Best=6.7%(@1460)
  from x3: 0.07 0.06 0.06 0.06 0.06 0.06 0.06 0.06 0.06 0.06 0.06 0.06 0.06
  per-rule acc: 0.07 0.05
Epoch 1540 | Train: Loss=0.0044 Acc=99.9% | Test: Acc=6.6% | Best=6.7%(@1460)
  from x3: 0.07 0.07 0.07 0.07 0.07 0.06 0.06 0.06 0.06 0.06 0.06 0.06 0.06
  per-rule acc: 0.08 0.05
Epoch 1560 | Train: Loss=0.0085 Acc=99.9% | Test: Acc=6.0% | Best=6.7%(@1460)
  from x3: 0.07 0.06 0.06 0.06 0.06 0.06 0.06 0.06 0.06 0.06 0.06 0.06 0.06
  per-rule acc: 0.07 0.05
Epoch 1580 | Train: Loss=0.0034 Acc=99.9% | Test: Acc=6.6% | Best=6.7%(@1460)
  from x3: 0.07 0.07 0.07 0.07 0.07 0.06 0.07 0.06 0.06 0.07 0.07 0.07 0.07
  per-rule acc: 0.08 0.06
Epoch 1600 | Train: Loss=0.0064 Acc=99.9% | Test: Acc=6.8% | Best=6.8%(@1600)
  from x3: 0.07 0.07 0.07 0.07 0.07 0.07 0.07 0.07 0.07 0.07 0.07 0.07 0.07
  per-rule acc: 0.08 0.06
Epoch 1620 | Train: Loss=0.0035 Acc=99.9% | Test: Acc=6.6% | Best=6.8%(@1600)
  from x3: 0.08 0.07 0.07 0.07 0.07 0.07 0.07 0.07 0.06 0.06 0.06 0.06 0.06
  per-rule acc: 0.07 0.06
Epoch 1640 | Train: Loss=0.0322 Acc=99.9% | Test: Acc=6.3% | Best=6.8%(@1600)
  from x3: 0.06 0.07 0.06 0.06 0.06 0.06 0.06 0.06 0.06 0.06 0.06 0.06 0.06
  per-rule acc: 0.07 0.06
Epoch 1660 | Train: Loss=0.0043 Acc=99.9% | Test: Acc=6.1% | Best=6.8%(@1600)
  from x3: 0.07 0.06 0.06 0.06 0.06 0.06 0.06 0.06 0.06 0.06 0.06 0.06 0.06
  per-rule acc: 0.07 0.05
Epoch 1680 | Train: Loss=0.0031 Acc=99.9% | Test: Acc=6.7% | Best=6.8%(@1600)
  from x3: 0.08 0.07 0.07 0.07 0.07 0.07 0.07 0.07 0.07 0.07 0.07 0.07 0.07
  per-rule acc: 0.08 0.05
Epoch 1700 | Train: Loss=0.0453 Acc=99.9% | Test: Acc=6.1% | Best=6.8%(@1600)
  from x3: 0.07 0.07 0.06 0.06 0.06 0.06 0.06 0.06 0.06 0.06 0.06 0.06 0.06
  per-rule acc: 0.06 0.06
Epoch 1720 | Train: Loss=0.0045 Acc=99.9% | Test: Acc=6.0% | Best=6.8%(@1600)
  from x3: 0.07 0.06 0.06 0.06 0.06 0.06 0.06 0.06 0.06 0.06 0.06 0.06 0.06
  per-rule acc: 0.06 0.06
Epoch 1740 | Train: Loss=0.0056 Acc=99.9% | Test: Acc=7.0% | Best=7.0%(@1740)
  from x3: 0.07 0.07 0.07 0.07 0.07 0.07 0.07 0.07 0.07 0.07 0.07 0.07 0.07
  per-rule acc: 0.08 0.06
Epoch 1760 | Train: Loss=0.0066 Acc=99.9% | Test: Acc=5.8% | Best=7.0%(@1740)
  from x3: 0.06 0.06 0.06 0.06 0.06 0.06 0.06 0.06 0.06 0.06 0.06 0.06 0.06
  per-rule acc: 0.06 0.05
Epoch 1780 | Train: Loss=0.0035 Acc=99.9% | Test: Acc=6.8% | Best=7.0%(@1740)
  from x3: 0.08 0.07 0.07 0.07 0.07 0.07 0.07 0.07 0.07 0.07 0.07 0.07 0.07
  per-rule acc: 0.08 0.06
Epoch 1800 | Train: Loss=0.0398 Acc=99.9% | Test: Acc=6.7% | Best=7.0%(@1740)
  from x3: 0.07 0.07 0.07 0.07 0.07 0.07 0.07 0.07 0.07 0.07 0.07 0.07 0.07
  per-rule acc: 0.07 0.06
Epoch 1820 | Train: Loss=0.0064 Acc=99.9% | Test: Acc=6.4% | Best=7.0%(@1740)
  from x3: 0.07 0.07 0.06 0.06 0.06 0.06 0.06 0.06 0.06 0.06 0.06 0.06 0.06
  per-rule acc: 0.07 0.06
Epoch 1840 | Train: Loss=0.0038 Acc=99.9% | Test: Acc=7.0% | Best=7.0%(@1740)
  from x3: 0.08 0.07 0.07 0.07 0.07 0.07 0.07 0.07 0.07 0.07 0.07 0.07 0.07
  per-rule acc: 0.08 0.06
Epoch 1860 | Train: Loss=0.0140 Acc=99.8% | Test: Acc=6.1% | Best=7.0%(@1740)
  from x3: 0.06 0.06 0.06 0.06 0.06 0.06 0.06 0.06 0.06 0.06 0.06 0.06 0.06
  per-rule acc: 0.07 0.06
Epoch 1880 | Train: Loss=0.0035 Acc=99.9% | Test: Acc=6.7% | Best=7.0%(@1740)
  from x3: 0.08 0.07 0.07 0.07 0.07 0.06 0.06 0.06 0.06 0.06 0.07 0.06 0.07
  per-rule acc: 0.08 0.06
Epoch 1900 | Train: Loss=0.0397 Acc=99.8% | Test: Acc=6.7% | Best=7.0%(@1740)
  from x3: 0.08 0.07 0.07 0.07 0.07 0.07 0.07 0.07 0.07 0.07 0.07 0.07 0.06
  per-rule acc: 0.07 0.06
Epoch 1920 | Train: Loss=0.0048 Acc=99.9% | Test: Acc=6.2% | Best=7.0%(@1740)
  from x3: 0.07 0.07 0.06 0.06 0.06 0.06 0.06 0.06 0.06 0.06 0.06 0.06 0.06
  per-rule acc: 0.07 0.05
Epoch 1940 | Train: Loss=0.0034 Acc=99.9% | Test: Acc=6.7% | Best=7.0%(@1740)
  from x3: 0.08 0.07 0.07 0.07 0.07 0.07 0.07 0.07 0.07 0.06 0.07 0.07 0.07
  per-rule acc: 0.08 0.06
Epoch 1960 | Train: Loss=0.0069 Acc=99.9% | Test: Acc=7.2% | Best=7.2%(@1960)
  from x3: 0.08 0.07 0.07 0.07 0.07 0.07 0.07 0.07 0.07 0.07 0.07 0.07 0.07
  per-rule acc: 0.08 0.06
Epoch 1980 | Train: Loss=0.0293 Acc=99.8% | Test: Acc=6.4% | Best=7.2%(@1960)
  from x3: 0.07 0.06 0.06 0.06 0.06 0.06 0.06 0.06 0.06 0.06 0.06 0.06 0.06
  per-rule acc: 0.07 0.06
Epoch 2000 | Train: Loss=0.0035 Acc=99.9% | Test: Acc=6.8% | Best=7.2%(@1960)
  from x3: 0.07 0.07 0.07 0.07 0.07 0.07 0.07 0.07 0.07 0.07 0.07 0.07 0.07
  per-rule acc: 0.08 0.06
Epoch 2020 | Train: Loss=0.0058 Acc=99.9% | Test: Acc=6.0% | Best=7.2%(@1960)
  from x3: 0.06 0.06 0.06 0.06 0.06 0.06 0.06 0.06 0.06 0.06 0.06 0.06 0.06
  per-rule acc: 0.07 0.05
Epoch 2040 | Train: Loss=0.0042 Acc=99.9% | Test: Acc=7.1% | Best=7.2%(@1960)
  from x3: 0.08 0.07 0.07 0.07 0.07 0.07 0.07 0.07 0.07 0.07 0.07 0.07 0.07
  per-rule acc: 0.08 0.06
Epoch 2060 | Train: Loss=0.0439 Acc=99.8% | Test: Acc=6.8% | Best=7.2%(@1960)
  from x3: 0.07 0.07 0.07 0.07 0.07 0.07 0.07 0.07 0.07 0.07 0.07 0.07 0.07
  per-rule acc: 0.07 0.07
Epoch 2080 | Train: Loss=0.0039 Acc=99.9% | Test: Acc=7.0% | Best=7.2%(@1960)
  from x3: 0.07 0.07 0.07 0.07 0.07 0.07 0.07 0.07 0.07 0.07 0.07 0.07 0.07
  per-rule acc: 0.08 0.06
Epoch 2100 | Train: Loss=0.0033 Acc=99.9% | Test: Acc=7.2% | Best=7.2%(@2100)
  from x3: 0.08 0.07 0.07 0.07 0.07 0.07 0.07 0.07 0.07 0.07 0.07 0.07 0.07
  per-rule acc: 0.08 0.06
Epoch 2120 | Train: Loss=0.0515 Acc=99.9% | Test: Acc=6.8% | Best=7.2%(@2100)
  from x3: 0.08 0.07 0.07 0.07 0.07 0.07 0.07 0.07 0.07 0.07 0.07 0.07 0.07
  per-rule acc: 0.07 0.06
Epoch 2140 | Train: Loss=0.0037 Acc=99.9% | Test: Acc=7.2% | Best=7.2%(@2100)
  from x3: 0.08 0.08 0.07 0.07 0.07 0.07 0.07 0.07 0.07 0.07 0.07 0.07 0.07
  per-rule acc: 0.08 0.06
Epoch 2160 | Train: Loss=0.0074 Acc=99.9% | Test: Acc=6.7% | Best=7.2%(@2100)
  from x3: 0.07 0.07 0.07 0.07 0.07 0.07 0.07 0.07 0.07 0.07 0.07 0.07 0.07
  per-rule acc: 0.07 0.06
Epoch 2180 | Train: Loss=0.0032 Acc=99.9% | Test: Acc=7.6% | Best=7.6%(@2180)
  from x3: 0.08 0.08 0.08 0.08 0.08 0.08 0.07 0.07 0.07 0.07 0.07 0.07 0.07
  per-rule acc: 0.09 0.06
Epoch 2200 | Train: Loss=0.0199 Acc=99.7% | Test: Acc=6.6% | Best=7.6%(@2180)
  from x3: 0.07 0.06 0.07 0.07 0.07 0.07 0.07 0.07 0.07 0.07 0.07 0.07 0.07
  per-rule acc: 0.07 0.06
Epoch 2220 | Train: Loss=0.0035 Acc=99.9% | Test: Acc=7.2% | Best=7.6%(@2180)
  from x3: 0.08 0.07 0.07 0.07 0.07 0.07 0.07 0.07 0.07 0.07 0.07 0.07 0.07
  per-rule acc: 0.08 0.06
Epoch 2240 | Train: Loss=0.0498 Acc=99.8% | Test: Acc=7.0% | Best=7.6%(@2180)
  from x3: 0.07 0.07 0.07 0.07 0.07 0.07 0.07 0.07 0.07 0.07 0.07 0.07 0.07
  per-rule acc: 0.07 0.07
Epoch 2260 | Train: Loss=0.0043 Acc=99.9% | Test: Acc=6.9% | Best=7.6%(@2180)
  from x3: 0.07 0.07 0.07 0.07 0.07 0.07 0.07 0.07 0.07 0.07 0.07 0.07 0.07
  per-rule acc: 0.08 0.06
Epoch 2280 | Train: Loss=0.0047 Acc=99.9% | Test: Acc=7.8% | Best=7.8%(@2280)
  from x3: 0.09 0.08 0.08 0.08 0.08 0.08 0.08 0.08 0.08 0.08 0.08 0.08 0.08
  per-rule acc: 0.09 0.07
Epoch 2300 | Train: Loss=0.0117 Acc=99.9% | Test: Acc=7.5% | Best=7.8%(@2280)
  from x3: 0.08 0.08 0.08 0.07 0.07 0.07 0.07 0.07 0.07 0.07 0.07 0.07 0.07
  per-rule acc: 0.09 0.06
Epoch 2320 | Train: Loss=0.0395 Acc=99.8% | Test: Acc=6.9% | Best=7.8%(@2280)
  from x3: 0.08 0.07 0.07 0.07 0.07 0.07 0.07 0.07 0.07 0.07 0.07 0.07 0.07
  per-rule acc: 0.08 0.06
Epoch 2340 | Train: Loss=0.0040 Acc=99.9% | Test: Acc=6.9% | Best=7.8%(@2280)
  from x3: 0.07 0.07 0.07 0.07 0.07 0.07 0.07 0.07 0.07 0.07 0.07 0.07 0.07
  per-rule acc: 0.08 0.06
Epoch 2360 | Train: Loss=0.0034 Acc=99.9% | Test: Acc=7.9% | Best=7.9%(@2360)
  from x3: 0.09 0.08 0.08 0.08 0.08 0.08 0.08 0.08 0.08 0.08 0.08 0.08 0.08
  per-rule acc: 0.09 0.07
Epoch 2380 | Train: Loss=0.0650 Acc=99.7% | Test: Acc=6.8% | Best=7.9%(@2360)
  from x3: 0.07 0.07 0.07 0.07 0.07 0.07 0.07 0.07 0.07 0.07 0.07 0.07 0.07
  per-rule acc: 0.08 0.06
Epoch 2400 | Train: Loss=0.0044 Acc=99.9% | Test: Acc=7.4% | Best=7.9%(@2360)
  from x3: 0.08 0.08 0.07 0.08 0.07 0.07 0.07 0.07 0.07 0.07 0.07 0.07 0.07
  per-rule acc: 0.08 0.07
Epoch 2420 | Train: Loss=0.0040 Acc=99.9% | Test: Acc=7.1% | Best=7.9%(@2360)
  from x3: 0.07 0.07 0.07 0.07 0.07 0.07 0.07 0.07 0.07 0.07 0.07 0.07 0.07
  per-rule acc: 0.08 0.07
Epoch 2440 | Train: Loss=0.0035 Acc=99.9% | Test: Acc=8.3% | Best=8.3%(@2440)
  from x3: 0.09 0.08 0.08 0.08 0.08 0.08 0.08 0.08 0.08 0.08 0.08 0.08 0.08
  per-rule acc: 0.09 0.08
Epoch 2460 | Train: Loss=0.0393 Acc=99.9% | Test: Acc=7.2% | Best=8.3%(@2440)
  from x3: 0.08 0.07 0.07 0.07 0.07 0.07 0.07 0.07 0.07 0.07 0.07 0.07 0.07
  per-rule acc: 0.08 0.07
Epoch 2480 | Train: Loss=0.0048 Acc=99.9% | Test: Acc=7.1% | Best=8.3%(@2440)
  from x3: 0.08 0.07 0.07 0.07 0.07 0.07 0.07 0.07 0.07 0.07 0.07 0.07 0.07
  per-rule acc: 0.07 0.07
Epoch 2500 | Train: Loss=0.0485 Acc=99.9% | Test: Acc=7.2% | Best=8.3%(@2440)
  from x3: 0.07 0.08 0.07 0.07 0.07 0.07 0.07 0.07 0.07 0.07 0.07 0.07 0.07
  per-rule acc: 0.08 0.07
Epoch 2520 | Train: Loss=0.0109 Acc=99.8% | Test: Acc=7.0% | Best=8.3%(@2440)
  from x3: 0.08 0.07 0.07 0.07 0.07 0.07 0.07 0.07 0.07 0.07 0.07 0.07 0.07
  per-rule acc: 0.08 0.06
Epoch 2540 | Train: Loss=0.0034 Acc=99.9% | Test: Acc=7.8% | Best=8.3%(@2440)
  from x3: 0.08 0.08 0.08 0.08 0.08 0.08 0.08 0.08 0.08 0.08 0.08 0.08 0.08
  per-rule acc: 0.08 0.07
Epoch 2560 | Train: Loss=0.0313 Acc=99.9% | Test: Acc=8.2% | Best=8.3%(@2440)
  from x3: 0.09 0.08 0.08 0.08 0.08 0.08 0.08 0.08 0.08 0.08 0.08 0.08 0.08
  per-rule acc: 0.09 0.07
Epoch 2580 | Train: Loss=0.0101 Acc=99.8% | Test: Acc=7.6% | Best=8.3%(@2440)
  from x3: 0.07 0.08 0.08 0.08 0.08 0.08 0.08 0.08 0.08 0.08 0.08 0.08 0.08
  per-rule acc: 0.08 0.07
Epoch 2600 | Train: Loss=0.0200 Acc=99.7% | Test: Acc=8.1% | Best=8.3%(@2440)
  from x3: 0.09 0.09 0.08 0.08 0.08 0.08 0.08 0.08 0.08 0.08 0.08 0.08 0.08
  per-rule acc: 0.09 0.07
Epoch 2620 | Train: Loss=0.0047 Acc=99.9% | Test: Acc=7.5% | Best=8.3%(@2440)
  from x3: 0.07 0.07 0.07 0.08 0.08 0.08 0.08 0.08 0.08 0.08 0.08 0.08 0.08
  per-rule acc: 0.08 0.07
Epoch 2640 | Train: Loss=0.0032 Acc=99.9% | Test: Acc=8.2% | Best=8.3%(@2440)
  from x3: 0.08 0.08 0.08 0.08 0.08 0.08 0.08 0.08 0.08 0.08 0.08 0.08 0.08
  per-rule acc: 0.09 0.08
Epoch 2660 | Train: Loss=0.0045 Acc=99.9% | Test: Acc=7.2% | Best=8.3%(@2440)
  from x3: 0.07 0.07 0.07 0.07 0.07 0.07 0.07 0.07 0.07 0.07 0.07 0.07 0.07
  per-rule acc: 0.08 0.07
Epoch 2680 | Train: Loss=0.0107 Acc=99.9% | Test: Acc=7.9% | Best=8.3%(@2440)
  from x3: 0.08 0.08 0.08 0.08 0.08 0.08 0.08 0.08 0.08 0.08 0.08 0.08 0.08
  per-rule acc: 0.09 0.07
Epoch 2700 | Train: Loss=0.0088 Acc=99.9% | Test: Acc=7.3% | Best=8.3%(@2440)
  from x3: 0.08 0.07 0.07 0.07 0.07 0.07 0.07 0.07 0.07 0.07 0.07 0.07 0.07
  per-rule acc: 0.08 0.07
Epoch 2720 | Train: Loss=0.0039 Acc=99.9% | Test: Acc=8.6% | Best=8.6%(@2720)
  from x3: 0.09 0.09 0.09 0.09 0.09 0.09 0.09 0.09 0.08 0.09 0.08 0.08 0.08
  per-rule acc: 0.10 0.08
Epoch 2740 | Train: Loss=0.0374 Acc=99.9% | Test: Acc=8.1% | Best=8.6%(@2720)
  from x3: 0.08 0.08 0.08 0.08 0.08 0.08 0.08 0.08 0.08 0.08 0.08 0.08 0.08
  per-rule acc: 0.09 0.07
Epoch 2760 | Train: Loss=0.0045 Acc=99.9% | Test: Acc=7.6% | Best=8.6%(@2720)
  from x3: 0.08 0.08 0.07 0.08 0.08 0.08 0.08 0.08 0.08 0.08 0.08 0.08 0.08
  per-rule acc: 0.08 0.07
Epoch 2780 | Train: Loss=0.0032 Acc=99.9% | Test: Acc=8.1% | Best=8.6%(@2720)
  from x3: 0.09 0.09 0.08 0.08 0.08 0.08 0.08 0.08 0.08 0.08 0.08 0.08 0.08
  per-rule acc: 0.09 0.08
Epoch 2800 | Train: Loss=0.0066 Acc=99.9% | Test: Acc=9.0% | Best=9.0%(@2800)
  from x3: 0.09 0.09 0.09 0.09 0.09 0.09 0.09 0.09 0.09 0.09 0.09 0.09 0.09
  per-rule acc: 0.09 0.09
Epoch 2820 | Train: Loss=0.0054 Acc=99.9% | Test: Acc=8.3% | Best=9.0%(@2800)
  from x3: 0.08 0.08 0.08 0.08 0.08 0.08 0.08 0.08 0.08 0.08 0.08 0.08 0.08
  per-rule acc: 0.09 0.08
Epoch 2840 | Train: Loss=0.0038 Acc=99.9% | Test: Acc=7.8% | Best=9.0%(@2800)
  from x3: 0.08 0.08 0.08 0.08 0.08 0.08 0.08 0.08 0.08 0.08 0.08 0.08 0.08
  per-rule acc: 0.08 0.08
Epoch 2860 | Train: Loss=0.0061 Acc=99.9% | Test: Acc=8.7% | Best=9.0%(@2800)
  from x3: 0.09 0.09 0.09 0.09 0.09 0.09 0.09 0.09 0.09 0.09 0.09 0.09 0.09
  per-rule acc: 0.10 0.08
Epoch 2880 | Train: Loss=0.0055 Acc=99.9% | Test: Acc=7.7% | Best=9.0%(@2800)
  from x3: 0.07 0.08 0.08 0.08 0.08 0.08 0.08 0.08 0.08 0.08 0.08 0.08 0.08
  per-rule acc: 0.08 0.07
Epoch 2900 | Train: Loss=0.0081 Acc=99.9% | Test: Acc=8.3% | Best=9.0%(@2800)
  from x3: 0.09 0.09 0.08 0.08 0.08 0.08 0.08 0.08 0.08 0.08 0.08 0.08 0.08
  per-rule acc: 0.09 0.08
Epoch 2920 | Train: Loss=0.0129 Acc=99.8% | Test: Acc=8.0% | Best=9.0%(@2800)
  from x3: 0.07 0.08 0.08 0.08 0.08 0.08 0.08 0.08 0.08 0.08 0.08 0.08 0.08
  per-rule acc: 0.09 0.07
Epoch 2940 | Train: Loss=0.0058 Acc=99.9% | Test: Acc=7.4% | Best=9.0%(@2800)
  from x3: 0.07 0.07 0.07 0.07 0.07 0.07 0.07 0.07 0.07 0.07 0.07 0.07 0.07
  per-rule acc: 0.08 0.07
Epoch 2960 | Train: Loss=0.0032 Acc=99.9% | Test: Acc=8.3% | Best=9.0%(@2800)
  from x3: 0.08 0.08 0.08 0.08 0.08 0.08 0.08 0.08 0.08 0.08 0.08 0.08 0.08
  per-rule acc: 0.09 0.08
Epoch 2980 | Train: Loss=0.0365 Acc=99.9% | Test: Acc=7.5% | Best=9.0%(@2800)
  from x3: 0.08 0.08 0.08 0.07 0.07 0.07 0.07 0.07 0.07 0.07 0.07 0.07 0.07
  per-rule acc: 0.08 0.07
Epoch 3000 | Train: Loss=0.0043 Acc=99.9% | Test: Acc=7.8% | Best=9.0%(@2800)
  from x3: 0.08 0.08 0.08 0.08 0.08 0.08 0.08 0.08 0.08 0.08 0.08 0.08 0.08
  per-rule acc: 0.08 0.07
Epoch 3020 | Train: Loss=0.0032 Acc=99.9% | Test: Acc=8.4% | Best=9.0%(@2800)
  from x3: 0.08 0.09 0.09 0.09 0.09 0.08 0.08 0.08 0.08 0.08 0.08 0.08 0.08
  per-rule acc: 0.09 0.08
Epoch 3040 | Train: Loss=0.0038 Acc=99.9% | Test: Acc=8.3% | Best=9.0%(@2800)
  from x3: 0.09 0.09 0.08 0.08 0.08 0.08 0.08 0.08 0.08 0.08 0.08 0.08 0.08
  per-rule acc: 0.09 0.08
Epoch 3060 | Train: Loss=0.0047 Acc=99.9% | Test: Acc=7.4% | Best=9.0%(@2800)
  from x3: 0.07 0.07 0.08 0.07 0.08 0.07 0.07 0.07 0.07 0.07 0.07 0.07 0.07
  per-rule acc: 0.07 0.07
Epoch 3080 | Train: Loss=0.0033 Acc=99.9% | Test: Acc=8.2% | Best=9.0%(@2800)
  from x3: 0.09 0.08 0.08 0.08 0.08 0.08 0.08 0.08 0.08 0.08 0.08 0.08 0.08
  per-rule acc: 0.09 0.08
Epoch 3100 | Train: Loss=0.0292 Acc=99.8% | Test: Acc=7.1% | Best=9.0%(@2800)
  from x3: 0.07 0.07 0.07 0.07 0.07 0.07 0.07 0.07 0.07 0.07 0.07 0.07 0.07
  per-rule acc: 0.07 0.07
Epoch 3120 | Train: Loss=0.0033 Acc=99.9% | Test: Acc=8.7% | Best=9.0%(@2800)
  from x3: 0.08 0.09 0.09 0.09 0.09 0.09 0.09 0.09 0.09 0.09 0.09 0.09 0.09
  per-rule acc: 0.09 0.08
Epoch 3140 | Train: Loss=0.0037 Acc=99.9% | Test: Acc=7.9% | Best=9.0%(@2800)
  from x3: 0.08 0.08 0.08 0.08 0.08 0.08 0.08 0.08 0.08 0.08 0.08 0.08 0.08
  per-rule acc: 0.08 0.07
Epoch 3160 | Train: Loss=0.0064 Acc=99.9% | Test: Acc=8.3% | Best=9.0%(@2800)
  from x3: 0.09 0.09 0.08 0.08 0.08 0.08 0.08 0.08 0.08 0.08 0.08 0.08 0.08
  per-rule acc: 0.09 0.08
Epoch 3180 | Train: Loss=0.0099 Acc=99.8% | Test: Acc=7.2% | Best=9.0%(@2800)
  from x3: 0.07 0.07 0.07 0.07 0.07 0.07 0.07 0.07 0.07 0.07 0.07 0.07 0.07
  per-rule acc: 0.07 0.07
Epoch 3200 | Train: Loss=0.0039 Acc=99.9% | Test: Acc=8.2% | Best=9.0%(@2800)
  from x3: 0.08 0.09 0.08 0.08 0.08 0.08 0.08 0.08 0.08 0.08 0.08 0.08 0.08
  per-rule acc: 0.08 0.08
Epoch 3220 | Train: Loss=0.0032 Acc=99.9% | Test: Acc=8.4% | Best=9.0%(@2800)
  from x3: 0.09 0.09 0.09 0.08 0.08 0.08 0.08 0.08 0.08 0.08 0.08 0.08 0.08
  per-rule acc: 0.09 0.08
Epoch 3240 | Train: Loss=0.0071 Acc=99.9% | Test: Acc=8.2% | Best=9.0%(@2800)
  from x3: 0.08 0.08 0.08 0.08 0.08 0.08 0.08 0.08 0.08 0.08 0.08 0.08 0.08
  per-rule acc: 0.09 0.08
Epoch 3260 | Train: Loss=0.0164 Acc=99.7% | Test: Acc=6.5% | Best=9.0%(@2800)
  from x3: 0.06 0.07 0.07 0.07 0.06 0.06 0.06 0.07 0.07 0.07 0.07 0.07 0.07
  per-rule acc: 0.06 0.07
Epoch 3280 | Train: Loss=0.0033 Acc=99.9% | Test: Acc=8.2% | Best=9.0%(@2800)
  from x3: 0.08 0.08 0.08 0.08 0.08 0.08 0.08 0.08 0.08 0.08 0.08 0.08 0.08
  per-rule acc: 0.09 0.08
Epoch 3300 | Train: Loss=0.0261 Acc=99.8% | Test: Acc=8.6% | Best=9.0%(@2800)
  from x3: 0.09 0.09 0.09 0.09 0.08 0.08 0.08 0.08 0.08 0.08 0.08 0.08 0.08
  per-rule acc: 0.09 0.08
Epoch 3320 | Train: Loss=0.0041 Acc=99.9% | Test: Acc=7.9% | Best=9.0%(@2800)
  from x3: 0.08 0.08 0.08 0.08 0.08 0.08 0.08 0.08 0.08 0.08 0.08 0.08 0.08
  per-rule acc: 0.08 0.08
Epoch 3340 | Train: Loss=0.0069 Acc=99.9% | Test: Acc=7.6% | Best=9.0%(@2800)
  from x3: 0.07 0.08 0.08 0.08 0.08 0.08 0.08 0.08 0.08 0.08 0.08 0.08 0.08
  per-rule acc: 0.08 0.07
Epoch 3360 | Train: Loss=0.0494 Acc=99.9% | Test: Acc=7.5% | Best=9.0%(@2800)
  from x3: 0.07 0.08 0.07 0.08 0.08 0.08 0.08 0.08 0.08 0.08 0.08 0.08 0.08
  per-rule acc: 0.08 0.07
Epoch 3380 | Train: Loss=0.0041 Acc=99.9% | Test: Acc=8.1% | Best=9.0%(@2800)
  from x3: 0.08 0.08 0.08 0.08 0.08 0.08 0.08 0.08 0.08 0.08 0.08 0.08 0.08
  per-rule acc: 0.08 0.08
Epoch 3400 | Train: Loss=0.0046 Acc=99.9% | Test: Acc=8.3% | Best=9.0%(@2800)
  from x3: 0.09 0.09 0.08 0.08 0.08 0.08 0.08 0.08 0.08 0.08 0.08 0.08 0.08
  per-rule acc: 0.09 0.07
Epoch 3420 | Train: Loss=0.0060 Acc=99.9% | Test: Acc=7.4% | Best=9.0%(@2800)
  from x3: 0.07 0.07 0.07 0.07 0.07 0.07 0.07 0.07 0.07 0.07 0.07 0.07 0.07
  per-rule acc: 0.07 0.07
Epoch 3440 | Train: Loss=0.0038 Acc=99.9% | Test: Acc=8.2% | Best=9.0%(@2800)
  from x3: 0.08 0.08 0.08 0.08 0.08 0.08 0.08 0.08 0.08 0.08 0.08 0.08 0.08
  per-rule acc: 0.09 0.08
Epoch 3460 | Train: Loss=0.0072 Acc=99.9% | Test: Acc=8.5% | Best=9.0%(@2800)
  from x3: 0.09 0.09 0.09 0.08 0.08 0.08 0.08 0.08 0.08 0.08 0.08 0.08 0.08
  per-rule acc: 0.09 0.08
Epoch 3480 | Train: Loss=0.0105 Acc=99.9% | Test: Acc=7.3% | Best=9.0%(@2800)
  from x3: 0.07 0.08 0.07 0.07 0.07 0.07 0.07 0.07 0.07 0.07 0.07 0.07 0.07
  per-rule acc: 0.07 0.07
Epoch 3500 | Train: Loss=0.0037 Acc=99.9% | Test: Acc=8.3% | Best=9.0%(@2800)
  from x3: 0.09 0.09 0.08 0.08 0.08 0.08 0.08 0.08 0.08 0.08 0.08 0.08 0.08
  per-rule acc: 0.08 0.08
Epoch 3520 | Train: Loss=0.0066 Acc=99.9% | Test: Acc=7.9% | Best=9.0%(@2800)
  from x3: 0.09 0.08 0.08 0.08 0.08 0.08 0.08 0.08 0.08 0.08 0.08 0.08 0.08
  per-rule acc: 0.08 0.08
Epoch 3540 | Train: Loss=0.0074 Acc=99.9% | Test: Acc=8.2% | Best=9.0%(@2800)
  from x3: 0.09 0.08 0.08 0.08 0.08 0.08 0.08 0.08 0.08 0.08 0.08 0.08 0.08
  per-rule acc: 0.09 0.08
Epoch 3560 | Train: Loss=0.0197 Acc=99.7% | Test: Acc=7.4% | Best=9.0%(@2800)
  from x3: 0.07 0.08 0.08 0.07 0.07 0.08 0.07 0.07 0.08 0.07 0.07 0.07 0.08
  per-rule acc: 0.07 0.08
Epoch 3580 | Train: Loss=0.0033 Acc=99.9% | Test: Acc=8.6% | Best=9.0%(@2800)
  from x3: 0.09 0.09 0.09 0.09 0.09 0.09 0.09 0.09 0.09 0.09 0.09 0.09 0.09
  per-rule acc: 0.09 0.08
Epoch 3600 | Train: Loss=0.0202 Acc=99.9% | Test: Acc=7.2% | Best=9.0%(@2800)
  from x3: 0.06 0.07 0.07 0.07 0.07 0.07 0.07 0.07 0.07 0.07 0.07 0.07 0.07
  per-rule acc: 0.07 0.07
Epoch 3620 | Train: Loss=0.0234 Acc=99.8% | Test: Acc=8.4% | Best=9.0%(@2800)
  from x3: 0.09 0.09 0.09 0.08 0.08 0.08 0.08 0.08 0.08 0.08 0.08 0.08 0.08
  per-rule acc: 0.08 0.09
Epoch 3640 | Train: Loss=0.0056 Acc=99.9% | Test: Acc=7.9% | Best=9.0%(@2800)
  from x3: 0.07 0.08 0.08 0.08 0.08 0.08 0.08 0.08 0.08 0.08 0.08 0.08 0.08
  per-rule acc: 0.08 0.08
Epoch 3660 | Train: Loss=0.0033 Acc=99.9% | Test: Acc=8.5% | Best=9.0%(@2800)
  from x3: 0.08 0.09 0.09 0.08 0.08 0.08 0.08 0.08 0.08 0.09 0.09 0.09 0.08
  per-rule acc: 0.09 0.08
Epoch 3680 | Train: Loss=0.0242 Acc=99.9% | Test: Acc=8.0% | Best=9.0%(@2800)
  from x3: 0.09 0.09 0.08 0.08 0.08 0.08 0.08 0.08 0.08 0.08 0.08 0.08 0.08
  per-rule acc: 0.08 0.08
Epoch 3700 | Train: Loss=0.0039 Acc=99.9% | Test: Acc=8.1% | Best=9.0%(@2800)
  from x3: 0.08 0.08 0.08 0.08 0.08 0.08 0.08 0.08 0.08 0.08 0.08 0.08 0.08
  per-rule acc: 0.08 0.08
Epoch 3720 | Train: Loss=0.0035 Acc=99.9% | Test: Acc=7.9% | Best=9.0%(@2800)
  from x3: 0.08 0.08 0.08 0.08 0.08 0.08 0.08 0.08 0.08 0.08 0.08 0.08 0.08
  per-rule acc: 0.08 0.08
Epoch 3740 | Train: Loss=0.0057 Acc=99.9% | Test: Acc=7.9% | Best=9.0%(@2800)
  from x3: 0.09 0.08 0.08 0.08 0.08 0.08 0.08 0.08 0.08 0.08 0.08 0.08 0.08
  per-rule acc: 0.08 0.07
Epoch 3760 | Train: Loss=0.0049 Acc=99.9% | Test: Acc=7.5% | Best=9.0%(@2800)
  from x3: 0.07 0.08 0.08 0.08 0.08 0.07 0.07 0.08 0.08 0.08 0.08 0.08 0.08
  per-rule acc: 0.07 0.08
Epoch 3780 | Train: Loss=0.0038 Acc=99.9% | Test: Acc=8.5% | Best=9.0%(@2800)
  from x3: 0.08 0.09 0.09 0.09 0.09 0.09 0.09 0.09 0.09 0.09 0.09 0.08 0.09
  per-rule acc: 0.09 0.08
Epoch 3800 | Train: Loss=0.0059 Acc=99.9% | Test: Acc=8.6% | Best=9.0%(@2800)
  from x3: 0.09 0.09 0.09 0.09 0.09 0.09 0.09 0.09 0.09 0.09 0.09 0.09 0.09
  per-rule acc: 0.09 0.08
Epoch 3820 | Train: Loss=0.0054 Acc=99.9% | Test: Acc=7.7% | Best=9.0%(@2800)
  from x3: 0.07 0.08 0.08 0.08 0.08 0.08 0.08 0.08 0.08 0.08 0.08 0.08 0.08
  per-rule acc: 0.08 0.08
Epoch 3840 | Train: Loss=0.0034 Acc=99.9% | Test: Acc=8.2% | Best=9.0%(@2800)
  from x3: 0.08 0.08 0.08 0.08 0.08 0.08 0.08 0.08 0.08 0.08 0.08 0.08 0.08
  per-rule acc: 0.09 0.08
Epoch 3860 | Train: Loss=0.0034 Acc=99.9% | Test: Acc=8.6% | Best=9.0%(@2800)
  from x3: 0.09 0.09 0.09 0.08 0.09 0.09 0.09 0.09 0.09 0.09 0.09 0.09 0.09
  per-rule acc: 0.09 0.08
Epoch 3880 | Train: Loss=0.0325 Acc=99.9% | Test: Acc=7.1% | Best=9.0%(@2800)
  from x3: 0.07 0.07 0.07 0.07 0.07 0.07 0.07 0.07 0.07 0.07 0.07 0.07 0.07
  per-rule acc: 0.07 0.07
Epoch 3900 | Train: Loss=0.0035 Acc=99.9% | Test: Acc=8.5% | Best=9.0%(@2800)
  from x3: 0.08 0.08 0.09 0.09 0.08 0.09 0.09 0.09 0.09 0.09 0.09 0.09 0.09
  per-rule acc: 0.08 0.09
Epoch 3920 | Train: Loss=0.0166 Acc=99.9% | Test: Acc=8.7% | Best=9.0%(@2800)
  from x3: 0.09 0.09 0.09 0.09 0.09 0.09 0.09 0.09 0.09 0.09 0.09 0.09 0.09
  per-rule acc: 0.09 0.09
Epoch 3940 | Train: Loss=0.0045 Acc=99.9% | Test: Acc=7.9% | Best=9.0%(@2800)
  from x3: 0.08 0.08 0.08 0.08 0.08 0.08 0.08 0.08 0.08 0.08 0.08 0.08 0.08
  per-rule acc: 0.08 0.08
Epoch 3960 | Train: Loss=0.0197 Acc=99.9% | Test: Acc=8.5% | Best=9.0%(@2800)
  from x3: 0.09 0.09 0.08 0.08 0.09 0.08 0.08 0.08 0.08 0.08 0.08 0.08 0.08
  per-rule acc: 0.09 0.08
Epoch 3980 | Train: Loss=0.0038 Acc=99.9% | Test: Acc=8.1% | Best=9.0%(@2800)
  from x3: 0.08 0.08 0.08 0.08 0.08 0.08 0.08 0.08 0.08 0.08 0.08 0.08 0.08
  per-rule acc: 0.08 0.08
Epoch 4000 | Train: Loss=0.0112 Acc=99.9% | Test: Acc=8.3% | Best=9.0%(@2800)
  from x3: 0.08 0.08 0.08 0.08 0.08 0.08 0.08 0.08 0.08 0.08 0.08 0.08 0.08
  per-rule acc: 0.09 0.07
Epoch 4020 | Train: Loss=0.0049 Acc=99.9% | Test: Acc=7.7% | Best=9.0%(@2800)
  from x3: 0.07 0.08 0.08 0.08 0.08 0.08 0.08 0.08 0.08 0.08 0.08 0.08 0.08
  per-rule acc: 0.08 0.08
Epoch 4040 | Train: Loss=0.0034 Acc=99.9% | Test: Acc=8.8% | Best=9.0%(@2800)
  from x3: 0.09 0.09 0.09 0.09 0.09 0.09 0.09 0.09 0.09 0.09 0.09 0.09 0.09
  per-rule acc: 0.09 0.08
Epoch 4060 | Train: Loss=0.0251 Acc=99.8% | Test: Acc=7.8% | Best=9.0%(@2800)
  from x3: 0.08 0.08 0.08 0.08 0.08 0.08 0.08 0.08 0.08 0.08 0.08 0.08 0.08
  per-rule acc: 0.07 0.08
Epoch 4080 | Train: Loss=0.0040 Acc=99.9% | Test: Acc=8.2% | Best=9.0%(@2800)
  from x3: 0.08 0.09 0.08 0.08 0.08 0.08 0.08 0.08 0.08 0.08 0.08 0.08 0.08
  per-rule acc: 0.08 0.08
Epoch 4100 | Train: Loss=0.0206 Acc=99.9% | Test: Acc=8.1% | Best=9.0%(@2800)
  from x3: 0.08 0.08 0.08 0.08 0.08 0.08 0.08 0.08 0.08 0.08 0.08 0.08 0.08
  per-rule acc: 0.09 0.08
Epoch 4120 | Train: Loss=0.0040 Acc=99.9% | Test: Acc=8.0% | Best=9.0%(@2800)
  from x3: 0.08 0.08 0.08 0.08 0.08 0.08 0.08 0.08 0.08 0.08 0.08 0.08 0.08
  per-rule acc: 0.08 0.08
Epoch 4140 | Train: Loss=0.0031 Acc=99.9% | Test: Acc=8.7% | Best=9.0%(@2800)
  from x3: 0.09 0.09 0.09 0.09 0.09 0.09 0.09 0.09 0.09 0.09 0.09 0.09 0.09
  per-rule acc: 0.09 0.09
Epoch 4160 | Train: Loss=0.0137 Acc=99.9% | Test: Acc=7.3% | Best=9.0%(@2800)
  from x3: 0.07 0.07 0.07 0.07 0.07 0.07 0.07 0.07 0.07 0.07 0.07 0.07 0.07
  per-rule acc: 0.07 0.07
Epoch 4180 | Train: Loss=0.0031 Acc=99.9% | Test: Acc=8.3% | Best=9.0%(@2800)
  from x3: 0.08 0.09 0.08 0.08 0.08 0.08 0.08 0.08 0.08 0.08 0.08 0.08 0.08
  per-rule acc: 0.08 0.08
Epoch 4200 | Train: Loss=0.0040 Acc=99.9% | Test: Acc=8.3% | Best=9.0%(@2800)
  from x3: 0.08 0.09 0.08 0.08 0.08 0.08 0.08 0.08 0.08 0.08 0.08 0.08 0.08
  per-rule acc: 0.08 0.08
Epoch 4220 | Train: Loss=0.0223 Acc=99.9% | Test: Acc=7.8% | Best=9.0%(@2800)
  from x3: 0.08 0.08 0.08 0.08 0.08 0.08 0.08 0.08 0.08 0.08 0.08 0.08 0.08
  per-rule acc: 0.08 0.08
Epoch 4240 | Train: Loss=0.0040 Acc=99.9% | Test: Acc=8.0% | Best=9.0%(@2800)
  from x3: 0.08 0.08 0.08 0.08 0.08 0.08 0.08 0.08 0.08 0.08 0.08 0.08 0.08
  per-rule acc: 0.08 0.08
Epoch 4260 | Train: Loss=0.0039 Acc=99.9% | Test: Acc=7.9% | Best=9.0%(@2800)
  from x3: 0.07 0.08 0.08 0.08 0.08 0.08 0.08 0.08 0.08 0.08 0.08 0.08 0.08
  per-rule acc: 0.08 0.08
Epoch 4280 | Train: Loss=0.0031 Acc=99.9% | Test: Acc=8.6% | Best=9.0%(@2800)
  from x3: 0.08 0.09 0.09 0.09 0.09 0.09 0.09 0.09 0.09 0.09 0.09 0.09 0.09
  per-rule acc: 0.09 0.08
Epoch 4300 | Train: Loss=0.0347 Acc=99.7% | Test: Acc=6.8% | Best=9.0%(@2800)
  from x3: 0.07 0.07 0.07 0.07 0.07 0.07 0.07 0.07 0.07 0.07 0.07 0.07 0.07
  per-rule acc: 0.07 0.07
Epoch 4320 | Train: Loss=0.0035 Acc=99.9% | Test: Acc=8.5% | Best=9.0%(@2800)
  from x3: 0.08 0.09 0.09 0.09 0.09 0.09 0.09 0.09 0.09 0.09 0.09 0.09 0.09
  per-rule acc: 0.08 0.09
Epoch 4340 | Train: Loss=0.0244 Acc=99.9% | Test: Acc=8.0% | Best=9.0%(@2800)
  from x3: 0.08 0.08 0.08 0.08 0.08 0.08 0.08 0.08 0.08 0.08 0.08 0.08 0.08
  per-rule acc: 0.08 0.08
Epoch 4360 | Train: Loss=0.0035 Acc=99.9% | Test: Acc=8.2% | Best=9.0%(@2800)
  from x3: 0.08 0.08 0.08 0.08 0.08 0.08 0.08 0.08 0.08 0.08 0.08 0.08 0.08
  per-rule acc: 0.08 0.08
Epoch 4380 | Train: Loss=0.0238 Acc=99.9% | Test: Acc=8.3% | Best=9.0%(@2800)
  from x3: 0.08 0.08 0.08 0.08 0.08 0.08 0.08 0.08 0.08 0.08 0.08 0.08 0.08
  per-rule acc: 0.09 0.08
Epoch 4400 | Train: Loss=0.0044 Acc=99.9% | Test: Acc=7.9% | Best=9.0%(@2800)
  from x3: 0.07 0.08 0.08 0.08 0.08 0.08 0.08 0.08 0.08 0.08 0.08 0.08 0.08
  per-rule acc: 0.08 0.08
Epoch 4420 | Train: Loss=0.0056 Acc=99.9% | Test: Acc=7.9% | Best=9.0%(@2800)
  from x3: 0.07 0.08 0.08 0.08 0.08 0.08 0.08 0.08 0.08 0.08 0.08 0.08 0.08
  per-rule acc: 0.08 0.08
Epoch 4440 | Train: Loss=0.0033 Acc=99.9% | Test: Acc=9.0% | Best=9.0%(@2800)
  from x3: 0.09 0.09 0.09 0.09 0.09 0.09 0.09 0.09 0.09 0.09 0.09 0.09 0.09
  per-rule acc: 0.10 0.08
Epoch 4460 | Train: Loss=0.0307 Acc=99.8% | Test: Acc=7.6% | Best=9.0%(@2800)
  from x3: 0.08 0.08 0.08 0.08 0.08 0.08 0.08 0.08 0.08 0.08 0.08 0.08 0.08
  per-rule acc: 0.07 0.08
Epoch 4480 | Train: Loss=0.0032 Acc=99.9% | Test: Acc=8.5% | Best=9.0%(@2800)
  from x3: 0.08 0.09 0.09 0.09 0.09 0.08 0.08 0.08 0.08 0.08 0.08 0.08 0.08
  per-rule acc: 0.08 0.08
Epoch 4500 | Train: Loss=0.0076 Acc=99.9% | Test: Acc=7.6% | Best=9.0%(@2800)
  from x3: 0.07 0.08 0.08 0.08 0.08 0.08 0.08 0.08 0.08 0.08 0.08 0.08 0.08
  per-rule acc: 0.07 0.08
Epoch 4520 | Train: Loss=0.0031 Acc=99.9% | Test: Acc=8.6% | Best=9.0%(@2800)
  from x3: 0.09 0.09 0.09 0.09 0.09 0.09 0.09 0.09 0.09 0.09 0.09 0.09 0.09
  per-rule acc: 0.09 0.08
Epoch 4540 | Train: Loss=0.0106 Acc=99.8% | Test: Acc=8.3% | Best=9.0%(@2800)
  from x3: 0.08 0.09 0.08 0.08 0.08 0.08 0.08 0.08 0.08 0.08 0.08 0.08 0.08
  per-rule acc: 0.08 0.08
Epoch 4560 | Train: Loss=0.0035 Acc=99.9% | Test: Acc=8.3% | Best=9.0%(@2800)
  from x3: 0.08 0.08 0.08 0.08 0.08 0.08 0.08 0.08 0.08 0.08 0.08 0.08 0.08
  per-rule acc: 0.09 0.08
Epoch 4580 | Train: Loss=0.0311 Acc=99.9% | Test: Acc=7.7% | Best=9.0%(@2800)
  from x3: 0.07 0.08 0.08 0.08 0.08 0.08 0.08 0.08 0.08 0.08 0.08 0.08 0.08
  per-rule acc: 0.08 0.08
Epoch 4600 | Train: Loss=0.0034 Acc=99.9% | Test: Acc=8.4% | Best=9.0%(@2800)
  from x3: 0.08 0.09 0.08 0.08 0.09 0.09 0.08 0.08 0.09 0.08 0.08 0.08 0.08
  per-rule acc: 0.08 0.08
Epoch 4620 | Train: Loss=0.0085 Acc=99.9% | Test: Acc=8.7% | Best=9.0%(@2800)
  from x3: 0.08 0.09 0.08 0.09 0.09 0.09 0.09 0.09 0.09 0.09 0.09 0.09 0.09
  per-rule acc: 0.09 0.08
Epoch 4640 | Train: Loss=0.0064 Acc=99.9% | Test: Acc=7.8% | Best=9.0%(@2800)
  from x3: 0.07 0.08 0.08 0.08 0.08 0.08 0.08 0.08 0.08 0.08 0.08 0.08 0.08
  per-rule acc: 0.08 0.08
Epoch 4660 | Train: Loss=0.0036 Acc=99.9% | Test: Acc=7.9% | Best=9.0%(@2800)
  from x3: 0.08 0.08 0.08 0.08 0.08 0.08 0.08 0.08 0.08 0.08 0.08 0.08 0.08
  per-rule acc: 0.08 0.08
Epoch 4680 | Train: Loss=0.0328 Acc=99.9% | Test: Acc=7.5% | Best=9.0%(@2800)
  from x3: 0.07 0.08 0.08 0.08 0.08 0.07 0.07 0.07 0.07 0.07 0.07 0.07 0.07
  per-rule acc: 0.07 0.08
Epoch 4700 | Train: Loss=0.0032 Acc=99.9% | Test: Acc=8.1% | Best=9.0%(@2800)
  from x3: 0.08 0.08 0.08 0.08 0.08 0.08 0.08 0.08 0.08 0.08 0.08 0.08 0.08
  per-rule acc: 0.08 0.08
Epoch 4720 | Train: Loss=0.0051 Acc=99.9% | Test: Acc=9.0% | Best=9.0%(@2800)
  from x3: 0.09 0.09 0.09 0.09 0.09 0.09 0.09 0.09 0.09 0.09 0.09 0.09 0.09
  per-rule acc: 0.10 0.08
Epoch 4740 | Train: Loss=0.0099 Acc=99.8% | Test: Acc=7.4% | Best=9.0%(@2800)
  from x3: 0.07 0.07 0.07 0.07 0.07 0.07 0.07 0.07 0.07 0.07 0.07 0.07 0.07
  per-rule acc: 0.07 0.08
Epoch 4760 | Train: Loss=0.0032 Acc=99.9% | Test: Acc=8.9% | Best=9.0%(@2800)
  from x3: 0.08 0.09 0.09 0.09 0.09 0.09 0.09 0.09 0.09 0.09 0.09 0.09 0.09
  per-rule acc: 0.09 0.08
Epoch 4780 | Train: Loss=0.0176 Acc=99.9% | Test: Acc=8.1% | Best=9.0%(@2800)
  from x3: 0.08 0.08 0.08 0.08 0.08 0.08 0.08 0.08 0.08 0.08 0.08 0.08 0.08
  per-rule acc: 0.08 0.08
Epoch 4800 | Train: Loss=0.0049 Acc=99.9% | Test: Acc=7.7% | Best=9.0%(@2800)
  from x3: 0.07 0.08 0.08 0.08 0.08 0.08 0.08 0.08 0.08 0.08 0.08 0.08 0.08
  per-rule acc: 0.08 0.07
[Early stop] No improvement for 2000 consecutive epochs

==================================================
Saving model...
[OK] Model saved to: /home/cxm/ai/test0617-basic/models/mixed_basic_d512l1_r32_t16_c0.5.pth
  File size: 70359.3 KB
  Best test accuracy: 9.01%

==================================================
Final generation test (given first two items, AB generates 3rd as prompt, validate from 4th)
==================================================

--- AB pair 1: (1, 1) ---

--- Statistics for AB=(1,1) ---
Exposed    samples:  1405 | In-dist: 18162/18265 ( 99.4%) | OOD: 22352/22480 ( 99.4%)
Unexposed  samples:  1404 | In-dist: 10118/18252 ( 55.4%) | OOD: 13578/22464 ( 60.4%)

--- AB pair 2: (1, 2) ---

--- Statistics for AB=(1,2) ---
Exposed    samples:  1405 | In-dist: 18135/18265 ( 99.3%) | OOD: 22330/22480 ( 99.3%)
Unexposed  samples:  1404 | In-dist:  4259/18252 ( 23.3%) | OOD:  5960/22464 ( 26.5%)

--- Return code: 0 ---

======================================================================
Attention Analysis
======================================================================
Model config: addition (default), p=53
Best test accuracy: 0.09012710935787858
Training epochs: 4800

Random test sequence 1/5 (length 32): [27, 48, 22, 17, 39, 3, 42, 45, 34, 26, 7, 33, 40, 20, 7, 27, 34, 8, 42, 50]...

======================================================================
Attention Layer Training Result Summary
======================================================================
Input sequence: [27, 48, 22, 17, 39, 3, 42, 45, 34, 26, 7, 33, 40, 20, 7, 27, 34, 8, 42, 50, 39, 36, 22, 5, 27, 32, 6, 38, 44, 29, 20, 49]

--- Layer 0 ---
  Head 0: Entropy=1.490
    Attention coefficients from each query position to previous positions:
      i= 0 -> j=0:1.000
      i= 1 -> j=0:0.668, j=1:0.332
      i= 2 -> j=0:0.286, j=1:0.444, j=2:0.270
      i= 3 -> j=0:0.088, j=1:0.214, j=2:0.387, j=3:0.311
      i= 4 -> j=0:0.015, j=1:0.071, j=2:0.370, j=3:0.342, j=4:0.201
      i= 5 -> j=0:0.008, j=1:0.021, j=2:0.162, j=3:0.299, j=4:0.367, j=5:0.144
      i= 6 -> j=0:0.002, j=1:0.004, j=2:0.028, j=3:0.094, j=4:0.238, j=5:0.388, j=6:0.245
      i= 7 -> j=0:0.003, j=1:0.005, j=2:0.011, j=3:0.042, j=4:0.162, j=5:0.282, j=6:0.384, j=7:0.111
      i= 8 -> j=0:0.002, j=1:0.002, j=2:0.004, j=3:0.025, j=4:0.035, j=5:0.177, j=6:0.171, j=7:0.497, j=8:0.087
      i= 9 -> j=0:0.000, j=1:0.001, j=2:0.001, j=3:0.002, j=4:0.004, j=5:0.013, j=6:0.075, j=7:0.208, j=8:0.436, j=9:0.261
      i=10 -> j=0:0.001, j=1:0.001, j=2:0.001, j=3:0.001, j=4:0.002, j=5:0.004, j=6:0.013, j=7:0.085, j=8:0.226, j=9:0.477, j=10:0.190
      i=11 -> j=0:0.001, j=1:0.001, j=2:0.001, j=3:0.001, j=4:0.001, j=5:0.002, j=6:0.004, j=7:0.022, j=8:0.121, j=9:0.227, j=10:0.348, j=11:0.272
      i=12 -> j=0:0.002, j=1:0.002, j=2:0.001, j=3:0.001, j=4:0.003, j=5:0.004, j=6:0.007, j=7:0.020, j=8:0.048, j=9:0.100, j=10:0.238, j=11:0.437, j=12:0.137
      i=13 -> j=0:0.001, j=1:0.001, j=2:0.001, j=3:0.001, j=4:0.001, j=5:0.001, j=6:0.001, j=7:0.002, j=8:0.011, j=9:0.017, j=10:0.082, j=11:0.227, j=12:0.395, j=13:0.261
      i=14 -> j=0:0.002, j=1:0.002, j=2:0.001, j=3:0.001, j=4:0.001, j=5:0.001, j=6:0.001, j=7:0.002, j=8:0.004, j=9:0.005, j=10:0.035, j=11:0.084, j=12:0.282, j=13:0.354, j=14:0.226
      i=15 -> j=0:0.002, j=1:0.003, j=2:0.001, j=3:0.001, j=4:0.001, j=5:0.001, j=6:0.001, j=7:0.001, j=8:0.002, j=9:0.002, j=10:0.009, j=11:0.022, j=12:0.063, j=13:0.230, j=14:0.360, j=15:0.300
      i=16 -> j=0:0.003, j=1:0.003, j=2:0.003, j=3:0.003, j=4:0.001, j=5:0.002, j=6:0.001, j=7:0.002, j=8:0.001, j=9:0.004, j=10:0.011, j=11:0.012, j=12:0.043, j=13:0.151, j=14:0.234, j=15:0.421, j=16:0.104
      i=17 -> j=0:0.005, j=1:0.005, j=2:0.003, j=3:0.002, j=4:0.001, j=5:0.001, j=6:0.001, j=7:0.001, j=8:0.001, j=9:0.001, j=10:0.001, j=11:0.002, j=12:0.007, j=13:0.029, j=14:0.093, j=15:0.210, j=16:0.351, j=17:0.287
      i=18 -> j=0:0.006, j=1:0.004, j=2:0.003, j=3:0.002, j=4:0.001, j=5:0.001, j=6:0.001, j=7:0.001, j=8:0.000, j=9:0.001, j=10:0.000, j=11:0.001, j=12:0.002, j=13:0.006, j=14:0.028, j=15:0.093, j=16:0.197, j=17:0.442, j=18:0.212
      i=19 -> j=0:0.007, j=1:0.006, j=2:0.006, j=3:0.004, j=4:0.003, j=5:0.002, j=6:0.001, j=7:0.001, j=8:0.001, j=9:0.001, j=10:0.001, j=11:0.001, j=12:0.001, j=13:0.003, j=14:0.010, j=15:0.035, j=16:0.103, j=17:0.269, j=18:0.275, j=19:0.269
      i=20 -> j=0:0.006, j=1:0.006, j=2:0.004, j=3:0.005, j=4:0.004, j=5:0.004, j=6:0.002, j=7:0.001, j=8:0.001, j=9:0.001, j=10:0.000, j=11:0.001, j=12:0.001, j=13:0.001, j=14:0.003, j=15:0.005, j=16:0.042, j=17:0.109, j=18:0.244, j=19:0.358, j=20:0.202
      i=21 -> j=0:0.005, j=1:0.005, j=2:0.004, j=3:0.003, j=4:0.005, j=5:0.004, j=6:0.003, j=7:0.002, j=8:0.001, j=9:0.001, j=10:0.001, j=11:0.001, j=12:0.001, j=13:0.001, j=14:0.001, j=15:0.002, j=16:0.006, j=17:0.015, j=18:0.067, j=19:0.209, j=20:0.421, j=21:0.244
      i=22 -> j=0:0.010, j=1:0.006, j=2:0.005, j=3:0.005, j=4:0.006, j=5:0.004, j=6:0.005, j=7:0.003, j=8:0.002, j=9:0.001, j=10:0.001, j=11:0.001, j=12:0.001, j=13:0.001, j=14:0.001, j=15:0.001, j=16:0.003, j=17:0.004, j=18:0.014, j=19:0.072, j=20:0.274, j=21:0.358, j=22:0.226
      i=23 -> j=0:0.010, j=1:0.008, j=2:0.006, j=3:0.006, j=4:0.005, j=5:0.004, j=6:0.006, j=7:0.003, j=8:0.002, j=9:0.002, j=10:0.002, j=11:0.001, j=12:0.001, j=13:0.001, j=14:0.001, j=15:0.001, j=16:0.001, j=17:0.002, j=18:0.007, j=19:0.039, j=20:0.182, j=21:0.397, j=22:0.177, j=23:0.137
      i=24 -> j=0:0.008, j=1:0.013, j=2:0.007, j=3:0.008, j=4:0.005, j=5:0.004, j=6:0.007, j=7:0.003, j=8:0.003, j=9:0.002, j=10:0.002, j=11:0.001, j=12:0.001, j=13:0.001, j=14:0.001, j=15:0.000, j=16:0.001, j=17:0.001, j=18:0.002, j=19:0.010, j=20:0.022, j=21:0.072, j=22:0.200, j=23:0.383, j=24:0.243
      i=25 -> j=0:0.012, j=1:0.010, j=2:0.008, j=3:0.006, j=4:0.004, j=5:0.003, j=6:0.004, j=7:0.004, j=8:0.005, j=9:0.004, j=10:0.003, j=11:0.002, j=12:0.001, j=13:0.001, j=14:0.000, j=15:0.001, j=16:0.001, j=17:0.001, j=18:0.001, j=19:0.002, j=20:0.006, j=21:0.022, j=22:0.073, j=23:0.305, j=24:0.363, j=25:0.161
      i=26 -> j=0:0.010, j=1:0.011, j=2:0.010, j=3:0.008, j=4:0.005, j=5:0.005, j=6:0.004, j=7:0.003, j=8:0.003, j=9:0.003, j=10:0.003, j=11:0.002, j=12:0.001, j=13:0.001, j=14:0.001, j=15:0.001, j=16:0.000, j=17:0.000, j=18:0.000, j=19:0.001, j=20:0.002, j=21:0.004, j=22:0.027, j=23:0.073, j=24:0.209, j=25:0.404, j=26:0.208
      i=27 -> j=0:0.010, j=1:0.007, j=2:0.008, j=3:0.006, j=4:0.007, j=5:0.005, j=6:0.004, j=7:0.004, j=8:0.003, j=9:0.003, j=10:0.003, j=11:0.004, j=12:0.002, j=13:0.002, j=14:0.001, j=15:0.001, j=16:0.001, j=17:0.000, j=18:0.000, j=19:0.001, j=20:0.001, j=21:0.002, j=22:0.004, j=23:0.024, j=24:0.065, j=25:0.214, j=26:0.395, j=27:0.221
      i=28 -> j=0:0.012, j=1:0.017, j=2:0.021, j=3:0.012, j=4:0.014, j=5:0.014, j=6:0.012, j=7:0.008, j=8:0.007, j=9:0.005, j=10:0.003, j=11:0.004, j=12:0.004, j=13:0.002, j=14:0.002, j=15:0.001, j=16:0.002, j=17:0.001, j=18:0.001, j=19:0.001, j=20:0.001, j=21:0.002, j=22:0.010, j=23:0.015, j=24:0.036, j=25:0.066, j=26:0.218, j=27:0.421, j=28:0.086
      i=29 -> j=0:0.011, j=1:0.011, j=2:0.013, j=3:0.016, j=4:0.013, j=5:0.016, j=6:0.010, j=7:0.006, j=8:0.007, j=9:0.007, j=10:0.007, j=11:0.005, j=12:0.005, j=13:0.003, j=14:0.003, j=15:0.002, j=16:0.002, j=17:0.001, j=18:0.001, j=19:0.001, j=20:0.001, j=21:0.001, j=22:0.001, j=23:0.004, j=24:0.005, j=25:0.026, j=26:0.071, j=27:0.166, j=28:0.362, j=29:0.223
      i=30 -> j=0:0.010, j=1:0.009, j=2:0.013, j=3:0.014, j=4:0.012, j=5:0.011, j=6:0.011, j=7:0.007, j=8:0.006, j=9:0.005, j=10:0.005, j=11:0.004, j=12:0.005, j=13:0.002, j=14:0.002, j=15:0.002, j=16:0.002, j=17:0.001, j=18:0.001, j=19:0.001, j=20:0.001, j=21:0.001, j=22:0.001, j=23:0.001, j=24:0.002, j=25:0.005, j=26:0.032, j=27:0.082, j=28:0.144, j=29:0.391, j=30:0.221
      i=31 -> j=0:0.007, j=1:0.007, j=2:0.007, j=3:0.007, j=4:0.005, j=5:0.005, j=6:0.006, j=7:0.006, j=8:0.003, j=9:0.006, j=10:0.006, j=11:0.003, j=12:0.002, j=13:0.003, j=14:0.002, j=15:0.003, j=16:0.001, j=17:0.001, j=18:0.001, j=19:0.001, j=20:0.001, j=21:0.000, j=22:0.001, j=23:0.001, j=24:0.001, j=25:0.003, j=26:0.010, j=27:0.014, j=28:0.149, j=29:0.224, j=30:0.343, j=31:0.171
    Average attention per distance:
      d=0:0.236, d=1:0.392, d=2:0.240, d=3:0.099, d=4:0.027, d=24:0.010, d=25:0.010, d=26:0.012
      d=27:0.012, d=28:0.011


======================================================================
QK Property Verification (Raw Scores, before Softmax)
======================================================================
Recurrence order init_len=2, num test sequences=1

--- [P1] Long-distance Orthogonality Verification ---
Ideal: raw_score mean ≈ 0 and small std when d > init_len

  Layer 0, Head 0:
    d= 1 (effective): mean=  3.726, std= 0.287, n=31
    d= 2 (effective): mean=  3.264, std= 0.287, n=30
    d>2 (long-distance): mean= -0.863, std= 1.394, n=435

--- [P2] Time-homogeneous Verification ---
Ideal: CV of raw_score across positions i ≈ 0 for fixed distance d
(CV = std / |mean|, smaller = more constant)

  Layer 0, Head 0:
    d= 1: mean=  3.726, std= 0.287, CV=0.077, n=31
    d= 2: mean=  3.264, std= 0.287, CV=0.088, n=30

======================================================================
QK Property Verification Completed
======================================================================
