=== Experiment: mixed_basic_d1024l1_r32_t16_c0.5 ===
Time: 2026-06-17T23:18:26.909553
Task type: mixed_ab
Merged config: {
  "P": 53,
  "TASK": "mixed_ab",
  "NUM_MASK": 2,
  "A": 1,
  "B": 1,
  "AB_PAIRS": [
    [
      1,
      1
    ],
    [
      1,
      2
    ]
  ],
  "D_MODEL": 1024,
  "N_HEAD": 1,
  "N_LAYER": 1,
  "BATCH_SIZE": 128,
  "EPOCHS": 10000,
  "LR": 0.0003,
  "SAVE_PATH": "models/mixed_basic_d1024l1_r32_t16_c0.5.pth",
  "USE_GREEDY_GENERATE": true,
  "USE_LEARNABLE_PE": false,
  "MLP_RATIO": 32,
  "TRAIN_LEN": 16,
  "OOD_LEN": 32,
  "DROPOUT": 0.0,
  "TARGET_INIT_COVERAGE": 0.5,
  "MAX_UNIQUE_RATIO": 0.5,
  "WEIGHT_DECAY": 1,
  "ENTROPY_PENALTY_WEIGHT": 0.0,
  "FIRST_TASK_WEIGHT": 1.0,
  "RANDOM_SEED": 42,
  "EVAL_INTERVAL": 20,
  "EARLY_STOP_NO_IMPROVE": 2000,
  "EARLY_STOP_ACCURACY": 0.99,
  "USE_AB_TAG": false,
  "USE_CONDITIONAL_WTE": false,
  "COND_WTE_SHARED_RATIO": 0.0
}
--- output ---
Using device: cuda

[Dataset] Mixed mode: generated 2810 + 2808 samples, length 16
AB parameter pairs: [(1, 1), (1, 2)]
--------------------------------------------------
[Model config] block_size: 32, train length: 16
[Number theory] AB parameter pairs: [(1, 1), (1, 2)]


Model parameters: 71.93M

Start training...
Epoch   0 | Train: Loss=4.2502 Acc=7.9% | Test: Acc=0.8% | Best=0.8%(@0)
  from x3: 0.01 0.01 0.01 0.01 0.01 0.01 0.01 0.01 0.01 0.01 0.01 0.01 0.01
  per-rule acc: 0.01 0.01
Epoch  20 | Train: Loss=0.0418 Acc=99.2% | Test: Acc=5.1% | Best=5.1%(@20)
  from x3: 0.06 0.05 0.05 0.05 0.05 0.05 0.05 0.05 0.05 0.05 0.05 0.05 0.05
  per-rule acc: 0.07 0.03
Epoch  40 | Train: Loss=0.0126 Acc=99.7% | Test: Acc=5.6% | Best=5.6%(@40)
  from x3: 0.07 0.06 0.05 0.05 0.05 0.05 0.05 0.05 0.05 0.05 0.05 0.05 0.05
  per-rule acc: 0.09 0.02
Epoch  60 | Train: Loss=0.0085 Acc=99.9% | Test: Acc=5.9% | Best=5.9%(@60)
  from x3: 0.07 0.07 0.06 0.06 0.06 0.06 0.06 0.05 0.06 0.06 0.06 0.06 0.06
  per-rule acc: 0.09 0.02
Epoch  80 | Train: Loss=0.0074 Acc=99.9% | Test: Acc=5.7% | Best=5.9%(@60)
  from x3: 0.07 0.06 0.06 0.06 0.06 0.06 0.05 0.05 0.05 0.06 0.05 0.05 0.05
  per-rule acc: 0.09 0.02
Epoch 100 | Train: Loss=0.0560 Acc=99.4% | Test: Acc=6.1% | Best=6.1%(@100)
  from x3: 0.07 0.07 0.06 0.06 0.06 0.06 0.06 0.06 0.06 0.06 0.06 0.06 0.06
  per-rule acc: 0.09 0.03
Epoch 120 | Train: Loss=0.0036 Acc=99.9% | Test: Acc=5.4% | Best=6.1%(@100)
  from x3: 0.07 0.06 0.06 0.05 0.05 0.05 0.05 0.05 0.05 0.05 0.05 0.05 0.05
  per-rule acc: 0.09 0.02
Epoch 140 | Train: Loss=0.0117 Acc=99.8% | Test: Acc=6.2% | Best=6.2%(@140)
  from x3: 0.07 0.07 0.06 0.06 0.06 0.06 0.06 0.06 0.06 0.06 0.06 0.06 0.06
  per-rule acc: 0.10 0.02
Epoch 160 | Train: Loss=0.0040 Acc=99.9% | Test: Acc=5.7% | Best=6.2%(@140)
  from x3: 0.07 0.06 0.06 0.06 0.06 0.05 0.06 0.06 0.05 0.06 0.05 0.05 0.05
  per-rule acc: 0.09 0.02
Epoch 180 | Train: Loss=0.0038 Acc=99.9% | Test: Acc=5.7% | Best=6.2%(@140)
  from x3: 0.08 0.06 0.06 0.06 0.06 0.05 0.06 0.05 0.05 0.05 0.05 0.05 0.05
  per-rule acc: 0.09 0.02
Epoch 200 | Train: Loss=0.0312 Acc=99.5% | Test: Acc=5.7% | Best=6.2%(@140)
  from x3: 0.07 0.06 0.06 0.05 0.06 0.06 0.06 0.05 0.05 0.06 0.06 0.05 0.05
  per-rule acc: 0.08 0.03
Epoch 220 | Train: Loss=0.0035 Acc=99.9% | Test: Acc=5.4% | Best=6.2%(@140)
  from x3: 0.07 0.06 0.06 0.05 0.05 0.05 0.05 0.05 0.05 0.05 0.05 0.05 0.05
  per-rule acc: 0.08 0.02
Epoch 240 | Train: Loss=0.0036 Acc=99.9% | Test: Acc=5.2% | Best=6.2%(@140)
  from x3: 0.07 0.06 0.05 0.05 0.05 0.05 0.05 0.05 0.05 0.05 0.05 0.05 0.05
  per-rule acc: 0.08 0.02
Epoch 260 | Train: Loss=0.0032 Acc=99.9% | Test: Acc=5.2% | Best=6.2%(@140)
  from x3: 0.07 0.05 0.05 0.05 0.05 0.05 0.05 0.05 0.05 0.05 0.05 0.05 0.05
  per-rule acc: 0.08 0.02
Epoch 280 | Train: Loss=0.0112 Acc=99.8% | Test: Acc=5.1% | Best=6.2%(@140)
  from x3: 0.07 0.06 0.05 0.05 0.05 0.05 0.05 0.05 0.05 0.05 0.05 0.05 0.05
  per-rule acc: 0.08 0.02
Epoch 300 | Train: Loss=0.0030 Acc=99.9% | Test: Acc=4.6% | Best=6.2%(@140)
  from x3: 0.07 0.05 0.05 0.05 0.05 0.04 0.04 0.04 0.04 0.04 0.04 0.04 0.04
  per-rule acc: 0.07 0.02
Epoch 320 | Train: Loss=0.0575 Acc=99.0% | Test: Acc=5.3% | Best=6.2%(@140)
  from x3: 0.07 0.06 0.06 0.05 0.05 0.05 0.05 0.05 0.05 0.05 0.05 0.05 0.05
  per-rule acc: 0.08 0.02
Epoch 340 | Train: Loss=0.0029 Acc=99.9% | Test: Acc=4.5% | Best=6.2%(@140)
  from x3: 0.07 0.05 0.05 0.04 0.04 0.04 0.04 0.04 0.04 0.04 0.04 0.04 0.04
  per-rule acc: 0.07 0.02
Epoch 360 | Train: Loss=0.0034 Acc=99.9% | Test: Acc=4.7% | Best=6.2%(@140)
  from x3: 0.07 0.05 0.05 0.05 0.04 0.04 0.05 0.04 0.04 0.04 0.05 0.04 0.04
  per-rule acc: 0.07 0.02
Epoch 380 | Train: Loss=0.2105 Acc=99.0% | Test: Acc=4.7% | Best=6.2%(@140)
  from x3: 0.06 0.05 0.05 0.04 0.05 0.05 0.05 0.05 0.04 0.05 0.05 0.05 0.04
  per-rule acc: 0.07 0.02
Epoch 400 | Train: Loss=0.0029 Acc=99.9% | Test: Acc=4.2% | Best=6.2%(@140)
  from x3: 0.06 0.04 0.04 0.04 0.04 0.04 0.04 0.04 0.04 0.04 0.04 0.04 0.04
  per-rule acc: 0.06 0.02
Epoch 420 | Train: Loss=0.0118 Acc=99.8% | Test: Acc=4.5% | Best=6.2%(@140)
  from x3: 0.07 0.05 0.05 0.05 0.04 0.04 0.04 0.04 0.04 0.04 0.04 0.04 0.04
  per-rule acc: 0.07 0.02
Epoch 440 | Train: Loss=0.0033 Acc=99.9% | Test: Acc=3.7% | Best=6.2%(@140)
  from x3: 0.06 0.04 0.04 0.04 0.04 0.03 0.03 0.03 0.03 0.03 0.03 0.03 0.03
  per-rule acc: 0.06 0.02
Epoch 460 | Train: Loss=0.0029 Acc=99.9% | Test: Acc=3.9% | Best=6.2%(@140)
  from x3: 0.06 0.04 0.04 0.04 0.04 0.04 0.04 0.04 0.04 0.04 0.04 0.04 0.03
  per-rule acc: 0.06 0.02
Epoch 480 | Train: Loss=0.0040 Acc=99.9% | Test: Acc=3.8% | Best=6.2%(@140)
  from x3: 0.06 0.04 0.04 0.04 0.04 0.04 0.03 0.03 0.03 0.04 0.03 0.03 0.03
  per-rule acc: 0.05 0.02
Epoch 500 | Train: Loss=0.0364 Acc=99.5% | Test: Acc=4.3% | Best=6.2%(@140)
  from x3: 0.06 0.05 0.05 0.04 0.04 0.04 0.04 0.04 0.04 0.04 0.04 0.04 0.04
  per-rule acc: 0.06 0.02
Epoch 520 | Train: Loss=0.0031 Acc=99.9% | Test: Acc=3.6% | Best=6.2%(@140)
  from x3: 0.06 0.04 0.04 0.03 0.03 0.03 0.03 0.03 0.03 0.04 0.03 0.03 0.03
  per-rule acc: 0.05 0.02
Epoch 540 | Train: Loss=0.0051 Acc=99.9% | Test: Acc=3.7% | Best=6.2%(@140)
  from x3: 0.06 0.04 0.04 0.04 0.04 0.03 0.04 0.03 0.03 0.03 0.03 0.03 0.03
  per-rule acc: 0.05 0.02
Epoch 560 | Train: Loss=0.0033 Acc=99.9% | Test: Acc=3.3% | Best=6.2%(@140)
  from x3: 0.05 0.03 0.03 0.03 0.03 0.03 0.03 0.03 0.03 0.03 0.03 0.03 0.03
  per-rule acc: 0.05 0.02
Epoch 580 | Train: Loss=0.0030 Acc=99.9% | Test: Acc=3.5% | Best=6.2%(@140)
  from x3: 0.06 0.04 0.04 0.03 0.04 0.03 0.03 0.03 0.03 0.03 0.03 0.03 0.03
  per-rule acc: 0.05 0.02
Epoch 600 | Train: Loss=0.1319 Acc=99.5% | Test: Acc=3.5% | Best=6.2%(@140)
  from x3: 0.05 0.04 0.04 0.03 0.03 0.03 0.03 0.03 0.03 0.03 0.03 0.03 0.03
  per-rule acc: 0.05 0.02
Epoch 620 | Train: Loss=0.0035 Acc=99.9% | Test: Acc=3.2% | Best=6.2%(@140)
  from x3: 0.06 0.04 0.03 0.03 0.03 0.03 0.03 0.03 0.03 0.03 0.03 0.03 0.03
  per-rule acc: 0.05 0.02
Epoch 640 | Train: Loss=0.0037 Acc=99.9% | Test: Acc=3.7% | Best=6.2%(@140)
  from x3: 0.05 0.04 0.04 0.04 0.04 0.03 0.03 0.03 0.03 0.03 0.03 0.03 0.03
  per-rule acc: 0.05 0.02
Epoch 660 | Train: Loss=0.0032 Acc=99.9% | Test: Acc=3.1% | Best=6.2%(@140)
  from x3: 0.05 0.03 0.03 0.03 0.03 0.03 0.03 0.03 0.03 0.03 0.03 0.03 0.03
  per-rule acc: 0.04 0.02
Epoch 680 | Train: Loss=0.0027 Acc=99.9% | Test: Acc=3.3% | Best=6.2%(@140)
  from x3: 0.05 0.04 0.03 0.03 0.03 0.03 0.03 0.03 0.03 0.03 0.03 0.03 0.03
  per-rule acc: 0.05 0.02
Epoch 700 | Train: Loss=0.1169 Acc=99.7% | Test: Acc=3.1% | Best=6.2%(@140)
  from x3: 0.04 0.03 0.03 0.03 0.03 0.03 0.03 0.03 0.03 0.03 0.03 0.03 0.03
  per-rule acc: 0.05 0.02
Epoch 720 | Train: Loss=0.0029 Acc=99.9% | Test: Acc=3.0% | Best=6.2%(@140)
  from x3: 0.04 0.03 0.03 0.03 0.03 0.03 0.03 0.03 0.03 0.03 0.03 0.03 0.03
  per-rule acc: 0.04 0.02
Epoch 740 | Train: Loss=0.0030 Acc=99.9% | Test: Acc=2.9% | Best=6.2%(@140)
  from x3: 0.04 0.03 0.03 0.03 0.03 0.03 0.03 0.03 0.03 0.03 0.03 0.03 0.03
  per-rule acc: 0.04 0.02
Epoch 760 | Train: Loss=0.0168 Acc=99.8% | Test: Acc=3.3% | Best=6.2%(@140)
  from x3: 0.05 0.04 0.03 0.03 0.03 0.03 0.03 0.03 0.03 0.03 0.03 0.03 0.03
  per-rule acc: 0.05 0.02
Epoch 780 | Train: Loss=0.0030 Acc=99.9% | Test: Acc=2.7% | Best=6.2%(@140)
  from x3: 0.04 0.03 0.03 0.02 0.03 0.03 0.02 0.02 0.02 0.02 0.02 0.02 0.02
  per-rule acc: 0.04 0.02
Epoch 800 | Train: Loss=0.0035 Acc=99.9% | Test: Acc=2.9% | Best=6.2%(@140)
  from x3: 0.04 0.03 0.03 0.03 0.03 0.03 0.03 0.03 0.03 0.03 0.03 0.03 0.03
  per-rule acc: 0.04 0.02
Epoch 820 | Train: Loss=0.0082 Acc=99.9% | Test: Acc=2.9% | Best=6.2%(@140)
  from x3: 0.04 0.03 0.03 0.03 0.03 0.03 0.03 0.03 0.03 0.03 0.03 0.03 0.03
  per-rule acc: 0.04 0.02
Epoch 840 | Train: Loss=0.0031 Acc=99.9% | Test: Acc=2.7% | Best=6.2%(@140)
  from x3: 0.04 0.03 0.03 0.03 0.03 0.02 0.03 0.03 0.03 0.03 0.02 0.02 0.02
  per-rule acc: 0.04 0.02
Epoch 860 | Train: Loss=0.0035 Acc=99.9% | Test: Acc=2.9% | Best=6.2%(@140)
  from x3: 0.04 0.03 0.03 0.03 0.03 0.03 0.03 0.03 0.03 0.03 0.03 0.03 0.03
  per-rule acc: 0.04 0.02
Epoch 880 | Train: Loss=0.0029 Acc=99.9% | Test: Acc=2.6% | Best=6.2%(@140)
  from x3: 0.04 0.03 0.03 0.03 0.03 0.02 0.02 0.02 0.02 0.02 0.02 0.02 0.02
  per-rule acc: 0.03 0.02
Epoch 900 | Train: Loss=0.0068 Acc=99.9% | Test: Acc=2.6% | Best=6.2%(@140)
  from x3: 0.04 0.03 0.03 0.03 0.02 0.02 0.02 0.02 0.02 0.02 0.02 0.02 0.02
  per-rule acc: 0.03 0.02
Epoch 920 | Train: Loss=0.0027 Acc=99.9% | Test: Acc=2.8% | Best=6.2%(@140)
  from x3: 0.04 0.03 0.03 0.03 0.03 0.03 0.03 0.03 0.03 0.03 0.03 0.03 0.02
  per-rule acc: 0.04 0.02
Epoch 940 | Train: Loss=0.0079 Acc=99.8% | Test: Acc=3.4% | Best=6.2%(@140)
  from x3: 0.04 0.04 0.04 0.03 0.03 0.03 0.03 0.03 0.03 0.03 0.03 0.03 0.03
  per-rule acc: 0.04 0.03
Epoch 960 | Train: Loss=0.0033 Acc=99.9% | Test: Acc=2.8% | Best=6.2%(@140)
  from x3: 0.04 0.03 0.03 0.03 0.03 0.03 0.03 0.03 0.03 0.03 0.03 0.03 0.03
  per-rule acc: 0.03 0.02
Epoch 980 | Train: Loss=0.0028 Acc=99.9% | Test: Acc=3.0% | Best=6.2%(@140)
  from x3: 0.04 0.04 0.03 0.03 0.03 0.03 0.03 0.03 0.03 0.03 0.03 0.03 0.03
  per-rule acc: 0.04 0.02
Epoch 1000 | Train: Loss=0.0032 Acc=99.9% | Test: Acc=2.6% | Best=6.2%(@140)
  from x3: 0.03 0.03 0.03 0.03 0.02 0.02 0.02 0.02 0.02 0.02 0.02 0.02 0.02
  per-rule acc: 0.03 0.02
Epoch 1020 | Train: Loss=0.0025 Acc=99.9% | Test: Acc=2.8% | Best=6.2%(@140)
  from x3: 0.04 0.03 0.03 0.03 0.03 0.03 0.03 0.03 0.03 0.03 0.03 0.03 0.03
  per-rule acc: 0.04 0.02
Epoch 1040 | Train: Loss=0.0207 Acc=99.8% | Test: Acc=2.7% | Best=6.2%(@140)
  from x3: 0.04 0.03 0.03 0.03 0.03 0.02 0.03 0.03 0.03 0.03 0.03 0.03 0.03
  per-rule acc: 0.03 0.02
Epoch 1060 | Train: Loss=0.0026 Acc=99.9% | Test: Acc=3.0% | Best=6.2%(@140)
  from x3: 0.04 0.04 0.03 0.03 0.03 0.03 0.03 0.03 0.03 0.03 0.03 0.03 0.03
  per-rule acc: 0.04 0.02
Epoch 1080 | Train: Loss=0.0142 Acc=99.7% | Test: Acc=3.2% | Best=6.2%(@140)
  from x3: 0.04 0.03 0.03 0.03 0.03 0.03 0.03 0.03 0.03 0.03 0.03 0.03 0.03
  per-rule acc: 0.04 0.03
Epoch 1100 | Train: Loss=0.0030 Acc=99.9% | Test: Acc=2.7% | Best=6.2%(@140)
  from x3: 0.03 0.03 0.03 0.03 0.03 0.03 0.03 0.03 0.03 0.03 0.03 0.03 0.03
  per-rule acc: 0.03 0.02
Epoch 1120 | Train: Loss=0.0078 Acc=99.8% | Test: Acc=3.2% | Best=6.2%(@140)
  from x3: 0.04 0.04 0.03 0.03 0.03 0.03 0.03 0.03 0.03 0.03 0.03 0.03 0.03
  per-rule acc: 0.04 0.02
Epoch 1140 | Train: Loss=0.0028 Acc=99.9% | Test: Acc=2.8% | Best=6.2%(@140)
  from x3: 0.03 0.03 0.03 0.03 0.03 0.03 0.03 0.03 0.03 0.03 0.03 0.03 0.03
  per-rule acc: 0.03 0.02
Epoch 1160 | Train: Loss=0.2626 Acc=99.4% | Test: Acc=2.5% | Best=6.2%(@140)
  from x3: 0.04 0.03 0.02 0.02 0.02 0.02 0.02 0.02 0.02 0.02 0.02 0.02 0.02
  per-rule acc: 0.03 0.02
Epoch 1180 | Train: Loss=0.0025 Acc=99.9% | Test: Acc=2.8% | Best=6.2%(@140)
  from x3: 0.03 0.03 0.03 0.03 0.03 0.03 0.03 0.03 0.03 0.03 0.03 0.03 0.03
  per-rule acc: 0.03 0.02
Epoch 1200 | Train: Loss=0.0084 Acc=99.9% | Test: Acc=2.7% | Best=6.2%(@140)
  from x3: 0.03 0.03 0.03 0.03 0.03 0.03 0.03 0.03 0.03 0.03 0.03 0.03 0.03
  per-rule acc: 0.03 0.02
Epoch 1220 | Train: Loss=0.0024 Acc=99.9% | Test: Acc=3.0% | Best=6.2%(@140)
  from x3: 0.04 0.03 0.03 0.03 0.03 0.03 0.03 0.03 0.03 0.03 0.03 0.03 0.03
  per-rule acc: 0.03 0.03
Epoch 1240 | Train: Loss=0.0255 Acc=99.7% | Test: Acc=3.3% | Best=6.2%(@140)
  from x3: 0.05 0.04 0.03 0.03 0.03 0.03 0.03 0.03 0.03 0.03 0.03 0.03 0.03
  per-rule acc: 0.04 0.03
Epoch 1260 | Train: Loss=0.0031 Acc=99.9% | Test: Acc=2.9% | Best=6.2%(@140)
  from x3: 0.04 0.03 0.03 0.03 0.03 0.03 0.03 0.03 0.03 0.03 0.03 0.03 0.03
  per-rule acc: 0.03 0.02
Epoch 1280 | Train: Loss=0.0026 Acc=99.9% | Test: Acc=3.0% | Best=6.2%(@140)
  from x3: 0.04 0.04 0.03 0.03 0.03 0.03 0.03 0.03 0.03 0.03 0.03 0.03 0.03
  per-rule acc: 0.04 0.03
Epoch 1300 | Train: Loss=0.0031 Acc=99.9% | Test: Acc=3.6% | Best=6.2%(@140)
  from x3: 0.04 0.04 0.04 0.04 0.04 0.04 0.03 0.03 0.03 0.03 0.03 0.03 0.03
  per-rule acc: 0.04 0.03
Epoch 1320 | Train: Loss=0.0029 Acc=99.9% | Test: Acc=3.0% | Best=6.2%(@140)
  from x3: 0.04 0.03 0.03 0.03 0.03 0.03 0.03 0.03 0.03 0.03 0.03 0.03 0.03
  per-rule acc: 0.03 0.03
Epoch 1340 | Train: Loss=0.0042 Acc=99.9% | Test: Acc=3.4% | Best=6.2%(@140)
  from x3: 0.04 0.04 0.04 0.03 0.03 0.03 0.03 0.03 0.03 0.03 0.03 0.03 0.03
  per-rule acc: 0.04 0.03
Epoch 1360 | Train: Loss=0.0029 Acc=99.9% | Test: Acc=3.1% | Best=6.2%(@140)
  from x3: 0.04 0.03 0.03 0.03 0.03 0.03 0.03 0.03 0.03 0.03 0.03 0.03 0.03
  per-rule acc: 0.03 0.03
Epoch 1380 | Train: Loss=0.0022 Acc=99.9% | Test: Acc=3.8% | Best=6.2%(@140)
  from x3: 0.04 0.04 0.04 0.04 0.04 0.04 0.04 0.04 0.04 0.04 0.04 0.04 0.04
  per-rule acc: 0.04 0.03
Epoch 1400 | Train: Loss=0.0095 Acc=99.8% | Test: Acc=3.1% | Best=6.2%(@140)
  from x3: 0.04 0.03 0.03 0.03 0.03 0.03 0.03 0.03 0.03 0.03 0.03 0.03 0.03
  per-rule acc: 0.04 0.03
Epoch 1420 | Train: Loss=0.0024 Acc=99.9% | Test: Acc=3.4% | Best=6.2%(@140)
  from x3: 0.04 0.04 0.03 0.03 0.03 0.03 0.03 0.03 0.03 0.03 0.03 0.03 0.03
  per-rule acc: 0.04 0.03
Epoch 1440 | Train: Loss=0.0085 Acc=99.8% | Test: Acc=3.3% | Best=6.2%(@140)
  from x3: 0.04 0.03 0.03 0.03 0.03 0.03 0.03 0.03 0.03 0.03 0.03 0.03 0.03
  per-rule acc: 0.04 0.03
Epoch 1460 | Train: Loss=0.0023 Acc=99.9% | Test: Acc=3.5% | Best=6.2%(@140)
  from x3: 0.04 0.04 0.04 0.04 0.03 0.03 0.03 0.03 0.03 0.03 0.03 0.03 0.03
  per-rule acc: 0.04 0.03
Epoch 1480 | Train: Loss=0.0047 Acc=99.9% | Test: Acc=3.3% | Best=6.2%(@140)
  from x3: 0.04 0.04 0.03 0.03 0.03 0.03 0.03 0.03 0.03 0.03 0.03 0.03 0.03
  per-rule acc: 0.04 0.03
Epoch 1500 | Train: Loss=0.0024 Acc=99.9% | Test: Acc=3.6% | Best=6.2%(@140)
  from x3: 0.04 0.04 0.03 0.04 0.03 0.03 0.03 0.03 0.03 0.03 0.03 0.03 0.03
  per-rule acc: 0.04 0.03
Epoch 1520 | Train: Loss=0.0412 Acc=99.9% | Test: Acc=2.7% | Best=6.2%(@140)
  from x3: 0.04 0.03 0.03 0.03 0.03 0.03 0.03 0.03 0.02 0.02 0.03 0.02 0.02
  per-rule acc: 0.02 0.03
Epoch 1540 | Train: Loss=0.0024 Acc=99.9% | Test: Acc=3.4% | Best=6.2%(@140)
  from x3: 0.05 0.04 0.04 0.03 0.03 0.03 0.03 0.03 0.03 0.03 0.03 0.03 0.03
  per-rule acc: 0.04 0.03
Epoch 1560 | Train: Loss=0.0152 Acc=99.8% | Test: Acc=3.4% | Best=6.2%(@140)
  from x3: 0.04 0.04 0.04 0.03 0.03 0.03 0.03 0.03 0.03 0.03 0.03 0.03 0.03
  per-rule acc: 0.04 0.03
Epoch 1580 | Train: Loss=0.0027 Acc=99.9% | Test: Acc=3.6% | Best=6.2%(@140)
  from x3: 0.05 0.04 0.04 0.03 0.04 0.04 0.04 0.03 0.04 0.04 0.04 0.04 0.04
  per-rule acc: 0.04 0.03
Epoch 1600 | Train: Loss=0.0049 Acc=99.9% | Test: Acc=3.7% | Best=6.2%(@140)
  from x3: 0.05 0.04 0.03 0.04 0.04 0.04 0.04 0.04 0.04 0.04 0.04 0.04 0.04
  per-rule acc: 0.05 0.03
Epoch 1620 | Train: Loss=0.0026 Acc=99.9% | Test: Acc=3.3% | Best=6.2%(@140)
  from x3: 0.04 0.04 0.03 0.03 0.03 0.03 0.03 0.03 0.03 0.03 0.03 0.03 0.03
  per-rule acc: 0.03 0.03
Epoch 1640 | Train: Loss=0.0025 Acc=99.9% | Test: Acc=3.9% | Best=6.2%(@140)
  from x3: 0.05 0.04 0.04 0.04 0.04 0.04 0.04 0.04 0.04 0.04 0.04 0.04 0.04
  per-rule acc: 0.05 0.03
Epoch 1660 | Train: Loss=0.0029 Acc=99.9% | Test: Acc=3.7% | Best=6.2%(@140)
  from x3: 0.05 0.04 0.04 0.04 0.04 0.03 0.03 0.03 0.03 0.03 0.03 0.03 0.03
  per-rule acc: 0.04 0.03
Epoch 1680 | Train: Loss=0.0024 Acc=99.9% | Test: Acc=3.7% | Best=6.2%(@140)
  from x3: 0.05 0.04 0.04 0.04 0.03 0.04 0.04 0.04 0.04 0.04 0.04 0.04 0.04
  per-rule acc: 0.04 0.03
Epoch 1700 | Train: Loss=0.0029 Acc=99.9% | Test: Acc=3.7% | Best=6.2%(@140)
  from x3: 0.04 0.04 0.04 0.04 0.04 0.04 0.04 0.04 0.04 0.04 0.04 0.04 0.03
  per-rule acc: 0.04 0.03
Epoch 1720 | Train: Loss=0.0038 Acc=99.9% | Test: Acc=4.4% | Best=6.2%(@140)
  from x3: 0.05 0.05 0.04 0.05 0.04 0.04 0.04 0.04 0.04 0.04 0.04 0.04 0.04
  per-rule acc: 0.05 0.04
Epoch 1740 | Train: Loss=0.0027 Acc=99.9% | Test: Acc=4.2% | Best=6.2%(@140)
  from x3: 0.05 0.05 0.04 0.04 0.04 0.04 0.04 0.04 0.04 0.04 0.04 0.04 0.04
  per-rule acc: 0.05 0.04
Epoch 1760 | Train: Loss=0.0109 Acc=99.8% | Test: Acc=4.1% | Best=6.2%(@140)
  from x3: 0.05 0.04 0.04 0.04 0.04 0.04 0.04 0.04 0.04 0.04 0.04 0.04 0.04
  per-rule acc: 0.05 0.04
Epoch 1780 | Train: Loss=0.0026 Acc=99.9% | Test: Acc=4.0% | Best=6.2%(@140)
  from x3: 0.05 0.05 0.04 0.04 0.04 0.04 0.04 0.04 0.04 0.04 0.04 0.04 0.04
  per-rule acc: 0.04 0.04
Epoch 1800 | Train: Loss=0.0152 Acc=99.8% | Test: Acc=4.0% | Best=6.2%(@140)
  from x3: 0.05 0.05 0.04 0.04 0.04 0.04 0.04 0.04 0.04 0.04 0.04 0.04 0.04
  per-rule acc: 0.04 0.04
Epoch 1820 | Train: Loss=0.0026 Acc=99.9% | Test: Acc=4.0% | Best=6.2%(@140)
  from x3: 0.05 0.04 0.04 0.04 0.04 0.04 0.04 0.04 0.04 0.04 0.04 0.04 0.04
  per-rule acc: 0.05 0.04
Epoch 1840 | Train: Loss=0.0055 Acc=99.9% | Test: Acc=3.7% | Best=6.2%(@140)
  from x3: 0.05 0.04 0.04 0.04 0.04 0.04 0.04 0.04 0.04 0.04 0.04 0.03 0.03
  per-rule acc: 0.04 0.03
Epoch 1860 | Train: Loss=0.0031 Acc=99.9% | Test: Acc=4.0% | Best=6.2%(@140)
  from x3: 0.05 0.04 0.04 0.04 0.04 0.04 0.04 0.04 0.04 0.04 0.04 0.04 0.04
  per-rule acc: 0.05 0.03
Epoch 1880 | Train: Loss=0.0024 Acc=99.9% | Test: Acc=4.1% | Best=6.2%(@140)
  from x3: 0.05 0.05 0.04 0.04 0.04 0.04 0.04 0.04 0.04 0.04 0.04 0.04 0.04
  per-rule acc: 0.05 0.04
Epoch 1900 | Train: Loss=0.0030 Acc=99.9% | Test: Acc=4.1% | Best=6.2%(@140)
  from x3: 0.05 0.04 0.04 0.04 0.04 0.04 0.04 0.04 0.04 0.04 0.04 0.04 0.04
  per-rule acc: 0.05 0.03
Epoch 1920 | Train: Loss=0.0036 Acc=99.9% | Test: Acc=4.4% | Best=6.2%(@140)
  from x3: 0.05 0.05 0.04 0.04 0.04 0.04 0.04 0.04 0.04 0.04 0.04 0.04 0.04
  per-rule acc: 0.05 0.04
Epoch 1940 | Train: Loss=0.0030 Acc=99.9% | Test: Acc=4.4% | Best=6.2%(@140)
  from x3: 0.05 0.04 0.04 0.04 0.04 0.04 0.04 0.04 0.04 0.04 0.04 0.04 0.04
  per-rule acc: 0.05 0.03
Epoch 1960 | Train: Loss=0.0022 Acc=99.9% | Test: Acc=4.4% | Best=6.2%(@140)
  from x3: 0.05 0.05 0.04 0.04 0.04 0.04 0.04 0.04 0.04 0.04 0.04 0.04 0.04
  per-rule acc: 0.05 0.04
Epoch 1980 | Train: Loss=0.0088 Acc=99.9% | Test: Acc=3.9% | Best=6.2%(@140)
  from x3: 0.05 0.04 0.04 0.04 0.04 0.04 0.04 0.04 0.04 0.04 0.04 0.04 0.04
  per-rule acc: 0.04 0.04
Epoch 2000 | Train: Loss=0.0024 Acc=99.9% | Test: Acc=4.5% | Best=6.2%(@140)
  from x3: 0.05 0.05 0.04 0.05 0.04 0.04 0.04 0.04 0.04 0.04 0.04 0.04 0.04
  per-rule acc: 0.05 0.04
Epoch 2020 | Train: Loss=0.0075 Acc=99.8% | Test: Acc=4.1% | Best=6.2%(@140)
  from x3: 0.05 0.04 0.04 0.04 0.04 0.04 0.04 0.04 0.04 0.04 0.04 0.04 0.04
  per-rule acc: 0.04 0.04
Epoch 2040 | Train: Loss=0.0024 Acc=99.9% | Test: Acc=4.5% | Best=6.2%(@140)
  from x3: 0.06 0.05 0.04 0.04 0.04 0.04 0.04 0.04 0.04 0.04 0.04 0.04 0.04
  per-rule acc: 0.05 0.04
Epoch 2060 | Train: Loss=0.0117 Acc=99.8% | Test: Acc=4.2% | Best=6.2%(@140)
  from x3: 0.05 0.05 0.04 0.04 0.04 0.04 0.04 0.04 0.04 0.04 0.04 0.04 0.04
  per-rule acc: 0.04 0.04
Epoch 2080 | Train: Loss=0.0027 Acc=99.9% | Test: Acc=4.3% | Best=6.2%(@140)
  from x3: 0.05 0.05 0.04 0.04 0.04 0.04 0.04 0.04 0.04 0.04 0.04 0.04 0.04
  per-rule acc: 0.05 0.04
Epoch 2100 | Train: Loss=0.0029 Acc=99.9% | Test: Acc=4.5% | Best=6.2%(@140)
  from x3: 0.05 0.05 0.04 0.04 0.04 0.04 0.04 0.04 0.04 0.04 0.04 0.04 0.04
  per-rule acc: 0.05 0.04
Epoch 2120 | Train: Loss=0.0029 Acc=99.9% | Test: Acc=4.2% | Best=6.2%(@140)
  from x3: 0.05 0.05 0.04 0.04 0.04 0.04 0.04 0.04 0.04 0.04 0.04 0.04 0.04
  per-rule acc: 0.05 0.04
Epoch 2140 | Train: Loss=0.0026 Acc=99.9% | Test: Acc=4.8% | Best=6.2%(@140)
  from x3: 0.05 0.05 0.05 0.05 0.05 0.05 0.05 0.05 0.05 0.05 0.05 0.04 0.04
  per-rule acc: 0.05 0.04
[Early stop] No improvement for 2000 consecutive epochs

==================================================
Saving model...
[OK] Model saved to: /home/cxm/ai/test0617-basic/models/mixed_basic_d1024l1_r32_t16_c0.5.pth
  File size: 280993.3 KB
  Best test accuracy: 6.15%

==================================================
Final generation test (given first two items, AB generates 3rd as prompt, validate from 4th)
==================================================

--- AB pair 1: (1, 1) ---

--- Statistics for AB=(1,1) ---
Exposed    samples:  1405 | In-dist: 18135/18265 ( 99.3%) | OOD: 22304/22480 ( 99.2%)
Unexposed  samples:  1404 | In-dist: 10284/18252 ( 56.3%) | OOD: 13689/22464 ( 60.9%)

--- AB pair 2: (1, 2) ---

--- Statistics for AB=(1,2) ---
Exposed    samples:  1405 | In-dist: 18187/18265 ( 99.6%) | OOD: 22391/22480 ( 99.6%)
Unexposed  samples:  1404 | In-dist:  4794/18252 ( 26.3%) | OOD:  6501/22464 ( 28.9%)

--- Return code: 0 ---

======================================================================
Attention Analysis
======================================================================
Model config: addition (default), p=53
Best test accuracy: 0.061527503835196146
Training epochs: 2140

Random test sequence 1/5 (length 32): [10, 23, 33, 3, 36, 39, 22, 8, 30, 38, 15, 0, 15, 15, 30, 45, 22, 14, 36, 50]...

======================================================================
Attention Layer Training Result Summary
======================================================================
Input sequence: [10, 23, 33, 3, 36, 39, 22, 8, 30, 38, 15, 0, 15, 15, 30, 45, 22, 14, 36, 50, 33, 30, 10, 40, 50, 37, 34, 18, 52, 17, 16, 33]

--- Layer 0 ---
  Head 0: Entropy=1.843
    Attention coefficients from each query position to previous positions:
      i= 0 -> j=0:1.000
      i= 1 -> j=0:0.837, j=1:0.163
      i= 2 -> j=0:0.298, j=1:0.446, j=2:0.256
      i= 3 -> j=0:0.220, j=1:0.242, j=2:0.393, j=3:0.144
      i= 4 -> j=0:0.057, j=1:0.156, j=2:0.234, j=3:0.359, j=4:0.193
      i= 5 -> j=0:0.032, j=1:0.041, j=2:0.191, j=3:0.230, j=4:0.379, j=5:0.127
      i= 6 -> j=0:0.007, j=1:0.037, j=2:0.052, j=3:0.108, j=4:0.180, j=5:0.490, j=6:0.126
      i= 7 -> j=0:0.007, j=1:0.017, j=2:0.027, j=3:0.059, j=4:0.063, j=5:0.228, j=6:0.450, j=7:0.150
      i= 8 -> j=0:0.008, j=1:0.015, j=2:0.034, j=3:0.052, j=4:0.048, j=5:0.129, j=6:0.224, j=7:0.388, j=8:0.101
      i= 9 -> j=0:0.004, j=1:0.005, j=2:0.011, j=3:0.015, j=4:0.022, j=5:0.072, j=6:0.121, j=7:0.259, j=8:0.297, j=9:0.193
      i=10 -> j=0:0.004, j=1:0.004, j=2:0.006, j=3:0.007, j=4:0.012, j=5:0.046, j=6:0.073, j=7:0.113, j=8:0.274, j=9:0.310, j=10:0.151
      i=11 -> j=0:0.006, j=1:0.005, j=2:0.007, j=3:0.010, j=4:0.009, j=5:0.023, j=6:0.031, j=7:0.038, j=8:0.090, j=9:0.202, j=10:0.442, j=11:0.137
      i=12 -> j=0:0.004, j=1:0.004, j=2:0.003, j=3:0.004, j=4:0.005, j=5:0.008, j=6:0.016, j=7:0.026, j=8:0.037, j=9:0.094, j=10:0.254, j=11:0.387, j=12:0.160
      i=13 -> j=0:0.006, j=1:0.005, j=2:0.003, j=3:0.004, j=4:0.004, j=5:0.006, j=6:0.010, j=7:0.016, j=8:0.025, j=9:0.058, j=10:0.258, j=11:0.150, j=12:0.260, j=13:0.196
      i=14 -> j=0:0.005, j=1:0.006, j=2:0.006, j=3:0.006, j=4:0.004, j=5:0.007, j=6:0.008, j=7:0.011, j=8:0.010, j=9:0.039, j=10:0.096, j=11:0.045, j=12:0.279, j=13:0.403, j=14:0.074
      i=15 -> j=0:0.012, j=1:0.007, j=2:0.008, j=3:0.005, j=4:0.006, j=5:0.007, j=6:0.008, j=7:0.012, j=8:0.020, j=9:0.031, j=10:0.035, j=11:0.014, j=12:0.146, j=13:0.233, j=14:0.390, j=15:0.066
      i=16 -> j=0:0.014, j=1:0.010, j=2:0.009, j=3:0.006, j=4:0.004, j=5:0.005, j=6:0.003, j=7:0.007, j=8:0.007, j=9:0.008, j=10:0.013, j=11:0.008, j=12:0.043, j=13:0.101, j=14:0.295, j=15:0.312, j=16:0.156
      i=17 -> j=0:0.010, j=1:0.007, j=2:0.006, j=3:0.006, j=4:0.004, j=5:0.003, j=6:0.003, j=7:0.003, j=8:0.005, j=9:0.010, j=10:0.012, j=11:0.009, j=12:0.037, j=13:0.074, j=14:0.066, j=15:0.236, j=16:0.359, j=17:0.152
      i=18 -> j=0:0.018, j=1:0.014, j=2:0.012, j=3:0.010, j=4:0.005, j=5:0.005, j=6:0.004, j=7:0.004, j=8:0.003, j=9:0.004, j=10:0.007, j=11:0.007, j=12:0.014, j=13:0.024, j=14:0.039, j=15:0.118, j=16:0.185, j=17:0.361, j=18:0.169
      i=19 -> j=0:0.014, j=1:0.013, j=2:0.011, j=3:0.009, j=4:0.008, j=5:0.005, j=6:0.004, j=7:0.005, j=8:0.004, j=9:0.003, j=10:0.007, j=11:0.006, j=12:0.013, j=13:0.015, j=14:0.040, j=15:0.040, j=16:0.133, j=17:0.242, j=18:0.327, j=19:0.102
      i=20 -> j=0:0.018, j=1:0.016, j=2:0.010, j=3:0.013, j=4:0.008, j=5:0.007, j=6:0.006, j=7:0.003, j=8:0.003, j=9:0.002, j=10:0.003, j=11:0.002, j=12:0.004, j=13:0.006, j=14:0.012, j=15:0.030, j=16:0.054, j=17:0.132, j=18:0.150, j=19:0.344, j=20:0.179
      i=21 -> j=0:0.022, j=1:0.022, j=2:0.027, j=3:0.018, j=4:0.010, j=5:0.008, j=6:0.006, j=7:0.007, j=8:0.003, j=9:0.004, j=10:0.009, j=11:0.004, j=12:0.011, j=13:0.012, j=14:0.004, j=15:0.022, j=16:0.024, j=17:0.042, j=18:0.065, j=19:0.180, j=20:0.427, j=21:0.073
      i=22 -> j=0:0.028, j=1:0.021, j=2:0.032, j=3:0.015, j=4:0.014, j=5:0.013, j=6:0.007, j=7:0.009, j=8:0.006, j=9:0.005, j=10:0.004, j=11:0.003, j=12:0.005, j=13:0.005, j=14:0.006, j=15:0.013, j=16:0.013, j=17:0.026, j=18:0.050, j=19:0.102, j=20:0.212, j=21:0.285, j=22:0.125
      i=23 -> j=0:0.028, j=1:0.033, j=2:0.029, j=3:0.024, j=4:0.023, j=5:0.021, j=6:0.010, j=7:0.012, j=8:0.010, j=9:0.006, j=10:0.004, j=11:0.004, j=12:0.003, j=13:0.004, j=14:0.006, j=15:0.012, j=16:0.020, j=17:0.019, j=18:0.029, j=19:0.045, j=20:0.065, j=21:0.318, j=22:0.219, j=23:0.056
      i=24 -> j=0:0.013, j=1:0.014, j=2:0.013, j=3:0.014, j=4:0.014, j=5:0.015, j=6:0.012, j=7:0.009, j=8:0.008, j=9:0.006, j=10:0.005, j=11:0.003, j=12:0.003, j=13:0.003, j=14:0.003, j=15:0.006, j=16:0.005, j=17:0.009, j=18:0.009, j=19:0.021, j=20:0.065, j=21:0.199, j=22:0.210, j=23:0.256, j=24:0.086
      i=25 -> j=0:0.016, j=1:0.020, j=2:0.016, j=3:0.018, j=4:0.020, j=5:0.019, j=6:0.014, j=7:0.013, j=8:0.008, j=9:0.007, j=10:0.007, j=11:0.004, j=12:0.004, j=13:0.004, j=14:0.003, j=15:0.004, j=16:0.005, j=17:0.010, j=18:0.007, j=19:0.013, j=20:0.023, j=21:0.127, j=22:0.151, j=23:0.194, j=24:0.214, j=25:0.080
      i=26 -> j=0:0.026, j=1:0.017, j=2:0.019, j=3:0.018, j=4:0.017, j=5:0.013, j=6:0.020, j=7:0.016, j=8:0.013, j=9:0.009, j=10:0.009, j=11:0.007, j=12:0.005, j=13:0.004, j=14:0.005, j=15:0.004, j=16:0.005, j=17:0.007, j=18:0.008, j=19:0.019, j=20:0.021, j=21:0.046, j=22:0.044, j=23:0.104, j=24:0.185, j=25:0.286, j=26:0.077
      i=27 -> j=0:0.044, j=1:0.029, j=2:0.024, j=3:0.020, j=4:0.032, j=5:0.021, j=6:0.023, j=7:0.024, j=8:0.022, j=9:0.019, j=10:0.014, j=11:0.019, j=12:0.010, j=13:0.008, j=14:0.009, j=15:0.003, j=16:0.003, j=17:0.005, j=18:0.007, j=19:0.006, j=20:0.005, j=21:0.015, j=22:0.018, j=23:0.031, j=24:0.118, j=25:0.145, j=26:0.235, j=27:0.093
      i=28 -> j=0:0.031, j=1:0.025, j=2:0.018, j=3:0.022, j=4:0.022, j=5:0.019, j=6:0.018, j=7:0.020, j=8:0.017, j=9:0.012, j=10:0.011, j=11:0.011, j=12:0.007, j=13:0.005, j=14:0.004, j=15:0.003, j=16:0.002, j=17:0.003, j=18:0.003, j=19:0.003, j=20:0.003, j=21:0.003, j=22:0.007, j=23:0.010, j=24:0.034, j=25:0.097, j=26:0.221, j=27:0.264, j=28:0.106
      i=29 -> j=0:0.026, j=1:0.029, j=2:0.020, j=3:0.022, j=4:0.019, j=5:0.018, j=6:0.016, j=7:0.014, j=8:0.015, j=9:0.014, j=10:0.014, j=11:0.015, j=12:0.010, j=13:0.008, j=14:0.005, j=15:0.005, j=16:0.003, j=17:0.003, j=18:0.003, j=19:0.003, j=20:0.004, j=21:0.002, j=22:0.006, j=23:0.009, j=24:0.022, j=25:0.047, j=26:0.136, j=27:0.196, j=28:0.186, j=29:0.132
      i=30 -> j=0:0.024, j=1:0.017, j=2:0.021, j=3:0.016, j=4:0.015, j=5:0.018, j=6:0.014, j=7:0.019, j=8:0.020, j=9:0.021, j=10:0.013, j=11:0.013, j=12:0.009, j=13:0.009, j=14:0.008, j=15:0.006, j=16:0.005, j=17:0.003, j=18:0.002, j=19:0.003, j=20:0.003, j=21:0.007, j=22:0.005, j=23:0.005, j=24:0.025, j=25:0.028, j=26:0.069, j=27:0.139, j=28:0.186, j=29:0.235, j=30:0.040
      i=31 -> j=0:0.029, j=1:0.025, j=2:0.017, j=3:0.024, j=4:0.017, j=5:0.022, j=6:0.019, j=7:0.016, j=8:0.024, j=9:0.016, j=10:0.010, j=11:0.011, j=12:0.009, j=13:0.008, j=14:0.010, j=15:0.007, j=16:0.006, j=17:0.003, j=18:0.002, j=19:0.002, j=20:0.001, j=21:0.002, j=22:0.002, j=23:0.003, j=24:0.004, j=25:0.007, j=26:0.017, j=27:0.032, j=28:0.058, j=29:0.150, j=30:0.323, j=31:0.123
    Average attention per distance:
      d=0:0.156, d=1:0.350, d=2:0.220, d=3:0.121, d=4:0.053, d=5:0.029, d=6:0.016, d=17:0.011
      d=18:0.014, d=19:0.016, d=20:0.019, d=21:0.019, d=22:0.020, d=23:0.021, d=24:0.018, d=25:0.019
      d=26:0.022, d=27:0.024, d=28:0.026, d=29:0.020, d=30:0.024, d=31:0.029


======================================================================
QK Property Verification (Raw Scores, before Softmax)
======================================================================
Recurrence order init_len=2, num test sequences=1

--- [P1] Long-distance Orthogonality Verification ---
Ideal: raw_score mean ≈ 0 and small std when d > init_len

  Layer 0, Head 0:
    d= 1 (effective): mean=  2.609, std= 0.260, n=31
    d= 2 (effective): mean=  2.201, std= 0.323, n=30
    d>2 (long-distance): mean= -0.569, std= 1.024, n=435

--- [P2] Time-homogeneous Verification ---
Ideal: CV of raw_score across positions i ≈ 0 for fixed distance d
(CV = std / |mean|, smaller = more constant)

  Layer 0, Head 0:
    d= 1: mean=  2.609, std= 0.260, CV=0.100, n=31
    d= 2: mean=  2.201, std= 0.323, CV=0.147, n=30

======================================================================
QK Property Verification Completed
======================================================================
