=== Experiment: mixed_basic_d256l4_r32_t16_c0.5 ===
Time: 2026-06-17T17:33:05.768265
Task type: mixed_ab
Merged config: {
  "P": 53,
  "TASK": "mixed_ab",
  "NUM_MASK": 2,
  "A": 1,
  "B": 1,
  "AB_PAIRS": [
    [
      1,
      1
    ],
    [
      1,
      2
    ]
  ],
  "D_MODEL": 256,
  "N_HEAD": 1,
  "N_LAYER": 4,
  "BATCH_SIZE": 128,
  "EPOCHS": 10000,
  "LR": 0.0003,
  "SAVE_PATH": "models/mixed_basic_d256l4_r32_t16_c0.5.pth",
  "USE_GREEDY_GENERATE": true,
  "USE_LEARNABLE_PE": false,
  "MLP_RATIO": 32,
  "TRAIN_LEN": 16,
  "OOD_LEN": 32,
  "DROPOUT": 0.0,
  "TARGET_INIT_COVERAGE": 0.5,
  "MAX_UNIQUE_RATIO": 0.5,
  "WEIGHT_DECAY": 1,
  "ENTROPY_PENALTY_WEIGHT": 0.0,
  "FIRST_TASK_WEIGHT": 1.0,
  "RANDOM_SEED": 42,
  "EVAL_INTERVAL": 20,
  "EARLY_STOP_NO_IMPROVE": 2000,
  "EARLY_STOP_ACCURACY": 0.99,
  "USE_AB_TAG": false,
  "USE_CONDITIONAL_WTE": false,
  "COND_WTE_SHARED_RATIO": 0.0
}
--- output ---
Using device: cuda

[Dataset] Mixed mode: generated 2810 + 2808 samples, length 16
AB parameter pairs: [(1, 1), (1, 2)]
--------------------------------------------------
[Model config] block_size: 32, train length: 16
[Number theory] AB parameter pairs: [(1, 1), (1, 2)]


Model parameters: 17.92M

Start training...
Epoch   0 | Train: Loss=4.1768 Acc=6.4% | Test: Acc=0.4% | Best=0.4%(@0)
  from x3: 0.00 0.00 0.00 0.01 0.00 0.00 0.00 0.00 0.00 0.00 0.00 0.00 0.00
  per-rule acc: 0.00 0.00
Epoch  20 | Train: Loss=0.0801 Acc=99.1% | Test: Acc=1.3% | Best=1.3%(@20)
  from x3: 0.01 0.02 0.01 0.01 0.01 0.01 0.01 0.01 0.01 0.01 0.01 0.01 0.01
  per-rule acc: 0.01 0.01
Epoch  40 | Train: Loss=0.0292 Acc=99.7% | Test: Acc=1.5% | Best=1.5%(@40)
  from x3: 0.02 0.01 0.01 0.01 0.01 0.01 0.01 0.01 0.01 0.02 0.02 0.01 0.01
  per-rule acc: 0.01 0.02
Epoch  60 | Train: Loss=0.0399 Acc=99.4% | Test: Acc=2.1% | Best=2.1%(@60)
  from x3: 0.02 0.02 0.02 0.02 0.02 0.02 0.02 0.02 0.02 0.02 0.02 0.02 0.02
  per-rule acc: 0.02 0.03
Epoch  80 | Train: Loss=0.0336 Acc=99.6% | Test: Acc=1.4% | Best=2.1%(@60)
  from x3: 0.02 0.01 0.01 0.01 0.01 0.01 0.01 0.01 0.01 0.01 0.01 0.01 0.01
  per-rule acc: 0.01 0.02
Epoch 100 | Train: Loss=0.0245 Acc=99.6% | Test: Acc=1.8% | Best=2.1%(@60)
  from x3: 0.02 0.02 0.02 0.02 0.02 0.02 0.02 0.02 0.02 0.02 0.02 0.02 0.02
  per-rule acc: 0.02 0.02
Epoch 120 | Train: Loss=0.0245 Acc=99.7% | Test: Acc=2.0% | Best=2.1%(@60)
  from x3: 0.02 0.02 0.02 0.02 0.02 0.02 0.02 0.02 0.02 0.02 0.02 0.02 0.02
  per-rule acc: 0.02 0.02
Epoch 140 | Train: Loss=0.0078 Acc=99.9% | Test: Acc=2.0% | Best=2.1%(@60)
  from x3: 0.02 0.02 0.02 0.02 0.02 0.02 0.02 0.02 0.02 0.02 0.02 0.02 0.02
  per-rule acc: 0.02 0.02
Epoch 160 | Train: Loss=2.7092 Acc=61.9% | Test: Acc=1.4% | Best=2.1%(@60)
  from x3: 0.01 0.01 0.01 0.01 0.01 0.01 0.01 0.01 0.01 0.01 0.01 0.01 0.01
  per-rule acc: 0.01 0.01
Epoch 180 | Train: Loss=0.0097 Acc=99.9% | Test: Acc=2.1% | Best=2.1%(@60)
  from x3: 0.03 0.02 0.02 0.02 0.02 0.02 0.02 0.02 0.02 0.02 0.02 0.02 0.02
  per-rule acc: 0.02 0.02
Epoch 200 | Train: Loss=0.0080 Acc=99.9% | Test: Acc=2.1% | Best=2.1%(@200)
  from x3: 0.03 0.02 0.02 0.02 0.02 0.02 0.02 0.02 0.02 0.02 0.02 0.02 0.02
  per-rule acc: 0.02 0.02
Epoch 220 | Train: Loss=0.0059 Acc=99.9% | Test: Acc=2.3% | Best=2.3%(@220)
  from x3: 0.03 0.02 0.02 0.02 0.02 0.02 0.02 0.02 0.02 0.02 0.02 0.02 0.02
  per-rule acc: 0.02 0.03
Epoch 240 | Train: Loss=0.0066 Acc=99.9% | Test: Acc=2.4% | Best=2.4%(@240)
  from x3: 0.03 0.02 0.02 0.03 0.02 0.02 0.02 0.02 0.02 0.02 0.02 0.02 0.02
  per-rule acc: 0.02 0.03
Epoch 260 | Train: Loss=1.0716 Acc=84.1% | Test: Acc=1.7% | Best=2.4%(@240)
  from x3: 0.02 0.02 0.02 0.02 0.02 0.02 0.02 0.02 0.02 0.02 0.02 0.02 0.01
  per-rule acc: 0.02 0.02
Epoch 280 | Train: Loss=0.0090 Acc=99.9% | Test: Acc=2.8% | Best=2.8%(@280)
  from x3: 0.04 0.03 0.03 0.03 0.03 0.03 0.03 0.03 0.03 0.03 0.03 0.03 0.03
  per-rule acc: 0.03 0.03
Epoch 300 | Train: Loss=0.0057 Acc=99.9% | Test: Acc=2.8% | Best=2.8%(@300)
  from x3: 0.03 0.02 0.03 0.03 0.03 0.03 0.03 0.03 0.03 0.03 0.03 0.03 0.03
  per-rule acc: 0.03 0.03
Epoch 320 | Train: Loss=0.0059 Acc=99.9% | Test: Acc=2.9% | Best=2.9%(@320)
  from x3: 0.03 0.03 0.03 0.03 0.03 0.03 0.03 0.03 0.03 0.03 0.03 0.03 0.03
  per-rule acc: 0.03 0.03
Epoch 340 | Train: Loss=0.0466 Acc=99.2% | Test: Acc=3.2% | Best=3.2%(@340)
  from x3: 0.04 0.03 0.03 0.03 0.03 0.03 0.03 0.03 0.03 0.03 0.03 0.03 0.03
  per-rule acc: 0.04 0.03
Epoch 360 | Train: Loss=0.0049 Acc=99.9% | Test: Acc=3.4% | Best=3.4%(@360)
  from x3: 0.04 0.03 0.03 0.03 0.03 0.03 0.03 0.03 0.03 0.03 0.03 0.03 0.03
  per-rule acc: 0.05 0.02
Epoch 380 | Train: Loss=0.0057 Acc=99.9% | Test: Acc=3.3% | Best=3.4%(@360)
  from x3: 0.04 0.04 0.03 0.03 0.03 0.03 0.03 0.03 0.03 0.03 0.03 0.03 0.03
  per-rule acc: 0.04 0.03
Epoch 400 | Train: Loss=0.0503 Acc=99.3% | Test: Acc=4.4% | Best=4.4%(@400)
  from x3: 0.06 0.04 0.04 0.04 0.04 0.04 0.04 0.04 0.04 0.04 0.04 0.04 0.04
  per-rule acc: 0.06 0.03
Epoch 420 | Train: Loss=0.0050 Acc=99.9% | Test: Acc=4.1% | Best=4.4%(@400)
  from x3: 0.05 0.04 0.04 0.04 0.04 0.04 0.04 0.04 0.04 0.04 0.04 0.04 0.04
  per-rule acc: 0.05 0.04
Epoch 440 | Train: Loss=0.0053 Acc=99.9% | Test: Acc=3.8% | Best=4.4%(@400)
  from x3: 0.05 0.04 0.04 0.03 0.03 0.04 0.04 0.04 0.04 0.04 0.04 0.04 0.04
  per-rule acc: 0.05 0.03
Epoch 460 | Train: Loss=0.0264 Acc=99.7% | Test: Acc=5.0% | Best=5.0%(@460)
  from x3: 0.07 0.05 0.05 0.05 0.05 0.05 0.05 0.05 0.05 0.05 0.05 0.05 0.05
  per-rule acc: 0.07 0.03
Epoch 480 | Train: Loss=0.0047 Acc=99.9% | Test: Acc=4.9% | Best=5.0%(@460)
  from x3: 0.06 0.05 0.05 0.05 0.05 0.05 0.05 0.05 0.05 0.05 0.05 0.05 0.05
  per-rule acc: 0.06 0.04
Epoch 500 | Train: Loss=0.0368 Acc=99.6% | Test: Acc=6.3% | Best=6.3%(@500)
  from x3: 0.08 0.06 0.06 0.06 0.06 0.06 0.06 0.06 0.06 0.06 0.06 0.06 0.06
  per-rule acc: 0.08 0.05
Epoch 520 | Train: Loss=0.0195 Acc=99.7% | Test: Acc=6.6% | Best=6.6%(@520)
  from x3: 0.08 0.06 0.06 0.06 0.06 0.06 0.06 0.07 0.07 0.07 0.07 0.07 0.07
  per-rule acc: 0.08 0.05
Epoch 540 | Train: Loss=0.0050 Acc=99.9% | Test: Acc=5.8% | Best=6.6%(@520)
  from x3: 0.08 0.07 0.06 0.06 0.05 0.05 0.05 0.05 0.06 0.06 0.06 0.06 0.05
  per-rule acc: 0.07 0.05
Epoch 560 | Train: Loss=0.0054 Acc=99.9% | Test: Acc=5.3% | Best=6.6%(@520)
  from x3: 0.07 0.06 0.05 0.05 0.05 0.05 0.05 0.05 0.05 0.05 0.05 0.05 0.04
  per-rule acc: 0.06 0.04
Epoch 580 | Train: Loss=0.0237 Acc=99.7% | Test: Acc=8.3% | Best=8.3%(@580)
  from x3: 0.09 0.08 0.08 0.08 0.08 0.08 0.08 0.08 0.08 0.08 0.08 0.08 0.08
  per-rule acc: 0.10 0.06
Epoch 600 | Train: Loss=0.0054 Acc=99.9% | Test: Acc=7.7% | Best=8.3%(@580)
  from x3: 0.10 0.08 0.08 0.08 0.07 0.08 0.08 0.07 0.07 0.07 0.07 0.07 0.07
  per-rule acc: 0.09 0.06
Epoch 620 | Train: Loss=0.0051 Acc=99.9% | Test: Acc=7.3% | Best=8.3%(@580)
  from x3: 0.09 0.07 0.07 0.07 0.07 0.07 0.07 0.07 0.07 0.07 0.07 0.07 0.07
  per-rule acc: 0.09 0.06
Epoch 640 | Train: Loss=0.0254 Acc=99.6% | Test: Acc=9.9% | Best=9.9%(@640)
  from x3: 0.11 0.09 0.10 0.10 0.10 0.10 0.10 0.10 0.10 0.10 0.10 0.10 0.10
  per-rule acc: 0.13 0.07
Epoch 660 | Train: Loss=0.0046 Acc=99.9% | Test: Acc=8.6% | Best=9.9%(@640)
  from x3: 0.11 0.08 0.09 0.08 0.09 0.09 0.08 0.08 0.08 0.08 0.08 0.08 0.08
  per-rule acc: 0.11 0.07
Epoch 680 | Train: Loss=0.0052 Acc=99.9% | Test: Acc=7.9% | Best=9.9%(@640)
  from x3: 0.10 0.08 0.08 0.08 0.08 0.08 0.08 0.08 0.08 0.08 0.07 0.07 0.07
  per-rule acc: 0.10 0.06
Epoch 700 | Train: Loss=0.0274 Acc=99.6% | Test: Acc=11.2% | Best=11.2%(@700)
  from x3: 0.13 0.11 0.11 0.11 0.11 0.11 0.11 0.11 0.11 0.11 0.11 0.11 0.11
  per-rule acc: 0.15 0.07
Epoch 720 | Train: Loss=0.0046 Acc=99.9% | Test: Acc=11.6% | Best=11.6%(@720)
  from x3: 0.12 0.12 0.12 0.12 0.12 0.12 0.12 0.12 0.12 0.11 0.11 0.11 0.11
  per-rule acc: 0.15 0.08
Epoch 740 | Train: Loss=0.0052 Acc=99.9% | Test: Acc=10.1% | Best=11.6%(@720)
  from x3: 0.12 0.10 0.10 0.10 0.10 0.10 0.10 0.10 0.10 0.10 0.10 0.10 0.10
  per-rule acc: 0.13 0.08
Epoch 760 | Train: Loss=0.0334 Acc=99.5% | Test: Acc=12.8% | Best=12.8%(@760)
  from x3: 0.15 0.13 0.13 0.13 0.13 0.13 0.13 0.13 0.13 0.13 0.13 0.13 0.13
  per-rule acc: 0.18 0.08
Epoch 780 | Train: Loss=0.0042 Acc=99.9% | Test: Acc=13.7% | Best=13.7%(@780)
  from x3: 0.16 0.14 0.14 0.14 0.14 0.13 0.13 0.14 0.13 0.14 0.13 0.13 0.13
  per-rule acc: 0.18 0.10
Epoch 800 | Train: Loss=0.0052 Acc=99.9% | Test: Acc=11.7% | Best=13.7%(@780)
  from x3: 0.14 0.12 0.12 0.12 0.12 0.12 0.12 0.12 0.11 0.11 0.12 0.11 0.11
  per-rule acc: 0.15 0.09
Epoch 820 | Train: Loss=0.0440 Acc=99.4% | Test: Acc=15.4% | Best=15.4%(@820)
  from x3: 0.16 0.15 0.15 0.15 0.15 0.15 0.15 0.15 0.15 0.15 0.15 0.15 0.15
  per-rule acc: 0.20 0.10
Epoch 840 | Train: Loss=0.0187 Acc=99.7% | Test: Acc=16.3% | Best=16.3%(@840)
  from x3: 0.18 0.17 0.16 0.16 0.16 0.16 0.16 0.16 0.16 0.16 0.16 0.16 0.16
  per-rule acc: 0.22 0.11
Epoch 860 | Train: Loss=0.0149 Acc=99.8% | Test: Acc=16.9% | Best=16.9%(@860)
  from x3: 0.19 0.17 0.17 0.17 0.17 0.17 0.17 0.17 0.17 0.17 0.17 0.17 0.17
  per-rule acc: 0.21 0.13
Epoch 880 | Train: Loss=0.0191 Acc=99.7% | Test: Acc=16.9% | Best=16.9%(@880)
  from x3: 0.18 0.17 0.17 0.17 0.17 0.17 0.17 0.17 0.17 0.17 0.17 0.17 0.17
  per-rule acc: 0.23 0.11
Epoch 900 | Train: Loss=0.0051 Acc=99.9% | Test: Acc=15.4% | Best=16.9%(@880)
  from x3: 0.17 0.16 0.15 0.15 0.15 0.15 0.15 0.15 0.15 0.15 0.15 0.15 0.15
  per-rule acc: 0.20 0.11
Epoch 920 | Train: Loss=0.0427 Acc=99.4% | Test: Acc=17.0% | Best=17.0%(@920)
  from x3: 0.18 0.17 0.17 0.17 0.17 0.17 0.17 0.17 0.17 0.17 0.17 0.17 0.17
  per-rule acc: 0.22 0.12
Epoch 940 | Train: Loss=0.0237 Acc=99.6% | Test: Acc=19.3% | Best=19.3%(@940)
  from x3: 0.20 0.19 0.19 0.19 0.19 0.19 0.19 0.19 0.19 0.19 0.19 0.19 0.19
  per-rule acc: 0.26 0.12
Epoch 960 | Train: Loss=0.0049 Acc=99.9% | Test: Acc=17.4% | Best=19.3%(@940)
  from x3: 0.20 0.18 0.17 0.17 0.17 0.17 0.17 0.17 0.17 0.17 0.17 0.17 0.17
  per-rule acc: 0.23 0.12
Epoch 980 | Train: Loss=0.0313 Acc=99.6% | Test: Acc=20.0% | Best=20.0%(@980)
  from x3: 0.20 0.20 0.20 0.20 0.20 0.20 0.20 0.20 0.20 0.20 0.20 0.20 0.20
  per-rule acc: 0.26 0.14
Epoch 1000 | Train: Loss=0.0079 Acc=99.9% | Test: Acc=21.6% | Best=21.6%(@1000)
  from x3: 0.23 0.21 0.21 0.22 0.22 0.22 0.22 0.22 0.21 0.22 0.22 0.21 0.21
  per-rule acc: 0.28 0.15
Epoch 1020 | Train: Loss=0.0134 Acc=99.8% | Test: Acc=22.0% | Best=22.0%(@1020)
  from x3: 0.23 0.22 0.22 0.22 0.22 0.22 0.22 0.22 0.22 0.22 0.22 0.22 0.22
  per-rule acc: 0.30 0.14
Epoch 1040 | Train: Loss=0.0137 Acc=99.9% | Test: Acc=22.3% | Best=22.3%(@1040)
  from x3: 0.24 0.23 0.22 0.22 0.22 0.22 0.22 0.22 0.22 0.22 0.22 0.22 0.22
  per-rule acc: 0.31 0.14
Epoch 1060 | Train: Loss=0.0144 Acc=99.9% | Test: Acc=21.2% | Best=22.3%(@1040)
  from x3: 0.23 0.21 0.21 0.21 0.21 0.21 0.21 0.21 0.21 0.21 0.21 0.21 0.21
  per-rule acc: 0.29 0.14
Epoch 1080 | Train: Loss=0.0173 Acc=99.7% | Test: Acc=24.0% | Best=24.0%(@1080)
  from x3: 0.25 0.24 0.24 0.24 0.24 0.24 0.24 0.24 0.24 0.24 0.24 0.24 0.24
  per-rule acc: 0.32 0.16
Epoch 1100 | Train: Loss=0.0129 Acc=99.8% | Test: Acc=23.3% | Best=24.0%(@1080)
  from x3: 0.24 0.24 0.23 0.23 0.23 0.23 0.23 0.23 0.23 0.23 0.23 0.23 0.23
  per-rule acc: 0.31 0.15
Epoch 1120 | Train: Loss=0.0133 Acc=99.8% | Test: Acc=25.9% | Best=25.9%(@1120)
  from x3: 0.27 0.25 0.26 0.26 0.26 0.26 0.26 0.26 0.26 0.26 0.26 0.26 0.26
  per-rule acc: 0.35 0.17
Epoch 1140 | Train: Loss=0.0136 Acc=99.8% | Test: Acc=24.8% | Best=25.9%(@1120)
  from x3: 0.25 0.25 0.25 0.25 0.25 0.25 0.25 0.25 0.25 0.25 0.25 0.25 0.25
  per-rule acc: 0.33 0.17
Epoch 1160 | Train: Loss=0.0159 Acc=99.8% | Test: Acc=26.5% | Best=26.5%(@1160)
  from x3: 0.27 0.26 0.27 0.26 0.26 0.27 0.27 0.27 0.27 0.27 0.27 0.27 0.27
  per-rule acc: 0.35 0.18
Epoch 1180 | Train: Loss=0.0083 Acc=99.9% | Test: Acc=27.6% | Best=27.6%(@1180)
  from x3: 0.28 0.28 0.27 0.27 0.28 0.28 0.28 0.28 0.28 0.28 0.28 0.28 0.28
  per-rule acc: 0.36 0.19
Epoch 1200 | Train: Loss=0.0055 Acc=99.9% | Test: Acc=24.1% | Best=27.6%(@1180)
  from x3: 0.26 0.24 0.24 0.24 0.24 0.24 0.24 0.24 0.24 0.24 0.24 0.24 0.24
  per-rule acc: 0.31 0.17
Epoch 1220 | Train: Loss=0.0329 Acc=99.6% | Test: Acc=28.6% | Best=28.6%(@1220)
  from x3: 0.29 0.29 0.28 0.28 0.29 0.28 0.29 0.29 0.28 0.29 0.29 0.28 0.28
  per-rule acc: 0.37 0.20
Epoch 1240 | Train: Loss=0.0230 Acc=99.7% | Test: Acc=29.4% | Best=29.4%(@1240)
  from x3: 0.29 0.30 0.29 0.29 0.29 0.29 0.29 0.29 0.29 0.29 0.29 0.29 0.29
  per-rule acc: 0.39 0.19
Epoch 1260 | Train: Loss=0.0178 Acc=99.7% | Test: Acc=31.5% | Best=31.5%(@1260)
  from x3: 0.31 0.32 0.32 0.31 0.32 0.31 0.32 0.32 0.31 0.31 0.31 0.31 0.31
  per-rule acc: 0.41 0.22
Epoch 1280 | Train: Loss=0.0185 Acc=99.7% | Test: Acc=30.3% | Best=31.5%(@1260)
  from x3: 0.31 0.30 0.31 0.31 0.30 0.30 0.30 0.30 0.30 0.30 0.30 0.30 0.30
  per-rule acc: 0.40 0.20
Epoch 1300 | Train: Loss=0.0143 Acc=99.8% | Test: Acc=30.6% | Best=31.5%(@1260)
  from x3: 0.31 0.30 0.30 0.30 0.31 0.31 0.31 0.31 0.31 0.31 0.31 0.31 0.31
  per-rule acc: 0.39 0.22
Epoch 1320 | Train: Loss=0.0137 Acc=99.8% | Test: Acc=32.5% | Best=32.5%(@1320)
  from x3: 0.33 0.32 0.33 0.32 0.32 0.32 0.32 0.33 0.33 0.33 0.33 0.33 0.33
  per-rule acc: 0.42 0.23
Epoch 1340 | Train: Loss=0.0176 Acc=99.8% | Test: Acc=34.6% | Best=34.6%(@1340)
  from x3: 0.34 0.35 0.34 0.34 0.35 0.35 0.34 0.35 0.35 0.35 0.35 0.35 0.35
  per-rule acc: 0.44 0.25
Epoch 1360 | Train: Loss=0.0175 Acc=99.8% | Test: Acc=33.5% | Best=34.6%(@1340)
  from x3: 0.33 0.34 0.33 0.34 0.34 0.34 0.33 0.34 0.34 0.34 0.34 0.34 0.34
  per-rule acc: 0.42 0.25
Epoch 1380 | Train: Loss=0.0237 Acc=99.6% | Test: Acc=33.3% | Best=34.6%(@1340)
  from x3: 0.32 0.34 0.33 0.33 0.33 0.33 0.33 0.33 0.33 0.33 0.33 0.34 0.34
  per-rule acc: 0.43 0.24
Epoch 1400 | Train: Loss=0.0187 Acc=99.8% | Test: Acc=35.5% | Best=35.5%(@1400)
  from x3: 0.36 0.36 0.35 0.35 0.35 0.35 0.35 0.35 0.36 0.36 0.36 0.35 0.36
  per-rule acc: 0.44 0.27
Epoch 1420 | Train: Loss=0.0208 Acc=99.7% | Test: Acc=36.2% | Best=36.2%(@1420)
  from x3: 0.36 0.36 0.36 0.36 0.36 0.36 0.36 0.36 0.36 0.36 0.36 0.36 0.37
  per-rule acc: 0.45 0.27
Epoch 1440 | Train: Loss=0.0153 Acc=99.8% | Test: Acc=38.8% | Best=38.8%(@1440)
  from x3: 0.38 0.39 0.39 0.39 0.39 0.39 0.39 0.39 0.39 0.39 0.39 0.39 0.39
  per-rule acc: 0.49 0.29
Epoch 1460 | Train: Loss=0.0049 Acc=99.9% | Test: Acc=40.1% | Best=40.1%(@1460)
  from x3: 0.40 0.40 0.40 0.40 0.40 0.40 0.40 0.40 0.40 0.40 0.40 0.40 0.40
  per-rule acc: 0.49 0.31
Epoch 1480 | Train: Loss=0.0057 Acc=99.9% | Test: Acc=35.7% | Best=40.1%(@1460)
  from x3: 0.36 0.36 0.35 0.36 0.36 0.35 0.36 0.36 0.36 0.36 0.36 0.36 0.36
  per-rule acc: 0.41 0.30
Epoch 1500 | Train: Loss=0.0300 Acc=99.6% | Test: Acc=39.1% | Best=40.1%(@1460)
  from x3: 0.39 0.39 0.39 0.39 0.39 0.39 0.39 0.39 0.39 0.39 0.39 0.39 0.39
  per-rule acc: 0.49 0.29
Epoch 1520 | Train: Loss=0.0158 Acc=99.8% | Test: Acc=42.9% | Best=42.9%(@1520)
  from x3: 0.42 0.43 0.43 0.43 0.43 0.43 0.43 0.43 0.43 0.43 0.43 0.43 0.43
  per-rule acc: 0.53 0.33
Epoch 1540 | Train: Loss=0.0107 Acc=99.9% | Test: Acc=45.5% | Best=45.5%(@1540)
  from x3: 0.44 0.44 0.45 0.46 0.46 0.46 0.46 0.46 0.46 0.46 0.46 0.46 0.46
  per-rule acc: 0.57 0.34
Epoch 1560 | Train: Loss=0.0142 Acc=99.9% | Test: Acc=43.1% | Best=45.5%(@1540)
  from x3: 0.44 0.43 0.43 0.43 0.43 0.43 0.43 0.43 0.43 0.43 0.43 0.43 0.43
  per-rule acc: 0.54 0.32
Epoch 1580 | Train: Loss=0.0185 Acc=99.8% | Test: Acc=48.4% | Best=48.4%(@1580)
  from x3: 0.47 0.48 0.48 0.48 0.48 0.48 0.49 0.48 0.49 0.49 0.49 0.49 0.49
  per-rule acc: 0.60 0.37
Epoch 1600 | Train: Loss=0.0144 Acc=99.8% | Test: Acc=44.6% | Best=48.4%(@1580)
  from x3: 0.44 0.45 0.45 0.45 0.45 0.45 0.45 0.45 0.45 0.45 0.45 0.45 0.45
  per-rule acc: 0.54 0.35
Epoch 1620 | Train: Loss=0.0178 Acc=99.8% | Test: Acc=47.4% | Best=48.4%(@1580)
  from x3: 0.45 0.47 0.48 0.47 0.48 0.48 0.48 0.48 0.48 0.48 0.48 0.48 0.48
  per-rule acc: 0.56 0.39
Epoch 1640 | Train: Loss=0.0147 Acc=99.8% | Test: Acc=47.5% | Best=48.4%(@1580)
  from x3: 0.47 0.47 0.48 0.48 0.48 0.48 0.48 0.47 0.47 0.47 0.47 0.47 0.47
  per-rule acc: 0.57 0.38
Epoch 1660 | Train: Loss=0.0174 Acc=99.8% | Test: Acc=49.4% | Best=49.4%(@1660)
  from x3: 0.49 0.49 0.49 0.50 0.50 0.49 0.49 0.50 0.50 0.50 0.50 0.50 0.50
  per-rule acc: 0.59 0.40
Epoch 1680 | Train: Loss=0.0192 Acc=99.8% | Test: Acc=52.5% | Best=52.5%(@1680)
  from x3: 0.51 0.52 0.52 0.53 0.53 0.52 0.53 0.53 0.53 0.53 0.53 0.53 0.53
  per-rule acc: 0.63 0.42
Epoch 1700 | Train: Loss=0.0186 Acc=99.7% | Test: Acc=50.9% | Best=52.5%(@1680)
  from x3: 0.50 0.51 0.50 0.51 0.51 0.51 0.51 0.51 0.51 0.51 0.51 0.51 0.51
  per-rule acc: 0.61 0.41
Epoch 1720 | Train: Loss=0.0154 Acc=99.8% | Test: Acc=51.6% | Best=52.5%(@1680)
  from x3: 0.52 0.51 0.52 0.52 0.52 0.51 0.51 0.52 0.52 0.52 0.52 0.52 0.52
  per-rule acc: 0.61 0.42
Epoch 1740 | Train: Loss=0.0173 Acc=99.8% | Test: Acc=54.0% | Best=54.0%(@1740)
  from x3: 0.54 0.54 0.54 0.54 0.54 0.54 0.54 0.54 0.54 0.54 0.54 0.54 0.54
  per-rule acc: 0.64 0.44
Epoch 1760 | Train: Loss=0.0056 Acc=99.9% | Test: Acc=52.3% | Best=54.0%(@1740)
  from x3: 0.53 0.52 0.52 0.52 0.52 0.52 0.52 0.52 0.52 0.52 0.53 0.53 0.52
  per-rule acc: 0.62 0.43
Epoch 1780 | Train: Loss=0.0348 Acc=99.6% | Test: Acc=53.9% | Best=54.0%(@1740)
  from x3: 0.52 0.54 0.54 0.54 0.54 0.54 0.54 0.54 0.54 0.54 0.54 0.54 0.54
  per-rule acc: 0.61 0.47
Epoch 1800 | Train: Loss=0.0268 Acc=99.7% | Test: Acc=54.9% | Best=54.9%(@1800)
  from x3: 0.55 0.55 0.55 0.55 0.55 0.55 0.55 0.55 0.55 0.55 0.55 0.55 0.55
  per-rule acc: 0.65 0.45
Epoch 1820 | Train: Loss=0.0113 Acc=99.9% | Test: Acc=57.9% | Best=57.9%(@1820)
  from x3: 0.57 0.58 0.58 0.58 0.58 0.58 0.58 0.58 0.58 0.58 0.58 0.58 0.58
  per-rule acc: 0.67 0.49
Epoch 1840 | Train: Loss=0.0168 Acc=99.8% | Test: Acc=58.2% | Best=58.2%(@1840)
  from x3: 0.57 0.59 0.58 0.58 0.58 0.58 0.58 0.58 0.58 0.58 0.58 0.58 0.58
  per-rule acc: 0.67 0.49
Epoch 1860 | Train: Loss=0.0148 Acc=99.8% | Test: Acc=57.7% | Best=58.2%(@1840)
  from x3: 0.57 0.58 0.58 0.58 0.58 0.58 0.58 0.58 0.58 0.58 0.58 0.58 0.58
  per-rule acc: 0.67 0.49
Epoch 1880 | Train: Loss=0.0118 Acc=99.8% | Test: Acc=60.4% | Best=60.4%(@1880)
  from x3: 0.60 0.60 0.60 0.60 0.60 0.61 0.61 0.61 0.61 0.61 0.60 0.60 0.60
  per-rule acc: 0.70 0.51
Epoch 1900 | Train: Loss=0.0142 Acc=99.8% | Test: Acc=59.9% | Best=60.4%(@1880)
  from x3: 0.59 0.59 0.60 0.60 0.60 0.60 0.60 0.60 0.60 0.60 0.60 0.60 0.60
  per-rule acc: 0.70 0.50
Epoch 1920 | Train: Loss=0.0114 Acc=99.9% | Test: Acc=62.8% | Best=62.8%(@1920)
  from x3: 0.63 0.63 0.62 0.63 0.63 0.63 0.63 0.63 0.63 0.63 0.63 0.63 0.63
  per-rule acc: 0.72 0.54
Epoch 1940 | Train: Loss=0.0171 Acc=99.8% | Test: Acc=61.4% | Best=62.8%(@1920)
  from x3: 0.61 0.61 0.61 0.61 0.61 0.61 0.62 0.61 0.62 0.61 0.61 0.61 0.61
  per-rule acc: 0.68 0.54
Epoch 1960 | Train: Loss=0.0079 Acc=99.9% | Test: Acc=65.8% | Best=65.8%(@1960)
  from x3: 0.64 0.66 0.66 0.66 0.66 0.66 0.66 0.66 0.66 0.66 0.66 0.66 0.66
  per-rule acc: 0.73 0.59
Epoch 1980 | Train: Loss=0.0153 Acc=99.8% | Test: Acc=60.5% | Best=65.8%(@1960)
  from x3: 0.60 0.60 0.60 0.61 0.61 0.60 0.61 0.61 0.61 0.61 0.61 0.61 0.61
  per-rule acc: 0.69 0.52
Epoch 2000 | Train: Loss=0.0127 Acc=99.9% | Test: Acc=65.1% | Best=65.8%(@1960)
  from x3: 0.64 0.65 0.65 0.65 0.65 0.65 0.65 0.65 0.65 0.65 0.65 0.65 0.66
  per-rule acc: 0.72 0.59
Epoch 2020 | Train: Loss=0.0151 Acc=99.8% | Test: Acc=63.0% | Best=65.8%(@1960)
  from x3: 0.62 0.63 0.63 0.63 0.63 0.63 0.63 0.63 0.63 0.63 0.63 0.63 0.63
  per-rule acc: 0.71 0.55
Epoch 2040 | Train: Loss=0.0173 Acc=99.8% | Test: Acc=63.8% | Best=65.8%(@1960)
  from x3: 0.62 0.64 0.64 0.64 0.64 0.64 0.64 0.64 0.64 0.64 0.64 0.64 0.64
  per-rule acc: 0.72 0.55
Epoch 2060 | Train: Loss=0.0166 Acc=99.8% | Test: Acc=64.5% | Best=65.8%(@1960)
  from x3: 0.63 0.64 0.64 0.64 0.64 0.65 0.65 0.65 0.65 0.65 0.65 0.65 0.65
  per-rule acc: 0.72 0.57
Epoch 2080 | Train: Loss=0.0161 Acc=99.8% | Test: Acc=65.8% | Best=65.8%(@1960)
  from x3: 0.64 0.65 0.66 0.66 0.66 0.66 0.66 0.66 0.66 0.66 0.66 0.66 0.66
  per-rule acc: 0.73 0.59
Epoch 2100 | Train: Loss=0.0174 Acc=99.8% | Test: Acc=66.1% | Best=66.1%(@2100)
  from x3: 0.64 0.66 0.66 0.66 0.66 0.66 0.66 0.66 0.66 0.66 0.66 0.66 0.66
  per-rule acc: 0.73 0.59
Epoch 2120 | Train: Loss=0.0135 Acc=99.8% | Test: Acc=67.6% | Best=67.6%(@2120)
  from x3: 0.66 0.67 0.68 0.68 0.68 0.68 0.68 0.68 0.68 0.68 0.68 0.68 0.68
  per-rule acc: 0.77 0.58
Epoch 2140 | Train: Loss=0.0135 Acc=99.8% | Test: Acc=66.9% | Best=67.6%(@2120)
  from x3: 0.66 0.67 0.67 0.67 0.67 0.67 0.67 0.67 0.67 0.67 0.67 0.67 0.67
  per-rule acc: 0.76 0.58
Epoch 2160 | Train: Loss=0.0128 Acc=99.9% | Test: Acc=67.2% | Best=67.6%(@2120)
  from x3: 0.65 0.67 0.67 0.67 0.67 0.67 0.67 0.67 0.68 0.67 0.68 0.68 0.68
  per-rule acc: 0.75 0.59
Epoch 2180 | Train: Loss=0.0114 Acc=99.9% | Test: Acc=68.0% | Best=68.0%(@2180)
  from x3: 0.67 0.68 0.68 0.68 0.68 0.68 0.68 0.68 0.68 0.68 0.68 0.68 0.68
  per-rule acc: 0.75 0.61
Epoch 2200 | Train: Loss=0.0063 Acc=99.9% | Test: Acc=73.2% | Best=73.2%(@2200)
  from x3: 0.72 0.73 0.73 0.73 0.73 0.73 0.73 0.73 0.73 0.74 0.73 0.73 0.73
  per-rule acc: 0.80 0.66
Epoch 2220 | Train: Loss=0.0233 Acc=99.7% | Test: Acc=63.9% | Best=73.2%(@2200)
  from x3: 0.62 0.64 0.64 0.64 0.64 0.64 0.64 0.64 0.64 0.64 0.64 0.64 0.64
  per-rule acc: 0.72 0.56
Epoch 2240 | Train: Loss=0.0195 Acc=99.7% | Test: Acc=69.5% | Best=73.2%(@2200)
  from x3: 0.67 0.69 0.70 0.70 0.70 0.70 0.69 0.70 0.70 0.70 0.70 0.70 0.70
  per-rule acc: 0.78 0.61
Epoch 2260 | Train: Loss=0.0167 Acc=99.8% | Test: Acc=67.5% | Best=73.2%(@2200)
  from x3: 0.66 0.68 0.67 0.67 0.67 0.67 0.68 0.68 0.68 0.68 0.68 0.68 0.68
  per-rule acc: 0.77 0.58
Epoch 2280 | Train: Loss=0.0167 Acc=99.8% | Test: Acc=67.5% | Best=73.2%(@2200)
  from x3: 0.66 0.68 0.68 0.67 0.67 0.67 0.68 0.68 0.68 0.68 0.68 0.68 0.68
  per-rule acc: 0.75 0.60
Epoch 2300 | Train: Loss=0.0146 Acc=99.8% | Test: Acc=66.5% | Best=73.2%(@2200)
  from x3: 0.66 0.66 0.66 0.66 0.66 0.66 0.66 0.67 0.66 0.67 0.67 0.67 0.67
  per-rule acc: 0.76 0.57
Epoch 2320 | Train: Loss=0.0050 Acc=99.9% | Test: Acc=70.8% | Best=73.2%(@2200)
  from x3: 0.70 0.71 0.71 0.71 0.71 0.71 0.71 0.71 0.71 0.71 0.71 0.71 0.71
  per-rule acc: 0.79 0.62
Epoch 2340 | Train: Loss=0.0378 Acc=99.8% | Test: Acc=54.6% | Best=73.2%(@2200)
  from x3: 0.53 0.54 0.55 0.55 0.55 0.55 0.55 0.55 0.55 0.55 0.55 0.55 0.55
  per-rule acc: 0.64 0.45
Epoch 2360 | Train: Loss=0.0210 Acc=99.8% | Test: Acc=68.1% | Best=73.2%(@2200)
  from x3: 0.66 0.68 0.68 0.68 0.68 0.68 0.68 0.68 0.68 0.68 0.68 0.68 0.68
  per-rule acc: 0.77 0.59
Epoch 2380 | Train: Loss=0.0133 Acc=99.8% | Test: Acc=69.0% | Best=73.2%(@2200)
  from x3: 0.68 0.69 0.69 0.69 0.69 0.69 0.69 0.69 0.69 0.69 0.69 0.69 0.69
  per-rule acc: 0.75 0.63
Epoch 2400 | Train: Loss=0.0057 Acc=99.9% | Test: Acc=74.2% | Best=74.2%(@2400)
  from x3: 0.74 0.74 0.74 0.74 0.74 0.74 0.74 0.74 0.74 0.74 0.74 0.74 0.74
  per-rule acc: 0.82 0.66
Epoch 2420 | Train: Loss=0.0053 Acc=99.9% | Test: Acc=68.9% | Best=74.2%(@2400)
  from x3: 0.68 0.68 0.69 0.69 0.69 0.69 0.69 0.69 0.69 0.69 0.69 0.69 0.69
  per-rule acc: 0.77 0.61
Epoch 2440 | Train: Loss=0.0238 Acc=99.7% | Test: Acc=67.8% | Best=74.2%(@2400)
  from x3: 0.66 0.67 0.68 0.68 0.68 0.68 0.68 0.68 0.68 0.68 0.68 0.68 0.68
  per-rule acc: 0.75 0.61
Epoch 2460 | Train: Loss=0.0144 Acc=99.9% | Test: Acc=68.7% | Best=74.2%(@2400)
  from x3: 0.67 0.68 0.68 0.69 0.69 0.69 0.69 0.69 0.69 0.69 0.69 0.69 0.69
  per-rule acc: 0.76 0.62
Epoch 2480 | Train: Loss=0.0144 Acc=99.9% | Test: Acc=70.1% | Best=74.2%(@2400)
  from x3: 0.68 0.70 0.70 0.70 0.70 0.70 0.70 0.70 0.70 0.71 0.71 0.71 0.71
  per-rule acc: 0.79 0.61
Epoch 2500 | Train: Loss=0.0090 Acc=99.9% | Test: Acc=72.8% | Best=74.2%(@2400)
  from x3: 0.72 0.73 0.72 0.73 0.73 0.73 0.73 0.73 0.73 0.73 0.73 0.73 0.73
  per-rule acc: 0.82 0.63
Epoch 2520 | Train: Loss=0.0139 Acc=99.8% | Test: Acc=68.1% | Best=74.2%(@2400)
  from x3: 0.67 0.67 0.68 0.68 0.68 0.68 0.68 0.68 0.68 0.68 0.68 0.68 0.69
  per-rule acc: 0.76 0.60
Epoch 2540 | Train: Loss=0.0134 Acc=99.8% | Test: Acc=68.3% | Best=74.2%(@2400)
  from x3: 0.66 0.68 0.68 0.68 0.68 0.68 0.68 0.69 0.68 0.68 0.68 0.68 0.69
  per-rule acc: 0.75 0.61
Epoch 2560 | Train: Loss=0.0144 Acc=99.8% | Test: Acc=72.3% | Best=74.2%(@2400)
  from x3: 0.71 0.72 0.72 0.72 0.72 0.72 0.72 0.72 0.72 0.73 0.72 0.73 0.73
  per-rule acc: 0.81 0.63
Epoch 2580 | Train: Loss=0.0171 Acc=99.8% | Test: Acc=71.6% | Best=74.2%(@2400)
  from x3: 0.70 0.72 0.72 0.72 0.72 0.72 0.72 0.72 0.72 0.72 0.72 0.72 0.72
  per-rule acc: 0.79 0.64
Epoch 2600 | Train: Loss=0.0049 Acc=99.9% | Test: Acc=74.7% | Best=74.7%(@2600)
  from x3: 0.73 0.74 0.75 0.75 0.75 0.75 0.75 0.75 0.75 0.75 0.75 0.75 0.75
  per-rule acc: 0.82 0.67
Epoch 2620 | Train: Loss=0.0055 Acc=99.9% | Test: Acc=68.4% | Best=74.7%(@2600)
  from x3: 0.67 0.68 0.68 0.68 0.68 0.68 0.68 0.68 0.69 0.69 0.69 0.69 0.68
  per-rule acc: 0.76 0.61
Epoch 2640 | Train: Loss=0.0223 Acc=99.8% | Test: Acc=68.4% | Best=74.7%(@2600)
  from x3: 0.68 0.69 0.69 0.69 0.69 0.69 0.68 0.68 0.68 0.68 0.68 0.69 0.69
  per-rule acc: 0.76 0.61
Epoch 2660 | Train: Loss=0.0132 Acc=99.9% | Test: Acc=68.7% | Best=74.7%(@2600)
  from x3: 0.67 0.69 0.69 0.69 0.69 0.69 0.69 0.69 0.69 0.69 0.69 0.69 0.69
  per-rule acc: 0.77 0.60
Epoch 2680 | Train: Loss=0.0117 Acc=99.8% | Test: Acc=71.3% | Best=74.7%(@2600)
  from x3: 0.70 0.71 0.71 0.71 0.72 0.71 0.71 0.72 0.72 0.72 0.72 0.72 0.72
  per-rule acc: 0.80 0.63
Epoch 2700 | Train: Loss=0.0114 Acc=99.9% | Test: Acc=71.5% | Best=74.7%(@2600)
  from x3: 0.71 0.71 0.71 0.71 0.71 0.72 0.72 0.72 0.72 0.72 0.72 0.72 0.72
  per-rule acc: 0.79 0.64
Epoch 2720 | Train: Loss=0.0158 Acc=99.8% | Test: Acc=68.8% | Best=74.7%(@2600)
  from x3: 0.67 0.69 0.69 0.69 0.69 0.69 0.69 0.69 0.69 0.69 0.69 0.69 0.69
  per-rule acc: 0.78 0.60
Epoch 2740 | Train: Loss=0.0165 Acc=99.8% | Test: Acc=70.0% | Best=74.7%(@2600)
  from x3: 0.68 0.70 0.70 0.70 0.70 0.70 0.70 0.70 0.70 0.70 0.70 0.70 0.70
  per-rule acc: 0.77 0.63
Epoch 2760 | Train: Loss=0.0117 Acc=99.9% | Test: Acc=73.7% | Best=74.7%(@2600)
  from x3: 0.72 0.73 0.74 0.74 0.74 0.74 0.74 0.74 0.74 0.74 0.74 0.74 0.74
  per-rule acc: 0.81 0.67
Epoch 2780 | Train: Loss=0.0153 Acc=99.8% | Test: Acc=69.5% | Best=74.7%(@2600)
  from x3: 0.68 0.69 0.70 0.70 0.70 0.70 0.70 0.70 0.70 0.70 0.70 0.70 0.70
  per-rule acc: 0.77 0.62
Epoch 2800 | Train: Loss=0.0137 Acc=99.8% | Test: Acc=69.6% | Best=74.7%(@2600)
  from x3: 0.68 0.69 0.70 0.70 0.70 0.70 0.70 0.70 0.70 0.70 0.70 0.70 0.70
  per-rule acc: 0.76 0.63
Epoch 2820 | Train: Loss=0.0159 Acc=99.8% | Test: Acc=68.7% | Best=74.7%(@2600)
  from x3: 0.67 0.68 0.68 0.69 0.69 0.69 0.69 0.69 0.69 0.69 0.69 0.69 0.69
  per-rule acc: 0.75 0.62
Epoch 2840 | Train: Loss=0.0152 Acc=99.8% | Test: Acc=71.4% | Best=74.7%(@2600)
  from x3: 0.70 0.71 0.71 0.71 0.71 0.71 0.72 0.72 0.72 0.72 0.72 0.72 0.72
  per-rule acc: 0.80 0.63
Epoch 2860 | Train: Loss=0.0134 Acc=99.8% | Test: Acc=70.4% | Best=74.7%(@2600)
  from x3: 0.69 0.70 0.70 0.70 0.71 0.71 0.70 0.71 0.71 0.71 0.71 0.71 0.71
  per-rule acc: 0.78 0.63
Epoch 2880 | Train: Loss=0.0127 Acc=99.8% | Test: Acc=70.1% | Best=74.7%(@2600)
  from x3: 0.68 0.70 0.70 0.70 0.70 0.70 0.70 0.70 0.71 0.70 0.70 0.71 0.71
  per-rule acc: 0.77 0.63
Epoch 2900 | Train: Loss=0.0100 Acc=99.9% | Test: Acc=72.1% | Best=74.7%(@2600)
  from x3: 0.70 0.72 0.72 0.72 0.72 0.72 0.72 0.72 0.72 0.72 0.72 0.72 0.72
  per-rule acc: 0.80 0.64
Epoch 2920 | Train: Loss=0.0116 Acc=99.9% | Test: Acc=70.5% | Best=74.7%(@2600)
  from x3: 0.68 0.70 0.70 0.71 0.71 0.71 0.71 0.71 0.71 0.71 0.71 0.71 0.71
  per-rule acc: 0.79 0.62
Epoch 2940 | Train: Loss=0.0055 Acc=99.9% | Test: Acc=70.6% | Best=74.7%(@2600)
  from x3: 0.70 0.70 0.71 0.71 0.71 0.71 0.71 0.70 0.71 0.71 0.71 0.71 0.71
  per-rule acc: 0.79 0.62
Epoch 2960 | Train: Loss=0.0247 Acc=99.8% | Test: Acc=68.1% | Best=74.7%(@2600)
  from x3: 0.67 0.68 0.68 0.68 0.68 0.68 0.68 0.68 0.68 0.68 0.68 0.68 0.68
  per-rule acc: 0.75 0.61
Epoch 2980 | Train: Loss=0.0185 Acc=99.8% | Test: Acc=70.6% | Best=74.7%(@2600)
  from x3: 0.69 0.71 0.70 0.70 0.71 0.70 0.71 0.71 0.71 0.71 0.71 0.71 0.71
  per-rule acc: 0.78 0.63
Epoch 3000 | Train: Loss=0.0132 Acc=99.9% | Test: Acc=72.6% | Best=74.7%(@2600)
  from x3: 0.71 0.73 0.72 0.73 0.73 0.73 0.73 0.73 0.73 0.73 0.73 0.73 0.73
  per-rule acc: 0.80 0.65
Epoch 3020 | Train: Loss=0.0117 Acc=99.9% | Test: Acc=71.4% | Best=74.7%(@2600)
  from x3: 0.70 0.71 0.71 0.72 0.71 0.71 0.72 0.72 0.72 0.72 0.72 0.72 0.72
  per-rule acc: 0.80 0.63
Epoch 3040 | Train: Loss=0.0146 Acc=99.8% | Test: Acc=71.3% | Best=74.7%(@2600)
  from x3: 0.69 0.71 0.71 0.71 0.71 0.71 0.72 0.72 0.72 0.72 0.72 0.72 0.72
  per-rule acc: 0.80 0.63
Epoch 3060 | Train: Loss=0.0064 Acc=99.9% | Test: Acc=74.1% | Best=74.7%(@2600)
  from x3: 0.73 0.74 0.74 0.74 0.74 0.74 0.74 0.74 0.74 0.74 0.74 0.74 0.74
  per-rule acc: 0.84 0.65
Epoch 3080 | Train: Loss=0.0055 Acc=99.9% | Test: Acc=69.7% | Best=74.7%(@2600)
  from x3: 0.69 0.69 0.70 0.70 0.70 0.70 0.70 0.70 0.70 0.70 0.70 0.70 0.70
  per-rule acc: 0.78 0.61
Epoch 3100 | Train: Loss=0.0278 Acc=99.6% | Test: Acc=68.8% | Best=74.7%(@2600)
  from x3: 0.67 0.68 0.69 0.69 0.69 0.69 0.69 0.69 0.69 0.69 0.69 0.69 0.69
  per-rule acc: 0.75 0.63
Epoch 3120 | Train: Loss=0.0185 Acc=99.8% | Test: Acc=70.7% | Best=74.7%(@2600)
  from x3: 0.69 0.71 0.70 0.70 0.71 0.71 0.71 0.71 0.71 0.71 0.71 0.71 0.71
  per-rule acc: 0.79 0.62
Epoch 3140 | Train: Loss=0.0133 Acc=99.8% | Test: Acc=70.5% | Best=74.7%(@2600)
  from x3: 0.69 0.71 0.71 0.70 0.70 0.71 0.70 0.71 0.71 0.71 0.71 0.71 0.71
  per-rule acc: 0.78 0.63
Epoch 3160 | Train: Loss=0.0103 Acc=99.9% | Test: Acc=72.2% | Best=74.7%(@2600)
  from x3: 0.71 0.72 0.72 0.72 0.72 0.72 0.72 0.72 0.72 0.72 0.72 0.72 0.72
  per-rule acc: 0.79 0.65
Epoch 3180 | Train: Loss=0.0054 Acc=99.9% | Test: Acc=71.2% | Best=74.7%(@2600)
  from x3: 0.70 0.71 0.71 0.71 0.71 0.71 0.71 0.71 0.71 0.71 0.71 0.71 0.71
  per-rule acc: 0.80 0.63
Epoch 3200 | Train: Loss=0.0254 Acc=99.7% | Test: Acc=68.4% | Best=74.7%(@2600)
  from x3: 0.67 0.69 0.69 0.68 0.68 0.68 0.68 0.69 0.69 0.69 0.68 0.68 0.69
  per-rule acc: 0.76 0.61
Epoch 3220 | Train: Loss=0.0128 Acc=99.9% | Test: Acc=72.7% | Best=74.7%(@2600)
  from x3: 0.70 0.72 0.73 0.73 0.73 0.73 0.73 0.73 0.73 0.73 0.73 0.73 0.73
  per-rule acc: 0.82 0.63
Epoch 3240 | Train: Loss=0.0138 Acc=99.9% | Test: Acc=71.8% | Best=74.7%(@2600)
  from x3: 0.70 0.72 0.72 0.72 0.72 0.72 0.72 0.72 0.72 0.72 0.72 0.72 0.72
  per-rule acc: 0.78 0.66
Epoch 3260 | Train: Loss=0.0153 Acc=99.8% | Test: Acc=71.0% | Best=74.7%(@2600)
  from x3: 0.69 0.71 0.71 0.71 0.71 0.71 0.71 0.71 0.71 0.71 0.71 0.71 0.72
  per-rule acc: 0.79 0.64
Epoch 3280 | Train: Loss=0.0125 Acc=99.9% | Test: Acc=72.4% | Best=74.7%(@2600)
  from x3: 0.71 0.73 0.72 0.72 0.73 0.72 0.72 0.72 0.72 0.73 0.73 0.73 0.73
  per-rule acc: 0.78 0.67
Epoch 3300 | Train: Loss=0.0095 Acc=99.9% | Test: Acc=73.1% | Best=74.7%(@2600)
  from x3: 0.71 0.73 0.73 0.73 0.73 0.73 0.73 0.73 0.73 0.73 0.73 0.73 0.73
  per-rule acc: 0.82 0.64
Epoch 3320 | Train: Loss=0.0130 Acc=99.9% | Test: Acc=72.2% | Best=74.7%(@2600)
  from x3: 0.70 0.72 0.72 0.72 0.72 0.72 0.72 0.72 0.72 0.73 0.73 0.73 0.73
  per-rule acc: 0.80 0.65
Epoch 3340 | Train: Loss=0.0118 Acc=99.9% | Test: Acc=70.6% | Best=74.7%(@2600)
  from x3: 0.69 0.70 0.71 0.71 0.71 0.71 0.71 0.71 0.71 0.71 0.71 0.71 0.71
  per-rule acc: 0.79 0.63
Epoch 3360 | Train: Loss=0.0113 Acc=99.9% | Test: Acc=70.9% | Best=74.7%(@2600)
  from x3: 0.69 0.70 0.71 0.71 0.71 0.71 0.71 0.71 0.71 0.71 0.71 0.71 0.71
  per-rule acc: 0.78 0.64
Epoch 3380 | Train: Loss=0.0094 Acc=99.9% | Test: Acc=72.2% | Best=74.7%(@2600)
  from x3: 0.70 0.72 0.72 0.72 0.72 0.72 0.73 0.72 0.73 0.72 0.72 0.72 0.73
  per-rule acc: 0.80 0.65
Epoch 3400 | Train: Loss=0.0117 Acc=99.9% | Test: Acc=72.6% | Best=74.7%(@2600)
  from x3: 0.71 0.73 0.73 0.73 0.73 0.73 0.73 0.73 0.73 0.73 0.73 0.73 0.73
  per-rule acc: 0.79 0.66
Epoch 3420 | Train: Loss=0.0152 Acc=99.8% | Test: Acc=68.2% | Best=74.7%(@2600)
  from x3: 0.66 0.68 0.68 0.68 0.68 0.68 0.69 0.68 0.68 0.68 0.68 0.69 0.69
  per-rule acc: 0.77 0.59
Epoch 3440 | Train: Loss=0.0053 Acc=99.9% | Test: Acc=71.6% | Best=74.7%(@2600)
  from x3: 0.71 0.71 0.71 0.71 0.72 0.72 0.72 0.72 0.72 0.72 0.72 0.72 0.72
  per-rule acc: 0.81 0.63
Epoch 3460 | Train: Loss=0.0334 Acc=99.6% | Test: Acc=64.7% | Best=74.7%(@2600)
  from x3: 0.63 0.65 0.65 0.65 0.65 0.65 0.65 0.65 0.65 0.65 0.65 0.65 0.65
  per-rule acc: 0.74 0.56
Epoch 3480 | Train: Loss=0.0177 Acc=99.8% | Test: Acc=70.9% | Best=74.7%(@2600)
  from x3: 0.71 0.70 0.71 0.71 0.71 0.71 0.71 0.71 0.71 0.71 0.71 0.71 0.71
  per-rule acc: 0.79 0.63
Epoch 3500 | Train: Loss=0.0145 Acc=99.8% | Test: Acc=71.0% | Best=74.7%(@2600)
  from x3: 0.69 0.71 0.71 0.71 0.71 0.71 0.71 0.71 0.71 0.71 0.71 0.71 0.71
  per-rule acc: 0.78 0.64
Epoch 3520 | Train: Loss=0.0152 Acc=99.8% | Test: Acc=69.9% | Best=74.7%(@2600)
  from x3: 0.69 0.70 0.70 0.70 0.70 0.70 0.70 0.70 0.70 0.70 0.70 0.70 0.70
  per-rule acc: 0.79 0.61
Epoch 3540 | Train: Loss=0.0139 Acc=99.8% | Test: Acc=71.8% | Best=74.7%(@2600)
  from x3: 0.71 0.72 0.72 0.72 0.72 0.72 0.72 0.72 0.72 0.72 0.72 0.72 0.72
  per-rule acc: 0.79 0.64
Epoch 3560 | Train: Loss=0.0138 Acc=99.8% | Test: Acc=70.9% | Best=74.7%(@2600)
  from x3: 0.68 0.71 0.71 0.71 0.71 0.71 0.71 0.71 0.71 0.71 0.71 0.71 0.71
  per-rule acc: 0.79 0.63
Epoch 3580 | Train: Loss=0.0133 Acc=99.8% | Test: Acc=68.7% | Best=74.7%(@2600)
  from x3: 0.67 0.68 0.69 0.69 0.69 0.69 0.69 0.69 0.69 0.69 0.69 0.69 0.69
  per-rule acc: 0.78 0.59
Epoch 3600 | Train: Loss=0.0096 Acc=99.9% | Test: Acc=72.6% | Best=74.7%(@2600)
  from x3: 0.70 0.72 0.73 0.73 0.73 0.73 0.73 0.73 0.73 0.73 0.73 0.73 0.73
  per-rule acc: 0.81 0.64
Epoch 3620 | Train: Loss=0.0114 Acc=99.9% | Test: Acc=69.2% | Best=74.7%(@2600)
  from x3: 0.68 0.69 0.70 0.69 0.69 0.69 0.69 0.69 0.69 0.69 0.69 0.69 0.70
  per-rule acc: 0.78 0.60
Epoch 3640 | Train: Loss=0.0126 Acc=99.8% | Test: Acc=68.3% | Best=74.7%(@2600)
  from x3: 0.67 0.68 0.68 0.69 0.69 0.69 0.69 0.69 0.68 0.69 0.68 0.69 0.68
  per-rule acc: 0.77 0.60
Epoch 3660 | Train: Loss=0.0140 Acc=99.9% | Test: Acc=70.2% | Best=74.7%(@2600)
  from x3: 0.69 0.70 0.70 0.70 0.70 0.70 0.71 0.70 0.70 0.71 0.71 0.71 0.71
  per-rule acc: 0.80 0.61
Epoch 3680 | Train: Loss=0.0148 Acc=99.8% | Test: Acc=69.7% | Best=74.7%(@2600)
  from x3: 0.68 0.70 0.70 0.70 0.70 0.70 0.70 0.70 0.70 0.70 0.70 0.70 0.70
  per-rule acc: 0.77 0.62
Epoch 3700 | Train: Loss=0.0150 Acc=99.8% | Test: Acc=65.7% | Best=74.7%(@2600)
  from x3: 0.66 0.66 0.66 0.66 0.66 0.66 0.65 0.66 0.66 0.66 0.66 0.66 0.66
  per-rule acc: 0.73 0.58
Epoch 3720 | Train: Loss=0.0088 Acc=99.9% | Test: Acc=71.6% | Best=74.7%(@2600)
  from x3: 0.71 0.72 0.71 0.72 0.72 0.72 0.72 0.72 0.72 0.72 0.72 0.72 0.72
  per-rule acc: 0.81 0.63
Epoch 3740 | Train: Loss=0.0052 Acc=99.9% | Test: Acc=76.7% | Best=76.7%(@3740)
  from x3: 0.75 0.76 0.76 0.77 0.77 0.77 0.77 0.77 0.77 0.77 0.77 0.77 0.77
  per-rule acc: 0.85 0.68
Epoch 3760 | Train: Loss=0.0055 Acc=99.9% | Test: Acc=70.7% | Best=76.7%(@3740)
  from x3: 0.69 0.70 0.71 0.71 0.71 0.71 0.71 0.71 0.71 0.71 0.71 0.71 0.71
  per-rule acc: 0.80 0.62
Epoch 3780 | Train: Loss=0.0265 Acc=99.7% | Test: Acc=66.2% | Best=76.7%(@3740)
  from x3: 0.66 0.66 0.66 0.66 0.66 0.66 0.66 0.66 0.66 0.66 0.66 0.66 0.66
  per-rule acc: 0.75 0.57
Epoch 3800 | Train: Loss=0.0189 Acc=99.7% | Test: Acc=69.1% | Best=76.7%(@3740)
  from x3: 0.68 0.69 0.69 0.69 0.69 0.69 0.69 0.69 0.69 0.69 0.69 0.69 0.69
  per-rule acc: 0.77 0.61
Epoch 3820 | Train: Loss=0.0123 Acc=99.9% | Test: Acc=71.1% | Best=76.7%(@3740)
  from x3: 0.69 0.71 0.71 0.71 0.71 0.71 0.71 0.72 0.71 0.72 0.72 0.71 0.71
  per-rule acc: 0.79 0.63
Epoch 3840 | Train: Loss=0.0113 Acc=99.9% | Test: Acc=69.0% | Best=76.7%(@3740)
  from x3: 0.67 0.68 0.69 0.69 0.69 0.69 0.69 0.69 0.69 0.70 0.70 0.70 0.69
  per-rule acc: 0.79 0.59
Epoch 3860 | Train: Loss=0.0105 Acc=99.8% | Test: Acc=68.3% | Best=76.7%(@3740)
  from x3: 0.68 0.69 0.68 0.68 0.68 0.68 0.68 0.68 0.69 0.68 0.69 0.68 0.68
  per-rule acc: 0.77 0.59
Epoch 3880 | Train: Loss=0.0138 Acc=99.9% | Test: Acc=71.3% | Best=76.7%(@3740)
  from x3: 0.69 0.71 0.71 0.72 0.71 0.71 0.72 0.71 0.72 0.71 0.72 0.72 0.72
  per-rule acc: 0.80 0.63
Epoch 3900 | Train: Loss=0.0116 Acc=99.9% | Test: Acc=69.1% | Best=76.7%(@3740)
  from x3: 0.68 0.69 0.69 0.69 0.69 0.69 0.69 0.69 0.69 0.69 0.69 0.69 0.69
  per-rule acc: 0.79 0.59
Epoch 3920 | Train: Loss=0.0136 Acc=99.8% | Test: Acc=67.5% | Best=76.7%(@3740)
  from x3: 0.66 0.67 0.67 0.68 0.67 0.68 0.68 0.68 0.68 0.68 0.68 0.68 0.68
  per-rule acc: 0.76 0.59
Epoch 3940 | Train: Loss=0.0131 Acc=99.9% | Test: Acc=69.8% | Best=76.7%(@3740)
  from x3: 0.69 0.70 0.70 0.70 0.70 0.70 0.70 0.70 0.70 0.70 0.70 0.70 0.70
  per-rule acc: 0.79 0.60
Epoch 3960 | Train: Loss=0.0126 Acc=99.9% | Test: Acc=68.6% | Best=76.7%(@3740)
  from x3: 0.68 0.68 0.69 0.69 0.69 0.69 0.69 0.69 0.69 0.69 0.69 0.69 0.69
  per-rule acc: 0.77 0.60
Epoch 3980 | Train: Loss=0.0086 Acc=99.9% | Test: Acc=72.5% | Best=76.7%(@3740)
  from x3: 0.71 0.73 0.73 0.73 0.73 0.73 0.72 0.73 0.73 0.73 0.73 0.73 0.73
  per-rule acc: 0.81 0.64
Epoch 4000 | Train: Loss=0.0051 Acc=99.9% | Test: Acc=72.9% | Best=76.7%(@3740)
  from x3: 0.72 0.72 0.73 0.73 0.73 0.73 0.73 0.73 0.73 0.73 0.73 0.73 0.73
  per-rule acc: 0.82 0.64
Epoch 4020 | Train: Loss=0.0160 Acc=99.8% | Test: Acc=68.8% | Best=76.7%(@3740)
  from x3: 0.67 0.69 0.69 0.69 0.69 0.69 0.69 0.69 0.69 0.69 0.69 0.69 0.69
  per-rule acc: 0.76 0.61
Epoch 4040 | Train: Loss=0.0127 Acc=99.9% | Test: Acc=68.8% | Best=76.7%(@3740)
  from x3: 0.67 0.68 0.69 0.69 0.69 0.69 0.69 0.69 0.69 0.69 0.69 0.69 0.69
  per-rule acc: 0.78 0.59
Epoch 4060 | Train: Loss=0.0127 Acc=99.8% | Test: Acc=69.8% | Best=76.7%(@3740)
  from x3: 0.68 0.70 0.70 0.70 0.70 0.70 0.70 0.70 0.70 0.70 0.70 0.70 0.70
  per-rule acc: 0.78 0.61
Epoch 4080 | Train: Loss=0.0097 Acc=99.9% | Test: Acc=69.5% | Best=76.7%(@3740)
  from x3: 0.68 0.69 0.69 0.70 0.70 0.70 0.70 0.70 0.70 0.70 0.70 0.70 0.70
  per-rule acc: 0.79 0.60
Epoch 4100 | Train: Loss=0.0084 Acc=99.9% | Test: Acc=72.8% | Best=76.7%(@3740)
  from x3: 0.72 0.73 0.73 0.73 0.73 0.73 0.73 0.73 0.73 0.73 0.73 0.73 0.73
  per-rule acc: 0.81 0.64
Epoch 4120 | Train: Loss=0.0116 Acc=99.8% | Test: Acc=68.4% | Best=76.7%(@3740)
  from x3: 0.66 0.68 0.68 0.68 0.68 0.69 0.69 0.69 0.69 0.69 0.69 0.69 0.69
  per-rule acc: 0.77 0.60
Epoch 4140 | Train: Loss=0.0101 Acc=99.9% | Test: Acc=66.6% | Best=76.7%(@3740)
  from x3: 0.65 0.67 0.66 0.67 0.67 0.67 0.67 0.67 0.67 0.67 0.67 0.67 0.67
  per-rule acc: 0.76 0.58
Epoch 4160 | Train: Loss=0.0053 Acc=99.9% | Test: Acc=71.5% | Best=76.7%(@3740)
  from x3: 0.71 0.71 0.71 0.71 0.71 0.72 0.72 0.72 0.72 0.72 0.72 0.72 0.72
  per-rule acc: 0.80 0.63
Epoch 4180 | Train: Loss=0.0219 Acc=99.8% | Test: Acc=67.0% | Best=76.7%(@3740)
  from x3: 0.65 0.67 0.67 0.67 0.67 0.67 0.67 0.67 0.67 0.67 0.67 0.67 0.67
  per-rule acc: 0.76 0.58
Epoch 4200 | Train: Loss=0.0143 Acc=99.8% | Test: Acc=69.1% | Best=76.7%(@3740)
  from x3: 0.68 0.69 0.69 0.69 0.69 0.69 0.69 0.69 0.69 0.69 0.69 0.69 0.69
  per-rule acc: 0.76 0.62
Epoch 4220 | Train: Loss=0.0152 Acc=99.8% | Test: Acc=68.2% | Best=76.7%(@3740)
  from x3: 0.67 0.68 0.68 0.68 0.68 0.69 0.69 0.69 0.68 0.68 0.68 0.68 0.68
  per-rule acc: 0.77 0.59
Epoch 4240 | Train: Loss=0.0052 Acc=99.9% | Test: Acc=71.4% | Best=76.7%(@3740)
  from x3: 0.70 0.70 0.71 0.71 0.71 0.71 0.72 0.72 0.72 0.72 0.72 0.72 0.72
  per-rule acc: 0.81 0.62
Epoch 4260 | Train: Loss=0.0378 Acc=99.5% | Test: Acc=63.2% | Best=76.7%(@3740)
  from x3: 0.61 0.63 0.63 0.63 0.63 0.63 0.64 0.63 0.63 0.63 0.63 0.63 0.63
  per-rule acc: 0.70 0.56
Epoch 4280 | Train: Loss=0.0151 Acc=99.8% | Test: Acc=66.6% | Best=76.7%(@3740)
  from x3: 0.65 0.66 0.67 0.67 0.67 0.67 0.67 0.67 0.67 0.67 0.67 0.67 0.67
  per-rule acc: 0.76 0.57
Epoch 4300 | Train: Loss=0.0111 Acc=99.9% | Test: Acc=69.7% | Best=76.7%(@3740)
  from x3: 0.69 0.70 0.69 0.70 0.70 0.70 0.70 0.70 0.70 0.70 0.70 0.70 0.70
  per-rule acc: 0.80 0.59
Epoch 4320 | Train: Loss=0.0187 Acc=99.7% | Test: Acc=67.0% | Best=76.7%(@3740)
  from x3: 0.65 0.67 0.67 0.67 0.67 0.67 0.67 0.67 0.67 0.67 0.67 0.67 0.67
  per-rule acc: 0.76 0.57
Epoch 4340 | Train: Loss=0.0100 Acc=99.9% | Test: Acc=70.4% | Best=76.7%(@3740)
  from x3: 0.68 0.70 0.71 0.70 0.70 0.71 0.71 0.71 0.71 0.71 0.71 0.71 0.71
  per-rule acc: 0.80 0.61
Epoch 4360 | Train: Loss=0.0074 Acc=99.9% | Test: Acc=73.0% | Best=76.7%(@3740)
  from x3: 0.71 0.72 0.73 0.73 0.73 0.73 0.73 0.73 0.73 0.73 0.73 0.74 0.73
  per-rule acc: 0.81 0.65
Epoch 4380 | Train: Loss=0.0117 Acc=99.9% | Test: Acc=70.1% | Best=76.7%(@3740)
  from x3: 0.69 0.70 0.70 0.70 0.70 0.70 0.70 0.70 0.71 0.70 0.70 0.71 0.70
  per-rule acc: 0.79 0.61
Epoch 4400 | Train: Loss=0.0051 Acc=99.9% | Test: Acc=71.3% | Best=76.7%(@3740)
  from x3: 0.70 0.71 0.71 0.71 0.72 0.72 0.72 0.72 0.72 0.72 0.72 0.71 0.71
  per-rule acc: 0.81 0.62
Epoch 4420 | Train: Loss=0.0438 Acc=99.3% | Test: Acc=61.3% | Best=76.7%(@3740)
  from x3: 0.58 0.61 0.61 0.62 0.61 0.62 0.62 0.62 0.62 0.62 0.62 0.62 0.62
  per-rule acc: 0.71 0.52
Epoch 4440 | Train: Loss=0.0162 Acc=99.8% | Test: Acc=67.4% | Best=76.7%(@3740)
  from x3: 0.65 0.67 0.68 0.67 0.68 0.68 0.67 0.68 0.68 0.68 0.68 0.68 0.67
  per-rule acc: 0.78 0.57
Epoch 4460 | Train: Loss=0.0097 Acc=99.9% | Test: Acc=70.4% | Best=76.7%(@3740)
  from x3: 0.69 0.70 0.70 0.71 0.70 0.71 0.71 0.71 0.70 0.71 0.71 0.71 0.71
  per-rule acc: 0.78 0.62
Epoch 4480 | Train: Loss=0.0143 Acc=99.8% | Test: Acc=68.4% | Best=76.7%(@3740)
  from x3: 0.67 0.68 0.68 0.68 0.68 0.69 0.69 0.68 0.69 0.69 0.69 0.69 0.69
  per-rule acc: 0.78 0.59
Epoch 4500 | Train: Loss=0.0088 Acc=99.9% | Test: Acc=68.7% | Best=76.7%(@3740)
  from x3: 0.67 0.69 0.69 0.69 0.69 0.69 0.69 0.69 0.69 0.69 0.69 0.69 0.69
  per-rule acc: 0.79 0.58
Epoch 4520 | Train: Loss=0.0089 Acc=99.9% | Test: Acc=71.2% | Best=76.7%(@3740)
  from x3: 0.69 0.71 0.71 0.71 0.71 0.71 0.71 0.72 0.71 0.71 0.72 0.71 0.72
  per-rule acc: 0.81 0.61
Epoch 4540 | Train: Loss=0.0139 Acc=99.8% | Test: Acc=69.9% | Best=76.7%(@3740)
  from x3: 0.68 0.70 0.70 0.70 0.70 0.70 0.70 0.70 0.70 0.70 0.70 0.70 0.70
  per-rule acc: 0.78 0.62
Epoch 4560 | Train: Loss=0.0063 Acc=99.9% | Test: Acc=72.5% | Best=76.7%(@3740)
  from x3: 0.71 0.72 0.72 0.72 0.73 0.72 0.73 0.73 0.73 0.73 0.73 0.73 0.73
  per-rule acc: 0.80 0.65
Epoch 4580 | Train: Loss=0.0099 Acc=99.9% | Test: Acc=70.3% | Best=76.7%(@3740)
  from x3: 0.69 0.71 0.70 0.70 0.70 0.70 0.70 0.70 0.71 0.71 0.71 0.71 0.71
  per-rule acc: 0.79 0.62
Epoch 4600 | Train: Loss=0.0111 Acc=99.9% | Test: Acc=68.3% | Best=76.7%(@3740)
  from x3: 0.66 0.68 0.68 0.68 0.69 0.69 0.68 0.68 0.69 0.69 0.69 0.69 0.69
  per-rule acc: 0.81 0.56
Epoch 4620 | Train: Loss=0.0126 Acc=99.8% | Test: Acc=67.7% | Best=76.7%(@3740)
  from x3: 0.65 0.68 0.67 0.68 0.68 0.68 0.68 0.68 0.68 0.68 0.68 0.68 0.68
  per-rule acc: 0.76 0.59
Epoch 4640 | Train: Loss=0.0072 Acc=99.9% | Test: Acc=70.7% | Best=76.7%(@3740)
  from x3: 0.69 0.70 0.71 0.71 0.71 0.71 0.71 0.71 0.71 0.71 0.71 0.71 0.71
  per-rule acc: 0.81 0.60
Epoch 4660 | Train: Loss=0.0121 Acc=99.9% | Test: Acc=69.3% | Best=76.7%(@3740)
  from x3: 0.67 0.69 0.69 0.69 0.70 0.70 0.69 0.70 0.70 0.70 0.70 0.70 0.70
  per-rule acc: 0.78 0.60
Epoch 4680 | Train: Loss=0.0112 Acc=99.9% | Test: Acc=66.7% | Best=76.7%(@3740)
  from x3: 0.65 0.66 0.67 0.67 0.67 0.67 0.67 0.67 0.67 0.67 0.67 0.67 0.67
  per-rule acc: 0.77 0.56
Epoch 4700 | Train: Loss=0.0100 Acc=99.9% | Test: Acc=70.8% | Best=76.7%(@3740)
  from x3: 0.69 0.71 0.71 0.71 0.71 0.71 0.71 0.71 0.71 0.71 0.71 0.71 0.72
  per-rule acc: 0.79 0.63
Epoch 4720 | Train: Loss=0.0117 Acc=99.8% | Test: Acc=68.4% | Best=76.7%(@3740)
  from x3: 0.66 0.68 0.68 0.68 0.69 0.69 0.69 0.69 0.69 0.69 0.68 0.69 0.69
  per-rule acc: 0.78 0.59
Epoch 4740 | Train: Loss=0.0052 Acc=99.9% | Test: Acc=71.2% | Best=76.7%(@3740)
  from x3: 0.69 0.70 0.71 0.72 0.72 0.72 0.72 0.72 0.72 0.71 0.71 0.71 0.71
  per-rule acc: 0.80 0.62
Epoch 4760 | Train: Loss=0.0211 Acc=99.8% | Test: Acc=64.1% | Best=76.7%(@3740)
  from x3: 0.62 0.64 0.64 0.64 0.64 0.64 0.64 0.64 0.64 0.64 0.64 0.65 0.64
  per-rule acc: 0.74 0.55
Epoch 4780 | Train: Loss=0.0156 Acc=99.8% | Test: Acc=68.7% | Best=76.7%(@3740)
  from x3: 0.66 0.68 0.69 0.69 0.69 0.69 0.69 0.69 0.69 0.69 0.69 0.69 0.69
  per-rule acc: 0.78 0.60
Epoch 4800 | Train: Loss=0.0112 Acc=99.9% | Test: Acc=68.2% | Best=76.7%(@3740)
  from x3: 0.67 0.68 0.68 0.68 0.68 0.68 0.68 0.68 0.68 0.69 0.68 0.68 0.69
  per-rule acc: 0.77 0.59
Epoch 4820 | Train: Loss=0.0116 Acc=99.9% | Test: Acc=67.8% | Best=76.7%(@3740)
  from x3: 0.66 0.67 0.68 0.68 0.68 0.68 0.68 0.68 0.68 0.68 0.68 0.68 0.68
  per-rule acc: 0.77 0.58
Epoch 4840 | Train: Loss=0.0094 Acc=99.9% | Test: Acc=68.4% | Best=76.7%(@3740)
  from x3: 0.67 0.68 0.68 0.68 0.68 0.69 0.69 0.69 0.69 0.69 0.69 0.69 0.69
  per-rule acc: 0.79 0.58
Epoch 4860 | Train: Loss=0.0101 Acc=99.9% | Test: Acc=66.9% | Best=76.7%(@3740)
  from x3: 0.65 0.67 0.66 0.67 0.67 0.67 0.67 0.67 0.67 0.67 0.67 0.67 0.67
  per-rule acc: 0.76 0.58
Epoch 4880 | Train: Loss=0.0118 Acc=99.9% | Test: Acc=66.2% | Best=76.7%(@3740)
  from x3: 0.64 0.66 0.66 0.66 0.66 0.66 0.66 0.66 0.67 0.67 0.67 0.67 0.67
  per-rule acc: 0.75 0.58
Epoch 4900 | Train: Loss=0.0081 Acc=99.9% | Test: Acc=70.0% | Best=76.7%(@3740)
  from x3: 0.68 0.70 0.70 0.70 0.70 0.70 0.70 0.70 0.70 0.70 0.70 0.70 0.70
  per-rule acc: 0.79 0.61
Epoch 4920 | Train: Loss=0.0116 Acc=99.8% | Test: Acc=68.4% | Best=76.7%(@3740)
  from x3: 0.67 0.68 0.68 0.68 0.68 0.69 0.69 0.69 0.69 0.69 0.69 0.69 0.69
  per-rule acc: 0.78 0.59
Epoch 4940 | Train: Loss=0.0140 Acc=99.9% | Test: Acc=66.2% | Best=76.7%(@3740)
  from x3: 0.64 0.66 0.66 0.66 0.66 0.66 0.66 0.66 0.66 0.67 0.67 0.67 0.67
  per-rule acc: 0.76 0.56
Epoch 4960 | Train: Loss=0.0132 Acc=99.9% | Test: Acc=65.6% | Best=76.7%(@3740)
  from x3: 0.64 0.65 0.66 0.66 0.66 0.66 0.66 0.66 0.66 0.66 0.66 0.66 0.66
  per-rule acc: 0.76 0.55
Epoch 4980 | Train: Loss=0.0128 Acc=99.8% | Test: Acc=67.0% | Best=76.7%(@3740)
  from x3: 0.65 0.66 0.67 0.67 0.67 0.67 0.67 0.67 0.67 0.67 0.67 0.68 0.68
  per-rule acc: 0.77 0.57
Epoch 5000 | Train: Loss=0.0159 Acc=99.8% | Test: Acc=66.0% | Best=76.7%(@3740)
  from x3: 0.65 0.66 0.66 0.66 0.66 0.66 0.66 0.66 0.66 0.66 0.66 0.66 0.66
  per-rule acc: 0.75 0.57
Epoch 5020 | Train: Loss=0.0163 Acc=99.8% | Test: Acc=65.1% | Best=76.7%(@3740)
  from x3: 0.64 0.65 0.65 0.65 0.65 0.65 0.65 0.65 0.65 0.65 0.65 0.65 0.65
  per-rule acc: 0.73 0.57
Epoch 5040 | Train: Loss=0.0112 Acc=99.9% | Test: Acc=68.1% | Best=76.7%(@3740)
  from x3: 0.66 0.68 0.68 0.68 0.68 0.68 0.68 0.68 0.68 0.69 0.68 0.68 0.69
  per-rule acc: 0.75 0.61
Epoch 5060 | Train: Loss=0.0054 Acc=99.9% | Test: Acc=74.1% | Best=76.7%(@3740)
  from x3: 0.72 0.74 0.74 0.74 0.74 0.74 0.74 0.74 0.75 0.74 0.74 0.74 0.74
  per-rule acc: 0.83 0.66
Epoch 5080 | Train: Loss=0.0051 Acc=99.9% | Test: Acc=70.3% | Best=76.7%(@3740)
  from x3: 0.68 0.70 0.70 0.70 0.71 0.71 0.71 0.71 0.71 0.70 0.71 0.71 0.71
  per-rule acc: 0.79 0.62
Epoch 5100 | Train: Loss=0.0134 Acc=99.9% | Test: Acc=66.3% | Best=76.7%(@3740)
  from x3: 0.64 0.66 0.66 0.67 0.66 0.67 0.67 0.67 0.67 0.67 0.67 0.67 0.67
  per-rule acc: 0.75 0.58
Epoch 5120 | Train: Loss=0.0111 Acc=99.9% | Test: Acc=66.4% | Best=76.7%(@3740)
  from x3: 0.65 0.66 0.66 0.67 0.67 0.66 0.67 0.67 0.67 0.67 0.66 0.66 0.67
  per-rule acc: 0.75 0.58
Epoch 5140 | Train: Loss=0.0050 Acc=99.9% | Test: Acc=72.8% | Best=76.7%(@3740)
  from x3: 0.71 0.72 0.73 0.73 0.73 0.73 0.73 0.73 0.73 0.73 0.73 0.73 0.73
  per-rule acc: 0.82 0.64
Epoch 5160 | Train: Loss=0.0050 Acc=99.9% | Test: Acc=69.5% | Best=76.7%(@3740)
  from x3: 0.68 0.69 0.70 0.69 0.70 0.70 0.69 0.70 0.70 0.70 0.70 0.70 0.70
  per-rule acc: 0.78 0.61
Epoch 5180 | Train: Loss=0.0265 Acc=99.7% | Test: Acc=59.9% | Best=76.7%(@3740)
  from x3: 0.58 0.60 0.60 0.60 0.60 0.60 0.60 0.60 0.60 0.60 0.60 0.60 0.60
  per-rule acc: 0.69 0.51
Epoch 5200 | Train: Loss=0.0176 Acc=99.8% | Test: Acc=67.8% | Best=76.7%(@3740)
  from x3: 0.66 0.68 0.68 0.68 0.68 0.68 0.68 0.68 0.68 0.68 0.68 0.68 0.68
  per-rule acc: 0.75 0.60
Epoch 5220 | Train: Loss=0.0105 Acc=99.9% | Test: Acc=67.1% | Best=76.7%(@3740)
  from x3: 0.65 0.67 0.67 0.67 0.67 0.67 0.67 0.67 0.68 0.67 0.67 0.67 0.67
  per-rule acc: 0.76 0.58
Epoch 5240 | Train: Loss=0.0109 Acc=99.8% | Test: Acc=65.5% | Best=76.7%(@3740)
  from x3: 0.64 0.65 0.66 0.66 0.66 0.66 0.66 0.66 0.65 0.66 0.66 0.66 0.66
  per-rule acc: 0.74 0.57
Epoch 5260 | Train: Loss=0.0077 Acc=99.9% | Test: Acc=68.4% | Best=76.7%(@3740)
  from x3: 0.66 0.69 0.68 0.68 0.68 0.69 0.69 0.69 0.69 0.69 0.69 0.69 0.69
  per-rule acc: 0.76 0.61
Epoch 5280 | Train: Loss=0.0080 Acc=99.9% | Test: Acc=69.5% | Best=76.7%(@3740)
  from x3: 0.68 0.69 0.70 0.70 0.70 0.70 0.70 0.70 0.70 0.70 0.70 0.70 0.70
  per-rule acc: 0.78 0.61
Epoch 5300 | Train: Loss=0.0048 Acc=99.9% | Test: Acc=70.8% | Best=76.7%(@3740)
  from x3: 0.69 0.70 0.71 0.71 0.71 0.71 0.71 0.71 0.71 0.71 0.71 0.71 0.71
  per-rule acc: 0.79 0.62
Epoch 5320 | Train: Loss=0.0048 Acc=99.9% | Test: Acc=69.1% | Best=76.7%(@3740)
  from x3: 0.67 0.68 0.69 0.69 0.69 0.69 0.69 0.70 0.69 0.69 0.69 0.69 0.70
  per-rule acc: 0.77 0.61
Epoch 5340 | Train: Loss=0.0140 Acc=99.9% | Test: Acc=67.6% | Best=76.7%(@3740)
  from x3: 0.66 0.67 0.67 0.68 0.68 0.68 0.68 0.68 0.68 0.68 0.68 0.68 0.68
  per-rule acc: 0.77 0.58
Epoch 5360 | Train: Loss=0.0111 Acc=99.9% | Test: Acc=67.2% | Best=76.7%(@3740)
  from x3: 0.65 0.67 0.67 0.67 0.67 0.68 0.67 0.67 0.67 0.67 0.67 0.67 0.67
  per-rule acc: 0.75 0.59
Epoch 5380 | Train: Loss=0.0139 Acc=99.8% | Test: Acc=66.2% | Best=76.7%(@3740)
  from x3: 0.64 0.66 0.66 0.66 0.66 0.66 0.66 0.66 0.66 0.66 0.66 0.67 0.67
  per-rule acc: 0.75 0.57
Epoch 5400 | Train: Loss=0.0072 Acc=99.9% | Test: Acc=68.8% | Best=76.7%(@3740)
  from x3: 0.67 0.69 0.69 0.69 0.69 0.69 0.69 0.69 0.69 0.69 0.69 0.69 0.69
  per-rule acc: 0.77 0.61
Epoch 5420 | Train: Loss=0.0049 Acc=99.9% | Test: Acc=70.1% | Best=76.7%(@3740)
  from x3: 0.68 0.69 0.70 0.70 0.70 0.71 0.70 0.71 0.71 0.71 0.70 0.70 0.70
  per-rule acc: 0.79 0.61
Epoch 5440 | Train: Loss=0.0192 Acc=99.8% | Test: Acc=62.0% | Best=76.7%(@3740)
  from x3: 0.59 0.62 0.62 0.62 0.62 0.62 0.62 0.62 0.62 0.63 0.62 0.63 0.63
  per-rule acc: 0.72 0.52
Epoch 5460 | Train: Loss=0.0089 Acc=99.9% | Test: Acc=65.6% | Best=76.7%(@3740)
  from x3: 0.64 0.66 0.65 0.66 0.66 0.66 0.66 0.66 0.66 0.66 0.66 0.66 0.66
  per-rule acc: 0.74 0.57
Epoch 5480 | Train: Loss=0.0069 Acc=99.9% | Test: Acc=69.9% | Best=76.7%(@3740)
  from x3: 0.68 0.69 0.70 0.70 0.70 0.70 0.70 0.70 0.70 0.70 0.70 0.70 0.70
  per-rule acc: 0.79 0.61
Epoch 5500 | Train: Loss=0.0048 Acc=99.9% | Test: Acc=69.2% | Best=76.7%(@3740)
  from x3: 0.67 0.68 0.69 0.69 0.69 0.70 0.70 0.70 0.70 0.69 0.70 0.70 0.70
  per-rule acc: 0.78 0.60
Epoch 5520 | Train: Loss=0.0145 Acc=99.8% | Test: Acc=64.1% | Best=76.7%(@3740)
  from x3: 0.63 0.65 0.64 0.64 0.64 0.64 0.64 0.64 0.64 0.64 0.64 0.64 0.64
  per-rule acc: 0.73 0.55
Epoch 5540 | Train: Loss=0.0076 Acc=99.9% | Test: Acc=67.7% | Best=76.7%(@3740)
  from x3: 0.67 0.67 0.67 0.68 0.68 0.68 0.68 0.68 0.68 0.68 0.68 0.68 0.68
  per-rule acc: 0.77 0.58
Epoch 5560 | Train: Loss=0.0078 Acc=99.9% | Test: Acc=68.2% | Best=76.7%(@3740)
  from x3: 0.66 0.68 0.68 0.68 0.68 0.68 0.68 0.69 0.68 0.69 0.68 0.69 0.69
  per-rule acc: 0.78 0.59
Epoch 5580 | Train: Loss=0.0049 Acc=99.9% | Test: Acc=69.8% | Best=76.7%(@3740)
  from x3: 0.68 0.69 0.70 0.70 0.70 0.70 0.70 0.70 0.70 0.70 0.70 0.70 0.70
  per-rule acc: 0.79 0.61
Epoch 5600 | Train: Loss=0.0242 Acc=99.7% | Test: Acc=60.4% | Best=76.7%(@3740)
  from x3: 0.59 0.60 0.60 0.61 0.61 0.61 0.61 0.61 0.61 0.61 0.61 0.61 0.61
  per-rule acc: 0.69 0.51
Epoch 5620 | Train: Loss=0.0124 Acc=99.9% | Test: Acc=63.8% | Best=76.7%(@3740)
  from x3: 0.62 0.64 0.64 0.64 0.64 0.64 0.64 0.64 0.64 0.64 0.64 0.64 0.64
  per-rule acc: 0.75 0.53
Epoch 5640 | Train: Loss=0.0127 Acc=99.9% | Test: Acc=63.3% | Best=76.7%(@3740)
  from x3: 0.61 0.63 0.63 0.63 0.63 0.63 0.64 0.64 0.64 0.63 0.64 0.63 0.63
  per-rule acc: 0.74 0.53
Epoch 5660 | Train: Loss=0.0073 Acc=99.9% | Test: Acc=66.2% | Best=76.7%(@3740)
  from x3: 0.64 0.65 0.66 0.66 0.66 0.66 0.67 0.66 0.66 0.66 0.67 0.67 0.67
  per-rule acc: 0.76 0.57
Epoch 5680 | Train: Loss=0.0048 Acc=99.9% | Test: Acc=68.7% | Best=76.7%(@3740)
  from x3: 0.67 0.68 0.69 0.69 0.69 0.69 0.69 0.69 0.69 0.69 0.69 0.69 0.69
  per-rule acc: 0.78 0.60
Epoch 5700 | Train: Loss=0.0047 Acc=99.9% | Test: Acc=68.0% | Best=76.7%(@3740)
  from x3: 0.66 0.68 0.68 0.68 0.68 0.68 0.68 0.68 0.68 0.68 0.69 0.68 0.68
  per-rule acc: 0.77 0.59
Epoch 5720 | Train: Loss=0.0196 Acc=99.9% | Test: Acc=63.8% | Best=76.7%(@3740)
  from x3: 0.62 0.63 0.64 0.64 0.64 0.64 0.64 0.64 0.64 0.64 0.64 0.64 0.64
  per-rule acc: 0.72 0.55
Epoch 5740 | Train: Loss=0.0086 Acc=99.9% | Test: Acc=65.0% | Best=76.7%(@3740)
  from x3: 0.63 0.65 0.65 0.65 0.65 0.65 0.65 0.65 0.65 0.65 0.65 0.65 0.65
  per-rule acc: 0.76 0.54
[Early stop] No improvement for 2000 consecutive epochs

==================================================
Saving model...
[OK] Model saved to: /home/cxm/ai/test0617-basic/models/mixed_basic_d256l4_r32_t16_c0.5.pth
  File size: 70024.7 KB
  Best test accuracy: 76.66%

==================================================
Final generation test (given first two items, AB generates 3rd as prompt, validate from 4th)
==================================================

--- AB pair 1: (1, 1) ---

--- Statistics for AB=(1,1) ---
Exposed    samples:  1405 | In-dist: 18122/18265 ( 99.2%) | OOD: 22304/22480 ( 99.2%)
Unexposed  samples:  1404 | In-dist:  8866/18252 ( 48.6%) | OOD:  8819/22464 ( 39.3%)

--- AB pair 2: (1, 2) ---

--- Statistics for AB=(1,2) ---
Exposed    samples:  1405 | In-dist: 18174/18265 ( 99.5%) | OOD: 22374/22480 ( 99.5%)
Unexposed  samples:  1404 | In-dist:  6426/18252 ( 35.2%) | OOD:  7368/22464 ( 32.8%)

--- Return code: 0 ---

======================================================================
Attention Analysis
======================================================================
Model config: addition (default), p=53
Best test accuracy: 0.7666009204470743
Training epochs: 5740

Random test sequence 1/5 (length 32): [20, 29, 49, 25, 21, 46, 14, 7, 21, 28, 49, 24, 20, 44, 11, 2, 13, 15, 28, 43]...

======================================================================
Attention Layer Training Result Summary
======================================================================
Input sequence: [20, 29, 49, 25, 21, 46, 14, 7, 21, 28, 49, 24, 20, 44, 11, 2, 13, 15, 28, 43, 18, 8, 26, 34, 7, 41, 48, 36, 31, 14, 45, 6]

--- Layer 0 ---
  Head 0: Entropy=0.312
    Attention coefficients from each query position to previous positions:
      i= 0 -> j=0:1.000
      i= 1 -> j=0:0.963, j=1:0.037
      i= 2 -> j=0:0.042, j=1:0.943, j=2:0.015
      i= 3 -> j=0:0.000, j=1:0.101, j=2:0.857, j=3:0.042
      i= 4 -> j=0:0.000, j=1:0.000, j=2:0.022, j=3:0.967, j=4:0.010
      i= 5 -> j=0:0.000, j=1:0.000, j=2:0.000, j=3:0.117, j=4:0.854, j=5:0.029
      i= 6 -> j=0:0.000, j=1:0.000, j=2:0.000, j=3:0.000, j=4:0.053, j=5:0.911, j=6:0.035
      i= 7 -> j=0:0.000, j=1:0.000, j=2:0.000, j=3:0.000, j=4:0.000, j=5:0.071, j=6:0.909, j=7:0.020
      i= 8 -> j=0:0.000, j=1:0.000, j=2:0.000, j=3:0.000, j=4:0.000, j=5:0.000, j=6:0.086, j=7:0.893, j=8:0.020
      i= 9 -> j=0:0.000, j=1:0.000, j=2:0.000, j=3:0.000, j=4:0.000, j=5:0.000, j=6:0.000, j=7:0.076, j=8:0.887, j=9:0.037
      i=10 -> j=0:0.000, j=1:0.000, j=2:0.000, j=3:0.000, j=4:0.000, j=5:0.000, j=6:0.000, j=7:0.000, j=8:0.038, j=9:0.943, j=10:0.019
      i=11 -> j=0:0.000, j=1:0.000, j=2:0.000, j=3:0.000, j=4:0.000, j=5:0.000, j=6:0.000, j=7:0.000, j=8:0.000, j=9:0.073, j=10:0.903, j=11:0.024
      i=12 -> j=0:0.000, j=1:0.000, j=2:0.000, j=3:0.000, j=4:0.000, j=5:0.000, j=6:0.000, j=7:0.000, j=8:0.000, j=9:0.000, j=10:0.036, j=11:0.935, j=12:0.028
      i=13 -> j=0:0.000, j=1:0.000, j=2:0.000, j=3:0.000, j=4:0.000, j=5:0.000, j=6:0.000, j=7:0.000, j=8:0.000, j=9:0.000, j=10:0.000, j=11:0.048, j=12:0.915, j=13:0.037
      i=14 -> j=0:0.000, j=1:0.000, j=2:0.000, j=3:0.000, j=4:0.000, j=5:0.000, j=6:0.000, j=7:0.000, j=8:0.000, j=9:0.000, j=10:0.000, j=11:0.000, j=12:0.018, j=13:0.970, j=14:0.012
      i=15 -> j=0:0.000, j=1:0.000, j=2:0.000, j=3:0.000, j=4:0.000, j=5:0.000, j=6:0.000, j=7:0.000, j=8:0.000, j=9:0.000, j=10:0.000, j=11:0.000, j=12:0.000, j=13:0.068, j=14:0.920, j=15:0.012
      i=16 -> j=0:0.000, j=1:0.000, j=2:0.000, j=3:0.000, j=4:0.000, j=5:0.000, j=6:0.000, j=7:0.000, j=8:0.000, j=9:0.000, j=10:0.000, j=11:0.000, j=12:0.000, j=13:0.000, j=14:0.076, j=15:0.908, j=16:0.016
      i=17 -> j=0:0.000, j=1:0.000, j=2:0.000, j=3:0.000, j=4:0.000, j=5:0.000, j=6:0.000, j=7:0.000, j=8:0.000, j=9:0.000, j=10:0.000, j=11:0.000, j=12:0.000, j=13:0.000, j=14:0.000, j=15:0.045, j=16:0.936, j=17:0.019
      i=18 -> j=0:0.000, j=1:0.000, j=2:0.000, j=3:0.000, j=4:0.000, j=5:0.000, j=6:0.000, j=7:0.000, j=8:0.000, j=9:0.000, j=10:0.000, j=11:0.000, j=12:0.000, j=13:0.000, j=14:0.000, j=15:0.000, j=16:0.062, j=17:0.898, j=18:0.040
      i=19 -> j=0:0.000, j=1:0.000, j=2:0.000, j=3:0.000, j=4:0.000, j=5:0.000, j=6:0.000, j=7:0.000, j=8:0.000, j=9:0.000, j=10:0.000, j=11:0.000, j=12:0.000, j=13:0.000, j=14:0.000, j=15:0.000, j=16:0.000, j=17:0.030, j=18:0.947, j=19:0.023
      i=20 -> j=0:0.000, j=1:0.000, j=2:0.000, j=3:0.000, j=4:0.000, j=5:0.000, j=6:0.000, j=7:0.000, j=8:0.000, j=9:0.000, j=10:0.000, j=11:0.000, j=12:0.000, j=13:0.000, j=14:0.000, j=15:0.000, j=16:0.000, j=17:0.000, j=18:0.045, j=19:0.935, j=20:0.020
      i=21 -> j=0:0.000, j=1:0.000, j=2:0.000, j=3:0.000, j=4:0.000, j=5:0.000, j=6:0.000, j=7:0.000, j=8:0.000, j=9:0.000, j=10:0.000, j=11:0.000, j=12:0.000, j=13:0.000, j=14:0.000, j=15:0.000, j=16:0.000, j=17:0.000, j=18:0.000, j=19:0.038, j=20:0.952, j=21:0.010
      i=22 -> j=0:0.000, j=1:0.000, j=2:0.000, j=3:0.000, j=4:0.000, j=5:0.000, j=6:0.000, j=7:0.000, j=8:0.000, j=9:0.000, j=10:0.000, j=11:0.000, j=12:0.000, j=13:0.000, j=14:0.000, j=15:0.000, j=16:0.000, j=17:0.000, j=18:0.000, j=19:0.000, j=20:0.103, j=21:0.858, j=22:0.038
      i=23 -> j=0:0.000, j=1:0.000, j=2:0.000, j=3:0.000, j=4:0.000, j=5:0.000, j=6:0.000, j=7:0.000, j=8:0.000, j=9:0.000, j=10:0.000, j=11:0.000, j=12:0.000, j=13:0.000, j=14:0.000, j=15:0.000, j=16:0.000, j=17:0.000, j=18:0.000, j=19:0.000, j=20:0.000, j=21:0.042, j=22:0.934, j=23:0.024
      i=24 -> j=0:0.000, j=1:0.000, j=2:0.000, j=3:0.000, j=4:0.000, j=5:0.000, j=6:0.000, j=7:0.000, j=8:0.000, j=9:0.000, j=10:0.000, j=11:0.000, j=12:0.000, j=13:0.000, j=14:0.000, j=15:0.000, j=16:0.000, j=17:0.000, j=18:0.000, j=19:0.000, j=20:0.000, j=21:0.000, j=22:0.046, j=23:0.937, j=24:0.017
      i=25 -> j=0:0.000, j=1:0.000, j=2:0.000, j=3:0.000, j=4:0.000, j=5:0.000, j=6:0.000, j=7:0.000, j=8:0.000, j=9:0.000, j=10:0.000, j=11:0.000, j=12:0.000, j=13:0.000, j=14:0.000, j=15:0.000, j=16:0.000, j=17:0.000, j=18:0.000, j=19:0.000, j=20:0.000, j=21:0.000, j=22:0.000, j=23:0.072, j=24:0.887, j=25:0.041
      i=26 -> j=0:0.000, j=1:0.000, j=2:0.000, j=3:0.000, j=4:0.000, j=5:0.000, j=6:0.000, j=7:0.000, j=8:0.000, j=9:0.000, j=10:0.000, j=11:0.000, j=12:0.000, j=13:0.000, j=14:0.000, j=15:0.000, j=16:0.000, j=17:0.000, j=18:0.000, j=19:0.000, j=20:0.000, j=21:0.000, j=22:0.000, j=23:0.000, j=24:0.069, j=25:0.916, j=26:0.015
      i=27 -> j=0:0.000, j=1:0.000, j=2:0.000, j=3:0.000, j=4:0.000, j=5:0.000, j=6:0.000, j=7:0.000, j=8:0.000, j=9:0.000, j=10:0.000, j=11:0.000, j=12:0.000, j=13:0.000, j=14:0.000, j=15:0.000, j=16:0.000, j=17:0.000, j=18:0.000, j=19:0.000, j=20:0.000, j=21:0.000, j=22:0.000, j=23:0.000, j=24:0.000, j=25:0.039, j=26:0.928, j=27:0.033
      i=28 -> j=0:0.000, j=1:0.000, j=2:0.000, j=3:0.000, j=4:0.000, j=5:0.000, j=6:0.000, j=7:0.000, j=8:0.000, j=9:0.000, j=10:0.000, j=11:0.000, j=12:0.000, j=13:0.000, j=14:0.000, j=15:0.000, j=16:0.000, j=17:0.000, j=18:0.000, j=19:0.000, j=20:0.000, j=21:0.000, j=22:0.000, j=23:0.000, j=24:0.000, j=25:0.000, j=26:0.026, j=27:0.960, j=28:0.013
      i=29 -> j=0:0.000, j=1:0.000, j=2:0.000, j=3:0.000, j=4:0.000, j=5:0.000, j=6:0.000, j=7:0.000, j=8:0.000, j=9:0.000, j=10:0.000, j=11:0.000, j=12:0.000, j=13:0.000, j=14:0.000, j=15:0.000, j=16:0.000, j=17:0.000, j=18:0.000, j=19:0.000, j=20:0.000, j=21:0.000, j=22:0.000, j=23:0.000, j=24:0.000, j=25:0.000, j=26:0.000, j=27:0.074, j=28:0.891, j=29:0.034
      i=30 -> j=0:0.000, j=1:0.000, j=2:0.000, j=3:0.000, j=4:0.000, j=5:0.000, j=6:0.000, j=7:0.000, j=8:0.000, j=9:0.000, j=10:0.000, j=11:0.000, j=12:0.000, j=13:0.000, j=14:0.000, j=15:0.000, j=16:0.000, j=17:0.000, j=18:0.000, j=19:0.000, j=20:0.000, j=21:0.000, j=22:0.000, j=23:0.000, j=24:0.000, j=25:0.000, j=26:0.000, j=27:0.000, j=28:0.046, j=29:0.934, j=30:0.019
      i=31 -> j=0:0.000, j=1:0.000, j=2:0.000, j=3:0.000, j=4:0.000, j=5:0.000, j=6:0.000, j=7:0.000, j=8:0.000, j=9:0.000, j=10:0.000, j=11:0.000, j=12:0.000, j=13:0.000, j=14:0.000, j=15:0.000, j=16:0.000, j=17:0.000, j=18:0.000, j=19:0.000, j=20:0.000, j=21:0.000, j=22:0.000, j=23:0.000, j=24:0.000, j=25:0.000, j=26:0.000, j=27:0.000, j=28:0.000, j=29:0.050, j=30:0.911, j=31:0.039
    Average attention per distance:
      d=0:0.056, d=1:0.919, d=2:0.057

--- Layer 1 ---
  Head 0: Entropy=0.902
    Attention coefficients from each query position to previous positions:
      i= 0 -> j=0:1.000
      i= 1 -> j=0:0.541, j=1:0.459
      i= 2 -> j=0:0.082, j=1:0.747, j=2:0.170
      i= 3 -> j=0:0.004, j=1:0.124, j=2:0.808, j=3:0.064
      i= 4 -> j=0:0.001, j=1:0.009, j=2:0.546, j=3:0.397, j=4:0.047
      i= 5 -> j=0:0.000, j=1:0.001, j=2:0.044, j=3:0.253, j=4:0.413, j=5:0.288
      i= 6 -> j=0:0.000, j=1:0.000, j=2:0.000, j=3:0.003, j=4:0.012, j=5:0.895, j=6:0.089
      i= 7 -> j=0:0.001, j=1:0.000, j=2:0.000, j=3:0.001, j=4:0.002, j=5:0.291, j=6:0.539, j=7:0.167
      i= 8 -> j=0:0.002, j=1:0.000, j=2:0.000, j=3:0.000, j=4:0.000, j=5:0.029, j=6:0.160, j=7:0.624, j=8:0.184
      i= 9 -> j=0:0.003, j=1:0.002, j=2:0.001, j=3:0.000, j=4:0.000, j=5:0.001, j=6:0.012, j=7:0.166, j=8:0.637, j=9:0.178
      i=10 -> j=0:0.002, j=1:0.004, j=2:0.003, j=3:0.001, j=4:0.000, j=5:0.000, j=6:0.001, j=7:0.017, j=8:0.220, j=9:0.536, j=10:0.214
      i=11 -> j=0:0.001, j=1:0.001, j=2:0.001, j=3:0.001, j=4:0.000, j=5:0.000, j=6:0.000, j=7:0.000, j=8:0.005, j=9:0.132, j=10:0.485, j=11:0.375
      i=12 -> j=0:0.000, j=1:0.000, j=2:0.001, j=3:0.001, j=4:0.000, j=5:0.000, j=6:0.000, j=7:0.000, j=8:0.000, j=9:0.005, j=10:0.071, j=11:0.747, j=12:0.174
      i=13 -> j=0:0.001, j=1:0.001, j=2:0.001, j=3:0.001, j=4:0.001, j=5:0.002, j=6:0.000, j=7:0.000, j=8:0.000, j=9:0.001, j=10:0.008, j=11:0.251, j=12:0.599, j=13:0.136
      i=14 -> j=0:0.001, j=1:0.001, j=2:0.000, j=3:0.000, j=4:0.000, j=5:0.001, j=6:0.001, j=7:0.000, j=8:0.000, j=9:0.000, j=10:0.000, j=11:0.010, j=12:0.207, j=13:0.552, j=14:0.224
      i=15 -> j=0:0.002, j=1:0.002, j=2:0.001, j=3:0.000, j=4:0.000, j=5:0.001, j=6:0.001, j=7:0.001, j=8:0.000, j=9:0.000, j=10:0.000, j=11:0.000, j=12:0.011, j=13:0.178, j=14:0.596, j=15:0.205
      i=16 -> j=0:0.001, j=1:0.001, j=2:0.001, j=3:0.000, j=4:0.000, j=5:0.000, j=6:0.000, j=7:0.001, j=8:0.000, j=9:0.000, j=10:0.000, j=11:0.000, j=12:0.000, j=13:0.009, j=14:0.104, j=15:0.651, j=16:0.230
      i=17 -> j=0:0.000, j=1:0.001, j=2:0.001, j=3:0.000, j=4:0.000, j=5:0.000, j=6:0.000, j=7:0.000, j=8:0.000, j=9:0.000, j=10:0.000, j=11:0.000, j=12:0.000, j=13:0.000, j=14:0.002, j=15:0.104, j=16:0.800, j=17:0.090
      i=18 -> j=0:0.001, j=1:0.001, j=2:0.001, j=3:0.001, j=4:0.000, j=5:0.001, j=6:0.000, j=7:0.000, j=8:0.000, j=9:0.001, j=10:0.000, j=11:0.000, j=12:0.000, j=13:0.000, j=14:0.000, j=15:0.006, j=16:0.319, j=17:0.509, j=18:0.161
      i=19 -> j=0:0.001, j=1:0.001, j=2:0.001, j=3:0.001, j=4:0.001, j=5:0.002, j=6:0.000, j=7:0.000, j=8:0.000, j=9:0.001, j=10:0.001, j=11:0.001, j=12:0.000, j=13:0.000, j=14:0.000, j=15:0.000, j=16:0.013, j=17:0.145, j=18:0.722, j=19:0.109
      i=20 -> j=0:0.004, j=1:0.003, j=2:0.002, j=3:0.002, j=4:0.002, j=5:0.004, j=6:0.003, j=7:0.002, j=8:0.001, j=9:0.001, j=10:0.001, j=11:0.002, j=12:0.002, j=13:0.001, j=14:0.000, j=15:0.000, j=16:0.001, j=17:0.015, j=18:0.256, j=19:0.465, j=20:0.234
      i=21 -> j=0:0.004, j=1:0.003, j=2:0.003, j=3:0.001, j=4:0.001, j=5:0.004, j=6:0.002, j=7:0.002, j=8:0.001, j=9:0.001, j=10:0.001, j=11:0.001, j=12:0.003, j=13:0.003, j=14:0.001, j=15:0.000, j=16:0.000, j=17:0.000, j=18:0.007, j=19:0.062, j=20:0.815, j=21:0.087
      i=22 -> j=0:0.003, j=1:0.004, j=2:0.004, j=3:0.002, j=4:0.001, j=5:0.002, j=6:0.002, j=7:0.004, j=8:0.003, j=9:0.002, j=10:0.001, j=11:0.001, j=12:0.002, j=13:0.003, j=14:0.002, j=15:0.001, j=16:0.000, j=17:0.000, j=18:0.001, j=19:0.009, j=20:0.296, j=21:0.386, j=22:0.272
      i=23 -> j=0:0.001, j=1:0.001, j=2:0.002, j=3:0.001, j=4:0.000, j=5:0.001, j=6:0.000, j=7:0.000, j=8:0.000, j=9:0.001, j=10:0.000, j=11:0.000, j=12:0.000, j=13:0.001, j=14:0.000, j=15:0.001, j=16:0.000, j=17:0.000, j=18:0.000, j=19:0.000, j=20:0.006, j=21:0.022, j=22:0.854, j=23:0.108
      i=24 -> j=0:0.001, j=1:0.001, j=2:0.002, j=3:0.001, j=4:0.001, j=5:0.001, j=6:0.000, j=7:0.001, j=8:0.001, j=9:0.001, j=10:0.001, j=11:0.001, j=12:0.000, j=13:0.001, j=14:0.000, j=15:0.001, j=16:0.001, j=17:0.000, j=18:0.000, j=19:0.000, j=20:0.000, j=21:0.002, j=22:0.200, j=23:0.553, j=24:0.229
      i=25 -> j=0:0.000, j=1:0.000, j=2:0.000, j=3:0.000, j=4:0.000, j=5:0.001, j=6:0.000, j=7:0.000, j=8:0.000, j=9:0.000, j=10:0.000, j=11:0.001, j=12:0.000, j=13:0.000, j=14:0.000, j=15:0.000, j=16:0.001, j=17:0.000, j=18:0.000, j=19:0.000, j=20:0.000, j=21:0.000, j=22:0.004, j=23:0.066, j=24:0.737, j=25:0.186
      i=26 -> j=0:0.001, j=1:0.001, j=2:0.001, j=3:0.000, j=4:0.000, j=5:0.002, j=6:0.001, j=7:0.001, j=8:0.000, j=9:0.000, j=10:0.001, j=11:0.001, j=12:0.001, j=13:0.001, j=14:0.000, j=15:0.000, j=16:0.001, j=17:0.000, j=18:0.000, j=19:0.000, j=20:0.000, j=21:0.000, j=22:0.000, j=23:0.002, j=24:0.152, j=25:0.723, j=26:0.111
      i=27 -> j=0:0.001, j=1:0.001, j=2:0.001, j=3:0.000, j=4:0.000, j=5:0.001, j=6:0.000, j=7:0.001, j=8:0.000, j=9:0.000, j=10:0.000, j=11:0.001, j=12:0.001, j=13:0.001, j=14:0.000, j=15:0.000, j=16:0.000, j=17:0.000, j=18:0.000, j=19:0.000, j=20:0.000, j=21:0.000, j=22:0.000, j=23:0.000, j=24:0.004, j=25:0.164, j=26:0.545, j=27:0.278
      i=28 -> j=0:0.000, j=1:0.001, j=2:0.001, j=3:0.000, j=4:0.000, j=5:0.000, j=6:0.000, j=7:0.001, j=8:0.000, j=9:0.000, j=10:0.000, j=11:0.000, j=12:0.001, j=13:0.001, j=14:0.001, j=15:0.000, j=16:0.000, j=17:0.000, j=18:0.000, j=19:0.000, j=20:0.000, j=21:0.000, j=22:0.000, j=23:0.000, j=24:0.000, j=25:0.003, j=26:0.094, j=27:0.740, j=28:0.155
      i=29 -> j=0:0.001, j=1:0.001, j=2:0.001, j=3:0.001, j=4:0.000, j=5:0.001, j=6:0.000, j=7:0.001, j=8:0.000, j=9:0.001, j=10:0.000, j=11:0.000, j=12:0.001, j=13:0.001, j=14:0.001, j=15:0.001, j=16:0.001, j=17:0.000, j=18:0.000, j=19:0.000, j=20:0.001, j=21:0.000, j=22:0.000, j=23:0.000, j=24:0.000, j=25:0.000, j=26:0.003, j=27:0.133, j=28:0.763, j=29:0.089
      i=30 -> j=0:0.001, j=1:0.001, j=2:0.002, j=3:0.001, j=4:0.000, j=5:0.001, j=6:0.000, j=7:0.001, j=8:0.000, j=9:0.001, j=10:0.001, j=11:0.001, j=12:0.001, j=13:0.001, j=14:0.001, j=15:0.002, j=16:0.002, j=17:0.000, j=18:0.000, j=19:0.000, j=20:0.001, j=21:0.000, j=22:0.001, j=23:0.000, j=24:0.000, j=25:0.000, j=26:0.000, j=27:0.005, j=28:0.307, j=29:0.498, j=30:0.171
      i=31 -> j=0:0.002, j=1:0.001, j=2:0.002, j=3:0.001, j=4:0.001, j=5:0.003, j=6:0.001, j=7:0.001, j=8:0.001, j=9:0.002, j=10:0.002, j=11:0.002, j=12:0.002, j=13:0.002, j=14:0.001, j=15:0.002, j=16:0.003, j=17:0.001, j=18:0.001, j=19:0.000, j=20:0.001, j=21:0.000, j=22:0.001, j=23:0.001, j=24:0.000, j=25:0.000, j=26:0.000, j=27:0.000, j=28:0.010, j=29:0.127, j=30:0.705, j=31:0.124
    Average attention per distance:
      d=0:0.206, d=1:0.632, d=2:0.175

--- Layer 2 ---
  Head 0: Entropy=0.943
    Attention coefficients from each query position to previous positions:
      i= 0 -> j=0:1.000
      i= 1 -> j=0:0.744, j=1:0.256
      i= 2 -> j=0:0.210, j=1:0.599, j=2:0.191
      i= 3 -> j=0:0.008, j=1:0.107, j=2:0.261, j=3:0.623
      i= 4 -> j=0:0.000, j=1:0.003, j=2:0.038, j=3:0.686, j=4:0.273
      i= 5 -> j=0:0.000, j=1:0.000, j=2:0.002, j=3:0.156, j=4:0.791, j=5:0.051
      i= 6 -> j=0:0.000, j=1:0.000, j=2:0.001, j=3:0.011, j=4:0.299, j=5:0.472, j=6:0.217
      i= 7 -> j=0:0.001, j=1:0.000, j=2:0.000, j=3:0.000, j=4:0.011, j=5:0.112, j=6:0.570, j=7:0.305
      i= 8 -> j=0:0.001, j=1:0.000, j=2:0.000, j=3:0.000, j=4:0.000, j=5:0.004, j=6:0.140, j=7:0.667, j=8:0.187
      i= 9 -> j=0:0.001, j=1:0.001, j=2:0.000, j=3:0.000, j=4:0.000, j=5:0.000, j=6:0.005, j=7:0.155, j=8:0.651, j=9:0.186
      i=10 -> j=0:0.001, j=1:0.001, j=2:0.001, j=3:0.000, j=4:0.000, j=5:0.000, j=6:0.000, j=7:0.005, j=8:0.129, j=9:0.786, j=10:0.076
      i=11 -> j=0:0.001, j=1:0.001, j=2:0.002, j=3:0.002, j=4:0.001, j=5:0.000, j=6:0.000, j=7:0.000, j=8:0.007, j=9:0.348, j=10:0.417, j=11:0.221
      i=12 -> j=0:0.000, j=1:0.000, j=2:0.001, j=3:0.002, j=4:0.002, j=5:0.000, j=6:0.000, j=7:0.000, j=8:0.000, j=9:0.008, j=10:0.099, j=11:0.784, j=12:0.104
      i=13 -> j=0:0.001, j=1:0.001, j=2:0.001, j=3:0.002, j=4:0.004, j=5:0.001, j=6:0.001, j=7:0.000, j=8:0.000, j=9:0.000, j=10:0.006, j=11:0.235, j=12:0.696, j=13:0.051
      i=14 -> j=0:0.003, j=1:0.001, j=2:0.001, j=3:0.002, j=4:0.004, j=5:0.002, j=6:0.003, j=7:0.001, j=8:0.000, j=9:0.000, j=10:0.000, j=11:0.015, j=12:0.296, j=13:0.177, j=14:0.495
      i=15 -> j=0:0.002, j=1:0.001, j=2:0.001, j=3:0.001, j=4:0.001, j=5:0.001, j=6:0.002, j=7:0.002, j=8:0.000, j=9:0.000, j=10:0.000, j=11:0.000, j=12:0.006, j=13:0.031, j=14:0.840, j=15:0.113
      i=16 -> j=0:0.001, j=1:0.001, j=2:0.001, j=3:0.001, j=4:0.001, j=5:0.000, j=6:0.001, j=7:0.002, j=8:0.001, j=9:0.000, j=10:0.000, j=11:0.000, j=12:0.000, j=13:0.002, j=14:0.189, j=15:0.543, j=16:0.257
      i=17 -> j=0:0.001, j=1:0.001, j=2:0.001, j=3:0.001, j=4:0.001, j=5:0.000, j=6:0.000, j=7:0.001, j=8:0.002, j=9:0.001, j=10:0.000, j=11:0.000, j=12:0.000, j=13:0.000, j=14:0.003, j=15:0.050, j=16:0.461, j=17:0.478
      i=18 -> j=0:0.000, j=1:0.000, j=2:0.000, j=3:0.001, j=4:0.001, j=5:0.000, j=6:0.000, j=7:0.000, j=8:0.000, j=9:0.001, j=10:0.000, j=11:0.000, j=12:0.000, j=13:0.000, j=14:0.000, j=15:0.001, j=16:0.054, j=17:0.834, j=18:0.107
      i=19 -> j=0:0.001, j=1:0.001, j=2:0.001, j=3:0.001, j=4:0.002, j=5:0.001, j=6:0.001, j=7:0.000, j=8:0.000, j=9:0.001, j=10:0.001, j=11:0.001, j=12:0.000, j=13:0.000, j=14:0.000, j=15:0.000, j=16:0.003, j=17:0.210, j=18:0.640, j=19:0.135
      i=20 -> j=0:0.002, j=1:0.001, j=2:0.001, j=3:0.001, j=4:0.002, j=5:0.002, j=6:0.002, j=7:0.001, j=8:0.001, j=9:0.001, j=10:0.001, j=11:0.002, j=12:0.001, j=13:0.000, j=14:0.000, j=15:0.000, j=16:0.000, j=17:0.007, j=18:0.160, j=19:0.747, j=20:0.068
      i=21 -> j=0:0.006, j=1:0.005, j=2:0.004, j=3:0.004, j=4:0.006, j=5:0.004, j=6:0.007, j=7:0.007, j=8:0.004, j=9:0.002, j=10:0.002, j=11:0.004, j=12:0.005, j=13:0.002, j=14:0.001, j=15:0.000, j=16:0.000, j=17:0.001, j=18:0.013, j=19:0.326, j=20:0.318, j=21:0.279
      i=22 -> j=0:0.002, j=1:0.002, j=2:0.002, j=3:0.002, j=4:0.002, j=5:0.001, j=6:0.003, j=7:0.004, j=8:0.003, j=9:0.001, j=10:0.001, j=11:0.001, j=12:0.001, j=13:0.001, j=14:0.002, j=15:0.000, j=16:0.000, j=17:0.000, j=18:0.000, j=19:0.010, j=20:0.084, j=21:0.782, j=22:0.094
      i=23 -> j=0:0.001, j=1:0.001, j=2:0.001, j=3:0.002, j=4:0.002, j=5:0.000, j=6:0.001, j=7:0.002, j=8:0.002, j=9:0.001, j=10:0.001, j=11:0.000, j=12:0.000, j=13:0.000, j=14:0.002, j=15:0.001, j=16:0.000, j=17:0.000, j=18:0.000, j=19:0.000, j=20:0.003, j=21:0.254, j=22:0.328, j=23:0.398
      i=24 -> j=0:0.000, j=1:0.000, j=2:0.000, j=3:0.000, j=4:0.001, j=5:0.000, j=6:0.000, j=7:0.000, j=8:0.000, j=9:0.000, j=10:0.000, j=11:0.000, j=12:0.000, j=13:0.000, j=14:0.000, j=15:0.000, j=16:0.000, j=17:0.000, j=18:0.000, j=19:0.000, j=20:0.000, j=21:0.003, j=22:0.025, j=23:0.907, j=24:0.062
      i=25 -> j=0:0.001, j=1:0.000, j=2:0.001, j=3:0.001, j=4:0.002, j=5:0.001, j=6:0.001, j=7:0.001, j=8:0.001, j=9:0.001, j=10:0.001, j=11:0.001, j=12:0.000, j=13:0.000, j=14:0.000, j=15:0.000, j=16:0.001, j=17:0.001, j=18:0.000, j=19:0.000, j=20:0.000, j=21:0.000, j=22:0.003, j=23:0.355, j=24:0.526, j=25:0.103
      i=26 -> j=0:0.003, j=1:0.002, j=2:0.002, j=3:0.002, j=4:0.004, j=5:0.002, j=6:0.003, j=7:0.003, j=8:0.002, j=9:0.002, j=10:0.002, j=11:0.003, j=12:0.002, j=13:0.001, j=14:0.001, j=15:0.001, j=16:0.001, j=17:0.005, j=18:0.002, j=19:0.001, j=20:0.000, j=21:0.000, j=22:0.000, j=23:0.021, j=24:0.174, j=25:0.519, j=26:0.243
      i=27 -> j=0:0.001, j=1:0.001, j=2:0.001, j=3:0.001, j=4:0.001, j=5:0.001, j=6:0.002, j=7:0.002, j=8:0.001, j=9:0.001, j=10:0.001, j=11:0.001, j=12:0.001, j=13:0.001, j=14:0.001, j=15:0.000, j=16:0.000, j=17:0.001, j=18:0.001, j=19:0.001, j=20:0.000, j=21:0.000, j=22:0.000, j=23:0.000, j=24:0.003, j=25:0.111, j=26:0.806, j=27:0.059
      i=28 -> j=0:0.004, j=1:0.004, j=2:0.004, j=3:0.004, j=4:0.004, j=5:0.002, j=6:0.004, j=7:0.006, j=8:0.005, j=9:0.003, j=10:0.002, j=11:0.003, j=12:0.003, j=13:0.002, j=14:0.004, j=15:0.002, j=16:0.001, j=17:0.002, j=18:0.002, j=19:0.004, j=20:0.002, j=21:0.002, j=22:0.000, j=23:0.000, j=24:0.000, j=25:0.008, j=26:0.389, j=27:0.377, j=28:0.157
      i=29 -> j=0:0.006, j=1:0.006, j=2:0.008, j=3:0.010, j=4:0.009, j=5:0.004, j=6:0.006, j=7:0.009, j=8:0.011, j=9:0.009, j=10:0.006, j=11:0.005, j=12:0.005, j=13:0.004, j=14:0.010, j=15:0.006, j=16:0.004, j=17:0.004, j=18:0.003, j=19:0.006, j=20:0.005, j=21:0.010, j=22:0.002, j=23:0.001, j=24:0.000, j=25:0.001, j=26:0.041, j=27:0.162, j=28:0.359, j=29:0.287
      i=30 -> j=0:0.002, j=1:0.001, j=2:0.002, j=3:0.004, j=4:0.004, j=5:0.001, j=6:0.002, j=7:0.002, j=8:0.003, j=9:0.003, j=10:0.003, j=11:0.002, j=12:0.001, j=13:0.001, j=14:0.002, j=15:0.002, j=16:0.002, j=17:0.002, j=18:0.001, j=19:0.001, j=20:0.001, j=21:0.004, j=22:0.001, j=23:0.001, j=24:0.000, j=25:0.000, j=26:0.001, j=27:0.006, j=28:0.083, j=29:0.636, j=30:0.227
      i=31 -> j=0:0.001, j=1:0.001, j=2:0.001, j=3:0.002, j=4:0.002, j=5:0.001, j=6:0.001, j=7:0.001, j=8:0.001, j=9:0.001, j=10:0.002, j=11:0.002, j=12:0.001, j=13:0.000, j=14:0.001, j=15:0.001, j=16:0.001, j=17:0.002, j=18:0.001, j=19:0.000, j=20:0.000, j=21:0.002, j=22:0.001, j=23:0.001, j=24:0.000, j=25:0.000, j=26:0.000, j=27:0.000, j=28:0.003, j=29:0.129, j=30:0.501, j=31:0.339
    Average attention per distance:
      d=0:0.239, d=1:0.594, d=2:0.170

--- Layer 3 ---
  Head 0: Entropy=2.345
    Attention coefficients from each query position to previous positions:
      i= 0 -> j=0:1.000
      i= 1 -> j=0:0.466, j=1:0.534
      i= 2 -> j=0:0.169, j=1:0.221, j=2:0.610
      i= 3 -> j=0:0.072, j=1:0.080, j=2:0.324, j=3:0.524
      i= 4 -> j=0:0.049, j=1:0.038, j=2:0.167, j=3:0.348, j=4:0.399
      i= 5 -> j=0:0.052, j=1:0.027, j=2:0.090, j=3:0.186, j=4:0.273, j=5:0.372
      i= 6 -> j=0:0.052, j=1:0.024, j=2:0.054, j=3:0.085, j=4:0.118, j=5:0.187, j=6:0.480
      i= 7 -> j=0:0.050, j=1:0.025, j=2:0.043, j=3:0.049, j=4:0.053, j=5:0.079, j=6:0.278, j=7:0.425
      i= 8 -> j=0:0.056, j=1:0.035, j=2:0.054, j=3:0.049, j=4:0.039, j=5:0.042, j=6:0.152, j=7:0.282, j=8:0.291
      i= 9 -> j=0:0.049, j=1:0.034, j=2:0.061, j=3:0.054, j=4:0.035, j=5:0.026, j=6:0.087, j=7:0.176, j=8:0.224, j=9:0.255
      i=10 -> j=0:0.038, j=1:0.027, j=2:0.056, j=3:0.058, j=4:0.039, j=5:0.025, j=6:0.058, j=7:0.091, j=8:0.112, j=9:0.147, j=10:0.351
      i=11 -> j=0:0.040, j=1:0.026, j=2:0.052, j=3:0.060, j=4:0.047, j=5:0.031, j=6:0.055, j=7:0.063, j=8:0.062, j=9:0.073, j=10:0.223, j=11:0.268
      i=12 -> j=0:0.053, j=1:0.032, j=2:0.053, j=3:0.061, j=4:0.055, j=5:0.040, j=6:0.064, j=7:0.059, j=8:0.043, j=9:0.038, j=10:0.134, j=11:0.209, j=12:0.160
      i=13 -> j=0:0.056, j=1:0.036, j=2:0.052, j=3:0.054, j=4:0.049, j=5:0.041, j=6:0.070, j=7:0.065, j=8:0.041, j=9:0.028, j=10:0.071, j=11:0.107, j=12:0.093, j=13:0.238
      i=14 -> j=0:0.045, j=1:0.030, j=2:0.046, j=3:0.044, j=4:0.035, j=5:0.029, j=6:0.065, j=7:0.069, j=8:0.041, j=9:0.022, j=10:0.050, j=11:0.067, j=12:0.050, j=13:0.204, j=14:0.202
      i=15 -> j=0:0.048, j=1:0.035, j=2:0.059, j=3:0.055, j=4:0.039, j=5:0.028, j=6:0.066, j=7:0.078, j=8:0.052, j=9:0.027, j=10:0.048, j=11:0.047, j=12:0.025, j=13:0.122, j=14:0.155, j=15:0.115
      i=16 -> j=0:0.045, j=1:0.035, j=2:0.065, j=3:0.067, j=4:0.048, j=5:0.031, j=6:0.062, j=7:0.075, j=8:0.057, j=9:0.036, j=10:0.059, j=11:0.046, j=12:0.018, j=13:0.064, j=14:0.080, j=15:0.070, j=16:0.144
      i=17 -> j=0:0.036, j=1:0.025, j=2:0.047, j=3:0.054, j=4:0.043, j=5:0.030, j=6:0.053, j=7:0.058, j=8:0.045, j=9:0.034, j=10:0.063, j=11:0.050, j=12:0.018, j=13:0.044, j=14:0.042, j=15:0.032, j=16:0.079, j=17:0.248
      i=18 -> j=0:0.045, j=1:0.031, j=2:0.049, j=3:0.057, j=4:0.053, j=5:0.043, j=6:0.063, j=7:0.060, j=8:0.045, j=9:0.036, j=10:0.063, j=11:0.056, j=12:0.024, j=13:0.037, j=14:0.027, j=15:0.016, j=16:0.035, j=17:0.138, j=18:0.121
      i=19 -> j=0:0.045, j=1:0.030, j=2:0.044, j=3:0.048, j=4:0.044, j=5:0.040, j=6:0.063, j=7:0.062, j=8:0.043, j=9:0.031, j=10:0.057, j=11:0.057, j=12:0.028, j=13:0.044, j=14:0.028, j=15:0.013, j=16:0.020, j=17:0.085, j=18:0.085, j=19:0.134
      i=20 -> j=0:0.042, j=1:0.030, j=2:0.041, j=3:0.040, j=4:0.035, j=5:0.033, j=6:0.057, j=7:0.060, j=8:0.041, j=9:0.027, j=10:0.046, j=11:0.046, j=12:0.026, j=13:0.044, j=14:0.029, j=15:0.011, j=16:0.012, j=17:0.044, j=18:0.043, j=19:0.090, j=20:0.203
      i=21 -> j=0:0.036, j=1:0.029, j=2:0.040, j=3:0.038, j=4:0.031, j=5:0.027, j=6:0.047, j=7:0.054, j=8:0.041, j=9:0.029, j=10:0.042, j=11:0.039, j=12:0.023, j=13:0.042, j=14:0.033, j=15:0.014, j=16:0.013, j=17:0.031, j=18:0.024, j=19:0.049, j=20:0.124, j=21:0.193
      i=22 -> j=0:0.030, j=1:0.023, j=2:0.038, j=3:0.038, j=4:0.029, j=5:0.022, j=6:0.041, j=7:0.049, j=8:0.039, j=9:0.028, j=10:0.042, j=11:0.035, j=12:0.017, j=13:0.034, j=14:0.029, j=15:0.013, j=16:0.011, j=17:0.026, j=18:0.013, j=19:0.027, j=20:0.082, j=21:0.190, j=22:0.143
      i=23 -> j=0:0.032, j=1:0.025, j=2:0.041, j=3:0.044, j=4:0.036, j=5:0.028, j=6:0.043, j=7:0.047, j=8:0.040, j=9:0.033, j=10:0.051, j=11:0.042, j=12:0.020, j=13:0.035, j=14:0.030, j=15:0.016, j=16:0.017, j=17:0.033, j=18:0.015, j=19:0.022, j=20:0.046, j=21:0.110, j=22:0.093, j=23:0.103
      i=24 -> j=0:0.032, j=1:0.023, j=2:0.036, j=3:0.040, j=4:0.036, j=5:0.030, j=6:0.043, j=7:0.043, j=8:0.035, j=9:0.029, j=10:0.049, j=11:0.044, j=12:0.022, j=13:0.034, j=14:0.027, j=15:0.015, j=16:0.017, j=17:0.037, j=18:0.018, j=19:0.021, j=20:0.032, j=21:0.064, j=22:0.049, j=23:0.067, j=24:0.157
      i=25 -> j=0:0.032, j=1:0.023, j=2:0.033, j=3:0.035, j=4:0.032, j=5:0.030, j=6:0.042, j=7:0.042, j=8:0.032, j=9:0.026, j=10:0.042, j=11:0.041, j=12:0.024, j=13:0.035, j=14:0.026, j=15:0.014, j=16:0.017, j=17:0.036, j=18:0.021, j=19:0.024, j=20:0.030, j=21:0.045, j=22:0.028, j=23:0.037, j=24:0.098, j=25:0.155
      i=26 -> j=0:0.034, j=1:0.026, j=2:0.034, j=3:0.035, j=4:0.032, j=5:0.030, j=6:0.045, j=7:0.046, j=8:0.035, j=9:0.026, j=10:0.039, j=11:0.040, j=12:0.026, j=13:0.040, j=14:0.030, j=15:0.015, j=16:0.016, j=17:0.034, j=18:0.022, j=19:0.028, j=20:0.032, j=21:0.041, j=22:0.020, j=23:0.022, j=24:0.059, j=25:0.121, j=26:0.073
      i=27 -> j=0:0.032, j=1:0.027, j=2:0.035, j=3:0.035, j=4:0.030, j=5:0.028, j=6:0.041, j=7:0.045, j=8:0.036, j=9:0.028, j=10:0.037, j=11:0.036, j=12:0.025, j=13:0.039, j=14:0.032, j=15:0.018, j=16:0.017, j=17:0.031, j=18:0.022, j=19:0.029, j=20:0.036, j=21:0.043, j=22:0.020, j=23:0.018, j=24:0.036, j=25:0.073, j=26:0.051, j=27:0.101
      i=28 -> j=0:0.028, j=1:0.023, j=2:0.034, j=3:0.035, j=4:0.028, j=5:0.025, j=6:0.038, j=7:0.043, j=8:0.036, j=9:0.028, j=10:0.037, j=11:0.033, j=12:0.021, j=13:0.036, j=14:0.031, j=15:0.018, j=16:0.017, j=17:0.029, j=18:0.018, j=19:0.025, j=20:0.035, j=21:0.046, j=22:0.020, j=23:0.014, j=24:0.024, j=25:0.049, j=26:0.031, j=27:0.087, j=28:0.111
      i=29 -> j=0:0.027, j=1:0.022, j=2:0.033, j=3:0.035, j=4:0.030, j=5:0.025, j=6:0.036, j=7:0.040, j=8:0.035, j=9:0.029, j=10:0.039, j=11:0.034, j=12:0.020, j=13:0.033, j=14:0.029, j=15:0.018, j=16:0.019, j=17:0.032, j=18:0.018, j=19:0.023, j=20:0.032, j=21:0.046, j=22:0.024, j=23:0.017, j=24:0.023, j=25:0.037, j=26:0.019, j=27:0.057, j=28:0.082, j=29:0.087
      i=30 -> j=0:0.027, j=1:0.020, j=2:0.031, j=3:0.035, j=4:0.031, j=5:0.026, j=6:0.038, j=7:0.039, j=8:0.033, j=9:0.027, j=10:0.042, j=11:0.037, j=12:0.020, j=13:0.032, j=14:0.026, j=15:0.016, j=16:0.019, j=17:0.035, j=18:0.019, j=19:0.022, j=20:0.030, j=21:0.045, j=22:0.025, j=23:0.019, j=24:0.026, j=25:0.036, j=26:0.014, j=27:0.040, j=28:0.055, j=29:0.070, j=30:0.066
      i=31 -> j=0:0.027, j=1:0.019, j=2:0.029, j=3:0.032, j=4:0.029, j=5:0.026, j=6:0.039, j=7:0.039, j=8:0.030, j=9:0.024, j=10:0.040, j=11:0.038, j=12:0.021, j=13:0.032, j=14:0.023, j=15:0.013, j=16:0.016, j=17:0.035, j=18:0.020, j=19:0.023, j=20:0.029, j=21:0.041, j=22:0.022, j=23:0.019, j=24:0.030, j=25:0.041, j=26:0.013, j=27:0.030, j=28:0.033, j=29:0.044, j=30:0.049, j=31:0.096
    Average attention per distance:
      d=0:0.261, d=1:0.165, d=2:0.088, d=3:0.048, d=4:0.033, d=5:0.031, d=6:0.036, d=7:0.040
      d=8:0.042, d=9:0.039, d=10:0.035, d=11:0.034, d=12:0.037, d=13:0.041, d=14:0.041, d=15:0.037
      d=16:0.034, d=17:0.033, d=18:0.034, d=19:0.036, d=20:0.038, d=21:0.035, d=22:0.032, d=23:0.031
      d=24:0.032, d=25:0.032, d=26:0.031, d=27:0.030, d=28:0.028, d=29:0.025, d=30:0.023, d=31:0.027


======================================================================
QK Property Verification (Raw Scores, before Softmax)
======================================================================
Recurrence order init_len=2, num test sequences=1

--- [P1] Long-distance Orthogonality Verification ---
Ideal: raw_score mean ≈ 0 and small std when d > init_len

  Layer 0, Head 0:
    d= 1 (effective): mean= 12.251, std= 0.427, n=31
    d= 2 (effective): mean=  9.394, std= 0.364, n=30
    d>2 (long-distance): mean= -1.387, std= 3.284, n=435

  Layer 1, Head 0:
    d= 1 (effective): mean=  6.518, std= 0.840, n=31
    d= 2 (effective): mean=  5.057, std= 0.775, n=30
    d>2 (long-distance): mean= -0.435, std= 1.268, n=435

  Layer 2, Head 0:
    d= 1 (effective): mean=  5.008, std= 0.981, n=31
    d= 2 (effective): mean=  3.646, std= 0.740, n=30
    d>2 (long-distance): mean= -1.502, std= 1.329, n=435

  Layer 3, Head 0:
    d= 1 (effective): mean= -0.280, std= 0.399, n=31
    d= 2 (effective): mean= -0.817, std= 0.459, n=30
    d>2 (long-distance): mean= -1.266, std= 0.439, n=435

--- [P2] Time-homogeneous Verification ---
Ideal: CV of raw_score across positions i ≈ 0 for fixed distance d
(CV = std / |mean|, smaller = more constant)

  Layer 0, Head 0:
    d= 1: mean= 12.251, std= 0.427, CV=0.035, n=31
    d= 2: mean=  9.394, std= 0.364, CV=0.039, n=30

  Layer 1, Head 0:
    d= 1: mean=  6.518, std= 0.840, CV=0.129, n=31
    d= 2: mean=  5.057, std= 0.775, CV=0.153, n=30

  Layer 2, Head 0:
    d= 1: mean=  5.008, std= 0.981, CV=0.196, n=31
    d= 2: mean=  3.646, std= 0.740, CV=0.203, n=30

  Layer 3, Head 0:
    d= 1: mean= -0.280, std= 0.399, CV=1.425, n=31
    d= 2: mean= -0.817, std= 0.459, CV=0.562, n=30

======================================================================
QK Property Verification Completed
======================================================================
