=== Experiment: mixed_basic_d256l2_r16_t16_c0.5 ===
Time: 2026-06-17T16:28:24.863799
Task type: mixed_ab
Merged config: {
  "P": 53,
  "TASK": "mixed_ab",
  "NUM_MASK": 2,
  "A": 1,
  "B": 1,
  "AB_PAIRS": [
    [
      1,
      1
    ],
    [
      1,
      2
    ]
  ],
  "D_MODEL": 256,
  "N_HEAD": 1,
  "N_LAYER": 2,
  "BATCH_SIZE": 128,
  "EPOCHS": 10000,
  "LR": 0.0003,
  "SAVE_PATH": "models/mixed_basic_d256l2_r16_t16_c0.5.pth",
  "USE_GREEDY_GENERATE": true,
  "USE_LEARNABLE_PE": false,
  "MLP_RATIO": 16,
  "TRAIN_LEN": 16,
  "OOD_LEN": 32,
  "DROPOUT": 0.0,
  "TARGET_INIT_COVERAGE": 0.5,
  "MAX_UNIQUE_RATIO": 0.5,
  "WEIGHT_DECAY": 1,
  "ENTROPY_PENALTY_WEIGHT": 0.0,
  "FIRST_TASK_WEIGHT": 1.0,
  "RANDOM_SEED": 42,
  "EVAL_INTERVAL": 20,
  "EARLY_STOP_NO_IMPROVE": 2000,
  "EARLY_STOP_ACCURACY": 0.99,
  "USE_AB_TAG": false,
  "USE_CONDITIONAL_WTE": false,
  "COND_WTE_SHARED_RATIO": 0.0
}
--- output ---
Using device: cuda

[Dataset] Mixed mode: generated 2810 + 2808 samples, length 16
AB parameter pairs: [(1, 1), (1, 2)]
--------------------------------------------------
[Model config] block_size: 32, train length: 16
[Number theory] AB parameter pairs: [(1, 1), (1, 2)]


Model parameters: 4.78M

Start training...
Epoch   0 | Train: Loss=4.1619 Acc=7.1% | Test: Acc=0.3% | Best=0.3%(@0)
  from x3: 0.01 0.00 0.00 0.00 0.00 0.00 0.00 0.00 0.00 0.00 0.00 0.00 0.00
  per-rule acc: 0.00 0.00
Epoch  20 | Train: Loss=0.0744 Acc=99.6% | Test: Acc=1.2% | Best=1.2%(@20)
  from x3: 0.02 0.01 0.01 0.01 0.01 0.01 0.01 0.01 0.01 0.01 0.01 0.01 0.01
  per-rule acc: 0.01 0.01
Epoch  40 | Train: Loss=0.0085 Acc=99.9% | Test: Acc=1.4% | Best=1.4%(@40)
  from x3: 0.01 0.01 0.01 0.01 0.01 0.02 0.01 0.01 0.01 0.01 0.01 0.01 0.01
  per-rule acc: 0.01 0.02
Epoch  60 | Train: Loss=0.0091 Acc=99.9% | Test: Acc=1.3% | Best=1.4%(@40)
  from x3: 0.01 0.02 0.01 0.01 0.01 0.01 0.01 0.01 0.01 0.01 0.01 0.01 0.01
  per-rule acc: 0.01 0.02
Epoch  80 | Train: Loss=0.0300 Acc=99.6% | Test: Acc=1.5% | Best=1.5%(@80)
  from x3: 0.02 0.02 0.02 0.02 0.01 0.02 0.02 0.01 0.01 0.02 0.02 0.01 0.01
  per-rule acc: 0.01 0.02
Epoch 100 | Train: Loss=0.0154 Acc=99.8% | Test: Acc=1.6% | Best=1.6%(@100)
  from x3: 0.02 0.02 0.02 0.02 0.02 0.02 0.02 0.02 0.01 0.01 0.01 0.01 0.01
  per-rule acc: 0.01 0.02
Epoch 120 | Train: Loss=0.0254 Acc=99.8% | Test: Acc=1.6% | Best=1.6%(@120)
  from x3: 0.02 0.01 0.02 0.02 0.02 0.01 0.01 0.02 0.02 0.01 0.02 0.02 0.02
  per-rule acc: 0.01 0.02
Epoch 140 | Train: Loss=0.0160 Acc=99.8% | Test: Acc=1.7% | Best=1.7%(@140)
  from x3: 0.02 0.01 0.01 0.02 0.02 0.02 0.02 0.02 0.02 0.02 0.02 0.02 0.02
  per-rule acc: 0.02 0.02
Epoch 160 | Train: Loss=0.0099 Acc=99.9% | Test: Acc=2.1% | Best=2.1%(@160)
  from x3: 0.02 0.02 0.02 0.02 0.02 0.02 0.02 0.02 0.02 0.02 0.02 0.02 0.02
  per-rule acc: 0.02 0.02
Epoch 180 | Train: Loss=0.0154 Acc=99.9% | Test: Acc=1.7% | Best=2.1%(@160)
  from x3: 0.02 0.02 0.02 0.02 0.02 0.02 0.02 0.02 0.02 0.02 0.02 0.02 0.02
  per-rule acc: 0.02 0.02
Epoch 200 | Train: Loss=0.0182 Acc=99.9% | Test: Acc=2.4% | Best=2.4%(@200)
  from x3: 0.03 0.03 0.02 0.02 0.02 0.02 0.02 0.02 0.02 0.02 0.02 0.02 0.02
  per-rule acc: 0.02 0.02
Epoch 220 | Train: Loss=0.0189 Acc=99.9% | Test: Acc=2.8% | Best=2.8%(@220)
  from x3: 0.03 0.03 0.03 0.03 0.03 0.03 0.03 0.03 0.03 0.03 0.03 0.03 0.03
  per-rule acc: 0.03 0.03
Epoch 240 | Train: Loss=0.0288 Acc=99.9% | Test: Acc=2.7% | Best=2.8%(@220)
  from x3: 0.02 0.03 0.03 0.03 0.03 0.03 0.03 0.03 0.03 0.03 0.03 0.03 0.03
  per-rule acc: 0.02 0.03
Epoch 260 | Train: Loss=0.0048 Acc=99.9% | Test: Acc=2.9% | Best=2.9%(@260)
  from x3: 0.04 0.03 0.03 0.03 0.03 0.03 0.03 0.03 0.03 0.03 0.03 0.03 0.03
  per-rule acc: 0.03 0.03
Epoch 280 | Train: Loss=0.0594 Acc=99.3% | Test: Acc=2.6% | Best=2.9%(@260)
  from x3: 0.03 0.03 0.03 0.03 0.03 0.03 0.03 0.03 0.03 0.02 0.03 0.02 0.02
  per-rule acc: 0.03 0.02
Epoch 300 | Train: Loss=0.0201 Acc=99.9% | Test: Acc=3.6% | Best=3.6%(@300)
  from x3: 0.03 0.04 0.04 0.03 0.03 0.04 0.04 0.03 0.04 0.04 0.04 0.04 0.04
  per-rule acc: 0.04 0.03
Epoch 320 | Train: Loss=0.0115 Acc=99.9% | Test: Acc=3.4% | Best=3.6%(@300)
  from x3: 0.04 0.04 0.03 0.03 0.03 0.03 0.03 0.03 0.03 0.03 0.03 0.03 0.03
  per-rule acc: 0.04 0.03
Epoch 340 | Train: Loss=0.0140 Acc=99.8% | Test: Acc=3.4% | Best=3.6%(@300)
  from x3: 0.04 0.04 0.03 0.03 0.03 0.03 0.03 0.03 0.03 0.03 0.03 0.03 0.03
  per-rule acc: 0.03 0.04
Epoch 360 | Train: Loss=0.0247 Acc=99.6% | Test: Acc=4.2% | Best=4.2%(@360)
  from x3: 0.05 0.04 0.04 0.04 0.04 0.04 0.04 0.04 0.04 0.04 0.04 0.04 0.04
  per-rule acc: 0.04 0.04
Epoch 380 | Train: Loss=0.0132 Acc=99.9% | Test: Acc=4.4% | Best=4.4%(@380)
  from x3: 0.05 0.04 0.04 0.05 0.05 0.04 0.04 0.04 0.04 0.04 0.04 0.04 0.04
  per-rule acc: 0.05 0.04
Epoch 400 | Train: Loss=0.0048 Acc=99.9% | Test: Acc=3.9% | Best=4.4%(@380)
  from x3: 0.04 0.04 0.04 0.04 0.04 0.04 0.04 0.04 0.04 0.04 0.04 0.04 0.04
  per-rule acc: 0.04 0.04
Epoch 420 | Train: Loss=0.0588 Acc=99.4% | Test: Acc=4.0% | Best=4.4%(@380)
  from x3: 0.05 0.04 0.04 0.04 0.04 0.04 0.04 0.04 0.04 0.04 0.04 0.04 0.04
  per-rule acc: 0.05 0.03
Epoch 440 | Train: Loss=0.0222 Acc=99.7% | Test: Acc=5.6% | Best=5.6%(@440)
  from x3: 0.06 0.06 0.05 0.05 0.06 0.06 0.06 0.06 0.06 0.06 0.06 0.06 0.06
  per-rule acc: 0.06 0.05
Epoch 460 | Train: Loss=0.0050 Acc=99.9% | Test: Acc=5.3% | Best=5.6%(@440)
  from x3: 0.06 0.05 0.05 0.05 0.05 0.05 0.05 0.05 0.05 0.05 0.05 0.05 0.05
  per-rule acc: 0.06 0.05
Epoch 480 | Train: Loss=0.0054 Acc=99.9% | Test: Acc=5.1% | Best=5.6%(@440)
  from x3: 0.06 0.05 0.05 0.05 0.05 0.05 0.05 0.05 0.05 0.05 0.05 0.05 0.05
  per-rule acc: 0.05 0.05
Epoch 500 | Train: Loss=0.0441 Acc=99.6% | Test: Acc=5.0% | Best=5.6%(@440)
  from x3: 0.06 0.05 0.05 0.05 0.05 0.05 0.05 0.05 0.05 0.05 0.05 0.05 0.05
  per-rule acc: 0.05 0.04
Epoch 520 | Train: Loss=0.0222 Acc=99.7% | Test: Acc=6.6% | Best=6.6%(@520)
  from x3: 0.07 0.07 0.07 0.07 0.07 0.07 0.07 0.06 0.07 0.07 0.07 0.07 0.07
  per-rule acc: 0.07 0.06
Epoch 540 | Train: Loss=0.0210 Acc=99.8% | Test: Acc=6.0% | Best=6.6%(@520)
  from x3: 0.06 0.06 0.06 0.06 0.06 0.06 0.06 0.06 0.06 0.06 0.06 0.06 0.06
  per-rule acc: 0.07 0.05
Epoch 560 | Train: Loss=0.0146 Acc=99.8% | Test: Acc=6.4% | Best=6.6%(@520)
  from x3: 0.06 0.06 0.07 0.06 0.06 0.06 0.06 0.07 0.06 0.06 0.06 0.06 0.06
  per-rule acc: 0.07 0.06
Epoch 580 | Train: Loss=0.0051 Acc=99.9% | Test: Acc=6.6% | Best=6.6%(@520)
  from x3: 0.07 0.07 0.06 0.06 0.07 0.07 0.07 0.07 0.07 0.06 0.06 0.06 0.07
  per-rule acc: 0.07 0.06
Epoch 600 | Train: Loss=0.0333 Acc=99.8% | Test: Acc=6.8% | Best=6.8%(@600)
  from x3: 0.07 0.07 0.07 0.07 0.07 0.07 0.07 0.07 0.07 0.07 0.07 0.07 0.07
  per-rule acc: 0.08 0.05
Epoch 620 | Train: Loss=0.0194 Acc=99.8% | Test: Acc=7.5% | Best=7.5%(@620)
  from x3: 0.07 0.07 0.08 0.08 0.08 0.08 0.08 0.08 0.08 0.08 0.08 0.08 0.08
  per-rule acc: 0.09 0.06
Epoch 640 | Train: Loss=0.0153 Acc=99.8% | Test: Acc=7.2% | Best=7.5%(@620)
  from x3: 0.07 0.08 0.07 0.07 0.07 0.07 0.07 0.07 0.07 0.07 0.07 0.07 0.07
  per-rule acc: 0.08 0.06
Epoch 660 | Train: Loss=0.0122 Acc=99.9% | Test: Acc=7.6% | Best=7.6%(@660)
  from x3: 0.08 0.08 0.08 0.08 0.07 0.08 0.07 0.08 0.08 0.08 0.08 0.07 0.07
  per-rule acc: 0.09 0.06
Epoch 680 | Train: Loss=0.0208 Acc=99.8% | Test: Acc=7.9% | Best=7.9%(@680)
  from x3: 0.08 0.09 0.08 0.08 0.08 0.08 0.08 0.08 0.08 0.08 0.08 0.08 0.08
  per-rule acc: 0.09 0.07
Epoch 700 | Train: Loss=0.0143 Acc=99.9% | Test: Acc=7.8% | Best=7.9%(@680)
  from x3: 0.08 0.08 0.08 0.08 0.08 0.08 0.08 0.08 0.08 0.08 0.08 0.08 0.08
  per-rule acc: 0.09 0.07
Epoch 720 | Train: Loss=0.0182 Acc=99.8% | Test: Acc=8.3% | Best=8.3%(@720)
  from x3: 0.09 0.09 0.08 0.08 0.08 0.08 0.08 0.08 0.08 0.08 0.08 0.08 0.08
  per-rule acc: 0.09 0.07
Epoch 740 | Train: Loss=0.0113 Acc=99.8% | Test: Acc=9.8% | Best=9.8%(@740)
  from x3: 0.09 0.09 0.09 0.10 0.10 0.10 0.10 0.10 0.10 0.10 0.10 0.10 0.10
  per-rule acc: 0.11 0.08
Epoch 760 | Train: Loss=0.0162 Acc=99.9% | Test: Acc=8.0% | Best=9.8%(@740)
  from x3: 0.08 0.08 0.08 0.08 0.08 0.08 0.08 0.08 0.08 0.08 0.08 0.08 0.08
  per-rule acc: 0.09 0.07
Epoch 780 | Train: Loss=0.0040 Acc=99.9% | Test: Acc=10.4% | Best=10.4%(@780)
  from x3: 0.10 0.11 0.10 0.10 0.10 0.11 0.11 0.10 0.10 0.10 0.10 0.10 0.11
  per-rule acc: 0.12 0.09
Epoch 800 | Train: Loss=0.0426 Acc=99.6% | Test: Acc=8.3% | Best=10.4%(@780)
  from x3: 0.08 0.09 0.08 0.08 0.08 0.08 0.08 0.08 0.08 0.08 0.08 0.08 0.08
  per-rule acc: 0.08 0.08
Epoch 820 | Train: Loss=0.0241 Acc=99.8% | Test: Acc=9.3% | Best=10.4%(@780)
  from x3: 0.09 0.10 0.10 0.09 0.09 0.09 0.09 0.09 0.09 0.09 0.09 0.09 0.09
  per-rule acc: 0.11 0.08
Epoch 840 | Train: Loss=0.0178 Acc=99.8% | Test: Acc=10.3% | Best=10.4%(@780)
  from x3: 0.10 0.10 0.11 0.11 0.10 0.10 0.10 0.10 0.10 0.10 0.10 0.10 0.10
  per-rule acc: 0.12 0.08
Epoch 860 | Train: Loss=0.0098 Acc=99.9% | Test: Acc=10.6% | Best=10.6%(@860)
  from x3: 0.11 0.12 0.11 0.10 0.11 0.10 0.11 0.10 0.10 0.10 0.10 0.10 0.10
  per-rule acc: 0.12 0.09
Epoch 880 | Train: Loss=0.0160 Acc=99.8% | Test: Acc=10.8% | Best=10.8%(@880)
  from x3: 0.11 0.11 0.11 0.11 0.11 0.11 0.11 0.11 0.11 0.11 0.11 0.11 0.11
  per-rule acc: 0.12 0.09
Epoch 900 | Train: Loss=0.0106 Acc=99.9% | Test: Acc=9.6% | Best=10.8%(@880)
  from x3: 0.10 0.10 0.10 0.09 0.10 0.09 0.09 0.09 0.09 0.09 0.09 0.09 0.10
  per-rule acc: 0.11 0.08
Epoch 920 | Train: Loss=0.0168 Acc=99.9% | Test: Acc=10.9% | Best=10.9%(@920)
  from x3: 0.11 0.11 0.11 0.11 0.11 0.11 0.11 0.11 0.11 0.11 0.11 0.11 0.11
  per-rule acc: 0.12 0.10
Epoch 940 | Train: Loss=0.0184 Acc=99.8% | Test: Acc=11.9% | Best=11.9%(@940)
  from x3: 0.11 0.12 0.12 0.12 0.12 0.12 0.12 0.12 0.12 0.12 0.12 0.12 0.12
  per-rule acc: 0.14 0.10
Epoch 960 | Train: Loss=0.0096 Acc=99.9% | Test: Acc=11.8% | Best=11.9%(@940)
  from x3: 0.12 0.13 0.12 0.12 0.12 0.12 0.12 0.12 0.12 0.12 0.12 0.12 0.12
  per-rule acc: 0.14 0.10
Epoch 980 | Train: Loss=0.0191 Acc=99.8% | Test: Acc=12.0% | Best=12.0%(@980)
  from x3: 0.12 0.12 0.12 0.12 0.12 0.12 0.12 0.12 0.12 0.12 0.12 0.12 0.12
  per-rule acc: 0.15 0.10
Epoch 1000 | Train: Loss=0.0115 Acc=99.8% | Test: Acc=12.6% | Best=12.6%(@1000)
  from x3: 0.12 0.13 0.12 0.13 0.13 0.13 0.13 0.13 0.13 0.13 0.13 0.13 0.13
  per-rule acc: 0.15 0.10
Epoch 1020 | Train: Loss=0.0151 Acc=99.9% | Test: Acc=12.1% | Best=12.6%(@1000)
  from x3: 0.12 0.13 0.12 0.12 0.12 0.12 0.12 0.12 0.12 0.12 0.12 0.12 0.12
  per-rule acc: 0.14 0.10
Epoch 1040 | Train: Loss=0.0116 Acc=99.9% | Test: Acc=12.0% | Best=12.6%(@1000)
  from x3: 0.11 0.12 0.12 0.12 0.12 0.12 0.12 0.12 0.12 0.12 0.12 0.12 0.12
  per-rule acc: 0.14 0.10
Epoch 1060 | Train: Loss=0.0171 Acc=99.9% | Test: Acc=12.0% | Best=12.6%(@1000)
  from x3: 0.12 0.12 0.12 0.12 0.12 0.12 0.12 0.12 0.12 0.12 0.12 0.12 0.12
  per-rule acc: 0.14 0.10
Epoch 1080 | Train: Loss=0.0197 Acc=99.9% | Test: Acc=12.2% | Best=12.6%(@1000)
  from x3: 0.11 0.12 0.12 0.12 0.12 0.12 0.12 0.12 0.12 0.12 0.12 0.12 0.12
  per-rule acc: 0.15 0.09
Epoch 1100 | Train: Loss=0.0044 Acc=99.9% | Test: Acc=14.0% | Best=14.0%(@1100)
  from x3: 0.13 0.14 0.14 0.14 0.14 0.14 0.14 0.14 0.14 0.14 0.14 0.14 0.14
  per-rule acc: 0.15 0.13
Epoch 1120 | Train: Loss=0.0387 Acc=99.6% | Test: Acc=11.2% | Best=14.0%(@1100)
  from x3: 0.11 0.11 0.11 0.11 0.11 0.11 0.11 0.11 0.11 0.11 0.11 0.11 0.11
  per-rule acc: 0.13 0.10
Epoch 1140 | Train: Loss=0.0264 Acc=99.7% | Test: Acc=13.7% | Best=14.0%(@1100)
  from x3: 0.12 0.14 0.14 0.14 0.14 0.14 0.14 0.14 0.14 0.14 0.14 0.14 0.14
  per-rule acc: 0.16 0.12
Epoch 1160 | Train: Loss=0.0143 Acc=99.9% | Test: Acc=12.2% | Best=14.0%(@1100)
  from x3: 0.12 0.13 0.12 0.12 0.12 0.12 0.12 0.12 0.12 0.12 0.12 0.12 0.12
  per-rule acc: 0.15 0.09
Epoch 1180 | Train: Loss=0.0156 Acc=99.9% | Test: Acc=13.0% | Best=14.0%(@1100)
  from x3: 0.12 0.13 0.13 0.13 0.13 0.13 0.13 0.13 0.13 0.13 0.13 0.13 0.13
  per-rule acc: 0.16 0.10
Epoch 1200 | Train: Loss=0.0111 Acc=99.9% | Test: Acc=13.6% | Best=14.0%(@1100)
  from x3: 0.14 0.14 0.14 0.13 0.14 0.14 0.13 0.14 0.14 0.14 0.13 0.13 0.14
  per-rule acc: 0.16 0.11
Epoch 1220 | Train: Loss=0.0150 Acc=99.9% | Test: Acc=13.0% | Best=14.0%(@1100)
  from x3: 0.12 0.13 0.13 0.13 0.13 0.13 0.13 0.13 0.13 0.13 0.13 0.13 0.13
  per-rule acc: 0.14 0.12
Epoch 1240 | Train: Loss=0.0145 Acc=99.9% | Test: Acc=12.9% | Best=14.0%(@1100)
  from x3: 0.12 0.13 0.13 0.13 0.13 0.13 0.13 0.13 0.13 0.13 0.13 0.13 0.13
  per-rule acc: 0.14 0.12
Epoch 1260 | Train: Loss=0.0126 Acc=99.9% | Test: Acc=12.8% | Best=14.0%(@1100)
  from x3: 0.13 0.14 0.13 0.13 0.13 0.13 0.13 0.13 0.12 0.13 0.12 0.12 0.12
  per-rule acc: 0.15 0.11
Epoch 1280 | Train: Loss=0.0147 Acc=99.9% | Test: Acc=13.2% | Best=14.0%(@1100)
  from x3: 0.13 0.14 0.14 0.13 0.13 0.13 0.13 0.13 0.13 0.13 0.13 0.13 0.13
  per-rule acc: 0.15 0.11
Epoch 1300 | Train: Loss=0.0164 Acc=99.9% | Test: Acc=13.0% | Best=14.0%(@1100)
  from x3: 0.12 0.13 0.13 0.13 0.13 0.13 0.13 0.13 0.13 0.13 0.13 0.13 0.13
  per-rule acc: 0.15 0.11
Epoch 1320 | Train: Loss=0.0129 Acc=99.9% | Test: Acc=13.1% | Best=14.0%(@1100)
  from x3: 0.13 0.14 0.13 0.13 0.13 0.13 0.13 0.13 0.13 0.13 0.13 0.13 0.13
  per-rule acc: 0.16 0.11
Epoch 1340 | Train: Loss=0.0201 Acc=99.9% | Test: Acc=14.0% | Best=14.0%(@1340)
  from x3: 0.14 0.15 0.14 0.14 0.14 0.14 0.14 0.14 0.14 0.14 0.14 0.14 0.14
  per-rule acc: 0.17 0.11
Epoch 1360 | Train: Loss=0.0184 Acc=99.8% | Test: Acc=14.4% | Best=14.4%(@1360)
  from x3: 0.14 0.15 0.15 0.14 0.14 0.15 0.15 0.14 0.14 0.14 0.14 0.14 0.14
  per-rule acc: 0.17 0.12
Epoch 1380 | Train: Loss=0.0163 Acc=99.8% | Test: Acc=13.4% | Best=14.4%(@1360)
  from x3: 0.13 0.14 0.14 0.13 0.13 0.13 0.13 0.13 0.13 0.13 0.13 0.13 0.13
  per-rule acc: 0.15 0.12
Epoch 1400 | Train: Loss=0.0169 Acc=99.9% | Test: Acc=13.8% | Best=14.4%(@1360)
  from x3: 0.13 0.15 0.14 0.14 0.14 0.14 0.14 0.14 0.14 0.14 0.14 0.14 0.14
  per-rule acc: 0.16 0.11
Epoch 1420 | Train: Loss=0.0178 Acc=99.9% | Test: Acc=13.2% | Best=14.4%(@1360)
  from x3: 0.13 0.14 0.13 0.13 0.13 0.13 0.13 0.13 0.13 0.13 0.13 0.13 0.13
  per-rule acc: 0.16 0.11
Epoch 1440 | Train: Loss=0.0241 Acc=99.8% | Test: Acc=14.8% | Best=14.8%(@1440)
  from x3: 0.15 0.16 0.15 0.15 0.15 0.15 0.15 0.15 0.15 0.15 0.15 0.15 0.15
  per-rule acc: 0.18 0.12
Epoch 1460 | Train: Loss=0.0163 Acc=99.9% | Test: Acc=14.9% | Best=14.9%(@1460)
  from x3: 0.14 0.16 0.15 0.15 0.15 0.15 0.15 0.15 0.15 0.15 0.15 0.15 0.15
  per-rule acc: 0.18 0.12
Epoch 1480 | Train: Loss=0.0179 Acc=99.8% | Test: Acc=16.3% | Best=16.3%(@1480)
  from x3: 0.16 0.17 0.16 0.16 0.16 0.16 0.16 0.16 0.16 0.16 0.16 0.16 0.16
  per-rule acc: 0.19 0.14
Epoch 1500 | Train: Loss=0.0106 Acc=99.9% | Test: Acc=14.9% | Best=16.3%(@1480)
  from x3: 0.14 0.16 0.15 0.15 0.15 0.15 0.15 0.15 0.15 0.15 0.15 0.15 0.15
  per-rule acc: 0.17 0.13
Epoch 1520 | Train: Loss=0.0186 Acc=99.8% | Test: Acc=14.3% | Best=16.3%(@1480)
  from x3: 0.14 0.15 0.14 0.14 0.14 0.14 0.14 0.14 0.14 0.14 0.14 0.14 0.14
  per-rule acc: 0.16 0.13
Epoch 1540 | Train: Loss=0.0152 Acc=99.9% | Test: Acc=15.1% | Best=16.3%(@1480)
  from x3: 0.14 0.16 0.15 0.15 0.15 0.15 0.15 0.15 0.15 0.15 0.15 0.15 0.15
  per-rule acc: 0.18 0.13
Epoch 1560 | Train: Loss=0.0176 Acc=99.8% | Test: Acc=15.9% | Best=16.3%(@1480)
  from x3: 0.15 0.16 0.16 0.16 0.16 0.16 0.16 0.16 0.16 0.16 0.16 0.16 0.16
  per-rule acc: 0.19 0.13
Epoch 1580 | Train: Loss=0.0227 Acc=99.7% | Test: Acc=16.1% | Best=16.3%(@1480)
  from x3: 0.15 0.17 0.16 0.16 0.16 0.16 0.16 0.16 0.16 0.16 0.16 0.16 0.16
  per-rule acc: 0.20 0.13
Epoch 1600 | Train: Loss=0.0129 Acc=99.9% | Test: Acc=14.9% | Best=16.3%(@1480)
  from x3: 0.14 0.16 0.15 0.15 0.15 0.15 0.15 0.15 0.15 0.15 0.15 0.15 0.15
  per-rule acc: 0.18 0.12
Epoch 1620 | Train: Loss=0.0263 Acc=99.6% | Test: Acc=15.4% | Best=16.3%(@1480)
  from x3: 0.16 0.16 0.16 0.15 0.15 0.15 0.15 0.15 0.15 0.15 0.15 0.15 0.15
  per-rule acc: 0.17 0.13
Epoch 1640 | Train: Loss=0.0149 Acc=99.8% | Test: Acc=15.7% | Best=16.3%(@1480)
  from x3: 0.15 0.16 0.16 0.16 0.16 0.16 0.16 0.16 0.16 0.16 0.16 0.16 0.16
  per-rule acc: 0.19 0.13
Epoch 1660 | Train: Loss=0.0160 Acc=99.8% | Test: Acc=15.3% | Best=16.3%(@1480)
  from x3: 0.15 0.16 0.15 0.15 0.15 0.15 0.15 0.15 0.15 0.15 0.15 0.15 0.15
  per-rule acc: 0.17 0.14
Epoch 1680 | Train: Loss=0.0223 Acc=99.7% | Test: Acc=16.6% | Best=16.6%(@1680)
  from x3: 0.16 0.17 0.17 0.17 0.17 0.17 0.17 0.17 0.17 0.16 0.17 0.16 0.17
  per-rule acc: 0.20 0.13
Epoch 1700 | Train: Loss=0.0171 Acc=99.8% | Test: Acc=15.0% | Best=16.6%(@1680)
  from x3: 0.14 0.16 0.15 0.15 0.15 0.15 0.15 0.15 0.15 0.15 0.15 0.15 0.15
  per-rule acc: 0.18 0.12
Epoch 1720 | Train: Loss=0.0150 Acc=99.9% | Test: Acc=15.5% | Best=16.6%(@1680)
  from x3: 0.14 0.16 0.16 0.16 0.16 0.16 0.16 0.16 0.16 0.16 0.16 0.15 0.15
  per-rule acc: 0.18 0.13
Epoch 1740 | Train: Loss=0.0187 Acc=99.9% | Test: Acc=14.9% | Best=16.6%(@1680)
  from x3: 0.14 0.16 0.15 0.15 0.15 0.15 0.15 0.15 0.15 0.15 0.15 0.15 0.15
  per-rule acc: 0.17 0.12
Epoch 1760 | Train: Loss=0.0162 Acc=99.9% | Test: Acc=15.7% | Best=16.6%(@1680)
  from x3: 0.15 0.16 0.16 0.16 0.16 0.16 0.16 0.16 0.16 0.16 0.16 0.16 0.15
  per-rule acc: 0.18 0.13
Epoch 1780 | Train: Loss=0.0177 Acc=99.8% | Test: Acc=15.9% | Best=16.6%(@1680)
  from x3: 0.15 0.16 0.16 0.16 0.16 0.16 0.16 0.16 0.16 0.16 0.16 0.16 0.16
  per-rule acc: 0.19 0.13
Epoch 1800 | Train: Loss=0.0185 Acc=99.8% | Test: Acc=15.8% | Best=16.6%(@1680)
  from x3: 0.15 0.16 0.16 0.16 0.16 0.16 0.16 0.16 0.16 0.16 0.16 0.16 0.16
  per-rule acc: 0.18 0.14
Epoch 1820 | Train: Loss=0.0149 Acc=99.9% | Test: Acc=16.8% | Best=16.8%(@1820)
  from x3: 0.15 0.17 0.17 0.17 0.17 0.17 0.17 0.17 0.17 0.17 0.17 0.17 0.17
  per-rule acc: 0.20 0.13
Epoch 1840 | Train: Loss=0.0145 Acc=99.9% | Test: Acc=17.0% | Best=17.0%(@1840)
  from x3: 0.15 0.17 0.17 0.17 0.17 0.17 0.17 0.17 0.17 0.17 0.17 0.17 0.17
  per-rule acc: 0.20 0.14
Epoch 1860 | Train: Loss=0.0143 Acc=99.8% | Test: Acc=16.5% | Best=17.0%(@1840)
  from x3: 0.15 0.17 0.17 0.17 0.16 0.17 0.17 0.17 0.17 0.17 0.17 0.17 0.17
  per-rule acc: 0.20 0.13
Epoch 1880 | Train: Loss=0.0186 Acc=99.7% | Test: Acc=18.2% | Best=18.2%(@1880)
  from x3: 0.16 0.18 0.18 0.18 0.18 0.18 0.18 0.18 0.18 0.18 0.18 0.18 0.18
  per-rule acc: 0.22 0.15
Epoch 1900 | Train: Loss=0.0166 Acc=99.9% | Test: Acc=16.6% | Best=18.2%(@1880)
  from x3: 0.15 0.18 0.17 0.17 0.17 0.17 0.16 0.17 0.17 0.17 0.17 0.17 0.17
  per-rule acc: 0.20 0.13
Epoch 1920 | Train: Loss=0.0139 Acc=99.9% | Test: Acc=16.2% | Best=18.2%(@1880)
  from x3: 0.15 0.17 0.17 0.16 0.16 0.16 0.16 0.16 0.16 0.16 0.16 0.16 0.16
  per-rule acc: 0.19 0.13
Epoch 1940 | Train: Loss=0.0169 Acc=99.9% | Test: Acc=15.7% | Best=18.2%(@1880)
  from x3: 0.15 0.17 0.16 0.15 0.16 0.15 0.15 0.15 0.16 0.16 0.16 0.16 0.16
  per-rule acc: 0.19 0.12
Epoch 1960 | Train: Loss=0.0135 Acc=99.9% | Test: Acc=16.7% | Best=18.2%(@1880)
  from x3: 0.15 0.17 0.17 0.17 0.17 0.17 0.17 0.17 0.17 0.17 0.17 0.17 0.17
  per-rule acc: 0.20 0.13
Epoch 1980 | Train: Loss=0.0152 Acc=99.8% | Test: Acc=16.5% | Best=18.2%(@1880)
  from x3: 0.16 0.18 0.17 0.17 0.16 0.16 0.16 0.16 0.16 0.16 0.16 0.16 0.16
  per-rule acc: 0.19 0.14
Epoch 2000 | Train: Loss=0.0155 Acc=99.9% | Test: Acc=17.6% | Best=18.2%(@1880)
  from x3: 0.17 0.18 0.18 0.18 0.18 0.18 0.18 0.18 0.18 0.18 0.17 0.18 0.18
  per-rule acc: 0.21 0.14
Epoch 2020 | Train: Loss=0.0198 Acc=99.7% | Test: Acc=17.3% | Best=18.2%(@1880)
  from x3: 0.16 0.18 0.18 0.18 0.17 0.17 0.17 0.17 0.17 0.17 0.17 0.17 0.17
  per-rule acc: 0.20 0.15
Epoch 2040 | Train: Loss=0.0133 Acc=99.9% | Test: Acc=17.8% | Best=18.2%(@1880)
  from x3: 0.17 0.18 0.18 0.18 0.18 0.18 0.18 0.18 0.18 0.18 0.18 0.18 0.18
  per-rule acc: 0.21 0.14
Epoch 2060 | Train: Loss=0.0148 Acc=99.8% | Test: Acc=17.8% | Best=18.2%(@1880)
  from x3: 0.17 0.18 0.18 0.18 0.18 0.18 0.18 0.18 0.18 0.18 0.18 0.18 0.18
  per-rule acc: 0.21 0.15
Epoch 2080 | Train: Loss=0.0190 Acc=99.8% | Test: Acc=16.4% | Best=18.2%(@1880)
  from x3: 0.15 0.17 0.17 0.16 0.16 0.16 0.16 0.16 0.16 0.16 0.16 0.16 0.16
  per-rule acc: 0.20 0.13
Epoch 2100 | Train: Loss=0.0142 Acc=99.9% | Test: Acc=16.9% | Best=18.2%(@1880)
  from x3: 0.16 0.18 0.17 0.17 0.17 0.17 0.17 0.17 0.17 0.17 0.17 0.17 0.17
  per-rule acc: 0.21 0.13
Epoch 2120 | Train: Loss=0.0175 Acc=99.8% | Test: Acc=17.7% | Best=18.2%(@1880)
  from x3: 0.17 0.18 0.18 0.18 0.18 0.18 0.18 0.18 0.18 0.17 0.17 0.17 0.17
  per-rule acc: 0.21 0.14
Epoch 2140 | Train: Loss=0.0181 Acc=99.9% | Test: Acc=16.6% | Best=18.2%(@1880)
  from x3: 0.16 0.18 0.17 0.17 0.17 0.17 0.16 0.17 0.16 0.17 0.16 0.17 0.17
  per-rule acc: 0.19 0.14
Epoch 2160 | Train: Loss=0.0052 Acc=99.9% | Test: Acc=19.8% | Best=19.8%(@2160)
  from x3: 0.18 0.21 0.20 0.20 0.20 0.20 0.20 0.20 0.20 0.20 0.20 0.20 0.20
  per-rule acc: 0.22 0.18
Epoch 2180 | Train: Loss=0.0236 Acc=99.8% | Test: Acc=18.0% | Best=19.8%(@2160)
  from x3: 0.15 0.18 0.18 0.18 0.18 0.18 0.18 0.18 0.18 0.18 0.18 0.18 0.18
  per-rule acc: 0.21 0.15
Epoch 2200 | Train: Loss=0.0192 Acc=99.8% | Test: Acc=18.0% | Best=19.8%(@2160)
  from x3: 0.16 0.19 0.18 0.18 0.18 0.18 0.18 0.18 0.18 0.18 0.18 0.18 0.18
  per-rule acc: 0.21 0.15
Epoch 2220 | Train: Loss=0.0222 Acc=99.7% | Test: Acc=19.1% | Best=19.8%(@2160)
  from x3: 0.18 0.20 0.19 0.19 0.19 0.19 0.19 0.19 0.19 0.19 0.19 0.19 0.19
  per-rule acc: 0.23 0.15
Epoch 2240 | Train: Loss=0.0179 Acc=99.8% | Test: Acc=19.0% | Best=19.8%(@2160)
  from x3: 0.18 0.20 0.19 0.19 0.19 0.19 0.19 0.19 0.19 0.19 0.19 0.19 0.19
  per-rule acc: 0.22 0.16
Epoch 2260 | Train: Loss=0.0061 Acc=99.9% | Test: Acc=19.7% | Best=19.8%(@2160)
  from x3: 0.19 0.21 0.20 0.20 0.20 0.20 0.20 0.20 0.20 0.20 0.20 0.20 0.20
  per-rule acc: 0.21 0.18
Epoch 2280 | Train: Loss=0.0240 Acc=99.8% | Test: Acc=17.5% | Best=19.8%(@2160)
  from x3: 0.17 0.18 0.18 0.17 0.17 0.18 0.18 0.18 0.17 0.17 0.17 0.17 0.18
  per-rule acc: 0.21 0.14
Epoch 2300 | Train: Loss=0.0216 Acc=99.8% | Test: Acc=18.9% | Best=19.8%(@2160)
  from x3: 0.18 0.19 0.19 0.19 0.19 0.19 0.19 0.19 0.19 0.19 0.19 0.19 0.19
  per-rule acc: 0.22 0.16
Epoch 2320 | Train: Loss=0.0229 Acc=99.7% | Test: Acc=18.3% | Best=19.8%(@2160)
  from x3: 0.17 0.19 0.19 0.18 0.18 0.18 0.18 0.18 0.18 0.18 0.18 0.18 0.18
  per-rule acc: 0.21 0.16
Epoch 2340 | Train: Loss=0.0136 Acc=99.9% | Test: Acc=17.4% | Best=19.8%(@2160)
  from x3: 0.17 0.19 0.18 0.17 0.17 0.17 0.17 0.17 0.17 0.17 0.17 0.17 0.17
  per-rule acc: 0.21 0.14
Epoch 2360 | Train: Loss=0.0148 Acc=99.9% | Test: Acc=18.8% | Best=19.8%(@2160)
  from x3: 0.17 0.19 0.19 0.19 0.19 0.19 0.19 0.19 0.19 0.19 0.19 0.19 0.19
  per-rule acc: 0.22 0.15
Epoch 2380 | Train: Loss=0.0127 Acc=99.9% | Test: Acc=19.4% | Best=19.8%(@2160)
  from x3: 0.18 0.20 0.20 0.19 0.19 0.20 0.20 0.20 0.20 0.20 0.19 0.19 0.19
  per-rule acc: 0.22 0.16
Epoch 2400 | Train: Loss=0.0106 Acc=99.9% | Test: Acc=20.8% | Best=20.8%(@2400)
  from x3: 0.19 0.21 0.21 0.21 0.21 0.21 0.21 0.21 0.21 0.21 0.21 0.21 0.21
  per-rule acc: 0.25 0.16
Epoch 2420 | Train: Loss=0.0224 Acc=99.7% | Test: Acc=19.4% | Best=20.8%(@2400)
  from x3: 0.18 0.20 0.20 0.20 0.19 0.20 0.19 0.20 0.19 0.19 0.19 0.20 0.20
  per-rule acc: 0.23 0.16
Epoch 2440 | Train: Loss=0.0189 Acc=99.8% | Test: Acc=19.6% | Best=20.8%(@2400)
  from x3: 0.18 0.20 0.20 0.20 0.20 0.20 0.20 0.20 0.20 0.20 0.20 0.20 0.20
  per-rule acc: 0.24 0.16
Epoch 2460 | Train: Loss=0.0189 Acc=99.8% | Test: Acc=18.2% | Best=20.8%(@2400)
  from x3: 0.17 0.19 0.18 0.18 0.18 0.18 0.18 0.18 0.18 0.18 0.18 0.18 0.18
  per-rule acc: 0.21 0.15
Epoch 2480 | Train: Loss=0.0133 Acc=99.9% | Test: Acc=20.3% | Best=20.8%(@2400)
  from x3: 0.19 0.21 0.20 0.20 0.20 0.20 0.21 0.20 0.20 0.20 0.20 0.20 0.20
  per-rule acc: 0.24 0.16
Epoch 2500 | Train: Loss=0.0122 Acc=99.9% | Test: Acc=19.2% | Best=20.8%(@2400)
  from x3: 0.18 0.19 0.20 0.19 0.19 0.20 0.19 0.19 0.19 0.19 0.19 0.19 0.19
  per-rule acc: 0.24 0.15
Epoch 2520 | Train: Loss=0.0193 Acc=99.9% | Test: Acc=19.2% | Best=20.8%(@2400)
  from x3: 0.17 0.20 0.19 0.20 0.19 0.19 0.19 0.19 0.19 0.19 0.19 0.19 0.19
  per-rule acc: 0.23 0.15
Epoch 2540 | Train: Loss=0.0164 Acc=99.8% | Test: Acc=20.9% | Best=20.9%(@2540)
  from x3: 0.20 0.21 0.21 0.21 0.21 0.21 0.21 0.21 0.21 0.21 0.21 0.21 0.21
  per-rule acc: 0.25 0.17
Epoch 2560 | Train: Loss=0.0156 Acc=99.9% | Test: Acc=19.9% | Best=20.9%(@2540)
  from x3: 0.18 0.21 0.20 0.20 0.20 0.20 0.20 0.20 0.20 0.20 0.20 0.20 0.20
  per-rule acc: 0.23 0.17
Epoch 2580 | Train: Loss=0.0121 Acc=99.9% | Test: Acc=19.6% | Best=20.9%(@2540)
  from x3: 0.18 0.20 0.20 0.20 0.20 0.20 0.20 0.20 0.20 0.20 0.20 0.20 0.20
  per-rule acc: 0.23 0.16
Epoch 2600 | Train: Loss=0.0159 Acc=99.9% | Test: Acc=18.3% | Best=20.9%(@2540)
  from x3: 0.18 0.19 0.19 0.18 0.18 0.18 0.18 0.18 0.18 0.18 0.18 0.18 0.18
  per-rule acc: 0.21 0.15
Epoch 2620 | Train: Loss=0.0153 Acc=99.9% | Test: Acc=20.5% | Best=20.9%(@2540)
  from x3: 0.19 0.21 0.21 0.21 0.21 0.21 0.21 0.21 0.21 0.21 0.20 0.21 0.21
  per-rule acc: 0.25 0.16
Epoch 2640 | Train: Loss=0.0155 Acc=99.9% | Test: Acc=19.2% | Best=20.9%(@2540)
  from x3: 0.17 0.19 0.20 0.19 0.20 0.20 0.19 0.19 0.19 0.19 0.19 0.19 0.19
  per-rule acc: 0.23 0.16
Epoch 2660 | Train: Loss=0.0157 Acc=99.9% | Test: Acc=19.4% | Best=20.9%(@2540)
  from x3: 0.18 0.20 0.20 0.19 0.19 0.19 0.19 0.19 0.19 0.19 0.19 0.20 0.20
  per-rule acc: 0.24 0.15
Epoch 2680 | Train: Loss=0.0054 Acc=99.9% | Test: Acc=22.1% | Best=22.1%(@2680)
  from x3: 0.20 0.23 0.23 0.22 0.22 0.22 0.22 0.22 0.22 0.22 0.22 0.22 0.22
  per-rule acc: 0.25 0.19
Epoch 2700 | Train: Loss=0.0247 Acc=99.8% | Test: Acc=19.5% | Best=22.1%(@2680)
  from x3: 0.18 0.20 0.20 0.20 0.20 0.20 0.19 0.20 0.19 0.19 0.19 0.19 0.19
  per-rule acc: 0.23 0.16
Epoch 2720 | Train: Loss=0.0180 Acc=99.8% | Test: Acc=21.1% | Best=22.1%(@2680)
  from x3: 0.18 0.21 0.21 0.21 0.21 0.21 0.21 0.21 0.21 0.21 0.21 0.21 0.21
  per-rule acc: 0.25 0.17
Epoch 2740 | Train: Loss=0.0129 Acc=99.9% | Test: Acc=21.4% | Best=22.1%(@2680)
  from x3: 0.20 0.22 0.21 0.22 0.22 0.22 0.22 0.21 0.21 0.21 0.21 0.21 0.21
  per-rule acc: 0.26 0.17
Epoch 2760 | Train: Loss=0.0168 Acc=99.7% | Test: Acc=22.4% | Best=22.4%(@2760)
  from x3: 0.20 0.23 0.23 0.23 0.23 0.23 0.23 0.23 0.23 0.23 0.23 0.23 0.23
  per-rule acc: 0.27 0.18
Epoch 2780 | Train: Loss=0.0157 Acc=99.8% | Test: Acc=21.9% | Best=22.4%(@2760)
  from x3: 0.20 0.23 0.22 0.22 0.22 0.22 0.22 0.22 0.22 0.22 0.22 0.22 0.22
  per-rule acc: 0.27 0.17
Epoch 2800 | Train: Loss=0.0156 Acc=99.9% | Test: Acc=19.6% | Best=22.4%(@2760)
  from x3: 0.18 0.21 0.20 0.20 0.20 0.20 0.20 0.20 0.20 0.20 0.20 0.20 0.20
  per-rule acc: 0.24 0.15
Epoch 2820 | Train: Loss=0.0139 Acc=99.9% | Test: Acc=19.3% | Best=22.4%(@2760)
  from x3: 0.18 0.20 0.19 0.20 0.20 0.20 0.19 0.19 0.19 0.19 0.19 0.19 0.19
  per-rule acc: 0.23 0.15
Epoch 2840 | Train: Loss=0.0052 Acc=99.9% | Test: Acc=22.6% | Best=22.6%(@2840)
  from x3: 0.21 0.23 0.23 0.23 0.23 0.23 0.23 0.23 0.23 0.23 0.23 0.23 0.23
  per-rule acc: 0.25 0.20
Epoch 2860 | Train: Loss=0.0274 Acc=99.8% | Test: Acc=19.2% | Best=22.6%(@2840)
  from x3: 0.18 0.20 0.19 0.19 0.19 0.19 0.19 0.19 0.19 0.19 0.19 0.19 0.19
  per-rule acc: 0.22 0.16
Epoch 2880 | Train: Loss=0.0190 Acc=99.9% | Test: Acc=20.4% | Best=22.6%(@2840)
  from x3: 0.19 0.21 0.20 0.20 0.20 0.21 0.20 0.21 0.20 0.21 0.20 0.21 0.20
  per-rule acc: 0.26 0.15
Epoch 2900 | Train: Loss=0.0189 Acc=99.9% | Test: Acc=20.4% | Best=22.6%(@2840)
  from x3: 0.18 0.21 0.21 0.21 0.21 0.21 0.21 0.21 0.20 0.20 0.20 0.20 0.20
  per-rule acc: 0.25 0.15
Epoch 2920 | Train: Loss=0.0147 Acc=99.9% | Test: Acc=21.3% | Best=22.6%(@2840)
  from x3: 0.19 0.22 0.22 0.21 0.21 0.21 0.21 0.21 0.21 0.21 0.21 0.21 0.21
  per-rule acc: 0.25 0.17
Epoch 2940 | Train: Loss=0.0098 Acc=99.9% | Test: Acc=22.4% | Best=22.6%(@2840)
  from x3: 0.21 0.23 0.23 0.23 0.22 0.23 0.22 0.22 0.22 0.22 0.22 0.22 0.22
  per-rule acc: 0.28 0.17
Epoch 2960 | Train: Loss=0.0179 Acc=99.8% | Test: Acc=23.6% | Best=23.6%(@2960)
  from x3: 0.22 0.23 0.24 0.24 0.24 0.24 0.24 0.24 0.24 0.24 0.24 0.24 0.24
  per-rule acc: 0.28 0.19
Epoch 2980 | Train: Loss=0.0193 Acc=99.8% | Test: Acc=22.0% | Best=23.6%(@2960)
  from x3: 0.20 0.22 0.22 0.22 0.22 0.22 0.22 0.22 0.22 0.22 0.22 0.22 0.22
  per-rule acc: 0.27 0.17
Epoch 3000 | Train: Loss=0.0184 Acc=99.8% | Test: Acc=23.5% | Best=23.6%(@2960)
  from x3: 0.22 0.24 0.24 0.24 0.24 0.24 0.24 0.24 0.24 0.24 0.24 0.24 0.24
  per-rule acc: 0.28 0.19
Epoch 3020 | Train: Loss=0.0176 Acc=99.9% | Test: Acc=20.7% | Best=23.6%(@2960)
  from x3: 0.20 0.21 0.21 0.21 0.21 0.21 0.21 0.21 0.21 0.21 0.21 0.21 0.21
  per-rule acc: 0.26 0.16
Epoch 3040 | Train: Loss=0.0151 Acc=99.8% | Test: Acc=23.1% | Best=23.6%(@2960)
  from x3: 0.21 0.23 0.23 0.23 0.23 0.23 0.23 0.23 0.23 0.23 0.23 0.23 0.23
  per-rule acc: 0.28 0.18
Epoch 3060 | Train: Loss=0.0123 Acc=99.9% | Test: Acc=21.7% | Best=23.6%(@2960)
  from x3: 0.20 0.22 0.22 0.22 0.22 0.22 0.22 0.22 0.22 0.22 0.22 0.22 0.22
  per-rule acc: 0.26 0.17
Epoch 3080 | Train: Loss=0.0127 Acc=99.9% | Test: Acc=21.6% | Best=23.6%(@2960)
  from x3: 0.21 0.23 0.22 0.22 0.22 0.22 0.22 0.22 0.21 0.21 0.21 0.21 0.21
  per-rule acc: 0.27 0.16
Epoch 3100 | Train: Loss=0.0148 Acc=99.9% | Test: Acc=23.6% | Best=23.6%(@3100)
  from x3: 0.22 0.24 0.24 0.24 0.24 0.24 0.24 0.24 0.24 0.24 0.24 0.24 0.24
  per-rule acc: 0.28 0.20
Epoch 3120 | Train: Loss=0.0175 Acc=99.9% | Test: Acc=21.8% | Best=23.6%(@3100)
  from x3: 0.20 0.23 0.22 0.22 0.22 0.22 0.22 0.22 0.22 0.22 0.22 0.22 0.22
  per-rule acc: 0.27 0.17
Epoch 3140 | Train: Loss=0.0146 Acc=99.9% | Test: Acc=22.8% | Best=23.6%(@3100)
  from x3: 0.20 0.24 0.23 0.23 0.23 0.23 0.23 0.23 0.23 0.23 0.23 0.23 0.23
  per-rule acc: 0.27 0.19
Epoch 3160 | Train: Loss=0.0176 Acc=99.9% | Test: Acc=20.9% | Best=23.6%(@3100)
  from x3: 0.20 0.21 0.21 0.21 0.21 0.21 0.21 0.21 0.21 0.21 0.21 0.21 0.21
  per-rule acc: 0.26 0.16
Epoch 3180 | Train: Loss=0.0058 Acc=99.9% | Test: Acc=24.7% | Best=24.7%(@3180)
  from x3: 0.22 0.25 0.25 0.25 0.25 0.25 0.25 0.25 0.25 0.25 0.25 0.25 0.25
  per-rule acc: 0.27 0.22
Epoch 3200 | Train: Loss=0.0254 Acc=99.8% | Test: Acc=22.5% | Best=24.7%(@3180)
  from x3: 0.20 0.23 0.23 0.23 0.23 0.23 0.23 0.23 0.23 0.23 0.23 0.23 0.23
  per-rule acc: 0.27 0.18
Epoch 3220 | Train: Loss=0.0144 Acc=99.9% | Test: Acc=22.6% | Best=24.7%(@3180)
  from x3: 0.21 0.23 0.23 0.23 0.23 0.23 0.23 0.23 0.23 0.23 0.23 0.23 0.23
  per-rule acc: 0.27 0.18
Epoch 3240 | Train: Loss=0.0157 Acc=99.9% | Test: Acc=22.0% | Best=24.7%(@3180)
  from x3: 0.21 0.23 0.22 0.22 0.22 0.22 0.22 0.22 0.22 0.22 0.22 0.22 0.22
  per-rule acc: 0.27 0.17
Epoch 3260 | Train: Loss=0.0131 Acc=99.9% | Test: Acc=23.6% | Best=24.7%(@3180)
  from x3: 0.21 0.25 0.24 0.24 0.24 0.24 0.24 0.24 0.24 0.24 0.24 0.24 0.24
  per-rule acc: 0.29 0.19
Epoch 3280 | Train: Loss=0.0099 Acc=99.9% | Test: Acc=24.0% | Best=24.7%(@3180)
  from x3: 0.22 0.25 0.24 0.24 0.24 0.24 0.24 0.24 0.24 0.24 0.24 0.24 0.24
  per-rule acc: 0.29 0.19
Epoch 3300 | Train: Loss=0.0098 Acc=99.9% | Test: Acc=24.9% | Best=24.9%(@3300)
  from x3: 0.23 0.25 0.25 0.25 0.25 0.25 0.25 0.25 0.25 0.25 0.25 0.25 0.25
  per-rule acc: 0.29 0.21
Epoch 3320 | Train: Loss=0.0155 Acc=99.9% | Test: Acc=21.4% | Best=24.9%(@3300)
  from x3: 0.19 0.22 0.22 0.22 0.22 0.22 0.22 0.22 0.22 0.22 0.22 0.21 0.22
  per-rule acc: 0.26 0.16
Epoch 3340 | Train: Loss=0.0177 Acc=99.9% | Test: Acc=21.3% | Best=24.9%(@3300)
  from x3: 0.20 0.22 0.22 0.21 0.21 0.21 0.21 0.21 0.21 0.21 0.21 0.21 0.21
  per-rule acc: 0.26 0.17
Epoch 3360 | Train: Loss=0.0132 Acc=99.9% | Test: Acc=23.4% | Best=24.9%(@3300)
  from x3: 0.21 0.24 0.23 0.24 0.24 0.24 0.24 0.24 0.24 0.24 0.24 0.24 0.24
  per-rule acc: 0.29 0.18
Epoch 3380 | Train: Loss=0.0152 Acc=99.8% | Test: Acc=24.5% | Best=24.9%(@3300)
  from x3: 0.23 0.24 0.25 0.25 0.25 0.25 0.25 0.25 0.25 0.25 0.25 0.25 0.25
  per-rule acc: 0.30 0.19
Epoch 3400 | Train: Loss=0.0123 Acc=99.9% | Test: Acc=23.4% | Best=24.9%(@3300)
  from x3: 0.22 0.24 0.23 0.23 0.23 0.23 0.24 0.24 0.23 0.23 0.24 0.24 0.23
  per-rule acc: 0.28 0.18
Epoch 3420 | Train: Loss=0.0145 Acc=99.8% | Test: Acc=24.5% | Best=24.9%(@3300)
  from x3: 0.22 0.25 0.25 0.25 0.25 0.25 0.25 0.25 0.25 0.25 0.25 0.25 0.25
  per-rule acc: 0.29 0.20
Epoch 3440 | Train: Loss=0.0163 Acc=99.9% | Test: Acc=23.1% | Best=24.9%(@3300)
  from x3: 0.21 0.24 0.23 0.23 0.23 0.23 0.23 0.23 0.23 0.23 0.23 0.23 0.23
  per-rule acc: 0.27 0.19
Epoch 3460 | Train: Loss=0.0133 Acc=99.9% | Test: Acc=24.9% | Best=24.9%(@3460)
  from x3: 0.23 0.25 0.25 0.25 0.25 0.25 0.25 0.25 0.25 0.25 0.25 0.25 0.25
  per-rule acc: 0.29 0.21
Epoch 3480 | Train: Loss=0.0085 Acc=99.9% | Test: Acc=26.3% | Best=26.3%(@3480)
  from x3: 0.24 0.26 0.27 0.26 0.26 0.26 0.26 0.26 0.27 0.27 0.27 0.26 0.27
  per-rule acc: 0.32 0.20
Epoch 3500 | Train: Loss=0.0124 Acc=99.9% | Test: Acc=26.2% | Best=26.3%(@3480)
  from x3: 0.24 0.27 0.26 0.26 0.26 0.26 0.26 0.26 0.26 0.26 0.26 0.26 0.26
  per-rule acc: 0.31 0.21
Epoch 3520 | Train: Loss=0.0090 Acc=99.9% | Test: Acc=25.8% | Best=26.3%(@3480)
  from x3: 0.23 0.26 0.26 0.26 0.26 0.26 0.26 0.26 0.26 0.26 0.26 0.26 0.26
  per-rule acc: 0.30 0.21
Epoch 3540 | Train: Loss=0.0156 Acc=99.8% | Test: Acc=25.5% | Best=26.3%(@3480)
  from x3: 0.22 0.25 0.26 0.26 0.26 0.26 0.26 0.26 0.26 0.26 0.26 0.26 0.26
  per-rule acc: 0.31 0.20
Epoch 3560 | Train: Loss=0.0056 Acc=99.9% | Test: Acc=26.8% | Best=26.8%(@3560)
  from x3: 0.25 0.27 0.27 0.27 0.27 0.27 0.27 0.27 0.27 0.27 0.27 0.27 0.27
  per-rule acc: 0.30 0.24
Epoch 3580 | Train: Loss=0.0267 Acc=99.8% | Test: Acc=22.9% | Best=26.8%(@3560)
  from x3: 0.22 0.23 0.23 0.23 0.23 0.23 0.23 0.23 0.23 0.23 0.23 0.23 0.23
  per-rule acc: 0.27 0.19
Epoch 3600 | Train: Loss=0.0120 Acc=99.9% | Test: Acc=24.5% | Best=26.8%(@3560)
  from x3: 0.23 0.25 0.25 0.25 0.25 0.25 0.24 0.25 0.25 0.25 0.25 0.25 0.25
  per-rule acc: 0.30 0.19
Epoch 3620 | Train: Loss=0.0135 Acc=99.9% | Test: Acc=24.4% | Best=26.8%(@3560)
  from x3: 0.23 0.25 0.24 0.24 0.24 0.25 0.24 0.24 0.24 0.25 0.25 0.25 0.25
  per-rule acc: 0.30 0.19
Epoch 3640 | Train: Loss=0.0150 Acc=99.9% | Test: Acc=23.6% | Best=26.8%(@3560)
  from x3: 0.22 0.25 0.24 0.24 0.24 0.24 0.24 0.24 0.24 0.24 0.24 0.23 0.24
  per-rule acc: 0.30 0.17
Epoch 3660 | Train: Loss=0.0130 Acc=99.8% | Test: Acc=25.9% | Best=26.8%(@3560)
  from x3: 0.23 0.26 0.26 0.26 0.26 0.26 0.26 0.26 0.26 0.26 0.26 0.26 0.26
  per-rule acc: 0.30 0.22
Epoch 3680 | Train: Loss=0.0055 Acc=99.9% | Test: Acc=27.9% | Best=27.9%(@3680)
  from x3: 0.26 0.28 0.28 0.28 0.28 0.28 0.28 0.28 0.28 0.28 0.28 0.28 0.28
  per-rule acc: 0.32 0.24
Epoch 3700 | Train: Loss=0.0210 Acc=99.8% | Test: Acc=24.3% | Best=27.9%(@3680)
  from x3: 0.22 0.25 0.25 0.25 0.25 0.25 0.25 0.25 0.24 0.25 0.24 0.24 0.24
  per-rule acc: 0.29 0.20
Epoch 3720 | Train: Loss=0.0181 Acc=99.8% | Test: Acc=25.5% | Best=27.9%(@3680)
  from x3: 0.23 0.26 0.26 0.26 0.25 0.26 0.26 0.26 0.26 0.26 0.26 0.26 0.26
  per-rule acc: 0.30 0.21
Epoch 3740 | Train: Loss=0.0129 Acc=99.9% | Test: Acc=26.1% | Best=27.9%(@3680)
  from x3: 0.24 0.27 0.26 0.26 0.26 0.26 0.26 0.26 0.26 0.26 0.26 0.26 0.26
  per-rule acc: 0.31 0.21
Epoch 3760 | Train: Loss=0.0119 Acc=99.9% | Test: Acc=25.8% | Best=27.9%(@3680)
  from x3: 0.23 0.27 0.26 0.26 0.26 0.26 0.26 0.26 0.26 0.26 0.26 0.26 0.26
  per-rule acc: 0.32 0.20
Epoch 3780 | Train: Loss=0.0133 Acc=99.9% | Test: Acc=26.3% | Best=27.9%(@3680)
  from x3: 0.24 0.27 0.26 0.26 0.26 0.27 0.26 0.26 0.26 0.26 0.26 0.26 0.26
  per-rule acc: 0.31 0.21
Epoch 3800 | Train: Loss=0.0124 Acc=99.9% | Test: Acc=26.5% | Best=27.9%(@3680)
  from x3: 0.25 0.28 0.27 0.27 0.27 0.27 0.27 0.26 0.27 0.27 0.27 0.26 0.27
  per-rule acc: 0.32 0.21
Epoch 3820 | Train: Loss=0.0092 Acc=99.9% | Test: Acc=27.4% | Best=27.9%(@3680)
  from x3: 0.25 0.28 0.28 0.28 0.28 0.28 0.28 0.28 0.28 0.27 0.27 0.27 0.27
  per-rule acc: 0.33 0.22
Epoch 3840 | Train: Loss=0.0154 Acc=99.9% | Test: Acc=25.5% | Best=27.9%(@3680)
  from x3: 0.24 0.26 0.26 0.25 0.26 0.26 0.25 0.26 0.26 0.26 0.25 0.26 0.26
  per-rule acc: 0.31 0.20
Epoch 3860 | Train: Loss=0.0159 Acc=99.8% | Test: Acc=25.8% | Best=27.9%(@3680)
  from x3: 0.23 0.27 0.26 0.26 0.26 0.26 0.26 0.26 0.26 0.26 0.26 0.26 0.26
  per-rule acc: 0.31 0.21
Epoch 3880 | Train: Loss=0.0049 Acc=99.9% | Test: Acc=29.4% | Best=29.4%(@3880)
  from x3: 0.28 0.30 0.29 0.29 0.29 0.29 0.29 0.29 0.29 0.30 0.30 0.30 0.29
  per-rule acc: 0.33 0.26
Epoch 3900 | Train: Loss=0.0266 Acc=99.8% | Test: Acc=25.4% | Best=29.4%(@3880)
  from x3: 0.23 0.26 0.25 0.25 0.25 0.25 0.25 0.25 0.26 0.26 0.26 0.26 0.26
  per-rule acc: 0.30 0.21
Epoch 3920 | Train: Loss=0.0165 Acc=99.8% | Test: Acc=27.8% | Best=29.4%(@3880)
  from x3: 0.24 0.28 0.28 0.28 0.28 0.28 0.28 0.28 0.28 0.28 0.28 0.28 0.28
  per-rule acc: 0.34 0.21
Epoch 3940 | Train: Loss=0.0109 Acc=99.8% | Test: Acc=28.4% | Best=29.4%(@3880)
  from x3: 0.26 0.29 0.28 0.29 0.28 0.29 0.29 0.29 0.29 0.29 0.29 0.29 0.29
  per-rule acc: 0.35 0.22
Epoch 3960 | Train: Loss=0.0115 Acc=99.9% | Test: Acc=27.2% | Best=29.4%(@3880)
  from x3: 0.25 0.28 0.27 0.27 0.27 0.27 0.27 0.27 0.27 0.27 0.27 0.27 0.27
  per-rule acc: 0.32 0.22
Epoch 3980 | Train: Loss=0.0052 Acc=99.9% | Test: Acc=29.0% | Best=29.4%(@3880)
  from x3: 0.27 0.30 0.29 0.29 0.29 0.29 0.29 0.29 0.29 0.29 0.29 0.29 0.29
  per-rule acc: 0.32 0.26
Epoch 4000 | Train: Loss=0.0196 Acc=99.9% | Test: Acc=25.0% | Best=29.4%(@3880)
  from x3: 0.23 0.26 0.25 0.25 0.25 0.25 0.25 0.25 0.25 0.25 0.25 0.25 0.25
  per-rule acc: 0.30 0.20
Epoch 4020 | Train: Loss=0.0111 Acc=99.9% | Test: Acc=28.1% | Best=29.4%(@3880)
  from x3: 0.25 0.28 0.29 0.28 0.28 0.28 0.28 0.28 0.28 0.28 0.28 0.28 0.28
  per-rule acc: 0.34 0.22
Epoch 4040 | Train: Loss=0.0104 Acc=99.9% | Test: Acc=28.2% | Best=29.4%(@3880)
  from x3: 0.25 0.29 0.28 0.28 0.28 0.28 0.28 0.28 0.28 0.28 0.28 0.28 0.28
  per-rule acc: 0.34 0.22
Epoch 4060 | Train: Loss=0.0145 Acc=99.8% | Test: Acc=28.1% | Best=29.4%(@3880)
  from x3: 0.26 0.28 0.28 0.28 0.28 0.28 0.28 0.28 0.28 0.28 0.28 0.28 0.28
  per-rule acc: 0.33 0.23
Epoch 4080 | Train: Loss=0.0151 Acc=99.9% | Test: Acc=26.6% | Best=29.4%(@3880)
  from x3: 0.25 0.27 0.27 0.27 0.27 0.27 0.27 0.27 0.27 0.27 0.27 0.27 0.27
  per-rule acc: 0.33 0.21
Epoch 4100 | Train: Loss=0.0096 Acc=99.9% | Test: Acc=29.0% | Best=29.4%(@3880)
  from x3: 0.26 0.29 0.29 0.29 0.29 0.29 0.29 0.29 0.29 0.29 0.29 0.29 0.29
  per-rule acc: 0.34 0.24
Epoch 4120 | Train: Loss=0.0049 Acc=99.9% | Test: Acc=31.1% | Best=31.1%(@4120)
  from x3: 0.29 0.31 0.31 0.31 0.31 0.31 0.31 0.31 0.31 0.31 0.31 0.31 0.31
  per-rule acc: 0.36 0.26
Epoch 4140 | Train: Loss=0.0795 Acc=99.9% | Test: Acc=25.9% | Best=31.1%(@4120)
  from x3: 0.23 0.27 0.26 0.26 0.26 0.26 0.26 0.26 0.26 0.26 0.26 0.26 0.26
  per-rule acc: 0.30 0.21
Epoch 4160 | Train: Loss=0.0172 Acc=99.9% | Test: Acc=27.2% | Best=31.1%(@4120)
  from x3: 0.24 0.27 0.28 0.28 0.28 0.28 0.28 0.28 0.27 0.27 0.27 0.27 0.28
  per-rule acc: 0.33 0.22
Epoch 4180 | Train: Loss=0.0116 Acc=99.9% | Test: Acc=27.0% | Best=31.1%(@4120)
  from x3: 0.25 0.28 0.27 0.27 0.27 0.27 0.27 0.27 0.27 0.27 0.27 0.27 0.27
  per-rule acc: 0.33 0.21
Epoch 4200 | Train: Loss=0.0130 Acc=99.9% | Test: Acc=27.6% | Best=31.1%(@4120)
  from x3: 0.25 0.29 0.28 0.28 0.28 0.28 0.28 0.28 0.28 0.28 0.28 0.28 0.28
  per-rule acc: 0.35 0.20
Epoch 4220 | Train: Loss=0.0054 Acc=99.9% | Test: Acc=31.3% | Best=31.3%(@4220)
  from x3: 0.29 0.32 0.31 0.31 0.31 0.31 0.31 0.31 0.31 0.31 0.31 0.31 0.31
  per-rule acc: 0.36 0.27
Epoch 4240 | Train: Loss=0.0214 Acc=99.9% | Test: Acc=24.7% | Best=31.3%(@4220)
  from x3: 0.23 0.26 0.25 0.25 0.25 0.25 0.25 0.25 0.25 0.25 0.25 0.25 0.25
  per-rule acc: 0.30 0.20
Epoch 4260 | Train: Loss=0.0165 Acc=99.9% | Test: Acc=27.4% | Best=31.3%(@4220)
  from x3: 0.25 0.28 0.28 0.28 0.28 0.28 0.28 0.27 0.27 0.27 0.27 0.27 0.27
  per-rule acc: 0.33 0.21
Epoch 4280 | Train: Loss=0.0142 Acc=99.9% | Test: Acc=28.1% | Best=31.3%(@4220)
  from x3: 0.25 0.29 0.28 0.28 0.28 0.28 0.28 0.28 0.28 0.28 0.28 0.28 0.28
  per-rule acc: 0.34 0.22
Epoch 4300 | Train: Loss=0.0128 Acc=99.9% | Test: Acc=28.8% | Best=31.3%(@4220)
  from x3: 0.27 0.30 0.29 0.29 0.29 0.29 0.29 0.29 0.29 0.29 0.29 0.29 0.29
  per-rule acc: 0.36 0.22
Epoch 4320 | Train: Loss=0.0128 Acc=99.9% | Test: Acc=28.7% | Best=31.3%(@4220)
  from x3: 0.26 0.29 0.29 0.29 0.29 0.29 0.29 0.29 0.29 0.29 0.29 0.29 0.29
  per-rule acc: 0.35 0.23
Epoch 4340 | Train: Loss=0.0085 Acc=99.9% | Test: Acc=31.2% | Best=31.3%(@4220)
  from x3: 0.29 0.32 0.31 0.31 0.31 0.31 0.31 0.31 0.31 0.32 0.31 0.32 0.31
  per-rule acc: 0.39 0.24
Epoch 4360 | Train: Loss=0.0143 Acc=99.8% | Test: Acc=30.2% | Best=31.3%(@4220)
  from x3: 0.28 0.30 0.30 0.31 0.30 0.30 0.30 0.31 0.31 0.30 0.30 0.30 0.30
  per-rule acc: 0.36 0.25
Epoch 4380 | Train: Loss=0.0174 Acc=99.9% | Test: Acc=28.8% | Best=31.3%(@4220)
  from x3: 0.26 0.30 0.29 0.29 0.29 0.29 0.29 0.29 0.29 0.29 0.29 0.29 0.29
  per-rule acc: 0.36 0.21
Epoch 4400 | Train: Loss=0.0073 Acc=99.9% | Test: Acc=32.7% | Best=32.7%(@4400)
  from x3: 0.30 0.34 0.33 0.33 0.33 0.33 0.33 0.33 0.33 0.33 0.33 0.33 0.33
  per-rule acc: 0.38 0.27
Epoch 4420 | Train: Loss=0.0056 Acc=99.9% | Test: Acc=33.0% | Best=33.0%(@4420)
  from x3: 0.31 0.33 0.33 0.33 0.33 0.33 0.33 0.33 0.33 0.33 0.33 0.33 0.33
  per-rule acc: 0.37 0.29
Epoch 4440 | Train: Loss=0.0227 Acc=99.9% | Test: Acc=28.2% | Best=33.0%(@4420)
  from x3: 0.25 0.29 0.28 0.28 0.28 0.28 0.28 0.28 0.28 0.28 0.28 0.28 0.28
  per-rule acc: 0.35 0.21
Epoch 4460 | Train: Loss=0.0144 Acc=99.9% | Test: Acc=29.4% | Best=33.0%(@4420)
  from x3: 0.27 0.30 0.30 0.29 0.30 0.29 0.30 0.30 0.30 0.30 0.30 0.30 0.30
  per-rule acc: 0.36 0.22
Epoch 4480 | Train: Loss=0.0097 Acc=99.9% | Test: Acc=30.7% | Best=33.0%(@4420)
  from x3: 0.28 0.32 0.31 0.31 0.31 0.31 0.31 0.31 0.31 0.31 0.31 0.31 0.31
  per-rule acc: 0.38 0.24
Epoch 4500 | Train: Loss=0.0056 Acc=99.9% | Test: Acc=34.5% | Best=34.5%(@4500)
  from x3: 0.32 0.35 0.35 0.35 0.35 0.35 0.35 0.35 0.35 0.35 0.35 0.35 0.35
  per-rule acc: 0.40 0.29
Epoch 4520 | Train: Loss=0.0054 Acc=99.9% | Test: Acc=33.6% | Best=34.5%(@4500)
  from x3: 0.31 0.34 0.34 0.34 0.34 0.34 0.34 0.34 0.34 0.34 0.34 0.34 0.34
  per-rule acc: 0.38 0.29
Epoch 4540 | Train: Loss=0.0192 Acc=99.9% | Test: Acc=28.8% | Best=34.5%(@4500)
  from x3: 0.26 0.30 0.29 0.29 0.29 0.29 0.29 0.29 0.29 0.29 0.29 0.29 0.29
  per-rule acc: 0.36 0.22
Epoch 4560 | Train: Loss=0.0122 Acc=99.9% | Test: Acc=29.9% | Best=34.5%(@4500)
  from x3: 0.27 0.30 0.30 0.30 0.30 0.30 0.30 0.30 0.30 0.30 0.30 0.30 0.30
  per-rule acc: 0.36 0.24
Epoch 4580 | Train: Loss=0.0116 Acc=99.9% | Test: Acc=30.1% | Best=34.5%(@4500)
  from x3: 0.28 0.30 0.30 0.30 0.30 0.30 0.30 0.30 0.30 0.30 0.30 0.30 0.30
  per-rule acc: 0.37 0.23
Epoch 4600 | Train: Loss=0.0123 Acc=99.9% | Test: Acc=29.5% | Best=34.5%(@4500)
  from x3: 0.28 0.29 0.29 0.30 0.29 0.30 0.29 0.30 0.30 0.30 0.30 0.30 0.30
  per-rule acc: 0.37 0.22
Epoch 4620 | Train: Loss=0.0112 Acc=99.9% | Test: Acc=29.8% | Best=34.5%(@4500)
  from x3: 0.28 0.31 0.30 0.30 0.30 0.30 0.30 0.30 0.30 0.30 0.30 0.30 0.30
  per-rule acc: 0.36 0.23
Epoch 4640 | Train: Loss=0.0046 Acc=99.9% | Test: Acc=36.1% | Best=36.1%(@4640)
  from x3: 0.33 0.37 0.36 0.36 0.36 0.36 0.36 0.36 0.36 0.36 0.36 0.36 0.36
  per-rule acc: 0.41 0.31
Epoch 4660 | Train: Loss=0.0054 Acc=99.9% | Test: Acc=34.4% | Best=36.1%(@4640)
  from x3: 0.32 0.35 0.35 0.35 0.35 0.35 0.35 0.35 0.35 0.35 0.35 0.35 0.35
  per-rule acc: 0.39 0.30
Epoch 4680 | Train: Loss=0.0158 Acc=99.9% | Test: Acc=32.3% | Best=36.1%(@4640)
  from x3: 0.30 0.33 0.32 0.32 0.32 0.32 0.33 0.33 0.33 0.32 0.33 0.33 0.32
  per-rule acc: 0.39 0.26
Epoch 4700 | Train: Loss=0.0126 Acc=99.9% | Test: Acc=30.6% | Best=36.1%(@4640)
  from x3: 0.28 0.31 0.31 0.31 0.31 0.31 0.31 0.31 0.31 0.31 0.31 0.31 0.31
  per-rule acc: 0.37 0.24
Epoch 4720 | Train: Loss=0.0048 Acc=99.9% | Test: Acc=35.7% | Best=36.1%(@4640)
  from x3: 0.33 0.36 0.36 0.36 0.36 0.36 0.36 0.36 0.36 0.36 0.36 0.36 0.36
  per-rule acc: 0.40 0.31
Epoch 4740 | Train: Loss=0.0290 Acc=99.8% | Test: Acc=27.5% | Best=36.1%(@4640)
  from x3: 0.25 0.28 0.28 0.28 0.28 0.28 0.28 0.28 0.28 0.28 0.28 0.28 0.28
  per-rule acc: 0.33 0.22
Epoch 4760 | Train: Loss=0.0079 Acc=99.9% | Test: Acc=33.2% | Best=36.1%(@4640)
  from x3: 0.30 0.34 0.33 0.33 0.33 0.33 0.33 0.34 0.33 0.33 0.33 0.33 0.33
  per-rule acc: 0.39 0.27
Epoch 4780 | Train: Loss=0.0143 Acc=99.9% | Test: Acc=32.1% | Best=36.1%(@4640)
  from x3: 0.29 0.33 0.32 0.32 0.32 0.32 0.32 0.32 0.32 0.32 0.32 0.32 0.32
  per-rule acc: 0.38 0.26
Epoch 4800 | Train: Loss=0.0083 Acc=99.9% | Test: Acc=32.6% | Best=36.1%(@4640)
  from x3: 0.30 0.33 0.33 0.33 0.33 0.33 0.33 0.33 0.33 0.33 0.33 0.33 0.33
  per-rule acc: 0.40 0.25
Epoch 4820 | Train: Loss=0.0097 Acc=99.9% | Test: Acc=33.7% | Best=36.1%(@4640)
  from x3: 0.31 0.34 0.34 0.34 0.34 0.34 0.34 0.34 0.34 0.34 0.34 0.34 0.34
  per-rule acc: 0.42 0.25
Epoch 4840 | Train: Loss=0.0053 Acc=99.9% | Test: Acc=36.9% | Best=36.9%(@4840)
  from x3: 0.34 0.38 0.37 0.37 0.37 0.37 0.37 0.37 0.37 0.37 0.37 0.37 0.37
  per-rule acc: 0.43 0.31
Epoch 4860 | Train: Loss=0.0052 Acc=99.9% | Test: Acc=36.6% | Best=36.9%(@4840)
  from x3: 0.34 0.37 0.37 0.37 0.37 0.37 0.37 0.37 0.37 0.37 0.37 0.37 0.37
  per-rule acc: 0.42 0.31
Epoch 4880 | Train: Loss=0.0272 Acc=99.8% | Test: Acc=28.2% | Best=36.9%(@4840)
  from x3: 0.25 0.28 0.29 0.29 0.29 0.29 0.29 0.29 0.28 0.28 0.28 0.28 0.28
  per-rule acc: 0.35 0.22
Epoch 4900 | Train: Loss=0.0154 Acc=99.9% | Test: Acc=31.4% | Best=36.9%(@4840)
  from x3: 0.29 0.32 0.32 0.32 0.32 0.32 0.32 0.32 0.32 0.31 0.31 0.31 0.31
  per-rule acc: 0.38 0.25
Epoch 4920 | Train: Loss=0.0059 Acc=99.9% | Test: Acc=36.0% | Best=36.9%(@4840)
  from x3: 0.32 0.36 0.36 0.36 0.36 0.36 0.36 0.36 0.36 0.36 0.36 0.36 0.36
  per-rule acc: 0.42 0.30
Epoch 4940 | Train: Loss=0.0112 Acc=99.9% | Test: Acc=34.2% | Best=36.9%(@4840)
  from x3: 0.32 0.35 0.34 0.34 0.34 0.34 0.34 0.34 0.34 0.34 0.34 0.34 0.35
  per-rule acc: 0.42 0.27
Epoch 4960 | Train: Loss=0.0147 Acc=99.8% | Test: Acc=33.0% | Best=36.9%(@4840)
  from x3: 0.29 0.33 0.33 0.33 0.33 0.33 0.33 0.33 0.33 0.33 0.33 0.33 0.33
  per-rule acc: 0.39 0.27
Epoch 4980 | Train: Loss=0.0050 Acc=99.9% | Test: Acc=37.5% | Best=37.5%(@4980)
  from x3: 0.34 0.38 0.38 0.38 0.38 0.38 0.38 0.38 0.38 0.38 0.38 0.38 0.38
  per-rule acc: 0.43 0.32
Epoch 5000 | Train: Loss=0.0289 Acc=99.8% | Test: Acc=29.3% | Best=37.5%(@4980)
  from x3: 0.26 0.30 0.30 0.30 0.30 0.30 0.30 0.30 0.30 0.30 0.29 0.29 0.29
  per-rule acc: 0.36 0.23
Epoch 5020 | Train: Loss=0.0121 Acc=99.9% | Test: Acc=33.0% | Best=37.5%(@4980)
  from x3: 0.29 0.34 0.33 0.33 0.33 0.33 0.33 0.33 0.33 0.33 0.33 0.33 0.33
  per-rule acc: 0.40 0.26
Epoch 5040 | Train: Loss=0.0116 Acc=99.9% | Test: Acc=34.3% | Best=37.5%(@4980)
  from x3: 0.32 0.35 0.34 0.35 0.35 0.35 0.35 0.34 0.34 0.34 0.34 0.34 0.35
  per-rule acc: 0.41 0.27
Epoch 5060 | Train: Loss=0.0059 Acc=99.9% | Test: Acc=37.5% | Best=37.5%(@5060)
  from x3: 0.34 0.38 0.38 0.38 0.38 0.38 0.38 0.38 0.38 0.38 0.38 0.38 0.38
  per-rule acc: 0.44 0.31
Epoch 5080 | Train: Loss=0.0051 Acc=99.9% | Test: Acc=38.0% | Best=38.0%(@5080)
  from x3: 0.35 0.38 0.38 0.38 0.38 0.38 0.38 0.38 0.38 0.38 0.38 0.38 0.38
  per-rule acc: 0.43 0.33
Epoch 5100 | Train: Loss=0.0162 Acc=99.9% | Test: Acc=32.1% | Best=38.0%(@5080)
  from x3: 0.28 0.33 0.32 0.32 0.32 0.32 0.32 0.32 0.32 0.32 0.32 0.32 0.32
  per-rule acc: 0.40 0.24
Epoch 5120 | Train: Loss=0.0142 Acc=99.9% | Test: Acc=33.3% | Best=38.0%(@5080)
  from x3: 0.30 0.33 0.34 0.34 0.34 0.34 0.34 0.34 0.34 0.34 0.34 0.34 0.34
  per-rule acc: 0.41 0.25
Epoch 5140 | Train: Loss=0.0081 Acc=99.9% | Test: Acc=34.6% | Best=38.0%(@5080)
  from x3: 0.32 0.35 0.35 0.35 0.35 0.35 0.35 0.35 0.35 0.35 0.35 0.35 0.35
  per-rule acc: 0.42 0.27
Epoch 5160 | Train: Loss=0.0047 Acc=99.9% | Test: Acc=39.6% | Best=39.6%(@5160)
  from x3: 0.36 0.40 0.40 0.40 0.40 0.40 0.40 0.40 0.40 0.40 0.40 0.40 0.40
  per-rule acc: 0.45 0.34
Epoch 5180 | Train: Loss=0.0051 Acc=99.9% | Test: Acc=38.2% | Best=39.6%(@5160)
  from x3: 0.34 0.39 0.39 0.38 0.38 0.38 0.39 0.39 0.39 0.39 0.39 0.39 0.39
  per-rule acc: 0.44 0.33
Epoch 5200 | Train: Loss=0.0144 Acc=99.8% | Test: Acc=34.3% | Best=39.6%(@5160)
  from x3: 0.32 0.35 0.35 0.34 0.34 0.34 0.34 0.34 0.34 0.35 0.35 0.35 0.35
  per-rule acc: 0.42 0.27
Epoch 5220 | Train: Loss=0.0113 Acc=99.9% | Test: Acc=33.1% | Best=39.6%(@5160)
  from x3: 0.30 0.34 0.34 0.33 0.33 0.33 0.33 0.33 0.33 0.33 0.33 0.33 0.33
  per-rule acc: 0.42 0.24
Epoch 5240 | Train: Loss=0.0043 Acc=99.9% | Test: Acc=40.9% | Best=40.9%(@5240)
  from x3: 0.37 0.42 0.41 0.41 0.41 0.41 0.41 0.41 0.41 0.41 0.41 0.41 0.41
  per-rule acc: 0.48 0.34
Epoch 5260 | Train: Loss=0.0072 Acc=99.9% | Test: Acc=37.2% | Best=40.9%(@5240)
  from x3: 0.34 0.38 0.37 0.37 0.38 0.38 0.37 0.38 0.37 0.37 0.37 0.37 0.37
  per-rule acc: 0.44 0.30
Epoch 5280 | Train: Loss=0.0119 Acc=99.9% | Test: Acc=34.5% | Best=40.9%(@5240)
  from x3: 0.31 0.34 0.35 0.35 0.35 0.35 0.35 0.35 0.35 0.35 0.35 0.35 0.35
  per-rule acc: 0.42 0.27
Epoch 5300 | Train: Loss=0.0112 Acc=99.9% | Test: Acc=34.4% | Best=40.9%(@5240)
  from x3: 0.32 0.35 0.35 0.34 0.34 0.34 0.35 0.35 0.35 0.35 0.35 0.35 0.35
  per-rule acc: 0.42 0.26
Epoch 5320 | Train: Loss=0.0047 Acc=99.9% | Test: Acc=40.8% | Best=40.9%(@5240)
  from x3: 0.36 0.41 0.41 0.41 0.41 0.41 0.41 0.41 0.41 0.41 0.41 0.41 0.41
  per-rule acc: 0.48 0.33
Epoch 5340 | Train: Loss=0.0050 Acc=99.9% | Test: Acc=39.5% | Best=40.9%(@5240)
  from x3: 0.36 0.40 0.40 0.40 0.40 0.40 0.40 0.40 0.40 0.40 0.40 0.40 0.40
  per-rule acc: 0.46 0.33
Epoch 5360 | Train: Loss=0.0148 Acc=99.9% | Test: Acc=33.6% | Best=40.9%(@5240)
  from x3: 0.30 0.34 0.34 0.34 0.34 0.34 0.34 0.34 0.34 0.34 0.34 0.34 0.34
  per-rule acc: 0.41 0.26
Epoch 5380 | Train: Loss=0.0045 Acc=99.9% | Test: Acc=41.1% | Best=41.1%(@5380)
  from x3: 0.38 0.42 0.41 0.41 0.41 0.41 0.41 0.41 0.41 0.41 0.41 0.41 0.41
  per-rule acc: 0.48 0.34
Epoch 5400 | Train: Loss=0.0047 Acc=99.9% | Test: Acc=40.1% | Best=41.1%(@5380)
  from x3: 0.36 0.41 0.40 0.40 0.40 0.40 0.40 0.40 0.40 0.40 0.40 0.40 0.40
  per-rule acc: 0.47 0.33
Epoch 5420 | Train: Loss=0.0047 Acc=99.9% | Test: Acc=39.0% | Best=41.1%(@5380)
  from x3: 0.35 0.40 0.39 0.39 0.39 0.39 0.39 0.39 0.39 0.39 0.39 0.39 0.39
  per-rule acc: 0.46 0.32
Epoch 5440 | Train: Loss=0.0145 Acc=99.9% | Test: Acc=34.7% | Best=41.1%(@5380)
  from x3: 0.30 0.35 0.35 0.35 0.35 0.35 0.35 0.35 0.35 0.35 0.35 0.35 0.35
  per-rule acc: 0.43 0.26
Epoch 5460 | Train: Loss=0.0042 Acc=99.9% | Test: Acc=41.6% | Best=41.6%(@5460)
  from x3: 0.38 0.42 0.42 0.42 0.42 0.42 0.42 0.42 0.42 0.42 0.42 0.42 0.42
  per-rule acc: 0.49 0.35
Epoch 5480 | Train: Loss=0.0045 Acc=99.9% | Test: Acc=41.3% | Best=41.6%(@5460)
  from x3: 0.38 0.41 0.41 0.41 0.41 0.41 0.42 0.42 0.42 0.42 0.42 0.42 0.42
  per-rule acc: 0.48 0.35
Epoch 5500 | Train: Loss=0.0045 Acc=99.9% | Test: Acc=40.2% | Best=41.6%(@5460)
  from x3: 0.35 0.41 0.41 0.41 0.41 0.41 0.41 0.41 0.41 0.41 0.41 0.41 0.41
  per-rule acc: 0.47 0.33
Epoch 5520 | Train: Loss=0.0277 Acc=99.9% | Test: Acc=31.0% | Best=41.6%(@5460)
  from x3: 0.28 0.32 0.31 0.31 0.31 0.31 0.31 0.31 0.31 0.31 0.31 0.31 0.31
  per-rule acc: 0.40 0.22
Epoch 5540 | Train: Loss=0.0123 Acc=99.9% | Test: Acc=36.5% | Best=41.6%(@5460)
  from x3: 0.33 0.37 0.37 0.37 0.37 0.37 0.37 0.37 0.37 0.37 0.37 0.37 0.37
  per-rule acc: 0.44 0.30
Epoch 5560 | Train: Loss=0.0097 Acc=99.9% | Test: Acc=37.6% | Best=41.6%(@5460)
  from x3: 0.34 0.38 0.38 0.38 0.38 0.38 0.38 0.38 0.38 0.38 0.38 0.38 0.38
  per-rule acc: 0.47 0.28
Epoch 5580 | Train: Loss=0.0042 Acc=99.9% | Test: Acc=42.5% | Best=42.5%(@5580)
  from x3: 0.39 0.42 0.43 0.43 0.43 0.43 0.43 0.43 0.43 0.43 0.43 0.43 0.43
  per-rule acc: 0.50 0.35
Epoch 5600 | Train: Loss=0.0045 Acc=99.9% | Test: Acc=41.7% | Best=42.5%(@5580)
  from x3: 0.38 0.42 0.42 0.42 0.42 0.42 0.42 0.42 0.42 0.42 0.42 0.42 0.42
  per-rule acc: 0.49 0.35
Epoch 5620 | Train: Loss=0.0156 Acc=99.9% | Test: Acc=36.6% | Best=42.5%(@5580)
  from x3: 0.33 0.37 0.37 0.37 0.37 0.37 0.37 0.37 0.37 0.37 0.37 0.37 0.37
  per-rule acc: 0.45 0.29
Epoch 5640 | Train: Loss=0.0118 Acc=99.9% | Test: Acc=37.7% | Best=42.5%(@5580)
  from x3: 0.35 0.38 0.38 0.38 0.38 0.38 0.38 0.38 0.38 0.38 0.38 0.38 0.38
  per-rule acc: 0.46 0.29
Epoch 5660 | Train: Loss=0.0044 Acc=99.9% | Test: Acc=42.9% | Best=42.9%(@5660)
  from x3: 0.40 0.43 0.43 0.43 0.43 0.43 0.43 0.43 0.43 0.43 0.43 0.43 0.43
  per-rule acc: 0.50 0.36
Epoch 5680 | Train: Loss=0.0045 Acc=99.9% | Test: Acc=42.1% | Best=42.9%(@5660)
  from x3: 0.38 0.43 0.43 0.43 0.43 0.43 0.42 0.42 0.42 0.42 0.42 0.42 0.42
  per-rule acc: 0.49 0.35
Epoch 5700 | Train: Loss=0.0193 Acc=99.9% | Test: Acc=34.8% | Best=42.9%(@5660)
  from x3: 0.32 0.35 0.35 0.35 0.35 0.35 0.35 0.35 0.35 0.35 0.35 0.35 0.35
  per-rule acc: 0.42 0.27
Epoch 5720 | Train: Loss=0.0120 Acc=99.9% | Test: Acc=36.4% | Best=42.9%(@5660)
  from x3: 0.32 0.37 0.37 0.37 0.37 0.37 0.37 0.37 0.37 0.37 0.37 0.37 0.37
  per-rule acc: 0.44 0.28
Epoch 5740 | Train: Loss=0.0040 Acc=99.9% | Test: Acc=43.8% | Best=43.8%(@5740)
  from x3: 0.41 0.45 0.44 0.44 0.44 0.44 0.44 0.44 0.44 0.44 0.44 0.44 0.44
  per-rule acc: 0.52 0.36
Epoch 5760 | Train: Loss=0.0043 Acc=99.9% | Test: Acc=43.1% | Best=43.8%(@5740)
  from x3: 0.39 0.44 0.43 0.43 0.43 0.43 0.43 0.43 0.44 0.43 0.43 0.43 0.43
  per-rule acc: 0.51 0.36
Epoch 5780 | Train: Loss=0.0044 Acc=99.9% | Test: Acc=42.3% | Best=43.8%(@5740)
  from x3: 0.38 0.42 0.43 0.43 0.43 0.43 0.43 0.43 0.43 0.43 0.43 0.43 0.43
  per-rule acc: 0.50 0.35
Epoch 5800 | Train: Loss=0.0232 Acc=99.9% | Test: Acc=34.6% | Best=43.8%(@5740)
  from x3: 0.31 0.35 0.35 0.35 0.35 0.35 0.35 0.35 0.35 0.35 0.35 0.35 0.35
  per-rule acc: 0.43 0.26
Epoch 5820 | Train: Loss=0.0140 Acc=99.8% | Test: Acc=38.9% | Best=43.8%(@5740)
  from x3: 0.36 0.39 0.39 0.39 0.39 0.39 0.39 0.39 0.39 0.39 0.39 0.39 0.39
  per-rule acc: 0.48 0.30
Epoch 5840 | Train: Loss=0.0114 Acc=99.9% | Test: Acc=39.6% | Best=43.8%(@5740)
  from x3: 0.37 0.40 0.40 0.40 0.40 0.40 0.40 0.40 0.40 0.40 0.40 0.40 0.40
  per-rule acc: 0.49 0.30
Epoch 5860 | Train: Loss=0.0076 Acc=99.9% | Test: Acc=41.8% | Best=43.8%(@5740)
  from x3: 0.39 0.42 0.42 0.42 0.42 0.42 0.42 0.42 0.42 0.42 0.42 0.42 0.42
  per-rule acc: 0.51 0.33
Epoch 5880 | Train: Loss=0.0044 Acc=99.9% | Test: Acc=44.3% | Best=44.3%(@5880)
  from x3: 0.41 0.45 0.44 0.44 0.44 0.44 0.45 0.45 0.45 0.45 0.45 0.45 0.45
  per-rule acc: 0.52 0.37
Epoch 5900 | Train: Loss=0.0044 Acc=99.9% | Test: Acc=43.5% | Best=44.3%(@5880)
  from x3: 0.40 0.44 0.44 0.44 0.44 0.44 0.44 0.44 0.44 0.44 0.44 0.44 0.44
  per-rule acc: 0.51 0.36
Epoch 5920 | Train: Loss=0.0332 Acc=99.7% | Test: Acc=31.8% | Best=44.3%(@5880)
  from x3: 0.28 0.32 0.32 0.32 0.32 0.32 0.32 0.32 0.32 0.32 0.32 0.32 0.32
  per-rule acc: 0.39 0.25
Epoch 5940 | Train: Loss=0.0139 Acc=99.9% | Test: Acc=38.2% | Best=44.3%(@5880)
  from x3: 0.34 0.38 0.39 0.39 0.39 0.39 0.39 0.39 0.39 0.39 0.39 0.39 0.39
  per-rule acc: 0.48 0.29
Epoch 5960 | Train: Loss=0.0040 Acc=99.9% | Test: Acc=44.4% | Best=44.4%(@5960)
  from x3: 0.42 0.45 0.45 0.45 0.45 0.45 0.45 0.45 0.45 0.45 0.45 0.45 0.45
  per-rule acc: 0.52 0.36
Epoch 5980 | Train: Loss=0.0041 Acc=99.9% | Test: Acc=43.8% | Best=44.4%(@5960)
  from x3: 0.40 0.44 0.44 0.44 0.44 0.44 0.44 0.44 0.44 0.44 0.44 0.44 0.44
  per-rule acc: 0.52 0.36
Epoch 6000 | Train: Loss=0.0231 Acc=99.8% | Test: Acc=34.0% | Best=44.4%(@5960)
  from x3: 0.30 0.34 0.34 0.34 0.34 0.34 0.34 0.34 0.34 0.34 0.34 0.34 0.34
  per-rule acc: 0.43 0.25
Epoch 6020 | Train: Loss=0.0125 Acc=99.8% | Test: Acc=39.7% | Best=44.4%(@5960)
  from x3: 0.36 0.40 0.40 0.40 0.40 0.40 0.40 0.40 0.40 0.40 0.40 0.40 0.40
  per-rule acc: 0.47 0.32
Epoch 6040 | Train: Loss=0.0083 Acc=99.9% | Test: Acc=41.4% | Best=44.4%(@5960)
  from x3: 0.37 0.42 0.42 0.42 0.42 0.42 0.42 0.42 0.42 0.42 0.42 0.42 0.42
  per-rule acc: 0.51 0.32
Epoch 6060 | Train: Loss=0.0042 Acc=99.9% | Test: Acc=45.8% | Best=45.8%(@6060)
  from x3: 0.42 0.46 0.46 0.46 0.46 0.46 0.46 0.46 0.46 0.46 0.46 0.46 0.46
  per-rule acc: 0.54 0.38
Epoch 6080 | Train: Loss=0.0136 Acc=99.9% | Test: Acc=36.0% | Best=45.8%(@6060)
  from x3: 0.32 0.36 0.36 0.36 0.36 0.36 0.36 0.36 0.36 0.36 0.36 0.36 0.36
  per-rule acc: 0.44 0.28
Epoch 6100 | Train: Loss=0.0091 Acc=99.9% | Test: Acc=41.7% | Best=45.8%(@6060)
  from x3: 0.38 0.42 0.42 0.42 0.42 0.42 0.42 0.42 0.42 0.42 0.42 0.42 0.42
  per-rule acc: 0.52 0.32
Epoch 6120 | Train: Loss=0.0043 Acc=99.9% | Test: Acc=45.9% | Best=45.9%(@6120)
  from x3: 0.42 0.46 0.46 0.46 0.46 0.46 0.46 0.46 0.46 0.46 0.46 0.46 0.47
  per-rule acc: 0.54 0.38
Epoch 6140 | Train: Loss=0.0095 Acc=99.9% | Test: Acc=42.5% | Best=45.9%(@6120)
  from x3: 0.38 0.43 0.43 0.43 0.43 0.43 0.43 0.43 0.43 0.43 0.43 0.43 0.43
  per-rule acc: 0.52 0.33
Epoch 6160 | Train: Loss=0.0043 Acc=99.9% | Test: Acc=45.3% | Best=45.9%(@6120)
  from x3: 0.41 0.46 0.46 0.46 0.46 0.46 0.46 0.46 0.46 0.46 0.46 0.46 0.46
  per-rule acc: 0.53 0.37
Epoch 6180 | Train: Loss=0.0142 Acc=99.9% | Test: Acc=38.5% | Best=45.9%(@6120)
  from x3: 0.35 0.40 0.39 0.39 0.39 0.39 0.39 0.39 0.39 0.39 0.39 0.39 0.39
  per-rule acc: 0.48 0.29
Epoch 6200 | Train: Loss=0.0118 Acc=99.9% | Test: Acc=39.7% | Best=45.9%(@6120)
  from x3: 0.36 0.40 0.40 0.40 0.40 0.40 0.40 0.40 0.40 0.40 0.40 0.40 0.40
  per-rule acc: 0.49 0.31
Epoch 6220 | Train: Loss=0.0042 Acc=99.9% | Test: Acc=45.6% | Best=45.9%(@6120)
  from x3: 0.42 0.46 0.46 0.46 0.46 0.46 0.46 0.46 0.46 0.46 0.46 0.46 0.46
  per-rule acc: 0.54 0.37
Epoch 6240 | Train: Loss=0.0139 Acc=99.9% | Test: Acc=38.3% | Best=45.9%(@6120)
  from x3: 0.35 0.39 0.39 0.39 0.39 0.39 0.39 0.39 0.39 0.39 0.39 0.39 0.39
  per-rule acc: 0.47 0.29
Epoch 6260 | Train: Loss=0.0044 Acc=99.9% | Test: Acc=46.4% | Best=46.4%(@6260)
  from x3: 0.43 0.47 0.47 0.47 0.47 0.47 0.47 0.47 0.47 0.47 0.47 0.47 0.47
  per-rule acc: 0.55 0.38
Epoch 6280 | Train: Loss=0.0043 Acc=99.9% | Test: Acc=45.2% | Best=46.4%(@6260)
  from x3: 0.41 0.45 0.46 0.46 0.46 0.46 0.45 0.46 0.46 0.46 0.46 0.46 0.46
  per-rule acc: 0.54 0.36
Epoch 6300 | Train: Loss=0.0160 Acc=99.9% | Test: Acc=38.2% | Best=46.4%(@6260)
  from x3: 0.35 0.38 0.38 0.39 0.39 0.39 0.39 0.39 0.38 0.38 0.38 0.38 0.38
  per-rule acc: 0.48 0.29
Epoch 6320 | Train: Loss=0.0110 Acc=99.9% | Test: Acc=42.3% | Best=46.4%(@6260)
  from x3: 0.36 0.43 0.43 0.43 0.43 0.43 0.43 0.43 0.43 0.43 0.43 0.43 0.43
  per-rule acc: 0.52 0.33
Epoch 6340 | Train: Loss=0.0041 Acc=99.9% | Test: Acc=47.2% | Best=47.2%(@6340)
  from x3: 0.43 0.48 0.48 0.48 0.48 0.48 0.48 0.48 0.48 0.48 0.48 0.48 0.48
  per-rule acc: 0.56 0.39
Epoch 6360 | Train: Loss=0.0042 Acc=99.9% | Test: Acc=45.9% | Best=47.2%(@6340)
  from x3: 0.41 0.46 0.46 0.46 0.46 0.46 0.46 0.46 0.46 0.46 0.46 0.46 0.46
  per-rule acc: 0.54 0.37
Epoch 6380 | Train: Loss=0.0041 Acc=99.9% | Test: Acc=45.0% | Best=47.2%(@6340)
  from x3: 0.40 0.45 0.45 0.45 0.45 0.45 0.45 0.45 0.45 0.46 0.46 0.45 0.45
  per-rule acc: 0.54 0.36
Epoch 6400 | Train: Loss=0.0146 Acc=99.9% | Test: Acc=38.8% | Best=47.2%(@6340)
  from x3: 0.35 0.39 0.39 0.39 0.39 0.39 0.39 0.39 0.39 0.39 0.39 0.39 0.39
  per-rule acc: 0.48 0.30
Epoch 6420 | Train: Loss=0.0039 Acc=99.9% | Test: Acc=47.0% | Best=47.2%(@6340)
  from x3: 0.43 0.47 0.47 0.47 0.47 0.47 0.47 0.47 0.47 0.47 0.47 0.47 0.47
  per-rule acc: 0.56 0.38
Epoch 6440 | Train: Loss=0.0165 Acc=99.9% | Test: Acc=38.0% | Best=47.2%(@6340)
  from x3: 0.35 0.38 0.38 0.38 0.38 0.38 0.38 0.38 0.38 0.38 0.38 0.38 0.38
  per-rule acc: 0.47 0.29
Epoch 6460 | Train: Loss=0.0041 Acc=99.9% | Test: Acc=48.2% | Best=48.2%(@6460)
  from x3: 0.43 0.48 0.49 0.49 0.49 0.49 0.49 0.49 0.49 0.49 0.49 0.49 0.49
  per-rule acc: 0.57 0.39
Epoch 6480 | Train: Loss=0.0040 Acc=99.9% | Test: Acc=46.4% | Best=48.2%(@6460)
  from x3: 0.42 0.47 0.47 0.47 0.47 0.47 0.47 0.47 0.47 0.47 0.47 0.47 0.47
  per-rule acc: 0.55 0.37
Epoch 6500 | Train: Loss=0.0174 Acc=99.9% | Test: Acc=37.8% | Best=48.2%(@6460)
  from x3: 0.33 0.38 0.38 0.38 0.38 0.38 0.38 0.38 0.38 0.38 0.38 0.38 0.38
  per-rule acc: 0.47 0.29
Epoch 6520 | Train: Loss=0.0098 Acc=99.9% | Test: Acc=41.3% | Best=48.2%(@6460)
  from x3: 0.37 0.42 0.41 0.42 0.42 0.42 0.42 0.42 0.42 0.42 0.42 0.42 0.42
  per-rule acc: 0.53 0.30
Epoch 6540 | Train: Loss=0.0041 Acc=99.9% | Test: Acc=46.5% | Best=48.2%(@6460)
  from x3: 0.43 0.47 0.47 0.47 0.47 0.47 0.47 0.47 0.47 0.47 0.47 0.47 0.47
  per-rule acc: 0.56 0.37
Epoch 6560 | Train: Loss=0.0041 Acc=99.9% | Test: Acc=46.7% | Best=48.2%(@6460)
  from x3: 0.42 0.47 0.47 0.47 0.47 0.47 0.47 0.47 0.47 0.47 0.47 0.47 0.47
  per-rule acc: 0.56 0.37
Epoch 6580 | Train: Loss=0.0041 Acc=99.9% | Test: Acc=46.0% | Best=48.2%(@6460)
  from x3: 0.41 0.46 0.46 0.47 0.47 0.46 0.46 0.46 0.46 0.46 0.46 0.46 0.46
  per-rule acc: 0.55 0.37
Epoch 6600 | Train: Loss=0.0155 Acc=99.9% | Test: Acc=39.3% | Best=48.2%(@6460)
  from x3: 0.35 0.40 0.40 0.40 0.40 0.40 0.40 0.40 0.40 0.40 0.40 0.40 0.40
  per-rule acc: 0.49 0.30
Epoch 6620 | Train: Loss=0.0071 Acc=99.9% | Test: Acc=43.6% | Best=48.2%(@6460)
  from x3: 0.39 0.44 0.44 0.44 0.44 0.44 0.44 0.44 0.44 0.44 0.44 0.44 0.44
  per-rule acc: 0.54 0.33
Epoch 6640 | Train: Loss=0.0042 Acc=99.9% | Test: Acc=47.6% | Best=48.2%(@6460)
  from x3: 0.44 0.48 0.48 0.48 0.48 0.48 0.48 0.48 0.48 0.48 0.48 0.48 0.48
  per-rule acc: 0.56 0.39
Epoch 6660 | Train: Loss=0.0041 Acc=99.9% | Test: Acc=47.2% | Best=48.2%(@6460)
  from x3: 0.43 0.47 0.47 0.47 0.47 0.47 0.48 0.48 0.48 0.48 0.48 0.48 0.48
  per-rule acc: 0.57 0.38
Epoch 6680 | Train: Loss=0.0041 Acc=99.9% | Test: Acc=46.5% | Best=48.2%(@6460)
  from x3: 0.42 0.47 0.47 0.47 0.47 0.47 0.47 0.47 0.47 0.47 0.47 0.47 0.47
  per-rule acc: 0.56 0.37
Epoch 6700 | Train: Loss=0.0217 Acc=99.9% | Test: Acc=36.9% | Best=48.2%(@6460)
  from x3: 0.33 0.37 0.37 0.37 0.37 0.37 0.37 0.37 0.37 0.37 0.37 0.37 0.37
  per-rule acc: 0.47 0.27
Epoch 6720 | Train: Loss=0.0061 Acc=99.9% | Test: Acc=44.5% | Best=48.2%(@6460)
  from x3: 0.41 0.45 0.45 0.45 0.45 0.45 0.45 0.45 0.45 0.45 0.45 0.45 0.45
  per-rule acc: 0.54 0.35
Epoch 6740 | Train: Loss=0.0039 Acc=99.9% | Test: Acc=47.0% | Best=48.2%(@6460)
  from x3: 0.42 0.48 0.47 0.47 0.47 0.47 0.47 0.47 0.48 0.47 0.48 0.48 0.48
  per-rule acc: 0.57 0.37
Epoch 6760 | Train: Loss=0.0050 Acc=99.9% | Test: Acc=43.5% | Best=48.2%(@6460)
  from x3: 0.39 0.44 0.44 0.44 0.44 0.44 0.44 0.44 0.44 0.44 0.44 0.44 0.44
  per-rule acc: 0.54 0.33
Epoch 6780 | Train: Loss=0.0051 Acc=99.9% | Test: Acc=45.8% | Best=48.2%(@6460)
  from x3: 0.42 0.46 0.46 0.46 0.46 0.46 0.46 0.46 0.46 0.46 0.46 0.46 0.46
  per-rule acc: 0.55 0.36
Epoch 6800 | Train: Loss=0.0039 Acc=99.9% | Test: Acc=47.1% | Best=48.2%(@6460)
  from x3: 0.42 0.47 0.47 0.47 0.47 0.47 0.48 0.48 0.48 0.48 0.48 0.48 0.47
  per-rule acc: 0.56 0.38
Epoch 6820 | Train: Loss=0.0038 Acc=99.9% | Test: Acc=46.1% | Best=48.2%(@6460)
  from x3: 0.41 0.46 0.47 0.47 0.47 0.47 0.47 0.47 0.46 0.47 0.47 0.46 0.47
  per-rule acc: 0.55 0.37
Epoch 6840 | Train: Loss=0.0204 Acc=99.8% | Test: Acc=36.1% | Best=48.2%(@6460)
  from x3: 0.32 0.36 0.36 0.36 0.36 0.36 0.37 0.36 0.37 0.37 0.37 0.37 0.37
  per-rule acc: 0.46 0.27
Epoch 6860 | Train: Loss=0.0071 Acc=99.9% | Test: Acc=42.9% | Best=48.2%(@6460)
  from x3: 0.38 0.43 0.43 0.43 0.43 0.43 0.43 0.43 0.43 0.43 0.43 0.43 0.43
  per-rule acc: 0.53 0.33
Epoch 6880 | Train: Loss=0.0037 Acc=99.9% | Test: Acc=47.9% | Best=48.2%(@6460)
  from x3: 0.43 0.48 0.48 0.48 0.48 0.48 0.48 0.48 0.48 0.48 0.48 0.48 0.49
  per-rule acc: 0.58 0.38
Epoch 6900 | Train: Loss=0.0200 Acc=99.7% | Test: Acc=37.8% | Best=48.2%(@6460)
  from x3: 0.34 0.38 0.38 0.38 0.38 0.38 0.38 0.38 0.38 0.38 0.38 0.38 0.38
  per-rule acc: 0.48 0.28
Epoch 6920 | Train: Loss=0.0063 Acc=99.9% | Test: Acc=44.2% | Best=48.2%(@6460)
  from x3: 0.40 0.44 0.45 0.45 0.45 0.45 0.45 0.45 0.45 0.45 0.45 0.45 0.45
  per-rule acc: 0.54 0.34
Epoch 6940 | Train: Loss=0.0039 Acc=99.9% | Test: Acc=47.1% | Best=48.2%(@6460)
  from x3: 0.42 0.48 0.47 0.47 0.47 0.47 0.47 0.48 0.48 0.48 0.48 0.48 0.48
  per-rule acc: 0.56 0.38
Epoch 6960 | Train: Loss=0.0039 Acc=99.9% | Test: Acc=46.3% | Best=48.2%(@6460)
  from x3: 0.41 0.47 0.47 0.47 0.47 0.47 0.47 0.47 0.47 0.47 0.47 0.47 0.47
  per-rule acc: 0.56 0.37
Epoch 6980 | Train: Loss=0.0037 Acc=99.9% | Test: Acc=46.2% | Best=48.2%(@6460)
  from x3: 0.40 0.46 0.47 0.47 0.47 0.47 0.47 0.47 0.47 0.47 0.47 0.47 0.47
  per-rule acc: 0.56 0.37
Epoch 7000 | Train: Loss=0.0143 Acc=99.9% | Test: Acc=37.7% | Best=48.2%(@6460)
  from x3: 0.35 0.38 0.38 0.38 0.38 0.38 0.38 0.38 0.38 0.38 0.38 0.38 0.38
  per-rule acc: 0.48 0.28
Epoch 7020 | Train: Loss=0.0037 Acc=99.9% | Test: Acc=47.9% | Best=48.2%(@6460)
  from x3: 0.43 0.48 0.48 0.48 0.48 0.48 0.48 0.48 0.48 0.48 0.48 0.48 0.48
  per-rule acc: 0.57 0.38
Epoch 7040 | Train: Loss=0.0036 Acc=99.9% | Test: Acc=47.0% | Best=48.2%(@6460)
  from x3: 0.42 0.47 0.47 0.48 0.48 0.47 0.47 0.47 0.47 0.47 0.47 0.47 0.47
  per-rule acc: 0.56 0.38
Epoch 7060 | Train: Loss=0.0222 Acc=99.8% | Test: Acc=35.9% | Best=48.2%(@6460)
  from x3: 0.33 0.36 0.36 0.36 0.36 0.36 0.36 0.36 0.36 0.36 0.36 0.36 0.36
  per-rule acc: 0.47 0.25
Epoch 7080 | Train: Loss=0.0037 Acc=99.9% | Test: Acc=47.3% | Best=48.2%(@6460)
  from x3: 0.42 0.48 0.48 0.48 0.48 0.48 0.48 0.48 0.48 0.48 0.48 0.48 0.48
  per-rule acc: 0.57 0.38
Epoch 7100 | Train: Loss=0.0036 Acc=99.9% | Test: Acc=46.9% | Best=48.2%(@6460)
  from x3: 0.42 0.47 0.47 0.47 0.47 0.47 0.47 0.47 0.47 0.47 0.47 0.47 0.47
  per-rule acc: 0.56 0.37
Epoch 7120 | Train: Loss=0.0035 Acc=99.9% | Test: Acc=46.1% | Best=48.2%(@6460)
  from x3: 0.41 0.47 0.47 0.46 0.46 0.46 0.47 0.47 0.47 0.46 0.46 0.46 0.47
  per-rule acc: 0.56 0.37
Epoch 7140 | Train: Loss=0.0032 Acc=99.9% | Test: Acc=45.7% | Best=48.2%(@6460)
  from x3: 0.40 0.46 0.46 0.46 0.46 0.46 0.46 0.46 0.46 0.46 0.46 0.46 0.46
  per-rule acc: 0.55 0.36
Epoch 7160 | Train: Loss=0.0350 Acc=99.6% | Test: Acc=32.2% | Best=48.2%(@6460)
  from x3: 0.29 0.33 0.32 0.32 0.32 0.32 0.33 0.33 0.32 0.32 0.33 0.32 0.33
  per-rule acc: 0.42 0.22
Epoch 7180 | Train: Loss=0.0034 Acc=99.9% | Test: Acc=47.0% | Best=48.2%(@6460)
  from x3: 0.42 0.47 0.47 0.47 0.47 0.47 0.47 0.47 0.47 0.47 0.47 0.47 0.47
  per-rule acc: 0.56 0.38
Epoch 7200 | Train: Loss=0.0087 Acc=99.9% | Test: Acc=40.7% | Best=48.2%(@6460)
  from x3: 0.37 0.42 0.41 0.41 0.41 0.41 0.41 0.41 0.41 0.41 0.41 0.41 0.41
  per-rule acc: 0.51 0.30
Epoch 7220 | Train: Loss=0.0034 Acc=99.9% | Test: Acc=48.0% | Best=48.2%(@6460)
  from x3: 0.43 0.48 0.49 0.49 0.48 0.48 0.48 0.48 0.48 0.48 0.48 0.48 0.48
  per-rule acc: 0.58 0.38
Epoch 7240 | Train: Loss=0.0034 Acc=99.9% | Test: Acc=47.4% | Best=48.2%(@6460)
  from x3: 0.42 0.48 0.48 0.48 0.48 0.48 0.48 0.48 0.48 0.48 0.48 0.48 0.48
  per-rule acc: 0.58 0.37
Epoch 7260 | Train: Loss=0.0034 Acc=99.9% | Test: Acc=46.8% | Best=48.2%(@6460)
  from x3: 0.42 0.47 0.47 0.47 0.47 0.47 0.47 0.47 0.47 0.47 0.47 0.47 0.47
  per-rule acc: 0.57 0.37
Epoch 7280 | Train: Loss=0.0033 Acc=99.9% | Test: Acc=46.2% | Best=48.2%(@6460)
  from x3: 0.41 0.47 0.47 0.47 0.47 0.47 0.47 0.47 0.47 0.47 0.47 0.47 0.47
  per-rule acc: 0.56 0.36
Epoch 7300 | Train: Loss=0.0051 Acc=99.9% | Test: Acc=45.3% | Best=48.2%(@6460)
  from x3: 0.40 0.46 0.46 0.46 0.46 0.46 0.46 0.46 0.46 0.46 0.46 0.46 0.46
  per-rule acc: 0.54 0.36
Epoch 7320 | Train: Loss=0.0034 Acc=99.9% | Test: Acc=47.2% | Best=48.2%(@6460)
  from x3: 0.42 0.48 0.47 0.47 0.47 0.47 0.48 0.48 0.48 0.48 0.48 0.48 0.48
  per-rule acc: 0.57 0.38
Epoch 7340 | Train: Loss=0.0138 Acc=99.9% | Test: Acc=38.2% | Best=48.2%(@6460)
  from x3: 0.33 0.39 0.39 0.39 0.39 0.39 0.39 0.39 0.39 0.39 0.39 0.39 0.39
  per-rule acc: 0.49 0.27
Epoch 7360 | Train: Loss=0.0035 Acc=99.9% | Test: Acc=47.0% | Best=48.2%(@6460)
  from x3: 0.42 0.47 0.47 0.47 0.47 0.47 0.47 0.47 0.47 0.47 0.47 0.47 0.47
  per-rule acc: 0.57 0.37
Epoch 7380 | Train: Loss=0.0034 Acc=99.9% | Test: Acc=46.7% | Best=48.2%(@6460)
  from x3: 0.41 0.47 0.47 0.47 0.47 0.47 0.47 0.47 0.47 0.47 0.47 0.47 0.47
  per-rule acc: 0.57 0.36
Epoch 7400 | Train: Loss=0.0033 Acc=99.9% | Test: Acc=46.1% | Best=48.2%(@6460)
  from x3: 0.40 0.47 0.47 0.47 0.47 0.47 0.47 0.47 0.47 0.47 0.47 0.47 0.47
  per-rule acc: 0.56 0.36
Epoch 7420 | Train: Loss=0.0082 Acc=99.9% | Test: Acc=40.6% | Best=48.2%(@6460)
  from x3: 0.36 0.41 0.41 0.41 0.41 0.41 0.41 0.41 0.41 0.41 0.41 0.41 0.41
  per-rule acc: 0.51 0.30
Epoch 7440 | Train: Loss=0.0035 Acc=99.9% | Test: Acc=46.6% | Best=48.2%(@6460)
  from x3: 0.42 0.47 0.47 0.47 0.47 0.47 0.47 0.47 0.47 0.47 0.47 0.47 0.47
  per-rule acc: 0.57 0.37
Epoch 7460 | Train: Loss=0.0034 Acc=99.9% | Test: Acc=46.8% | Best=48.2%(@6460)
  from x3: 0.42 0.47 0.47 0.47 0.47 0.47 0.47 0.47 0.47 0.47 0.47 0.47 0.47
  per-rule acc: 0.57 0.37
Epoch 7480 | Train: Loss=0.0033 Acc=99.9% | Test: Acc=46.4% | Best=48.2%(@6460)
  from x3: 0.41 0.47 0.47 0.47 0.47 0.47 0.47 0.47 0.47 0.47 0.47 0.47 0.47
  per-rule acc: 0.57 0.36
Epoch 7500 | Train: Loss=0.0079 Acc=99.9% | Test: Acc=40.0% | Best=48.2%(@6460)
  from x3: 0.35 0.40 0.41 0.41 0.41 0.41 0.41 0.40 0.40 0.40 0.40 0.40 0.40
  per-rule acc: 0.51 0.29
Epoch 7520 | Train: Loss=0.0035 Acc=99.9% | Test: Acc=47.0% | Best=48.2%(@6460)
  from x3: 0.42 0.47 0.47 0.47 0.47 0.47 0.47 0.47 0.47 0.47 0.47 0.47 0.47
  per-rule acc: 0.57 0.37
Epoch 7540 | Train: Loss=0.0034 Acc=99.9% | Test: Acc=46.7% | Best=48.2%(@6460)
  from x3: 0.41 0.47 0.47 0.47 0.47 0.47 0.47 0.47 0.47 0.47 0.47 0.47 0.47
  per-rule acc: 0.56 0.37
Epoch 7560 | Train: Loss=0.0033 Acc=99.9% | Test: Acc=46.0% | Best=48.2%(@6460)
  from x3: 0.40 0.47 0.46 0.46 0.46 0.46 0.46 0.46 0.46 0.46 0.47 0.47 0.46
  per-rule acc: 0.56 0.36
Epoch 7580 | Train: Loss=0.0175 Acc=99.9% | Test: Acc=33.5% | Best=48.2%(@6460)
  from x3: 0.29 0.34 0.34 0.34 0.34 0.34 0.34 0.34 0.34 0.34 0.34 0.34 0.34
  per-rule acc: 0.43 0.24
Epoch 7600 | Train: Loss=0.0037 Acc=99.9% | Test: Acc=45.4% | Best=48.2%(@6460)
  from x3: 0.41 0.46 0.46 0.46 0.46 0.46 0.46 0.46 0.46 0.46 0.46 0.46 0.46
  per-rule acc: 0.55 0.36
Epoch 7620 | Train: Loss=0.0033 Acc=99.9% | Test: Acc=46.5% | Best=48.2%(@6460)
  from x3: 0.41 0.47 0.47 0.47 0.47 0.47 0.47 0.47 0.47 0.47 0.47 0.47 0.47
  per-rule acc: 0.57 0.36
Epoch 7640 | Train: Loss=0.0033 Acc=99.9% | Test: Acc=46.3% | Best=48.2%(@6460)
  from x3: 0.40 0.47 0.47 0.47 0.47 0.47 0.47 0.47 0.47 0.47 0.47 0.47 0.47
  per-rule acc: 0.57 0.36
Epoch 7660 | Train: Loss=0.0122 Acc=99.9% | Test: Acc=38.2% | Best=48.2%(@6460)
  from x3: 0.33 0.38 0.39 0.39 0.39 0.39 0.39 0.39 0.39 0.39 0.39 0.39 0.39
  per-rule acc: 0.48 0.28
Epoch 7680 | Train: Loss=0.0035 Acc=99.9% | Test: Acc=46.0% | Best=48.2%(@6460)
  from x3: 0.41 0.46 0.46 0.46 0.46 0.46 0.46 0.47 0.46 0.47 0.46 0.46 0.46
  per-rule acc: 0.56 0.36
Epoch 7700 | Train: Loss=0.0034 Acc=99.9% | Test: Acc=46.2% | Best=48.2%(@6460)
  from x3: 0.41 0.47 0.47 0.47 0.47 0.47 0.47 0.47 0.47 0.47 0.47 0.47 0.47
  per-rule acc: 0.56 0.37
Epoch 7720 | Train: Loss=0.0033 Acc=99.9% | Test: Acc=45.5% | Best=48.2%(@6460)
  from x3: 0.40 0.46 0.46 0.46 0.46 0.46 0.46 0.46 0.46 0.46 0.46 0.46 0.46
  per-rule acc: 0.55 0.36
Epoch 7740 | Train: Loss=0.0083 Acc=99.8% | Test: Acc=38.3% | Best=48.2%(@6460)
  from x3: 0.34 0.39 0.39 0.39 0.39 0.39 0.39 0.39 0.39 0.39 0.39 0.39 0.39
  per-rule acc: 0.48 0.28
Epoch 7760 | Train: Loss=0.0033 Acc=99.9% | Test: Acc=45.9% | Best=48.2%(@6460)
  from x3: 0.41 0.46 0.46 0.46 0.46 0.46 0.46 0.46 0.46 0.46 0.46 0.46 0.46
  per-rule acc: 0.56 0.36
Epoch 7780 | Train: Loss=0.0033 Acc=99.9% | Test: Acc=45.8% | Best=48.2%(@6460)
  from x3: 0.40 0.47 0.46 0.46 0.46 0.46 0.46 0.46 0.46 0.46 0.46 0.46 0.46
  per-rule acc: 0.55 0.36
Epoch 7800 | Train: Loss=0.0032 Acc=99.9% | Test: Acc=45.5% | Best=48.2%(@6460)
  from x3: 0.39 0.46 0.46 0.46 0.46 0.46 0.46 0.46 0.46 0.46 0.46 0.46 0.46
  per-rule acc: 0.55 0.36
Epoch 7820 | Train: Loss=0.0031 Acc=99.9% | Test: Acc=45.2% | Best=48.2%(@6460)
  from x3: 0.39 0.46 0.46 0.46 0.46 0.46 0.46 0.46 0.46 0.46 0.46 0.46 0.46
  per-rule acc: 0.55 0.36
Epoch 7840 | Train: Loss=0.0134 Acc=99.9% | Test: Acc=33.8% | Best=48.2%(@6460)
  from x3: 0.31 0.34 0.34 0.34 0.34 0.34 0.34 0.34 0.34 0.34 0.34 0.34 0.34
  per-rule acc: 0.44 0.23
Epoch 7860 | Train: Loss=0.0031 Acc=99.9% | Test: Acc=45.0% | Best=48.2%(@6460)
  from x3: 0.40 0.45 0.45 0.45 0.45 0.45 0.45 0.45 0.45 0.45 0.45 0.45 0.45
  per-rule acc: 0.55 0.35
Epoch 7880 | Train: Loss=0.0030 Acc=99.9% | Test: Acc=45.2% | Best=48.2%(@6460)
  from x3: 0.39 0.46 0.46 0.46 0.46 0.46 0.46 0.46 0.46 0.46 0.46 0.46 0.46
  per-rule acc: 0.55 0.35
Epoch 7900 | Train: Loss=0.0030 Acc=99.9% | Test: Acc=44.8% | Best=48.2%(@6460)
  from x3: 0.39 0.46 0.45 0.45 0.45 0.45 0.45 0.45 0.45 0.45 0.45 0.45 0.45
  per-rule acc: 0.55 0.35
Epoch 7920 | Train: Loss=0.0029 Acc=99.9% | Test: Acc=44.4% | Best=48.2%(@6460)
  from x3: 0.38 0.45 0.45 0.45 0.45 0.45 0.45 0.45 0.45 0.45 0.45 0.45 0.45
  per-rule acc: 0.54 0.34
Epoch 7940 | Train: Loss=0.0028 Acc=99.9% | Test: Acc=44.2% | Best=48.2%(@6460)
  from x3: 0.38 0.45 0.45 0.45 0.45 0.45 0.45 0.45 0.45 0.45 0.45 0.45 0.45
  per-rule acc: 0.54 0.35
Epoch 7960 | Train: Loss=0.0105 Acc=99.9% | Test: Acc=35.3% | Best=48.2%(@6460)
  from x3: 0.31 0.35 0.36 0.36 0.36 0.36 0.36 0.36 0.36 0.36 0.36 0.36 0.36
  per-rule acc: 0.46 0.25
Epoch 7980 | Train: Loss=0.0028 Acc=99.9% | Test: Acc=44.8% | Best=48.2%(@6460)
  from x3: 0.40 0.45 0.45 0.45 0.45 0.45 0.45 0.45 0.45 0.45 0.45 0.45 0.45
  per-rule acc: 0.55 0.35
Epoch 8000 | Train: Loss=0.0028 Acc=99.9% | Test: Acc=44.8% | Best=48.2%(@6460)
  from x3: 0.40 0.45 0.45 0.45 0.45 0.45 0.45 0.45 0.45 0.45 0.45 0.45 0.45
  per-rule acc: 0.54 0.35
Epoch 8020 | Train: Loss=0.0028 Acc=99.9% | Test: Acc=44.7% | Best=48.2%(@6460)
  from x3: 0.39 0.45 0.45 0.45 0.45 0.45 0.45 0.45 0.45 0.45 0.45 0.45 0.45
  per-rule acc: 0.54 0.35
Epoch 8040 | Train: Loss=0.0028 Acc=99.9% | Test: Acc=44.3% | Best=48.2%(@6460)
  from x3: 0.38 0.45 0.45 0.45 0.45 0.45 0.45 0.45 0.45 0.45 0.45 0.45 0.45
  per-rule acc: 0.54 0.35
Epoch 8060 | Train: Loss=0.0027 Acc=99.9% | Test: Acc=43.8% | Best=48.2%(@6460)
  from x3: 0.38 0.44 0.44 0.44 0.44 0.44 0.44 0.44 0.44 0.44 0.44 0.44 0.44
  per-rule acc: 0.53 0.34
Epoch 8080 | Train: Loss=0.0033 Acc=99.9% | Test: Acc=42.2% | Best=48.2%(@6460)
  from x3: 0.37 0.43 0.43 0.43 0.43 0.43 0.43 0.43 0.43 0.43 0.43 0.43 0.43
  per-rule acc: 0.52 0.33
Epoch 8100 | Train: Loss=0.0027 Acc=99.9% | Test: Acc=44.1% | Best=48.2%(@6460)
  from x3: 0.39 0.45 0.44 0.44 0.44 0.44 0.44 0.45 0.45 0.45 0.44 0.44 0.44
  per-rule acc: 0.54 0.35
Epoch 8120 | Train: Loss=0.0027 Acc=99.9% | Test: Acc=44.4% | Best=48.2%(@6460)
  from x3: 0.39 0.45 0.45 0.45 0.45 0.45 0.45 0.45 0.45 0.45 0.45 0.45 0.45
  per-rule acc: 0.54 0.35
Epoch 8140 | Train: Loss=0.0027 Acc=99.9% | Test: Acc=43.8% | Best=48.2%(@6460)
  from x3: 0.38 0.44 0.44 0.44 0.44 0.44 0.44 0.44 0.44 0.44 0.44 0.44 0.44
  per-rule acc: 0.54 0.34
Epoch 8160 | Train: Loss=0.0026 Acc=99.9% | Test: Acc=43.1% | Best=48.2%(@6460)
  from x3: 0.37 0.44 0.44 0.44 0.44 0.44 0.44 0.44 0.44 0.44 0.44 0.44 0.44
  per-rule acc: 0.53 0.34
Epoch 8180 | Train: Loss=0.0065 Acc=99.9% | Test: Acc=36.6% | Best=48.2%(@6460)
  from x3: 0.32 0.37 0.37 0.37 0.37 0.37 0.37 0.37 0.37 0.37 0.37 0.37 0.37
  per-rule acc: 0.46 0.27
Epoch 8200 | Train: Loss=0.0027 Acc=99.9% | Test: Acc=44.2% | Best=48.2%(@6460)
  from x3: 0.39 0.45 0.45 0.45 0.45 0.45 0.45 0.45 0.45 0.45 0.45 0.45 0.45
  per-rule acc: 0.54 0.34
Epoch 8220 | Train: Loss=0.0027 Acc=99.9% | Test: Acc=44.0% | Best=48.2%(@6460)
  from x3: 0.38 0.45 0.44 0.44 0.44 0.44 0.44 0.45 0.44 0.44 0.44 0.44 0.44
  per-rule acc: 0.54 0.34
Epoch 8240 | Train: Loss=0.0027 Acc=99.9% | Test: Acc=43.4% | Best=48.2%(@6460)
  from x3: 0.38 0.44 0.44 0.44 0.44 0.44 0.44 0.44 0.44 0.44 0.44 0.44 0.44
  per-rule acc: 0.53 0.33
Epoch 8260 | Train: Loss=0.0111 Acc=99.9% | Test: Acc=33.1% | Best=48.2%(@6460)
  from x3: 0.29 0.34 0.33 0.33 0.33 0.33 0.33 0.33 0.33 0.33 0.33 0.33 0.33
  per-rule acc: 0.43 0.23
Epoch 8280 | Train: Loss=0.0028 Acc=99.9% | Test: Acc=42.7% | Best=48.2%(@6460)
  from x3: 0.37 0.44 0.43 0.43 0.43 0.43 0.43 0.43 0.43 0.43 0.43 0.43 0.43
  per-rule acc: 0.53 0.33
Epoch 8300 | Train: Loss=0.0028 Acc=99.9% | Test: Acc=43.1% | Best=48.2%(@6460)
  from x3: 0.38 0.44 0.43 0.44 0.44 0.44 0.44 0.44 0.44 0.44 0.44 0.43 0.44
  per-rule acc: 0.52 0.34
Epoch 8320 | Train: Loss=0.0028 Acc=99.9% | Test: Acc=42.8% | Best=48.2%(@6460)
  from x3: 0.37 0.43 0.43 0.43 0.43 0.43 0.43 0.43 0.43 0.43 0.43 0.43 0.43
  per-rule acc: 0.52 0.33
Epoch 8340 | Train: Loss=0.0060 Acc=99.9% | Test: Acc=37.3% | Best=48.2%(@6460)
  from x3: 0.33 0.38 0.38 0.38 0.38 0.38 0.38 0.38 0.38 0.38 0.38 0.38 0.38
  per-rule acc: 0.48 0.27
Epoch 8360 | Train: Loss=0.0028 Acc=99.9% | Test: Acc=43.4% | Best=48.2%(@6460)
  from x3: 0.38 0.44 0.44 0.44 0.44 0.44 0.44 0.44 0.44 0.44 0.44 0.44 0.44
  per-rule acc: 0.53 0.34
Epoch 8380 | Train: Loss=0.0028 Acc=99.9% | Test: Acc=43.2% | Best=48.2%(@6460)
  from x3: 0.38 0.44 0.44 0.44 0.44 0.44 0.44 0.44 0.44 0.44 0.44 0.44 0.44
  per-rule acc: 0.53 0.34
Epoch 8400 | Train: Loss=0.0027 Acc=99.9% | Test: Acc=42.7% | Best=48.2%(@6460)
  from x3: 0.37 0.44 0.43 0.43 0.43 0.43 0.43 0.43 0.43 0.43 0.43 0.43 0.43
  per-rule acc: 0.52 0.33
Epoch 8420 | Train: Loss=0.0058 Acc=99.9% | Test: Acc=36.2% | Best=48.2%(@6460)
  from x3: 0.31 0.36 0.37 0.37 0.37 0.37 0.37 0.37 0.37 0.37 0.37 0.37 0.37
  per-rule acc: 0.46 0.26
Epoch 8440 | Train: Loss=0.0028 Acc=99.9% | Test: Acc=42.4% | Best=48.2%(@6460)
  from x3: 0.37 0.43 0.43 0.43 0.43 0.43 0.43 0.43 0.43 0.43 0.43 0.43 0.43
  per-rule acc: 0.52 0.33
Epoch 8460 | Train: Loss=0.0027 Acc=99.9% | Test: Acc=42.5% | Best=48.2%(@6460)
  from x3: 0.37 0.43 0.43 0.43 0.43 0.43 0.43 0.43 0.43 0.43 0.43 0.43 0.43
  per-rule acc: 0.52 0.33
[Early stop] No improvement for 2000 consecutive epochs

==================================================
Saving model...
[OK] Model saved to: /home/cxm/ai/test0617-basic/models/mixed_basic_d256l2_r16_t16_c0.5.pth
  File size: 18692.5 KB
  Best test accuracy: 48.22%

==================================================
Final generation test (given first two items, AB generates 3rd as prompt, validate from 4th)
==================================================

--- AB pair 1: (1, 1) ---

--- Statistics for AB=(1,1) ---
Exposed    samples:  1405 | In-dist: 18109/18265 ( 99.1%) | OOD: 22288/22480 ( 99.1%)
Unexposed  samples:  1404 | In-dist:  6631/18252 ( 36.3%) | OOD:  7951/22464 ( 35.4%)

--- AB pair 2: (1, 2) ---

--- Statistics for AB=(1,2) ---
Exposed    samples:  1405 | In-dist: 18213/18265 ( 99.7%) | OOD: 22420/22480 ( 99.7%)
Unexposed  samples:  1404 | In-dist:  7056/18252 ( 38.7%) | OOD:  9175/22464 ( 40.8%)

--- Return code: 0 ---

======================================================================
Attention Analysis
======================================================================
Model config: addition (default), p=53
Best test accuracy: 0.4821663379355687
Training epochs: 8460

Random test sequence 1/5 (length 32): [13, 25, 38, 10, 48, 5, 0, 5, 5, 10, 15, 25, 40, 12, 52, 11, 10, 21, 31, 52]...

======================================================================
Attention Layer Training Result Summary
======================================================================
Input sequence: [13, 25, 38, 10, 48, 5, 0, 5, 5, 10, 15, 25, 40, 12, 52, 11, 10, 21, 31, 52, 30, 29, 6, 35, 41, 23, 11, 34, 45, 26, 18, 44]

--- Layer 0 ---
  Head 0: Entropy=0.396
    Attention coefficients from each query position to previous positions:
      i= 0 -> j=0:1.000
      i= 1 -> j=0:0.983, j=1:0.017
      i= 2 -> j=0:0.045, j=1:0.939, j=2:0.016
      i= 3 -> j=0:0.000, j=1:0.084, j=2:0.902, j=3:0.014
      i= 4 -> j=0:0.000, j=1:0.000, j=2:0.093, j=3:0.882, j=4:0.025
      i= 5 -> j=0:0.000, j=1:0.000, j=2:0.000, j=3:0.103, j=4:0.887, j=5:0.010
      i= 6 -> j=0:0.000, j=1:0.000, j=2:0.000, j=3:0.000, j=4:0.159, j=5:0.824, j=6:0.018
      i= 7 -> j=0:0.000, j=1:0.000, j=2:0.000, j=3:0.000, j=4:0.000, j=5:0.061, j=6:0.927, j=7:0.012
      i= 8 -> j=0:0.001, j=1:0.000, j=2:0.000, j=3:0.000, j=4:0.000, j=5:0.000, j=6:0.165, j=7:0.813, j=8:0.021
      i= 9 -> j=0:0.000, j=1:0.001, j=2:0.000, j=3:0.000, j=4:0.000, j=5:0.000, j=6:0.000, j=7:0.111, j=8:0.866, j=9:0.022
      i=10 -> j=0:0.000, j=1:0.000, j=2:0.000, j=3:0.000, j=4:0.000, j=5:0.000, j=6:0.000, j=7:0.000, j=8:0.059, j=9:0.920, j=10:0.020
      i=11 -> j=0:0.000, j=1:0.000, j=2:0.000, j=3:0.001, j=4:0.000, j=5:0.000, j=6:0.000, j=7:0.000, j=8:0.000, j=9:0.109, j=10:0.872, j=11:0.018
      i=12 -> j=0:0.000, j=1:0.000, j=2:0.000, j=3:0.001, j=4:0.001, j=5:0.000, j=6:0.000, j=7:0.000, j=8:0.000, j=9:0.000, j=10:0.074, j=11:0.908, j=12:0.017
      i=13 -> j=0:0.000, j=1:0.000, j=2:0.000, j=3:0.000, j=4:0.001, j=5:0.000, j=6:0.000, j=7:0.000, j=8:0.000, j=9:0.000, j=10:0.000, j=11:0.085, j=12:0.889, j=13:0.025
      i=14 -> j=0:0.000, j=1:0.000, j=2:0.000, j=3:0.000, j=4:0.000, j=5:0.000, j=6:0.000, j=7:0.000, j=8:0.000, j=9:0.000, j=10:0.000, j=11:0.000, j=12:0.050, j=13:0.919, j=14:0.031
      i=15 -> j=0:0.000, j=1:0.000, j=2:0.000, j=3:0.000, j=4:0.000, j=5:0.000, j=6:0.001, j=7:0.000, j=8:0.000, j=9:0.000, j=10:0.000, j=11:0.000, j=12:0.000, j=13:0.056, j=14:0.931, j=15:0.012
      i=16 -> j=0:0.000, j=1:0.000, j=2:0.000, j=3:0.000, j=4:0.000, j=5:0.000, j=6:0.000, j=7:0.000, j=8:0.000, j=9:0.000, j=10:0.000, j=11:0.000, j=12:0.000, j=13:0.000, j=14:0.073, j=15:0.914, j=16:0.012
      i=17 -> j=0:0.000, j=1:0.000, j=2:0.000, j=3:0.000, j=4:0.000, j=5:0.000, j=6:0.000, j=7:0.000, j=8:0.000, j=9:0.000, j=10:0.000, j=11:0.000, j=12:0.000, j=13:0.000, j=14:0.000, j=15:0.101, j=16:0.876, j=17:0.023
      i=18 -> j=0:0.000, j=1:0.000, j=2:0.000, j=3:0.000, j=4:0.000, j=5:0.000, j=6:0.000, j=7:0.000, j=8:0.000, j=9:0.001, j=10:0.001, j=11:0.000, j=12:0.000, j=13:0.000, j=14:0.000, j=15:0.000, j=16:0.138, j=17:0.838, j=18:0.023
      i=19 -> j=0:0.000, j=1:0.000, j=2:0.000, j=3:0.000, j=4:0.000, j=5:0.000, j=6:0.000, j=7:0.000, j=8:0.000, j=9:0.000, j=10:0.000, j=11:0.000, j=12:0.000, j=13:0.000, j=14:0.000, j=15:0.000, j=16:0.000, j=17:0.149, j=18:0.799, j=19:0.051
      i=20 -> j=0:0.000, j=1:0.000, j=2:0.000, j=3:0.000, j=4:0.000, j=5:0.000, j=6:0.000, j=7:0.000, j=8:0.000, j=9:0.000, j=10:0.000, j=11:0.000, j=12:0.000, j=13:0.000, j=14:0.000, j=15:0.000, j=16:0.000, j=17:0.000, j=18:0.027, j=19:0.955, j=20:0.016
      i=21 -> j=0:0.000, j=1:0.000, j=2:0.000, j=3:0.000, j=4:0.000, j=5:0.000, j=6:0.000, j=7:0.000, j=8:0.000, j=9:0.000, j=10:0.000, j=11:0.000, j=12:0.000, j=13:0.000, j=14:0.000, j=15:0.000, j=16:0.000, j=17:0.000, j=18:0.000, j=19:0.145, j=20:0.838, j=21:0.017
      i=22 -> j=0:0.000, j=1:0.000, j=2:0.000, j=3:0.000, j=4:0.000, j=5:0.000, j=6:0.000, j=7:0.000, j=8:0.000, j=9:0.000, j=10:0.000, j=11:0.000, j=12:0.000, j=13:0.000, j=14:0.000, j=15:0.000, j=16:0.000, j=17:0.000, j=18:0.000, j=19:0.000, j=20:0.057, j=21:0.922, j=22:0.020
      i=23 -> j=0:0.000, j=1:0.000, j=2:0.000, j=3:0.000, j=4:0.000, j=5:0.000, j=6:0.000, j=7:0.000, j=8:0.000, j=9:0.000, j=10:0.000, j=11:0.000, j=12:0.000, j=13:0.000, j=14:0.000, j=15:0.000, j=16:0.000, j=17:0.000, j=18:0.000, j=19:0.000, j=20:0.000, j=21:0.137, j=22:0.852, j=23:0.010
      i=24 -> j=0:0.000, j=1:0.000, j=2:0.000, j=3:0.000, j=4:0.000, j=5:0.000, j=6:0.000, j=7:0.000, j=8:0.000, j=9:0.000, j=10:0.000, j=11:0.000, j=12:0.000, j=13:0.000, j=14:0.000, j=15:0.001, j=16:0.001, j=17:0.000, j=18:0.000, j=19:0.000, j=20:0.000, j=21:0.000, j=22:0.127, j=23:0.848, j=24:0.022
      i=25 -> j=0:0.000, j=1:0.000, j=2:0.000, j=3:0.000, j=4:0.000, j=5:0.000, j=6:0.000, j=7:0.000, j=8:0.000, j=9:0.000, j=10:0.000, j=11:0.000, j=12:0.000, j=13:0.000, j=14:0.000, j=15:0.000, j=16:0.001, j=17:0.001, j=18:0.000, j=19:0.000, j=20:0.000, j=21:0.000, j=22:0.000, j=23:0.091, j=24:0.877, j=25:0.029
      i=26 -> j=0:0.000, j=1:0.000, j=2:0.000, j=3:0.000, j=4:0.000, j=5:0.000, j=6:0.000, j=7:0.000, j=8:0.000, j=9:0.000, j=10:0.000, j=11:0.000, j=12:0.000, j=13:0.000, j=14:0.000, j=15:0.000, j=16:0.000, j=17:0.000, j=18:0.001, j=19:0.000, j=20:0.000, j=21:0.000, j=22:0.000, j=23:0.000, j=24:0.150, j=25:0.830, j=26:0.018
      i=27 -> j=0:0.000, j=1:0.000, j=2:0.000, j=3:0.000, j=4:0.000, j=5:0.000, j=6:0.000, j=7:0.000, j=8:0.000, j=9:0.000, j=10:0.000, j=11:0.000, j=12:0.000, j=13:0.000, j=14:0.000, j=15:0.000, j=16:0.000, j=17:0.000, j=18:0.000, j=19:0.001, j=20:0.000, j=21:0.000, j=22:0.000, j=23:0.000, j=24:0.000, j=25:0.038, j=26:0.944, j=27:0.016
      i=28 -> j=0:0.000, j=1:0.000, j=2:0.000, j=3:0.000, j=4:0.000, j=5:0.000, j=6:0.000, j=7:0.000, j=8:0.000, j=9:0.000, j=10:0.000, j=11:0.000, j=12:0.000, j=13:0.000, j=14:0.000, j=15:0.000, j=16:0.000, j=17:0.000, j=18:0.000, j=19:0.001, j=20:0.001, j=21:0.000, j=22:0.000, j=23:0.000, j=24:0.000, j=25:0.000, j=26:0.160, j=27:0.814, j=28:0.024
      i=29 -> j=0:0.000, j=1:0.000, j=2:0.000, j=3:0.000, j=4:0.000, j=5:0.000, j=6:0.000, j=7:0.000, j=8:0.000, j=9:0.000, j=10:0.000, j=11:0.000, j=12:0.000, j=13:0.000, j=14:0.000, j=15:0.000, j=16:0.000, j=17:0.000, j=18:0.000, j=19:0.000, j=20:0.001, j=21:0.001, j=22:0.000, j=23:0.000, j=24:0.000, j=25:0.000, j=26:0.000, j=27:0.080, j=28:0.899, j=29:0.019
      i=30 -> j=0:0.000, j=1:0.000, j=2:0.000, j=3:0.000, j=4:0.000, j=5:0.000, j=6:0.000, j=7:0.000, j=8:0.000, j=9:0.000, j=10:0.000, j=11:0.000, j=12:0.000, j=13:0.000, j=14:0.000, j=15:0.000, j=16:0.000, j=17:0.000, j=18:0.000, j=19:0.000, j=20:0.000, j=21:0.001, j=22:0.001, j=23:0.000, j=24:0.000, j=25:0.000, j=26:0.000, j=27:0.000, j=28:0.117, j=29:0.870, j=30:0.010
      i=31 -> j=0:0.000, j=1:0.000, j=2:0.000, j=3:0.000, j=4:0.000, j=5:0.000, j=6:0.000, j=7:0.000, j=8:0.000, j=9:0.000, j=10:0.000, j=11:0.000, j=12:0.000, j=13:0.000, j=14:0.000, j=15:0.000, j=16:0.000, j=17:0.000, j=18:0.000, j=19:0.000, j=20:0.000, j=21:0.000, j=22:0.001, j=23:0.001, j=24:0.000, j=25:0.000, j=26:0.000, j=27:0.000, j=28:0.000, j=29:0.135, j=30:0.829, j=31:0.033
    Average attention per distance:
      d=0:0.051, d=1:0.883, d=2:0.099

--- Layer 1 ---
  Head 0: Entropy=0.829
    Attention coefficients from each query position to previous positions:
      i= 0 -> j=0:1.000
      i= 1 -> j=0:0.493, j=1:0.507
      i= 2 -> j=0:0.042, j=1:0.777, j=2:0.181
      i= 3 -> j=0:0.003, j=1:0.109, j=2:0.842, j=3:0.046
      i= 4 -> j=0:0.000, j=1:0.004, j=2:0.366, j=3:0.415, j=4:0.214
      i= 5 -> j=0:0.000, j=1:0.000, j=2:0.009, j=3:0.090, j=4:0.761, j=5:0.140
      i= 6 -> j=0:0.000, j=1:0.000, j=2:0.000, j=3:0.005, j=4:0.199, j=5:0.682, j=6:0.114
      i= 7 -> j=0:0.004, j=1:0.001, j=2:0.001, j=3:0.005, j=4:0.041, j=5:0.344, j=6:0.582, j=7:0.022
      i= 8 -> j=0:0.003, j=1:0.001, j=2:0.000, j=3:0.000, j=4:0.001, j=5:0.036, j=6:0.770, j=7:0.075, j=8:0.113
      i= 9 -> j=0:0.008, j=1:0.005, j=2:0.002, j=3:0.001, j=4:0.000, j=5:0.002, j=6:0.056, j=7:0.092, j=8:0.637, j=9:0.196
      i=10 -> j=0:0.001, j=1:0.001, j=2:0.001, j=3:0.001, j=4:0.000, j=5:0.000, j=6:0.002, j=7:0.006, j=8:0.153, j=9:0.318, j=10:0.517
      i=11 -> j=0:0.000, j=1:0.000, j=2:0.000, j=3:0.000, j=4:0.000, j=5:0.000, j=6:0.000, j=7:0.000, j=8:0.001, j=9:0.019, j=10:0.874, j=11:0.106
      i=12 -> j=0:0.000, j=1:0.000, j=2:0.000, j=3:0.001, j=4:0.000, j=5:0.000, j=6:0.000, j=7:0.000, j=8:0.000, j=9:0.001, j=10:0.156, j=11:0.751, j=12:0.090
      i=13 -> j=0:0.000, j=1:0.000, j=2:0.000, j=3:0.000, j=4:0.001, j=5:0.001, j=6:0.000, j=7:0.000, j=8:0.000, j=9:0.000, j=10:0.009, j=11:0.230, j=12:0.572, j=13:0.186
      i=14 -> j=0:0.001, j=1:0.000, j=2:0.000, j=3:0.000, j=4:0.000, j=5:0.001, j=6:0.001, j=7:0.000, j=8:0.000, j=9:0.000, j=10:0.000, j=11:0.005, j=12:0.128, j=13:0.603, j=14:0.261
      i=15 -> j=0:0.000, j=1:0.000, j=2:0.000, j=3:0.000, j=4:0.000, j=5:0.000, j=6:0.000, j=7:0.000, j=8:0.000, j=9:0.000, j=10:0.000, j=11:0.000, j=12:0.002, j=13:0.072, j=14:0.836, j=15:0.090
      i=16 -> j=0:0.001, j=1:0.001, j=2:0.001, j=3:0.000, j=4:0.000, j=5:0.000, j=6:0.000, j=7:0.001, j=8:0.001, j=9:0.000, j=10:0.000, j=11:0.000, j=12:0.000, j=13:0.003, j=14:0.202, j=15:0.724, j=16:0.066
      i=17 -> j=0:0.001, j=1:0.000, j=2:0.001, j=3:0.001, j=4:0.000, j=5:0.000, j=6:0.000, j=7:0.000, j=8:0.000, j=9:0.001, j=10:0.000, j=11:0.000, j=12:0.000, j=13:0.000, j=14:0.023, j=15:0.421, j=16:0.401, j=17:0.150
      i=18 -> j=0:0.000, j=1:0.000, j=2:0.000, j=3:0.001, j=4:0.001, j=5:0.000, j=6:0.000, j=7:0.000, j=8:0.000, j=9:0.001, j=10:0.001, j=11:0.000, j=12:0.000, j=13:0.000, j=14:0.000, j=15:0.006, j=16:0.084, j=17:0.740, j=18:0.165
      i=19 -> j=0:0.001, j=1:0.000, j=2:0.000, j=3:0.001, j=4:0.001, j=5:0.001, j=6:0.001, j=7:0.000, j=8:0.000, j=9:0.000, j=10:0.001, j=11:0.000, j=12:0.000, j=13:0.000, j=14:0.000, j=15:0.000, j=16:0.003, j=17:0.128, j=18:0.756, j=19:0.107
      i=20 -> j=0:0.001, j=1:0.000, j=2:0.000, j=3:0.000, j=4:0.001, j=5:0.001, j=6:0.001, j=7:0.000, j=8:0.000, j=9:0.000, j=10:0.000, j=11:0.000, j=12:0.000, j=13:0.000, j=14:0.000, j=15:0.000, j=16:0.000, j=17:0.005, j=18:0.278, j=19:0.517, j=20:0.194
      i=21 -> j=0:0.000, j=1:0.000, j=2:0.000, j=3:0.000, j=4:0.000, j=5:0.000, j=6:0.001, j=7:0.000, j=8:0.000, j=9:0.000, j=10:0.000, j=11:0.000, j=12:0.000, j=13:0.000, j=14:0.000, j=15:0.000, j=16:0.000, j=17:0.000, j=18:0.004, j=19:0.085, j=20:0.805, j=21:0.103
      i=22 -> j=0:0.000, j=1:0.000, j=2:0.000, j=3:0.000, j=4:0.000, j=5:0.000, j=6:0.000, j=7:0.000, j=8:0.000, j=9:0.000, j=10:0.000, j=11:0.000, j=12:0.000, j=13:0.000, j=14:0.000, j=15:0.000, j=16:0.000, j=17:0.000, j=18:0.000, j=19:0.002, j=20:0.146, j=21:0.774, j=22:0.073
      i=23 -> j=0:0.000, j=1:0.000, j=2:0.001, j=3:0.001, j=4:0.000, j=5:0.000, j=6:0.000, j=7:0.000, j=8:0.000, j=9:0.001, j=10:0.000, j=11:0.000, j=12:0.000, j=13:0.000, j=14:0.001, j=15:0.000, j=16:0.000, j=17:0.000, j=18:0.000, j=19:0.000, j=20:0.006, j=21:0.308, j=22:0.530, j=23:0.150
      i=24 -> j=0:0.000, j=1:0.000, j=2:0.001, j=3:0.001, j=4:0.001, j=5:0.001, j=6:0.000, j=7:0.000, j=8:0.001, j=9:0.001, j=10:0.001, j=11:0.000, j=12:0.000, j=13:0.000, j=14:0.000, j=15:0.000, j=16:0.000, j=17:0.000, j=18:0.000, j=19:0.000, j=20:0.000, j=21:0.006, j=22:0.125, j=23:0.762, j=24:0.098
      i=25 -> j=0:0.000, j=1:0.000, j=2:0.000, j=3:0.001, j=4:0.001, j=5:0.001, j=6:0.001, j=7:0.000, j=8:0.000, j=9:0.001, j=10:0.001, j=11:0.000, j=12:0.000, j=13:0.000, j=14:0.000, j=15:0.000, j=16:0.000, j=17:0.000, j=18:0.000, j=19:0.000, j=20:0.000, j=21:0.000, j=22:0.006, j=23:0.391, j=24:0.472, j=25:0.124
      i=26 -> j=0:0.001, j=1:0.000, j=2:0.000, j=3:0.000, j=4:0.001, j=5:0.001, j=6:0.001, j=7:0.000, j=8:0.000, j=9:0.000, j=10:0.001, j=11:0.000, j=12:0.000, j=13:0.000, j=14:0.000, j=15:0.000, j=16:0.000, j=17:0.000, j=18:0.000, j=19:0.000, j=20:0.000, j=21:0.000, j=22:0.000, j=23:0.010, j=24:0.130, j=25:0.726, j=26:0.127
      i=27 -> j=0:0.000, j=1:0.000, j=2:0.000, j=3:0.000, j=4:0.000, j=5:0.000, j=6:0.001, j=7:0.000, j=8:0.000, j=9:0.000, j=10:0.000, j=11:0.000, j=12:0.000, j=13:0.000, j=14:0.000, j=15:0.000, j=16:0.000, j=17:0.000, j=18:0.000, j=19:0.000, j=20:0.000, j=21:0.000, j=22:0.000, j=23:0.000, j=24:0.003, j=25:0.203, j=26:0.599, j=27:0.190
      i=28 -> j=0:0.000, j=1:0.001, j=2:0.000, j=3:0.000, j=4:0.000, j=5:0.000, j=6:0.001, j=7:0.000, j=8:0.000, j=9:0.000, j=10:0.000, j=11:0.000, j=12:0.000, j=13:0.000, j=14:0.000, j=15:0.000, j=16:0.000, j=17:0.000, j=18:0.000, j=19:0.000, j=20:0.000, j=21:0.000, j=22:0.000, j=23:0.000, j=24:0.000, j=25:0.003, j=26:0.086, j=27:0.849, j=28:0.054
      i=29 -> j=0:0.001, j=1:0.001, j=2:0.001, j=3:0.001, j=4:0.001, j=5:0.001, j=6:0.001, j=7:0.001, j=8:0.001, j=9:0.001, j=10:0.001, j=11:0.000, j=12:0.000, j=13:0.001, j=14:0.002, j=15:0.001, j=16:0.000, j=17:0.000, j=18:0.000, j=19:0.000, j=20:0.001, j=21:0.001, j=22:0.000, j=23:0.000, j=24:0.000, j=25:0.000, j=26:0.006, j=27:0.445, j=28:0.408, j=29:0.122
      i=30 -> j=0:0.001, j=1:0.001, j=2:0.001, j=3:0.002, j=4:0.002, j=5:0.001, j=6:0.001, j=7:0.001, j=8:0.001, j=9:0.002, j=10:0.002, j=11:0.001, j=12:0.001, j=13:0.001, j=14:0.002, j=15:0.002, j=16:0.001, j=17:0.000, j=18:0.000, j=19:0.000, j=20:0.001, j=21:0.001, j=22:0.001, j=23:0.000, j=24:0.000, j=25:0.000, j=26:0.000, j=27:0.015, j=28:0.152, j=29:0.576, j=30:0.230
      i=31 -> j=0:0.000, j=1:0.000, j=2:0.000, j=3:0.001, j=4:0.001, j=5:0.001, j=6:0.001, j=7:0.000, j=8:0.000, j=9:0.001, j=10:0.001, j=11:0.000, j=12:0.000, j=13:0.000, j=14:0.000, j=15:0.000, j=16:0.001, j=17:0.000, j=18:0.000, j=19:0.000, j=20:0.000, j=21:0.000, j=22:0.001, j=23:0.001, j=24:0.000, j=25:0.000, j=26:0.000, j=27:0.000, j=28:0.002, j=29:0.085, j=30:0.838, j=31:0.064
    Average attention per distance:
      d=0:0.181, d=1:0.635, d=2:0.201


======================================================================
QK Property Verification (Raw Scores, before Softmax)
======================================================================
Recurrence order init_len=2, num test sequences=1

--- [P1] Long-distance Orthogonality Verification ---
Ideal: raw_score mean ≈ 0 and small std when d > init_len

  Layer 0, Head 0:
    d= 1 (effective): mean= 10.742, std= 0.371, n=31
    d= 2 (effective): mean=  8.464, std= 0.480, n=30
    d>2 (long-distance): mean= -1.437, std= 3.409, n=435

  Layer 1, Head 0:
    d= 1 (effective): mean=  6.611, std= 1.212, n=31
    d= 2 (effective): mean=  5.309, std= 0.918, n=30
    d>2 (long-distance): mean= -0.830, std= 1.366, n=435

--- [P2] Time-homogeneous Verification ---
Ideal: CV of raw_score across positions i ≈ 0 for fixed distance d
(CV = std / |mean|, smaller = more constant)

  Layer 0, Head 0:
    d= 1: mean= 10.742, std= 0.371, CV=0.035, n=31
    d= 2: mean=  8.464, std= 0.480, CV=0.057, n=30

  Layer 1, Head 0:
    d= 1: mean=  6.611, std= 1.212, CV=0.183, n=31
    d= 2: mean=  5.309, std= 0.918, CV=0.173, n=30

======================================================================
QK Property Verification Completed
======================================================================
