=== Experiment: mixed_basic_d512l2_r16_t16_c0.5 ===
Time: 2026-06-17T18:57:57.816878
Task type: mixed_ab
Merged config: {
  "P": 53,
  "TASK": "mixed_ab",
  "NUM_MASK": 2,
  "A": 1,
  "B": 1,
  "AB_PAIRS": [
    [
      1,
      1
    ],
    [
      1,
      2
    ]
  ],
  "D_MODEL": 512,
  "N_HEAD": 1,
  "N_LAYER": 2,
  "BATCH_SIZE": 128,
  "EPOCHS": 10000,
  "LR": 0.0003,
  "SAVE_PATH": "models/mixed_basic_d512l2_r16_t16_c0.5.pth",
  "USE_GREEDY_GENERATE": true,
  "USE_LEARNABLE_PE": false,
  "MLP_RATIO": 16,
  "TRAIN_LEN": 16,
  "OOD_LEN": 32,
  "DROPOUT": 0.0,
  "TARGET_INIT_COVERAGE": 0.5,
  "MAX_UNIQUE_RATIO": 0.5,
  "WEIGHT_DECAY": 1,
  "ENTROPY_PENALTY_WEIGHT": 0.0,
  "FIRST_TASK_WEIGHT": 1.0,
  "RANDOM_SEED": 42,
  "EVAL_INTERVAL": 20,
  "EARLY_STOP_NO_IMPROVE": 2000,
  "EARLY_STOP_ACCURACY": 0.99,
  "USE_AB_TAG": false,
  "USE_CONDITIONAL_WTE": false,
  "COND_WTE_SHARED_RATIO": 0.0
}
--- output ---
Using device: cuda

[Dataset] Mixed mode: generated 2810 + 2808 samples, length 16
AB parameter pairs: [(1, 1), (1, 2)]
--------------------------------------------------
[Model config] block_size: 32, train length: 16
[Number theory] AB parameter pairs: [(1, 1), (1, 2)]


Model parameters: 19.06M

Start training...
Epoch   0 | Train: Loss=4.0576 Acc=8.7% | Test: Acc=0.5% | Best=0.5%(@0)
  from x3: 0.01 0.01 0.01 0.00 0.00 0.01 0.01 0.00 0.00 0.00 0.01 0.00 0.00
  per-rule acc: 0.01 0.00
Epoch  20 | Train: Loss=0.0299 Acc=99.6% | Test: Acc=1.9% | Best=1.9%(@20)
  from x3: 0.03 0.02 0.02 0.02 0.02 0.02 0.02 0.02 0.02 0.02 0.02 0.02 0.02
  per-rule acc: 0.03 0.01
Epoch  40 | Train: Loss=0.0046 Acc=99.9% | Test: Acc=1.7% | Best=1.9%(@20)
  from x3: 0.02 0.02 0.01 0.02 0.02 0.02 0.02 0.02 0.02 0.02 0.02 0.02 0.02
  per-rule acc: 0.02 0.01
Epoch  60 | Train: Loss=0.4200 Acc=97.2% | Test: Acc=1.8% | Best=1.9%(@20)
  from x3: 0.03 0.02 0.02 0.02 0.02 0.02 0.02 0.02 0.01 0.02 0.02 0.01 0.01
  per-rule acc: 0.03 0.01
Epoch  80 | Train: Loss=0.0029 Acc=99.9% | Test: Acc=1.5% | Best=1.9%(@20)
  from x3: 0.02 0.01 0.01 0.01 0.01 0.01 0.01 0.01 0.01 0.02 0.01 0.01 0.02
  per-rule acc: 0.02 0.01
Epoch 100 | Train: Loss=0.0042 Acc=99.9% | Test: Acc=1.5% | Best=1.9%(@20)
  from x3: 0.02 0.01 0.01 0.01 0.02 0.01 0.01 0.02 0.01 0.02 0.01 0.01 0.02
  per-rule acc: 0.02 0.01
Epoch 120 | Train: Loss=0.0065 Acc=99.9% | Test: Acc=1.8% | Best=1.9%(@20)
  from x3: 0.02 0.02 0.02 0.02 0.02 0.02 0.02 0.02 0.02 0.02 0.02 0.02 0.02
  per-rule acc: 0.02 0.02
Epoch 140 | Train: Loss=0.0037 Acc=99.9% | Test: Acc=1.5% | Best=1.9%(@20)
  from x3: 0.02 0.02 0.01 0.01 0.01 0.01 0.01 0.01 0.02 0.02 0.02 0.02 0.02
  per-rule acc: 0.02 0.02
Epoch 160 | Train: Loss=0.0988 Acc=98.7% | Test: Acc=2.0% | Best=2.0%(@160)
  from x3: 0.03 0.02 0.02 0.02 0.02 0.02 0.02 0.02 0.02 0.02 0.02 0.02 0.02
  per-rule acc: 0.03 0.01
Epoch 180 | Train: Loss=0.0029 Acc=99.9% | Test: Acc=2.4% | Best=2.4%(@180)
  from x3: 0.03 0.02 0.02 0.02 0.02 0.02 0.02 0.03 0.02 0.02 0.02 0.02 0.03
  per-rule acc: 0.03 0.02
Epoch 200 | Train: Loss=0.0037 Acc=99.9% | Test: Acc=2.2% | Best=2.4%(@180)
  from x3: 0.03 0.02 0.02 0.02 0.02 0.02 0.02 0.02 0.02 0.02 0.02 0.02 0.02
  per-rule acc: 0.02 0.02
Epoch 220 | Train: Loss=0.0078 Acc=99.8% | Test: Acc=3.3% | Best=3.3%(@220)
  from x3: 0.04 0.03 0.03 0.03 0.03 0.03 0.03 0.03 0.03 0.03 0.03 0.03 0.03
  per-rule acc: 0.04 0.03
Epoch 240 | Train: Loss=0.0032 Acc=99.9% | Test: Acc=2.5% | Best=3.3%(@220)
  from x3: 0.03 0.03 0.02 0.02 0.03 0.03 0.02 0.02 0.02 0.02 0.02 0.02 0.02
  per-rule acc: 0.03 0.02
Epoch 260 | Train: Loss=1.2218 Acc=93.2% | Test: Acc=2.5% | Best=3.3%(@220)
  from x3: 0.03 0.03 0.02 0.03 0.02 0.03 0.03 0.02 0.02 0.02 0.02 0.03 0.02
  per-rule acc: 0.03 0.02
Epoch 280 | Train: Loss=0.0026 Acc=99.9% | Test: Acc=3.0% | Best=3.3%(@220)
  from x3: 0.03 0.03 0.03 0.03 0.03 0.03 0.03 0.03 0.03 0.03 0.03 0.03 0.03
  per-rule acc: 0.03 0.03
Epoch 300 | Train: Loss=0.0034 Acc=99.9% | Test: Acc=3.0% | Best=3.3%(@220)
  from x3: 0.04 0.03 0.03 0.03 0.03 0.03 0.03 0.03 0.03 0.03 0.03 0.03 0.03
  per-rule acc: 0.03 0.03
Epoch 320 | Train: Loss=0.0051 Acc=99.9% | Test: Acc=3.8% | Best=3.8%(@320)
  from x3: 0.05 0.04 0.04 0.04 0.04 0.04 0.04 0.04 0.04 0.04 0.04 0.04 0.04
  per-rule acc: 0.05 0.03
Epoch 340 | Train: Loss=0.0031 Acc=99.9% | Test: Acc=3.5% | Best=3.8%(@320)
  from x3: 0.04 0.03 0.03 0.03 0.04 0.04 0.03 0.03 0.03 0.03 0.03 0.03 0.03
  per-rule acc: 0.04 0.03
Epoch 360 | Train: Loss=0.7588 Acc=98.3% | Test: Acc=2.6% | Best=3.8%(@320)
  from x3: 0.03 0.03 0.03 0.02 0.03 0.03 0.02 0.02 0.02 0.02 0.03 0.03 0.03
  per-rule acc: 0.04 0.02
Epoch 380 | Train: Loss=0.0025 Acc=99.9% | Test: Acc=4.3% | Best=4.3%(@380)
  from x3: 0.06 0.04 0.04 0.04 0.04 0.04 0.04 0.04 0.04 0.04 0.04 0.04 0.04
  per-rule acc: 0.05 0.03
Epoch 400 | Train: Loss=0.0033 Acc=99.9% | Test: Acc=4.9% | Best=4.9%(@400)
  from x3: 0.06 0.05 0.05 0.05 0.05 0.05 0.05 0.05 0.05 0.05 0.05 0.05 0.05
  per-rule acc: 0.06 0.04
Epoch 420 | Train: Loss=0.0023 Acc=99.9% | Test: Acc=5.5% | Best=5.5%(@420)
  from x3: 0.08 0.06 0.05 0.05 0.05 0.05 0.05 0.05 0.05 0.05 0.05 0.05 0.05
  per-rule acc: 0.07 0.04
Epoch 440 | Train: Loss=0.0031 Acc=99.9% | Test: Acc=5.2% | Best=5.5%(@420)
  from x3: 0.07 0.05 0.05 0.05 0.05 0.05 0.05 0.05 0.05 0.05 0.05 0.05 0.05
  per-rule acc: 0.06 0.04
Epoch 460 | Train: Loss=0.1146 Acc=99.1% | Test: Acc=5.8% | Best=5.8%(@460)
  from x3: 0.07 0.06 0.06 0.06 0.06 0.06 0.06 0.06 0.06 0.06 0.06 0.06 0.06
  per-rule acc: 0.08 0.04
Epoch 480 | Train: Loss=0.0025 Acc=99.9% | Test: Acc=6.1% | Best=6.1%(@480)
  from x3: 0.08 0.06 0.06 0.06 0.06 0.06 0.06 0.06 0.06 0.06 0.06 0.06 0.06
  per-rule acc: 0.08 0.04
Epoch 500 | Train: Loss=0.0032 Acc=99.9% | Test: Acc=6.2% | Best=6.2%(@500)
  from x3: 0.08 0.06 0.06 0.06 0.06 0.06 0.06 0.06 0.06 0.06 0.06 0.06 0.06
  per-rule acc: 0.08 0.04
Epoch 520 | Train: Loss=0.0676 Acc=99.2% | Test: Acc=6.7% | Best=6.7%(@520)
  from x3: 0.08 0.07 0.07 0.07 0.06 0.06 0.07 0.07 0.07 0.07 0.07 0.07 0.07
  per-rule acc: 0.09 0.05
Epoch 540 | Train: Loss=0.0025 Acc=99.9% | Test: Acc=7.2% | Best=7.2%(@540)
  from x3: 0.09 0.07 0.07 0.07 0.07 0.07 0.07 0.07 0.07 0.07 0.07 0.07 0.07
  per-rule acc: 0.09 0.05
Epoch 560 | Train: Loss=0.0026 Acc=99.9% | Test: Acc=8.2% | Best=8.2%(@560)
  from x3: 0.11 0.09 0.08 0.08 0.08 0.08 0.08 0.08 0.08 0.08 0.08 0.08 0.08
  per-rule acc: 0.11 0.05
Epoch 580 | Train: Loss=0.0030 Acc=99.9% | Test: Acc=7.5% | Best=8.2%(@560)
  from x3: 0.10 0.08 0.07 0.07 0.07 0.07 0.07 0.07 0.07 0.07 0.07 0.07 0.07
  per-rule acc: 0.10 0.05
Epoch 600 | Train: Loss=0.0760 Acc=99.5% | Test: Acc=7.9% | Best=8.2%(@560)
  from x3: 0.09 0.07 0.08 0.08 0.08 0.08 0.08 0.08 0.08 0.08 0.08 0.08 0.08
  per-rule acc: 0.10 0.06
Epoch 620 | Train: Loss=0.0023 Acc=99.9% | Test: Acc=8.1% | Best=8.2%(@560)
  from x3: 0.10 0.09 0.08 0.08 0.08 0.08 0.08 0.08 0.08 0.08 0.08 0.08 0.08
  per-rule acc: 0.11 0.06
Epoch 640 | Train: Loss=0.0031 Acc=99.9% | Test: Acc=8.5% | Best=8.5%(@640)
  from x3: 0.10 0.09 0.09 0.09 0.08 0.08 0.08 0.08 0.08 0.08 0.08 0.08 0.08
  per-rule acc: 0.11 0.06
Epoch 660 | Train: Loss=0.0072 Acc=99.9% | Test: Acc=9.2% | Best=9.2%(@660)
  from x3: 0.10 0.09 0.09 0.09 0.09 0.09 0.09 0.09 0.09 0.09 0.09 0.09 0.09
  per-rule acc: 0.12 0.07
Epoch 680 | Train: Loss=0.0027 Acc=99.9% | Test: Acc=8.9% | Best=9.2%(@660)
  from x3: 0.11 0.09 0.09 0.09 0.09 0.09 0.09 0.09 0.09 0.09 0.09 0.09 0.09
  per-rule acc: 0.12 0.06
Epoch 700 | Train: Loss=0.0031 Acc=99.9% | Test: Acc=9.7% | Best=9.7%(@700)
  from x3: 0.11 0.10 0.09 0.10 0.09 0.10 0.10 0.10 0.09 0.10 0.10 0.10 0.10
  per-rule acc: 0.12 0.07
Epoch 720 | Train: Loss=0.0022 Acc=99.9% | Test: Acc=10.5% | Best=10.5%(@720)
  from x3: 0.12 0.10 0.10 0.10 0.10 0.10 0.11 0.10 0.11 0.11 0.11 0.11 0.11
  per-rule acc: 0.14 0.07
Epoch 740 | Train: Loss=0.0028 Acc=99.9% | Test: Acc=10.1% | Best=10.5%(@720)
  from x3: 0.12 0.10 0.10 0.10 0.10 0.10 0.10 0.10 0.10 0.10 0.10 0.10 0.10
  per-rule acc: 0.13 0.07
Epoch 760 | Train: Loss=0.0032 Acc=99.9% | Test: Acc=11.3% | Best=11.3%(@760)
  from x3: 0.12 0.11 0.11 0.11 0.11 0.11 0.11 0.11 0.11 0.11 0.11 0.11 0.11
  per-rule acc: 0.14 0.08
Epoch 780 | Train: Loss=0.0021 Acc=99.9% | Test: Acc=11.2% | Best=11.3%(@760)
  from x3: 0.13 0.11 0.11 0.11 0.11 0.11 0.11 0.11 0.11 0.11 0.11 0.11 0.11
  per-rule acc: 0.15 0.07
Epoch 800 | Train: Loss=0.0028 Acc=99.9% | Test: Acc=11.3% | Best=11.3%(@760)
  from x3: 0.13 0.11 0.11 0.11 0.11 0.11 0.11 0.11 0.11 0.11 0.11 0.11 0.11
  per-rule acc: 0.15 0.08
Epoch 820 | Train: Loss=0.0687 Acc=99.4% | Test: Acc=11.9% | Best=11.9%(@820)
  from x3: 0.13 0.12 0.12 0.12 0.12 0.12 0.12 0.12 0.12 0.12 0.12 0.12 0.12
  per-rule acc: 0.16 0.08
Epoch 840 | Train: Loss=0.0021 Acc=99.9% | Test: Acc=11.6% | Best=11.9%(@820)
  from x3: 0.13 0.12 0.12 0.11 0.11 0.11 0.11 0.12 0.12 0.12 0.11 0.11 0.11
  per-rule acc: 0.16 0.07
Epoch 860 | Train: Loss=0.0028 Acc=99.9% | Test: Acc=11.9% | Best=11.9%(@860)
  from x3: 0.14 0.12 0.12 0.12 0.12 0.12 0.12 0.12 0.12 0.12 0.12 0.12 0.12
  per-rule acc: 0.16 0.08
Epoch 880 | Train: Loss=0.2095 Acc=97.1% | Test: Acc=9.6% | Best=11.9%(@860)
  from x3: 0.10 0.09 0.10 0.10 0.10 0.10 0.10 0.10 0.10 0.09 0.09 0.10 0.09
  per-rule acc: 0.12 0.07
Epoch 900 | Train: Loss=0.0020 Acc=99.9% | Test: Acc=12.4% | Best=12.4%(@900)
  from x3: 0.14 0.12 0.12 0.12 0.12 0.12 0.12 0.12 0.12 0.12 0.12 0.12 0.12
  per-rule acc: 0.17 0.08
Epoch 920 | Train: Loss=0.0027 Acc=99.9% | Test: Acc=12.5% | Best=12.5%(@920)
  from x3: 0.14 0.13 0.12 0.13 0.12 0.12 0.12 0.12 0.12 0.12 0.12 0.12 0.12
  per-rule acc: 0.17 0.08
Epoch 940 | Train: Loss=0.0203 Acc=99.8% | Test: Acc=13.2% | Best=13.2%(@940)
  from x3: 0.14 0.13 0.13 0.13 0.13 0.13 0.13 0.13 0.13 0.13 0.13 0.13 0.13
  per-rule acc: 0.17 0.09
Epoch 960 | Train: Loss=0.0021 Acc=99.9% | Test: Acc=14.0% | Best=14.0%(@960)
  from x3: 0.15 0.14 0.14 0.14 0.14 0.14 0.14 0.14 0.14 0.14 0.14 0.14 0.14
  per-rule acc: 0.19 0.09
Epoch 980 | Train: Loss=0.0030 Acc=99.9% | Test: Acc=14.1% | Best=14.1%(@980)
  from x3: 0.16 0.14 0.14 0.14 0.14 0.14 0.14 0.14 0.14 0.14 0.14 0.14 0.14
  per-rule acc: 0.19 0.10
Epoch 1000 | Train: Loss=0.0165 Acc=99.8% | Test: Acc=15.3% | Best=15.3%(@1000)
  from x3: 0.17 0.15 0.15 0.15 0.15 0.15 0.15 0.15 0.15 0.15 0.15 0.15 0.15
  per-rule acc: 0.21 0.09
Epoch 1020 | Train: Loss=0.0021 Acc=99.9% | Test: Acc=15.0% | Best=15.3%(@1000)
  from x3: 0.16 0.15 0.15 0.15 0.15 0.15 0.15 0.15 0.15 0.15 0.15 0.15 0.15
  per-rule acc: 0.20 0.10
Epoch 1040 | Train: Loss=0.0029 Acc=99.9% | Test: Acc=15.4% | Best=15.4%(@1040)
  from x3: 0.16 0.15 0.15 0.15 0.15 0.15 0.15 0.15 0.15 0.15 0.15 0.15 0.15
  per-rule acc: 0.21 0.10
Epoch 1060 | Train: Loss=0.0482 Acc=99.7% | Test: Acc=16.2% | Best=16.2%(@1060)
  from x3: 0.17 0.16 0.16 0.16 0.16 0.16 0.16 0.16 0.16 0.16 0.16 0.16 0.16
  per-rule acc: 0.21 0.11
Epoch 1080 | Train: Loss=0.0020 Acc=99.9% | Test: Acc=18.2% | Best=18.2%(@1080)
  from x3: 0.20 0.18 0.18 0.18 0.18 0.18 0.18 0.18 0.18 0.18 0.18 0.18 0.18
  per-rule acc: 0.25 0.12
Epoch 1100 | Train: Loss=0.0029 Acc=99.9% | Test: Acc=18.4% | Best=18.4%(@1100)
  from x3: 0.19 0.18 0.18 0.18 0.18 0.18 0.18 0.18 0.18 0.18 0.18 0.18 0.18
  per-rule acc: 0.24 0.13
Epoch 1120 | Train: Loss=0.0020 Acc=99.9% | Test: Acc=17.9% | Best=18.4%(@1100)
  from x3: 0.20 0.17 0.18 0.18 0.18 0.18 0.18 0.18 0.18 0.18 0.18 0.18 0.18
  per-rule acc: 0.24 0.12
Epoch 1140 | Train: Loss=0.0028 Acc=99.9% | Test: Acc=18.3% | Best=18.4%(@1100)
  from x3: 0.20 0.18 0.19 0.18 0.18 0.18 0.18 0.18 0.18 0.18 0.18 0.18 0.18
  per-rule acc: 0.24 0.13
Epoch 1160 | Train: Loss=0.0901 Acc=99.0% | Test: Acc=17.4% | Best=18.4%(@1100)
  from x3: 0.18 0.17 0.17 0.17 0.17 0.17 0.17 0.17 0.17 0.17 0.17 0.17 0.17
  per-rule acc: 0.22 0.13
Epoch 1180 | Train: Loss=0.0020 Acc=99.9% | Test: Acc=20.9% | Best=20.9%(@1180)
  from x3: 0.22 0.21 0.21 0.21 0.21 0.21 0.21 0.21 0.21 0.21 0.21 0.21 0.21
  per-rule acc: 0.28 0.14
Epoch 1200 | Train: Loss=0.0028 Acc=99.9% | Test: Acc=21.2% | Best=21.2%(@1200)
  from x3: 0.23 0.21 0.21 0.21 0.21 0.21 0.21 0.21 0.21 0.21 0.21 0.21 0.21
  per-rule acc: 0.27 0.15
Epoch 1220 | Train: Loss=0.0776 Acc=99.4% | Test: Acc=18.4% | Best=21.2%(@1200)
  from x3: 0.19 0.18 0.18 0.19 0.19 0.19 0.18 0.18 0.18 0.18 0.18 0.18 0.18
  per-rule acc: 0.25 0.12
Epoch 1240 | Train: Loss=0.0020 Acc=99.9% | Test: Acc=22.0% | Best=22.0%(@1240)
  from x3: 0.25 0.22 0.22 0.22 0.22 0.22 0.22 0.22 0.22 0.22 0.22 0.21 0.22
  per-rule acc: 0.29 0.15
Epoch 1260 | Train: Loss=0.0028 Acc=99.9% | Test: Acc=23.0% | Best=23.0%(@1260)
  from x3: 0.25 0.23 0.23 0.23 0.23 0.23 0.23 0.23 0.23 0.23 0.23 0.23 0.23
  per-rule acc: 0.29 0.17
Epoch 1280 | Train: Loss=0.0393 Acc=99.7% | Test: Acc=21.6% | Best=23.0%(@1260)
  from x3: 0.23 0.22 0.21 0.22 0.21 0.21 0.22 0.21 0.21 0.22 0.21 0.22 0.22
  per-rule acc: 0.29 0.14
Epoch 1300 | Train: Loss=0.0020 Acc=99.9% | Test: Acc=24.7% | Best=24.7%(@1300)
  from x3: 0.26 0.25 0.24 0.25 0.25 0.25 0.25 0.24 0.25 0.25 0.25 0.25 0.25
  per-rule acc: 0.33 0.16
Epoch 1320 | Train: Loss=0.0029 Acc=99.9% | Test: Acc=26.1% | Best=26.1%(@1320)
  from x3: 0.27 0.26 0.26 0.26 0.26 0.26 0.26 0.26 0.26 0.26 0.26 0.26 0.26
  per-rule acc: 0.34 0.19
Epoch 1340 | Train: Loss=0.0032 Acc=99.9% | Test: Acc=28.1% | Best=28.1%(@1340)
  from x3: 0.29 0.29 0.28 0.28 0.28 0.28 0.28 0.28 0.28 0.28 0.28 0.28 0.28
  per-rule acc: 0.35 0.21
Epoch 1360 | Train: Loss=0.0083 Acc=99.9% | Test: Acc=24.3% | Best=28.1%(@1340)
  from x3: 0.26 0.24 0.24 0.24 0.24 0.24 0.24 0.24 0.24 0.24 0.24 0.24 0.24
  per-rule acc: 0.33 0.15
Epoch 1380 | Train: Loss=0.0023 Acc=99.9% | Test: Acc=28.7% | Best=28.7%(@1380)
  from x3: 0.31 0.28 0.29 0.28 0.28 0.29 0.29 0.29 0.29 0.28 0.28 0.28 0.29
  per-rule acc: 0.38 0.20
Epoch 1400 | Train: Loss=0.0031 Acc=99.9% | Test: Acc=31.2% | Best=31.2%(@1400)
  from x3: 0.32 0.31 0.31 0.31 0.31 0.31 0.31 0.31 0.31 0.31 0.31 0.31 0.31
  per-rule acc: 0.38 0.24
Epoch 1420 | Train: Loss=0.0116 Acc=99.9% | Test: Acc=27.8% | Best=31.2%(@1400)
  from x3: 0.29 0.27 0.28 0.28 0.28 0.28 0.28 0.28 0.28 0.28 0.28 0.28 0.28
  per-rule acc: 0.37 0.19
Epoch 1440 | Train: Loss=0.0024 Acc=99.9% | Test: Acc=30.5% | Best=31.2%(@1400)
  from x3: 0.33 0.30 0.30 0.30 0.30 0.30 0.30 0.30 0.30 0.30 0.30 0.30 0.30
  per-rule acc: 0.39 0.22
Epoch 1460 | Train: Loss=0.0690 Acc=99.4% | Test: Acc=26.2% | Best=31.2%(@1400)
  from x3: 0.26 0.27 0.26 0.26 0.26 0.26 0.26 0.26 0.26 0.26 0.26 0.26 0.26
  per-rule acc: 0.33 0.19
Epoch 1480 | Train: Loss=0.0020 Acc=99.9% | Test: Acc=34.4% | Best=34.4%(@1480)
  from x3: 0.36 0.34 0.34 0.34 0.34 0.34 0.34 0.34 0.34 0.34 0.34 0.34 0.35
  per-rule acc: 0.45 0.24
Epoch 1500 | Train: Loss=0.0028 Acc=99.9% | Test: Acc=34.5% | Best=34.5%(@1500)
  from x3: 0.35 0.34 0.35 0.35 0.35 0.35 0.35 0.35 0.34 0.34 0.34 0.34 0.34
  per-rule acc: 0.43 0.26
Epoch 1520 | Train: Loss=0.1034 Acc=98.6% | Test: Acc=30.8% | Best=34.5%(@1500)
  from x3: 0.30 0.30 0.31 0.31 0.31 0.31 0.31 0.31 0.31 0.31 0.31 0.31 0.31
  per-rule acc: 0.40 0.22
Epoch 1540 | Train: Loss=0.0089 Acc=99.9% | Test: Acc=31.2% | Best=34.5%(@1500)
  from x3: 0.34 0.31 0.31 0.31 0.31 0.31 0.31 0.31 0.31 0.31 0.31 0.31 0.31
  per-rule acc: 0.43 0.19
Epoch 1560 | Train: Loss=0.0024 Acc=99.9% | Test: Acc=34.6% | Best=34.6%(@1560)
  from x3: 0.36 0.34 0.35 0.35 0.35 0.35 0.35 0.35 0.35 0.34 0.34 0.34 0.34
  per-rule acc: 0.44 0.25
Epoch 1580 | Train: Loss=0.0032 Acc=99.9% | Test: Acc=36.9% | Best=36.9%(@1580)
  from x3: 0.39 0.37 0.37 0.37 0.37 0.37 0.37 0.37 0.37 0.36 0.37 0.36 0.37
  per-rule acc: 0.44 0.30
Epoch 1600 | Train: Loss=0.0157 Acc=99.8% | Test: Acc=33.4% | Best=36.9%(@1580)
  from x3: 0.34 0.34 0.33 0.33 0.33 0.33 0.33 0.33 0.33 0.33 0.33 0.33 0.33
  per-rule acc: 0.44 0.22
Epoch 1620 | Train: Loss=0.0024 Acc=99.9% | Test: Acc=35.9% | Best=36.9%(@1580)
  from x3: 0.38 0.36 0.35 0.36 0.36 0.36 0.36 0.36 0.36 0.36 0.36 0.36 0.36
  per-rule acc: 0.45 0.27
Epoch 1640 | Train: Loss=0.0031 Acc=99.9% | Test: Acc=38.6% | Best=38.6%(@1640)
  from x3: 0.39 0.39 0.39 0.39 0.39 0.39 0.39 0.38 0.38 0.39 0.38 0.38 0.38
  per-rule acc: 0.47 0.31
Epoch 1660 | Train: Loss=0.0247 Acc=99.8% | Test: Acc=33.3% | Best=38.6%(@1640)
  from x3: 0.34 0.33 0.33 0.33 0.33 0.33 0.33 0.33 0.33 0.33 0.33 0.33 0.33
  per-rule acc: 0.44 0.22
Epoch 1680 | Train: Loss=0.0023 Acc=99.9% | Test: Acc=39.7% | Best=39.7%(@1680)
  from x3: 0.41 0.39 0.40 0.40 0.40 0.40 0.40 0.40 0.40 0.40 0.40 0.40 0.39
  per-rule acc: 0.49 0.31
Epoch 1700 | Train: Loss=0.0030 Acc=99.9% | Test: Acc=41.8% | Best=41.8%(@1700)
  from x3: 0.42 0.42 0.42 0.42 0.42 0.42 0.42 0.42 0.42 0.42 0.42 0.42 0.42
  per-rule acc: 0.49 0.35
Epoch 1720 | Train: Loss=0.0432 Acc=99.4% | Test: Acc=35.5% | Best=41.8%(@1700)
  from x3: 0.36 0.35 0.35 0.35 0.35 0.35 0.35 0.35 0.35 0.35 0.35 0.35 0.35
  per-rule acc: 0.46 0.25
Epoch 1740 | Train: Loss=0.0020 Acc=99.9% | Test: Acc=41.4% | Best=41.8%(@1700)
  from x3: 0.42 0.41 0.41 0.41 0.41 0.41 0.41 0.41 0.41 0.41 0.41 0.41 0.41
  per-rule acc: 0.51 0.32
Epoch 1760 | Train: Loss=0.0028 Acc=99.9% | Test: Acc=43.5% | Best=43.5%(@1760)
  from x3: 0.44 0.43 0.44 0.44 0.44 0.44 0.44 0.44 0.43 0.43 0.43 0.43 0.43
  per-rule acc: 0.51 0.36
Epoch 1780 | Train: Loss=0.0546 Acc=99.7% | Test: Acc=37.6% | Best=43.5%(@1760)
  from x3: 0.38 0.37 0.38 0.38 0.38 0.38 0.38 0.38 0.38 0.38 0.38 0.38 0.38
  per-rule acc: 0.49 0.26
Epoch 1800 | Train: Loss=0.0019 Acc=99.9% | Test: Acc=44.7% | Best=44.7%(@1800)
  from x3: 0.46 0.45 0.45 0.45 0.45 0.45 0.45 0.45 0.45 0.44 0.44 0.44 0.44
  per-rule acc: 0.55 0.35
Epoch 1820 | Train: Loss=0.0027 Acc=99.9% | Test: Acc=45.6% | Best=45.6%(@1820)
  from x3: 0.46 0.45 0.46 0.46 0.46 0.46 0.46 0.46 0.46 0.45 0.45 0.45 0.45
  per-rule acc: 0.53 0.38
Epoch 1840 | Train: Loss=0.0748 Acc=98.7% | Test: Acc=32.1% | Best=45.6%(@1820)
  from x3: 0.32 0.32 0.32 0.32 0.32 0.32 0.32 0.32 0.32 0.32 0.32 0.32 0.32
  per-rule acc: 0.40 0.24
Epoch 1860 | Train: Loss=0.0018 Acc=99.9% | Test: Acc=46.1% | Best=46.1%(@1860)
  from x3: 0.46 0.46 0.46 0.46 0.46 0.46 0.46 0.46 0.46 0.46 0.46 0.46 0.46
  per-rule acc: 0.57 0.35
Epoch 1880 | Train: Loss=0.0027 Acc=99.9% | Test: Acc=46.7% | Best=46.7%(@1880)
  from x3: 0.47 0.47 0.47 0.47 0.47 0.47 0.47 0.46 0.47 0.47 0.46 0.47 0.46
  per-rule acc: 0.55 0.39
Epoch 1900 | Train: Loss=0.0031 Acc=99.9% | Test: Acc=49.5% | Best=49.5%(@1900)
  from x3: 0.48 0.49 0.49 0.50 0.49 0.50 0.50 0.50 0.50 0.50 0.50 0.50 0.50
  per-rule acc: 0.56 0.43
Epoch 1920 | Train: Loss=0.0018 Acc=99.9% | Test: Acc=48.3% | Best=49.5%(@1900)
  from x3: 0.49 0.48 0.48 0.48 0.48 0.48 0.48 0.48 0.48 0.48 0.48 0.48 0.48
  per-rule acc: 0.59 0.38
Epoch 1940 | Train: Loss=0.0025 Acc=99.9% | Test: Acc=48.8% | Best=49.5%(@1900)
  from x3: 0.49 0.48 0.49 0.49 0.49 0.49 0.49 0.49 0.49 0.49 0.49 0.49 0.49
  per-rule acc: 0.57 0.41
Epoch 1960 | Train: Loss=0.0283 Acc=99.8% | Test: Acc=42.4% | Best=49.5%(@1900)
  from x3: 0.42 0.43 0.42 0.42 0.42 0.42 0.42 0.42 0.42 0.42 0.42 0.42 0.42
  per-rule acc: 0.56 0.28
Epoch 1980 | Train: Loss=0.0022 Acc=99.9% | Test: Acc=49.7% | Best=49.7%(@1980)
  from x3: 0.51 0.49 0.50 0.50 0.50 0.50 0.50 0.50 0.50 0.50 0.50 0.50 0.49
  per-rule acc: 0.60 0.40
Epoch 2000 | Train: Loss=0.0030 Acc=99.9% | Test: Acc=51.1% | Best=51.1%(@2000)
  from x3: 0.51 0.51 0.51 0.51 0.51 0.51 0.51 0.51 0.51 0.51 0.51 0.51 0.51
  per-rule acc: 0.59 0.44
Epoch 2020 | Train: Loss=0.0712 Acc=98.8% | Test: Acc=34.6% | Best=51.1%(@2000)
  from x3: 0.33 0.35 0.35 0.35 0.35 0.35 0.35 0.35 0.35 0.35 0.35 0.35 0.35
  per-rule acc: 0.42 0.27
Epoch 2040 | Train: Loss=0.0018 Acc=99.9% | Test: Acc=52.3% | Best=52.3%(@2040)
  from x3: 0.52 0.52 0.52 0.52 0.52 0.52 0.52 0.52 0.52 0.52 0.52 0.52 0.52
  per-rule acc: 0.63 0.41
Epoch 2060 | Train: Loss=0.0025 Acc=99.9% | Test: Acc=52.6% | Best=52.6%(@2060)
  from x3: 0.53 0.52 0.53 0.53 0.53 0.53 0.53 0.53 0.52 0.52 0.53 0.53 0.53
  per-rule acc: 0.61 0.44
Epoch 2080 | Train: Loss=0.0030 Acc=99.9% | Test: Acc=54.5% | Best=54.5%(@2080)
  from x3: 0.53 0.54 0.55 0.55 0.55 0.55 0.55 0.55 0.55 0.55 0.55 0.54 0.55
  per-rule acc: 0.61 0.48
Epoch 2100 | Train: Loss=0.0243 Acc=99.7% | Test: Acc=46.4% | Best=54.5%(@2080)
  from x3: 0.46 0.46 0.46 0.46 0.46 0.46 0.46 0.46 0.46 0.46 0.46 0.46 0.46
  per-rule acc: 0.60 0.33
Epoch 2120 | Train: Loss=0.0018 Acc=99.9% | Test: Acc=51.3% | Best=54.5%(@2080)
  from x3: 0.53 0.51 0.51 0.51 0.51 0.51 0.51 0.51 0.51 0.51 0.51 0.51 0.51
  per-rule acc: 0.63 0.39
Epoch 2140 | Train: Loss=0.0025 Acc=99.9% | Test: Acc=53.4% | Best=54.5%(@2080)
  from x3: 0.53 0.54 0.53 0.53 0.53 0.53 0.53 0.53 0.53 0.53 0.53 0.53 0.53
  per-rule acc: 0.62 0.45
Epoch 2160 | Train: Loss=0.0031 Acc=99.9% | Test: Acc=56.5% | Best=56.5%(@2160)
  from x3: 0.55 0.56 0.57 0.57 0.57 0.57 0.57 0.57 0.57 0.56 0.57 0.56 0.56
  per-rule acc: 0.63 0.50
Epoch 2180 | Train: Loss=0.0694 Acc=99.5% | Test: Acc=48.5% | Best=56.5%(@2160)
  from x3: 0.47 0.49 0.49 0.49 0.49 0.49 0.49 0.49 0.49 0.49 0.49 0.49 0.49
  per-rule acc: 0.61 0.36
Epoch 2200 | Train: Loss=0.0020 Acc=99.9% | Test: Acc=57.8% | Best=57.8%(@2200)
  from x3: 0.58 0.58 0.58 0.58 0.58 0.58 0.58 0.58 0.58 0.58 0.58 0.58 0.58
  per-rule acc: 0.66 0.49
Epoch 2220 | Train: Loss=0.0028 Acc=99.9% | Test: Acc=59.2% | Best=59.2%(@2220)
  from x3: 0.59 0.59 0.59 0.59 0.59 0.59 0.59 0.59 0.59 0.59 0.59 0.59 0.59
  per-rule acc: 0.66 0.53
Epoch 2240 | Train: Loss=0.0606 Acc=99.7% | Test: Acc=50.6% | Best=59.2%(@2220)
  from x3: 0.49 0.51 0.51 0.51 0.51 0.51 0.51 0.51 0.51 0.51 0.51 0.51 0.51
  per-rule acc: 0.65 0.36
Epoch 2260 | Train: Loss=0.0017 Acc=99.9% | Test: Acc=58.7% | Best=59.2%(@2220)
  from x3: 0.59 0.59 0.59 0.59 0.59 0.59 0.59 0.59 0.59 0.59 0.59 0.59 0.59
  per-rule acc: 0.69 0.49
Epoch 2280 | Train: Loss=0.0025 Acc=99.9% | Test: Acc=58.7% | Best=59.2%(@2220)
  from x3: 0.59 0.59 0.59 0.59 0.59 0.59 0.59 0.59 0.59 0.59 0.59 0.59 0.59
  per-rule acc: 0.66 0.52
Epoch 2300 | Train: Loss=0.0031 Acc=99.9% | Test: Acc=60.8% | Best=60.8%(@2300)
  from x3: 0.60 0.60 0.61 0.61 0.61 0.61 0.61 0.61 0.61 0.61 0.61 0.61 0.61
  per-rule acc: 0.67 0.55
Epoch 2320 | Train: Loss=0.0051 Acc=99.9% | Test: Acc=53.1% | Best=60.8%(@2300)
  from x3: 0.53 0.53 0.53 0.53 0.53 0.53 0.53 0.53 0.53 0.53 0.53 0.53 0.53
  per-rule acc: 0.66 0.40
Epoch 2340 | Train: Loss=0.0023 Acc=99.9% | Test: Acc=59.4% | Best=60.8%(@2300)
  from x3: 0.59 0.59 0.59 0.59 0.59 0.59 0.59 0.60 0.59 0.60 0.60 0.60 0.59
  per-rule acc: 0.68 0.51
Epoch 2360 | Train: Loss=0.0030 Acc=99.9% | Test: Acc=60.9% | Best=60.9%(@2360)
  from x3: 0.60 0.61 0.61 0.61 0.61 0.61 0.61 0.61 0.61 0.61 0.61 0.61 0.61
  per-rule acc: 0.67 0.54
Epoch 2380 | Train: Loss=0.0031 Acc=99.9% | Test: Acc=63.9% | Best=63.9%(@2380)
  from x3: 0.63 0.64 0.64 0.64 0.64 0.64 0.64 0.64 0.64 0.64 0.64 0.64 0.64
  per-rule acc: 0.69 0.58
Epoch 2400 | Train: Loss=0.0017 Acc=99.9% | Test: Acc=62.9% | Best=63.9%(@2380)
  from x3: 0.62 0.63 0.63 0.63 0.63 0.63 0.63 0.63 0.63 0.63 0.63 0.63 0.63
  per-rule acc: 0.72 0.54
Epoch 2420 | Train: Loss=0.0024 Acc=99.9% | Test: Acc=63.5% | Best=63.9%(@2380)
  from x3: 0.62 0.63 0.64 0.64 0.64 0.64 0.64 0.64 0.64 0.64 0.64 0.64 0.64
  per-rule acc: 0.71 0.57
Epoch 2440 | Train: Loss=0.0030 Acc=99.9% | Test: Acc=65.8% | Best=65.8%(@2440)
  from x3: 0.64 0.66 0.66 0.66 0.66 0.66 0.66 0.66 0.66 0.66 0.66 0.66 0.66
  per-rule acc: 0.71 0.60
Epoch 2460 | Train: Loss=0.0029 Acc=99.9% | Test: Acc=63.2% | Best=65.8%(@2440)
  from x3: 0.63 0.63 0.63 0.63 0.63 0.63 0.63 0.63 0.63 0.63 0.63 0.63 0.63
  per-rule acc: 0.73 0.53
Epoch 2480 | Train: Loss=0.0023 Acc=99.9% | Test: Acc=64.7% | Best=65.8%(@2440)
  from x3: 0.64 0.65 0.65 0.65 0.65 0.65 0.65 0.65 0.65 0.65 0.65 0.65 0.65
  per-rule acc: 0.72 0.58
Epoch 2500 | Train: Loss=0.0029 Acc=99.9% | Test: Acc=66.2% | Best=66.2%(@2500)
  from x3: 0.65 0.66 0.66 0.66 0.66 0.66 0.66 0.66 0.66 0.66 0.66 0.66 0.66
  per-rule acc: 0.71 0.62
Epoch 2520 | Train: Loss=0.0712 Acc=99.6% | Test: Acc=53.3% | Best=66.2%(@2500)
  from x3: 0.52 0.53 0.53 0.53 0.53 0.53 0.54 0.53 0.53 0.53 0.53 0.53 0.53
  per-rule acc: 0.65 0.42
Epoch 2540 | Train: Loss=0.0017 Acc=99.9% | Test: Acc=65.7% | Best=66.2%(@2500)
  from x3: 0.64 0.65 0.66 0.66 0.66 0.66 0.66 0.66 0.66 0.66 0.66 0.66 0.66
  per-rule acc: 0.75 0.57
Epoch 2560 | Train: Loss=0.0025 Acc=99.9% | Test: Acc=66.1% | Best=66.2%(@2500)
  from x3: 0.65 0.66 0.66 0.66 0.66 0.66 0.66 0.66 0.66 0.66 0.66 0.66 0.66
  per-rule acc: 0.72 0.60
Epoch 2580 | Train: Loss=0.0292 Acc=99.7% | Test: Acc=55.9% | Best=66.2%(@2500)
  from x3: 0.54 0.56 0.56 0.56 0.56 0.56 0.56 0.56 0.56 0.56 0.56 0.56 0.56
  per-rule acc: 0.68 0.44
Epoch 2600 | Train: Loss=0.0021 Acc=99.9% | Test: Acc=65.8% | Best=66.2%(@2500)
  from x3: 0.65 0.66 0.66 0.66 0.66 0.66 0.66 0.66 0.66 0.66 0.66 0.66 0.66
  per-rule acc: 0.73 0.59
Epoch 2620 | Train: Loss=0.0029 Acc=99.9% | Test: Acc=68.0% | Best=68.0%(@2620)
  from x3: 0.67 0.68 0.68 0.68 0.68 0.68 0.68 0.68 0.68 0.68 0.68 0.68 0.68
  per-rule acc: 0.72 0.64
Epoch 2640 | Train: Loss=0.0340 Acc=99.8% | Test: Acc=58.0% | Best=68.0%(@2620)
  from x3: 0.57 0.58 0.58 0.58 0.58 0.58 0.58 0.58 0.58 0.58 0.58 0.58 0.58
  per-rule acc: 0.71 0.45
Epoch 2660 | Train: Loss=0.0021 Acc=99.9% | Test: Acc=69.4% | Best=69.4%(@2660)
  from x3: 0.69 0.70 0.69 0.69 0.69 0.69 0.69 0.69 0.69 0.69 0.69 0.69 0.69
  per-rule acc: 0.77 0.62
Epoch 2680 | Train: Loss=0.0029 Acc=99.9% | Test: Acc=69.4% | Best=69.4%(@2680)
  from x3: 0.67 0.70 0.69 0.69 0.69 0.69 0.70 0.70 0.70 0.70 0.70 0.70 0.70
  per-rule acc: 0.75 0.64
Epoch 2700 | Train: Loss=0.0688 Acc=98.8% | Test: Acc=48.8% | Best=69.4%(@2680)
  from x3: 0.47 0.49 0.49 0.49 0.49 0.49 0.49 0.49 0.49 0.49 0.49 0.49 0.49
  per-rule acc: 0.58 0.40
Epoch 2720 | Train: Loss=0.0017 Acc=99.9% | Test: Acc=69.1% | Best=69.4%(@2680)
  from x3: 0.70 0.69 0.69 0.69 0.69 0.69 0.69 0.69 0.69 0.69 0.69 0.69 0.69
  per-rule acc: 0.76 0.62
Epoch 2740 | Train: Loss=0.0025 Acc=99.9% | Test: Acc=69.5% | Best=69.5%(@2740)
  from x3: 0.69 0.69 0.70 0.70 0.70 0.70 0.70 0.70 0.70 0.70 0.70 0.70 0.70
  per-rule acc: 0.75 0.64
Epoch 2760 | Train: Loss=0.0030 Acc=99.9% | Test: Acc=71.3% | Best=71.3%(@2760)
  from x3: 0.70 0.72 0.71 0.71 0.71 0.71 0.71 0.71 0.71 0.71 0.71 0.71 0.71
  per-rule acc: 0.76 0.67
Epoch 2780 | Train: Loss=0.0144 Acc=99.9% | Test: Acc=62.0% | Best=71.3%(@2760)
  from x3: 0.61 0.62 0.62 0.62 0.62 0.62 0.62 0.62 0.62 0.62 0.62 0.62 0.62
  per-rule acc: 0.75 0.49
Epoch 2800 | Train: Loss=0.0020 Acc=99.9% | Test: Acc=70.6% | Best=71.3%(@2760)
  from x3: 0.70 0.71 0.71 0.71 0.71 0.71 0.71 0.71 0.71 0.71 0.71 0.71 0.71
  per-rule acc: 0.78 0.64
Epoch 2820 | Train: Loss=0.0028 Acc=99.9% | Test: Acc=71.7% | Best=71.7%(@2820)
  from x3: 0.71 0.72 0.72 0.72 0.72 0.72 0.72 0.72 0.72 0.72 0.72 0.72 0.72
  per-rule acc: 0.77 0.66
Epoch 2840 | Train: Loss=0.0581 Acc=99.7% | Test: Acc=59.7% | Best=71.7%(@2820)
  from x3: 0.57 0.60 0.60 0.60 0.60 0.60 0.60 0.60 0.60 0.60 0.60 0.60 0.60
  per-rule acc: 0.71 0.48
Epoch 2860 | Train: Loss=0.0018 Acc=99.9% | Test: Acc=71.6% | Best=71.7%(@2820)
  from x3: 0.72 0.72 0.72 0.72 0.72 0.72 0.72 0.72 0.72 0.72 0.72 0.72 0.72
  per-rule acc: 0.79 0.64
Epoch 2880 | Train: Loss=0.0026 Acc=99.9% | Test: Acc=72.1% | Best=72.1%(@2880)
  from x3: 0.72 0.72 0.72 0.72 0.72 0.72 0.72 0.72 0.72 0.72 0.72 0.72 0.72
  per-rule acc: 0.77 0.67
Epoch 2900 | Train: Loss=0.0030 Acc=99.9% | Test: Acc=74.0% | Best=74.0%(@2900)
  from x3: 0.73 0.74 0.74 0.74 0.74 0.74 0.74 0.74 0.74 0.74 0.74 0.74 0.74
  per-rule acc: 0.78 0.70
Epoch 2920 | Train: Loss=0.0022 Acc=99.9% | Test: Acc=74.2% | Best=74.2%(@2920)
  from x3: 0.73 0.74 0.74 0.74 0.74 0.74 0.74 0.74 0.74 0.74 0.74 0.75 0.74
  per-rule acc: 0.81 0.67
Epoch 2940 | Train: Loss=0.0025 Acc=99.9% | Test: Acc=74.5% | Best=74.5%(@2940)
  from x3: 0.74 0.74 0.75 0.75 0.74 0.74 0.74 0.74 0.75 0.75 0.75 0.75 0.74
  per-rule acc: 0.79 0.70
Epoch 2960 | Train: Loss=0.0030 Acc=99.9% | Test: Acc=76.0% | Best=76.0%(@2960)
  from x3: 0.75 0.75 0.76 0.76 0.76 0.76 0.76 0.76 0.76 0.76 0.76 0.76 0.76
  per-rule acc: 0.80 0.72
Epoch 2980 | Train: Loss=0.0305 Acc=99.7% | Test: Acc=64.7% | Best=76.0%(@2960)
  from x3: 0.64 0.65 0.65 0.65 0.65 0.65 0.65 0.65 0.65 0.65 0.65 0.65 0.65
  per-rule acc: 0.75 0.54
Epoch 3000 | Train: Loss=0.0020 Acc=99.9% | Test: Acc=74.0% | Best=76.0%(@2960)
  from x3: 0.73 0.74 0.74 0.74 0.74 0.74 0.74 0.74 0.74 0.74 0.74 0.74 0.74
  per-rule acc: 0.80 0.68
Epoch 3020 | Train: Loss=0.0027 Acc=99.9% | Test: Acc=75.4% | Best=76.0%(@2960)
  from x3: 0.75 0.75 0.75 0.75 0.75 0.75 0.75 0.75 0.75 0.75 0.75 0.76 0.76
  per-rule acc: 0.80 0.70
Epoch 3040 | Train: Loss=0.0031 Acc=99.9% | Test: Acc=77.7% | Best=77.7%(@3040)
  from x3: 0.76 0.77 0.78 0.78 0.78 0.78 0.78 0.78 0.78 0.78 0.78 0.78 0.78
  per-rule acc: 0.82 0.74
Epoch 3060 | Train: Loss=0.0092 Acc=99.9% | Test: Acc=65.3% | Best=77.7%(@3040)
  from x3: 0.64 0.65 0.65 0.65 0.65 0.65 0.65 0.65 0.65 0.65 0.65 0.65 0.65
  per-rule acc: 0.78 0.52
Epoch 3080 | Train: Loss=0.0022 Acc=99.9% | Test: Acc=74.8% | Best=77.7%(@3040)
  from x3: 0.74 0.75 0.75 0.75 0.75 0.75 0.75 0.75 0.75 0.75 0.75 0.75 0.75
  per-rule acc: 0.82 0.68
Epoch 3100 | Train: Loss=0.0029 Acc=99.9% | Test: Acc=76.5% | Best=77.7%(@3040)
  from x3: 0.76 0.76 0.77 0.77 0.77 0.77 0.77 0.77 0.77 0.77 0.77 0.77 0.77
  per-rule acc: 0.81 0.72
Epoch 3120 | Train: Loss=0.0329 Acc=99.7% | Test: Acc=64.3% | Best=77.7%(@3040)
  from x3: 0.64 0.64 0.64 0.64 0.64 0.64 0.64 0.64 0.64 0.64 0.64 0.64 0.64
  per-rule acc: 0.76 0.53
Epoch 3140 | Train: Loss=0.0019 Acc=99.9% | Test: Acc=76.4% | Best=77.7%(@3040)
  from x3: 0.76 0.76 0.77 0.76 0.76 0.76 0.77 0.76 0.76 0.76 0.76 0.76 0.76
  per-rule acc: 0.84 0.69
Epoch 3160 | Train: Loss=0.0026 Acc=99.9% | Test: Acc=77.6% | Best=77.7%(@3040)
  from x3: 0.76 0.78 0.78 0.78 0.78 0.78 0.78 0.78 0.78 0.78 0.78 0.78 0.78
  per-rule acc: 0.83 0.72
Epoch 3180 | Train: Loss=0.0030 Acc=99.9% | Test: Acc=79.3% | Best=79.3%(@3180)
  from x3: 0.78 0.80 0.79 0.80 0.79 0.79 0.79 0.79 0.79 0.79 0.79 0.79 0.79
  per-rule acc: 0.83 0.76
Epoch 3200 | Train: Loss=0.0130 Acc=99.9% | Test: Acc=68.0% | Best=79.3%(@3180)
  from x3: 0.66 0.68 0.68 0.68 0.68 0.68 0.68 0.68 0.68 0.68 0.68 0.68 0.68
  per-rule acc: 0.81 0.55
Epoch 3220 | Train: Loss=0.0021 Acc=99.9% | Test: Acc=77.8% | Best=79.3%(@3180)
  from x3: 0.78 0.78 0.78 0.78 0.78 0.78 0.78 0.78 0.78 0.78 0.78 0.78 0.78
  per-rule acc: 0.83 0.72
Epoch 3240 | Train: Loss=0.0029 Acc=99.9% | Test: Acc=79.9% | Best=79.9%(@3240)
  from x3: 0.79 0.80 0.80 0.80 0.80 0.80 0.80 0.80 0.80 0.80 0.80 0.80 0.80
  per-rule acc: 0.84 0.76
Epoch 3260 | Train: Loss=0.0157 Acc=99.8% | Test: Acc=70.1% | Best=79.9%(@3240)
  from x3: 0.69 0.70 0.70 0.70 0.70 0.70 0.70 0.70 0.70 0.70 0.70 0.70 0.70
  per-rule acc: 0.81 0.59
Epoch 3280 | Train: Loss=0.0021 Acc=99.9% | Test: Acc=78.7% | Best=79.9%(@3240)
  from x3: 0.78 0.78 0.79 0.79 0.79 0.79 0.79 0.79 0.79 0.79 0.79 0.79 0.79
  per-rule acc: 0.84 0.73
Epoch 3300 | Train: Loss=0.0028 Acc=99.9% | Test: Acc=80.1% | Best=80.1%(@3300)
  from x3: 0.79 0.80 0.80 0.80 0.80 0.80 0.80 0.80 0.80 0.80 0.80 0.80 0.80
  per-rule acc: 0.85 0.75
Epoch 3320 | Train: Loss=0.0382 Acc=99.8% | Test: Acc=67.2% | Best=80.1%(@3300)
  from x3: 0.66 0.67 0.67 0.67 0.67 0.67 0.67 0.67 0.67 0.67 0.67 0.67 0.67
  per-rule acc: 0.78 0.56
Epoch 3340 | Train: Loss=0.0021 Acc=99.9% | Test: Acc=80.9% | Best=80.9%(@3340)
  from x3: 0.80 0.81 0.81 0.81 0.81 0.81 0.81 0.81 0.81 0.81 0.81 0.81 0.81
  per-rule acc: 0.87 0.75
Epoch 3360 | Train: Loss=0.0025 Acc=99.9% | Test: Acc=80.2% | Best=80.9%(@3340)
  from x3: 0.80 0.80 0.80 0.80 0.80 0.80 0.80 0.80 0.80 0.80 0.80 0.80 0.80
  per-rule acc: 0.85 0.75
Epoch 3380 | Train: Loss=0.0070 Acc=99.8% | Test: Acc=70.1% | Best=80.9%(@3340)
  from x3: 0.68 0.70 0.70 0.70 0.70 0.70 0.70 0.70 0.70 0.70 0.70 0.70 0.70
  per-rule acc: 0.79 0.61
Epoch 3400 | Train: Loss=0.0019 Acc=99.9% | Test: Acc=81.5% | Best=81.5%(@3400)
  from x3: 0.80 0.81 0.82 0.82 0.82 0.82 0.82 0.82 0.82 0.82 0.82 0.82 0.82
  per-rule acc: 0.87 0.76
Epoch 3420 | Train: Loss=0.0026 Acc=99.9% | Test: Acc=81.1% | Best=81.5%(@3400)
  from x3: 0.80 0.81 0.81 0.81 0.81 0.81 0.81 0.81 0.81 0.81 0.81 0.81 0.81
  per-rule acc: 0.85 0.77
Epoch 3440 | Train: Loss=0.0333 Acc=99.7% | Test: Acc=69.6% | Best=81.5%(@3400)
  from x3: 0.68 0.70 0.70 0.70 0.70 0.70 0.70 0.70 0.70 0.70 0.70 0.70 0.70
  per-rule acc: 0.80 0.59
Epoch 3460 | Train: Loss=0.0020 Acc=99.9% | Test: Acc=82.1% | Best=82.1%(@3460)
  from x3: 0.81 0.82 0.82 0.82 0.82 0.82 0.82 0.82 0.82 0.82 0.82 0.82 0.82
  per-rule acc: 0.88 0.76
Epoch 3480 | Train: Loss=0.0028 Acc=99.9% | Test: Acc=82.4% | Best=82.4%(@3480)
  from x3: 0.82 0.82 0.83 0.83 0.83 0.83 0.83 0.82 0.83 0.82 0.83 0.83 0.83
  per-rule acc: 0.87 0.78
Epoch 3500 | Train: Loss=0.0031 Acc=99.9% | Test: Acc=84.1% | Best=84.1%(@3500)
  from x3: 0.82 0.84 0.84 0.84 0.84 0.84 0.84 0.84 0.84 0.84 0.84 0.84 0.84
  per-rule acc: 0.87 0.81
Epoch 3520 | Train: Loss=0.0897 Acc=98.3% | Test: Acc=59.0% | Best=84.1%(@3500)
  from x3: 0.58 0.59 0.59 0.59 0.59 0.59 0.59 0.59 0.59 0.59 0.59 0.59 0.59
  per-rule acc: 0.69 0.49
Epoch 3540 | Train: Loss=0.0018 Acc=99.9% | Test: Acc=83.2% | Best=84.1%(@3500)
  from x3: 0.82 0.83 0.83 0.83 0.83 0.83 0.83 0.83 0.83 0.83 0.83 0.83 0.83
  per-rule acc: 0.88 0.79
Epoch 3560 | Train: Loss=0.0025 Acc=99.9% | Test: Acc=83.8% | Best=84.1%(@3500)
  from x3: 0.83 0.84 0.84 0.84 0.84 0.84 0.84 0.84 0.84 0.84 0.84 0.84 0.84
  per-rule acc: 0.88 0.80
Epoch 3580 | Train: Loss=0.0487 Acc=99.7% | Test: Acc=70.5% | Best=84.1%(@3500)
  from x3: 0.69 0.70 0.71 0.71 0.71 0.71 0.71 0.71 0.71 0.71 0.71 0.71 0.71
  per-rule acc: 0.81 0.60
Epoch 3600 | Train: Loss=0.0019 Acc=99.9% | Test: Acc=84.3% | Best=84.3%(@3600)
  from x3: 0.83 0.84 0.84 0.84 0.84 0.84 0.84 0.84 0.84 0.84 0.84 0.84 0.84
  per-rule acc: 0.89 0.80
Epoch 3620 | Train: Loss=0.0024 Acc=99.9% | Test: Acc=84.3% | Best=84.3%(@3600)
  from x3: 0.84 0.84 0.84 0.84 0.84 0.84 0.84 0.84 0.84 0.84 0.84 0.84 0.84
  per-rule acc: 0.88 0.81
Epoch 3640 | Train: Loss=0.0029 Acc=99.9% | Test: Acc=85.1% | Best=85.1%(@3640)
  from x3: 0.84 0.85 0.85 0.85 0.85 0.85 0.85 0.85 0.85 0.85 0.85 0.85 0.85
  per-rule acc: 0.88 0.82
Epoch 3660 | Train: Loss=0.0161 Acc=99.9% | Test: Acc=76.3% | Best=85.1%(@3640)
  from x3: 0.75 0.76 0.76 0.76 0.76 0.76 0.76 0.76 0.76 0.76 0.76 0.76 0.76
  per-rule acc: 0.83 0.69
Epoch 3680 | Train: Loss=0.0020 Acc=99.9% | Test: Acc=84.8% | Best=85.1%(@3640)
  from x3: 0.84 0.85 0.85 0.85 0.85 0.85 0.85 0.85 0.85 0.85 0.85 0.85 0.85
  per-rule acc: 0.89 0.81
Epoch 3700 | Train: Loss=0.0027 Acc=99.9% | Test: Acc=85.7% | Best=85.7%(@3700)
  from x3: 0.85 0.86 0.86 0.86 0.86 0.86 0.86 0.86 0.86 0.86 0.86 0.86 0.86
  per-rule acc: 0.89 0.83
Epoch 3720 | Train: Loss=0.0099 Acc=99.9% | Test: Acc=78.8% | Best=85.7%(@3700)
  from x3: 0.77 0.79 0.79 0.79 0.79 0.79 0.79 0.79 0.79 0.79 0.79 0.79 0.79
  per-rule acc: 0.87 0.70
Epoch 3740 | Train: Loss=0.0021 Acc=99.9% | Test: Acc=85.9% | Best=85.9%(@3740)
  from x3: 0.85 0.86 0.86 0.86 0.86 0.86 0.86 0.86 0.86 0.86 0.86 0.86 0.86
  per-rule acc: 0.89 0.83
Epoch 3760 | Train: Loss=0.0027 Acc=99.9% | Test: Acc=85.8% | Best=85.9%(@3740)
  from x3: 0.86 0.86 0.86 0.86 0.86 0.86 0.86 0.86 0.86 0.86 0.86 0.86 0.86
  per-rule acc: 0.89 0.83
Epoch 3780 | Train: Loss=0.0031 Acc=99.9% | Test: Acc=87.1% | Best=87.1%(@3780)
  from x3: 0.86 0.87 0.87 0.87 0.87 0.87 0.87 0.87 0.87 0.87 0.87 0.87 0.87
  per-rule acc: 0.90 0.84
Epoch 3800 | Train: Loss=0.0033 Acc=99.9% | Test: Acc=71.8% | Best=87.1%(@3780)
  from x3: 0.70 0.72 0.72 0.72 0.72 0.72 0.72 0.72 0.72 0.72 0.72 0.72 0.72
  per-rule acc: 0.79 0.65
Epoch 3820 | Train: Loss=0.0018 Acc=99.9% | Test: Acc=87.5% | Best=87.5%(@3820)
  from x3: 0.86 0.88 0.88 0.88 0.88 0.88 0.88 0.88 0.88 0.88 0.88 0.88 0.88
  per-rule acc: 0.90 0.85
Epoch 3840 | Train: Loss=0.0024 Acc=99.9% | Test: Acc=87.6% | Best=87.6%(@3840)
  from x3: 0.87 0.88 0.88 0.88 0.88 0.88 0.88 0.88 0.88 0.88 0.88 0.88 0.88
  per-rule acc: 0.90 0.85
Epoch 3860 | Train: Loss=0.0028 Acc=99.9% | Test: Acc=88.3% | Best=88.3%(@3860)
  from x3: 0.87 0.88 0.88 0.88 0.88 0.88 0.88 0.88 0.88 0.88 0.88 0.88 0.88
  per-rule acc: 0.91 0.86
Epoch 3880 | Train: Loss=0.0529 Acc=99.7% | Test: Acc=75.8% | Best=88.3%(@3860)
  from x3: 0.73 0.76 0.76 0.76 0.76 0.76 0.76 0.76 0.76 0.76 0.76 0.76 0.76
  per-rule acc: 0.83 0.68
Epoch 3900 | Train: Loss=0.0020 Acc=99.9% | Test: Acc=87.5% | Best=88.3%(@3860)
  from x3: 0.87 0.87 0.88 0.88 0.88 0.88 0.88 0.88 0.88 0.88 0.88 0.88 0.88
  per-rule acc: 0.91 0.84
Epoch 3920 | Train: Loss=0.0024 Acc=99.9% | Test: Acc=87.7% | Best=88.3%(@3860)
  from x3: 0.87 0.88 0.88 0.88 0.88 0.88 0.88 0.88 0.88 0.88 0.88 0.88 0.88
  per-rule acc: 0.90 0.85
Epoch 3940 | Train: Loss=0.0028 Acc=99.9% | Test: Acc=89.0% | Best=89.0%(@3940)
  from x3: 0.88 0.89 0.89 0.89 0.89 0.89 0.89 0.89 0.89 0.89 0.89 0.89 0.89
  per-rule acc: 0.92 0.86
Epoch 3960 | Train: Loss=0.0028 Acc=99.9% | Test: Acc=89.1% | Best=89.1%(@3960)
  from x3: 0.88 0.89 0.89 0.89 0.89 0.89 0.89 0.89 0.89 0.89 0.89 0.89 0.89
  per-rule acc: 0.92 0.86
Epoch 3980 | Train: Loss=0.0095 Acc=99.9% | Test: Acc=79.6% | Best=89.1%(@3960)
  from x3: 0.79 0.80 0.80 0.80 0.80 0.80 0.80 0.80 0.80 0.80 0.80 0.80 0.80
  per-rule acc: 0.88 0.71
Epoch 4000 | Train: Loss=0.0020 Acc=99.9% | Test: Acc=87.7% | Best=89.1%(@3960)
  from x3: 0.87 0.88 0.88 0.88 0.88 0.88 0.88 0.88 0.88 0.88 0.88 0.88 0.88
  per-rule acc: 0.91 0.84
Epoch 4020 | Train: Loss=0.0025 Acc=99.9% | Test: Acc=88.9% | Best=89.1%(@3960)
  from x3: 0.88 0.89 0.89 0.89 0.89 0.89 0.89 0.89 0.89 0.89 0.89 0.89 0.89
  per-rule acc: 0.92 0.86
Epoch 4040 | Train: Loss=0.0027 Acc=99.9% | Test: Acc=89.5% | Best=89.5%(@4040)
  from x3: 0.88 0.90 0.90 0.90 0.90 0.90 0.90 0.90 0.90 0.90 0.90 0.90 0.90
  per-rule acc: 0.92 0.87
Epoch 4060 | Train: Loss=0.0165 Acc=99.9% | Test: Acc=79.4% | Best=89.5%(@4040)
  from x3: 0.78 0.79 0.80 0.80 0.80 0.80 0.79 0.79 0.79 0.79 0.79 0.79 0.79
  per-rule acc: 0.87 0.72
Epoch 4080 | Train: Loss=0.0019 Acc=99.9% | Test: Acc=88.1% | Best=89.5%(@4040)
  from x3: 0.87 0.88 0.88 0.88 0.88 0.88 0.88 0.88 0.88 0.88 0.88 0.88 0.88
  per-rule acc: 0.92 0.84
Epoch 4100 | Train: Loss=0.0025 Acc=99.9% | Test: Acc=89.5% | Best=89.5%(@4040)
  from x3: 0.89 0.89 0.90 0.90 0.90 0.90 0.90 0.90 0.90 0.90 0.90 0.90 0.89
  per-rule acc: 0.92 0.87
Epoch 4120 | Train: Loss=0.0097 Acc=99.9% | Test: Acc=83.9% | Best=89.5%(@4040)
  from x3: 0.83 0.84 0.84 0.84 0.84 0.84 0.84 0.84 0.84 0.84 0.84 0.84 0.84
  per-rule acc: 0.91 0.77
Epoch 4140 | Train: Loss=0.0020 Acc=99.9% | Test: Acc=89.2% | Best=89.5%(@4040)
  from x3: 0.89 0.89 0.89 0.89 0.89 0.89 0.89 0.89 0.89 0.89 0.89 0.89 0.89
  per-rule acc: 0.92 0.86
Epoch 4160 | Train: Loss=0.0026 Acc=99.9% | Test: Acc=89.7% | Best=89.7%(@4160)
  from x3: 0.89 0.90 0.90 0.90 0.90 0.90 0.90 0.90 0.90 0.90 0.90 0.90 0.90
  per-rule acc: 0.92 0.87
Epoch 4180 | Train: Loss=0.0021 Acc=99.9% | Test: Acc=90.3% | Best=90.3%(@4180)
  from x3: 0.90 0.90 0.90 0.90 0.90 0.90 0.90 0.90 0.90 0.90 0.90 0.90 0.90
  per-rule acc: 0.93 0.87
Epoch 4200 | Train: Loss=0.0026 Acc=99.9% | Test: Acc=90.2% | Best=90.3%(@4180)
  from x3: 0.90 0.90 0.90 0.90 0.90 0.90 0.90 0.90 0.90 0.90 0.90 0.90 0.90
  per-rule acc: 0.93 0.88
Epoch 4220 | Train: Loss=0.0029 Acc=99.9% | Test: Acc=90.4% | Best=90.4%(@4220)
  from x3: 0.90 0.90 0.90 0.90 0.90 0.90 0.90 0.90 0.90 0.90 0.90 0.90 0.90
  per-rule acc: 0.93 0.88
Epoch 4240 | Train: Loss=0.0182 Acc=99.8% | Test: Acc=78.7% | Best=90.4%(@4220)
  from x3: 0.78 0.79 0.79 0.79 0.79 0.79 0.79 0.79 0.79 0.79 0.79 0.79 0.79
  per-rule acc: 0.88 0.70
Epoch 4260 | Train: Loss=0.0019 Acc=99.9% | Test: Acc=89.5% | Best=90.4%(@4220)
  from x3: 0.89 0.90 0.90 0.90 0.90 0.90 0.90 0.90 0.90 0.90 0.90 0.90 0.90
  per-rule acc: 0.93 0.86
Epoch 4280 | Train: Loss=0.0026 Acc=99.9% | Test: Acc=89.6% | Best=90.4%(@4220)
  from x3: 0.89 0.90 0.90 0.90 0.90 0.90 0.90 0.90 0.90 0.90 0.90 0.90 0.90
  per-rule acc: 0.93 0.86
Epoch 4300 | Train: Loss=0.0029 Acc=99.9% | Test: Acc=90.7% | Best=90.7%(@4300)
  from x3: 0.89 0.91 0.91 0.91 0.91 0.91 0.91 0.91 0.91 0.91 0.91 0.91 0.91
  per-rule acc: 0.93 0.88
Epoch 4320 | Train: Loss=0.0264 Acc=99.8% | Test: Acc=81.8% | Best=90.7%(@4300)
  from x3: 0.81 0.82 0.82 0.82 0.82 0.82 0.82 0.82 0.82 0.82 0.82 0.82 0.82
  per-rule acc: 0.88 0.76
Epoch 4340 | Train: Loss=0.0021 Acc=99.9% | Test: Acc=90.2% | Best=90.7%(@4300)
  from x3: 0.89 0.90 0.90 0.90 0.90 0.90 0.90 0.90 0.90 0.90 0.90 0.90 0.90
  per-rule acc: 0.93 0.87
Epoch 4360 | Train: Loss=0.0027 Acc=99.9% | Test: Acc=90.0% | Best=90.7%(@4300)
  from x3: 0.89 0.90 0.90 0.90 0.90 0.90 0.90 0.90 0.90 0.90 0.90 0.90 0.90
  per-rule acc: 0.93 0.87
Epoch 4380 | Train: Loss=0.0028 Acc=99.9% | Test: Acc=90.5% | Best=90.7%(@4300)
  from x3: 0.90 0.90 0.91 0.91 0.91 0.91 0.91 0.91 0.91 0.91 0.91 0.91 0.91
  per-rule acc: 0.93 0.88
Epoch 4400 | Train: Loss=0.0053 Acc=99.9% | Test: Acc=86.1% | Best=90.7%(@4300)
  from x3: 0.85 0.86 0.86 0.86 0.86 0.86 0.86 0.86 0.86 0.86 0.86 0.86 0.86
  per-rule acc: 0.91 0.81
Epoch 4420 | Train: Loss=0.0022 Acc=99.9% | Test: Acc=90.4% | Best=90.7%(@4300)
  from x3: 0.90 0.90 0.90 0.90 0.90 0.90 0.90 0.90 0.90 0.90 0.90 0.90 0.90
  per-rule acc: 0.94 0.87
Epoch 4440 | Train: Loss=0.0027 Acc=99.9% | Test: Acc=90.6% | Best=90.7%(@4300)
  from x3: 0.90 0.91 0.91 0.91 0.91 0.91 0.91 0.91 0.91 0.91 0.91 0.91 0.91
  per-rule acc: 0.94 0.87
Epoch 4460 | Train: Loss=0.0085 Acc=99.9% | Test: Acc=84.6% | Best=90.7%(@4300)
  from x3: 0.83 0.85 0.85 0.85 0.85 0.85 0.85 0.85 0.85 0.85 0.85 0.85 0.85
  per-rule acc: 0.91 0.78
Epoch 4480 | Train: Loss=0.0022 Acc=99.9% | Test: Acc=90.5% | Best=90.7%(@4300)
  from x3: 0.90 0.90 0.91 0.91 0.91 0.91 0.91 0.90 0.91 0.91 0.91 0.91 0.91
  per-rule acc: 0.94 0.87
Epoch 4500 | Train: Loss=0.0200 Acc=99.8% | Test: Acc=82.2% | Best=90.7%(@4300)
  from x3: 0.82 0.82 0.82 0.82 0.82 0.82 0.82 0.82 0.82 0.82 0.82 0.82 0.82
  per-rule acc: 0.88 0.76
Epoch 4520 | Train: Loss=0.0020 Acc=99.9% | Test: Acc=90.8% | Best=90.8%(@4520)
  from x3: 0.91 0.91 0.91 0.91 0.91 0.91 0.91 0.91 0.91 0.91 0.91 0.91 0.91
  per-rule acc: 0.94 0.87
Epoch 4540 | Train: Loss=0.0024 Acc=99.9% | Test: Acc=90.7% | Best=90.8%(@4520)
  from x3: 0.90 0.91 0.91 0.91 0.91 0.91 0.91 0.91 0.91 0.91 0.91 0.91 0.91
  per-rule acc: 0.94 0.88
Epoch 4560 | Train: Loss=0.0029 Acc=99.9% | Test: Acc=90.7% | Best=90.8%(@4520)
  from x3: 0.91 0.91 0.91 0.91 0.91 0.91 0.91 0.91 0.91 0.91 0.91 0.91 0.91
  per-rule acc: 0.94 0.88
Epoch 4580 | Train: Loss=0.0029 Acc=99.9% | Test: Acc=91.0% | Best=91.0%(@4580)
  from x3: 0.90 0.91 0.91 0.91 0.91 0.91 0.91 0.91 0.91 0.91 0.91 0.91 0.91
  per-rule acc: 0.94 0.88
Epoch 4600 | Train: Loss=0.0136 Acc=99.9% | Test: Acc=85.1% | Best=91.0%(@4580)
  from x3: 0.85 0.85 0.85 0.85 0.85 0.85 0.85 0.85 0.85 0.85 0.85 0.85 0.85
  per-rule acc: 0.92 0.78
Epoch 4620 | Train: Loss=0.0021 Acc=99.9% | Test: Acc=90.8% | Best=91.0%(@4580)
  from x3: 0.90 0.91 0.91 0.91 0.91 0.91 0.91 0.91 0.91 0.91 0.91 0.91 0.91
  per-rule acc: 0.94 0.88
Epoch 4640 | Train: Loss=0.0026 Acc=99.9% | Test: Acc=91.1% | Best=91.1%(@4640)
  from x3: 0.91 0.91 0.91 0.91 0.91 0.91 0.91 0.91 0.91 0.91 0.91 0.91 0.91
  per-rule acc: 0.94 0.88
Epoch 4660 | Train: Loss=0.0029 Acc=99.9% | Test: Acc=90.8% | Best=91.1%(@4640)
  from x3: 0.90 0.91 0.91 0.91 0.91 0.91 0.91 0.91 0.91 0.91 0.91 0.91 0.91
  per-rule acc: 0.94 0.88
Epoch 4680 | Train: Loss=0.0126 Acc=99.9% | Test: Acc=83.5% | Best=91.1%(@4640)
  from x3: 0.83 0.83 0.84 0.84 0.84 0.84 0.84 0.84 0.84 0.84 0.84 0.84 0.84
  per-rule acc: 0.89 0.78
Epoch 4700 | Train: Loss=0.0022 Acc=99.9% | Test: Acc=91.5% | Best=91.5%(@4700)
  from x3: 0.91 0.91 0.92 0.92 0.92 0.92 0.92 0.92 0.91 0.92 0.91 0.91 0.91
  per-rule acc: 0.95 0.88
Epoch 4720 | Train: Loss=0.0027 Acc=99.9% | Test: Acc=91.4% | Best=91.5%(@4700)
  from x3: 0.91 0.92 0.91 0.91 0.91 0.91 0.91 0.91 0.91 0.91 0.91 0.91 0.91
  per-rule acc: 0.94 0.89
Epoch 4740 | Train: Loss=0.0029 Acc=99.9% | Test: Acc=91.2% | Best=91.5%(@4700)
  from x3: 0.91 0.91 0.91 0.91 0.91 0.91 0.91 0.91 0.91 0.91 0.91 0.91 0.91
  per-rule acc: 0.94 0.89
Epoch 4760 | Train: Loss=0.0130 Acc=99.9% | Test: Acc=84.1% | Best=91.5%(@4700)
  from x3: 0.83 0.84 0.84 0.84 0.84 0.84 0.84 0.84 0.84 0.84 0.84 0.84 0.84
  per-rule acc: 0.91 0.78
Epoch 4780 | Train: Loss=0.0020 Acc=99.9% | Test: Acc=91.6% | Best=91.6%(@4780)
  from x3: 0.91 0.92 0.92 0.92 0.92 0.92 0.92 0.92 0.92 0.92 0.92 0.92 0.92
  per-rule acc: 0.95 0.88
Epoch 4800 | Train: Loss=0.0025 Acc=99.9% | Test: Acc=91.4% | Best=91.6%(@4780)
  from x3: 0.91 0.91 0.91 0.91 0.91 0.91 0.91 0.91 0.91 0.91 0.91 0.91 0.91
  per-rule acc: 0.94 0.88
Epoch 4820 | Train: Loss=0.0183 Acc=99.9% | Test: Acc=82.5% | Best=91.6%(@4780)
  from x3: 0.81 0.83 0.83 0.83 0.83 0.83 0.83 0.83 0.83 0.83 0.83 0.83 0.83
  per-rule acc: 0.91 0.74
Epoch 4840 | Train: Loss=0.0022 Acc=99.9% | Test: Acc=92.1% | Best=92.1%(@4840)
  from x3: 0.92 0.92 0.92 0.92 0.92 0.92 0.92 0.92 0.92 0.92 0.92 0.92 0.92
  per-rule acc: 0.95 0.89
Epoch 4860 | Train: Loss=0.0026 Acc=99.9% | Test: Acc=91.6% | Best=92.1%(@4840)
  from x3: 0.91 0.92 0.92 0.92 0.92 0.92 0.92 0.92 0.92 0.92 0.92 0.92 0.92
  per-rule acc: 0.95 0.88
Epoch 4880 | Train: Loss=0.0129 Acc=99.9% | Test: Acc=84.2% | Best=92.1%(@4840)
  from x3: 0.83 0.84 0.84 0.84 0.84 0.84 0.84 0.84 0.84 0.84 0.84 0.84 0.84
  per-rule acc: 0.92 0.77
Epoch 4900 | Train: Loss=0.0020 Acc=99.9% | Test: Acc=91.4% | Best=92.1%(@4840)
  from x3: 0.91 0.91 0.91 0.91 0.91 0.91 0.91 0.91 0.91 0.91 0.91 0.91 0.91
  per-rule acc: 0.95 0.88
Epoch 4920 | Train: Loss=0.0026 Acc=99.9% | Test: Acc=91.5% | Best=92.1%(@4840)
  from x3: 0.91 0.91 0.92 0.92 0.92 0.92 0.92 0.92 0.92 0.92 0.92 0.92 0.92
  per-rule acc: 0.95 0.88
Epoch 4940 | Train: Loss=0.0029 Acc=99.9% | Test: Acc=91.4% | Best=92.1%(@4840)
  from x3: 0.91 0.91 0.91 0.91 0.91 0.91 0.91 0.91 0.91 0.91 0.91 0.91 0.91
  per-rule acc: 0.94 0.89
Epoch 4960 | Train: Loss=0.0144 Acc=99.8% | Test: Acc=80.7% | Best=92.1%(@4840)
  from x3: 0.80 0.81 0.81 0.81 0.81 0.81 0.81 0.81 0.81 0.81 0.81 0.81 0.81
  per-rule acc: 0.90 0.71
Epoch 4980 | Train: Loss=0.0020 Acc=99.9% | Test: Acc=92.1% | Best=92.1%(@4980)
  from x3: 0.91 0.92 0.92 0.92 0.92 0.92 0.92 0.92 0.92 0.92 0.92 0.92 0.92
  per-rule acc: 0.96 0.88
Epoch 5000 | Train: Loss=0.0022 Acc=99.9% | Test: Acc=91.5% | Best=92.1%(@4980)
  from x3: 0.92 0.92 0.91 0.91 0.91 0.91 0.91 0.91 0.91 0.91 0.91 0.91 0.91
  per-rule acc: 0.95 0.88
Epoch 5020 | Train: Loss=0.0026 Acc=99.9% | Test: Acc=91.8% | Best=92.1%(@4980)
  from x3: 0.92 0.92 0.92 0.92 0.92 0.92 0.92 0.92 0.92 0.92 0.92 0.92 0.92
  per-rule acc: 0.95 0.89
Epoch 5040 | Train: Loss=0.0027 Acc=99.9% | Test: Acc=91.3% | Best=92.1%(@4980)
  from x3: 0.91 0.91 0.91 0.91 0.91 0.91 0.91 0.91 0.91 0.91 0.91 0.91 0.91
  per-rule acc: 0.94 0.88
Epoch 5060 | Train: Loss=0.0080 Acc=99.9% | Test: Acc=86.7% | Best=92.1%(@4980)
  from x3: 0.86 0.87 0.87 0.87 0.87 0.87 0.87 0.87 0.87 0.87 0.87 0.87 0.87
  per-rule acc: 0.93 0.81
Epoch 5080 | Train: Loss=0.0020 Acc=99.9% | Test: Acc=91.7% | Best=92.1%(@4980)
  from x3: 0.91 0.92 0.92 0.92 0.92 0.92 0.92 0.92 0.92 0.92 0.92 0.92 0.92
  per-rule acc: 0.96 0.88
Epoch 5100 | Train: Loss=0.0025 Acc=99.9% | Test: Acc=91.5% | Best=92.1%(@4980)
  from x3: 0.91 0.92 0.92 0.92 0.92 0.92 0.92 0.92 0.92 0.92 0.92 0.92 0.92
  per-rule acc: 0.95 0.88
Epoch 5120 | Train: Loss=0.0020 Acc=99.9% | Test: Acc=92.6% | Best=92.6%(@5120)
  from x3: 0.92 0.93 0.93 0.93 0.93 0.93 0.93 0.93 0.93 0.93 0.93 0.93 0.93
  per-rule acc: 0.96 0.90
Epoch 5140 | Train: Loss=0.0024 Acc=99.9% | Test: Acc=91.8% | Best=92.6%(@5120)
  from x3: 0.91 0.92 0.92 0.92 0.92 0.92 0.92 0.92 0.92 0.92 0.92 0.92 0.92
  per-rule acc: 0.94 0.89
Epoch 5160 | Train: Loss=0.0027 Acc=99.9% | Test: Acc=91.6% | Best=92.6%(@5120)
  from x3: 0.92 0.91 0.92 0.92 0.92 0.92 0.92 0.92 0.92 0.92 0.92 0.92 0.92
  per-rule acc: 0.94 0.89
Epoch 5180 | Train: Loss=0.0028 Acc=99.9% | Test: Acc=91.3% | Best=92.6%(@5120)
  from x3: 0.91 0.91 0.91 0.91 0.91 0.91 0.91 0.91 0.91 0.91 0.91 0.91 0.91
  per-rule acc: 0.94 0.89
Epoch 5200 | Train: Loss=0.0155 Acc=99.9% | Test: Acc=84.9% | Best=92.6%(@5120)
  from x3: 0.84 0.85 0.85 0.85 0.85 0.85 0.85 0.85 0.85 0.85 0.85 0.85 0.85
  per-rule acc: 0.91 0.79
Epoch 5220 | Train: Loss=0.0021 Acc=99.9% | Test: Acc=92.6% | Best=92.6%(@5220)
  from x3: 0.93 0.93 0.93 0.93 0.93 0.93 0.93 0.93 0.93 0.93 0.93 0.93 0.93
  per-rule acc: 0.96 0.89
Epoch 5240 | Train: Loss=0.0025 Acc=99.9% | Test: Acc=92.2% | Best=92.6%(@5220)
  from x3: 0.92 0.92 0.92 0.92 0.92 0.92 0.92 0.92 0.92 0.92 0.92 0.92 0.92
  per-rule acc: 0.95 0.89
Epoch 5260 | Train: Loss=0.0026 Acc=99.9% | Test: Acc=91.4% | Best=92.6%(@5220)
  from x3: 0.91 0.91 0.91 0.91 0.91 0.91 0.91 0.91 0.91 0.91 0.91 0.91 0.91
  per-rule acc: 0.94 0.88
Epoch 5280 | Train: Loss=0.0020 Acc=99.9% | Test: Acc=92.1% | Best=92.6%(@5220)
  from x3: 0.92 0.92 0.92 0.92 0.92 0.92 0.92 0.92 0.92 0.92 0.92 0.92 0.92
  per-rule acc: 0.96 0.88
Epoch 5300 | Train: Loss=0.0023 Acc=99.9% | Test: Acc=91.8% | Best=92.6%(@5220)
  from x3: 0.91 0.92 0.92 0.92 0.92 0.92 0.92 0.92 0.92 0.92 0.92 0.92 0.92
  per-rule acc: 0.95 0.89
Epoch 5320 | Train: Loss=0.0026 Acc=99.9% | Test: Acc=91.6% | Best=92.6%(@5220)
  from x3: 0.91 0.91 0.92 0.92 0.92 0.92 0.92 0.92 0.92 0.92 0.92 0.92 0.92
  per-rule acc: 0.94 0.89
Epoch 5340 | Train: Loss=0.0217 Acc=99.9% | Test: Acc=83.0% | Best=92.6%(@5220)
  from x3: 0.82 0.83 0.83 0.83 0.83 0.83 0.83 0.83 0.83 0.83 0.83 0.83 0.83
  per-rule acc: 0.89 0.77
Epoch 5360 | Train: Loss=0.0020 Acc=99.9% | Test: Acc=92.6% | Best=92.6%(@5220)
  from x3: 0.92 0.93 0.93 0.93 0.93 0.93 0.93 0.93 0.93 0.93 0.93 0.93 0.93
  per-rule acc: 0.96 0.89
Epoch 5380 | Train: Loss=0.0024 Acc=99.9% | Test: Acc=92.1% | Best=92.6%(@5220)
  from x3: 0.92 0.92 0.92 0.92 0.92 0.92 0.92 0.92 0.92 0.92 0.92 0.92 0.92
  per-rule acc: 0.95 0.89
Epoch 5400 | Train: Loss=0.0026 Acc=99.9% | Test: Acc=92.0% | Best=92.6%(@5220)
  from x3: 0.92 0.92 0.92 0.92 0.92 0.92 0.92 0.92 0.92 0.92 0.92 0.92 0.92
  per-rule acc: 0.95 0.89
Epoch 5420 | Train: Loss=0.0138 Acc=99.9% | Test: Acc=84.3% | Best=92.6%(@5220)
  from x3: 0.84 0.84 0.84 0.84 0.84 0.84 0.84 0.84 0.84 0.84 0.84 0.84 0.84
  per-rule acc: 0.92 0.77
Epoch 5440 | Train: Loss=0.0021 Acc=99.9% | Test: Acc=92.3% | Best=92.6%(@5220)
  from x3: 0.92 0.92 0.92 0.92 0.92 0.92 0.92 0.92 0.92 0.92 0.92 0.92 0.92
  per-rule acc: 0.96 0.89
Epoch 5460 | Train: Loss=0.0025 Acc=99.9% | Test: Acc=92.0% | Best=92.6%(@5220)
  from x3: 0.92 0.92 0.92 0.92 0.92 0.92 0.92 0.92 0.92 0.92 0.92 0.92 0.92
  per-rule acc: 0.95 0.89
Epoch 5480 | Train: Loss=0.0117 Acc=99.9% | Test: Acc=85.8% | Best=92.6%(@5220)
  from x3: 0.84 0.86 0.86 0.86 0.86 0.86 0.86 0.86 0.86 0.86 0.86 0.86 0.86
  per-rule acc: 0.92 0.79
Epoch 5500 | Train: Loss=0.0022 Acc=99.9% | Test: Acc=92.2% | Best=92.6%(@5220)
  from x3: 0.92 0.92 0.92 0.92 0.92 0.92 0.92 0.92 0.92 0.92 0.92 0.92 0.92
  per-rule acc: 0.95 0.89
Epoch 5520 | Train: Loss=0.0025 Acc=99.9% | Test: Acc=92.2% | Best=92.6%(@5220)
  from x3: 0.92 0.92 0.92 0.92 0.92 0.92 0.92 0.92 0.92 0.92 0.92 0.92 0.92
  per-rule acc: 0.95 0.89
Epoch 5540 | Train: Loss=0.0027 Acc=99.9% | Test: Acc=91.8% | Best=92.6%(@5220)
  from x3: 0.92 0.92 0.92 0.92 0.92 0.92 0.92 0.92 0.92 0.92 0.92 0.92 0.92
  per-rule acc: 0.95 0.89
Epoch 5560 | Train: Loss=0.0026 Acc=99.9% | Test: Acc=91.6% | Best=92.6%(@5220)
  from x3: 0.91 0.91 0.92 0.92 0.92 0.92 0.92 0.92 0.92 0.92 0.92 0.92 0.92
  per-rule acc: 0.95 0.88
Epoch 5580 | Train: Loss=0.0021 Acc=99.9% | Test: Acc=92.1% | Best=92.6%(@5220)
  from x3: 0.92 0.92 0.92 0.92 0.92 0.92 0.92 0.92 0.92 0.92 0.92 0.92 0.92
  per-rule acc: 0.96 0.88
Epoch 5600 | Train: Loss=0.0022 Acc=99.9% | Test: Acc=92.0% | Best=92.6%(@5220)
  from x3: 0.92 0.92 0.92 0.92 0.92 0.92 0.92 0.92 0.92 0.92 0.92 0.92 0.92
  per-rule acc: 0.96 0.88
Epoch 5620 | Train: Loss=0.0025 Acc=99.9% | Test: Acc=92.1% | Best=92.6%(@5220)
  from x3: 0.92 0.92 0.92 0.92 0.92 0.92 0.92 0.92 0.92 0.92 0.92 0.92 0.92
  per-rule acc: 0.95 0.89
Epoch 5640 | Train: Loss=0.0026 Acc=99.9% | Test: Acc=91.7% | Best=92.6%(@5220)
  from x3: 0.92 0.92 0.92 0.92 0.92 0.92 0.92 0.92 0.92 0.92 0.92 0.92 0.92
  per-rule acc: 0.95 0.89
Epoch 5660 | Train: Loss=0.0074 Acc=99.9% | Test: Acc=86.5% | Best=92.6%(@5220)
  from x3: 0.85 0.87 0.87 0.87 0.87 0.87 0.87 0.87 0.87 0.87 0.87 0.87 0.87
  per-rule acc: 0.93 0.80
Epoch 5680 | Train: Loss=0.0021 Acc=99.9% | Test: Acc=92.2% | Best=92.6%(@5220)
  from x3: 0.92 0.92 0.92 0.92 0.92 0.92 0.92 0.92 0.92 0.92 0.92 0.92 0.92
  per-rule acc: 0.96 0.89
Epoch 5700 | Train: Loss=0.0025 Acc=99.9% | Test: Acc=92.0% | Best=92.6%(@5220)
  from x3: 0.92 0.92 0.92 0.92 0.92 0.92 0.92 0.92 0.92 0.92 0.92 0.92 0.92
  per-rule acc: 0.95 0.89
Epoch 5720 | Train: Loss=0.0026 Acc=99.9% | Test: Acc=91.9% | Best=92.6%(@5220)
  from x3: 0.91 0.92 0.92 0.92 0.92 0.92 0.92 0.92 0.92 0.92 0.92 0.92 0.92
  per-rule acc: 0.95 0.89
Epoch 5740 | Train: Loss=0.0025 Acc=99.9% | Test: Acc=91.4% | Best=92.6%(@5220)
  from x3: 0.91 0.91 0.91 0.91 0.91 0.91 0.91 0.91 0.91 0.91 0.91 0.91 0.91
  per-rule acc: 0.95 0.88
Epoch 5760 | Train: Loss=0.0074 Acc=99.9% | Test: Acc=86.7% | Best=92.6%(@5220)
  from x3: 0.86 0.87 0.87 0.87 0.87 0.87 0.87 0.87 0.87 0.87 0.87 0.87 0.87
  per-rule acc: 0.94 0.80
Epoch 5780 | Train: Loss=0.0020 Acc=99.9% | Test: Acc=92.3% | Best=92.6%(@5220)
  from x3: 0.92 0.92 0.92 0.92 0.92 0.92 0.92 0.92 0.92 0.92 0.92 0.92 0.92
  per-rule acc: 0.95 0.89
Epoch 5800 | Train: Loss=0.0023 Acc=99.9% | Test: Acc=92.1% | Best=92.6%(@5220)
  from x3: 0.91 0.92 0.92 0.92 0.92 0.92 0.92 0.92 0.92 0.92 0.92 0.92 0.92
  per-rule acc: 0.95 0.89
Epoch 5820 | Train: Loss=0.0025 Acc=99.9% | Test: Acc=92.1% | Best=92.6%(@5220)
  from x3: 0.92 0.92 0.92 0.92 0.92 0.92 0.92 0.92 0.92 0.92 0.92 0.92 0.92
  per-rule acc: 0.95 0.89
Epoch 5840 | Train: Loss=0.0025 Acc=99.9% | Test: Acc=91.9% | Best=92.6%(@5220)
  from x3: 0.91 0.92 0.92 0.92 0.92 0.92 0.92 0.92 0.92 0.92 0.92 0.92 0.92
  per-rule acc: 0.95 0.89
Epoch 5860 | Train: Loss=0.0057 Acc=99.9% | Test: Acc=87.1% | Best=92.6%(@5220)
  from x3: 0.86 0.87 0.87 0.87 0.87 0.87 0.87 0.87 0.87 0.87 0.87 0.87 0.87
  per-rule acc: 0.94 0.80
Epoch 5880 | Train: Loss=0.0020 Acc=99.9% | Test: Acc=92.5% | Best=92.6%(@5220)
  from x3: 0.92 0.93 0.93 0.93 0.93 0.93 0.93 0.93 0.93 0.93 0.93 0.93 0.93
  per-rule acc: 0.96 0.89
Epoch 5900 | Train: Loss=0.0023 Acc=99.9% | Test: Acc=92.3% | Best=92.6%(@5220)
  from x3: 0.91 0.92 0.92 0.92 0.92 0.92 0.92 0.92 0.92 0.92 0.92 0.92 0.92
  per-rule acc: 0.95 0.89
Epoch 5920 | Train: Loss=0.0025 Acc=99.9% | Test: Acc=92.1% | Best=92.6%(@5220)
  from x3: 0.92 0.92 0.92 0.92 0.92 0.92 0.92 0.92 0.92 0.92 0.92 0.92 0.92
  per-rule acc: 0.95 0.89
Epoch 5940 | Train: Loss=0.0024 Acc=99.9% | Test: Acc=91.7% | Best=92.6%(@5220)
  from x3: 0.91 0.92 0.92 0.92 0.92 0.92 0.92 0.92 0.92 0.92 0.92 0.92 0.92
  per-rule acc: 0.96 0.88
Epoch 5960 | Train: Loss=0.0219 Acc=99.9% | Test: Acc=83.9% | Best=92.6%(@5220)
  from x3: 0.83 0.84 0.84 0.84 0.84 0.84 0.84 0.84 0.84 0.84 0.84 0.84 0.84
  per-rule acc: 0.91 0.77
Epoch 5980 | Train: Loss=0.0019 Acc=99.9% | Test: Acc=92.2% | Best=92.6%(@5220)
  from x3: 0.92 0.92 0.92 0.92 0.92 0.92 0.92 0.92 0.92 0.92 0.92 0.92 0.92
  per-rule acc: 0.96 0.88
Epoch 6000 | Train: Loss=0.0022 Acc=99.9% | Test: Acc=92.3% | Best=92.6%(@5220)
  from x3: 0.92 0.92 0.92 0.92 0.92 0.92 0.92 0.92 0.92 0.92 0.92 0.92 0.92
  per-rule acc: 0.96 0.89
Epoch 6020 | Train: Loss=0.0023 Acc=99.9% | Test: Acc=91.9% | Best=92.6%(@5220)
  from x3: 0.91 0.92 0.92 0.92 0.92 0.92 0.92 0.92 0.92 0.92 0.92 0.92 0.92
  per-rule acc: 0.95 0.89
Epoch 6040 | Train: Loss=0.0024 Acc=99.9% | Test: Acc=91.5% | Best=92.6%(@5220)
  from x3: 0.91 0.92 0.92 0.92 0.92 0.92 0.92 0.92 0.92 0.92 0.92 0.92 0.92
  per-rule acc: 0.95 0.88
Epoch 6060 | Train: Loss=0.0111 Acc=99.9% | Test: Acc=84.8% | Best=92.6%(@5220)
  from x3: 0.84 0.85 0.85 0.85 0.85 0.85 0.85 0.85 0.85 0.85 0.85 0.85 0.85
  per-rule acc: 0.92 0.77
Epoch 6080 | Train: Loss=0.0020 Acc=99.9% | Test: Acc=92.6% | Best=92.6%(@5220)
  from x3: 0.92 0.93 0.93 0.93 0.93 0.93 0.93 0.93 0.93 0.93 0.93 0.93 0.93
  per-rule acc: 0.96 0.89
Epoch 6100 | Train: Loss=0.0022 Acc=99.9% | Test: Acc=92.0% | Best=92.6%(@5220)
  from x3: 0.92 0.92 0.92 0.92 0.92 0.92 0.92 0.92 0.92 0.92 0.92 0.92 0.92
  per-rule acc: 0.95 0.89
Epoch 6120 | Train: Loss=0.0024 Acc=99.9% | Test: Acc=91.8% | Best=92.6%(@5220)
  from x3: 0.92 0.92 0.92 0.92 0.92 0.92 0.92 0.92 0.92 0.92 0.92 0.92 0.92
  per-rule acc: 0.95 0.88
Epoch 6140 | Train: Loss=0.0024 Acc=99.9% | Test: Acc=91.8% | Best=92.6%(@5220)
  from x3: 0.91 0.92 0.92 0.92 0.92 0.92 0.92 0.92 0.92 0.92 0.92 0.92 0.92
  per-rule acc: 0.95 0.88
Epoch 6160 | Train: Loss=0.0023 Acc=99.9% | Test: Acc=91.4% | Best=92.6%(@5220)
  from x3: 0.91 0.91 0.91 0.91 0.91 0.91 0.91 0.91 0.91 0.91 0.91 0.91 0.91
  per-rule acc: 0.95 0.88
Epoch 6180 | Train: Loss=0.0020 Acc=99.9% | Test: Acc=92.2% | Best=92.6%(@5220)
  from x3: 0.92 0.92 0.92 0.92 0.92 0.92 0.92 0.92 0.92 0.92 0.92 0.92 0.92
  per-rule acc: 0.96 0.88
Epoch 6200 | Train: Loss=0.0020 Acc=99.9% | Test: Acc=92.1% | Best=92.6%(@5220)
  from x3: 0.92 0.92 0.92 0.92 0.92 0.92 0.92 0.92 0.92 0.92 0.92 0.92 0.92
  per-rule acc: 0.96 0.89
Epoch 6220 | Train: Loss=0.0022 Acc=99.9% | Test: Acc=92.1% | Best=92.6%(@5220)
  from x3: 0.92 0.92 0.92 0.92 0.92 0.92 0.92 0.92 0.92 0.92 0.92 0.92 0.92
  per-rule acc: 0.95 0.89
Epoch 6240 | Train: Loss=0.0023 Acc=99.9% | Test: Acc=92.0% | Best=92.6%(@5220)
  from x3: 0.91 0.92 0.92 0.92 0.92 0.92 0.92 0.92 0.92 0.92 0.92 0.92 0.92
  per-rule acc: 0.95 0.89
Epoch 6260 | Train: Loss=0.0023 Acc=99.9% | Test: Acc=91.6% | Best=92.6%(@5220)
  from x3: 0.91 0.92 0.92 0.92 0.92 0.92 0.92 0.92 0.92 0.92 0.92 0.92 0.92
  per-rule acc: 0.95 0.88
Epoch 6280 | Train: Loss=0.0020 Acc=99.9% | Test: Acc=92.1% | Best=92.6%(@5220)
  from x3: 0.92 0.92 0.92 0.92 0.92 0.92 0.92 0.92 0.92 0.92 0.92 0.92 0.92
  per-rule acc: 0.96 0.89
Epoch 6300 | Train: Loss=0.0020 Acc=99.9% | Test: Acc=92.4% | Best=92.6%(@5220)
  from x3: 0.91 0.92 0.92 0.92 0.92 0.93 0.92 0.92 0.92 0.92 0.92 0.92 0.92
  per-rule acc: 0.96 0.89
Epoch 6320 | Train: Loss=0.0022 Acc=99.9% | Test: Acc=92.0% | Best=92.6%(@5220)
  from x3: 0.91 0.92 0.92 0.92 0.92 0.92 0.92 0.92 0.92 0.92 0.92 0.92 0.92
  per-rule acc: 0.95 0.89
Epoch 6340 | Train: Loss=0.0095 Acc=99.9% | Test: Acc=85.3% | Best=92.6%(@5220)
  from x3: 0.85 0.85 0.85 0.85 0.85 0.85 0.85 0.85 0.85 0.85 0.85 0.85 0.85
  per-rule acc: 0.93 0.77
Epoch 6360 | Train: Loss=0.0020 Acc=99.9% | Test: Acc=92.4% | Best=92.6%(@5220)
  from x3: 0.92 0.92 0.92 0.92 0.92 0.92 0.92 0.92 0.92 0.92 0.92 0.92 0.92
  per-rule acc: 0.96 0.89
Epoch 6380 | Train: Loss=0.0022 Acc=99.9% | Test: Acc=92.2% | Best=92.6%(@5220)
  from x3: 0.91 0.92 0.92 0.92 0.92 0.92 0.92 0.92 0.92 0.92 0.92 0.92 0.92
  per-rule acc: 0.96 0.89
Epoch 6400 | Train: Loss=0.0024 Acc=99.9% | Test: Acc=92.2% | Best=92.6%(@5220)
  from x3: 0.92 0.92 0.92 0.92 0.92 0.92 0.92 0.92 0.92 0.92 0.92 0.92 0.92
  per-rule acc: 0.95 0.89
Epoch 6420 | Train: Loss=0.0024 Acc=99.9% | Test: Acc=92.0% | Best=92.6%(@5220)
  from x3: 0.91 0.92 0.92 0.92 0.92 0.92 0.92 0.92 0.92 0.92 0.92 0.92 0.92
  per-rule acc: 0.95 0.89
Epoch 6440 | Train: Loss=0.0107 Acc=99.9% | Test: Acc=85.4% | Best=92.6%(@5220)
  from x3: 0.84 0.86 0.86 0.86 0.86 0.86 0.86 0.86 0.86 0.86 0.86 0.86 0.86
  per-rule acc: 0.93 0.78
Epoch 6460 | Train: Loss=0.0019 Acc=99.9% | Test: Acc=91.9% | Best=92.6%(@5220)
  from x3: 0.91 0.92 0.92 0.92 0.92 0.92 0.92 0.92 0.92 0.92 0.92 0.92 0.92
  per-rule acc: 0.96 0.88
Epoch 6480 | Train: Loss=0.0021 Acc=99.9% | Test: Acc=92.2% | Best=92.6%(@5220)
  from x3: 0.91 0.92 0.92 0.92 0.92 0.92 0.92 0.92 0.92 0.92 0.92 0.92 0.92
  per-rule acc: 0.96 0.89
Epoch 6500 | Train: Loss=0.0023 Acc=99.9% | Test: Acc=92.2% | Best=92.6%(@5220)
  from x3: 0.92 0.92 0.92 0.92 0.92 0.92 0.92 0.92 0.92 0.92 0.92 0.92 0.92
  per-rule acc: 0.95 0.89
Epoch 6520 | Train: Loss=0.0023 Acc=99.9% | Test: Acc=91.7% | Best=92.6%(@5220)
  from x3: 0.91 0.92 0.92 0.92 0.92 0.92 0.92 0.92 0.92 0.92 0.92 0.92 0.92
  per-rule acc: 0.96 0.88
Epoch 6540 | Train: Loss=0.0183 Acc=99.9% | Test: Acc=80.1% | Best=92.6%(@5220)
  from x3: 0.78 0.80 0.80 0.80 0.80 0.80 0.80 0.80 0.80 0.80 0.80 0.80 0.80
  per-rule acc: 0.88 0.72
Epoch 6560 | Train: Loss=0.0020 Acc=99.9% | Test: Acc=92.7% | Best=92.7%(@6560)
  from x3: 0.92 0.93 0.93 0.93 0.93 0.93 0.93 0.93 0.93 0.93 0.93 0.93 0.93
  per-rule acc: 0.96 0.89
Epoch 6580 | Train: Loss=0.0021 Acc=99.9% | Test: Acc=92.0% | Best=92.7%(@6560)
  from x3: 0.92 0.92 0.92 0.92 0.92 0.92 0.92 0.92 0.92 0.92 0.92 0.92 0.92
  per-rule acc: 0.95 0.89
Epoch 6600 | Train: Loss=0.0022 Acc=99.9% | Test: Acc=92.0% | Best=92.7%(@6560)
  from x3: 0.91 0.92 0.92 0.92 0.92 0.92 0.92 0.92 0.92 0.92 0.92 0.92 0.92
  per-rule acc: 0.95 0.89
Epoch 6620 | Train: Loss=0.0022 Acc=99.9% | Test: Acc=92.1% | Best=92.7%(@6560)
  from x3: 0.91 0.92 0.92 0.92 0.92 0.92 0.92 0.92 0.92 0.92 0.92 0.92 0.92
  per-rule acc: 0.95 0.89
Epoch 6640 | Train: Loss=0.0021 Acc=99.9% | Test: Acc=92.4% | Best=92.7%(@6560)
  from x3: 0.92 0.92 0.92 0.92 0.92 0.92 0.92 0.92 0.92 0.92 0.92 0.92 0.92
  per-rule acc: 0.96 0.89
Epoch 6660 | Train: Loss=0.0022 Acc=99.9% | Test: Acc=92.3% | Best=92.7%(@6560)
  from x3: 0.92 0.92 0.92 0.92 0.92 0.92 0.92 0.92 0.92 0.92 0.92 0.92 0.92
  per-rule acc: 0.96 0.89
Epoch 6680 | Train: Loss=0.0174 Acc=99.9% | Test: Acc=82.3% | Best=92.7%(@6560)
  from x3: 0.81 0.82 0.82 0.82 0.82 0.82 0.82 0.82 0.82 0.82 0.82 0.82 0.82
  per-rule acc: 0.91 0.74
Epoch 6700 | Train: Loss=0.0020 Acc=99.9% | Test: Acc=92.5% | Best=92.7%(@6560)
  from x3: 0.92 0.93 0.93 0.93 0.93 0.93 0.93 0.93 0.93 0.93 0.93 0.93 0.93
  per-rule acc: 0.96 0.89
Epoch 6720 | Train: Loss=0.0022 Acc=99.9% | Test: Acc=92.3% | Best=92.7%(@6560)
  from x3: 0.92 0.92 0.92 0.92 0.92 0.92 0.92 0.92 0.92 0.92 0.92 0.92 0.92
  per-rule acc: 0.96 0.89
Epoch 6740 | Train: Loss=0.0023 Acc=99.9% | Test: Acc=92.0% | Best=92.7%(@6560)
  from x3: 0.92 0.92 0.92 0.92 0.92 0.92 0.92 0.92 0.92 0.92 0.92 0.92 0.92
  per-rule acc: 0.96 0.88
Epoch 6760 | Train: Loss=0.0185 Acc=99.8% | Test: Acc=85.0% | Best=92.7%(@6560)
  from x3: 0.84 0.85 0.85 0.85 0.85 0.85 0.85 0.85 0.85 0.85 0.85 0.85 0.85
  per-rule acc: 0.91 0.79
Epoch 6780 | Train: Loss=0.0020 Acc=99.9% | Test: Acc=92.1% | Best=92.7%(@6560)
  from x3: 0.91 0.92 0.92 0.92 0.92 0.92 0.92 0.92 0.92 0.92 0.92 0.92 0.92
  per-rule acc: 0.95 0.89
Epoch 6800 | Train: Loss=0.0021 Acc=99.9% | Test: Acc=92.4% | Best=92.7%(@6560)
  from x3: 0.91 0.92 0.93 0.93 0.93 0.93 0.93 0.93 0.93 0.93 0.93 0.93 0.93
  per-rule acc: 0.96 0.89
Epoch 6820 | Train: Loss=0.0022 Acc=99.9% | Test: Acc=92.2% | Best=92.7%(@6560)
  from x3: 0.91 0.92 0.92 0.92 0.92 0.92 0.92 0.92 0.92 0.92 0.92 0.92 0.92
  per-rule acc: 0.95 0.89
Epoch 6840 | Train: Loss=0.0023 Acc=99.9% | Test: Acc=92.1% | Best=92.7%(@6560)
  from x3: 0.91 0.92 0.92 0.92 0.92 0.92 0.92 0.92 0.92 0.92 0.92 0.92 0.92
  per-rule acc: 0.95 0.89
Epoch 6860 | Train: Loss=0.0021 Acc=99.9% | Test: Acc=92.2% | Best=92.7%(@6560)
  from x3: 0.92 0.92 0.92 0.92 0.92 0.92 0.92 0.92 0.92 0.92 0.92 0.92 0.92
  per-rule acc: 0.96 0.89
Epoch 6880 | Train: Loss=0.0021 Acc=99.9% | Test: Acc=92.1% | Best=92.7%(@6560)
  from x3: 0.92 0.92 0.92 0.92 0.92 0.92 0.92 0.92 0.92 0.92 0.92 0.92 0.92
  per-rule acc: 0.96 0.88
Epoch 6900 | Train: Loss=0.0022 Acc=99.9% | Test: Acc=92.3% | Best=92.7%(@6560)
  from x3: 0.91 0.92 0.92 0.92 0.92 0.92 0.92 0.92 0.92 0.92 0.92 0.92 0.92
  per-rule acc: 0.96 0.89
Epoch 6920 | Train: Loss=0.0023 Acc=99.9% | Test: Acc=91.9% | Best=92.7%(@6560)
  from x3: 0.91 0.92 0.92 0.92 0.92 0.92 0.92 0.92 0.92 0.92 0.92 0.92 0.92
  per-rule acc: 0.95 0.88
Epoch 6940 | Train: Loss=0.0022 Acc=99.9% | Test: Acc=91.7% | Best=92.7%(@6560)
  from x3: 0.91 0.92 0.92 0.92 0.92 0.92 0.92 0.92 0.92 0.92 0.92 0.92 0.92
  per-rule acc: 0.95 0.88
Epoch 6960 | Train: Loss=0.0021 Acc=99.9% | Test: Acc=91.8% | Best=92.7%(@6560)
  from x3: 0.91 0.92 0.92 0.92 0.92 0.92 0.92 0.92 0.92 0.92 0.92 0.92 0.92
  per-rule acc: 0.95 0.88
Epoch 6980 | Train: Loss=0.0022 Acc=99.9% | Test: Acc=91.8% | Best=92.7%(@6560)
  from x3: 0.91 0.92 0.92 0.92 0.92 0.92 0.92 0.92 0.92 0.92 0.92 0.92 0.92
  per-rule acc: 0.95 0.88
Epoch 7000 | Train: Loss=0.0022 Acc=99.9% | Test: Acc=91.8% | Best=92.7%(@6560)
  from x3: 0.91 0.92 0.92 0.92 0.92 0.92 0.92 0.92 0.92 0.92 0.92 0.92 0.92
  per-rule acc: 0.95 0.88
Epoch 7020 | Train: Loss=0.0022 Acc=99.9% | Test: Acc=91.3% | Best=92.7%(@6560)
  from x3: 0.91 0.91 0.91 0.91 0.91 0.91 0.91 0.91 0.91 0.91 0.91 0.91 0.91
  per-rule acc: 0.95 0.88
Epoch 7040 | Train: Loss=0.0021 Acc=99.9% | Test: Acc=90.8% | Best=92.7%(@6560)
  from x3: 0.90 0.91 0.91 0.91 0.91 0.91 0.91 0.91 0.91 0.91 0.91 0.91 0.91
  per-rule acc: 0.95 0.87
Epoch 7060 | Train: Loss=0.0073 Acc=99.9% | Test: Acc=85.6% | Best=92.7%(@6560)
  from x3: 0.84 0.86 0.86 0.86 0.86 0.86 0.86 0.86 0.86 0.86 0.86 0.86 0.86
  per-rule acc: 0.93 0.79
Epoch 7080 | Train: Loss=0.0019 Acc=99.9% | Test: Acc=92.3% | Best=92.7%(@6560)
  from x3: 0.91 0.92 0.92 0.92 0.92 0.92 0.92 0.92 0.92 0.92 0.92 0.92 0.92
  per-rule acc: 0.96 0.89
Epoch 7100 | Train: Loss=0.0020 Acc=99.9% | Test: Acc=92.1% | Best=92.7%(@6560)
  from x3: 0.91 0.92 0.92 0.92 0.92 0.92 0.92 0.92 0.92 0.92 0.92 0.92 0.92
  per-rule acc: 0.96 0.88
Epoch 7120 | Train: Loss=0.0021 Acc=99.9% | Test: Acc=91.6% | Best=92.7%(@6560)
  from x3: 0.91 0.92 0.92 0.92 0.92 0.92 0.92 0.92 0.92 0.92 0.92 0.92 0.92
  per-rule acc: 0.95 0.88
Epoch 7140 | Train: Loss=0.0021 Acc=99.9% | Test: Acc=91.5% | Best=92.7%(@6560)
  from x3: 0.91 0.92 0.92 0.92 0.92 0.92 0.92 0.92 0.91 0.92 0.92 0.92 0.92
  per-rule acc: 0.95 0.88
Epoch 7160 | Train: Loss=0.0108 Acc=99.9% | Test: Acc=83.2% | Best=92.7%(@6560)
  from x3: 0.82 0.83 0.83 0.83 0.83 0.83 0.83 0.83 0.83 0.83 0.83 0.83 0.83
  per-rule acc: 0.91 0.76
Epoch 7180 | Train: Loss=0.0019 Acc=99.9% | Test: Acc=91.9% | Best=92.7%(@6560)
  from x3: 0.91 0.92 0.92 0.92 0.92 0.92 0.92 0.92 0.92 0.92 0.92 0.92 0.92
  per-rule acc: 0.96 0.88
Epoch 7200 | Train: Loss=0.0020 Acc=99.9% | Test: Acc=91.6% | Best=92.7%(@6560)
  from x3: 0.91 0.92 0.92 0.92 0.92 0.92 0.92 0.92 0.92 0.92 0.92 0.92 0.92
  per-rule acc: 0.95 0.88
Epoch 7220 | Train: Loss=0.0021 Acc=99.9% | Test: Acc=91.3% | Best=92.7%(@6560)
  from x3: 0.91 0.91 0.91 0.91 0.91 0.91 0.91 0.91 0.91 0.91 0.91 0.91 0.91
  per-rule acc: 0.95 0.88
Epoch 7240 | Train: Loss=0.0021 Acc=99.9% | Test: Acc=91.1% | Best=92.7%(@6560)
  from x3: 0.90 0.91 0.91 0.91 0.91 0.91 0.91 0.91 0.91 0.91 0.91 0.91 0.91
  per-rule acc: 0.95 0.87
Epoch 7260 | Train: Loss=0.0021 Acc=99.9% | Test: Acc=90.8% | Best=92.7%(@6560)
  from x3: 0.90 0.91 0.91 0.91 0.91 0.91 0.91 0.91 0.91 0.91 0.91 0.91 0.91
  per-rule acc: 0.95 0.87
Epoch 7280 | Train: Loss=0.0066 Acc=99.9% | Test: Acc=84.7% | Best=92.7%(@6560)
  from x3: 0.83 0.85 0.85 0.85 0.85 0.85 0.85 0.85 0.85 0.85 0.85 0.85 0.85
  per-rule acc: 0.92 0.77
Epoch 7300 | Train: Loss=0.0019 Acc=99.9% | Test: Acc=91.6% | Best=92.7%(@6560)
  from x3: 0.90 0.92 0.92 0.92 0.92 0.92 0.92 0.92 0.92 0.92 0.92 0.92 0.92
  per-rule acc: 0.95 0.88
Epoch 7320 | Train: Loss=0.0020 Acc=99.9% | Test: Acc=91.4% | Best=92.7%(@6560)
  from x3: 0.90 0.91 0.91 0.92 0.92 0.92 0.91 0.92 0.91 0.91 0.91 0.91 0.91
  per-rule acc: 0.95 0.88
Epoch 7340 | Train: Loss=0.0021 Acc=99.9% | Test: Acc=91.1% | Best=92.7%(@6560)
  from x3: 0.90 0.91 0.91 0.91 0.91 0.91 0.91 0.91 0.91 0.91 0.91 0.91 0.91
  per-rule acc: 0.95 0.87
Epoch 7360 | Train: Loss=0.0020 Acc=99.9% | Test: Acc=91.2% | Best=92.7%(@6560)
  from x3: 0.91 0.91 0.91 0.91 0.91 0.91 0.91 0.91 0.91 0.91 0.91 0.91 0.91
  per-rule acc: 0.95 0.87
Epoch 7380 | Train: Loss=0.0020 Acc=99.9% | Test: Acc=91.5% | Best=92.7%(@6560)
  from x3: 0.90 0.92 0.92 0.92 0.92 0.92 0.92 0.92 0.92 0.92 0.92 0.92 0.92
  per-rule acc: 0.95 0.88
Epoch 7400 | Train: Loss=0.0021 Acc=99.9% | Test: Acc=91.3% | Best=92.7%(@6560)
  from x3: 0.90 0.91 0.91 0.91 0.91 0.91 0.91 0.91 0.91 0.91 0.91 0.91 0.91
  per-rule acc: 0.95 0.88
Epoch 7420 | Train: Loss=0.0021 Acc=99.9% | Test: Acc=90.9% | Best=92.7%(@6560)
  from x3: 0.90 0.91 0.91 0.91 0.91 0.91 0.91 0.91 0.91 0.91 0.91 0.91 0.91
  per-rule acc: 0.95 0.87
Epoch 7440 | Train: Loss=0.0020 Acc=99.9% | Test: Acc=90.5% | Best=92.7%(@6560)
  from x3: 0.89 0.90 0.91 0.91 0.91 0.91 0.91 0.91 0.91 0.91 0.91 0.91 0.91
  per-rule acc: 0.95 0.86
Epoch 7460 | Train: Loss=0.0020 Acc=99.9% | Test: Acc=90.0% | Best=92.7%(@6560)
  from x3: 0.89 0.90 0.90 0.90 0.90 0.90 0.90 0.90 0.90 0.90 0.90 0.90 0.90
  per-rule acc: 0.95 0.86
Epoch 7480 | Train: Loss=0.0057 Acc=99.9% | Test: Acc=84.6% | Best=92.7%(@6560)
  from x3: 0.83 0.85 0.85 0.85 0.85 0.85 0.85 0.85 0.85 0.85 0.85 0.85 0.85
  per-rule acc: 0.92 0.78
Epoch 7500 | Train: Loss=0.0018 Acc=99.9% | Test: Acc=91.0% | Best=92.7%(@6560)
  from x3: 0.90 0.91 0.91 0.91 0.91 0.91 0.91 0.91 0.91 0.91 0.91 0.91 0.91
  per-rule acc: 0.95 0.87
Epoch 7520 | Train: Loss=0.0019 Acc=99.9% | Test: Acc=90.8% | Best=92.7%(@6560)
  from x3: 0.90 0.91 0.91 0.91 0.91 0.91 0.91 0.91 0.91 0.91 0.91 0.91 0.91
  per-rule acc: 0.95 0.87
Epoch 7540 | Train: Loss=0.0019 Acc=99.9% | Test: Acc=90.4% | Best=92.7%(@6560)
  from x3: 0.89 0.90 0.90 0.90 0.90 0.90 0.90 0.90 0.90 0.90 0.90 0.90 0.90
  per-rule acc: 0.94 0.86
Epoch 7560 | Train: Loss=0.0019 Acc=99.9% | Test: Acc=90.3% | Best=92.7%(@6560)
  from x3: 0.89 0.90 0.90 0.90 0.90 0.90 0.90 0.90 0.90 0.90 0.90 0.90 0.90
  per-rule acc: 0.95 0.86
Epoch 7580 | Train: Loss=0.0019 Acc=99.9% | Test: Acc=89.8% | Best=92.7%(@6560)
  from x3: 0.89 0.90 0.90 0.90 0.90 0.90 0.90 0.90 0.90 0.90 0.90 0.90 0.90
  per-rule acc: 0.94 0.85
Epoch 7600 | Train: Loss=0.0018 Acc=99.9% | Test: Acc=89.8% | Best=92.7%(@6560)
  from x3: 0.88 0.90 0.90 0.90 0.90 0.90 0.90 0.90 0.90 0.90 0.90 0.90 0.90
  per-rule acc: 0.95 0.85
Epoch 7620 | Train: Loss=0.0018 Acc=99.9% | Test: Acc=89.5% | Best=92.7%(@6560)
  from x3: 0.88 0.90 0.90 0.90 0.90 0.90 0.90 0.90 0.90 0.90 0.90 0.90 0.90
  per-rule acc: 0.94 0.85
Epoch 7640 | Train: Loss=0.0461 Acc=99.6% | Test: Acc=69.8% | Best=92.7%(@6560)
  from x3: 0.66 0.70 0.70 0.70 0.70 0.70 0.70 0.70 0.70 0.70 0.70 0.70 0.70
  per-rule acc: 0.84 0.56
Epoch 7660 | Train: Loss=0.0017 Acc=99.9% | Test: Acc=89.6% | Best=92.7%(@6560)
  from x3: 0.89 0.90 0.90 0.90 0.90 0.90 0.90 0.90 0.90 0.90 0.90 0.90 0.90
  per-rule acc: 0.95 0.84
Epoch 7680 | Train: Loss=0.0017 Acc=99.9% | Test: Acc=90.3% | Best=92.7%(@6560)
  from x3: 0.89 0.90 0.90 0.90 0.90 0.90 0.90 0.90 0.90 0.90 0.90 0.90 0.90
  per-rule acc: 0.95 0.86
Epoch 7700 | Train: Loss=0.0018 Acc=99.9% | Test: Acc=90.4% | Best=92.7%(@6560)
  from x3: 0.89 0.91 0.91 0.91 0.91 0.90 0.90 0.90 0.90 0.90 0.90 0.90 0.90
  per-rule acc: 0.95 0.86
Epoch 7720 | Train: Loss=0.0018 Acc=99.9% | Test: Acc=90.1% | Best=92.7%(@6560)
  from x3: 0.90 0.90 0.90 0.90 0.90 0.90 0.90 0.90 0.90 0.90 0.90 0.90 0.90
  per-rule acc: 0.95 0.85
Epoch 7740 | Train: Loss=0.0019 Acc=99.9% | Test: Acc=89.8% | Best=92.7%(@6560)
  from x3: 0.89 0.90 0.90 0.90 0.90 0.90 0.90 0.90 0.90 0.90 0.90 0.90 0.90
  per-rule acc: 0.95 0.85
Epoch 7760 | Train: Loss=0.0018 Acc=99.9% | Test: Acc=89.5% | Best=92.7%(@6560)
  from x3: 0.89 0.90 0.90 0.90 0.90 0.90 0.90 0.90 0.90 0.90 0.90 0.90 0.90
  per-rule acc: 0.94 0.85
Epoch 7780 | Train: Loss=0.0018 Acc=99.9% | Test: Acc=89.2% | Best=92.7%(@6560)
  from x3: 0.88 0.89 0.89 0.89 0.89 0.89 0.89 0.89 0.89 0.89 0.89 0.89 0.89
  per-rule acc: 0.94 0.84
Epoch 7800 | Train: Loss=0.0018 Acc=99.9% | Test: Acc=89.7% | Best=92.7%(@6560)
  from x3: 0.89 0.90 0.90 0.90 0.90 0.90 0.90 0.90 0.90 0.90 0.90 0.90 0.90
  per-rule acc: 0.94 0.85
Epoch 7820 | Train: Loss=0.0017 Acc=99.9% | Test: Acc=90.3% | Best=92.7%(@6560)
  from x3: 0.89 0.90 0.90 0.90 0.90 0.90 0.90 0.90 0.90 0.90 0.90 0.90 0.90
  per-rule acc: 0.94 0.86
Epoch 7840 | Train: Loss=0.0018 Acc=99.9% | Test: Acc=90.2% | Best=92.7%(@6560)
  from x3: 0.89 0.90 0.90 0.90 0.90 0.90 0.90 0.90 0.90 0.90 0.90 0.90 0.90
  per-rule acc: 0.95 0.86
Epoch 7860 | Train: Loss=0.0018 Acc=99.9% | Test: Acc=89.8% | Best=92.7%(@6560)
  from x3: 0.89 0.90 0.90 0.90 0.90 0.90 0.90 0.90 0.90 0.90 0.90 0.90 0.90
  per-rule acc: 0.95 0.85
Epoch 7880 | Train: Loss=0.0018 Acc=99.9% | Test: Acc=89.6% | Best=92.7%(@6560)
  from x3: 0.88 0.90 0.90 0.90 0.90 0.90 0.90 0.90 0.90 0.90 0.90 0.90 0.90
  per-rule acc: 0.94 0.85
Epoch 7900 | Train: Loss=0.0018 Acc=99.9% | Test: Acc=89.3% | Best=92.7%(@6560)
  from x3: 0.88 0.89 0.89 0.89 0.89 0.89 0.89 0.89 0.89 0.89 0.89 0.89 0.89
  per-rule acc: 0.94 0.84
Epoch 7920 | Train: Loss=0.0018 Acc=99.9% | Test: Acc=88.9% | Best=92.7%(@6560)
  from x3: 0.87 0.89 0.89 0.89 0.89 0.89 0.89 0.89 0.89 0.89 0.89 0.89 0.89
  per-rule acc: 0.94 0.84
Epoch 7940 | Train: Loss=0.0017 Acc=99.9% | Test: Acc=88.7% | Best=92.7%(@6560)
  from x3: 0.87 0.89 0.89 0.89 0.89 0.89 0.89 0.89 0.89 0.89 0.89 0.89 0.89
  per-rule acc: 0.94 0.84
Epoch 7960 | Train: Loss=0.0016 Acc=99.9% | Test: Acc=88.5% | Best=92.7%(@6560)
  from x3: 0.87 0.89 0.89 0.89 0.89 0.89 0.89 0.89 0.89 0.89 0.89 0.89 0.89
  per-rule acc: 0.94 0.83
Epoch 7980 | Train: Loss=0.0021 Acc=99.9% | Test: Acc=87.0% | Best=92.7%(@6560)
  from x3: 0.86 0.87 0.87 0.87 0.87 0.87 0.87 0.87 0.87 0.87 0.87 0.87 0.87
  per-rule acc: 0.94 0.80
Epoch 8000 | Train: Loss=0.0016 Acc=99.9% | Test: Acc=89.6% | Best=92.7%(@6560)
  from x3: 0.88 0.90 0.90 0.90 0.90 0.90 0.90 0.90 0.90 0.90 0.90 0.90 0.90
  per-rule acc: 0.94 0.85
Epoch 8020 | Train: Loss=0.0016 Acc=99.9% | Test: Acc=89.5% | Best=92.7%(@6560)
  from x3: 0.88 0.90 0.90 0.90 0.90 0.90 0.90 0.90 0.90 0.90 0.90 0.90 0.90
  per-rule acc: 0.94 0.85
Epoch 8040 | Train: Loss=0.0017 Acc=99.9% | Test: Acc=89.5% | Best=92.7%(@6560)
  from x3: 0.88 0.90 0.90 0.90 0.90 0.90 0.90 0.90 0.90 0.90 0.90 0.90 0.90
  per-rule acc: 0.94 0.85
Epoch 8060 | Train: Loss=0.0017 Acc=99.9% | Test: Acc=89.2% | Best=92.7%(@6560)
  from x3: 0.87 0.89 0.89 0.89 0.89 0.89 0.89 0.89 0.89 0.89 0.89 0.89 0.89
  per-rule acc: 0.94 0.84
Epoch 8080 | Train: Loss=0.0017 Acc=99.9% | Test: Acc=88.9% | Best=92.7%(@6560)
  from x3: 0.87 0.89 0.89 0.89 0.89 0.89 0.89 0.89 0.89 0.89 0.89 0.89 0.89
  per-rule acc: 0.94 0.84
Epoch 8100 | Train: Loss=0.0017 Acc=99.9% | Test: Acc=88.7% | Best=92.7%(@6560)
  from x3: 0.87 0.89 0.89 0.89 0.89 0.89 0.89 0.89 0.89 0.89 0.89 0.89 0.89
  per-rule acc: 0.94 0.84
Epoch 8120 | Train: Loss=0.0017 Acc=99.9% | Test: Acc=88.5% | Best=92.7%(@6560)
  from x3: 0.87 0.89 0.89 0.89 0.89 0.89 0.89 0.89 0.89 0.89 0.89 0.89 0.89
  per-rule acc: 0.94 0.83
Epoch 8140 | Train: Loss=0.0016 Acc=99.9% | Test: Acc=88.2% | Best=92.7%(@6560)
  from x3: 0.86 0.88 0.88 0.88 0.88 0.88 0.88 0.88 0.88 0.88 0.88 0.88 0.88
  per-rule acc: 0.94 0.83
Epoch 8160 | Train: Loss=0.0016 Acc=99.9% | Test: Acc=88.7% | Best=92.7%(@6560)
  from x3: 0.87 0.89 0.89 0.89 0.89 0.89 0.89 0.89 0.89 0.89 0.89 0.89 0.89
  per-rule acc: 0.94 0.83
Epoch 8180 | Train: Loss=0.0016 Acc=99.9% | Test: Acc=89.0% | Best=92.7%(@6560)
  from x3: 0.88 0.89 0.89 0.89 0.89 0.89 0.89 0.89 0.89 0.89 0.89 0.89 0.89
  per-rule acc: 0.94 0.84
Epoch 8200 | Train: Loss=0.0016 Acc=99.9% | Test: Acc=88.8% | Best=92.7%(@6560)
  from x3: 0.88 0.89 0.89 0.89 0.89 0.89 0.89 0.89 0.89 0.89 0.89 0.89 0.89
  per-rule acc: 0.94 0.84
Epoch 8220 | Train: Loss=0.0016 Acc=99.9% | Test: Acc=88.8% | Best=92.7%(@6560)
  from x3: 0.87 0.89 0.89 0.89 0.89 0.89 0.89 0.89 0.89 0.89 0.89 0.89 0.89
  per-rule acc: 0.94 0.84
Epoch 8240 | Train: Loss=0.0016 Acc=99.9% | Test: Acc=88.6% | Best=92.7%(@6560)
  from x3: 0.87 0.89 0.89 0.89 0.89 0.89 0.89 0.89 0.89 0.89 0.89 0.89 0.89
  per-rule acc: 0.94 0.84
Epoch 8260 | Train: Loss=0.0016 Acc=99.9% | Test: Acc=88.2% | Best=92.7%(@6560)
  from x3: 0.87 0.88 0.88 0.88 0.88 0.88 0.88 0.88 0.88 0.88 0.88 0.88 0.88
  per-rule acc: 0.94 0.83
Epoch 8280 | Train: Loss=0.0016 Acc=99.9% | Test: Acc=88.1% | Best=92.7%(@6560)
  from x3: 0.86 0.88 0.88 0.88 0.88 0.88 0.88 0.88 0.88 0.88 0.88 0.88 0.88
  per-rule acc: 0.94 0.83
Epoch 8300 | Train: Loss=0.0021 Acc=99.9% | Test: Acc=87.5% | Best=92.7%(@6560)
  from x3: 0.85 0.88 0.88 0.88 0.88 0.88 0.88 0.88 0.88 0.88 0.88 0.88 0.88
  per-rule acc: 0.94 0.82
Epoch 8320 | Train: Loss=0.0016 Acc=99.9% | Test: Acc=88.4% | Best=92.7%(@6560)
  from x3: 0.87 0.88 0.88 0.88 0.88 0.88 0.88 0.88 0.88 0.88 0.88 0.88 0.88
  per-rule acc: 0.94 0.83
Epoch 8340 | Train: Loss=0.0016 Acc=99.9% | Test: Acc=88.6% | Best=92.7%(@6560)
  from x3: 0.87 0.89 0.89 0.89 0.89 0.89 0.89 0.89 0.89 0.89 0.89 0.89 0.89
  per-rule acc: 0.94 0.84
Epoch 8360 | Train: Loss=0.0016 Acc=99.9% | Test: Acc=88.2% | Best=92.7%(@6560)
  from x3: 0.87 0.88 0.88 0.88 0.88 0.88 0.88 0.88 0.88 0.88 0.88 0.88 0.88
  per-rule acc: 0.93 0.83
Epoch 8380 | Train: Loss=0.0016 Acc=99.9% | Test: Acc=88.1% | Best=92.7%(@6560)
  from x3: 0.87 0.88 0.88 0.88 0.88 0.88 0.88 0.88 0.88 0.88 0.88 0.88 0.88
  per-rule acc: 0.93 0.83
Epoch 8400 | Train: Loss=0.0016 Acc=99.9% | Test: Acc=88.0% | Best=92.7%(@6560)
  from x3: 0.86 0.88 0.88 0.88 0.88 0.88 0.88 0.88 0.88 0.88 0.88 0.88 0.88
  per-rule acc: 0.93 0.83
Epoch 8420 | Train: Loss=0.0054 Acc=99.9% | Test: Acc=80.1% | Best=92.7%(@6560)
  from x3: 0.79 0.80 0.80 0.80 0.80 0.80 0.80 0.80 0.80 0.80 0.80 0.80 0.80
  per-rule acc: 0.89 0.71
Epoch 8440 | Train: Loss=0.0016 Acc=99.9% | Test: Acc=88.5% | Best=92.7%(@6560)
  from x3: 0.87 0.89 0.89 0.89 0.89 0.89 0.89 0.89 0.89 0.89 0.89 0.89 0.89
  per-rule acc: 0.94 0.83
Epoch 8460 | Train: Loss=0.0016 Acc=99.9% | Test: Acc=88.4% | Best=92.7%(@6560)
  from x3: 0.87 0.89 0.88 0.88 0.88 0.88 0.88 0.88 0.88 0.88 0.88 0.88 0.88
  per-rule acc: 0.94 0.83
Epoch 8480 | Train: Loss=0.0016 Acc=99.9% | Test: Acc=88.2% | Best=92.7%(@6560)
  from x3: 0.87 0.88 0.88 0.88 0.88 0.88 0.88 0.88 0.88 0.88 0.88 0.88 0.88
  per-rule acc: 0.93 0.83
Epoch 8500 | Train: Loss=0.0016 Acc=99.9% | Test: Acc=87.9% | Best=92.7%(@6560)
  from x3: 0.86 0.88 0.88 0.88 0.88 0.88 0.88 0.88 0.88 0.88 0.88 0.88 0.88
  per-rule acc: 0.93 0.83
Epoch 8520 | Train: Loss=0.0016 Acc=99.9% | Test: Acc=87.8% | Best=92.7%(@6560)
  from x3: 0.86 0.88 0.88 0.88 0.88 0.88 0.88 0.88 0.88 0.88 0.88 0.88 0.88
  per-rule acc: 0.93 0.83
Epoch 8540 | Train: Loss=0.0016 Acc=99.9% | Test: Acc=87.7% | Best=92.7%(@6560)
  from x3: 0.87 0.88 0.88 0.88 0.88 0.88 0.88 0.88 0.88 0.88 0.88 0.88 0.88
  per-rule acc: 0.94 0.82
Epoch 8560 | Train: Loss=0.0016 Acc=99.9% | Test: Acc=88.1% | Best=92.7%(@6560)
  from x3: 0.86 0.88 0.88 0.88 0.88 0.88 0.88 0.88 0.88 0.88 0.88 0.88 0.88
  per-rule acc: 0.94 0.83
[Early stop] No improvement for 2000 consecutive epochs

==================================================
Saving model...
[OK] Model saved to: /home/cxm/ai/test0617-basic/models/mixed_basic_d512l2_r16_t16_c0.5.pth
  File size: 74482.5 KB
  Best test accuracy: 92.67%

==================================================
Final generation test (given first two items, AB generates 3rd as prompt, validate from 4th)
==================================================

--- AB pair 1: (1, 1) ---

--- Statistics for AB=(1,1) ---
Exposed    samples:  1405 | In-dist: 18135/18265 ( 99.3%) | OOD: 22320/22480 ( 99.3%)
Unexposed  samples:  1404 | In-dist: 13384/18252 ( 73.3%) | OOD: 11039/22464 ( 49.1%)

--- AB pair 2: (1, 2) ---

--- Statistics for AB=(1,2) ---
Exposed    samples:  1405 | In-dist: 18187/18265 ( 99.6%) | OOD: 22390/22480 ( 99.6%)
Unexposed  samples:  1404 | In-dist:  9212/18252 ( 50.5%) | OOD:  5887/22464 ( 26.2%)

--- Return code: 0 ---

======================================================================
Attention Analysis
======================================================================
Model config: addition (default), p=53
Best test accuracy: 0.9266929651545036
Training epochs: 8560

Random test sequence 1/5 (length 32): [51, 51, 49, 47, 43, 37, 27, 11, 38, 49, 34, 30, 11, 41, 52, 40, 39, 26, 12, 38]...

======================================================================
Attention Layer Training Result Summary
======================================================================
Input sequence: [51, 51, 49, 47, 43, 37, 27, 11, 38, 49, 34, 30, 11, 41, 52, 40, 39, 26, 12, 38, 50, 35, 32, 14, 46, 7, 0, 7, 7, 14, 21, 35]

--- Layer 0 ---
  Head 0: Entropy=0.182
    Attention coefficients from each query position to previous positions:
      i= 0 -> j=0:1.000
      i= 1 -> j=0:0.996, j=1:0.004
      i= 2 -> j=0:0.037, j=1:0.958, j=2:0.005
      i= 3 -> j=0:0.000, j=1:0.055, j=2:0.941, j=3:0.004
      i= 4 -> j=0:0.000, j=1:0.000, j=2:0.024, j=3:0.970, j=4:0.006
      i= 5 -> j=0:0.000, j=1:0.000, j=2:0.000, j=3:0.060, j=4:0.930, j=5:0.010
      i= 6 -> j=0:0.000, j=1:0.000, j=2:0.000, j=3:0.000, j=4:0.027, j=5:0.963, j=6:0.011
      i= 7 -> j=0:0.000, j=1:0.000, j=2:0.000, j=3:0.000, j=4:0.000, j=5:0.010, j=6:0.986, j=7:0.005
      i= 8 -> j=0:0.000, j=1:0.000, j=2:0.000, j=3:0.000, j=4:0.000, j=5:0.000, j=6:0.039, j=7:0.958, j=8:0.003
      i= 9 -> j=0:0.000, j=1:0.000, j=2:0.000, j=3:0.000, j=4:0.000, j=5:0.000, j=6:0.000, j=7:0.090, j=8:0.901, j=9:0.009
      i=10 -> j=0:0.000, j=1:0.000, j=2:0.000, j=3:0.000, j=4:0.000, j=5:0.000, j=6:0.000, j=7:0.000, j=8:0.027, j=9:0.964, j=10:0.009
      i=11 -> j=0:0.000, j=1:0.000, j=2:0.000, j=3:0.000, j=4:0.000, j=5:0.000, j=6:0.000, j=7:0.000, j=8:0.000, j=9:0.031, j=10:0.960, j=11:0.008
      i=12 -> j=0:0.000, j=1:0.000, j=2:0.000, j=3:0.000, j=4:0.000, j=5:0.000, j=6:0.000, j=7:0.000, j=8:0.000, j=9:0.000, j=10:0.015, j=11:0.976, j=12:0.010
      i=13 -> j=0:0.000, j=1:0.000, j=2:0.000, j=3:0.000, j=4:0.000, j=5:0.000, j=6:0.000, j=7:0.000, j=8:0.000, j=9:0.000, j=10:0.000, j=11:0.013, j=12:0.982, j=13:0.005
      i=14 -> j=0:0.000, j=1:0.000, j=2:0.000, j=3:0.000, j=4:0.000, j=5:0.000, j=6:0.000, j=7:0.000, j=8:0.000, j=9:0.000, j=10:0.000, j=11:0.000, j=12:0.072, j=13:0.919, j=14:0.009
      i=15 -> j=0:0.000, j=1:0.000, j=2:0.000, j=3:0.000, j=4:0.000, j=5:0.000, j=6:0.000, j=7:0.000, j=8:0.000, j=9:0.000, j=10:0.000, j=11:0.000, j=12:0.000, j=13:0.011, j=14:0.981, j=15:0.008
      i=16 -> j=0:0.000, j=1:0.000, j=2:0.000, j=3:0.000, j=4:0.000, j=5:0.000, j=6:0.000, j=7:0.000, j=8:0.000, j=9:0.000, j=10:0.000, j=11:0.000, j=12:0.000, j=13:0.000, j=14:0.023, j=15:0.973, j=16:0.004
      i=17 -> j=0:0.000, j=1:0.000, j=2:0.000, j=3:0.000, j=4:0.000, j=5:0.000, j=6:0.000, j=7:0.000, j=8:0.000, j=9:0.000, j=10:0.000, j=11:0.000, j=12:0.000, j=13:0.000, j=14:0.000, j=15:0.022, j=16:0.975, j=17:0.003
      i=18 -> j=0:0.000, j=1:0.000, j=2:0.000, j=3:0.000, j=4:0.000, j=5:0.000, j=6:0.000, j=7:0.000, j=8:0.000, j=9:0.000, j=10:0.000, j=11:0.000, j=12:0.000, j=13:0.000, j=14:0.000, j=15:0.000, j=16:0.066, j=17:0.929, j=18:0.005
      i=19 -> j=0:0.000, j=1:0.000, j=2:0.000, j=3:0.000, j=4:0.000, j=5:0.000, j=6:0.000, j=7:0.000, j=8:0.000, j=9:0.000, j=10:0.000, j=11:0.000, j=12:0.000, j=13:0.000, j=14:0.000, j=15:0.000, j=16:0.000, j=17:0.069, j=18:0.925, j=19:0.006
      i=20 -> j=0:0.000, j=1:0.000, j=2:0.000, j=3:0.000, j=4:0.000, j=5:0.000, j=6:0.000, j=7:0.000, j=8:0.000, j=9:0.000, j=10:0.000, j=11:0.000, j=12:0.000, j=13:0.000, j=14:0.000, j=15:0.000, j=16:0.000, j=17:0.000, j=18:0.028, j=19:0.963, j=20:0.009
      i=21 -> j=0:0.000, j=1:0.000, j=2:0.000, j=3:0.000, j=4:0.000, j=5:0.000, j=6:0.000, j=7:0.000, j=8:0.000, j=9:0.000, j=10:0.000, j=11:0.000, j=12:0.000, j=13:0.000, j=14:0.000, j=15:0.000, j=16:0.000, j=17:0.000, j=18:0.000, j=19:0.019, j=20:0.976, j=21:0.004
      i=22 -> j=0:0.000, j=1:0.000, j=2:0.000, j=3:0.000, j=4:0.000, j=5:0.000, j=6:0.000, j=7:0.000, j=8:0.000, j=9:0.000, j=10:0.000, j=11:0.000, j=12:0.000, j=13:0.000, j=14:0.000, j=15:0.000, j=16:0.000, j=17:0.000, j=18:0.000, j=19:0.000, j=20:0.035, j=21:0.955, j=22:0.010
      i=23 -> j=0:0.000, j=1:0.000, j=2:0.000, j=3:0.000, j=4:0.000, j=5:0.000, j=6:0.000, j=7:0.000, j=8:0.000, j=9:0.000, j=10:0.000, j=11:0.000, j=12:0.000, j=13:0.000, j=14:0.000, j=15:0.000, j=16:0.000, j=17:0.000, j=18:0.000, j=19:0.000, j=20:0.000, j=21:0.021, j=22:0.968, j=23:0.010
      i=24 -> j=0:0.000, j=1:0.000, j=2:0.000, j=3:0.000, j=4:0.000, j=5:0.000, j=6:0.000, j=7:0.000, j=8:0.000, j=9:0.000, j=10:0.000, j=11:0.000, j=12:0.000, j=13:0.000, j=14:0.000, j=15:0.000, j=16:0.000, j=17:0.000, j=18:0.000, j=19:0.000, j=20:0.000, j=21:0.000, j=22:0.010, j=23:0.985, j=24:0.005
      i=25 -> j=0:0.000, j=1:0.000, j=2:0.000, j=3:0.000, j=4:0.000, j=5:0.000, j=6:0.000, j=7:0.000, j=8:0.000, j=9:0.000, j=10:0.000, j=11:0.000, j=12:0.000, j=13:0.000, j=14:0.000, j=15:0.000, j=16:0.000, j=17:0.000, j=18:0.000, j=19:0.000, j=20:0.000, j=21:0.000, j=22:0.000, j=23:0.034, j=24:0.963, j=25:0.003
      i=26 -> j=0:0.000, j=1:0.000, j=2:0.000, j=3:0.000, j=4:0.000, j=5:0.000, j=6:0.000, j=7:0.000, j=8:0.000, j=9:0.000, j=10:0.000, j=11:0.000, j=12:0.000, j=13:0.000, j=14:0.000, j=15:0.000, j=16:0.000, j=17:0.000, j=18:0.000, j=19:0.000, j=20:0.000, j=21:0.000, j=22:0.000, j=23:0.000, j=24:0.026, j=25:0.971, j=26:0.003
      i=27 -> j=0:0.000, j=1:0.000, j=2:0.000, j=3:0.000, j=4:0.000, j=5:0.000, j=6:0.000, j=7:0.000, j=8:0.000, j=9:0.000, j=10:0.000, j=11:0.000, j=12:0.000, j=13:0.000, j=14:0.000, j=15:0.000, j=16:0.000, j=17:0.000, j=18:0.000, j=19:0.000, j=20:0.000, j=21:0.000, j=22:0.000, j=23:0.000, j=24:0.000, j=25:0.084, j=26:0.902, j=27:0.014
      i=28 -> j=0:0.000, j=1:0.000, j=2:0.000, j=3:0.000, j=4:0.000, j=5:0.000, j=6:0.000, j=7:0.000, j=8:0.000, j=9:0.000, j=10:0.000, j=11:0.000, j=12:0.000, j=13:0.000, j=14:0.000, j=15:0.000, j=16:0.000, j=17:0.000, j=18:0.000, j=19:0.000, j=20:0.000, j=21:0.000, j=22:0.000, j=23:0.000, j=24:0.000, j=25:0.000, j=26:0.008, j=27:0.987, j=28:0.005
      i=29 -> j=0:0.000, j=1:0.000, j=2:0.000, j=3:0.000, j=4:0.000, j=5:0.000, j=6:0.000, j=7:0.000, j=8:0.000, j=9:0.000, j=10:0.000, j=11:0.000, j=12:0.000, j=13:0.000, j=14:0.000, j=15:0.000, j=16:0.000, j=17:0.000, j=18:0.000, j=19:0.000, j=20:0.000, j=21:0.000, j=22:0.000, j=23:0.000, j=24:0.000, j=25:0.000, j=26:0.000, j=27:0.031, j=28:0.965, j=29:0.004
      i=30 -> j=0:0.000, j=1:0.000, j=2:0.000, j=3:0.000, j=4:0.000, j=5:0.000, j=6:0.000, j=7:0.000, j=8:0.000, j=9:0.000, j=10:0.000, j=11:0.000, j=12:0.000, j=13:0.000, j=14:0.000, j=15:0.000, j=16:0.000, j=17:0.000, j=18:0.000, j=19:0.000, j=20:0.000, j=21:0.000, j=22:0.000, j=23:0.000, j=24:0.000, j=25:0.000, j=26:0.000, j=27:0.000, j=28:0.030, j=29:0.967, j=30:0.004
      i=31 -> j=0:0.000, j=1:0.000, j=2:0.000, j=3:0.000, j=4:0.000, j=5:0.000, j=6:0.000, j=7:0.000, j=8:0.000, j=9:0.000, j=10:0.000, j=11:0.000, j=12:0.000, j=13:0.000, j=14:0.000, j=15:0.000, j=16:0.000, j=17:0.000, j=18:0.000, j=19:0.000, j=20:0.000, j=21:0.000, j=22:0.000, j=23:0.000, j=24:0.000, j=25:0.000, j=26:0.000, j=27:0.000, j=28:0.000, j=29:0.145, j=30:0.849, j=31:0.006
    Average attention per distance:
      d=0:0.038, d=1:0.956, d=2:0.039

--- Layer 1 ---
  Head 0: Entropy=0.660
    Attention coefficients from each query position to previous positions:
      i= 0 -> j=0:1.000
      i= 1 -> j=0:0.824, j=1:0.176
      i= 2 -> j=0:0.151, j=1:0.666, j=2:0.183
      i= 3 -> j=0:0.002, j=1:0.101, j=2:0.802, j=3:0.096
      i= 4 -> j=0:0.000, j=1:0.001, j=2:0.067, j=3:0.858, j=4:0.075
      i= 5 -> j=0:0.000, j=1:0.000, j=2:0.000, j=3:0.092, j=4:0.846, j=5:0.062
      i= 6 -> j=0:0.000, j=1:0.000, j=2:0.000, j=3:0.000, j=4:0.128, j=5:0.804, j=6:0.068
      i= 7 -> j=0:0.000, j=1:0.000, j=2:0.000, j=3:0.000, j=4:0.001, j=5:0.161, j=6:0.763, j=7:0.075
      i= 8 -> j=0:0.000, j=1:0.000, j=2:0.000, j=3:0.000, j=4:0.000, j=5:0.001, j=6:0.149, j=7:0.734, j=8:0.116
      i= 9 -> j=0:0.000, j=1:0.000, j=2:0.000, j=3:0.000, j=4:0.000, j=5:0.000, j=6:0.000, j=7:0.042, j=8:0.896, j=9:0.062
      i=10 -> j=0:0.000, j=1:0.000, j=2:0.000, j=3:0.000, j=4:0.000, j=5:0.000, j=6:0.000, j=7:0.000, j=8:0.106, j=9:0.806, j=10:0.087
      i=11 -> j=0:0.000, j=1:0.000, j=2:0.000, j=3:0.000, j=4:0.000, j=5:0.000, j=6:0.000, j=7:0.000, j=8:0.000, j=9:0.090, j=10:0.849, j=11:0.061
      i=12 -> j=0:0.000, j=1:0.000, j=2:0.000, j=3:0.000, j=4:0.000, j=5:0.000, j=6:0.000, j=7:0.000, j=8:0.000, j=9:0.000, j=10:0.074, j=11:0.882, j=12:0.044
      i=13 -> j=0:0.000, j=1:0.000, j=2:0.000, j=3:0.000, j=4:0.001, j=5:0.000, j=6:0.000, j=7:0.000, j=8:0.000, j=9:0.000, j=10:0.001, j=11:0.191, j=12:0.754, j=13:0.052
      i=14 -> j=0:0.000, j=1:0.000, j=2:0.000, j=3:0.000, j=4:0.000, j=5:0.001, j=6:0.000, j=7:0.000, j=8:0.000, j=9:0.000, j=10:0.000, j=11:0.001, j=12:0.233, j=13:0.712, j=14:0.053
      i=15 -> j=0:0.000, j=1:0.000, j=2:0.000, j=3:0.000, j=4:0.000, j=5:0.000, j=6:0.001, j=7:0.000, j=8:0.000, j=9:0.000, j=10:0.000, j=11:0.000, j=12:0.001, j=13:0.119, j=14:0.814, j=15:0.065
      i=16 -> j=0:0.000, j=1:0.000, j=2:0.000, j=3:0.000, j=4:0.000, j=5:0.000, j=6:0.000, j=7:0.000, j=8:0.000, j=9:0.000, j=10:0.000, j=11:0.000, j=12:0.000, j=13:0.001, j=14:0.101, j=15:0.865, j=16:0.033
      i=17 -> j=0:0.000, j=1:0.000, j=2:0.000, j=3:0.000, j=4:0.000, j=5:0.000, j=6:0.000, j=7:0.000, j=8:0.000, j=9:0.000, j=10:0.000, j=11:0.000, j=12:0.000, j=13:0.000, j=14:0.001, j=15:0.288, j=16:0.608, j=17:0.100
      i=18 -> j=0:0.000, j=1:0.000, j=2:0.000, j=3:0.000, j=4:0.000, j=5:0.000, j=6:0.000, j=7:0.000, j=8:0.000, j=9:0.001, j=10:0.000, j=11:0.000, j=12:0.000, j=13:0.000, j=14:0.000, j=15:0.001, j=16:0.092, j=17:0.852, j=18:0.052
      i=19 -> j=0:0.000, j=1:0.000, j=2:0.000, j=3:0.000, j=4:0.000, j=5:0.000, j=6:0.000, j=7:0.000, j=8:0.000, j=9:0.000, j=10:0.000, j=11:0.000, j=12:0.000, j=13:0.000, j=14:0.000, j=15:0.000, j=16:0.001, j=17:0.184, j=18:0.724, j=19:0.090
      i=20 -> j=0:0.000, j=1:0.000, j=2:0.000, j=3:0.000, j=4:0.000, j=5:0.000, j=6:0.000, j=7:0.000, j=8:0.000, j=9:0.000, j=10:0.000, j=11:0.000, j=12:0.000, j=13:0.000, j=14:0.000, j=15:0.000, j=16:0.000, j=17:0.000, j=18:0.040, j=19:0.908, j=20:0.051
      i=21 -> j=0:0.000, j=1:0.000, j=2:0.000, j=3:0.000, j=4:0.000, j=5:0.000, j=6:0.000, j=7:0.000, j=8:0.000, j=9:0.000, j=10:0.000, j=11:0.000, j=12:0.000, j=13:0.000, j=14:0.000, j=15:0.000, j=16:0.000, j=17:0.000, j=18:0.000, j=19:0.123, j=20:0.813, j=21:0.062
      i=22 -> j=0:0.000, j=1:0.000, j=2:0.000, j=3:0.000, j=4:0.000, j=5:0.000, j=6:0.000, j=7:0.000, j=8:0.000, j=9:0.000, j=10:0.000, j=11:0.000, j=12:0.000, j=13:0.000, j=14:0.000, j=15:0.000, j=16:0.000, j=17:0.000, j=18:0.000, j=19:0.001, j=20:0.167, j=21:0.764, j=22:0.067
      i=23 -> j=0:0.000, j=1:0.000, j=2:0.000, j=3:0.000, j=4:0.000, j=5:0.000, j=6:0.000, j=7:0.000, j=8:0.000, j=9:0.000, j=10:0.000, j=11:0.000, j=12:0.000, j=13:0.000, j=14:0.000, j=15:0.000, j=16:0.000, j=17:0.000, j=18:0.000, j=19:0.000, j=20:0.001, j=21:0.139, j=22:0.780, j=23:0.077
      i=24 -> j=0:0.000, j=1:0.000, j=2:0.000, j=3:0.000, j=4:0.000, j=5:0.000, j=6:0.000, j=7:0.000, j=8:0.000, j=9:0.000, j=10:0.000, j=11:0.000, j=12:0.000, j=13:0.000, j=14:0.000, j=15:0.000, j=16:0.000, j=17:0.000, j=18:0.000, j=19:0.000, j=20:0.000, j=21:0.001, j=22:0.110, j=23:0.809, j=24:0.077
      i=25 -> j=0:0.000, j=1:0.000, j=2:0.000, j=3:0.000, j=4:0.000, j=5:0.000, j=6:0.000, j=7:0.000, j=8:0.000, j=9:0.000, j=10:0.000, j=11:0.000, j=12:0.000, j=13:0.000, j=14:0.000, j=15:0.000, j=16:0.000, j=17:0.000, j=18:0.000, j=19:0.000, j=20:0.000, j=21:0.000, j=22:0.001, j=23:0.139, j=24:0.818, j=25:0.039
      i=26 -> j=0:0.001, j=1:0.001, j=2:0.000, j=3:0.001, j=4:0.001, j=5:0.002, j=6:0.001, j=7:0.001, j=8:0.000, j=9:0.001, j=10:0.001, j=11:0.001, j=12:0.001, j=13:0.000, j=14:0.000, j=15:0.000, j=16:0.001, j=17:0.002, j=18:0.001, j=19:0.000, j=20:0.000, j=21:0.000, j=22:0.000, j=23:0.003, j=24:0.150, j=25:0.794, j=26:0.037
      i=27 -> j=0:0.021, j=1:0.018, j=2:0.011, j=3:0.010, j=4:0.014, j=5:0.019, j=6:0.020, j=7:0.014, j=8:0.009, j=9:0.012, j=10:0.011, j=11:0.014, j=12:0.016, j=13:0.012, j=14:0.004, j=15:0.004, j=16:0.007, j=17:0.013, j=18:0.013, j=19:0.007, j=20:0.005, j=21:0.002, j=22:0.001, j=23:0.004, j=24:0.035, j=25:0.221, j=26:0.441, j=27:0.042
      i=28 -> j=0:0.003, j=1:0.003, j=2:0.001, j=3:0.001, j=4:0.001, j=5:0.001, j=6:0.002, j=7:0.002, j=8:0.001, j=9:0.001, j=10:0.000, j=11:0.001, j=12:0.001, j=13:0.002, j=14:0.000, j=15:0.000, j=16:0.000, j=17:0.000, j=18:0.001, j=19:0.001, j=20:0.001, j=21:0.000, j=22:0.000, j=23:0.000, j=24:0.000, j=25:0.005, j=26:0.842, j=27:0.028, j=28:0.100
      i=29 -> j=0:0.001, j=1:0.001, j=2:0.001, j=3:0.001, j=4:0.001, j=5:0.000, j=6:0.001, j=7:0.001, j=8:0.001, j=9:0.001, j=10:0.000, j=11:0.000, j=12:0.000, j=13:0.001, j=14:0.001, j=15:0.001, j=16:0.000, j=17:0.000, j=18:0.000, j=19:0.000, j=20:0.002, j=21:0.001, j=22:0.000, j=23:0.000, j=24:0.000, j=25:0.000, j=26:0.017, j=27:0.011, j=28:0.774, j=29:0.180
      i=30 -> j=0:0.000, j=1:0.001, j=2:0.001, j=3:0.001, j=4:0.000, j=5:0.000, j=6:0.000, j=7:0.000, j=8:0.000, j=9:0.001, j=10:0.000, j=11:0.000, j=12:0.000, j=13:0.000, j=14:0.000, j=15:0.000, j=16:0.000, j=17:0.000, j=18:0.000, j=19:0.000, j=20:0.000, j=21:0.001, j=22:0.000, j=23:0.000, j=24:0.000, j=25:0.000, j=26:0.000, j=27:0.001, j=28:0.100, j=29:0.771, j=30:0.118
      i=31 -> j=0:0.000, j=1:0.000, j=2:0.000, j=3:0.000, j=4:0.000, j=5:0.000, j=6:0.000, j=7:0.000, j=8:0.000, j=9:0.000, j=10:0.000, j=11:0.000, j=12:0.000, j=13:0.000, j=14:0.000, j=15:0.000, j=16:0.000, j=17:0.000, j=18:0.000, j=19:0.000, j=20:0.000, j=21:0.000, j=22:0.000, j=23:0.000, j=24:0.000, j=25:0.000, j=26:0.000, j=27:0.000, j=28:0.001, j=29:0.089, j=30:0.838, j=31:0.067
    Average attention per distance:
      d=0:0.108, d=1:0.761, d=2:0.150


======================================================================
QK Property Verification (Raw Scores, before Softmax)
======================================================================
Recurrence order init_len=2, num test sequences=1

--- [P1] Long-distance Orthogonality Verification ---
Ideal: raw_score mean ≈ 0 and small std when d > init_len

  Layer 0, Head 0:
    d= 1 (effective): mean= 17.006, std= 0.516, n=31
    d= 2 (effective): mean= 13.543, std= 0.646, n=30
    d>2 (long-distance): mean= -1.909, std= 4.763, n=435

  Layer 1, Head 0:
    d= 1 (effective): mean=  5.873, std= 1.538, n=31
    d= 2 (effective): mean=  4.167, std= 1.121, n=30
    d>2 (long-distance): mean= -3.275, std= 2.450, n=435

--- [P2] Time-homogeneous Verification ---
Ideal: CV of raw_score across positions i ≈ 0 for fixed distance d
(CV = std / |mean|, smaller = more constant)

  Layer 0, Head 0:
    d= 1: mean= 17.006, std= 0.516, CV=0.030, n=31
    d= 2: mean= 13.543, std= 0.646, CV=0.048, n=30

  Layer 1, Head 0:
    d= 1: mean=  5.873, std= 1.538, CV=0.262, n=31
    d= 2: mean=  4.167, std= 1.121, CV=0.269, n=30

======================================================================
QK Property Verification Completed
======================================================================
