=== Experiment: mixed_cond_d128l1_r8_n2_e50_fixWTE_start85 ===
Time: 2026-06-30T07:14:03.817968
Task type: mixed_ab
Merged config: {
  "P": 53,
  "TASK": "mixed_ab",
  "NUM_MASK": 0,
  "A": 1,
  "B": 1,
  "AB_PAIRS": [
    [
      1,
      1
    ],
    [
      1,
      2
    ]
  ],
  "D_MODEL": 128,
  "N_HEAD": 1,
  "N_LAYER": 1,
  "BATCH_SIZE": 128,
  "EPOCHS": 10000,
  "LR": 0.0003,
  "SAVE_PATH": "models/mixed_cond_d128l1_r8_n2_e50_fixWTE_start85.pth",
  "USE_GREEDY_GENERATE": true,
  "USE_LEARNABLE_PE": false,
  "MLP_RATIO": 8,
  "TRAIN_LEN": 16,
  "OOD_LEN": 32,
  "DROPOUT": 0.0,
  "TARGET_INIT_COVERAGE": 0.5,
  "MAX_UNIQUE_RATIO": 0.5,
  "WEIGHT_DECAY": 1,
  "ENTROPY_PENALTY_WEIGHT": 0.0,
  "FIRST_TASK_WEIGHT": 1.0,
  "RANDOM_SEED": 42,
  "EVAL_INTERVAL": 20,
  "EARLY_STOP_NO_IMPROVE": 1000,
  "EARLY_STOP_ACCURACY": 0.99,
  "SKIP_FINAL_GENERATION_TEST": true,
  "USE_AB_TAG": false,
  "USE_CONDITIONAL_WTE": true,
  "COND_WTE_SHARED_RATIO": 0.0,
  "MIXED_AB_MAX_UNIQUE_RATIOS": [
    0.5,
    0.5
  ],
  "COND_FIX": "WTE",
  "COND_FIX_START": 0.85
}
--- output ---
Using device: cuda

[Dataset] Mixed mode: generated 2808 + 2810 samples, length 16
AB parameter pairs: [(1, 1), (1, 2)]
  - AB=(1,1): train 1404 | test 1405 | exposed ~50.0%
  - AB=(1,2): train 1404 | test 1405 | exposed ~50.0%
--------------------------------------------------
[Model config] block_size: 32, train length: 16
[Number theory] AB parameter pairs: [(1, 1), (1, 2)]


Model parameters: 0.36M

Start training...
Epoch   0 | Train: Loss=4.1894 Acc=3.6% | Test: Acc=0.3% | Best=0.3%(@0)
  from x3: 0.00 0.00 0.00 0.00 0.00 0.00 0.00 0.00 0.00 0.00 0.00 0.00 0.00
  per-rule acc: 0.00 0.00
Epoch  20 | Train: Loss=0.9535 Acc=96.0% | Test: Acc=0.2% | Best=0.3%(@0)
  from x3: 0.01 0.00 0.00 0.00 0.00 0.00 0.00 0.00 0.00 0.00 0.00 0.00 0.00
  per-rule acc: 0.00 0.00
Epoch  40 | Train: Loss=0.1676 Acc=99.0% | Test: Acc=0.7% | Best=0.7%(@40)
  from x3: 0.02 0.01 0.01 0.01 0.01 0.01 0.01 0.01 0.01 0.01 0.01 0.01 0.00
  per-rule acc: 0.01 0.01
Epoch  60 | Train: Loss=0.0758 Acc=99.2% | Test: Acc=1.3% | Best=1.3%(@60)
  from x3: 0.02 0.01 0.01 0.01 0.01 0.01 0.01 0.01 0.01 0.01 0.01 0.01 0.01
  per-rule acc: 0.01 0.01
Epoch  80 | Train: Loss=0.0525 Acc=99.5% | Test: Acc=1.4% | Best=1.4%(@80)
  from x3: 0.02 0.02 0.01 0.01 0.01 0.01 0.01 0.01 0.01 0.01 0.01 0.01 0.01
  per-rule acc: 0.01 0.01
Epoch 100 | Train: Loss=0.0429 Acc=99.6% | Test: Acc=1.5% | Best=1.5%(@100)
  from x3: 0.02 0.02 0.01 0.01 0.01 0.01 0.01 0.01 0.01 0.01 0.01 0.01 0.02
  per-rule acc: 0.02 0.01
Epoch 120 | Train: Loss=0.0361 Acc=99.8% | Test: Acc=1.6% | Best=1.6%(@120)
  from x3: 0.02 0.02 0.02 0.02 0.02 0.02 0.02 0.02 0.02 0.02 0.02 0.02 0.02
  per-rule acc: 0.02 0.02
Epoch 140 | Train: Loss=0.0303 Acc=99.8% | Test: Acc=1.7% | Best=1.7%(@140)
  from x3: 0.02 0.02 0.02 0.02 0.02 0.02 0.02 0.02 0.02 0.02 0.02 0.02 0.02
  per-rule acc: 0.02 0.02
Epoch 160 | Train: Loss=0.0256 Acc=99.9% | Test: Acc=1.8% | Best=1.8%(@160)
  from x3: 0.02 0.02 0.02 0.02 0.02 0.02 0.02 0.02 0.02 0.02 0.02 0.02 0.02
  per-rule acc: 0.02 0.02
Epoch 180 | Train: Loss=0.0220 Acc=99.9% | Test: Acc=1.9% | Best=1.9%(@180)
  from x3: 0.02 0.02 0.02 0.02 0.02 0.02 0.02 0.02 0.02 0.02 0.02 0.02 0.02
  per-rule acc: 0.02 0.02
Epoch 200 | Train: Loss=0.0186 Acc=100.0% | Test: Acc=2.0% | Best=2.0%(@200)
  from x3: 0.02 0.02 0.02 0.02 0.02 0.02 0.02 0.02 0.02 0.02 0.02 0.02 0.02
  per-rule acc: 0.02 0.02
Epoch 220 | Train: Loss=0.0161 Acc=100.0% | Test: Acc=2.0% | Best=2.0%(@220)
  from x3: 0.02 0.02 0.02 0.02 0.02 0.02 0.02 0.02 0.02 0.02 0.02 0.02 0.02
  per-rule acc: 0.02 0.02
Epoch 240 | Train: Loss=0.0139 Acc=100.0% | Test: Acc=2.0% | Best=2.0%(@240)
  from x3: 0.02 0.02 0.02 0.02 0.02 0.02 0.02 0.02 0.02 0.02 0.02 0.02 0.02
  per-rule acc: 0.02 0.02
Epoch 260 | Train: Loss=0.0124 Acc=100.0% | Test: Acc=2.1% | Best=2.1%(@260)
  from x3: 0.02 0.02 0.02 0.02 0.02 0.02 0.02 0.02 0.02 0.02 0.02 0.02 0.02
  per-rule acc: 0.02 0.02
Epoch 280 | Train: Loss=0.0160 Acc=100.0% | Test: Acc=2.0% | Best=2.1%(@260)
  from x3: 0.02 0.02 0.02 0.02 0.02 0.02 0.02 0.02 0.02 0.02 0.02 0.02 0.02
  per-rule acc: 0.02 0.02
Epoch 300 | Train: Loss=0.0128 Acc=100.0% | Test: Acc=2.0% | Best=2.1%(@260)
  from x3: 0.02 0.02 0.02 0.02 0.02 0.02 0.02 0.02 0.02 0.02 0.02 0.02 0.02
  per-rule acc: 0.02 0.02
Epoch 320 | Train: Loss=0.0109 Acc=100.0% | Test: Acc=2.0% | Best=2.1%(@260)
  from x3: 0.02 0.02 0.02 0.02 0.02 0.02 0.02 0.02 0.02 0.02 0.02 0.02 0.02
  per-rule acc: 0.02 0.02
Epoch 340 | Train: Loss=0.0103 Acc=100.0% | Test: Acc=2.0% | Best=2.1%(@260)
  from x3: 0.02 0.02 0.02 0.02 0.02 0.02 0.02 0.02 0.02 0.02 0.02 0.02 0.02
  per-rule acc: 0.02 0.02
Epoch 360 | Train: Loss=0.0698 Acc=100.0% | Test: Acc=1.9% | Best=2.1%(@260)
  from x3: 0.02 0.02 0.02 0.02 0.02 0.02 0.02 0.02 0.02 0.02 0.02 0.02 0.02
  per-rule acc: 0.02 0.02
Epoch 380 | Train: Loss=0.0134 Acc=99.9% | Test: Acc=2.1% | Best=2.1%(@380)
  from x3: 0.02 0.02 0.02 0.02 0.02 0.02 0.02 0.02 0.02 0.02 0.02 0.02 0.02
  per-rule acc: 0.02 0.02
Epoch 400 | Train: Loss=0.0105 Acc=100.0% | Test: Acc=2.3% | Best=2.3%(@400)
  from x3: 0.02 0.02 0.02 0.02 0.02 0.02 0.02 0.02 0.02 0.02 0.02 0.02 0.02
  per-rule acc: 0.02 0.03
Epoch 420 | Train: Loss=0.0140 Acc=100.0% | Test: Acc=2.5% | Best=2.5%(@420)
  from x3: 0.02 0.02 0.02 0.02 0.02 0.02 0.02 0.02 0.02 0.02 0.02 0.03 0.02
  per-rule acc: 0.02 0.03
Epoch 440 | Train: Loss=0.0137 Acc=100.0% | Test: Acc=2.5% | Best=2.5%(@440)
  from x3: 0.03 0.02 0.02 0.03 0.03 0.03 0.02 0.02 0.02 0.02 0.02 0.02 0.02
  per-rule acc: 0.02 0.03
Epoch 460 | Train: Loss=0.0113 Acc=100.0% | Test: Acc=2.4% | Best=2.5%(@440)
  from x3: 0.02 0.02 0.02 0.02 0.02 0.02 0.02 0.02 0.02 0.02 0.02 0.02 0.02
  per-rule acc: 0.02 0.03
Epoch 480 | Train: Loss=0.0130 Acc=100.0% | Test: Acc=2.8% | Best=2.8%(@480)
  from x3: 0.03 0.03 0.03 0.03 0.03 0.03 0.03 0.03 0.03 0.03 0.03 0.03 0.03
  per-rule acc: 0.02 0.03
Epoch 500 | Train: Loss=0.0136 Acc=100.0% | Test: Acc=2.7% | Best=2.8%(@480)
  from x3: 0.03 0.03 0.03 0.03 0.03 0.03 0.03 0.03 0.03 0.03 0.03 0.03 0.03
  per-rule acc: 0.02 0.03
Epoch 520 | Train: Loss=0.0087 Acc=100.0% | Test: Acc=2.8% | Best=2.8%(@480)
  from x3: 0.03 0.03 0.03 0.03 0.03 0.03 0.03 0.03 0.03 0.03 0.03 0.03 0.03
  per-rule acc: 0.02 0.03
Epoch 540 | Train: Loss=0.0116 Acc=100.0% | Test: Acc=2.9% | Best=2.9%(@540)
  from x3: 0.03 0.03 0.03 0.03 0.03 0.03 0.03 0.03 0.03 0.03 0.03 0.03 0.03
  per-rule acc: 0.02 0.04
Epoch 560 | Train: Loss=0.0122 Acc=100.0% | Test: Acc=3.2% | Best=3.2%(@560)
  from x3: 0.04 0.03 0.03 0.03 0.03 0.03 0.03 0.03 0.03 0.03 0.03 0.03 0.03
  per-rule acc: 0.03 0.04
Epoch 580 | Train: Loss=0.0104 Acc=100.0% | Test: Acc=3.3% | Best=3.3%(@580)
  from x3: 0.04 0.03 0.03 0.03 0.03 0.03 0.03 0.03 0.03 0.03 0.03 0.03 0.03
  per-rule acc: 0.02 0.04
Epoch 600 | Train: Loss=0.0101 Acc=99.9% | Test: Acc=3.8% | Best=3.8%(@600)
  from x3: 0.05 0.04 0.04 0.04 0.04 0.04 0.04 0.04 0.04 0.04 0.04 0.04 0.04
  per-rule acc: 0.03 0.05
Epoch 620 | Train: Loss=0.0090 Acc=100.0% | Test: Acc=4.0% | Best=4.0%(@620)
  from x3: 0.05 0.04 0.04 0.04 0.04 0.04 0.04 0.04 0.04 0.04 0.04 0.04 0.04
  per-rule acc: 0.03 0.05
Epoch 640 | Train: Loss=0.0092 Acc=100.0% | Test: Acc=4.4% | Best=4.4%(@640)
  from x3: 0.05 0.04 0.04 0.04 0.04 0.04 0.04 0.04 0.04 0.04 0.04 0.04 0.04
  per-rule acc: 0.03 0.06
Epoch 660 | Train: Loss=0.0122 Acc=100.0% | Test: Acc=5.4% | Best=5.4%(@660)
  from x3: 0.06 0.05 0.05 0.05 0.05 0.05 0.05 0.05 0.05 0.05 0.05 0.05 0.05
  per-rule acc: 0.03 0.08
Epoch 680 | Train: Loss=0.0123 Acc=99.9% | Test: Acc=7.2% | Best=7.2%(@680)
  from x3: 0.08 0.07 0.07 0.07 0.07 0.07 0.07 0.07 0.07 0.07 0.07 0.07 0.07
  per-rule acc: 0.04 0.11
Epoch 700 | Train: Loss=0.0116 Acc=100.0% | Test: Acc=8.0% | Best=8.0%(@700)
  from x3: 0.09 0.08 0.08 0.08 0.08 0.08 0.08 0.08 0.08 0.08 0.08 0.08 0.08
  per-rule acc: 0.04 0.12
Epoch 720 | Train: Loss=0.0115 Acc=100.0% | Test: Acc=9.3% | Best=9.3%(@720)
  from x3: 0.10 0.09 0.09 0.09 0.09 0.09 0.09 0.09 0.09 0.09 0.09 0.09 0.09
  per-rule acc: 0.04 0.15
Epoch 740 | Train: Loss=0.0104 Acc=100.0% | Test: Acc=11.5% | Best=11.5%(@740)
  from x3: 0.12 0.11 0.11 0.11 0.11 0.11 0.11 0.11 0.11 0.11 0.11 0.11 0.11
  per-rule acc: 0.04 0.19
Epoch 760 | Train: Loss=0.0156 Acc=99.9% | Test: Acc=14.4% | Best=14.4%(@760)
  from x3: 0.15 0.14 0.14 0.14 0.14 0.14 0.14 0.14 0.14 0.14 0.14 0.14 0.14
  per-rule acc: 0.04 0.25
Epoch 780 | Train: Loss=0.0084 Acc=100.0% | Test: Acc=19.3% | Best=19.3%(@780)
  from x3: 0.21 0.19 0.19 0.19 0.19 0.19 0.19 0.19 0.19 0.19 0.19 0.19 0.19
  per-rule acc: 0.04 0.34
Epoch 800 | Train: Loss=0.0107 Acc=100.0% | Test: Acc=23.9% | Best=23.9%(@800)
  from x3: 0.25 0.24 0.24 0.24 0.24 0.24 0.24 0.24 0.24 0.24 0.24 0.24 0.24
  per-rule acc: 0.05 0.43
Epoch 820 | Train: Loss=0.0084 Acc=100.0% | Test: Acc=31.6% | Best=31.6%(@820)
  from x3: 0.32 0.32 0.32 0.31 0.31 0.31 0.31 0.31 0.32 0.31 0.31 0.31 0.31
  per-rule acc: 0.04 0.59
Epoch 840 | Train: Loss=0.0938 Acc=99.4% | Test: Acc=32.5% | Best=32.5%(@840)
  from x3: 0.33 0.33 0.33 0.32 0.32 0.32 0.32 0.32 0.32 0.32 0.32 0.32 0.32
  per-rule acc: 0.04 0.61
[CondFix] Frozen WTE: 3 param groups
[CondFix] Epoch 860: triggered at threshold 0.85
Epoch 860 | Train: Loss=0.0077 Acc=100.0% | Test: Acc=47.6% | Best=47.6%(@860)
  from x3: 0.49 0.48 0.48 0.48 0.48 0.48 0.48 0.48 0.48 0.48 0.47 0.47 0.47
  per-rule acc: 0.07 0.89
Epoch 880 | Train: Loss=0.0118 Acc=100.0% | Test: Acc=48.8% | Best=48.8%(@880)
  from x3: 0.50 0.49 0.49 0.49 0.49 0.49 0.49 0.49 0.49 0.49 0.49 0.49 0.49
  per-rule acc: 0.07 0.91
Epoch 900 | Train: Loss=0.0112 Acc=99.9% | Test: Acc=49.7% | Best=49.7%(@900)
  from x3: 0.50 0.50 0.50 0.50 0.50 0.50 0.50 0.50 0.50 0.50 0.50 0.49 0.49
  per-rule acc: 0.07 0.93
Epoch 920 | Train: Loss=0.0075 Acc=100.0% | Test: Acc=52.3% | Best=52.3%(@920)
  from x3: 0.53 0.52 0.52 0.52 0.52 0.52 0.52 0.52 0.52 0.52 0.52 0.52 0.52
  per-rule acc: 0.09 0.96
Epoch 940 | Train: Loss=0.0074 Acc=100.0% | Test: Acc=53.1% | Best=53.1%(@940)
  from x3: 0.53 0.53 0.53 0.53 0.53 0.53 0.53 0.53 0.53 0.53 0.53 0.53 0.53
  per-rule acc: 0.10 0.97
Epoch 960 | Train: Loss=0.0115 Acc=99.9% | Test: Acc=52.5% | Best=53.1%(@940)
  from x3: 0.52 0.52 0.52 0.52 0.52 0.52 0.52 0.52 0.52 0.52 0.53 0.53 0.52
  per-rule acc: 0.09 0.96
Epoch 980 | Train: Loss=0.0064 Acc=100.0% | Test: Acc=54.4% | Best=54.4%(@980)
  from x3: 0.55 0.54 0.54 0.54 0.54 0.54 0.54 0.54 0.54 0.54 0.54 0.54 0.54
  per-rule acc: 0.11 0.98
Epoch 1000 | Train: Loss=0.0086 Acc=99.9% | Test: Acc=53.3% | Best=54.4%(@980)
  from x3: 0.54 0.53 0.53 0.53 0.53 0.53 0.53 0.53 0.53 0.53 0.53 0.53 0.53
  per-rule acc: 0.10 0.97
Epoch 1020 | Train: Loss=0.0087 Acc=100.0% | Test: Acc=55.4% | Best=55.4%(@1020)
  from x3: 0.55 0.55 0.55 0.55 0.55 0.55 0.55 0.55 0.55 0.55 0.55 0.55 0.55
  per-rule acc: 0.13 0.98
Epoch 1040 | Train: Loss=0.0064 Acc=100.0% | Test: Acc=56.1% | Best=56.1%(@1040)
  from x3: 0.56 0.56 0.56 0.56 0.56 0.56 0.56 0.56 0.56 0.56 0.56 0.56 0.56
  per-rule acc: 0.14 0.98
Epoch 1060 | Train: Loss=0.0092 Acc=99.9% | Test: Acc=55.2% | Best=56.1%(@1040)
  from x3: 0.55 0.55 0.55 0.55 0.55 0.55 0.55 0.55 0.55 0.55 0.55 0.55 0.55
  per-rule acc: 0.12 0.98
Epoch 1080 | Train: Loss=0.0103 Acc=100.0% | Test: Acc=55.0% | Best=56.1%(@1040)
  from x3: 0.55 0.55 0.55 0.55 0.55 0.55 0.55 0.55 0.55 0.55 0.55 0.55 0.55
  per-rule acc: 0.12 0.98
Epoch 1100 | Train: Loss=0.0056 Acc=100.0% | Test: Acc=57.7% | Best=57.7%(@1100)
  from x3: 0.58 0.58 0.58 0.58 0.58 0.58 0.58 0.58 0.58 0.58 0.58 0.58 0.58
  per-rule acc: 0.17 0.99
Epoch 1120 | Train: Loss=0.0166 Acc=99.9% | Test: Acc=56.8% | Best=57.7%(@1100)
  from x3: 0.57 0.57 0.57 0.57 0.57 0.57 0.57 0.57 0.57 0.57 0.57 0.57 0.57
  per-rule acc: 0.15 0.98
Epoch 1140 | Train: Loss=0.0084 Acc=99.9% | Test: Acc=57.4% | Best=57.7%(@1100)
  from x3: 0.57 0.57 0.57 0.57 0.57 0.57 0.57 0.57 0.57 0.57 0.57 0.58 0.58
  per-rule acc: 0.16 0.99
Epoch 1160 | Train: Loss=0.0071 Acc=99.9% | Test: Acc=59.2% | Best=59.2%(@1160)
  from x3: 0.59 0.59 0.59 0.59 0.59 0.59 0.59 0.59 0.59 0.59 0.59 0.59 0.59
  per-rule acc: 0.20 0.99
Epoch 1180 | Train: Loss=0.0061 Acc=100.0% | Test: Acc=59.8% | Best=59.8%(@1180)
  from x3: 0.60 0.60 0.60 0.60 0.60 0.60 0.60 0.60 0.60 0.60 0.60 0.60 0.60
  per-rule acc: 0.21 0.99
Epoch 1200 | Train: Loss=0.0097 Acc=100.0% | Test: Acc=59.3% | Best=59.8%(@1180)
  from x3: 0.59 0.59 0.59 0.59 0.59 0.59 0.59 0.59 0.59 0.60 0.59 0.60 0.60
  per-rule acc: 0.20 0.99
Epoch 1220 | Train: Loss=0.0054 Acc=100.0% | Test: Acc=59.9% | Best=59.9%(@1220)
  from x3: 0.60 0.60 0.60 0.60 0.60 0.60 0.60 0.60 0.60 0.60 0.60 0.60 0.60
  per-rule acc: 0.21 0.99
Epoch 1240 | Train: Loss=0.0068 Acc=100.0% | Test: Acc=60.6% | Best=60.6%(@1240)
  from x3: 0.60 0.61 0.61 0.61 0.61 0.61 0.61 0.61 0.61 0.61 0.61 0.61 0.61
  per-rule acc: 0.22 0.99
Epoch 1260 | Train: Loss=0.0074 Acc=100.0% | Test: Acc=60.2% | Best=60.6%(@1240)
  from x3: 0.60 0.60 0.60 0.60 0.60 0.60 0.60 0.60 0.60 0.60 0.60 0.60 0.60
  per-rule acc: 0.21 0.99
Epoch 1280 | Train: Loss=0.0066 Acc=100.0% | Test: Acc=60.9% | Best=60.9%(@1280)
  from x3: 0.61 0.61 0.61 0.61 0.61 0.61 0.61 0.61 0.61 0.61 0.61 0.61 0.61
  per-rule acc: 0.23 0.99
Epoch 1300 | Train: Loss=0.0066 Acc=100.0% | Test: Acc=60.6% | Best=60.9%(@1280)
  from x3: 0.60 0.60 0.60 0.60 0.60 0.60 0.61 0.61 0.61 0.61 0.61 0.61 0.61
  per-rule acc: 0.22 0.99
Epoch 1320 | Train: Loss=0.0109 Acc=99.9% | Test: Acc=60.6% | Best=60.9%(@1280)
  from x3: 0.60 0.60 0.61 0.61 0.61 0.61 0.61 0.61 0.61 0.61 0.61 0.61 0.61
  per-rule acc: 0.22 0.99
Epoch 1340 | Train: Loss=0.0106 Acc=99.9% | Test: Acc=60.4% | Best=60.9%(@1280)
  from x3: 0.61 0.60 0.60 0.60 0.60 0.60 0.60 0.60 0.60 0.60 0.61 0.61 0.61
  per-rule acc: 0.22 0.99
Epoch 1360 | Train: Loss=0.0066 Acc=100.0% | Test: Acc=63.0% | Best=63.0%(@1360)
  from x3: 0.62 0.63 0.63 0.63 0.63 0.63 0.63 0.63 0.63 0.63 0.63 0.63 0.63
  per-rule acc: 0.27 0.99
Epoch 1380 | Train: Loss=0.0094 Acc=99.9% | Test: Acc=60.4% | Best=63.0%(@1360)
  from x3: 0.60 0.60 0.60 0.60 0.60 0.60 0.60 0.60 0.60 0.60 0.60 0.60 0.60
  per-rule acc: 0.22 0.99
Epoch 1400 | Train: Loss=0.0064 Acc=100.0% | Test: Acc=62.5% | Best=63.0%(@1360)
  from x3: 0.62 0.62 0.62 0.62 0.62 0.62 0.62 0.62 0.62 0.63 0.63 0.63 0.63
  per-rule acc: 0.26 0.99
Epoch 1420 | Train: Loss=0.0074 Acc=100.0% | Test: Acc=63.8% | Best=63.8%(@1420)
  from x3: 0.64 0.64 0.64 0.64 0.64 0.64 0.64 0.64 0.64 0.64 0.64 0.64 0.64
  per-rule acc: 0.28 0.99
Epoch 1440 | Train: Loss=0.0137 Acc=99.9% | Test: Acc=60.2% | Best=63.8%(@1420)
  from x3: 0.60 0.60 0.60 0.60 0.60 0.60 0.60 0.60 0.60 0.60 0.60 0.60 0.60
  per-rule acc: 0.22 0.99
Epoch 1460 | Train: Loss=0.0066 Acc=100.0% | Test: Acc=64.5% | Best=64.5%(@1460)
  from x3: 0.64 0.65 0.64 0.65 0.65 0.65 0.65 0.65 0.65 0.64 0.64 0.64 0.64
  per-rule acc: 0.30 0.99
Epoch 1480 | Train: Loss=0.0097 Acc=99.9% | Test: Acc=62.6% | Best=64.5%(@1460)
  from x3: 0.62 0.63 0.62 0.63 0.63 0.63 0.63 0.63 0.63 0.63 0.63 0.63 0.63
  per-rule acc: 0.26 0.99
Epoch 1500 | Train: Loss=0.0072 Acc=100.0% | Test: Acc=62.8% | Best=64.5%(@1460)
  from x3: 0.63 0.63 0.63 0.63 0.63 0.63 0.63 0.63 0.63 0.63 0.63 0.63 0.63
  per-rule acc: 0.27 0.99
Epoch 1520 | Train: Loss=0.0073 Acc=100.0% | Test: Acc=63.5% | Best=64.5%(@1460)
  from x3: 0.63 0.64 0.64 0.63 0.63 0.64 0.64 0.64 0.63 0.64 0.63 0.63 0.63
  per-rule acc: 0.28 0.99
Epoch 1540 | Train: Loss=0.0072 Acc=100.0% | Test: Acc=64.7% | Best=64.7%(@1540)
  from x3: 0.64 0.65 0.65 0.65 0.65 0.65 0.65 0.65 0.65 0.65 0.65 0.65 0.65
  per-rule acc: 0.30 0.99
Epoch 1560 | Train: Loss=0.0085 Acc=99.9% | Test: Acc=65.1% | Best=65.1%(@1560)
  from x3: 0.65 0.65 0.65 0.65 0.65 0.65 0.65 0.65 0.65 0.65 0.65 0.66 0.66
  per-rule acc: 0.31 0.99
Epoch 1580 | Train: Loss=0.0074 Acc=100.0% | Test: Acc=64.9% | Best=65.1%(@1560)
  from x3: 0.65 0.65 0.65 0.65 0.65 0.65 0.65 0.65 0.65 0.65 0.65 0.65 0.65
  per-rule acc: 0.31 0.99
Epoch 1600 | Train: Loss=0.0089 Acc=99.9% | Test: Acc=65.2% | Best=65.2%(@1600)
  from x3: 0.64 0.65 0.65 0.65 0.65 0.65 0.65 0.65 0.65 0.65 0.65 0.65 0.66
  per-rule acc: 0.31 0.99
Epoch 1620 | Train: Loss=0.0061 Acc=100.0% | Test: Acc=65.4% | Best=65.4%(@1620)
  from x3: 0.65 0.66 0.65 0.65 0.65 0.65 0.65 0.65 0.65 0.65 0.65 0.65 0.65
  per-rule acc: 0.32 0.99
Epoch 1640 | Train: Loss=0.0061 Acc=100.0% | Test: Acc=65.8% | Best=65.8%(@1640)
  from x3: 0.65 0.66 0.66 0.66 0.66 0.66 0.66 0.66 0.66 0.66 0.66 0.66 0.66
  per-rule acc: 0.32 0.99
Epoch 1660 | Train: Loss=0.0070 Acc=100.0% | Test: Acc=66.4% | Best=66.4%(@1660)
  from x3: 0.66 0.66 0.66 0.66 0.66 0.67 0.66 0.67 0.67 0.67 0.67 0.67 0.66
  per-rule acc: 0.34 0.99
Epoch 1680 | Train: Loss=0.0054 Acc=100.0% | Test: Acc=66.7% | Best=66.7%(@1680)
  from x3: 0.66 0.67 0.67 0.67 0.67 0.67 0.67 0.67 0.67 0.67 0.67 0.67 0.67
  per-rule acc: 0.34 0.99
Epoch 1700 | Train: Loss=0.0067 Acc=100.0% | Test: Acc=66.7% | Best=66.7%(@1680)
  from x3: 0.66 0.67 0.67 0.67 0.67 0.67 0.67 0.67 0.67 0.67 0.67 0.67 0.67
  per-rule acc: 0.34 0.99
Epoch 1720 | Train: Loss=0.0066 Acc=100.0% | Test: Acc=65.8% | Best=66.7%(@1680)
  from x3: 0.66 0.66 0.66 0.66 0.66 0.66 0.66 0.66 0.66 0.66 0.66 0.66 0.66
  per-rule acc: 0.32 0.99
Epoch 1740 | Train: Loss=0.0062 Acc=100.0% | Test: Acc=66.9% | Best=66.9%(@1740)
  from x3: 0.67 0.67 0.67 0.67 0.67 0.67 0.67 0.67 0.67 0.67 0.67 0.67 0.67
  per-rule acc: 0.34 0.99
Epoch 1760 | Train: Loss=0.0068 Acc=100.0% | Test: Acc=66.9% | Best=66.9%(@1760)
  from x3: 0.66 0.67 0.67 0.67 0.67 0.67 0.67 0.67 0.67 0.67 0.67 0.67 0.67
  per-rule acc: 0.34 0.99
Epoch 1780 | Train: Loss=0.0062 Acc=100.0% | Test: Acc=66.9% | Best=66.9%(@1760)
  from x3: 0.67 0.67 0.67 0.67 0.67 0.67 0.67 0.67 0.67 0.67 0.67 0.67 0.67
  per-rule acc: 0.34 0.99
Epoch 1800 | Train: Loss=0.0077 Acc=100.0% | Test: Acc=66.9% | Best=66.9%(@1760)
  from x3: 0.66 0.67 0.67 0.67 0.67 0.67 0.67 0.67 0.67 0.67 0.67 0.67 0.67
  per-rule acc: 0.35 0.99
Epoch 1820 | Train: Loss=0.0061 Acc=100.0% | Test: Acc=67.1% | Best=67.1%(@1820)
  from x3: 0.67 0.67 0.67 0.67 0.67 0.67 0.67 0.67 0.67 0.67 0.67 0.67 0.67
  per-rule acc: 0.35 0.99
Epoch 1840 | Train: Loss=0.0054 Acc=100.0% | Test: Acc=67.5% | Best=67.5%(@1840)
  from x3: 0.66 0.67 0.67 0.68 0.67 0.68 0.68 0.68 0.68 0.68 0.68 0.68 0.68
  per-rule acc: 0.36 0.99
Epoch 1860 | Train: Loss=0.0080 Acc=100.0% | Test: Acc=67.3% | Best=67.5%(@1840)
  from x3: 0.67 0.67 0.67 0.67 0.67 0.67 0.67 0.67 0.67 0.67 0.67 0.67 0.68
  per-rule acc: 0.35 0.99
Epoch 1880 | Train: Loss=0.0068 Acc=100.0% | Test: Acc=67.6% | Best=67.6%(@1880)
  from x3: 0.67 0.68 0.68 0.67 0.68 0.68 0.68 0.68 0.68 0.68 0.68 0.68 0.68
  per-rule acc: 0.36 0.99
Epoch 1900 | Train: Loss=0.0101 Acc=99.9% | Test: Acc=66.6% | Best=67.6%(@1880)
  from x3: 0.66 0.67 0.67 0.66 0.67 0.67 0.67 0.67 0.67 0.67 0.67 0.67 0.67
  per-rule acc: 0.34 0.99
Epoch 1920 | Train: Loss=0.0161 Acc=99.9% | Test: Acc=65.7% | Best=67.6%(@1880)
  from x3: 0.65 0.66 0.66 0.66 0.66 0.66 0.66 0.66 0.66 0.66 0.66 0.66 0.66
  per-rule acc: 0.32 0.99
Epoch 1940 | Train: Loss=0.0082 Acc=99.9% | Test: Acc=67.1% | Best=67.6%(@1880)
  from x3: 0.67 0.67 0.67 0.67 0.67 0.67 0.67 0.67 0.67 0.67 0.67 0.67 0.67
  per-rule acc: 0.35 0.99
Epoch 1960 | Train: Loss=0.0054 Acc=100.0% | Test: Acc=68.1% | Best=68.1%(@1960)
  from x3: 0.68 0.68 0.68 0.68 0.68 0.68 0.68 0.68 0.68 0.68 0.68 0.68 0.68
  per-rule acc: 0.37 0.99
Epoch 1980 | Train: Loss=0.0060 Acc=100.0% | Test: Acc=68.5% | Best=68.5%(@1980)
  from x3: 0.68 0.68 0.68 0.68 0.68 0.68 0.69 0.69 0.69 0.69 0.69 0.68 0.69
  per-rule acc: 0.38 0.99
Epoch 2000 | Train: Loss=0.0119 Acc=99.9% | Test: Acc=64.3% | Best=68.5%(@1980)
  from x3: 0.64 0.64 0.64 0.64 0.64 0.64 0.64 0.64 0.64 0.64 0.64 0.64 0.65
  per-rule acc: 0.30 0.99
Epoch 2020 | Train: Loss=0.0117 Acc=99.9% | Test: Acc=65.6% | Best=68.5%(@1980)
  from x3: 0.65 0.66 0.65 0.66 0.66 0.66 0.66 0.66 0.66 0.66 0.66 0.66 0.66
  per-rule acc: 0.32 0.99
Epoch 2040 | Train: Loss=0.0091 Acc=99.9% | Test: Acc=67.1% | Best=68.5%(@1980)
  from x3: 0.66 0.67 0.67 0.67 0.67 0.67 0.67 0.67 0.67 0.67 0.67 0.67 0.67
  per-rule acc: 0.35 0.99
Epoch 2060 | Train: Loss=0.0081 Acc=99.9% | Test: Acc=67.4% | Best=68.5%(@1980)
  from x3: 0.66 0.67 0.67 0.67 0.67 0.67 0.68 0.68 0.68 0.68 0.68 0.68 0.68
  per-rule acc: 0.36 0.99
Epoch 2080 | Train: Loss=0.0106 Acc=99.9% | Test: Acc=65.1% | Best=68.5%(@1980)
  from x3: 0.64 0.65 0.65 0.65 0.65 0.65 0.65 0.65 0.65 0.65 0.65 0.65 0.65
  per-rule acc: 0.31 0.99
Epoch 2100 | Train: Loss=0.0063 Acc=100.0% | Test: Acc=68.1% | Best=68.5%(@1980)
  from x3: 0.68 0.68 0.68 0.68 0.68 0.68 0.68 0.68 0.68 0.68 0.68 0.68 0.68
  per-rule acc: 0.37 0.99
Epoch 2120 | Train: Loss=0.0123 Acc=100.0% | Test: Acc=68.6% | Best=68.6%(@2120)
  from x3: 0.68 0.69 0.69 0.68 0.69 0.69 0.69 0.69 0.69 0.69 0.69 0.69 0.69
  per-rule acc: 0.38 1.00
Epoch 2140 | Train: Loss=0.0063 Acc=100.0% | Test: Acc=68.7% | Best=68.7%(@2140)
  from x3: 0.68 0.69 0.69 0.69 0.69 0.69 0.69 0.69 0.69 0.69 0.69 0.69 0.69
  per-rule acc: 0.38 0.99
Epoch 2160 | Train: Loss=0.0053 Acc=100.0% | Test: Acc=69.7% | Best=69.7%(@2160)
  from x3: 0.69 0.70 0.70 0.70 0.70 0.70 0.70 0.70 0.70 0.70 0.70 0.70 0.70
  per-rule acc: 0.40 0.99
Epoch 2180 | Train: Loss=0.0056 Acc=100.0% | Test: Acc=70.2% | Best=70.2%(@2180)
  from x3: 0.70 0.70 0.70 0.70 0.70 0.70 0.70 0.70 0.70 0.70 0.70 0.70 0.70
  per-rule acc: 0.41 0.99
Epoch 2200 | Train: Loss=0.0079 Acc=99.9% | Test: Acc=67.9% | Best=70.2%(@2180)
  from x3: 0.68 0.68 0.68 0.68 0.68 0.68 0.68 0.68 0.68 0.68 0.68 0.68 0.68
  per-rule acc: 0.37 0.99
Epoch 2220 | Train: Loss=0.0087 Acc=99.9% | Test: Acc=68.9% | Best=70.2%(@2180)
  from x3: 0.68 0.69 0.69 0.69 0.69 0.69 0.69 0.69 0.69 0.69 0.69 0.69 0.69
  per-rule acc: 0.38 0.99
Epoch 2240 | Train: Loss=0.0073 Acc=99.9% | Test: Acc=68.4% | Best=70.2%(@2180)
  from x3: 0.68 0.68 0.68 0.68 0.69 0.68 0.68 0.68 0.69 0.68 0.68 0.68 0.68
  per-rule acc: 0.37 0.99
Epoch 2260 | Train: Loss=0.0058 Acc=100.0% | Test: Acc=69.8% | Best=70.2%(@2180)
  from x3: 0.70 0.70 0.70 0.70 0.70 0.70 0.70 0.70 0.70 0.70 0.70 0.70 0.70
  per-rule acc: 0.40 1.00
Epoch 2280 | Train: Loss=0.0099 Acc=99.9% | Test: Acc=66.9% | Best=70.2%(@2180)
  from x3: 0.66 0.67 0.67 0.67 0.67 0.67 0.67 0.67 0.67 0.67 0.67 0.67 0.67
  per-rule acc: 0.35 0.99
Epoch 2300 | Train: Loss=0.0125 Acc=99.9% | Test: Acc=66.6% | Best=70.2%(@2180)
  from x3: 0.66 0.67 0.67 0.67 0.67 0.67 0.66 0.67 0.67 0.67 0.67 0.67 0.67
  per-rule acc: 0.34 0.99
Epoch 2320 | Train: Loss=0.0073 Acc=99.9% | Test: Acc=68.8% | Best=70.2%(@2180)
  from x3: 0.69 0.69 0.69 0.69 0.69 0.69 0.69 0.69 0.69 0.69 0.69 0.69 0.69
  per-rule acc: 0.38 0.99
Epoch 2340 | Train: Loss=0.0194 Acc=99.8% | Test: Acc=63.9% | Best=70.2%(@2180)
  from x3: 0.63 0.64 0.64 0.64 0.64 0.64 0.64 0.64 0.64 0.64 0.64 0.64 0.64
  per-rule acc: 0.29 0.99
Epoch 2360 | Train: Loss=0.0070 Acc=100.0% | Test: Acc=69.5% | Best=70.2%(@2180)
  from x3: 0.69 0.70 0.69 0.70 0.70 0.69 0.69 0.70 0.70 0.70 0.70 0.70 0.70
  per-rule acc: 0.40 0.99
Epoch 2380 | Train: Loss=0.0121 Acc=99.9% | Test: Acc=64.4% | Best=70.2%(@2180)
  from x3: 0.64 0.64 0.64 0.64 0.64 0.64 0.64 0.64 0.64 0.64 0.65 0.64 0.65
  per-rule acc: 0.30 0.99
Epoch 2400 | Train: Loss=0.0055 Acc=100.0% | Test: Acc=69.3% | Best=70.2%(@2180)
  from x3: 0.69 0.69 0.69 0.69 0.69 0.69 0.69 0.69 0.69 0.69 0.69 0.69 0.70
  per-rule acc: 0.39 0.99
Epoch 2420 | Train: Loss=0.0061 Acc=100.0% | Test: Acc=69.8% | Best=70.2%(@2180)
  from x3: 0.69 0.70 0.70 0.70 0.70 0.70 0.70 0.70 0.70 0.70 0.70 0.70 0.70
  per-rule acc: 0.40 1.00
Epoch 2440 | Train: Loss=0.0071 Acc=99.9% | Test: Acc=68.9% | Best=70.2%(@2180)
  from x3: 0.69 0.69 0.69 0.69 0.69 0.69 0.69 0.69 0.69 0.69 0.69 0.69 0.69
  per-rule acc: 0.38 0.99
Epoch 2460 | Train: Loss=0.0082 Acc=100.0% | Test: Acc=68.5% | Best=70.2%(@2180)
  from x3: 0.68 0.69 0.68 0.68 0.68 0.68 0.68 0.69 0.69 0.69 0.69 0.69 0.69
  per-rule acc: 0.38 0.99
Epoch 2480 | Train: Loss=0.0122 Acc=99.9% | Test: Acc=67.0% | Best=70.2%(@2180)
  from x3: 0.67 0.67 0.67 0.67 0.67 0.67 0.67 0.67 0.67 0.67 0.67 0.67 0.67
  per-rule acc: 0.35 0.99
Epoch 2500 | Train: Loss=0.0070 Acc=100.0% | Test: Acc=68.2% | Best=70.2%(@2180)
  from x3: 0.68 0.68 0.68 0.68 0.68 0.68 0.68 0.68 0.68 0.68 0.68 0.68 0.68
  per-rule acc: 0.37 0.99
Epoch 2520 | Train: Loss=0.0055 Acc=100.0% | Test: Acc=69.9% | Best=70.2%(@2180)
  from x3: 0.70 0.70 0.70 0.70 0.70 0.70 0.70 0.70 0.70 0.70 0.70 0.70 0.70
  per-rule acc: 0.41 0.99
Epoch 2540 | Train: Loss=0.0053 Acc=100.0% | Test: Acc=69.6% | Best=70.2%(@2180)
  from x3: 0.70 0.70 0.70 0.70 0.70 0.70 0.70 0.70 0.70 0.70 0.70 0.70 0.70
  per-rule acc: 0.40 0.99
Epoch 2560 | Train: Loss=0.0078 Acc=99.9% | Test: Acc=67.8% | Best=70.2%(@2180)
  from x3: 0.68 0.68 0.68 0.68 0.68 0.68 0.68 0.68 0.68 0.68 0.68 0.68 0.68
  per-rule acc: 0.36 0.99
Epoch 2580 | Train: Loss=0.0063 Acc=99.9% | Test: Acc=68.6% | Best=70.2%(@2180)
  from x3: 0.68 0.69 0.69 0.68 0.69 0.69 0.69 0.69 0.69 0.69 0.69 0.69 0.69
  per-rule acc: 0.38 0.99
Epoch 2600 | Train: Loss=0.0049 Acc=100.0% | Test: Acc=70.3% | Best=70.3%(@2600)
  from x3: 0.70 0.70 0.70 0.70 0.70 0.70 0.70 0.70 0.71 0.70 0.70 0.70 0.70
  per-rule acc: 0.41 1.00
Epoch 2620 | Train: Loss=0.0068 Acc=100.0% | Test: Acc=69.6% | Best=70.3%(@2600)
  from x3: 0.69 0.70 0.69 0.69 0.69 0.70 0.69 0.70 0.70 0.70 0.70 0.70 0.70
  per-rule acc: 0.40 1.00
Epoch 2640 | Train: Loss=0.0091 Acc=99.9% | Test: Acc=68.4% | Best=70.3%(@2600)
  from x3: 0.68 0.68 0.68 0.68 0.68 0.68 0.68 0.68 0.68 0.68 0.69 0.69 0.69
  per-rule acc: 0.38 0.99
Epoch 2660 | Train: Loss=0.0077 Acc=99.9% | Test: Acc=68.3% | Best=70.3%(@2600)
  from x3: 0.68 0.68 0.68 0.68 0.68 0.68 0.68 0.68 0.68 0.68 0.68 0.68 0.69
  per-rule acc: 0.37 0.99
Epoch 2680 | Train: Loss=0.0048 Acc=100.0% | Test: Acc=69.8% | Best=70.3%(@2600)
  from x3: 0.70 0.70 0.70 0.70 0.70 0.70 0.70 0.70 0.70 0.70 0.70 0.70 0.70
  per-rule acc: 0.40 1.00
Epoch 2700 | Train: Loss=0.0090 Acc=99.9% | Test: Acc=68.7% | Best=70.3%(@2600)
  from x3: 0.68 0.69 0.69 0.69 0.69 0.69 0.69 0.69 0.69 0.69 0.69 0.69 0.69
  per-rule acc: 0.38 1.00
Epoch 2720 | Train: Loss=0.0074 Acc=100.0% | Test: Acc=69.4% | Best=70.3%(@2600)
  from x3: 0.69 0.69 0.69 0.69 0.69 0.69 0.69 0.69 0.69 0.70 0.70 0.70 0.70
  per-rule acc: 0.39 0.99
Epoch 2740 | Train: Loss=0.0065 Acc=100.0% | Test: Acc=70.2% | Best=70.3%(@2600)
  from x3: 0.70 0.70 0.70 0.70 0.70 0.70 0.70 0.70 0.70 0.70 0.70 0.70 0.70
  per-rule acc: 0.41 0.99
Epoch 2760 | Train: Loss=0.0091 Acc=99.9% | Test: Acc=68.1% | Best=70.3%(@2600)
  from x3: 0.68 0.68 0.68 0.68 0.68 0.68 0.68 0.68 0.68 0.68 0.68 0.68 0.68
  per-rule acc: 0.37 0.99
Epoch 2780 | Train: Loss=0.0077 Acc=100.0% | Test: Acc=69.8% | Best=70.3%(@2600)
  from x3: 0.69 0.70 0.70 0.70 0.70 0.70 0.70 0.70 0.70 0.70 0.70 0.70 0.70
  per-rule acc: 0.40 0.99
Epoch 2800 | Train: Loss=0.0057 Acc=100.0% | Test: Acc=69.6% | Best=70.3%(@2600)
  from x3: 0.69 0.70 0.70 0.70 0.70 0.70 0.70 0.70 0.70 0.70 0.70 0.70 0.70
  per-rule acc: 0.40 0.99
Epoch 2820 | Train: Loss=0.0072 Acc=99.9% | Test: Acc=68.6% | Best=70.3%(@2600)
  from x3: 0.68 0.69 0.69 0.69 0.69 0.69 0.69 0.69 0.69 0.69 0.69 0.69 0.69
  per-rule acc: 0.38 0.99
Epoch 2840 | Train: Loss=0.0097 Acc=100.0% | Test: Acc=69.5% | Best=70.3%(@2600)
  from x3: 0.69 0.70 0.69 0.69 0.69 0.69 0.70 0.70 0.70 0.70 0.70 0.70 0.70
  per-rule acc: 0.40 0.99
Epoch 2860 | Train: Loss=0.0045 Acc=100.0% | Test: Acc=70.7% | Best=70.7%(@2860)
  from x3: 0.70 0.71 0.70 0.71 0.71 0.71 0.71 0.71 0.71 0.71 0.71 0.71 0.71
  per-rule acc: 0.42 0.99
Epoch 2880 | Train: Loss=0.0070 Acc=99.9% | Test: Acc=69.9% | Best=70.7%(@2860)
  from x3: 0.70 0.70 0.70 0.70 0.70 0.70 0.70 0.70 0.70 0.70 0.70 0.70 0.70
  per-rule acc: 0.40 0.99
Epoch 2900 | Train: Loss=0.0054 Acc=100.0% | Test: Acc=70.1% | Best=70.7%(@2860)
  from x3: 0.70 0.70 0.70 0.70 0.70 0.70 0.70 0.70 0.70 0.70 0.70 0.70 0.70
  per-rule acc: 0.41 0.99
Epoch 2920 | Train: Loss=0.0100 Acc=99.9% | Test: Acc=66.9% | Best=70.7%(@2860)
  from x3: 0.67 0.67 0.67 0.67 0.67 0.67 0.67 0.67 0.67 0.67 0.67 0.67 0.67
  per-rule acc: 0.35 0.99
Epoch 2940 | Train: Loss=0.0090 Acc=99.9% | Test: Acc=67.8% | Best=70.7%(@2860)
  from x3: 0.67 0.68 0.68 0.68 0.68 0.68 0.68 0.68 0.68 0.68 0.68 0.68 0.68
  per-rule acc: 0.36 0.99
Epoch 2960 | Train: Loss=0.0052 Acc=100.0% | Test: Acc=69.9% | Best=70.7%(@2860)
  from x3: 0.70 0.70 0.70 0.70 0.70 0.70 0.70 0.70 0.70 0.70 0.70 0.70 0.70
  per-rule acc: 0.40 0.99
Epoch 2980 | Train: Loss=0.0833 Acc=100.0% | Test: Acc=68.1% | Best=70.7%(@2860)
  from x3: 0.68 0.68 0.68 0.68 0.68 0.68 0.68 0.68 0.68 0.68 0.68 0.68 0.68
  per-rule acc: 0.38 0.99
Epoch 3000 | Train: Loss=0.0048 Acc=100.0% | Test: Acc=71.5% | Best=71.5%(@3000)
  from x3: 0.71 0.72 0.71 0.71 0.71 0.71 0.71 0.71 0.71 0.72 0.72 0.72 0.72
  per-rule acc: 0.43 1.00
Epoch 3020 | Train: Loss=0.0053 Acc=100.0% | Test: Acc=71.1% | Best=71.5%(@3000)
  from x3: 0.71 0.71 0.71 0.71 0.71 0.71 0.71 0.71 0.71 0.71 0.71 0.71 0.71
  per-rule acc: 0.43 0.99
Epoch 3040 | Train: Loss=0.0101 Acc=99.9% | Test: Acc=68.1% | Best=71.5%(@3000)
  from x3: 0.68 0.68 0.68 0.68 0.68 0.68 0.68 0.68 0.68 0.68 0.68 0.68 0.68
  per-rule acc: 0.37 0.99
Epoch 3060 | Train: Loss=0.0089 Acc=99.9% | Test: Acc=69.2% | Best=71.5%(@3000)
  from x3: 0.69 0.69 0.69 0.69 0.69 0.69 0.69 0.69 0.69 0.69 0.69 0.69 0.69
  per-rule acc: 0.39 0.99
Epoch 3080 | Train: Loss=0.0046 Acc=100.0% | Test: Acc=71.0% | Best=71.5%(@3000)
  from x3: 0.71 0.71 0.71 0.71 0.71 0.71 0.71 0.71 0.71 0.71 0.71 0.71 0.71
  per-rule acc: 0.43 0.99
Epoch 3100 | Train: Loss=0.0076 Acc=99.9% | Test: Acc=68.9% | Best=71.5%(@3000)
  from x3: 0.69 0.69 0.69 0.69 0.69 0.69 0.69 0.69 0.69 0.69 0.69 0.69 0.69
  per-rule acc: 0.39 0.99
Epoch 3120 | Train: Loss=0.0124 Acc=99.9% | Test: Acc=68.7% | Best=71.5%(@3000)
  from x3: 0.68 0.69 0.68 0.69 0.69 0.69 0.69 0.69 0.69 0.69 0.69 0.69 0.69
  per-rule acc: 0.38 0.99
Epoch 3140 | Train: Loss=0.0045 Acc=100.0% | Test: Acc=71.7% | Best=71.7%(@3140)
  from x3: 0.71 0.72 0.71 0.72 0.72 0.72 0.72 0.72 0.72 0.72 0.72 0.72 0.72
  per-rule acc: 0.44 0.99
Epoch 3160 | Train: Loss=0.0110 Acc=99.9% | Test: Acc=69.3% | Best=71.7%(@3140)
  from x3: 0.69 0.69 0.69 0.69 0.69 0.69 0.69 0.69 0.69 0.69 0.69 0.69 0.69
  per-rule acc: 0.39 0.99
Epoch 3180 | Train: Loss=0.0056 Acc=100.0% | Test: Acc=71.3% | Best=71.7%(@3140)
  from x3: 0.71 0.71 0.71 0.71 0.71 0.71 0.71 0.71 0.71 0.71 0.72 0.71 0.72
  per-rule acc: 0.43 0.99
Epoch 3200 | Train: Loss=0.0054 Acc=100.0% | Test: Acc=71.7% | Best=71.7%(@3140)
  from x3: 0.71 0.71 0.71 0.71 0.71 0.72 0.72 0.72 0.72 0.72 0.72 0.72 0.72
  per-rule acc: 0.44 1.00
Epoch 3220 | Train: Loss=0.0061 Acc=100.0% | Test: Acc=71.1% | Best=71.7%(@3140)
  from x3: 0.71 0.71 0.71 0.71 0.71 0.71 0.71 0.71 0.71 0.71 0.71 0.71 0.71
  per-rule acc: 0.43 0.99
Epoch 3240 | Train: Loss=0.0049 Acc=100.0% | Test: Acc=71.7% | Best=71.7%(@3240)
  from x3: 0.71 0.72 0.72 0.72 0.72 0.72 0.72 0.72 0.72 0.72 0.72 0.72 0.72
  per-rule acc: 0.44 0.99
Epoch 3260 | Train: Loss=0.0118 Acc=99.9% | Test: Acc=70.1% | Best=71.7%(@3240)
  from x3: 0.69 0.70 0.70 0.70 0.70 0.70 0.70 0.70 0.70 0.70 0.70 0.71 0.70
  per-rule acc: 0.41 1.00
Epoch 3280 | Train: Loss=0.0107 Acc=99.9% | Test: Acc=69.0% | Best=71.7%(@3240)
  from x3: 0.69 0.69 0.69 0.69 0.69 0.69 0.69 0.69 0.69 0.69 0.69 0.69 0.69
  per-rule acc: 0.39 0.99
Epoch 3300 | Train: Loss=0.0048 Acc=100.0% | Test: Acc=72.1% | Best=72.1%(@3300)
  from x3: 0.72 0.72 0.72 0.72 0.72 0.72 0.72 0.72 0.72 0.72 0.72 0.72 0.72
  per-rule acc: 0.45 0.99
Epoch 3320 | Train: Loss=0.0099 Acc=100.0% | Test: Acc=71.1% | Best=72.1%(@3300)
  from x3: 0.71 0.71 0.71 0.71 0.71 0.71 0.71 0.71 0.71 0.71 0.71 0.71 0.71
  per-rule acc: 0.43 0.99
Epoch 3340 | Train: Loss=0.0080 Acc=99.9% | Test: Acc=71.1% | Best=72.1%(@3300)
  from x3: 0.71 0.71 0.71 0.71 0.71 0.71 0.71 0.71 0.71 0.71 0.71 0.71 0.72
  per-rule acc: 0.43 0.99
Epoch 3360 | Train: Loss=0.0068 Acc=100.0% | Test: Acc=72.1% | Best=72.1%(@3300)
  from x3: 0.72 0.72 0.72 0.72 0.72 0.72 0.72 0.72 0.72 0.72 0.72 0.72 0.72
  per-rule acc: 0.45 0.99
Epoch 3380 | Train: Loss=0.0073 Acc=100.0% | Test: Acc=69.3% | Best=72.1%(@3300)
  from x3: 0.69 0.69 0.69 0.69 0.69 0.69 0.69 0.69 0.69 0.69 0.69 0.69 0.70
  per-rule acc: 0.39 0.99
Epoch 3400 | Train: Loss=0.0047 Acc=100.0% | Test: Acc=73.2% | Best=73.2%(@3400)
  from x3: 0.73 0.73 0.73 0.73 0.73 0.73 0.73 0.73 0.73 0.73 0.73 0.73 0.73
  per-rule acc: 0.47 0.99
Epoch 3420 | Train: Loss=0.0046 Acc=100.0% | Test: Acc=73.1% | Best=73.2%(@3400)
  from x3: 0.73 0.73 0.73 0.73 0.73 0.73 0.73 0.73 0.73 0.73 0.73 0.73 0.73
  per-rule acc: 0.47 0.99
Epoch 3440 | Train: Loss=0.0178 Acc=99.9% | Test: Acc=69.1% | Best=73.2%(@3400)
  from x3: 0.69 0.69 0.69 0.69 0.69 0.69 0.69 0.69 0.69 0.69 0.69 0.69 0.69
  per-rule acc: 0.40 0.99
Epoch 3460 | Train: Loss=0.0054 Acc=100.0% | Test: Acc=74.0% | Best=74.0%(@3460)
  from x3: 0.74 0.74 0.74 0.74 0.74 0.74 0.74 0.74 0.74 0.74 0.74 0.74 0.74
  per-rule acc: 0.49 0.99
Epoch 3480 | Train: Loss=0.0064 Acc=100.0% | Test: Acc=73.0% | Best=74.0%(@3460)
  from x3: 0.73 0.73 0.73 0.73 0.73 0.73 0.73 0.73 0.73 0.73 0.73 0.73 0.73
  per-rule acc: 0.46 1.00
Epoch 3500 | Train: Loss=0.0063 Acc=99.9% | Test: Acc=72.3% | Best=74.0%(@3460)
  from x3: 0.72 0.72 0.72 0.72 0.72 0.72 0.72 0.72 0.72 0.72 0.72 0.72 0.72
  per-rule acc: 0.45 1.00
Epoch 3520 | Train: Loss=0.0056 Acc=100.0% | Test: Acc=73.1% | Best=74.0%(@3460)
  from x3: 0.73 0.73 0.73 0.73 0.73 0.73 0.73 0.73 0.73 0.73 0.73 0.73 0.73
  per-rule acc: 0.47 1.00
Epoch 3540 | Train: Loss=0.0082 Acc=99.9% | Test: Acc=72.7% | Best=74.0%(@3460)
  from x3: 0.73 0.73 0.72 0.73 0.73 0.73 0.73 0.73 0.73 0.73 0.73 0.73 0.73
  per-rule acc: 0.46 1.00
Epoch 3560 | Train: Loss=0.0059 Acc=100.0% | Test: Acc=73.6% | Best=74.0%(@3460)
  from x3: 0.74 0.74 0.74 0.73 0.74 0.74 0.74 0.74 0.74 0.74 0.74 0.74 0.74
  per-rule acc: 0.48 1.00
Epoch 3580 | Train: Loss=0.0053 Acc=100.0% | Test: Acc=73.8% | Best=74.0%(@3460)
  from x3: 0.73 0.74 0.74 0.74 0.74 0.74 0.74 0.74 0.74 0.74 0.74 0.74 0.74
  per-rule acc: 0.48 1.00
Epoch 3600 | Train: Loss=0.0040 Acc=100.0% | Test: Acc=75.1% | Best=75.1%(@3600)
  from x3: 0.75 0.75 0.75 0.75 0.75 0.75 0.75 0.75 0.75 0.75 0.75 0.75 0.75
  per-rule acc: 0.50 1.00
Epoch 3620 | Train: Loss=0.0046 Acc=100.0% | Test: Acc=74.0% | Best=75.1%(@3600)
  from x3: 0.74 0.74 0.74 0.74 0.74 0.74 0.74 0.74 0.74 0.74 0.74 0.74 0.74
  per-rule acc: 0.49 1.00
Epoch 3640 | Train: Loss=0.0049 Acc=100.0% | Test: Acc=73.8% | Best=75.1%(@3600)
  from x3: 0.74 0.74 0.74 0.74 0.74 0.74 0.74 0.74 0.74 0.74 0.74 0.74 0.74
  per-rule acc: 0.48 0.99
Epoch 3660 | Train: Loss=0.0066 Acc=100.0% | Test: Acc=73.6% | Best=75.1%(@3600)
  from x3: 0.73 0.74 0.74 0.74 0.74 0.74 0.74 0.74 0.74 0.73 0.73 0.73 0.73
  per-rule acc: 0.48 0.99
Epoch 3680 | Train: Loss=0.0048 Acc=100.0% | Test: Acc=74.2% | Best=75.1%(@3600)
  from x3: 0.74 0.74 0.74 0.74 0.74 0.74 0.74 0.74 0.74 0.74 0.74 0.74 0.74
  per-rule acc: 0.49 1.00
Epoch 3700 | Train: Loss=0.0039 Acc=100.0% | Test: Acc=74.9% | Best=75.1%(@3600)
  from x3: 0.75 0.75 0.75 0.75 0.75 0.75 0.75 0.75 0.75 0.75 0.75 0.75 0.75
  per-rule acc: 0.50 1.00
Epoch 3720 | Train: Loss=0.0067 Acc=100.0% | Test: Acc=72.9% | Best=75.1%(@3600)
  from x3: 0.73 0.73 0.72 0.73 0.73 0.73 0.73 0.73 0.73 0.73 0.73 0.73 0.73
  per-rule acc: 0.46 0.99
Epoch 3740 | Train: Loss=0.0066 Acc=100.0% | Test: Acc=73.8% | Best=75.1%(@3600)
  from x3: 0.74 0.74 0.74 0.74 0.74 0.74 0.74 0.74 0.74 0.74 0.74 0.74 0.74
  per-rule acc: 0.48 1.00
Epoch 3760 | Train: Loss=0.0069 Acc=99.9% | Test: Acc=72.6% | Best=75.1%(@3600)
  from x3: 0.73 0.72 0.73 0.73 0.73 0.73 0.73 0.73 0.73 0.73 0.73 0.73 0.73
  per-rule acc: 0.46 1.00
Epoch 3780 | Train: Loss=0.0050 Acc=100.0% | Test: Acc=74.0% | Best=75.1%(@3600)
  from x3: 0.74 0.74 0.74 0.74 0.74 0.74 0.74 0.74 0.74 0.74 0.74 0.74 0.74
  per-rule acc: 0.48 1.00
Epoch 3800 | Train: Loss=0.0071 Acc=99.9% | Test: Acc=72.2% | Best=75.1%(@3600)
  from x3: 0.72 0.72 0.72 0.72 0.72 0.72 0.72 0.72 0.72 0.72 0.72 0.72 0.72
  per-rule acc: 0.45 0.99
Epoch 3820 | Train: Loss=0.0096 Acc=99.9% | Test: Acc=70.3% | Best=75.1%(@3600)
  from x3: 0.70 0.70 0.70 0.70 0.70 0.70 0.70 0.70 0.70 0.70 0.71 0.71 0.71
  per-rule acc: 0.41 0.99
Epoch 3840 | Train: Loss=0.0039 Acc=100.0% | Test: Acc=75.4% | Best=75.4%(@3840)
  from x3: 0.75 0.75 0.75 0.75 0.75 0.75 0.76 0.76 0.76 0.76 0.76 0.76 0.76
  per-rule acc: 0.51 1.00
Epoch 3860 | Train: Loss=0.0066 Acc=99.9% | Test: Acc=72.8% | Best=75.4%(@3840)
  from x3: 0.73 0.73 0.73 0.73 0.73 0.73 0.73 0.73 0.73 0.73 0.73 0.73 0.73
  per-rule acc: 0.46 1.00
Epoch 3880 | Train: Loss=0.0053 Acc=100.0% | Test: Acc=74.7% | Best=75.4%(@3840)
  from x3: 0.75 0.75 0.75 0.75 0.75 0.75 0.75 0.75 0.75 0.75 0.75 0.75 0.75
  per-rule acc: 0.50 1.00
Epoch 3900 | Train: Loss=0.0100 Acc=99.9% | Test: Acc=73.1% | Best=75.4%(@3840)
  from x3: 0.73 0.73 0.73 0.73 0.73 0.73 0.73 0.73 0.73 0.73 0.73 0.73 0.73
  per-rule acc: 0.47 1.00
Epoch 3920 | Train: Loss=0.0073 Acc=100.0% | Test: Acc=72.1% | Best=75.4%(@3840)
  from x3: 0.72 0.72 0.72 0.72 0.72 0.72 0.72 0.72 0.72 0.72 0.72 0.72 0.72
  per-rule acc: 0.45 0.99
Epoch 3940 | Train: Loss=0.0114 Acc=99.9% | Test: Acc=73.3% | Best=75.4%(@3840)
  from x3: 0.73 0.73 0.73 0.73 0.73 0.73 0.73 0.73 0.73 0.73 0.73 0.73 0.73
  per-rule acc: 0.47 0.99
Epoch 3960 | Train: Loss=0.0145 Acc=99.8% | Test: Acc=69.9% | Best=75.4%(@3840)
  from x3: 0.70 0.70 0.70 0.70 0.70 0.70 0.70 0.70 0.70 0.70 0.70 0.70 0.70
  per-rule acc: 0.40 0.99
Epoch 3980 | Train: Loss=0.0061 Acc=100.0% | Test: Acc=74.8% | Best=75.4%(@3840)
  from x3: 0.75 0.75 0.75 0.75 0.75 0.75 0.75 0.75 0.75 0.75 0.75 0.75 0.75
  per-rule acc: 0.50 1.00
Epoch 4000 | Train: Loss=0.0046 Acc=100.0% | Test: Acc=75.3% | Best=75.4%(@3840)
  from x3: 0.75 0.76 0.75 0.75 0.75 0.75 0.75 0.75 0.75 0.75 0.75 0.75 0.75
  per-rule acc: 0.51 1.00
Epoch 4020 | Train: Loss=0.0046 Acc=100.0% | Test: Acc=75.1% | Best=75.4%(@3840)
  from x3: 0.75 0.75 0.75 0.75 0.75 0.75 0.75 0.75 0.75 0.75 0.75 0.75 0.75
  per-rule acc: 0.51 1.00
Epoch 4040 | Train: Loss=0.0098 Acc=99.9% | Test: Acc=72.3% | Best=75.4%(@3840)
  from x3: 0.72 0.72 0.72 0.72 0.72 0.72 0.72 0.72 0.72 0.72 0.72 0.72 0.73
  per-rule acc: 0.45 1.00
Epoch 4060 | Train: Loss=0.0080 Acc=99.9% | Test: Acc=73.2% | Best=75.4%(@3840)
  from x3: 0.73 0.73 0.73 0.73 0.73 0.73 0.73 0.73 0.73 0.73 0.73 0.73 0.73
  per-rule acc: 0.47 1.00
Epoch 4080 | Train: Loss=0.0102 Acc=99.9% | Test: Acc=72.9% | Best=75.4%(@3840)
  from x3: 0.72 0.73 0.73 0.73 0.73 0.73 0.73 0.73 0.73 0.73 0.73 0.73 0.73
  per-rule acc: 0.46 1.00
Epoch 4100 | Train: Loss=0.0076 Acc=99.9% | Test: Acc=73.0% | Best=75.4%(@3840)
  from x3: 0.73 0.73 0.73 0.73 0.73 0.73 0.73 0.73 0.73 0.73 0.73 0.73 0.73
  per-rule acc: 0.47 0.99
Epoch 4120 | Train: Loss=0.0073 Acc=100.0% | Test: Acc=73.5% | Best=75.4%(@3840)
  from x3: 0.73 0.73 0.73 0.74 0.73 0.74 0.73 0.74 0.74 0.74 0.74 0.74 0.74
  per-rule acc: 0.47 1.00
Epoch 4140 | Train: Loss=0.0045 Acc=100.0% | Test: Acc=77.4% | Best=77.4%(@4140)
  from x3: 0.77 0.77 0.77 0.77 0.77 0.77 0.77 0.77 0.77 0.78 0.78 0.78 0.78
  per-rule acc: 0.55 1.00
Epoch 4160 | Train: Loss=0.0045 Acc=100.0% | Test: Acc=76.5% | Best=77.4%(@4140)
  from x3: 0.76 0.77 0.77 0.76 0.77 0.76 0.77 0.77 0.77 0.77 0.77 0.77 0.77
  per-rule acc: 0.53 1.00
Epoch 4180 | Train: Loss=0.0038 Acc=100.0% | Test: Acc=77.4% | Best=77.4%(@4140)
  from x3: 0.77 0.77 0.77 0.77 0.77 0.77 0.77 0.77 0.77 0.78 0.78 0.78 0.78
  per-rule acc: 0.55 1.00
Epoch 4200 | Train: Loss=0.0059 Acc=100.0% | Test: Acc=76.9% | Best=77.4%(@4140)
  from x3: 0.77 0.77 0.77 0.77 0.77 0.77 0.77 0.77 0.77 0.77 0.77 0.77 0.77
  per-rule acc: 0.54 1.00
Epoch 4220 | Train: Loss=0.0047 Acc=100.0% | Test: Acc=76.8% | Best=77.4%(@4140)
  from x3: 0.77 0.77 0.77 0.77 0.77 0.77 0.77 0.77 0.77 0.77 0.77 0.77 0.77
  per-rule acc: 0.54 1.00
Epoch 4240 | Train: Loss=0.0043 Acc=100.0% | Test: Acc=76.9% | Best=77.4%(@4140)
  from x3: 0.76 0.77 0.77 0.77 0.77 0.77 0.77 0.77 0.77 0.77 0.77 0.77 0.77
  per-rule acc: 0.54 1.00
Epoch 4260 | Train: Loss=0.0062 Acc=100.0% | Test: Acc=73.3% | Best=77.4%(@4140)
  from x3: 0.73 0.74 0.73 0.73 0.73 0.73 0.73 0.73 0.73 0.73 0.73 0.74 0.73
  per-rule acc: 0.47 1.00
Epoch 4280 | Train: Loss=0.0041 Acc=100.0% | Test: Acc=77.2% | Best=77.4%(@4140)
  from x3: 0.77 0.77 0.77 0.77 0.77 0.77 0.77 0.77 0.77 0.77 0.77 0.77 0.77
  per-rule acc: 0.55 1.00
Epoch 4300 | Train: Loss=0.0047 Acc=100.0% | Test: Acc=77.0% | Best=77.4%(@4140)
  from x3: 0.77 0.77 0.77 0.77 0.77 0.77 0.77 0.77 0.77 0.77 0.77 0.77 0.77
  per-rule acc: 0.54 1.00
Epoch 4320 | Train: Loss=0.0043 Acc=100.0% | Test: Acc=77.1% | Best=77.4%(@4140)
  from x3: 0.77 0.77 0.77 0.77 0.77 0.77 0.77 0.77 0.77 0.77 0.77 0.78 0.78
  per-rule acc: 0.54 1.00
Epoch 4340 | Train: Loss=0.0053 Acc=100.0% | Test: Acc=76.8% | Best=77.4%(@4140)
  from x3: 0.76 0.77 0.77 0.77 0.77 0.77 0.77 0.77 0.77 0.77 0.77 0.77 0.77
  per-rule acc: 0.54 1.00
Epoch 4360 | Train: Loss=0.0059 Acc=100.0% | Test: Acc=76.8% | Best=77.4%(@4140)
  from x3: 0.76 0.77 0.76 0.77 0.77 0.77 0.77 0.77 0.77 0.77 0.77 0.77 0.77
  per-rule acc: 0.54 1.00
Epoch 4380 | Train: Loss=0.0061 Acc=100.0% | Test: Acc=77.4% | Best=77.4%(@4380)
  from x3: 0.77 0.77 0.77 0.77 0.77 0.77 0.77 0.77 0.78 0.78 0.78 0.78 0.78
  per-rule acc: 0.55 1.00
Epoch 4400 | Train: Loss=0.0039 Acc=100.0% | Test: Acc=78.3% | Best=78.3%(@4400)
  from x3: 0.78 0.78 0.78 0.78 0.78 0.78 0.78 0.79 0.79 0.79 0.79 0.78 0.79
  per-rule acc: 0.57 1.00
Epoch 4420 | Train: Loss=0.0043 Acc=100.0% | Test: Acc=77.8% | Best=78.3%(@4400)
  from x3: 0.77 0.78 0.78 0.78 0.78 0.78 0.78 0.78 0.78 0.78 0.78 0.78 0.78
  per-rule acc: 0.56 1.00
Epoch 4440 | Train: Loss=0.0034 Acc=100.0% | Test: Acc=79.2% | Best=79.2%(@4440)
  from x3: 0.79 0.79 0.79 0.79 0.79 0.79 0.79 0.79 0.79 0.79 0.79 0.79 0.79
  per-rule acc: 0.58 1.00
Epoch 4460 | Train: Loss=0.0045 Acc=100.0% | Test: Acc=78.1% | Best=79.2%(@4440)
  from x3: 0.78 0.78 0.78 0.78 0.78 0.78 0.78 0.78 0.78 0.78 0.78 0.78 0.78
  per-rule acc: 0.56 1.00
Epoch 4480 | Train: Loss=0.0040 Acc=100.0% | Test: Acc=78.6% | Best=79.2%(@4440)
  from x3: 0.78 0.79 0.78 0.79 0.78 0.79 0.79 0.79 0.79 0.79 0.79 0.79 0.79
  per-rule acc: 0.57 1.00
Epoch 4500 | Train: Loss=0.0046 Acc=100.0% | Test: Acc=77.3% | Best=79.2%(@4440)
  from x3: 0.77 0.77 0.77 0.77 0.77 0.77 0.77 0.77 0.77 0.77 0.78 0.77 0.78
  per-rule acc: 0.55 1.00
Epoch 4520 | Train: Loss=0.0044 Acc=100.0% | Test: Acc=78.1% | Best=79.2%(@4440)
  from x3: 0.78 0.78 0.78 0.78 0.78 0.78 0.78 0.78 0.78 0.78 0.78 0.78 0.78
  per-rule acc: 0.56 1.00
Epoch 4540 | Train: Loss=0.0041 Acc=100.0% | Test: Acc=78.2% | Best=79.2%(@4440)
  from x3: 0.78 0.78 0.78 0.78 0.78 0.78 0.78 0.78 0.78 0.78 0.78 0.78 0.78
  per-rule acc: 0.57 1.00
Epoch 4560 | Train: Loss=0.0100 Acc=99.9% | Test: Acc=75.0% | Best=79.2%(@4440)
  from x3: 0.75 0.75 0.75 0.75 0.75 0.75 0.75 0.75 0.75 0.75 0.75 0.75 0.75
  per-rule acc: 0.51 0.99
Epoch 4580 | Train: Loss=0.0052 Acc=100.0% | Test: Acc=77.6% | Best=79.2%(@4440)
  from x3: 0.77 0.78 0.77 0.78 0.78 0.78 0.78 0.78 0.78 0.78 0.78 0.78 0.78
  per-rule acc: 0.55 1.00
Epoch 4600 | Train: Loss=0.0033 Acc=100.0% | Test: Acc=78.6% | Best=79.2%(@4440)
  from x3: 0.78 0.78 0.78 0.79 0.78 0.79 0.78 0.78 0.79 0.79 0.79 0.79 0.79
  per-rule acc: 0.57 1.00
Epoch 4620 | Train: Loss=0.0043 Acc=100.0% | Test: Acc=76.2% | Best=79.2%(@4440)
  from x3: 0.76 0.76 0.76 0.76 0.76 0.76 0.76 0.76 0.76 0.76 0.76 0.76 0.76
  per-rule acc: 0.53 1.00
Epoch 4640 | Train: Loss=0.0035 Acc=100.0% | Test: Acc=78.5% | Best=79.2%(@4440)
  from x3: 0.78 0.79 0.78 0.78 0.79 0.78 0.78 0.79 0.79 0.79 0.79 0.79 0.79
  per-rule acc: 0.57 1.00
Epoch 4660 | Train: Loss=0.0039 Acc=100.0% | Test: Acc=78.2% | Best=79.2%(@4440)
  from x3: 0.78 0.78 0.78 0.78 0.78 0.78 0.78 0.78 0.78 0.78 0.78 0.78 0.78
  per-rule acc: 0.57 1.00
Epoch 4680 | Train: Loss=0.0031 Acc=100.0% | Test: Acc=78.5% | Best=79.2%(@4440)
  from x3: 0.78 0.78 0.78 0.78 0.78 0.78 0.78 0.79 0.79 0.79 0.79 0.79 0.79
  per-rule acc: 0.57 1.00
Epoch 4700 | Train: Loss=0.0041 Acc=100.0% | Test: Acc=77.5% | Best=79.2%(@4440)
  from x3: 0.77 0.78 0.77 0.78 0.78 0.78 0.78 0.77 0.78 0.78 0.78 0.78 0.78
  per-rule acc: 0.55 1.00
Epoch 4720 | Train: Loss=0.0030 Acc=100.0% | Test: Acc=79.2% | Best=79.2%(@4720)
  from x3: 0.79 0.79 0.79 0.79 0.79 0.79 0.79 0.79 0.79 0.79 0.79 0.79 0.79
  per-rule acc: 0.58 1.00
Epoch 4740 | Train: Loss=0.0046 Acc=100.0% | Test: Acc=77.7% | Best=79.2%(@4720)
  from x3: 0.77 0.78 0.78 0.78 0.78 0.78 0.78 0.78 0.78 0.78 0.78 0.78 0.78
  per-rule acc: 0.56 1.00
Epoch 4760 | Train: Loss=0.0037 Acc=100.0% | Test: Acc=78.7% | Best=79.2%(@4720)
  from x3: 0.78 0.79 0.79 0.79 0.79 0.79 0.79 0.79 0.79 0.79 0.79 0.79 0.79
  per-rule acc: 0.58 1.00
Epoch 4780 | Train: Loss=0.0034 Acc=100.0% | Test: Acc=78.5% | Best=79.2%(@4720)
  from x3: 0.78 0.79 0.78 0.78 0.78 0.78 0.78 0.78 0.79 0.79 0.79 0.79 0.79
  per-rule acc: 0.57 1.00
Epoch 4800 | Train: Loss=0.0047 Acc=100.0% | Test: Acc=78.8% | Best=79.2%(@4720)
  from x3: 0.79 0.79 0.79 0.79 0.79 0.79 0.79 0.79 0.79 0.79 0.79 0.79 0.79
  per-rule acc: 0.58 1.00
Epoch 4820 | Train: Loss=0.0046 Acc=100.0% | Test: Acc=78.0% | Best=79.2%(@4720)
  from x3: 0.77 0.78 0.78 0.78 0.78 0.78 0.78 0.78 0.78 0.78 0.78 0.78 0.78
  per-rule acc: 0.56 1.00
Epoch 4840 | Train: Loss=0.0043 Acc=100.0% | Test: Acc=78.3% | Best=79.2%(@4720)
  from x3: 0.78 0.78 0.78 0.78 0.78 0.78 0.78 0.78 0.78 0.79 0.79 0.79 0.79
  per-rule acc: 0.57 1.00
Epoch 4860 | Train: Loss=0.0092 Acc=99.9% | Test: Acc=75.0% | Best=79.2%(@4720)
  from x3: 0.75 0.75 0.75 0.75 0.75 0.75 0.75 0.75 0.75 0.75 0.75 0.75 0.75
  per-rule acc: 0.50 1.00
Epoch 4880 | Train: Loss=0.0040 Acc=100.0% | Test: Acc=77.5% | Best=79.2%(@4720)
  from x3: 0.77 0.77 0.77 0.78 0.78 0.77 0.77 0.77 0.78 0.78 0.78 0.78 0.78
  per-rule acc: 0.55 1.00
Epoch 4900 | Train: Loss=0.0064 Acc=100.0% | Test: Acc=77.1% | Best=79.2%(@4720)
  from x3: 0.76 0.77 0.77 0.77 0.77 0.77 0.77 0.77 0.77 0.77 0.77 0.77 0.77
  per-rule acc: 0.54 1.00
Epoch 4920 | Train: Loss=0.0051 Acc=100.0% | Test: Acc=76.1% | Best=79.2%(@4720)
  from x3: 0.76 0.76 0.76 0.76 0.76 0.76 0.76 0.76 0.76 0.76 0.76 0.76 0.76
  per-rule acc: 0.53 1.00
Epoch 4940 | Train: Loss=0.0033 Acc=100.0% | Test: Acc=78.5% | Best=79.2%(@4720)
  from x3: 0.78 0.78 0.79 0.78 0.78 0.78 0.78 0.78 0.79 0.78 0.79 0.79 0.79
  per-rule acc: 0.57 1.00
Epoch 4960 | Train: Loss=0.0038 Acc=100.0% | Test: Acc=78.2% | Best=79.2%(@4720)
  from x3: 0.78 0.78 0.78 0.78 0.78 0.78 0.78 0.78 0.78 0.78 0.78 0.78 0.78
  per-rule acc: 0.56 1.00
Epoch 4980 | Train: Loss=0.0036 Acc=100.0% | Test: Acc=78.4% | Best=79.2%(@4720)
  from x3: 0.79 0.79 0.78 0.78 0.78 0.78 0.78 0.78 0.78 0.79 0.79 0.79 0.79
  per-rule acc: 0.57 1.00
Epoch 5000 | Train: Loss=0.0784 Acc=99.9% | Test: Acc=71.4% | Best=79.2%(@4720)
  from x3: 0.71 0.71 0.71 0.71 0.71 0.71 0.71 0.72 0.71 0.71 0.72 0.72 0.72
  per-rule acc: 0.44 0.99
Epoch 5020 | Train: Loss=0.0037 Acc=100.0% | Test: Acc=78.8% | Best=79.2%(@4720)
  from x3: 0.79 0.79 0.79 0.79 0.79 0.79 0.79 0.79 0.79 0.79 0.79 0.79 0.79
  per-rule acc: 0.58 1.00
Epoch 5040 | Train: Loss=0.0055 Acc=100.0% | Test: Acc=76.2% | Best=79.2%(@4720)
  from x3: 0.76 0.76 0.76 0.76 0.76 0.76 0.76 0.76 0.76 0.76 0.76 0.76 0.76
  per-rule acc: 0.53 1.00
Epoch 5060 | Train: Loss=0.0034 Acc=100.0% | Test: Acc=79.1% | Best=79.2%(@4720)
  from x3: 0.79 0.79 0.79 0.79 0.79 0.79 0.79 0.79 0.79 0.79 0.79 0.79 0.79
  per-rule acc: 0.58 1.00
Epoch 5080 | Train: Loss=0.0057 Acc=100.0% | Test: Acc=75.7% | Best=79.2%(@4720)
  from x3: 0.75 0.76 0.76 0.76 0.76 0.76 0.76 0.76 0.76 0.76 0.76 0.76 0.76
  per-rule acc: 0.52 1.00
Epoch 5100 | Train: Loss=0.0037 Acc=100.0% | Test: Acc=78.6% | Best=79.2%(@4720)
  from x3: 0.78 0.79 0.79 0.79 0.79 0.79 0.79 0.79 0.79 0.79 0.79 0.79 0.79
  per-rule acc: 0.57 1.00
Epoch 5120 | Train: Loss=0.0070 Acc=99.9% | Test: Acc=75.5% | Best=79.2%(@4720)
  from x3: 0.75 0.75 0.75 0.75 0.75 0.75 0.75 0.76 0.76 0.76 0.76 0.76 0.76
  per-rule acc: 0.51 1.00
Epoch 5140 | Train: Loss=0.0039 Acc=100.0% | Test: Acc=78.1% | Best=79.2%(@4720)
  from x3: 0.78 0.78 0.78 0.78 0.78 0.78 0.78 0.78 0.78 0.78 0.78 0.78 0.78
  per-rule acc: 0.56 1.00
Epoch 5160 | Train: Loss=0.0040 Acc=100.0% | Test: Acc=77.6% | Best=79.2%(@4720)
  from x3: 0.77 0.78 0.78 0.78 0.78 0.78 0.78 0.78 0.78 0.78 0.78 0.78 0.78
  per-rule acc: 0.55 1.00
Epoch 5180 | Train: Loss=0.0032 Acc=100.0% | Test: Acc=78.3% | Best=79.2%(@4720)
  from x3: 0.79 0.78 0.78 0.78 0.78 0.78 0.78 0.78 0.78 0.78 0.78 0.79 0.79
  per-rule acc: 0.57 1.00
Epoch 5200 | Train: Loss=0.0089 Acc=100.0% | Test: Acc=76.4% | Best=79.2%(@4720)
  from x3: 0.76 0.77 0.76 0.76 0.76 0.76 0.76 0.76 0.76 0.76 0.76 0.76 0.77
  per-rule acc: 0.53 1.00
Epoch 5220 | Train: Loss=0.0048 Acc=100.0% | Test: Acc=77.9% | Best=79.2%(@4720)
  from x3: 0.78 0.78 0.78 0.78 0.78 0.78 0.78 0.78 0.78 0.78 0.78 0.78 0.78
  per-rule acc: 0.56 1.00
Epoch 5240 | Train: Loss=0.0037 Acc=100.0% | Test: Acc=78.2% | Best=79.2%(@4720)
  from x3: 0.79 0.78 0.78 0.78 0.78 0.78 0.78 0.78 0.78 0.78 0.78 0.78 0.78
  per-rule acc: 0.57 1.00
Epoch 5260 | Train: Loss=0.0038 Acc=100.0% | Test: Acc=77.9% | Best=79.2%(@4720)
  from x3: 0.78 0.78 0.78 0.78 0.78 0.78 0.78 0.78 0.78 0.78 0.78 0.78 0.78
  per-rule acc: 0.56 1.00
Epoch 5280 | Train: Loss=0.0050 Acc=100.0% | Test: Acc=77.4% | Best=79.2%(@4720)
  from x3: 0.77 0.77 0.77 0.77 0.77 0.77 0.77 0.77 0.77 0.77 0.77 0.78 0.78
  per-rule acc: 0.55 1.00
Epoch 5300 | Train: Loss=0.0048 Acc=100.0% | Test: Acc=77.6% | Best=79.2%(@4720)
  from x3: 0.77 0.78 0.77 0.77 0.77 0.77 0.78 0.78 0.78 0.78 0.78 0.78 0.78
  per-rule acc: 0.55 1.00
Epoch 5320 | Train: Loss=0.0032 Acc=100.0% | Test: Acc=77.9% | Best=79.2%(@4720)
  from x3: 0.78 0.78 0.78 0.78 0.78 0.78 0.78 0.78 0.78 0.78 0.78 0.78 0.78
  per-rule acc: 0.56 1.00
Epoch 5340 | Train: Loss=0.0045 Acc=100.0% | Test: Acc=77.5% | Best=79.2%(@4720)
  from x3: 0.77 0.77 0.77 0.78 0.78 0.78 0.78 0.78 0.78 0.78 0.78 0.78 0.78
  per-rule acc: 0.55 1.00
Epoch 5360 | Train: Loss=0.0029 Acc=100.0% | Test: Acc=78.6% | Best=79.2%(@4720)
  from x3: 0.78 0.78 0.79 0.79 0.79 0.79 0.79 0.79 0.79 0.79 0.79 0.79 0.79
  per-rule acc: 0.57 1.00
Epoch 5380 | Train: Loss=0.0034 Acc=100.0% | Test: Acc=78.1% | Best=79.2%(@4720)
  from x3: 0.78 0.78 0.78 0.78 0.78 0.78 0.78 0.78 0.78 0.78 0.78 0.78 0.78
  per-rule acc: 0.56 1.00
Epoch 5400 | Train: Loss=0.0031 Acc=100.0% | Test: Acc=78.3% | Best=79.2%(@4720)
  from x3: 0.78 0.78 0.78 0.78 0.78 0.78 0.78 0.78 0.78 0.78 0.78 0.78 0.79
  per-rule acc: 0.57 1.00
Epoch 5420 | Train: Loss=0.0038 Acc=100.0% | Test: Acc=78.4% | Best=79.2%(@4720)
  from x3: 0.78 0.78 0.78 0.78 0.78 0.78 0.78 0.78 0.79 0.78 0.79 0.79 0.79
  per-rule acc: 0.57 1.00
Epoch 5440 | Train: Loss=0.0075 Acc=99.9% | Test: Acc=76.8% | Best=79.2%(@4720)
  from x3: 0.77 0.77 0.77 0.77 0.77 0.77 0.77 0.77 0.77 0.77 0.77 0.77 0.77
  per-rule acc: 0.54 1.00
Epoch 5460 | Train: Loss=0.0035 Acc=100.0% | Test: Acc=78.1% | Best=79.2%(@4720)
  from x3: 0.78 0.78 0.78 0.78 0.78 0.78 0.78 0.78 0.78 0.78 0.78 0.78 0.78
  per-rule acc: 0.56 1.00
Epoch 5480 | Train: Loss=0.0057 Acc=100.0% | Test: Acc=77.9% | Best=79.2%(@4720)
  from x3: 0.77 0.78 0.78 0.78 0.78 0.78 0.78 0.78 0.78 0.78 0.78 0.78 0.78
  per-rule acc: 0.56 1.00
Epoch 5500 | Train: Loss=0.0035 Acc=100.0% | Test: Acc=78.3% | Best=79.2%(@4720)
  from x3: 0.78 0.78 0.78 0.78 0.78 0.78 0.78 0.78 0.78 0.78 0.79 0.79 0.79
  per-rule acc: 0.57 1.00
Epoch 5520 | Train: Loss=0.0034 Acc=100.0% | Test: Acc=77.9% | Best=79.2%(@4720)
  from x3: 0.78 0.78 0.78 0.78 0.78 0.78 0.78 0.78 0.78 0.78 0.78 0.78 0.78
  per-rule acc: 0.56 1.00
Epoch 5540 | Train: Loss=0.0046 Acc=100.0% | Test: Acc=76.9% | Best=79.2%(@4720)
  from x3: 0.77 0.77 0.77 0.77 0.77 0.77 0.77 0.77 0.77 0.77 0.77 0.77 0.77
  per-rule acc: 0.54 1.00
Epoch 5560 | Train: Loss=0.0054 Acc=100.0% | Test: Acc=77.1% | Best=79.2%(@4720)
  from x3: 0.77 0.77 0.77 0.77 0.77 0.77 0.77 0.77 0.77 0.77 0.77 0.77 0.77
  per-rule acc: 0.55 1.00
Epoch 5580 | Train: Loss=0.0033 Acc=100.0% | Test: Acc=78.1% | Best=79.2%(@4720)
  from x3: 0.78 0.78 0.78 0.78 0.78 0.78 0.78 0.78 0.78 0.78 0.78 0.78 0.78
  per-rule acc: 0.56 1.00
Epoch 5600 | Train: Loss=0.0050 Acc=100.0% | Test: Acc=77.3% | Best=79.2%(@4720)
  from x3: 0.77 0.77 0.77 0.77 0.77 0.77 0.77 0.77 0.77 0.77 0.77 0.78 0.77
  per-rule acc: 0.55 1.00
Epoch 5620 | Train: Loss=0.0034 Acc=100.0% | Test: Acc=77.8% | Best=79.2%(@4720)
  from x3: 0.78 0.78 0.78 0.78 0.78 0.78 0.78 0.78 0.78 0.78 0.78 0.78 0.78
  per-rule acc: 0.56 1.00
Epoch 5640 | Train: Loss=0.0035 Acc=100.0% | Test: Acc=77.7% | Best=79.2%(@4720)
  from x3: 0.77 0.78 0.78 0.78 0.78 0.78 0.78 0.78 0.78 0.78 0.78 0.78 0.78
  per-rule acc: 0.55 1.00
Epoch 5660 | Train: Loss=0.0034 Acc=100.0% | Test: Acc=77.7% | Best=79.2%(@4720)
  from x3: 0.77 0.78 0.78 0.78 0.78 0.78 0.78 0.78 0.78 0.78 0.78 0.78 0.78
  per-rule acc: 0.56 1.00
Epoch 5680 | Train: Loss=0.0045 Acc=100.0% | Test: Acc=77.3% | Best=79.2%(@4720)
  from x3: 0.77 0.77 0.77 0.77 0.77 0.77 0.77 0.77 0.77 0.77 0.77 0.77 0.77
  per-rule acc: 0.55 1.00
Epoch 5700 | Train: Loss=0.0035 Acc=100.0% | Test: Acc=77.8% | Best=79.2%(@4720)
  from x3: 0.78 0.78 0.78 0.78 0.78 0.78 0.78 0.78 0.78 0.78 0.78 0.78 0.78
  per-rule acc: 0.56 1.00
Epoch 5720 | Train: Loss=0.0036 Acc=100.0% | Test: Acc=77.9% | Best=79.2%(@4720)
  from x3: 0.78 0.78 0.78 0.78 0.78 0.78 0.78 0.78 0.78 0.78 0.78 0.78 0.78
  per-rule acc: 0.56 1.00
[Early stop] No improvement for 1000 consecutive epochs

==================================================
Saving model...
[OK] Model saved to: /home/cxm/ai/test0629-fix/models/mixed_cond_d128l1_r8_n2_e50_fixWTE_start85.pth
  File size: 1418.4 KB
  Best test accuracy: 79.15%

[Config] SKIP_FINAL_GENERATION_TEST=true, skipping final generation test.

--- Return code: 0 ---

======================================================================
Attention Analysis
======================================================================
Model config: addition (default), p=53
Best test accuracy: 0.7915411990145086
Training epochs: 5720

Random test sequence 1/5 (length 32): [5, 15, 20, 35, 2, 37, 39, 23, 9, 32, 41, 20, 8, 28, 36, 11, 47, 5, 52, 4]...

======================================================================
Attention Layer Training Result Summary
======================================================================
Input sequence: [5, 15, 20, 35, 2, 37, 39, 23, 9, 32, 41, 20, 8, 28, 36, 11, 47, 5, 52, 4, 3, 7, 10, 17, 27, 44, 18, 9, 27, 36, 10, 46]

--- Layer 0 ---
  Head 0: Entropy=1.287
    Attention coefficients from each query position to previous positions:
      i= 0 -> j=0:1.000
      i= 1 -> j=0:0.295, j=1:0.705
      i= 2 -> j=0:0.166, j=1:0.362, j=2:0.471
      i= 3 -> j=0:0.016, j=1:0.073, j=2:0.195, j=3:0.717
      i= 4 -> j=0:0.008, j=1:0.029, j=2:0.082, j=3:0.233, j=4:0.649
      i= 5 -> j=0:0.005, j=1:0.017, j=2:0.056, j=3:0.112, j=4:0.276, j=5:0.534
      i= 6 -> j=0:0.000, j=1:0.001, j=2:0.003, j=3:0.008, j=4:0.042, j=5:0.163, j=6:0.782
      i= 7 -> j=0:0.003, j=1:0.003, j=2:0.006, j=3:0.008, j=4:0.023, j=5:0.077, j=6:0.266, j=7:0.614
      i= 8 -> j=0:0.003, j=1:0.003, j=2:0.005, j=3:0.006, j=4:0.014, j=5:0.043, j=6:0.119, j=7:0.269, j=8:0.539
      i= 9 -> j=0:0.003, j=1:0.002, j=2:0.003, j=3:0.002, j=4:0.003, j=5:0.008, j=6:0.023, j=7:0.105, j=8:0.286, j=9:0.565
      i=10 -> j=0:0.002, j=1:0.001, j=2:0.001, j=3:0.001, j=4:0.001, j=5:0.002, j=6:0.004, j=7:0.020, j=8:0.064, j=9:0.207, j=10:0.699
      i=11 -> j=0:0.007, j=1:0.007, j=2:0.008, j=3:0.005, j=4:0.004, j=5:0.007, j=6:0.010, j=7:0.033, j=8:0.069, j=9:0.153, j=10:0.293, j=11:0.404
      i=12 -> j=0:0.004, j=1:0.004, j=2:0.005, j=3:0.002, j=4:0.002, j=5:0.002, j=6:0.002, j=7:0.006, j=8:0.014, j=9:0.050, j=10:0.133, j=11:0.219, j=12:0.557
      i=13 -> j=0:0.004, j=1:0.003, j=2:0.004, j=3:0.002, j=4:0.002, j=5:0.001, j=6:0.001, j=7:0.002, j=8:0.003, j=9:0.009, j=10:0.024, j=11:0.079, j=12:0.240, j=13:0.626
      i=14 -> j=0:0.005, j=1:0.004, j=2:0.006, j=3:0.004, j=4:0.003, j=5:0.002, j=6:0.001, j=7:0.001, j=8:0.002, j=9:0.005, j=10:0.014, j=11:0.047, j=12:0.109, j=13:0.273, j=14:0.524
      i=15 -> j=0:0.003, j=1:0.002, j=2:0.002, j=3:0.001, j=4:0.001, j=5:0.001, j=6:0.001, j=7:0.000, j=8:0.000, j=9:0.000, j=10:0.000, j=11:0.002, j=12:0.007, j=13:0.030, j=14:0.173, j=15:0.776
      i=16 -> j=0:0.004, j=1:0.003, j=2:0.002, j=3:0.002, j=4:0.001, j=5:0.001, j=6:0.001, j=7:0.001, j=8:0.000, j=9:0.000, j=10:0.000, j=11:0.001, j=12:0.003, j=13:0.011, j=14:0.057, j=15:0.221, j=16:0.690
      i=17 -> j=0:0.008, j=1:0.006, j=2:0.005, j=3:0.003, j=4:0.002, j=5:0.002, j=6:0.002, j=7:0.002, j=8:0.001, j=9:0.001, j=10:0.001, j=11:0.001, j=12:0.001, j=13:0.002, j=14:0.009, j=15:0.047, j=16:0.201, j=17:0.706
      i=18 -> j=0:0.005, j=1:0.005, j=2:0.005, j=3:0.003, j=4:0.002, j=5:0.001, j=6:0.001, j=7:0.001, j=8:0.001, j=9:0.001, j=10:0.000, j=11:0.000, j=12:0.000, j=13:0.001, j=14:0.002, j=15:0.012, j=16:0.044, j=17:0.170, j=18:0.745
      i=19 -> j=0:0.003, j=1:0.004, j=2:0.004, j=3:0.003, j=4:0.002, j=5:0.002, j=6:0.001, j=7:0.001, j=8:0.001, j=9:0.001, j=10:0.001, j=11:0.001, j=12:0.000, j=13:0.001, j=14:0.001, j=15:0.006, j=16:0.019, j=17:0.054, j=18:0.187, j=19:0.707
      i=20 -> j=0:0.007, j=1:0.008, j=2:0.010, j=3:0.009, j=4:0.008, j=5:0.006, j=6:0.004, j=7:0.003, j=8:0.003, j=9:0.003, j=10:0.002, j=11:0.002, j=12:0.001, j=13:0.001, j=14:0.001, j=15:0.003, j=16:0.009, j=17:0.029, j=18:0.098, j=19:0.293, j=20:0.500
      i=21 -> j=0:0.004, j=1:0.004, j=2:0.004, j=3:0.004, j=4:0.003, j=5:0.003, j=6:0.002, j=7:0.001, j=8:0.001, j=9:0.001, j=10:0.001, j=11:0.001, j=12:0.000, j=13:0.000, j=14:0.000, j=15:0.000, j=16:0.000, j=17:0.002, j=18:0.009, j=19:0.045, j=20:0.182, j=21:0.732
      i=22 -> j=0:0.019, j=1:0.016, j=2:0.015, j=3:0.013, j=4:0.013, j=5:0.013, j=6:0.011, j=7:0.010, j=8:0.008, j=9:0.007, j=10:0.005, j=11:0.007, j=12:0.005, j=13:0.004, j=14:0.003, j=15:0.002, j=16:0.003, j=17:0.006, j=18:0.018, j=19:0.044, j=20:0.108, j=21:0.235, j=22:0.435
      i=23 -> j=0:0.024, j=1:0.026, j=2:0.024, j=3:0.021, j=4:0.018, j=5:0.019, j=6:0.018, j=7:0.018, j=8:0.015, j=9:0.013, j=10:0.008, j=11:0.011, j=12:0.008, j=13:0.007, j=14:0.005, j=15:0.003, j=16:0.003, j=17:0.004, j=18:0.007, j=19:0.018, j=20:0.053, j=21:0.104, j=22:0.225, j=23:0.347
      i=24 -> j=0:0.015, j=1:0.017, j=2:0.018, j=3:0.014, j=4:0.012, j=5:0.013, j=6:0.011, j=7:0.012, j=8:0.010, j=9:0.009, j=10:0.006, j=11:0.007, j=12:0.005, j=13:0.005, j=14:0.004, j=15:0.002, j=16:0.002, j=17:0.001, j=18:0.002, j=19:0.003, j=20:0.012, j=21:0.026, j=22:0.096, j=23:0.253, j=24:0.445
      i=25 -> j=0:0.010, j=1:0.014, j=2:0.017, j=3:0.014, j=4:0.011, j=5:0.009, j=6:0.007, j=7:0.009, j=8:0.010, j=9:0.010, j=10:0.007, j=11:0.006, j=12:0.004, j=13:0.004, j=14:0.003, j=15:0.003, j=16:0.002, j=17:0.001, j=18:0.001, j=19:0.001, j=20:0.005, j=21:0.013, j=22:0.045, j=23:0.125, j=24:0.185, j=25:0.483
      i=26 -> j=0:0.012, j=1:0.012, j=2:0.013, j=3:0.010, j=4:0.009, j=5:0.009, j=6:0.008, j=7:0.009, j=8:0.010, j=9:0.011, j=10:0.010, j=11:0.009, j=12:0.006, j=13:0.005, j=14:0.003, j=15:0.002, j=16:0.002, j=17:0.002, j=18:0.001, j=19:0.001, j=20:0.002, j=21:0.002, j=22:0.008, j=23:0.027, j=24:0.073, j=25:0.237, j=26:0.507
      i=27 -> j=0:0.019, j=1:0.017, j=2:0.016, j=3:0.013, j=4:0.012, j=5:0.012, j=6:0.011, j=7:0.011, j=8:0.012, j=9:0.013, j=10:0.014, j=11:0.015, j=12:0.010, j=13:0.007, j=14:0.005, j=15:0.003, j=16:0.003, j=17:0.003, j=18:0.002, j=19:0.002, j=20:0.002, j=21:0.002, j=22:0.006, j=23:0.016, j=24:0.038, j=25:0.102, j=26:0.205, j=27:0.429
      i=28 -> j=0:0.017, j=1:0.016, j=2:0.014, j=3:0.013, j=4:0.013, j=5:0.015, j=6:0.014, j=7:0.013, j=8:0.012, j=9:0.012, j=10:0.011, j=11:0.012, j=12:0.010, j=13:0.007, j=14:0.005, j=15:0.004, j=16:0.004, j=17:0.004, j=18:0.003, j=19:0.002, j=20:0.002, j=21:0.001, j=22:0.002, j=23:0.005, j=24:0.011, j=25:0.032, j=26:0.087, j=27:0.260, j=28:0.401
      i=29 -> j=0:0.015, j=1:0.014, j=2:0.012, j=3:0.010, j=4:0.010, j=5:0.012, j=6:0.014, j=7:0.013, j=8:0.011, j=9:0.010, j=10:0.008, j=11:0.010, j=12:0.010, j=13:0.007, j=14:0.007, j=15:0.004, j=16:0.003, j=17:0.003, j=18:0.003, j=19:0.002, j=20:0.002, j=21:0.001, j=22:0.001, j=23:0.002, j=24:0.004, j=25:0.011, j=26:0.038, j=27:0.099, j=28:0.199, j=29:0.464
      i=30 -> j=0:0.017, j=1:0.020, j=2:0.018, j=3:0.016, j=4:0.014, j=5:0.014, j=6:0.015, j=7:0.016, j=8:0.016, j=9:0.015, j=10:0.012, j=11:0.013, j=12:0.013, j=13:0.012, j=14:0.012, j=15:0.009, j=16:0.006, j=17:0.005, j=18:0.005, j=19:0.004, j=20:0.005, j=21:0.003, j=22:0.003, j=23:0.003, j=24:0.004, j=25:0.007, j=26:0.017, j=27:0.039, j=28:0.089, j=29:0.172, j=30:0.405
      i=31 -> j=0:0.005, j=1:0.008, j=2:0.010, j=3:0.009, j=4:0.008, j=5:0.007, j=6:0.006, j=7:0.006, j=8:0.006, j=9:0.007, j=10:0.006, j=11:0.006, j=12:0.006, j=13:0.006, j=14:0.007, j=15:0.006, j=16:0.004, j=17:0.002, j=18:0.002, j=19:0.001, j=20:0.001, j=21:0.001, j=22:0.001, j=23:0.001, j=24:0.001, j=25:0.001, j=26:0.003, j=27:0.008, j=28:0.027, j=29:0.080, j=30:0.201, j=31:0.558
    Average attention per distance:
      d=0:0.585, d=1:0.231, d=2:0.088, d=3:0.030, d=4:0.010, d=20:0.011, d=21:0.012, d=22:0.015
      d=23:0.015, d=24:0.013, d=25:0.012, d=26:0.012, d=27:0.014, d=28:0.015, d=29:0.015, d=30:0.013
      


======================================================================
QK Property Verification (Raw Scores, before Softmax)
======================================================================
Recurrence order init_len=2, num test sequences=1

--- [P1] Long-distance Orthogonality Verification ---
Ideal: raw_score mean ≈ 0 and small std when d > init_len

  Layer 0, Head 0:
    d= 1 (effective): mean=  2.304, std= 0.319, n=31
    d= 2 (effective): mean=  1.300, std= 0.204, n=30
    d>2 (long-distance): mean= -1.537, std= 0.983, n=435

--- [P2] Time-homogeneous Verification ---
Ideal: CV of raw_score across positions i ≈ 0 for fixed distance d
(CV = std / |mean|, smaller = more constant)

  Layer 0, Head 0:
    d= 1: mean=  2.304, std= 0.319, CV=0.139, n=31
    d= 2: mean=  1.300, std= 0.204, CV=0.157, n=30

======================================================================
QK Property Verification Completed
======================================================================
