=== Experiment: mixed_cond_d128l1_r8_n2_e50_fixLINEAR_start85 ===
Time: 2026-06-30T07:14:03.815256
Task type: mixed_ab
Merged config: {
  "P": 53,
  "TASK": "mixed_ab",
  "NUM_MASK": 0,
  "A": 1,
  "B": 1,
  "AB_PAIRS": [
    [
      1,
      1
    ],
    [
      1,
      2
    ]
  ],
  "D_MODEL": 128,
  "N_HEAD": 1,
  "N_LAYER": 1,
  "BATCH_SIZE": 128,
  "EPOCHS": 10000,
  "LR": 0.0003,
  "SAVE_PATH": "models/mixed_cond_d128l1_r8_n2_e50_fixLINEAR_start85.pth",
  "USE_GREEDY_GENERATE": true,
  "USE_LEARNABLE_PE": false,
  "MLP_RATIO": 8,
  "TRAIN_LEN": 16,
  "OOD_LEN": 32,
  "DROPOUT": 0.0,
  "TARGET_INIT_COVERAGE": 0.5,
  "MAX_UNIQUE_RATIO": 0.5,
  "WEIGHT_DECAY": 1,
  "ENTROPY_PENALTY_WEIGHT": 0.0,
  "FIRST_TASK_WEIGHT": 1.0,
  "RANDOM_SEED": 42,
  "EVAL_INTERVAL": 20,
  "EARLY_STOP_NO_IMPROVE": 1000,
  "EARLY_STOP_ACCURACY": 0.99,
  "SKIP_FINAL_GENERATION_TEST": true,
  "USE_AB_TAG": false,
  "USE_CONDITIONAL_WTE": true,
  "COND_WTE_SHARED_RATIO": 0.0,
  "MIXED_AB_MAX_UNIQUE_RATIOS": [
    0.5,
    0.5
  ],
  "COND_FIX": "LINEAR",
  "COND_FIX_START": 0.85
}
--- output ---
Using device: cuda

[Dataset] Mixed mode: generated 2808 + 2810 samples, length 16
AB parameter pairs: [(1, 1), (1, 2)]
  - AB=(1,1): train 1404 | test 1405 | exposed ~50.0%
  - AB=(1,2): train 1404 | test 1405 | exposed ~50.0%
--------------------------------------------------
[Model config] block_size: 32, train length: 16
[Number theory] AB parameter pairs: [(1, 1), (1, 2)]


Model parameters: 0.36M

Start training...
Epoch   0 | Train: Loss=4.1894 Acc=3.6% | Test: Acc=0.3% | Best=0.3%(@0)
  from x3: 0.00 0.00 0.00 0.00 0.00 0.00 0.00 0.00 0.00 0.00 0.00 0.00 0.00
  per-rule acc: 0.00 0.00
Epoch  20 | Train: Loss=0.9535 Acc=96.0% | Test: Acc=0.2% | Best=0.3%(@0)
  from x3: 0.01 0.00 0.00 0.00 0.00 0.00 0.00 0.00 0.00 0.00 0.00 0.00 0.00
  per-rule acc: 0.00 0.00
Epoch  40 | Train: Loss=0.1676 Acc=99.0% | Test: Acc=0.7% | Best=0.7%(@40)
  from x3: 0.02 0.01 0.01 0.01 0.01 0.01 0.01 0.01 0.01 0.01 0.01 0.01 0.00
  per-rule acc: 0.01 0.01
Epoch  60 | Train: Loss=0.0758 Acc=99.2% | Test: Acc=1.3% | Best=1.3%(@60)
  from x3: 0.02 0.01 0.01 0.01 0.01 0.01 0.01 0.01 0.01 0.01 0.01 0.01 0.01
  per-rule acc: 0.01 0.01
Epoch  80 | Train: Loss=0.0525 Acc=99.5% | Test: Acc=1.4% | Best=1.4%(@80)
  from x3: 0.02 0.02 0.01 0.01 0.01 0.01 0.01 0.01 0.01 0.01 0.01 0.01 0.01
  per-rule acc: 0.01 0.01
Epoch 100 | Train: Loss=0.0429 Acc=99.6% | Test: Acc=1.5% | Best=1.5%(@100)
  from x3: 0.02 0.02 0.01 0.01 0.01 0.01 0.01 0.01 0.01 0.01 0.01 0.01 0.02
  per-rule acc: 0.02 0.01
Epoch 120 | Train: Loss=0.0361 Acc=99.8% | Test: Acc=1.6% | Best=1.6%(@120)
  from x3: 0.02 0.02 0.02 0.02 0.02 0.02 0.02 0.02 0.02 0.02 0.02 0.02 0.02
  per-rule acc: 0.02 0.02
Epoch 140 | Train: Loss=0.0303 Acc=99.8% | Test: Acc=1.7% | Best=1.7%(@140)
  from x3: 0.02 0.02 0.02 0.02 0.02 0.02 0.02 0.02 0.02 0.02 0.02 0.02 0.02
  per-rule acc: 0.02 0.02
Epoch 160 | Train: Loss=0.0256 Acc=99.9% | Test: Acc=1.8% | Best=1.8%(@160)
  from x3: 0.02 0.02 0.02 0.02 0.02 0.02 0.02 0.02 0.02 0.02 0.02 0.02 0.02
  per-rule acc: 0.02 0.02
Epoch 180 | Train: Loss=0.0220 Acc=99.9% | Test: Acc=1.9% | Best=1.9%(@180)
  from x3: 0.02 0.02 0.02 0.02 0.02 0.02 0.02 0.02 0.02 0.02 0.02 0.02 0.02
  per-rule acc: 0.02 0.02
Epoch 200 | Train: Loss=0.0186 Acc=100.0% | Test: Acc=2.0% | Best=2.0%(@200)
  from x3: 0.02 0.02 0.02 0.02 0.02 0.02 0.02 0.02 0.02 0.02 0.02 0.02 0.02
  per-rule acc: 0.02 0.02
Epoch 220 | Train: Loss=0.0161 Acc=100.0% | Test: Acc=2.0% | Best=2.0%(@220)
  from x3: 0.02 0.02 0.02 0.02 0.02 0.02 0.02 0.02 0.02 0.02 0.02 0.02 0.02
  per-rule acc: 0.02 0.02
Epoch 240 | Train: Loss=0.0139 Acc=100.0% | Test: Acc=2.0% | Best=2.0%(@240)
  from x3: 0.02 0.02 0.02 0.02 0.02 0.02 0.02 0.02 0.02 0.02 0.02 0.02 0.02
  per-rule acc: 0.02 0.02
Epoch 260 | Train: Loss=0.0124 Acc=100.0% | Test: Acc=2.1% | Best=2.1%(@260)
  from x3: 0.02 0.02 0.02 0.02 0.02 0.02 0.02 0.02 0.02 0.02 0.02 0.02 0.02
  per-rule acc: 0.02 0.02
Epoch 280 | Train: Loss=0.0160 Acc=100.0% | Test: Acc=2.0% | Best=2.1%(@260)
  from x3: 0.02 0.02 0.02 0.02 0.02 0.02 0.02 0.02 0.02 0.02 0.02 0.02 0.02
  per-rule acc: 0.02 0.02
Epoch 300 | Train: Loss=0.0128 Acc=100.0% | Test: Acc=2.0% | Best=2.1%(@260)
  from x3: 0.02 0.02 0.02 0.02 0.02 0.02 0.02 0.02 0.02 0.02 0.02 0.02 0.02
  per-rule acc: 0.02 0.02
Epoch 320 | Train: Loss=0.0109 Acc=100.0% | Test: Acc=2.0% | Best=2.1%(@260)
  from x3: 0.02 0.02 0.02 0.02 0.02 0.02 0.02 0.02 0.02 0.02 0.02 0.02 0.02
  per-rule acc: 0.02 0.02
Epoch 340 | Train: Loss=0.0103 Acc=100.0% | Test: Acc=2.0% | Best=2.1%(@260)
  from x3: 0.02 0.02 0.02 0.02 0.02 0.02 0.02 0.02 0.02 0.02 0.02 0.02 0.02
  per-rule acc: 0.02 0.02
Epoch 360 | Train: Loss=0.0698 Acc=100.0% | Test: Acc=1.9% | Best=2.1%(@260)
  from x3: 0.02 0.02 0.02 0.02 0.02 0.02 0.02 0.02 0.02 0.02 0.02 0.02 0.02
  per-rule acc: 0.02 0.02
Epoch 380 | Train: Loss=0.0134 Acc=99.9% | Test: Acc=2.1% | Best=2.1%(@380)
  from x3: 0.02 0.02 0.02 0.02 0.02 0.02 0.02 0.02 0.02 0.02 0.02 0.02 0.02
  per-rule acc: 0.02 0.02
Epoch 400 | Train: Loss=0.0105 Acc=100.0% | Test: Acc=2.3% | Best=2.3%(@400)
  from x3: 0.02 0.02 0.02 0.02 0.02 0.02 0.02 0.02 0.02 0.02 0.02 0.02 0.02
  per-rule acc: 0.02 0.03
Epoch 420 | Train: Loss=0.0140 Acc=100.0% | Test: Acc=2.5% | Best=2.5%(@420)
  from x3: 0.02 0.02 0.02 0.02 0.02 0.02 0.02 0.02 0.02 0.02 0.02 0.03 0.02
  per-rule acc: 0.02 0.03
Epoch 440 | Train: Loss=0.0137 Acc=100.0% | Test: Acc=2.5% | Best=2.5%(@440)
  from x3: 0.03 0.02 0.02 0.03 0.03 0.03 0.02 0.02 0.02 0.02 0.02 0.02 0.02
  per-rule acc: 0.02 0.03
Epoch 460 | Train: Loss=0.0113 Acc=100.0% | Test: Acc=2.4% | Best=2.5%(@440)
  from x3: 0.02 0.02 0.02 0.02 0.02 0.02 0.02 0.02 0.02 0.02 0.02 0.02 0.02
  per-rule acc: 0.02 0.03
Epoch 480 | Train: Loss=0.0130 Acc=100.0% | Test: Acc=2.8% | Best=2.8%(@480)
  from x3: 0.03 0.03 0.03 0.03 0.03 0.03 0.03 0.03 0.03 0.03 0.03 0.03 0.03
  per-rule acc: 0.02 0.03
Epoch 500 | Train: Loss=0.0136 Acc=100.0% | Test: Acc=2.7% | Best=2.8%(@480)
  from x3: 0.03 0.03 0.03 0.03 0.03 0.03 0.03 0.03 0.03 0.03 0.03 0.03 0.03
  per-rule acc: 0.02 0.03
Epoch 520 | Train: Loss=0.0087 Acc=100.0% | Test: Acc=2.8% | Best=2.8%(@480)
  from x3: 0.03 0.03 0.03 0.03 0.03 0.03 0.03 0.03 0.03 0.03 0.03 0.03 0.03
  per-rule acc: 0.02 0.03
Epoch 540 | Train: Loss=0.0116 Acc=100.0% | Test: Acc=2.9% | Best=2.9%(@540)
  from x3: 0.03 0.03 0.03 0.03 0.03 0.03 0.03 0.03 0.03 0.03 0.03 0.03 0.03
  per-rule acc: 0.02 0.04
Epoch 560 | Train: Loss=0.0122 Acc=100.0% | Test: Acc=3.2% | Best=3.2%(@560)
  from x3: 0.04 0.03 0.03 0.03 0.03 0.03 0.03 0.03 0.03 0.03 0.03 0.03 0.03
  per-rule acc: 0.03 0.04
Epoch 580 | Train: Loss=0.0104 Acc=100.0% | Test: Acc=3.3% | Best=3.3%(@580)
  from x3: 0.04 0.03 0.03 0.03 0.03 0.03 0.03 0.03 0.03 0.03 0.03 0.03 0.03
  per-rule acc: 0.02 0.04
Epoch 600 | Train: Loss=0.0101 Acc=99.9% | Test: Acc=3.8% | Best=3.8%(@600)
  from x3: 0.05 0.04 0.04 0.04 0.04 0.04 0.04 0.04 0.04 0.04 0.04 0.04 0.04
  per-rule acc: 0.03 0.05
Epoch 620 | Train: Loss=0.0090 Acc=100.0% | Test: Acc=4.0% | Best=4.0%(@620)
  from x3: 0.05 0.04 0.04 0.04 0.04 0.04 0.04 0.04 0.04 0.04 0.04 0.04 0.04
  per-rule acc: 0.03 0.05
Epoch 640 | Train: Loss=0.0092 Acc=100.0% | Test: Acc=4.4% | Best=4.4%(@640)
  from x3: 0.05 0.04 0.04 0.04 0.04 0.04 0.04 0.04 0.04 0.04 0.04 0.04 0.04
  per-rule acc: 0.03 0.06
Epoch 660 | Train: Loss=0.0122 Acc=100.0% | Test: Acc=5.4% | Best=5.4%(@660)
  from x3: 0.06 0.05 0.05 0.05 0.05 0.05 0.05 0.05 0.05 0.05 0.05 0.05 0.05
  per-rule acc: 0.03 0.08
Epoch 680 | Train: Loss=0.0123 Acc=99.9% | Test: Acc=7.2% | Best=7.2%(@680)
  from x3: 0.08 0.07 0.07 0.07 0.07 0.07 0.07 0.07 0.07 0.07 0.07 0.07 0.07
  per-rule acc: 0.04 0.11
Epoch 700 | Train: Loss=0.0116 Acc=100.0% | Test: Acc=8.0% | Best=8.0%(@700)
  from x3: 0.09 0.08 0.08 0.08 0.08 0.08 0.08 0.08 0.08 0.08 0.08 0.08 0.08
  per-rule acc: 0.04 0.12
Epoch 720 | Train: Loss=0.0115 Acc=100.0% | Test: Acc=9.3% | Best=9.3%(@720)
  from x3: 0.10 0.09 0.09 0.09 0.09 0.09 0.09 0.09 0.09 0.09 0.09 0.09 0.09
  per-rule acc: 0.04 0.15
Epoch 740 | Train: Loss=0.0104 Acc=100.0% | Test: Acc=11.5% | Best=11.5%(@740)
  from x3: 0.12 0.11 0.11 0.11 0.11 0.11 0.11 0.11 0.11 0.11 0.11 0.11 0.11
  per-rule acc: 0.04 0.19
Epoch 760 | Train: Loss=0.0156 Acc=99.9% | Test: Acc=14.4% | Best=14.4%(@760)
  from x3: 0.15 0.14 0.14 0.14 0.14 0.14 0.14 0.14 0.14 0.14 0.14 0.14 0.14
  per-rule acc: 0.04 0.25
Epoch 780 | Train: Loss=0.0084 Acc=100.0% | Test: Acc=19.3% | Best=19.3%(@780)
  from x3: 0.21 0.19 0.19 0.19 0.19 0.19 0.19 0.19 0.19 0.19 0.19 0.19 0.19
  per-rule acc: 0.04 0.34
Epoch 800 | Train: Loss=0.0107 Acc=100.0% | Test: Acc=23.9% | Best=23.9%(@800)
  from x3: 0.25 0.24 0.24 0.24 0.24 0.24 0.24 0.24 0.24 0.24 0.24 0.24 0.24
  per-rule acc: 0.05 0.43
Epoch 820 | Train: Loss=0.0084 Acc=100.0% | Test: Acc=31.6% | Best=31.6%(@820)
  from x3: 0.32 0.32 0.32 0.31 0.31 0.31 0.31 0.31 0.32 0.31 0.31 0.31 0.31
  per-rule acc: 0.04 0.59
Epoch 840 | Train: Loss=0.0938 Acc=99.4% | Test: Acc=32.5% | Best=32.5%(@840)
  from x3: 0.33 0.33 0.33 0.32 0.32 0.32 0.32 0.32 0.32 0.32 0.32 0.32 0.32
  per-rule acc: 0.04 0.61
[CondFix] Frozen LINEAR: 18 param groups
[CondFix] Epoch 860: triggered at threshold 0.85
Epoch 860 | Train: Loss=0.0077 Acc=100.0% | Test: Acc=47.6% | Best=47.6%(@860)
  from x3: 0.49 0.48 0.48 0.48 0.48 0.48 0.48 0.48 0.48 0.48 0.47 0.47 0.47
  per-rule acc: 0.07 0.89
Epoch 880 | Train: Loss=0.0061 Acc=100.0% | Test: Acc=48.7% | Best=48.7%(@880)
  from x3: 0.49 0.49 0.49 0.49 0.49 0.49 0.49 0.49 0.49 0.49 0.49 0.48 0.48
  per-rule acc: 0.06 0.91
Epoch 900 | Train: Loss=0.0057 Acc=100.0% | Test: Acc=49.1% | Best=49.1%(@900)
  from x3: 0.50 0.49 0.49 0.49 0.49 0.49 0.49 0.49 0.49 0.49 0.49 0.49 0.49
  per-rule acc: 0.06 0.92
Epoch 920 | Train: Loss=0.0052 Acc=100.0% | Test: Acc=49.7% | Best=49.7%(@920)
  from x3: 0.51 0.50 0.50 0.50 0.50 0.50 0.50 0.50 0.50 0.50 0.50 0.49 0.49
  per-rule acc: 0.06 0.93
Epoch 940 | Train: Loss=0.0048 Acc=100.0% | Test: Acc=50.1% | Best=50.1%(@940)
  from x3: 0.51 0.50 0.50 0.50 0.50 0.50 0.50 0.50 0.50 0.50 0.50 0.50 0.50
  per-rule acc: 0.06 0.94
Epoch 960 | Train: Loss=0.0044 Acc=100.0% | Test: Acc=50.5% | Best=50.5%(@960)
  from x3: 0.51 0.51 0.51 0.51 0.51 0.51 0.50 0.50 0.50 0.50 0.50 0.50 0.50
  per-rule acc: 0.06 0.95
Epoch 980 | Train: Loss=0.0041 Acc=100.0% | Test: Acc=50.8% | Best=50.8%(@980)
  from x3: 0.51 0.51 0.51 0.51 0.51 0.51 0.51 0.51 0.51 0.51 0.51 0.50 0.51
  per-rule acc: 0.06 0.95
Epoch 1000 | Train: Loss=0.0039 Acc=100.0% | Test: Acc=51.2% | Best=51.2%(@1000)
  from x3: 0.52 0.51 0.51 0.51 0.51 0.51 0.51 0.51 0.51 0.51 0.51 0.51 0.51
  per-rule acc: 0.07 0.96
Epoch 1020 | Train: Loss=0.0037 Acc=100.0% | Test: Acc=51.4% | Best=51.4%(@1020)
  from x3: 0.52 0.52 0.51 0.51 0.51 0.51 0.51 0.51 0.51 0.51 0.51 0.51 0.51
  per-rule acc: 0.07 0.96
Epoch 1040 | Train: Loss=0.0036 Acc=100.0% | Test: Acc=51.6% | Best=51.6%(@1040)
  from x3: 0.52 0.52 0.52 0.52 0.51 0.51 0.51 0.52 0.51 0.52 0.51 0.51 0.51
  per-rule acc: 0.07 0.96
Epoch 1060 | Train: Loss=0.0035 Acc=100.0% | Test: Acc=51.7% | Best=51.7%(@1060)
  from x3: 0.52 0.52 0.52 0.52 0.52 0.52 0.52 0.52 0.52 0.52 0.52 0.51 0.51
  per-rule acc: 0.07 0.96
Epoch 1080 | Train: Loss=0.0034 Acc=100.0% | Test: Acc=51.8% | Best=51.8%(@1080)
  from x3: 0.53 0.52 0.52 0.52 0.52 0.52 0.52 0.52 0.52 0.52 0.52 0.52 0.51
  per-rule acc: 0.07 0.97
Epoch 1100 | Train: Loss=0.0033 Acc=100.0% | Test: Acc=51.8% | Best=51.8%(@1100)
  from x3: 0.53 0.52 0.52 0.52 0.52 0.52 0.52 0.52 0.52 0.52 0.52 0.52 0.52
  per-rule acc: 0.07 0.97
Epoch 1120 | Train: Loss=0.0033 Acc=100.0% | Test: Acc=51.9% | Best=51.9%(@1120)
  from x3: 0.53 0.52 0.52 0.52 0.52 0.52 0.52 0.52 0.52 0.52 0.52 0.52 0.52
  per-rule acc: 0.07 0.97
Epoch 1140 | Train: Loss=0.0033 Acc=100.0% | Test: Acc=51.9% | Best=51.9%(@1140)
  from x3: 0.53 0.52 0.52 0.52 0.52 0.52 0.52 0.52 0.52 0.52 0.52 0.52 0.52
  per-rule acc: 0.07 0.97
Epoch 1160 | Train: Loss=0.0033 Acc=100.0% | Test: Acc=52.0% | Best=52.0%(@1160)
  from x3: 0.53 0.52 0.52 0.52 0.52 0.52 0.52 0.52 0.52 0.52 0.52 0.52 0.52
  per-rule acc: 0.07 0.97
Epoch 1180 | Train: Loss=0.0032 Acc=100.0% | Test: Acc=52.0% | Best=52.0%(@1180)
  from x3: 0.53 0.52 0.52 0.52 0.52 0.52 0.52 0.52 0.52 0.52 0.52 0.52 0.52
  per-rule acc: 0.07 0.97
Epoch 1200 | Train: Loss=0.0032 Acc=100.0% | Test: Acc=52.0% | Best=52.0%(@1200)
  from x3: 0.53 0.52 0.52 0.52 0.52 0.52 0.52 0.52 0.52 0.52 0.52 0.52 0.52
  per-rule acc: 0.07 0.97
Epoch 1220 | Train: Loss=0.0032 Acc=100.0% | Test: Acc=52.0% | Best=52.0%(@1200)
  from x3: 0.53 0.52 0.52 0.52 0.52 0.52 0.52 0.52 0.52 0.52 0.52 0.52 0.52
  per-rule acc: 0.07 0.97
Epoch 1240 | Train: Loss=0.0032 Acc=100.0% | Test: Acc=52.0% | Best=52.0%(@1200)
  from x3: 0.53 0.52 0.52 0.52 0.52 0.52 0.52 0.52 0.52 0.52 0.52 0.52 0.52
  per-rule acc: 0.07 0.97
Epoch 1260 | Train: Loss=0.0032 Acc=100.0% | Test: Acc=52.0% | Best=52.0%(@1260)
  from x3: 0.53 0.52 0.52 0.52 0.52 0.52 0.52 0.52 0.52 0.52 0.52 0.52 0.52
  per-rule acc: 0.07 0.97
Epoch 1280 | Train: Loss=0.0032 Acc=100.0% | Test: Acc=52.0% | Best=52.0%(@1280)
  from x3: 0.53 0.52 0.52 0.52 0.52 0.52 0.52 0.52 0.52 0.52 0.52 0.52 0.52
  per-rule acc: 0.07 0.97
Epoch 1300 | Train: Loss=0.0032 Acc=100.0% | Test: Acc=52.0% | Best=52.0%(@1300)
  from x3: 0.53 0.52 0.52 0.52 0.52 0.52 0.52 0.52 0.52 0.52 0.52 0.52 0.52
  per-rule acc: 0.07 0.97
Epoch 1320 | Train: Loss=0.0032 Acc=100.0% | Test: Acc=52.0% | Best=52.0%(@1300)
  from x3: 0.53 0.52 0.52 0.52 0.52 0.52 0.52 0.52 0.52 0.52 0.52 0.52 0.52
  per-rule acc: 0.07 0.97
Epoch 1340 | Train: Loss=0.0032 Acc=100.0% | Test: Acc=52.0% | Best=52.0%(@1300)
  from x3: 0.53 0.52 0.52 0.52 0.52 0.52 0.52 0.52 0.52 0.52 0.52 0.52 0.52
  per-rule acc: 0.07 0.97
Epoch 1360 | Train: Loss=0.0032 Acc=100.0% | Test: Acc=52.0% | Best=52.0%(@1300)
  from x3: 0.53 0.52 0.52 0.52 0.52 0.52 0.52 0.52 0.52 0.52 0.52 0.52 0.52
  per-rule acc: 0.07 0.97
Epoch 1380 | Train: Loss=0.0032 Acc=100.0% | Test: Acc=52.0% | Best=52.0%(@1300)
  from x3: 0.53 0.52 0.52 0.52 0.52 0.52 0.52 0.52 0.52 0.52 0.52 0.52 0.52
  per-rule acc: 0.07 0.97
Epoch 1400 | Train: Loss=0.0032 Acc=100.0% | Test: Acc=52.0% | Best=52.0%(@1300)
  from x3: 0.53 0.52 0.52 0.52 0.52 0.52 0.52 0.52 0.52 0.52 0.52 0.52 0.52
  per-rule acc: 0.07 0.97
Epoch 1420 | Train: Loss=0.0032 Acc=100.0% | Test: Acc=52.0% | Best=52.0%(@1300)
  from x3: 0.53 0.52 0.52 0.52 0.52 0.52 0.52 0.52 0.52 0.52 0.52 0.52 0.52
  per-rule acc: 0.07 0.97
Epoch 1440 | Train: Loss=0.0032 Acc=100.0% | Test: Acc=52.0% | Best=52.0%(@1440)
  from x3: 0.53 0.52 0.52 0.52 0.52 0.52 0.52 0.52 0.52 0.52 0.52 0.52 0.52
  per-rule acc: 0.07 0.97
Epoch 1460 | Train: Loss=0.0032 Acc=100.0% | Test: Acc=52.0% | Best=52.0%(@1440)
  from x3: 0.53 0.52 0.52 0.52 0.52 0.52 0.52 0.52 0.52 0.52 0.52 0.52 0.52
  per-rule acc: 0.07 0.97
Epoch 1480 | Train: Loss=0.0032 Acc=100.0% | Test: Acc=52.0% | Best=52.0%(@1440)
  from x3: 0.53 0.52 0.52 0.52 0.52 0.52 0.52 0.52 0.52 0.52 0.52 0.52 0.52
  per-rule acc: 0.07 0.97
Epoch 1500 | Train: Loss=0.0032 Acc=100.0% | Test: Acc=52.0% | Best=52.0%(@1440)
  from x3: 0.53 0.52 0.52 0.52 0.52 0.52 0.52 0.52 0.52 0.52 0.52 0.52 0.52
  per-rule acc: 0.07 0.97
Epoch 1520 | Train: Loss=0.0032 Acc=100.0% | Test: Acc=52.0% | Best=52.0%(@1440)
  from x3: 0.53 0.52 0.52 0.52 0.52 0.52 0.52 0.52 0.52 0.52 0.52 0.52 0.52
  per-rule acc: 0.07 0.97
Epoch 1540 | Train: Loss=0.0032 Acc=100.0% | Test: Acc=52.0% | Best=52.0%(@1440)
  from x3: 0.53 0.52 0.52 0.52 0.52 0.52 0.52 0.52 0.52 0.52 0.52 0.52 0.52
  per-rule acc: 0.07 0.97
Epoch 1560 | Train: Loss=0.0032 Acc=100.0% | Test: Acc=52.0% | Best=52.0%(@1440)
  from x3: 0.53 0.52 0.52 0.52 0.52 0.52 0.52 0.52 0.52 0.52 0.52 0.52 0.52
  per-rule acc: 0.07 0.97
Epoch 1580 | Train: Loss=0.0032 Acc=100.0% | Test: Acc=52.0% | Best=52.0%(@1440)
  from x3: 0.53 0.52 0.52 0.52 0.52 0.52 0.52 0.52 0.52 0.52 0.52 0.52 0.52
  per-rule acc: 0.07 0.97
Epoch 1600 | Train: Loss=0.0032 Acc=100.0% | Test: Acc=52.0% | Best=52.0%(@1440)
  from x3: 0.53 0.52 0.52 0.52 0.52 0.52 0.52 0.52 0.52 0.52 0.52 0.52 0.52
  per-rule acc: 0.07 0.97
Epoch 1620 | Train: Loss=0.0032 Acc=100.0% | Test: Acc=52.0% | Best=52.0%(@1440)
  from x3: 0.53 0.52 0.52 0.52 0.52 0.52 0.52 0.52 0.52 0.52 0.52 0.52 0.52
  per-rule acc: 0.07 0.97
Epoch 1640 | Train: Loss=0.0032 Acc=100.0% | Test: Acc=52.0% | Best=52.0%(@1440)
  from x3: 0.53 0.52 0.52 0.52 0.52 0.52 0.52 0.52 0.52 0.52 0.52 0.52 0.52
  per-rule acc: 0.07 0.97
Epoch 1660 | Train: Loss=0.0032 Acc=100.0% | Test: Acc=52.0% | Best=52.0%(@1440)
  from x3: 0.53 0.52 0.52 0.52 0.52 0.52 0.52 0.52 0.52 0.52 0.52 0.52 0.52
  per-rule acc: 0.07 0.97
Epoch 1680 | Train: Loss=0.0032 Acc=100.0% | Test: Acc=52.0% | Best=52.0%(@1440)
  from x3: 0.53 0.52 0.52 0.52 0.52 0.52 0.52 0.52 0.52 0.52 0.52 0.52 0.52
  per-rule acc: 0.07 0.97
Epoch 1700 | Train: Loss=0.0032 Acc=100.0% | Test: Acc=52.0% | Best=52.0%(@1440)
  from x3: 0.53 0.52 0.52 0.52 0.52 0.52 0.52 0.52 0.52 0.52 0.52 0.52 0.52
  per-rule acc: 0.07 0.97
Epoch 1720 | Train: Loss=0.0032 Acc=100.0% | Test: Acc=52.0% | Best=52.0%(@1440)
  from x3: 0.53 0.52 0.52 0.52 0.52 0.52 0.52 0.52 0.52 0.52 0.52 0.52 0.52
  per-rule acc: 0.07 0.97
Epoch 1740 | Train: Loss=0.0032 Acc=100.0% | Test: Acc=52.0% | Best=52.0%(@1440)
  from x3: 0.53 0.52 0.52 0.52 0.52 0.52 0.52 0.52 0.52 0.52 0.52 0.52 0.52
  per-rule acc: 0.07 0.97
Epoch 1760 | Train: Loss=0.0032 Acc=100.0% | Test: Acc=52.0% | Best=52.0%(@1440)
  from x3: 0.53 0.52 0.52 0.52 0.52 0.52 0.52 0.52 0.52 0.52 0.52 0.52 0.52
  per-rule acc: 0.07 0.97
Epoch 1780 | Train: Loss=0.0032 Acc=100.0% | Test: Acc=52.0% | Best=52.0%(@1440)
  from x3: 0.53 0.52 0.52 0.52 0.52 0.52 0.52 0.52 0.52 0.52 0.52 0.52 0.52
  per-rule acc: 0.07 0.97
Epoch 1800 | Train: Loss=0.0032 Acc=100.0% | Test: Acc=52.0% | Best=52.0%(@1440)
  from x3: 0.53 0.52 0.52 0.52 0.52 0.52 0.52 0.52 0.52 0.52 0.52 0.52 0.52
  per-rule acc: 0.07 0.97
Epoch 1820 | Train: Loss=0.0032 Acc=100.0% | Test: Acc=52.0% | Best=52.0%(@1440)
  from x3: 0.53 0.52 0.52 0.52 0.52 0.52 0.52 0.52 0.52 0.52 0.52 0.52 0.52
  per-rule acc: 0.07 0.97
Epoch 1840 | Train: Loss=0.0032 Acc=100.0% | Test: Acc=52.0% | Best=52.0%(@1440)
  from x3: 0.53 0.52 0.52 0.52 0.52 0.52 0.52 0.52 0.52 0.52 0.52 0.52 0.52
  per-rule acc: 0.07 0.97
Epoch 1860 | Train: Loss=0.0032 Acc=100.0% | Test: Acc=52.0% | Best=52.0%(@1440)
  from x3: 0.53 0.52 0.52 0.52 0.52 0.52 0.52 0.52 0.52 0.52 0.52 0.52 0.52
  per-rule acc: 0.07 0.97
Epoch 1880 | Train: Loss=0.0032 Acc=100.0% | Test: Acc=52.0% | Best=52.0%(@1440)
  from x3: 0.53 0.52 0.52 0.52 0.52 0.52 0.52 0.52 0.52 0.52 0.52 0.52 0.52
  per-rule acc: 0.07 0.97
Epoch 1900 | Train: Loss=0.0032 Acc=100.0% | Test: Acc=52.0% | Best=52.0%(@1440)
  from x3: 0.53 0.52 0.52 0.52 0.52 0.52 0.52 0.52 0.52 0.52 0.52 0.52 0.52
  per-rule acc: 0.07 0.97
Epoch 1920 | Train: Loss=0.0032 Acc=100.0% | Test: Acc=52.0% | Best=52.0%(@1440)
  from x3: 0.53 0.52 0.52 0.52 0.52 0.52 0.52 0.52 0.52 0.52 0.52 0.52 0.52
  per-rule acc: 0.07 0.97
Epoch 1940 | Train: Loss=0.0032 Acc=100.0% | Test: Acc=52.0% | Best=52.0%(@1440)
  from x3: 0.53 0.52 0.52 0.52 0.52 0.52 0.52 0.52 0.52 0.52 0.52 0.52 0.52
  per-rule acc: 0.07 0.97
Epoch 1960 | Train: Loss=0.0032 Acc=100.0% | Test: Acc=52.0% | Best=52.0%(@1440)
  from x3: 0.53 0.52 0.52 0.52 0.52 0.52 0.52 0.52 0.52 0.52 0.52 0.52 0.52
  per-rule acc: 0.07 0.97
Epoch 1980 | Train: Loss=0.0032 Acc=100.0% | Test: Acc=52.0% | Best=52.0%(@1440)
  from x3: 0.53 0.52 0.52 0.52 0.52 0.52 0.52 0.52 0.52 0.52 0.52 0.52 0.52
  per-rule acc: 0.07 0.97
Epoch 2000 | Train: Loss=0.0032 Acc=100.0% | Test: Acc=52.0% | Best=52.0%(@1440)
  from x3: 0.53 0.52 0.52 0.52 0.52 0.52 0.52 0.52 0.52 0.52 0.52 0.52 0.52
  per-rule acc: 0.07 0.97
Epoch 2020 | Train: Loss=0.0032 Acc=100.0% | Test: Acc=52.0% | Best=52.0%(@1440)
  from x3: 0.53 0.52 0.52 0.52 0.52 0.52 0.52 0.52 0.52 0.52 0.52 0.52 0.52
  per-rule acc: 0.07 0.97
Epoch 2040 | Train: Loss=0.0032 Acc=100.0% | Test: Acc=52.0% | Best=52.0%(@1440)
  from x3: 0.53 0.52 0.52 0.52 0.52 0.52 0.52 0.52 0.52 0.52 0.52 0.52 0.52
  per-rule acc: 0.07 0.97
Epoch 2060 | Train: Loss=0.0032 Acc=100.0% | Test: Acc=52.0% | Best=52.0%(@1440)
  from x3: 0.53 0.52 0.52 0.52 0.52 0.52 0.52 0.52 0.52 0.52 0.52 0.52 0.52
  per-rule acc: 0.07 0.97
Epoch 2080 | Train: Loss=0.0032 Acc=100.0% | Test: Acc=52.0% | Best=52.0%(@1440)
  from x3: 0.53 0.52 0.52 0.52 0.52 0.52 0.52 0.52 0.52 0.52 0.52 0.52 0.52
  per-rule acc: 0.07 0.97
Epoch 2100 | Train: Loss=0.0032 Acc=100.0% | Test: Acc=52.0% | Best=52.0%(@1440)
  from x3: 0.53 0.52 0.52 0.52 0.52 0.52 0.52 0.52 0.52 0.52 0.52 0.52 0.52
  per-rule acc: 0.07 0.97
Epoch 2120 | Train: Loss=0.0032 Acc=100.0% | Test: Acc=52.0% | Best=52.0%(@1440)
  from x3: 0.53 0.52 0.52 0.52 0.52 0.52 0.52 0.52 0.52 0.52 0.52 0.52 0.52
  per-rule acc: 0.07 0.97
Epoch 2140 | Train: Loss=0.0032 Acc=100.0% | Test: Acc=52.0% | Best=52.0%(@1440)
  from x3: 0.53 0.52 0.52 0.52 0.52 0.52 0.52 0.52 0.52 0.52 0.52 0.52 0.52
  per-rule acc: 0.07 0.97
Epoch 2160 | Train: Loss=0.0032 Acc=100.0% | Test: Acc=52.0% | Best=52.0%(@1440)
  from x3: 0.53 0.52 0.52 0.52 0.52 0.52 0.52 0.52 0.52 0.52 0.52 0.52 0.52
  per-rule acc: 0.07 0.97
Epoch 2180 | Train: Loss=0.0032 Acc=100.0% | Test: Acc=52.0% | Best=52.0%(@1440)
  from x3: 0.53 0.52 0.52 0.52 0.52 0.52 0.52 0.52 0.52 0.52 0.52 0.52 0.52
  per-rule acc: 0.07 0.97
Epoch 2200 | Train: Loss=0.0032 Acc=100.0% | Test: Acc=52.0% | Best=52.0%(@1440)
  from x3: 0.53 0.52 0.52 0.52 0.52 0.52 0.52 0.52 0.52 0.52 0.52 0.52 0.52
  per-rule acc: 0.07 0.97
Epoch 2220 | Train: Loss=0.0032 Acc=100.0% | Test: Acc=52.0% | Best=52.0%(@1440)
  from x3: 0.53 0.52 0.52 0.52 0.52 0.52 0.52 0.52 0.52 0.52 0.52 0.52 0.52
  per-rule acc: 0.07 0.97
Epoch 2240 | Train: Loss=0.0032 Acc=100.0% | Test: Acc=52.0% | Best=52.0%(@1440)
  from x3: 0.53 0.52 0.52 0.52 0.52 0.52 0.52 0.52 0.52 0.52 0.52 0.52 0.52
  per-rule acc: 0.07 0.97
Epoch 2260 | Train: Loss=0.0032 Acc=100.0% | Test: Acc=52.0% | Best=52.0%(@1440)
  from x3: 0.53 0.52 0.52 0.52 0.52 0.52 0.52 0.52 0.52 0.52 0.52 0.52 0.52
  per-rule acc: 0.07 0.97
Epoch 2280 | Train: Loss=0.0032 Acc=100.0% | Test: Acc=52.0% | Best=52.0%(@1440)
  from x3: 0.53 0.52 0.52 0.52 0.52 0.52 0.52 0.52 0.52 0.52 0.52 0.52 0.52
  per-rule acc: 0.07 0.97
Epoch 2300 | Train: Loss=0.0032 Acc=100.0% | Test: Acc=52.0% | Best=52.0%(@1440)
  from x3: 0.53 0.52 0.52 0.52 0.52 0.52 0.52 0.52 0.52 0.52 0.52 0.52 0.52
  per-rule acc: 0.07 0.97
Epoch 2320 | Train: Loss=0.0032 Acc=100.0% | Test: Acc=52.0% | Best=52.0%(@1440)
  from x3: 0.53 0.52 0.52 0.52 0.52 0.52 0.52 0.52 0.52 0.52 0.52 0.52 0.52
  per-rule acc: 0.07 0.97
Epoch 2340 | Train: Loss=0.0032 Acc=100.0% | Test: Acc=52.0% | Best=52.0%(@1440)
  from x3: 0.53 0.52 0.52 0.52 0.52 0.52 0.52 0.52 0.52 0.52 0.52 0.52 0.52
  per-rule acc: 0.07 0.97
Epoch 2360 | Train: Loss=0.0032 Acc=100.0% | Test: Acc=52.0% | Best=52.0%(@1440)
  from x3: 0.53 0.52 0.52 0.52 0.52 0.52 0.52 0.52 0.52 0.52 0.52 0.52 0.52
  per-rule acc: 0.07 0.97
Epoch 2380 | Train: Loss=0.0032 Acc=100.0% | Test: Acc=52.0% | Best=52.0%(@1440)
  from x3: 0.53 0.52 0.52 0.52 0.52 0.52 0.52 0.52 0.52 0.52 0.52 0.52 0.52
  per-rule acc: 0.07 0.97
Epoch 2400 | Train: Loss=0.0032 Acc=100.0% | Test: Acc=52.0% | Best=52.0%(@1440)
  from x3: 0.53 0.52 0.52 0.52 0.52 0.52 0.52 0.52 0.52 0.52 0.52 0.52 0.52
  per-rule acc: 0.07 0.97
Epoch 2420 | Train: Loss=0.0032 Acc=100.0% | Test: Acc=52.0% | Best=52.0%(@1440)
  from x3: 0.53 0.52 0.52 0.52 0.52 0.52 0.52 0.52 0.52 0.52 0.52 0.52 0.52
  per-rule acc: 0.07 0.97
Epoch 2440 | Train: Loss=0.0032 Acc=100.0% | Test: Acc=52.0% | Best=52.0%(@1440)
  from x3: 0.53 0.52 0.52 0.52 0.52 0.52 0.52 0.52 0.52 0.52 0.52 0.52 0.52
  per-rule acc: 0.07 0.97
[Early stop] No improvement for 1000 consecutive epochs

==================================================
Saving model...
[OK] Model saved to: /home/cxm/ai/test0629-fix/models/mixed_cond_d128l1_r8_n2_e50_fixLINEAR_start85.pth
  File size: 1418.5 KB
  Best test accuracy: 52.02%

[Config] SKIP_FINAL_GENERATION_TEST=true, skipping final generation test.

--- Return code: 0 ---

======================================================================
Attention Analysis
======================================================================
Model config: addition (default), p=53
Best test accuracy: 0.5202299479879551
Training epochs: 2440

Random test sequence 1/5 (length 32): [0, 8, 8, 16, 24, 40, 11, 51, 9, 7, 16, 23, 39, 9, 48, 4, 52, 3, 2, 5]...

======================================================================
Attention Layer Training Result Summary
======================================================================
Input sequence: [0, 8, 8, 16, 24, 40, 11, 51, 9, 7, 16, 23, 39, 9, 48, 4, 52, 3, 2, 5, 7, 12, 19, 31, 50, 28, 25, 0, 25, 25, 50, 22]

--- Layer 0 ---
  Head 0: Entropy=1.596
    Attention coefficients from each query position to previous positions:
      i= 0 -> j=0:1.000
      i= 1 -> j=0:0.365, j=1:0.635
      i= 2 -> j=0:0.189, j=1:0.335, j=2:0.476
      i= 3 -> j=0:0.086, j=1:0.184, j=2:0.311, j=3:0.419
      i= 4 -> j=0:0.037, j=1:0.094, j=2:0.179, j=3:0.183, j=4:0.507
      i= 5 -> j=0:0.011, j=1:0.031, j=2:0.081, j=3:0.109, j=4:0.297, j=5:0.472
      i= 6 -> j=0:0.005, j=1:0.009, j=2:0.026, j=3:0.047, j=4:0.127, j=5:0.253, j=6:0.533
      i= 7 -> j=0:0.008, j=1:0.010, j=2:0.024, j=3:0.047, j=4:0.099, j=5:0.185, j=6:0.264, j=7:0.362
      i= 8 -> j=0:0.009, j=1:0.009, j=2:0.013, j=3:0.023, j=4:0.056, j=5:0.114, j=6:0.199, j=7:0.233, j=8:0.344
      i= 9 -> j=0:0.001, j=1:0.001, j=2:0.001, j=3:0.001, j=4:0.003, j=5:0.012, j=6:0.059, j=7:0.112, j=8:0.209, j=9:0.601
      i=10 -> j=0:0.010, j=1:0.008, j=2:0.006, j=3:0.006, j=4:0.007, j=5:0.011, j=6:0.031, j=7:0.077, j=8:0.149, j=9:0.290, j=10:0.405
      i=11 -> j=0:0.016, j=1:0.015, j=2:0.012, j=3:0.009, j=4:0.008, j=5:0.008, j=6:0.017, j=7:0.043, j=8:0.075, j=9:0.121, j=10:0.194, j=11:0.482
      i=12 -> j=0:0.003, j=1:0.002, j=2:0.002, j=3:0.001, j=4:0.001, j=5:0.001, j=6:0.001, j=7:0.004, j=8:0.011, j=9:0.020, j=10:0.070, j=11:0.241, j=12:0.643
      i=13 -> j=0:0.011, j=1:0.011, j=2:0.011, j=3:0.011, j=4:0.008, j=5:0.005, j=6:0.006, j=7:0.013, j=8:0.026, j=9:0.039, j=10:0.090, j=11:0.181, j=12:0.281, j=13:0.307
      i=14 -> j=0:0.008, j=1:0.006, j=2:0.005, j=3:0.005, j=4:0.005, j=5:0.003, j=6:0.003, j=7:0.003, j=8:0.005, j=9:0.004, j=10:0.019, j=11:0.062, j=12:0.131, j=13:0.245, j=14:0.494
      i=15 -> j=0:0.004, j=1:0.002, j=2:0.002, j=3:0.002, j=4:0.002, j=5:0.002, j=6:0.001, j=7:0.001, j=8:0.001, j=9:0.001, j=10:0.003, j=11:0.015, j=12:0.040, j=13:0.085, j=14:0.208, j=15:0.630
      i=16 -> j=0:0.011, j=1:0.007, j=2:0.006, j=3:0.004, j=4:0.004, j=5:0.004, j=6:0.004, j=7:0.004, j=8:0.003, j=9:0.001, j=10:0.002, j=11:0.007, j=12:0.012, j=13:0.043, j=14:0.147, j=15:0.260, j=16:0.482
      i=17 -> j=0:0.015, j=1:0.012, j=2:0.009, j=3:0.006, j=4:0.005, j=5:0.004, j=6:0.004, j=7:0.005, j=8:0.004, j=9:0.001, j=10:0.003, j=11:0.006, j=12:0.006, j=13:0.025, j=14:0.074, j=15:0.145, j=16:0.227, j=17:0.449
      i=18 -> j=0:0.009, j=1:0.008, j=2:0.007, j=3:0.006, j=4:0.004, j=5:0.003, j=6:0.003, j=7:0.004, j=8:0.003, j=9:0.001, j=10:0.002, j=11:0.002, j=12:0.002, j=13:0.007, j=14:0.022, j=15:0.048, j=16:0.113, j=17:0.227, j=18:0.528
      i=19 -> j=0:0.019, j=1:0.018, j=2:0.014, j=3:0.012, j=4:0.008, j=5:0.006, j=6:0.006, j=7:0.009, j=8:0.008, j=9:0.004, j=10:0.005, j=11:0.005, j=12:0.003, j=13:0.006, j=14:0.010, j=15:0.011, j=16:0.037, j=17:0.092, j=18:0.228, j=19:0.499
      i=20 -> j=0:0.007, j=1:0.006, j=2:0.005, j=3:0.006, j=4:0.005, j=5:0.003, j=6:0.002, j=7:0.002, j=8:0.002, j=9:0.001, j=10:0.002, j=11:0.001, j=12:0.000, j=13:0.001, j=14:0.001, j=15:0.002, j=16:0.016, j=17:0.041, j=18:0.112, j=19:0.178, j=20:0.607
      i=21 -> j=0:0.012, j=1:0.009, j=2:0.007, j=3:0.006, j=4:0.009, j=5:0.009, j=6:0.005, j=7:0.004, j=8:0.003, j=9:0.002, j=10:0.003, j=11:0.003, j=12:0.002, j=13:0.002, j=14:0.001, j=15:0.001, j=16:0.007, j=17:0.026, j=18:0.073, j=19:0.108, j=20:0.201, j=21:0.506
      i=22 -> j=0:0.028, j=1:0.029, j=2:0.028, j=3:0.023, j=4:0.023, j=5:0.020, j=6:0.015, j=7:0.013, j=8:0.012, j=9:0.009, j=10:0.011, j=11:0.013, j=12:0.008, j=13:0.009, j=14:0.007, j=15:0.004, j=16:0.007, j=17:0.011, j=18:0.019, j=19:0.042, j=20:0.080, j=21:0.265, j=22:0.325
      i=23 -> j=0:0.033, j=1:0.032, j=2:0.026, j=3:0.015, j=4:0.013, j=5:0.013, j=6:0.013, j=7:0.013, j=8:0.010, j=9:0.006, j=10:0.006, j=11:0.007, j=12:0.005, j=13:0.005, j=14:0.004, j=15:0.002, j=16:0.002, j=17:0.003, j=18:0.005, j=19:0.016, j=20:0.030, j=21:0.117, j=22:0.189, j=23:0.437
      i=24 -> j=0:0.030, j=1:0.034, j=2:0.034, j=3:0.028, j=4:0.022, j=5:0.018, j=6:0.022, j=7:0.025, j=8:0.023, j=9:0.014, j=10:0.015, j=11:0.013, j=12:0.010, j=13:0.015, j=14:0.014, j=15:0.008, j=16:0.009, j=17:0.009, j=18:0.011, j=19:0.027, j=20:0.056, j=21:0.126, j=22:0.131, j=23:0.142, j=24:0.167
      i=25 -> j=0:0.030, j=1:0.026, j=2:0.022, j=3:0.018, j=4:0.014, j=5:0.012, j=6:0.013, j=7:0.013, j=8:0.012, j=9:0.007, j=10:0.007, j=11:0.006, j=12:0.004, j=13:0.005, j=14:0.004, j=15:0.002, j=16:0.002, j=17:0.002, j=18:0.001, j=19:0.003, j=20:0.003, j=21:0.015, j=22:0.053, j=23:0.111, j=24:0.176, j=25:0.438
      i=26 -> j=0:0.014, j=1:0.014, j=2:0.014, j=3:0.014, j=4:0.012, j=5:0.009, j=6:0.006, j=7:0.005, j=8:0.006, j=9:0.004, j=10:0.005, j=11:0.003, j=12:0.002, j=13:0.002, j=14:0.002, j=15:0.001, j=16:0.001, j=17:0.001, j=18:0.001, j=19:0.001, j=20:0.001, j=21:0.003, j=22:0.013, j=23:0.037, j=24:0.080, j=25:0.186, j=26:0.561
      i=27 -> j=0:0.038, j=1:0.028, j=2:0.026, j=3:0.029, j=4:0.034, j=5:0.030, j=6:0.024, j=7:0.018, j=8:0.017, j=9:0.014, j=10:0.014, j=11:0.013, j=12:0.009, j=13:0.010, j=14:0.007, j=15:0.006, j=16:0.007, j=17:0.006, j=18:0.004, j=19:0.004, j=20:0.002, j=21:0.004, j=22:0.009, j=23:0.018, j=24:0.033, j=25:0.058, j=26:0.216, j=27:0.321
      i=28 -> j=0:0.011, j=1:0.014, j=2:0.013, j=3:0.013, j=4:0.017, j=5:0.014, j=6:0.009, j=7:0.008, j=8:0.007, j=9:0.005, j=10:0.005, j=11:0.005, j=12:0.004, j=13:0.003, j=14:0.002, j=15:0.001, j=16:0.001, j=17:0.001, j=18:0.001, j=19:0.001, j=20:0.000, j=21:0.001, j=22:0.002, j=23:0.003, j=24:0.016, j=25:0.029, j=26:0.147, j=27:0.140, j=28:0.526
      i=29 -> j=0:0.009, j=1:0.012, j=2:0.012, j=3:0.011, j=4:0.015, j=5:0.012, j=6:0.010, j=7:0.009, j=8:0.007, j=9:0.005, j=10:0.005, j=11:0.005, j=12:0.004, j=13:0.004, j=14:0.003, j=15:0.001, j=16:0.001, j=17:0.001, j=18:0.001, j=19:0.001, j=20:0.000, j=21:0.000, j=22:0.001, j=23:0.001, j=24:0.006, j=25:0.008, j=26:0.040, j=27:0.086, j=28:0.277, j=29:0.452
      i=30 -> j=0:0.022, j=1:0.028, j=2:0.029, j=3:0.027, j=4:0.024, j=5:0.020, j=6:0.022, j=7:0.026, j=8:0.023, j=9:0.018, j=10:0.016, j=11:0.016, j=12:0.015, j=13:0.018, j=14:0.017, j=15:0.011, j=16:0.010, j=17:0.008, j=18:0.007, j=19:0.010, j=20:0.007, j=21:0.007, j=22:0.007, j=23:0.006, j=24:0.019, j=25:0.020, j=26:0.048, j=27:0.094, j=28:0.143, j=29:0.157, j=30:0.124
      i=31 -> j=0:0.025, j=1:0.029, j=2:0.031, j=3:0.029, j=4:0.025, j=5:0.025, j=6:0.027, j=7:0.030, j=8:0.031, j=9:0.033, j=10:0.023, j=11:0.016, j=12:0.011, j=13:0.012, j=14:0.009, j=15:0.007, j=16:0.007, j=17:0.006, j=18:0.004, j=19:0.005, j=20:0.003, j=21:0.002, j=22:0.003, j=23:0.002, j=24:0.005, j=25:0.003, j=26:0.003, j=27:0.014, j=28:0.024, j=29:0.082, j=30:0.142, j=31:0.333
    Average attention per distance:
      d=0:0.471, d=1:0.230, d=2:0.126, d=3:0.061, d=4:0.025, d=16:0.010, d=17:0.012, d=18:0.012
      d=19:0.012, d=20:0.014, d=21:0.018, d=22:0.023, d=23:0.024, d=24:0.023, d=25:0.021, d=26:0.019
      d=27:0.023, d=28:0.020, d=29:0.023, d=30:0.026, d=31:0.025


======================================================================
QK Property Verification (Raw Scores, before Softmax)
======================================================================
Recurrence order init_len=2, num test sequences=1

--- [P1] Long-distance Orthogonality Verification ---
Ideal: raw_score mean ≈ 0 and small std when d > init_len

  Layer 0, Head 0:
    d= 1 (effective): mean=  1.987, std= 0.389, n=31
    d= 2 (effective): mean=  1.388, std= 0.348, n=30
    d>2 (long-distance): mean= -1.244, std= 1.023, n=435

--- [P2] Time-homogeneous Verification ---
Ideal: CV of raw_score across positions i ≈ 0 for fixed distance d
(CV = std / |mean|, smaller = more constant)

  Layer 0, Head 0:
    d= 1: mean=  1.987, std= 0.389, CV=0.196, n=31
    d= 2: mean=  1.388, std= 0.348, CV=0.251, n=30

======================================================================
QK Property Verification Completed
======================================================================
