=== Experiment: mixed_cond_d128l1_r8_n2_e50_fixLINEAR_start90 ===
Time: 2026-06-30T07:14:03.814095
Task type: mixed_ab
Merged config: {
  "P": 53,
  "TASK": "mixed_ab",
  "NUM_MASK": 0,
  "A": 1,
  "B": 1,
  "AB_PAIRS": [
    [
      1,
      1
    ],
    [
      1,
      2
    ]
  ],
  "D_MODEL": 128,
  "N_HEAD": 1,
  "N_LAYER": 1,
  "BATCH_SIZE": 128,
  "EPOCHS": 10000,
  "LR": 0.0003,
  "SAVE_PATH": "models/mixed_cond_d128l1_r8_n2_e50_fixLINEAR_start90.pth",
  "USE_GREEDY_GENERATE": true,
  "USE_LEARNABLE_PE": false,
  "MLP_RATIO": 8,
  "TRAIN_LEN": 16,
  "OOD_LEN": 32,
  "DROPOUT": 0.0,
  "TARGET_INIT_COVERAGE": 0.5,
  "MAX_UNIQUE_RATIO": 0.5,
  "WEIGHT_DECAY": 1,
  "ENTROPY_PENALTY_WEIGHT": 0.0,
  "FIRST_TASK_WEIGHT": 1.0,
  "RANDOM_SEED": 42,
  "EVAL_INTERVAL": 20,
  "EARLY_STOP_NO_IMPROVE": 1000,
  "EARLY_STOP_ACCURACY": 0.99,
  "SKIP_FINAL_GENERATION_TEST": true,
  "USE_AB_TAG": false,
  "USE_CONDITIONAL_WTE": true,
  "COND_WTE_SHARED_RATIO": 0.0,
  "MIXED_AB_MAX_UNIQUE_RATIOS": [
    0.5,
    0.5
  ],
  "COND_FIX": "LINEAR",
  "COND_FIX_START": 0.9
}
--- output ---
Using device: cuda

[Dataset] Mixed mode: generated 2808 + 2810 samples, length 16
AB parameter pairs: [(1, 1), (1, 2)]
  - AB=(1,1): train 1404 | test 1405 | exposed ~50.0%
  - AB=(1,2): train 1404 | test 1405 | exposed ~50.0%
--------------------------------------------------
[Model config] block_size: 32, train length: 16
[Number theory] AB parameter pairs: [(1, 1), (1, 2)]


Model parameters: 0.36M

Start training...
Epoch   0 | Train: Loss=4.1894 Acc=3.6% | Test: Acc=0.3% | Best=0.3%(@0)
  from x3: 0.00 0.00 0.00 0.00 0.00 0.00 0.00 0.00 0.00 0.00 0.00 0.00 0.00
  per-rule acc: 0.00 0.00
Epoch  20 | Train: Loss=0.9535 Acc=96.0% | Test: Acc=0.2% | Best=0.3%(@0)
  from x3: 0.01 0.00 0.00 0.00 0.00 0.00 0.00 0.00 0.00 0.00 0.00 0.00 0.00
  per-rule acc: 0.00 0.00
Epoch  40 | Train: Loss=0.1676 Acc=99.0% | Test: Acc=0.7% | Best=0.7%(@40)
  from x3: 0.02 0.01 0.01 0.01 0.01 0.01 0.01 0.01 0.01 0.01 0.01 0.01 0.00
  per-rule acc: 0.01 0.01
Epoch  60 | Train: Loss=0.0758 Acc=99.2% | Test: Acc=1.3% | Best=1.3%(@60)
  from x3: 0.02 0.01 0.01 0.01 0.01 0.01 0.01 0.01 0.01 0.01 0.01 0.01 0.01
  per-rule acc: 0.01 0.01
Epoch  80 | Train: Loss=0.0525 Acc=99.5% | Test: Acc=1.4% | Best=1.4%(@80)
  from x3: 0.02 0.02 0.01 0.01 0.01 0.01 0.01 0.01 0.01 0.01 0.01 0.01 0.01
  per-rule acc: 0.01 0.01
Epoch 100 | Train: Loss=0.0429 Acc=99.6% | Test: Acc=1.5% | Best=1.5%(@100)
  from x3: 0.02 0.02 0.01 0.01 0.01 0.01 0.01 0.01 0.01 0.01 0.01 0.01 0.02
  per-rule acc: 0.02 0.01
Epoch 120 | Train: Loss=0.0361 Acc=99.8% | Test: Acc=1.6% | Best=1.6%(@120)
  from x3: 0.02 0.02 0.02 0.02 0.02 0.02 0.02 0.02 0.02 0.02 0.02 0.02 0.02
  per-rule acc: 0.02 0.02
Epoch 140 | Train: Loss=0.0303 Acc=99.8% | Test: Acc=1.7% | Best=1.7%(@140)
  from x3: 0.02 0.02 0.02 0.02 0.02 0.02 0.02 0.02 0.02 0.02 0.02 0.02 0.02
  per-rule acc: 0.02 0.02
Epoch 160 | Train: Loss=0.0256 Acc=99.9% | Test: Acc=1.8% | Best=1.8%(@160)
  from x3: 0.02 0.02 0.02 0.02 0.02 0.02 0.02 0.02 0.02 0.02 0.02 0.02 0.02
  per-rule acc: 0.02 0.02
Epoch 180 | Train: Loss=0.0220 Acc=99.9% | Test: Acc=1.9% | Best=1.9%(@180)
  from x3: 0.02 0.02 0.02 0.02 0.02 0.02 0.02 0.02 0.02 0.02 0.02 0.02 0.02
  per-rule acc: 0.02 0.02
Epoch 200 | Train: Loss=0.0186 Acc=100.0% | Test: Acc=2.0% | Best=2.0%(@200)
  from x3: 0.02 0.02 0.02 0.02 0.02 0.02 0.02 0.02 0.02 0.02 0.02 0.02 0.02
  per-rule acc: 0.02 0.02
Epoch 220 | Train: Loss=0.0161 Acc=100.0% | Test: Acc=2.0% | Best=2.0%(@220)
  from x3: 0.02 0.02 0.02 0.02 0.02 0.02 0.02 0.02 0.02 0.02 0.02 0.02 0.02
  per-rule acc: 0.02 0.02
Epoch 240 | Train: Loss=0.0139 Acc=100.0% | Test: Acc=2.0% | Best=2.0%(@240)
  from x3: 0.02 0.02 0.02 0.02 0.02 0.02 0.02 0.02 0.02 0.02 0.02 0.02 0.02
  per-rule acc: 0.02 0.02
Epoch 260 | Train: Loss=0.0124 Acc=100.0% | Test: Acc=2.1% | Best=2.1%(@260)
  from x3: 0.02 0.02 0.02 0.02 0.02 0.02 0.02 0.02 0.02 0.02 0.02 0.02 0.02
  per-rule acc: 0.02 0.02
Epoch 280 | Train: Loss=0.0160 Acc=100.0% | Test: Acc=2.0% | Best=2.1%(@260)
  from x3: 0.02 0.02 0.02 0.02 0.02 0.02 0.02 0.02 0.02 0.02 0.02 0.02 0.02
  per-rule acc: 0.02 0.02
Epoch 300 | Train: Loss=0.0128 Acc=100.0% | Test: Acc=2.0% | Best=2.1%(@260)
  from x3: 0.02 0.02 0.02 0.02 0.02 0.02 0.02 0.02 0.02 0.02 0.02 0.02 0.02
  per-rule acc: 0.02 0.02
Epoch 320 | Train: Loss=0.0109 Acc=100.0% | Test: Acc=2.0% | Best=2.1%(@260)
  from x3: 0.02 0.02 0.02 0.02 0.02 0.02 0.02 0.02 0.02 0.02 0.02 0.02 0.02
  per-rule acc: 0.02 0.02
Epoch 340 | Train: Loss=0.0103 Acc=100.0% | Test: Acc=2.0% | Best=2.1%(@260)
  from x3: 0.02 0.02 0.02 0.02 0.02 0.02 0.02 0.02 0.02 0.02 0.02 0.02 0.02
  per-rule acc: 0.02 0.02
Epoch 360 | Train: Loss=0.0698 Acc=100.0% | Test: Acc=1.9% | Best=2.1%(@260)
  from x3: 0.02 0.02 0.02 0.02 0.02 0.02 0.02 0.02 0.02 0.02 0.02 0.02 0.02
  per-rule acc: 0.02 0.02
Epoch 380 | Train: Loss=0.0134 Acc=99.9% | Test: Acc=2.1% | Best=2.1%(@380)
  from x3: 0.02 0.02 0.02 0.02 0.02 0.02 0.02 0.02 0.02 0.02 0.02 0.02 0.02
  per-rule acc: 0.02 0.02
Epoch 400 | Train: Loss=0.0105 Acc=100.0% | Test: Acc=2.3% | Best=2.3%(@400)
  from x3: 0.02 0.02 0.02 0.02 0.02 0.02 0.02 0.02 0.02 0.02 0.02 0.02 0.02
  per-rule acc: 0.02 0.03
Epoch 420 | Train: Loss=0.0140 Acc=100.0% | Test: Acc=2.5% | Best=2.5%(@420)
  from x3: 0.02 0.02 0.02 0.02 0.02 0.02 0.02 0.02 0.02 0.02 0.02 0.03 0.02
  per-rule acc: 0.02 0.03
Epoch 440 | Train: Loss=0.0137 Acc=100.0% | Test: Acc=2.5% | Best=2.5%(@440)
  from x3: 0.03 0.02 0.02 0.03 0.03 0.03 0.02 0.02 0.02 0.02 0.02 0.02 0.02
  per-rule acc: 0.02 0.03
Epoch 460 | Train: Loss=0.0113 Acc=100.0% | Test: Acc=2.4% | Best=2.5%(@440)
  from x3: 0.02 0.02 0.02 0.02 0.02 0.02 0.02 0.02 0.02 0.02 0.02 0.02 0.02
  per-rule acc: 0.02 0.03
Epoch 480 | Train: Loss=0.0130 Acc=100.0% | Test: Acc=2.8% | Best=2.8%(@480)
  from x3: 0.03 0.03 0.03 0.03 0.03 0.03 0.03 0.03 0.03 0.03 0.03 0.03 0.03
  per-rule acc: 0.02 0.03
Epoch 500 | Train: Loss=0.0136 Acc=100.0% | Test: Acc=2.7% | Best=2.8%(@480)
  from x3: 0.03 0.03 0.03 0.03 0.03 0.03 0.03 0.03 0.03 0.03 0.03 0.03 0.03
  per-rule acc: 0.02 0.03
Epoch 520 | Train: Loss=0.0087 Acc=100.0% | Test: Acc=2.8% | Best=2.8%(@480)
  from x3: 0.03 0.03 0.03 0.03 0.03 0.03 0.03 0.03 0.03 0.03 0.03 0.03 0.03
  per-rule acc: 0.02 0.03
Epoch 540 | Train: Loss=0.0116 Acc=100.0% | Test: Acc=2.9% | Best=2.9%(@540)
  from x3: 0.03 0.03 0.03 0.03 0.03 0.03 0.03 0.03 0.03 0.03 0.03 0.03 0.03
  per-rule acc: 0.02 0.04
Epoch 560 | Train: Loss=0.0122 Acc=100.0% | Test: Acc=3.2% | Best=3.2%(@560)
  from x3: 0.04 0.03 0.03 0.03 0.03 0.03 0.03 0.03 0.03 0.03 0.03 0.03 0.03
  per-rule acc: 0.03 0.04
Epoch 580 | Train: Loss=0.0104 Acc=100.0% | Test: Acc=3.3% | Best=3.3%(@580)
  from x3: 0.04 0.03 0.03 0.03 0.03 0.03 0.03 0.03 0.03 0.03 0.03 0.03 0.03
  per-rule acc: 0.02 0.04
Epoch 600 | Train: Loss=0.0101 Acc=99.9% | Test: Acc=3.8% | Best=3.8%(@600)
  from x3: 0.05 0.04 0.04 0.04 0.04 0.04 0.04 0.04 0.04 0.04 0.04 0.04 0.04
  per-rule acc: 0.03 0.05
Epoch 620 | Train: Loss=0.0090 Acc=100.0% | Test: Acc=4.0% | Best=4.0%(@620)
  from x3: 0.05 0.04 0.04 0.04 0.04 0.04 0.04 0.04 0.04 0.04 0.04 0.04 0.04
  per-rule acc: 0.03 0.05
Epoch 640 | Train: Loss=0.0092 Acc=100.0% | Test: Acc=4.4% | Best=4.4%(@640)
  from x3: 0.05 0.04 0.04 0.04 0.04 0.04 0.04 0.04 0.04 0.04 0.04 0.04 0.04
  per-rule acc: 0.03 0.06
Epoch 660 | Train: Loss=0.0122 Acc=100.0% | Test: Acc=5.4% | Best=5.4%(@660)
  from x3: 0.06 0.05 0.05 0.05 0.05 0.05 0.05 0.05 0.05 0.05 0.05 0.05 0.05
  per-rule acc: 0.03 0.08
Epoch 680 | Train: Loss=0.0123 Acc=99.9% | Test: Acc=7.2% | Best=7.2%(@680)
  from x3: 0.08 0.07 0.07 0.07 0.07 0.07 0.07 0.07 0.07 0.07 0.07 0.07 0.07
  per-rule acc: 0.04 0.11
Epoch 700 | Train: Loss=0.0116 Acc=100.0% | Test: Acc=8.0% | Best=8.0%(@700)
  from x3: 0.09 0.08 0.08 0.08 0.08 0.08 0.08 0.08 0.08 0.08 0.08 0.08 0.08
  per-rule acc: 0.04 0.12
Epoch 720 | Train: Loss=0.0115 Acc=100.0% | Test: Acc=9.3% | Best=9.3%(@720)
  from x3: 0.10 0.09 0.09 0.09 0.09 0.09 0.09 0.09 0.09 0.09 0.09 0.09 0.09
  per-rule acc: 0.04 0.15
Epoch 740 | Train: Loss=0.0104 Acc=100.0% | Test: Acc=11.5% | Best=11.5%(@740)
  from x3: 0.12 0.11 0.11 0.11 0.11 0.11 0.11 0.11 0.11 0.11 0.11 0.11 0.11
  per-rule acc: 0.04 0.19
Epoch 760 | Train: Loss=0.0156 Acc=99.9% | Test: Acc=14.4% | Best=14.4%(@760)
  from x3: 0.15 0.14 0.14 0.14 0.14 0.14 0.14 0.14 0.14 0.14 0.14 0.14 0.14
  per-rule acc: 0.04 0.25
Epoch 780 | Train: Loss=0.0084 Acc=100.0% | Test: Acc=19.3% | Best=19.3%(@780)
  from x3: 0.21 0.19 0.19 0.19 0.19 0.19 0.19 0.19 0.19 0.19 0.19 0.19 0.19
  per-rule acc: 0.04 0.34
Epoch 800 | Train: Loss=0.0107 Acc=100.0% | Test: Acc=23.9% | Best=23.9%(@800)
  from x3: 0.25 0.24 0.24 0.24 0.24 0.24 0.24 0.24 0.24 0.24 0.24 0.24 0.24
  per-rule acc: 0.05 0.43
Epoch 820 | Train: Loss=0.0084 Acc=100.0% | Test: Acc=31.6% | Best=31.6%(@820)
  from x3: 0.32 0.32 0.32 0.31 0.31 0.31 0.31 0.31 0.32 0.31 0.31 0.31 0.31
  per-rule acc: 0.04 0.59
Epoch 840 | Train: Loss=0.0938 Acc=99.4% | Test: Acc=32.5% | Best=32.5%(@840)
  from x3: 0.33 0.33 0.33 0.32 0.32 0.32 0.32 0.32 0.32 0.32 0.32 0.32 0.32
  per-rule acc: 0.04 0.61
Epoch 860 | Train: Loss=0.0077 Acc=100.0% | Test: Acc=47.6% | Best=47.6%(@860)
  from x3: 0.49 0.48 0.48 0.48 0.48 0.48 0.48 0.48 0.48 0.48 0.47 0.47 0.47
  per-rule acc: 0.07 0.89
[CondFix] Frozen LINEAR: 18 param groups
[CondFix] Epoch 880: triggered at threshold 0.90
Epoch 880 | Train: Loss=0.0116 Acc=99.9% | Test: Acc=49.1% | Best=49.1%(@880)
  from x3: 0.49 0.49 0.49 0.49 0.49 0.49 0.49 0.49 0.49 0.49 0.49 0.49 0.49
  per-rule acc: 0.06 0.92
Epoch 900 | Train: Loss=0.0070 Acc=100.0% | Test: Acc=51.1% | Best=51.1%(@900)
  from x3: 0.51 0.51 0.51 0.51 0.51 0.51 0.51 0.51 0.51 0.51 0.51 0.51 0.51
  per-rule acc: 0.07 0.96
Epoch 920 | Train: Loss=0.0064 Acc=100.0% | Test: Acc=51.7% | Best=51.7%(@920)
  from x3: 0.52 0.52 0.52 0.52 0.52 0.52 0.52 0.52 0.52 0.52 0.52 0.52 0.51
  per-rule acc: 0.07 0.96
Epoch 940 | Train: Loss=0.0059 Acc=100.0% | Test: Acc=52.1% | Best=52.1%(@940)
  from x3: 0.52 0.52 0.52 0.52 0.52 0.52 0.52 0.52 0.52 0.52 0.52 0.52 0.52
  per-rule acc: 0.07 0.97
Epoch 960 | Train: Loss=0.0055 Acc=100.0% | Test: Acc=52.3% | Best=52.3%(@960)
  from x3: 0.53 0.52 0.52 0.52 0.52 0.52 0.52 0.52 0.52 0.52 0.52 0.52 0.52
  per-rule acc: 0.07 0.97
Epoch 980 | Train: Loss=0.0051 Acc=100.0% | Test: Acc=52.6% | Best=52.6%(@980)
  from x3: 0.53 0.53 0.53 0.53 0.53 0.53 0.53 0.53 0.53 0.52 0.52 0.52 0.53
  per-rule acc: 0.07 0.98
Epoch 1000 | Train: Loss=0.0049 Acc=100.0% | Test: Acc=52.8% | Best=52.8%(@1000)
  from x3: 0.53 0.53 0.53 0.53 0.53 0.53 0.53 0.53 0.53 0.53 0.53 0.53 0.53
  per-rule acc: 0.08 0.98
Epoch 1020 | Train: Loss=0.0047 Acc=100.0% | Test: Acc=53.0% | Best=53.0%(@1020)
  from x3: 0.53 0.53 0.53 0.53 0.53 0.53 0.53 0.53 0.53 0.53 0.53 0.53 0.53
  per-rule acc: 0.08 0.98
Epoch 1040 | Train: Loss=0.0045 Acc=100.0% | Test: Acc=53.1% | Best=53.1%(@1040)
  from x3: 0.53 0.53 0.53 0.53 0.53 0.53 0.53 0.53 0.53 0.53 0.53 0.53 0.53
  per-rule acc: 0.08 0.98
Epoch 1060 | Train: Loss=0.0044 Acc=100.0% | Test: Acc=53.2% | Best=53.2%(@1060)
  from x3: 0.53 0.53 0.53 0.53 0.53 0.53 0.53 0.53 0.53 0.53 0.53 0.53 0.53
  per-rule acc: 0.08 0.98
Epoch 1080 | Train: Loss=0.0043 Acc=100.0% | Test: Acc=53.2% | Best=53.2%(@1060)
  from x3: 0.53 0.53 0.53 0.53 0.53 0.53 0.53 0.53 0.53 0.53 0.53 0.53 0.53
  per-rule acc: 0.08 0.98
Epoch 1100 | Train: Loss=0.0043 Acc=100.0% | Test: Acc=53.2% | Best=53.2%(@1060)
  from x3: 0.53 0.53 0.53 0.53 0.53 0.53 0.53 0.53 0.53 0.53 0.53 0.53 0.53
  per-rule acc: 0.08 0.98
Epoch 1120 | Train: Loss=0.0043 Acc=100.0% | Test: Acc=53.1% | Best=53.2%(@1060)
  from x3: 0.53 0.53 0.53 0.53 0.53 0.53 0.53 0.53 0.53 0.53 0.53 0.53 0.53
  per-rule acc: 0.08 0.98
Epoch 1140 | Train: Loss=0.0042 Acc=100.0% | Test: Acc=53.2% | Best=53.2%(@1060)
  from x3: 0.53 0.53 0.53 0.53 0.53 0.53 0.53 0.53 0.53 0.53 0.53 0.53 0.53
  per-rule acc: 0.08 0.98
Epoch 1160 | Train: Loss=0.0042 Acc=100.0% | Test: Acc=53.2% | Best=53.2%(@1060)
  from x3: 0.53 0.53 0.53 0.53 0.53 0.53 0.53 0.53 0.53 0.53 0.53 0.53 0.53
  per-rule acc: 0.08 0.98
Epoch 1180 | Train: Loss=0.0042 Acc=100.0% | Test: Acc=53.2% | Best=53.2%(@1060)
  from x3: 0.53 0.53 0.53 0.53 0.53 0.53 0.53 0.53 0.53 0.53 0.53 0.53 0.53
  per-rule acc: 0.08 0.98
Epoch 1200 | Train: Loss=0.0042 Acc=100.0% | Test: Acc=53.2% | Best=53.2%(@1060)
  from x3: 0.53 0.53 0.53 0.53 0.53 0.53 0.53 0.53 0.53 0.53 0.53 0.53 0.53
  per-rule acc: 0.08 0.98
Epoch 1220 | Train: Loss=0.0042 Acc=100.0% | Test: Acc=53.2% | Best=53.2%(@1060)
  from x3: 0.53 0.53 0.53 0.53 0.53 0.53 0.53 0.53 0.53 0.53 0.53 0.53 0.53
  per-rule acc: 0.08 0.98
Epoch 1240 | Train: Loss=0.0042 Acc=100.0% | Test: Acc=53.2% | Best=53.2%(@1060)
  from x3: 0.53 0.53 0.53 0.53 0.53 0.53 0.53 0.53 0.53 0.53 0.53 0.53 0.53
  per-rule acc: 0.08 0.98
Epoch 1260 | Train: Loss=0.0042 Acc=100.0% | Test: Acc=53.1% | Best=53.2%(@1060)
  from x3: 0.53 0.53 0.53 0.53 0.53 0.53 0.53 0.53 0.53 0.53 0.53 0.53 0.53
  per-rule acc: 0.08 0.98
Epoch 1280 | Train: Loss=0.0042 Acc=100.0% | Test: Acc=53.1% | Best=53.2%(@1060)
  from x3: 0.53 0.53 0.53 0.53 0.53 0.53 0.53 0.53 0.53 0.53 0.53 0.53 0.53
  per-rule acc: 0.08 0.98
Epoch 1300 | Train: Loss=0.0042 Acc=100.0% | Test: Acc=53.1% | Best=53.2%(@1060)
  from x3: 0.53 0.53 0.53 0.53 0.53 0.53 0.53 0.53 0.53 0.53 0.53 0.53 0.53
  per-rule acc: 0.08 0.98
Epoch 1320 | Train: Loss=0.0042 Acc=100.0% | Test: Acc=53.1% | Best=53.2%(@1060)
  from x3: 0.53 0.53 0.53 0.53 0.53 0.53 0.53 0.53 0.53 0.53 0.53 0.53 0.53
  per-rule acc: 0.08 0.98
Epoch 1340 | Train: Loss=0.0042 Acc=100.0% | Test: Acc=53.1% | Best=53.2%(@1060)
  from x3: 0.53 0.53 0.53 0.53 0.53 0.53 0.53 0.53 0.53 0.53 0.53 0.53 0.53
  per-rule acc: 0.08 0.98
Epoch 1360 | Train: Loss=0.0042 Acc=100.0% | Test: Acc=53.1% | Best=53.2%(@1060)
  from x3: 0.53 0.53 0.53 0.53 0.53 0.53 0.53 0.53 0.53 0.53 0.53 0.53 0.53
  per-rule acc: 0.08 0.98
Epoch 1380 | Train: Loss=0.0042 Acc=100.0% | Test: Acc=53.1% | Best=53.2%(@1060)
  from x3: 0.53 0.53 0.53 0.53 0.53 0.53 0.53 0.53 0.53 0.53 0.53 0.53 0.53
  per-rule acc: 0.08 0.98
Epoch 1400 | Train: Loss=0.0042 Acc=100.0% | Test: Acc=53.1% | Best=53.2%(@1060)
  from x3: 0.53 0.53 0.53 0.53 0.53 0.53 0.53 0.53 0.53 0.53 0.53 0.53 0.53
  per-rule acc: 0.08 0.98
Epoch 1420 | Train: Loss=0.0042 Acc=100.0% | Test: Acc=53.1% | Best=53.2%(@1060)
  from x3: 0.53 0.53 0.53 0.53 0.53 0.53 0.53 0.53 0.53 0.53 0.53 0.53 0.53
  per-rule acc: 0.08 0.98
Epoch 1440 | Train: Loss=0.0042 Acc=100.0% | Test: Acc=53.1% | Best=53.2%(@1060)
  from x3: 0.53 0.53 0.53 0.53 0.53 0.53 0.53 0.53 0.53 0.53 0.53 0.53 0.53
  per-rule acc: 0.08 0.98
Epoch 1460 | Train: Loss=0.0042 Acc=100.0% | Test: Acc=53.1% | Best=53.2%(@1060)
  from x3: 0.53 0.53 0.53 0.53 0.53 0.53 0.53 0.53 0.53 0.53 0.53 0.53 0.53
  per-rule acc: 0.08 0.98
Epoch 1480 | Train: Loss=0.0042 Acc=100.0% | Test: Acc=53.1% | Best=53.2%(@1060)
  from x3: 0.53 0.53 0.53 0.53 0.53 0.53 0.53 0.53 0.53 0.53 0.53 0.53 0.53
  per-rule acc: 0.08 0.98
Epoch 1500 | Train: Loss=0.0042 Acc=100.0% | Test: Acc=53.1% | Best=53.2%(@1060)
  from x3: 0.53 0.53 0.53 0.53 0.53 0.53 0.53 0.53 0.53 0.53 0.53 0.53 0.53
  per-rule acc: 0.08 0.98
Epoch 1520 | Train: Loss=0.0042 Acc=100.0% | Test: Acc=53.1% | Best=53.2%(@1060)
  from x3: 0.53 0.53 0.53 0.53 0.53 0.53 0.53 0.53 0.53 0.53 0.53 0.53 0.53
  per-rule acc: 0.08 0.98
Epoch 1540 | Train: Loss=0.0042 Acc=100.0% | Test: Acc=53.1% | Best=53.2%(@1060)
  from x3: 0.53 0.53 0.53 0.53 0.53 0.53 0.53 0.53 0.53 0.53 0.53 0.53 0.53
  per-rule acc: 0.08 0.98
Epoch 1560 | Train: Loss=0.0042 Acc=100.0% | Test: Acc=53.1% | Best=53.2%(@1060)
  from x3: 0.53 0.53 0.53 0.53 0.53 0.53 0.53 0.53 0.53 0.53 0.53 0.53 0.53
  per-rule acc: 0.08 0.98
Epoch 1580 | Train: Loss=0.0042 Acc=100.0% | Test: Acc=53.1% | Best=53.2%(@1060)
  from x3: 0.53 0.53 0.53 0.53 0.53 0.53 0.53 0.53 0.53 0.53 0.53 0.53 0.53
  per-rule acc: 0.08 0.98
Epoch 1600 | Train: Loss=0.0042 Acc=100.0% | Test: Acc=53.1% | Best=53.2%(@1060)
  from x3: 0.53 0.53 0.53 0.53 0.53 0.53 0.53 0.53 0.53 0.53 0.53 0.53 0.53
  per-rule acc: 0.08 0.98
Epoch 1620 | Train: Loss=0.0042 Acc=100.0% | Test: Acc=53.1% | Best=53.2%(@1060)
  from x3: 0.53 0.53 0.53 0.53 0.53 0.53 0.53 0.53 0.53 0.53 0.53 0.53 0.53
  per-rule acc: 0.08 0.98
Epoch 1640 | Train: Loss=0.0042 Acc=100.0% | Test: Acc=53.1% | Best=53.2%(@1060)
  from x3: 0.53 0.53 0.53 0.53 0.53 0.53 0.53 0.53 0.53 0.53 0.53 0.53 0.53
  per-rule acc: 0.08 0.98
Epoch 1660 | Train: Loss=0.0042 Acc=100.0% | Test: Acc=53.1% | Best=53.2%(@1060)
  from x3: 0.53 0.53 0.53 0.53 0.53 0.53 0.53 0.53 0.53 0.53 0.53 0.53 0.53
  per-rule acc: 0.08 0.98
Epoch 1680 | Train: Loss=0.0042 Acc=100.0% | Test: Acc=53.1% | Best=53.2%(@1060)
  from x3: 0.53 0.53 0.53 0.53 0.53 0.53 0.53 0.53 0.53 0.53 0.53 0.53 0.53
  per-rule acc: 0.08 0.98
Epoch 1700 | Train: Loss=0.0042 Acc=100.0% | Test: Acc=53.1% | Best=53.2%(@1060)
  from x3: 0.53 0.53 0.53 0.53 0.53 0.53 0.53 0.53 0.53 0.53 0.53 0.53 0.53
  per-rule acc: 0.08 0.98
Epoch 1720 | Train: Loss=0.0042 Acc=100.0% | Test: Acc=53.1% | Best=53.2%(@1060)
  from x3: 0.53 0.53 0.53 0.53 0.53 0.53 0.53 0.53 0.53 0.53 0.53 0.53 0.53
  per-rule acc: 0.08 0.98
Epoch 1740 | Train: Loss=0.0042 Acc=100.0% | Test: Acc=53.1% | Best=53.2%(@1060)
  from x3: 0.53 0.53 0.53 0.53 0.53 0.53 0.53 0.53 0.53 0.53 0.53 0.53 0.53
  per-rule acc: 0.08 0.98
Epoch 1760 | Train: Loss=0.0042 Acc=100.0% | Test: Acc=53.1% | Best=53.2%(@1060)
  from x3: 0.53 0.53 0.53 0.53 0.53 0.53 0.53 0.53 0.53 0.53 0.53 0.53 0.53
  per-rule acc: 0.08 0.98
Epoch 1780 | Train: Loss=0.0042 Acc=100.0% | Test: Acc=53.1% | Best=53.2%(@1060)
  from x3: 0.53 0.53 0.53 0.53 0.53 0.53 0.53 0.53 0.53 0.53 0.53 0.53 0.53
  per-rule acc: 0.08 0.98
Epoch 1800 | Train: Loss=0.0042 Acc=100.0% | Test: Acc=53.1% | Best=53.2%(@1060)
  from x3: 0.53 0.53 0.53 0.53 0.53 0.53 0.53 0.53 0.53 0.53 0.53 0.53 0.53
  per-rule acc: 0.08 0.98
Epoch 1820 | Train: Loss=0.0042 Acc=100.0% | Test: Acc=53.1% | Best=53.2%(@1060)
  from x3: 0.53 0.53 0.53 0.53 0.53 0.53 0.53 0.53 0.53 0.53 0.53 0.53 0.53
  per-rule acc: 0.08 0.98
Epoch 1840 | Train: Loss=0.0042 Acc=100.0% | Test: Acc=53.1% | Best=53.2%(@1060)
  from x3: 0.53 0.53 0.53 0.53 0.53 0.53 0.53 0.53 0.53 0.53 0.53 0.53 0.53
  per-rule acc: 0.08 0.98
Epoch 1860 | Train: Loss=0.0042 Acc=100.0% | Test: Acc=53.1% | Best=53.2%(@1060)
  from x3: 0.53 0.53 0.53 0.53 0.53 0.53 0.53 0.53 0.53 0.53 0.53 0.53 0.53
  per-rule acc: 0.08 0.98
Epoch 1880 | Train: Loss=0.0042 Acc=100.0% | Test: Acc=53.2% | Best=53.2%(@1060)
  from x3: 0.53 0.53 0.53 0.53 0.53 0.53 0.53 0.53 0.53 0.53 0.53 0.53 0.53
  per-rule acc: 0.08 0.98
Epoch 1900 | Train: Loss=0.0042 Acc=100.0% | Test: Acc=53.2% | Best=53.2%(@1060)
  from x3: 0.53 0.53 0.53 0.53 0.53 0.53 0.53 0.53 0.53 0.53 0.53 0.53 0.53
  per-rule acc: 0.08 0.98
Epoch 1920 | Train: Loss=0.0042 Acc=100.0% | Test: Acc=53.2% | Best=53.2%(@1060)
  from x3: 0.53 0.53 0.53 0.53 0.53 0.53 0.53 0.53 0.53 0.53 0.53 0.53 0.53
  per-rule acc: 0.08 0.98
Epoch 1940 | Train: Loss=0.0042 Acc=100.0% | Test: Acc=53.2% | Best=53.2%(@1060)
  from x3: 0.53 0.53 0.53 0.53 0.53 0.53 0.53 0.53 0.53 0.53 0.53 0.53 0.53
  per-rule acc: 0.08 0.98
Epoch 1960 | Train: Loss=0.0042 Acc=100.0% | Test: Acc=53.2% | Best=53.2%(@1060)
  from x3: 0.53 0.53 0.53 0.53 0.53 0.53 0.53 0.53 0.53 0.53 0.53 0.53 0.53
  per-rule acc: 0.08 0.98
Epoch 1980 | Train: Loss=0.0042 Acc=100.0% | Test: Acc=53.2% | Best=53.2%(@1060)
  from x3: 0.53 0.53 0.53 0.53 0.53 0.53 0.53 0.53 0.53 0.53 0.53 0.53 0.53
  per-rule acc: 0.08 0.98
Epoch 2000 | Train: Loss=0.0042 Acc=100.0% | Test: Acc=53.2% | Best=53.2%(@1060)
  from x3: 0.53 0.53 0.53 0.53 0.53 0.53 0.53 0.53 0.53 0.53 0.53 0.53 0.53
  per-rule acc: 0.08 0.98
Epoch 2020 | Train: Loss=0.0042 Acc=100.0% | Test: Acc=53.2% | Best=53.2%(@1060)
  from x3: 0.53 0.53 0.53 0.53 0.53 0.53 0.53 0.53 0.53 0.53 0.53 0.53 0.53
  per-rule acc: 0.08 0.98
Epoch 2040 | Train: Loss=0.0042 Acc=100.0% | Test: Acc=53.2% | Best=53.2%(@1060)
  from x3: 0.53 0.53 0.53 0.53 0.53 0.53 0.53 0.53 0.53 0.53 0.53 0.53 0.53
  per-rule acc: 0.08 0.98
Epoch 2060 | Train: Loss=0.0042 Acc=100.0% | Test: Acc=53.2% | Best=53.2%(@1060)
  from x3: 0.53 0.53 0.53 0.53 0.53 0.53 0.53 0.53 0.53 0.53 0.53 0.53 0.53
  per-rule acc: 0.08 0.98
[Early stop] No improvement for 1000 consecutive epochs

==================================================
Saving model...
[OK] Model saved to: /home/cxm/ai/test0629-fix/models/mixed_cond_d128l1_r8_n2_e50_fixLINEAR_start90.pth
  File size: 1418.5 KB
  Best test accuracy: 53.17%

[Config] SKIP_FINAL_GENERATION_TEST=true, skipping final generation test.

--- Return code: 0 ---

======================================================================
Attention Analysis
======================================================================
Model config: addition (default), p=53
Best test accuracy: 0.5316999726252395
Training epochs: 2060

Random test sequence 1/5 (length 32): [13, 45, 5, 50, 2, 52, 1, 0, 1, 1, 2, 3, 5, 8, 13, 21, 34, 2, 36, 38]...

======================================================================
Attention Layer Training Result Summary
======================================================================
Input sequence: [13, 45, 5, 50, 2, 52, 1, 0, 1, 1, 2, 3, 5, 8, 13, 21, 34, 2, 36, 38, 21, 6, 27, 33, 7, 40, 47, 34, 28, 9, 37, 46]

--- Layer 0 ---
  Head 0: Entropy=1.598
    Attention coefficients from each query position to previous positions:
      i= 0 -> j=0:1.000
      i= 1 -> j=0:0.395, j=1:0.605
      i= 2 -> j=0:0.129, j=1:0.325, j=2:0.546
      i= 3 -> j=0:0.202, j=1:0.281, j=2:0.237, j=3:0.280
      i= 4 -> j=0:0.017, j=1:0.055, j=2:0.107, j=3:0.203, j=4:0.618
      i= 5 -> j=0:0.004, j=1:0.015, j=2:0.040, j=3:0.102, j=4:0.255, j=5:0.583
      i= 6 -> j=0:0.006, j=1:0.016, j=2:0.035, j=3:0.081, j=4:0.158, j=5:0.269, j=6:0.435
      i= 7 -> j=0:0.004, j=1:0.007, j=2:0.011, j=3:0.030, j=4:0.051, j=5:0.132, j=6:0.234, j=7:0.530
      i= 8 -> j=0:0.004, j=1:0.005, j=2:0.007, j=3:0.027, j=4:0.033, j=5:0.106, j=6:0.172, j=7:0.216, j=8:0.431
      i= 9 -> j=0:0.005, j=1:0.005, j=2:0.005, j=3:0.015, j=4:0.011, j=5:0.041, j=6:0.086, j=7:0.163, j=8:0.270, j=9:0.400
      i=10 -> j=0:0.002, j=1:0.002, j=2:0.002, j=3:0.004, j=4:0.002, j=5:0.005, j=6:0.016, j=7:0.067, j=8:0.096, j=9:0.219, j=10:0.587
      i=11 -> j=0:0.003, j=1:0.004, j=2:0.003, j=3:0.005, j=4:0.002, j=5:0.003, j=6:0.011, j=7:0.032, j=8:0.055, j=9:0.118, j=10:0.254, j=11:0.510
      i=12 -> j=0:0.005, j=1:0.006, j=2:0.007, j=3:0.008, j=4:0.003, j=5:0.003, j=6:0.006, j=7:0.009, j=8:0.016, j=9:0.034, j=10:0.082, j=11:0.269, j=12:0.552
      i=13 -> j=0:0.006, j=1:0.006, j=2:0.006, j=3:0.009, j=4:0.004, j=5:0.004, j=6:0.006, j=7:0.007, j=8:0.016, j=9:0.032, j=10:0.074, j=11:0.152, j=12:0.228, j=13:0.450
      i=14 -> j=0:0.002, j=1:0.001, j=2:0.002, j=3:0.004, j=4:0.001, j=5:0.001, j=6:0.001, j=7:0.001, j=8:0.002, j=9:0.005, j=10:0.009, j=11:0.034, j=12:0.079, j=13:0.182, j=14:0.675
      i=15 -> j=0:0.006, j=1:0.005, j=2:0.004, j=3:0.010, j=4:0.004, j=5:0.004, j=6:0.004, j=7:0.003, j=8:0.003, j=9:0.006, j=10:0.006, j=11:0.023, j=12:0.063, j=13:0.154, j=14:0.313, j=15:0.393
      i=16 -> j=0:0.006, j=1:0.006, j=2:0.006, j=3:0.008, j=4:0.003, j=5:0.003, j=6:0.004, j=7:0.003, j=8:0.002, j=9:0.003, j=10:0.002, j=11:0.007, j=12:0.023, j=13:0.078, j=14:0.168, j=15:0.205, j=16:0.474
      i=17 -> j=0:0.007, j=1:0.006, j=2:0.005, j=3:0.005, j=4:0.002, j=5:0.002, j=6:0.003, j=7:0.003, j=8:0.002, j=9:0.002, j=10:0.001, j=11:0.002, j=12:0.004, j=13:0.018, j=14:0.047, j=15:0.103, j=16:0.287, j=17:0.500
      i=18 -> j=0:0.027, j=1:0.024, j=2:0.022, j=3:0.017, j=4:0.010, j=5:0.009, j=6:0.011, j=7:0.012, j=8:0.011, j=9:0.010, j=10:0.005, j=11:0.006, j=12:0.007, j=13:0.015, j=14:0.023, j=15:0.055, j=16:0.115, j=17:0.247, j=18:0.374
      i=19 -> j=0:0.019, j=1:0.018, j=2:0.020, j=3:0.017, j=4:0.012, j=5:0.008, j=6:0.011, j=7:0.010, j=8:0.012, j=9:0.010, j=10:0.005, j=11:0.005, j=12:0.004, j=13:0.006, j=14:0.012, j=15:0.040, j=16:0.083, j=17:0.123, j=18:0.148, j=19:0.436
      i=20 -> j=0:0.014, j=1:0.008, j=2:0.010, j=3:0.015, j=4:0.013, j=5:0.010, j=6:0.008, j=7:0.005, j=8:0.007, j=9:0.006, j=10:0.004, j=11:0.003, j=12:0.002, j=13:0.002, j=14:0.002, j=15:0.009, j=16:0.025, j=17:0.063, j=18:0.134, j=19:0.261, j=20:0.398
      i=21 -> j=0:0.027, j=1:0.023, j=2:0.024, j=3:0.022, j=4:0.012, j=5:0.011, j=6:0.011, j=7:0.009, j=8:0.009, j=9:0.009, j=10:0.006, j=11:0.005, j=12:0.005, j=13:0.004, j=14:0.003, j=15:0.004, j=16:0.005, j=17:0.007, j=18:0.031, j=19:0.078, j=20:0.237, j=21:0.458
      i=22 -> j=0:0.030, j=1:0.024, j=2:0.019, j=3:0.027, j=4:0.014, j=5:0.017, j=6:0.014, j=7:0.012, j=8:0.009, j=9:0.009, j=10:0.005, j=11:0.007, j=12:0.007, j=13:0.005, j=14:0.002, j=15:0.003, j=16:0.004, j=17:0.008, j=18:0.039, j=19:0.072, j=20:0.157, j=21:0.200, j=22:0.314
      i=23 -> j=0:0.034, j=1:0.036, j=2:0.028, j=3:0.032, j=4:0.023, j=5:0.025, j=6:0.026, j=7:0.019, j=8:0.017, j=9:0.014, j=10:0.010, j=11:0.012, j=12:0.011, j=13:0.012, j=14:0.007, j=15:0.007, j=16:0.007, j=17:0.007, j=18:0.018, j=19:0.029, j=20:0.055, j=21:0.105, j=22:0.165, j=23:0.300
      i=24 -> j=0:0.014, j=1:0.018, j=2:0.013, j=3:0.009, j=4:0.005, j=5:0.005, j=6:0.007, j=7:0.005, j=8:0.004, j=9:0.003, j=10:0.002, j=11:0.001, j=12:0.001, j=13:0.002, j=14:0.001, j=15:0.001, j=16:0.000, j=17:0.000, j=18:0.001, j=19:0.005, j=20:0.013, j=21:0.055, j=22:0.090, j=23:0.174, j=24:0.572
      i=25 -> j=0:0.019, j=1:0.027, j=2:0.021, j=3:0.016, j=4:0.014, j=5:0.011, j=6:0.013, j=7:0.010, j=8:0.010, j=9:0.008, j=10:0.005, j=11:0.004, j=12:0.003, j=13:0.004, j=14:0.002, j=15:0.003, j=16:0.001, j=17:0.001, j=18:0.002, j=19:0.004, j=20:0.006, j=21:0.021, j=22:0.046, j=23:0.099, j=24:0.264, j=25:0.384
      i=26 -> j=0:0.013, j=1:0.018, j=2:0.020, j=3:0.020, j=4:0.021, j=5:0.013, j=6:0.011, j=7:0.006, j=8:0.008, j=9:0.007, j=10:0.005, j=11:0.005, j=12:0.003, j=13:0.003, j=14:0.002, j=15:0.002, j=16:0.001, j=17:0.001, j=18:0.001, j=19:0.001, j=20:0.001, j=21:0.004, j=22:0.010, j=23:0.033, j=24:0.074, j=25:0.197, j=26:0.520
      i=27 -> j=0:0.014, j=1:0.018, j=2:0.018, j=3:0.024, j=4:0.020, j=5:0.018, j=6:0.014, j=7:0.009, j=8:0.010, j=9:0.010, j=10:0.007, j=11:0.008, j=12:0.007, j=13:0.006, j=14:0.003, j=15:0.003, j=16:0.003, j=17:0.002, j=18:0.003, j=19:0.002, j=20:0.002, j=21:0.004, j=22:0.007, j=23:0.026, j=24:0.045, j=25:0.108, j=26:0.168, j=27:0.444
      i=28 -> j=0:0.016, j=1:0.021, j=2:0.023, j=3:0.025, j=4:0.023, j=5:0.017, j=6:0.014, j=7:0.009, j=8:0.012, j=9:0.013, j=10:0.008, j=11:0.009, j=12:0.007, j=13:0.005, j=14:0.003, j=15:0.003, j=16:0.003, j=17:0.002, j=18:0.003, j=19:0.002, j=20:0.001, j=21:0.002, j=22:0.002, j=23:0.007, j=24:0.009, j=25:0.035, j=26:0.084, j=27:0.281, j=28:0.358
      i=29 -> j=0:0.026, j=1:0.029, j=2:0.029, j=3:0.030, j=4:0.031, j=5:0.026, j=6:0.024, j=7:0.019, j=8:0.018, j=9:0.017, j=10:0.013, j=11:0.015, j=12:0.016, j=13:0.013, j=14:0.009, j=15:0.007, j=16:0.007, j=17:0.005, j=18:0.007, j=19:0.007, j=20:0.005, j=21:0.006, j=22:0.005, j=23:0.010, j=24:0.010, j=25:0.030, j=26:0.063, j=27:0.148, j=28:0.170, j=29:0.206
      i=30 -> j=0:0.030, j=1:0.039, j=2:0.039, j=3:0.024, j=4:0.019, j=5:0.018, j=6:0.027, j=7:0.038, j=8:0.034, j=9:0.028, j=10:0.015, j=11:0.009, j=12:0.010, j=13:0.011, j=14:0.010, j=15:0.012, j=16:0.008, j=17:0.005, j=18:0.006, j=19:0.007, j=20:0.006, j=21:0.007, j=22:0.004, j=23:0.004, j=24:0.003, j=25:0.006, j=26:0.020, j=27:0.042, j=28:0.068, j=29:0.150, j=30:0.300
      i=31 -> j=0:0.019, j=1:0.017, j=2:0.018, j=3:0.014, j=4:0.017, j=5:0.016, j=6:0.018, j=7:0.014, j=8:0.014, j=9:0.011, j=10:0.010, j=11:0.007, j=12:0.007, j=13:0.007, j=14:0.005, j=15:0.004, j=16:0.002, j=17:0.002, j=18:0.002, j=19:0.003, j=20:0.002, j=21:0.002, j=22:0.001, j=23:0.001, j=24:0.000, j=25:0.001, j=26:0.003, j=27:0.009, j=28:0.023, j=29:0.074, j=30:0.128, j=31:0.550
    Average attention per distance:
      d=0:0.474, d=1:0.231, d=2:0.122, d=3:0.061, d=4:0.023, d=16:0.010, d=17:0.013, d=18:0.014
      d=19:0.014, d=20:0.014, d=21:0.018, d=22:0.021, d=23:0.023, d=24:0.022, d=25:0.021, d=26:0.020
      d=27:0.021, d=28:0.025, d=29:0.027, d=30:0.023, d=31:0.019


======================================================================
QK Property Verification (Raw Scores, before Softmax)
======================================================================
Recurrence order init_len=2, num test sequences=1

--- [P1] Long-distance Orthogonality Verification ---
Ideal: raw_score mean ≈ 0 and small std when d > init_len

  Layer 0, Head 0:
    d= 1 (effective): mean=  1.986, std= 0.375, n=31
    d= 2 (effective): mean=  1.317, std= 0.286, n=30
    d>2 (long-distance): mean= -1.226, std= 0.971, n=435

--- [P2] Time-homogeneous Verification ---
Ideal: CV of raw_score across positions i ≈ 0 for fixed distance d
(CV = std / |mean|, smaller = more constant)

  Layer 0, Head 0:
    d= 1: mean=  1.986, std= 0.375, CV=0.189, n=31
    d= 2: mean=  1.317, std= 0.286, CV=0.217, n=30

======================================================================
QK Property Verification Completed
======================================================================
