=== Experiment: mixed_cond_d128l1_r8_n2_e50_fixWTE_start90 ===
Time: 2026-06-30T07:14:03.822380
Task type: mixed_ab
Merged config: {
  "P": 53,
  "TASK": "mixed_ab",
  "NUM_MASK": 0,
  "A": 1,
  "B": 1,
  "AB_PAIRS": [
    [
      1,
      1
    ],
    [
      1,
      2
    ]
  ],
  "D_MODEL": 128,
  "N_HEAD": 1,
  "N_LAYER": 1,
  "BATCH_SIZE": 128,
  "EPOCHS": 10000,
  "LR": 0.0003,
  "SAVE_PATH": "models/mixed_cond_d128l1_r8_n2_e50_fixWTE_start90.pth",
  "USE_GREEDY_GENERATE": true,
  "USE_LEARNABLE_PE": false,
  "MLP_RATIO": 8,
  "TRAIN_LEN": 16,
  "OOD_LEN": 32,
  "DROPOUT": 0.0,
  "TARGET_INIT_COVERAGE": 0.5,
  "MAX_UNIQUE_RATIO": 0.5,
  "WEIGHT_DECAY": 1,
  "ENTROPY_PENALTY_WEIGHT": 0.0,
  "FIRST_TASK_WEIGHT": 1.0,
  "RANDOM_SEED": 42,
  "EVAL_INTERVAL": 20,
  "EARLY_STOP_NO_IMPROVE": 1000,
  "EARLY_STOP_ACCURACY": 0.99,
  "SKIP_FINAL_GENERATION_TEST": true,
  "USE_AB_TAG": false,
  "USE_CONDITIONAL_WTE": true,
  "COND_WTE_SHARED_RATIO": 0.0,
  "MIXED_AB_MAX_UNIQUE_RATIOS": [
    0.5,
    0.5
  ],
  "COND_FIX": "WTE",
  "COND_FIX_START": 0.9
}
--- output ---
Using device: cuda

[Dataset] Mixed mode: generated 2808 + 2810 samples, length 16
AB parameter pairs: [(1, 1), (1, 2)]
  - AB=(1,1): train 1404 | test 1405 | exposed ~50.0%
  - AB=(1,2): train 1404 | test 1405 | exposed ~50.0%
--------------------------------------------------
[Model config] block_size: 32, train length: 16
[Number theory] AB parameter pairs: [(1, 1), (1, 2)]


Model parameters: 0.36M

Start training...
Epoch   0 | Train: Loss=4.1894 Acc=3.6% | Test: Acc=0.3% | Best=0.3%(@0)
  from x3: 0.00 0.00 0.00 0.00 0.00 0.00 0.00 0.00 0.00 0.00 0.00 0.00 0.00
  per-rule acc: 0.00 0.00
Epoch  20 | Train: Loss=0.9535 Acc=96.0% | Test: Acc=0.2% | Best=0.3%(@0)
  from x3: 0.01 0.00 0.00 0.00 0.00 0.00 0.00 0.00 0.00 0.00 0.00 0.00 0.00
  per-rule acc: 0.00 0.00
Epoch  40 | Train: Loss=0.1676 Acc=99.0% | Test: Acc=0.7% | Best=0.7%(@40)
  from x3: 0.02 0.01 0.01 0.01 0.01 0.01 0.01 0.01 0.01 0.01 0.01 0.01 0.00
  per-rule acc: 0.01 0.01
Epoch  60 | Train: Loss=0.0758 Acc=99.2% | Test: Acc=1.3% | Best=1.3%(@60)
  from x3: 0.02 0.01 0.01 0.01 0.01 0.01 0.01 0.01 0.01 0.01 0.01 0.01 0.01
  per-rule acc: 0.01 0.01
Epoch  80 | Train: Loss=0.0525 Acc=99.5% | Test: Acc=1.4% | Best=1.4%(@80)
  from x3: 0.02 0.02 0.01 0.01 0.01 0.01 0.01 0.01 0.01 0.01 0.01 0.01 0.01
  per-rule acc: 0.01 0.01
Epoch 100 | Train: Loss=0.0429 Acc=99.6% | Test: Acc=1.5% | Best=1.5%(@100)
  from x3: 0.02 0.02 0.01 0.01 0.01 0.01 0.01 0.01 0.01 0.01 0.01 0.01 0.02
  per-rule acc: 0.02 0.01
Epoch 120 | Train: Loss=0.0361 Acc=99.8% | Test: Acc=1.6% | Best=1.6%(@120)
  from x3: 0.02 0.02 0.02 0.02 0.02 0.02 0.02 0.02 0.02 0.02 0.02 0.02 0.02
  per-rule acc: 0.02 0.02
Epoch 140 | Train: Loss=0.0303 Acc=99.8% | Test: Acc=1.7% | Best=1.7%(@140)
  from x3: 0.02 0.02 0.02 0.02 0.02 0.02 0.02 0.02 0.02 0.02 0.02 0.02 0.02
  per-rule acc: 0.02 0.02
Epoch 160 | Train: Loss=0.0256 Acc=99.9% | Test: Acc=1.8% | Best=1.8%(@160)
  from x3: 0.02 0.02 0.02 0.02 0.02 0.02 0.02 0.02 0.02 0.02 0.02 0.02 0.02
  per-rule acc: 0.02 0.02
Epoch 180 | Train: Loss=0.0220 Acc=99.9% | Test: Acc=1.9% | Best=1.9%(@180)
  from x3: 0.02 0.02 0.02 0.02 0.02 0.02 0.02 0.02 0.02 0.02 0.02 0.02 0.02
  per-rule acc: 0.02 0.02
Epoch 200 | Train: Loss=0.0186 Acc=100.0% | Test: Acc=2.0% | Best=2.0%(@200)
  from x3: 0.02 0.02 0.02 0.02 0.02 0.02 0.02 0.02 0.02 0.02 0.02 0.02 0.02
  per-rule acc: 0.02 0.02
Epoch 220 | Train: Loss=0.0161 Acc=100.0% | Test: Acc=2.0% | Best=2.0%(@220)
  from x3: 0.02 0.02 0.02 0.02 0.02 0.02 0.02 0.02 0.02 0.02 0.02 0.02 0.02
  per-rule acc: 0.02 0.02
Epoch 240 | Train: Loss=0.0139 Acc=100.0% | Test: Acc=2.0% | Best=2.0%(@240)
  from x3: 0.02 0.02 0.02 0.02 0.02 0.02 0.02 0.02 0.02 0.02 0.02 0.02 0.02
  per-rule acc: 0.02 0.02
Epoch 260 | Train: Loss=0.0124 Acc=100.0% | Test: Acc=2.1% | Best=2.1%(@260)
  from x3: 0.02 0.02 0.02 0.02 0.02 0.02 0.02 0.02 0.02 0.02 0.02 0.02 0.02
  per-rule acc: 0.02 0.02
Epoch 280 | Train: Loss=0.0160 Acc=100.0% | Test: Acc=2.0% | Best=2.1%(@260)
  from x3: 0.02 0.02 0.02 0.02 0.02 0.02 0.02 0.02 0.02 0.02 0.02 0.02 0.02
  per-rule acc: 0.02 0.02
Epoch 300 | Train: Loss=0.0128 Acc=100.0% | Test: Acc=2.0% | Best=2.1%(@260)
  from x3: 0.02 0.02 0.02 0.02 0.02 0.02 0.02 0.02 0.02 0.02 0.02 0.02 0.02
  per-rule acc: 0.02 0.02
Epoch 320 | Train: Loss=0.0109 Acc=100.0% | Test: Acc=2.0% | Best=2.1%(@260)
  from x3: 0.02 0.02 0.02 0.02 0.02 0.02 0.02 0.02 0.02 0.02 0.02 0.02 0.02
  per-rule acc: 0.02 0.02
Epoch 340 | Train: Loss=0.0103 Acc=100.0% | Test: Acc=2.0% | Best=2.1%(@260)
  from x3: 0.02 0.02 0.02 0.02 0.02 0.02 0.02 0.02 0.02 0.02 0.02 0.02 0.02
  per-rule acc: 0.02 0.02
Epoch 360 | Train: Loss=0.0698 Acc=100.0% | Test: Acc=1.9% | Best=2.1%(@260)
  from x3: 0.02 0.02 0.02 0.02 0.02 0.02 0.02 0.02 0.02 0.02 0.02 0.02 0.02
  per-rule acc: 0.02 0.02
Epoch 380 | Train: Loss=0.0134 Acc=99.9% | Test: Acc=2.1% | Best=2.1%(@380)
  from x3: 0.02 0.02 0.02 0.02 0.02 0.02 0.02 0.02 0.02 0.02 0.02 0.02 0.02
  per-rule acc: 0.02 0.02
Epoch 400 | Train: Loss=0.0105 Acc=100.0% | Test: Acc=2.3% | Best=2.3%(@400)
  from x3: 0.02 0.02 0.02 0.02 0.02 0.02 0.02 0.02 0.02 0.02 0.02 0.02 0.02
  per-rule acc: 0.02 0.03
Epoch 420 | Train: Loss=0.0140 Acc=100.0% | Test: Acc=2.5% | Best=2.5%(@420)
  from x3: 0.02 0.02 0.02 0.02 0.02 0.02 0.02 0.02 0.02 0.02 0.02 0.03 0.02
  per-rule acc: 0.02 0.03
Epoch 440 | Train: Loss=0.0137 Acc=100.0% | Test: Acc=2.5% | Best=2.5%(@440)
  from x3: 0.03 0.02 0.02 0.03 0.03 0.03 0.02 0.02 0.02 0.02 0.02 0.02 0.02
  per-rule acc: 0.02 0.03
Epoch 460 | Train: Loss=0.0113 Acc=100.0% | Test: Acc=2.4% | Best=2.5%(@440)
  from x3: 0.02 0.02 0.02 0.02 0.02 0.02 0.02 0.02 0.02 0.02 0.02 0.02 0.02
  per-rule acc: 0.02 0.03
Epoch 480 | Train: Loss=0.0130 Acc=100.0% | Test: Acc=2.8% | Best=2.8%(@480)
  from x3: 0.03 0.03 0.03 0.03 0.03 0.03 0.03 0.03 0.03 0.03 0.03 0.03 0.03
  per-rule acc: 0.02 0.03
Epoch 500 | Train: Loss=0.0136 Acc=100.0% | Test: Acc=2.7% | Best=2.8%(@480)
  from x3: 0.03 0.03 0.03 0.03 0.03 0.03 0.03 0.03 0.03 0.03 0.03 0.03 0.03
  per-rule acc: 0.02 0.03
Epoch 520 | Train: Loss=0.0087 Acc=100.0% | Test: Acc=2.8% | Best=2.8%(@480)
  from x3: 0.03 0.03 0.03 0.03 0.03 0.03 0.03 0.03 0.03 0.03 0.03 0.03 0.03
  per-rule acc: 0.02 0.03
Epoch 540 | Train: Loss=0.0116 Acc=100.0% | Test: Acc=2.9% | Best=2.9%(@540)
  from x3: 0.03 0.03 0.03 0.03 0.03 0.03 0.03 0.03 0.03 0.03 0.03 0.03 0.03
  per-rule acc: 0.02 0.04
Epoch 560 | Train: Loss=0.0122 Acc=100.0% | Test: Acc=3.2% | Best=3.2%(@560)
  from x3: 0.04 0.03 0.03 0.03 0.03 0.03 0.03 0.03 0.03 0.03 0.03 0.03 0.03
  per-rule acc: 0.03 0.04
Epoch 580 | Train: Loss=0.0104 Acc=100.0% | Test: Acc=3.3% | Best=3.3%(@580)
  from x3: 0.04 0.03 0.03 0.03 0.03 0.03 0.03 0.03 0.03 0.03 0.03 0.03 0.03
  per-rule acc: 0.02 0.04
Epoch 600 | Train: Loss=0.0101 Acc=99.9% | Test: Acc=3.8% | Best=3.8%(@600)
  from x3: 0.05 0.04 0.04 0.04 0.04 0.04 0.04 0.04 0.04 0.04 0.04 0.04 0.04
  per-rule acc: 0.03 0.05
Epoch 620 | Train: Loss=0.0090 Acc=100.0% | Test: Acc=4.0% | Best=4.0%(@620)
  from x3: 0.05 0.04 0.04 0.04 0.04 0.04 0.04 0.04 0.04 0.04 0.04 0.04 0.04
  per-rule acc: 0.03 0.05
Epoch 640 | Train: Loss=0.0092 Acc=100.0% | Test: Acc=4.4% | Best=4.4%(@640)
  from x3: 0.05 0.04 0.04 0.04 0.04 0.04 0.04 0.04 0.04 0.04 0.04 0.04 0.04
  per-rule acc: 0.03 0.06
Epoch 660 | Train: Loss=0.0122 Acc=100.0% | Test: Acc=5.4% | Best=5.4%(@660)
  from x3: 0.06 0.05 0.05 0.05 0.05 0.05 0.05 0.05 0.05 0.05 0.05 0.05 0.05
  per-rule acc: 0.03 0.08
Epoch 680 | Train: Loss=0.0123 Acc=99.9% | Test: Acc=7.2% | Best=7.2%(@680)
  from x3: 0.08 0.07 0.07 0.07 0.07 0.07 0.07 0.07 0.07 0.07 0.07 0.07 0.07
  per-rule acc: 0.04 0.11
Epoch 700 | Train: Loss=0.0116 Acc=100.0% | Test: Acc=8.0% | Best=8.0%(@700)
  from x3: 0.09 0.08 0.08 0.08 0.08 0.08 0.08 0.08 0.08 0.08 0.08 0.08 0.08
  per-rule acc: 0.04 0.12
Epoch 720 | Train: Loss=0.0115 Acc=100.0% | Test: Acc=9.3% | Best=9.3%(@720)
  from x3: 0.10 0.09 0.09 0.09 0.09 0.09 0.09 0.09 0.09 0.09 0.09 0.09 0.09
  per-rule acc: 0.04 0.15
Epoch 740 | Train: Loss=0.0104 Acc=100.0% | Test: Acc=11.5% | Best=11.5%(@740)
  from x3: 0.12 0.11 0.11 0.11 0.11 0.11 0.11 0.11 0.11 0.11 0.11 0.11 0.11
  per-rule acc: 0.04 0.19
Epoch 760 | Train: Loss=0.0156 Acc=99.9% | Test: Acc=14.4% | Best=14.4%(@760)
  from x3: 0.15 0.14 0.14 0.14 0.14 0.14 0.14 0.14 0.14 0.14 0.14 0.14 0.14
  per-rule acc: 0.04 0.25
Epoch 780 | Train: Loss=0.0084 Acc=100.0% | Test: Acc=19.3% | Best=19.3%(@780)
  from x3: 0.21 0.19 0.19 0.19 0.19 0.19 0.19 0.19 0.19 0.19 0.19 0.19 0.19
  per-rule acc: 0.04 0.34
Epoch 800 | Train: Loss=0.0107 Acc=100.0% | Test: Acc=23.9% | Best=23.9%(@800)
  from x3: 0.25 0.24 0.24 0.24 0.24 0.24 0.24 0.24 0.24 0.24 0.24 0.24 0.24
  per-rule acc: 0.05 0.43
Epoch 820 | Train: Loss=0.0084 Acc=100.0% | Test: Acc=31.6% | Best=31.6%(@820)
  from x3: 0.32 0.32 0.32 0.31 0.31 0.31 0.31 0.31 0.32 0.31 0.31 0.31 0.31
  per-rule acc: 0.04 0.59
Epoch 840 | Train: Loss=0.0938 Acc=99.4% | Test: Acc=32.5% | Best=32.5%(@840)
  from x3: 0.33 0.33 0.33 0.32 0.32 0.32 0.32 0.32 0.32 0.32 0.32 0.32 0.32
  per-rule acc: 0.04 0.61
Epoch 860 | Train: Loss=0.0077 Acc=100.0% | Test: Acc=47.6% | Best=47.6%(@860)
  from x3: 0.49 0.48 0.48 0.48 0.48 0.48 0.48 0.48 0.48 0.48 0.47 0.47 0.47
  per-rule acc: 0.07 0.89
[CondFix] Frozen WTE: 3 param groups
[CondFix] Epoch 880: triggered at threshold 0.90
Epoch 880 | Train: Loss=0.0116 Acc=99.9% | Test: Acc=49.1% | Best=49.1%(@880)
  from x3: 0.49 0.49 0.49 0.49 0.49 0.49 0.49 0.49 0.49 0.49 0.49 0.49 0.49
  per-rule acc: 0.06 0.92
Epoch 900 | Train: Loss=0.0071 Acc=100.0% | Test: Acc=52.1% | Best=52.1%(@900)
  from x3: 0.53 0.52 0.52 0.52 0.52 0.52 0.52 0.52 0.52 0.52 0.52 0.52 0.52
  per-rule acc: 0.08 0.96
Epoch 920 | Train: Loss=0.0065 Acc=100.0% | Test: Acc=53.8% | Best=53.8%(@920)
  from x3: 0.54 0.54 0.54 0.54 0.54 0.54 0.54 0.54 0.54 0.54 0.54 0.54 0.54
  per-rule acc: 0.10 0.98
Epoch 940 | Train: Loss=0.0066 Acc=100.0% | Test: Acc=54.1% | Best=54.1%(@940)
  from x3: 0.54 0.54 0.54 0.54 0.54 0.54 0.54 0.54 0.54 0.54 0.54 0.54 0.54
  per-rule acc: 0.10 0.98
Epoch 960 | Train: Loss=0.0071 Acc=100.0% | Test: Acc=54.8% | Best=54.8%(@960)
  from x3: 0.55 0.55 0.55 0.55 0.55 0.55 0.55 0.55 0.55 0.55 0.55 0.55 0.55
  per-rule acc: 0.11 0.98
Epoch 980 | Train: Loss=0.0145 Acc=99.9% | Test: Acc=54.8% | Best=54.8%(@960)
  from x3: 0.55 0.55 0.55 0.55 0.55 0.55 0.55 0.55 0.55 0.55 0.55 0.55 0.55
  per-rule acc: 0.12 0.98
Epoch 1000 | Train: Loss=0.0091 Acc=99.9% | Test: Acc=55.3% | Best=55.3%(@1000)
  from x3: 0.56 0.55 0.55 0.55 0.55 0.55 0.55 0.55 0.55 0.55 0.55 0.55 0.55
  per-rule acc: 0.12 0.99
Epoch 1020 | Train: Loss=0.0071 Acc=100.0% | Test: Acc=56.5% | Best=56.5%(@1020)
  from x3: 0.57 0.56 0.56 0.57 0.57 0.57 0.57 0.57 0.57 0.57 0.57 0.56 0.56
  per-rule acc: 0.14 0.99
Epoch 1040 | Train: Loss=0.0080 Acc=99.9% | Test: Acc=56.9% | Best=56.9%(@1040)
  from x3: 0.57 0.57 0.57 0.57 0.57 0.57 0.57 0.57 0.57 0.57 0.57 0.57 0.57
  per-rule acc: 0.15 0.99
Epoch 1060 | Train: Loss=0.0081 Acc=100.0% | Test: Acc=57.4% | Best=57.4%(@1060)
  from x3: 0.57 0.57 0.57 0.57 0.57 0.57 0.57 0.57 0.57 0.57 0.58 0.58 0.58
  per-rule acc: 0.16 0.99
Epoch 1080 | Train: Loss=0.0091 Acc=99.9% | Test: Acc=57.5% | Best=57.5%(@1080)
  from x3: 0.58 0.57 0.57 0.57 0.57 0.57 0.57 0.57 0.57 0.58 0.58 0.58 0.57
  per-rule acc: 0.16 0.99
Epoch 1100 | Train: Loss=0.0093 Acc=99.9% | Test: Acc=57.6% | Best=57.6%(@1100)
  from x3: 0.57 0.57 0.58 0.58 0.58 0.58 0.58 0.58 0.58 0.58 0.58 0.58 0.58
  per-rule acc: 0.16 0.99
Epoch 1120 | Train: Loss=0.0136 Acc=99.9% | Test: Acc=57.9% | Best=57.9%(@1120)
  from x3: 0.57 0.58 0.58 0.58 0.58 0.58 0.58 0.58 0.58 0.58 0.58 0.58 0.58
  per-rule acc: 0.17 0.99
Epoch 1140 | Train: Loss=0.0083 Acc=100.0% | Test: Acc=58.2% | Best=58.2%(@1140)
  from x3: 0.58 0.58 0.58 0.58 0.58 0.58 0.58 0.58 0.58 0.58 0.58 0.58 0.58
  per-rule acc: 0.17 0.99
Epoch 1160 | Train: Loss=0.0066 Acc=100.0% | Test: Acc=59.5% | Best=59.5%(@1160)
  from x3: 0.59 0.59 0.60 0.59 0.60 0.59 0.60 0.60 0.60 0.60 0.60 0.60 0.60
  per-rule acc: 0.20 0.99
Epoch 1180 | Train: Loss=0.0065 Acc=100.0% | Test: Acc=60.2% | Best=60.2%(@1180)
  from x3: 0.60 0.60 0.60 0.60 0.60 0.60 0.60 0.60 0.60 0.60 0.60 0.60 0.60
  per-rule acc: 0.21 0.99
Epoch 1200 | Train: Loss=0.0072 Acc=100.0% | Test: Acc=60.7% | Best=60.7%(@1200)
  from x3: 0.61 0.61 0.61 0.61 0.61 0.61 0.61 0.61 0.61 0.61 0.61 0.61 0.61
  per-rule acc: 0.22 1.00
Epoch 1220 | Train: Loss=0.0071 Acc=100.0% | Test: Acc=60.6% | Best=60.7%(@1200)
  from x3: 0.60 0.60 0.61 0.61 0.60 0.61 0.61 0.61 0.61 0.61 0.61 0.61 0.61
  per-rule acc: 0.22 1.00
Epoch 1240 | Train: Loss=0.0066 Acc=100.0% | Test: Acc=61.1% | Best=61.1%(@1240)
  from x3: 0.61 0.61 0.61 0.61 0.61 0.61 0.61 0.61 0.61 0.61 0.61 0.61 0.61
  per-rule acc: 0.23 1.00
Epoch 1260 | Train: Loss=0.0067 Acc=100.0% | Test: Acc=61.6% | Best=61.6%(@1260)
  from x3: 0.61 0.62 0.62 0.62 0.62 0.62 0.62 0.62 0.62 0.62 0.62 0.62 0.62
  per-rule acc: 0.24 1.00
Epoch 1280 | Train: Loss=0.0080 Acc=99.9% | Test: Acc=62.0% | Best=62.0%(@1280)
  from x3: 0.62 0.62 0.62 0.62 0.62 0.62 0.62 0.62 0.62 0.62 0.62 0.62 0.62
  per-rule acc: 0.25 0.99
Epoch 1300 | Train: Loss=0.0185 Acc=99.8% | Test: Acc=57.7% | Best=62.0%(@1280)
  from x3: 0.57 0.58 0.58 0.58 0.58 0.58 0.58 0.58 0.58 0.58 0.58 0.58 0.58
  per-rule acc: 0.17 0.99
Epoch 1320 | Train: Loss=0.0069 Acc=100.0% | Test: Acc=62.4% | Best=62.4%(@1320)
  from x3: 0.62 0.62 0.62 0.62 0.62 0.62 0.62 0.62 0.62 0.63 0.63 0.63 0.63
  per-rule acc: 0.25 1.00
Epoch 1340 | Train: Loss=0.0088 Acc=100.0% | Test: Acc=63.1% | Best=63.1%(@1340)
  from x3: 0.63 0.63 0.63 0.63 0.63 0.63 0.63 0.63 0.63 0.63 0.63 0.63 0.63
  per-rule acc: 0.27 0.99
Epoch 1360 | Train: Loss=0.0077 Acc=100.0% | Test: Acc=63.3% | Best=63.3%(@1360)
  from x3: 0.63 0.63 0.63 0.63 0.63 0.63 0.63 0.63 0.63 0.63 0.63 0.64 0.64
  per-rule acc: 0.27 1.00
Epoch 1380 | Train: Loss=0.0054 Acc=100.0% | Test: Acc=64.1% | Best=64.1%(@1380)
  from x3: 0.64 0.64 0.64 0.64 0.64 0.64 0.64 0.64 0.64 0.64 0.64 0.64 0.64
  per-rule acc: 0.29 1.00
Epoch 1400 | Train: Loss=0.0048 Acc=100.0% | Test: Acc=65.8% | Best=65.8%(@1400)
  from x3: 0.65 0.66 0.66 0.66 0.66 0.66 0.66 0.66 0.66 0.66 0.66 0.66 0.66
  per-rule acc: 0.32 1.00
Epoch 1420 | Train: Loss=0.0054 Acc=100.0% | Test: Acc=66.1% | Best=66.1%(@1420)
  from x3: 0.66 0.66 0.66 0.66 0.66 0.66 0.66 0.66 0.66 0.66 0.66 0.66 0.66
  per-rule acc: 0.32 1.00
Epoch 1440 | Train: Loss=0.0097 Acc=99.9% | Test: Acc=63.5% | Best=66.1%(@1420)
  from x3: 0.63 0.63 0.63 0.63 0.63 0.63 0.63 0.64 0.64 0.64 0.64 0.64 0.64
  per-rule acc: 0.27 1.00
Epoch 1460 | Train: Loss=0.0064 Acc=100.0% | Test: Acc=65.5% | Best=66.1%(@1420)
  from x3: 0.65 0.65 0.65 0.65 0.65 0.65 0.65 0.65 0.66 0.66 0.66 0.66 0.66
  per-rule acc: 0.31 0.99
Epoch 1480 | Train: Loss=0.0067 Acc=100.0% | Test: Acc=66.0% | Best=66.1%(@1420)
  from x3: 0.66 0.66 0.66 0.66 0.66 0.66 0.66 0.66 0.66 0.66 0.66 0.66 0.66
  per-rule acc: 0.32 1.00
Epoch 1500 | Train: Loss=0.0074 Acc=100.0% | Test: Acc=66.1% | Best=66.1%(@1420)
  from x3: 0.66 0.66 0.66 0.66 0.66 0.66 0.66 0.66 0.66 0.66 0.66 0.66 0.66
  per-rule acc: 0.33 1.00
Epoch 1520 | Train: Loss=0.0120 Acc=99.9% | Test: Acc=64.6% | Best=66.1%(@1420)
  from x3: 0.64 0.65 0.65 0.65 0.65 0.65 0.65 0.65 0.65 0.65 0.65 0.65 0.65
  per-rule acc: 0.30 1.00
Epoch 1540 | Train: Loss=0.0077 Acc=100.0% | Test: Acc=65.9% | Best=66.1%(@1420)
  from x3: 0.65 0.66 0.66 0.66 0.66 0.66 0.66 0.66 0.66 0.66 0.66 0.66 0.66
  per-rule acc: 0.32 1.00
Epoch 1560 | Train: Loss=0.0088 Acc=99.9% | Test: Acc=65.6% | Best=66.1%(@1420)
  from x3: 0.65 0.66 0.66 0.66 0.66 0.66 0.66 0.66 0.66 0.66 0.65 0.66 0.66
  per-rule acc: 0.32 1.00
Epoch 1580 | Train: Loss=0.0095 Acc=99.9% | Test: Acc=64.7% | Best=66.1%(@1420)
  from x3: 0.64 0.65 0.65 0.65 0.65 0.65 0.65 0.65 0.65 0.65 0.65 0.65 0.65
  per-rule acc: 0.30 0.99
Epoch 1600 | Train: Loss=0.0088 Acc=99.9% | Test: Acc=66.9% | Best=66.9%(@1600)
  from x3: 0.66 0.67 0.67 0.67 0.67 0.67 0.67 0.67 0.67 0.67 0.67 0.67 0.67
  per-rule acc: 0.34 1.00
Epoch 1620 | Train: Loss=0.0074 Acc=100.0% | Test: Acc=67.2% | Best=67.2%(@1620)
  from x3: 0.67 0.67 0.67 0.67 0.67 0.67 0.67 0.67 0.67 0.67 0.67 0.67 0.67
  per-rule acc: 0.35 1.00
Epoch 1640 | Train: Loss=0.0149 Acc=99.9% | Test: Acc=65.9% | Best=67.2%(@1620)
  from x3: 0.65 0.66 0.66 0.66 0.66 0.66 0.66 0.66 0.66 0.66 0.66 0.66 0.66
  per-rule acc: 0.32 1.00
Epoch 1660 | Train: Loss=0.0302 Acc=100.0% | Test: Acc=65.5% | Best=67.2%(@1620)
  from x3: 0.65 0.65 0.66 0.66 0.66 0.66 0.66 0.66 0.66 0.65 0.65 0.65 0.65
  per-rule acc: 0.32 0.99
Epoch 1680 | Train: Loss=0.0068 Acc=100.0% | Test: Acc=65.8% | Best=67.2%(@1620)
  from x3: 0.66 0.66 0.66 0.66 0.66 0.66 0.66 0.66 0.66 0.66 0.66 0.66 0.66
  per-rule acc: 0.32 1.00
Epoch 1700 | Train: Loss=0.0130 Acc=99.9% | Test: Acc=66.6% | Best=67.2%(@1620)
  from x3: 0.66 0.67 0.66 0.67 0.67 0.67 0.67 0.67 0.67 0.67 0.67 0.67 0.67
  per-rule acc: 0.33 1.00
Epoch 1720 | Train: Loss=0.0087 Acc=99.9% | Test: Acc=65.8% | Best=67.2%(@1620)
  from x3: 0.65 0.66 0.66 0.66 0.66 0.66 0.66 0.66 0.66 0.66 0.66 0.66 0.66
  per-rule acc: 0.32 0.99
Epoch 1740 | Train: Loss=0.0091 Acc=99.9% | Test: Acc=67.0% | Best=67.2%(@1620)
  from x3: 0.67 0.67 0.67 0.67 0.67 0.67 0.67 0.67 0.67 0.67 0.67 0.67 0.67
  per-rule acc: 0.34 1.00
Epoch 1760 | Train: Loss=0.0069 Acc=100.0% | Test: Acc=67.9% | Best=67.9%(@1760)
  from x3: 0.68 0.68 0.68 0.68 0.68 0.68 0.68 0.68 0.68 0.68 0.68 0.68 0.68
  per-rule acc: 0.36 1.00
Epoch 1780 | Train: Loss=0.0051 Acc=100.0% | Test: Acc=69.5% | Best=69.5%(@1780)
  from x3: 0.69 0.70 0.70 0.70 0.70 0.70 0.70 0.70 0.69 0.70 0.70 0.70 0.70
  per-rule acc: 0.39 1.00
Epoch 1800 | Train: Loss=0.0091 Acc=99.9% | Test: Acc=67.6% | Best=69.5%(@1780)
  from x3: 0.67 0.68 0.68 0.68 0.68 0.68 0.68 0.68 0.68 0.68 0.68 0.68 0.68
  per-rule acc: 0.36 1.00
Epoch 1820 | Train: Loss=0.0076 Acc=100.0% | Test: Acc=68.6% | Best=69.5%(@1780)
  from x3: 0.68 0.68 0.68 0.69 0.69 0.69 0.69 0.69 0.69 0.69 0.69 0.69 0.69
  per-rule acc: 0.38 1.00
Epoch 1840 | Train: Loss=0.0049 Acc=100.0% | Test: Acc=68.7% | Best=69.5%(@1780)
  from x3: 0.68 0.69 0.69 0.69 0.69 0.69 0.69 0.69 0.69 0.69 0.69 0.69 0.69
  per-rule acc: 0.38 1.00
Epoch 1860 | Train: Loss=0.0086 Acc=100.0% | Test: Acc=68.4% | Best=69.5%(@1780)
  from x3: 0.67 0.68 0.68 0.69 0.69 0.69 0.69 0.69 0.69 0.69 0.68 0.68 0.68
  per-rule acc: 0.37 1.00
Epoch 1880 | Train: Loss=0.0092 Acc=99.9% | Test: Acc=67.3% | Best=69.5%(@1780)
  from x3: 0.67 0.68 0.67 0.67 0.67 0.67 0.67 0.67 0.67 0.68 0.67 0.67 0.68
  per-rule acc: 0.35 1.00
Epoch 1900 | Train: Loss=0.0061 Acc=100.0% | Test: Acc=69.4% | Best=69.5%(@1780)
  from x3: 0.69 0.70 0.69 0.69 0.69 0.69 0.69 0.69 0.70 0.70 0.70 0.69 0.69
  per-rule acc: 0.39 1.00
Epoch 1920 | Train: Loss=0.0061 Acc=100.0% | Test: Acc=69.4% | Best=69.5%(@1780)
  from x3: 0.69 0.69 0.69 0.69 0.69 0.69 0.69 0.69 0.69 0.69 0.70 0.69 0.69
  per-rule acc: 0.39 1.00
Epoch 1940 | Train: Loss=0.0068 Acc=99.9% | Test: Acc=69.6% | Best=69.6%(@1940)
  from x3: 0.69 0.70 0.70 0.70 0.70 0.70 0.70 0.70 0.70 0.70 0.70 0.70 0.70
  per-rule acc: 0.40 1.00
Epoch 1960 | Train: Loss=0.0089 Acc=99.9% | Test: Acc=68.0% | Best=69.6%(@1940)
  from x3: 0.67 0.68 0.68 0.68 0.68 0.68 0.68 0.68 0.68 0.68 0.68 0.68 0.68
  per-rule acc: 0.36 1.00
Epoch 1980 | Train: Loss=0.0072 Acc=100.0% | Test: Acc=69.4% | Best=69.6%(@1940)
  from x3: 0.69 0.69 0.69 0.69 0.69 0.69 0.69 0.69 0.70 0.70 0.70 0.69 0.69
  per-rule acc: 0.39 1.00
Epoch 2000 | Train: Loss=0.0112 Acc=99.9% | Test: Acc=68.2% | Best=69.6%(@1940)
  from x3: 0.68 0.68 0.68 0.68 0.68 0.68 0.68 0.68 0.68 0.68 0.68 0.68 0.68
  per-rule acc: 0.37 0.99
Epoch 2020 | Train: Loss=0.0055 Acc=100.0% | Test: Acc=70.1% | Best=70.1%(@2020)
  from x3: 0.70 0.70 0.70 0.70 0.70 0.70 0.70 0.70 0.70 0.70 0.70 0.70 0.70
  per-rule acc: 0.40 1.00
Epoch 2040 | Train: Loss=0.0104 Acc=99.9% | Test: Acc=68.3% | Best=70.1%(@2020)
  from x3: 0.68 0.68 0.68 0.68 0.68 0.68 0.68 0.69 0.69 0.68 0.68 0.68 0.69
  per-rule acc: 0.37 0.99
Epoch 2060 | Train: Loss=0.0099 Acc=99.9% | Test: Acc=67.5% | Best=70.1%(@2020)
  from x3: 0.67 0.67 0.67 0.67 0.67 0.67 0.68 0.67 0.68 0.68 0.68 0.68 0.68
  per-rule acc: 0.35 1.00
Epoch 2080 | Train: Loss=0.0072 Acc=100.0% | Test: Acc=69.9% | Best=70.1%(@2020)
  from x3: 0.69 0.70 0.70 0.70 0.70 0.70 0.70 0.70 0.70 0.70 0.70 0.70 0.70
  per-rule acc: 0.40 1.00
Epoch 2100 | Train: Loss=0.0112 Acc=99.9% | Test: Acc=67.1% | Best=70.1%(@2020)
  from x3: 0.67 0.67 0.67 0.67 0.67 0.67 0.67 0.67 0.67 0.67 0.67 0.67 0.67
  per-rule acc: 0.35 0.99
Epoch 2120 | Train: Loss=0.0073 Acc=100.0% | Test: Acc=69.8% | Best=70.1%(@2020)
  from x3: 0.70 0.70 0.70 0.70 0.70 0.70 0.70 0.70 0.70 0.70 0.70 0.70 0.70
  per-rule acc: 0.40 1.00
Epoch 2140 | Train: Loss=0.0064 Acc=100.0% | Test: Acc=70.7% | Best=70.7%(@2140)
  from x3: 0.70 0.71 0.71 0.70 0.71 0.71 0.71 0.71 0.71 0.71 0.71 0.71 0.71
  per-rule acc: 0.42 1.00
Epoch 2160 | Train: Loss=0.0062 Acc=100.0% | Test: Acc=69.9% | Best=70.7%(@2140)
  from x3: 0.69 0.70 0.70 0.70 0.70 0.70 0.70 0.70 0.70 0.70 0.70 0.70 0.70
  per-rule acc: 0.40 1.00
Epoch 2180 | Train: Loss=0.0074 Acc=99.9% | Test: Acc=69.2% | Best=70.7%(@2140)
  from x3: 0.69 0.69 0.69 0.69 0.69 0.69 0.69 0.69 0.69 0.69 0.69 0.69 0.69
  per-rule acc: 0.39 1.00
Epoch 2200 | Train: Loss=0.0072 Acc=99.9% | Test: Acc=69.2% | Best=70.7%(@2140)
  from x3: 0.69 0.69 0.69 0.69 0.69 0.69 0.69 0.69 0.69 0.69 0.69 0.69 0.70
  per-rule acc: 0.39 1.00
Epoch 2220 | Train: Loss=0.0065 Acc=100.0% | Test: Acc=70.3% | Best=70.7%(@2140)
  from x3: 0.70 0.71 0.70 0.70 0.70 0.70 0.70 0.70 0.70 0.70 0.70 0.71 0.71
  per-rule acc: 0.41 1.00
Epoch 2240 | Train: Loss=0.0079 Acc=99.9% | Test: Acc=69.8% | Best=70.7%(@2140)
  from x3: 0.69 0.70 0.70 0.70 0.70 0.70 0.70 0.70 0.70 0.70 0.70 0.70 0.70
  per-rule acc: 0.40 1.00
Epoch 2260 | Train: Loss=0.0088 Acc=99.9% | Test: Acc=70.2% | Best=70.7%(@2140)
  from x3: 0.70 0.70 0.70 0.70 0.70 0.70 0.70 0.70 0.70 0.70 0.70 0.70 0.70
  per-rule acc: 0.41 1.00
Epoch 2280 | Train: Loss=0.0078 Acc=99.9% | Test: Acc=70.3% | Best=70.7%(@2140)
  from x3: 0.70 0.70 0.70 0.70 0.70 0.70 0.70 0.70 0.70 0.70 0.71 0.71 0.71
  per-rule acc: 0.41 1.00
Epoch 2300 | Train: Loss=0.0076 Acc=100.0% | Test: Acc=69.8% | Best=70.7%(@2140)
  from x3: 0.69 0.70 0.70 0.70 0.70 0.70 0.70 0.70 0.70 0.70 0.70 0.70 0.70
  per-rule acc: 0.40 1.00
Epoch 2320 | Train: Loss=0.0137 Acc=99.9% | Test: Acc=67.6% | Best=70.7%(@2140)
  from x3: 0.67 0.68 0.68 0.68 0.68 0.68 0.68 0.68 0.68 0.68 0.68 0.68 0.68
  per-rule acc: 0.36 1.00
Epoch 2340 | Train: Loss=0.0063 Acc=100.0% | Test: Acc=69.9% | Best=70.7%(@2140)
  from x3: 0.70 0.70 0.70 0.70 0.70 0.70 0.70 0.70 0.70 0.70 0.70 0.70 0.70
  per-rule acc: 0.40 1.00
Epoch 2360 | Train: Loss=0.0090 Acc=99.9% | Test: Acc=69.0% | Best=70.7%(@2140)
  from x3: 0.69 0.69 0.69 0.69 0.69 0.69 0.69 0.69 0.69 0.69 0.69 0.69 0.69
  per-rule acc: 0.38 1.00
Epoch 2380 | Train: Loss=0.0061 Acc=100.0% | Test: Acc=71.1% | Best=71.1%(@2380)
  from x3: 0.71 0.71 0.71 0.71 0.71 0.71 0.71 0.71 0.71 0.71 0.71 0.71 0.71
  per-rule acc: 0.43 1.00
Epoch 2400 | Train: Loss=0.0073 Acc=100.0% | Test: Acc=68.9% | Best=71.1%(@2380)
  from x3: 0.69 0.69 0.69 0.69 0.69 0.69 0.69 0.69 0.69 0.69 0.69 0.69 0.69
  per-rule acc: 0.38 1.00
Epoch 2420 | Train: Loss=0.0057 Acc=100.0% | Test: Acc=70.5% | Best=71.1%(@2380)
  from x3: 0.70 0.70 0.70 0.70 0.70 0.70 0.70 0.70 0.71 0.71 0.71 0.71 0.71
  per-rule acc: 0.41 1.00
Epoch 2440 | Train: Loss=0.0049 Acc=100.0% | Test: Acc=71.6% | Best=71.6%(@2440)
  from x3: 0.71 0.72 0.72 0.71 0.72 0.72 0.72 0.71 0.72 0.72 0.72 0.72 0.72
  per-rule acc: 0.43 1.00
Epoch 2460 | Train: Loss=0.0125 Acc=99.9% | Test: Acc=69.4% | Best=71.6%(@2440)
  from x3: 0.69 0.70 0.69 0.69 0.69 0.69 0.69 0.69 0.70 0.70 0.70 0.70 0.70
  per-rule acc: 0.39 1.00
Epoch 2480 | Train: Loss=0.0051 Acc=100.0% | Test: Acc=71.5% | Best=71.6%(@2440)
  from x3: 0.71 0.72 0.71 0.71 0.72 0.72 0.71 0.71 0.72 0.72 0.72 0.72 0.72
  per-rule acc: 0.43 1.00
Epoch 2500 | Train: Loss=0.0055 Acc=100.0% | Test: Acc=71.4% | Best=71.6%(@2440)
  from x3: 0.71 0.71 0.71 0.71 0.71 0.71 0.71 0.71 0.71 0.71 0.72 0.72 0.72
  per-rule acc: 0.43 1.00
Epoch 2520 | Train: Loss=0.0063 Acc=100.0% | Test: Acc=71.5% | Best=71.6%(@2440)
  from x3: 0.71 0.71 0.71 0.71 0.71 0.72 0.72 0.72 0.72 0.72 0.72 0.72 0.72
  per-rule acc: 0.43 1.00
Epoch 2540 | Train: Loss=0.0050 Acc=100.0% | Test: Acc=72.1% | Best=72.1%(@2540)
  from x3: 0.72 0.72 0.72 0.72 0.72 0.72 0.72 0.72 0.72 0.72 0.72 0.72 0.72
  per-rule acc: 0.44 1.00
Epoch 2560 | Train: Loss=0.0051 Acc=100.0% | Test: Acc=72.0% | Best=72.1%(@2540)
  from x3: 0.72 0.72 0.72 0.72 0.72 0.72 0.72 0.72 0.72 0.72 0.72 0.72 0.72
  per-rule acc: 0.44 1.00
Epoch 2580 | Train: Loss=0.0064 Acc=100.0% | Test: Acc=71.3% | Best=72.1%(@2540)
  from x3: 0.71 0.71 0.71 0.71 0.71 0.71 0.71 0.71 0.71 0.71 0.71 0.71 0.71
  per-rule acc: 0.43 1.00
Epoch 2600 | Train: Loss=0.0067 Acc=100.0% | Test: Acc=71.6% | Best=72.1%(@2540)
  from x3: 0.71 0.72 0.72 0.72 0.72 0.72 0.72 0.72 0.72 0.72 0.72 0.72 0.72
  per-rule acc: 0.44 1.00
Epoch 2620 | Train: Loss=0.0051 Acc=100.0% | Test: Acc=72.1% | Best=72.1%(@2620)
  from x3: 0.71 0.72 0.72 0.72 0.72 0.72 0.72 0.72 0.72 0.72 0.72 0.72 0.72
  per-rule acc: 0.44 1.00
Epoch 2640 | Train: Loss=0.0057 Acc=100.0% | Test: Acc=71.5% | Best=72.1%(@2620)
  from x3: 0.71 0.71 0.71 0.71 0.71 0.71 0.71 0.72 0.72 0.72 0.72 0.72 0.72
  per-rule acc: 0.43 1.00
Epoch 2660 | Train: Loss=0.0099 Acc=99.9% | Test: Acc=68.3% | Best=72.1%(@2620)
  from x3: 0.68 0.68 0.68 0.68 0.68 0.68 0.68 0.68 0.68 0.68 0.68 0.68 0.68
  per-rule acc: 0.37 1.00
Epoch 2680 | Train: Loss=0.0063 Acc=100.0% | Test: Acc=70.2% | Best=72.1%(@2620)
  from x3: 0.70 0.70 0.70 0.70 0.70 0.70 0.70 0.70 0.70 0.70 0.70 0.70 0.70
  per-rule acc: 0.41 0.99
Epoch 2700 | Train: Loss=0.0042 Acc=100.0% | Test: Acc=72.3% | Best=72.3%(@2700)
  from x3: 0.72 0.72 0.72 0.72 0.72 0.72 0.72 0.72 0.72 0.72 0.72 0.72 0.72
  per-rule acc: 0.45 1.00
Epoch 2720 | Train: Loss=0.0058 Acc=100.0% | Test: Acc=72.3% | Best=72.3%(@2720)
  from x3: 0.72 0.72 0.72 0.72 0.72 0.72 0.72 0.72 0.72 0.73 0.72 0.72 0.73
  per-rule acc: 0.45 1.00
Epoch 2740 | Train: Loss=0.0067 Acc=100.0% | Test: Acc=71.1% | Best=72.3%(@2720)
  from x3: 0.71 0.71 0.71 0.71 0.71 0.71 0.71 0.71 0.71 0.71 0.71 0.71 0.71
  per-rule acc: 0.43 1.00
Epoch 2760 | Train: Loss=0.0068 Acc=99.9% | Test: Acc=71.4% | Best=72.3%(@2720)
  from x3: 0.71 0.71 0.71 0.71 0.71 0.71 0.71 0.71 0.72 0.72 0.72 0.72 0.72
  per-rule acc: 0.43 1.00
Epoch 2780 | Train: Loss=0.0104 Acc=99.9% | Test: Acc=69.2% | Best=72.3%(@2720)
  from x3: 0.69 0.69 0.69 0.69 0.69 0.69 0.69 0.69 0.69 0.69 0.69 0.69 0.69
  per-rule acc: 0.39 0.99
Epoch 2800 | Train: Loss=0.0387 Acc=99.8% | Test: Acc=68.7% | Best=72.3%(@2720)
  from x3: 0.68 0.69 0.69 0.69 0.69 0.69 0.69 0.69 0.69 0.69 0.69 0.69 0.69
  per-rule acc: 0.38 0.99
Epoch 2820 | Train: Loss=0.0101 Acc=99.9% | Test: Acc=70.7% | Best=72.3%(@2720)
  from x3: 0.70 0.71 0.71 0.71 0.71 0.71 0.71 0.71 0.71 0.71 0.71 0.71 0.71
  per-rule acc: 0.42 1.00
Epoch 2840 | Train: Loss=0.0083 Acc=99.9% | Test: Acc=72.3% | Best=72.3%(@2720)
  from x3: 0.72 0.72 0.72 0.72 0.72 0.72 0.72 0.72 0.72 0.72 0.72 0.72 0.72
  per-rule acc: 0.45 1.00
Epoch 2860 | Train: Loss=0.0062 Acc=100.0% | Test: Acc=72.3% | Best=72.3%(@2720)
  from x3: 0.72 0.72 0.72 0.72 0.72 0.72 0.72 0.72 0.72 0.72 0.72 0.72 0.72
  per-rule acc: 0.45 1.00
Epoch 2880 | Train: Loss=0.0043 Acc=100.0% | Test: Acc=73.1% | Best=73.1%(@2880)
  from x3: 0.73 0.73 0.73 0.73 0.73 0.73 0.73 0.73 0.73 0.73 0.73 0.73 0.73
  per-rule acc: 0.46 1.00
Epoch 2900 | Train: Loss=0.0067 Acc=100.0% | Test: Acc=72.4% | Best=73.1%(@2880)
  from x3: 0.72 0.72 0.72 0.72 0.72 0.72 0.72 0.72 0.72 0.72 0.72 0.73 0.72
  per-rule acc: 0.45 1.00
Epoch 2920 | Train: Loss=0.0108 Acc=100.0% | Test: Acc=71.8% | Best=73.1%(@2880)
  from x3: 0.71 0.72 0.72 0.72 0.72 0.72 0.72 0.72 0.72 0.72 0.72 0.72 0.72
  per-rule acc: 0.44 1.00
Epoch 2940 | Train: Loss=0.0076 Acc=99.9% | Test: Acc=73.3% | Best=73.3%(@2940)
  from x3: 0.73 0.73 0.73 0.73 0.73 0.73 0.73 0.73 0.73 0.73 0.73 0.73 0.73
  per-rule acc: 0.47 1.00
Epoch 2960 | Train: Loss=0.0052 Acc=100.0% | Test: Acc=73.4% | Best=73.4%(@2960)
  from x3: 0.73 0.73 0.73 0.73 0.73 0.73 0.73 0.73 0.73 0.74 0.74 0.74 0.74
  per-rule acc: 0.47 1.00
Epoch 2980 | Train: Loss=0.0049 Acc=100.0% | Test: Acc=73.9% | Best=73.9%(@2980)
  from x3: 0.74 0.74 0.74 0.74 0.74 0.74 0.74 0.74 0.74 0.74 0.74 0.74 0.74
  per-rule acc: 0.48 1.00
Epoch 3000 | Train: Loss=0.0050 Acc=100.0% | Test: Acc=73.3% | Best=73.9%(@2980)
  from x3: 0.73 0.74 0.73 0.73 0.73 0.73 0.73 0.73 0.73 0.73 0.73 0.74 0.73
  per-rule acc: 0.47 1.00
Epoch 3020 | Train: Loss=0.0067 Acc=100.0% | Test: Acc=72.2% | Best=73.9%(@2980)
  from x3: 0.72 0.72 0.72 0.72 0.72 0.72 0.72 0.72 0.72 0.72 0.72 0.72 0.72
  per-rule acc: 0.45 1.00
Epoch 3040 | Train: Loss=0.0047 Acc=100.0% | Test: Acc=73.7% | Best=73.9%(@2980)
  from x3: 0.74 0.74 0.74 0.74 0.74 0.74 0.74 0.74 0.74 0.74 0.74 0.74 0.74
  per-rule acc: 0.48 1.00
Epoch 3060 | Train: Loss=0.0045 Acc=100.0% | Test: Acc=74.6% | Best=74.6%(@3060)
  from x3: 0.74 0.75 0.75 0.75 0.75 0.75 0.75 0.75 0.75 0.75 0.75 0.75 0.75
  per-rule acc: 0.49 1.00
Epoch 3080 | Train: Loss=0.0063 Acc=100.0% | Test: Acc=73.5% | Best=74.6%(@3060)
  from x3: 0.73 0.74 0.73 0.73 0.74 0.74 0.74 0.73 0.74 0.74 0.73 0.74 0.74
  per-rule acc: 0.47 1.00
Epoch 3100 | Train: Loss=0.0093 Acc=100.0% | Test: Acc=71.8% | Best=74.6%(@3060)
  from x3: 0.72 0.72 0.72 0.72 0.72 0.72 0.72 0.72 0.72 0.72 0.72 0.72 0.72
  per-rule acc: 0.44 1.00
Epoch 3120 | Train: Loss=0.0063 Acc=100.0% | Test: Acc=73.5% | Best=74.6%(@3060)
  from x3: 0.73 0.74 0.73 0.73 0.73 0.74 0.74 0.74 0.74 0.74 0.74 0.74 0.74
  per-rule acc: 0.47 1.00
Epoch 3140 | Train: Loss=0.0058 Acc=100.0% | Test: Acc=73.8% | Best=74.6%(@3060)
  from x3: 0.74 0.74 0.74 0.74 0.74 0.74 0.74 0.74 0.74 0.74 0.74 0.74 0.74
  per-rule acc: 0.48 1.00
Epoch 3160 | Train: Loss=0.0054 Acc=100.0% | Test: Acc=73.8% | Best=74.6%(@3060)
  from x3: 0.74 0.74 0.74 0.74 0.74 0.74 0.74 0.74 0.74 0.74 0.74 0.74 0.74
  per-rule acc: 0.48 1.00
Epoch 3180 | Train: Loss=0.0060 Acc=100.0% | Test: Acc=74.5% | Best=74.6%(@3060)
  from x3: 0.74 0.75 0.74 0.74 0.74 0.74 0.74 0.74 0.74 0.75 0.75 0.75 0.75
  per-rule acc: 0.49 1.00
Epoch 3200 | Train: Loss=0.0046 Acc=100.0% | Test: Acc=74.8% | Best=74.8%(@3200)
  from x3: 0.74 0.75 0.75 0.75 0.75 0.75 0.75 0.75 0.75 0.75 0.75 0.75 0.75
  per-rule acc: 0.50 1.00
Epoch 3220 | Train: Loss=0.0042 Acc=100.0% | Test: Acc=75.0% | Best=75.0%(@3220)
  from x3: 0.75 0.75 0.75 0.75 0.75 0.75 0.75 0.75 0.75 0.75 0.75 0.75 0.75
  per-rule acc: 0.50 1.00
Epoch 3240 | Train: Loss=0.0060 Acc=100.0% | Test: Acc=73.7% | Best=75.0%(@3220)
  from x3: 0.73 0.74 0.74 0.74 0.74 0.74 0.74 0.74 0.74 0.74 0.74 0.74 0.74
  per-rule acc: 0.48 1.00
Epoch 3260 | Train: Loss=0.0066 Acc=100.0% | Test: Acc=74.5% | Best=75.0%(@3220)
  from x3: 0.74 0.74 0.74 0.74 0.74 0.74 0.74 0.74 0.74 0.75 0.75 0.75 0.75
  per-rule acc: 0.49 1.00
Epoch 3280 | Train: Loss=0.0058 Acc=100.0% | Test: Acc=73.9% | Best=75.0%(@3220)
  from x3: 0.74 0.74 0.74 0.74 0.74 0.74 0.74 0.74 0.74 0.74 0.74 0.74 0.74
  per-rule acc: 0.48 1.00
Epoch 3300 | Train: Loss=0.0046 Acc=100.0% | Test: Acc=74.6% | Best=75.0%(@3220)
  from x3: 0.74 0.75 0.75 0.75 0.75 0.75 0.75 0.75 0.75 0.75 0.75 0.75 0.75
  per-rule acc: 0.49 1.00
Epoch 3320 | Train: Loss=0.0089 Acc=99.9% | Test: Acc=73.9% | Best=75.0%(@3220)
  from x3: 0.74 0.74 0.74 0.74 0.74 0.74 0.74 0.74 0.74 0.74 0.74 0.74 0.74
  per-rule acc: 0.48 1.00
Epoch 3340 | Train: Loss=0.0043 Acc=100.0% | Test: Acc=75.7% | Best=75.7%(@3340)
  from x3: 0.76 0.76 0.76 0.76 0.76 0.76 0.76 0.76 0.76 0.76 0.76 0.76 0.76
  per-rule acc: 0.52 1.00
Epoch 3360 | Train: Loss=0.0056 Acc=100.0% | Test: Acc=75.6% | Best=75.7%(@3340)
  from x3: 0.75 0.76 0.75 0.76 0.76 0.76 0.76 0.76 0.76 0.76 0.76 0.76 0.76
  per-rule acc: 0.51 1.00
Epoch 3380 | Train: Loss=0.0081 Acc=99.9% | Test: Acc=74.9% | Best=75.7%(@3340)
  from x3: 0.75 0.75 0.75 0.75 0.75 0.75 0.75 0.75 0.75 0.75 0.75 0.75 0.75
  per-rule acc: 0.50 1.00
Epoch 3400 | Train: Loss=0.0083 Acc=100.0% | Test: Acc=75.3% | Best=75.7%(@3340)
  from x3: 0.75 0.75 0.75 0.75 0.75 0.75 0.75 0.75 0.75 0.75 0.75 0.75 0.75
  per-rule acc: 0.51 1.00
Epoch 3420 | Train: Loss=0.0058 Acc=100.0% | Test: Acc=75.7% | Best=75.7%(@3340)
  from x3: 0.75 0.76 0.76 0.76 0.76 0.76 0.76 0.76 0.76 0.76 0.76 0.76 0.76
  per-rule acc: 0.51 1.00
Epoch 3440 | Train: Loss=0.0059 Acc=99.9% | Test: Acc=74.8% | Best=75.7%(@3340)
  from x3: 0.75 0.75 0.75 0.75 0.75 0.75 0.75 0.75 0.75 0.75 0.75 0.75 0.75
  per-rule acc: 0.50 1.00
Epoch 3460 | Train: Loss=0.0048 Acc=100.0% | Test: Acc=75.9% | Best=75.9%(@3460)
  from x3: 0.76 0.76 0.76 0.76 0.76 0.76 0.76 0.76 0.76 0.76 0.76 0.76 0.76
  per-rule acc: 0.52 1.00
Epoch 3480 | Train: Loss=0.0057 Acc=100.0% | Test: Acc=74.1% | Best=75.9%(@3460)
  from x3: 0.74 0.74 0.74 0.74 0.74 0.74 0.74 0.74 0.74 0.74 0.74 0.74 0.74
  per-rule acc: 0.48 1.00
Epoch 3500 | Train: Loss=0.0055 Acc=100.0% | Test: Acc=76.0% | Best=76.0%(@3500)
  from x3: 0.76 0.76 0.76 0.76 0.76 0.76 0.76 0.76 0.76 0.76 0.76 0.76 0.76
  per-rule acc: 0.52 1.00
Epoch 3520 | Train: Loss=0.0063 Acc=100.0% | Test: Acc=76.0% | Best=76.0%(@3500)
  from x3: 0.75 0.76 0.76 0.76 0.76 0.76 0.76 0.76 0.76 0.76 0.76 0.76 0.76
  per-rule acc: 0.52 1.00
Epoch 3540 | Train: Loss=0.0061 Acc=100.0% | Test: Acc=76.3% | Best=76.3%(@3540)
  from x3: 0.76 0.76 0.76 0.76 0.76 0.76 0.76 0.76 0.76 0.76 0.76 0.76 0.76
  per-rule acc: 0.53 1.00
Epoch 3560 | Train: Loss=0.0080 Acc=100.0% | Test: Acc=75.5% | Best=76.3%(@3540)
  from x3: 0.75 0.75 0.75 0.75 0.75 0.75 0.76 0.76 0.76 0.76 0.76 0.76 0.76
  per-rule acc: 0.51 1.00
Epoch 3580 | Train: Loss=0.0051 Acc=100.0% | Test: Acc=76.8% | Best=76.8%(@3580)
  from x3: 0.77 0.77 0.77 0.77 0.77 0.77 0.77 0.77 0.77 0.77 0.77 0.77 0.77
  per-rule acc: 0.54 1.00
Epoch 3600 | Train: Loss=0.0050 Acc=100.0% | Test: Acc=76.3% | Best=76.8%(@3580)
  from x3: 0.76 0.76 0.76 0.76 0.76 0.76 0.76 0.76 0.76 0.76 0.76 0.76 0.77
  per-rule acc: 0.53 1.00
Epoch 3620 | Train: Loss=0.0048 Acc=100.0% | Test: Acc=76.1% | Best=76.8%(@3580)
  from x3: 0.76 0.76 0.76 0.76 0.76 0.76 0.76 0.76 0.76 0.76 0.76 0.76 0.77
  per-rule acc: 0.52 1.00
Epoch 3640 | Train: Loss=0.0054 Acc=100.0% | Test: Acc=76.7% | Best=76.8%(@3580)
  from x3: 0.76 0.77 0.76 0.77 0.77 0.77 0.77 0.77 0.77 0.77 0.77 0.77 0.77
  per-rule acc: 0.53 1.00
Epoch 3660 | Train: Loss=0.0053 Acc=100.0% | Test: Acc=77.0% | Best=77.0%(@3660)
  from x3: 0.77 0.77 0.77 0.77 0.77 0.77 0.77 0.77 0.77 0.77 0.77 0.77 0.77
  per-rule acc: 0.54 1.00
Epoch 3680 | Train: Loss=0.0040 Acc=100.0% | Test: Acc=77.3% | Best=77.3%(@3680)
  from x3: 0.77 0.77 0.77 0.77 0.77 0.77 0.77 0.77 0.77 0.77 0.77 0.77 0.78
  per-rule acc: 0.55 1.00
Epoch 3700 | Train: Loss=0.0054 Acc=100.0% | Test: Acc=76.0% | Best=77.3%(@3680)
  from x3: 0.76 0.76 0.76 0.76 0.76 0.76 0.76 0.76 0.76 0.76 0.76 0.76 0.76
  per-rule acc: 0.52 1.00
Epoch 3720 | Train: Loss=0.0141 Acc=99.8% | Test: Acc=71.3% | Best=77.3%(@3680)
  from x3: 0.71 0.71 0.71 0.71 0.71 0.71 0.71 0.71 0.71 0.71 0.71 0.71 0.72
  per-rule acc: 0.43 1.00
Epoch 3740 | Train: Loss=0.0054 Acc=100.0% | Test: Acc=77.1% | Best=77.3%(@3680)
  from x3: 0.77 0.77 0.77 0.77 0.77 0.77 0.77 0.77 0.77 0.77 0.77 0.77 0.77
  per-rule acc: 0.54 1.00
Epoch 3760 | Train: Loss=0.0048 Acc=100.0% | Test: Acc=77.2% | Best=77.3%(@3680)
  from x3: 0.77 0.77 0.77 0.77 0.77 0.77 0.77 0.77 0.77 0.77 0.77 0.77 0.77
  per-rule acc: 0.54 1.00
Epoch 3780 | Train: Loss=0.0052 Acc=100.0% | Test: Acc=77.6% | Best=77.6%(@3780)
  from x3: 0.77 0.77 0.77 0.77 0.77 0.77 0.77 0.78 0.78 0.78 0.78 0.78 0.78
  per-rule acc: 0.55 1.00
Epoch 3800 | Train: Loss=0.0057 Acc=100.0% | Test: Acc=77.0% | Best=77.6%(@3780)
  from x3: 0.77 0.77 0.77 0.77 0.77 0.77 0.77 0.77 0.77 0.77 0.77 0.77 0.77
  per-rule acc: 0.54 1.00
Epoch 3820 | Train: Loss=0.0084 Acc=99.9% | Test: Acc=77.0% | Best=77.6%(@3780)
  from x3: 0.77 0.77 0.77 0.77 0.77 0.77 0.77 0.77 0.77 0.77 0.77 0.77 0.77
  per-rule acc: 0.54 1.00
Epoch 3840 | Train: Loss=0.0068 Acc=99.9% | Test: Acc=75.6% | Best=77.6%(@3780)
  from x3: 0.75 0.75 0.75 0.75 0.75 0.75 0.75 0.76 0.76 0.76 0.76 0.76 0.76
  per-rule acc: 0.51 1.00
Epoch 3860 | Train: Loss=0.0041 Acc=100.0% | Test: Acc=78.0% | Best=78.0%(@3860)
  from x3: 0.78 0.78 0.78 0.78 0.78 0.78 0.78 0.78 0.78 0.78 0.78 0.78 0.78
  per-rule acc: 0.56 1.00
Epoch 3880 | Train: Loss=0.0066 Acc=99.9% | Test: Acc=76.8% | Best=78.0%(@3860)
  from x3: 0.76 0.76 0.77 0.77 0.77 0.77 0.77 0.77 0.77 0.77 0.77 0.77 0.77
  per-rule acc: 0.54 1.00
Epoch 3900 | Train: Loss=0.0070 Acc=99.9% | Test: Acc=76.0% | Best=78.0%(@3860)
  from x3: 0.76 0.76 0.76 0.76 0.76 0.76 0.76 0.76 0.76 0.76 0.76 0.76 0.76
  per-rule acc: 0.52 1.00
Epoch 3920 | Train: Loss=0.0054 Acc=100.0% | Test: Acc=77.0% | Best=78.0%(@3860)
  from x3: 0.77 0.77 0.77 0.77 0.77 0.77 0.77 0.77 0.77 0.77 0.77 0.77 0.77
  per-rule acc: 0.54 1.00
Epoch 3940 | Train: Loss=0.0231 Acc=100.0% | Test: Acc=76.7% | Best=78.0%(@3860)
  from x3: 0.76 0.77 0.77 0.77 0.77 0.77 0.77 0.77 0.77 0.77 0.77 0.77 0.77
  per-rule acc: 0.54 1.00
Epoch 3960 | Train: Loss=0.0046 Acc=100.0% | Test: Acc=78.4% | Best=78.4%(@3960)
  from x3: 0.78 0.78 0.78 0.78 0.78 0.79 0.78 0.78 0.78 0.78 0.78 0.78 0.78
  per-rule acc: 0.57 1.00
Epoch 3980 | Train: Loss=0.0047 Acc=100.0% | Test: Acc=78.1% | Best=78.4%(@3960)
  from x3: 0.78 0.78 0.78 0.78 0.78 0.78 0.78 0.78 0.78 0.78 0.78 0.78 0.78
  per-rule acc: 0.56 1.00
Epoch 4000 | Train: Loss=0.0047 Acc=100.0% | Test: Acc=78.6% | Best=78.6%(@4000)
  from x3: 0.78 0.78 0.78 0.79 0.79 0.79 0.79 0.79 0.79 0.79 0.79 0.79 0.79
  per-rule acc: 0.57 1.00
Epoch 4020 | Train: Loss=0.0106 Acc=99.9% | Test: Acc=73.7% | Best=78.6%(@4000)
  from x3: 0.74 0.74 0.74 0.74 0.74 0.74 0.74 0.74 0.74 0.74 0.74 0.74 0.74
  per-rule acc: 0.48 1.00
Epoch 4040 | Train: Loss=0.0046 Acc=100.0% | Test: Acc=78.6% | Best=78.6%(@4040)
  from x3: 0.78 0.79 0.79 0.79 0.79 0.79 0.79 0.79 0.79 0.79 0.79 0.79 0.79
  per-rule acc: 0.57 1.00
Epoch 4060 | Train: Loss=0.0054 Acc=100.0% | Test: Acc=78.5% | Best=78.6%(@4040)
  from x3: 0.78 0.78 0.78 0.78 0.78 0.78 0.78 0.79 0.78 0.79 0.79 0.79 0.79
  per-rule acc: 0.57 1.00
Epoch 4080 | Train: Loss=0.0048 Acc=100.0% | Test: Acc=79.3% | Best=79.3%(@4080)
  from x3: 0.79 0.79 0.79 0.79 0.79 0.79 0.79 0.79 0.79 0.79 0.79 0.79 0.79
  per-rule acc: 0.59 1.00
Epoch 4100 | Train: Loss=0.0034 Acc=100.0% | Test: Acc=79.4% | Best=79.4%(@4100)
  from x3: 0.79 0.80 0.79 0.79 0.79 0.79 0.79 0.79 0.79 0.79 0.79 0.79 0.79
  per-rule acc: 0.59 1.00
Epoch 4120 | Train: Loss=0.0034 Acc=100.0% | Test: Acc=79.6% | Best=79.6%(@4120)
  from x3: 0.79 0.79 0.79 0.79 0.79 0.79 0.80 0.80 0.80 0.80 0.80 0.80 0.80
  per-rule acc: 0.59 1.00
Epoch 4140 | Train: Loss=0.0040 Acc=100.0% | Test: Acc=79.3% | Best=79.6%(@4120)
  from x3: 0.79 0.79 0.79 0.79 0.79 0.79 0.79 0.79 0.79 0.79 0.79 0.79 0.79
  per-rule acc: 0.59 1.00
Epoch 4160 | Train: Loss=0.0088 Acc=100.0% | Test: Acc=77.4% | Best=79.6%(@4120)
  from x3: 0.77 0.77 0.77 0.77 0.77 0.77 0.77 0.78 0.77 0.77 0.77 0.78 0.78
  per-rule acc: 0.55 1.00
Epoch 4180 | Train: Loss=0.0037 Acc=100.0% | Test: Acc=79.4% | Best=79.6%(@4120)
  from x3: 0.79 0.79 0.79 0.79 0.79 0.79 0.79 0.79 0.79 0.80 0.80 0.80 0.80
  per-rule acc: 0.59 1.00
Epoch 4200 | Train: Loss=0.0056 Acc=100.0% | Test: Acc=78.5% | Best=79.6%(@4120)
  from x3: 0.78 0.78 0.78 0.78 0.78 0.79 0.79 0.79 0.79 0.79 0.79 0.79 0.79
  per-rule acc: 0.57 1.00
Epoch 4220 | Train: Loss=0.0055 Acc=100.0% | Test: Acc=79.0% | Best=79.6%(@4120)
  from x3: 0.78 0.79 0.79 0.79 0.79 0.79 0.79 0.79 0.79 0.79 0.79 0.79 0.79
  per-rule acc: 0.58 1.00
Epoch 4240 | Train: Loss=0.0037 Acc=100.0% | Test: Acc=78.9% | Best=79.6%(@4120)
  from x3: 0.79 0.79 0.79 0.79 0.79 0.79 0.79 0.79 0.79 0.79 0.79 0.79 0.79
  per-rule acc: 0.58 1.00
Epoch 4260 | Train: Loss=0.0061 Acc=100.0% | Test: Acc=79.2% | Best=79.6%(@4120)
  from x3: 0.79 0.79 0.79 0.79 0.79 0.79 0.79 0.79 0.79 0.79 0.79 0.79 0.79
  per-rule acc: 0.58 1.00
Epoch 4280 | Train: Loss=0.0038 Acc=100.0% | Test: Acc=79.7% | Best=79.7%(@4280)
  from x3: 0.80 0.80 0.79 0.80 0.80 0.80 0.80 0.80 0.80 0.80 0.80 0.80 0.80
  per-rule acc: 0.59 1.00
Epoch 4300 | Train: Loss=0.0039 Acc=100.0% | Test: Acc=80.3% | Best=80.3%(@4300)
  from x3: 0.80 0.80 0.80 0.80 0.80 0.80 0.80 0.80 0.80 0.80 0.80 0.81 0.81
  per-rule acc: 0.61 1.00
Epoch 4320 | Train: Loss=0.0034 Acc=100.0% | Test: Acc=80.5% | Best=80.5%(@4320)
  from x3: 0.80 0.80 0.80 0.80 0.81 0.81 0.81 0.81 0.81 0.81 0.81 0.81 0.81
  per-rule acc: 0.61 1.00
Epoch 4340 | Train: Loss=0.0041 Acc=100.0% | Test: Acc=79.9% | Best=80.5%(@4320)
  from x3: 0.79 0.80 0.80 0.80 0.80 0.80 0.80 0.80 0.80 0.80 0.80 0.80 0.80
  per-rule acc: 0.60 1.00
Epoch 4360 | Train: Loss=0.0033 Acc=100.0% | Test: Acc=80.5% | Best=80.5%(@4320)
  from x3: 0.80 0.80 0.80 0.80 0.80 0.80 0.80 0.80 0.81 0.81 0.80 0.81 0.80
  per-rule acc: 0.61 1.00
Epoch 4380 | Train: Loss=0.0048 Acc=100.0% | Test: Acc=79.5% | Best=80.5%(@4320)
  from x3: 0.79 0.79 0.79 0.79 0.79 0.80 0.80 0.80 0.80 0.80 0.80 0.80 0.80
  per-rule acc: 0.59 1.00
Epoch 4400 | Train: Loss=0.0042 Acc=100.0% | Test: Acc=79.6% | Best=80.5%(@4320)
  from x3: 0.80 0.79 0.79 0.79 0.79 0.79 0.79 0.80 0.80 0.80 0.80 0.80 0.80
  per-rule acc: 0.59 1.00
Epoch 4420 | Train: Loss=0.0047 Acc=100.0% | Test: Acc=79.8% | Best=80.5%(@4320)
  from x3: 0.79 0.80 0.80 0.80 0.80 0.80 0.80 0.80 0.80 0.80 0.80 0.80 0.80
  per-rule acc: 0.60 1.00
Epoch 4440 | Train: Loss=0.0045 Acc=100.0% | Test: Acc=78.7% | Best=80.5%(@4320)
  from x3: 0.78 0.79 0.79 0.79 0.79 0.79 0.79 0.79 0.79 0.79 0.79 0.79 0.79
  per-rule acc: 0.57 1.00
Epoch 4460 | Train: Loss=0.0079 Acc=99.9% | Test: Acc=75.7% | Best=80.5%(@4320)
  from x3: 0.75 0.75 0.76 0.76 0.76 0.76 0.76 0.76 0.76 0.76 0.76 0.76 0.76
  per-rule acc: 0.52 1.00
Epoch 4480 | Train: Loss=0.0034 Acc=100.0% | Test: Acc=80.2% | Best=80.5%(@4320)
  from x3: 0.80 0.80 0.80 0.80 0.80 0.80 0.80 0.80 0.80 0.80 0.80 0.80 0.80
  per-rule acc: 0.60 1.00
Epoch 4500 | Train: Loss=0.0030 Acc=100.0% | Test: Acc=80.3% | Best=80.5%(@4320)
  from x3: 0.80 0.80 0.80 0.80 0.80 0.80 0.80 0.80 0.80 0.80 0.80 0.80 0.80
  per-rule acc: 0.61 1.00
Epoch 4520 | Train: Loss=0.0043 Acc=100.0% | Test: Acc=79.1% | Best=80.5%(@4320)
  from x3: 0.79 0.79 0.79 0.79 0.79 0.79 0.79 0.79 0.79 0.79 0.79 0.79 0.79
  per-rule acc: 0.58 1.00
Epoch 4540 | Train: Loss=0.0171 Acc=100.0% | Test: Acc=76.8% | Best=80.5%(@4320)
  from x3: 0.76 0.77 0.77 0.77 0.77 0.77 0.77 0.77 0.77 0.77 0.77 0.77 0.77
  per-rule acc: 0.54 1.00
Epoch 4560 | Train: Loss=0.0057 Acc=100.0% | Test: Acc=78.9% | Best=80.5%(@4320)
  from x3: 0.79 0.79 0.79 0.79 0.79 0.79 0.79 0.79 0.79 0.79 0.79 0.79 0.79
  per-rule acc: 0.58 1.00
Epoch 4580 | Train: Loss=0.0030 Acc=100.0% | Test: Acc=81.1% | Best=81.1%(@4580)
  from x3: 0.81 0.81 0.81 0.81 0.81 0.81 0.81 0.81 0.81 0.81 0.81 0.81 0.81
  per-rule acc: 0.62 1.00
Epoch 4600 | Train: Loss=0.0046 Acc=100.0% | Test: Acc=79.9% | Best=81.1%(@4580)
  from x3: 0.79 0.80 0.80 0.80 0.80 0.80 0.80 0.80 0.80 0.80 0.80 0.80 0.80
  per-rule acc: 0.60 1.00
Epoch 4620 | Train: Loss=0.0043 Acc=100.0% | Test: Acc=79.8% | Best=81.1%(@4580)
  from x3: 0.80 0.80 0.79 0.80 0.80 0.80 0.80 0.80 0.80 0.80 0.80 0.80 0.80
  per-rule acc: 0.60 1.00
Epoch 4640 | Train: Loss=0.0037 Acc=100.0% | Test: Acc=80.1% | Best=81.1%(@4580)
  from x3: 0.80 0.80 0.80 0.80 0.80 0.80 0.80 0.80 0.80 0.80 0.80 0.80 0.80
  per-rule acc: 0.60 1.00
Epoch 4660 | Train: Loss=0.0048 Acc=100.0% | Test: Acc=79.5% | Best=81.1%(@4580)
  from x3: 0.79 0.79 0.79 0.79 0.80 0.80 0.80 0.79 0.80 0.80 0.80 0.80 0.80
  per-rule acc: 0.59 1.00
Epoch 4680 | Train: Loss=0.0031 Acc=100.0% | Test: Acc=80.4% | Best=81.1%(@4580)
  from x3: 0.80 0.80 0.80 0.80 0.80 0.80 0.80 0.80 0.80 0.80 0.80 0.80 0.80
  per-rule acc: 0.61 1.00
Epoch 4700 | Train: Loss=0.0031 Acc=100.0% | Test: Acc=80.2% | Best=81.1%(@4580)
  from x3: 0.80 0.80 0.80 0.80 0.80 0.80 0.80 0.80 0.80 0.80 0.80 0.80 0.80
  per-rule acc: 0.60 1.00
Epoch 4720 | Train: Loss=0.0033 Acc=100.0% | Test: Acc=80.3% | Best=81.1%(@4580)
  from x3: 0.80 0.80 0.80 0.80 0.80 0.80 0.80 0.80 0.80 0.80 0.80 0.80 0.80
  per-rule acc: 0.61 1.00
Epoch 4740 | Train: Loss=0.0034 Acc=100.0% | Test: Acc=79.9% | Best=81.1%(@4580)
  from x3: 0.80 0.80 0.80 0.80 0.80 0.80 0.80 0.80 0.80 0.80 0.80 0.80 0.80
  per-rule acc: 0.60 1.00
Epoch 4760 | Train: Loss=0.0036 Acc=100.0% | Test: Acc=80.0% | Best=81.1%(@4580)
  from x3: 0.80 0.80 0.80 0.80 0.80 0.80 0.80 0.80 0.80 0.80 0.80 0.80 0.80
  per-rule acc: 0.60 1.00
Epoch 4780 | Train: Loss=0.0037 Acc=100.0% | Test: Acc=79.9% | Best=81.1%(@4580)
  from x3: 0.80 0.80 0.80 0.80 0.80 0.80 0.80 0.80 0.80 0.80 0.80 0.80 0.80
  per-rule acc: 0.60 1.00
Epoch 4800 | Train: Loss=0.0045 Acc=100.0% | Test: Acc=80.0% | Best=81.1%(@4580)
  from x3: 0.80 0.80 0.80 0.80 0.80 0.80 0.80 0.80 0.80 0.80 0.80 0.80 0.80
  per-rule acc: 0.60 1.00
Epoch 4820 | Train: Loss=0.0031 Acc=100.0% | Test: Acc=81.0% | Best=81.1%(@4580)
  from x3: 0.81 0.81 0.81 0.81 0.81 0.81 0.81 0.81 0.81 0.81 0.81 0.81 0.81
  per-rule acc: 0.62 1.00
Epoch 4840 | Train: Loss=0.0033 Acc=100.0% | Test: Acc=80.9% | Best=81.1%(@4580)
  from x3: 0.81 0.81 0.81 0.81 0.81 0.81 0.81 0.81 0.81 0.81 0.81 0.81 0.81
  per-rule acc: 0.62 1.00
Epoch 4860 | Train: Loss=0.0031 Acc=100.0% | Test: Acc=80.8% | Best=81.1%(@4580)
  from x3: 0.81 0.81 0.81 0.81 0.81 0.81 0.81 0.81 0.81 0.81 0.81 0.81 0.81
  per-rule acc: 0.62 1.00
Epoch 4880 | Train: Loss=0.0036 Acc=100.0% | Test: Acc=80.8% | Best=81.1%(@4580)
  from x3: 0.80 0.81 0.81 0.81 0.81 0.81 0.81 0.81 0.81 0.81 0.81 0.81 0.81
  per-rule acc: 0.62 1.00
Epoch 4900 | Train: Loss=0.0061 Acc=100.0% | Test: Acc=77.5% | Best=81.1%(@4580)
  from x3: 0.77 0.77 0.77 0.78 0.78 0.78 0.78 0.78 0.78 0.78 0.78 0.78 0.78
  per-rule acc: 0.55 1.00
Epoch 4920 | Train: Loss=0.0058 Acc=100.0% | Test: Acc=79.7% | Best=81.1%(@4580)
  from x3: 0.79 0.80 0.80 0.80 0.80 0.80 0.80 0.80 0.80 0.80 0.80 0.80 0.80
  per-rule acc: 0.59 1.00
Epoch 4940 | Train: Loss=0.0042 Acc=100.0% | Test: Acc=79.9% | Best=81.1%(@4580)
  from x3: 0.80 0.80 0.80 0.80 0.80 0.80 0.80 0.80 0.80 0.80 0.80 0.80 0.80
  per-rule acc: 0.60 1.00
Epoch 4960 | Train: Loss=0.0035 Acc=100.0% | Test: Acc=79.6% | Best=81.1%(@4580)
  from x3: 0.80 0.79 0.79 0.80 0.79 0.79 0.80 0.80 0.80 0.80 0.80 0.80 0.80
  per-rule acc: 0.59 1.00
Epoch 4980 | Train: Loss=0.0031 Acc=100.0% | Test: Acc=80.4% | Best=81.1%(@4580)
  from x3: 0.80 0.80 0.80 0.80 0.80 0.80 0.80 0.80 0.80 0.80 0.81 0.81 0.81
  per-rule acc: 0.61 1.00
Epoch 5000 | Train: Loss=0.0048 Acc=100.0% | Test: Acc=78.9% | Best=81.1%(@4580)
  from x3: 0.79 0.79 0.79 0.79 0.79 0.79 0.79 0.79 0.79 0.79 0.79 0.79 0.79
  per-rule acc: 0.58 1.00
Epoch 5020 | Train: Loss=0.0039 Acc=100.0% | Test: Acc=79.5% | Best=81.1%(@4580)
  from x3: 0.79 0.79 0.79 0.79 0.79 0.79 0.80 0.80 0.80 0.80 0.80 0.80 0.80
  per-rule acc: 0.59 1.00
Epoch 5040 | Train: Loss=0.0032 Acc=100.0% | Test: Acc=80.1% | Best=81.1%(@4580)
  from x3: 0.80 0.80 0.80 0.80 0.80 0.80 0.80 0.80 0.80 0.80 0.80 0.80 0.80
  per-rule acc: 0.60 1.00
Epoch 5060 | Train: Loss=0.0032 Acc=100.0% | Test: Acc=80.4% | Best=81.1%(@4580)
  from x3: 0.80 0.80 0.80 0.80 0.80 0.80 0.80 0.80 0.81 0.81 0.81 0.80 0.81
  per-rule acc: 0.61 1.00
Epoch 5080 | Train: Loss=0.0035 Acc=100.0% | Test: Acc=80.1% | Best=81.1%(@4580)
  from x3: 0.80 0.80 0.80 0.80 0.80 0.80 0.80 0.80 0.80 0.80 0.80 0.80 0.80
  per-rule acc: 0.60 1.00
Epoch 5100 | Train: Loss=0.0039 Acc=100.0% | Test: Acc=79.8% | Best=81.1%(@4580)
  from x3: 0.80 0.80 0.80 0.80 0.80 0.80 0.80 0.80 0.80 0.80 0.80 0.80 0.80
  per-rule acc: 0.60 1.00
Epoch 5120 | Train: Loss=0.0028 Acc=100.0% | Test: Acc=80.3% | Best=81.1%(@4580)
  from x3: 0.80 0.80 0.80 0.80 0.80 0.80 0.80 0.80 0.80 0.80 0.80 0.80 0.80
  per-rule acc: 0.61 1.00
Epoch 5140 | Train: Loss=0.0046 Acc=100.0% | Test: Acc=79.4% | Best=81.1%(@4580)
  from x3: 0.79 0.79 0.79 0.79 0.79 0.79 0.79 0.80 0.79 0.79 0.79 0.79 0.79
  per-rule acc: 0.59 1.00
Epoch 5160 | Train: Loss=0.0028 Acc=100.0% | Test: Acc=80.3% | Best=81.1%(@4580)
  from x3: 0.80 0.80 0.80 0.80 0.80 0.80 0.80 0.80 0.80 0.80 0.80 0.80 0.80
  per-rule acc: 0.61 1.00
Epoch 5180 | Train: Loss=0.0030 Acc=100.0% | Test: Acc=80.2% | Best=81.1%(@4580)
  from x3: 0.80 0.80 0.80 0.80 0.80 0.80 0.80 0.80 0.80 0.80 0.80 0.80 0.80
  per-rule acc: 0.60 1.00
Epoch 5200 | Train: Loss=0.0100 Acc=99.9% | Test: Acc=75.3% | Best=81.1%(@4580)
  from x3: 0.75 0.75 0.75 0.75 0.75 0.75 0.75 0.75 0.75 0.75 0.76 0.75 0.75
  per-rule acc: 0.51 1.00
Epoch 5220 | Train: Loss=0.0041 Acc=100.0% | Test: Acc=79.9% | Best=81.1%(@4580)
  from x3: 0.80 0.80 0.80 0.80 0.80 0.80 0.80 0.80 0.80 0.80 0.80 0.80 0.80
  per-rule acc: 0.60 1.00
Epoch 5240 | Train: Loss=0.0030 Acc=100.0% | Test: Acc=80.1% | Best=81.1%(@4580)
  from x3: 0.80 0.80 0.80 0.80 0.80 0.80 0.80 0.80 0.80 0.80 0.80 0.80 0.80
  per-rule acc: 0.60 1.00
Epoch 5260 | Train: Loss=0.0088 Acc=99.9% | Test: Acc=76.5% | Best=81.1%(@4580)
  from x3: 0.76 0.76 0.76 0.76 0.76 0.76 0.76 0.77 0.77 0.77 0.77 0.77 0.77
  per-rule acc: 0.53 1.00
Epoch 5280 | Train: Loss=0.0037 Acc=100.0% | Test: Acc=79.6% | Best=81.1%(@4580)
  from x3: 0.79 0.79 0.80 0.80 0.80 0.80 0.80 0.80 0.80 0.80 0.80 0.80 0.80
  per-rule acc: 0.59 1.00
Epoch 5300 | Train: Loss=0.0041 Acc=100.0% | Test: Acc=79.2% | Best=81.1%(@4580)
  from x3: 0.79 0.79 0.79 0.79 0.79 0.79 0.79 0.79 0.79 0.79 0.79 0.79 0.79
  per-rule acc: 0.58 1.00
Epoch 5320 | Train: Loss=0.0039 Acc=100.0% | Test: Acc=79.4% | Best=81.1%(@4580)
  from x3: 0.79 0.79 0.79 0.79 0.79 0.79 0.79 0.79 0.79 0.79 0.80 0.80 0.80
  per-rule acc: 0.59 1.00
Epoch 5340 | Train: Loss=0.0048 Acc=100.0% | Test: Acc=79.1% | Best=81.1%(@4580)
  from x3: 0.79 0.79 0.79 0.79 0.79 0.79 0.79 0.79 0.79 0.79 0.79 0.79 0.80
  per-rule acc: 0.58 1.00
Epoch 5360 | Train: Loss=0.0030 Acc=100.0% | Test: Acc=80.2% | Best=81.1%(@4580)
  from x3: 0.80 0.80 0.80 0.80 0.80 0.80 0.80 0.80 0.80 0.80 0.80 0.80 0.80
  per-rule acc: 0.61 1.00
Epoch 5380 | Train: Loss=0.0034 Acc=100.0% | Test: Acc=79.4% | Best=81.1%(@4580)
  from x3: 0.79 0.79 0.79 0.79 0.79 0.79 0.79 0.79 0.79 0.80 0.80 0.80 0.80
  per-rule acc: 0.59 1.00
Epoch 5400 | Train: Loss=0.0035 Acc=100.0% | Test: Acc=79.5% | Best=81.1%(@4580)
  from x3: 0.79 0.79 0.79 0.79 0.79 0.79 0.79 0.80 0.79 0.80 0.80 0.80 0.80
  per-rule acc: 0.59 1.00
Epoch 5420 | Train: Loss=0.0033 Acc=100.0% | Test: Acc=79.7% | Best=81.1%(@4580)
  from x3: 0.79 0.80 0.80 0.80 0.80 0.80 0.80 0.80 0.80 0.80 0.80 0.80 0.80
  per-rule acc: 0.59 1.00
Epoch 5440 | Train: Loss=0.0031 Acc=100.0% | Test: Acc=78.9% | Best=81.1%(@4580)
  from x3: 0.79 0.79 0.79 0.79 0.79 0.79 0.79 0.79 0.79 0.79 0.79 0.79 0.79
  per-rule acc: 0.58 1.00
Epoch 5460 | Train: Loss=0.0101 Acc=100.0% | Test: Acc=79.1% | Best=81.1%(@4580)
  from x3: 0.79 0.79 0.79 0.79 0.79 0.79 0.79 0.79 0.79 0.79 0.79 0.79 0.79
  per-rule acc: 0.58 1.00
Epoch 5480 | Train: Loss=0.0029 Acc=100.0% | Test: Acc=79.9% | Best=81.1%(@4580)
  from x3: 0.80 0.80 0.80 0.80 0.80 0.80 0.80 0.80 0.80 0.80 0.80 0.80 0.80
  per-rule acc: 0.60 1.00
Epoch 5500 | Train: Loss=0.0031 Acc=100.0% | Test: Acc=80.2% | Best=81.1%(@4580)
  from x3: 0.80 0.80 0.80 0.80 0.80 0.80 0.80 0.80 0.80 0.80 0.80 0.80 0.80
  per-rule acc: 0.60 1.00
Epoch 5520 | Train: Loss=0.0028 Acc=100.0% | Test: Acc=80.1% | Best=81.1%(@4580)
  from x3: 0.80 0.80 0.80 0.80 0.80 0.80 0.80 0.80 0.80 0.80 0.80 0.80 0.80
  per-rule acc: 0.60 1.00
Epoch 5540 | Train: Loss=0.0031 Acc=100.0% | Test: Acc=79.5% | Best=81.1%(@4580)
  from x3: 0.80 0.80 0.79 0.79 0.79 0.79 0.79 0.79 0.79 0.79 0.80 0.80 0.80
  per-rule acc: 0.59 1.00
Epoch 5560 | Train: Loss=0.0031 Acc=100.0% | Test: Acc=80.2% | Best=81.1%(@4580)
  from x3: 0.80 0.80 0.80 0.80 0.80 0.80 0.80 0.80 0.80 0.80 0.80 0.80 0.80
  per-rule acc: 0.60 1.00
Epoch 5580 | Train: Loss=0.0025 Acc=100.0% | Test: Acc=80.2% | Best=81.1%(@4580)
  from x3: 0.80 0.80 0.80 0.80 0.80 0.80 0.80 0.80 0.80 0.80 0.80 0.81 0.80
  per-rule acc: 0.60 1.00
[Early stop] No improvement for 1000 consecutive epochs

==================================================
Saving model...
[OK] Model saved to: /home/cxm/ai/test0629-fix/models/mixed_cond_d128l1_r8_n2_e50_fixWTE_start90.pth
  File size: 1418.4 KB
  Best test accuracy: 81.05%

[Config] SKIP_FINAL_GENERATION_TEST=true, skipping final generation test.

--- Return code: 0 ---

======================================================================
Attention Analysis
======================================================================
Model config: addition (default), p=53
Best test accuracy: 0.8105119080208049
Training epochs: 5580

Random test sequence 1/5 (length 32): [35, 30, 12, 42, 1, 43, 44, 34, 25, 6, 31, 37, 15, 52, 14, 13, 27, 40, 14, 1]...

======================================================================
Attention Layer Training Result Summary
======================================================================
Input sequence: [35, 30, 12, 42, 1, 43, 44, 34, 25, 6, 31, 37, 15, 52, 14, 13, 27, 40, 14, 1, 15, 16, 31, 47, 25, 19, 44, 10, 1, 11, 12, 23]

--- Layer 0 ---
  Head 0: Entropy=1.275
    Attention coefficients from each query position to previous positions:
      i= 0 -> j=0:1.000
      i= 1 -> j=0:0.322, j=1:0.678
      i= 2 -> j=0:0.136, j=1:0.235, j=2:0.629
      i= 3 -> j=0:0.024, j=1:0.100, j=2:0.314, j=3:0.563
      i= 4 -> j=0:0.013, j=1:0.051, j=2:0.117, j=3:0.263, j=4:0.556
      i= 5 -> j=0:0.001, j=1:0.006, j=2:0.013, j=3:0.072, j=4:0.278, j=5:0.629
      i= 6 -> j=0:0.002, j=1:0.010, j=2:0.025, j=3:0.079, j=4:0.183, j=5:0.187, j=6:0.514
      i= 7 -> j=0:0.001, j=1:0.001, j=2:0.002, j=3:0.005, j=4:0.025, j=5:0.065, j=6:0.233, j=7:0.669
      i= 8 -> j=0:0.000, j=1:0.000, j=2:0.000, j=3:0.001, j=4:0.005, j=5:0.016, j=6:0.063, j=7:0.245, j=8:0.668
      i= 9 -> j=0:0.002, j=1:0.002, j=2:0.001, j=3:0.001, j=4:0.002, j=5:0.002, j=6:0.007, j=7:0.049, j=8:0.265, j=9:0.669
      i=10 -> j=0:0.003, j=1:0.002, j=2:0.001, j=3:0.001, j=4:0.001, j=5:0.001, j=6:0.004, j=7:0.015, j=8:0.059, j=9:0.206, j=10:0.708
      i=11 -> j=0:0.007, j=1:0.006, j=2:0.003, j=3:0.002, j=4:0.003, j=5:0.002, j=6:0.005, j=7:0.013, j=8:0.034, j=9:0.133, j=10:0.284, j=11:0.510
      i=12 -> j=0:0.003, j=1:0.003, j=2:0.002, j=3:0.002, j=4:0.001, j=5:0.001, j=6:0.001, j=7:0.002, j=8:0.006, j=9:0.038, j=10:0.097, j=11:0.227, j=12:0.616
      i=13 -> j=0:0.001, j=1:0.002, j=2:0.001, j=3:0.001, j=4:0.001, j=5:0.000, j=6:0.000, j=7:0.000, j=8:0.000, j=9:0.003, j=10:0.008, j=11:0.036, j=12:0.200, j=13:0.745
      i=14 -> j=0:0.005, j=1:0.005, j=2:0.004, j=3:0.004, j=4:0.004, j=5:0.002, j=6:0.001, j=7:0.001, j=8:0.001, j=9:0.003, j=10:0.007, j=11:0.023, j=12:0.091, j=13:0.278, j=14:0.571
      i=15 -> j=0:0.006, j=1:0.004, j=2:0.003, j=3:0.002, j=4:0.003, j=5:0.002, j=6:0.001, j=7:0.001, j=8:0.001, j=9:0.002, j=10:0.003, j=11:0.008, j=12:0.032, j=13:0.100, j=14:0.186, j=15:0.648
      i=16 -> j=0:0.012, j=1:0.009, j=2:0.006, j=3:0.005, j=4:0.006, j=5:0.004, j=6:0.003, j=7:0.002, j=8:0.001, j=9:0.002, j=10:0.002, j=11:0.003, j=12:0.011, j=13:0.036, j=14:0.094, j=15:0.349, j=16:0.454
      i=17 -> j=0:0.010, j=1:0.008, j=2:0.006, j=3:0.004, j=4:0.004, j=5:0.002, j=6:0.002, j=7:0.002, j=8:0.001, j=9:0.001, j=10:0.001, j=11:0.001, j=12:0.002, j=13:0.005, j=14:0.017, j=15:0.073, j=16:0.176, j=17:0.685
      i=18 -> j=0:0.012, j=1:0.012, j=2:0.009, j=3:0.007, j=4:0.007, j=5:0.004, j=6:0.004, j=7:0.003, j=8:0.002, j=9:0.003, j=10:0.001, j=11:0.001, j=12:0.001, j=13:0.002, j=14:0.006, j=15:0.021, j=16:0.076, j=17:0.251, j=18:0.578
      i=19 -> j=0:0.019, j=1:0.019, j=2:0.018, j=3:0.015, j=4:0.015, j=5:0.008, j=6:0.007, j=7:0.007, j=8:0.005, j=9:0.006, j=10:0.004, j=11:0.003, j=12:0.002, j=13:0.002, j=14:0.005, j=15:0.012, j=16:0.039, j=17:0.101, j=18:0.221, j=19:0.491
      i=20 -> j=0:0.011, j=1:0.010, j=2:0.011, j=3:0.009, j=4:0.009, j=5:0.006, j=6:0.004, j=7:0.003, j=8:0.003, j=9:0.003, j=10:0.002, j=11:0.002, j=12:0.001, j=13:0.001, j=14:0.001, j=15:0.002, j=16:0.007, j=17:0.021, j=18:0.080, j=19:0.256, j=20:0.559
      i=21 -> j=0:0.015, j=1:0.015, j=2:0.014, j=3:0.013, j=4:0.015, j=5:0.010, j=6:0.008, j=7:0.006, j=8:0.004, j=9:0.005, j=10:0.004, j=11:0.004, j=12:0.002, j=13:0.001, j=14:0.001, j=15:0.001, j=16:0.002, j=17:0.004, j=18:0.016, j=19:0.070, j=20:0.222, j=21:0.567
      i=22 -> j=0:0.011, j=1:0.011, j=2:0.010, j=3:0.010, j=4:0.011, j=5:0.008, j=6:0.007, j=7:0.005, j=8:0.003, j=9:0.003, j=10:0.003, j=11:0.003, j=12:0.002, j=13:0.002, j=14:0.001, j=15:0.001, j=16:0.001, j=17:0.001, j=18:0.003, j=19:0.014, j=20:0.055, j=21:0.195, j=22:0.638
      i=23 -> j=0:0.007, j=1:0.008, j=2:0.006, j=3:0.006, j=4:0.007, j=5:0.005, j=6:0.006, j=7:0.004, j=8:0.003, j=9:0.002, j=10:0.002, j=11:0.002, j=12:0.001, j=13:0.001, j=14:0.001, j=15:0.000, j=16:0.000, j=17:0.000, j=18:0.001, j=19:0.003, j=20:0.011, j=21:0.054, j=22:0.209, j=23:0.662
      i=24 -> j=0:0.004, j=1:0.005, j=2:0.004, j=3:0.004, j=4:0.005, j=5:0.003, j=6:0.005, j=7:0.004, j=8:0.003, j=9:0.003, j=10:0.001, j=11:0.001, j=12:0.001, j=13:0.001, j=14:0.001, j=15:0.000, j=16:0.000, j=17:0.000, j=18:0.000, j=19:0.002, j=20:0.004, j=21:0.020, j=22:0.062, j=23:0.181, j=24:0.684
      i=25 -> j=0:0.014, j=1:0.013, j=2:0.011, j=3:0.013, j=4:0.012, j=5:0.013, j=6:0.013, j=7:0.014, j=8:0.012, j=9:0.011, j=10:0.007, j=11:0.006, j=12:0.004, j=13:0.004, j=14:0.004, j=15:0.003, j=16:0.003, j=17:0.002, j=18:0.001, j=19:0.002, j=20:0.002, j=21:0.005, j=22:0.014, j=23:0.048, j=24:0.231, j=25:0.541
      i=26 -> j=0:0.012, j=1:0.013, j=2:0.015, j=3:0.016, j=4:0.017, j=5:0.012, j=6:0.011, j=7:0.010, j=8:0.009, j=9:0.012, j=10:0.010, j=11:0.008, j=12:0.005, j=13:0.004, j=14:0.004, j=15:0.003, j=16:0.003, j=17:0.002, j=18:0.001, j=19:0.002, j=20:0.002, j=21:0.006, j=22:0.021, j=23:0.071, j=24:0.147, j=25:0.207, j=26:0.376
      i=27 -> j=0:0.019, j=1:0.017, j=2:0.016, j=3:0.017, j=4:0.017, j=5:0.020, j=6:0.016, j=7:0.014, j=8:0.013, j=9:0.014, j=10:0.014, j=11:0.012, j=12:0.010, j=13:0.007, j=14:0.005, j=15:0.005, j=16:0.006, j=17:0.004, j=18:0.003, j=19:0.003, j=20:0.002, j=21:0.003, j=22:0.006, j=23:0.016, j=24:0.041, j=25:0.095, j=26:0.202, j=27:0.403
      i=28 -> j=0:0.023, j=1:0.020, j=2:0.019, j=3:0.017, j=4:0.020, j=5:0.019, j=6:0.019, j=7:0.017, j=8:0.015, j=9:0.014, j=10:0.014, j=11:0.014, j=12:0.014, j=13:0.010, j=14:0.007, j=15:0.006, j=16:0.005, j=17:0.006, j=18:0.004, j=19:0.004, j=20:0.002, j=21:0.002, j=22:0.002, j=23:0.004, j=24:0.009, j=25:0.028, j=26:0.087, j=27:0.200, j=28:0.398
      i=29 -> j=0:0.010, j=1:0.010, j=2:0.009, j=3:0.006, j=4:0.006, j=5:0.005, j=6:0.005, j=7:0.005, j=8:0.005, j=9:0.007, j=10:0.006, j=11:0.006, j=12:0.006, j=13:0.004, j=14:0.003, j=15:0.002, j=16:0.001, j=17:0.001, j=18:0.001, j=19:0.001, j=20:0.001, j=21:0.000, j=22:0.000, j=23:0.000, j=24:0.000, j=25:0.001, j=26:0.005, j=27:0.030, j=28:0.151, j=29:0.711
      i=30 -> j=0:0.015, j=1:0.016, j=2:0.017, j=3:0.014, j=4:0.013, j=5:0.011, j=6:0.013, j=7:0.013, j=8:0.012, j=9:0.013, j=10:0.010, j=11:0.009, j=12:0.011, j=13:0.012, j=14:0.010, j=15:0.007, j=16:0.005, j=17:0.004, j=18:0.003, j=19:0.004, j=20:0.003, j=21:0.002, j=22:0.001, j=23:0.001, j=24:0.001, j=25:0.004, j=26:0.017, j=27:0.039, j=28:0.108, j=29:0.154, j=30:0.457
      i=31 -> j=0:0.024, j=1:0.024, j=2:0.025, j=3:0.023, j=4:0.022, j=5:0.017, j=6:0.017, j=7:0.017, j=8:0.016, j=9:0.020, j=10:0.018, j=11:0.017, j=12:0.017, j=13:0.017, j=14:0.017, j=15:0.012, j=16:0.010, j=17:0.008, j=18:0.006, j=19:0.007, j=20:0.005, j=21:0.005, j=22:0.004, j=23:0.002, j=24:0.002, j=25:0.002, j=26:0.003, j=27:0.006, j=28:0.019, j=29:0.064, j=30:0.168, j=31:0.385
    Average attention per distance:
      d=0:0.593, d=1:0.229, d=2:0.085, d=3:0.027, d=17:0.011, d=18:0.011, d=19:0.011, d=20:0.011
      d=21:0.012, d=22:0.013, d=23:0.012, d=24:0.013, d=25:0.014, d=26:0.014, d=27:0.017, d=28:0.018
      d=29:0.017, d=30:0.020, d=31:0.024


======================================================================
QK Property Verification (Raw Scores, before Softmax)
======================================================================
Recurrence order init_len=2, num test sequences=1

--- [P1] Long-distance Orthogonality Verification ---
Ideal: raw_score mean ≈ 0 and small std when d > init_len

  Layer 0, Head 0:
    d= 1 (effective): mean=  2.238, std= 0.327, n=31
    d= 2 (effective): mean=  1.214, std= 0.293, n=30
    d>2 (long-distance): mean= -1.607, std= 1.058, n=435

--- [P2] Time-homogeneous Verification ---
Ideal: CV of raw_score across positions i ≈ 0 for fixed distance d
(CV = std / |mean|, smaller = more constant)

  Layer 0, Head 0:
    d= 1: mean=  2.238, std= 0.327, CV=0.146, n=31
    d= 2: mean=  1.214, std= 0.293, CV=0.241, n=30

======================================================================
QK Property Verification Completed
======================================================================
