=== Experiment: addition_seed1 ===
Time: 2026-07-09T08:01:48.903822
Task type: addition

=== Merged Config ===
--------------------------------------------------
Network Config
--------------------------------------------------
D_MODEL                   64
N_HEAD                    1
N_LAYER                   1
MLP_RATIO                 4
DROPOUT                   0.0
USE_LEARNABLE_PE          False
--------------------------------------------------
Dataset Config
--------------------------------------------------
P                         127
TASK                      addition
TRAIN_LEN                 16
OOD_LEN                   32
MAX_UNIQUE_RATIO          0.5
AB_PAIRS                  [[1, 1], [1, 2]]
A                         1
B                         1
NUM_MASK                  0
--------------------------------------------------
Training Config
--------------------------------------------------
OPTIMIZER                 AdamW
SCHEDULER                 CosineAnnealingLR(T_max=EPOCHS)
BATCH_SIZE                128
LR                        0.0003
WEIGHT_DECAY              1
EPOCHS                    10000
RANDOM_SEED               1
FIRST_TASK_WEIGHT         1.0
ENTROPY_PENALTY_WEIGHT    0.0
EVAL_INTERVAL             20
EARLY_STOP_ACCURACY       0.99
EARLY_STOP_NO_IMPROVE     1000
USE_GREEDY_GENERATE       True
--------------------------------------------------

--- output ---
Using device: cuda

[Dataset] Cycle traverse + sliding window: 8192 + 7937 samples, length 16, mod 127
  - Initial state coverage: 8192/16129 (50.8%)
Recurrence: X(k)=(1*X(k-1)+1*X(k-2)) mod 127
--------------------------------------------------
--------------------------------------------------
[Model config] block_size: 32, train length: 16
[Number theory] X(k)=(1*X(k-1)+1*X(k-2)) mod 127


Model parameters: 0.06M

Start training...
Epoch   0 | Train: Loss=4.8286 Acc=1.0% | Test: Acc=0.3% | Best=0.3%(@0)
  from x2: 0.00 0.00 0.00 0.00 0.00 0.00 0.00 0.00 0.00 0.00 0.00 0.00 0.00 0.00
Epoch  20 | Train: Loss=3.8917 Acc=18.4% | Test: Acc=0.4% | Best=0.4%(@20)
  from x2: 0.01 0.01 0.01 0.00 0.00 0.00 0.00 0.00 0.00 0.00 0.00 0.00 0.00 0.00
Epoch  40 | Train: Loss=3.0244 Acc=38.5% | Test: Acc=4.0% | Best=4.0%(@40)
  from x2: 0.04 0.04 0.04 0.04 0.04 0.04 0.04 0.04 0.04 0.04 0.04 0.04 0.04 0.04
Epoch  60 | Train: Loss=0.1105 Acc=100.0% | Test: Acc=100.0% | Best=100.0%(@60)
  from x2: 1.00 1.00 1.00 1.00 1.00 1.00 1.00 1.00 1.00 1.00 1.00 1.00 1.00 1.00
[Early stop] Epoch 60: test set reached high accuracy

==================================================
Saving model...
[OK] Model saved to: /home/cxm/ai/test0709/models/addition_seed1.pth
  File size: 238.9 KB
  Best test accuracy: 100.00%

==================================================
Final generation test (full enumeration, validate from position 2)
==================================================

--- Statistics for X(k)=(1*X(k-1)+1*X(k-2)) mod 127 ---
Exposed    samples:  8192 | In-dist: 114688/114688 (100.0%) | OOD: 131049/131072 (100.0%)
Unexposed  samples:  7937 | In-dist: 111118/111118 (100.0%) | OOD: 126971/126992 (100.0%)

--- Per-position accuracy ---
  Position   2: Exposed-ID: 8192/8192 (100.0%) | Unexposed-ID: 7937/7937 (100.0%)
  Position   3: Exposed-ID: 8192/8192 (100.0%) | Unexposed-ID: 7937/7937 (100.0%)
  Position   4: Exposed-ID: 8192/8192 (100.0%) | Unexposed-ID: 7937/7937 (100.0%)
  Position   5: Exposed-ID: 8192/8192 (100.0%) | Unexposed-ID: 7937/7937 (100.0%)
  Position   6: Exposed-ID: 8192/8192 (100.0%) | Unexposed-ID: 7937/7937 (100.0%)
  Position   7: Exposed-ID: 8192/8192 (100.0%) | Unexposed-ID: 7937/7937 (100.0%)
  Position   8: Exposed-ID: 8192/8192 (100.0%) | Unexposed-ID: 7937/7937 (100.0%)
  Position   9: Exposed-ID: 8192/8192 (100.0%) | Unexposed-ID: 7937/7937 (100.0%)
  Position  10: Exposed-ID: 8192/8192 (100.0%) | Unexposed-ID: 7937/7937 (100.0%)
  Position  11: Exposed-ID: 8192/8192 (100.0%) | Unexposed-ID: 7937/7937 (100.0%)
  Position  12: Exposed-ID: 8192/8192 (100.0%) | Unexposed-ID: 7937/7937 (100.0%)
  Position  13: Exposed-ID: 8192/8192 (100.0%) | Unexposed-ID: 7937/7937 (100.0%)
  Position  14: Exposed-ID: 8192/8192 (100.0%) | Unexposed-ID: 7937/7937 (100.0%)
  Position  15: Exposed-ID: 8192/8192 (100.0%) | Unexposed-ID: 7937/7937 (100.0%)
  Position  16: Exposed-OOD: 8192/8192 (100.0%) | Unexposed-OOD: 7937/7937 (100.0%)
  Position  17: Exposed-OOD: 8192/8192 (100.0%) | Unexposed-OOD: 7937/7937 (100.0%)
  Position  18: Exposed-OOD: 8192/8192 (100.0%) | Unexposed-OOD: 7937/7937 (100.0%)
  Position  19: Exposed-OOD: 8192/8192 (100.0%) | Unexposed-OOD: 7937/7937 (100.0%)
  Position  20: Exposed-OOD: 8192/8192 (100.0%) | Unexposed-OOD: 7937/7937 (100.0%)
  Position  21: Exposed-OOD: 8192/8192 (100.0%) | Unexposed-OOD: 7937/7937 (100.0%)
  Position  22: Exposed-OOD: 8192/8192 (100.0%) | Unexposed-OOD: 7937/7937 (100.0%)
  Position  23: Exposed-OOD: 8192/8192 (100.0%) | Unexposed-OOD: 7937/7937 (100.0%)
  Position  24: Exposed-OOD: 8192/8192 (100.0%) | Unexposed-OOD: 7937/7937 (100.0%)
  Position  25: Exposed-OOD: 8192/8192 (100.0%) | Unexposed-OOD: 7937/7937 (100.0%)
  Position  26: Exposed-OOD: 8192/8192 (100.0%) | Unexposed-OOD: 7937/7937 (100.0%)
  Position  27: Exposed-OOD: 8189/8192 (100.0%) | Unexposed-OOD: 7932/7937 ( 99.9%)
  Position  28: Exposed-OOD: 8187/8192 ( 99.9%) | Unexposed-OOD: 7933/7937 ( 99.9%)
  Position  29: Exposed-OOD: 8187/8192 ( 99.9%) | Unexposed-OOD: 7933/7937 ( 99.9%)
  Position  30: Exposed-OOD: 8187/8192 ( 99.9%) | Unexposed-OOD: 7933/7937 ( 99.9%)
  Position  31: Exposed-OOD: 8187/8192 ( 99.9%) | Unexposed-OOD: 7933/7937 ( 99.9%)

--- Return code: 0 ---

======================================================================
Attention Analysis
======================================================================
Model config: addition, a=1, b=1, p=127
Best test accuracy: 1.0
Training epochs: 60

Random test sequence 1/5 (length 32): [111, 64, 48, 112, 33, 18, 51, 69, 120, 62, 55, 117, 45, 35, 80, 115, 68, 56, 124, 53]...

======================================================================
Attention Layer Training Result Summary
======================================================================
Input sequence: [111, 64, 48, 112, 33, 18, 51, 69, 120, 62, 55, 117, 45, 35, 80, 115, 68, 56, 124, 53, 50, 103, 26, 2, 28, 30, 58, 88, 19, 107, 126, 106]

--- Layer 0 ---
  Head 0: Entropy=0.846
    Attention coefficients from each query position to previous positions:
      i= 0 -> j=0:1.000
      i= 1 -> j=0:0.758, j=1:0.242
      i= 2 -> j=0:0.027, j=1:0.721, j=2:0.252
      i= 3 -> j=0:0.000, j=1:0.036, j=2:0.685, j=3:0.279
      i= 4 -> j=0:0.000, j=1:0.000, j=2:0.026, j=3:0.759, j=4:0.215
      i= 5 -> j=0:0.000, j=1:0.000, j=2:0.000, j=3:0.023, j=4:0.767, j=5:0.209
      i= 6 -> j=0:0.000, j=1:0.000, j=2:0.000, j=3:0.000, j=4:0.029, j=5:0.773, j=6:0.197
      i= 7 -> j=0:0.002, j=1:0.000, j=2:0.000, j=3:0.000, j=4:0.000, j=5:0.032, j=6:0.750, j=7:0.216
      i= 8 -> j=0:0.001, j=1:0.005, j=2:0.000, j=3:0.000, j=4:0.000, j=5:0.000, j=6:0.028, j=7:0.738, j=8:0.228
      i= 9 -> j=0:0.000, j=1:0.001, j=2:0.001, j=3:0.000, j=4:0.000, j=5:0.000, j=6:0.000, j=7:0.024, j=8:0.710, j=9:0.263
      i=10 -> j=0:0.000, j=1:0.000, j=2:0.001, j=3:0.002, j=4:0.001, j=5:0.000, j=6:0.000, j=7:0.000, j=8:0.026, j=9:0.651, j=10:0.319
      i=11 -> j=0:0.000, j=1:0.000, j=2:0.000, j=3:0.001, j=4:0.004, j=5:0.000, j=6:0.000, j=7:0.000, j=8:0.000, j=9:0.027, j=10:0.630, j=11:0.337
      i=12 -> j=0:0.000, j=1:0.000, j=2:0.000, j=3:0.000, j=4:0.003, j=5:0.004, j=6:0.000, j=7:0.000, j=8:0.000, j=9:0.000, j=10:0.048, j=11:0.630, j=12:0.314
      i=13 -> j=0:0.001, j=1:0.000, j=2:0.000, j=3:0.000, j=4:0.000, j=5:0.002, j=6:0.002, j=7:0.000, j=8:0.000, j=9:0.000, j=10:0.000, j=11:0.023, j=12:0.728, j=13:0.243
      i=14 -> j=0:0.005, j=1:0.003, j=2:0.000, j=3:0.000, j=4:0.000, j=5:0.000, j=6:0.001, j=7:0.003, j=8:0.000, j=9:0.000, j=10:0.000, j=11:0.000, j=12:0.022, j=13:0.781, j=14:0.184
      i=15 -> j=0:0.001, j=1:0.002, j=2:0.002, j=3:0.000, j=4:0.000, j=5:0.000, j=6:0.000, j=7:0.001, j=8:0.003, j=9:0.000, j=10:0.000, j=11:0.000, j=12:0.000, j=13:0.037, j=14:0.640, j=15:0.312
      i=16 -> j=0:0.000, j=1:0.000, j=2:0.002, j=3:0.004, j=4:0.000, j=5:0.000, j=6:0.000, j=7:0.000, j=8:0.001, j=9:0.001, j=10:0.000, j=11:0.000, j=12:0.000, j=13:0.000, j=14:0.021, j=15:0.695, j=16:0.274
      i=17 -> j=0:0.000, j=1:0.000, j=2:0.001, j=3:0.007, j=4:0.003, j=5:0.000, j=6:0.000, j=7:0.000, j=8:0.000, j=9:0.002, j=10:0.002, j=11:0.000, j=12:0.000, j=13:0.000, j=14:0.000, j=15:0.031, j=16:0.708, j=17:0.244
      i=18 -> j=0:0.002, j=1:0.000, j=2:0.000, j=3:0.001, j=4:0.003, j=5:0.003, j=6:0.000, j=7:0.000, j=8:0.000, j=9:0.000, j=10:0.001, j=11:0.003, j=12:0.000, j=13:0.000, j=14:0.000, j=15:0.000, j=16:0.022, j=17:0.720, j=18:0.244
      i=19 -> j=0:0.023, j=1:0.001, j=2:0.000, j=3:0.000, j=4:0.000, j=5:0.005, j=6:0.010, j=7:0.001, j=8:0.000, j=9:0.000, j=10:0.000, j=11:0.003, j=12:0.005, j=13:0.000, j=14:0.000, j=15:0.000, j=16:0.000, j=17:0.023, j=18:0.697, j=19:0.231
      i=20 -> j=0:0.020, j=1:0.022, j=2:0.002, j=3:0.000, j=4:0.000, j=5:0.000, j=6:0.005, j=7:0.007, j=8:0.000, j=9:0.000, j=10:0.000, j=11:0.000, j=12:0.001, j=13:0.001, j=14:0.000, j=15:0.000, j=16:0.000, j=17:0.000, j=18:0.024, j=19:0.655, j=20:0.263
      i=21 -> j=0:0.001, j=1:0.026, j=2:0.005, j=3:0.001, j=4:0.000, j=5:0.000, j=6:0.000, j=7:0.002, j=8:0.001, j=9:0.000, j=10:0.000, j=11:0.000, j=12:0.000, j=13:0.001, j=14:0.001, j=15:0.000, j=16:0.000, j=17:0.000, j=18:0.000, j=19:0.032, j=20:0.734, j=21:0.193
      i=22 -> j=0:0.000, j=1:0.001, j=2:0.004, j=3:0.012, j=4:0.001, j=5:0.000, j=6:0.000, j=7:0.000, j=8:0.002, j=9:0.002, j=10:0.000, j=11:0.000, j=12:0.000, j=13:0.000, j=14:0.001, j=15:0.002, j=16:0.000, j=17:0.000, j=18:0.000, j=19:0.000, j=20:0.036, j=21:0.653, j=22:0.285
      i=23 -> j=0:0.000, j=1:0.000, j=2:0.000, j=3:0.011, j=4:0.019, j=5:0.001, j=6:0.000, j=7:0.000, j=8:0.000, j=9:0.001, j=10:0.001, j=11:0.000, j=12:0.000, j=13:0.000, j=14:0.000, j=15:0.002, j=16:0.001, j=17:0.000, j=18:0.000, j=19:0.000, j=20:0.000, j=21:0.020, j=22:0.723, j=23:0.218
      i=24 -> j=0:0.001, j=1:0.000, j=2:0.000, j=3:0.001, j=4:0.023, j=5:0.017, j=6:0.003, j=7:0.000, j=8:0.000, j=9:0.001, j=10:0.002, j=11:0.002, j=12:0.000, j=13:0.000, j=14:0.000, j=15:0.000, j=16:0.001, j=17:0.003, j=18:0.000, j=19:0.000, j=20:0.000, j=21:0.000, j=22:0.036, j=23:0.614, j=24:0.295
      i=25 -> j=0:0.030, j=1:0.001, j=2:0.000, j=3:0.000, j=4:0.001, j=5:0.016, j=6:0.040, j=7:0.002, j=8:0.000, j=9:0.000, j=10:0.000, j=11:0.003, j=12:0.004, j=13:0.000, j=14:0.000, j=15:0.000, j=16:0.000, j=17:0.000, j=18:0.002, j=19:0.000, j=20:0.000, j=21:0.000, j=22:0.000, j=23:0.022, j=24:0.641, j=25:0.238
      i=26 -> j=0:0.116, j=1:0.019, j=2:0.000, j=3:0.000, j=4:0.000, j=5:0.001, j=6:0.008, j=7:0.012, j=8:0.001, j=9:0.000, j=10:0.000, j=11:0.001, j=12:0.003, j=13:0.001, j=14:0.000, j=15:0.000, j=16:0.000, j=17:0.000, j=18:0.002, j=19:0.003, j=20:0.000, j=21:0.000, j=22:0.000, j=23:0.000, j=24:0.023, j=25:0.590, j=26:0.218
      i=27 -> j=0:0.014, j=1:0.079, j=2:0.016, j=3:0.001, j=4:0.000, j=5:0.000, j=6:0.001, j=7:0.017, j=8:0.020, j=9:0.003, j=10:0.000, j=11:0.000, j=12:0.001, j=13:0.001, j=14:0.005, j=15:0.000, j=16:0.000, j=17:0.000, j=18:0.000, j=19:0.001, j=20:0.001, j=21:0.000, j=22:0.000, j=23:0.000, j=24:0.000, j=25:0.023, j=26:0.607, j=27:0.209
      i=28 -> j=0:0.000, j=1:0.010, j=2:0.040, j=3:0.017, j=4:0.000, j=5:0.000, j=6:0.000, j=7:0.001, j=8:0.018, j=9:0.039, j=10:0.003, j=11:0.000, j=12:0.000, j=13:0.000, j=14:0.005, j=15:0.002, j=16:0.000, j=17:0.000, j=18:0.000, j=19:0.000, j=20:0.001, j=21:0.001, j=22:0.000, j=23:0.000, j=24:0.000, j=25:0.001, j=26:0.031, j=27:0.556, j=28:0.272
      i=29 -> j=0:0.000, j=1:0.000, j=2:0.017, j=3:0.121, j=4:0.021, j=5:0.000, j=6:0.000, j=7:0.000, j=8:0.000, j=9:0.007, j=10:0.005, j=11:0.001, j=12:0.000, j=13:0.000, j=14:0.001, j=15:0.001, j=16:0.001, j=17:0.000, j=18:0.000, j=19:0.000, j=20:0.001, j=21:0.001, j=22:0.003, j=23:0.000, j=24:0.000, j=25:0.000, j=26:0.000, j=27:0.024, j=28:0.621, j=29:0.174
      i=30 -> j=0:0.000, j=1:0.000, j=2:0.000, j=3:0.012, j=4:0.089, j=5:0.028, j=6:0.000, j=7:0.000, j=8:0.000, j=9:0.000, j=10:0.008, j=11:0.008, j=12:0.002, j=13:0.000, j=14:0.000, j=15:0.000, j=16:0.002, j=17:0.003, j=18:0.000, j=19:0.000, j=20:0.000, j=21:0.000, j=22:0.001, j=23:0.002, j=24:0.000, j=25:0.000, j=26:0.000, j=27:0.000, j=28:0.021, j=29:0.623, j=30:0.199
      i=31 -> j=0:0.002, j=1:0.000, j=2:0.000, j=3:0.000, j=4:0.010, j=5:0.113, j=6:0.019, j=7:0.001, j=8:0.000, j=9:0.000, j=10:0.001, j=11:0.008, j=12:0.016, j=13:0.002, j=14:0.000, j=15:0.000, j=16:0.000, j=17:0.003, j=18:0.003, j=19:0.000, j=20:0.000, j=21:0.000, j=22:0.000, j=23:0.001, j=24:0.002, j=25:0.000, j=26:0.000, j=27:0.000, j=28:0.000, j=29:0.025, j=30:0.524, j=31:0.271
    Average attention per distance:
      d=0:0.270, d=1:0.680, d=2:0.027, d=19:0.018, d=20:0.014, d=25:0.021, d=26:0.093, d=27:0.012
      


======================================================================
QK Property Verification (Raw Scores, before Softmax)
======================================================================
Recurrence order init_len=2, num test sequences=1

--- [P1] Long-distance Orthogonality Verification ---
Ideal: raw_score mean ≈ 0 and small std when d > init_len

  Layer 0, Head 0:
    d= 1 (effective): mean=  6.299, std= 0.286, n=31
    d= 2 (effective): mean=  3.069, std= 0.277, n=30
    d>2 (long-distance): mean= -1.511, std= 2.359, n=435

--- [P2] Time-homogeneous Verification ---
Ideal: CV of raw_score across positions i ≈ 0 for fixed distance d
(CV = std / |mean|, smaller = more constant)

  Layer 0, Head 0:
    d= 1: mean=  6.299, std= 0.286, CV=0.045, n=31
    d= 2: mean=  3.069, std= 0.277, CV=0.090, n=30

======================================================================
QK Property Verification Completed
======================================================================
