=== Experiment: addition_seed4 ===
Time: 2026-07-09T08:01:48.905118
Task type: addition

=== Merged Config ===
--------------------------------------------------
Network Config
--------------------------------------------------
D_MODEL                   64
N_HEAD                    1
N_LAYER                   1
MLP_RATIO                 4
DROPOUT                   0.0
USE_LEARNABLE_PE          False
--------------------------------------------------
Dataset Config
--------------------------------------------------
P                         127
TASK                      addition
TRAIN_LEN                 16
OOD_LEN                   32
MAX_UNIQUE_RATIO          0.5
AB_PAIRS                  [[1, 1], [1, 2]]
A                         1
B                         1
NUM_MASK                  0
--------------------------------------------------
Training Config
--------------------------------------------------
OPTIMIZER                 AdamW
SCHEDULER                 CosineAnnealingLR(T_max=EPOCHS)
BATCH_SIZE                128
LR                        0.0003
WEIGHT_DECAY              1
EPOCHS                    10000
RANDOM_SEED               4
FIRST_TASK_WEIGHT         1.0
ENTROPY_PENALTY_WEIGHT    0.0
EVAL_INTERVAL             20
EARLY_STOP_ACCURACY       0.99
EARLY_STOP_NO_IMPROVE     1000
USE_GREEDY_GENERATE       True
--------------------------------------------------

--- output ---
Using device: cuda

[Dataset] Cycle traverse + sliding window: 8192 + 7937 samples, length 16, mod 127
  - Initial state coverage: 8192/16129 (50.8%)
Recurrence: X(k)=(1*X(k-1)+1*X(k-2)) mod 127
--------------------------------------------------
--------------------------------------------------
[Model config] block_size: 32, train length: 16
[Number theory] X(k)=(1*X(k-1)+1*X(k-2)) mod 127


Model parameters: 0.06M

Start training...
Epoch   0 | Train: Loss=4.8272 Acc=1.0% | Test: Acc=0.2% | Best=0.2%(@0)
  from x2: 0.00 0.00 0.00 0.00 0.00 0.00 0.00 0.00 0.00 0.00 0.00 0.00 0.00 0.00
Epoch  20 | Train: Loss=3.9471 Acc=17.2% | Test: Acc=0.4% | Best=0.4%(@20)
  from x2: 0.01 0.01 0.00 0.00 0.00 0.00 0.00 0.00 0.00 0.00 0.00 0.00 0.00 0.00
Epoch  40 | Train: Loss=2.9667 Acc=43.4% | Test: Acc=6.0% | Best=6.0%(@40)
  from x2: 0.07 0.06 0.06 0.06 0.06 0.06 0.06 0.06 0.06 0.06 0.06 0.06 0.06 0.06
Epoch  60 | Train: Loss=0.1447 Acc=100.0% | Test: Acc=100.0% | Best=100.0%(@60)
  from x2: 1.00 1.00 1.00 1.00 1.00 1.00 1.00 1.00 1.00 1.00 1.00 1.00 1.00 1.00
[Early stop] Epoch 60: test set reached high accuracy

==================================================
Saving model...
[OK] Model saved to: /home/cxm/ai/test0709/models/addition_seed4.pth
  File size: 238.9 KB
  Best test accuracy: 100.00%

==================================================
Final generation test (full enumeration, validate from position 2)
==================================================

--- Statistics for X(k)=(1*X(k-1)+1*X(k-2)) mod 127 ---
Exposed    samples:  8192 | In-dist: 114688/114688 (100.0%) | OOD: 131072/131072 (100.0%)
Unexposed  samples:  7937 | In-dist: 111118/111118 (100.0%) | OOD: 126992/126992 (100.0%)

--- Per-position accuracy ---
  Position   2: Exposed-ID: 8192/8192 (100.0%) | Unexposed-ID: 7937/7937 (100.0%)
  Position   3: Exposed-ID: 8192/8192 (100.0%) | Unexposed-ID: 7937/7937 (100.0%)
  Position   4: Exposed-ID: 8192/8192 (100.0%) | Unexposed-ID: 7937/7937 (100.0%)
  Position   5: Exposed-ID: 8192/8192 (100.0%) | Unexposed-ID: 7937/7937 (100.0%)
  Position   6: Exposed-ID: 8192/8192 (100.0%) | Unexposed-ID: 7937/7937 (100.0%)
  Position   7: Exposed-ID: 8192/8192 (100.0%) | Unexposed-ID: 7937/7937 (100.0%)
  Position   8: Exposed-ID: 8192/8192 (100.0%) | Unexposed-ID: 7937/7937 (100.0%)
  Position   9: Exposed-ID: 8192/8192 (100.0%) | Unexposed-ID: 7937/7937 (100.0%)
  Position  10: Exposed-ID: 8192/8192 (100.0%) | Unexposed-ID: 7937/7937 (100.0%)
  Position  11: Exposed-ID: 8192/8192 (100.0%) | Unexposed-ID: 7937/7937 (100.0%)
  Position  12: Exposed-ID: 8192/8192 (100.0%) | Unexposed-ID: 7937/7937 (100.0%)
  Position  13: Exposed-ID: 8192/8192 (100.0%) | Unexposed-ID: 7937/7937 (100.0%)
  Position  14: Exposed-ID: 8192/8192 (100.0%) | Unexposed-ID: 7937/7937 (100.0%)
  Position  15: Exposed-ID: 8192/8192 (100.0%) | Unexposed-ID: 7937/7937 (100.0%)
  Position  16: Exposed-OOD: 8192/8192 (100.0%) | Unexposed-OOD: 7937/7937 (100.0%)
  Position  17: Exposed-OOD: 8192/8192 (100.0%) | Unexposed-OOD: 7937/7937 (100.0%)
  Position  18: Exposed-OOD: 8192/8192 (100.0%) | Unexposed-OOD: 7937/7937 (100.0%)
  Position  19: Exposed-OOD: 8192/8192 (100.0%) | Unexposed-OOD: 7937/7937 (100.0%)
  Position  20: Exposed-OOD: 8192/8192 (100.0%) | Unexposed-OOD: 7937/7937 (100.0%)
  Position  21: Exposed-OOD: 8192/8192 (100.0%) | Unexposed-OOD: 7937/7937 (100.0%)
  Position  22: Exposed-OOD: 8192/8192 (100.0%) | Unexposed-OOD: 7937/7937 (100.0%)
  Position  23: Exposed-OOD: 8192/8192 (100.0%) | Unexposed-OOD: 7937/7937 (100.0%)
  Position  24: Exposed-OOD: 8192/8192 (100.0%) | Unexposed-OOD: 7937/7937 (100.0%)
  Position  25: Exposed-OOD: 8192/8192 (100.0%) | Unexposed-OOD: 7937/7937 (100.0%)
  Position  26: Exposed-OOD: 8192/8192 (100.0%) | Unexposed-OOD: 7937/7937 (100.0%)
  Position  27: Exposed-OOD: 8192/8192 (100.0%) | Unexposed-OOD: 7937/7937 (100.0%)
  Position  28: Exposed-OOD: 8192/8192 (100.0%) | Unexposed-OOD: 7937/7937 (100.0%)
  Position  29: Exposed-OOD: 8192/8192 (100.0%) | Unexposed-OOD: 7937/7937 (100.0%)
  Position  30: Exposed-OOD: 8192/8192 (100.0%) | Unexposed-OOD: 7937/7937 (100.0%)
  Position  31: Exposed-OOD: 8192/8192 (100.0%) | Unexposed-OOD: 7937/7937 (100.0%)

--- Return code: 0 ---

======================================================================
Attention Analysis
======================================================================
Model config: addition, a=1, b=1, p=127
Best test accuracy: 1.0
Training epochs: 60

Random test sequence 1/5 (length 32): [115, 26, 14, 40, 54, 94, 21, 115, 9, 124, 6, 3, 9, 12, 21, 33, 54, 87, 14, 101]...

======================================================================
Attention Layer Training Result Summary
======================================================================
Input sequence: [115, 26, 14, 40, 54, 94, 21, 115, 9, 124, 6, 3, 9, 12, 21, 33, 54, 87, 14, 101, 115, 89, 77, 39, 116, 28, 17, 45, 62, 107, 42, 22]

--- Layer 0 ---
  Head 0: Entropy=0.899
    Attention coefficients from each query position to previous positions:
      i= 0 -> j=0:1.000
      i= 1 -> j=0:0.587, j=1:0.413
      i= 2 -> j=0:0.020, j=1:0.608, j=2:0.371
      i= 3 -> j=0:0.000, j=1:0.046, j=2:0.545, j=3:0.409
      i= 4 -> j=0:0.000, j=1:0.000, j=2:0.021, j=3:0.589, j=4:0.390
      i= 5 -> j=0:0.000, j=1:0.000, j=2:0.000, j=3:0.032, j=4:0.540, j=5:0.428
      i= 6 -> j=0:0.000, j=1:0.000, j=2:0.000, j=3:0.000, j=4:0.023, j=5:0.561, j=6:0.415
      i= 7 -> j=0:0.002, j=1:0.000, j=2:0.000, j=3:0.000, j=4:0.000, j=5:0.036, j=6:0.534, j=7:0.427
      i= 8 -> j=0:0.000, j=1:0.001, j=2:0.000, j=3:0.000, j=4:0.000, j=5:0.000, j=6:0.020, j=7:0.607, j=8:0.371
      i= 9 -> j=0:0.000, j=1:0.001, j=2:0.003, j=3:0.001, j=4:0.000, j=5:0.000, j=6:0.000, j=7:0.021, j=8:0.564, j=9:0.410
      i=10 -> j=0:0.000, j=1:0.000, j=2:0.001, j=3:0.006, j=4:0.001, j=5:0.000, j=6:0.000, j=7:0.000, j=8:0.018, j=9:0.602, j=10:0.372
      i=11 -> j=0:0.000, j=1:0.000, j=2:0.000, j=3:0.002, j=4:0.003, j=5:0.000, j=6:0.000, j=7:0.000, j=8:0.000, j=9:0.026, j=10:0.552, j=11:0.417
      i=12 -> j=0:0.000, j=1:0.000, j=2:0.000, j=3:0.000, j=4:0.001, j=5:0.001, j=6:0.000, j=7:0.000, j=8:0.000, j=9:0.000, j=10:0.020, j=11:0.569, j=12:0.408
      i=13 -> j=0:0.002, j=1:0.000, j=2:0.000, j=3:0.000, j=4:0.000, j=5:0.001, j=6:0.001, j=7:0.000, j=8:0.000, j=9:0.000, j=10:0.000, j=11:0.028, j=12:0.521, j=13:0.445
      i=14 -> j=0:0.002, j=1:0.002, j=2:0.000, j=3:0.000, j=4:0.000, j=5:0.000, j=6:0.001, j=7:0.002, j=8:0.000, j=9:0.000, j=10:0.000, j=11:0.000, j=12:0.022, j=13:0.550, j=14:0.420
      i=15 -> j=0:0.001, j=1:0.002, j=2:0.001, j=3:0.000, j=4:0.000, j=5:0.000, j=6:0.000, j=7:0.001, j=8:0.002, j=9:0.000, j=10:0.000, j=11:0.000, j=12:0.001, j=13:0.036, j=14:0.504, j=15:0.452
      i=16 -> j=0:0.000, j=1:0.000, j=2:0.001, j=3:0.002, j=4:0.000, j=5:0.000, j=6:0.000, j=7:0.000, j=8:0.001, j=9:0.001, j=10:0.000, j=11:0.000, j=12:0.000, j=13:0.000, j=14:0.021, j=15:0.577, j=16:0.396
      i=17 -> j=0:0.000, j=1:0.000, j=2:0.001, j=3:0.002, j=4:0.002, j=5:0.000, j=6:0.000, j=7:0.000, j=8:0.000, j=9:0.000, j=10:0.000, j=11:0.000, j=12:0.000, j=13:0.000, j=14:0.000, j=15:0.029, j=16:0.522, j=17:0.444
      i=18 -> j=0:0.001, j=1:0.000, j=2:0.000, j=3:0.000, j=4:0.001, j=5:0.001, j=6:0.000, j=7:0.000, j=8:0.000, j=9:0.000, j=10:0.000, j=11:0.001, j=12:0.000, j=13:0.000, j=14:0.000, j=15:0.000, j=16:0.023, j=17:0.592, j=18:0.380
      i=19 -> j=0:0.027, j=1:0.006, j=2:0.000, j=3:0.000, j=4:0.000, j=5:0.001, j=6:0.001, j=7:0.000, j=8:0.000, j=9:0.000, j=10:0.000, j=11:0.000, j=12:0.001, j=13:0.000, j=14:0.000, j=15:0.000, j=16:0.000, j=17:0.029, j=18:0.513, j=19:0.420
      i=20 -> j=0:0.011, j=1:0.023, j=2:0.001, j=3:0.000, j=4:0.000, j=5:0.000, j=6:0.001, j=7:0.001, j=8:0.000, j=9:0.000, j=10:0.000, j=11:0.000, j=12:0.001, j=13:0.003, j=14:0.000, j=15:0.000, j=16:0.000, j=17:0.000, j=18:0.020, j=19:0.569, j=20:0.368
      i=21 -> j=0:0.002, j=1:0.018, j=2:0.009, j=3:0.001, j=4:0.000, j=5:0.000, j=6:0.000, j=7:0.002, j=8:0.001, j=9:0.000, j=10:0.000, j=11:0.000, j=12:0.000, j=13:0.001, j=14:0.002, j=15:0.001, j=16:0.000, j=17:0.000, j=18:0.000, j=19:0.042, j=20:0.554, j=21:0.365
      i=22 -> j=0:0.000, j=1:0.001, j=2:0.008, j=3:0.021, j=4:0.002, j=5:0.000, j=6:0.000, j=7:0.000, j=8:0.002, j=9:0.003, j=10:0.000, j=11:0.000, j=12:0.000, j=13:0.000, j=14:0.001, j=15:0.004, j=16:0.001, j=17:0.000, j=18:0.000, j=19:0.000, j=20:0.017, j=21:0.582, j=22:0.358
      i=23 -> j=0:0.000, j=1:0.000, j=2:0.000, j=3:0.010, j=4:0.015, j=5:0.003, j=6:0.000, j=7:0.000, j=8:0.001, j=9:0.004, j=10:0.005, j=11:0.000, j=12:0.000, j=13:0.000, j=14:0.000, j=15:0.001, j=16:0.003, j=17:0.001, j=18:0.000, j=19:0.000, j=20:0.000, j=21:0.015, j=22:0.555, j=23:0.386
      i=24 -> j=0:0.000, j=1:0.000, j=2:0.000, j=3:0.001, j=4:0.011, j=5:0.021, j=6:0.003, j=7:0.000, j=8:0.000, j=9:0.001, j=10:0.005, j=11:0.003, j=12:0.000, j=13:0.000, j=14:0.000, j=15:0.000, j=16:0.001, j=17:0.001, j=18:0.000, j=19:0.000, j=20:0.000, j=21:0.000, j=22:0.016, j=23:0.532, j=24:0.404
      i=25 -> j=0:0.015, j=1:0.001, j=2:0.000, j=3:0.000, j=4:0.001, j=5:0.006, j=6:0.010, j=7:0.002, j=8:0.000, j=9:0.000, j=10:0.000, j=11:0.002, j=12:0.002, j=13:0.000, j=14:0.000, j=15:0.000, j=16:0.000, j=17:0.001, j=18:0.001, j=19:0.000, j=20:0.000, j=21:0.000, j=22:0.000, j=23:0.023, j=24:0.519, j=25:0.415
      i=26 -> j=0:0.035, j=1:0.016, j=2:0.000, j=3:0.000, j=4:0.000, j=5:0.001, j=6:0.009, j=7:0.032, j=8:0.003, j=9:0.000, j=10:0.000, j=11:0.001, j=12:0.002, j=13:0.001, j=14:0.000, j=15:0.000, j=16:0.000, j=17:0.000, j=18:0.001, j=19:0.001, j=20:0.000, j=21:0.000, j=22:0.000, j=23:0.000, j=24:0.019, j=25:0.506, j=26:0.371
      i=27 -> j=0:0.003, j=1:0.055, j=2:0.012, j=3:0.001, j=4:0.000, j=5:0.000, j=6:0.001, j=7:0.021, j=8:0.025, j=9:0.004, j=10:0.000, j=11:0.000, j=12:0.000, j=13:0.001, j=14:0.001, j=15:0.000, j=16:0.000, j=17:0.000, j=18:0.000, j=19:0.000, j=20:0.001, j=21:0.000, j=22:0.000, j=23:0.000, j=24:0.000, j=25:0.024, j=26:0.493, j=27:0.356
      i=28 -> j=0:0.000, j=1:0.006, j=2:0.021, j=3:0.016, j=4:0.001, j=5:0.000, j=6:0.000, j=7:0.001, j=8:0.020, j=9:0.033, j=10:0.003, j=11:0.000, j=12:0.000, j=13:0.000, j=14:0.002, j=15:0.003, j=16:0.000, j=17:0.000, j=18:0.000, j=19:0.000, j=20:0.001, j=21:0.002, j=22:0.000, j=23:0.000, j=24:0.000, j=25:0.000, j=26:0.013, j=27:0.553, j=28:0.323
      i=29 -> j=0:0.000, j=1:0.000, j=2:0.001, j=3:0.026, j=4:0.028, j=5:0.002, j=6:0.000, j=7:0.000, j=8:0.002, j=9:0.018, j=10:0.026, j=11:0.007, j=12:0.000, j=13:0.000, j=14:0.001, j=15:0.002, j=16:0.002, j=17:0.000, j=18:0.000, j=19:0.000, j=20:0.000, j=21:0.001, j=22:0.002, j=23:0.000, j=24:0.000, j=25:0.000, j=26:0.000, j=27:0.021, j=28:0.468, j=29:0.391
      i=30 -> j=0:0.000, j=1:0.000, j=2:0.000, j=3:0.003, j=4:0.046, j=5:0.012, j=6:0.000, j=7:0.000, j=8:0.000, j=9:0.001, j=10:0.011, j=11:0.017, j=12:0.001, j=13:0.000, j=14:0.000, j=15:0.000, j=16:0.002, j=17:0.002, j=18:0.000, j=19:0.000, j=20:0.000, j=21:0.000, j=22:0.001, j=23:0.000, j=24:0.000, j=25:0.000, j=26:0.000, j=27:0.000, j=28:0.016, j=29:0.573, j=30:0.314
      i=31 -> j=0:0.002, j=1:0.000, j=2:0.000, j=3:0.000, j=4:0.005, j=5:0.044, j=6:0.019, j=7:0.001, j=8:0.000, j=9:0.000, j=10:0.002, j=11:0.022, j=12:0.016, j=13:0.004, j=14:0.001, j=15:0.000, j=16:0.001, j=17:0.003, j=18:0.002, j=19:0.000, j=20:0.000, j=21:0.000, j=22:0.000, j=23:0.000, j=24:0.001, j=25:0.000, j=26:0.000, j=27:0.000, j=28:0.000, j=29:0.024, j=30:0.531, j=31:0.322
    Average attention per distance:
      d=0:0.411, d=1:0.551, d=2:0.024, d=19:0.021, d=20:0.014, d=25:0.017, d=26:0.038


======================================================================
QK Property Verification (Raw Scores, before Softmax)
======================================================================
Recurrence order init_len=2, num test sequences=1

--- [P1] Long-distance Orthogonality Verification ---
Ideal: raw_score mean ≈ 0 and small std when d > init_len

  Layer 0, Head 0:
    d= 1 (effective): mean=  6.171, std= 0.280, n=31
    d= 2 (effective): mean=  3.007, std= 0.318, n=30
    d>2 (long-distance): mean= -1.425, std= 2.159, n=435

--- [P2] Time-homogeneous Verification ---
Ideal: CV of raw_score across positions i ≈ 0 for fixed distance d
(CV = std / |mean|, smaller = more constant)

  Layer 0, Head 0:
    d= 1: mean=  6.171, std= 0.280, CV=0.045, n=31
    d= 2: mean=  3.007, std= 0.318, CV=0.106, n=30

======================================================================
QK Property Verification Completed
======================================================================
