=== Experiment: addition_seed0 ===
Time: 2026-07-09T08:01:48.901267
Task type: addition

=== Merged Config ===
--------------------------------------------------
Network Config
--------------------------------------------------
D_MODEL                   64
N_HEAD                    1
N_LAYER                   1
MLP_RATIO                 4
DROPOUT                   0.0
USE_LEARNABLE_PE          False
--------------------------------------------------
Dataset Config
--------------------------------------------------
P                         127
TASK                      addition
TRAIN_LEN                 16
OOD_LEN                   32
MAX_UNIQUE_RATIO          0.5
AB_PAIRS                  [[1, 1], [1, 2]]
A                         1
B                         1
NUM_MASK                  0
--------------------------------------------------
Training Config
--------------------------------------------------
OPTIMIZER                 AdamW
SCHEDULER                 CosineAnnealingLR(T_max=EPOCHS)
BATCH_SIZE                128
LR                        0.0003
WEIGHT_DECAY              1
EPOCHS                    10000
RANDOM_SEED               0
FIRST_TASK_WEIGHT         1.0
ENTROPY_PENALTY_WEIGHT    0.0
EVAL_INTERVAL             20
EARLY_STOP_ACCURACY       0.99
EARLY_STOP_NO_IMPROVE     1000
USE_GREEDY_GENERATE       True
--------------------------------------------------

--- output ---
Using device: cuda

[Dataset] Cycle traverse + sliding window: 8192 + 7937 samples, length 16, mod 127
  - Initial state coverage: 8192/16129 (50.8%)
Recurrence: X(k)=(1*X(k-1)+1*X(k-2)) mod 127
--------------------------------------------------
--------------------------------------------------
[Model config] block_size: 32, train length: 16
[Number theory] X(k)=(1*X(k-1)+1*X(k-2)) mod 127


Model parameters: 0.06M

Start training...
Epoch   0 | Train: Loss=4.8295 Acc=1.0% | Test: Acc=0.4% | Best=0.4%(@0)
  from x2: 0.00 0.00 0.00 0.00 0.00 0.00 0.00 0.00 0.00 0.00 0.00 0.00 0.00 0.00
Epoch  20 | Train: Loss=3.8967 Acc=19.0% | Test: Acc=0.4% | Best=0.4%(@20)
  from x2: 0.01 0.01 0.01 0.00 0.00 0.00 0.00 0.00 0.00 0.00 0.00 0.00 0.00 0.00
Epoch  40 | Train: Loss=3.3979 Acc=32.4% | Test: Acc=0.9% | Best=0.9%(@40)
  from x2: 0.01 0.01 0.01 0.01 0.01 0.01 0.01 0.01 0.01 0.01 0.01 0.01 0.01 0.01
Epoch  60 | Train: Loss=0.2663 Acc=100.0% | Test: Acc=100.0% | Best=100.0%(@60)
  from x2: 1.00 1.00 1.00 1.00 1.00 1.00 1.00 1.00 1.00 1.00 1.00 1.00 1.00 1.00
[Early stop] Epoch 60: test set reached high accuracy

==================================================
Saving model...
[OK] Model saved to: /home/cxm/ai/test0709/models/addition_seed0.pth
  File size: 238.9 KB
  Best test accuracy: 100.00%

==================================================
Final generation test (full enumeration, validate from position 2)
==================================================

--- Statistics for X(k)=(1*X(k-1)+1*X(k-2)) mod 127 ---
Exposed    samples:  8192 | In-dist: 114688/114688 (100.0%) | OOD: 131072/131072 (100.0%)
Unexposed  samples:  7937 | In-dist: 111118/111118 (100.0%) | OOD: 126977/126992 (100.0%)

--- Per-position accuracy ---
  Position   2: Exposed-ID: 8192/8192 (100.0%) | Unexposed-ID: 7937/7937 (100.0%)
  Position   3: Exposed-ID: 8192/8192 (100.0%) | Unexposed-ID: 7937/7937 (100.0%)
  Position   4: Exposed-ID: 8192/8192 (100.0%) | Unexposed-ID: 7937/7937 (100.0%)
  Position   5: Exposed-ID: 8192/8192 (100.0%) | Unexposed-ID: 7937/7937 (100.0%)
  Position   6: Exposed-ID: 8192/8192 (100.0%) | Unexposed-ID: 7937/7937 (100.0%)
  Position   7: Exposed-ID: 8192/8192 (100.0%) | Unexposed-ID: 7937/7937 (100.0%)
  Position   8: Exposed-ID: 8192/8192 (100.0%) | Unexposed-ID: 7937/7937 (100.0%)
  Position   9: Exposed-ID: 8192/8192 (100.0%) | Unexposed-ID: 7937/7937 (100.0%)
  Position  10: Exposed-ID: 8192/8192 (100.0%) | Unexposed-ID: 7937/7937 (100.0%)
  Position  11: Exposed-ID: 8192/8192 (100.0%) | Unexposed-ID: 7937/7937 (100.0%)
  Position  12: Exposed-ID: 8192/8192 (100.0%) | Unexposed-ID: 7937/7937 (100.0%)
  Position  13: Exposed-ID: 8192/8192 (100.0%) | Unexposed-ID: 7937/7937 (100.0%)
  Position  14: Exposed-ID: 8192/8192 (100.0%) | Unexposed-ID: 7937/7937 (100.0%)
  Position  15: Exposed-ID: 8192/8192 (100.0%) | Unexposed-ID: 7937/7937 (100.0%)
  Position  16: Exposed-OOD: 8192/8192 (100.0%) | Unexposed-OOD: 7937/7937 (100.0%)
  Position  17: Exposed-OOD: 8192/8192 (100.0%) | Unexposed-OOD: 7937/7937 (100.0%)
  Position  18: Exposed-OOD: 8192/8192 (100.0%) | Unexposed-OOD: 7937/7937 (100.0%)
  Position  19: Exposed-OOD: 8192/8192 (100.0%) | Unexposed-OOD: 7937/7937 (100.0%)
  Position  20: Exposed-OOD: 8192/8192 (100.0%) | Unexposed-OOD: 7937/7937 (100.0%)
  Position  21: Exposed-OOD: 8192/8192 (100.0%) | Unexposed-OOD: 7937/7937 (100.0%)
  Position  22: Exposed-OOD: 8192/8192 (100.0%) | Unexposed-OOD: 7937/7937 (100.0%)
  Position  23: Exposed-OOD: 8192/8192 (100.0%) | Unexposed-OOD: 7937/7937 (100.0%)
  Position  24: Exposed-OOD: 8192/8192 (100.0%) | Unexposed-OOD: 7937/7937 (100.0%)
  Position  25: Exposed-OOD: 8192/8192 (100.0%) | Unexposed-OOD: 7937/7937 (100.0%)
  Position  26: Exposed-OOD: 8192/8192 (100.0%) | Unexposed-OOD: 7937/7937 (100.0%)
  Position  27: Exposed-OOD: 8192/8192 (100.0%) | Unexposed-OOD: 7934/7937 (100.0%)
  Position  28: Exposed-OOD: 8192/8192 (100.0%) | Unexposed-OOD: 7934/7937 (100.0%)
  Position  29: Exposed-OOD: 8192/8192 (100.0%) | Unexposed-OOD: 7934/7937 (100.0%)
  Position  30: Exposed-OOD: 8192/8192 (100.0%) | Unexposed-OOD: 7934/7937 (100.0%)
  Position  31: Exposed-OOD: 8192/8192 (100.0%) | Unexposed-OOD: 7934/7937 (100.0%)

--- Return code: 0 ---

======================================================================
Attention Analysis
======================================================================
Model config: addition, a=1, b=1, p=127
Best test accuracy: 1.0
Training epochs: 60

Random test sequence 1/5 (length 32): [122, 45, 40, 85, 125, 83, 81, 37, 118, 28, 19, 47, 66, 113, 52, 38, 90, 1, 91, 92]...

======================================================================
Attention Layer Training Result Summary
======================================================================
Input sequence: [122, 45, 40, 85, 125, 83, 81, 37, 118, 28, 19, 47, 66, 113, 52, 38, 90, 1, 91, 92, 56, 21, 77, 98, 48, 19, 67, 86, 26, 112, 11, 123]

--- Layer 0 ---
  Head 0: Entropy=0.876
    Attention coefficients from each query position to previous positions:
      i= 0 -> j=0:1.000
      i= 1 -> j=0:0.695, j=1:0.305
      i= 2 -> j=0:0.035, j=1:0.643, j=2:0.322
      i= 3 -> j=0:0.000, j=1:0.041, j=2:0.658, j=3:0.301
      i= 4 -> j=0:0.000, j=1:0.001, j=2:0.028, j=3:0.639, j=4:0.332
      i= 5 -> j=0:0.000, j=1:0.000, j=2:0.000, j=3:0.032, j=4:0.644, j=5:0.324
      i= 6 -> j=0:0.000, j=1:0.000, j=2:0.000, j=3:0.001, j=4:0.036, j=5:0.676, j=6:0.287
      i= 7 -> j=0:0.001, j=1:0.000, j=2:0.000, j=3:0.000, j=4:0.000, j=5:0.026, j=6:0.673, j=7:0.299
      i= 8 -> j=0:0.001, j=1:0.002, j=2:0.001, j=3:0.000, j=4:0.000, j=5:0.000, j=6:0.028, j=7:0.671, j=8:0.296
      i= 9 -> j=0:0.000, j=1:0.001, j=2:0.003, j=3:0.000, j=4:0.000, j=5:0.000, j=6:0.000, j=7:0.034, j=8:0.663, j=9:0.299
      i=10 -> j=0:0.000, j=1:0.000, j=2:0.001, j=3:0.001, j=4:0.001, j=5:0.000, j=6:0.000, j=7:0.000, j=8:0.032, j=9:0.668, j=10:0.296
      i=11 -> j=0:0.000, j=1:0.000, j=2:0.000, j=3:0.000, j=4:0.002, j=5:0.001, j=6:0.000, j=7:0.000, j=8:0.000, j=9:0.033, j=10:0.629, j=11:0.335
      i=12 -> j=0:0.000, j=1:0.000, j=2:0.000, j=3:0.000, j=4:0.000, j=5:0.001, j=6:0.000, j=7:0.000, j=8:0.000, j=9:0.000, j=10:0.034, j=11:0.654, j=12:0.310
      i=13 -> j=0:0.000, j=1:0.000, j=2:0.000, j=3:0.000, j=4:0.000, j=5:0.000, j=6:0.000, j=7:0.000, j=8:0.000, j=9:0.000, j=10:0.001, j=11:0.040, j=12:0.588, j=13:0.370
      i=14 -> j=0:0.000, j=1:0.001, j=2:0.000, j=3:0.000, j=4:0.000, j=5:0.000, j=6:0.000, j=7:0.000, j=8:0.000, j=9:0.000, j=10:0.000, j=11:0.001, j=12:0.034, j=13:0.690, j=14:0.274
      i=15 -> j=0:0.001, j=1:0.001, j=2:0.001, j=3:0.000, j=4:0.000, j=5:0.000, j=6:0.000, j=7:0.000, j=8:0.001, j=9:0.000, j=10:0.000, j=11:0.000, j=12:0.001, j=13:0.036, j=14:0.601, j=15:0.358
      i=16 -> j=0:0.000, j=1:0.000, j=2:0.003, j=3:0.004, j=4:0.000, j=5:0.000, j=6:0.000, j=7:0.000, j=8:0.001, j=9:0.005, j=10:0.000, j=11:0.000, j=12:0.000, j=13:0.000, j=14:0.031, j=15:0.681, j=16:0.273
      i=17 -> j=0:0.000, j=1:0.000, j=2:0.000, j=3:0.002, j=4:0.002, j=5:0.000, j=6:0.000, j=7:0.000, j=8:0.000, j=9:0.001, j=10:0.001, j=11:0.000, j=12:0.000, j=13:0.000, j=14:0.001, j=15:0.035, j=16:0.659, j=17:0.298
      i=18 -> j=0:0.002, j=1:0.000, j=2:0.000, j=3:0.001, j=4:0.003, j=5:0.001, j=6:0.000, j=7:0.000, j=8:0.000, j=9:0.000, j=10:0.001, j=11:0.001, j=12:0.001, j=13:0.000, j=14:0.000, j=15:0.001, j=16:0.049, j=17:0.631, j=18:0.308
      i=19 -> j=0:0.013, j=1:0.002, j=2:0.000, j=3:0.000, j=4:0.000, j=5:0.000, j=6:0.001, j=7:0.000, j=8:0.000, j=9:0.000, j=10:0.000, j=11:0.000, j=12:0.001, j=13:0.000, j=14:0.000, j=15:0.000, j=16:0.000, j=17:0.032, j=18:0.667, j=19:0.283
      i=20 -> j=0:0.003, j=1:0.009, j=2:0.002, j=3:0.000, j=4:0.000, j=5:0.000, j=6:0.001, j=7:0.001, j=8:0.000, j=9:0.000, j=10:0.000, j=11:0.000, j=12:0.001, j=13:0.001, j=14:0.000, j=15:0.000, j=16:0.000, j=17:0.000, j=18:0.033, j=19:0.698, j=20:0.250
      i=21 -> j=0:0.003, j=1:0.023, j=2:0.044, j=3:0.002, j=4:0.000, j=5:0.000, j=6:0.000, j=7:0.002, j=8:0.002, j=9:0.000, j=10:0.000, j=11:0.000, j=12:0.000, j=13:0.000, j=14:0.003, j=15:0.002, j=16:0.000, j=17:0.000, j=18:0.001, j=19:0.032, j=20:0.658, j=21:0.228
      i=22 -> j=0:0.000, j=1:0.001, j=2:0.008, j=3:0.009, j=4:0.001, j=5:0.000, j=6:0.000, j=7:0.000, j=8:0.001, j=9:0.000, j=10:0.000, j=11:0.000, j=12:0.000, j=13:0.000, j=14:0.000, j=15:0.000, j=16:0.000, j=17:0.000, j=18:0.000, j=19:0.000, j=20:0.024, j=21:0.677, j=22:0.278
      i=23 -> j=0:0.000, j=1:0.000, j=2:0.001, j=3:0.016, j=4:0.031, j=5:0.005, j=6:0.000, j=7:0.000, j=8:0.001, j=9:0.003, j=10:0.001, j=11:0.000, j=12:0.000, j=13:0.000, j=14:0.000, j=15:0.000, j=16:0.001, j=17:0.001, j=18:0.000, j=19:0.000, j=20:0.001, j=21:0.044, j=22:0.587, j=23:0.309
      i=24 -> j=0:0.001, j=1:0.000, j=2:0.000, j=3:0.003, j=4:0.038, j=5:0.020, j=6:0.001, j=7:0.000, j=8:0.000, j=9:0.000, j=10:0.001, j=11:0.000, j=12:0.000, j=13:0.000, j=14:0.000, j=15:0.000, j=16:0.001, j=17:0.001, j=18:0.000, j=19:0.000, j=20:0.000, j=21:0.000, j=22:0.042, j=23:0.630, j=24:0.262
      i=25 -> j=0:0.010, j=1:0.000, j=2:0.000, j=3:0.000, j=4:0.001, j=5:0.010, j=6:0.011, j=7:0.001, j=8:0.000, j=9:0.000, j=10:0.000, j=11:0.001, j=12:0.004, j=13:0.001, j=14:0.000, j=15:0.000, j=16:0.000, j=17:0.001, j=18:0.002, j=19:0.001, j=20:0.000, j=21:0.000, j=22:0.000, j=23:0.031, j=24:0.676, j=25:0.250
      i=26 -> j=0:0.056, j=1:0.025, j=2:0.001, j=3:0.000, j=4:0.000, j=5:0.000, j=6:0.009, j=7:0.012, j=8:0.001, j=9:0.000, j=10:0.000, j=11:0.000, j=12:0.001, j=13:0.003, j=14:0.000, j=15:0.000, j=16:0.000, j=17:0.000, j=18:0.001, j=19:0.003, j=20:0.001, j=21:0.000, j=22:0.000, j=23:0.000, j=24:0.034, j=25:0.594, j=26:0.257
      i=27 -> j=0:0.005, j=1:0.047, j=2:0.016, j=3:0.000, j=4:0.000, j=5:0.000, j=6:0.001, j=7:0.030, j=8:0.053, j=9:0.003, j=10:0.000, j=11:0.000, j=12:0.000, j=13:0.001, j=14:0.003, j=15:0.000, j=16:0.000, j=17:0.000, j=18:0.000, j=19:0.001, j=20:0.003, j=21:0.000, j=22:0.000, j=23:0.000, j=24:0.000, j=25:0.041, j=26:0.573, j=27:0.222
      i=28 -> j=0:0.000, j=1:0.006, j=2:0.056, j=3:0.012, j=4:0.001, j=5:0.000, j=6:0.000, j=7:0.001, j=8:0.015, j=9:0.008, j=10:0.002, j=11:0.000, j=12:0.000, j=13:0.000, j=14:0.000, j=15:0.000, j=16:0.000, j=17:0.000, j=18:0.000, j=19:0.000, j=20:0.000, j=21:0.000, j=22:0.000, j=23:0.000, j=24:0.000, j=25:0.000, j=26:0.028, j=27:0.516, j=28:0.351
      i=29 -> j=0:0.000, j=1:0.000, j=2:0.007, j=3:0.012, j=4:0.010, j=5:0.000, j=6:0.000, j=7:0.000, j=8:0.002, j=9:0.017, j=10:0.016, j=11:0.007, j=12:0.000, j=13:0.000, j=14:0.000, j=15:0.001, j=16:0.001, j=17:0.000, j=18:0.000, j=19:0.000, j=20:0.000, j=21:0.000, j=22:0.001, j=23:0.000, j=24:0.000, j=25:0.000, j=26:0.000, j=27:0.033, j=28:0.590, j=29:0.300
      i=30 -> j=0:0.000, j=1:0.000, j=2:0.001, j=3:0.005, j=4:0.063, j=5:0.037, j=6:0.002, j=7:0.000, j=8:0.000, j=9:0.003, j=10:0.027, j=11:0.065, j=12:0.011, j=13:0.000, j=14:0.000, j=15:0.000, j=16:0.001, j=17:0.001, j=18:0.000, j=19:0.000, j=20:0.000, j=21:0.000, j=22:0.000, j=23:0.001, j=24:0.000, j=25:0.000, j=26:0.000, j=27:0.001, j=28:0.026, j=29:0.538, j=30:0.217
      i=31 -> j=0:0.001, j=1:0.000, j=2:0.000, j=3:0.000, j=4:0.005, j=5:0.035, j=6:0.016, j=7:0.001, j=8:0.000, j=9:0.000, j=10:0.001, j=11:0.003, j=12:0.007, j=13:0.002, j=14:0.000, j=15:0.000, j=16:0.000, j=17:0.001, j=18:0.000, j=19:0.000, j=20:0.000, j=21:0.000, j=22:0.000, j=23:0.001, j=24:0.001, j=25:0.000, j=26:0.000, j=27:0.000, j=28:0.001, j=29:0.032, j=30:0.537, j=31:0.355
    Average attention per distance:
      d=0:0.317, d=1:0.636, d=2:0.034, d=19:0.023, d=20:0.017, d=25:0.018, d=26:0.045


======================================================================
QK Property Verification (Raw Scores, before Softmax)
======================================================================
Recurrence order init_len=2, num test sequences=1

--- [P1] Long-distance Orthogonality Verification ---
Ideal: raw_score mean ≈ 0 and small std when d > init_len

  Layer 0, Head 0:
    d= 1 (effective): mean=  6.406, std= 0.343, n=31
    d= 2 (effective): mean=  3.473, std= 0.343, n=30
    d>2 (long-distance): mean= -1.526, std= 2.156, n=435

--- [P2] Time-homogeneous Verification ---
Ideal: CV of raw_score across positions i ≈ 0 for fixed distance d
(CV = std / |mean|, smaller = more constant)

  Layer 0, Head 0:
    d= 1: mean=  6.406, std= 0.343, CV=0.054, n=31
    d= 2: mean=  3.473, std= 0.343, CV=0.099, n=30

======================================================================
QK Property Verification Completed
======================================================================
