=== Experiment: addition_seed5 ===
Time: 2026-07-09T08:01:48.911259
Task type: addition

=== Merged Config ===
--------------------------------------------------
Network Config
--------------------------------------------------
D_MODEL                   64
N_HEAD                    1
N_LAYER                   1
MLP_RATIO                 4
DROPOUT                   0.0
USE_LEARNABLE_PE          False
--------------------------------------------------
Dataset Config
--------------------------------------------------
P                         127
TASK                      addition
TRAIN_LEN                 16
OOD_LEN                   32
MAX_UNIQUE_RATIO          0.5
AB_PAIRS                  [[1, 1], [1, 2]]
A                         1
B                         1
NUM_MASK                  0
--------------------------------------------------
Training Config
--------------------------------------------------
OPTIMIZER                 AdamW
SCHEDULER                 CosineAnnealingLR(T_max=EPOCHS)
BATCH_SIZE                128
LR                        0.0003
WEIGHT_DECAY              1
EPOCHS                    10000
RANDOM_SEED               5
FIRST_TASK_WEIGHT         1.0
ENTROPY_PENALTY_WEIGHT    0.0
EVAL_INTERVAL             20
EARLY_STOP_ACCURACY       0.99
EARLY_STOP_NO_IMPROVE     1000
USE_GREEDY_GENERATE       True
--------------------------------------------------

--- output ---
Using device: cuda

[Dataset] Cycle traverse + sliding window: 8192 + 7937 samples, length 16, mod 127
  - Initial state coverage: 8192/16129 (50.8%)
Recurrence: X(k)=(1*X(k-1)+1*X(k-2)) mod 127
--------------------------------------------------
--------------------------------------------------
[Model config] block_size: 32, train length: 16
[Number theory] X(k)=(1*X(k-1)+1*X(k-2)) mod 127


Model parameters: 0.06M

Start training...
Epoch   0 | Train: Loss=4.8262 Acc=1.0% | Test: Acc=0.3% | Best=0.3%(@0)
  from x2: 0.00 0.00 0.00 0.00 0.00 0.00 0.00 0.00 0.00 0.00 0.00 0.00 0.00 0.00
Epoch  20 | Train: Loss=3.9425 Acc=17.6% | Test: Acc=0.4% | Best=0.4%(@20)
  from x2: 0.01 0.01 0.00 0.00 0.00 0.00 0.00 0.00 0.00 0.00 0.00 0.00 0.00 0.00
Epoch  40 | Train: Loss=3.2905 Acc=32.9% | Test: Acc=1.2% | Best=1.2%(@40)
  from x2: 0.02 0.02 0.01 0.01 0.01 0.01 0.01 0.01 0.01 0.01 0.01 0.01 0.01 0.01
Epoch  60 | Train: Loss=0.2674 Acc=100.0% | Test: Acc=100.0% | Best=100.0%(@60)
  from x2: 1.00 1.00 1.00 1.00 1.00 1.00 1.00 1.00 1.00 1.00 1.00 1.00 1.00 1.00
[Early stop] Epoch 60: test set reached high accuracy

==================================================
Saving model...
[OK] Model saved to: /home/cxm/ai/test0709/models/addition_seed5.pth
  File size: 238.9 KB
  Best test accuracy: 100.00%

==================================================
Final generation test (full enumeration, validate from position 2)
==================================================

--- Statistics for X(k)=(1*X(k-1)+1*X(k-2)) mod 127 ---
Exposed    samples:  8192 | In-dist: 114688/114688 (100.0%) | OOD: 131072/131072 (100.0%)
Unexposed  samples:  7937 | In-dist: 111118/111118 (100.0%) | OOD: 126987/126992 (100.0%)

--- Per-position accuracy ---
  Position   2: Exposed-ID: 8192/8192 (100.0%) | Unexposed-ID: 7937/7937 (100.0%)
  Position   3: Exposed-ID: 8192/8192 (100.0%) | Unexposed-ID: 7937/7937 (100.0%)
  Position   4: Exposed-ID: 8192/8192 (100.0%) | Unexposed-ID: 7937/7937 (100.0%)
  Position   5: Exposed-ID: 8192/8192 (100.0%) | Unexposed-ID: 7937/7937 (100.0%)
  Position   6: Exposed-ID: 8192/8192 (100.0%) | Unexposed-ID: 7937/7937 (100.0%)
  Position   7: Exposed-ID: 8192/8192 (100.0%) | Unexposed-ID: 7937/7937 (100.0%)
  Position   8: Exposed-ID: 8192/8192 (100.0%) | Unexposed-ID: 7937/7937 (100.0%)
  Position   9: Exposed-ID: 8192/8192 (100.0%) | Unexposed-ID: 7937/7937 (100.0%)
  Position  10: Exposed-ID: 8192/8192 (100.0%) | Unexposed-ID: 7937/7937 (100.0%)
  Position  11: Exposed-ID: 8192/8192 (100.0%) | Unexposed-ID: 7937/7937 (100.0%)
  Position  12: Exposed-ID: 8192/8192 (100.0%) | Unexposed-ID: 7937/7937 (100.0%)
  Position  13: Exposed-ID: 8192/8192 (100.0%) | Unexposed-ID: 7937/7937 (100.0%)
  Position  14: Exposed-ID: 8192/8192 (100.0%) | Unexposed-ID: 7937/7937 (100.0%)
  Position  15: Exposed-ID: 8192/8192 (100.0%) | Unexposed-ID: 7937/7937 (100.0%)
  Position  16: Exposed-OOD: 8192/8192 (100.0%) | Unexposed-OOD: 7937/7937 (100.0%)
  Position  17: Exposed-OOD: 8192/8192 (100.0%) | Unexposed-OOD: 7937/7937 (100.0%)
  Position  18: Exposed-OOD: 8192/8192 (100.0%) | Unexposed-OOD: 7937/7937 (100.0%)
  Position  19: Exposed-OOD: 8192/8192 (100.0%) | Unexposed-OOD: 7937/7937 (100.0%)
  Position  20: Exposed-OOD: 8192/8192 (100.0%) | Unexposed-OOD: 7937/7937 (100.0%)
  Position  21: Exposed-OOD: 8192/8192 (100.0%) | Unexposed-OOD: 7937/7937 (100.0%)
  Position  22: Exposed-OOD: 8192/8192 (100.0%) | Unexposed-OOD: 7937/7937 (100.0%)
  Position  23: Exposed-OOD: 8192/8192 (100.0%) | Unexposed-OOD: 7937/7937 (100.0%)
  Position  24: Exposed-OOD: 8192/8192 (100.0%) | Unexposed-OOD: 7937/7937 (100.0%)
  Position  25: Exposed-OOD: 8192/8192 (100.0%) | Unexposed-OOD: 7937/7937 (100.0%)
  Position  26: Exposed-OOD: 8192/8192 (100.0%) | Unexposed-OOD: 7937/7937 (100.0%)
  Position  27: Exposed-OOD: 8192/8192 (100.0%) | Unexposed-OOD: 7936/7937 (100.0%)
  Position  28: Exposed-OOD: 8192/8192 (100.0%) | Unexposed-OOD: 7936/7937 (100.0%)
  Position  29: Exposed-OOD: 8192/8192 (100.0%) | Unexposed-OOD: 7936/7937 (100.0%)
  Position  30: Exposed-OOD: 8192/8192 (100.0%) | Unexposed-OOD: 7936/7937 (100.0%)
  Position  31: Exposed-OOD: 8192/8192 (100.0%) | Unexposed-OOD: 7936/7937 (100.0%)

--- Return code: 0 ---

======================================================================
Attention Analysis
======================================================================
Model config: addition, a=1, b=1, p=127
Best test accuracy: 1.0
Training epochs: 60

Random test sequence 1/5 (length 32): [57, 97, 27, 124, 24, 21, 45, 66, 111, 50, 34, 84, 118, 75, 66, 14, 80, 94, 47, 14]...

======================================================================
Attention Layer Training Result Summary
======================================================================
Input sequence: [57, 97, 27, 124, 24, 21, 45, 66, 111, 50, 34, 84, 118, 75, 66, 14, 80, 94, 47, 14, 61, 75, 9, 84, 93, 50, 16, 66, 82, 21, 103, 124]

--- Layer 0 ---
  Head 0: Entropy=0.931
    Attention coefficients from each query position to previous positions:
      i= 0 -> j=0:1.000
      i= 1 -> j=0:0.612, j=1:0.388
      i= 2 -> j=0:0.035, j=1:0.605, j=2:0.360
      i= 3 -> j=0:0.000, j=1:0.033, j=2:0.647, j=3:0.320
      i= 4 -> j=0:0.000, j=1:0.001, j=2:0.030, j=3:0.653, j=4:0.316
      i= 5 -> j=0:0.000, j=1:0.000, j=2:0.001, j=3:0.035, j=4:0.578, j=5:0.386
      i= 6 -> j=0:0.000, j=1:0.000, j=2:0.000, j=3:0.000, j=4:0.029, j=5:0.592, j=6:0.378
      i= 7 -> j=0:0.004, j=1:0.001, j=2:0.000, j=3:0.000, j=4:0.000, j=5:0.033, j=6:0.633, j=7:0.329
      i= 8 -> j=0:0.001, j=1:0.003, j=2:0.000, j=3:0.000, j=4:0.000, j=5:0.001, j=6:0.031, j=7:0.660, j=8:0.305
      i= 9 -> j=0:0.000, j=1:0.001, j=2:0.003, j=3:0.003, j=4:0.000, j=5:0.000, j=6:0.000, j=7:0.024, j=8:0.584, j=9:0.385
      i=10 -> j=0:0.000, j=1:0.000, j=2:0.000, j=3:0.005, j=4:0.001, j=5:0.000, j=6:0.000, j=7:0.001, j=8:0.029, j=9:0.609, j=10:0.356
      i=11 -> j=0:0.000, j=1:0.000, j=2:0.000, j=3:0.001, j=4:0.003, j=5:0.001, j=6:0.000, j=7:0.000, j=8:0.000, j=9:0.039, j=10:0.618, j=11:0.337
      i=12 -> j=0:0.000, j=1:0.000, j=2:0.000, j=3:0.000, j=4:0.000, j=5:0.002, j=6:0.000, j=7:0.000, j=8:0.000, j=9:0.001, j=10:0.033, j=11:0.546, j=12:0.416
      i=13 -> j=0:0.008, j=1:0.001, j=2:0.000, j=3:0.000, j=4:0.000, j=5:0.001, j=6:0.002, j=7:0.001, j=8:0.000, j=9:0.000, j=10:0.000, j=11:0.028, j=12:0.567, j=13:0.393
      i=14 -> j=0:0.006, j=1:0.007, j=2:0.001, j=3:0.000, j=4:0.000, j=5:0.000, j=6:0.000, j=7:0.003, j=8:0.001, j=9:0.000, j=10:0.000, j=11:0.000, j=12:0.028, j=13:0.554, j=14:0.399
      i=15 -> j=0:0.000, j=1:0.003, j=2:0.007, j=3:0.000, j=4:0.000, j=5:0.000, j=6:0.000, j=7:0.000, j=8:0.001, j=9:0.000, j=10:0.000, j=11:0.000, j=12:0.000, j=13:0.027, j=14:0.587, j=15:0.373
      i=16 -> j=0:0.000, j=1:0.001, j=2:0.005, j=3:0.002, j=4:0.000, j=5:0.000, j=6:0.000, j=7:0.000, j=8:0.000, j=9:0.002, j=10:0.000, j=11:0.000, j=12:0.000, j=13:0.000, j=14:0.035, j=15:0.646, j=16:0.308
      i=17 -> j=0:0.000, j=1:0.000, j=2:0.000, j=3:0.003, j=4:0.009, j=5:0.001, j=6:0.000, j=7:0.000, j=8:0.000, j=9:0.001, j=10:0.004, j=11:0.001, j=12:0.000, j=13:0.000, j=14:0.000, j=15:0.029, j=16:0.626, j=17:0.325
      i=18 -> j=0:0.002, j=1:0.000, j=2:0.000, j=3:0.000, j=4:0.012, j=5:0.014, j=6:0.001, j=7:0.000, j=8:0.000, j=9:0.000, j=10:0.001, j=11:0.002, j=12:0.000, j=13:0.000, j=14:0.000, j=15:0.000, j=16:0.044, j=17:0.612, j=18:0.311
      i=19 -> j=0:0.020, j=1:0.001, j=2:0.000, j=3:0.000, j=4:0.000, j=5:0.004, j=6:0.005, j=7:0.000, j=8:0.000, j=9:0.000, j=10:0.000, j=11:0.001, j=12:0.003, j=13:0.001, j=14:0.000, j=15:0.000, j=16:0.001, j=17:0.021, j=18:0.600, j=19:0.344
      i=20 -> j=0:0.050, j=1:0.015, j=2:0.001, j=3:0.000, j=4:0.000, j=5:0.000, j=6:0.005, j=7:0.007, j=8:0.001, j=9:0.000, j=10:0.000, j=11:0.000, j=12:0.001, j=13:0.003, j=14:0.001, j=15:0.000, j=16:0.000, j=17:0.000, j=18:0.025, j=19:0.570, j=20:0.321
      i=21 -> j=0:0.004, j=1:0.025, j=2:0.017, j=3:0.002, j=4:0.000, j=5:0.000, j=6:0.000, j=7:0.004, j=8:0.007, j=9:0.000, j=10:0.000, j=11:0.000, j=12:0.000, j=13:0.001, j=14:0.003, j=15:0.001, j=16:0.000, j=17:0.000, j=18:0.000, j=19:0.025, j=20:0.527, j=21:0.382
      i=22 -> j=0:0.000, j=1:0.001, j=2:0.014, j=3:0.023, j=4:0.002, j=5:0.000, j=6:0.000, j=7:0.001, j=8:0.003, j=9:0.004, j=10:0.000, j=11:0.000, j=12:0.000, j=13:0.000, j=14:0.000, j=15:0.004, j=16:0.001, j=17:0.000, j=18:0.000, j=19:0.000, j=20:0.035, j=21:0.544, j=22:0.366
      i=23 -> j=0:0.000, j=1:0.000, j=2:0.002, j=3:0.026, j=4:0.055, j=5:0.002, j=6:0.000, j=7:0.000, j=8:0.000, j=9:0.005, j=10:0.004, j=11:0.000, j=12:0.000, j=13:0.000, j=14:0.000, j=15:0.001, j=16:0.002, j=17:0.001, j=18:0.000, j=19:0.000, j=20:0.000, j=21:0.026, j=22:0.575, j=23:0.300
      i=24 -> j=0:0.000, j=1:0.000, j=2:0.000, j=3:0.001, j=4:0.059, j=5:0.028, j=6:0.000, j=7:0.000, j=8:0.000, j=9:0.001, j=10:0.005, j=11:0.002, j=12:0.000, j=13:0.000, j=14:0.000, j=15:0.000, j=16:0.000, j=17:0.002, j=18:0.001, j=19:0.000, j=20:0.000, j=21:0.000, j=22:0.025, j=23:0.507, j=24:0.367
      i=25 -> j=0:0.011, j=1:0.001, j=2:0.000, j=3:0.000, j=4:0.003, j=5:0.049, j=6:0.022, j=7:0.004, j=8:0.000, j=9:0.000, j=10:0.000, j=11:0.004, j=12:0.007, j=13:0.001, j=14:0.000, j=15:0.000, j=16:0.000, j=17:0.000, j=18:0.005, j=19:0.002, j=20:0.000, j=21:0.000, j=22:0.000, j=23:0.025, j=24:0.522, j=25:0.343
      i=26 -> j=0:0.044, j=1:0.011, j=2:0.002, j=3:0.000, j=4:0.000, j=5:0.004, j=6:0.023, j=7:0.056, j=8:0.002, j=9:0.000, j=10:0.000, j=11:0.000, j=12:0.004, j=13:0.007, j=14:0.001, j=15:0.000, j=16:0.000, j=17:0.000, j=18:0.001, j=19:0.003, j=20:0.000, j=21:0.000, j=22:0.000, j=23:0.000, j=24:0.024, j=25:0.509, j=26:0.307
      i=27 -> j=0:0.003, j=1:0.021, j=2:0.012, j=3:0.000, j=4:0.000, j=5:0.000, j=6:0.001, j=7:0.040, j=8:0.023, j=9:0.001, j=10:0.000, j=11:0.000, j=12:0.000, j=13:0.004, j=14:0.005, j=15:0.001, j=16:0.000, j=17:0.000, j=18:0.000, j=19:0.001, j=20:0.001, j=21:0.001, j=22:0.000, j=23:0.000, j=24:0.000, j=25:0.027, j=26:0.519, j=27:0.339
      i=28 -> j=0:0.000, j=1:0.002, j=2:0.017, j=3:0.002, j=4:0.000, j=5:0.000, j=6:0.000, j=7:0.001, j=8:0.007, j=9:0.004, j=10:0.000, j=11:0.000, j=12:0.000, j=13:0.000, j=14:0.002, j=15:0.004, j=16:0.000, j=17:0.000, j=18:0.000, j=19:0.000, j=20:0.000, j=21:0.002, j=22:0.001, j=23:0.000, j=24:0.000, j=25:0.000, j=26:0.024, j=27:0.590, j=28:0.342
      i=29 -> j=0:0.000, j=1:0.000, j=2:0.005, j=3:0.017, j=4:0.004, j=5:0.000, j=6:0.000, j=7:0.000, j=8:0.001, j=9:0.015, j=10:0.007, j=11:0.002, j=12:0.000, j=13:0.000, j=14:0.001, j=15:0.011, j=16:0.007, j=17:0.001, j=18:0.000, j=19:0.000, j=20:0.000, j=21:0.001, j=22:0.002, j=23:0.001, j=24:0.000, j=25:0.000, j=26:0.000, j=27:0.031, j=28:0.588, j=29:0.306
      i=30 -> j=0:0.000, j=1:0.000, j=2:0.001, j=3:0.008, j=4:0.045, j=5:0.023, j=6:0.002, j=7:0.000, j=8:0.000, j=9:0.006, j=10:0.020, j=11:0.040, j=12:0.002, j=13:0.000, j=14:0.000, j=15:0.000, j=16:0.006, j=17:0.008, j=18:0.001, j=19:0.000, j=20:0.000, j=21:0.000, j=22:0.000, j=23:0.003, j=24:0.002, j=25:0.000, j=26:0.000, j=27:0.001, j=28:0.024, j=29:0.522, j=30:0.286
      i=31 -> j=0:0.008, j=1:0.000, j=2:0.000, j=3:0.000, j=4:0.002, j=5:0.010, j=6:0.007, j=7:0.000, j=8:0.000, j=9:0.000, j=10:0.001, j=11:0.025, j=12:0.009, j=13:0.002, j=14:0.000, j=15:0.000, j=16:0.000, j=17:0.004, j=18:0.006, j=19:0.000, j=20:0.000, j=21:0.000, j=22:0.000, j=23:0.001, j=24:0.003, j=25:0.000, j=26:0.000, j=27:0.000, j=28:0.000, j=29:0.028, j=30:0.586, j=31:0.308
    Average attention per distance:
      d=0:0.366, d=1:0.584, d=2:0.029, d=19:0.024, d=20:0.030, d=26:0.026


======================================================================
QK Property Verification (Raw Scores, before Softmax)
======================================================================
Recurrence order init_len=2, num test sequences=1

--- [P1] Long-distance Orthogonality Verification ---
Ideal: raw_score mean ≈ 0 and small std when d > init_len

  Layer 0, Head 0:
    d= 1 (effective): mean=  5.843, std= 0.347, n=31
    d= 2 (effective): mean=  2.852, std= 0.345, n=30
    d>2 (long-distance): mean= -1.669, std= 2.350, n=435

--- [P2] Time-homogeneous Verification ---
Ideal: CV of raw_score across positions i ≈ 0 for fixed distance d
(CV = std / |mean|, smaller = more constant)

  Layer 0, Head 0:
    d= 1: mean=  5.843, std= 0.347, CV=0.059, n=31
    d= 2: mean=  2.852, std= 0.345, CV=0.121, n=30

======================================================================
QK Property Verification Completed
======================================================================
