=== Experiment: mixed_basic_d4096l1_r32_n2_e50 ===
Time: 2026-07-08T06:49:15.290276
Task type: mixed_ab
Merged config: {
  "P": 53,
  "TASK": "mixed_ab",
  "NUM_MASK": 0,
  "A": 1,
  "B": 1,
  "AB_PAIRS": [
    [
      1,
      1
    ],
    [
      1,
      2
    ]
  ],
  "D_MODEL": 4096,
  "N_HEAD": 1,
  "N_LAYER": 1,
  "BATCH_SIZE": 128,
  "EPOCHS": 10000,
  "LR": 0.0003,
  "SAVE_PATH": "models/mixed_basic_d4096l1_r32_n2_e50.pth",
  "USE_GREEDY_GENERATE": true,
  "USE_LEARNABLE_PE": false,
  "MLP_RATIO": 32,
  "TRAIN_LEN": 16,
  "OOD_LEN": 32,
  "DROPOUT": 0.0,
  "TARGET_INIT_COVERAGE": 0.5,
  "MAX_UNIQUE_RATIO": 0.5,
  "WEIGHT_DECAY": 1,
  "ENTROPY_PENALTY_WEIGHT": 0.0,
  "FIRST_TASK_WEIGHT": 1.0,
  "COND_FIX": null,
  "COND_FIX_START": null,
  "COND_FIX_START_A1": null,
  "COND_FIX_START_A2": null,
  "RANDOM_SEED": 42,
  "EVAL_INTERVAL": 20,
  "EARLY_STOP_NO_IMPROVE": 3000,
  "EARLY_STOP_ACCURACY": 0.99,
  "USE_AB_TAG": false,
  "USE_CONDITIONAL_WTE": false,
  "COND_WTE_SHARED_RATIO": 0.0,
  "MIXED_AB_MAX_UNIQUE_RATIOS": [
    0.5,
    0.5
  ]
}
--- output ---
Using device: cuda

[Dataset] Mixed mode: generated 2808 + 2810 samples, length 16
AB parameter pairs: [(1, 1), (1, 2)]
  - AB=(1,1): train 1404 | test 1405 | exposed ~50.0%
  - AB=(1,2): train 1404 | test 1405 | exposed ~50.0%
--------------------------------------------------
[Model config] block_size: 32, train length: 16
[Number theory] AB parameter pairs: [(1, 1), (1, 2)]


Model parameters: 1149.65M

Start training...
Epoch   0 | Train: Loss=7.2115 Acc=3.2% | Test: Acc=1.4% | Best=1.4%(@0)
  from x3: 0.01 0.01 0.01 0.01 0.01 0.01 0.01 0.01 0.01 0.02 0.02 0.02 0.02
  per-rule acc: 0.01 0.02
Epoch  20 | Train: Loss=3.9520 Acc=5.6% | Test: Acc=0.9% | Best=1.4%(@0)
  from x3: 0.01 0.01 0.01 0.01 0.01 0.01 0.01 0.01 0.01 0.01 0.01 0.01 0.01
  per-rule acc: 0.01 0.01
Epoch  40 | Train: Loss=3.9121 Acc=6.1% | Test: Acc=1.1% | Best=1.4%(@0)
  from x3: 0.01 0.01 0.01 0.01 0.01 0.01 0.01 0.01 0.01 0.01 0.01 0.01 0.01
  per-rule acc: 0.01 0.01
Epoch  60 | Train: Loss=3.8717 Acc=6.3% | Test: Acc=1.3% | Best=1.4%(@0)
  from x3: 0.01 0.01 0.01 0.01 0.01 0.01 0.01 0.01 0.01 0.01 0.01 0.01 0.01
  per-rule acc: 0.02 0.01
Epoch  80 | Train: Loss=3.8442 Acc=6.9% | Test: Acc=1.0% | Best=1.4%(@0)
  from x3: 0.01 0.01 0.01 0.01 0.01 0.01 0.01 0.01 0.01 0.01 0.01 0.01 0.01
  per-rule acc: 0.01 0.01
Epoch 100 | Train: Loss=3.8240 Acc=6.3% | Test: Acc=1.0% | Best=1.4%(@0)
  from x3: 0.01 0.01 0.01 0.01 0.01 0.01 0.01 0.01 0.01 0.01 0.01 0.01 0.01
  per-rule acc: 0.01 0.01
Epoch 120 | Train: Loss=3.8069 Acc=6.6% | Test: Acc=0.9% | Best=1.4%(@0)
  from x3: 0.01 0.01 0.01 0.01 0.01 0.01 0.01 0.01 0.01 0.01 0.01 0.01 0.01
  per-rule acc: 0.01 0.01
Epoch 140 | Train: Loss=3.7947 Acc=6.6% | Test: Acc=0.9% | Best=1.4%(@0)
  from x3: 0.01 0.01 0.01 0.01 0.01 0.01 0.01 0.01 0.01 0.01 0.01 0.01 0.01
  per-rule acc: 0.01 0.01
Epoch 160 | Train: Loss=3.7865 Acc=6.4% | Test: Acc=0.9% | Best=1.4%(@0)
  from x3: 0.01 0.01 0.01 0.01 0.01 0.01 0.01 0.01 0.01 0.01 0.01 0.01 0.01
  per-rule acc: 0.01 0.01
Epoch 180 | Train: Loss=3.7610 Acc=7.3% | Test: Acc=0.9% | Best=1.4%(@0)
  from x3: 0.01 0.01 0.01 0.01 0.01 0.01 0.01 0.01 0.01 0.01 0.01 0.01 0.01
  per-rule acc: 0.01 0.01
Epoch 200 | Train: Loss=3.7325 Acc=7.0% | Test: Acc=0.9% | Best=1.4%(@0)
  from x3: 0.01 0.01 0.01 0.01 0.01 0.01 0.01 0.01 0.01 0.01 0.01 0.01 0.01
  per-rule acc: 0.01 0.01
Epoch 220 | Train: Loss=3.7048 Acc=7.4% | Test: Acc=1.0% | Best=1.4%(@0)
  from x3: 0.01 0.01 0.01 0.01 0.01 0.01 0.01 0.01 0.01 0.01 0.01 0.01 0.01
  per-rule acc: 0.01 0.01
Epoch 240 | Train: Loss=3.6704 Acc=7.4% | Test: Acc=1.2% | Best=1.4%(@0)
  from x3: 0.01 0.01 0.01 0.01 0.01 0.01 0.01 0.01 0.01 0.01 0.01 0.01 0.01
  per-rule acc: 0.01 0.01
Epoch 260 | Train: Loss=3.6374 Acc=8.4% | Test: Acc=0.9% | Best=1.4%(@0)
  from x3: 0.01 0.01 0.01 0.01 0.01 0.01 0.01 0.01 0.01 0.01 0.01 0.01 0.01
  per-rule acc: 0.01 0.01
Epoch 280 | Train: Loss=2.2717 Acc=43.7% | Test: Acc=1.7% | Best=1.7%(@280)
  from x3: 0.01 0.02 0.02 0.02 0.02 0.02 0.02 0.02 0.02 0.02 0.02 0.02 0.02
  per-rule acc: 0.02 0.01
Epoch 300 | Train: Loss=0.0119 Acc=99.6% | Test: Acc=3.9% | Best=3.9%(@300)
  from x3: 0.05 0.04 0.04 0.04 0.04 0.04 0.04 0.04 0.04 0.04 0.04 0.04 0.04
  per-rule acc: 0.05 0.03
Epoch 320 | Train: Loss=0.0085 Acc=99.8% | Test: Acc=4.4% | Best=4.4%(@320)
  from x3: 0.06 0.05 0.04 0.04 0.04 0.04 0.04 0.04 0.04 0.04 0.04 0.04 0.04
  per-rule acc: 0.06 0.03
Epoch 340 | Train: Loss=0.0083 Acc=99.8% | Test: Acc=5.0% | Best=5.0%(@340)
  from x3: 0.06 0.05 0.05 0.05 0.05 0.05 0.05 0.05 0.05 0.05 0.05 0.05 0.05
  per-rule acc: 0.07 0.03
Epoch 360 | Train: Loss=0.0454 Acc=99.6% | Test: Acc=4.7% | Best=5.0%(@340)
  from x3: 0.06 0.05 0.05 0.05 0.05 0.05 0.05 0.05 0.05 0.05 0.05 0.05 0.05
  per-rule acc: 0.07 0.03
Epoch 380 | Train: Loss=0.0046 Acc=99.9% | Test: Acc=5.2% | Best=5.2%(@380)
  from x3: 0.07 0.06 0.05 0.05 0.05 0.05 0.05 0.05 0.05 0.05 0.05 0.05 0.05
  per-rule acc: 0.07 0.03
Epoch 400 | Train: Loss=0.0068 Acc=99.9% | Test: Acc=5.5% | Best=5.5%(@400)
  from x3: 0.07 0.06 0.06 0.05 0.05 0.05 0.05 0.05 0.05 0.05 0.05 0.05 0.05
  per-rule acc: 0.08 0.03
Epoch 420 | Train: Loss=0.0145 Acc=99.7% | Test: Acc=5.5% | Best=5.5%(@420)
  from x3: 0.07 0.06 0.06 0.06 0.06 0.05 0.05 0.05 0.05 0.05 0.05 0.05 0.05
  per-rule acc: 0.08 0.03
Epoch 440 | Train: Loss=0.0021 Acc=99.9% | Test: Acc=5.7% | Best=5.7%(@440)
  from x3: 0.07 0.06 0.06 0.06 0.05 0.05 0.05 0.05 0.05 0.05 0.05 0.05 0.05
  per-rule acc: 0.08 0.03
Epoch 460 | Train: Loss=0.0104 Acc=99.8% | Test: Acc=6.4% | Best=6.4%(@460)
  from x3: 0.08 0.07 0.06 0.06 0.06 0.06 0.06 0.06 0.06 0.06 0.06 0.06 0.06
  per-rule acc: 0.10 0.03
Epoch 480 | Train: Loss=0.0020 Acc=99.9% | Test: Acc=5.8% | Best=6.4%(@460)
  from x3: 0.08 0.06 0.06 0.06 0.06 0.06 0.06 0.06 0.06 0.06 0.06 0.05 0.05
  per-rule acc: 0.09 0.03
Epoch 500 | Train: Loss=0.0076 Acc=99.8% | Test: Acc=6.1% | Best=6.4%(@460)
  from x3: 0.08 0.06 0.06 0.06 0.06 0.06 0.06 0.06 0.06 0.06 0.06 0.06 0.06
  per-rule acc: 0.09 0.03
Epoch 520 | Train: Loss=0.0026 Acc=99.9% | Test: Acc=6.1% | Best=6.4%(@460)
  from x3: 0.08 0.07 0.06 0.06 0.06 0.06 0.06 0.06 0.06 0.06 0.06 0.06 0.06
  per-rule acc: 0.09 0.03
Epoch 540 | Train: Loss=0.0068 Acc=99.8% | Test: Acc=6.2% | Best=6.4%(@460)
  from x3: 0.08 0.07 0.06 0.06 0.06 0.06 0.06 0.06 0.06 0.06 0.06 0.06 0.06
  per-rule acc: 0.10 0.03
Epoch 560 | Train: Loss=0.0040 Acc=99.9% | Test: Acc=6.2% | Best=6.4%(@460)
  from x3: 0.08 0.07 0.06 0.06 0.06 0.06 0.06 0.06 0.06 0.06 0.06 0.06 0.06
  per-rule acc: 0.09 0.03
Epoch 580 | Train: Loss=0.0105 Acc=99.8% | Test: Acc=6.2% | Best=6.4%(@460)
  from x3: 0.08 0.07 0.06 0.06 0.06 0.06 0.06 0.06 0.06 0.06 0.06 0.06 0.06
  per-rule acc: 0.09 0.03
Epoch 600 | Train: Loss=0.0018 Acc=99.9% | Test: Acc=6.3% | Best=6.4%(@460)
  from x3: 0.08 0.06 0.06 0.06 0.06 0.06 0.06 0.06 0.06 0.06 0.06 0.06 0.06
  per-rule acc: 0.10 0.03
Epoch 620 | Train: Loss=0.0074 Acc=99.8% | Test: Acc=6.7% | Best=6.7%(@620)
  from x3: 0.08 0.07 0.07 0.06 0.07 0.07 0.07 0.06 0.06 0.06 0.06 0.06 0.06
  per-rule acc: 0.11 0.03
Epoch 640 | Train: Loss=0.0017 Acc=99.9% | Test: Acc=6.5% | Best=6.7%(@620)
  from x3: 0.09 0.07 0.06 0.06 0.06 0.06 0.06 0.06 0.06 0.06 0.06 0.06 0.06
  per-rule acc: 0.10 0.03
Epoch 660 | Train: Loss=0.0144 Acc=99.8% | Test: Acc=6.6% | Best=6.7%(@620)
  from x3: 0.08 0.07 0.06 0.07 0.06 0.06 0.07 0.06 0.06 0.06 0.06 0.06 0.06
  per-rule acc: 0.10 0.03
Epoch 680 | Train: Loss=0.0017 Acc=99.9% | Test: Acc=6.5% | Best=6.7%(@620)
  from x3: 0.09 0.07 0.06 0.06 0.06 0.06 0.06 0.06 0.06 0.06 0.06 0.06 0.06
  per-rule acc: 0.10 0.03
Epoch 700 | Train: Loss=0.0068 Acc=99.9% | Test: Acc=7.0% | Best=7.0%(@700)
  from x3: 0.09 0.08 0.07 0.07 0.07 0.07 0.07 0.07 0.07 0.07 0.07 0.07 0.07
  per-rule acc: 0.11 0.03
Epoch 720 | Train: Loss=0.0017 Acc=99.9% | Test: Acc=6.7% | Best=7.0%(@700)
  from x3: 0.09 0.07 0.06 0.07 0.06 0.07 0.07 0.07 0.06 0.07 0.06 0.06 0.06
  per-rule acc: 0.11 0.03
Epoch 740 | Train: Loss=0.0120 Acc=99.7% | Test: Acc=6.6% | Best=7.0%(@700)
  from x3: 0.08 0.07 0.06 0.06 0.06 0.07 0.06 0.07 0.07 0.06 0.06 0.06 0.06
  per-rule acc: 0.10 0.03
Epoch 760 | Train: Loss=0.0016 Acc=99.9% | Test: Acc=6.7% | Best=7.0%(@700)
  from x3: 0.09 0.07 0.06 0.06 0.06 0.06 0.07 0.07 0.07 0.07 0.07 0.06 0.06
  per-rule acc: 0.11 0.03
Epoch 780 | Train: Loss=0.0017 Acc=99.9% | Test: Acc=7.0% | Best=7.0%(@700)
  from x3: 0.09 0.07 0.07 0.07 0.07 0.07 0.07 0.07 0.07 0.07 0.07 0.07 0.07
  per-rule acc: 0.11 0.03
Epoch 800 | Train: Loss=0.0019 Acc=99.9% | Test: Acc=6.8% | Best=7.0%(@700)
  from x3: 0.09 0.07 0.07 0.07 0.07 0.07 0.07 0.07 0.07 0.07 0.06 0.06 0.06
  per-rule acc: 0.11 0.03
Epoch 820 | Train: Loss=0.0018 Acc=99.9% | Test: Acc=6.4% | Best=7.0%(@700)
  from x3: 0.09 0.07 0.06 0.06 0.06 0.07 0.06 0.06 0.06 0.06 0.06 0.06 0.06
  per-rule acc: 0.10 0.03
Epoch 840 | Train: Loss=0.0018 Acc=99.9% | Test: Acc=6.6% | Best=7.0%(@700)
  from x3: 0.09 0.07 0.07 0.07 0.06 0.06 0.06 0.06 0.06 0.06 0.06 0.06 0.07
  per-rule acc: 0.10 0.03
Epoch 860 | Train: Loss=0.0022 Acc=99.9% | Test: Acc=6.9% | Best=7.0%(@700)
  from x3: 0.09 0.08 0.07 0.07 0.07 0.07 0.07 0.07 0.07 0.07 0.07 0.06 0.06
  per-rule acc: 0.11 0.03
Epoch 880 | Train: Loss=0.0208 Acc=99.7% | Test: Acc=6.8% | Best=7.0%(@700)
  from x3: 0.08 0.08 0.07 0.07 0.07 0.07 0.07 0.07 0.07 0.06 0.06 0.06 0.06
  per-rule acc: 0.11 0.03
Epoch 900 | Train: Loss=0.0016 Acc=99.9% | Test: Acc=6.9% | Best=7.0%(@700)
  from x3: 0.09 0.07 0.07 0.07 0.07 0.07 0.07 0.07 0.07 0.07 0.07 0.07 0.07
  per-rule acc: 0.11 0.03
Epoch 920 | Train: Loss=0.0024 Acc=99.9% | Test: Acc=7.2% | Best=7.2%(@920)
  from x3: 0.10 0.07 0.07 0.07 0.07 0.07 0.07 0.07 0.07 0.07 0.07 0.07 0.07
  per-rule acc: 0.12 0.03
Epoch 940 | Train: Loss=0.0117 Acc=99.8% | Test: Acc=6.5% | Best=7.2%(@920)
  from x3: 0.08 0.07 0.06 0.07 0.06 0.06 0.06 0.06 0.06 0.06 0.06 0.06 0.06
  per-rule acc: 0.10 0.03
Epoch 960 | Train: Loss=0.0033 Acc=99.9% | Test: Acc=7.0% | Best=7.2%(@920)
  from x3: 0.09 0.07 0.07 0.07 0.07 0.07 0.07 0.07 0.07 0.07 0.07 0.07 0.07
  per-rule acc: 0.11 0.03
Epoch 980 | Train: Loss=0.0104 Acc=99.8% | Test: Acc=7.2% | Best=7.2%(@920)
  from x3: 0.09 0.08 0.07 0.07 0.07 0.07 0.07 0.07 0.07 0.07 0.07 0.07 0.07
  per-rule acc: 0.11 0.03
Epoch 1000 | Train: Loss=0.0015 Acc=99.9% | Test: Acc=6.5% | Best=7.2%(@920)
  from x3: 0.09 0.07 0.06 0.06 0.06 0.06 0.06 0.06 0.06 0.06 0.06 0.06 0.06
  per-rule acc: 0.10 0.03
Epoch 1020 | Train: Loss=0.0470 Acc=99.8% | Test: Acc=7.1% | Best=7.2%(@920)
  from x3: 0.09 0.07 0.07 0.07 0.07 0.07 0.07 0.07 0.07 0.07 0.07 0.07 0.07
  per-rule acc: 0.12 0.03
Epoch 1040 | Train: Loss=0.0015 Acc=99.9% | Test: Acc=6.7% | Best=7.2%(@920)
  from x3: 0.09 0.07 0.07 0.07 0.07 0.07 0.07 0.07 0.06 0.06 0.06 0.06 0.06
  per-rule acc: 0.11 0.03
Epoch 1060 | Train: Loss=0.0095 Acc=99.8% | Test: Acc=7.3% | Best=7.3%(@1060)
  from x3: 0.09 0.08 0.07 0.07 0.08 0.07 0.07 0.07 0.07 0.07 0.07 0.07 0.07
  per-rule acc: 0.12 0.02
Epoch 1080 | Train: Loss=0.0015 Acc=99.9% | Test: Acc=7.1% | Best=7.3%(@1060)
  from x3: 0.09 0.08 0.07 0.07 0.07 0.07 0.07 0.07 0.07 0.07 0.07 0.07 0.07
  per-rule acc: 0.11 0.03
Epoch 1100 | Train: Loss=0.0109 Acc=99.8% | Test: Acc=6.6% | Best=7.3%(@1060)
  from x3: 0.09 0.07 0.07 0.07 0.06 0.06 0.06 0.06 0.06 0.06 0.06 0.06 0.06
  per-rule acc: 0.11 0.02
Epoch 1120 | Train: Loss=0.0016 Acc=99.9% | Test: Acc=6.8% | Best=7.3%(@1060)
  from x3: 0.09 0.07 0.06 0.07 0.07 0.07 0.07 0.07 0.07 0.07 0.06 0.06 0.06
  per-rule acc: 0.11 0.03
Epoch 1140 | Train: Loss=0.0088 Acc=99.8% | Test: Acc=6.9% | Best=7.3%(@1060)
  from x3: 0.09 0.07 0.07 0.07 0.07 0.07 0.07 0.07 0.07 0.07 0.07 0.06 0.06
  per-rule acc: 0.11 0.03
Epoch 1160 | Train: Loss=0.0015 Acc=99.9% | Test: Acc=7.0% | Best=7.3%(@1060)
  from x3: 0.09 0.08 0.07 0.07 0.07 0.07 0.07 0.07 0.07 0.07 0.06 0.07 0.06
  per-rule acc: 0.11 0.03
Epoch 1180 | Train: Loss=0.0050 Acc=99.9% | Test: Acc=7.4% | Best=7.4%(@1180)
  from x3: 0.09 0.08 0.07 0.07 0.07 0.07 0.07 0.07 0.07 0.07 0.07 0.07 0.07
  per-rule acc: 0.11 0.03
Epoch 1200 | Train: Loss=0.0016 Acc=99.9% | Test: Acc=6.8% | Best=7.4%(@1180)
  from x3: 0.09 0.07 0.06 0.07 0.06 0.07 0.07 0.07 0.07 0.07 0.07 0.07 0.06
  per-rule acc: 0.11 0.03
Epoch 1220 | Train: Loss=0.0074 Acc=99.8% | Test: Acc=7.4% | Best=7.4%(@1220)
  from x3: 0.09 0.08 0.07 0.07 0.07 0.07 0.07 0.07 0.07 0.07 0.07 0.07 0.07
  per-rule acc: 0.12 0.03
Epoch 1240 | Train: Loss=0.0014 Acc=99.9% | Test: Acc=7.2% | Best=7.4%(@1220)
  from x3: 0.09 0.08 0.07 0.07 0.07 0.07 0.07 0.07 0.07 0.07 0.07 0.07 0.07
  per-rule acc: 0.11 0.03
Epoch 1260 | Train: Loss=0.0178 Acc=99.6% | Test: Acc=6.4% | Best=7.4%(@1220)
  from x3: 0.09 0.07 0.06 0.06 0.06 0.06 0.06 0.06 0.06 0.06 0.06 0.06 0.06
  per-rule acc: 0.10 0.03
Epoch 1280 | Train: Loss=0.0015 Acc=99.9% | Test: Acc=7.1% | Best=7.4%(@1220)
  from x3: 0.09 0.08 0.07 0.07 0.07 0.07 0.07 0.07 0.07 0.07 0.07 0.07 0.07
  per-rule acc: 0.11 0.03
Epoch 1300 | Train: Loss=0.0247 Acc=99.5% | Test: Acc=6.9% | Best=7.4%(@1220)
  from x3: 0.09 0.08 0.07 0.07 0.07 0.07 0.07 0.07 0.07 0.07 0.07 0.06 0.06
  per-rule acc: 0.11 0.03
Epoch 1320 | Train: Loss=0.0018 Acc=99.9% | Test: Acc=7.1% | Best=7.4%(@1220)
  from x3: 0.09 0.08 0.07 0.07 0.07 0.07 0.07 0.07 0.07 0.07 0.07 0.07 0.07
  per-rule acc: 0.12 0.03
Epoch 1340 | Train: Loss=0.0612 Acc=99.7% | Test: Acc=6.4% | Best=7.4%(@1220)
  from x3: 0.09 0.07 0.06 0.06 0.06 0.06 0.06 0.06 0.06 0.06 0.06 0.06 0.06
  per-rule acc: 0.11 0.02
Epoch 1360 | Train: Loss=0.0026 Acc=99.9% | Test: Acc=7.1% | Best=7.4%(@1220)
  from x3: 0.09 0.08 0.07 0.07 0.07 0.07 0.07 0.07 0.07 0.07 0.07 0.07 0.07
  per-rule acc: 0.11 0.03
Epoch 1380 | Train: Loss=0.0067 Acc=99.8% | Test: Acc=7.1% | Best=7.4%(@1220)
  from x3: 0.09 0.07 0.07 0.07 0.07 0.07 0.07 0.07 0.07 0.07 0.07 0.07 0.07
  per-rule acc: 0.12 0.03
Epoch 1400 | Train: Loss=0.0016 Acc=99.9% | Test: Acc=7.0% | Best=7.4%(@1220)
  from x3: 0.09 0.08 0.07 0.07 0.07 0.07 0.07 0.07 0.07 0.07 0.07 0.06 0.07
  per-rule acc: 0.12 0.02
Epoch 1420 | Train: Loss=0.0022 Acc=99.9% | Test: Acc=7.1% | Best=7.4%(@1220)
  from x3: 0.09 0.08 0.07 0.07 0.07 0.07 0.07 0.07 0.07 0.07 0.07 0.07 0.07
  per-rule acc: 0.11 0.03
Epoch 1440 | Train: Loss=0.0065 Acc=99.9% | Test: Acc=7.0% | Best=7.4%(@1220)
  from x3: 0.09 0.08 0.07 0.07 0.07 0.07 0.07 0.07 0.07 0.07 0.06 0.06 0.07
  per-rule acc: 0.12 0.02
Epoch 1460 | Train: Loss=0.0015 Acc=99.9% | Test: Acc=6.9% | Best=7.4%(@1220)
  from x3: 0.09 0.07 0.06 0.07 0.07 0.07 0.07 0.07 0.07 0.07 0.06 0.06 0.07
  per-rule acc: 0.11 0.03
Epoch 1480 | Train: Loss=0.0015 Acc=99.9% | Test: Acc=7.0% | Best=7.4%(@1220)
  from x3: 0.09 0.07 0.07 0.07 0.07 0.07 0.07 0.07 0.07 0.07 0.07 0.07 0.07
  per-rule acc: 0.12 0.03
Epoch 1500 | Train: Loss=0.0014 Acc=99.9% | Test: Acc=6.4% | Best=7.4%(@1220)
  from x3: 0.09 0.07 0.07 0.06 0.06 0.06 0.06 0.06 0.06 0.06 0.06 0.06 0.06
  per-rule acc: 0.10 0.02
Epoch 1520 | Train: Loss=0.0055 Acc=99.9% | Test: Acc=6.4% | Best=7.4%(@1220)
  from x3: 0.09 0.07 0.06 0.06 0.07 0.06 0.06 0.06 0.06 0.06 0.06 0.06 0.06
  per-rule acc: 0.10 0.02
Epoch 1540 | Train: Loss=0.0016 Acc=99.9% | Test: Acc=6.9% | Best=7.4%(@1220)
  from x3: 0.09 0.07 0.07 0.07 0.07 0.07 0.07 0.07 0.07 0.07 0.07 0.07 0.06
  per-rule acc: 0.11 0.03
Epoch 1560 | Train: Loss=0.0452 Acc=99.5% | Test: Acc=6.7% | Best=7.4%(@1220)
  from x3: 0.09 0.07 0.07 0.07 0.07 0.07 0.06 0.06 0.07 0.06 0.06 0.06 0.06
  per-rule acc: 0.10 0.03
Epoch 1580 | Train: Loss=0.0016 Acc=99.9% | Test: Acc=6.7% | Best=7.4%(@1220)
  from x3: 0.09 0.07 0.07 0.07 0.07 0.07 0.06 0.06 0.06 0.06 0.06 0.06 0.07
  per-rule acc: 0.11 0.02
Epoch 1600 | Train: Loss=0.0136 Acc=99.7% | Test: Acc=6.9% | Best=7.4%(@1220)
  from x3: 0.09 0.08 0.07 0.07 0.07 0.07 0.07 0.07 0.07 0.07 0.07 0.07 0.07
  per-rule acc: 0.11 0.03
Epoch 1620 | Train: Loss=0.0016 Acc=99.9% | Test: Acc=7.0% | Best=7.4%(@1220)
  from x3: 0.09 0.08 0.07 0.07 0.07 0.07 0.07 0.07 0.07 0.07 0.06 0.06 0.07
  per-rule acc: 0.11 0.03
Epoch 1640 | Train: Loss=0.0032 Acc=99.9% | Test: Acc=6.9% | Best=7.4%(@1220)
  from x3: 0.09 0.08 0.07 0.07 0.07 0.07 0.07 0.07 0.07 0.07 0.07 0.07 0.07
  per-rule acc: 0.11 0.03
Epoch 1660 | Train: Loss=0.0015 Acc=99.9% | Test: Acc=6.7% | Best=7.4%(@1220)
  from x3: 0.09 0.08 0.07 0.07 0.07 0.06 0.07 0.06 0.06 0.06 0.06 0.06 0.06
  per-rule acc: 0.11 0.02
Epoch 1680 | Train: Loss=0.0069 Acc=99.9% | Test: Acc=6.7% | Best=7.4%(@1220)
  from x3: 0.09 0.07 0.07 0.07 0.07 0.07 0.06 0.06 0.06 0.06 0.06 0.06 0.06
  per-rule acc: 0.11 0.03
Epoch 1700 | Train: Loss=0.0015 Acc=99.9% | Test: Acc=7.0% | Best=7.4%(@1220)
  from x3: 0.09 0.08 0.07 0.07 0.07 0.07 0.07 0.07 0.07 0.07 0.07 0.07 0.07
  per-rule acc: 0.11 0.03
Epoch 1720 | Train: Loss=0.0015 Acc=99.9% | Test: Acc=7.8% | Best=7.8%(@1720)
  from x3: 0.10 0.08 0.07 0.07 0.08 0.08 0.08 0.08 0.08 0.08 0.08 0.08 0.07
  per-rule acc: 0.13 0.03
Epoch 1740 | Train: Loss=0.0042 Acc=99.9% | Test: Acc=6.7% | Best=7.8%(@1720)
  from x3: 0.09 0.07 0.07 0.06 0.07 0.07 0.07 0.07 0.07 0.06 0.06 0.06 0.06
  per-rule acc: 0.11 0.02
Epoch 1760 | Train: Loss=0.0015 Acc=99.9% | Test: Acc=7.4% | Best=7.8%(@1720)
  from x3: 0.09 0.08 0.08 0.08 0.07 0.07 0.07 0.07 0.07 0.07 0.07 0.07 0.07
  per-rule acc: 0.12 0.03
Epoch 1780 | Train: Loss=0.0019 Acc=99.9% | Test: Acc=7.4% | Best=7.8%(@1720)
  from x3: 0.09 0.08 0.07 0.07 0.07 0.07 0.07 0.07 0.07 0.07 0.07 0.07 0.07
  per-rule acc: 0.12 0.03
Epoch 1800 | Train: Loss=0.0014 Acc=99.9% | Test: Acc=7.2% | Best=7.8%(@1720)
  from x3: 0.10 0.07 0.07 0.07 0.07 0.07 0.07 0.07 0.07 0.07 0.07 0.07 0.07
  per-rule acc: 0.12 0.03
Epoch 1820 | Train: Loss=0.0042 Acc=99.9% | Test: Acc=7.3% | Best=7.8%(@1720)
  from x3: 0.09 0.07 0.07 0.07 0.07 0.07 0.07 0.07 0.07 0.07 0.07 0.07 0.07
  per-rule acc: 0.12 0.02
Epoch 1840 | Train: Loss=0.0017 Acc=99.9% | Test: Acc=7.3% | Best=7.8%(@1720)
  from x3: 0.09 0.08 0.07 0.07 0.07 0.07 0.07 0.07 0.07 0.07 0.07 0.07 0.07
  per-rule acc: 0.12 0.03
Epoch 1860 | Train: Loss=0.0412 Acc=99.8% | Test: Acc=6.2% | Best=7.8%(@1720)
  from x3: 0.08 0.07 0.06 0.06 0.06 0.06 0.06 0.06 0.06 0.06 0.06 0.06 0.06
  per-rule acc: 0.10 0.02
Epoch 1880 | Train: Loss=0.0016 Acc=99.9% | Test: Acc=7.1% | Best=7.8%(@1720)
  from x3: 0.09 0.07 0.07 0.07 0.07 0.07 0.07 0.07 0.07 0.07 0.07 0.07 0.07
  per-rule acc: 0.11 0.03
Epoch 1900 | Train: Loss=0.0018 Acc=99.9% | Test: Acc=7.7% | Best=7.8%(@1720)
  from x3: 0.09 0.08 0.08 0.08 0.08 0.08 0.08 0.08 0.08 0.07 0.07 0.07 0.07
  per-rule acc: 0.13 0.03
Epoch 1920 | Train: Loss=0.0014 Acc=99.9% | Test: Acc=7.1% | Best=7.8%(@1720)
  from x3: 0.09 0.08 0.07 0.07 0.07 0.07 0.07 0.07 0.07 0.07 0.07 0.07 0.07
  per-rule acc: 0.12 0.03
Epoch 1940 | Train: Loss=0.0017 Acc=99.9% | Test: Acc=7.0% | Best=7.8%(@1720)
  from x3: 0.09 0.08 0.07 0.07 0.07 0.07 0.07 0.07 0.07 0.06 0.07 0.07 0.07
  per-rule acc: 0.11 0.03
Epoch 1960 | Train: Loss=0.0016 Acc=99.9% | Test: Acc=7.3% | Best=7.8%(@1720)
  from x3: 0.09 0.08 0.07 0.07 0.07 0.07 0.07 0.07 0.07 0.07 0.07 0.07 0.07
  per-rule acc: 0.12 0.03
Epoch 1980 | Train: Loss=0.0018 Acc=99.9% | Test: Acc=7.2% | Best=7.8%(@1720)
  from x3: 0.09 0.08 0.07 0.07 0.07 0.07 0.07 0.07 0.07 0.07 0.07 0.07 0.07
  per-rule acc: 0.12 0.02
Epoch 2000 | Train: Loss=0.0015 Acc=99.9% | Test: Acc=7.0% | Best=7.8%(@1720)
  from x3: 0.09 0.08 0.07 0.07 0.07 0.07 0.07 0.07 0.07 0.07 0.06 0.07 0.06
  per-rule acc: 0.11 0.03
Epoch 2020 | Train: Loss=0.0019 Acc=99.9% | Test: Acc=7.1% | Best=7.8%(@1720)
  from x3: 0.09 0.08 0.07 0.07 0.07 0.07 0.07 0.07 0.07 0.07 0.07 0.07 0.07
  per-rule acc: 0.12 0.03
Epoch 2040 | Train: Loss=0.0016 Acc=99.9% | Test: Acc=7.3% | Best=7.8%(@1720)
  from x3: 0.09 0.08 0.07 0.07 0.07 0.07 0.07 0.07 0.07 0.07 0.07 0.07 0.07
  per-rule acc: 0.12 0.03
Epoch 2060 | Train: Loss=0.0115 Acc=99.8% | Test: Acc=6.8% | Best=7.8%(@1720)
  from x3: 0.09 0.07 0.07 0.07 0.07 0.07 0.07 0.07 0.07 0.06 0.06 0.06 0.06
  per-rule acc: 0.11 0.03
Epoch 2080 | Train: Loss=0.0016 Acc=99.9% | Test: Acc=7.3% | Best=7.8%(@1720)
  from x3: 0.10 0.08 0.07 0.07 0.07 0.07 0.07 0.07 0.07 0.07 0.07 0.07 0.07
  per-rule acc: 0.12 0.03
Epoch 2100 | Train: Loss=0.0248 Acc=99.6% | Test: Acc=6.5% | Best=7.8%(@1720)
  from x3: 0.09 0.07 0.06 0.06 0.06 0.06 0.06 0.06 0.06 0.06 0.06 0.06 0.06
  per-rule acc: 0.11 0.02
Epoch 2120 | Train: Loss=0.0029 Acc=99.9% | Test: Acc=6.9% | Best=7.8%(@1720)
  from x3: 0.09 0.08 0.07 0.07 0.07 0.07 0.07 0.07 0.07 0.07 0.07 0.07 0.07
  per-rule acc: 0.11 0.03
Epoch 2140 | Train: Loss=0.0048 Acc=99.9% | Test: Acc=7.2% | Best=7.8%(@1720)
  from x3: 0.09 0.08 0.07 0.07 0.07 0.07 0.07 0.07 0.07 0.07 0.07 0.07 0.07
  per-rule acc: 0.12 0.03
Epoch 2160 | Train: Loss=0.0013 Acc=99.9% | Test: Acc=7.0% | Best=7.8%(@1720)
  from x3: 0.09 0.07 0.07 0.07 0.07 0.07 0.07 0.07 0.07 0.07 0.07 0.07 0.06
  per-rule acc: 0.11 0.03
Epoch 2180 | Train: Loss=0.0279 Acc=99.7% | Test: Acc=6.7% | Best=7.8%(@1720)
  from x3: 0.09 0.07 0.07 0.07 0.07 0.07 0.07 0.07 0.06 0.06 0.06 0.06 0.07
  per-rule acc: 0.11 0.02
Epoch 2200 | Train: Loss=0.0015 Acc=99.9% | Test: Acc=7.2% | Best=7.8%(@1720)
  from x3: 0.09 0.08 0.07 0.07 0.07 0.07 0.07 0.07 0.07 0.07 0.07 0.07 0.07
  per-rule acc: 0.12 0.03
Epoch 2220 | Train: Loss=0.0064 Acc=99.9% | Test: Acc=7.0% | Best=7.8%(@1720)
  from x3: 0.09 0.07 0.07 0.07 0.07 0.07 0.07 0.07 0.07 0.07 0.07 0.07 0.07
  per-rule acc: 0.11 0.03
Epoch 2240 | Train: Loss=0.0013 Acc=99.9% | Test: Acc=7.2% | Best=7.8%(@1720)
  from x3: 0.09 0.07 0.07 0.07 0.07 0.07 0.07 0.07 0.07 0.07 0.07 0.07 0.07
  per-rule acc: 0.11 0.03
Epoch 2260 | Train: Loss=0.0016 Acc=99.9% | Test: Acc=7.2% | Best=7.8%(@1720)
  from x3: 0.09 0.08 0.07 0.07 0.07 0.07 0.07 0.07 0.07 0.07 0.07 0.07 0.07
  per-rule acc: 0.12 0.03
Epoch 2280 | Train: Loss=0.0016 Acc=99.9% | Test: Acc=7.0% | Best=7.8%(@1720)
  from x3: 0.09 0.08 0.07 0.07 0.07 0.07 0.07 0.07 0.07 0.07 0.07 0.07 0.07
  per-rule acc: 0.12 0.02
Epoch 2300 | Train: Loss=0.0018 Acc=99.9% | Test: Acc=7.0% | Best=7.8%(@1720)
  from x3: 0.09 0.08 0.07 0.07 0.07 0.07 0.07 0.07 0.07 0.07 0.07 0.07 0.07
  per-rule acc: 0.11 0.03
Epoch 2320 | Train: Loss=0.0023 Acc=99.9% | Test: Acc=7.0% | Best=7.8%(@1720)
  from x3: 0.09 0.08 0.07 0.07 0.07 0.07 0.07 0.07 0.07 0.07 0.07 0.07 0.07
  per-rule acc: 0.11 0.03
Epoch 2340 | Train: Loss=0.0329 Acc=99.7% | Test: Acc=6.4% | Best=7.8%(@1720)
  from x3: 0.08 0.07 0.06 0.06 0.06 0.06 0.06 0.06 0.06 0.06 0.06 0.06 0.06
  per-rule acc: 0.10 0.03
Epoch 2360 | Train: Loss=0.0015 Acc=99.9% | Test: Acc=7.0% | Best=7.8%(@1720)
  from x3: 0.09 0.08 0.07 0.07 0.07 0.07 0.07 0.07 0.07 0.07 0.07 0.07 0.07
  per-rule acc: 0.11 0.03
Epoch 2380 | Train: Loss=0.0249 Acc=99.6% | Test: Acc=6.7% | Best=7.8%(@1720)
  from x3: 0.09 0.07 0.07 0.07 0.07 0.07 0.07 0.07 0.07 0.06 0.06 0.06 0.06
  per-rule acc: 0.11 0.03
Epoch 2400 | Train: Loss=0.0014 Acc=99.9% | Test: Acc=7.4% | Best=7.8%(@1720)
  from x3: 0.10 0.08 0.07 0.07 0.07 0.07 0.07 0.07 0.07 0.07 0.07 0.07 0.07
  per-rule acc: 0.12 0.03
Epoch 2420 | Train: Loss=0.0064 Acc=99.9% | Test: Acc=7.0% | Best=7.8%(@1720)
  from x3: 0.09 0.07 0.07 0.07 0.07 0.07 0.07 0.07 0.07 0.07 0.07 0.07 0.07
  per-rule acc: 0.11 0.03
Epoch 2440 | Train: Loss=0.0013 Acc=99.9% | Test: Acc=7.0% | Best=7.8%(@1720)
  from x3: 0.09 0.08 0.07 0.07 0.07 0.07 0.07 0.07 0.07 0.07 0.07 0.07 0.07
  per-rule acc: 0.11 0.03
Epoch 2460 | Train: Loss=0.0100 Acc=99.8% | Test: Acc=7.3% | Best=7.8%(@1720)
  from x3: 0.10 0.08 0.07 0.07 0.07 0.07 0.07 0.07 0.07 0.07 0.07 0.07 0.07
  per-rule acc: 0.12 0.02
Epoch 2480 | Train: Loss=0.0018 Acc=99.9% | Test: Acc=6.8% | Best=7.8%(@1720)
  from x3: 0.09 0.07 0.06 0.07 0.07 0.06 0.07 0.07 0.07 0.07 0.07 0.07 0.06
  per-rule acc: 0.11 0.03
Epoch 2500 | Train: Loss=0.0046 Acc=99.9% | Test: Acc=7.0% | Best=7.8%(@1720)
  from x3: 0.09 0.07 0.07 0.07 0.07 0.07 0.07 0.07 0.07 0.07 0.07 0.07 0.07
  per-rule acc: 0.11 0.03
Epoch 2520 | Train: Loss=0.0013 Acc=99.9% | Test: Acc=6.8% | Best=7.8%(@1720)
  from x3: 0.09 0.07 0.07 0.07 0.07 0.07 0.06 0.07 0.07 0.06 0.06 0.07 0.06
  per-rule acc: 0.11 0.03
Epoch 2540 | Train: Loss=0.0038 Acc=99.9% | Test: Acc=6.6% | Best=7.8%(@1720)
  from x3: 0.08 0.07 0.06 0.06 0.07 0.07 0.07 0.07 0.07 0.06 0.06 0.06 0.06
  per-rule acc: 0.11 0.02
Epoch 2560 | Train: Loss=0.0013 Acc=99.9% | Test: Acc=7.4% | Best=7.8%(@1720)
  from x3: 0.10 0.08 0.07 0.07 0.07 0.07 0.07 0.07 0.07 0.07 0.07 0.07 0.07
  per-rule acc: 0.12 0.03
Epoch 2580 | Train: Loss=0.0027 Acc=99.9% | Test: Acc=7.1% | Best=7.8%(@1720)
  from x3: 0.09 0.08 0.07 0.07 0.07 0.07 0.07 0.07 0.07 0.07 0.07 0.07 0.07
  per-rule acc: 0.11 0.03
Epoch 2600 | Train: Loss=0.0014 Acc=99.9% | Test: Acc=7.1% | Best=7.8%(@1720)
  from x3: 0.09 0.08 0.07 0.07 0.07 0.07 0.07 0.07 0.07 0.07 0.07 0.07 0.07
  per-rule acc: 0.11 0.03
Epoch 2620 | Train: Loss=0.0014 Acc=99.9% | Test: Acc=7.1% | Best=7.8%(@1720)
  from x3: 0.09 0.08 0.07 0.07 0.07 0.07 0.07 0.07 0.07 0.07 0.07 0.07 0.06
  per-rule acc: 0.11 0.03
Epoch 2640 | Train: Loss=0.0053 Acc=99.9% | Test: Acc=6.8% | Best=7.8%(@1720)
  from x3: 0.09 0.07 0.07 0.07 0.07 0.07 0.07 0.06 0.07 0.06 0.06 0.06 0.06
  per-rule acc: 0.11 0.02
Epoch 2660 | Train: Loss=0.0015 Acc=99.9% | Test: Acc=7.3% | Best=7.8%(@1720)
  from x3: 0.09 0.08 0.07 0.07 0.07 0.07 0.07 0.07 0.07 0.07 0.07 0.07 0.07
  per-rule acc: 0.12 0.03
Epoch 2680 | Train: Loss=0.0083 Acc=99.8% | Test: Acc=7.2% | Best=7.8%(@1720)
  from x3: 0.09 0.08 0.07 0.07 0.07 0.07 0.07 0.07 0.07 0.07 0.07 0.07 0.07
  per-rule acc: 0.11 0.03
Epoch 2700 | Train: Loss=0.0013 Acc=99.9% | Test: Acc=7.0% | Best=7.8%(@1720)
  from x3: 0.09 0.08 0.07 0.07 0.07 0.07 0.07 0.07 0.07 0.07 0.07 0.07 0.07
  per-rule acc: 0.11 0.03
Epoch 2720 | Train: Loss=0.0266 Acc=99.6% | Test: Acc=6.3% | Best=7.8%(@1720)
  from x3: 0.08 0.06 0.06 0.06 0.06 0.06 0.06 0.06 0.06 0.06 0.06 0.06 0.06
  per-rule acc: 0.10 0.03
Epoch 2740 | Train: Loss=0.0013 Acc=99.9% | Test: Acc=7.1% | Best=7.8%(@1720)
  from x3: 0.10 0.08 0.07 0.07 0.07 0.07 0.07 0.07 0.07 0.07 0.07 0.07 0.07
  per-rule acc: 0.11 0.03
Epoch 2760 | Train: Loss=0.0260 Acc=99.5% | Test: Acc=7.1% | Best=7.8%(@1720)
  from x3: 0.09 0.07 0.07 0.07 0.07 0.07 0.07 0.07 0.07 0.07 0.07 0.07 0.07
  per-rule acc: 0.11 0.03
Epoch 2780 | Train: Loss=0.0013 Acc=99.9% | Test: Acc=7.2% | Best=7.8%(@1720)
  from x3: 0.10 0.08 0.07 0.07 0.07 0.07 0.07 0.07 0.07 0.07 0.07 0.07 0.07
  per-rule acc: 0.11 0.03
Epoch 2800 | Train: Loss=0.0071 Acc=99.8% | Test: Acc=7.2% | Best=7.8%(@1720)
  from x3: 0.09 0.08 0.07 0.07 0.07 0.07 0.07 0.07 0.07 0.07 0.07 0.07 0.07
  per-rule acc: 0.11 0.03
Epoch 2820 | Train: Loss=0.0014 Acc=99.9% | Test: Acc=7.2% | Best=7.8%(@1720)
  from x3: 0.09 0.07 0.07 0.07 0.07 0.07 0.07 0.07 0.07 0.07 0.07 0.07 0.07
  per-rule acc: 0.11 0.03
Epoch 2840 | Train: Loss=0.0100 Acc=99.8% | Test: Acc=7.3% | Best=7.8%(@1720)
  from x3: 0.09 0.08 0.07 0.07 0.07 0.07 0.07 0.07 0.07 0.07 0.07 0.07 0.07
  per-rule acc: 0.12 0.03
Epoch 2860 | Train: Loss=0.0016 Acc=99.9% | Test: Acc=7.3% | Best=7.8%(@1720)
  from x3: 0.09 0.08 0.07 0.07 0.07 0.07 0.07 0.07 0.07 0.07 0.07 0.07 0.07
  per-rule acc: 0.12 0.03
Epoch 2880 | Train: Loss=0.0096 Acc=99.8% | Test: Acc=7.5% | Best=7.8%(@1720)
  from x3: 0.10 0.08 0.07 0.07 0.07 0.07 0.07 0.07 0.07 0.07 0.07 0.07 0.07
  per-rule acc: 0.12 0.03
Epoch 2900 | Train: Loss=0.0015 Acc=99.9% | Test: Acc=7.3% | Best=7.8%(@1720)
  from x3: 0.10 0.08 0.07 0.07 0.07 0.07 0.07 0.07 0.07 0.07 0.07 0.07 0.07
  per-rule acc: 0.12 0.03
Epoch 2920 | Train: Loss=0.0024 Acc=99.9% | Test: Acc=7.1% | Best=7.8%(@1720)
  from x3: 0.09 0.08 0.07 0.07 0.07 0.07 0.07 0.07 0.07 0.07 0.07 0.07 0.07
  per-rule acc: 0.12 0.03
Epoch 2940 | Train: Loss=0.0016 Acc=99.9% | Test: Acc=7.1% | Best=7.8%(@1720)
  from x3: 0.09 0.08 0.07 0.07 0.07 0.07 0.07 0.07 0.07 0.07 0.07 0.07 0.07
  per-rule acc: 0.11 0.03
Epoch 2960 | Train: Loss=0.0028 Acc=99.9% | Test: Acc=7.0% | Best=7.8%(@1720)
  from x3: 0.09 0.07 0.07 0.07 0.07 0.07 0.07 0.07 0.07 0.07 0.07 0.06 0.07
  per-rule acc: 0.11 0.03
Epoch 2980 | Train: Loss=0.0016 Acc=99.9% | Test: Acc=7.4% | Best=7.8%(@1720)
  from x3: 0.09 0.08 0.07 0.07 0.07 0.07 0.07 0.07 0.07 0.07 0.07 0.07 0.07
  per-rule acc: 0.12 0.03
Epoch 3000 | Train: Loss=0.0040 Acc=99.9% | Test: Acc=7.6% | Best=7.8%(@1720)
  from x3: 0.09 0.08 0.08 0.08 0.08 0.08 0.07 0.07 0.07 0.07 0.07 0.07 0.07
  per-rule acc: 0.12 0.03
Epoch 3020 | Train: Loss=0.0016 Acc=99.9% | Test: Acc=7.4% | Best=7.8%(@1720)
  from x3: 0.10 0.08 0.07 0.07 0.07 0.07 0.07 0.07 0.07 0.07 0.07 0.07 0.07
  per-rule acc: 0.12 0.03
Epoch 3040 | Train: Loss=0.0014 Acc=99.9% | Test: Acc=7.4% | Best=7.8%(@1720)
  from x3: 0.09 0.08 0.07 0.07 0.07 0.07 0.07 0.07 0.07 0.07 0.07 0.07 0.07
  per-rule acc: 0.12 0.03
Epoch 3060 | Train: Loss=0.0016 Acc=99.9% | Test: Acc=7.4% | Best=7.8%(@1720)
  from x3: 0.09 0.08 0.07 0.07 0.07 0.08 0.07 0.07 0.07 0.07 0.07 0.07 0.07
  per-rule acc: 0.12 0.03
Epoch 3080 | Train: Loss=0.0014 Acc=99.9% | Test: Acc=7.1% | Best=7.8%(@1720)
  from x3: 0.10 0.08 0.07 0.07 0.07 0.07 0.07 0.07 0.07 0.07 0.07 0.07 0.06
  per-rule acc: 0.12 0.03
Epoch 3100 | Train: Loss=0.0017 Acc=99.9% | Test: Acc=7.1% | Best=7.8%(@1720)
  from x3: 0.09 0.08 0.07 0.07 0.07 0.07 0.07 0.07 0.07 0.07 0.07 0.07 0.06
  per-rule acc: 0.12 0.03
Epoch 3120 | Train: Loss=0.0056 Acc=99.9% | Test: Acc=7.4% | Best=7.8%(@1720)
  from x3: 0.10 0.08 0.07 0.07 0.07 0.07 0.07 0.07 0.07 0.07 0.07 0.07 0.07
  per-rule acc: 0.12 0.03
Epoch 3140 | Train: Loss=0.0017 Acc=99.9% | Test: Acc=7.0% | Best=7.8%(@1720)
  from x3: 0.09 0.08 0.07 0.07 0.07 0.07 0.07 0.07 0.07 0.07 0.07 0.07 0.07
  per-rule acc: 0.12 0.02
Epoch 3160 | Train: Loss=0.0151 Acc=99.8% | Test: Acc=7.0% | Best=7.8%(@1720)
  from x3: 0.09 0.08 0.07 0.07 0.07 0.07 0.07 0.07 0.07 0.07 0.07 0.07 0.07
  per-rule acc: 0.11 0.03
Epoch 3180 | Train: Loss=0.0014 Acc=99.9% | Test: Acc=7.2% | Best=7.8%(@1720)
  from x3: 0.09 0.08 0.07 0.07 0.07 0.07 0.07 0.07 0.07 0.07 0.07 0.07 0.07
  per-rule acc: 0.12 0.03
Epoch 3200 | Train: Loss=0.0017 Acc=99.9% | Test: Acc=7.3% | Best=7.8%(@1720)
  from x3: 0.09 0.08 0.07 0.07 0.07 0.07 0.07 0.07 0.07 0.07 0.07 0.07 0.07
  per-rule acc: 0.12 0.03
Epoch 3220 | Train: Loss=0.0031 Acc=99.9% | Test: Acc=7.0% | Best=7.8%(@1720)
  from x3: 0.09 0.07 0.07 0.07 0.07 0.07 0.07 0.07 0.07 0.07 0.07 0.07 0.07
  per-rule acc: 0.11 0.03
Epoch 3240 | Train: Loss=0.0015 Acc=99.9% | Test: Acc=7.3% | Best=7.8%(@1720)
  from x3: 0.10 0.08 0.07 0.07 0.07 0.07 0.07 0.07 0.07 0.07 0.07 0.07 0.07
  per-rule acc: 0.12 0.03
Epoch 3260 | Train: Loss=0.0041 Acc=99.9% | Test: Acc=7.3% | Best=7.8%(@1720)
  from x3: 0.10 0.08 0.07 0.07 0.07 0.07 0.07 0.07 0.07 0.07 0.07 0.07 0.07
  per-rule acc: 0.12 0.03
Epoch 3280 | Train: Loss=0.0015 Acc=99.9% | Test: Acc=7.2% | Best=7.8%(@1720)
  from x3: 0.10 0.08 0.07 0.07 0.07 0.07 0.07 0.07 0.07 0.07 0.07 0.07 0.07
  per-rule acc: 0.12 0.02
Epoch 3300 | Train: Loss=0.0099 Acc=99.8% | Test: Acc=7.0% | Best=7.8%(@1720)
  from x3: 0.09 0.07 0.07 0.07 0.07 0.07 0.07 0.07 0.07 0.07 0.07 0.07 0.07
  per-rule acc: 0.11 0.03
Epoch 3320 | Train: Loss=0.0015 Acc=99.9% | Test: Acc=7.0% | Best=7.8%(@1720)
  from x3: 0.09 0.08 0.07 0.07 0.07 0.07 0.07 0.07 0.07 0.07 0.07 0.07 0.07
  per-rule acc: 0.11 0.03
Epoch 3340 | Train: Loss=0.0145 Acc=99.8% | Test: Acc=6.5% | Best=7.8%(@1720)
  from x3: 0.09 0.07 0.07 0.07 0.06 0.06 0.06 0.06 0.06 0.06 0.06 0.06 0.06
  per-rule acc: 0.11 0.02
Epoch 3360 | Train: Loss=0.0014 Acc=99.9% | Test: Acc=6.7% | Best=7.8%(@1720)
  from x3: 0.09 0.07 0.07 0.07 0.07 0.07 0.06 0.06 0.06 0.06 0.06 0.06 0.06
  per-rule acc: 0.11 0.03
Epoch 3380 | Train: Loss=0.0080 Acc=99.9% | Test: Acc=7.0% | Best=7.8%(@1720)
  from x3: 0.09 0.07 0.07 0.07 0.07 0.07 0.07 0.07 0.07 0.07 0.07 0.06 0.06
  per-rule acc: 0.11 0.03
Epoch 3400 | Train: Loss=0.0014 Acc=99.9% | Test: Acc=6.9% | Best=7.8%(@1720)
  from x3: 0.09 0.07 0.07 0.07 0.07 0.07 0.07 0.07 0.07 0.06 0.06 0.06 0.06
  per-rule acc: 0.11 0.03
Epoch 3420 | Train: Loss=0.0034 Acc=99.9% | Test: Acc=7.1% | Best=7.8%(@1720)
  from x3: 0.09 0.07 0.07 0.07 0.07 0.07 0.07 0.07 0.07 0.07 0.07 0.07 0.07
  per-rule acc: 0.12 0.02
Epoch 3440 | Train: Loss=0.0013 Acc=99.9% | Test: Acc=6.8% | Best=7.8%(@1720)
  from x3: 0.09 0.07 0.07 0.06 0.07 0.07 0.07 0.07 0.07 0.06 0.06 0.06 0.06
  per-rule acc: 0.11 0.03
Epoch 3460 | Train: Loss=0.0015 Acc=99.9% | Test: Acc=6.8% | Best=7.8%(@1720)
  from x3: 0.09 0.07 0.07 0.07 0.07 0.07 0.07 0.07 0.07 0.07 0.06 0.06 0.07
  per-rule acc: 0.11 0.03
Epoch 3480 | Train: Loss=0.0016 Acc=99.9% | Test: Acc=6.8% | Best=7.8%(@1720)
  from x3: 0.10 0.08 0.07 0.07 0.06 0.07 0.07 0.07 0.06 0.06 0.06 0.06 0.06
  per-rule acc: 0.11 0.03
Epoch 3500 | Train: Loss=0.0015 Acc=99.9% | Test: Acc=6.8% | Best=7.8%(@1720)
  from x3: 0.09 0.08 0.07 0.07 0.07 0.07 0.07 0.07 0.06 0.06 0.06 0.06 0.06
  per-rule acc: 0.11 0.02
Epoch 3520 | Train: Loss=0.0032 Acc=99.9% | Test: Acc=6.8% | Best=7.8%(@1720)
  from x3: 0.09 0.07 0.07 0.07 0.07 0.07 0.07 0.07 0.07 0.07 0.06 0.06 0.06
  per-rule acc: 0.11 0.02
Epoch 3540 | Train: Loss=0.0014 Acc=99.9% | Test: Acc=7.1% | Best=7.8%(@1720)
  from x3: 0.09 0.08 0.07 0.07 0.07 0.07 0.07 0.07 0.07 0.07 0.07 0.07 0.07
  per-rule acc: 0.11 0.03
Epoch 3560 | Train: Loss=0.0016 Acc=99.9% | Test: Acc=7.0% | Best=7.8%(@1720)
  from x3: 0.09 0.08 0.07 0.07 0.07 0.07 0.07 0.07 0.07 0.07 0.07 0.07 0.06
  per-rule acc: 0.11 0.03
Epoch 3580 | Train: Loss=0.0029 Acc=99.9% | Test: Acc=6.9% | Best=7.8%(@1720)
  from x3: 0.09 0.07 0.07 0.07 0.07 0.07 0.07 0.07 0.07 0.07 0.06 0.06 0.06
  per-rule acc: 0.11 0.03
Epoch 3600 | Train: Loss=0.0015 Acc=99.9% | Test: Acc=6.6% | Best=7.8%(@1720)
  from x3: 0.09 0.07 0.06 0.07 0.06 0.07 0.07 0.07 0.06 0.06 0.06 0.06 0.06
  per-rule acc: 0.11 0.02
Epoch 3620 | Train: Loss=0.0311 Acc=99.6% | Test: Acc=7.0% | Best=7.8%(@1720)
  from x3: 0.09 0.07 0.07 0.07 0.07 0.07 0.07 0.07 0.07 0.07 0.07 0.07 0.07
  per-rule acc: 0.11 0.03
Epoch 3640 | Train: Loss=0.0014 Acc=99.9% | Test: Acc=7.0% | Best=7.8%(@1720)
  from x3: 0.09 0.07 0.07 0.07 0.07 0.07 0.07 0.07 0.07 0.07 0.07 0.07 0.07
  per-rule acc: 0.11 0.03
Epoch 3660 | Train: Loss=0.0022 Acc=99.9% | Test: Acc=7.1% | Best=7.8%(@1720)
  from x3: 0.09 0.08 0.07 0.07 0.07 0.07 0.07 0.07 0.07 0.07 0.07 0.07 0.07
  per-rule acc: 0.11 0.03
Epoch 3680 | Train: Loss=0.0015 Acc=99.9% | Test: Acc=7.0% | Best=7.8%(@1720)
  from x3: 0.10 0.07 0.07 0.07 0.07 0.07 0.07 0.07 0.07 0.07 0.07 0.07 0.07
  per-rule acc: 0.11 0.03
Epoch 3700 | Train: Loss=0.0014 Acc=99.9% | Test: Acc=6.8% | Best=7.8%(@1720)
  from x3: 0.09 0.07 0.07 0.07 0.07 0.07 0.07 0.07 0.06 0.07 0.06 0.06 0.06
  per-rule acc: 0.11 0.03
Epoch 3720 | Train: Loss=0.0170 Acc=99.7% | Test: Acc=6.6% | Best=7.8%(@1720)
  from x3: 0.09 0.07 0.07 0.06 0.06 0.06 0.06 0.06 0.06 0.06 0.06 0.06 0.06
  per-rule acc: 0.10 0.03
Epoch 3740 | Train: Loss=0.0013 Acc=99.9% | Test: Acc=6.7% | Best=7.8%(@1720)
  from x3: 0.09 0.07 0.07 0.07 0.07 0.07 0.07 0.07 0.06 0.06 0.06 0.06 0.06
  per-rule acc: 0.10 0.03
Epoch 3760 | Train: Loss=0.0076 Acc=99.8% | Test: Acc=7.0% | Best=7.8%(@1720)
  from x3: 0.09 0.07 0.07 0.07 0.07 0.07 0.07 0.07 0.07 0.07 0.07 0.07 0.07
  per-rule acc: 0.11 0.03
Epoch 3780 | Train: Loss=0.0012 Acc=99.9% | Test: Acc=7.1% | Best=7.8%(@1720)
  from x3: 0.09 0.08 0.07 0.07 0.07 0.07 0.07 0.07 0.07 0.07 0.07 0.07 0.07
  per-rule acc: 0.11 0.03
Epoch 3800 | Train: Loss=0.0014 Acc=99.9% | Test: Acc=6.9% | Best=7.8%(@1720)
  from x3: 0.09 0.08 0.07 0.07 0.07 0.07 0.07 0.07 0.07 0.07 0.07 0.07 0.07
  per-rule acc: 0.11 0.03
Epoch 3820 | Train: Loss=0.0045 Acc=99.9% | Test: Acc=6.8% | Best=7.8%(@1720)
  from x3: 0.09 0.07 0.07 0.07 0.07 0.07 0.07 0.07 0.07 0.07 0.06 0.06 0.06
  per-rule acc: 0.11 0.03
Epoch 3840 | Train: Loss=0.0014 Acc=99.9% | Test: Acc=6.6% | Best=7.8%(@1720)
  from x3: 0.09 0.07 0.06 0.06 0.06 0.06 0.06 0.06 0.06 0.06 0.06 0.06 0.06
  per-rule acc: 0.11 0.03
Epoch 3860 | Train: Loss=0.0018 Acc=99.9% | Test: Acc=6.5% | Best=7.8%(@1720)
  from x3: 0.09 0.07 0.06 0.06 0.06 0.06 0.06 0.06 0.06 0.06 0.06 0.06 0.06
  per-rule acc: 0.10 0.03
Epoch 3880 | Train: Loss=0.0021 Acc=99.9% | Test: Acc=7.1% | Best=7.8%(@1720)
  from x3: 0.10 0.08 0.07 0.07 0.07 0.07 0.07 0.07 0.07 0.07 0.07 0.07 0.07
  per-rule acc: 0.11 0.03
Epoch 3900 | Train: Loss=0.0016 Acc=99.9% | Test: Acc=6.8% | Best=7.8%(@1720)
  from x3: 0.09 0.07 0.07 0.07 0.07 0.07 0.07 0.07 0.07 0.07 0.07 0.07 0.06
  per-rule acc: 0.11 0.03
Epoch 3920 | Train: Loss=0.0037 Acc=99.9% | Test: Acc=6.6% | Best=7.8%(@1720)
  from x3: 0.09 0.07 0.07 0.06 0.06 0.06 0.06 0.06 0.06 0.06 0.06 0.06 0.06
  per-rule acc: 0.11 0.03
Epoch 3940 | Train: Loss=0.0089 Acc=99.8% | Test: Acc=6.4% | Best=7.8%(@1720)
  from x3: 0.09 0.07 0.07 0.06 0.06 0.06 0.06 0.06 0.06 0.06 0.06 0.06 0.06
  per-rule acc: 0.10 0.03
Epoch 3960 | Train: Loss=0.0012 Acc=99.9% | Test: Acc=6.7% | Best=7.8%(@1720)
  from x3: 0.09 0.07 0.07 0.07 0.07 0.06 0.06 0.06 0.06 0.06 0.06 0.06 0.06
  per-rule acc: 0.11 0.03
Epoch 3980 | Train: Loss=0.0015 Acc=99.9% | Test: Acc=6.6% | Best=7.8%(@1720)
  from x3: 0.08 0.07 0.07 0.07 0.07 0.06 0.06 0.06 0.06 0.06 0.06 0.06 0.06
  per-rule acc: 0.11 0.02
Epoch 4000 | Train: Loss=0.0015 Acc=99.9% | Test: Acc=7.0% | Best=7.8%(@1720)
  from x3: 0.09 0.08 0.07 0.07 0.07 0.07 0.07 0.07 0.07 0.07 0.07 0.07 0.07
  per-rule acc: 0.11 0.03
Epoch 4020 | Train: Loss=0.0014 Acc=99.9% | Test: Acc=6.7% | Best=7.8%(@1720)
  from x3: 0.09 0.07 0.06 0.07 0.07 0.06 0.07 0.07 0.06 0.06 0.06 0.06 0.06
  per-rule acc: 0.11 0.03
Epoch 4040 | Train: Loss=0.0039 Acc=99.9% | Test: Acc=6.4% | Best=7.8%(@1720)
  from x3: 0.09 0.07 0.06 0.06 0.06 0.06 0.06 0.06 0.06 0.06 0.06 0.06 0.06
  per-rule acc: 0.10 0.03
Epoch 4060 | Train: Loss=0.0015 Acc=99.9% | Test: Acc=6.4% | Best=7.8%(@1720)
  from x3: 0.09 0.07 0.06 0.06 0.06 0.06 0.06 0.06 0.06 0.06 0.06 0.06 0.06
  per-rule acc: 0.10 0.03
Epoch 4080 | Train: Loss=0.0203 Acc=99.9% | Test: Acc=6.6% | Best=7.8%(@1720)
  from x3: 0.09 0.07 0.06 0.07 0.06 0.06 0.06 0.06 0.06 0.06 0.06 0.06 0.06
  per-rule acc: 0.11 0.02
Epoch 4100 | Train: Loss=0.0013 Acc=99.9% | Test: Acc=6.8% | Best=7.8%(@1720)
  from x3: 0.09 0.07 0.07 0.07 0.07 0.07 0.07 0.07 0.07 0.06 0.06 0.06 0.06
  per-rule acc: 0.11 0.03
Epoch 4120 | Train: Loss=0.0015 Acc=99.9% | Test: Acc=6.8% | Best=7.8%(@1720)
  from x3: 0.09 0.07 0.07 0.07 0.07 0.07 0.07 0.06 0.07 0.07 0.07 0.07 0.07
  per-rule acc: 0.11 0.03
Epoch 4140 | Train: Loss=0.0103 Acc=99.8% | Test: Acc=6.9% | Best=7.8%(@1720)
  from x3: 0.09 0.07 0.06 0.06 0.07 0.07 0.07 0.07 0.07 0.07 0.07 0.07 0.07
  per-rule acc: 0.11 0.03
Epoch 4160 | Train: Loss=0.0013 Acc=99.9% | Test: Acc=6.7% | Best=7.8%(@1720)
  from x3: 0.09 0.07 0.07 0.07 0.07 0.07 0.07 0.06 0.06 0.06 0.06 0.06 0.06
  per-rule acc: 0.11 0.03
Epoch 4180 | Train: Loss=0.0016 Acc=99.9% | Test: Acc=6.6% | Best=7.8%(@1720)
  from x3: 0.08 0.07 0.07 0.06 0.07 0.07 0.07 0.06 0.06 0.06 0.06 0.06 0.06
  per-rule acc: 0.10 0.03
Epoch 4200 | Train: Loss=0.0082 Acc=99.8% | Test: Acc=6.9% | Best=7.8%(@1720)
  from x3: 0.09 0.07 0.07 0.07 0.07 0.07 0.07 0.07 0.06 0.06 0.06 0.06 0.06
  per-rule acc: 0.11 0.03
Epoch 4220 | Train: Loss=0.0014 Acc=99.9% | Test: Acc=6.5% | Best=7.8%(@1720)
  from x3: 0.09 0.07 0.07 0.07 0.07 0.06 0.06 0.06 0.06 0.06 0.06 0.06 0.06
  per-rule acc: 0.10 0.03
Epoch 4240 | Train: Loss=0.0021 Acc=99.9% | Test: Acc=6.5% | Best=7.8%(@1720)
  from x3: 0.08 0.07 0.06 0.06 0.06 0.06 0.06 0.06 0.06 0.06 0.06 0.06 0.06
  per-rule acc: 0.10 0.03
Epoch 4260 | Train: Loss=0.0016 Acc=99.9% | Test: Acc=6.9% | Best=7.8%(@1720)
  from x3: 0.09 0.08 0.07 0.07 0.07 0.07 0.07 0.07 0.07 0.07 0.06 0.06 0.07
  per-rule acc: 0.11 0.03
Epoch 4280 | Train: Loss=0.0015 Acc=99.9% | Test: Acc=6.3% | Best=7.8%(@1720)
  from x3: 0.08 0.07 0.06 0.06 0.06 0.06 0.06 0.06 0.06 0.06 0.06 0.06 0.06
  per-rule acc: 0.10 0.03
Epoch 4300 | Train: Loss=0.0016 Acc=99.9% | Test: Acc=6.3% | Best=7.8%(@1720)
  from x3: 0.08 0.07 0.06 0.06 0.06 0.06 0.06 0.06 0.06 0.06 0.06 0.06 0.06
  per-rule acc: 0.10 0.02
Epoch 4320 | Train: Loss=0.0012 Acc=99.9% | Test: Acc=6.7% | Best=7.8%(@1720)
  from x3: 0.09 0.07 0.07 0.07 0.06 0.07 0.07 0.06 0.07 0.06 0.06 0.06 0.06
  per-rule acc: 0.10 0.03
Epoch 4340 | Train: Loss=0.0014 Acc=99.9% | Test: Acc=6.5% | Best=7.8%(@1720)
  from x3: 0.08 0.07 0.06 0.07 0.06 0.06 0.06 0.06 0.06 0.06 0.06 0.06 0.06
  per-rule acc: 0.10 0.03
Epoch 4360 | Train: Loss=0.1403 Acc=99.9% | Test: Acc=6.5% | Best=7.8%(@1720)
  from x3: 0.08 0.07 0.07 0.07 0.07 0.06 0.06 0.06 0.06 0.06 0.06 0.06 0.06
  per-rule acc: 0.10 0.03
Epoch 4380 | Train: Loss=0.0013 Acc=99.9% | Test: Acc=6.3% | Best=7.8%(@1720)
  from x3: 0.08 0.07 0.06 0.06 0.06 0.06 0.06 0.06 0.06 0.06 0.06 0.06 0.06
  per-rule acc: 0.10 0.03
Epoch 4400 | Train: Loss=0.0020 Acc=99.9% | Test: Acc=6.6% | Best=7.8%(@1720)
  from x3: 0.09 0.07 0.07 0.07 0.07 0.06 0.06 0.06 0.06 0.06 0.06 0.06 0.06
  per-rule acc: 0.10 0.03
Epoch 4420 | Train: Loss=0.0014 Acc=99.9% | Test: Acc=6.2% | Best=7.8%(@1720)
  from x3: 0.08 0.07 0.06 0.06 0.06 0.06 0.06 0.06 0.06 0.06 0.06 0.06 0.06
  per-rule acc: 0.10 0.03
Epoch 4440 | Train: Loss=0.0086 Acc=99.8% | Test: Acc=6.4% | Best=7.8%(@1720)
  from x3: 0.08 0.07 0.06 0.06 0.06 0.06 0.06 0.06 0.06 0.06 0.06 0.06 0.06
  per-rule acc: 0.10 0.03
Epoch 4460 | Train: Loss=0.0015 Acc=99.9% | Test: Acc=6.9% | Best=7.8%(@1720)
  from x3: 0.09 0.07 0.07 0.07 0.07 0.07 0.07 0.07 0.07 0.07 0.07 0.07 0.07
  per-rule acc: 0.11 0.03
Epoch 4480 | Train: Loss=0.0046 Acc=99.9% | Test: Acc=6.5% | Best=7.8%(@1720)
  from x3: 0.08 0.07 0.07 0.06 0.06 0.06 0.06 0.06 0.06 0.06 0.06 0.06 0.06
  per-rule acc: 0.10 0.03
Epoch 4500 | Train: Loss=0.0015 Acc=99.9% | Test: Acc=6.3% | Best=7.8%(@1720)
  from x3: 0.08 0.06 0.06 0.06 0.06 0.06 0.06 0.06 0.06 0.06 0.06 0.06 0.06
  per-rule acc: 0.10 0.03
Epoch 4520 | Train: Loss=0.0633 Acc=99.9% | Test: Acc=6.4% | Best=7.8%(@1720)
  from x3: 0.08 0.07 0.06 0.06 0.06 0.06 0.06 0.06 0.06 0.06 0.06 0.06 0.06
  per-rule acc: 0.11 0.02
Epoch 4540 | Train: Loss=0.0013 Acc=99.9% | Test: Acc=6.4% | Best=7.8%(@1720)
  from x3: 0.09 0.07 0.06 0.06 0.06 0.06 0.06 0.06 0.06 0.06 0.06 0.06 0.06
  per-rule acc: 0.10 0.03
Epoch 4560 | Train: Loss=0.0015 Acc=99.9% | Test: Acc=6.2% | Best=7.8%(@1720)
  from x3: 0.08 0.07 0.06 0.06 0.06 0.06 0.06 0.06 0.06 0.06 0.06 0.06 0.06
  per-rule acc: 0.10 0.02
Epoch 4580 | Train: Loss=0.0035 Acc=99.9% | Test: Acc=5.6% | Best=7.8%(@1720)
  from x3: 0.08 0.06 0.06 0.05 0.06 0.05 0.05 0.05 0.05 0.05 0.05 0.05 0.05
  per-rule acc: 0.09 0.03
Epoch 4600 | Train: Loss=0.0013 Acc=99.9% | Test: Acc=5.9% | Best=7.8%(@1720)
  from x3: 0.08 0.06 0.06 0.06 0.06 0.06 0.06 0.06 0.06 0.06 0.06 0.06 0.05
  per-rule acc: 0.09 0.02
Epoch 4620 | Train: Loss=0.0015 Acc=99.9% | Test: Acc=5.9% | Best=7.8%(@1720)
  from x3: 0.08 0.06 0.06 0.06 0.06 0.06 0.06 0.06 0.06 0.06 0.06 0.06 0.06
  per-rule acc: 0.09 0.02
Epoch 4640 | Train: Loss=0.0014 Acc=99.9% | Test: Acc=5.9% | Best=7.8%(@1720)
  from x3: 0.08 0.06 0.06 0.06 0.06 0.06 0.06 0.06 0.05 0.06 0.06 0.05 0.06
  per-rule acc: 0.09 0.03
Epoch 4660 | Train: Loss=0.0013 Acc=99.9% | Test: Acc=5.8% | Best=7.8%(@1720)
  from x3: 0.08 0.06 0.06 0.06 0.06 0.06 0.06 0.06 0.06 0.06 0.05 0.06 0.06
  per-rule acc: 0.09 0.03
Epoch 4680 | Train: Loss=0.0016 Acc=99.9% | Test: Acc=6.2% | Best=7.8%(@1720)
  from x3: 0.08 0.07 0.06 0.06 0.06 0.06 0.06 0.06 0.06 0.06 0.06 0.06 0.06
  per-rule acc: 0.09 0.03
Epoch 4700 | Train: Loss=0.0012 Acc=99.9% | Test: Acc=5.9% | Best=7.8%(@1720)
  from x3: 0.08 0.06 0.06 0.06 0.06 0.06 0.06 0.05 0.05 0.06 0.06 0.05 0.05
  per-rule acc: 0.09 0.03
Epoch 4720 | Train: Loss=0.0015 Acc=99.9% | Test: Acc=5.7% | Best=7.8%(@1720)
  from x3: 0.08 0.06 0.06 0.05 0.06 0.06 0.06 0.06 0.05 0.05 0.05 0.05 0.05
  per-rule acc: 0.09 0.03
[Early stop] No improvement for 3000 consecutive epochs

==================================================
Saving model...
[OK] Model saved to: /home/cxm/ai/test0708/models/mixed_basic_d4096l1_r32_n2_e50.pth
  File size: 4490845.6 KB
  Best test accuracy: 7.75%

==================================================
Final generation test (given first two items, AB generates 3rd as prompt, validate from 4th)
==================================================

--- AB pair 1: (1, 1) ---

--- Statistics for AB=(1,1) ---
Exposed    samples:  1404 | In-dist: 18185/18252 ( 99.6%) | OOD: 21196/22464 ( 94.4%)
Unexposed  samples:  1405 | In-dist: 11316/18265 ( 62.0%) | OOD: 14588/22480 ( 64.9%)

--- AB pair 2: (1, 2) ---

--- Statistics for AB=(1,2) ---
Exposed    samples:  1404 | In-dist: 18122/18252 ( 99.3%) | OOD: 21229/22464 ( 94.5%)
Unexposed  samples:  1405 | In-dist:  5805/18265 ( 31.8%) | OOD:  7776/22480 ( 34.6%)

--- Return code: 0 ---

======================================================================
Attention Analysis
======================================================================
Model config: addition (default), p=53
Best test accuracy: 0.07752532165343554
Training epochs: 4720

Random test sequence 1/5 (length 32): [51, 51, 49, 47, 43, 37, 27, 11, 38, 49, 34, 30, 11, 41, 52, 40, 39, 26, 12, 38]...

======================================================================
Attention Layer Training Result Summary
======================================================================
Input sequence: [51, 51, 49, 47, 43, 37, 27, 11, 38, 49, 34, 30, 11, 41, 52, 40, 39, 26, 12, 38, 50, 35, 32, 14, 46, 7, 0, 7, 7, 14, 21, 35]

--- Layer 0 ---
  Head 0: Entropy=2.108
    Attention coefficients from each query position to previous positions:
      i= 0 -> j=0:1.000
      i= 1 -> j=0:0.498, j=1:0.502
      i= 2 -> j=0:0.303, j=1:0.359, j=2:0.339
      i= 3 -> j=0:0.177, j=1:0.256, j=2:0.290, j=3:0.277
      i= 4 -> j=0:0.087, j=1:0.135, j=2:0.204, j=3:0.329, j=4:0.245
      i= 5 -> j=0:0.064, j=1:0.097, j=2:0.184, j=3:0.189, j=4:0.271, j=5:0.196
      i= 6 -> j=0:0.022, j=1:0.035, j=2:0.046, j=3:0.110, j=4:0.195, j=5:0.336, j=6:0.255
      i= 7 -> j=0:0.017, j=1:0.024, j=2:0.030, j=3:0.049, j=4:0.103, j=5:0.193, j=6:0.317, j=7:0.267
      i= 8 -> j=0:0.012, j=1:0.016, j=2:0.019, j=3:0.027, j=4:0.061, j=5:0.131, j=6:0.185, j=7:0.283, j=8:0.266
      i= 9 -> j=0:0.010, j=1:0.012, j=2:0.012, j=3:0.018, j=4:0.037, j=5:0.073, j=6:0.106, j=7:0.239, j=8:0.251, j=9:0.241
      i=10 -> j=0:0.017, j=1:0.018, j=2:0.023, j=3:0.017, j=4:0.032, j=5:0.027, j=6:0.130, j=7:0.134, j=8:0.152, j=9:0.283, j=10:0.167
      i=11 -> j=0:0.009, j=1:0.009, j=2:0.009, j=3:0.010, j=4:0.024, j=5:0.033, j=6:0.069, j=7:0.060, j=8:0.087, j=9:0.173, j=10:0.292, j=11:0.223
      i=12 -> j=0:0.009, j=1:0.009, j=2:0.010, j=3:0.010, j=4:0.012, j=5:0.013, j=6:0.025, j=7:0.037, j=8:0.059, j=9:0.111, j=10:0.188, j=11:0.264, j=12:0.252
      i=13 -> j=0:0.010, j=1:0.008, j=2:0.009, j=3:0.007, j=4:0.009, j=5:0.012, j=6:0.013, j=7:0.020, j=8:0.020, j=9:0.031, j=10:0.096, j=11:0.214, j=12:0.296, j=13:0.256
      i=14 -> j=0:0.016, j=1:0.013, j=2:0.013, j=3:0.011, j=4:0.012, j=5:0.015, j=6:0.013, j=7:0.016, j=8:0.027, j=9:0.034, j=10:0.089, j=11:0.123, j=12:0.236, j=13:0.187, j=14:0.193
      i=15 -> j=0:0.014, j=1:0.010, j=2:0.009, j=3:0.007, j=4:0.007, j=5:0.006, j=6:0.007, j=7:0.010, j=8:0.012, j=9:0.015, j=10:0.023, j=11:0.053, j=12:0.106, j=13:0.193, j=14:0.284, j=15:0.245
      i=16 -> j=0:0.027, j=1:0.022, j=2:0.016, j=3:0.015, j=4:0.013, j=5:0.012, j=6:0.009, j=7:0.012, j=8:0.017, j=9:0.019, j=10:0.023, j=11:0.036, j=12:0.065, j=13:0.139, j=14:0.147, j=15:0.272, j=16:0.153
      i=17 -> j=0:0.032, j=1:0.028, j=2:0.021, j=3:0.020, j=4:0.017, j=5:0.013, j=6:0.011, j=7:0.013, j=8:0.015, j=9:0.017, j=10:0.020, j=11:0.036, j=12:0.048, j=13:0.096, j=14:0.097, j=15:0.167, j=16:0.165, j=17:0.186
      i=18 -> j=0:0.034, j=1:0.028, j=2:0.024, j=3:0.019, j=4:0.016, j=5:0.014, j=6:0.012, j=7:0.012, j=8:0.010, j=9:0.011, j=10:0.012, j=11:0.027, j=12:0.026, j=13:0.059, j=14:0.065, j=15:0.107, j=16:0.159, j=17:0.170, j=18:0.195
      i=19 -> j=0:0.033, j=1:0.029, j=2:0.027, j=3:0.020, j=4:0.016, j=5:0.012, j=6:0.009, j=7:0.007, j=8:0.007, j=9:0.006, j=10:0.008, j=11:0.011, j=12:0.011, j=13:0.020, j=14:0.020, j=15:0.060, j=16:0.067, j=17:0.135, j=18:0.283, j=19:0.219
      i=20 -> j=0:0.037, j=1:0.033, j=2:0.033, j=3:0.025, j=4:0.019, j=5:0.014, j=6:0.013, j=7:0.007, j=8:0.010, j=9:0.011, j=10:0.013, j=11:0.011, j=12:0.013, j=13:0.023, j=14:0.034, j=15:0.053, j=16:0.054, j=17:0.103, j=18:0.150, j=19:0.194, j=20:0.149
      i=21 -> j=0:0.052, j=1:0.047, j=2:0.044, j=3:0.034, j=4:0.025, j=5:0.022, j=6:0.020, j=7:0.012, j=8:0.011, j=9:0.010, j=10:0.010, j=11:0.007, j=12:0.011, j=13:0.013, j=14:0.017, j=15:0.025, j=16:0.038, j=17:0.055, j=18:0.069, j=19:0.136, j=20:0.198, j=21:0.145
      i=22 -> j=0:0.042, j=1:0.039, j=2:0.034, j=3:0.029, j=4:0.022, j=5:0.020, j=6:0.017, j=7:0.012, j=8:0.009, j=9:0.007, j=10:0.007, j=11:0.005, j=12:0.008, j=13:0.008, j=14:0.008, j=15:0.016, j=16:0.023, j=17:0.033, j=18:0.043, j=19:0.076, j=20:0.155, j=21:0.181, j=22:0.209
      i=23 -> j=0:0.041, j=1:0.039, j=2:0.036, j=3:0.033, j=4:0.026, j=5:0.024, j=6:0.020, j=7:0.016, j=8:0.012, j=9:0.009, j=10:0.008, j=11:0.006, j=12:0.007, j=13:0.006, j=14:0.006, j=15:0.011, j=16:0.013, j=17:0.020, j=18:0.027, j=19:0.036, j=20:0.076, j=21:0.137, j=22:0.194, j=23:0.198
      i=24 -> j=0:0.037, j=1:0.037, j=2:0.036, j=3:0.034, j=4:0.028, j=5:0.027, j=6:0.025, j=7:0.020, j=8:0.015, j=9:0.012, j=10:0.010, j=11:0.007, j=12:0.006, j=13:0.005, j=14:0.005, j=15:0.006, j=16:0.007, j=17:0.009, j=18:0.011, j=19:0.016, j=20:0.030, j=21:0.087, j=22:0.152, j=23:0.204, j=24:0.175
      i=25 -> j=0:0.038, j=1:0.037, j=2:0.038, j=3:0.036, j=4:0.032, j=5:0.029, j=6:0.029, j=7:0.025, j=8:0.020, j=9:0.017, j=10:0.014, j=11:0.012, j=12:0.007, j=13:0.006, j=14:0.005, j=15:0.007, j=16:0.008, j=17:0.009, j=18:0.013, j=19:0.015, j=20:0.021, j=21:0.055, j=22:0.079, j=23:0.123, j=24:0.153, j=25:0.172
      i=26 -> j=0:0.036, j=1:0.033, j=2:0.032, j=3:0.029, j=4:0.026, j=5:0.028, j=6:0.027, j=7:0.022, j=8:0.018, j=9:0.016, j=10:0.014, j=11:0.010, j=12:0.008, j=13:0.005, j=14:0.005, j=15:0.005, j=16:0.005, j=17:0.005, j=18:0.005, j=19:0.008, j=20:0.009, j=21:0.016, j=22:0.028, j=23:0.067, j=24:0.172, j=25:0.216, j=26:0.155
      i=27 -> j=0:0.033, j=1:0.032, j=2:0.033, j=3:0.031, j=4:0.029, j=5:0.028, j=6:0.031, j=7:0.022, j=8:0.022, j=9:0.021, j=10:0.019, j=11:0.014, j=12:0.010, j=13:0.007, j=14:0.008, j=15:0.005, j=16:0.005, j=17:0.005, j=18:0.006, j=19:0.007, j=20:0.007, j=21:0.010, j=22:0.019, j=23:0.031, j=24:0.100, j=25:0.112, j=26:0.208, j=27:0.145
      i=28 -> j=0:0.034, j=1:0.034, j=2:0.032, j=3:0.032, j=4:0.031, j=5:0.031, j=6:0.033, j=7:0.026, j=8:0.025, j=9:0.024, j=10:0.023, j=11:0.017, j=12:0.015, j=13:0.011, j=14:0.011, j=15:0.006, j=16:0.006, j=17:0.006, j=18:0.005, j=19:0.006, j=20:0.006, j=21:0.007, j=22:0.012, j=23:0.020, j=24:0.054, j=25:0.074, j=26:0.121, j=27:0.146, j=28:0.152
      i=29 -> j=0:0.034, j=1:0.035, j=2:0.034, j=3:0.034, j=4:0.033, j=5:0.033, j=6:0.033, j=7:0.029, j=8:0.028, j=9:0.027, j=10:0.023, j=11:0.018, j=12:0.016, j=13:0.012, j=14:0.012, j=15:0.007, j=16:0.007, j=17:0.006, j=18:0.004, j=19:0.006, j=20:0.005, j=21:0.006, j=22:0.010, j=23:0.016, j=24:0.025, j=25:0.033, j=26:0.055, j=27:0.103, j=28:0.160, j=29:0.157
      i=30 -> j=0:0.037, j=1:0.035, j=2:0.032, j=3:0.034, j=4:0.033, j=5:0.036, j=6:0.030, j=7:0.038, j=8:0.029, j=9:0.026, j=10:0.024, j=11:0.025, j=12:0.022, j=13:0.017, j=14:0.013, j=15:0.010, j=16:0.009, j=17:0.007, j=18:0.005, j=19:0.006, j=20:0.006, j=21:0.007, j=22:0.007, j=23:0.011, j=24:0.011, j=25:0.020, j=26:0.019, j=27:0.078, j=28:0.114, j=29:0.139, j=30:0.120
      i=31 -> j=0:0.039, j=1:0.039, j=2:0.038, j=3:0.038, j=4:0.038, j=5:0.037, j=6:0.037, j=7:0.041, j=8:0.034, j=9:0.034, j=10:0.031, j=11:0.034, j=12:0.024, j=13:0.020, j=14:0.017, j=15:0.014, j=16:0.014, j=17:0.011, j=18:0.009, j=19:0.007, j=20:0.006, j=21:0.007, j=22:0.005, j=23:0.007, j=24:0.009, j=25:0.011, j=26:0.018, j=27:0.028, j=28:0.051, j=29:0.088, j=30:0.120, j=31:0.094
    Average attention per distance:
      d=0:0.236, d=1:0.243, d=2:0.170, d=3:0.101, d=4:0.057, d=5:0.032, d=6:0.021, d=7:0.014
      d=8:0.011, d=14:0.012, d=15:0.014, d=16:0.018, d=17:0.021, d=18:0.025, d=19:0.028, d=20:0.031
      d=21:0.033, d=22:0.033, d=23:0.035, d=24:0.034, d=25:0.035, d=26:0.034, d=27:0.035, d=28:0.035
      d=29:0.036, d=30:0.038, d=31:0.039


======================================================================
QK Property Verification (Raw Scores, before Softmax)
======================================================================
Recurrence order init_len=2, num test sequences=1

--- [P1] Long-distance Orthogonality Verification ---
Ideal: raw_score mean ≈ 0 and small std when d > init_len

  Layer 0, Head 0:
    d= 1 (effective): mean=  1.773, std= 0.193, n=31
    d= 2 (effective): mean=  1.451, std= 0.185, n=30
    d>2 (long-distance): mean= -0.536, std= 0.777, n=435

--- [P2] Time-homogeneous Verification ---
Ideal: CV of raw_score across positions i ≈ 0 for fixed distance d
(CV = std / |mean|, smaller = more constant)

  Layer 0, Head 0:
    d= 1: mean=  1.773, std= 0.193, CV=0.109, n=31
    d= 2: mean=  1.451, std= 0.185, CV=0.128, n=30

======================================================================
QK Property Verification Completed
======================================================================
