=== Experiment: mixed_basic_d4096l1_r16_n2_e50 ===
Time: 2026-07-08T06:49:15.291075
Task type: mixed_ab
Merged config: {
  "P": 53,
  "TASK": "mixed_ab",
  "NUM_MASK": 0,
  "A": 1,
  "B": 1,
  "AB_PAIRS": [
    [
      1,
      1
    ],
    [
      1,
      2
    ]
  ],
  "D_MODEL": 4096,
  "N_HEAD": 1,
  "N_LAYER": 1,
  "BATCH_SIZE": 128,
  "EPOCHS": 10000,
  "LR": 0.0003,
  "SAVE_PATH": "models/mixed_basic_d4096l1_r16_n2_e50.pth",
  "USE_GREEDY_GENERATE": true,
  "USE_LEARNABLE_PE": false,
  "MLP_RATIO": 16,
  "TRAIN_LEN": 16,
  "OOD_LEN": 32,
  "DROPOUT": 0.0,
  "TARGET_INIT_COVERAGE": 0.5,
  "MAX_UNIQUE_RATIO": 0.5,
  "WEIGHT_DECAY": 1,
  "ENTROPY_PENALTY_WEIGHT": 0.0,
  "FIRST_TASK_WEIGHT": 1.0,
  "COND_FIX": null,
  "COND_FIX_START": null,
  "COND_FIX_START_A1": null,
  "COND_FIX_START_A2": null,
  "RANDOM_SEED": 42,
  "EVAL_INTERVAL": 20,
  "EARLY_STOP_NO_IMPROVE": 3000,
  "EARLY_STOP_ACCURACY": 0.99,
  "USE_AB_TAG": false,
  "USE_CONDITIONAL_WTE": false,
  "COND_WTE_SHARED_RATIO": 0.0,
  "MIXED_AB_MAX_UNIQUE_RATIOS": [
    0.5,
    0.5
  ]
}
--- output ---
Using device: cuda

[Dataset] Mixed mode: generated 2808 + 2810 samples, length 16
AB parameter pairs: [(1, 1), (1, 2)]
  - AB=(1,1): train 1404 | test 1405 | exposed ~50.0%
  - AB=(1,2): train 1404 | test 1405 | exposed ~50.0%
--------------------------------------------------
[Model config] block_size: 32, train length: 16
[Number theory] AB parameter pairs: [(1, 1), (1, 2)]


Model parameters: 612.71M

Start training...
Epoch   0 | Train: Loss=7.0492 Acc=3.0% | Test: Acc=1.7% | Best=1.7%(@0)
  from x3: 0.01 0.02 0.02 0.02 0.02 0.02 0.02 0.02 0.02 0.02 0.02 0.02 0.01
  per-rule acc: 0.02 0.01
Epoch  20 | Train: Loss=3.9390 Acc=5.5% | Test: Acc=0.8% | Best=1.7%(@0)
  from x3: 0.01 0.01 0.01 0.01 0.01 0.01 0.01 0.01 0.01 0.01 0.01 0.01 0.01
  per-rule acc: 0.01 0.01
Epoch  40 | Train: Loss=3.9206 Acc=5.6% | Test: Acc=1.1% | Best=1.7%(@0)
  from x3: 0.01 0.01 0.01 0.01 0.01 0.01 0.01 0.01 0.01 0.01 0.01 0.01 0.01
  per-rule acc: 0.01 0.01
Epoch  60 | Train: Loss=3.8972 Acc=6.0% | Test: Acc=1.0% | Best=1.7%(@0)
  from x3: 0.01 0.01 0.01 0.01 0.01 0.01 0.01 0.01 0.01 0.01 0.01 0.01 0.01
  per-rule acc: 0.01 0.01
Epoch  80 | Train: Loss=3.8677 Acc=6.5% | Test: Acc=0.7% | Best=1.7%(@0)
  from x3: 0.01 0.01 0.01 0.01 0.01 0.01 0.01 0.01 0.01 0.01 0.01 0.01 0.01
  per-rule acc: 0.01 0.00
Epoch 100 | Train: Loss=3.8608 Acc=6.5% | Test: Acc=0.7% | Best=1.7%(@0)
  from x3: 0.01 0.01 0.01 0.01 0.01 0.01 0.01 0.01 0.01 0.01 0.01 0.01 0.01
  per-rule acc: 0.01 0.00
Epoch 120 | Train: Loss=3.8290 Acc=6.6% | Test: Acc=0.9% | Best=1.7%(@0)
  from x3: 0.01 0.01 0.01 0.01 0.01 0.01 0.01 0.01 0.01 0.01 0.01 0.01 0.01
  per-rule acc: 0.01 0.01
Epoch 140 | Train: Loss=3.7998 Acc=6.7% | Test: Acc=0.9% | Best=1.7%(@0)
  from x3: 0.01 0.01 0.01 0.01 0.01 0.01 0.01 0.01 0.01 0.01 0.01 0.01 0.01
  per-rule acc: 0.01 0.01
Epoch 160 | Train: Loss=3.8037 Acc=6.5% | Test: Acc=0.6% | Best=1.7%(@0)
  from x3: 0.01 0.01 0.01 0.01 0.01 0.01 0.01 0.01 0.01 0.01 0.01 0.01 0.01
  per-rule acc: 0.01 0.00
Epoch 180 | Train: Loss=3.7609 Acc=7.1% | Test: Acc=0.7% | Best=1.7%(@0)
  from x3: 0.01 0.01 0.01 0.01 0.01 0.01 0.01 0.01 0.01 0.01 0.01 0.01 0.01
  per-rule acc: 0.01 0.00
Epoch 200 | Train: Loss=3.7234 Acc=7.5% | Test: Acc=0.9% | Best=1.7%(@0)
  from x3: 0.01 0.01 0.01 0.01 0.01 0.01 0.01 0.01 0.01 0.01 0.01 0.01 0.01
  per-rule acc: 0.01 0.01
Epoch 220 | Train: Loss=3.7124 Acc=7.8% | Test: Acc=0.7% | Best=1.7%(@0)
  from x3: 0.01 0.01 0.01 0.01 0.01 0.01 0.01 0.01 0.01 0.01 0.01 0.01 0.01
  per-rule acc: 0.01 0.01
Epoch 240 | Train: Loss=3.6498 Acc=7.9% | Test: Acc=0.7% | Best=1.7%(@0)
  from x3: 0.01 0.01 0.01 0.01 0.01 0.01 0.01 0.01 0.01 0.01 0.01 0.01 0.01
  per-rule acc: 0.01 0.00
Epoch 260 | Train: Loss=3.6029 Acc=8.6% | Test: Acc=0.9% | Best=1.7%(@0)
  from x3: 0.01 0.01 0.01 0.01 0.01 0.01 0.01 0.01 0.01 0.01 0.01 0.01 0.01
  per-rule acc: 0.01 0.01
Epoch 280 | Train: Loss=2.8860 Acc=27.6% | Test: Acc=1.2% | Best=1.7%(@0)
  from x3: 0.01 0.01 0.01 0.01 0.01 0.01 0.01 0.01 0.01 0.01 0.01 0.01 0.01
  per-rule acc: 0.01 0.01
Epoch 300 | Train: Loss=0.0219 Acc=99.4% | Test: Acc=3.5% | Best=3.5%(@300)
  from x3: 0.04 0.03 0.04 0.04 0.04 0.04 0.03 0.03 0.03 0.03 0.03 0.03 0.03
  per-rule acc: 0.04 0.03
Epoch 320 | Train: Loss=0.0448 Acc=99.6% | Test: Acc=3.8% | Best=3.8%(@320)
  from x3: 0.05 0.04 0.04 0.04 0.04 0.04 0.04 0.04 0.04 0.04 0.04 0.04 0.04
  per-rule acc: 0.05 0.03
Epoch 340 | Train: Loss=0.0052 Acc=99.9% | Test: Acc=4.1% | Best=4.1%(@340)
  from x3: 0.05 0.04 0.04 0.04 0.04 0.04 0.04 0.04 0.04 0.04 0.04 0.04 0.04
  per-rule acc: 0.05 0.03
Epoch 360 | Train: Loss=0.0108 Acc=99.8% | Test: Acc=4.4% | Best=4.4%(@360)
  from x3: 0.05 0.04 0.04 0.04 0.04 0.04 0.04 0.04 0.04 0.04 0.04 0.04 0.04
  per-rule acc: 0.05 0.04
Epoch 380 | Train: Loss=0.0224 Acc=99.6% | Test: Acc=4.5% | Best=4.5%(@380)
  from x3: 0.05 0.04 0.04 0.04 0.04 0.04 0.05 0.04 0.05 0.04 0.04 0.04 0.04
  per-rule acc: 0.06 0.03
Epoch 400 | Train: Loss=0.0058 Acc=99.9% | Test: Acc=4.7% | Best=4.7%(@400)
  from x3: 0.06 0.05 0.05 0.04 0.05 0.05 0.05 0.05 0.05 0.04 0.04 0.04 0.04
  per-rule acc: 0.06 0.03
Epoch 420 | Train: Loss=0.0093 Acc=99.8% | Test: Acc=4.4% | Best=4.7%(@400)
  from x3: 0.06 0.05 0.04 0.04 0.04 0.04 0.04 0.04 0.04 0.04 0.04 0.04 0.04
  per-rule acc: 0.06 0.03
Epoch 440 | Train: Loss=0.0247 Acc=99.7% | Test: Acc=4.3% | Best=4.7%(@400)
  from x3: 0.06 0.04 0.04 0.04 0.04 0.04 0.04 0.04 0.04 0.04 0.04 0.04 0.04
  per-rule acc: 0.06 0.03
Epoch 460 | Train: Loss=0.0066 Acc=99.9% | Test: Acc=4.9% | Best=4.9%(@460)
  from x3: 0.06 0.05 0.05 0.05 0.05 0.05 0.05 0.05 0.05 0.05 0.05 0.05 0.05
  per-rule acc: 0.07 0.03
Epoch 480 | Train: Loss=0.0059 Acc=99.9% | Test: Acc=5.0% | Best=5.0%(@480)
  from x3: 0.07 0.05 0.05 0.05 0.05 0.05 0.05 0.05 0.05 0.05 0.05 0.05 0.05
  per-rule acc: 0.07 0.03
Epoch 500 | Train: Loss=0.0112 Acc=99.8% | Test: Acc=5.4% | Best=5.4%(@500)
  from x3: 0.07 0.06 0.05 0.05 0.05 0.05 0.05 0.05 0.05 0.05 0.05 0.05 0.05
  per-rule acc: 0.08 0.03
Epoch 520 | Train: Loss=0.0083 Acc=99.9% | Test: Acc=5.0% | Best=5.4%(@500)
  from x3: 0.06 0.05 0.05 0.05 0.05 0.05 0.05 0.05 0.05 0.05 0.05 0.05 0.05
  per-rule acc: 0.07 0.03
Epoch 540 | Train: Loss=0.0273 Acc=99.5% | Test: Acc=4.8% | Best=5.4%(@500)
  from x3: 0.06 0.05 0.05 0.05 0.05 0.05 0.05 0.05 0.05 0.04 0.05 0.05 0.05
  per-rule acc: 0.07 0.03
Epoch 560 | Train: Loss=0.0021 Acc=99.9% | Test: Acc=5.1% | Best=5.4%(@500)
  from x3: 0.07 0.05 0.05 0.05 0.05 0.05 0.05 0.05 0.05 0.05 0.05 0.05 0.05
  per-rule acc: 0.07 0.03
Epoch 580 | Train: Loss=0.0019 Acc=99.9% | Test: Acc=5.1% | Best=5.4%(@500)
  from x3: 0.07 0.06 0.05 0.05 0.05 0.05 0.05 0.05 0.05 0.05 0.05 0.05 0.05
  per-rule acc: 0.07 0.03
Epoch 600 | Train: Loss=0.0057 Acc=99.9% | Test: Acc=5.2% | Best=5.4%(@500)
  from x3: 0.07 0.05 0.05 0.05 0.05 0.05 0.05 0.05 0.05 0.05 0.05 0.05 0.05
  per-rule acc: 0.08 0.03
Epoch 620 | Train: Loss=0.0124 Acc=99.7% | Test: Acc=5.4% | Best=5.4%(@620)
  from x3: 0.07 0.06 0.05 0.06 0.05 0.06 0.05 0.05 0.05 0.05 0.05 0.05 0.05
  per-rule acc: 0.08 0.03
Epoch 640 | Train: Loss=0.0032 Acc=99.9% | Test: Acc=5.7% | Best=5.7%(@640)
  from x3: 0.08 0.06 0.06 0.06 0.06 0.06 0.06 0.05 0.05 0.05 0.05 0.05 0.05
  per-rule acc: 0.08 0.03
Epoch 660 | Train: Loss=0.0019 Acc=99.9% | Test: Acc=5.7% | Best=5.7%(@660)
  from x3: 0.07 0.06 0.06 0.05 0.05 0.05 0.06 0.06 0.06 0.06 0.06 0.06 0.05
  per-rule acc: 0.08 0.03
Epoch 680 | Train: Loss=0.0035 Acc=99.9% | Test: Acc=5.2% | Best=5.7%(@660)
  from x3: 0.07 0.06 0.05 0.05 0.05 0.05 0.05 0.05 0.05 0.05 0.05 0.05 0.05
  per-rule acc: 0.08 0.03
Epoch 700 | Train: Loss=0.0092 Acc=99.8% | Test: Acc=5.6% | Best=5.7%(@660)
  from x3: 0.07 0.06 0.05 0.05 0.05 0.06 0.05 0.06 0.05 0.05 0.05 0.05 0.05
  per-rule acc: 0.08 0.03
Epoch 720 | Train: Loss=0.0021 Acc=99.9% | Test: Acc=5.5% | Best=5.7%(@660)
  from x3: 0.07 0.05 0.05 0.05 0.06 0.06 0.06 0.05 0.05 0.05 0.05 0.05 0.05
  per-rule acc: 0.08 0.03
Epoch 740 | Train: Loss=0.0195 Acc=99.6% | Test: Acc=5.2% | Best=5.7%(@660)
  from x3: 0.06 0.05 0.05 0.05 0.05 0.05 0.05 0.05 0.05 0.05 0.05 0.05 0.05
  per-rule acc: 0.08 0.02
Epoch 760 | Train: Loss=0.0016 Acc=99.9% | Test: Acc=5.3% | Best=5.7%(@660)
  from x3: 0.07 0.06 0.05 0.05 0.05 0.05 0.05 0.05 0.05 0.05 0.05 0.05 0.05
  per-rule acc: 0.08 0.03
Epoch 780 | Train: Loss=0.0176 Acc=99.6% | Test: Acc=5.5% | Best=5.7%(@660)
  from x3: 0.07 0.06 0.06 0.05 0.05 0.05 0.05 0.05 0.05 0.05 0.05 0.05 0.05
  per-rule acc: 0.09 0.02
Epoch 800 | Train: Loss=0.0048 Acc=99.9% | Test: Acc=5.7% | Best=5.7%(@660)
  from x3: 0.07 0.06 0.06 0.06 0.05 0.06 0.05 0.05 0.05 0.05 0.06 0.05 0.05
  per-rule acc: 0.09 0.03
Epoch 820 | Train: Loss=0.0150 Acc=99.7% | Test: Acc=5.0% | Best=5.7%(@660)
  from x3: 0.06 0.05 0.05 0.05 0.05 0.05 0.05 0.05 0.05 0.05 0.05 0.05 0.05
  per-rule acc: 0.08 0.02
Epoch 840 | Train: Loss=0.0029 Acc=99.9% | Test: Acc=5.5% | Best=5.7%(@660)
  from x3: 0.07 0.06 0.06 0.05 0.05 0.05 0.05 0.05 0.05 0.05 0.05 0.05 0.05
  per-rule acc: 0.08 0.03
Epoch 860 | Train: Loss=0.0179 Acc=99.9% | Test: Acc=6.3% | Best=6.3%(@860)
  from x3: 0.08 0.06 0.06 0.06 0.06 0.06 0.06 0.06 0.06 0.06 0.06 0.06 0.06
  per-rule acc: 0.10 0.03
Epoch 880 | Train: Loss=0.0025 Acc=99.9% | Test: Acc=4.8% | Best=6.3%(@860)
  from x3: 0.07 0.05 0.05 0.05 0.05 0.05 0.04 0.05 0.04 0.04 0.04 0.04 0.04
  per-rule acc: 0.07 0.02
Epoch 900 | Train: Loss=0.0224 Acc=99.7% | Test: Acc=4.9% | Best=6.3%(@860)
  from x3: 0.07 0.05 0.05 0.05 0.05 0.05 0.05 0.05 0.05 0.05 0.05 0.05 0.05
  per-rule acc: 0.08 0.02
Epoch 920 | Train: Loss=0.0041 Acc=99.9% | Test: Acc=5.5% | Best=6.3%(@860)
  from x3: 0.07 0.06 0.05 0.05 0.05 0.05 0.05 0.05 0.05 0.05 0.05 0.05 0.05
  per-rule acc: 0.08 0.03
Epoch 940 | Train: Loss=0.0215 Acc=99.6% | Test: Acc=5.4% | Best=6.3%(@860)
  from x3: 0.07 0.06 0.05 0.05 0.05 0.05 0.05 0.05 0.05 0.05 0.05 0.05 0.05
  per-rule acc: 0.08 0.03
Epoch 960 | Train: Loss=0.0015 Acc=99.9% | Test: Acc=4.9% | Best=6.3%(@860)
  from x3: 0.07 0.06 0.05 0.05 0.05 0.05 0.05 0.05 0.05 0.05 0.05 0.05 0.05
  per-rule acc: 0.07 0.03
Epoch 980 | Train: Loss=0.0200 Acc=99.6% | Test: Acc=5.6% | Best=6.3%(@860)
  from x3: 0.07 0.06 0.06 0.06 0.06 0.05 0.05 0.05 0.05 0.05 0.05 0.05 0.05
  per-rule acc: 0.08 0.03
Epoch 1000 | Train: Loss=0.0016 Acc=99.9% | Test: Acc=5.3% | Best=6.3%(@860)
  from x3: 0.07 0.05 0.05 0.05 0.05 0.05 0.05 0.05 0.05 0.05 0.05 0.05 0.05
  per-rule acc: 0.07 0.03
Epoch 1020 | Train: Loss=0.0386 Acc=99.4% | Test: Acc=4.9% | Best=6.3%(@860)
  from x3: 0.07 0.05 0.05 0.05 0.05 0.05 0.05 0.05 0.05 0.05 0.05 0.05 0.05
  per-rule acc: 0.07 0.02
Epoch 1040 | Train: Loss=0.0014 Acc=99.9% | Test: Acc=5.0% | Best=6.3%(@860)
  from x3: 0.07 0.06 0.05 0.05 0.05 0.05 0.05 0.05 0.05 0.05 0.05 0.05 0.05
  per-rule acc: 0.07 0.03
Epoch 1060 | Train: Loss=0.0461 Acc=99.6% | Test: Acc=5.3% | Best=6.3%(@860)
  from x3: 0.07 0.06 0.05 0.05 0.05 0.05 0.05 0.05 0.05 0.05 0.05 0.05 0.05
  per-rule acc: 0.08 0.03
Epoch 1080 | Train: Loss=0.0014 Acc=99.9% | Test: Acc=5.0% | Best=6.3%(@860)
  from x3: 0.07 0.06 0.05 0.05 0.05 0.05 0.05 0.05 0.05 0.05 0.05 0.05 0.05
  per-rule acc: 0.07 0.03
Epoch 1100 | Train: Loss=0.0192 Acc=99.6% | Test: Acc=5.3% | Best=6.3%(@860)
  from x3: 0.07 0.06 0.05 0.05 0.05 0.05 0.05 0.05 0.05 0.05 0.05 0.05 0.05
  per-rule acc: 0.08 0.02
Epoch 1120 | Train: Loss=0.0015 Acc=99.9% | Test: Acc=5.3% | Best=6.3%(@860)
  from x3: 0.08 0.06 0.05 0.05 0.05 0.05 0.05 0.05 0.05 0.05 0.05 0.05 0.05
  per-rule acc: 0.08 0.02
Epoch 1140 | Train: Loss=0.0359 Acc=99.3% | Test: Acc=5.3% | Best=6.3%(@860)
  from x3: 0.06 0.06 0.05 0.05 0.05 0.05 0.05 0.05 0.05 0.05 0.05 0.05 0.05
  per-rule acc: 0.08 0.03
Epoch 1160 | Train: Loss=0.0014 Acc=99.9% | Test: Acc=5.2% | Best=6.3%(@860)
  from x3: 0.08 0.06 0.05 0.05 0.05 0.05 0.05 0.05 0.05 0.05 0.05 0.05 0.05
  per-rule acc: 0.08 0.03
Epoch 1180 | Train: Loss=0.0199 Acc=99.7% | Test: Acc=5.2% | Best=6.3%(@860)
  from x3: 0.07 0.05 0.05 0.05 0.05 0.05 0.05 0.05 0.05 0.05 0.05 0.05 0.05
  per-rule acc: 0.08 0.02
Epoch 1200 | Train: Loss=0.0014 Acc=99.9% | Test: Acc=5.4% | Best=6.3%(@860)
  from x3: 0.08 0.06 0.06 0.05 0.05 0.05 0.05 0.05 0.05 0.05 0.05 0.05 0.05
  per-rule acc: 0.08 0.03
Epoch 1220 | Train: Loss=0.0268 Acc=99.5% | Test: Acc=4.8% | Best=6.3%(@860)
  from x3: 0.07 0.06 0.05 0.05 0.05 0.05 0.05 0.05 0.05 0.04 0.04 0.04 0.04
  per-rule acc: 0.07 0.03
Epoch 1240 | Train: Loss=0.0014 Acc=99.9% | Test: Acc=5.0% | Best=6.3%(@860)
  from x3: 0.07 0.05 0.05 0.05 0.05 0.05 0.05 0.05 0.05 0.05 0.05 0.05 0.05
  per-rule acc: 0.08 0.02
Epoch 1260 | Train: Loss=0.0017 Acc=99.9% | Test: Acc=5.3% | Best=6.3%(@860)
  from x3: 0.07 0.06 0.05 0.05 0.05 0.05 0.05 0.05 0.05 0.05 0.05 0.05 0.05
  per-rule acc: 0.08 0.03
Epoch 1280 | Train: Loss=0.0025 Acc=99.9% | Test: Acc=5.3% | Best=6.3%(@860)
  from x3: 0.07 0.06 0.05 0.05 0.05 0.05 0.05 0.05 0.05 0.05 0.05 0.05 0.05
  per-rule acc: 0.08 0.03
Epoch 1300 | Train: Loss=0.0071 Acc=99.8% | Test: Acc=5.3% | Best=6.3%(@860)
  from x3: 0.07 0.05 0.05 0.05 0.05 0.05 0.05 0.05 0.05 0.05 0.05 0.05 0.05
  per-rule acc: 0.08 0.03
Epoch 1320 | Train: Loss=0.0022 Acc=99.9% | Test: Acc=5.1% | Best=6.3%(@860)
  from x3: 0.07 0.06 0.05 0.05 0.05 0.05 0.05 0.05 0.05 0.05 0.05 0.05 0.05
  per-rule acc: 0.08 0.03
Epoch 1340 | Train: Loss=0.0131 Acc=99.7% | Test: Acc=5.4% | Best=6.3%(@860)
  from x3: 0.07 0.06 0.06 0.05 0.05 0.05 0.05 0.05 0.05 0.05 0.05 0.05 0.05
  per-rule acc: 0.08 0.03
Epoch 1360 | Train: Loss=0.0020 Acc=99.9% | Test: Acc=5.2% | Best=6.3%(@860)
  from x3: 0.07 0.06 0.05 0.05 0.05 0.05 0.05 0.05 0.05 0.05 0.05 0.05 0.05
  per-rule acc: 0.08 0.02
Epoch 1380 | Train: Loss=0.0340 Acc=99.4% | Test: Acc=5.2% | Best=6.3%(@860)
  from x3: 0.07 0.05 0.05 0.05 0.05 0.05 0.05 0.05 0.05 0.05 0.05 0.05 0.05
  per-rule acc: 0.08 0.03
Epoch 1400 | Train: Loss=0.0015 Acc=99.9% | Test: Acc=5.3% | Best=6.3%(@860)
  from x3: 0.07 0.06 0.05 0.05 0.05 0.05 0.05 0.05 0.05 0.05 0.05 0.05 0.05
  per-rule acc: 0.08 0.02
Epoch 1420 | Train: Loss=0.0018 Acc=99.9% | Test: Acc=5.6% | Best=6.3%(@860)
  from x3: 0.07 0.06 0.05 0.06 0.05 0.05 0.06 0.05 0.05 0.05 0.05 0.05 0.05
  per-rule acc: 0.09 0.03
Epoch 1440 | Train: Loss=0.0016 Acc=99.9% | Test: Acc=5.2% | Best=6.3%(@860)
  from x3: 0.07 0.06 0.05 0.05 0.05 0.05 0.05 0.05 0.05 0.05 0.05 0.05 0.05
  per-rule acc: 0.08 0.02
Epoch 1460 | Train: Loss=0.0017 Acc=99.9% | Test: Acc=5.3% | Best=6.3%(@860)
  from x3: 0.07 0.06 0.05 0.05 0.05 0.05 0.05 0.05 0.05 0.05 0.05 0.05 0.05
  per-rule acc: 0.08 0.02
Epoch 1480 | Train: Loss=0.0056 Acc=99.9% | Test: Acc=5.7% | Best=6.3%(@860)
  from x3: 0.07 0.06 0.05 0.06 0.05 0.05 0.05 0.06 0.06 0.06 0.06 0.06 0.06
  per-rule acc: 0.09 0.03
Epoch 1500 | Train: Loss=0.0080 Acc=99.8% | Test: Acc=5.6% | Best=6.3%(@860)
  from x3: 0.07 0.06 0.06 0.06 0.06 0.05 0.05 0.05 0.05 0.05 0.05 0.05 0.05
  per-rule acc: 0.08 0.03
Epoch 1520 | Train: Loss=0.0034 Acc=99.9% | Test: Acc=5.5% | Best=6.3%(@860)
  from x3: 0.07 0.06 0.05 0.06 0.06 0.05 0.05 0.05 0.05 0.05 0.05 0.05 0.05
  per-rule acc: 0.08 0.03
Epoch 1540 | Train: Loss=0.0025 Acc=99.9% | Test: Acc=5.6% | Best=6.3%(@860)
  from x3: 0.07 0.06 0.06 0.05 0.05 0.06 0.06 0.05 0.05 0.05 0.05 0.05 0.05
  per-rule acc: 0.08 0.03
Epoch 1560 | Train: Loss=0.0016 Acc=99.9% | Test: Acc=5.5% | Best=6.3%(@860)
  from x3: 0.07 0.06 0.06 0.05 0.05 0.06 0.05 0.05 0.05 0.05 0.05 0.05 0.05
  per-rule acc: 0.08 0.02
Epoch 1580 | Train: Loss=0.0085 Acc=99.8% | Test: Acc=5.5% | Best=6.3%(@860)
  from x3: 0.07 0.06 0.05 0.05 0.05 0.05 0.05 0.05 0.05 0.05 0.05 0.05 0.05
  per-rule acc: 0.08 0.03
Epoch 1600 | Train: Loss=0.0017 Acc=99.9% | Test: Acc=5.4% | Best=6.3%(@860)
  from x3: 0.07 0.06 0.05 0.05 0.05 0.05 0.05 0.05 0.05 0.05 0.05 0.05 0.05
  per-rule acc: 0.08 0.03
Epoch 1620 | Train: Loss=0.0021 Acc=99.9% | Test: Acc=5.2% | Best=6.3%(@860)
  from x3: 0.07 0.05 0.05 0.05 0.05 0.05 0.05 0.05 0.05 0.05 0.05 0.05 0.05
  per-rule acc: 0.07 0.03
Epoch 1640 | Train: Loss=0.0032 Acc=99.9% | Test: Acc=5.6% | Best=6.3%(@860)
  from x3: 0.07 0.06 0.06 0.05 0.05 0.05 0.05 0.06 0.05 0.05 0.05 0.05 0.05
  per-rule acc: 0.09 0.02
Epoch 1660 | Train: Loss=0.0018 Acc=99.9% | Test: Acc=5.5% | Best=6.3%(@860)
  from x3: 0.07 0.06 0.05 0.05 0.05 0.05 0.05 0.05 0.05 0.05 0.05 0.05 0.05
  per-rule acc: 0.08 0.03
Epoch 1680 | Train: Loss=0.0083 Acc=99.8% | Test: Acc=5.6% | Best=6.3%(@860)
  from x3: 0.07 0.06 0.06 0.06 0.06 0.06 0.05 0.05 0.05 0.05 0.05 0.05 0.05
  per-rule acc: 0.09 0.03
Epoch 1700 | Train: Loss=0.0021 Acc=99.9% | Test: Acc=5.5% | Best=6.3%(@860)
  from x3: 0.07 0.06 0.05 0.05 0.05 0.05 0.05 0.05 0.05 0.05 0.05 0.05 0.05
  per-rule acc: 0.09 0.02
Epoch 1720 | Train: Loss=0.0024 Acc=99.9% | Test: Acc=5.8% | Best=6.3%(@860)
  from x3: 0.07 0.06 0.06 0.06 0.06 0.06 0.06 0.06 0.06 0.06 0.06 0.06 0.06
  per-rule acc: 0.09 0.03
Epoch 1740 | Train: Loss=0.0019 Acc=99.9% | Test: Acc=5.4% | Best=6.3%(@860)
  from x3: 0.07 0.06 0.05 0.05 0.05 0.05 0.05 0.05 0.05 0.05 0.05 0.05 0.05
  per-rule acc: 0.08 0.03
Epoch 1760 | Train: Loss=0.0023 Acc=99.9% | Test: Acc=5.1% | Best=6.3%(@860)
  from x3: 0.07 0.06 0.05 0.05 0.05 0.05 0.05 0.05 0.05 0.05 0.05 0.05 0.05
  per-rule acc: 0.08 0.02
Epoch 1780 | Train: Loss=0.0017 Acc=99.9% | Test: Acc=5.4% | Best=6.3%(@860)
  from x3: 0.07 0.06 0.05 0.05 0.05 0.05 0.05 0.05 0.05 0.05 0.05 0.05 0.05
  per-rule acc: 0.08 0.03
Epoch 1800 | Train: Loss=0.0032 Acc=99.9% | Test: Acc=5.4% | Best=6.3%(@860)
  from x3: 0.06 0.06 0.05 0.05 0.05 0.05 0.05 0.05 0.05 0.05 0.05 0.05 0.05
  per-rule acc: 0.08 0.03
Epoch 1820 | Train: Loss=0.0016 Acc=99.9% | Test: Acc=5.4% | Best=6.3%(@860)
  from x3: 0.07 0.06 0.05 0.05 0.05 0.06 0.05 0.05 0.05 0.05 0.05 0.05 0.05
  per-rule acc: 0.08 0.03
Epoch 1840 | Train: Loss=0.0081 Acc=99.8% | Test: Acc=5.0% | Best=6.3%(@860)
  from x3: 0.07 0.05 0.05 0.05 0.05 0.05 0.05 0.05 0.05 0.05 0.05 0.05 0.05
  per-rule acc: 0.08 0.02
Epoch 1860 | Train: Loss=0.0024 Acc=99.9% | Test: Acc=5.4% | Best=6.3%(@860)
  from x3: 0.07 0.06 0.05 0.05 0.05 0.05 0.05 0.05 0.05 0.05 0.05 0.05 0.05
  per-rule acc: 0.08 0.03
Epoch 1880 | Train: Loss=0.0042 Acc=99.9% | Test: Acc=5.5% | Best=6.3%(@860)
  from x3: 0.07 0.06 0.05 0.05 0.05 0.05 0.05 0.05 0.05 0.05 0.05 0.05 0.05
  per-rule acc: 0.08 0.03
Epoch 1900 | Train: Loss=0.0047 Acc=99.9% | Test: Acc=5.6% | Best=6.3%(@860)
  from x3: 0.07 0.06 0.05 0.05 0.05 0.06 0.05 0.06 0.06 0.06 0.05 0.06 0.06
  per-rule acc: 0.09 0.03
Epoch 1920 | Train: Loss=0.0022 Acc=99.9% | Test: Acc=5.3% | Best=6.3%(@860)
  from x3: 0.07 0.06 0.05 0.05 0.05 0.05 0.05 0.05 0.05 0.05 0.05 0.05 0.05
  per-rule acc: 0.08 0.02
Epoch 1940 | Train: Loss=0.0019 Acc=99.9% | Test: Acc=5.4% | Best=6.3%(@860)
  from x3: 0.07 0.05 0.05 0.05 0.05 0.05 0.05 0.05 0.05 0.05 0.05 0.05 0.05
  per-rule acc: 0.08 0.03
Epoch 1960 | Train: Loss=0.0018 Acc=99.9% | Test: Acc=5.0% | Best=6.3%(@860)
  from x3: 0.07 0.06 0.05 0.05 0.05 0.05 0.05 0.05 0.05 0.05 0.05 0.05 0.04
  per-rule acc: 0.08 0.03
Epoch 1980 | Train: Loss=0.0018 Acc=99.9% | Test: Acc=5.2% | Best=6.3%(@860)
  from x3: 0.07 0.06 0.05 0.05 0.05 0.05 0.05 0.05 0.05 0.05 0.05 0.05 0.05
  per-rule acc: 0.08 0.03
Epoch 2000 | Train: Loss=0.0028 Acc=99.9% | Test: Acc=5.4% | Best=6.3%(@860)
  from x3: 0.07 0.06 0.05 0.05 0.05 0.05 0.05 0.05 0.05 0.05 0.05 0.05 0.05
  per-rule acc: 0.08 0.02
Epoch 2020 | Train: Loss=0.0019 Acc=99.9% | Test: Acc=5.3% | Best=6.3%(@860)
  from x3: 0.07 0.06 0.05 0.05 0.05 0.05 0.05 0.05 0.05 0.05 0.05 0.05 0.05
  per-rule acc: 0.08 0.03
Epoch 2040 | Train: Loss=0.0052 Acc=99.9% | Test: Acc=5.2% | Best=6.3%(@860)
  from x3: 0.07 0.06 0.05 0.05 0.05 0.05 0.05 0.05 0.05 0.05 0.05 0.05 0.05
  per-rule acc: 0.08 0.03
Epoch 2060 | Train: Loss=0.0017 Acc=99.9% | Test: Acc=5.3% | Best=6.3%(@860)
  from x3: 0.07 0.06 0.06 0.05 0.05 0.05 0.05 0.05 0.05 0.05 0.05 0.05 0.05
  per-rule acc: 0.08 0.03
Epoch 2080 | Train: Loss=0.0066 Acc=99.8% | Test: Acc=5.3% | Best=6.3%(@860)
  from x3: 0.07 0.06 0.05 0.05 0.05 0.05 0.05 0.05 0.05 0.05 0.05 0.05 0.05
  per-rule acc: 0.08 0.02
Epoch 2100 | Train: Loss=0.0018 Acc=99.9% | Test: Acc=5.4% | Best=6.3%(@860)
  from x3: 0.07 0.06 0.05 0.05 0.05 0.05 0.05 0.05 0.05 0.05 0.05 0.05 0.05
  per-rule acc: 0.08 0.03
Epoch 2120 | Train: Loss=0.0061 Acc=99.8% | Test: Acc=5.3% | Best=6.3%(@860)
  from x3: 0.07 0.06 0.05 0.05 0.05 0.05 0.05 0.05 0.05 0.05 0.05 0.05 0.05
  per-rule acc: 0.08 0.03
Epoch 2140 | Train: Loss=0.0016 Acc=99.9% | Test: Acc=5.3% | Best=6.3%(@860)
  from x3: 0.07 0.06 0.05 0.05 0.05 0.05 0.05 0.05 0.05 0.05 0.05 0.05 0.05
  per-rule acc: 0.08 0.03
Epoch 2160 | Train: Loss=0.0113 Acc=99.8% | Test: Acc=5.2% | Best=6.3%(@860)
  from x3: 0.07 0.05 0.05 0.05 0.05 0.05 0.05 0.05 0.05 0.05 0.05 0.05 0.05
  per-rule acc: 0.08 0.03
Epoch 2180 | Train: Loss=0.0015 Acc=99.9% | Test: Acc=5.2% | Best=6.3%(@860)
  from x3: 0.07 0.05 0.05 0.05 0.05 0.05 0.05 0.05 0.05 0.05 0.05 0.05 0.05
  per-rule acc: 0.08 0.03
Epoch 2200 | Train: Loss=0.0082 Acc=99.8% | Test: Acc=5.1% | Best=6.3%(@860)
  from x3: 0.07 0.05 0.05 0.05 0.05 0.05 0.05 0.05 0.05 0.05 0.05 0.05 0.05
  per-rule acc: 0.08 0.03
Epoch 2220 | Train: Loss=0.0015 Acc=99.9% | Test: Acc=5.2% | Best=6.3%(@860)
  from x3: 0.07 0.06 0.05 0.05 0.05 0.05 0.05 0.05 0.05 0.05 0.05 0.05 0.05
  per-rule acc: 0.08 0.02
Epoch 2240 | Train: Loss=0.0130 Acc=99.8% | Test: Acc=5.4% | Best=6.3%(@860)
  from x3: 0.07 0.05 0.05 0.06 0.05 0.05 0.05 0.05 0.05 0.05 0.05 0.05 0.05
  per-rule acc: 0.08 0.03
Epoch 2260 | Train: Loss=0.0015 Acc=99.9% | Test: Acc=5.0% | Best=6.3%(@860)
  from x3: 0.07 0.05 0.05 0.05 0.05 0.05 0.05 0.05 0.05 0.05 0.05 0.05 0.05
  per-rule acc: 0.08 0.02
Epoch 2280 | Train: Loss=0.0112 Acc=99.8% | Test: Acc=5.2% | Best=6.3%(@860)
  from x3: 0.07 0.06 0.05 0.05 0.05 0.05 0.05 0.05 0.05 0.05 0.05 0.05 0.05
  per-rule acc: 0.08 0.02
Epoch 2300 | Train: Loss=0.0016 Acc=99.9% | Test: Acc=5.3% | Best=6.3%(@860)
  from x3: 0.07 0.06 0.05 0.05 0.05 0.05 0.05 0.05 0.05 0.05 0.05 0.05 0.05
  per-rule acc: 0.08 0.03
Epoch 2320 | Train: Loss=0.0353 Acc=99.7% | Test: Acc=4.8% | Best=6.3%(@860)
  from x3: 0.07 0.05 0.05 0.05 0.05 0.05 0.04 0.04 0.05 0.05 0.05 0.05 0.04
  per-rule acc: 0.07 0.02
Epoch 2340 | Train: Loss=0.0015 Acc=99.9% | Test: Acc=5.2% | Best=6.3%(@860)
  from x3: 0.07 0.06 0.05 0.05 0.05 0.05 0.05 0.05 0.05 0.05 0.05 0.05 0.05
  per-rule acc: 0.08 0.02
Epoch 2360 | Train: Loss=0.0181 Acc=99.7% | Test: Acc=4.9% | Best=6.3%(@860)
  from x3: 0.07 0.05 0.05 0.05 0.05 0.05 0.05 0.05 0.05 0.05 0.05 0.05 0.05
  per-rule acc: 0.08 0.02
Epoch 2380 | Train: Loss=0.0016 Acc=99.9% | Test: Acc=5.3% | Best=6.3%(@860)
  from x3: 0.07 0.06 0.05 0.05 0.05 0.05 0.05 0.05 0.05 0.05 0.05 0.05 0.05
  per-rule acc: 0.08 0.03
Epoch 2400 | Train: Loss=0.0145 Acc=99.7% | Test: Acc=5.1% | Best=6.3%(@860)
  from x3: 0.07 0.05 0.05 0.05 0.05 0.05 0.05 0.05 0.05 0.05 0.05 0.05 0.05
  per-rule acc: 0.07 0.03
Epoch 2420 | Train: Loss=0.0015 Acc=99.9% | Test: Acc=5.2% | Best=6.3%(@860)
  from x3: 0.07 0.05 0.05 0.05 0.05 0.05 0.05 0.05 0.05 0.05 0.05 0.05 0.05
  per-rule acc: 0.08 0.03
Epoch 2440 | Train: Loss=0.0033 Acc=99.9% | Test: Acc=5.1% | Best=6.3%(@860)
  from x3: 0.07 0.05 0.05 0.05 0.05 0.05 0.05 0.05 0.05 0.05 0.05 0.05 0.05
  per-rule acc: 0.07 0.03
Epoch 2460 | Train: Loss=0.0016 Acc=99.9% | Test: Acc=4.8% | Best=6.3%(@860)
  from x3: 0.07 0.05 0.05 0.05 0.05 0.05 0.05 0.05 0.05 0.05 0.05 0.05 0.05
  per-rule acc: 0.07 0.02
Epoch 2480 | Train: Loss=0.7252 Acc=96.6% | Test: Acc=5.2% | Best=6.3%(@860)
  from x3: 0.07 0.06 0.05 0.05 0.05 0.05 0.05 0.05 0.05 0.05 0.05 0.05 0.05
  per-rule acc: 0.08 0.02
Epoch 2500 | Train: Loss=0.0014 Acc=99.9% | Test: Acc=5.1% | Best=6.3%(@860)
  from x3: 0.07 0.05 0.05 0.05 0.05 0.05 0.05 0.05 0.05 0.05 0.05 0.05 0.05
  per-rule acc: 0.08 0.02
Epoch 2520 | Train: Loss=0.0017 Acc=99.9% | Test: Acc=5.4% | Best=6.3%(@860)
  from x3: 0.07 0.06 0.05 0.05 0.05 0.05 0.05 0.05 0.05 0.05 0.05 0.05 0.05
  per-rule acc: 0.08 0.03
Epoch 2540 | Train: Loss=0.0247 Acc=99.5% | Test: Acc=5.3% | Best=6.3%(@860)
  from x3: 0.07 0.06 0.05 0.05 0.05 0.05 0.05 0.05 0.05 0.05 0.05 0.05 0.05
  per-rule acc: 0.08 0.03
Epoch 2560 | Train: Loss=0.0014 Acc=99.9% | Test: Acc=5.0% | Best=6.3%(@860)
  from x3: 0.07 0.05 0.05 0.05 0.05 0.05 0.05 0.05 0.05 0.05 0.05 0.05 0.04
  per-rule acc: 0.08 0.02
Epoch 2580 | Train: Loss=0.0017 Acc=99.9% | Test: Acc=5.2% | Best=6.3%(@860)
  from x3: 0.07 0.06 0.05 0.05 0.05 0.05 0.05 0.05 0.05 0.05 0.05 0.05 0.05
  per-rule acc: 0.08 0.03
Epoch 2600 | Train: Loss=0.0017 Acc=99.9% | Test: Acc=5.0% | Best=6.3%(@860)
  from x3: 0.07 0.05 0.05 0.05 0.05 0.05 0.05 0.05 0.05 0.05 0.05 0.05 0.05
  per-rule acc: 0.08 0.02
Epoch 2620 | Train: Loss=0.0017 Acc=99.9% | Test: Acc=4.9% | Best=6.3%(@860)
  from x3: 0.07 0.06 0.05 0.05 0.05 0.05 0.05 0.05 0.04 0.05 0.05 0.05 0.04
  per-rule acc: 0.08 0.02
Epoch 2640 | Train: Loss=0.0139 Acc=99.7% | Test: Acc=5.1% | Best=6.3%(@860)
  from x3: 0.07 0.06 0.05 0.05 0.05 0.05 0.05 0.05 0.05 0.05 0.05 0.05 0.05
  per-rule acc: 0.08 0.03
Epoch 2660 | Train: Loss=0.0016 Acc=99.9% | Test: Acc=5.0% | Best=6.3%(@860)
  from x3: 0.07 0.05 0.05 0.05 0.05 0.05 0.05 0.05 0.05 0.04 0.05 0.05 0.05
  per-rule acc: 0.08 0.02
Epoch 2680 | Train: Loss=0.0123 Acc=99.7% | Test: Acc=4.8% | Best=6.3%(@860)
  from x3: 0.07 0.05 0.05 0.05 0.05 0.05 0.05 0.04 0.04 0.05 0.05 0.04 0.04
  per-rule acc: 0.08 0.02
Epoch 2700 | Train: Loss=0.0014 Acc=99.9% | Test: Acc=5.3% | Best=6.3%(@860)
  from x3: 0.07 0.05 0.05 0.05 0.05 0.05 0.05 0.05 0.05 0.05 0.05 0.05 0.05
  per-rule acc: 0.08 0.02
Epoch 2720 | Train: Loss=0.0053 Acc=99.9% | Test: Acc=5.0% | Best=6.3%(@860)
  from x3: 0.07 0.05 0.05 0.05 0.05 0.05 0.05 0.05 0.05 0.05 0.05 0.05 0.05
  per-rule acc: 0.08 0.02
Epoch 2740 | Train: Loss=0.0026 Acc=99.9% | Test: Acc=4.8% | Best=6.3%(@860)
  from x3: 0.07 0.05 0.05 0.05 0.05 0.05 0.05 0.04 0.04 0.05 0.05 0.05 0.05
  per-rule acc: 0.08 0.02
Epoch 2760 | Train: Loss=0.0017 Acc=99.9% | Test: Acc=5.0% | Best=6.3%(@860)
  from x3: 0.07 0.05 0.05 0.05 0.05 0.05 0.05 0.05 0.05 0.05 0.05 0.05 0.05
  per-rule acc: 0.08 0.02
Epoch 2780 | Train: Loss=0.0016 Acc=99.9% | Test: Acc=5.1% | Best=6.3%(@860)
  from x3: 0.07 0.05 0.05 0.05 0.05 0.05 0.05 0.05 0.05 0.05 0.05 0.05 0.05
  per-rule acc: 0.08 0.02
Epoch 2800 | Train: Loss=0.0015 Acc=99.9% | Test: Acc=5.1% | Best=6.3%(@860)
  from x3: 0.07 0.05 0.05 0.05 0.05 0.05 0.05 0.05 0.05 0.05 0.05 0.05 0.05
  per-rule acc: 0.08 0.03
Epoch 2820 | Train: Loss=0.0018 Acc=99.9% | Test: Acc=5.1% | Best=6.3%(@860)
  from x3: 0.07 0.05 0.05 0.05 0.05 0.05 0.05 0.05 0.05 0.05 0.05 0.05 0.05
  per-rule acc: 0.07 0.03
Epoch 2840 | Train: Loss=0.0027 Acc=99.9% | Test: Acc=5.0% | Best=6.3%(@860)
  from x3: 0.07 0.05 0.05 0.05 0.05 0.05 0.05 0.05 0.05 0.05 0.05 0.05 0.05
  per-rule acc: 0.08 0.02
Epoch 2860 | Train: Loss=0.0078 Acc=99.9% | Test: Acc=4.9% | Best=6.3%(@860)
  from x3: 0.07 0.06 0.05 0.05 0.05 0.05 0.05 0.05 0.05 0.05 0.05 0.05 0.05
  per-rule acc: 0.07 0.02
Epoch 2880 | Train: Loss=0.0017 Acc=99.9% | Test: Acc=5.0% | Best=6.3%(@860)
  from x3: 0.07 0.05 0.05 0.05 0.05 0.05 0.05 0.05 0.05 0.05 0.05 0.05 0.04
  per-rule acc: 0.08 0.02
Epoch 2900 | Train: Loss=0.0060 Acc=99.9% | Test: Acc=5.2% | Best=6.3%(@860)
  from x3: 0.07 0.06 0.05 0.05 0.05 0.05 0.05 0.05 0.05 0.05 0.05 0.05 0.05
  per-rule acc: 0.08 0.02
Epoch 2920 | Train: Loss=0.0015 Acc=99.9% | Test: Acc=5.1% | Best=6.3%(@860)
  from x3: 0.07 0.05 0.05 0.05 0.05 0.05 0.05 0.05 0.05 0.05 0.05 0.05 0.05
  per-rule acc: 0.08 0.02
Epoch 2940 | Train: Loss=0.0018 Acc=99.9% | Test: Acc=5.1% | Best=6.3%(@860)
  from x3: 0.07 0.05 0.05 0.05 0.05 0.05 0.05 0.05 0.05 0.05 0.05 0.05 0.05
  per-rule acc: 0.08 0.03
Epoch 2960 | Train: Loss=0.0016 Acc=99.9% | Test: Acc=4.5% | Best=6.3%(@860)
  from x3: 0.07 0.05 0.04 0.05 0.05 0.04 0.04 0.04 0.04 0.04 0.04 0.04 0.04
  per-rule acc: 0.07 0.02
Epoch 2980 | Train: Loss=0.0016 Acc=99.9% | Test: Acc=4.5% | Best=6.3%(@860)
  from x3: 0.07 0.05 0.05 0.04 0.04 0.04 0.04 0.04 0.04 0.04 0.04 0.04 0.04
  per-rule acc: 0.07 0.02
Epoch 3000 | Train: Loss=0.0015 Acc=99.9% | Test: Acc=4.7% | Best=6.3%(@860)
  from x3: 0.06 0.05 0.04 0.05 0.05 0.05 0.05 0.04 0.04 0.04 0.04 0.04 0.04
  per-rule acc: 0.07 0.03
Epoch 3020 | Train: Loss=0.0054 Acc=99.9% | Test: Acc=4.7% | Best=6.3%(@860)
  from x3: 0.07 0.05 0.05 0.04 0.05 0.04 0.05 0.05 0.05 0.05 0.05 0.05 0.04
  per-rule acc: 0.07 0.02
Epoch 3040 | Train: Loss=0.0014 Acc=99.9% | Test: Acc=4.5% | Best=6.3%(@860)
  from x3: 0.06 0.05 0.04 0.04 0.04 0.04 0.04 0.04 0.04 0.04 0.04 0.04 0.04
  per-rule acc: 0.07 0.02
Epoch 3060 | Train: Loss=0.0016 Acc=99.9% | Test: Acc=4.8% | Best=6.3%(@860)
  from x3: 0.06 0.05 0.05 0.05 0.05 0.05 0.05 0.05 0.05 0.05 0.05 0.05 0.05
  per-rule acc: 0.07 0.02
Epoch 3080 | Train: Loss=0.0038 Acc=99.9% | Test: Acc=4.6% | Best=6.3%(@860)
  from x3: 0.07 0.05 0.05 0.05 0.04 0.04 0.04 0.04 0.04 0.04 0.04 0.04 0.04
  per-rule acc: 0.07 0.02
Epoch 3100 | Train: Loss=0.0015 Acc=99.9% | Test: Acc=4.8% | Best=6.3%(@860)
  from x3: 0.07 0.05 0.05 0.05 0.05 0.05 0.05 0.05 0.04 0.04 0.04 0.04 0.04
  per-rule acc: 0.07 0.03
Epoch 3120 | Train: Loss=0.0120 Acc=99.8% | Test: Acc=4.7% | Best=6.3%(@860)
  from x3: 0.06 0.05 0.05 0.05 0.05 0.05 0.04 0.04 0.05 0.04 0.04 0.04 0.04
  per-rule acc: 0.07 0.02
Epoch 3140 | Train: Loss=0.0014 Acc=99.9% | Test: Acc=4.7% | Best=6.3%(@860)
  from x3: 0.07 0.05 0.04 0.04 0.04 0.04 0.04 0.04 0.04 0.04 0.04 0.04 0.04
  per-rule acc: 0.07 0.02
Epoch 3160 | Train: Loss=0.0167 Acc=99.7% | Test: Acc=4.7% | Best=6.3%(@860)
  from x3: 0.06 0.05 0.04 0.05 0.05 0.05 0.05 0.04 0.04 0.04 0.04 0.04 0.04
  per-rule acc: 0.07 0.02
Epoch 3180 | Train: Loss=0.0014 Acc=99.9% | Test: Acc=4.5% | Best=6.3%(@860)
  from x3: 0.07 0.05 0.05 0.04 0.04 0.04 0.04 0.04 0.04 0.04 0.04 0.04 0.04
  per-rule acc: 0.07 0.02
Epoch 3200 | Train: Loss=0.0017 Acc=99.9% | Test: Acc=4.9% | Best=6.3%(@860)
  from x3: 0.07 0.05 0.05 0.05 0.05 0.05 0.05 0.05 0.05 0.05 0.05 0.04 0.04
  per-rule acc: 0.07 0.03
Epoch 3220 | Train: Loss=0.0025 Acc=99.9% | Test: Acc=4.9% | Best=6.3%(@860)
  from x3: 0.07 0.05 0.05 0.05 0.05 0.05 0.05 0.05 0.05 0.05 0.05 0.05 0.05
  per-rule acc: 0.07 0.03
Epoch 3240 | Train: Loss=0.0015 Acc=99.9% | Test: Acc=4.8% | Best=6.3%(@860)
  from x3: 0.07 0.05 0.05 0.05 0.05 0.05 0.05 0.05 0.05 0.04 0.04 0.04 0.04
  per-rule acc: 0.07 0.02
Epoch 3260 | Train: Loss=0.0021 Acc=99.9% | Test: Acc=5.0% | Best=6.3%(@860)
  from x3: 0.07 0.05 0.05 0.05 0.05 0.05 0.05 0.05 0.05 0.05 0.05 0.04 0.05
  per-rule acc: 0.07 0.03
Epoch 3280 | Train: Loss=0.0016 Acc=99.9% | Test: Acc=4.7% | Best=6.3%(@860)
  from x3: 0.07 0.05 0.05 0.05 0.04 0.05 0.05 0.05 0.04 0.04 0.04 0.04 0.04
  per-rule acc: 0.07 0.02
Epoch 3300 | Train: Loss=0.0060 Acc=99.9% | Test: Acc=5.1% | Best=6.3%(@860)
  from x3: 0.07 0.05 0.05 0.05 0.05 0.05 0.05 0.05 0.05 0.05 0.05 0.05 0.05
  per-rule acc: 0.08 0.03
Epoch 3320 | Train: Loss=0.0014 Acc=99.9% | Test: Acc=5.1% | Best=6.3%(@860)
  from x3: 0.07 0.06 0.05 0.05 0.05 0.05 0.05 0.05 0.05 0.05 0.05 0.05 0.05
  per-rule acc: 0.08 0.02
Epoch 3340 | Train: Loss=0.0016 Acc=99.9% | Test: Acc=4.8% | Best=6.3%(@860)
  from x3: 0.07 0.06 0.05 0.05 0.05 0.04 0.04 0.04 0.04 0.04 0.05 0.04 0.04
  per-rule acc: 0.07 0.02
Epoch 3360 | Train: Loss=0.0019 Acc=99.9% | Test: Acc=4.8% | Best=6.3%(@860)
  from x3: 0.07 0.05 0.05 0.05 0.05 0.05 0.05 0.05 0.05 0.05 0.05 0.05 0.05
  per-rule acc: 0.08 0.02
Epoch 3380 | Train: Loss=0.0015 Acc=99.9% | Test: Acc=4.9% | Best=6.3%(@860)
  from x3: 0.07 0.05 0.05 0.05 0.05 0.05 0.05 0.05 0.05 0.04 0.04 0.05 0.04
  per-rule acc: 0.08 0.02
Epoch 3400 | Train: Loss=0.0114 Acc=99.8% | Test: Acc=4.7% | Best=6.3%(@860)
  from x3: 0.06 0.05 0.05 0.05 0.05 0.05 0.05 0.05 0.05 0.04 0.04 0.04 0.04
  per-rule acc: 0.07 0.02
Epoch 3420 | Train: Loss=0.0014 Acc=99.9% | Test: Acc=4.6% | Best=6.3%(@860)
  from x3: 0.06 0.05 0.05 0.04 0.04 0.05 0.04 0.04 0.04 0.04 0.04 0.04 0.04
  per-rule acc: 0.07 0.02
Epoch 3440 | Train: Loss=0.0022 Acc=99.9% | Test: Acc=4.7% | Best=6.3%(@860)
  from x3: 0.07 0.05 0.05 0.05 0.04 0.05 0.05 0.04 0.04 0.04 0.04 0.04 0.04
  per-rule acc: 0.07 0.03
Epoch 3460 | Train: Loss=0.0013 Acc=99.9% | Test: Acc=4.4% | Best=6.3%(@860)
  from x3: 0.07 0.05 0.05 0.04 0.04 0.04 0.04 0.04 0.04 0.04 0.04 0.04 0.04
  per-rule acc: 0.07 0.02
Epoch 3480 | Train: Loss=0.0016 Acc=99.9% | Test: Acc=4.7% | Best=6.3%(@860)
  from x3: 0.06 0.05 0.05 0.05 0.05 0.05 0.05 0.05 0.04 0.04 0.04 0.04 0.04
  per-rule acc: 0.07 0.02
Epoch 3500 | Train: Loss=0.0040 Acc=99.9% | Test: Acc=4.8% | Best=6.3%(@860)
  from x3: 0.06 0.05 0.05 0.05 0.05 0.05 0.05 0.05 0.05 0.05 0.05 0.04 0.04
  per-rule acc: 0.07 0.02
Epoch 3520 | Train: Loss=0.0014 Acc=99.9% | Test: Acc=4.7% | Best=6.3%(@860)
  from x3: 0.07 0.05 0.05 0.04 0.05 0.05 0.04 0.04 0.04 0.04 0.04 0.04 0.04
  per-rule acc: 0.07 0.02
Epoch 3540 | Train: Loss=0.0016 Acc=99.9% | Test: Acc=4.7% | Best=6.3%(@860)
  from x3: 0.07 0.05 0.05 0.05 0.05 0.05 0.05 0.04 0.04 0.04 0.04 0.04 0.04
  per-rule acc: 0.07 0.02
Epoch 3560 | Train: Loss=0.0018 Acc=99.9% | Test: Acc=5.2% | Best=6.3%(@860)
  from x3: 0.07 0.05 0.05 0.05 0.05 0.05 0.05 0.05 0.05 0.05 0.05 0.05 0.05
  per-rule acc: 0.08 0.02
Epoch 3580 | Train: Loss=0.0015 Acc=99.9% | Test: Acc=5.0% | Best=6.3%(@860)
  from x3: 0.07 0.06 0.05 0.05 0.05 0.05 0.05 0.05 0.05 0.05 0.05 0.05 0.05
  per-rule acc: 0.08 0.02
Epoch 3600 | Train: Loss=0.0056 Acc=99.9% | Test: Acc=4.5% | Best=6.3%(@860)
  from x3: 0.06 0.05 0.05 0.04 0.04 0.04 0.05 0.04 0.04 0.04 0.04 0.04 0.04
  per-rule acc: 0.07 0.02
Epoch 3620 | Train: Loss=0.0014 Acc=99.9% | Test: Acc=4.7% | Best=6.3%(@860)
  from x3: 0.07 0.05 0.05 0.05 0.05 0.04 0.05 0.05 0.05 0.04 0.04 0.05 0.04
  per-rule acc: 0.07 0.02
Epoch 3640 | Train: Loss=0.0017 Acc=99.9% | Test: Acc=4.6% | Best=6.3%(@860)
  from x3: 0.06 0.05 0.05 0.05 0.05 0.05 0.04 0.04 0.04 0.04 0.04 0.04 0.04
  per-rule acc: 0.07 0.02
Epoch 3660 | Train: Loss=0.0012 Acc=99.9% | Test: Acc=4.9% | Best=6.3%(@860)
  from x3: 0.06 0.05 0.05 0.05 0.05 0.05 0.05 0.05 0.05 0.05 0.05 0.05 0.04
  per-rule acc: 0.07 0.02
Epoch 3680 | Train: Loss=0.0015 Acc=99.9% | Test: Acc=4.7% | Best=6.3%(@860)
  from x3: 0.06 0.05 0.05 0.05 0.05 0.05 0.05 0.05 0.04 0.04 0.04 0.04 0.04
  per-rule acc: 0.07 0.02
Epoch 3700 | Train: Loss=0.0040 Acc=99.9% | Test: Acc=4.9% | Best=6.3%(@860)
  from x3: 0.07 0.05 0.05 0.05 0.05 0.05 0.05 0.05 0.05 0.05 0.05 0.05 0.05
  per-rule acc: 0.08 0.02
Epoch 3720 | Train: Loss=0.0015 Acc=99.9% | Test: Acc=4.8% | Best=6.3%(@860)
  from x3: 0.07 0.05 0.05 0.05 0.05 0.05 0.04 0.04 0.05 0.04 0.05 0.05 0.05
  per-rule acc: 0.07 0.02
Epoch 3740 | Train: Loss=0.0017 Acc=99.9% | Test: Acc=4.7% | Best=6.3%(@860)
  from x3: 0.07 0.05 0.05 0.05 0.05 0.05 0.05 0.05 0.05 0.05 0.04 0.05 0.04
  per-rule acc: 0.07 0.02
Epoch 3760 | Train: Loss=0.0015 Acc=99.9% | Test: Acc=4.9% | Best=6.3%(@860)
  from x3: 0.07 0.05 0.05 0.05 0.05 0.05 0.05 0.05 0.05 0.05 0.05 0.05 0.05
  per-rule acc: 0.07 0.02
Epoch 3780 | Train: Loss=0.0015 Acc=99.9% | Test: Acc=4.7% | Best=6.3%(@860)
  from x3: 0.07 0.05 0.05 0.05 0.05 0.05 0.05 0.05 0.04 0.04 0.04 0.04 0.04
  per-rule acc: 0.07 0.02
Epoch 3800 | Train: Loss=0.0113 Acc=99.8% | Test: Acc=4.5% | Best=6.3%(@860)
  from x3: 0.06 0.05 0.05 0.05 0.04 0.04 0.04 0.04 0.04 0.04 0.04 0.04 0.04
  per-rule acc: 0.07 0.02
Epoch 3820 | Train: Loss=0.0013 Acc=99.9% | Test: Acc=4.5% | Best=6.3%(@860)
  from x3: 0.07 0.05 0.04 0.04 0.04 0.04 0.04 0.04 0.04 0.04 0.04 0.04 0.04
  per-rule acc: 0.07 0.02
Epoch 3840 | Train: Loss=0.0015 Acc=99.9% | Test: Acc=4.7% | Best=6.3%(@860)
  from x3: 0.07 0.05 0.05 0.05 0.05 0.04 0.04 0.04 0.04 0.04 0.04 0.04 0.04
  per-rule acc: 0.07 0.02
Epoch 3860 | Train: Loss=0.0060 Acc=99.8% | Test: Acc=4.5% | Best=6.3%(@860)
  from x3: 0.07 0.05 0.04 0.04 0.04 0.04 0.04 0.04 0.04 0.04 0.04 0.04 0.04
  per-rule acc: 0.07 0.02
[Early stop] No improvement for 3000 consecutive epochs

==================================================
Saving model...
[OK] Model saved to: /home/cxm/ai/test0708/models/mixed_basic_d4096l1_r16_n2_e50.pth
  File size: 2393437.4 KB
  Best test accuracy: 6.34%

==================================================
Final generation test (given first two items, AB generates 3rd as prompt, validate from 4th)
==================================================

--- AB pair 1: (1, 1) ---

--- Statistics for AB=(1,1) ---
Exposed    samples:  1404 | In-dist: 18138/18252 ( 99.4%) | OOD: 22121/22464 ( 98.5%)
Unexposed  samples:  1405 | In-dist: 10609/18265 ( 58.1%) | OOD: 14518/22480 ( 64.6%)

--- AB pair 2: (1, 2) ---

--- Statistics for AB=(1,2) ---
Exposed    samples:  1404 | In-dist: 18122/18252 ( 99.3%) | OOD: 22090/22464 ( 98.3%)
Unexposed  samples:  1405 | In-dist:  6073/18265 ( 33.2%) | OOD:  9272/22480 ( 41.2%)

--- Return code: 0 ---

======================================================================
Attention Analysis
======================================================================
Model config: addition (default), p=53
Best test accuracy: 0.06337257049000822
Training epochs: 3860

Random test sequence 1/5 (length 32): [11, 47, 5, 52, 4, 3, 7, 10, 17, 27, 44, 18, 9, 27, 36, 10, 46, 3, 49, 52]...

======================================================================
Attention Layer Training Result Summary
======================================================================
Input sequence: [11, 47, 5, 52, 4, 3, 7, 10, 17, 27, 44, 18, 9, 27, 36, 10, 46, 3, 49, 52, 48, 47, 42, 36, 25, 8, 33, 41, 21, 9, 30, 39]

--- Layer 0 ---
  Head 0: Entropy=2.080
    Attention coefficients from each query position to previous positions:
      i= 0 -> j=0:1.000
      i= 1 -> j=0:0.505, j=1:0.495
      i= 2 -> j=0:0.376, j=1:0.279, j=2:0.345
      i= 3 -> j=0:0.169, j=1:0.344, j=2:0.251, j=3:0.236
      i= 4 -> j=0:0.052, j=1:0.098, j=2:0.187, j=3:0.386, j=4:0.277
      i= 5 -> j=0:0.037, j=1:0.051, j=2:0.087, j=3:0.181, j=4:0.349, j=5:0.295
      i= 6 -> j=0:0.024, j=1:0.037, j=2:0.082, j=3:0.215, j=4:0.233, j=5:0.195, j=6:0.214
      i= 7 -> j=0:0.019, j=1:0.026, j=2:0.031, j=3:0.082, j=4:0.107, j=5:0.321, j=6:0.241, j=7:0.173
      i= 8 -> j=0:0.013, j=1:0.006, j=2:0.019, j=3:0.021, j=4:0.090, j=5:0.122, j=6:0.254, j=7:0.247, j=8:0.228
      i= 9 -> j=0:0.014, j=1:0.009, j=2:0.008, j=3:0.006, j=4:0.010, j=5:0.082, j=6:0.131, j=7:0.181, j=8:0.308, j=9:0.251
      i=10 -> j=0:0.010, j=1:0.008, j=2:0.014, j=3:0.010, j=4:0.011, j=5:0.025, j=6:0.083, j=7:0.190, j=8:0.178, j=9:0.286, j=10:0.184
      i=11 -> j=0:0.014, j=1:0.026, j=2:0.024, j=3:0.033, j=4:0.029, j=5:0.053, j=6:0.070, j=7:0.150, j=8:0.067, j=9:0.149, j=10:0.214, j=11:0.169
      i=12 -> j=0:0.009, j=1:0.020, j=2:0.018, j=3:0.020, j=4:0.018, j=5:0.023, j=6:0.032, j=7:0.055, j=8:0.089, j=9:0.086, j=10:0.277, j=11:0.173, j=12:0.179
      i=13 -> j=0:0.009, j=1:0.011, j=2:0.010, j=3:0.014, j=4:0.014, j=5:0.011, j=6:0.008, j=7:0.011, j=8:0.012, j=9:0.028, j=10:0.043, j=11:0.299, j=12:0.303, j=13:0.227
      i=14 -> j=0:0.016, j=1:0.011, j=2:0.011, j=3:0.007, j=4:0.008, j=5:0.011, j=6:0.015, j=7:0.020, j=8:0.041, j=9:0.064, j=10:0.086, j=11:0.117, j=12:0.166, j=13:0.219, j=14:0.207
      i=15 -> j=0:0.020, j=1:0.012, j=2:0.008, j=3:0.007, j=4:0.008, j=5:0.017, j=6:0.015, j=7:0.013, j=8:0.022, j=9:0.022, j=10:0.037, j=11:0.108, j=12:0.199, j=13:0.223, j=14:0.147, j=15:0.142
      i=16 -> j=0:0.018, j=1:0.017, j=2:0.014, j=3:0.010, j=4:0.009, j=5:0.006, j=6:0.007, j=7:0.008, j=8:0.009, j=9:0.015, j=10:0.024, j=11:0.052, j=12:0.044, j=13:0.103, j=14:0.148, j=15:0.287, j=16:0.231
      i=17 -> j=0:0.025, j=1:0.022, j=2:0.019, j=3:0.014, j=4:0.011, j=5:0.006, j=6:0.006, j=7:0.005, j=8:0.007, j=9:0.008, j=10:0.011, j=11:0.025, j=12:0.027, j=13:0.057, j=14:0.071, j=15:0.167, j=16:0.287, j=17:0.234
      i=18 -> j=0:0.038, j=1:0.036, j=2:0.039, j=3:0.025, j=4:0.017, j=5:0.006, j=6:0.008, j=7:0.008, j=8:0.010, j=9:0.010, j=10:0.013, j=11:0.010, j=12:0.012, j=13:0.023, j=14:0.054, j=15:0.085, j=16:0.262, j=17:0.160, j=18:0.183
      i=19 -> j=0:0.023, j=1:0.024, j=2:0.021, j=3:0.020, j=4:0.014, j=5:0.006, j=6:0.006, j=7:0.006, j=8:0.003, j=9:0.006, j=10:0.006, j=11:0.013, j=12:0.006, j=13:0.013, j=14:0.019, j=15:0.054, j=16:0.217, j=17:0.210, j=18:0.176, j=19:0.155
      i=20 -> j=0:0.028, j=1:0.028, j=2:0.024, j=3:0.024, j=4:0.018, j=5:0.012, j=6:0.008, j=7:0.006, j=8:0.005, j=9:0.005, j=10:0.005, j=11:0.010, j=12:0.007, j=13:0.009, j=14:0.010, j=15:0.024, j=16:0.090, j=17:0.179, j=18:0.150, j=19:0.208, j=20:0.152
      i=21 -> j=0:0.035, j=1:0.030, j=2:0.025, j=3:0.027, j=4:0.026, j=5:0.020, j=6:0.013, j=7:0.010, j=8:0.007, j=9:0.007, j=10:0.005, j=11:0.010, j=12:0.006, j=13:0.006, j=14:0.013, j=15:0.023, j=16:0.040, j=17:0.109, j=18:0.135, j=19:0.205, j=20:0.116, j=21:0.134
      i=22 -> j=0:0.034, j=1:0.034, j=2:0.028, j=3:0.027, j=4:0.026, j=5:0.023, j=6:0.016, j=7:0.010, j=8:0.011, j=9:0.004, j=10:0.007, j=11:0.007, j=12:0.011, j=13:0.014, j=14:0.008, j=15:0.009, j=16:0.013, j=17:0.026, j=18:0.057, j=19:0.104, j=20:0.269, j=21:0.111, j=22:0.149
      i=23 -> j=0:0.040, j=1:0.039, j=2:0.043, j=3:0.039, j=4:0.035, j=5:0.025, j=6:0.020, j=7:0.016, j=8:0.015, j=9:0.013, j=10:0.009, j=11:0.008, j=12:0.005, j=13:0.005, j=14:0.006, j=15:0.008, j=16:0.023, j=17:0.033, j=18:0.025, j=19:0.040, j=20:0.082, j=21:0.113, j=22:0.215, j=23:0.141
      i=24 -> j=0:0.035, j=1:0.036, j=2:0.037, j=3:0.038, j=4:0.040, j=5:0.032, j=6:0.025, j=7:0.021, j=8:0.018, j=9:0.015, j=10:0.009, j=11:0.008, j=12:0.005, j=13:0.004, j=14:0.005, j=15:0.005, j=16:0.010, j=17:0.016, j=18:0.011, j=19:0.018, j=20:0.041, j=21:0.088, j=22:0.123, j=23:0.172, j=24:0.190
      i=25 -> j=0:0.032, j=1:0.034, j=2:0.044, j=3:0.042, j=4:0.046, j=5:0.027, j=6:0.027, j=7:0.026, j=8:0.021, j=9:0.019, j=10:0.011, j=11:0.006, j=12:0.005, j=13:0.004, j=14:0.009, j=15:0.009, j=16:0.015, j=17:0.014, j=18:0.008, j=19:0.009, j=20:0.017, j=21:0.069, j=22:0.110, j=23:0.158, j=24:0.115, j=25:0.124
      i=26 -> j=0:0.032, j=1:0.028, j=2:0.030, j=3:0.032, j=4:0.033, j=5:0.035, j=6:0.031, j=7:0.029, j=8:0.022, j=9:0.023, j=10:0.014, j=11:0.011, j=12:0.007, j=13:0.006, j=14:0.006, j=15:0.005, j=16:0.005, j=17:0.007, j=18:0.007, j=19:0.009, j=20:0.011, j=21:0.021, j=22:0.030, j=23:0.076, j=24:0.141, j=25:0.194, j=26:0.154
      i=27 -> j=0:0.035, j=1:0.035, j=2:0.033, j=3:0.035, j=4:0.034, j=5:0.035, j=6:0.034, j=7:0.033, j=8:0.027, j=9:0.026, j=10:0.018, j=11:0.014, j=12:0.012, j=13:0.009, j=14:0.007, j=15:0.004, j=16:0.004, j=17:0.004, j=18:0.004, j=19:0.005, j=20:0.008, j=21:0.010, j=22:0.012, j=23:0.035, j=24:0.080, j=25:0.118, j=26:0.171, j=27:0.157
      i=28 -> j=0:0.028, j=1:0.028, j=2:0.026, j=3:0.029, j=4:0.029, j=5:0.036, j=6:0.033, j=7:0.033, j=8:0.031, j=9:0.029, j=10:0.025, j=11:0.026, j=12:0.017, j=13:0.016, j=14:0.008, j=15:0.006, j=16:0.004, j=17:0.005, j=18:0.006, j=19:0.007, j=20:0.007, j=21:0.006, j=22:0.007, j=23:0.014, j=24:0.046, j=25:0.078, j=26:0.166, j=27:0.125, j=28:0.129
      i=29 -> j=0:0.024, j=1:0.023, j=2:0.023, j=3:0.022, j=4:0.022, j=5:0.029, j=6:0.028, j=7:0.025, j=8:0.027, j=9:0.021, j=10:0.023, j=11:0.016, j=12:0.017, j=13:0.016, j=14:0.007, j=15:0.005, j=16:0.004, j=17:0.005, j=18:0.007, j=19:0.008, j=20:0.012, j=21:0.007, j=22:0.011, j=23:0.009, j=24:0.033, j=25:0.065, j=26:0.141, j=27:0.175, j=28:0.102, j=29:0.092
      i=30 -> j=0:0.020, j=1:0.023, j=2:0.025, j=3:0.024, j=4:0.021, j=5:0.020, j=6:0.023, j=7:0.022, j=8:0.026, j=9:0.021, j=10:0.025, j=11:0.016, j=12:0.025, j=13:0.020, j=14:0.011, j=15:0.006, j=16:0.004, j=17:0.003, j=18:0.005, j=19:0.005, j=20:0.009, j=21:0.007, j=22:0.008, j=23:0.005, j=24:0.012, j=25:0.019, j=26:0.038, j=27:0.125, j=28:0.196, j=29:0.119, j=30:0.118
      i=31 -> j=0:0.027, j=1:0.029, j=2:0.028, j=3:0.030, j=4:0.031, j=5:0.033, j=6:0.031, j=7:0.030, j=8:0.029, j=9:0.028, j=10:0.025, j=11:0.026, j=12:0.022, j=13:0.020, j=14:0.015, j=15:0.011, j=16:0.009, j=17:0.008, j=18:0.006, j=19:0.005, j=20:0.004, j=21:0.005, j=22:0.006, j=23:0.008, j=24:0.019, j=25:0.020, j=26:0.030, j=27:0.045, j=28:0.055, j=29:0.086, j=30:0.172, j=31:0.105
    Average attention per distance:
      d=0:0.221, d=1:0.220, d=2:0.202, d=3:0.116, d=4:0.066, d=5:0.030, d=6:0.019, d=7:0.013
      d=8:0.011, d=9:0.010, d=15:0.014, d=16:0.018, d=17:0.022, d=18:0.025, d=19:0.026, d=20:0.030
      d=21:0.034, d=22:0.033, d=23:0.034, d=24:0.031, d=25:0.028, d=26:0.028, d=27:0.028, d=28:0.026
      d=29:0.025, d=30:0.025, d=31:0.027


======================================================================
QK Property Verification (Raw Scores, before Softmax)
======================================================================
Recurrence order init_len=2, num test sequences=1

--- [P1] Long-distance Orthogonality Verification ---
Ideal: raw_score mean ≈ 0 and small std when d > init_len

  Layer 0, Head 0:
    d= 1 (effective): mean=  1.920, std= 0.299, n=31
    d= 2 (effective): mean=  1.886, std= 0.365, n=30
    d>2 (long-distance): mean= -0.333, std= 0.863, n=435

--- [P2] Time-homogeneous Verification ---
Ideal: CV of raw_score across positions i ≈ 0 for fixed distance d
(CV = std / |mean|, smaller = more constant)

  Layer 0, Head 0:
    d= 1: mean=  1.920, std= 0.299, CV=0.156, n=31
    d= 2: mean=  1.886, std= 0.365, CV=0.194, n=30

======================================================================
QK Property Verification Completed
======================================================================
