Using experiments config: 0714.json
Total experiments: 56, concurrency: 8
--------------------------------------------------
Detected 8 GPUs, distributing experiments round-robin
[06:13:30] Start experiment: mixed_cond_d512l2r8_e0.7_0.6_seed0
[06:13:30] Start experiment: mixed_cond_d512l2r8_e0.7_0.6_seed1
[06:13:30] Start experiment: mixed_cond_d512l2r8_e0.7_0.6_seed2
[06:13:30] Start experiment: mixed_cond_d512l2r8_e0.7_0.6_seed3
[06:13:30] Start experiment: mixed_cond_d512l2r8_e0.7_0.6_seed4
[06:13:30] Start experiment: mixed_cond_d512l2r8_e0.7_0.6_seed5
[06:13:30] Start experiment: mixed_cond_d512l2r8_e0.7_0.6_seed6[06:13:30] Start experiment: mixed_cond_d512l2r8_e0.7_0.6_seed7

[06:14:56] Start attention analysis: mixed_cond_d512l2r8_e0.7_0.6_seed0
[06:14:59] Attention analysis completed: mixed_cond_d512l2r8_e0.7_0.6_seed0
[06:14:59] Experiment completed: mixed_cond_d512l2r8_e0.7_0.6_seed0 (89s), log: /data/cxm/0714/logs/mixed_cond_d512l2r8_e0.7_0.6_seed0.log
[06:14:59] Start experiment: mixed_cond_d512l2r8_e0.7_0.7_seed0
[06:15:01] Start attention analysis: mixed_cond_d512l2r8_e0.7_0.6_seed1
[06:15:02] Start attention analysis: mixed_cond_d512l2r8_e0.7_0.6_seed5
[06:15:04] Attention analysis completed: mixed_cond_d512l2r8_e0.7_0.6_seed1
[06:15:04] Experiment completed: mixed_cond_d512l2r8_e0.7_0.6_seed1 (94s), log: /data/cxm/0714/logs/mixed_cond_d512l2r8_e0.7_0.6_seed1.log
[06:15:04] Start experiment: mixed_cond_d512l2r8_e0.7_0.7_seed1
[06:15:04] Start attention analysis: mixed_cond_d512l2r8_e0.7_0.6_seed6
[06:15:05] Start attention analysis: mixed_cond_d512l2r8_e0.7_0.6_seed2
[06:15:05] Start attention analysis: mixed_cond_d512l2r8_e0.7_0.6_seed3
[06:15:05] Attention analysis completed: mixed_cond_d512l2r8_e0.7_0.6_seed5
[06:15:05] Experiment completed: mixed_cond_d512l2r8_e0.7_0.6_seed5 (95s), log: /data/cxm/0714/logs/mixed_cond_d512l2r8_e0.7_0.6_seed5.log
[06:15:05] Start experiment: mixed_cond_d512l2r8_e0.7_0.7_seed2
[06:15:07] Start attention analysis: mixed_cond_d512l2r8_e0.7_0.6_seed7
[06:15:08] Attention analysis completed: mixed_cond_d512l2r8_e0.7_0.6_seed6
[06:15:08] Experiment completed: mixed_cond_d512l2r8_e0.7_0.6_seed6 (98s), log: /data/cxm/0714/logs/mixed_cond_d512l2r8_e0.7_0.6_seed6.log
[06:15:08] Start experiment: mixed_cond_d512l2r8_e0.7_0.7_seed3
[06:15:08] Attention analysis completed: mixed_cond_d512l2r8_e0.7_0.6_seed2
[06:15:08] Experiment completed: mixed_cond_d512l2r8_e0.7_0.6_seed2 (98s), log: /data/cxm/0714/logs/mixed_cond_d512l2r8_e0.7_0.6_seed2.log
[06:15:08] Start experiment: mixed_cond_d512l2r8_e0.7_0.7_seed4
[06:15:08] Attention analysis completed: mixed_cond_d512l2r8_e0.7_0.6_seed3
[06:15:08] Experiment completed: mixed_cond_d512l2r8_e0.7_0.6_seed3 (98s), log: /data/cxm/0714/logs/mixed_cond_d512l2r8_e0.7_0.6_seed3.log
[06:15:08] Start experiment: mixed_cond_d512l2r8_e0.7_0.7_seed5
[06:15:11] Attention analysis completed: mixed_cond_d512l2r8_e0.7_0.6_seed7
[06:15:11] Experiment completed: mixed_cond_d512l2r8_e0.7_0.6_seed7 (101s), log: /data/cxm/0714/logs/mixed_cond_d512l2r8_e0.7_0.6_seed7.log
[06:15:11] Start experiment: mixed_cond_d512l2r8_e0.7_0.7_seed6
[06:15:12] Start attention analysis: mixed_cond_d512l2r8_e0.7_0.6_seed4
[06:15:15] Attention analysis completed: mixed_cond_d512l2r8_e0.7_0.6_seed4
[06:15:15] Experiment completed: mixed_cond_d512l2r8_e0.7_0.6_seed4 (105s), log: /data/cxm/0714/logs/mixed_cond_d512l2r8_e0.7_0.6_seed4.log
[06:15:15] Start experiment: mixed_cond_d512l2r8_e0.7_0.7_seed7
[06:16:19] Start attention analysis: mixed_cond_d512l2r8_e0.7_0.7_seed0
[06:16:22] Attention analysis completed: mixed_cond_d512l2r8_e0.7_0.7_seed0
[06:16:22] Experiment completed: mixed_cond_d512l2r8_e0.7_0.7_seed0 (82s), log: /data/cxm/0714/logs/mixed_cond_d512l2r8_e0.7_0.7_seed0.log
[06:16:22] Start experiment: mixed_cond_d512l2r8_e0.7_0.8_seed0
[06:16:23] Start attention analysis: mixed_cond_d512l2r8_e0.7_0.7_seed6
[06:16:26] Start attention analysis: mixed_cond_d512l2r8_e0.7_0.7_seed1
[06:16:26] Attention analysis completed: mixed_cond_d512l2r8_e0.7_0.7_seed6
[06:16:26] Experiment completed: mixed_cond_d512l2r8_e0.7_0.7_seed6 (75s), log: /data/cxm/0714/logs/mixed_cond_d512l2r8_e0.7_0.7_seed6.log
[06:16:26] Start experiment: mixed_cond_d512l2r8_e0.7_0.8_seed1
[06:16:27] Start attention analysis: mixed_cond_d512l2r8_e0.7_0.7_seed2
[06:16:27] Attention analysis completed: mixed_cond_d512l2r8_e0.7_0.7_seed1
[06:16:28] Experiment completed: mixed_cond_d512l2r8_e0.7_0.7_seed1 (83s), log: /data/cxm/0714/logs/mixed_cond_d512l2r8_e0.7_0.7_seed1.log
[06:16:28] Start experiment: mixed_cond_d512l2r8_e0.7_0.8_seed2
[06:16:29] Attention analysis completed: mixed_cond_d512l2r8_e0.7_0.7_seed2
[06:16:29] Experiment completed: mixed_cond_d512l2r8_e0.7_0.7_seed2 (84s), log: /data/cxm/0714/logs/mixed_cond_d512l2r8_e0.7_0.7_seed2.log
[06:16:29] Start experiment: mixed_cond_d512l2r8_e0.7_0.8_seed3
[06:16:31] Start attention analysis: mixed_cond_d512l2r8_e0.7_0.7_seed4
[06:16:31] Start attention analysis: mixed_cond_d512l2r8_e0.7_0.7_seed5
[06:16:31] Start attention analysis: mixed_cond_d512l2r8_e0.7_0.7_seed3
[06:16:33] Attention analysis completed: mixed_cond_d512l2r8_e0.7_0.7_seed4
[06:16:33] Experiment completed: mixed_cond_d512l2r8_e0.7_0.7_seed4 (85s), log: /data/cxm/0714/logs/mixed_cond_d512l2r8_e0.7_0.7_seed4.log
[06:16:33] Start experiment: mixed_cond_d512l2r8_e0.7_0.8_seed4
[06:16:34] Attention analysis completed: mixed_cond_d512l2r8_e0.7_0.7_seed5
[06:16:34] Experiment completed: mixed_cond_d512l2r8_e0.7_0.7_seed5 (86s), log: /data/cxm/0714/logs/mixed_cond_d512l2r8_e0.7_0.7_seed5.log
[06:16:34] Start experiment: mixed_cond_d512l2r8_e0.7_0.8_seed5
[06:16:34] Attention analysis completed: mixed_cond_d512l2r8_e0.7_0.7_seed3
[06:16:34] Experiment completed: mixed_cond_d512l2r8_e0.7_0.7_seed3 (87s), log: /data/cxm/0714/logs/mixed_cond_d512l2r8_e0.7_0.7_seed3.log
[06:16:34] Start experiment: mixed_cond_d512l2r8_e0.7_0.8_seed6
[06:16:47] Start attention analysis: mixed_cond_d512l2r8_e0.7_0.7_seed7
[06:16:49] Attention analysis completed: mixed_cond_d512l2r8_e0.7_0.7_seed7
[06:16:49] Experiment completed: mixed_cond_d512l2r8_e0.7_0.7_seed7 (93s), log: /data/cxm/0714/logs/mixed_cond_d512l2r8_e0.7_0.7_seed7.log
[06:16:49] Start experiment: mixed_cond_d512l2r8_e0.7_0.8_seed7
[06:17:15] Start attention analysis: mixed_cond_d512l2r8_e0.7_0.8_seed0
[06:17:18] Attention analysis completed: mixed_cond_d512l2r8_e0.7_0.8_seed0
[06:17:18] Experiment completed: mixed_cond_d512l2r8_e0.7_0.8_seed0 (56s), log: /data/cxm/0714/logs/mixed_cond_d512l2r8_e0.7_0.8_seed0.log
[06:17:18] Start experiment: mixed_cond_d512l2r8_e0.8_0.5_seed0
[06:17:23] Start attention analysis: mixed_cond_d512l2r8_e0.7_0.8_seed1
[06:17:24] Start attention analysis: mixed_cond_d512l2r8_e0.7_0.8_seed2
[06:17:26] Start attention analysis: mixed_cond_d512l2r8_e0.7_0.8_seed3
[06:17:26] Attention analysis completed: mixed_cond_d512l2r8_e0.7_0.8_seed1
[06:17:26] Experiment completed: mixed_cond_d512l2r8_e0.7_0.8_seed1 (60s), log: /data/cxm/0714/logs/mixed_cond_d512l2r8_e0.7_0.8_seed1.log
[06:17:26] Start experiment: mixed_cond_d512l2r8_e0.8_0.5_seed1
[06:17:27] Attention analysis completed: mixed_cond_d512l2r8_e0.7_0.8_seed2
[06:17:27] Experiment completed: mixed_cond_d512l2r8_e0.7_0.8_seed2 (59s), log: /data/cxm/0714/logs/mixed_cond_d512l2r8_e0.7_0.8_seed2.log
[06:17:27] Start experiment: mixed_cond_d512l2r8_e0.8_0.5_seed2
[06:17:29] Attention analysis completed: mixed_cond_d512l2r8_e0.7_0.8_seed3
[06:17:29] Experiment completed: mixed_cond_d512l2r8_e0.7_0.8_seed3 (59s), log: /data/cxm/0714/logs/mixed_cond_d512l2r8_e0.7_0.8_seed3.log
[06:17:29] Start experiment: mixed_cond_d512l2r8_e0.8_0.5_seed3
[06:17:31] Start attention analysis: mixed_cond_d512l2r8_e0.7_0.8_seed6
[06:17:31] Start attention analysis: mixed_cond_d512l2r8_e0.7_0.8_seed4
[06:17:33] Attention analysis completed: mixed_cond_d512l2r8_e0.7_0.8_seed6
[06:17:33] Experiment completed: mixed_cond_d512l2r8_e0.7_0.8_seed6 (59s), log: /data/cxm/0714/logs/mixed_cond_d512l2r8_e0.7_0.8_seed6.log
[06:17:33] Start experiment: mixed_cond_d512l2r8_e0.8_0.5_seed4
[06:17:33] Attention analysis completed: mixed_cond_d512l2r8_e0.7_0.8_seed4
[06:17:33] Experiment completed: mixed_cond_d512l2r8_e0.7_0.8_seed4 (60s), log: /data/cxm/0714/logs/mixed_cond_d512l2r8_e0.7_0.8_seed4.log
[06:17:33] Start experiment: mixed_cond_d512l2r8_e0.8_0.5_seed5
[06:17:46] Start attention analysis: mixed_cond_d512l2r8_e0.7_0.8_seed7
[06:17:49] Attention analysis completed: mixed_cond_d512l2r8_e0.7_0.8_seed7
[06:17:49] Experiment completed: mixed_cond_d512l2r8_e0.7_0.8_seed7 (60s), log: /data/cxm/0714/logs/mixed_cond_d512l2r8_e0.7_0.8_seed7.log
[06:17:49] Start experiment: mixed_cond_d512l2r8_e0.8_0.5_seed6
[06:19:10] Start attention analysis: mixed_cond_d512l2r8_e0.8_0.5_seed1
[06:19:13] Attention analysis completed: mixed_cond_d512l2r8_e0.8_0.5_seed1
[06:19:13] Experiment completed: mixed_cond_d512l2r8_e0.8_0.5_seed1 (108s), log: /data/cxm/0714/logs/mixed_cond_d512l2r8_e0.8_0.5_seed1.log
[06:19:13] Start experiment: mixed_cond_d512l2r8_e0.8_0.5_seed7
[06:19:14] Start attention analysis: mixed_cond_d512l2r8_e0.8_0.5_seed3
[06:19:16] Attention analysis completed: mixed_cond_d512l2r8_e0.8_0.5_seed3
[06:19:16] Experiment completed: mixed_cond_d512l2r8_e0.8_0.5_seed3 (108s), log: /data/cxm/0714/logs/mixed_cond_d512l2r8_e0.8_0.5_seed3.log
[06:19:16] Start experiment: mixed_cond_d512l2r8_e0.8_0.6_seed0
[06:19:22] Start attention analysis: mixed_cond_d512l2r8_e0.8_0.5_seed0
[06:19:24] Start attention analysis: mixed_cond_d512l2r8_e0.8_0.5_seed2
[06:19:24] Start attention analysis: mixed_cond_d512l2r8_e0.8_0.5_seed4
[06:19:25] Attention analysis completed: mixed_cond_d512l2r8_e0.8_0.5_seed0
[06:19:25] Experiment completed: mixed_cond_d512l2r8_e0.8_0.5_seed0 (127s), log: /data/cxm/0714/logs/mixed_cond_d512l2r8_e0.8_0.5_seed0.log
[06:19:25] Start experiment: mixed_cond_d512l2r8_e0.8_0.6_seed1
[06:19:26] Attention analysis completed: mixed_cond_d512l2r8_e0.8_0.5_seed2
[06:19:26] Experiment completed: mixed_cond_d512l2r8_e0.8_0.5_seed2 (119s), log: /data/cxm/0714/logs/mixed_cond_d512l2r8_e0.8_0.5_seed2.log
[06:19:26] Start experiment: mixed_cond_d512l2r8_e0.8_0.6_seed2
[06:19:27] Attention analysis completed: mixed_cond_d512l2r8_e0.8_0.5_seed4
[06:19:27] Experiment completed: mixed_cond_d512l2r8_e0.8_0.5_seed4 (114s), log: /data/cxm/0714/logs/mixed_cond_d512l2r8_e0.8_0.5_seed4.log
[06:19:27] Start experiment: mixed_cond_d512l2r8_e0.8_0.6_seed3
[06:19:33] Start attention analysis: mixed_cond_d512l2r8_e0.8_0.5_seed6
[06:19:36] Attention analysis completed: mixed_cond_d512l2r8_e0.8_0.5_seed6
[06:19:36] Experiment completed: mixed_cond_d512l2r8_e0.8_0.5_seed6 (107s), log: /data/cxm/0714/logs/mixed_cond_d512l2r8_e0.8_0.5_seed6.log
[06:19:36] Start experiment: mixed_cond_d512l2r8_e0.8_0.6_seed4
[06:19:46] Start attention analysis: mixed_cond_d512l2r8_e0.7_0.8_seed5
[06:19:49] Attention analysis completed: mixed_cond_d512l2r8_e0.7_0.8_seed5
[06:19:49] Experiment completed: mixed_cond_d512l2r8_e0.7_0.8_seed5 (195s), log: /data/cxm/0714/logs/mixed_cond_d512l2r8_e0.7_0.8_seed5.log
[06:19:49] Start experiment: mixed_cond_d512l2r8_e0.8_0.6_seed5
[06:20:43] Start attention analysis: mixed_cond_d512l2r8_e0.8_0.6_seed0
[06:20:46] Attention analysis completed: mixed_cond_d512l2r8_e0.8_0.6_seed0
[06:20:46] Experiment completed: mixed_cond_d512l2r8_e0.8_0.6_seed0 (90s), log: /data/cxm/0714/logs/mixed_cond_d512l2r8_e0.8_0.6_seed0.log
[06:20:46] Start experiment: mixed_cond_d512l2r8_e0.8_0.6_seed6
[06:20:54] Start attention analysis: mixed_cond_d512l2r8_e0.8_0.6_seed2
[06:20:54] Start attention analysis: mixed_cond_d512l2r8_e0.8_0.5_seed7
[06:20:56] Start attention analysis: mixed_cond_d512l2r8_e0.8_0.6_seed3
[06:20:57] Attention analysis completed: mixed_cond_d512l2r8_e0.8_0.6_seed2
[06:20:57] Experiment completed: mixed_cond_d512l2r8_e0.8_0.6_seed2 (90s), log: /data/cxm/0714/logs/mixed_cond_d512l2r8_e0.8_0.6_seed2.log
[06:20:57] Start experiment: mixed_cond_d512l2r8_e0.8_0.6_seed7
[06:20:57] Attention analysis completed: mixed_cond_d512l2r8_e0.8_0.5_seed7
[06:20:57] Experiment completed: mixed_cond_d512l2r8_e0.8_0.5_seed7 (104s), log: /data/cxm/0714/logs/mixed_cond_d512l2r8_e0.8_0.5_seed7.log
[06:20:57] Start experiment: mixed_cond_d512l2r8_e0.8_0.7_seed0
[06:20:59] Attention analysis completed: mixed_cond_d512l2r8_e0.8_0.6_seed3
[06:20:59] Experiment completed: mixed_cond_d512l2r8_e0.8_0.6_seed3 (91s), log: /data/cxm/0714/logs/mixed_cond_d512l2r8_e0.8_0.6_seed3.log
[06:20:59] Start experiment: mixed_cond_d512l2r8_e0.8_0.7_seed1
[06:21:05] Start attention analysis: mixed_cond_d512l2r8_e0.8_0.6_seed1
[06:21:08] Attention analysis completed: mixed_cond_d512l2r8_e0.8_0.6_seed1
[06:21:08] Experiment completed: mixed_cond_d512l2r8_e0.8_0.6_seed1 (103s), log: /data/cxm/0714/logs/mixed_cond_d512l2r8_e0.8_0.6_seed1.log
[06:21:08] Start experiment: mixed_cond_d512l2r8_e0.8_0.7_seed2
[06:21:12] Start attention analysis: mixed_cond_d512l2r8_e0.8_0.6_seed4
[06:21:16] Attention analysis completed: mixed_cond_d512l2r8_e0.8_0.6_seed4
[06:21:16] Experiment completed: mixed_cond_d512l2r8_e0.8_0.6_seed4 (99s), log: /data/cxm/0714/logs/mixed_cond_d512l2r8_e0.8_0.6_seed4.log
[06:21:16] Start experiment: mixed_cond_d512l2r8_e0.8_0.7_seed3
[06:21:19] Start attention analysis: mixed_cond_d512l2r8_e0.8_0.5_seed5
[06:21:22] Attention analysis completed: mixed_cond_d512l2r8_e0.8_0.5_seed5
[06:21:22] Experiment completed: mixed_cond_d512l2r8_e0.8_0.5_seed5 (228s), log: /data/cxm/0714/logs/mixed_cond_d512l2r8_e0.8_0.5_seed5.log
[06:21:22] Start experiment: mixed_cond_d512l2r8_e0.8_0.7_seed4
[06:22:03] Start attention analysis: mixed_cond_d512l2r8_e0.8_0.6_seed5
[06:22:06] Attention analysis completed: mixed_cond_d512l2r8_e0.8_0.6_seed5
[06:22:06] Experiment completed: mixed_cond_d512l2r8_e0.8_0.6_seed5 (137s), log: /data/cxm/0714/logs/mixed_cond_d512l2r8_e0.8_0.6_seed5.log
[06:22:06] Start experiment: mixed_cond_d512l2r8_e0.8_0.7_seed5
[06:22:08] Start attention analysis: mixed_cond_d512l2r8_e0.8_0.6_seed6
[06:22:08] Start attention analysis: mixed_cond_d512l2r8_e0.8_0.7_seed2
[06:22:11] Attention analysis completed: mixed_cond_d512l2r8_e0.8_0.6_seed6
[06:22:11] Experiment completed: mixed_cond_d512l2r8_e0.8_0.6_seed6 (85s), log: /data/cxm/0714/logs/mixed_cond_d512l2r8_e0.8_0.6_seed6.log
[06:22:11] Start experiment: mixed_cond_d512l2r8_e0.8_0.7_seed6
[06:22:11] Attention analysis completed: mixed_cond_d512l2r8_e0.8_0.7_seed2
[06:22:11] Experiment completed: mixed_cond_d512l2r8_e0.8_0.7_seed2 (63s), log: /data/cxm/0714/logs/mixed_cond_d512l2r8_e0.8_0.7_seed2.log
[06:22:11] Start experiment: mixed_cond_d512l2r8_e0.8_0.7_seed7
[06:22:17] Start attention analysis: mixed_cond_d512l2r8_e0.8_0.7_seed0
[06:22:18] Start attention analysis: mixed_cond_d512l2r8_e0.8_0.7_seed1
[06:22:20] Attention analysis completed: mixed_cond_d512l2r8_e0.8_0.7_seed0
[06:22:20] Experiment completed: mixed_cond_d512l2r8_e0.8_0.7_seed0 (83s), log: /data/cxm/0714/logs/mixed_cond_d512l2r8_e0.8_0.7_seed0.log
[06:22:20] Start experiment: mixed_cond_d512l2r8_e0.8_0.8_seed0
[06:22:21] Attention analysis completed: mixed_cond_d512l2r8_e0.8_0.7_seed1
[06:22:21] Experiment completed: mixed_cond_d512l2r8_e0.8_0.7_seed1 (82s), log: /data/cxm/0714/logs/mixed_cond_d512l2r8_e0.8_0.7_seed1.log
[06:22:21] Start experiment: mixed_cond_d512l2r8_e0.8_0.8_seed1
[06:22:31] Start attention analysis: mixed_cond_d512l2r8_e0.8_0.6_seed7
[06:22:34] Attention analysis completed: mixed_cond_d512l2r8_e0.8_0.6_seed7
[06:22:34] Experiment completed: mixed_cond_d512l2r8_e0.8_0.6_seed7 (97s), log: /data/cxm/0714/logs/mixed_cond_d512l2r8_e0.8_0.6_seed7.log
[06:22:34] Start experiment: mixed_cond_d512l2r8_e0.8_0.8_seed2
[06:22:37] Start attention analysis: mixed_cond_d512l2r8_e0.8_0.7_seed4
[06:22:37] Start attention analysis: mixed_cond_d512l2r8_e0.8_0.7_seed3
[06:22:39] Attention analysis completed: mixed_cond_d512l2r8_e0.8_0.7_seed3
[06:22:39] Experiment completed: mixed_cond_d512l2r8_e0.8_0.7_seed3 (84s), log: /data/cxm/0714/logs/mixed_cond_d512l2r8_e0.8_0.7_seed3.log
[06:22:39] Start experiment: mixed_cond_d512l2r8_e0.8_0.8_seed3
[06:22:39] Attention analysis completed: mixed_cond_d512l2r8_e0.8_0.7_seed4
[06:22:39] Experiment completed: mixed_cond_d512l2r8_e0.8_0.7_seed4 (78s), log: /data/cxm/0714/logs/mixed_cond_d512l2r8_e0.8_0.7_seed4.log
[06:22:39] Start experiment: mixed_cond_d512l2r8_e0.8_0.8_seed4
[06:23:11] Start attention analysis: mixed_cond_d512l2r8_e0.8_0.8_seed1
[06:23:13] Attention analysis completed: mixed_cond_d512l2r8_e0.8_0.8_seed1
[06:23:13] Experiment completed: mixed_cond_d512l2r8_e0.8_0.8_seed1 (52s), log: /data/cxm/0714/logs/mixed_cond_d512l2r8_e0.8_0.8_seed1.log
[06:23:13] Start experiment: mixed_cond_d512l2r8_e0.8_0.8_seed5
[06:23:18] Start attention analysis: mixed_cond_d512l2r8_e0.8_0.7_seed6
[06:23:20] Start attention analysis: mixed_cond_d512l2r8_e0.8_0.8_seed0
[06:23:20] Attention analysis completed: mixed_cond_d512l2r8_e0.8_0.7_seed6
[06:23:20] Experiment completed: mixed_cond_d512l2r8_e0.8_0.7_seed6 (70s), log: /data/cxm/0714/logs/mixed_cond_d512l2r8_e0.8_0.7_seed6.log
[06:23:20] Start experiment: mixed_cond_d512l2r8_e0.8_0.8_seed6
[06:23:21] Start attention analysis: mixed_cond_d512l2r8_e0.8_0.7_seed5
[06:23:21] Attention analysis completed: mixed_cond_d512l2r8_e0.8_0.8_seed0
[06:23:21] Experiment completed: mixed_cond_d512l2r8_e0.8_0.8_seed0 (61s), log: /data/cxm/0714/logs/mixed_cond_d512l2r8_e0.8_0.8_seed0.log
[06:23:21] Start experiment: mixed_cond_d512l2r8_e0.8_0.8_seed7
[06:23:24] Attention analysis completed: mixed_cond_d512l2r8_e0.8_0.7_seed5
[06:23:24] Experiment completed: mixed_cond_d512l2r8_e0.8_0.7_seed5 (78s), log: /data/cxm/0714/logs/mixed_cond_d512l2r8_e0.8_0.7_seed5.log
[06:23:26] Start attention analysis: mixed_cond_d512l2r8_e0.8_0.8_seed4
[06:23:29] Attention analysis completed: mixed_cond_d512l2r8_e0.8_0.8_seed4
[06:23:29] Experiment completed: mixed_cond_d512l2r8_e0.8_0.8_seed4 (50s), log: /data/cxm/0714/logs/mixed_cond_d512l2r8_e0.8_0.8_seed4.log
[06:23:34] Start attention analysis: mixed_cond_d512l2r8_e0.8_0.8_seed2
[06:23:36] Attention analysis completed: mixed_cond_d512l2r8_e0.8_0.8_seed2
[06:23:36] Experiment completed: mixed_cond_d512l2r8_e0.8_0.8_seed2 (62s), log: /data/cxm/0714/logs/mixed_cond_d512l2r8_e0.8_0.8_seed2.log
[06:23:38] Start attention analysis: mixed_cond_d512l2r8_e0.8_0.8_seed3
[06:23:41] Attention analysis completed: mixed_cond_d512l2r8_e0.8_0.8_seed3
[06:23:41] Experiment completed: mixed_cond_d512l2r8_e0.8_0.8_seed3 (62s), log: /data/cxm/0714/logs/mixed_cond_d512l2r8_e0.8_0.8_seed3.log
[06:23:46] Start attention analysis: mixed_cond_d512l2r8_e0.8_0.7_seed7
[06:23:49] Attention analysis completed: mixed_cond_d512l2r8_e0.8_0.7_seed7
[06:23:49] Experiment completed: mixed_cond_d512l2r8_e0.8_0.7_seed7 (98s), log: /data/cxm/0714/logs/mixed_cond_d512l2r8_e0.8_0.7_seed7.log
[06:24:18] Start attention analysis: mixed_cond_d512l2r8_e0.8_0.8_seed5
[06:24:19] Start attention analysis: mixed_cond_d512l2r8_e0.8_0.8_seed6
[06:24:20] Attention analysis completed: mixed_cond_d512l2r8_e0.8_0.8_seed5
[06:24:20] Experiment completed: mixed_cond_d512l2r8_e0.8_0.8_seed5 (67s), log: /data/cxm/0714/logs/mixed_cond_d512l2r8_e0.8_0.8_seed5.log
[06:24:21] Attention analysis completed: mixed_cond_d512l2r8_e0.8_0.8_seed6
[06:24:21] Experiment completed: mixed_cond_d512l2r8_e0.8_0.8_seed6 (60s), log: /data/cxm/0714/logs/mixed_cond_d512l2r8_e0.8_0.8_seed6.log
[06:24:31] Start attention analysis: mixed_cond_d512l2r8_e0.8_0.8_seed7
[06:24:33] Attention analysis completed: mixed_cond_d512l2r8_e0.8_0.8_seed7
[06:24:33] Experiment completed: mixed_cond_d512l2r8_e0.8_0.8_seed7 (71s), log: /data/cxm/0714/logs/mixed_cond_d512l2r8_e0.8_0.8_seed7.log

==================================================
Experiment Summary
==================================================
[OK] Success: mixed_cond_d512l2r8_e0.7_0.6_seed0
[OK] Success: mixed_cond_d512l2r8_e0.7_0.6_seed1
[OK] Success: mixed_cond_d512l2r8_e0.7_0.6_seed5
[OK] Success: mixed_cond_d512l2r8_e0.7_0.6_seed6
[OK] Success: mixed_cond_d512l2r8_e0.7_0.6_seed2
[OK] Success: mixed_cond_d512l2r8_e0.7_0.6_seed3
[OK] Success: mixed_cond_d512l2r8_e0.7_0.6_seed7
[OK] Success: mixed_cond_d512l2r8_e0.7_0.6_seed4
[OK] Success: mixed_cond_d512l2r8_e0.7_0.7_seed0
[OK] Success: mixed_cond_d512l2r8_e0.7_0.7_seed6
[OK] Success: mixed_cond_d512l2r8_e0.7_0.7_seed1
[OK] Success: mixed_cond_d512l2r8_e0.7_0.7_seed2
[OK] Success: mixed_cond_d512l2r8_e0.7_0.7_seed4
[OK] Success: mixed_cond_d512l2r8_e0.7_0.7_seed5
[OK] Success: mixed_cond_d512l2r8_e0.7_0.7_seed3
[OK] Success: mixed_cond_d512l2r8_e0.7_0.7_seed7
[OK] Success: mixed_cond_d512l2r8_e0.7_0.8_seed0
[OK] Success: mixed_cond_d512l2r8_e0.7_0.8_seed1
[OK] Success: mixed_cond_d512l2r8_e0.7_0.8_seed2
[OK] Success: mixed_cond_d512l2r8_e0.7_0.8_seed3
[OK] Success: mixed_cond_d512l2r8_e0.7_0.8_seed6
[OK] Success: mixed_cond_d512l2r8_e0.7_0.8_seed4
[OK] Success: mixed_cond_d512l2r8_e0.7_0.8_seed7
[OK] Success: mixed_cond_d512l2r8_e0.8_0.5_seed1
[OK] Success: mixed_cond_d512l2r8_e0.8_0.5_seed3
[OK] Success: mixed_cond_d512l2r8_e0.8_0.5_seed0
[OK] Success: mixed_cond_d512l2r8_e0.8_0.5_seed2
[OK] Success: mixed_cond_d512l2r8_e0.8_0.5_seed4
[OK] Success: mixed_cond_d512l2r8_e0.8_0.5_seed6
[OK] Success: mixed_cond_d512l2r8_e0.7_0.8_seed5
[OK] Success: mixed_cond_d512l2r8_e0.8_0.6_seed0
[OK] Success: mixed_cond_d512l2r8_e0.8_0.6_seed2
[OK] Success: mixed_cond_d512l2r8_e0.8_0.5_seed7
[OK] Success: mixed_cond_d512l2r8_e0.8_0.6_seed3
[OK] Success: mixed_cond_d512l2r8_e0.8_0.6_seed1
[OK] Success: mixed_cond_d512l2r8_e0.8_0.6_seed4
[OK] Success: mixed_cond_d512l2r8_e0.8_0.5_seed5
[OK] Success: mixed_cond_d512l2r8_e0.8_0.6_seed5
[OK] Success: mixed_cond_d512l2r8_e0.8_0.6_seed6
[OK] Success: mixed_cond_d512l2r8_e0.8_0.7_seed2
[OK] Success: mixed_cond_d512l2r8_e0.8_0.7_seed0
[OK] Success: mixed_cond_d512l2r8_e0.8_0.7_seed1
[OK] Success: mixed_cond_d512l2r8_e0.8_0.6_seed7
[OK] Success: mixed_cond_d512l2r8_e0.8_0.7_seed3
[OK] Success: mixed_cond_d512l2r8_e0.8_0.7_seed4
[OK] Success: mixed_cond_d512l2r8_e0.8_0.8_seed1
[OK] Success: mixed_cond_d512l2r8_e0.8_0.7_seed6
[OK] Success: mixed_cond_d512l2r8_e0.8_0.8_seed0
[OK] Success: mixed_cond_d512l2r8_e0.8_0.7_seed5
[OK] Success: mixed_cond_d512l2r8_e0.8_0.8_seed4
[OK] Success: mixed_cond_d512l2r8_e0.8_0.8_seed2
[OK] Success: mixed_cond_d512l2r8_e0.8_0.8_seed3
[OK] Success: mixed_cond_d512l2r8_e0.8_0.7_seed7
[OK] Success: mixed_cond_d512l2r8_e0.8_0.8_seed5
[OK] Success: mixed_cond_d512l2r8_e0.8_0.8_seed6
[OK] Success: mixed_cond_d512l2r8_e0.8_0.8_seed7

============================================================================================================================================
Detailed Experiment Summary
============================================================================================================================================
Experiment                                     Epoch BestTest  1stTask   Exp-ID  Exp-OOD Unexp-ID Unexp-OOD
--------------------------------------------------------------------------------------------------------------------------------------------
mixed_cond_d512l2r8_e0.7_0.6_seed0               180     99.9      N/A    100.0    100.0     99.8     99.8
mixed_cond_d512l2r8_e0.7_0.6_seed1               180     99.5      N/A    100.0    100.0     99.1     90.9
mixed_cond_d512l2r8_e0.7_0.6_seed2               180    100.0      N/A    100.0    100.0     99.9     97.5
mixed_cond_d512l2r8_e0.7_0.6_seed3               180     99.8      N/A    100.0    100.0     99.7     92.9
mixed_cond_d512l2r8_e0.7_0.6_seed4               200    100.0      N/A    100.0    100.0    100.0    100.0
mixed_cond_d512l2r8_e0.7_0.6_seed5               180     99.6      N/A    100.0    100.0     99.2     99.1
mixed_cond_d512l2r8_e0.7_0.6_seed6               180     99.8      N/A    100.0    100.0     99.6     99.4
mixed_cond_d512l2r8_e0.7_0.6_seed7               200    100.0      N/A    100.0    100.0    100.0    100.0
mixed_cond_d512l2r8_e0.7_0.7_seed0               140    100.0      N/A    100.0    100.0    100.0    100.0
mixed_cond_d512l2r8_e0.7_0.7_seed1               140     99.8      N/A    100.0    100.0     99.6     99.6
mixed_cond_d512l2r8_e0.7_0.7_seed2               140    100.0      N/A    100.0    100.0    100.0    100.0
mixed_cond_d512l2r8_e0.7_0.7_seed3               140    100.0      N/A    100.0    100.0    100.0     99.9
mixed_cond_d512l2r8_e0.7_0.7_seed4               140     99.9      N/A    100.0    100.0     99.9     99.9
mixed_cond_d512l2r8_e0.7_0.7_seed5               140     99.4      N/A    100.0     99.8     98.8     79.7
mixed_cond_d512l2r8_e0.7_0.7_seed6               120     99.9      N/A    100.0    100.0     99.7     97.3
mixed_cond_d512l2r8_e0.7_0.7_seed7               160     99.9      N/A    100.0    100.0     99.9     99.6
mixed_cond_d512l2r8_e0.7_0.8_seed0               100     99.3      N/A    100.0    100.0      N/A      N/A
mixed_cond_d512l2r8_e0.7_0.8_seed1               100     99.8      N/A    100.0    100.0      N/A      N/A
mixed_cond_d512l2r8_e0.7_0.8_seed2               100     99.7      N/A    100.0    100.0      N/A      N/A
mixed_cond_d512l2r8_e0.7_0.8_seed3               100    100.0      N/A    100.0    100.0      N/A      N/A
mixed_cond_d512l2r8_e0.7_0.8_seed4               100     99.5      N/A    100.0    100.0      N/A      N/A
mixed_cond_d512l2r8_e0.7_0.8_seed5               260    100.0      N/A    100.0    100.0      N/A      N/A
mixed_cond_d512l2r8_e0.7_0.8_seed6               100     99.4      N/A    100.0    100.0      N/A      N/A
mixed_cond_d512l2r8_e0.7_0.8_seed7               100    100.0      N/A    100.0    100.0      N/A      N/A
mixed_cond_d512l2r8_e0.8_0.5_seed0               260    100.0      N/A    100.0    100.0    100.0    100.0
mixed_cond_d512l2r8_e0.8_0.5_seed1               220     99.2      N/A    100.0    100.0     99.0     99.1
mixed_cond_d512l2r8_e0.8_0.5_seed2               240    100.0      N/A    100.0    100.0    100.0    100.0
mixed_cond_d512l2r8_e0.8_0.5_seed3               240     99.9      N/A    100.0    100.0     99.8     99.6
mixed_cond_d512l2r8_e0.8_0.5_seed4               240     99.9      N/A    100.0    100.0     99.9     99.9
mixed_cond_d512l2r8_e0.8_0.5_seed5               280    100.0      N/A    100.0    100.0    100.0    100.0
mixed_cond_d512l2r8_e0.8_0.5_seed6               220     99.8      N/A    100.0    100.0     99.8     99.8
mixed_cond_d512l2r8_e0.8_0.5_seed7               200     99.6      N/A    100.0    100.0     99.4     99.4
mixed_cond_d512l2r8_e0.8_0.6_seed0               160     99.9      N/A    100.0    100.0     99.8     99.1
mixed_cond_d512l2r8_e0.8_0.6_seed1               180     99.9      N/A    100.0    100.0     99.9     99.9
mixed_cond_d512l2r8_e0.8_0.6_seed2               160    100.0      N/A    100.0    100.0    100.0     99.9
mixed_cond_d512l2r8_e0.8_0.6_seed3               160     99.7      N/A    100.0    100.0     99.6     98.9
mixed_cond_d512l2r8_e0.8_0.6_seed4               180     99.8      N/A    100.0    100.0     99.7     99.7
mixed_cond_d512l2r8_e0.8_0.6_seed5               180     99.8      N/A    100.0    100.0     99.7     99.7
mixed_cond_d512l2r8_e0.8_0.6_seed6               160    100.0      N/A    100.0    100.0    100.0    100.0
mixed_cond_d512l2r8_e0.8_0.6_seed7               160     99.9      N/A    100.0    100.0     99.9     99.3
mixed_cond_d512l2r8_e0.8_0.7_seed0               140    100.0      N/A    100.0    100.0     99.9    100.0
mixed_cond_d512l2r8_e0.8_0.7_seed1               140    100.0      N/A    100.0    100.0    100.0    100.0
mixed_cond_d512l2r8_e0.8_0.7_seed2               140    100.0      N/A    100.0    100.0    100.0    100.0
mixed_cond_d512l2r8_e0.8_0.7_seed3               140    100.0      N/A    100.0    100.0    100.0    100.0
mixed_cond_d512l2r8_e0.8_0.7_seed4               140     99.8      N/A    100.0    100.0     99.6     99.6
mixed_cond_d512l2r8_e0.8_0.7_seed5               140    100.0      N/A    100.0    100.0    100.0    100.0
mixed_cond_d512l2r8_e0.8_0.7_seed6               120     99.0      N/A    100.0    100.0     98.3     98.4
mixed_cond_d512l2r8_e0.8_0.7_seed7               140    100.0      N/A    100.0    100.0    100.0     99.9
mixed_cond_d512l2r8_e0.8_0.8_seed0               100    100.0      N/A    100.0    100.0      N/A      N/A
mixed_cond_d512l2r8_e0.8_0.8_seed1               100     99.8      N/A    100.0    100.0      N/A      N/A
mixed_cond_d512l2r8_e0.8_0.8_seed2               100     99.9      N/A    100.0    100.0      N/A      N/A
mixed_cond_d512l2r8_e0.8_0.8_seed3               100     99.9      N/A    100.0    100.0      N/A      N/A
mixed_cond_d512l2r8_e0.8_0.8_seed4               100     99.6      N/A    100.0    100.0      N/A      N/A
mixed_cond_d512l2r8_e0.8_0.8_seed5               100    100.0      N/A    100.0    100.0      N/A      N/A
mixed_cond_d512l2r8_e0.8_0.8_seed6               100    100.0      N/A    100.0    100.0      N/A      N/A
mixed_cond_d512l2r8_e0.8_0.8_seed7               100     99.7      N/A    100.0    100.0      N/A      N/A
============================================================================================================================================
Saved learning curve to /data/cxm/0714/plots/mixed_cond_d512l2r8_e0.7_0.6_curve.png
Saved per-position heatmap to /data/cxm/0714/plots/mixed_cond_d512l2r8_e0.7_0.6_per_pos.png
Saved per-rule curve to /data/cxm/0714/plots/mixed_cond_d512l2r8_e0.7_0.6_per_rule.png
[06:24:33] Grouped plots saved: mixed_cond_d512l2r8_e0.7_0.6
Saved learning curve to /data/cxm/0714/plots/mixed_cond_d512l2r8_e0.7_0.7_curve.png
Saved per-position heatmap to /data/cxm/0714/plots/mixed_cond_d512l2r8_e0.7_0.7_per_pos.png
Saved per-rule curve to /data/cxm/0714/plots/mixed_cond_d512l2r8_e0.7_0.7_per_rule.png
[06:24:34] Grouped plots saved: mixed_cond_d512l2r8_e0.7_0.7
Saved learning curve to /data/cxm/0714/plots/mixed_cond_d512l2r8_e0.7_0.8_curve.png
Saved per-position heatmap to /data/cxm/0714/plots/mixed_cond_d512l2r8_e0.7_0.8_per_pos.png
Saved per-rule curve to /data/cxm/0714/plots/mixed_cond_d512l2r8_e0.7_0.8_per_rule.png
[06:24:35] Grouped plots saved: mixed_cond_d512l2r8_e0.7_0.8
Saved learning curve to /data/cxm/0714/plots/mixed_cond_d512l2r8_e0.8_0.5_curve.png
Saved per-position heatmap to /data/cxm/0714/plots/mixed_cond_d512l2r8_e0.8_0.5_per_pos.png
Saved per-rule curve to /data/cxm/0714/plots/mixed_cond_d512l2r8_e0.8_0.5_per_rule.png
[06:24:36] Grouped plots saved: mixed_cond_d512l2r8_e0.8_0.5
Saved learning curve to /data/cxm/0714/plots/mixed_cond_d512l2r8_e0.8_0.6_curve.png
Saved per-position heatmap to /data/cxm/0714/plots/mixed_cond_d512l2r8_e0.8_0.6_per_pos.png
Saved per-rule curve to /data/cxm/0714/plots/mixed_cond_d512l2r8_e0.8_0.6_per_rule.png
[06:24:37] Grouped plots saved: mixed_cond_d512l2r8_e0.8_0.6
Saved learning curve to /data/cxm/0714/plots/mixed_cond_d512l2r8_e0.8_0.7_curve.png
Saved per-position heatmap to /data/cxm/0714/plots/mixed_cond_d512l2r8_e0.8_0.7_per_pos.png
Saved per-rule curve to /data/cxm/0714/plots/mixed_cond_d512l2r8_e0.8_0.7_per_rule.png
[06:24:37] Grouped plots saved: mixed_cond_d512l2r8_e0.8_0.7
Saved learning curve to /data/cxm/0714/plots/mixed_cond_d512l2r8_e0.8_0.8_curve.png
Saved per-position heatmap to /data/cxm/0714/plots/mixed_cond_d512l2r8_e0.8_0.8_per_pos.png
Saved per-rule curve to /data/cxm/0714/plots/mixed_cond_d512l2r8_e0.8_0.8_per_rule.png
[06:24:38] Grouped plots saved: mixed_cond_d512l2r8_e0.8_0.8
