=== Experiment: addition_seed3 ===
Time: 2026-07-09T07:46:23.278848
Task type: addition

=== Merged Config ===
--------------------------------------------------
Network Config
--------------------------------------------------
D_MODEL                   128
N_HEAD                    1
N_LAYER                   1
MLP_RATIO                 4
DROPOUT                   0.0
USE_LEARNABLE_PE          False
--------------------------------------------------
Dataset Config
--------------------------------------------------
P                         127
TASK                      addition
TRAIN_LEN                 16
OOD_LEN                   32
MAX_UNIQUE_RATIO          0.5
AB_PAIRS                  [[1, 1], [1, 2]]
A                         1
B                         1
NUM_MASK                  0
--------------------------------------------------
Training Config
--------------------------------------------------
OPTIMIZER                 AdamW
SCHEDULER                 CosineAnnealingLR(T_max=EPOCHS)
BATCH_SIZE                128
LR                        0.0003
WEIGHT_DECAY              1
EPOCHS                    10000
RANDOM_SEED               3
FIRST_TASK_WEIGHT         1.0
ENTROPY_PENALTY_WEIGHT    0.0
EVAL_INTERVAL             20
EARLY_STOP_ACCURACY       0.99
EARLY_STOP_NO_IMPROVE     1000
USE_GREEDY_GENERATE       True
--------------------------------------------------

--- output ---
Using device: cuda

[Dataset] Cycle traverse + sliding window: 8192 + 7937 samples, length 16, mod 127
  - Initial state coverage: 8192/16129 (50.8%)
Recurrence: X(k)=(1*X(k-1)+1*X(k-2)) mod 127
--------------------------------------------------
--------------------------------------------------
[Model config] block_size: 32, train length: 16
[Number theory] X(k)=(1*X(k-1)+1*X(k-2)) mod 127


Model parameters: 0.21M

Start training...
Epoch   0 | Train: Loss=4.7884 Acc=1.6% | Test: Acc=0.1% | Best=0.1%(@0)
  from x2: 0.00 0.00 0.00 0.00 0.00 0.00 0.00 0.00 0.00 0.00 0.00 0.00 0.00 0.00
Epoch  20 | Train: Loss=1.6230 Acc=85.6% | Test: Acc=3.4% | Best=3.4%(@20)
  from x2: 0.05 0.04 0.03 0.03 0.03 0.03 0.03 0.03 0.03 0.03 0.03 0.03 0.03 0.03
Epoch  40 | Train: Loss=0.0332 Acc=100.0% | Test: Acc=100.0% | Best=100.0%(@40)
  from x2: 1.00 1.00 1.00 1.00 1.00 1.00 1.00 1.00 1.00 1.00 1.00 1.00 1.00 1.00
[Early stop] Epoch 40: test set reached high accuracy

==================================================
Saving model...
[OK] Model saved to: /home/cxm/ai/test0709/models/addition_seed3.pth
  File size: 850.7 KB
  Best test accuracy: 100.00%

==================================================
Final generation test (full enumeration, validate from position 2)
==================================================

--- Statistics for X(k)=(1*X(k-1)+1*X(k-2)) mod 127 ---
Exposed    samples:  8192 | In-dist: 114688/114688 (100.0%) | OOD: 131072/131072 (100.0%)
Unexposed  samples:  7937 | In-dist: 111118/111118 (100.0%) | OOD: 126992/126992 (100.0%)

--- Per-position accuracy ---
  Position   2: Exposed-ID: 8192/8192 (100.0%) | Unexposed-ID: 7937/7937 (100.0%)
  Position   3: Exposed-ID: 8192/8192 (100.0%) | Unexposed-ID: 7937/7937 (100.0%)
  Position   4: Exposed-ID: 8192/8192 (100.0%) | Unexposed-ID: 7937/7937 (100.0%)
  Position   5: Exposed-ID: 8192/8192 (100.0%) | Unexposed-ID: 7937/7937 (100.0%)
  Position   6: Exposed-ID: 8192/8192 (100.0%) | Unexposed-ID: 7937/7937 (100.0%)
  Position   7: Exposed-ID: 8192/8192 (100.0%) | Unexposed-ID: 7937/7937 (100.0%)
  Position   8: Exposed-ID: 8192/8192 (100.0%) | Unexposed-ID: 7937/7937 (100.0%)
  Position   9: Exposed-ID: 8192/8192 (100.0%) | Unexposed-ID: 7937/7937 (100.0%)
  Position  10: Exposed-ID: 8192/8192 (100.0%) | Unexposed-ID: 7937/7937 (100.0%)
  Position  11: Exposed-ID: 8192/8192 (100.0%) | Unexposed-ID: 7937/7937 (100.0%)
  Position  12: Exposed-ID: 8192/8192 (100.0%) | Unexposed-ID: 7937/7937 (100.0%)
  Position  13: Exposed-ID: 8192/8192 (100.0%) | Unexposed-ID: 7937/7937 (100.0%)
  Position  14: Exposed-ID: 8192/8192 (100.0%) | Unexposed-ID: 7937/7937 (100.0%)
  Position  15: Exposed-ID: 8192/8192 (100.0%) | Unexposed-ID: 7937/7937 (100.0%)
  Position  16: Exposed-OOD: 8192/8192 (100.0%) | Unexposed-OOD: 7937/7937 (100.0%)
  Position  17: Exposed-OOD: 8192/8192 (100.0%) | Unexposed-OOD: 7937/7937 (100.0%)
  Position  18: Exposed-OOD: 8192/8192 (100.0%) | Unexposed-OOD: 7937/7937 (100.0%)
  Position  19: Exposed-OOD: 8192/8192 (100.0%) | Unexposed-OOD: 7937/7937 (100.0%)
  Position  20: Exposed-OOD: 8192/8192 (100.0%) | Unexposed-OOD: 7937/7937 (100.0%)
  Position  21: Exposed-OOD: 8192/8192 (100.0%) | Unexposed-OOD: 7937/7937 (100.0%)
  Position  22: Exposed-OOD: 8192/8192 (100.0%) | Unexposed-OOD: 7937/7937 (100.0%)
  Position  23: Exposed-OOD: 8192/8192 (100.0%) | Unexposed-OOD: 7937/7937 (100.0%)
  Position  24: Exposed-OOD: 8192/8192 (100.0%) | Unexposed-OOD: 7937/7937 (100.0%)
  Position  25: Exposed-OOD: 8192/8192 (100.0%) | Unexposed-OOD: 7937/7937 (100.0%)
  Position  26: Exposed-OOD: 8192/8192 (100.0%) | Unexposed-OOD: 7937/7937 (100.0%)
  Position  27: Exposed-OOD: 8192/8192 (100.0%) | Unexposed-OOD: 7937/7937 (100.0%)
  Position  28: Exposed-OOD: 8192/8192 (100.0%) | Unexposed-OOD: 7937/7937 (100.0%)
  Position  29: Exposed-OOD: 8192/8192 (100.0%) | Unexposed-OOD: 7937/7937 (100.0%)
  Position  30: Exposed-OOD: 8192/8192 (100.0%) | Unexposed-OOD: 7937/7937 (100.0%)
  Position  31: Exposed-OOD: 8192/8192 (100.0%) | Unexposed-OOD: 7937/7937 (100.0%)

--- Return code: 0 ---

======================================================================
Attention Analysis
======================================================================
Model config: addition, a=1, b=1, p=127
Best test accuracy: 1.0
Training epochs: 40

Random test sequence 1/5 (length 32): [64, 85, 22, 107, 2, 109, 111, 93, 77, 43, 120, 36, 29, 65, 94, 32, 126, 31, 30, 61]...

======================================================================
Attention Layer Training Result Summary
======================================================================
Input sequence: [64, 85, 22, 107, 2, 109, 111, 93, 77, 43, 120, 36, 29, 65, 94, 32, 126, 31, 30, 61, 91, 25, 116, 14, 3, 17, 20, 37, 57, 94, 24, 118]

--- Layer 0 ---
  Head 0: Entropy=0.984
    Attention coefficients from each query position to previous positions:
      i= 0 -> j=0:1.000
      i= 1 -> j=0:0.698, j=1:0.302
      i= 2 -> j=0:0.048, j=1:0.619, j=2:0.333
      i= 3 -> j=0:0.002, j=1:0.048, j=2:0.621, j=3:0.329
      i= 4 -> j=0:0.000, j=1:0.001, j=2:0.038, j=3:0.644, j=4:0.317
      i= 5 -> j=0:0.001, j=1:0.000, j=2:0.001, j=3:0.046, j=4:0.659, j=5:0.292
      i= 6 -> j=0:0.003, j=1:0.000, j=2:0.000, j=3:0.003, j=4:0.076, j=5:0.641, j=6:0.277
      i= 7 -> j=0:0.007, j=1:0.002, j=2:0.000, j=3:0.000, j=4:0.002, j=5:0.036, j=6:0.649, j=7:0.304
      i= 8 -> j=0:0.004, j=1:0.009, j=2:0.003, j=3:0.000, j=4:0.000, j=5:0.002, j=6:0.054, j=7:0.579, j=8:0.349
      i= 9 -> j=0:0.001, j=1:0.003, j=2:0.008, j=3:0.002, j=4:0.000, j=5:0.000, j=6:0.001, j=7:0.037, j=8:0.651, j=9:0.296
      i=10 -> j=0:0.000, j=1:0.000, j=2:0.003, j=3:0.009, j=4:0.001, j=5:0.000, j=6:0.000, j=7:0.001, j=8:0.043, j=9:0.588, j=10:0.354
      i=11 -> j=0:0.000, j=1:0.000, j=2:0.000, j=3:0.004, j=4:0.003, j=5:0.001, j=6:0.000, j=7:0.000, j=8:0.001, j=9:0.051, j=10:0.648, j=11:0.291
      i=12 -> j=0:0.000, j=1:0.000, j=2:0.000, j=3:0.000, j=4:0.002, j=5:0.002, j=6:0.002, j=7:0.000, j=8:0.000, j=9:0.001, j=10:0.044, j=11:0.651, j=12:0.296
      i=13 -> j=0:0.004, j=1:0.001, j=2:0.000, j=3:0.000, j=4:0.000, j=5:0.001, j=6:0.005, j=7:0.001, j=8:0.000, j=9:0.000, j=10:0.003, j=11:0.053, j=12:0.590, j=13:0.341
      i=14 -> j=0:0.003, j=1:0.004, j=2:0.001, j=3:0.000, j=4:0.000, j=5:0.000, j=6:0.003, j=7:0.004, j=8:0.001, j=9:0.001, j=10:0.000, j=11:0.002, j=12:0.041, j=13:0.617, j=14:0.323
      i=15 -> j=0:0.001, j=1:0.007, j=2:0.004, j=3:0.001, j=4:0.000, j=5:0.000, j=6:0.001, j=7:0.002, j=8:0.004, j=9:0.002, j=10:0.001, j=11:0.000, j=12:0.002, j=13:0.067, j=14:0.609, j=15:0.300
      i=16 -> j=0:0.001, j=1:0.003, j=2:0.010, j=3:0.004, j=4:0.001, j=5:0.000, j=6:0.000, j=7:0.000, j=8:0.002, j=9:0.009, j=10:0.002, j=11:0.000, j=12:0.000, j=13:0.002, j=14:0.037, j=15:0.650, j=16:0.278
      i=17 -> j=0:0.002, j=1:0.002, j=2:0.004, j=3:0.003, j=4:0.002, j=5:0.001, j=6:0.000, j=7:0.000, j=8:0.001, j=9:0.004, j=10:0.003, j=11:0.001, j=12:0.001, j=13:0.000, j=14:0.002, j=15:0.068, j=16:0.490, j=17:0.416
      i=18 -> j=0:0.007, j=1:0.001, j=2:0.001, j=3:0.002, j=4:0.007, j=5:0.004, j=6:0.001, j=7:0.000, j=8:0.000, j=9:0.000, j=10:0.003, j=11:0.009, j=12:0.002, j=13:0.000, j=14:0.000, j=15:0.002, j=16:0.051, j=17:0.616, j=18:0.295
      i=19 -> j=0:0.011, j=1:0.004, j=2:0.001, j=3:0.001, j=4:0.003, j=5:0.008, j=6:0.002, j=7:0.000, j=8:0.000, j=9:0.000, j=10:0.000, j=11:0.004, j=12:0.005, j=13:0.002, j=14:0.000, j=15:0.000, j=16:0.001, j=17:0.047, j=18:0.587, j=19:0.322
      i=20 -> j=0:0.003, j=1:0.004, j=2:0.001, j=3:0.000, j=4:0.001, j=5:0.003, j=6:0.004, j=7:0.002, j=8:0.000, j=9:0.000, j=10:0.000, j=11:0.000, j=12:0.003, j=13:0.016, j=14:0.002, j=15:0.000, j=16:0.000, j=17:0.001, j=18:0.034, j=19:0.640, j=20:0.285
      i=21 -> j=0:0.001, j=1:0.011, j=2:0.006, j=3:0.003, j=4:0.001, j=5:0.001, j=6:0.002, j=7:0.004, j=8:0.002, j=9:0.000, j=10:0.000, j=11:0.000, j=12:0.000, j=13:0.004, j=14:0.005, j=15:0.003, j=16:0.000, j=17:0.000, j=18:0.001, j=19:0.037, j=20:0.579, j=21:0.338
      i=22 -> j=0:0.001, j=1:0.005, j=2:0.005, j=3:0.003, j=4:0.001, j=5:0.001, j=6:0.001, j=7:0.008, j=8:0.007, j=9:0.002, j=10:0.000, j=11:0.000, j=12:0.000, j=13:0.001, j=14:0.006, j=15:0.012, j=16:0.002, j=17:0.000, j=18:0.000, j=19:0.001, j=20:0.053, j=21:0.628, j=22:0.263
      i=23 -> j=0:0.001, j=1:0.001, j=2:0.004, j=3:0.011, j=4:0.010, j=5:0.004, j=6:0.001, j=7:0.001, j=8:0.002, j=9:0.003, j=10:0.002, j=11:0.000, j=12:0.000, j=13:0.000, j=14:0.001, j=15:0.005, j=16:0.007, j=17:0.002, j=18:0.000, j=19:0.000, j=20:0.001, j=21:0.038, j=22:0.620, j=23:0.288
      i=24 -> j=0:0.005, j=1:0.002, j=2:0.001, j=3:0.008, j=4:0.014, j=5:0.026, j=6:0.005, j=7:0.002, j=8:0.002, j=9:0.005, j=10:0.010, j=11:0.002, j=12:0.001, j=13:0.000, j=14:0.000, j=15:0.001, j=16:0.007, j=17:0.008, j=18:0.001, j=19:0.000, j=20:0.000, j=21:0.002, j=22:0.065, j=23:0.590, j=24:0.244
      i=25 -> j=0:0.022, j=1:0.008, j=2:0.002, j=3:0.001, j=4:0.002, j=5:0.009, j=6:0.005, j=7:0.004, j=8:0.002, j=9:0.001, j=10:0.001, j=11:0.001, j=12:0.002, j=13:0.000, j=14:0.000, j=15:0.000, j=16:0.000, j=17:0.002, j=18:0.005, j=19:0.002, j=20:0.001, j=21:0.000, j=22:0.001, j=23:0.030, j=24:0.655, j=25:0.241
      i=26 -> j=0:0.023, j=1:0.016, j=2:0.008, j=3:0.002, j=4:0.001, j=5:0.004, j=6:0.004, j=7:0.003, j=8:0.002, j=9:0.001, j=10:0.001, j=11:0.001, j=12:0.005, j=13:0.001, j=14:0.000, j=15:0.000, j=16:0.000, j=17:0.000, j=18:0.006, j=19:0.008, j=20:0.002, j=21:0.000, j=22:0.000, j=23:0.001, j=24:0.048, j=25:0.558, j=26:0.303
      i=27 -> j=0:0.004, j=1:0.018, j=2:0.030, j=3:0.007, j=4:0.002, j=5:0.003, j=6:0.003, j=7:0.006, j=8:0.006, j=9:0.002, j=10:0.001, j=11:0.001, j=12:0.002, j=13:0.003, j=14:0.001, j=15:0.000, j=16:0.000, j=17:0.000, j=18:0.000, j=19:0.003, j=20:0.004, j=21:0.002, j=22:0.000, j=23:0.000, j=24:0.001, j=25:0.060, j=26:0.620, j=27:0.222
      i=28 -> j=0:0.001, j=1:0.005, j=2:0.026, j=3:0.011, j=4:0.002, j=5:0.001, j=6:0.001, j=7:0.005, j=8:0.024, j=9:0.021, j=10:0.002, j=11:0.001, j=12:0.001, j=13:0.001, j=14:0.003, j=15:0.003, j=16:0.000, j=17:0.000, j=18:0.000, j=19:0.000, j=20:0.002, j=21:0.005, j=22:0.002, j=23:0.000, j=24:0.000, j=25:0.002, j=26:0.042, j=27:0.595, j=28:0.242
      i=29 -> j=0:0.001, j=1:0.001, j=2:0.009, j=3:0.016, j=4:0.011, j=5:0.003, j=6:0.001, j=7:0.001, j=8:0.002, j=9:0.009, j=10:0.008, j=11:0.004, j=12:0.000, j=13:0.001, j=14:0.001, j=15:0.003, j=16:0.001, j=17:0.001, j=18:0.000, j=19:0.000, j=20:0.000, j=21:0.001, j=22:0.007, j=23:0.001, j=24:0.000, j=25:0.000, j=26:0.002, j=27:0.046, j=28:0.574, j=29:0.296
      i=30 -> j=0:0.003, j=1:0.000, j=2:0.001, j=3:0.008, j=4:0.019, j=5:0.011, j=6:0.004, j=7:0.000, j=8:0.000, j=9:0.003, j=10:0.022, j=11:0.031, j=12:0.003, j=13:0.001, j=14:0.001, j=15:0.001, j=16:0.004, j=17:0.005, j=18:0.000, j=19:0.000, j=20:0.000, j=21:0.000, j=22:0.002, j=23:0.004, j=24:0.002, j=25:0.001, j=26:0.000, j=27:0.002, j=28:0.045, j=29:0.551, j=30:0.275
      i=31 -> j=0:0.037, j=1:0.003, j=2:0.000, j=3:0.001, j=4:0.006, j=5:0.030, j=6:0.034, j=7:0.002, j=8:0.000, j=9:0.001, j=10:0.006, j=11:0.021, j=12:0.017, j=13:0.005, j=14:0.001, j=15:0.000, j=16:0.001, j=17:0.003, j=18:0.003, j=19:0.000, j=20:0.000, j=21:0.000, j=22:0.000, j=23:0.001, j=24:0.005, j=25:0.003, j=26:0.000, j=27:0.000, j=28:0.001, j=29:0.034, j=30:0.494, j=31:0.288
    Average attention per distance:
      d=0:0.322, d=1:0.610, d=2:0.047, d=19:0.012, d=20:0.012, d=25:0.019, d=26:0.022, d=31:0.037


======================================================================
QK Property Verification (Raw Scores, before Softmax)
======================================================================
Recurrence order init_len=2, num test sequences=1

--- [P1] Long-distance Orthogonality Verification ---
Ideal: raw_score mean ≈ 0 and small std when d > init_len

  Layer 0, Head 0:
    d= 1 (effective): mean=  4.975, std= 0.242, n=31
    d= 2 (effective): mean=  2.395, std= 0.229, n=30
    d>2 (long-distance): mean= -1.268, std= 1.585, n=435

--- [P2] Time-homogeneous Verification ---
Ideal: CV of raw_score across positions i ≈ 0 for fixed distance d
(CV = std / |mean|, smaller = more constant)

  Layer 0, Head 0:
    d= 1: mean=  4.975, std= 0.242, CV=0.049, n=31
    d= 2: mean=  2.395, std= 0.229, CV=0.096, n=30

======================================================================
QK Property Verification Completed
======================================================================
