=== Experiment: addition_seed6 ===
Time: 2026-07-09T07:46:23.284576
Task type: addition

=== Merged Config ===
--------------------------------------------------
Network Config
--------------------------------------------------
D_MODEL                   128
N_HEAD                    1
N_LAYER                   1
MLP_RATIO                 4
DROPOUT                   0.0
USE_LEARNABLE_PE          False
--------------------------------------------------
Dataset Config
--------------------------------------------------
P                         127
TASK                      addition
TRAIN_LEN                 16
OOD_LEN                   32
MAX_UNIQUE_RATIO          0.5
AB_PAIRS                  [[1, 1], [1, 2]]
A                         1
B                         1
NUM_MASK                  0
--------------------------------------------------
Training Config
--------------------------------------------------
OPTIMIZER                 AdamW
SCHEDULER                 CosineAnnealingLR(T_max=EPOCHS)
BATCH_SIZE                128
LR                        0.0003
WEIGHT_DECAY              1
EPOCHS                    10000
RANDOM_SEED               6
FIRST_TASK_WEIGHT         1.0
ENTROPY_PENALTY_WEIGHT    0.0
EVAL_INTERVAL             20
EARLY_STOP_ACCURACY       0.99
EARLY_STOP_NO_IMPROVE     1000
USE_GREEDY_GENERATE       True
--------------------------------------------------

--- output ---
Using device: cuda

[Dataset] Cycle traverse + sliding window: 8192 + 7937 samples, length 16, mod 127
  - Initial state coverage: 8192/16129 (50.8%)
Recurrence: X(k)=(1*X(k-1)+1*X(k-2)) mod 127
--------------------------------------------------
--------------------------------------------------
[Model config] block_size: 32, train length: 16
[Number theory] X(k)=(1*X(k-1)+1*X(k-2)) mod 127


Model parameters: 0.21M

Start training...
Epoch   0 | Train: Loss=4.7855 Acc=1.7% | Test: Acc=0.0% | Best=0.0%(@0)
  from x2: 0.00 0.00 0.00 0.00 0.00 0.00 0.00 0.00 0.00 0.00 0.00 0.00 0.00 0.00
Epoch  20 | Train: Loss=1.7955 Acc=81.7% | Test: Acc=1.3% | Best=1.3%(@20)
  from x2: 0.02 0.02 0.01 0.01 0.01 0.01 0.01 0.01 0.01 0.01 0.01 0.01 0.01 0.01
Epoch  40 | Train: Loss=0.0333 Acc=100.0% | Test: Acc=100.0% | Best=100.0%(@40)
  from x2: 1.00 1.00 1.00 1.00 1.00 1.00 1.00 1.00 1.00 1.00 1.00 1.00 1.00 1.00
[Early stop] Epoch 40: test set reached high accuracy

==================================================
Saving model...
[OK] Model saved to: /home/cxm/ai/test0709/models/addition_seed6.pth
  File size: 850.7 KB
  Best test accuracy: 100.00%

==================================================
Final generation test (full enumeration, validate from position 2)
==================================================

--- Statistics for X(k)=(1*X(k-1)+1*X(k-2)) mod 127 ---
Exposed    samples:  8192 | In-dist: 114688/114688 (100.0%) | OOD: 131053/131072 (100.0%)
Unexposed  samples:  7937 | In-dist: 111118/111118 (100.0%) | OOD: 126947/126992 (100.0%)

--- Per-position accuracy ---
  Position   2: Exposed-ID: 8192/8192 (100.0%) | Unexposed-ID: 7937/7937 (100.0%)
  Position   3: Exposed-ID: 8192/8192 (100.0%) | Unexposed-ID: 7937/7937 (100.0%)
  Position   4: Exposed-ID: 8192/8192 (100.0%) | Unexposed-ID: 7937/7937 (100.0%)
  Position   5: Exposed-ID: 8192/8192 (100.0%) | Unexposed-ID: 7937/7937 (100.0%)
  Position   6: Exposed-ID: 8192/8192 (100.0%) | Unexposed-ID: 7937/7937 (100.0%)
  Position   7: Exposed-ID: 8192/8192 (100.0%) | Unexposed-ID: 7937/7937 (100.0%)
  Position   8: Exposed-ID: 8192/8192 (100.0%) | Unexposed-ID: 7937/7937 (100.0%)
  Position   9: Exposed-ID: 8192/8192 (100.0%) | Unexposed-ID: 7937/7937 (100.0%)
  Position  10: Exposed-ID: 8192/8192 (100.0%) | Unexposed-ID: 7937/7937 (100.0%)
  Position  11: Exposed-ID: 8192/8192 (100.0%) | Unexposed-ID: 7937/7937 (100.0%)
  Position  12: Exposed-ID: 8192/8192 (100.0%) | Unexposed-ID: 7937/7937 (100.0%)
  Position  13: Exposed-ID: 8192/8192 (100.0%) | Unexposed-ID: 7937/7937 (100.0%)
  Position  14: Exposed-ID: 8192/8192 (100.0%) | Unexposed-ID: 7937/7937 (100.0%)
  Position  15: Exposed-ID: 8192/8192 (100.0%) | Unexposed-ID: 7937/7937 (100.0%)
  Position  16: Exposed-OOD: 8192/8192 (100.0%) | Unexposed-OOD: 7937/7937 (100.0%)
  Position  17: Exposed-OOD: 8192/8192 (100.0%) | Unexposed-OOD: 7937/7937 (100.0%)
  Position  18: Exposed-OOD: 8192/8192 (100.0%) | Unexposed-OOD: 7937/7937 (100.0%)
  Position  19: Exposed-OOD: 8192/8192 (100.0%) | Unexposed-OOD: 7937/7937 (100.0%)
  Position  20: Exposed-OOD: 8192/8192 (100.0%) | Unexposed-OOD: 7936/7937 (100.0%)
  Position  21: Exposed-OOD: 8192/8192 (100.0%) | Unexposed-OOD: 7936/7937 (100.0%)
  Position  22: Exposed-OOD: 8192/8192 (100.0%) | Unexposed-OOD: 7936/7937 (100.0%)
  Position  23: Exposed-OOD: 8192/8192 (100.0%) | Unexposed-OOD: 7936/7937 (100.0%)
  Position  24: Exposed-OOD: 8192/8192 (100.0%) | Unexposed-OOD: 7936/7937 (100.0%)
  Position  25: Exposed-OOD: 8192/8192 (100.0%) | Unexposed-OOD: 7936/7937 (100.0%)
  Position  26: Exposed-OOD: 8192/8192 (100.0%) | Unexposed-OOD: 7934/7937 (100.0%)
  Position  27: Exposed-OOD: 8189/8192 (100.0%) | Unexposed-OOD: 7929/7937 ( 99.9%)
  Position  28: Exposed-OOD: 8188/8192 (100.0%) | Unexposed-OOD: 7930/7937 ( 99.9%)
  Position  29: Exposed-OOD: 8188/8192 (100.0%) | Unexposed-OOD: 7930/7937 ( 99.9%)
  Position  30: Exposed-OOD: 8188/8192 (100.0%) | Unexposed-OOD: 7930/7937 ( 99.9%)
  Position  31: Exposed-OOD: 8188/8192 (100.0%) | Unexposed-OOD: 7930/7937 ( 99.9%)

--- Return code: 0 ---

======================================================================
Attention Analysis
======================================================================
Model config: addition, a=1, b=1, p=127
Best test accuracy: 1.0
Training epochs: 40

Random test sequence 1/5 (length 32): [63, 101, 37, 11, 48, 59, 107, 39, 19, 58, 77, 8, 85, 93, 51, 17, 68, 85, 26, 111]...

======================================================================
Attention Layer Training Result Summary
======================================================================
Input sequence: [63, 101, 37, 11, 48, 59, 107, 39, 19, 58, 77, 8, 85, 93, 51, 17, 68, 85, 26, 111, 10, 121, 4, 125, 2, 0, 2, 2, 4, 6, 10, 16]

--- Layer 0 ---
  Head 0: Entropy=1.107
    Attention coefficients from each query position to previous positions:
      i= 0 -> j=0:1.000
      i= 1 -> j=0:0.613, j=1:0.387
      i= 2 -> j=0:0.047, j=1:0.615, j=2:0.337
      i= 3 -> j=0:0.003, j=1:0.054, j=2:0.499, j=3:0.445
      i= 4 -> j=0:0.000, j=1:0.001, j=2:0.051, j=3:0.606, j=4:0.342
      i= 5 -> j=0:0.000, j=1:0.000, j=2:0.005, j=3:0.061, j=4:0.720, j=5:0.213
      i= 6 -> j=0:0.002, j=1:0.000, j=2:0.001, j=3:0.003, j=4:0.052, j=5:0.646, j=6:0.296
      i= 7 -> j=0:0.001, j=1:0.000, j=2:0.001, j=3:0.000, j=4:0.002, j=5:0.031, j=6:0.642, j=7:0.323
      i= 8 -> j=0:0.001, j=1:0.001, j=2:0.001, j=3:0.001, j=4:0.001, j=5:0.002, j=6:0.071, j=7:0.629, j=8:0.293
      i= 9 -> j=0:0.000, j=1:0.001, j=2:0.002, j=3:0.002, j=4:0.001, j=5:0.001, j=6:0.005, j=7:0.052, j=8:0.653, j=9:0.285
      i=10 -> j=0:0.000, j=1:0.000, j=2:0.001, j=3:0.004, j=4:0.001, j=5:0.000, j=6:0.001, j=7:0.002, j=8:0.060, j=9:0.562, j=10:0.369
      i=11 -> j=0:0.000, j=1:0.000, j=2:0.000, j=3:0.002, j=4:0.002, j=5:0.002, j=6:0.001, j=7:0.000, j=8:0.002, j=9:0.070, j=10:0.606, j=11:0.314
      i=12 -> j=0:0.001, j=1:0.000, j=2:0.000, j=3:0.000, j=4:0.000, j=5:0.002, j=6:0.001, j=7:0.000, j=8:0.000, j=9:0.002, j=10:0.053, j=11:0.562, j=12:0.379
      i=13 -> j=0:0.003, j=1:0.000, j=2:0.000, j=3:0.000, j=4:0.000, j=5:0.004, j=6:0.006, j=7:0.003, j=8:0.001, j=9:0.001, j=10:0.003, j=11:0.070, j=12:0.547, j=13:0.363
      i=14 -> j=0:0.002, j=1:0.002, j=2:0.001, j=3:0.000, j=4:0.000, j=5:0.000, j=6:0.000, j=7:0.002, j=8:0.002, j=9:0.001, j=10:0.000, j=11:0.003, j=12:0.055, j=13:0.703, j=14:0.229
      i=15 -> j=0:0.002, j=1:0.002, j=2:0.001, j=3:0.001, j=4:0.000, j=5:0.000, j=6:0.000, j=7:0.001, j=8:0.001, j=9:0.002, j=10:0.001, j=11:0.001, j=12:0.004, j=13:0.042, j=14:0.537, j=15:0.404
      i=16 -> j=0:0.001, j=1:0.001, j=2:0.002, j=3:0.002, j=4:0.001, j=5:0.000, j=6:0.000, j=7:0.000, j=8:0.001, j=9:0.002, j=10:0.003, j=11:0.000, j=12:0.000, j=13:0.002, j=14:0.076, j=15:0.633, j=16:0.277
      i=17 -> j=0:0.001, j=1:0.001, j=2:0.001, j=3:0.002, j=4:0.002, j=5:0.001, j=6:0.000, j=7:0.000, j=8:0.000, j=9:0.001, j=10:0.003, j=11:0.000, j=12:0.000, j=13:0.000, j=14:0.004, j=15:0.052, j=16:0.423, j=17:0.508
      i=18 -> j=0:0.007, j=1:0.006, j=2:0.001, j=3:0.001, j=4:0.004, j=5:0.002, j=6:0.001, j=7:0.000, j=8:0.000, j=9:0.001, j=10:0.003, j=11:0.003, j=12:0.001, j=13:0.000, j=14:0.000, j=15:0.002, j=16:0.041, j=17:0.643, j=18:0.283
      i=19 -> j=0:0.037, j=1:0.015, j=2:0.002, j=3:0.001, j=4:0.001, j=5:0.004, j=6:0.002, j=7:0.001, j=8:0.000, j=9:0.000, j=10:0.001, j=11:0.003, j=12:0.004, j=13:0.003, j=14:0.001, j=15:0.001, j=16:0.002, j=17:0.044, j=18:0.605, j=19:0.272
      i=20 -> j=0:0.031, j=1:0.031, j=2:0.024, j=3:0.004, j=4:0.001, j=5:0.003, j=6:0.003, j=7:0.002, j=8:0.001, j=9:0.000, j=10:0.000, j=11:0.000, j=12:0.001, j=13:0.002, j=14:0.001, j=15:0.001, j=16:0.000, j=17:0.002, j=18:0.030, j=19:0.520, j=20:0.342
      i=21 -> j=0:0.015, j=1:0.032, j=2:0.078, j=3:0.024, j=4:0.004, j=5:0.001, j=6:0.001, j=7:0.001, j=8:0.004, j=9:0.001, j=10:0.000, j=11:0.000, j=12:0.000, j=13:0.002, j=14:0.003, j=15:0.003, j=16:0.000, j=17:0.000, j=18:0.003, j=19:0.043, j=20:0.432, j=21:0.351
      i=22 -> j=0:0.003, j=1:0.005, j=2:0.095, j=3:0.067, j=4:0.019, j=5:0.002, j=6:0.001, j=7:0.001, j=8:0.003, j=9:0.002, j=10:0.001, j=11:0.000, j=12:0.000, j=13:0.000, j=14:0.004, j=15:0.008, j=16:0.001, j=17:0.000, j=18:0.000, j=19:0.002, j=20:0.031, j=21:0.458, j=22:0.298
      i=23 -> j=0:0.002, j=1:0.001, j=2:0.016, j=3:0.022, j=4:0.074, j=5:0.006, j=6:0.005, j=7:0.000, j=8:0.001, j=9:0.001, j=10:0.002, j=11:0.000, j=12:0.000, j=13:0.000, j=14:0.000, j=15:0.001, j=16:0.001, j=17:0.001, j=18:0.000, j=19:0.000, j=20:0.001, j=21:0.030, j=22:0.546, j=23:0.289
      i=24 -> j=0:0.015, j=1:0.003, j=2:0.009, j=3:0.010, j=4:0.064, j=5:0.033, j=6:0.053, j=7:0.003, j=8:0.001, j=9:0.001, j=10:0.001, j=11:0.000, j=12:0.000, j=13:0.000, j=14:0.000, j=15:0.000, j=16:0.001, j=17:0.002, j=18:0.001, j=19:0.000, j=20:0.000, j=21:0.002, j=22:0.053, j=23:0.461, j=24:0.283
      i=25 -> j=0:0.035, j=1:0.015, j=2:0.004, j=3:0.003, j=4:0.020, j=5:0.037, j=6:0.035, j=7:0.008, j=8:0.001, j=9:0.002, j=10:0.002, j=11:0.003, j=12:0.001, j=13:0.000, j=14:0.000, j=15:0.000, j=16:0.001, j=17:0.002, j=18:0.008, j=19:0.002, j=20:0.001, j=21:0.000, j=22:0.002, j=23:0.027, j=24:0.524, j=25:0.266
      i=26 -> j=0:0.036, j=1:0.036, j=2:0.016, j=3:0.002, j=4:0.001, j=5:0.003, j=6:0.031, j=7:0.026, j=8:0.007, j=9:0.002, j=10:0.000, j=11:0.000, j=12:0.001, j=13:0.000, j=14:0.000, j=15:0.000, j=16:0.000, j=17:0.000, j=18:0.000, j=19:0.001, j=20:0.001, j=21:0.000, j=22:0.000, j=23:0.001, j=24:0.009, j=25:0.728, j=26:0.099
      i=27 -> j=0:0.024, j=1:0.111, j=2:0.119, j=3:0.031, j=4:0.003, j=5:0.002, j=6:0.013, j=7:0.045, j=8:0.060, j=9:0.026, j=10:0.002, j=11:0.001, j=12:0.001, j=13:0.001, j=14:0.001, j=15:0.001, j=16:0.000, j=17:0.000, j=18:0.000, j=19:0.001, j=20:0.002, j=21:0.001, j=22:0.000, j=23:0.000, j=24:0.001, j=25:0.054, j=26:0.235, j=27:0.263
      i=28 -> j=0:0.001, j=1:0.010, j=2:0.047, j=3:0.169, j=4:0.006, j=5:0.001, j=6:0.001, j=7:0.004, j=8:0.035, j=9:0.053, j=10:0.015, j=11:0.001, j=12:0.001, j=13:0.002, j=14:0.001, j=15:0.002, j=16:0.000, j=17:0.000, j=18:0.000, j=19:0.000, j=20:0.001, j=21:0.001, j=22:0.000, j=23:0.000, j=24:0.000, j=25:0.000, j=26:0.029, j=27:0.438, j=28:0.182
      i=29 -> j=0:0.001, j=1:0.003, j=2:0.016, j=3:0.101, j=4:0.024, j=5:0.004, j=6:0.002, j=7:0.004, j=8:0.010, j=9:0.034, j=10:0.026, j=11:0.005, j=12:0.002, j=13:0.002, j=14:0.001, j=15:0.001, j=16:0.001, j=17:0.000, j=18:0.000, j=19:0.000, j=20:0.000, j=21:0.002, j=22:0.002, j=23:0.001, j=24:0.000, j=25:0.000, j=26:0.002, j=27:0.038, j=28:0.384, j=29:0.334
      i=30 -> j=0:0.004, j=1:0.003, j=2:0.005, j=3:0.021, j=4:0.019, j=5:0.028, j=6:0.012, j=7:0.008, j=8:0.007, j=9:0.012, j=10:0.025, j=11:0.011, j=12:0.015, j=13:0.005, j=14:0.001, j=15:0.001, j=16:0.004, j=17:0.003, j=18:0.001, j=19:0.000, j=20:0.000, j=21:0.000, j=22:0.001, j=23:0.001, j=24:0.001, j=25:0.001, j=26:0.000, j=27:0.001, j=28:0.038, j=29:0.415, j=30:0.357
      i=31 -> j=0:0.003, j=1:0.001, j=2:0.001, j=3:0.002, j=4:0.006, j=5:0.050, j=6:0.040, j=7:0.015, j=8:0.002, j=9:0.002, j=10:0.006, j=11:0.017, j=12:0.038, j=13:0.006, j=14:0.001, j=15:0.000, j=16:0.001, j=17:0.003, j=18:0.002, j=19:0.001, j=20:0.000, j=21:0.000, j=22:0.000, j=23:0.001, j=24:0.002, j=25:0.003, j=26:0.000, j=27:0.000, j=28:0.001, j=29:0.035, j=30:0.511, j=31:0.249
    Average attention per distance:
      d=0:0.332, d=1:0.551, d=2:0.047, d=18:0.016, d=19:0.044, d=20:0.039, d=21:0.010, d=24:0.014
      d=25:0.065, d=26:0.061, d=27:0.015


======================================================================
QK Property Verification (Raw Scores, before Softmax)
======================================================================
Recurrence order init_len=2, num test sequences=1

--- [P1] Long-distance Orthogonality Verification ---
Ideal: raw_score mean ≈ 0 and small std when d > init_len

  Layer 0, Head 0:
    d= 1 (effective): mean=  4.618, std= 0.395, n=31
    d= 2 (effective): mean=  2.110, std= 0.373, n=30
    d>2 (long-distance): mean= -1.321, std= 1.701, n=435

--- [P2] Time-homogeneous Verification ---
Ideal: CV of raw_score across positions i ≈ 0 for fixed distance d
(CV = std / |mean|, smaller = more constant)

  Layer 0, Head 0:
    d= 1: mean=  4.618, std= 0.395, CV=0.085, n=31
    d= 2: mean=  2.110, std= 0.373, CV=0.177, n=30

======================================================================
QK Property Verification Completed
======================================================================
