=== Experiment: addition_seed6 ===
Time: 2026-07-09T08:11:45.370637
Task type: addition

=== Merged Config ===
--------------------------------------------------
Network Config
--------------------------------------------------
D_MODEL                   64
N_HEAD                    1
N_LAYER                   1
MLP_RATIO                 4
DROPOUT                   0.0
USE_LEARNABLE_PE          False
--------------------------------------------------
Dataset Config
--------------------------------------------------
P                         1009
TASK                      addition
TRAIN_LEN                 16
OOD_LEN                   32
MAX_UNIQUE_RATIO          0.5
AB_PAIRS                  [[1, 1], [1, 2]]
A                         1
B                         1
NUM_MASK                  0
--------------------------------------------------
Training Config
--------------------------------------------------
OPTIMIZER                 AdamW
SCHEDULER                 CosineAnnealingLR(T_max=EPOCHS)
BATCH_SIZE                128
LR                        0.0003
WEIGHT_DECAY              1
EPOCHS                    10000
RANDOM_SEED               6
FIRST_TASK_WEIGHT         1.0
ENTROPY_PENALTY_WEIGHT    0.0
EVAL_INTERVAL             20
EARLY_STOP_ACCURACY       0.99
EARLY_STOP_NO_IMPROVE     1000
USE_GREEDY_GENERATE       True
--------------------------------------------------

--- output ---
Using device: cuda

[Dataset] Cycle traverse + sliding window: 509041 + 509040 samples, length 16, mod 1009
  - Initial state coverage: 509041/1018081 (50.0%)
Recurrence: X(k)=(1*X(k-1)+1*X(k-2)) mod 1009
--------------------------------------------------
--------------------------------------------------
[Model config] block_size: 32, train length: 16
[Number theory] X(k)=(1*X(k-1)+1*X(k-2)) mod 1009


Model parameters: 0.11M

Start training...
Epoch   0 | Train: Loss=6.9070 Acc=0.1% | Test: Acc=0.1% | Best=0.1%(@0)
  from x2: 0.00 0.00 0.00 0.00 0.00 0.00 0.00 0.00 0.00 0.00 0.00 0.00 0.00 0.00
Epoch  20 | Train: Loss=1.0341 Acc=100.0% | Test: Acc=100.0% | Best=100.0%(@20)
  from x2: 1.00 1.00 1.00 1.00 1.00 1.00 1.00 1.00 1.00 1.00 1.00 1.00 1.00 1.00
[Early stop] Epoch 20: test set reached high accuracy

==================================================
Saving model...
[OK] Model saved to: /home/cxm/ai/test0709/models/addition_seed6.pth
  File size: 459.4 KB
  Best test accuracy: 100.00%

==================================================
Final generation test (full enumeration, validate from position 2)
==================================================

--- Statistics for X(k)=(1*X(k-1)+1*X(k-2)) mod 1009 ---
Exposed    samples: 509041 | In-dist: 7126189/7126574 (100.0%) | OOD: 8143059/8144656 (100.0%)
Unexposed  samples: 509040 | In-dist: 7126272/7126560 (100.0%) | OOD: 8143021/8144640 (100.0%)

--- Per-position accuracy ---
  Position   2: Exposed-ID: 508919/509041 (100.0%) | Unexposed-ID: 508944/509040 (100.0%)
  Position   3: Exposed-ID: 509024/509041 (100.0%) | Unexposed-ID: 509030/509040 (100.0%)
  Position   4: Exposed-ID: 509022/509041 (100.0%) | Unexposed-ID: 509028/509040 (100.0%)
  Position   5: Exposed-ID: 509022/509041 (100.0%) | Unexposed-ID: 509028/509040 (100.0%)
  Position   6: Exposed-ID: 509021/509041 (100.0%) | Unexposed-ID: 509028/509040 (100.0%)
  Position   7: Exposed-ID: 509021/509041 (100.0%) | Unexposed-ID: 509027/509040 (100.0%)
  Position   8: Exposed-ID: 509021/509041 (100.0%) | Unexposed-ID: 509024/509040 (100.0%)
  Position   9: Exposed-ID: 509022/509041 (100.0%) | Unexposed-ID: 509024/509040 (100.0%)
  Position  10: Exposed-ID: 509021/509041 (100.0%) | Unexposed-ID: 509024/509040 (100.0%)
  Position  11: Exposed-ID: 509021/509041 (100.0%) | Unexposed-ID: 509023/509040 (100.0%)
  Position  12: Exposed-ID: 509021/509041 (100.0%) | Unexposed-ID: 509023/509040 (100.0%)
  Position  13: Exposed-ID: 509020/509041 (100.0%) | Unexposed-ID: 509023/509040 (100.0%)
  Position  14: Exposed-ID: 509017/509041 (100.0%) | Unexposed-ID: 509023/509040 (100.0%)
  Position  15: Exposed-ID: 509017/509041 (100.0%) | Unexposed-ID: 509023/509040 (100.0%)
  Position  16: Exposed-OOD: 509017/509041 (100.0%) | Unexposed-OOD: 509020/509040 (100.0%)
  Position  17: Exposed-OOD: 509015/509041 (100.0%) | Unexposed-OOD: 509021/509040 (100.0%)
  Position  18: Exposed-OOD: 509015/509041 (100.0%) | Unexposed-OOD: 509020/509040 (100.0%)
  Position  19: Exposed-OOD: 509012/509041 (100.0%) | Unexposed-OOD: 509018/509040 (100.0%)
  Position  20: Exposed-OOD: 509007/509041 (100.0%) | Unexposed-OOD: 509014/509040 (100.0%)
  Position  21: Exposed-OOD: 509005/509041 (100.0%) | Unexposed-OOD: 509008/509040 (100.0%)
  Position  22: Exposed-OOD: 509004/509041 (100.0%) | Unexposed-OOD: 509005/509040 (100.0%)
  Position  23: Exposed-OOD: 509004/509041 (100.0%) | Unexposed-OOD: 509004/509040 (100.0%)
  Position  24: Exposed-OOD: 509001/509041 (100.0%) | Unexposed-OOD: 509002/509040 (100.0%)
  Position  25: Exposed-OOD: 508994/509041 (100.0%) | Unexposed-OOD: 508997/509040 (100.0%)
  Position  26: Exposed-OOD: 508936/509041 (100.0%) | Unexposed-OOD: 508920/509040 (100.0%)
  Position  27: Exposed-OOD: 508828/509041 (100.0%) | Unexposed-OOD: 508817/509040 (100.0%)
  Position  28: Exposed-OOD: 508810/509041 (100.0%) | Unexposed-OOD: 508798/509040 (100.0%)
  Position  29: Exposed-OOD: 508809/509041 (100.0%) | Unexposed-OOD: 508795/509040 (100.0%)
  Position  30: Exposed-OOD: 508807/509041 (100.0%) | Unexposed-OOD: 508794/509040 (100.0%)
  Position  31: Exposed-OOD: 508795/509041 (100.0%) | Unexposed-OOD: 508788/509040 (100.0%)

--- Return code: 0 ---

======================================================================
Attention Analysis
======================================================================
Model config: addition, a=1, b=1, p=1009
Best test accuracy: 0.9999595877955142
Training epochs: 20

Random test sequence 1/5 (length 32): [960, 311, 262, 573, 835, 399, 225, 624, 849, 464, 304, 768, 63, 831, 894, 716, 601, 308, 909, 208]...

======================================================================
Attention Layer Training Result Summary
======================================================================
Input sequence: [960, 311, 262, 573, 835, 399, 225, 624, 849, 464, 304, 768, 63, 831, 894, 716, 601, 308, 909, 208, 108, 316, 424, 740, 155, 895, 41, 936, 977, 904, 872, 767]

--- Layer 0 ---
  Head 0: Entropy=0.654
    Attention coefficients from each query position to previous positions:
      i= 0 -> j=0:1.000
      i= 1 -> j=0:0.303, j=1:0.697
      i= 2 -> j=0:0.009, j=1:0.254, j=2:0.737
      i= 3 -> j=0:0.000, j=1:0.012, j=2:0.218, j=3:0.770
      i= 4 -> j=0:0.000, j=1:0.001, j=2:0.010, j=3:0.239, j=4:0.751
      i= 5 -> j=0:0.000, j=1:0.000, j=2:0.000, j=3:0.014, j=4:0.238, j=5:0.748
      i= 6 -> j=0:0.000, j=1:0.000, j=2:0.000, j=3:0.000, j=4:0.012, j=5:0.274, j=6:0.713
      i= 7 -> j=0:0.000, j=1:0.000, j=2:0.000, j=3:0.000, j=4:0.000, j=5:0.009, j=6:0.287, j=7:0.703
      i= 8 -> j=0:0.000, j=1:0.000, j=2:0.000, j=3:0.000, j=4:0.000, j=5:0.000, j=6:0.013, j=7:0.239, j=8:0.746
      i= 9 -> j=0:0.000, j=1:0.000, j=2:0.000, j=3:0.000, j=4:0.000, j=5:0.000, j=6:0.000, j=7:0.012, j=8:0.309, j=9:0.677
      i=10 -> j=0:0.000, j=1:0.000, j=2:0.000, j=3:0.000, j=4:0.000, j=5:0.000, j=6:0.000, j=7:0.000, j=8:0.010, j=9:0.242, j=10:0.747
      i=11 -> j=0:0.000, j=1:0.000, j=2:0.000, j=3:0.000, j=4:0.001, j=5:0.000, j=6:0.000, j=7:0.000, j=8:0.000, j=9:0.011, j=10:0.220, j=11:0.767
      i=12 -> j=0:0.000, j=1:0.000, j=2:0.000, j=3:0.000, j=4:0.000, j=5:0.000, j=6:0.000, j=7:0.000, j=8:0.000, j=9:0.000, j=10:0.010, j=11:0.269, j=12:0.718
      i=13 -> j=0:0.001, j=1:0.000, j=2:0.000, j=3:0.000, j=4:0.000, j=5:0.000, j=6:0.001, j=7:0.000, j=8:0.000, j=9:0.000, j=10:0.001, j=11:0.017, j=12:0.231, j=13:0.749
      i=14 -> j=0:0.000, j=1:0.001, j=2:0.000, j=3:0.000, j=4:0.000, j=5:0.000, j=6:0.000, j=7:0.000, j=8:0.000, j=9:0.000, j=10:0.000, j=11:0.001, j=12:0.012, j=13:0.214, j=14:0.770
      i=15 -> j=0:0.000, j=1:0.000, j=2:0.000, j=3:0.000, j=4:0.000, j=5:0.000, j=6:0.000, j=7:0.000, j=8:0.000, j=9:0.000, j=10:0.000, j=11:0.000, j=12:0.000, j=13:0.014, j=14:0.241, j=15:0.742
      i=16 -> j=0:0.000, j=1:0.000, j=2:0.000, j=3:0.001, j=4:0.000, j=5:0.000, j=6:0.000, j=7:0.000, j=8:0.000, j=9:0.000, j=10:0.000, j=11:0.000, j=12:0.000, j=13:0.000, j=14:0.010, j=15:0.253, j=16:0.734
      i=17 -> j=0:0.000, j=1:0.000, j=2:0.000, j=3:0.001, j=4:0.001, j=5:0.000, j=6:0.000, j=7:0.000, j=8:0.000, j=9:0.000, j=10:0.000, j=11:0.000, j=12:0.000, j=13:0.000, j=14:0.001, j=15:0.015, j=16:0.233, j=17:0.748
      i=18 -> j=0:0.001, j=1:0.000, j=2:0.000, j=3:0.000, j=4:0.000, j=5:0.001, j=6:0.000, j=7:0.000, j=8:0.000, j=9:0.000, j=10:0.000, j=11:0.000, j=12:0.000, j=13:0.000, j=14:0.000, j=15:0.000, j=16:0.012, j=17:0.259, j=18:0.725
      i=19 -> j=0:0.001, j=1:0.001, j=2:0.000, j=3:0.000, j=4:0.000, j=5:0.000, j=6:0.001, j=7:0.000, j=8:0.000, j=9:0.000, j=10:0.000, j=11:0.000, j=12:0.000, j=13:0.000, j=14:0.000, j=15:0.000, j=16:0.000, j=17:0.009, j=18:0.278, j=19:0.707
      i=20 -> j=0:0.001, j=1:0.002, j=2:0.001, j=3:0.001, j=4:0.000, j=5:0.000, j=6:0.001, j=7:0.001, j=8:0.000, j=9:0.000, j=10:0.000, j=11:0.000, j=12:0.000, j=13:0.000, j=14:0.000, j=15:0.000, j=16:0.000, j=17:0.000, j=18:0.017, j=19:0.228, j=20:0.746
      i=21 -> j=0:0.000, j=1:0.001, j=2:0.001, j=3:0.001, j=4:0.000, j=5:0.000, j=6:0.000, j=7:0.000, j=8:0.001, j=9:0.000, j=10:0.000, j=11:0.000, j=12:0.000, j=13:0.000, j=14:0.000, j=15:0.000, j=16:0.000, j=17:0.000, j=18:0.000, j=19:0.011, j=20:0.283, j=21:0.699
      i=22 -> j=0:0.000, j=1:0.000, j=2:0.001, j=3:0.002, j=4:0.001, j=5:0.000, j=6:0.000, j=7:0.000, j=8:0.000, j=9:0.001, j=10:0.000, j=11:0.000, j=12:0.000, j=13:0.000, j=14:0.000, j=15:0.001, j=16:0.000, j=17:0.000, j=18:0.000, j=19:0.000, j=20:0.011, j=21:0.276, j=22:0.704
      i=23 -> j=0:0.000, j=1:0.000, j=2:0.000, j=3:0.001, j=4:0.002, j=5:0.001, j=6:0.000, j=7:0.000, j=8:0.000, j=9:0.000, j=10:0.001, j=11:0.000, j=12:0.000, j=13:0.000, j=14:0.000, j=15:0.000, j=16:0.000, j=17:0.000, j=18:0.000, j=19:0.000, j=20:0.000, j=21:0.015, j=22:0.230, j=23:0.746
      i=24 -> j=0:0.002, j=1:0.000, j=2:0.000, j=3:0.000, j=4:0.001, j=5:0.002, j=6:0.001, j=7:0.001, j=8:0.000, j=9:0.000, j=10:0.001, j=11:0.001, j=12:0.001, j=13:0.000, j=14:0.000, j=15:0.000, j=16:0.000, j=17:0.001, j=18:0.000, j=19:0.000, j=20:0.000, j=21:0.001, j=22:0.016, j=23:0.268, j=24:0.703
      i=25 -> j=0:0.009, j=1:0.002, j=2:0.000, j=3:0.000, j=4:0.000, j=5:0.001, j=6:0.002, j=7:0.001, j=8:0.000, j=9:0.000, j=10:0.000, j=11:0.000, j=12:0.001, j=13:0.000, j=14:0.000, j=15:0.000, j=16:0.000, j=17:0.000, j=18:0.000, j=19:0.000, j=20:0.000, j=21:0.000, j=22:0.001, j=23:0.010, j=24:0.242, j=25:0.728
      i=26 -> j=0:0.004, j=1:0.005, j=2:0.002, j=3:0.000, j=4:0.000, j=5:0.000, j=6:0.001, j=7:0.002, j=8:0.001, j=9:0.000, j=10:0.000, j=11:0.000, j=12:0.000, j=13:0.001, j=14:0.000, j=15:0.000, j=16:0.000, j=17:0.000, j=18:0.000, j=19:0.000, j=20:0.000, j=21:0.000, j=22:0.000, j=23:0.000, j=24:0.013, j=25:0.208, j=26:0.760
      i=27 -> j=0:0.001, j=1:0.004, j=2:0.007, j=3:0.002, j=4:0.001, j=5:0.000, j=6:0.000, j=7:0.001, j=8:0.002, j=9:0.001, j=10:0.001, j=11:0.000, j=12:0.000, j=13:0.001, j=14:0.001, j=15:0.000, j=16:0.000, j=17:0.000, j=18:0.000, j=19:0.000, j=20:0.001, j=21:0.000, j=22:0.000, j=23:0.000, j=24:0.001, j=25:0.016, j=26:0.223, j=27:0.735
      i=28 -> j=0:0.000, j=1:0.001, j=2:0.004, j=3:0.006, j=4:0.003, j=5:0.000, j=6:0.000, j=7:0.000, j=8:0.001, j=9:0.002, j=10:0.001, j=11:0.000, j=12:0.000, j=13:0.000, j=14:0.001, j=15:0.001, j=16:0.001, j=17:0.000, j=18:0.000, j=19:0.000, j=20:0.000, j=21:0.000, j=22:0.000, j=23:0.000, j=24:0.000, j=25:0.001, j=26:0.010, j=27:0.228, j=28:0.738
      i=29 -> j=0:0.000, j=1:0.000, j=2:0.000, j=3:0.004, j=4:0.007, j=5:0.002, j=6:0.000, j=7:0.000, j=8:0.000, j=9:0.001, j=10:0.002, j=11:0.001, j=12:0.000, j=13:0.000, j=14:0.000, j=15:0.000, j=16:0.001, j=17:0.000, j=18:0.000, j=19:0.000, j=20:0.000, j=21:0.000, j=22:0.000, j=23:0.000, j=24:0.000, j=25:0.000, j=26:0.000, j=27:0.014, j=28:0.228, j=29:0.738
      i=30 -> j=0:0.000, j=1:0.000, j=2:0.000, j=3:0.001, j=4:0.004, j=5:0.006, j=6:0.002, j=7:0.000, j=8:0.000, j=9:0.000, j=10:0.001, j=11:0.002, j=12:0.001, j=13:0.000, j=14:0.000, j=15:0.000, j=16:0.000, j=17:0.001, j=18:0.000, j=19:0.000, j=20:0.000, j=21:0.000, j=22:0.000, j=23:0.000, j=24:0.000, j=25:0.000, j=26:0.000, j=27:0.001, j=28:0.015, j=29:0.209, j=30:0.756
      i=31 -> j=0:0.002, j=1:0.000, j=2:0.000, j=3:0.000, j=4:0.001, j=5:0.004, j=6:0.007, j=7:0.002, j=8:0.000, j=9:0.000, j=10:0.000, j=11:0.001, j=12:0.002, j=13:0.001, j=14:0.000, j=15:0.000, j=16:0.000, j=17:0.000, j=18:0.001, j=19:0.000, j=20:0.000, j=21:0.000, j=22:0.000, j=23:0.000, j=24:0.000, j=25:0.000, j=26:0.000, j=27:0.000, j=28:0.001, j=29:0.012, j=30:0.211, j=31:0.753
    Average attention per distance:
      d=0:0.742, d=1:0.246, d=2:0.012


======================================================================
QK Property Verification (Raw Scores, before Softmax)
======================================================================
Recurrence order init_len=2, num test sequences=1

--- [P1] Long-distance Orthogonality Verification ---
Ideal: raw_score mean ≈ 0 and small std when d > init_len

  Layer 0, Head 0:
    d= 1 (effective): mean=  5.358, std= 0.253, n=31
    d= 2 (effective): mean=  2.350, std= 0.224, n=30
    d>2 (long-distance): mean= -1.444, std= 1.002, n=435

--- [P2] Time-homogeneous Verification ---
Ideal: CV of raw_score across positions i ≈ 0 for fixed distance d
(CV = std / |mean|, smaller = more constant)

  Layer 0, Head 0:
    d= 1: mean=  5.358, std= 0.253, CV=0.047, n=31
    d= 2: mean=  2.350, std= 0.224, CV=0.096, n=30

======================================================================
QK Property Verification Completed
======================================================================
