=== Experiment: addition_seed1 ===
Time: 2026-07-09T08:11:45.366363
Task type: addition

=== Merged Config ===
--------------------------------------------------
Network Config
--------------------------------------------------
D_MODEL                   64
N_HEAD                    1
N_LAYER                   1
MLP_RATIO                 4
DROPOUT                   0.0
USE_LEARNABLE_PE          False
--------------------------------------------------
Dataset Config
--------------------------------------------------
P                         1009
TASK                      addition
TRAIN_LEN                 16
OOD_LEN                   32
MAX_UNIQUE_RATIO          0.5
AB_PAIRS                  [[1, 1], [1, 2]]
A                         1
B                         1
NUM_MASK                  0
--------------------------------------------------
Training Config
--------------------------------------------------
OPTIMIZER                 AdamW
SCHEDULER                 CosineAnnealingLR(T_max=EPOCHS)
BATCH_SIZE                128
LR                        0.0003
WEIGHT_DECAY              1
EPOCHS                    10000
RANDOM_SEED               1
FIRST_TASK_WEIGHT         1.0
ENTROPY_PENALTY_WEIGHT    0.0
EVAL_INTERVAL             20
EARLY_STOP_ACCURACY       0.99
EARLY_STOP_NO_IMPROVE     1000
USE_GREEDY_GENERATE       True
--------------------------------------------------

--- output ---
Using device: cuda

[Dataset] Cycle traverse + sliding window: 509040 + 509041 samples, length 16, mod 1009
  - Initial state coverage: 509040/1018081 (50.0%)
Recurrence: X(k)=(1*X(k-1)+1*X(k-2)) mod 1009
--------------------------------------------------
--------------------------------------------------
[Model config] block_size: 32, train length: 16
[Number theory] X(k)=(1*X(k-1)+1*X(k-2)) mod 1009


Model parameters: 0.11M

Start training...
Epoch   0 | Train: Loss=6.9069 Acc=0.1% | Test: Acc=0.1% | Best=0.1%(@0)
  from x2: 0.00 0.00 0.00 0.00 0.00 0.00 0.00 0.00 0.00 0.00 0.00 0.00 0.00 0.00
Epoch  20 | Train: Loss=0.7989 Acc=100.0% | Test: Acc=100.0% | Best=100.0%(@20)
  from x2: 1.00 1.00 1.00 1.00 1.00 1.00 1.00 1.00 1.00 1.00 1.00 1.00 1.00 1.00
[Early stop] Epoch 20: test set reached high accuracy

==================================================
Saving model...
[OK] Model saved to: /home/cxm/ai/test0709/models/addition_seed1.pth
  File size: 459.4 KB
  Best test accuracy: 100.00%

==================================================
Final generation test (full enumeration, validate from position 2)
==================================================

--- Statistics for X(k)=(1*X(k-1)+1*X(k-2)) mod 1009 ---
Exposed    samples: 509040 | In-dist: 7126560/7126560 (100.0%) | OOD: 8144640/8144640 (100.0%)
Unexposed  samples: 509041 | In-dist: 7126574/7126574 (100.0%) | OOD: 8144656/8144656 (100.0%)

--- Per-position accuracy ---
  Position   2: Exposed-ID: 509040/509040 (100.0%) | Unexposed-ID: 509041/509041 (100.0%)
  Position   3: Exposed-ID: 509040/509040 (100.0%) | Unexposed-ID: 509041/509041 (100.0%)
  Position   4: Exposed-ID: 509040/509040 (100.0%) | Unexposed-ID: 509041/509041 (100.0%)
  Position   5: Exposed-ID: 509040/509040 (100.0%) | Unexposed-ID: 509041/509041 (100.0%)
  Position   6: Exposed-ID: 509040/509040 (100.0%) | Unexposed-ID: 509041/509041 (100.0%)
  Position   7: Exposed-ID: 509040/509040 (100.0%) | Unexposed-ID: 509041/509041 (100.0%)
  Position   8: Exposed-ID: 509040/509040 (100.0%) | Unexposed-ID: 509041/509041 (100.0%)
  Position   9: Exposed-ID: 509040/509040 (100.0%) | Unexposed-ID: 509041/509041 (100.0%)
  Position  10: Exposed-ID: 509040/509040 (100.0%) | Unexposed-ID: 509041/509041 (100.0%)
  Position  11: Exposed-ID: 509040/509040 (100.0%) | Unexposed-ID: 509041/509041 (100.0%)
  Position  12: Exposed-ID: 509040/509040 (100.0%) | Unexposed-ID: 509041/509041 (100.0%)
  Position  13: Exposed-ID: 509040/509040 (100.0%) | Unexposed-ID: 509041/509041 (100.0%)
  Position  14: Exposed-ID: 509040/509040 (100.0%) | Unexposed-ID: 509041/509041 (100.0%)
  Position  15: Exposed-ID: 509040/509040 (100.0%) | Unexposed-ID: 509041/509041 (100.0%)
  Position  16: Exposed-OOD: 509040/509040 (100.0%) | Unexposed-OOD: 509041/509041 (100.0%)
  Position  17: Exposed-OOD: 509040/509040 (100.0%) | Unexposed-OOD: 509041/509041 (100.0%)
  Position  18: Exposed-OOD: 509040/509040 (100.0%) | Unexposed-OOD: 509041/509041 (100.0%)
  Position  19: Exposed-OOD: 509040/509040 (100.0%) | Unexposed-OOD: 509041/509041 (100.0%)
  Position  20: Exposed-OOD: 509040/509040 (100.0%) | Unexposed-OOD: 509041/509041 (100.0%)
  Position  21: Exposed-OOD: 509040/509040 (100.0%) | Unexposed-OOD: 509041/509041 (100.0%)
  Position  22: Exposed-OOD: 509040/509040 (100.0%) | Unexposed-OOD: 509041/509041 (100.0%)
  Position  23: Exposed-OOD: 509040/509040 (100.0%) | Unexposed-OOD: 509041/509041 (100.0%)
  Position  24: Exposed-OOD: 509040/509040 (100.0%) | Unexposed-OOD: 509041/509041 (100.0%)
  Position  25: Exposed-OOD: 509040/509040 (100.0%) | Unexposed-OOD: 509041/509041 (100.0%)
  Position  26: Exposed-OOD: 509040/509040 (100.0%) | Unexposed-OOD: 509041/509041 (100.0%)
  Position  27: Exposed-OOD: 509040/509040 (100.0%) | Unexposed-OOD: 509041/509041 (100.0%)
  Position  28: Exposed-OOD: 509040/509040 (100.0%) | Unexposed-OOD: 509041/509041 (100.0%)
  Position  29: Exposed-OOD: 509040/509040 (100.0%) | Unexposed-OOD: 509041/509041 (100.0%)
  Position  30: Exposed-OOD: 509040/509040 (100.0%) | Unexposed-OOD: 509041/509041 (100.0%)
  Position  31: Exposed-OOD: 509040/509040 (100.0%) | Unexposed-OOD: 509041/509041 (100.0%)

--- Return code: 0 ---

======================================================================
Attention Analysis
======================================================================
Model config: addition, a=1, b=1, p=1009
Best test accuracy: 1.0
Training epochs: 20

Random test sequence 1/5 (length 32): [398, 393, 791, 175, 966, 132, 89, 221, 310, 531, 841, 363, 195, 558, 753, 302, 46, 348, 394, 742]...

======================================================================
Attention Layer Training Result Summary
======================================================================
Input sequence: [398, 393, 791, 175, 966, 132, 89, 221, 310, 531, 841, 363, 195, 558, 753, 302, 46, 348, 394, 742, 127, 869, 996, 856, 843, 690, 524, 205, 729, 934, 654, 579]

--- Layer 0 ---
  Head 0: Entropy=0.480
    Attention coefficients from each query position to previous positions:
      i= 0 -> j=0:1.000
      i= 1 -> j=0:0.159, j=1:0.841
      i= 2 -> j=0:0.005, j=1:0.157, j=2:0.838
      i= 3 -> j=0:0.000, j=1:0.006, j=2:0.156, j=3:0.838
      i= 4 -> j=0:0.000, j=1:0.000, j=2:0.007, j=3:0.158, j=4:0.835
      i= 5 -> j=0:0.000, j=1:0.000, j=2:0.000, j=3:0.006, j=4:0.163, j=5:0.831
      i= 6 -> j=0:0.000, j=1:0.000, j=2:0.000, j=3:0.000, j=4:0.007, j=5:0.163, j=6:0.829
      i= 7 -> j=0:0.000, j=1:0.000, j=2:0.000, j=3:0.000, j=4:0.000, j=5:0.006, j=6:0.161, j=7:0.832
      i= 8 -> j=0:0.000, j=1:0.000, j=2:0.000, j=3:0.000, j=4:0.000, j=5:0.000, j=6:0.006, j=7:0.149, j=8:0.844
      i= 9 -> j=0:0.000, j=1:0.000, j=2:0.000, j=3:0.000, j=4:0.000, j=5:0.000, j=6:0.000, j=7:0.005, j=8:0.157, j=9:0.837
      i=10 -> j=0:0.000, j=1:0.000, j=2:0.000, j=3:0.000, j=4:0.000, j=5:0.000, j=6:0.000, j=7:0.000, j=8:0.006, j=9:0.150, j=10:0.843
      i=11 -> j=0:0.000, j=1:0.000, j=2:0.000, j=3:0.000, j=4:0.000, j=5:0.000, j=6:0.000, j=7:0.000, j=8:0.000, j=9:0.007, j=10:0.161, j=11:0.831
      i=12 -> j=0:0.000, j=1:0.000, j=2:0.000, j=3:0.000, j=4:0.000, j=5:0.000, j=6:0.000, j=7:0.000, j=8:0.000, j=9:0.000, j=10:0.006, j=11:0.156, j=12:0.838
      i=13 -> j=0:0.000, j=1:0.000, j=2:0.000, j=3:0.000, j=4:0.000, j=5:0.000, j=6:0.000, j=7:0.000, j=8:0.000, j=9:0.000, j=10:0.000, j=11:0.004, j=12:0.156, j=13:0.838
      i=14 -> j=0:0.000, j=1:0.000, j=2:0.000, j=3:0.000, j=4:0.000, j=5:0.000, j=6:0.000, j=7:0.000, j=8:0.000, j=9:0.000, j=10:0.000, j=11:0.000, j=12:0.006, j=13:0.155, j=14:0.838
      i=15 -> j=0:0.000, j=1:0.000, j=2:0.000, j=3:0.000, j=4:0.000, j=5:0.000, j=6:0.000, j=7:0.000, j=8:0.000, j=9:0.000, j=10:0.000, j=11:0.000, j=12:0.000, j=13:0.007, j=14:0.156, j=15:0.835
      i=16 -> j=0:0.000, j=1:0.000, j=2:0.000, j=3:0.000, j=4:0.000, j=5:0.000, j=6:0.000, j=7:0.000, j=8:0.000, j=9:0.000, j=10:0.000, j=11:0.000, j=12:0.000, j=13:0.000, j=14:0.005, j=15:0.160, j=16:0.834
      i=17 -> j=0:0.000, j=1:0.000, j=2:0.000, j=3:0.000, j=4:0.000, j=5:0.000, j=6:0.000, j=7:0.000, j=8:0.000, j=9:0.000, j=10:0.000, j=11:0.000, j=12:0.000, j=13:0.000, j=14:0.000, j=15:0.005, j=16:0.153, j=17:0.840
      i=18 -> j=0:0.001, j=1:0.000, j=2:0.000, j=3:0.000, j=4:0.000, j=5:0.000, j=6:0.000, j=7:0.000, j=8:0.000, j=9:0.000, j=10:0.000, j=11:0.000, j=12:0.000, j=13:0.000, j=14:0.000, j=15:0.000, j=16:0.005, j=17:0.154, j=18:0.839
      i=19 -> j=0:0.001, j=1:0.001, j=2:0.000, j=3:0.000, j=4:0.000, j=5:0.000, j=6:0.000, j=7:0.000, j=8:0.000, j=9:0.000, j=10:0.000, j=11:0.000, j=12:0.000, j=13:0.000, j=14:0.000, j=15:0.000, j=16:0.000, j=17:0.006, j=18:0.160, j=19:0.831
      i=20 -> j=0:0.000, j=1:0.001, j=2:0.000, j=3:0.000, j=4:0.000, j=5:0.000, j=6:0.000, j=7:0.000, j=8:0.000, j=9:0.000, j=10:0.000, j=11:0.000, j=12:0.000, j=13:0.000, j=14:0.000, j=15:0.000, j=16:0.000, j=17:0.000, j=18:0.005, j=19:0.149, j=20:0.843
      i=21 -> j=0:0.000, j=1:0.000, j=2:0.001, j=3:0.001, j=4:0.000, j=5:0.000, j=6:0.000, j=7:0.000, j=8:0.000, j=9:0.000, j=10:0.000, j=11:0.000, j=12:0.000, j=13:0.000, j=14:0.000, j=15:0.000, j=16:0.000, j=17:0.000, j=18:0.000, j=19:0.005, j=20:0.165, j=21:0.826
      i=22 -> j=0:0.000, j=1:0.000, j=2:0.000, j=3:0.001, j=4:0.001, j=5:0.000, j=6:0.000, j=7:0.000, j=8:0.000, j=9:0.000, j=10:0.000, j=11:0.000, j=12:0.000, j=13:0.000, j=14:0.000, j=15:0.000, j=16:0.000, j=17:0.000, j=18:0.000, j=19:0.000, j=20:0.006, j=21:0.159, j=22:0.831
      i=23 -> j=0:0.000, j=1:0.000, j=2:0.000, j=3:0.000, j=4:0.001, j=5:0.000, j=6:0.000, j=7:0.000, j=8:0.000, j=9:0.000, j=10:0.000, j=11:0.000, j=12:0.000, j=13:0.000, j=14:0.000, j=15:0.000, j=16:0.000, j=17:0.000, j=18:0.000, j=19:0.000, j=20:0.000, j=21:0.005, j=22:0.154, j=23:0.838
      i=24 -> j=0:0.001, j=1:0.000, j=2:0.000, j=3:0.000, j=4:0.000, j=5:0.001, j=6:0.001, j=7:0.000, j=8:0.000, j=9:0.000, j=10:0.000, j=11:0.000, j=12:0.000, j=13:0.000, j=14:0.000, j=15:0.000, j=16:0.000, j=17:0.000, j=18:0.000, j=19:0.000, j=20:0.000, j=21:0.000, j=22:0.007, j=23:0.155, j=24:0.833
      i=25 -> j=0:0.002, j=1:0.001, j=2:0.000, j=3:0.000, j=4:0.000, j=5:0.000, j=6:0.001, j=7:0.000, j=8:0.000, j=9:0.000, j=10:0.000, j=11:0.000, j=12:0.000, j=13:0.000, j=14:0.000, j=15:0.000, j=16:0.000, j=17:0.000, j=18:0.000, j=19:0.000, j=20:0.000, j=21:0.000, j=22:0.000, j=23:0.004, j=24:0.156, j=25:0.833
      i=26 -> j=0:0.001, j=1:0.002, j=2:0.001, j=3:0.000, j=4:0.000, j=5:0.000, j=6:0.000, j=7:0.001, j=8:0.000, j=9:0.000, j=10:0.000, j=11:0.000, j=12:0.000, j=13:0.000, j=14:0.000, j=15:0.000, j=16:0.000, j=17:0.000, j=18:0.000, j=19:0.000, j=20:0.000, j=21:0.000, j=22:0.000, j=23:0.000, j=24:0.005, j=25:0.152, j=26:0.835
      i=27 -> j=0:0.000, j=1:0.002, j=2:0.003, j=3:0.001, j=4:0.000, j=5:0.000, j=6:0.000, j=7:0.000, j=8:0.001, j=9:0.001, j=10:0.000, j=11:0.000, j=12:0.000, j=13:0.000, j=14:0.000, j=15:0.000, j=16:0.000, j=17:0.000, j=18:0.000, j=19:0.000, j=20:0.000, j=21:0.000, j=22:0.000, j=23:0.000, j=24:0.000, j=25:0.006, j=26:0.164, j=27:0.820
      i=28 -> j=0:0.000, j=1:0.000, j=2:0.001, j=3:0.003, j=4:0.001, j=5:0.000, j=6:0.000, j=7:0.000, j=8:0.000, j=9:0.001, j=10:0.001, j=11:0.000, j=12:0.000, j=13:0.000, j=14:0.000, j=15:0.000, j=16:0.000, j=17:0.000, j=18:0.000, j=19:0.000, j=20:0.000, j=21:0.000, j=22:0.000, j=23:0.000, j=24:0.000, j=25:0.000, j=26:0.006, j=27:0.149, j=28:0.835
      i=29 -> j=0:0.000, j=1:0.000, j=2:0.000, j=3:0.002, j=4:0.003, j=5:0.001, j=6:0.000, j=7:0.000, j=8:0.000, j=9:0.000, j=10:0.001, j=11:0.001, j=12:0.000, j=13:0.000, j=14:0.000, j=15:0.000, j=16:0.000, j=17:0.000, j=18:0.000, j=19:0.000, j=20:0.000, j=21:0.000, j=22:0.000, j=23:0.000, j=24:0.000, j=25:0.000, j=26:0.000, j=27:0.007, j=28:0.162, j=29:0.821
      i=30 -> j=0:0.000, j=1:0.000, j=2:0.000, j=3:0.000, j=4:0.001, j=5:0.003, j=6:0.001, j=7:0.000, j=8:0.000, j=9:0.000, j=10:0.000, j=11:0.001, j=12:0.001, j=13:0.000, j=14:0.000, j=15:0.000, j=16:0.000, j=17:0.000, j=18:0.000, j=19:0.000, j=20:0.000, j=21:0.000, j=22:0.000, j=23:0.000, j=24:0.000, j=25:0.000, j=26:0.000, j=27:0.000, j=28:0.006, j=29:0.154, j=30:0.831
      i=31 -> j=0:0.002, j=1:0.000, j=2:0.000, j=3:0.000, j=4:0.000, j=5:0.002, j=6:0.003, j=7:0.001, j=8:0.000, j=9:0.000, j=10:0.000, j=11:0.000, j=12:0.001, j=13:0.001, j=14:0.000, j=15:0.000, j=16:0.000, j=17:0.000, j=18:0.000, j=19:0.000, j=20:0.000, j=21:0.000, j=22:0.000, j=23:0.000, j=24:0.000, j=25:0.000, j=26:0.000, j=27:0.000, j=28:0.000, j=29:0.006, j=30:0.162, j=31:0.820
    Average attention per distance:
      d=0:0.839, d=1:0.157


======================================================================
QK Property Verification (Raw Scores, before Softmax)
======================================================================
Recurrence order init_len=2, num test sequences=1

--- [P1] Long-distance Orthogonality Verification ---
Ideal: raw_score mean ≈ 0 and small std when d > init_len

  Layer 0, Head 0:
    d= 1 (effective): mean=  5.039, std= 0.099, n=31
    d= 2 (effective): mean=  1.729, std= 0.090, n=30
    d>2 (long-distance): mean= -2.024, std= 0.928, n=435

--- [P2] Time-homogeneous Verification ---
Ideal: CV of raw_score across positions i ≈ 0 for fixed distance d
(CV = std / |mean|, smaller = more constant)

  Layer 0, Head 0:
    d= 1: mean=  5.039, std= 0.099, CV=0.020, n=31
    d= 2: mean=  1.729, std= 0.090, CV=0.052, n=30

======================================================================
QK Property Verification Completed
======================================================================
