=== Experiment: addition_seed5 ===
Time: 2026-07-09T08:11:45.368971
Task type: addition

=== Merged Config ===
--------------------------------------------------
Network Config
--------------------------------------------------
D_MODEL                   64
N_HEAD                    1
N_LAYER                   1
MLP_RATIO                 4
DROPOUT                   0.0
USE_LEARNABLE_PE          False
--------------------------------------------------
Dataset Config
--------------------------------------------------
P                         1009
TASK                      addition
TRAIN_LEN                 16
OOD_LEN                   32
MAX_UNIQUE_RATIO          0.5
AB_PAIRS                  [[1, 1], [1, 2]]
A                         1
B                         1
NUM_MASK                  0
--------------------------------------------------
Training Config
--------------------------------------------------
OPTIMIZER                 AdamW
SCHEDULER                 CosineAnnealingLR(T_max=EPOCHS)
BATCH_SIZE                128
LR                        0.0003
WEIGHT_DECAY              1
EPOCHS                    10000
RANDOM_SEED               5
FIRST_TASK_WEIGHT         1.0
ENTROPY_PENALTY_WEIGHT    0.0
EVAL_INTERVAL             20
EARLY_STOP_ACCURACY       0.99
EARLY_STOP_NO_IMPROVE     1000
USE_GREEDY_GENERATE       True
--------------------------------------------------

--- output ---
Using device: cuda

[Dataset] Cycle traverse + sliding window: 509040 + 509041 samples, length 16, mod 1009
  - Initial state coverage: 509040/1018081 (50.0%)
Recurrence: X(k)=(1*X(k-1)+1*X(k-2)) mod 1009
--------------------------------------------------
--------------------------------------------------
[Model config] block_size: 32, train length: 16
[Number theory] X(k)=(1*X(k-1)+1*X(k-2)) mod 1009


Model parameters: 0.11M

Start training...
Epoch   0 | Train: Loss=6.9071 Acc=0.1% | Test: Acc=0.1% | Best=0.1%(@0)
  from x2: 0.00 0.00 0.00 0.00 0.00 0.00 0.00 0.00 0.00 0.00 0.00 0.00 0.00 0.00
Epoch  20 | Train: Loss=3.0032 Acc=30.3% | Test: Acc=30.8% | Best=30.8%(@20)
  from x2: 0.26 0.31 0.31 0.31 0.31 0.31 0.31 0.31 0.31 0.31 0.31 0.31 0.31 0.31
Epoch  40 | Train: Loss=0.0312 Acc=100.0% | Test: Acc=100.0% | Best=100.0%(@40)
  from x2: 1.00 1.00 1.00 1.00 1.00 1.00 1.00 1.00 1.00 1.00 1.00 1.00 1.00 1.00
[Early stop] Epoch 40: test set reached high accuracy

==================================================
Saving model...
[OK] Model saved to: /home/cxm/ai/test0709/models/addition_seed5.pth
  File size: 459.4 KB
  Best test accuracy: 100.00%

==================================================
Final generation test (full enumeration, validate from position 2)
==================================================

--- Statistics for X(k)=(1*X(k-1)+1*X(k-2)) mod 1009 ---
Exposed    samples: 509040 | In-dist: 7126560/7126560 (100.0%) | OOD: 8144640/8144640 (100.0%)
Unexposed  samples: 509041 | In-dist: 7126574/7126574 (100.0%) | OOD: 8144656/8144656 (100.0%)

--- Per-position accuracy ---
  Position   2: Exposed-ID: 509040/509040 (100.0%) | Unexposed-ID: 509041/509041 (100.0%)
  Position   3: Exposed-ID: 509040/509040 (100.0%) | Unexposed-ID: 509041/509041 (100.0%)
  Position   4: Exposed-ID: 509040/509040 (100.0%) | Unexposed-ID: 509041/509041 (100.0%)
  Position   5: Exposed-ID: 509040/509040 (100.0%) | Unexposed-ID: 509041/509041 (100.0%)
  Position   6: Exposed-ID: 509040/509040 (100.0%) | Unexposed-ID: 509041/509041 (100.0%)
  Position   7: Exposed-ID: 509040/509040 (100.0%) | Unexposed-ID: 509041/509041 (100.0%)
  Position   8: Exposed-ID: 509040/509040 (100.0%) | Unexposed-ID: 509041/509041 (100.0%)
  Position   9: Exposed-ID: 509040/509040 (100.0%) | Unexposed-ID: 509041/509041 (100.0%)
  Position  10: Exposed-ID: 509040/509040 (100.0%) | Unexposed-ID: 509041/509041 (100.0%)
  Position  11: Exposed-ID: 509040/509040 (100.0%) | Unexposed-ID: 509041/509041 (100.0%)
  Position  12: Exposed-ID: 509040/509040 (100.0%) | Unexposed-ID: 509041/509041 (100.0%)
  Position  13: Exposed-ID: 509040/509040 (100.0%) | Unexposed-ID: 509041/509041 (100.0%)
  Position  14: Exposed-ID: 509040/509040 (100.0%) | Unexposed-ID: 509041/509041 (100.0%)
  Position  15: Exposed-ID: 509040/509040 (100.0%) | Unexposed-ID: 509041/509041 (100.0%)
  Position  16: Exposed-OOD: 509040/509040 (100.0%) | Unexposed-OOD: 509041/509041 (100.0%)
  Position  17: Exposed-OOD: 509040/509040 (100.0%) | Unexposed-OOD: 509041/509041 (100.0%)
  Position  18: Exposed-OOD: 509040/509040 (100.0%) | Unexposed-OOD: 509041/509041 (100.0%)
  Position  19: Exposed-OOD: 509040/509040 (100.0%) | Unexposed-OOD: 509041/509041 (100.0%)
  Position  20: Exposed-OOD: 509040/509040 (100.0%) | Unexposed-OOD: 509041/509041 (100.0%)
  Position  21: Exposed-OOD: 509040/509040 (100.0%) | Unexposed-OOD: 509041/509041 (100.0%)
  Position  22: Exposed-OOD: 509040/509040 (100.0%) | Unexposed-OOD: 509041/509041 (100.0%)
  Position  23: Exposed-OOD: 509040/509040 (100.0%) | Unexposed-OOD: 509041/509041 (100.0%)
  Position  24: Exposed-OOD: 509040/509040 (100.0%) | Unexposed-OOD: 509041/509041 (100.0%)
  Position  25: Exposed-OOD: 509040/509040 (100.0%) | Unexposed-OOD: 509041/509041 (100.0%)
  Position  26: Exposed-OOD: 509040/509040 (100.0%) | Unexposed-OOD: 509041/509041 (100.0%)
  Position  27: Exposed-OOD: 509040/509040 (100.0%) | Unexposed-OOD: 509041/509041 (100.0%)
  Position  28: Exposed-OOD: 509040/509040 (100.0%) | Unexposed-OOD: 509041/509041 (100.0%)
  Position  29: Exposed-OOD: 509040/509040 (100.0%) | Unexposed-OOD: 509041/509041 (100.0%)
  Position  30: Exposed-OOD: 509040/509040 (100.0%) | Unexposed-OOD: 509041/509041 (100.0%)
  Position  31: Exposed-OOD: 509040/509040 (100.0%) | Unexposed-OOD: 509041/509041 (100.0%)

--- Return code: 0 ---

======================================================================
Attention Analysis
======================================================================
Model config: addition, a=1, b=1, p=1009
Best test accuracy: 1.0
Training epochs: 40

Random test sequence 1/5 (length 32): [498, 653, 142, 795, 937, 723, 651, 365, 7, 372, 379, 751, 121, 872, 993, 856, 840, 687, 518, 196]...

======================================================================
Attention Layer Training Result Summary
======================================================================
Input sequence: [498, 653, 142, 795, 937, 723, 651, 365, 7, 372, 379, 751, 121, 872, 993, 856, 840, 687, 518, 196, 714, 910, 615, 516, 122, 638, 760, 389, 140, 529, 669, 189]

--- Layer 0 ---
  Head 0: Entropy=0.375
    Attention coefficients from each query position to previous positions:
      i= 0 -> j=0:1.000
      i= 1 -> j=0:0.109, j=1:0.891
      i= 2 -> j=0:0.005, j=1:0.119, j=2:0.876
      i= 3 -> j=0:0.000, j=1:0.004, j=2:0.113, j=3:0.883
      i= 4 -> j=0:0.000, j=1:0.000, j=2:0.005, j=3:0.116, j=4:0.879
      i= 5 -> j=0:0.000, j=1:0.000, j=2:0.000, j=3:0.004, j=4:0.103, j=5:0.893
      i= 6 -> j=0:0.000, j=1:0.000, j=2:0.000, j=3:0.000, j=4:0.004, j=5:0.110, j=6:0.885
      i= 7 -> j=0:0.000, j=1:0.000, j=2:0.000, j=3:0.000, j=4:0.000, j=5:0.004, j=6:0.108, j=7:0.888
      i= 8 -> j=0:0.000, j=1:0.000, j=2:0.000, j=3:0.000, j=4:0.000, j=5:0.000, j=6:0.004, j=7:0.114, j=8:0.881
      i= 9 -> j=0:0.000, j=1:0.000, j=2:0.000, j=3:0.000, j=4:0.000, j=5:0.000, j=6:0.000, j=7:0.004, j=8:0.109, j=9:0.887
      i=10 -> j=0:0.000, j=1:0.000, j=2:0.000, j=3:0.000, j=4:0.000, j=5:0.000, j=6:0.000, j=7:0.000, j=8:0.004, j=9:0.111, j=10:0.885
      i=11 -> j=0:0.000, j=1:0.000, j=2:0.000, j=3:0.000, j=4:0.000, j=5:0.000, j=6:0.000, j=7:0.000, j=8:0.000, j=9:0.004, j=10:0.116, j=11:0.880
      i=12 -> j=0:0.000, j=1:0.000, j=2:0.000, j=3:0.000, j=4:0.000, j=5:0.000, j=6:0.000, j=7:0.000, j=8:0.000, j=9:0.000, j=10:0.004, j=11:0.109, j=12:0.887
      i=13 -> j=0:0.000, j=1:0.000, j=2:0.000, j=3:0.000, j=4:0.000, j=5:0.000, j=6:0.000, j=7:0.000, j=8:0.000, j=9:0.000, j=10:0.000, j=11:0.004, j=12:0.110, j=13:0.885
      i=14 -> j=0:0.000, j=1:0.000, j=2:0.000, j=3:0.000, j=4:0.000, j=5:0.000, j=6:0.000, j=7:0.000, j=8:0.000, j=9:0.000, j=10:0.000, j=11:0.000, j=12:0.004, j=13:0.109, j=14:0.887
      i=15 -> j=0:0.000, j=1:0.000, j=2:0.000, j=3:0.000, j=4:0.000, j=5:0.000, j=6:0.000, j=7:0.000, j=8:0.000, j=9:0.000, j=10:0.000, j=11:0.000, j=12:0.000, j=13:0.004, j=14:0.111, j=15:0.884
      i=16 -> j=0:0.000, j=1:0.000, j=2:0.000, j=3:0.000, j=4:0.000, j=5:0.000, j=6:0.000, j=7:0.000, j=8:0.000, j=9:0.000, j=10:0.000, j=11:0.000, j=12:0.000, j=13:0.000, j=14:0.004, j=15:0.113, j=16:0.881
      i=17 -> j=0:0.000, j=1:0.000, j=2:0.000, j=3:0.000, j=4:0.000, j=5:0.000, j=6:0.000, j=7:0.000, j=8:0.000, j=9:0.000, j=10:0.000, j=11:0.000, j=12:0.000, j=13:0.000, j=14:0.000, j=15:0.004, j=16:0.108, j=17:0.887
      i=18 -> j=0:0.000, j=1:0.000, j=2:0.000, j=3:0.000, j=4:0.000, j=5:0.000, j=6:0.000, j=7:0.000, j=8:0.000, j=9:0.000, j=10:0.000, j=11:0.000, j=12:0.000, j=13:0.000, j=14:0.000, j=15:0.000, j=16:0.004, j=17:0.108, j=18:0.887
      i=19 -> j=0:0.000, j=1:0.000, j=2:0.000, j=3:0.000, j=4:0.000, j=5:0.000, j=6:0.000, j=7:0.000, j=8:0.000, j=9:0.000, j=10:0.000, j=11:0.000, j=12:0.000, j=13:0.000, j=14:0.000, j=15:0.000, j=16:0.000, j=17:0.004, j=18:0.106, j=19:0.889
      i=20 -> j=0:0.000, j=1:0.000, j=2:0.000, j=3:0.000, j=4:0.000, j=5:0.000, j=6:0.000, j=7:0.000, j=8:0.000, j=9:0.000, j=10:0.000, j=11:0.000, j=12:0.000, j=13:0.000, j=14:0.000, j=15:0.000, j=16:0.000, j=17:0.000, j=18:0.004, j=19:0.106, j=20:0.888
      i=21 -> j=0:0.000, j=1:0.000, j=2:0.000, j=3:0.000, j=4:0.000, j=5:0.000, j=6:0.000, j=7:0.000, j=8:0.000, j=9:0.000, j=10:0.000, j=11:0.000, j=12:0.000, j=13:0.000, j=14:0.000, j=15:0.000, j=16:0.000, j=17:0.000, j=18:0.000, j=19:0.004, j=20:0.114, j=21:0.880
      i=22 -> j=0:0.000, j=1:0.000, j=2:0.000, j=3:0.000, j=4:0.000, j=5:0.000, j=6:0.000, j=7:0.000, j=8:0.000, j=9:0.000, j=10:0.000, j=11:0.000, j=12:0.000, j=13:0.000, j=14:0.000, j=15:0.000, j=16:0.000, j=17:0.000, j=18:0.000, j=19:0.000, j=20:0.004, j=21:0.113, j=22:0.881
      i=23 -> j=0:0.000, j=1:0.000, j=2:0.000, j=3:0.000, j=4:0.000, j=5:0.000, j=6:0.000, j=7:0.000, j=8:0.000, j=9:0.000, j=10:0.000, j=11:0.000, j=12:0.000, j=13:0.000, j=14:0.000, j=15:0.000, j=16:0.000, j=17:0.000, j=18:0.000, j=19:0.000, j=20:0.000, j=21:0.004, j=22:0.109, j=23:0.885
      i=24 -> j=0:0.001, j=1:0.000, j=2:0.000, j=3:0.000, j=4:0.000, j=5:0.000, j=6:0.000, j=7:0.000, j=8:0.000, j=9:0.000, j=10:0.000, j=11:0.000, j=12:0.000, j=13:0.000, j=14:0.000, j=15:0.000, j=16:0.000, j=17:0.000, j=18:0.000, j=19:0.000, j=20:0.000, j=21:0.000, j=22:0.005, j=23:0.115, j=24:0.878
      i=25 -> j=0:0.001, j=1:0.000, j=2:0.000, j=3:0.000, j=4:0.000, j=5:0.000, j=6:0.000, j=7:0.000, j=8:0.000, j=9:0.000, j=10:0.000, j=11:0.000, j=12:0.000, j=13:0.000, j=14:0.000, j=15:0.000, j=16:0.000, j=17:0.000, j=18:0.000, j=19:0.000, j=20:0.000, j=21:0.000, j=22:0.000, j=23:0.004, j=24:0.105, j=25:0.889
      i=26 -> j=0:0.000, j=1:0.001, j=2:0.001, j=3:0.000, j=4:0.000, j=5:0.000, j=6:0.000, j=7:0.000, j=8:0.000, j=9:0.000, j=10:0.000, j=11:0.000, j=12:0.000, j=13:0.000, j=14:0.000, j=15:0.000, j=16:0.000, j=17:0.000, j=18:0.000, j=19:0.000, j=20:0.000, j=21:0.000, j=22:0.000, j=23:0.000, j=24:0.004, j=25:0.115, j=26:0.876
      i=27 -> j=0:0.000, j=1:0.000, j=2:0.001, j=3:0.000, j=4:0.000, j=5:0.000, j=6:0.000, j=7:0.000, j=8:0.000, j=9:0.000, j=10:0.000, j=11:0.000, j=12:0.000, j=13:0.000, j=14:0.000, j=15:0.000, j=16:0.000, j=17:0.000, j=18:0.000, j=19:0.000, j=20:0.000, j=21:0.000, j=22:0.000, j=23:0.000, j=24:0.000, j=25:0.004, j=26:0.110, j=27:0.883
      i=28 -> j=0:0.000, j=1:0.000, j=2:0.000, j=3:0.001, j=4:0.000, j=5:0.000, j=6:0.000, j=7:0.000, j=8:0.000, j=9:0.000, j=10:0.000, j=11:0.000, j=12:0.000, j=13:0.000, j=14:0.000, j=15:0.000, j=16:0.000, j=17:0.000, j=18:0.000, j=19:0.000, j=20:0.000, j=21:0.000, j=22:0.000, j=23:0.000, j=24:0.000, j=25:0.000, j=26:0.004, j=27:0.104, j=28:0.888
      i=29 -> j=0:0.000, j=1:0.000, j=2:0.000, j=3:0.000, j=4:0.001, j=5:0.000, j=6:0.000, j=7:0.000, j=8:0.000, j=9:0.000, j=10:0.000, j=11:0.000, j=12:0.000, j=13:0.000, j=14:0.000, j=15:0.000, j=16:0.000, j=17:0.000, j=18:0.000, j=19:0.000, j=20:0.000, j=21:0.000, j=22:0.000, j=23:0.000, j=24:0.000, j=25:0.000, j=26:0.000, j=27:0.004, j=28:0.110, j=29:0.883
      i=30 -> j=0:0.000, j=1:0.000, j=2:0.000, j=3:0.000, j=4:0.000, j=5:0.001, j=6:0.000, j=7:0.000, j=8:0.000, j=9:0.000, j=10:0.000, j=11:0.000, j=12:0.000, j=13:0.000, j=14:0.000, j=15:0.000, j=16:0.000, j=17:0.000, j=18:0.000, j=19:0.000, j=20:0.000, j=21:0.000, j=22:0.000, j=23:0.000, j=24:0.000, j=25:0.000, j=26:0.000, j=27:0.000, j=28:0.004, j=29:0.111, j=30:0.881
      i=31 -> j=0:0.001, j=1:0.000, j=2:0.000, j=3:0.000, j=4:0.000, j=5:0.000, j=6:0.001, j=7:0.000, j=8:0.000, j=9:0.000, j=10:0.000, j=11:0.000, j=12:0.000, j=13:0.000, j=14:0.000, j=15:0.000, j=16:0.000, j=17:0.000, j=18:0.000, j=19:0.000, j=20:0.000, j=21:0.000, j=22:0.000, j=23:0.000, j=24:0.000, j=25:0.000, j=26:0.000, j=27:0.000, j=28:0.000, j=29:0.004, j=30:0.110, j=31:0.882
    Average attention per distance:
      d=0:0.888, d=1:0.110


======================================================================
QK Property Verification (Raw Scores, before Softmax)
======================================================================
Recurrence order init_len=2, num test sequences=1

--- [P1] Long-distance Orthogonality Verification ---
Ideal: raw_score mean ≈ 0 and small std when d > init_len

  Layer 0, Head 0:
    d= 1 (effective): mean=  4.458, std= 0.115, n=31
    d= 2 (effective): mean=  1.118, std= 0.098, n=30
    d>2 (long-distance): mean= -2.801, std= 0.745, n=435

--- [P2] Time-homogeneous Verification ---
Ideal: CV of raw_score across positions i ≈ 0 for fixed distance d
(CV = std / |mean|, smaller = more constant)

  Layer 0, Head 0:
    d= 1: mean=  4.458, std= 0.115, CV=0.026, n=31
    d= 2: mean=  1.118, std= 0.098, CV=0.088, n=30

======================================================================
QK Property Verification Completed
======================================================================
